07-14 15:40:09.713 D/mdm_log (14510): [null:-1]->has installed by.game.binumbers
07-14 15:40:09.713 D/mdm_log (14510): [null:-1]->has installed hjhk.hjhkPkg
07-14 15:40:09.885 D/webviewglue(19168): nativeDestroy view: 0x5bc88290
07-14 15:40:09.885 D/webviewglue(19168): nativeDestroy view: 0x5b6c1580
07-14 15:40:10.026 D/dalvikvm(19168): GC_EXPLICIT freed 11526K, 39% free 18285K/29928K, paused 4ms+15ms, total 154ms
07-14 15:40:11.049 D/mdm_market(14510): [null:-1]->appinfo : AppInfo{appName='note', pkgName='hjhk.hjhkPkg', appVersionCode=2, appVersionName='2.1', appIcon='/base_service/v1/download/icon/5a12b31bb051f819096f2f42dbb44aed2e73e774.jpg', appImages='', appSize='93593', appTag='', appUUID='8a80888e4732aed50147331104d4044d', downloadStatus='4', readStatus='0', type='51106', url='http://gdown.baidu.com/data/wisegame/c4ee7a301a454dc0/note.apk', description='', instantInstall='', time='1405322253472', enforceAppPolicy=''}
07-14 15:40:11.049 I/ActivityManager(  374): START u0 {act=android.intent.action.VIEW dat=market://search?q=pname:hjhk.hjhkPkg cmp=android/com.android.internal.app.ResolverActivity} from pid 14510
07-14 15:40:11.198 D/dalvikvm(  374): GC_FOR_ALLOC freed 1502K, 23% free 22721K/29200K, paused 97ms, total 97ms
07-14 15:40:11.299 D/dalvikvm(  374): GC_FOR_ALLOC freed 1958K, 28% free 21135K/29200K, paused 96ms, total 96ms
07-14 15:40:11.307 D/MdmApplication(14510): [null:-1]->onActivityPaused market.activity.AppListActivity , mActivityCount = 7
07-14 15:40:11.307 D/MDM :   (14510): [null:-1]->query
07-14 15:40:11.307 D/MDM :   (14510): [null:-1]->QUERY_PINCODE_CHECK_RESULT
07-14 15:40:11.307 E/Mdm     (14510): Call Mdm service's setLastExitTime function
07-14 15:40:11.377 D/dalvikvm(19290): GC_CONCURRENT freed 79K, 2% free 9243K/9360K, paused 5ms+4ms, total 30ms
07-14 15:40:11.533 D/dalvikvm(  874): GC_CONCURRENT freed 427K, 17% free 9656K/11548K, paused 7ms+3ms, total 63ms
07-14 15:40:11.549 I/ActivityManager(  374): Start proc net.nurik.roman.dashclock for service net.nurik.roman.dashclock/com.google.android.apps.dashclock.DashClockService: pid=19454 uid=10070 gids={50070, 3003, 1028}
07-14 15:40:11.627 I/ActivityManager(  374): Displayed android/com.android.internal.app.ResolverActivity: +302ms
07-14 15:40:11.776 D/dalvikvm(19454): GC_CONCURRENT freed 148K, 2% free 9210K/9396K, paused 7ms+3ms, total 48ms
07-14 15:40:11.823 W/dashclock_WeatherExten(19454): Stale or missing last-known location; requesting single coarse location update.
07-14 15:40:11.846 W/BackupManagerService(  374): dataChanged but no participant pkg='com.android.providers.settings' uid=10079
07-14 15:40:11.948 W/BackupManagerService(  374): dataChanged but no participant pkg='com.android.providers.settings' uid=10079
07-14 15:40:12.158 D/dalvikvm(  874): GC_CONCURRENT freed 460K, 17% free 9660K/11548K, paused 6ms+4ms, total 43ms
07-14 15:40:12.182 W/BackupManagerService(  374): dataChanged but no participant pkg='com.android.providers.settings' uid=10079
07-14 15:40:13.276 I/ActivityManager(  374): START u0 {act=android.intent.action.VIEW dat=market://search?q=pname:hjhk.hjhkPkg flg=0x3000000 cmp=com.qihoo.appstore/.activities.SearchDistributionActivity} from pid 19290
07-14 15:40:13.338 D/dalvikvm(  563): GC_CONCURRENT freed 634K, 7% free 10252K/10992K, paused 3ms+4ms, total 74ms
07-14 15:40:13.432 D/dalvikvm(  374): GC_FOR_ALLOC freed 558K, 27% free 21501K/29200K, paused 98ms, total 99ms
07-14 15:40:13.526 D/dalvikvm(  374): GC_FOR_ALLOC freed 756K, 28% free 21119K/29200K, paused 91ms, total 91ms
07-14 15:40:13.580 I/ActivityManager(  374): START u0 {cmp=com.qihoo.appstore/.activities.MainActivity (has extras)} from pid 19168
07-14 15:40:13.612 D/MdmApplication(14510): [null:-1]->onActivityStarted market.activity.AppListActivity , mActivityCount = 6
07-14 15:40:13.612 D/MDM :   (14510): [null:-1]->query
07-14 15:40:13.612 D/MDM :   (14510): [null:-1]->QUERY_PINCODE_CHECK_RESULT
07-14 15:40:13.752 D/dalvikvm(16938): GC_CONCURRENT freed 415K, 22% free 9532K/12148K, paused 4ms+5ms, total 37ms
07-14 15:40:14.010 D/dalvikvm(19168): GC_FOR_ALLOC freed 1004K, 33% free 20131K/29928K, paused 71ms, total 72ms
07-14 15:40:14.229 V/PhoneStatusBar(  450): setLightsOn(true)
07-14 15:40:14.862 W/System.err(19168): org.json.JSONException: Value [] at data of type org.json.JSONArray cannot be converted to JSONObject
07-14 15:40:14.862 W/System.err(19168): 	at org.json.JSON.typeMismatch(JSON.java:100)
07-14 15:40:14.862 W/System.err(19168): 	at org.json.JSONObject.getJSONObject(JSONObject.java:577)
07-14 15:40:14.862 W/System.err(19168): 	at com.qihoo.appstore.comment.c.a(Unknown Source)
07-14 15:40:14.862 W/System.err(19168): 	at com.qihoo.appstore.comment.e.a(Unknown Source)
07-14 15:40:14.862 W/System.err(19168): 	at com.qihoo.appstore.comment.e.a(Unknown Source)
07-14 15:40:14.862 W/System.err(19168): 	at com.qihoo.appstore.newAppInfo.bc.a(Unknown Source)
07-14 15:40:14.869 W/System.err(19168): 	at com.qihoo.appstore.q.r.a(Unknown Source)
07-14 15:40:14.869 W/System.err(19168): 	at com.qihoo.appstore.q.r.a(Unknown Source)
07-14 15:40:14.869 W/System.err(19168): 	at com.qihoo.appstore.c.g.call(Unknown Source)
07-14 15:40:14.869 W/System.err(19168): 	at java.util.concurrent.FutureTask.run(FutureTask.java:234)
07-14 15:40:14.869 W/System.err(19168): 	at java.util.concurrent.ThreadPoolExecutor.runWorker(ThreadPoolExecutor.java:1080)
07-14 15:40:14.869 W/System.err(19168): 	at java.util.concurrent.ThreadPoolExecutor$Worker.run(ThreadPoolExecutor.java:573)
07-14 15:40:14.869 W/System.err(19168): 	at java.lang.Thread.run(Thread.java:841)
07-14 15:40:15.377 I/ActivityManager(  374): Displayed com.qihoo.appstore/.activities.MainActivity: +1s791ms (total +1s840ms)
07-14 15:40:15.596 D/dalvikvm(19454): GC_CONCURRENT freed 478K, 6% free 9239K/9760K, paused 6ms+2ms, total 36ms
07-14 15:40:15.596 D/dalvikvm(19454): WAIT_FOR_CONCURRENT_GC blocked 13ms
07-14 15:40:15.627 W/System.err(19168): org.json.JSONException: Value [] at data of type org.json.JSONArray cannot be converted to JSONObject
07-14 15:40:15.627 W/System.err(19168): 	at org.json.JSON.typeMismatch(JSON.java:100)
07-14 15:40:15.627 W/System.err(19168): 	at org.json.JSONObject.getJSONObject(JSONObject.java:577)
07-14 15:40:15.627 W/System.err(19168): 	at com.qihoo.appstore.comment.c.a(Unknown Source)
07-14 15:40:15.627 W/System.err(19168): 	at com.qihoo.appstore.comment.e.a(Unknown Source)
07-14 15:40:15.627 W/System.err(19168): 	at com.qihoo.appstore.comment.e.a(Unknown Source)
07-14 15:40:15.627 W/System.err(19168): 	at com.qihoo.appstore.newAppInfo.bc.a(Unknown Source)
07-14 15:40:15.627 W/System.err(19168): 	at com.qihoo.appstore.q.r.a(Unknown Source)
07-14 15:40:15.627 W/System.err(19168): 	at com.qihoo.appstore.q.r.a(Unknown Source)
07-14 15:40:15.627 W/System.err(19168): 	at com.qihoo.appstore.c.g.call(Unknown Source)
07-14 15:40:15.627 W/System.err(19168): 	at java.util.concurrent.FutureTask.run(FutureTask.java:234)
07-14 15:40:15.627 W/System.err(19168): 	at java.util.concurrent.ThreadPoolExecutor.runWorker(ThreadPoolExecutor.java:1080)
07-14 15:40:15.627 W/System.err(19168): 	at java.util.concurrent.ThreadPoolExecutor$Worker.run(ThreadPoolExecutor.java:573)
07-14 15:40:15.627 W/System.err(19168): 	at java.lang.Thread.run(Thread.java:841)
07-14 15:40:17.768 D/AndroidRuntime(19509): 
07-14 15:40:17.768 D/AndroidRuntime(19509): >>>>>> AndroidRuntime START com.android.internal.os.RuntimeInit <<<<<<
07-14 15:40:17.768 D/AndroidRuntime(19509): CheckJNI is OFF
07-14 15:40:17.783 D/dalvikvm(19509): Trying to load lib libjavacore.so 0x0
07-14 15:40:17.791 D/dalvikvm(19509): Added shared lib libjavacore.so 0x0
07-14 15:40:17.807 D/dalvikvm(19509): Trying to load lib libnativehelper.so 0x0
07-14 15:40:17.807 D/dalvikvm(19509): Added shared lib libnativehelper.so 0x0
07-14 15:40:18.041 D/AndroidRuntime(19509): Calling main entry com.android.commands.uiautomator.Launcher
07-14 15:40:19.440 I/AccessibilityNodeInfoDumper(19509): Skipping invisible child: android.view.accessibility.AccessibilityNodeInfo@58881; boundsInParent: Rect(0, 0 - 197, 33); boundsInScreen: Rect(151, 1130 - 348, 1163); packageName: com.qihoo.appstore; className: android.widget.TextView; text: 20%; contentDescription: null; viewIdResName: com.qihoo.appstore:id/download_count; checkable: false; checked: false; focusable: false; focused: false; selected: false; clickable: false; longClickable: false; enabled: true; password: false; scrollable: false; [ACTION_SELECT, ACTION_CLEAR_SELECTION, ACTION_ACCESSIBILITY_FOCUS, ACTION_NEXT_AT_MOVEMENT_GRANULARITY, ACTION_PREVIOUS_AT_MOVEMENT_GRANULARITY, ACTION_SET_SELECTION]
07-14 15:40:19.440 I/AccessibilityNodeInfoDumper(19509): Skipping invisible child: android.view.accessibility.AccessibilityNodeInfo@58c42; boundsInParent: Rect(0, 0 - 80, 46); boundsInScreen: Rect(151, 1169 - 231, 1215); packageName: com.qihoo.appstore; className: android.widget.TextView; text: ; contentDescription: null; viewIdResName: com.qihoo.appstore:id/app_status; checkable: false; checked: false; focusable: true; focused: false; selected: false; clickable: true; longClickable: false; enabled: true; password: false; scrollable: false; [ACTION_FOCUS, ACTION_SELECT, ACTION_CLEAR_SELECTION, ACTION_CLICK, ACTION_ACCESSIBILITY_FOCUS, ACTION_NEXT_AT_MOVEMENT_GRANULARITY, ACTION_PREVIOUS_AT_MOVEMENT_GRANULARITY, ACTION_SET_SELECTION]
07-14 15:40:19.448 I/AccessibilityNodeInfoDumper(19509): Skipping invisible child: android.view.accessibility.AccessibilityNodeInfo@593c4; boundsInParent: Rect(0, 0 - 197, 33); boundsInScreen: Rect(488, 1130 - 685, 1163); packageName: com.qihoo.appstore; className: android.widget.TextView; text: 23%; contentDescription: null; viewIdResName: com.qihoo.appstore:id/download_count; checkable: false; checked: false; focusable: false; focused: false; selected: false; clickable: false; longClickable: false; enabled: true; password: false; scrollable: false; [ACTION_SELECT, ACTION_CLEAR_SELECTION, ACTION_ACCESSIBILITY_FOCUS, ACTION_NEXT_AT_MOVEMENT_GRANULARITY, ACTION_PREVIOUS_AT_MOVEMENT_GRANULARITY, ACTION_SET_SELECTION]
07-14 15:40:19.448 I/AccessibilityNodeInfoDumper(19509): Skipping invisible child: android.view.accessibility.AccessibilityNodeInfo@59785; boundsInParent: Rect(0, 0 - 80, 46); boundsInScreen: Rect(488, 1169 - 568, 1215); packageName: com.qihoo.appstore; className: android.widget.TextView; text: ; contentDescription: null; viewIdResName: com.qihoo.appstore:id/app_status; checkable: false; checked: false; focusable: true; focused: false; selected: false; clickable: true; longClickable: false; enabled: true; password: false; scrollable: false; [ACTION_FOCUS, ACTION_SELECT, ACTION_CLEAR_SELECTION, ACTION_CLICK, ACTION_ACCESSIBILITY_FOCUS, ACTION_NEXT_AT_MOVEMENT_GRANULARITY, ACTION_PREVIOUS_AT_MOVEMENT_GRANULARITY, ACTION_SET_SELECTION]
07-14 15:40:19.448 I/AccessibilityNodeInfoDumper(19509): Skipping invisible child: android.view.accessibility.AccessibilityNodeInfo@57d3e; boundsInParent: Rect(0, 0 - 329, 134); boundsInScreen: Rect(21, 1235 - 350, 1369); packageName: com.qihoo.appstore; className: android.widget.RelativeLayout; text: null; contentDescription: null; viewIdResName: null; checkable: false; checked: false; focusable: false; focused: false; selected: false; clickable: true; longClickable: false; enabled: true; password: false; scrollable: false; [ACTION_SELECT, ACTION_CLEAR_SELECTION, ACTION_CLICK, ACTION_ACCESSIBILITY_FOCUS]
07-14 15:40:19.455 I/AccessibilityNodeInfoDumper(19509): Skipping invisible child: android.view.accessibility.AccessibilityNodeInfo@580ff; boundsInParent: Rect(0, 0 - 329, 134); boundsInScreen: Rect(358, 1235 - 687, 1369); packageName: com.qihoo.appstore; className: android.widget.RelativeLayout; text: null; contentDescription: null; viewIdResName: null; checkable: false; checked: false; focusable: false; focused: false; selected: false; clickable: true; longClickable: false; enabled: true; password: false; scrollable: false; [ACTION_SELECT, ACTION_CLEAR_SELECTION, ACTION_CLICK, ACTION_ACCESSIBILITY_FOCUS]
07-14 15:40:19.463 I/AccessibilityNodeInfoDumper(19509): Skipping invisible child: android.view.accessibility.AccessibilityNodeInfo@535eb; boundsInParent: Rect(0, 0 - 110, 70); boundsInScreen: Rect(72, 1403 - 182, 1473); packageName: com.qihoo.appstore; className: android.widget.TextView; text: (0); contentDescription: null; viewIdResName: com.qihoo.appstore:id/comment_title; checkable: false; checked: false; focusable: false; focused: false; selected: false; clickable: false; longClickable: false; enabled: true; password: false; scrollable: false; [ACTION_SELECT, ACTION_CLEAR_SELECTION, ACTION_ACCESSIBILITY_FOCUS, ACTION_NEXT_AT_MOVEMENT_GRANULARITY, ACTION_PREVIOUS_AT_MOVEMENT_GRANULARITY, ACTION_SET_SELECTION]
07-14 15:40:19.463 I/AccessibilityNodeInfoDumper(19509): Skipping invisible child: android.view.accessibility.AccessibilityNodeInfo@539ac; boundsInParent: Rect(0, 0 - 128, 70); boundsInScreen: Rect(564, 1403 - 692, 1473); packageName: com.qihoo.appstore; className: android.widget.TextView; text: ; contentDescription: null; viewIdResName: com.qihoo.appstore:id/view_all_comment; checkable: false; checked: false; focusable: false; focused: false; selected: false; clickable: true; longClickable: false; enabled: true; password: false; scrollable: false; [ACTION_SELECT, ACTION_CLEAR_SELECTION, ACTION_CLICK, ACTION_ACCESSIBILITY_FOCUS, ACTION_NEXT_AT_MOVEMENT_GRANULARITY, ACTION_PREVIOUS_AT_MOVEMENT_GRANULARITY, ACTION_SET_SELECTION]
07-14 15:40:19.471 I/AccessibilityNodeInfoDumper(19509): Skipping invisible child: android.view.accessibility.AccessibilityNodeInfo@53d6d; boundsInParent: Rect(0, 0 - 696, 80); boundsInScreen: Rect(12, 1475 - 708, 1555); packageName: com.qihoo.appstore; className: android.widget.TextView; text: ; contentDescription: null; viewIdResName: com.qihoo.appstore:id/go_comment; checkable: false; checked: false; focusable: false; focused: false; selected: false; clickable: true; longClickable: false; enabled: true; password: false; scrollable: false; [ACTION_SELECT, ACTION_CLEAR_SELECTION, ACTION_CLICK, ACTION_ACCESSIBILITY_FOCUS, ACTION_NEXT_AT_MOVEMENT_GRANULARITY, ACTION_PREVIOUS_AT_MOVEMENT_GRANULARITY, ACTION_SET_SELECTION]
07-14 15:40:19.471 I/AccessibilityNodeInfoDumper(19509): Skipping invisible child: android.view.accessibility.AccessibilityNodeInfo@5412e; boundsInParent: Rect(0, 0 - 232, 70); boundsInScreen: Rect(10, 1567 - 242, 1637); packageName: com.qihoo.appstore; className: android.widget.TextView; text: ; contentDescription: null; viewIdResName: com.qihoo.appstore:id/other_works; checkable: false; checked: false; focusable: false; focused: false; selected: false; clickable: true; longClickable: false; enabled: true; password: false; scrollable: false; [ACTION_SELECT, ACTION_CLEAR_SELECTION, ACTION_CLICK, ACTION_ACCESSIBILITY_FOCUS, ACTION_NEXT_AT_MOVEMENT_GRANULARITY, ACTION_PREVIOUS_AT_MOVEMENT_GRANULARITY, ACTION_SET_SELECTION]
07-14 15:40:19.471 I/AccessibilityNodeInfoDumper(19509): Skipping invisible child: android.view.accessibility.AccessibilityNodeInfo@544ef; boundsInParent: Rect(0, 0 - 232, 70); boundsInScreen: Rect(244, 1567 - 476, 1637); packageName: com.qihoo.appstore; className: android.widget.TextView; text: ; contentDescription: null; viewIdResName: com.qihoo.appstore:id/view_report; checkable: false; checked: false; focusable: false; focused: false; selected: false; clickable: true; longClickable: false; enabled: true; password: false; scrollable: false; [ACTION_SELECT, ACTION_CLEAR_SELECTION, ACTION_CLICK, ACTION_ACCESSIBILITY_FOCUS, ACTION_NEXT_AT_MOVEMENT_GRANULARITY, ACTION_PREVIOUS_AT_MOVEMENT_GRANULARITY, ACTION_SET_SELECTION]
07-14 15:40:19.479 I/AccessibilityNodeInfoDumper(19509): Skipping invisible child: android.view.accessibility.AccessibilityNodeInfo@548b0; boundsInParent: Rect(0, 0 - 232, 70); boundsInScreen: Rect(478, 1567 - 710, 1637); packageName: com.qihoo.appstore; className: android.widget.TextView; text: ; contentDescription: null; viewIdResName: com.qihoo.appstore:id/permission_info_title; checkable: false; checked: false; focusable: false; focused: false; selected: false; clickable: true; longClickable: false; enabled: true; password: false; scrollable: false; [ACTION_SELECT, ACTION_CLEAR_SELECTION, ACTION_CLICK, ACTION_ACCESSIBILITY_FOCUS, ACTION_NEXT_AT_MOVEMENT_GRANULARITY, ACTION_PREVIOUS_AT_MOVEMENT_GRANULARITY, ACTION_SET_SELECTION]
07-14 15:40:19.549 W/AccessibilityNodeInfoDumper(19509): Fetch time: 335ms
07-14 15:40:19.549 D/AndroidRuntime(19509): Shutting down VM
07-14 15:40:19.557 D/dalvikvm(19509): GC_CONCURRENT freed 480K, 47% free 562K/1044K, paused 0ms+1ms, total 5ms
07-14 15:40:19.776 I/collector(19168): no gps or passive, so not to collect!
07-14 15:40:20.041 D/dalvikvm(19168): GC_CONCURRENT freed 4161K, 35% free 19660K/29928K, paused 5ms+25ms, total 142ms
07-14 15:40:22.229 D/dalvikvm(19168): GC_EXPLICIT freed 3930K, 46% free 16318K/29928K, paused 5ms+6ms, total 87ms
07-14 15:40:33.307 E/GlsClient-query(  563): requestFailed
07-14 15:40:33.307 E/GlsClient-query(  563): com.google.gmm.common.async.WatchdogException
07-14 15:40:33.307 E/GlsClient-query(  563): 	at com.google.gmm.common.async.AsyncHttpRequestFactory$AsyncHttpRequestImpl.watchdogFired(Unknown Source)
07-14 15:40:33.307 E/GlsClient-query(  563): 	at com.google.gmm.common.async.AsyncHttpRequestFactory$WatchdogTask.run(Unknown Source)
07-14 15:40:33.307 E/GlsClient-query(  563): 	at com.google.gmm.common.task.AbstractTask.runInternal(Unknown Source)
07-14 15:40:33.307 E/GlsClient-query(  563): 	at com.google.gmm.common.task.TimerTask.runInternal(Unknown Source)
07-14 15:40:33.307 E/GlsClient-query(  563): 	at com.google.gmm.common.task.TaskRunner.run(Unknown Source)
07-14 15:40:33.307 E/GlsClient-query(  563): 	at com.google.gmm.common.lang.BaseThreadFactory$ThreadImpl.run(Unknown Source)
07-14 15:40:33.362 D/dalvikvm(  563): GC_CONCURRENT freed 396K, 7% free 10251K/10992K, paused 14ms+4ms, total 46ms
07-14 15:40:36.690 D/dalvikvm( 1052): GC_CONCURRENT freed 516K, 9% free 10241K/11168K, paused 2ms+2ms, total 29ms
07-14 15:40:37.416 D/LightsService(  374): Excessive delay setting light: 67ms
07-14 15:40:37.690 D/LightsService(  374): Excessive delay setting light: 67ms
07-14 15:40:43.237 I/PowerManagerService(  374): Going to sleep due to screen timeout...
07-14 15:40:44.033 D/SurfaceFlinger(  124): Screen released, type=0 flinger=0x41e1a478
07-14 15:40:44.174 D/dalvikvm(  374): GC_FOR_ALLOC freed 1752K, 29% free 20781K/29200K, paused 93ms, total 93ms
07-14 15:40:44.291 D/NfcService(  582): NFC-C OFF, disconnect
07-14 15:40:44.401 D/MDM :   (14510): [null:-1]->query
07-14 15:40:44.401 D/MDM :   (14510): [null:-1]->QUERY_SETTING_PIN_ONOFF
07-14 15:40:44.448 D/YouTube MDX(17593): Recieved intent android.intent.action.SCREEN_OFF
07-14 15:40:44.877 W/Settings( 2019): Setting airplane_mode_on has moved from android.provider.Settings.System to android.provider.Settings.Global, returning read-only value.
07-14 15:40:44.877 W/Settings( 2019): Setting mobile_data has moved from android.provider.Settings.Secure to android.provider.Settings.Global.
07-14 15:40:44.877 D/BluetoothAdapter( 2019): 1116407520: getState() :  mService = null. Returning STATE_OFF
07-14 15:40:44.877 W/Settings( 2019): Setting airplane_mode_on has moved from android.provider.Settings.System to android.provider.Settings.Global, returning read-only value.
07-14 15:40:44.885 W/Settings( 2019): Setting airplane_mode_on has moved from android.provider.Settings.System to android.provider.Settings.Global, returning read-only value.
07-14 15:40:44.885 W/Settings( 2019): Setting mobile_data has moved from android.provider.Settings.Secure to android.provider.Settings.Global.
07-14 15:40:44.893 D/BluetoothAdapter( 2019): 1116407520: getState() :  mService = null. Returning STATE_OFF
07-14 15:40:44.893 W/Settings( 2019): Setting airplane_mode_on has moved from android.provider.Settings.System to android.provider.Settings.Global, returning read-only value.
07-14 15:40:44.908 D/dalvikvm( 2019): GC_FOR_ALLOC freed 302K, 7% free 9926K/10588K, paused 20ms, total 20ms
07-14 15:40:48.658 D/dalvikvm(  563): GC_CONCURRENT freed 395K, 6% free 10368K/10992K, paused 2ms+4ms, total 33ms
07-14 15:40:48.658 D/dalvikvm(  563): WAIT_FOR_CONCURRENT_GC blocked 15ms
07-14 15:40:48.674 D/dalvikvm(  563): WAIT_FOR_CONCURRENT_GC blocked 23ms
07-14 15:40:49.166 V/KeyguardHostView(  374): hide transport, gen:65
07-14 15:40:49.166 V/KeyguardHostView(  374): music state changed: 0
07-14 15:40:49.190 D/PhoneStatusBar(  450): disable: < expand icons alerts ticker system_info back home RECENT* clock search >
07-14 15:40:49.221 V/TAG     (  374): bug 7643792: fitSystemWindows([0,50][0,0])
07-14 15:40:49.346 D/PhoneStatusBar(  450): disable: < expand icons alerts ticker system_info BACK* HOME* RECENT CLOCK* search >
07-14 15:41:08.596 D/GCM     (  624): Ignoring attempt to send heartbeat on dead connection.
07-14 15:41:13.518 D/dalvikvm(  563): GC_CONCURRENT freed 531K, 7% free 10223K/10992K, paused 5ms+3ms, total 41ms
07-14 15:41:24.143 D/JOBS    (18129): Thread-835: load factor check. true = (0 < 1)|| (0 * 3 < 0 + 0). consumer thread: true
07-14 15:41:24.143 D/JOBS    (18129): didn't allow me to die, re-running Thread-835
07-14 15:41:24.143 D/JOBS    (18129): re-running consumer Thread-835
07-14 15:41:48.440 D/ConnectivityService(  374): Captive portal check NetworkInfo: type: WIFI[], state: CONNECTING/CAPTIVE_PORTAL_CHECK, reason: (unspecified), extra: "pekall_work", roaming: false, failover: false, isAvailable: true
07-14 15:41:48.455 D/dalvikvm(19562): Late-enabling CheckJNI
07-14 15:41:48.455 I/ActivityManager(  374): Start proc com.nd.assistance for broadcast com.nd.assistance/.receiver.WifiStateChangeReceiver: pid=19562 uid=10065 gids={50065, 3003, 1015, 1006, 1028}
07-14 15:41:48.463 D/ConnectivityService(  374): ConnectivityChange for WIFI: CONNECTED/CONNECTED
07-14 15:41:48.502 D/ConnectivityService(  374): handleConnectivityChange: address are the same reset per doReset linkProperty[1]: resetMask=0
07-14 15:41:48.502 D/Nat464Xlat(  374): requiresClat: netType=1, hasIPv4Address=true
07-14 15:41:48.510 I/dalvikvm(19562): Turning on JNI app bug workarounds for target SDK version 3...
07-14 15:41:48.619 E/(19562): 1405309893568
07-14 15:41:48.619 E/(19562): 1405323708623
07-14 15:41:48.635 E/(19562): 1405309893568
07-14 15:41:48.635 E/(19562): 1405323708645
07-14 15:41:48.643 W/System.err(  636): java.net.UnknownHostException: Unable to resolve host "luyou360.cn": No address associated with hostname
07-14 15:41:48.651 W/System.err(  636): 	at java.net.InetAddress.lookupHostByName(InetAddress.java:424)
07-14 15:41:48.651 W/System.err(  636): 	at java.net.InetAddress.getAllByNameImpl(InetAddress.java:236)
07-14 15:41:48.651 W/System.err(  636): 	at java.net.InetAddress.getAllByName(InetAddress.java:214)
07-14 15:41:48.651 W/System.err(  636): 	at org.apache.http.impl.conn.DefaultClientConnectionOperator.openConnection(DefaultClientConnectionOperator.java:137)
07-14 15:41:48.651 W/System.err(  636): 	at org.apache.http.impl.conn.AbstractPoolEntry.open(AbstractPoolEntry.java:164)
07-14 15:41:48.651 W/System.err(  636): 	at org.apache.http.impl.conn.AbstractPooledConnAdapter.open(AbstractPooledConnAdapter.java:119)
07-14 15:41:48.651 W/System.err(  636): 	at org.apache.http.impl.client.DefaultRequestDirector.execute(DefaultRequestDirector.java:360)
07-14 15:41:48.651 W/System.err(  636): 	at org.apache.http.impl.client.AbstractHttpClient.execute(AbstractHttpClient.java:555)
07-14 15:41:48.651 W/System.err(  636): 	at org.apache.http.impl.client.AbstractHttpClient.execute(AbstractHttpClient.java:487)
07-14 15:41:48.651 W/System.err(  636): 	at org.apache.http.impl.client.AbstractHttpClient.execute(AbstractHttpClient.java:465)
07-14 15:41:48.651 W/System.err(  636): 	at wifi.ah.c(Unknown Source)
07-14 15:41:48.651 W/System.err(  636): 	at wifi.ah.a(Unknown Source)
07-14 15:41:48.651 W/System.err(  636): 	at wifi.aa.a(Unknown Source)
07-14 15:41:48.651 W/System.err(  636): 	at wifi.ae.a(Unknown Source)
07-14 15:41:48.651 W/System.err(  636): 	at wifi.ae.doInBackground(Unknown Source)
07-14 15:41:48.651 W/System.err(  636): 	at com.qihoo360.mobilesafe.mt.SafeAsyncTask$2.call(360MobileSafe:263)
07-14 15:41:48.651 W/System.err(  636): 	at java.util.concurrent.FutureTask.run(FutureTask.java:234)
07-14 15:41:48.651 W/System.err(  636): 	at java.util.concurrent.ThreadPoolExecutor.runWorker(ThreadPoolExecutor.java:1080)
07-14 15:41:48.651 W/System.err(  636): 	at java.util.concurrent.ThreadPoolExecutor$Worker.run(ThreadPoolExecutor.java:573)
07-14 15:41:48.651 W/System.err(  636): 	at java.lang.Thread.run(Thread.java:841)
07-14 15:41:48.651 W/System.err(  636): Caused by: libcore.io.GaiException: getaddrinfo failed: EAI_NODATA (No address associated with hostname)
07-14 15:41:48.658 E/(19562): 1405309893568
07-14 15:41:48.658 E/(19562): 1405323708664
07-14 15:41:48.658 W/System.err(  636): 	at libcore.io.Posix.getaddrinfo(Native Method)
07-14 15:41:48.658 W/System.err(  636): 	at libcore.io.ForwardingOs.getaddrinfo(ForwardingOs.java:61)
07-14 15:41:48.658 W/System.err(  636): 	at java.net.InetAddress.lookupHostByName(InetAddress.java:405)
07-14 15:41:48.658 W/System.err(  636): 	... 19 more
07-14 15:41:49.471 D/ConnectivityService(  374): NetTransition Wakelock for ConnectedState released by timeout
07-14 15:41:51.518 D/Tethering(  374): MasterInitialState.processMessage what=3
07-14 15:41:51.533 W/Settings( 2019): Setting airplane_mode_on has moved from android.provider.Settings.System to android.provider.Settings.Global, returning read-only value.
07-14 15:41:51.533 W/Settings( 2019): Setting mobile_data has moved from android.provider.Settings.Secure to android.provider.Settings.Global.
07-14 15:41:51.573 D/MdmService(14510): [null:-1]->receiver action :android.net.conn.CONNECTIVITY_CHANGE
07-14 15:41:51.619 D/dalvikvm(  450): GC_CONCURRENT freed 2322K, 17% free 15567K/18752K, paused 12ms+9ms, total 96ms
07-14 15:41:51.666 D/dalvikvm(  636): GC_FOR_ALLOC freed 1138K, 11% free 12671K/14120K, paused 111ms, total 112ms
07-14 15:41:51.713 D/PushService(18129): [null:-1]->receiver action :android.net.conn.CONNECTIVITY_CHANGE
07-14 15:41:51.744 I/ActivityManager(  374): Start proc com.google.android.gallery3d for broadcast com.google.android.gallery3d/com.google.android.picasasync.ConnectivityReceiver: pid=19579 uid=10019 gids={50019, 1006, 3003, 1015, 1028}
07-14 15:41:51.760 D/MDM :   (14510): [null:-1]->MSG_WEBSOCKET_CLOSE
07-14 15:41:52.088 D/dalvikvm(  636): GC_FOR_ALLOC freed 1003K, 11% free 12658K/14120K, paused 61ms, total 61ms
07-14 15:41:52.088 D/ConnectivityService(  374): handleInetConditionHoldEnd: net=1, condition=100, published condition=0
07-14 15:41:52.112 D/dalvikvm(19579): GC_CONCURRENT freed 291K, 4% free 9093K/9420K, paused 10ms+11ms, total 57ms
07-14 15:41:52.229 I/ActivityManager(  374): Start proc com.google.android.apps.uploader for broadcast com.google.android.apps.uploader/com.google.android.picasasync.ConnectivityReceiver: pid=19604 uid=10039 gids={50039, 3003, 1015, 1028}
07-14 15:41:52.244 D/UploadsManager(19579):    wifiOnlyPhoto changed to true
07-14 15:41:52.244 D/UploadsManager(19579):    wifiOnlyVideo changed to true
07-14 15:41:52.244 D/UploadsManager(19579):    syncOnBattery changed to true
07-14 15:41:52.244 D/PicasaSync(19579): sync account database
07-14 15:41:52.268 I/ActivityManager(  374): Process com.android.defcontainer (pid 18981) has died.
07-14 15:41:52.315 D/PicasaSync(19579): accounts in DB=0
07-14 15:41:52.315 D/PicasaSyncManager(19579): active network: NetworkInfo: type: WIFI[], state: CONNECTED/CONNECTED, reason: (unspecified), extra: "pekall_work", roaming: false, failover: false, isAvailable: true
07-14 15:41:52.315 D/PicasaSyncManager(19579): background data: true
07-14 15:41:52.354 I/ActivityManager(  374): Start proc com.android.mms for broadcast com.android.mms/.transaction.MmsSystemEventReceiver: pid=19617 uid=10040 gids={50040, 3003, 1015, 1028}
07-14 15:41:52.362 D/PicasaSyncManager(19579): battery info: true
07-14 15:41:52.416 I/ActivityManager(  374): Process com.google.android.calendar (pid 19257) has died.
07-14 15:41:52.424 D/PicasaUploader(19604):    wifiOnlyPhoto changed to true
07-14 15:41:52.424 D/PicasaUploader(19604):    wifiOnlyVideo changed to true
07-14 15:41:52.424 D/PicasaUploader(19604):    syncOnBattery changed to true
07-14 15:41:52.432 D/PicasaUploaderSync(19604): sync account database
07-14 15:41:52.440 D/CountryDetector(  374): The first listener is added
07-14 15:41:52.502 V/MmsConfig(19617): mnc/mcc: 46001
07-14 15:41:52.502 V/MmsConfig(19617): tag: bool value: enabledMMS - true
07-14 15:41:52.510 V/MmsConfig(19617): tag: int value: maxMessageSize - 307200
07-14 15:41:52.510 V/MmsConfig(19617): tag: int value: maxImageHeight - 480
07-14 15:41:52.510 V/MmsConfig(19617): tag: int value: maxImageWidth - 640
07-14 15:41:52.510 V/MmsConfig(19617): tag: int value: defaultSMSMessagesPerThread - 500
07-14 15:41:52.510 V/MmsConfig(19617): tag: int value: defaultMMSMessagesPerThread - 50
07-14 15:41:52.510 V/MmsConfig(19617): tag: int value: minMessageCountPerThread - 10
07-14 15:41:52.510 V/MmsConfig(19617): tag: int value: maxMessageCountPerThread - 5000
07-14 15:41:52.510 V/MmsConfig(19617): tag: string value: uaProfUrl - http://wap.samsungmobile.com/uaprof/galaxynexus.xml
07-14 15:41:52.510 V/MmsConfig(19617): tag: int value: recipientLimit - -1
07-14 15:41:52.510 V/MmsConfig(19617): tag: bool value: enableSlideDuration - true
07-14 15:41:52.510 V/MmsConfig(19617): tag: int value: maxMessageTextSize - -1
07-14 15:41:52.510 V/MmsConfig(19617): tag: string value: userAgent - GalaxyNexus
07-14 15:41:52.510 D/PicasaUploaderSync(19604): accounts in DB=0
07-14 15:41:52.510 D/PicasaUploaderSyncManager(19604): active network: NetworkInfo: type: WIFI[], state: CONNECTED/CONNECTED, reason: (unspecified), extra: "pekall_work", roaming: false, failover: false, isAvailable: true
07-14 15:41:52.510 D/PicasaUploaderSyncManager(19604): background data: true
07-14 15:41:52.557 I/ActivityManager(  374): Start proc com.google.android.apps.plus for broadcast com.google.android.apps.plus/.service.ConnectivityReceiver: pid=19641 uid=10048 gids={50048, 3003, 3002, 1015, 1006, 1028}
07-14 15:41:52.596 D/PicasaUploaderSyncManager(19604): battery info: true
07-14 15:41:52.705 D/dalvikvm(19617): GC_CONCURRENT freed 195K, 3% free 9116K/9348K, paused 13ms+5ms, total 56ms
07-14 15:41:52.705 I/ActivityManager(  374): Process com.android.providers.calendar (pid 19222) has died.
07-14 15:41:52.760 D/MdmService(14510): [null:-1]->keepAliveWithPushServer  client is null 
07-14 15:41:52.768 D/MdmService(14510): [null:-1]->pushUrl : ws://demo.everknow.cn:9030/websocket
07-14 15:41:52.768 D/MDM :   (14510): [null:-1]->mMdmPushClient is :null
07-14 15:41:52.768 D/MDM :   (14510): [null:-1]->mMdmPushClient opened :not opened
07-14 15:41:52.768 D/MDM :   (14510): [null:-1]->mMdmPushClient connect
07-14 15:41:52.776 D/MdmStatusManager(14510): [null:-1]->change status to : Busy
07-14 15:41:52.776 D/DB      (14510): query: SQLiteQuery: SELECT content, command_status, status FROM command WHERE status!=2
07-14 15:41:52.776 D/DB      (14510): factory null
07-14 15:41:52.776 D/DB      (14510): fillWindow: 0
07-14 15:41:52.776 D/DB      (14510): cursor 0
07-14 15:41:52.776 D/DB      (14510): moveToPos: 0
07-14 15:41:52.783 I/TransInfo(14510): TransInfo created, id: 3, class: class com.pekall.emdm.transaction.b.c
07-14 15:41:52.783 D/NetworkThread(14510): [null:-1]->----isRunning-----true
07-14 15:41:52.783 D/NetworkThread(14510): [null:-1]->----isRunning-----true
07-14 15:41:52.783 D/NetworkThread(14510): [null:-1]->thread wakeup
07-14 15:41:52.799 D/HttpClient(14510): enable apache.http debug
07-14 15:41:52.815 D/dalvikvm(  374): GC_CONCURRENT freed 1949K, 26% free 21683K/29200K, paused 8ms+25ms, total 173ms
07-14 15:41:52.823 D/MDM :   (14510): [null:-1]->MSG_WEBSOCKET_OPEN
07-14 15:41:52.830 V/DEBUG   (14510): HTTP 0
07-14 15:41:52.908 D/PushMessageManager(14510): [null:-1]->add sent message : {"params":{"device":"ffffffffc539bb10fffffffff7aea961","token":""},"id":0,"command":0,"reason":0,"result":0,"type":0}
07-14 15:41:52.932 D/MDM :   (14510): [null:-1]->MSG_WEBSOCKET_MESSAGE : {"id":0,"type":1,"command":0,"result":0,"reason":0}
07-14 15:41:52.948 D/MdmService(14510): [null:-1]->push message type :1
07-14 15:41:52.948 D/PushMessageManager(14510): [null:-1]->remove sent message : 0
07-14 15:41:52.963 D/PushMessageManager(14510): [null:-1]->sent message :{"params":{"device":"ffffffffc539bb10fffffffff7aea961","token":""},"id":0,"command":0,"reason":0,"result":0,"type":0}
07-14 15:41:52.963 D/PushMessageManager(14510): [null:-1]->has message : 0
07-14 15:41:53.018 D/dalvikvm(19641): GC_CONCURRENT freed 328K, 4% free 9084K/9428K, paused 8ms+7ms, total 44ms
07-14 15:41:53.065 D/dalvikvm(19617): GC_CONCURRENT freed 169K, 3% free 9351K/9556K, paused 4ms+4ms, total 29ms
07-14 15:41:53.135 D/dalvikvm(19641): GC_CONCURRENT freed 129K, 2% free 9447K/9612K, paused 2ms+3ms, total 22ms
07-14 15:41:53.166 I/ActivityManager(  374): Start proc android.process.acore for content provider com.android.providers.contacts/.ContactsProvider2: pid=19663 uid=10000 gids={50000, 3003, 1015, 1028}
07-14 15:41:53.213 I/ActivityManager(  374): Process system:ui (pid 19290) has died.
07-14 15:41:53.260 D/dalvikvm(19641): GC_CONCURRENT freed 119K, 2% free 9738K/9904K, paused 3ms+5ms, total 31ms
07-14 15:41:53.369 D/dalvikvm(19663): GC_CONCURRENT freed 222K, 3% free 9167K/9424K, paused 4ms+3ms, total 42ms
07-14 15:41:53.369 D/dalvikvm(19641): GC_CONCURRENT freed 125K, 2% free 10040K/10220K, paused 3ms+6ms, total 38ms
07-14 15:41:53.479 D/dalvikvm(19641): GC_CONCURRENT freed 140K, 2% free 10384K/10588K, paused 3ms+3ms, total 32ms
07-14 15:41:53.479 D/dalvikvm(19641): WAIT_FOR_CONCURRENT_GC blocked 13ms
07-14 15:41:53.565 D/dalvikvm(19641): GC_CONCURRENT freed 254K, 4% free 10517K/10848K, paused 3ms+3ms, total 32ms
07-14 15:41:53.619 D/dalvikvm(19641): GC_FOR_ALLOC freed 159K, 4% free 10644K/10976K, paused 27ms, total 27ms
07-14 15:41:53.651 D/dalvikvm(19641): GC_FOR_ALLOC freed 126K, 5% free 10772K/11232K, paused 26ms, total 26ms
07-14 15:41:53.698 D/dalvikvm(19641): GC_FOR_ALLOC freed 373K, 5% free 10883K/11424K, paused 34ms, total 34ms
07-14 15:41:53.705 V/DEBUG   (14510): HTTP 1
07-14 15:41:53.705 D/NetworkThread(14510): [null:-1]->queue is empty, thread wait...
07-14 15:41:53.737 D/dalvikvm(19641): GC_FOR_ALLOC freed 126K, 4% free 11011K/11424K, paused 30ms, total 30ms
07-14 15:41:53.768 D/dalvikvm(19641): GC_FOR_ALLOC freed 369K, 5% free 11120K/11648K, paused 27ms, total 27ms
07-14 15:41:53.807 D/MdmService(14510): [null:-1]->handleCheckInResult
07-14 15:41:53.807 D/MdmService(14510): [null:-1]->handleCheckInResult result keyIndex: 3
07-14 15:41:53.815 D/HandleCommandTask(14510): [null:-1]->execute command msg but beanBase is null
07-14 15:41:53.823 D/MdmStatusManager(14510): [null:-1]->change status to : Idle
07-14 15:41:53.838 I/ContactLocale(19663): AddressBook Labels [zh_CN]: [, A, B, C, D, E, F, G, H, I, J, K, L, M, N, O, P, Q, R, S, T, U, V, W, X, Y, Z, , , , , , , , , , , , , , , , , , , , , , , , , , , , , , , , , , , , , , , , , , , , , , , , , , , , , , , , , , , , , , , , , , , , , , , , , , , , , , , , , , , , , , , , , , , , , , , , , , , , , , , , , , , , , , , , , , , , , , , , , , , , , , , , , , , , , , , , , , , , , , , , , , , , , , , , , , , , #, ]
07-14 15:41:53.838 D/dalvikvm(19641): GC_CONCURRENT freed 430K, 5% free 11411K/11892K, paused 3ms+4ms, total 37ms
07-14 15:41:53.838 D/dalvikvm(19641): WAIT_FOR_CONCURRENT_GC blocked 6ms
07-14 15:41:54.041 D/dalvikvm(19641): GC_CONCURRENT freed 159K, 2% free 11997K/12192K, paused 4ms+3ms, total 48ms
07-14 15:41:54.276 D/dalvikvm(19641): GC_CONCURRENT freed 219K, 2% free 12806K/13060K, paused 3ms+3ms, total 44ms
07-14 15:41:54.276 D/dalvikvm(19641): WAIT_FOR_CONCURRENT_GC blocked 14ms
07-14 15:41:54.338 D/dalvikvm(19663): GC_CONCURRENT freed 211K, 3% free 9423K/9672K, paused 3ms+3ms, total 26ms
07-14 15:41:54.565 D/dalvikvm(19641): GC_CONCURRENT freed 781K, 6% free 13276K/14096K, paused 3ms+3ms, total 60ms
07-14 15:41:54.869 D/gp.PicasaPhotoCP(19641): set fsid first time:-1
07-14 15:41:54.885 D/dalvikvm(19641): No JNI_OnLoad found in /system/lib/libwebp_android.so 0x42811bb8, skipping init
07-14 15:41:54.893 D/dalvikvm(19641): No JNI_OnLoad found in /system/lib/libplus_jni_v8.so 0x42811bb8, skipping init
07-14 15:41:54.893 I/NativeLibrarySupport(19641): Native WEBP decoder, version=0.3.0
07-14 15:41:54.893 I/NativeLibrarySupport(19641): Native networking disabled
07-14 15:41:54.924 D/GCM     (  624): GcmService start Intent { act=android.net.conn.CONNECTIVITY_CHANGE flg=0x8000010 cmp=com.google.android.gms/.gcm.GcmService (has extras) } android.net.conn.CONNECTIVITY_CHANGE
07-14 15:41:54.955 D/dalvikvm(19641): GC_CONCURRENT freed 978K, 7% free 13662K/14676K, paused 3ms+4ms, total 68ms
07-14 15:41:54.955 D/dalvikvm(19641): WAIT_FOR_CONCURRENT_GC blocked 45ms
07-14 15:41:54.963 I/ActivityManager(  374): Process com.google.android.deskclock (pid 19152) has died.
07-14 15:41:55.002 D/DownLoadDocService(14510): [null:-1]->action is  com.pekall.emdm.action.UPLOADSTATUS_RETRY
07-14 15:41:55.002 D/DB      (14510): query: SQLiteQuery: SELECT uuid, status FROM doc WHERE uploadStatus =0 AND type ='Normal'
07-14 15:41:55.002 D/DB      (14510): factory null
07-14 15:41:55.002 D/DB      (14510): fillWindow: 0
07-14 15:41:55.018 D/DB      (14510): cursor 4
07-14 15:41:55.018 D/DB      (14510): moveToPos: 0
07-14 15:41:55.018 D/DB      (14510): onMove: 0
07-14 15:41:55.018 D/DB      (14510): moveToPos: 1
07-14 15:41:55.018 D/DB      (14510): onMove: 1
07-14 15:41:55.018 D/DB      (14510): moveToPos: 2
07-14 15:41:55.018 D/DB      (14510): onMove: 2
07-14 15:41:55.018 D/DB      (14510): moveToPos: 3
07-14 15:41:55.018 D/DB      (14510): onMove: 3
07-14 15:41:55.018 D/DB      (14510): moveToPos: 4
07-14 15:41:55.018 D/DB      (14510): query: SQLiteQuery: SELECT appUUID, status FROM app WHERE status=4 AND uploadStatus=0
07-14 15:41:55.018 D/DB      (14510): factory null
07-14 15:41:55.018 D/DB      (14510): fillWindow: 0
07-14 15:41:55.018 D/DB      (14510): cursor 0
07-14 15:41:55.018 D/DB      (14510): moveToPos: 0
07-14 15:41:55.026 D/dalvikvm(19641): GC_FOR_ALLOC freed 11K, 6% free 13869K/14676K, paused 60ms, total 60ms
07-14 15:41:55.026 I/dalvikvm-heap(19641): Grow heap (frag case) to 14.603MB for 1077456-byte allocation
07-14 15:41:55.080 D/dalvikvm(19641): GC_FOR_ALLOC freed <1K, 6% free 14920K/15732K, paused 54ms, total 54ms
07-14 15:41:55.119 V/SmsReceiverService(19617): onStart: #1 mResultCode: -1 = Activity.RESULT_OK
07-14 15:41:55.135 D/dalvikvm(19641): GC_FOR_ALLOC freed <1K, 6% free 14921K/15732K, paused 55ms, total 55ms
07-14 15:41:55.151 I/dalvikvm-heap(19641): Grow heap (frag case) to 16.340MB for 1821008-byte allocation
07-14 15:41:55.198 D/dalvikvm(19641): GC_FOR_ALLOC freed <1K, 5% free 16699K/17512K, paused 53ms, total 53ms
07-14 15:41:55.213 I/ActivityManager(  374): Process com.nd.assistance (pid 19562) has died.
07-14 15:41:55.252 I/RootJni (19682): su: permission denied
07-14 15:41:55.260 D/dalvikvm( 1052): GC_CONCURRENT freed 300K, 8% free 10384K/11168K, paused 3ms+7ms, total 66ms
07-14 15:41:56.830 D/MdmService(14510): [null:-1]->receiver action :com.pekall.mdm.action.MDM_ALARM
07-14 15:41:56.830 D/MdmService(14510): [null:-1]->keepAliveWithPushServer client is opened:true
07-14 15:41:56.830 D/MDM :   (14510): [null:-1]->ping!!!!!!!!!
07-14 15:41:56.838 D/MdmService(14510): [null:-1]->pushUrl : ws://demo.everknow.cn:9030/websocket
07-14 15:41:56.838 D/MDM :   (14510): [null:-1]->mMdmPushClient is :not null
07-14 15:41:56.838 D/MDM :   (14510): [null:-1]->mMdmPushClient opened : opened
07-14 15:41:56.854 D/MDM :   (14510): [null:-1]->MSG_WEBSOCKET_PONG
07-14 15:41:57.174 W/GAV2    (19579): Thread[GAThread,5,main]: Service unavailable (code=1), will retry.
07-14 15:41:57.174 W/ActivityManager(  374): Unable to start service Intent { act=com.google.android.gms.analytics.service.START (has extras) } U=0: not found
07-14 15:41:57.190 I/GAV2    (19579): Thread[GAThread,5,main]: No campaign data found.
07-14 15:42:02.182 W/GAV2    (19579): Thread[Service Reconnect,5,main]: Service unavailable (code=1), using local store.
07-14 15:42:02.182 W/ActivityManager(  374): Unable to start service Intent { act=com.google.android.gms.analytics.service.START (has extras) } U=0: not found
07-14 15:42:04.908 W/BackupManagerService(  374): dataChanged but no participant pkg='com.android.providers.settings' uid=10079
07-14 15:42:04.963 D/dalvikvm(  874): GC_CONCURRENT freed 515K, 18% free 9541K/11548K, paused 6ms+3ms, total 35ms
07-14 15:42:04.963 W/BackupManagerService(  374): dataChanged but no participant pkg='com.android.providers.settings' uid=10079
07-14 15:42:05.010 W/BackupManagerService(  374): dataChanged but no participant pkg='com.android.providers.settings' uid=10079
07-14 15:42:07.557 D/dalvikvm(  874): GC_CONCURRENT freed 480K, 18% free 9534K/11548K, paused 3ms+3ms, total 40ms
07-14 15:42:07.565 W/BackupManagerService(  374): dataChanged but no participant pkg='com.android.providers.settings' uid=10079
07-14 15:42:07.752 D/dalvikvm(  874): GC_CONCURRENT freed 515K, 18% free 9530K/11548K, paused 4ms+3ms, total 41ms
07-14 15:42:07.752 D/dalvikvm(  874): WAIT_FOR_CONCURRENT_GC blocked 13ms
07-14 15:42:07.752 D/dalvikvm(  874): WAIT_FOR_CONCURRENT_GC blocked 13ms
07-14 15:42:07.752 D/dalvikvm(  874): WAIT_FOR_CONCURRENT_GC blocked 14ms
07-14 15:42:07.752 D/dalvikvm(  874): WAIT_FOR_CONCURRENT_GC blocked 15ms
07-14 15:42:07.752 D/dalvikvm(  874): WAIT_FOR_CONCURRENT_GC blocked 15ms
07-14 15:42:07.752 D/dalvikvm(  874): WAIT_FOR_CONCURRENT_GC blocked 15ms
07-14 15:42:07.791 W/BackupManagerService(  374): dataChanged but no participant pkg='com.android.providers.settings' uid=10079
07-14 15:42:07.815 W/BackupManagerService(  374): dataChanged but no participant pkg='com.android.providers.settings' uid=10079
07-14 15:42:07.862 W/BackupManagerService(  374): dataChanged but no participant pkg='com.android.providers.settings' uid=10079
07-14 15:42:07.885 W/BackupManagerService(  374): dataChanged but no participant pkg='com.android.providers.settings' uid=10079
07-14 15:42:07.940 D/dalvikvm(  874): GC_CONCURRENT freed 435K, 17% free 9647K/11548K, paused 2ms+9ms, total 43ms
07-14 15:42:07.971 W/BackupManagerService(  374): dataChanged but no participant pkg='com.android.providers.settings' uid=10079
07-14 15:42:07.994 W/BackupManagerService(  374): dataChanged but no participant pkg='com.android.providers.settings' uid=10079
07-14 15:42:08.041 W/BackupManagerService(  374): dataChanged but no participant pkg='com.android.providers.settings' uid=10079
07-14 15:42:08.080 W/BackupManagerService(  374): dataChanged but no participant pkg='com.android.providers.settings' uid=10079
07-14 15:42:08.119 D/dalvikvm(  874): GC_CONCURRENT freed 563K, 17% free 9597K/11548K, paused 4ms+4ms, total 49ms
07-14 15:42:08.119 D/dalvikvm(  874): WAIT_FOR_CONCURRENT_GC blocked 11ms
07-14 15:42:08.174 W/BackupManagerService(  374): dataChanged but no participant pkg='com.android.providers.settings' uid=10079
07-14 15:42:08.198 W/BackupManagerService(  374): dataChanged but no participant pkg='com.android.providers.settings' uid=10079
07-14 15:42:08.260 W/BackupManagerService(  374): dataChanged but no participant pkg='com.android.providers.settings' uid=10079
07-14 15:42:08.291 D/dalvikvm(  874): GC_CONCURRENT freed 485K, 17% free 9624K/11548K, paused 3ms+3ms, total 55ms
07-14 15:42:08.291 D/dalvikvm(  874): WAIT_FOR_CONCURRENT_GC blocked 19ms
07-14 15:42:08.291 D/dalvikvm(  874): WAIT_FOR_CONCURRENT_GC blocked 19ms
07-14 15:42:08.291 D/dalvikvm(  874): WAIT_FOR_CONCURRENT_GC blocked 19ms
07-14 15:42:08.291 D/dalvikvm(  874): WAIT_FOR_CONCURRENT_GC blocked 19ms
07-14 15:42:08.338 W/BackupManagerService(  374): dataChanged but no participant pkg='com.android.providers.settings' uid=10079
07-14 15:42:08.369 W/BackupManagerService(  374): dataChanged but no participant pkg='com.android.providers.settings' uid=10079
07-14 15:42:08.424 W/BackupManagerService(  374): dataChanged but no participant pkg='com.android.providers.settings' uid=10079
07-14 15:42:08.494 D/dalvikvm(  874): GC_CONCURRENT freed 456K, 17% free 9680K/11548K, paused 2ms+3ms, total 36ms
07-14 15:42:08.494 D/dalvikvm(  874): WAIT_FOR_CONCURRENT_GC blocked 16ms
07-14 15:42:08.494 D/dalvikvm(  874): WAIT_FOR_CONCURRENT_GC blocked 17ms
07-14 15:42:21.619 W/System.err(17272): java.io.FileNotFoundException: /data/data/com.mgyapp.android/files/.cfpaps.i: open failed: ENOENT (No such file or directory)
07-14 15:42:21.619 W/System.err(17272): 	at libcore.io.IoBridge.open(IoBridge.java:409)
07-14 15:42:21.619 W/System.err(17272): 	at java.io.FileInputStream.<init>(FileInputStream.java:78)
07-14 15:42:21.619 W/System.err(17272): 	at android.app.ContextImpl.openFileInput(ContextImpl.java:702)
07-14 15:42:21.627 W/System.err(17272): 	at android.content.ContextWrapper.openFileInput(ContextWrapper.java:173)
07-14 15:42:21.627 W/System.err(17272): 	at com.mgyun.shua.jc.service.f.run(Unknown Source)
07-14 15:42:21.627 W/System.err(17272): 	at com.mgyun.shua.jc.service.CpWorkServer.onHandleIntent(Unknown Source)
07-14 15:42:21.627 W/System.err(17272): 	at android.app.IntentService$ServiceHandler.handleMessage(IntentService.java:65)
07-14 15:42:21.627 W/System.err(17272): 	at android.os.Handler.dispatchMessage(Handler.java:99)
07-14 15:42:21.627 W/System.err(17272): 	at android.os.Looper.loop(Looper.java:137)
07-14 15:42:21.627 W/System.err(17272): 	at android.os.HandlerThread.run(HandlerThread.java:61)
07-14 15:42:21.627 W/System.err(17272): Caused by: libcore.io.ErrnoException: