07-14 15:32:03.502 W/System.err(17928): 	at java.util.concurrent.ThreadPoolExecutor.runWorker(ThreadPoolExecutor.java:1080)
07-14 15:32:03.502 W/System.err(17928): 	at java.util.concurrent.ThreadPoolExecutor$Worker.run(ThreadPoolExecutor.java:573)
07-14 15:32:03.502 W/System.err(17928): 	at java.lang.Thread.run(Thread.java:841)
07-14 15:32:03.846 D/dalvikvm(17928): GC_CONCURRENT freed 1069K, 13% free 12689K/14540K, paused 7ms+8ms, total 58ms
07-14 15:32:04.104 W/System.err(17928): org.json.JSONException: Value [] at data of type org.json.JSONArray cannot be converted to JSONObject
07-14 15:32:04.104 W/System.err(17928): 	at org.json.JSON.typeMismatch(JSON.java:100)
07-14 15:32:04.104 W/System.err(17928): 	at org.json.JSONObject.getJSONObject(JSONObject.java:577)
07-14 15:32:04.104 W/System.err(17928): 	at com.qihoo.appstore.comment.c.a(Unknown Source)
07-14 15:32:04.104 W/System.err(17928): 	at com.qihoo.appstore.comment.e.a(Unknown Source)
07-14 15:32:04.104 W/System.err(17928): 	at com.qihoo.appstore.comment.e.a(Unknown Source)
07-14 15:32:04.104 W/System.err(17928): 	at com.qihoo.appstore.newAppInfo.bc.a(Unknown Source)
07-14 15:32:04.104 W/System.err(17928): 	at com.qihoo.appstore.q.r.a(Unknown Source)
07-14 15:32:04.104 W/System.err(17928): 	at com.qihoo.appstore.q.r.a(Unknown Source)
07-14 15:32:04.112 W/System.err(17928): 	at com.qihoo.appstore.c.g.call(Unknown Source)
07-14 15:32:04.112 W/System.err(17928): 	at java.util.concurrent.FutureTask.run(FutureTask.java:234)
07-14 15:32:04.112 W/System.err(17928): 	at java.util.concurrent.ThreadPoolExecutor.runWorker(ThreadPoolExecutor.java:1080)
07-14 15:32:04.112 W/System.err(17928): 	at java.util.concurrent.ThreadPoolExecutor$Worker.run(ThreadPoolExecutor.java:573)
07-14 15:32:04.112 W/System.err(17928): 	at java.lang.Thread.run(Thread.java:841)
07-14 15:32:04.268 I/ActivityManager(  374): Displayed com.qihoo.appstore/.activities.MainActivity: +3s70ms (total +13m46s166ms)
07-14 15:32:04.268 I/ActivityManager(  374): No longer want com.android.musicfx (pid 16720): empty #17
07-14 15:32:04.408 I/ActivityManager(  374): START u0 {cmp=com.qihoo.appstore/.activities.AppImageActivity (has extras)} from pid 17928
07-14 15:32:04.588 D/dalvikvm(  374): GC_FOR_ALLOC freed 2073K, 28% free 20926K/28828K, paused 105ms, total 105ms
07-14 15:32:04.776 V/PhoneStatusBar(  450): setLightsOn(true)
07-14 15:32:04.869 I/ActivityManager(  374): Displayed com.qihoo.appstore/.activities.AppImageActivity: +249ms
07-14 15:32:05.573 I/ActivityManager(  374): Process com.google.android.apps.plus (pid 17574) has died.
07-14 15:32:07.112 D/dalvikvm(  374): GC_FOR_ALLOC freed 502K, 27% free 21255K/28828K, paused 99ms, total 99ms
07-14 15:32:07.213 D/dalvikvm(  374): GC_FOR_ALLOC freed 16K, 26% free 21612K/28828K, paused 94ms, total 94ms
07-14 15:32:07.213 I/dalvikvm-heap(  374): Grow heap (frag case) to 21.506MB for 380496-byte allocation
07-14 15:32:07.338 D/dalvikvm(  374): GC_FOR_ALLOC freed <1K, 25% free 21983K/29200K, paused 122ms, total 122ms
07-14 15:32:07.440 D/dalvikvm(  374): GC_FOR_ALLOC freed 743K, 28% free 21240K/29200K, paused 102ms, total 102ms
07-14 15:32:07.463 V/PhoneStatusBar(  450): setLightsOn(true)
07-14 15:32:07.651 D/dalvikvm(17928): GC_CONCURRENT freed 655K, 10% free 13212K/14540K, paused 10ms+8ms, total 74ms
07-14 15:32:07.869 I/collector(17928): no gps or passive, so not to collect!
07-14 15:32:10.471 D/dalvikvm(17928): GC_EXPLICIT freed 1280K, 10% free 13218K/14540K, paused 3ms+8ms, total 62ms
07-14 15:32:13.651 D/dalvikvm(17928): GC_CONCURRENT freed 1841K, 14% free 12833K/14772K, paused 4ms+8ms, total 58ms
07-14 15:32:13.651 D/dalvikvm(17928): WAIT_FOR_CONCURRENT_GC blocked 21ms
07-14 15:32:13.651 D/dalvikvm(17928): WAIT_FOR_CONCURRENT_GC blocked 20ms
07-14 15:32:13.830 D/dalvikvm(17928): GC_CONCURRENT freed 544K, 8% free 13616K/14772K, paused 7ms+5ms, total 69ms
07-14 15:32:13.830 D/dalvikvm(17928): WAIT_FOR_CONCURRENT_GC blocked 59ms
07-14 15:32:13.838 D/dalvikvm(17928): WAIT_FOR_CONCURRENT_GC blocked 28ms
07-14 15:32:13.908 D/dalvikvm(17928): GC_FOR_ALLOC freed 800K, 11% free 13548K/15212K, paused 43ms, total 43ms
07-14 15:32:13.963 D/dalvikvm(17928): GC_FOR_ALLOC freed 201K, 10% free 13741K/15212K, paused 42ms, total 43ms
07-14 15:32:14.010 D/dalvikvm(17928): GC_FOR_ALLOC freed 381K, 10% free 13809K/15340K, paused 38ms, total 38ms
07-14 15:32:14.080 D/dalvikvm(17928): GC_FOR_ALLOC freed 548K, 9% free 14208K/15524K, paused 39ms, total 39ms
07-14 15:32:14.502 D/dalvikvm(17928): GC_CONCURRENT freed 847K, 6% free 15147K/16092K, paused 11ms+6ms, total 96ms
07-14 15:32:14.502 D/dalvikvm(17928): WAIT_FOR_CONCURRENT_GC blocked 55ms
07-14 15:32:14.502 D/dalvikvm(17928): WAIT_FOR_CONCURRENT_GC blocked 55ms
07-14 15:32:14.502 D/dalvikvm(17928): WAIT_FOR_CONCURRENT_GC blocked 56ms
07-14 15:32:14.502 D/dalvikvm(17928): WAIT_FOR_CONCURRENT_GC blocked 47ms
07-14 15:32:14.502 D/dalvikvm(17928): WAIT_FOR_CONCURRENT_GC blocked 25ms
07-14 15:32:14.502 D/dalvikvm(17928): WAIT_FOR_CONCURRENT_GC blocked 56ms
07-14 15:32:14.510 D/dalvikvm(17928): WAIT_FOR_CONCURRENT_GC blocked 65ms
07-14 15:32:14.518 I/dalvikvm(17928): Jit: resizing JitTable from 8192 to 16384
07-14 15:32:14.916 D/dalvikvm(17928): GC_FOR_ALLOC freed 1503K, 10% free 15549K/17152K, paused 60ms, total 61ms
07-14 15:32:14.916 I/dalvikvm-heap(17928): Grow heap (frag case) to 16.010MB for 768016-byte allocation
07-14 15:32:14.971 D/dalvikvm(17928): GC_FOR_ALLOC freed 7K, 10% free 16291K/17904K, paused 53ms, total 53ms
07-14 15:32:15.057 I/Choreographer(17928): Skipped 64 frames!  The application may be doing too much work on its main thread.
07-14 15:32:15.330 D/dalvikvm(17928): GC_CONCURRENT freed 928K, 6% free 17846K/18872K, paused 5ms+7ms, total 93ms
07-14 15:32:15.330 D/dalvikvm(17928): WAIT_FOR_CONCURRENT_GC blocked 54ms
07-14 15:32:15.330 D/dalvikvm(17928): WAIT_FOR_CONCURRENT_GC blocked 64ms
07-14 15:32:15.330 D/dalvikvm(17928): WAIT_FOR_CONCURRENT_GC blocked 58ms
07-14 15:32:15.330 D/dalvikvm(17928): WAIT_FOR_CONCURRENT_GC blocked 67ms
07-14 15:32:15.330 D/dalvikvm(17928): WAIT_FOR_CONCURRENT_GC blocked 77ms
07-14 15:32:15.549 I/ActivityManager(  374): Process com.qihoo360.mobilesafe (pid 17873) has died.
07-14 15:32:15.612 D/dalvikvm(17928): GC_FOR_ALLOC freed 219K, 3% free 20290K/20736K, paused 76ms, total 76ms
07-14 15:32:15.932 D/dalvikvm(17928): GC_FOR_ALLOC freed 656K, 4% free 22136K/22900K, paused 80ms, total 81ms
07-14 15:32:15.994 I/ActivityManager(  374): Process com.qihoo.root (pid 16897) has died.
07-14 15:32:16.190 D/dalvikvm(17928): GC_CONCURRENT freed 750K, 4% free 25813K/26664K, paused 11ms+8ms, total 110ms
07-14 15:32:16.198 D/dalvikvm(17928): WAIT_FOR_CONCURRENT_GC blocked 86ms
07-14 15:32:16.198 D/dalvikvm(17928): WAIT_FOR_CONCURRENT_GC blocked 84ms
07-14 15:32:16.198 D/dalvikvm(17928): WAIT_FOR_CONCURRENT_GC blocked 82ms
07-14 15:32:16.198 D/dalvikvm(17928): WAIT_FOR_CONCURRENT_GC blocked 92ms
07-14 15:32:16.205 D/dalvikvm(17928): WAIT_FOR_CONCURRENT_GC blocked 80ms
07-14 15:32:16.205 D/dalvikvm(17928): WAIT_FOR_CONCURRENT_GC blocked 59ms
07-14 15:32:16.744 I/Choreographer(17928): Skipped 92 frames!  The application may be doing too much work on its main thread.
07-14 15:32:17.369 W/dalvikvm(17928): Unable to resolve superclass of Lcom/qihoo/appstore/clear/g; (44)
07-14 15:32:17.369 W/dalvikvm(17928): Link of class 'Lcom/qihoo/appstore/clear/g;' failed
07-14 15:32:17.369 E/dalvikvm(17928): Could not find class 'com.qihoo.appstore.clear.g', referenced from method com.qihoo.appstore.clear.d.a
07-14 15:32:17.369 W/dalvikvm(17928): VFY: unable to resolve new-instance 1669 (Lcom/qihoo/appstore/clear/g;) in Lcom/qihoo/appstore/clear/d;
07-14 15:32:17.369 D/dalvikvm(17928): VFY: replacing opcode 0x22 at 0x0011
07-14 15:32:17.369 I/dalvikvm(17928): Could not find method android.app.IActivityManager.unregisterActivityWatcher, referenced from method com.qihoo.appstore.clear.d.b
07-14 15:32:17.369 W/dalvikvm(17928): VFY: unable to resolve interface method 210: Landroid/app/IActivityManager;.unregisterActivityWatcher (Landroid/app/IActivityWatcher;)V
07-14 15:32:17.369 D/dalvikvm(17928): VFY: replacing opcode 0x72 at 0x0011
07-14 15:32:17.369 W/dalvikvm(17928): Unable to resolve superclass of Lcom/qihoo/appstore/clear/g; (44)
07-14 15:32:17.369 W/dalvikvm(17928): Link of class 'Lcom/qihoo/appstore/clear/g;' failed
07-14 15:32:17.369 D/dalvikvm(17928): DexOpt: unable to opt direct call 0x242a at 0x14 in Lcom/qihoo/appstore/clear/d;.a
07-14 15:32:17.541 I/ActivityManager(  374): Process com.google.android.apps.uploader (pid 17561) has died.
07-14 15:32:18.221 D/dalvikvm(  374): GC_FOR_ALLOC freed 669K, 26% free 21612K/29200K, paused 107ms, total 110ms
07-14 15:32:18.354 D/dalvikvm(  374): GC_FOR_ALLOC freed 762K, 28% free 21222K/29200K, paused 121ms, total 122ms
07-14 15:32:18.362 I/ActivityManager(  374): Process com.google.android.calendar (pid 18245) has died.
07-14 15:32:18.432 D/mdm_log (14510): [null:-1]->has installed by.game.binumbers
07-14 15:32:18.588 D/webviewglue(17928): nativeDestroy view: 0x4002b6e0
07-14 15:32:18.596 D/webviewglue(17928): nativeDestroy view: 0x5ccd66d8
07-14 15:32:18.713 D/dalvikvm(17928): GC_EXPLICIT freed 12925K, 42% free 18335K/31360K, paused 5ms+13ms, total 136ms
07-14 15:32:20.088 W/System.err(17272): java.io.FileNotFoundException: /data/data/com.mgyapp.android/files/.cfpaps.i: open failed: ENOENT (No such file or directory)
07-14 15:32:20.088 I/ActivityManager(  374): START u0 {act=android.intent.action.VIEW dat=market://search?q=pname:hjhk.hjhkPkg cmp=android/com.android.internal.app.ResolverActivity} from pid 14510
07-14 15:32:20.096 W/System.err(17272): 	at libcore.io.IoBridge.open(IoBridge.java:409)
07-14 15:32:20.096 W/System.err(17272): 	at java.io.FileInputStream.<init>(FileInputStream.java:78)
07-14 15:32:20.096 W/System.err(17272): 	at android.app.ContextImpl.openFileInput(ContextImpl.java:702)
07-14 15:32:20.096 W/System.err(17272): 	at android.content.ContextWrapper.openFileInput(ContextWrapper.java:173)
07-14 15:32:20.096 W/System.err(17272): 	at com.mgyun.shua.jc.service.f.run(Unknown Source)
07-14 15:32:20.096 W/System.err(17272): 	at com.mgyun.shua.jc.service.CpWorkServer.onHandleIntent(Unknown Source)
07-14 15:32:20.096 W/System.err(17272): 	at android.app.IntentService$ServiceHandler.handleMessage(IntentService.java:65)
07-14 15:32:20.096 W/System.err(17272): 	at android.os.Handler.dispatchMessage(Handler.java:99)
07-14 15:32:20.096 W/System.err(17272): 	at android.os.Looper.loop(Looper.java:137)
07-14 15:32:20.096 W/System.err(17272): 	at android.os.HandlerThread.run(HandlerThread.java:61)
07-14 15:32:20.096 W/System.err(17272): Caused by: libcore.io.ErrnoException: open failed: ENOENT (No such file or directory)
07-14 15:32:20.096 W/System.err(17272): 	at libcore.io.Posix.open(Native Method)
07-14 15:32:20.096 W/System.err(17272): 	at libcore.io.BlockGuardOs.open(BlockGuardOs.java:110)
07-14 15:32:20.096 W/System.err(17272): 	at libcore.io.IoBridge.open(IoBridge.java:393)
07-14 15:32:20.096 W/System.err(17272): 	... 9 more
07-14 15:32:20.213 D/dalvikvm(  374): GC_FOR_ALLOC freed 534K, 27% free 21481K/29200K, paused 90ms, total 90ms
07-14 15:32:20.315 D/dalvikvm(  374): GC_FOR_ALLOC freed 751K, 28% free 21102K/29200K, paused 90ms, total 90ms
07-14 15:32:20.315 D/MdmApplication(14510): [null:-1]->onActivityPaused market.activity.AppListActivity , mActivityCount = 5
07-14 15:32:20.323 D/MDM :   (14510): [null:-1]->query
07-14 15:32:20.323 D/MDM :   (14510): [null:-1]->QUERY_PINCODE_CHECK_RESULT
07-14 15:32:20.323 E/Mdm     (14510): Call Mdm service's setLastExitTime function
07-14 15:32:20.440 D/dalvikvm(17539): GC_CONCURRENT freed 784K, 9% free 9311K/10212K, paused 2ms+3ms, total 25ms
07-14 15:32:20.557 I/ActivityManager(  374): Displayed android/com.android.internal.app.ResolverActivity: +223ms
07-14 15:32:20.604 I/ActivityManager(  374): Process com.noshufou.android.su (pid 16880) has died.
07-14 15:32:20.994 I/ActivityManager(  374): Process com.android.defcontainer (pid 15608) has died.
07-14 15:32:22.698 I/ActivityManager(  374): START u0 {act=android.intent.action.VIEW dat=market://search?q=pname:hjhk.hjhkPkg flg=0x3000000 cmp=com.qihoo.appstore/.activities.SearchDistributionActivity} from pid 17539
07-14 15:32:22.838 D/dalvikvm(  374): GC_FOR_ALLOC freed 415K, 27% free 21480K/29200K, paused 88ms, total 88ms
07-14 15:32:22.924 D/dalvikvm(  374): GC_FOR_ALLOC freed 754K, 28% free 21099K/29200K, paused 86ms, total 86ms
07-14 15:32:22.948 I/ActivityManager(  374): START u0 {cmp=com.qihoo.appstore/.activities.MainActivity (has extras)} from pid 17928
07-14 15:32:22.987 D/MdmApplication(14510): [null:-1]->onActivityStarted market.activity.AppListActivity , mActivityCount = 4
07-14 15:32:22.987 D/MDM :   (14510): [null:-1]->query
07-14 15:32:22.987 D/MDM :   (14510): [null:-1]->QUERY_PINCODE_CHECK_RESULT
07-14 15:32:23.268 D/PushService(18129): [null:-1]->receiver action :com.pekall.mdm.action.PUSH_ALARM
07-14 15:32:23.283 D/PushService(18129): [null:-1]->keepAliveWithPushServer client is opened:true
07-14 15:32:23.283 D/PushLib : (18129): [null:-1]->ping!!!!!!!!!
07-14 15:32:23.283 D/PushLib : (18129): [null:-1]->pushClient is :not null
07-14 15:32:23.291 D/PushLib : (18129): [null:-1]->pushClient opened : opened
07-14 15:32:23.393 D/dalvikvm(17928): GC_CONCURRENT freed 1443K, 37% free 20051K/31360K, paused 5ms+8ms, total 81ms
07-14 15:32:23.393 D/dalvikvm(17928): WAIT_FOR_CONCURRENT_GC blocked 68ms
07-14 15:32:23.573 V/PhoneStatusBar(  450): setLightsOn(true)
07-14 15:32:24.002 W/System.err(17928): org.json.JSONException: Value [] at data of type org.json.JSONArray cannot be converted to JSONObject
07-14 15:32:24.002 W/System.err(17928): 	at org.json.JSON.typeMismatch(JSON.java:100)
07-14 15:32:24.002 W/System.err(17928): 	at org.json.JSONObject.getJSONObject(JSONObject.java:577)
07-14 15:32:24.002 W/System.err(17928): 	at com.qihoo.appstore.comment.c.a(Unknown Source)
07-14 15:32:24.002 W/System.err(17928): 	at com.qihoo.appstore.comment.e.a(Unknown Source)
07-14 15:32:24.010 W/System.err(17928): 	at com.qihoo.appstore.comment.e.a(Unknown Source)
07-14 15:32:24.010 W/System.err(17928): 	at com.qihoo.appstore.newAppInfo.bc.a(Unknown Source)
07-14 15:32:24.010 W/System.err(17928): 	at com.qihoo.appstore.q.r.a(Unknown Source)
07-14 15:32:24.010 W/System.err(17928): 	at com.qihoo.appstore.q.r.a(Unknown Source)
07-14 15:32:24.010 W/System.err(17928): 	at com.qihoo.appstore.c.g.call(Unknown Source)
07-14 15:32:24.010 W/System.err(17928): 	at java.util.concurrent.FutureTask.run(FutureTask.java:234)
07-14 15:32:24.010 W/System.err(17928): 	at java.util.concurrent.ThreadPoolExecutor.runWorker(ThreadPoolExecutor.java:1080)
07-14 15:32:24.010 W/System.err(17928): 	at java.util.concurrent.ThreadPoolExecutor$Worker.run(ThreadPoolExecutor.java:573)
07-14 15:32:24.010 W/System.err(17928): 	at java.lang.Thread.run(Thread.java:841)
07-14 15:32:24.463 I/ActivityManager(  374): Displayed com.qihoo.appstore/.activities.MainActivity: +1s515ms (total +1s532ms)
07-14 15:32:24.846 W/System.err(17928): org.json.JSONException: Value [] at data of type org.json.JSONArray cannot be converted to JSONObject
07-14 15:32:24.846 W/System.err(17928): 	at org.json.JSON.typeMismatch(JSON.java:100)
07-14 15:32:24.846 W/System.err(17928): 	at org.json.JSONObject.getJSONObject(JSONObject.java:577)
07-14 15:32:24.846 W/System.err(17928): 	at com.qihoo.appstore.comment.c.a(Unknown Source)
07-14 15:32:24.846 W/System.err(17928): 	at com.qihoo.appstore.comment.e.a(Unknown Source)
07-14 15:32:24.846 W/System.err(17928): 	at com.qihoo.appstore.comment.e.a(Unknown Source)
07-14 15:32:24.846 W/System.err(17928): 	at com.qihoo.appstore.newAppInfo.bc.a(Unknown Source)
07-14 15:32:24.846 W/System.err(17928): 	at com.qihoo.appstore.q.r.a(Unknown Source)
07-14 15:32:24.846 W/System.err(17928): 	at com.qihoo.appstore.q.r.a(Unknown Source)
07-14 15:32:24.846 W/System.err(17928): 	at com.qihoo.appstore.c.g.call(Unknown Source)
07-14 15:32:24.846 W/System.err(17928): 	at java.util.concurrent.FutureTask.run(FutureTask.java:234)
07-14 15:32:24.846 W/System.err(17928): 	at java.util.concurrent.ThreadPoolExecutor.runWorker(ThreadPoolExecutor.java:1080)
07-14 15:32:24.846 W/System.err(17928): 	at java.util.concurrent.ThreadPoolExecutor$Worker.run(ThreadPoolExecutor.java:573)
07-14 15:32:24.846 W/System.err(17928): 	at java.lang.Thread.run(Thread.java:841)
07-14 15:32:27.932 D/dalvikvm(17928): GC_CONCURRENT freed 3640K, 36% free 20145K/31360K, paused 5ms+8ms, total 93ms
07-14 15:32:27.932 D/dalvikvm(17928): WAIT_FOR_CONCURRENT_GC blocked 76ms
07-14 15:32:27.948 D/dalvikvm(17928): WAIT_FOR_CONCURRENT_GC blocked 68ms
07-14 15:32:28.307 D/PushLib : (18129): [null:-1]->MSG_WEBSOCKET_PONG
07-14 15:32:28.666 D/dalvikvm(16938): GC_CONCURRENT freed 420K, 22% free 9508K/12148K, paused 2ms+3ms, total 36ms
07-14 15:32:28.823 D/dalvikvm(17928): GC_CONCURRENT freed 2828K, 33% free 21034K/31360K, paused 4ms+23ms, total 133ms
07-14 15:32:29.174 I/collector(17928): no gps or passive, so not to collect!
07-14 15:32:30.088 W/System.err(17272): java.io.FileNotFoundException: /data/data/com.mgyapp.android/files/.cfp.i: open failed: ENOENT (No such file or directory)
07-14 15:32:30.088 W/System.err(17272): 	at libcore.io.IoBridge.open(IoBridge.java:409)
07-14 15:32:30.088 W/System.err(17272): 	at java.io.FileInputStream.<init>(FileInputStream.java:78)
07-14 15:32:30.088 W/System.err(17272): 	at android.app.ContextImpl.openFileInput(ContextImpl.java:702)
07-14 15:32:30.088 W/System.err(17272): 	at android.content.ContextWrapper.openFileInput(ContextWrapper.java:173)
07-14 15:32:30.088 W/System.err(17272): 	at com.mgyun.shua.jc.c.b(Unknown Source)
07-14 15:32:30.088 W/System.err(17272): 	at com.mgyun.shua.jc.d.a(Unknown Source)
07-14 15:32:30.088 W/System.err(17272): 	at com.mgyun.shua.jc.service.CpWorkServer.onHandleIntent(Unknown Source)
07-14 15:32:30.088 W/System.err(17272): 	at android.app.IntentService$ServiceHandler.handleMessage(IntentService.java:65)
07-14 15:32:30.088 W/System.err(17272): 	at android.os.Handler.dispatchMessage(Handler.java:99)
07-14 15:32:30.096 W/System.err(17272): 	at android.os.Looper.loop(Looper.java:137)
07-14 15:32:30.096 W/System.err(17272): 	at android.os.HandlerThread.run(HandlerThread.java:61)
07-14 15:32:30.096 W/System.err(17272): Caused by: libcore.io.ErrnoException: open failed: ENOENT (No such file or directory)
07-14 15:32:30.096 W/System.err(17272): 	at libcore.io.Posix.open(Native Method)
07-14 15:32:30.096 W/System.err(17272): 	at libcore.io.BlockGuardOs.open(BlockGuardOs.java:110)
07-14 15:32:30.096 W/System.err(17272): 	at libcore.io.IoBridge.open(IoBridge.java:393)
07-14 15:32:30.096 W/System.err(17272): 	... 10 more
07-14 15:32:31.619 D/dalvikvm(17928): GC_EXPLICIT freed 1135K, 34% free 20926K/31360K, paused 4ms+28ms, total 108ms
07-14 15:32:35.080 D/AndroidRuntime(18568): 
07-14 15:32:35.080 D/AndroidRuntime(18568): >>>>>> AndroidRuntime START com.android.internal.os.RuntimeInit <<<<<<
07-14 15:32:35.080 D/AndroidRuntime(18568): CheckJNI is OFF
07-14 15:32:35.096 D/dalvikvm(18568): Trying to load lib libjavacore.so 0x0
07-14 15:32:35.104 D/dalvikvm(18568): Added shared lib libjavacore.so 0x0
07-14 15:32:35.119 D/dalvikvm(18568): Trying to load lib libnativehelper.so 0x0
07-14 15:32:35.119 D/dalvikvm(18568): Added shared lib libnativehelper.so 0x0
07-14 15:32:35.369 D/AndroidRuntime(18568): Calling main entry com.android.commands.uiautomator.Launcher
07-14 15:32:36.752 I/AccessibilityNodeInfoDumper(18568): Skipping invisible child: android.view.accessibility.AccessibilityNodeInfo@12237; boundsInParent: Rect(0, 0 - 197, 33); boundsInScreen: Rect(151, 1130 - 348, 1163); packageName: com.qihoo.appstore; className: android.widget.TextView; text: 20%; contentDescription: null; viewIdResName: com.qihoo.appstore:id/download_count; checkable: false; checked: false; focusable: false; focused: false; selected: false; clickable: false; longClickable: false; enabled: true; password: false; scrollable: false; [ACTION_SELECT, ACTION_CLEAR_SELECTION, ACTION_ACCESSIBILITY_FOCUS, ACTION_NEXT_AT_MOVEMENT_GRANULARITY, ACTION_PREVIOUS_AT_MOVEMENT_GRANULARITY, ACTION_SET_SELECTION]
07-14 15:32:36.752 I/AccessibilityNodeInfoDumper(18568): Skipping invisible child: android.view.accessibility.AccessibilityNodeInfo@125f8; boundsInParent: Rect(0, 0 - 80, 46); boundsInScreen: Rect(151, 1169 - 231, 1215); packageName: com.qihoo.appstore; className: android.widget.TextView; text: ; contentDescription: null; viewIdResName: com.qihoo.appstore:id/app_status; checkable: false; checked: false; focusable: true; focused: false; selected: false; clickable: true; longClickable: false; enabled: true; password: false; scrollable: false; [ACTION_FOCUS, ACTION_SELECT, ACTION_CLEAR_SELECTION, ACTION_CLICK, ACTION_ACCESSIBILITY_FOCUS, ACTION_NEXT_AT_MOVEMENT_GRANULARITY, ACTION_PREVIOUS_AT_MOVEMENT_GRANULARITY, ACTION_SET_SELECTION]
07-14 15:32:36.760 I/AccessibilityNodeInfoDumper(18568): Skipping invisible child: android.view.accessibility.AccessibilityNodeInfo@12d7a; boundsInParent: Rect(0, 0 - 197, 33); boundsInScreen: Rect(488, 1130 - 685, 1163); packageName: com.qihoo.appstore; className: android.widget.TextView; text: 23%; contentDescription: null; viewIdResName: com.qihoo.appstore:id/download_count; checkable: false; checked: false; focusable: false; focused: false; selected: false; clickable: false; longClickable: false; enabled: true; password: false; scrollable: false; [ACTION_SELECT, ACTION_CLEAR_SELECTION, ACTION_ACCESSIBILITY_FOCUS, ACTION_NEXT_AT_MOVEMENT_GRANULARITY, ACTION_PREVIOUS_AT_MOVEMENT_GRANULARITY, ACTION_SET_SELECTION]
07-14 15:32:36.760 I/AccessibilityNodeInfoDumper(18568): Skipping invisible child: android.view.accessibility.AccessibilityNodeInfo@1313b; boundsInParent: Rect(0, 0 - 80, 46); boundsInScreen: Rect(488, 1169 - 568, 1215); packageName: com.qihoo.appstore; className: android.widget.TextView; text: ; contentDescription: null; viewIdResName: com.qihoo.appstore:id/app_status; checkable: false; checked: false; focusable: true; focused: false; selected: false; clickable: true; longClickable: false; enabled: true; password: false; scrollable: false; [ACTION_FOCUS, ACTION_SELECT, ACTION_CLEAR_SELECTION, ACTION_CLICK, ACTION_ACCESSIBILITY_FOCUS, ACTION_NEXT_AT_MOVEMENT_GRANULARITY, ACTION_PREVIOUS_AT_MOVEMENT_GRANULARITY, ACTION_SET_SELECTION]
07-14 15:32:36.760 I/AccessibilityNodeInfoDumper(18568): Skipping invisible child: android.view.accessibility.AccessibilityNodeInfo@116f4; boundsInParent: Rect(0, 0 - 329, 134); boundsInScreen: Rect(21, 1235 - 350, 1369); packageName: com.qihoo.appstore; className: android.widget.RelativeLayout; text: null; contentDescription: null; viewIdResName: null; checkable: false; checked: false; focusable: false; focused: false; selected: false; clickable: true; longClickable: false; enabled: true; password: false; scrollable: false; [ACTION_SELECT, ACTION_CLEAR_SELECTION, ACTION_CLICK, ACTION_ACCESSIBILITY_FOCUS]
07-14 15:32:36.760 I/AccessibilityNodeInfoDumper(18568): Skipping invisible child: android.view.accessibility.AccessibilityNodeInfo@11ab5; boundsInParent: Rect(0, 0 - 329, 134); boundsInScreen: Rect(358, 1235 - 687, 1369); packageName: com.qihoo.appstore; className: android.widget.RelativeLayout; text: null; contentDescription: null; viewIdResName: null; checkable: false; checked: false; focusable: false; focused: false; selected: false; clickable: true; longClickable: false; enabled: true; password: false; scrollable: false; [ACTION_SELECT, ACTION_CLEAR_SELECTION, ACTION_CLICK, ACTION_ACCESSIBILITY_FOCUS]
07-14 15:32:36.760 I/AccessibilityNodeInfoDumper(18568): Skipping invisible child: android.view.accessibility.AccessibilityNodeInfo@cfa1; boundsInParent: Rect(0, 0 - 110, 70); boundsInScreen: Rect(72, 1403 - 182, 1473); packageName: com.qihoo.appstore; className: android.widget.TextView; text: (0); contentDescription: null; viewIdResName: com.qihoo.appstore:id/comment_title; checkable: false; checked: false; focusable: false; focused: false; selected: false; clickable: false; longClickable: false; enabled: true; password: false; scrollable: false; [ACTION_SELECT, ACTION_CLEAR_SELECTION, ACTION_ACCESSIBILITY_FOCUS, ACTION_NEXT_AT_MOVEMENT_GRANULARITY, ACTION_PREVIOUS_AT_MOVEMENT_GRANULARITY, ACTION_SET_SELECTION]
07-14 15:32:36.760 I/AccessibilityNodeInfoDumper(18568): Skipping invisible child: android.view.accessibility.AccessibilityNodeInfo@d362; boundsInParent: Rect(0, 0 - 128, 70); boundsInScreen: Rect(564, 1403 - 692, 1473); packageName: com.qihoo.appstore; className: android.widget.TextView; text: ; contentDescription: null; viewIdResName: com.qihoo.appstore:id/view_all_comment; checkable: false; checked: false; focusable: false; focused: false; selected: false; clickable: true; longClickable: false; enabled: true; password: false; scrollable: false; [ACTION_SELECT, ACTION_CLEAR_SELECTION, ACTION_CLICK, ACTION_ACCESSIBILITY_FOCUS, ACTION_NEXT_AT_MOVEMENT_GRANULARITY, ACTION_PREVIOUS_AT_MOVEMENT_GRANULARITY, ACTION_SET_SELECTION]
07-14 15:32:36.760 I/AccessibilityNodeInfoDumper(18568): Skipping invisible child: android.view.accessibility.AccessibilityNodeInfo@d723; boundsInParent: Rect(0, 0 - 696, 80); boundsInScreen: Rect(12, 1475 - 708, 1555); packageName: com.qihoo.appstore; className: android.widget.TextView; text: ; contentDescription: null; viewIdResName: com.qihoo.appstore:id/go_comment; checkable: false; checked: false; focusable: false; focused: false; selected: false; clickable: false; longClickable: false; enabled: true; password: false; scrollable: false; [ACTION_SELECT, ACTION_CLEAR_SELECTION, ACTION_ACCESSIBILITY_FOCUS, ACTION_NEXT_AT_MOVEMENT_GRANULARITY, ACTION_PREVIOUS_AT_MOVEMENT_GRANULARITY, ACTION_SET_SELECTION]
07-14 15:32:36.760 I/AccessibilityNodeInfoDumper(18568): Skipping invisible child: android.view.accessibility.AccessibilityNodeInfo@dae4; boundsInParent: Rect(0, 0 - 232, 70); boundsInScreen: Rect(10, 1567 - 242, 1637); packageName: com.qihoo.appstore; className: android.widget.TextView; text: ; contentDescription: null; viewIdResName: com.qihoo.appstore:id/other_works; checkable: false; checked: false; focusable: false; focused: false; selected: false; clickable: true; longClickable: false; enabled: true; password: false; scrollable: false; [ACTION_SELECT, ACTION_CLEAR_SELECTION, ACTION_CLICK, ACTION_ACCESSIBILITY_FOCUS, ACTION_NEXT_AT_MOVEMENT_GRANULARITY, ACTION_PREVIOUS_AT_MOVEMENT_GRANULARITY, ACTION_SET_SELECTION]
07-14 15:32:36.760 I/AccessibilityNodeInfoDumper(18568): Skipping invisible child: android.view.accessibility.AccessibilityNodeInfo@dea5; boundsInParent: Rect(0, 0 - 232, 70); boundsInScreen: Rect(244, 1567 - 476, 1637); packageName: com.qihoo.appstore; className: android.widget.TextView; text: ; contentDescription: null; viewIdResName: com.qihoo.appstore:id/view_report; checkable: false; checked: false; focusable: false; focused: false; selected: false; clickable: true; longClickable: false; enabled: true; password: false; scrollable: false; [ACTION_SELECT, ACTION_CLEAR_SELECTION, ACTION_CLICK, ACTION_ACCESSIBILITY_FOCUS, ACTION_NEXT_AT_MOVEMENT_GRANULARITY, ACTION_PREVIOUS_AT_MOVEMENT_GRANULARITY, ACTION_SET_SELECTION]
07-14 15:32:36.768 I/AccessibilityNodeInfoDumper(18568): Skipping invisible child: android.view.accessibility.AccessibilityNodeInfo@e266; boundsInParent: Rect(0, 0 - 232, 70); boundsInScreen: Rect(478, 1567 - 710, 1637); packageName: com.qihoo.appstore; className: android.widget.TextView; text: ; contentDescription: null; viewIdResName: com.qihoo.appstore:id/permission_info_title; checkable: false; checked: false; focusable: false; focused: false; selected: false; clickable: true; longClickable: false; enabled: true; password: false; scrollable: false; [ACTION_SELECT, ACTION_CLEAR_SELECTION, ACTION_CLICK, ACTION_ACCESSIBILITY_FOCUS, ACTION_NEXT_AT_MOVEMENT_GRANULARITY, ACTION_PREVIOUS_AT_MOVEMENT_GRANULARITY, ACTION_SET_SELECTION]
07-14 15:32:36.776 W/AccessibilityNodeInfoDumper(18568): Fetch time: 166ms
07-14 15:32:36.783 D/AndroidRuntime(18568): Shutting down VM
07-14 15:32:36.791 D/dalvikvm(18568): GC_CONCURRENT freed 451K, 45% free 576K/1032K, paused 0ms+1ms, total 5ms
07-14 15:32:37.330 D/dalvikvm( 1052): GC_CONCURRENT freed 384K, 9% free 10234K/11168K, paused 2ms+3ms, total 31ms
07-14 15:32:40.057 W/Settings( 2019): Setting airplane_mode_on has moved from android.provider.Settings.System to android.provider.Settings.Global, returning read-only value.
07-14 15:32:40.057 W/Settings( 2019): Setting mobile_data has moved from android.provider.Settings.Secure to android.provider.Settings.Global.
07-14 15:32:40.057 D/BluetoothAdapter( 2019): 1116407520: getState() :  mService = null. Returning STATE_OFF
07-14 15:32:40.057 W/Settings( 2019): Setting airplane_mode_on has moved from android.provider.Settings.System to android.provider.Settings.Global, returning read-only value.
07-14 15:32:46.885 D/LightsService(  374): Excessive delay setting light: 68ms
07-14 15:32:47.151 D/LightsService(  374): Excessive delay setting light: 66ms
07-14 15:32:52.666 I/PowerManagerService(  374): Going to sleep due to screen timeout...
07-14 15:32:53.533 D/SurfaceFlinger(  124): Screen released, type=0 flinger=0x41e1a478
07-14 15:32:53.674 D/dalvikvm(  374): GC_FOR_ALLOC freed 1534K, 29% free 20756K/29200K, paused 88ms, total 89ms
07-14 15:32:53.752 D/NfcService(  582): NFC-C OFF, disconnect
07-14 15:32:53.862 D/MDM :   (14510): [null:-1]->query
07-14 15:32:53.862 D/MDM :   (14510): [null:-1]->QUERY_SETTING_PIN_ONOFF
07-14 15:32:53.924 D/YouTube MDX(17593): Recieved intent android.intent.action.SCREEN_OFF
07-14 15:32:56.830 D/MdmService(14510): [null:-1]->receiver action :com.pekall.mdm.action.MDM_ALARM
07-14 15:32:56.830 D/MdmService(14510): [null:-1]->keepAliveWithPushServer client is opened:true
07-14 15:32:56.830 D/MDM :   (14510): [null:-1]->ping!!!!!!!!!
07-14 15:32:56.846 D/MdmService(14510): [null:-1]->pushUrl : ws://demo.everknow.cn:9030/websocket
07-14 15:32:56.846 D/MDM :   (14510): [null:-1]->mMdmPushClient is :not null
07-14 15:32:56.846 D/MDM :   (14510): [null:-1]->mMdmPushClient opened : opened
07-14 15:32:56.846 D/MDM :   (14510): [null:-1]->MSG_WEBSOCKET_PONG
07-14 15:32:58.744 V/KeyguardHostView(  374): hide transport, gen:65
07-14 15:32:58.744 V/KeyguardHostView(  374): music state changed: 0
07-14 15:32:58.768 D/PhoneStatusBar(  450): disable: < expand icons alerts ticker system_info back home RECENT* clock search >
07-14 15:32:58.799 V/TAG     (  374): bug 7643792: fitSystemWindows([0,50][0,0])
07-14 15:32:58.854 D/dalvikvm(  374): GC_CONCURRENT freed 841K, 22% free 22806K/29200K, paused 6ms+11ms, total 119ms
07-14 15:32:58.932 D/PhoneStatusBar(  450): disable: < expand icons alerts ticker system_info BACK* HOME* RECENT CLOCK* search >
07-14 15:32:59.541 D/dalvikvm(18020): GC_CONCURRENT freed 387K, 6% free 9230K/9740K, paused 5ms+3ms, total 37ms
07-14 15:33:07.713 D/GCM     (  624): Ignoring attempt to send heartbeat on dead connection.
07-14 15:33:16.643 I/PowerManagerService(  374): Waking up from sleep...
07-14 15:33:16.791 I/WindowManager(  374): Lock screen displayed!
07-14 15:33:16.940 D/dalvikvm( 2019): GC_FOR_ALLOC freed 300K, 7% free 9925K/10588K, paused 32ms, total 33ms
07-14 15:33:16.971 D/dalvikvm(  636): GC_FOR_ALLOC freed 1030K, 10% free 12680K/14076K, paused 54ms, total 54ms
07-14 15:33:17.033 D/PowerManagerService-JNI(  374): Excessive delay in autosuspend_disable() while turning screen on: 377ms
07-14 15:33:17.041 D/SurfaceFlinger(  124): Screen acquired, type=0 flinger=0x41e1a478
07-14 15:33:17.112 D/dalvikvm(18296): GC_CONCURRENT freed 271K, 6% free 9565K/10080K, paused 2ms+39ms, total 131ms
07-14 15:33:17.135 D/YouTube MDX(17593): Recieved intent android.intent.action.SCREEN_ON
07-14 15:33:17.143 V/DigitalWidgetViewsFactory(18107): DigitalWidget sets next alarm string to null
07-14 15:33:17.315 D/LightsService(  374): Excessive delay setting light: 149ms
07-14 15:33:17.377 D/AndroidRuntime(18604): 
07-14 15:33:17.377 D/AndroidRuntime(18604): >>>>>> AndroidRuntime START com.android.internal.os.RuntimeInit <<<<<<
07-14 15:33:17.377 D/AndroidRuntime(18604): CheckJNI is OFF
07-14 15:33:17.385 D/dalvikvm(18604): Trying to load lib libjavacore.so 0x0
07-14 15:33:17.393 D/dalvikvm(18604): Added shared lib libjavacore.so 0x0
07-14 15:33:17.408 D/dalvikvm(18604): Trying to load lib libnativehelper.so 0x0
07-14 15:33:17.408 D/dalvikvm(18604): Added shared lib libnativehelper.so 0x0
07-14 15:33:17.565 D/AndroidRuntime(18604): Calling main entry com.qihoo360.powerctl.root.app.App
07-14 15:33:17.565 D/AndroidRuntime(18604): Shutting down VM
07-14 15:33:17.573 D/dalvikvm(18604): GC_CONCURRENT freed 115K, 21% free 467K/592K, paused 1ms+0ms, total 4ms
07-14 15:33:17.573 I/AndroidRuntime(18604): NOTE: attach of thread 'Binder_2' failed
07-14 15:33:17.580 W/GlowPadView(  374): The number of target drawables must be equal to the number of direction descriptions.
07-14 15:33:17.737 D/MdmApplication(14510): [null:-1]->onActivityStarted market.activity.AppListActivity , mActivityCount = 5
07-14 15:33:17.744 D/MDM :   (14510): [null:-1]->query
07-14 15:33:17.744 D/MDM :   (14510): [null:-1]->QUERY_PINCODE_CHECK_RESULT
07-14 15:33:17.760 D/PhoneStatusBar(  450): disable: < expand icons alerts ticker system_info BACK HOME recent* CLOCK search >
07-14 15:33:17.846 D/PhoneStatusBar(  450): disable: < expand icons alerts ticker system_info back* home* recent clock* search >
07-14 15:33:17.854 D/NfcService(  582): NFC-C ON
07-14 15:33:17.901 V/PhoneStatusBar(  450): setLightsOn(true)
07-14 15:33:18.010 W/InputMethodManagerService(  374): Window already focused, ignoring focus gain of: com.android.internal.view.IInputMethodClient$Stub$Proxy@42bd27e8 attribute=android.view.inputmethod.EditorInfo@42e54438, token = android.os.BinderProxy@42ef9f00
07-14 15:33:18.065 D/dalvikvm(  874): GC_CONCURRENT freed 391K, 17% free 9647K/11548K, paused 5ms+14ms, total 198ms
07-14 15:33:18.190 D/dalvikvm(  577): GC_CONCURRENT freed 442K, 5% free 9529K/10012K, paused 4ms+10ms, total 74ms
07-14 15:33:18.260 V/TAG     (  374): bug 7643792: fitSystemWindows([0,50][0,0])
07-14 15:33:18.330 D/dalvikvm( 1052): GC_CONCURRENT freed 364K, 8% free 10333K/11168K, paused 39ms+15ms, total 232ms
07-14 15:33:18.377 I/RootJni (18631): su: permission denied
07-14 15:33:18.494 D/AndroidRuntime(18630): 
07-14 15:33:18.494 D/AndroidRuntime(18630): >>>>>> AndroidRuntime START com.android.internal.os.RuntimeInit <<<<<<
07-14 15:33:18.494 D/AndroidRuntime(18630): CheckJNI is OFF
07-14 15:33:18.510 D/dalvikvm(18630): Trying to load lib libjavacore.so 0x0
07-14 15:33:18.526 D/dalvikvm(18630): Added shared lib libjavacore.so 0x0
07-14 15:33:18.541 D/dalvikvm(18630): Trying to load lib libnativehelper.so 0x0
07-14 15:33:18.541 D/dalvikvm(18630): Added shared lib libnativehelper.so 0x0
07-14 15:33:18.776 D/AndroidRuntime(18630): Calling main entry com.qihoo360.powerctl.root.app.App
07-14 15:33:18.776 D/AndroidRuntime(18630): Shutting down VM
07-14 15:33:18.783 D/dalvikvm(18630): GC_CONCURRENT freed 115K, 21% free 467K/592K, paused 1ms+0ms, total 4ms
07-14 15:33:19.408 D/dalvikvm(  450): GC_CONCURRENT freed 1875K, 17% free 15706K/18752K, paused 4ms+11ms, total 73ms
07-14 15:33:21.198 E/ActivityThread(17928): Failed to find provider info for com.qihoo.antivirus.sync.MSSyncProvider
07-14 15:33:21.221 I/ActivityManager(  374): Start proc com.android.defcontainer for service com.android.defcontainer/.DefaultContainerService: pid=18661 uid=10012 gids={50012, 1015, 1023, 2001, 1028}
07-14 15:33:21.283 W/ActivityManager(  374): No content provider found for permission revoke: file:///storage/emulated/0/360Download/85160EED11FBAE5E019C120A6B4000F3
07-14 15:33:21.362 D/Finsky  (11839): [1] PackageVerificationReceiver.onReceive: Verification requested, id = 5
07-14 15:33:21.369 D/Finsky  (11839): [1] WorkerTask.onPreExecute: Verification Requested for id = 5, data=file:///storage/emulated/0/360Download/85160EED11FBAE5E019C120A6B4000F3 flags=48 fromVerificationActivity=false
07-14 15:33:21.651 I/ActivityManager(  374): Process com.nd.assistance (pid 18007) has died.
07-14 15:33:24.018 D/JOBS    (18129): Thread-835: load factor check. true = (0 < 1)|| (0 * 3 < 0 + 0). consumer thread: true
07-14 15:33:24.018 D/JOBS    (18129): didn't allow me to die, re-running Thread-835
07-14 15:33:24.018 D/JOBS    (18129): re-running consumer Thread-835
07-14 15:33:27.854 D/dalvikvm(17928): JIT code cache reset in 10 ms (1048568 bytes 1/0)
07-14 15:33:27.869 D/dalvikvm(17928): GC_CONCURRENT freed 6726K, 43% free 18097K/31356K, paused 7ms+30ms, total 116ms
07-14 15:33:31.369 I/PackageManager(  374): Verification timed out for file:///storage/emulated/0/360Download/85160EED11FBAE5E019C120A6B4000F3
07-14 15:33:31.369 I/PackageManager(  374): Continuing with installation of file:///storage/emulated/0/360Download/85160EED11FBAE5E019C120A6B4000F3
07-14 15:33:31.377 D/Finsky  (11839): [1] PackageVerificationReceiver.onReceive: Verification requested, id = 5
07-14 15:33:31.385 D/Finsky  (11839): [1] PackageVerificationService.cancelVerificationIntent: Cancel active verification id=5
07-14 15:33:31.393 W/ActivityManager(  374): No content provider found for permission revoke: file:///storage/emulated/0/360Download/85160EED11FBAE5E019C120A6B4000F3
07-14 15:33:31.393 I/PackageManager(  374): Copying native libraries to /data/app-lib/vmdl670139069
07-14 15:33:31.479 I/PackageManager(  374): Running dexopt on: hjhk.hjhkPkg
07-14 15:33:31.526 D/dalvikvm(18677): DexOpt: 'Landroid/annotation/SuppressLint;' has an earlier definition; blocking out
07-14 15:33:31.526 D/dalvikvm(18677): DexOpt: 'Landroid/annotation/TargetApi;' has an earlier definition; blocking out
07-14 15:33:31.533 D/dalvikvm(18677): DexOpt: not verifying/optimizing 'Landroid/annotation/SuppressLint;': multiple definitions
07-14 15:33:31.533 D/dalvikvm(18677): DexOpt: not verifying/optimizing 'Landroid/annotation/TargetApi;': multiple definitions
07-14 15:33:31.604 D/dalvikvm(18677): DexOpt: load 16ms, verify+opt 66ms, 320428 bytes
07-14 15:33:31.627 I/ActivityManager(  374): Force stopping package hjhk.hjhkPkg appid=10073 user=-1
07-14 15:33:32.057 I/ActivityManager(  374): Process com.google.android.apps.maps:FriendService (pid 18317) has died.
07-14 15:33:32.088 I/InputReader(  374): Reconfiguring input devices.  changes=0x00000010
07-14 15:33:32.182 I/ActivityManager(  374): Start proc com.qihoo360.mobilesafe for service com.qihoo360.mobilesafe/.service.GuardDelegateService: pid=18687 uid=10072 gids={50072, 3003, 1015, 3001, 3002, 1006, 1028}
07-14 15:33:32.205 I/Launcher(  595): Deferring update until onResume
07-14 15:33:32.393 D/BackupManagerService(  374): Received broadcast Intent { act=android.intent.action.PACKAGE_ADDED dat=package:hjhk.hjhkPkg flg=0x8000010 (has extras) }
07-14 15:33:32.401 V/BackupManagerService(  374): addPackageParticipantsLocked: #1
07-14 15:33:32.424 D/dalvikvm(  636): GC_FOR_ALLOC freed 367K, 10% free 12729K/14076K, paused 255ms, total 256ms
07-14 15:33:32.487 I/MobileSafeApplication(18687): runtime.process.name=com.qihoo360.mobilesafe
07-14 15:33:32.487 I/MobileSafeApplication(18687): process ui=true persist=false crash=false contact=false barcode=false permm=false
07-14 15:33:32.487 I/ActivityManager(  374): Start proc com.qihoo360.mobilesafe:scan for service com.qihoo360.mobilesafe/com.qihoo.security.services.DeepScanService: pid=18701 uid=10072 gids={50072, 3003, 1015, 3001, 3002, 1006, 1028}
07-14 15:33:32.502 I/MobileSafeApplication(18687): use ipc_pref, try load
07-14 15:33:32.502 D/dalvikvm(18687): Trying to load lib /data/data/com.qihoo360.mobilesafe/files/so_libs/libipc_pref.520.1.so 0x4280e448
07-14 15:33:32.510 I/ipc_pref(18687): [RegisterJniFunctions:19]	RegisterJniFunction methods count: 10
07-14 15:33:32.510 I/ipc_pref(18687): 
07-14 15:33:32.510 D/dalvikvm(18687): Added shared lib /data/data/com.qihoo360.mobilesafe/files/so_libs/libipc_pref.520.1.so 0x4280e448
07-14 15:33:32.510 I/ipc_pref(18687): [JNI_OnLoad:43]	JNI_OnLoad
07-14 15:33:32.510 I/ipc_pref(18687): 
07-14 15:33:32.510 I/ipc_pref(18687): [init:19]	init /data/data/com.qihoo360.mobilesafe/shared_prefs/ipc_pref
07-14 15:33:32.510 I/ipc_pref(18687): 
07-14 15:33:32.510 I/ipc_pref(18687): [init:45]	/data/data/com.qihoo360.mobilesafe/shared_prefs/ipc_pref
07-14 15:33:32.510 I/ipc_pref(18687): 
07-14 15:33:32.510 I/MobileSafeApplication(18687): use ipc_pref, loaded
07-14 15:33:32.604 I/MobileSafeApplication(18701): runtime.process.name=com.qihoo360.mobilesafe:scan
07-14 15:33:32.604 I/MobileSafeApplication(18701): process ui=false persist=false crash=false contact=false barcode=false permm=false
07-14 15:33:32.612 I/MobileSafeApplication(18701): use ipc_pref, try load
07-14 15:33:32.619 D/dalvikvm(18701): Trying to load lib /data/data/com.qihoo360.mobilesafe/files/so_libs/libipc_pref.520.1.so 0x4280e3d8
07-14 15:33:32.619 I/Launcher(  595): Deferring update until onResume
07-14 15:33:32.619 I/ipc_pref(18701): [RegisterJniFunctions:19]	RegisterJniFunction methods count: 10
07-14 15:33:32.619 I/ipc_pref(18701): 
07-14 15:33:32.619 D/dalvikvm(18701): Added shared lib /data/data/com.qihoo360.mobilesafe/files/so_libs/libipc_pref.520.1.so 0x4280e3d8
07-14 15:33:32.619 I/ipc_pref(18701): [JNI_OnLoad:43]	JNI_OnLoad
07-14 15:33:32.619 I/ipc_pref(18701): 
07-14 15:33:32.619 I/ipc_pref(18701): [init:19]	init /data/data/com.qihoo360.mobilesafe/shared_prefs/ipc_pref
07-14 15:33:32.619 I/ipc_pref(18701): 
07-14 15:33:32.619 I/ipc_pref(18701): [init:45]	/data/data/com.qihoo360.mobilesafe/shared_prefs/ipc_pref
07-14 15:33:32.619 I/ipc_pref(18701): 
07-14 15:33:32.627 I/MobileSafeApplication(18701): use ipc_pref, loaded
07-14 15:33:32.682 I/ActivityManager(  374): Start proc android.process.acore for broadcast com.android.providers.contacts/.PackageIntentReceiver: pid=18715 uid=10000 gids={50000, 3003, 1015, 1028}
07-14 15:33:32.698 D/dalvikvm(18701): Trying to load lib /data/data/com.qihoo360.mobilesafe/files/so_libs/libbreakpad-jni-1.0.so 0x4280e3d8
07-14 15:33:32.705 D/dalvikvm(18701): Added shared lib /data/data/com.qihoo360.mobilesafe/files/so_libs/libbreakpad-jni-1.0.so 0x4280e3d8
07-14 15:33:32.705 D/dalvikvm(18701): No JNI_OnLoad found in /data/data/com.qihoo360.mobilesafe/files/so_libs/libbreakpad-jni-1.0.so 0x4280e3d8, skipping init
07-14 15:33:32.705 D/CrashHandler(18701): path = /data/data/com.qihoo360.mobilesafe/files/native_crash
07-14 15:33:32.705 D/dalvikvm(18687): Trying to load lib /data/data/com.qihoo360.mobilesafe/files/so_libs/libbreakpad-jni-1.0.so 0x4280e448
07-14 15:33:32.721 D/dalvikvm(18687): Added shared lib /data/data/com.qihoo360.mobilesafe/files/so_libs/libbreakpad-jni-1.0.so 0x4280e448
07-14 15:33:32.721 D/dalvikvm(18687): No JNI_OnLoad found in /data/data/com.qihoo360.mobilesafe/files/so_libs/libbreakpad-jni-1.0.so 0x4280e448, skipping init
07-14 15:33:32.721 D/CrashHandler(18687): path = /data/data/com.qihoo360.mobilesafe/files/native_crash
07-14 15:33:32.737 D/dalvikvm(18701): Trying to load lib /data/data/com.qihoo360.mobilesafe/lib/libcloudscan-1.0.0.so 0x4280e3d8
07-14 15:33:32.776 D/dalvikvm(18701): Added shared lib /data/data/com.qihoo360.mobilesafe/lib/libcloudscan-1.0.0.so 0x4280e3d8
07-14 15:33:32.815 I/ActivityManager(  374): Start proc com.qihoo360.mobilesafe:engine for service com.qihoo360.mobilesafe/com.qihoo.security.services.ScanEngineService: pid=18732 uid=10072 gids={50072, 3003, 1015, 3001, 3002, 1006, 1028}
07-14 15:33:32.862 I/NativeManager(18687): wait native manager ...
07-14 15:33:32.869 D/dalvikvm(18687): Trying to load lib /data/data/com.qihoo360.mobilesafe/files/so_libs/libmobilesafe360-jni-520.2.so 0x4280e448
07-14 15:33:32.869 D/dalvikvm(18687): GC_CONCURRENT freed 221K, 3% free 9123K/9380K, paused 6ms+37ms, total 126ms
07-14 15:33:32.869 D/dalvikvm(18687): Added shared lib /data/data/com.qihoo360.mobilesafe/files/so_libs/libmobilesafe360-jni-520.2.so 0x4280e448
07-14 15:33:32.869 D/MobileSafeApplication(18687): -- not cold launch...
07-14 15:33:32.885 I/ipc_pref(18687): [open:30]	open /data/data/com.qihoo360.mobilesafe/shared_prefs/com.qihoo360.mobilesafe_preferences.xml
07-14 15:33:32.885 I/ipc_pref(18687): 
07-14 15:33:32.893 I/MobileSafeApplication(18732): runtime.process.name=com.qihoo360.mobilesafe:engine
07-14 15:33:32.901 I/MobileSafeApplication(18732): process ui=false persist=false crash=false contact=false barcode=false permm=false
07-14 15:33:32.908 I/MobileSafeApplication(18732): use ipc_pref, try load
07-14 15:33:32.924 D/dalvikvm(18732): Trying to load lib /data/data/com.qihoo360.mobilesafe/files/so_libs/libipc_pref.520.1.so 0x42810048
07-14 15:33:32.924 I/ipc_pref(18732): [RegisterJniFunctions:19]	RegisterJniFunction methods count: 10
07-14 15:33:32.924 I/ipc_pref(18732): 
07-14 15:33:32.924 D/dalvikvm(18732): Added shared lib /data/data/com.qihoo360.mobilesafe/files/so_libs/libipc_pref.520.1.so 0x42810048
07-14 15:33:32.924 I/ipc_pref(18732): [JNI_OnLoad:43]	JNI_OnLoad
07-14 15:33:32.924 I/ipc_pref(18732): 
07-14 15:33:32.924 I/ipc_pref(18732): [init:19]	init /data/data/com.qihoo360.mobilesafe/shared_prefs/ipc_pref
07-14 15:33:32.924 I/ipc_pref(18732): 
07-14 15:33:32.924 I/ipc_pref(18732): [init:45]	/data/data/com.qihoo360.mobilesafe/shared_prefs/ipc_pref
07-14 15:33:32.924 I/ipc_pref(18732): 
07-14 15:33:32.932 W/Settings(18687): Setting always_finish_activities has moved from android.provider.Settings.System to android.provider.Settings.Global, returning read-only value.
07-14 15:33:32.940 I/MobileSafeApplication(18732): use ipc_pref, loaded
07-14 15:33:32.948 I/ipc_pref(18687): [open:30]	open /data/data/com.qihoo360.mobilesafe/shared_prefs/upgrade_pref.xml
07-14 15:33:32.948 I/ipc_pref(18687): 
07-14 15:33:33.002 D/dalvikvm(18732): Trying to load lib /data/data/com.qihoo360.mobilesafe/files/so_libs/libbreakpad-jni-1.0.so 0x42810048
07-14 15:33:33.026 D/dalvikvm(18732): Added shared lib /data/data/com.qihoo360.mobilesafe/files/so_libs/libbreakpad-jni-1.0.so 0x42810048
07-14 15:33:33.026 D/dalvikvm(18732): No JNI_OnLoad found in /data/data/com.qihoo360.mobilesafe/files/so_libs/libbreakpad-jni-1.0.so 0x42810048, skipping init
07-14 15:33:33.033 D/CrashHandler(18732): path = /data/data/com.qihoo360.mobilesafe/files/native_crash
07-14 15:33:33.049 D/dalvikvm(18732): Trying to load lib /data/data/com.qihoo360.mobilesafe/lib/libdejavu-2.1.0.so 0x42810048
07-14 15:33:33.065 D/dalvikvm(18732): Added shared lib /data/data/com.qihoo360.mobilesafe/lib/libdejavu-2.1.0.so 0x42810048
07-14 15:33:33.065 D/dalvikvm(18732): Trying to load lib /data/data/com.qihoo360.mobilesafe/lib/libqvmwrapper-1.0.0.so 0x42810048
07-14 15:33:33.073 D/dalvikvm(18732): Added shared lib /data/data/com.qihoo360.mobilesafe/lib/libqvmwrapper-1.0.0.so 0x42810048
07-14 15:33:33.073 D/dalvikvm(18732): Trying to load lib /data/data/com.qihoo360.mobilesafe/lib/libcloudscan-1.0.0.so 0x42810048
07-14 15:33:33.080 D/dalvikvm(18732): Added shared lib /data/data/com.qihoo360.mobilesafe/lib/libcloudscan-1.0.0.so 0x42810048
07-14 15:33:33.205 D/dalvikvm(18715): GC_CONCURRENT freed 221K, 3% free 9171K/9428K, paused 3ms+12ms, total 77ms
07-14 15:33:33.205 D/dalvikvm(18687): GC_CONCURRENT freed 324K, 4% free 9229K/9592K, paused 4ms+7ms, total 60ms
07-14 15:33:33.323 I/ActivityManager(  374): Start proc com.google.android.gallery3d for broadcast com.google.android.gallery3d/com.android.gallery3d.app.PackagesMonitor: pid=18758 uid=10019 gids={50019, 1006, 3003, 1015, 1028}
07-14 15:33:33.338 D/dalvikvm(18732): GC_CONCURRENT freed 233K, 3% free 9145K/9416K, paused 12ms+17ms, total 92ms
07-14 15:33:33.494 I/ActivityManager(  374): Process com.google.android.apps.maps:LocationFriendService (pid 18329) has died.
07-14 15:33:33.565 D/dalvikvm(17272): GC_CONCURRENT freed 361K, 15% free 9200K/10796K, paused 4ms+4ms, total 57ms
07-14 15:33:33.643 D/dalvikvm(18687): TRACE stop requested, but not running
07-14 15:33:33.713 I/ipc_pref(18687): [open:30]	open /data/data/com.qihoo360.mobilesafe/shared_prefs/shield_pref.xml
07-14 15:33:33.713 I/ipc_pref(18687): 
07-14 15:33:33.729 I/FWL.PkgCoreBase(18687): loading /data/data/com.qihoo360.mobilesafe/files/appmgr.apk ...
07-14 15:33:33.752 I/dex     (18687): load /data/data/com.qihoo360.mobilesafe/files/appmgr.apk ...
07-14 15:33:33.807 D/dalvikvm(18687): GC_CONCURRENT freed 302K, 4% free 9439K/9776K, paused 11ms+25ms, total 88ms
07-14 15:33:33.807 D/dalvikvm(18687): WAIT_FOR_CONCURRENT_GC blocked 13ms
07-14 15:33:33.807 I/dex     (18687): load /data/data/com.qihoo360.mobilesafe/files/appmgr.apk = dalvik.system.DexClassLoader[DexPathList[[zip file "/data/data/com.qihoo360.mobilesafe/files/appmgr.apk"],nativeLibraryDirectories=[/vendor/lib, /system/lib]]]
07-14 15:33:33.807 D/dalvikvm(18687): WAIT_FOR_CONCURRENT_GC blocked 15ms
07-14 15:33:33.807 D/dalvikvm(18687): WAIT_FOR_CONCURRENT_GC blocked 16ms
07-14 15:33:33.854 I/FWL.PkgCoreBase(18687): loading ok
07-14 15:33:33.862 D/dalvikvm(18687): WAIT_FOR_CONCURRENT_GC blocked 70ms
07-14 15:33:33.877 D/dalvikvm(18758): GC_CONCURRENT freed 342K, 4% free 9063K/9440K, paused 4ms+4ms, total 104ms
07-14 15:33:34.065 D/dalvikvm(18687): GC_CONCURRENT freed 264K, 4% free 9676K/9980K, paused 9ms+19ms, total 107ms
07-14 15:33:34.244 W/Settings(18687): Setting android_id has moved from android.provider.Settings.System to android.provider.Settings.Secure, returning read-only value.
07-14 15:33:34.408 D/dalvikvm(18687): GC_CONCURRENT freed 292K, 4% free 9770K/10100K, paused 7ms+4ms, total 41ms
07-14 15:33:34.823 D/dalvikvm(18701): GC_CONCURRENT freed 204K, 3% free 9104K/9344K, paused 5ms+6ms, total 66ms
07-14 15:33:34.877 D/dalvikvm(  374): GC_EXPLICIT freed 2629K, 22% free 22615K/28828K, paused 21ms+77ms, total 2932ms
