07-14 15:22:40.979 D/dalvikvm(17928): GC_FOR_ALLOC freed <1K, 7% free 10396K/11108K, paused 25ms, total 26ms
07-14 15:22:40.979 I/dalvikvm-heap(17928): Grow heap (frag case) to 10.238MB for 56330-byte allocation
07-14 15:22:41.002 D/dalvikvm(17928): GC_FOR_ALLOC freed 0K, 7% free 10451K/11164K, paused 27ms, total 27ms
07-14 15:22:41.088 D/dalvikvm(17928): GC_CONCURRENT freed 173K, 4% free 10739K/11164K, paused 2ms+5ms, total 41ms
07-14 15:22:41.221 D/dalvikvm(17928): GC_CONCURRENT freed 746K, 7% free 10568K/11352K, paused 3ms+4ms, total 39ms
07-14 15:22:41.619 D/dalvikvm(17928): GC_CONCURRENT freed 537K, 8% free 10467K/11352K, paused 7ms+4ms, total 88ms
07-14 15:22:41.627 I/ActivityManager(  374): Process android.process.acore (pid 17788) has died.
07-14 15:22:41.885 D/dalvikvm(17928): GC_CONCURRENT freed 277K, 7% free 10614K/11352K, paused 4ms+3ms, total 40ms
07-14 15:22:42.010 D/dalvikvm(17928): GC_CONCURRENT freed 585K, 7% free 10596K/11352K, paused 3ms+4ms, total 34ms
07-14 15:22:42.010 D/dalvikvm(17928): WAIT_FOR_CONCURRENT_GC blocked 28ms
07-14 15:22:42.010 D/dalvikvm(17928): WAIT_FOR_CONCURRENT_GC blocked 28ms
07-14 15:22:42.221 D/dalvikvm(17928): GC_CONCURRENT freed 591K, 8% free 10479K/11352K, paused 4ms+19ms, total 71ms
07-14 15:22:42.518 D/dalvikvm(17928): GC_CONCURRENT freed 212K, 6% free 10774K/11352K, paused 4ms+4ms, total 51ms
07-14 15:22:42.690 D/dalvikvm(17928): GC_CONCURRENT freed 164K, 2% free 11226K/11432K, paused 4ms+4ms, total 47ms
07-14 15:22:42.690 D/dalvikvm(17928): WAIT_FOR_CONCURRENT_GC blocked 5ms
07-14 15:22:42.690 D/dalvikvm(17928): WAIT_FOR_CONCURRENT_GC blocked 6ms
07-14 15:22:42.932 D/dalvikvm(17928): GC_CONCURRENT freed 214K, 3% free 11748K/12004K, paused 3ms+5ms, total 52ms
07-14 15:22:43.487 D/dalvikvm(17928): GC_CONCURRENT freed 2358K, 19% free 10327K/12728K, paused 2ms+4ms, total 41ms
07-14 15:22:43.487 D/dalvikvm(17928): WAIT_FOR_CONCURRENT_GC blocked 26ms
07-14 15:22:43.674 D/dalvikvm(17928): GC_CONCURRENT freed 456K, 20% free 10266K/12728K, paused 13ms+4ms, total 49ms
07-14 15:22:43.752 D/dalvikvm(17928): GC_CONCURRENT freed 483K, 20% free 10223K/12728K, paused 2ms+3ms, total 38ms
07-14 15:22:44.205 D/dalvikvm(17928): GC_CONCURRENT freed 423K, 19% free 10312K/12728K, paused 4ms+3ms, total 39ms
07-14 15:22:44.205 D/dalvikvm(17928): WAIT_FOR_CONCURRENT_GC blocked 23ms
07-14 15:22:44.401 D/dalvikvm(17928): GC_CONCURRENT freed 593K, 20% free 10230K/12728K, paused 4ms+4ms, total 33ms
07-14 15:22:44.401 D/dalvikvm(17928): WAIT_FOR_CONCURRENT_GC blocked 17ms
07-14 15:22:44.627 D/dalvikvm(17928): GC_CONCURRENT freed 632K, 22% free 9996K/12728K, paused 3ms+4ms, total 34ms
07-14 15:22:44.744 I/dalvikvm(17928): Jit: resizing JitTable from 4096 to 8192
07-14 15:23:09.940 D/dalvikvm(18020): GC_CONCURRENT freed 461K, 8% free 9215K/9964K, paused 11ms+2ms, total 39ms
07-14 15:23:39.260 D/dalvikvm(  374): GC_EXPLICIT freed 3862K, 27% free 21251K/28828K, paused 4ms+12ms, total 119ms
07-14 15:23:45.588 D/dalvikvm(  577): GC_CONCURRENT freed 331K, 4% free 9567K/9948K, paused 8ms+3ms, total 62ms
07-14 15:23:56.830 I/ActivityManager(  374): No longer want com.google.android.music:main (pid 14623): empty for 1805s
07-14 15:23:56.838 D/MdmService(14510): [null:-1]->receiver action :com.pekall.mdm.action.MDM_ALARM
07-14 15:23:56.846 W/ActivityManager(  374): Scheduling restart of crashed service com.google.android.music/.playback.MusicPlaybackService in 5000ms
07-14 15:24:01.869 I/ActivityManager(  374): Start proc com.google.android.music:main for service com.google.android.music/.playback.MusicPlaybackService: pid=18163 uid=10041 gids={50041, 3003, 1015, 1028}
07-14 15:24:02.057 I/PowerManagerService(  374): Waking up from sleep...
07-14 15:24:02.135 I/WindowManager(  374): Lock screen displayed!
07-14 15:24:02.213 I/MusicStore(18163): Database version: 69
07-14 15:24:02.354 D/dalvikvm(18163): GC_CONCURRENT freed 289K, 4% free 9145K/9468K, paused 8ms+14ms, total 49ms
07-14 15:24:02.424 D/PowerManagerService-JNI(  374): Excessive delay in autosuspend_disable() while turning screen on: 353ms
07-14 15:24:02.424 D/SurfaceFlinger(  124): Screen acquired, type=0 flinger=0x41e1a478
07-14 15:24:02.510 D/LightsService(  374): Excessive delay setting light: 84ms
07-14 15:24:02.573 D/LightsService(  374): Excessive delay setting light: 67ms
07-14 15:24:02.612 D/SystemUtils(18163): getSystemProperty: lpa.decode=null
07-14 15:24:02.690 D/dalvikvm(  636): GC_FOR_ALLOC freed 666K, 11% free 12655K/14076K, paused 106ms, total 106ms
07-14 15:24:02.760 D/CacheService(18163): onCreate
07-14 15:24:02.768 D/CacheService(18163): onBind
07-14 15:24:02.799 I/LocalDevicePlayback(18163): Streaming client created.
07-14 15:24:02.932 I/ActivityManager(  374): Start proc com.android.providers.calendar for content provider com.android.providers.calendar/.CalendarProvider2: pid=18202 uid=10007 gids={50007, 3003, 1015, 1028}
07-14 15:24:02.940 W/GlowPadView(  374): The number of target drawables must be equal to the number of direction descriptions.
07-14 15:24:02.979 D/dalvikvm(  125): GC_EXPLICIT freed 40K, 1% free 8921K/9000K, paused 1ms+6ms, total 57ms
07-14 15:24:03.010 D/dalvikvm(  125): GC_EXPLICIT freed <1K, 1% free 8921K/9000K, paused 1ms+2ms, total 27ms
07-14 15:24:03.033 D/dalvikvm(  125): GC_EXPLICIT freed <1K, 1% free 8921K/9000K, paused 2ms+2ms, total 24ms
07-14 15:24:03.198 D/YouTube MDX(17593): Recieved intent android.intent.action.SCREEN_ON
07-14 15:24:03.330 D/MdmApplication(14510): [null:-1]->onActivityStarted market.activity.AppListActivity , mActivityCount = 1
07-14 15:24:03.338 V/DigitalWidgetViewsFactory(18107): DigitalWidget sets next alarm string to null
07-14 15:24:03.346 D/MDM :   (14510): [null:-1]->query
07-14 15:24:03.346 D/MDM :   (14510): [null:-1]->QUERY_PINCODE_CHECK_RESULT
07-14 15:24:03.346 D/PhoneStatusBar(  450): disable: < expand icons alerts ticker system_info BACK HOME recent* CLOCK search >
07-14 15:24:03.471 D/PhoneStatusBar(  450): disable: < expand icons alerts ticker system_info back* home* recent clock* search >
07-14 15:24:03.479 D/AndroidRuntime(18200): 
07-14 15:24:03.479 D/AndroidRuntime(18200): >>>>>> AndroidRuntime START com.android.internal.os.RuntimeInit <<<<<<
07-14 15:24:03.479 D/AndroidRuntime(18200): CheckJNI is OFF
07-14 15:24:03.494 D/dalvikvm(18200): Trying to load lib libjavacore.so 0x0
07-14 15:24:03.502 D/dalvikvm(18200): Added shared lib libjavacore.so 0x0
07-14 15:24:03.518 D/dalvikvm(18200): Trying to load lib libnativehelper.so 0x0
07-14 15:24:03.518 D/dalvikvm(18200): Added shared lib libnativehelper.so 0x0
07-14 15:24:03.518 D/NfcService(  582): NFC-C ON
07-14 15:24:03.799 V/TAG     (  374): bug 7643792: fitSystemWindows([0,50][0,0])
07-14 15:24:03.854 D/AndroidRuntime(18200): Calling main entry com.qihoo360.powerctl.root.app.App
07-14 15:24:03.862 D/AndroidRuntime(18200): Shutting down VM
07-14 15:24:03.869 D/dalvikvm(18200): GC_CONCURRENT freed 115K, 21% free 467K/592K, paused 0ms+0ms, total 4ms
07-14 15:24:04.033 D/dalvikvm(18163): GC_CONCURRENT freed 231K, 3% free 9349K/9620K, paused 10ms+7ms, total 70ms
07-14 15:24:04.174 I/MediaStoreImporter(18163): Update: incremental Added music: 0 Updated music: 0 Deleted music: 0 Created playlists: 0 Updated playlists: 0 Deleted playlists: 0 Inserted playlist items: 0 Deleted playlist items: 0 Removed orphaned playlist items: 0
07-14 15:24:04.198 D/dalvikvm( 1052): GC_CONCURRENT freed 274K, 8% free 10374K/11168K, paused 11ms+4ms, total 52ms
07-14 15:24:04.221 D/AndroidRuntime(18233): 
07-14 15:24:04.221 D/AndroidRuntime(18233): >>>>>> AndroidRuntime START com.android.internal.os.RuntimeInit <<<<<<
07-14 15:24:04.221 D/AndroidRuntime(18233): CheckJNI is OFF
07-14 15:24:04.237 D/dalvikvm(18233): Trying to load lib libjavacore.so 0x0
07-14 15:24:04.237 I/RootJni (18235): su: permission denied
07-14 15:24:04.244 D/dalvikvm(18233): Added shared lib libjavacore.so 0x0
07-14 15:24:04.260 D/dalvikvm(18233): Trying to load lib libnativehelper.so 0x0
07-14 15:24:04.260 D/dalvikvm(18233): Added shared lib libnativehelper.so 0x0
07-14 15:24:04.502 D/AndroidRuntime(18233): Calling main entry com.qihoo360.powerctl.root.app.App
07-14 15:24:04.502 D/AndroidRuntime(18233): Shutting down VM
07-14 15:24:04.502 D/dalvikvm(18233): GC_CONCURRENT freed 115K, 21% free 467K/592K, paused 0ms+0ms, total 3ms
07-14 15:24:04.635 I/CalendarProvider2(18202): Sending notification intent: Intent { act=android.intent.action.PROVIDER_CHANGED dat=content://com.android.calendar }
07-14 15:24:04.635 W/ContentResolver(18202): Failed to get type for: content://com.android.calendar (Unknown URL content://com.android.calendar)
07-14 15:24:04.651 I/ActivityManager(  374): Start proc com.google.android.calendar for broadcast com.google.android.calendar/com.android.calendar.alerts.AlertReceiver: pid=18245 uid=10006 gids={50006, 3003, 1028}
07-14 15:24:04.776 D/AlertReceiver(18245): onReceive: a=android.intent.action.PROVIDER_CHANGED Intent { act=android.intent.action.PROVIDER_CHANGED dat=content://com.android.calendar flg=0x10 cmp=com.google.android.calendar/com.android.calendar.alerts.AlertReceiver }
07-14 15:24:04.791 D/AlertService(18245): 0 Action = android.intent.action.PROVIDER_CHANGED
07-14 15:24:07.471 I/MusicLeanback(18163): Conditions not met for autocaching.
07-14 15:24:07.471 I/MusicLeanback(18163): Stop autocaching.
07-14 15:24:09.799 D/AlertService(18245): Beginning updateAlertNotification
07-14 15:24:09.815 D/AlertService(18245): No fired or scheduled alerts
07-14 15:24:09.838 D/AlertService(18245): Scheduling next alarm with AlarmScheduler. sEventReminderReceived: null
07-14 15:24:09.854 D/AlarmScheduler(18245): No events found starting within 1 week.
07-14 15:24:09.862 I/ActivityManager(  374): No longer want com.android.keychain (pid 16705): empty #17
07-14 15:24:27.362 D/LightsService(  374): Excessive delay setting light: 67ms
07-14 15:24:27.604 D/LightsService(  374): Excessive delay setting light: 67ms
07-14 15:24:31.127 D/LightsService(  374): Excessive delay setting light: 68ms
07-14 15:24:31.190 D/dalvikvm(17539): GC_CONCURRENT freed 170K, 3% free 9452K/9732K, paused 2ms+2ms, total 26ms
07-14 15:24:31.190 D/dalvikvm(17539): WAIT_FOR_CONCURRENT_GC blocked 20ms
07-14 15:24:31.221 D/dalvikvm(17539): GC_FOR_ALLOC freed 8K, 3% free 9695K/9984K, paused 18ms, total 18ms
07-14 15:24:31.401 D/LightsService(  374): Excessive delay setting light: 67ms
07-14 15:24:34.252 D/dalvikvm( 1052): GC_CONCURRENT freed 528K, 9% free 10234K/11168K, paused 5ms+3ms, total 39ms
07-14 15:24:43.744 W/Settings( 2019): Setting airplane_mode_on has moved from android.provider.Settings.System to android.provider.Settings.Global, returning read-only value.
07-14 15:24:43.744 W/Settings( 2019): Setting mobile_data has moved from android.provider.Settings.Secure to android.provider.Settings.Global.
07-14 15:24:43.752 D/BluetoothAdapter( 2019): 1116407520: getState() :  mService = null. Returning STATE_OFF
07-14 15:24:43.752 W/Settings( 2019): Setting airplane_mode_on has moved from android.provider.Settings.System to android.provider.Settings.Global, returning read-only value.
07-14 15:24:55.151 D/LightsService(  374): Excessive delay setting light: 68ms
07-14 15:24:55.393 D/LightsService(  374): Excessive delay setting light: 67ms
07-14 15:24:56.252 D/dalvikvm( 2019): GC_FOR_ALLOC freed 306K, 7% free 9925K/10588K, paused 30ms, total 30ms
07-14 15:25:00.908 I/PowerManagerService(  374): Going to sleep due to screen timeout...
07-14 15:25:01.666 D/SurfaceFlinger(  124): Screen released, type=0 flinger=0x41e1a478
07-14 15:25:01.752 D/NfcService(  582): NFC-C OFF, disconnect
07-14 15:25:01.869 D/MDM :   (14510): [null:-1]->query
07-14 15:25:01.869 D/MDM :   (14510): [null:-1]->QUERY_SETTING_PIN_ONOFF
07-14 15:25:01.924 D/YouTube MDX(17593): Recieved intent android.intent.action.SCREEN_OFF
07-14 15:25:06.776 D/dalvikvm(17928): GC_CONCURRENT freed 381K, 21% free 9999K/12596K, paused 3ms+4ms, total 48ms
07-14 15:25:06.908 D/dalvikvm(  374): GC_FOR_ALLOC freed 2255K, 24% free 21953K/28828K, paused 99ms, total 100ms
07-14 15:25:06.971 V/KeyguardHostView(  374): hide transport, gen:65
07-14 15:25:06.971 V/KeyguardHostView(  374): music state changed: 0
07-14 15:25:06.994 D/PhoneStatusBar(  450): disable: < expand icons alerts ticker system_info back home RECENT* clock search >
07-14 15:25:07.026 V/TAG     (  374): bug 7643792: fitSystemWindows([0,50][0,0])
07-14 15:25:07.049 D/GCM     (  624): Ignoring attempt to send heartbeat on dead connection.
07-14 15:25:07.174 D/PhoneStatusBar(  450): disable: < expand icons alerts ticker system_info BACK* HOME* RECENT CLOCK* search >
07-14 15:26:11.455 D/dalvikvm(  874): GC_CONCURRENT freed 427K, 17% free 9642K/11548K, paused 2ms+2ms, total 30ms
07-14 15:26:22.205 W/Settings( 2019): Setting airplane_mode_on has moved from android.provider.Settings.System to android.provider.Settings.Global, returning read-only value.
07-14 15:26:22.205 W/Settings( 2019): Setting mobile_data has moved from android.provider.Settings.Secure to android.provider.Settings.Global.
07-14 15:26:22.205 D/BluetoothAdapter( 2019): 1116407520: getState() :  mService = null. Returning STATE_OFF
07-14 15:26:22.205 W/Settings( 2019): Setting airplane_mode_on has moved from android.provider.Settings.System to android.provider.Settings.Global, returning read-only value.
07-14 15:26:22.221 W/Settings( 2019): Setting airplane_mode_on has moved from android.provider.Settings.System to android.provider.Settings.Global, returning read-only value.
07-14 15:26:22.221 W/Settings( 2019): Setting mobile_data has moved from android.provider.Settings.Secure to android.provider.Settings.Global.
07-14 15:26:22.221 D/BluetoothAdapter( 2019): 1116407520: getState() :  mService = null. Returning STATE_OFF
07-14 15:26:22.221 W/Settings( 2019): Setting airplane_mode_on has moved from android.provider.Settings.System to android.provider.Settings.Global, returning read-only value.
07-14 15:26:56.830 D/MdmService(14510): [null:-1]->receiver action :com.pekall.mdm.action.MDM_ALARM
07-14 15:26:56.830 D/MdmService(14510): [null:-1]->keepAliveWithPushServer client is opened:true
07-14 15:26:56.830 D/MDM :   (14510): [null:-1]->ping!!!!!!!!!
07-14 15:26:56.846 D/MdmService(14510): [null:-1]->pushUrl : ws://demo.everknow.cn:9030/websocket
07-14 15:26:56.846 D/MDM :   (14510): [null:-1]->mMdmPushClient is :not null
07-14 15:26:56.846 D/MDM :   (14510): [null:-1]->mMdmPushClient opened : opened
07-14 15:26:56.862 D/MDM :   (14510): [null:-1]->MSG_WEBSOCKET_PONG
07-14 15:27:20.088 W/System.err(17272): java.io.FileNotFoundException: /data/data/com.mgyapp.android/files/.cfpaps.i: open failed: ENOENT (No such file or directory)
07-14 15:27:20.096 W/System.err(17272): 	at libcore.io.IoBridge.open(IoBridge.java:409)
07-14 15:27:20.096 W/System.err(17272): 	at java.io.FileInputStream.<init>(FileInputStream.java:78)
07-14 15:27:20.096 W/System.err(17272): 	at android.app.ContextImpl.openFileInput(ContextImpl.java:702)
07-14 15:27:20.096 W/System.err(17272): 	at android.content.ContextWrapper.openFileInput(ContextWrapper.java:173)
07-14 15:27:20.096 W/System.err(17272): 	at com.mgyun.shua.jc.service.f.run(Unknown Source)
07-14 15:27:20.096 W/System.err(17272): 	at com.mgyun.shua.jc.service.CpWorkServer.onHandleIntent(Unknown Source)
07-14 15:27:20.096 W/System.err(17272): 	at android.app.IntentService$ServiceHandler.handleMessage(IntentService.java:65)
07-14 15:27:20.096 W/System.err(17272): 	at android.os.Handler.dispatchMessage(Handler.java:99)
07-14 15:27:20.096 W/System.err(17272): 	at android.os.Looper.loop(Looper.java:137)
07-14 15:27:20.096 W/System.err(17272): 	at android.os.HandlerThread.run(HandlerThread.java:61)
07-14 15:27:20.096 W/System.err(17272): Caused by: libcore.io.ErrnoException: open failed: ENOENT (No such file or directory)
07-14 15:27:20.096 W/System.err(17272): 	at libcore.io.Posix.open(Native Method)
07-14 15:27:20.104 W/System.err(17272): 	at libcore.io.BlockGuardOs.open(BlockGuardOs.java:110)
07-14 15:27:20.104 W/System.err(17272): 	at libcore.io.IoBridge.open(IoBridge.java:393)
07-14 15:27:20.104 W/System.err(17272): 	... 9 more
07-14 15:27:23.276 D/PushService(18129): [null:-1]->receiver action :com.pekall.mdm.action.PUSH_ALARM
07-14 15:27:23.323 D/PushService(18129): [null:-1]->keepAliveWithPushServer  client is null 
07-14 15:27:23.323 D/PushLib : (18129): [null:-1]->pushClient is :null
07-14 15:27:23.323 D/PushLib : (18129): [null:-1]->pushClient opened :not opened
07-14 15:27:23.338 D/PushLib : (18129): [null:-1]->pushClient connect:ws://192.168.10.35:9090/websocket
07-14 15:27:23.401 D/PushLib : (18129): [null:-1]->MSG_WEBSOCKET_OPEN
07-14 15:27:23.448 D/dalvikvm(18129): GC_CONCURRENT freed 327K, 4% free 9212K/9576K, paused 3ms+4ms, total 25ms
07-14 15:27:23.526 D/JOBS    (18129): added job id: -2147483647 class: PushMessageJob priority: 0 delay: 0 group : fetch-push persistent: false requires network: true
07-14 15:27:23.526 D/JOBS    (18129): main: load factor check. true = (0 < 1)|| (0 * 3 < 1 + 0). consumer thread: false
07-14 15:27:23.526 D/JOBS    (18129): adding another consumer
07-14 15:27:23.526 D/JOBS    (18129): starting consumer Thread-835
07-14 15:27:23.526 D/JOBS    (18129): running job PushMessageJob
07-14 15:27:23.533 D/JOBS    (18129): pool-4-thread-1: load factor check. false = (1 < 1)|| (1 * 3 < 0 + 1). consumer thread: false
07-14 15:27:23.963 D/dalvikvm(18129): GC_CONCURRENT freed 334K, 4% free 9289K/9660K, paused 4ms+3ms, total 37ms
07-14 15:27:23.971 D/PushLib : (18129): [null:-1]->MSG_WEBSOCKET_MESSAGE : {"id":2,"type":1,"command":0,"result":0,"reason":0}
07-14 15:27:23.979 D/PushService(18129): [null:-1]->push message type :1
07-14 15:27:24.002 D/JOBS    (18129): finished job PushMessageJob
07-14 15:27:30.088 W/System.err(17272): java.io.FileNotFoundException: /data/data/com.mgyapp.android/files/.cfp.i: open failed: ENOENT (No such file or directory)
07-14 15:27:30.096 W/System.err(17272): 	at libcore.io.IoBridge.open(IoBridge.java:409)
07-14 15:27:30.096 W/System.err(17272): 	at java.io.FileInputStream.<init>(FileInputStream.java:78)
07-14 15:27:30.096 W/System.err(17272): 	at android.app.ContextImpl.openFileInput(ContextImpl.java:702)
07-14 15:27:30.096 W/System.err(17272): 	at android.content.ContextWrapper.openFileInput(ContextWrapper.java:173)
07-14 15:27:30.096 W/System.err(17272): 	at com.mgyun.shua.jc.c.b(Unknown Source)
07-14 15:27:30.096 W/System.err(17272): 	at com.mgyun.shua.jc.d.a(Unknown Source)
07-14 15:27:30.096 W/System.err(17272): 	at com.mgyun.shua.jc.service.CpWorkServer.onHandleIntent(Unknown Source)
07-14 15:27:30.096 W/System.err(17272): 	at android.app.IntentService$ServiceHandler.handleMessage(IntentService.java:65)
07-14 15:27:30.096 W/System.err(17272): 	at android.os.Handler.dispatchMessage(Handler.java:99)
07-14 15:27:30.096 W/System.err(17272): 	at android.os.Looper.loop(Looper.java:137)
07-14 15:27:30.096 W/System.err(17272): 	at android.os.HandlerThread.run(HandlerThread.java:61)
07-14 15:27:30.096 W/System.err(17272): Caused by: libcore.io.ErrnoException: open failed: ENOENT (No such file or directory)
07-14 15:27:30.096 W/System.err(17272): 	at libcore.io.Posix.open(Native Method)
07-14 15:27:30.096 W/System.err(17272): 	at libcore.io.BlockGuardOs.open(BlockGuardOs.java:110)
07-14 15:27:30.096 W/System.err(17272): 	at libcore.io.IoBridge.open(IoBridge.java:393)
07-14 15:27:30.096 W/System.err(17272): 	... 10 more
07-14 15:27:58.580 D/dalvikvm(18020): GC_CONCURRENT freed 375K, 6% free 9228K/9740K, paused 5ms+3ms, total 36ms
07-14 15:28:02.002 D/dalvikvm(17928): GC_CONCURRENT freed 323K, 20% free 10187K/12596K, paused 7ms+3ms, total 38ms
07-14 15:28:02.002 D/dalvikvm(17928): WAIT_FOR_CONCURRENT_GC blocked 15ms
07-14 15:28:02.002 D/dalvikvm(17928): WAIT_FOR_CONCURRENT_GC blocked 14ms
07-14 15:28:02.073 W/MountService(  374): getVolumeState(/storage/emulated/0/external_sd): Unknown volume
07-14 15:28:02.073 W/MountService(  374): getVolumeState(/mnt/sdcard-ext): Unknown volume
07-14 15:28:02.073 W/MountService(  374): getVolumeState(/mnt/ext_sdcard): Unknown volume
07-14 15:28:02.073 W/MountService(  374): getVolumeState(/mnt/sdcard2): Unknown volume
07-14 15:28:02.073 W/MountService(  374): getVolumeState(/mnt/emmc): Unknown volume
07-14 15:28:02.080 D/dalvikvm(17928): GC_CONCURRENT freed 257K, 18% free 10441K/12596K, paused 2ms+4ms, total 40ms
07-14 15:28:02.080 W/MountService(  374): getVolumeState(/mnt/extSdCard): Unknown volume
07-14 15:28:02.080 W/MountService(  374): getVolumeState(/mnt/sdcard/SD_CARD): Unknown volume
07-14 15:28:02.080 W/MountService(  374): getVolumeState(/mnt/sdcard/extra_sd): Unknown volume
07-14 15:28:02.080 W/MountService(  374): getVolumeState(/mnt/extrasd_bind): Unknown volume
07-14 15:28:02.080 W/MountService(  374): getVolumeState(/mnt/sdcard/ext_sd): Unknown volume
07-14 15:28:02.080 W/MountService(  374): getVolumeState(/storage/extSdCard): Unknown volume
07-14 15:28:02.088 W/MountService(  374): getVolumeState(/storage/sdcard1): Unknown volume
07-14 15:28:02.088 W/MountService(  374): getVolumeState(/mnt/sdcard/external_SD): Unknown volume
07-14 15:28:02.088 W/MountService(  374): getVolumeState(/mnt/sdcard/external_sd): Unknown volume
07-14 15:28:02.307 W/PackageParser(17928): Unknown element under <application>: intent-filter at /storage/emulated/0/360MobileSafe_5.2.3.1061.apk Binary XML file line #1165
07-14 15:28:02.315 W/PackageParser(17928): Unknown element under <application>: intent-filter at /storage/emulated/0/360MobileSafe_5.2.3.1061.apk Binary XML file line #1423
07-14 15:28:02.377 D/dalvikvm(17928): GC_CONCURRENT freed 344K, 16% free 10587K/12596K, paused 2ms+6ms, total 37ms
07-14 15:28:02.487 D/dalvikvm(17928): GC_CONCURRENT freed 682K, 17% free 10463K/12596K, paused 5ms+4ms, total 37ms
07-14 15:28:02.487 D/dalvikvm(17928): WAIT_FOR_CONCURRENT_GC blocked 19ms
07-14 15:28:02.698 W/PackageParser(17928): No actions in intent filter at /storage/emulated/0/Download/emmp.apk Binary XML file line #687
07-14 15:28:02.791 D/dalvikvm(17928): GC_CONCURRENT freed 556K, 18% free 10405K/12596K, paused 3ms+7ms, total 49ms
07-14 15:28:02.932 W/PackageParser(17928): No actions in intent filter at /storage/emulated/0/Download/emmp-1.apk Binary XML file line #687
07-14 15:28:03.002 D/dalvikvm(17928): GC_CONCURRENT freed 509K, 18% free 10407K/12596K, paused 5ms+4ms, total 42ms
07-14 15:28:03.002 D/dalvikvm(17928): WAIT_FOR_CONCURRENT_GC blocked 25ms
07-14 15:28:03.010 D/dalvikvm(17928): WAIT_FOR_CONCURRENT_GC blocked 31ms
07-14 15:28:03.112 D/dalvikvm(17928): GC_CONCURRENT freed 561K, 18% free 10357K/12596K, paused 2ms+3ms, total 35ms
07-14 15:28:03.112 D/dalvikvm(17928): WAIT_FOR_CONCURRENT_GC blocked 22ms
07-14 15:28:03.112 D/dalvikvm(17928): WAIT_FOR_CONCURRENT_GC blocked 25ms
07-14 15:28:03.190 D/dalvikvm(17928): GC_CONCURRENT freed 512K, 18% free 10357K/12596K, paused 4ms+3ms, total 35ms
07-14 15:28:03.190 D/dalvikvm(17928): WAIT_FOR_CONCURRENT_GC blocked 15ms
07-14 15:28:03.198 D/dalvikvm(17928): WAIT_FOR_CONCURRENT_GC blocked 19ms
07-14 15:28:03.299 D/dalvikvm(17928): GC_CONCURRENT freed 513K, 18% free 10355K/12596K, paused 4ms+3ms, total 36ms
07-14 15:28:03.299 D/dalvikvm(17928): WAIT_FOR_CONCURRENT_GC blocked 20ms
07-14 15:28:03.299 D/dalvikvm(17928): WAIT_FOR_CONCURRENT_GC blocked 17ms
07-14 15:28:03.479 I/ActivityManager(  374): Process com.google.android.gallery3d (pid 16671) has died.
07-14 15:28:03.494 W/PackageParser(17928): No actions in intent filter at /storage/emulated/0/360Download/Pekall.apk Binary XML file line #685
07-14 15:28:03.573 D/dalvikvm(17928): GC_CONCURRENT freed 431K, 18% free 10431K/12596K, paused 4ms+6ms, total 43ms
07-14 15:28:03.573 D/dalvikvm(17928): WAIT_FOR_CONCURRENT_GC blocked 13ms
07-14 15:28:03.580 W/Resources(17928): Converting to boolean: TypedValue{t=0x3/d=0x54 "false" a=-1}
07-14 15:28:03.580 W/Resources(17928): Converting to boolean: TypedValue{t=0x3/d=0x54 "false" a=-1}
07-14 15:28:03.698 D/dalvikvm(15608): GC_CONCURRENT freed 388K, 5% free 8950K/9376K, paused 2ms+2ms, total 22ms
07-14 15:28:03.807 D/dalvikvm(17928): GC_CONCURRENT freed 437K, 17% free 10485K/12596K, paused 4ms+4ms, total 38ms
07-14 15:28:04.049 D/dalvikvm(17928): GC_CONCURRENT freed 461K, 18% free 10445K/12596K, paused 2ms+5ms, total 41ms
07-14 15:28:04.299 W/MountService(  374): getVolumeState(/storage/emulated/0/external_sd): Unknown volume
07-14 15:28:04.307 W/MountService(  374): getVolumeState(/mnt/sdcard-ext): Unknown volume
07-14 15:28:04.307 W/MountService(  374): getVolumeState(/mnt/ext_sdcard): Unknown volume
07-14 15:28:04.307 W/MountService(  374): getVolumeState(/mnt/sdcard2): Unknown volume
07-14 15:28:04.315 W/MountService(  374): getVolumeState(/mnt/emmc): Unknown volume
07-14 15:28:04.315 W/MountService(  374): getVolumeState(/mnt/extSdCard): Unknown volume
07-14 15:28:04.315 W/MountService(  374): getVolumeState(/mnt/sdcard/SD_CARD): Unknown volume
07-14 15:28:04.315 W/MountService(  374): getVolumeState(/mnt/sdcard/extra_sd): Unknown volume
07-14 15:28:04.315 W/MountService(  374): getVolumeState(/mnt/extrasd_bind): Unknown volume
07-14 15:28:04.323 W/MountService(  374): getVolumeState(/mnt/sdcard/ext_sd): Unknown volume
07-14 15:28:04.323 W/MountService(  374): getVolumeState(/storage/extSdCard): Unknown volume
07-14 15:28:04.323 W/MountService(  374): getVolumeState(/storage/sdcard1): Unknown volume
07-14 15:28:04.323 W/MountService(  374): getVolumeState(/mnt/sdcard/external_SD): Unknown volume
07-14 15:28:04.323 W/MountService(  374): getVolumeState(/mnt/sdcard/external_sd): Unknown volume
07-14 15:28:04.424 D/dalvikvm(17928): GC_CONCURRENT freed 608K, 19% free 10269K/12596K, paused 2ms+4ms, total 48ms
07-14 15:28:04.463 I/EventLogService(  624): Aggregate from 1405321084373 (log), 1405321084373 (data)
07-14 15:28:04.596 D/dalvikvm(17928): GC_CONCURRENT freed 271K, 17% free 10510K/12596K, paused 3ms+5ms, total 59ms
07-14 15:28:04.596 D/dalvikvm(17928): WAIT_FOR_CONCURRENT_GC blocked 6ms
07-14 15:28:04.596 D/dalvikvm(17928): WAIT_FOR_CONCURRENT_GC blocked 6ms
07-14 15:28:04.643 I/ServiceDumpSys(  624): dumping service [account]
07-14 15:28:04.721 D/dalvikvm(17928): GC_CONCURRENT freed 612K, 18% free 10369K/12596K, paused 4ms+9ms, total 55ms
07-14 15:28:04.932 D/dalvikvm(17928): GC_CONCURRENT freed 474K, 18% free 10359K/12596K, paused 14ms+6ms, total 67ms
07-14 15:28:05.112 D/dalvikvm(17928): GC_CONCURRENT freed 500K, 19% free 10316K/12596K, paused 13ms+4ms, total 91ms
07-14 15:28:05.283 D/dalvikvm(17928): GC_CONCURRENT freed 434K, 18% free 10334K/12596K, paused 7ms+7ms, total 49ms
07-14 15:28:05.369 I/ActivityManager(  374): Process com.qihoo360.mobilesafe:PcDaemon (pid 17918) has died.
07-14 15:28:05.455 D/dalvikvm(17928): GC_CONCURRENT freed 466K, 18% free 10380K/12596K, paused 4ms+3ms, total 34ms
07-14 15:28:05.455 D/dalvikvm(17928): WAIT_FOR_CONCURRENT_GC blocked 12ms
07-14 15:28:05.455 D/dalvikvm(17928): WAIT_FOR_CONCURRENT_GC blocked 11ms
07-14 15:28:05.596 D/dalvikvm(17928): GC_CONCURRENT freed 531K, 18% free 10342K/12596K, paused 2ms+6ms, total 63ms
07-14 15:28:05.698 D/dalvikvm(17928): GC_CONCURRENT freed 323K, 17% free 10531K/12596K, paused 13ms+12ms, total 62ms
07-14 15:28:05.698 D/dalvikvm(17928): WAIT_FOR_CONCURRENT_GC blocked 25ms
07-14 15:28:05.698 D/dalvikvm(17928): WAIT_FOR_CONCURRENT_GC blocked 26ms
07-14 15:28:05.940 D/dalvikvm(17928): GC_CONCURRENT freed 292K, 15% free 10779K/12596K, paused 3ms+4ms, total 37ms
07-14 15:28:05.940 D/dalvikvm(17928): WAIT_FOR_CONCURRENT_GC blocked 22ms
07-14 15:28:05.940 D/dalvikvm(17928): WAIT_FOR_CONCURRENT_GC blocked 22ms
07-14 15:28:06.135 D/dalvikvm(17928): GC_CONCURRENT freed 337K, 13% free 11037K/12596K, paused 3ms+5ms, total 61ms
07-14 15:28:06.260 D/dalvikvm(17928): GC_CONCURRENT freed 394K, 10% free 11350K/12596K, paused 3ms+4ms, total 44ms
07-14 15:28:06.260 D/dalvikvm(17928): WAIT_FOR_CONCURRENT_GC blocked 28ms
07-14 15:28:06.260 D/dalvikvm(17928): WAIT_FOR_CONCURRENT_GC blocked 28ms
07-14 15:28:06.463 D/dalvikvm(17928): GC_CONCURRENT freed 349K, 7% free 11814K/12596K, paused 3ms+4ms, total 62ms
07-14 15:28:06.463 D/dalvikvm(17928): WAIT_FOR_CONCURRENT_GC blocked 17ms
07-14 15:28:06.463 D/dalvikvm(17928): WAIT_FOR_CONCURRENT_GC blocked 17ms
07-14 15:28:06.830 D/dalvikvm(17928): GC_CONCURRENT freed 2193K, 18% free 10583K/12812K, paused 3ms+6ms, total 63ms
07-14 15:28:07.073 D/dalvikvm(17928): GC_CONCURRENT freed 841K, 20% free 10299K/12812K, paused 3ms+4ms, total 36ms
07-14 15:28:07.073 D/dalvikvm(17928): WAIT_FOR_CONCURRENT_GC blocked 20ms
07-14 15:28:07.268 D/dalvikvm(17928): GC_CONCURRENT freed 551K, 20% free 10259K/12812K, paused 4ms+3ms, total 34ms
07-14 15:28:07.268 D/dalvikvm(17928): WAIT_FOR_CONCURRENT_GC blocked 17ms
07-14 15:28:07.729 D/dalvikvm(17928): GC_CONCURRENT freed 365K, 19% free 10383K/12812K, paused 2ms+5ms, total 38ms
07-14 15:28:07.830 D/dalvikvm(17928): GC_CONCURRENT freed 507K, 20% free 10292K/12812K, paused 3ms+5ms, total 60ms
07-14 15:28:07.948 D/dalvikvm(17928): GC_CONCURRENT freed 504K, 20% free 10251K/12812K, paused 3ms+3ms, total 34ms
07-14 15:28:08.705 D/dalvikvm(  374): GC_EXPLICIT freed 2269K, 23% free 22388K/28828K, paused 8ms+14ms, total 132ms
07-14 15:28:08.729 I/ActivityManager(  374): No longer want com.google.android.apps.maps:GoogleLocationService (pid 15076): empty for 1803s
07-14 15:28:08.744 W/ActivityManager(  374): Scheduling restart of crashed service com.google.android.apps.maps/com.google.android.location.internal.server.GoogleLocationService in 5000ms
07-14 15:28:13.783 I/ActivityManager(  374): Start proc com.google.android.apps.maps:GoogleLocationService for service com.google.android.apps.maps/com.google.android.location.internal.server.GoogleLocationService: pid=18296 uid=10038 gids={50038, 3003, 1015, 1028}
07-14 15:28:14.510 D/dalvikvm(18296): GC_CONCURRENT freed 255K, 4% free 9178K/9468K, paused 4ms+3ms, total 86ms
07-14 15:28:14.510 D/dalvikvm(18296): WAIT_FOR_CONCURRENT_GC blocked 8ms
07-14 15:28:14.541 D/dalvikvm(18296): GC_FOR_ALLOC freed 64K, 4% free 9323K/9644K, paused 27ms, total 27ms
07-14 15:28:14.565 D/dalvikvm(18296): GC_FOR_ALLOC freed 68K, 5% free 9351K/9744K, paused 18ms, total 18ms
07-14 15:28:14.565 I/dalvikvm-heap(18296): Grow heap (frag case) to 9.342MB for 186718-byte allocation
07-14 15:28:14.580 D/dalvikvm(18296): GC_FOR_ALLOC freed <1K, 4% free 9533K/9928K, paused 19ms, total 19ms
07-14 15:28:14.721 D/dalvikvm(18296): GC_CONCURRENT freed 492K, 6% free 9550K/10080K, paused 2ms+13ms, total 56ms
07-14 15:28:14.721 D/dalvikvm(18296): WAIT_FOR_CONCURRENT_GC blocked 2ms
07-14 15:28:14.869 D/dalvikvm(18296): GC_CONCURRENT freed 655K, 8% free 9372K/10080K, paused 3ms+4ms, total 28ms
07-14 15:28:14.948 I/ActivityManager(  374): Start proc com.google.android.apps.maps:FriendService for broadcast com.google.android.apps.maps/com.google.googlenav.friend.android.ServiceReceiver: pid=18317 uid=10038 gids={50038, 3003, 1015, 1028}
07-14 15:28:14.979 W/Settings(18296): Setting airplane_mode_on has moved from android.provider.Settings.System to android.provider.Settings.Global, returning read-only value.
07-14 15:28:15.088 W/ActivityManager(  374): Permission denied: checkComponentPermission() owningUid=10009
07-14 15:28:15.088 W/BroadcastQueue(  374): Permission Denial: broadcasting Intent { act=com.google.android.location.internal.server.ACTION_RESTARTED flg=0x10 } from com.google.android.apps.maps (pid=18296, uid=10038) is not exported from uid 10009 due to receiver com.google.android.gms/com.google.android.location.reporting.service.ExternalChangeReceiver
07-14 15:28:15.112 I/ActivityManager(  374): Start proc com.google.android.apps.maps:LocationFriendService for broadcast com.google.android.apps.maps/com.google.googlenav.friend.reporting.LocationReportingIntentReceiver: pid=18329 uid=10038 gids={50038, 3003, 1015, 1028}
07-14 15:28:17.651 D/dalvikvm( 1052): GC_CONCURRENT freed 381K, 9% free 10237K/11168K, paused 4ms+2ms, total 41ms
07-14 15:28:20.033 D/dalvikvm(18296): GC_CONCURRENT freed 305K, 7% free 9452K/10080K, paused 5ms+2ms, total 35ms
07-14 15:28:56.487 D/dalvikvm( 2019): GC_FOR_ALLOC freed 260K, 7% free 9923K/10588K, paused 37ms, total 37ms
07-14 15:29:22.362 D/dalvikvm(17928): GC_CONCURRENT freed 636K, 22% free 9999K/12772K, paused 5ms+3ms, total 42ms
07-14 15:29:24.010 D/JOBS    (18129): Thread-835: load factor check. true = (0 < 1)|| (0 * 3 < 0 + 0). consumer thread: true
07-14 15:29:24.010 D/JOBS    (18129): didn't allow me to die, re-running Thread-835
07-14 15:29:24.010 D/JOBS    (18129): re-running consumer Thread-835
07-14 15:29:28.846 W/ActivityThread(18296): ClassLoader.loadClass: The class loader returned by Thread.getContextClassLoader() may fail for processes that host multiple applications. You should explicitly specify a context class loader. For example: Thread.setContextClassLoader(getClass().getClassLoader());
07-14 15:29:56.838 D/MdmService(14510): [null:-1]->receiver action :com.pekall.mdm.action.MDM_ALARM
07-14 15:29:56.862 D/MdmStatusManager(14510): [null:-1]->change status to : Busy
07-14 15:29:56.877 D/DB      (14510): query: SQLiteQuery: SELECT content, command_status, status FROM command WHERE status!=2
07-14 15:29:56.877 D/DB      (14510): factory null
07-14 15:29:56.877 D/DB      (14510): fillWindow: 0
07-14 15:29:56.885 D/DB      (14510): cursor 0
07-14 15:29:56.885 D/DB      (14510): moveToPos: 0
07-14 15:29:56.885 I/TransInfo(14510): TransInfo created, id: 3, class: class com.pekall.emdm.transaction.b.c
07-14 15:29:56.885 D/NetworkThread(14510): [null:-1]->----isRunning-----true
07-14 15:29:56.885 D/NetworkThread(14510): [null:-1]->----isRunning-----true
07-14 15:29:56.885 D/NetworkThread(14510): [null:-1]->thread wakeup
07-14 15:29:56.924 D/HttpClient(14510): enable apache.http debug
07-14 15:29:56.940 V/DEBUG   (14510): HTTP 0
07-14 15:29:57.026 D/dalvikvm(14510): GC_CONCURRENT freed 2504K, 29% free 16905K/23688K, paused 7ms+8ms, total 73ms
07-14 15:29:57.408 V/DEBUG   (14510): HTTP 1
07-14 15:29:57.416 D/NetworkThread(14510): [null:-1]->queue is empty, thread wait...
07-14 15:29:57.510 D/MdmService(14510): [null:-1]->handleCheckInResult
07-14 15:29:57.518 D/MdmService(14510): [null:-1]->handleCheckInResult result keyIndex: 3
07-14 15:29:57.533 D/HandleCommandTask(14510): [null:-1]->execute command msg but beanBase is null
07-14 15:29:57.541 D/MdmStatusManager(14510): [null:-1]->change status to : Idle
07-14 15:30:01.190 V/DigitalWidgetViewsFactory(18107): DigitalWidget sets next alarm string to null
07-14 15:30:01.244 D/dalvikvm(  563): GC_CONCURRENT freed 318K, 5% free 10264K/10792K, paused 3ms+3ms, total 92ms
07-14 15:30:19.041 D/dalvikvm(  577): GC_CONCURRENT freed 376K, 5% free 9579K/9996K, paused 13ms+3ms, total 55ms
07-14 15:30:24.198 I/PowerManagerService(  374): Waking up from sleep...
07-14 15:30:24.244 I/WindowManager(  374): Lock screen displayed!
07-14 15:30:24.565 D/PowerManagerService-JNI(  374): Excessive delay in autosuspend_disable() while turning screen on: 351ms
07-14 15:30:24.573 D/SurfaceFlinger(  124): Screen acquired, type=0 flinger=0x41e1a478
07-14 15:30:24.744 D/dalvikvm(  636): GC_FOR_ALLOC freed 996K, 10% free 12683K/14076K, paused 119ms, total 120ms
07-14 15:30:24.791 D/LightsService(  374): Excessive delay setting light: 173ms
07-14 15:30:24.854 D/YouTube MDX(17593): Recieved intent android.intent.action.SCREEN_ON
07-14 15:30:24.862 V/DigitalWidgetViewsFactory(18107): DigitalWidget sets next alarm string to null
07-14 15:30:24.885 D/dalvikvm(13778): GC_CONCURRENT freed 434K, 7% free 9103K/9712K, paused 3ms+2ms, total 183ms
07-14 15:30:25.073 D/AndroidRuntime(18359): 
07-14 15:30:25.073 D/AndroidRuntime(18359): >>>>>> AndroidRuntime START com.android.internal.os.RuntimeInit <<<<<<
07-14 15:30:25.073 D/AndroidRuntime(18359): CheckJNI is OFF
07-14 15:30:25.080 D/dalvikvm(18359): Trying to load lib libjavacore.so 0x0
07-14 15:30:25.088 D/dalvikvm(18359): Added shared lib libjavacore.so 0x0
07-14 15:30:25.096 D/dalvikvm(18359): Trying to load lib libnativehelper.so 0x0
07-14 15:30:25.096 D/dalvikvm(18359): Added shared lib libnativehelper.so 0x0
07-14 15:30:25.190 D/MdmApplication(14510): [null:-1]->onActivityStarted market.activity.AppListActivity , mActivityCount = 2
07-14 15:30:25.190 D/MDM :   (14510): [null:-1]->query
07-14 15:30:25.190 D/MDM :   (14510): [null:-1]->QUERY_PINCODE_CHECK_RESULT
07-14 15:30:25.213 D/PhoneStatusBar(  450): disable: < expand icons alerts ticker system_info BACK HOME recent* CLOCK search >
07-14 15:30:25.276 D/AndroidRuntime(18359): Calling main entry com.qihoo360.powerctl.root.app.App
07-14 15:30:25.276 D/AndroidRuntime(18359): Shutting down VM
07-14 15:30:25.283 D/dalvikvm(18359): GC_CONCURRENT freed 114K, 22% free 467K/592K, paused 0ms+0ms, total 4ms
07-14 15:30:25.283 I/AndroidRuntime(18359): NOTE: attach of thread 'Binder_1' failed
07-14 15:30:25.291 D/NfcService(  582): NFC-C ON
07-14 15:30:25.432 D/PhoneStatusBar(  450): disable: < expand icons alerts ticker system_info back* home* recent clock* search >
07-14 15:30:25.448 D/dalvikvm(17539): GC_CONCURRENT freed 896K, 10% free 9201K/10220K, paused 2ms+4ms, total 62ms
07-14 15:30:25.448 D/dalvikvm(17539): WAIT_FOR_CONCURRENT_GC blocked 35ms
07-14 15:30:25.502 D/dalvikvm(17539): GC_FOR_ALLOC freed 7K, 6% free 9696K/10220K, paused 45ms, total 45ms
07-14 15:30:25.713 V/TAG     (  374): bug 7643792: fitSystemWindows([0,50][0,0])
07-14 15:30:25.885 I/RootJni (18381): su: permission denied
07-14 15:30:25.971 D/AndroidRuntime(18380): 
07-14 15:30:25.971 D/AndroidRuntime(18380): >>>>>> AndroidRuntime START com.android.internal.os.RuntimeInit <<<<<<
07-14 15:30:25.971 D/AndroidRuntime(18380): CheckJNI is OFF
07-14 15:30:25.979 D/dalvikvm( 1052): GC_CONCURRENT freed 377K, 9% free 10267K/11168K, paused 17ms+4ms, total 87ms
07-14 15:30:25.987 D/dalvikvm(18380): Trying to load lib libjavacore.so 0x0
07-14 15:30:25.994 D/dalvikvm(18380): Added shared lib libjavacore.so 0x0
07-14 15:30:26.010 D/dalvikvm(18380): Trying to load lib libnativehelper.so 0x0
07-14 15:30:26.010 D/dalvikvm(18380): Added shared lib libnativehelper.so 0x0
07-14 15:30:26.252 D/AndroidRuntime(18380): Calling main entry com.qihoo360.powerctl.root.app.App
07-14 15:30:26.260 D/AndroidRuntime(18380): Shutting down VM
07-14 15:30:26.268 D/dalvikvm(18380): GC_CONCURRENT freed 115K, 21% free 467K/592K, paused 1ms+0ms, total 4ms
07-14 15:30:47.002 W/Settings( 2019): Setting airplane_mode_on has moved from android.provider.Settings.System to android.provider.Settings.Global, returning read-only value.
07-14 15:30:47.002 W/Settings( 2019): Setting mobile_data has moved from android.provider.Settings.Secure to android.provider.Settings.Global.
07-14 15:30:47.010 D/BluetoothAdapter( 2019): 1116407520: getState() :  mService = null. Returning STATE_OFF
07-14 15:30:47.010 W/Settings( 2019): Setting airplane_mode_on has moved from android.provider.Settings.System to android.provider.Settings.Global, returning read-only value.
07-14 15:30:47.033 W/Settings( 2019): Setting airplane_mode_on has moved from android.provider.Settings.System to android.provider.Settings.Global, returning read-only value.
07-14 15:30:47.033 W/Settings( 2019): Setting mobile_data has moved from android.provider.Settings.Secure to android.provider.Settings.Global.
07-14 15:30:47.033 D/BluetoothAdapter( 2019): 1116407520: getState() :  mService = null. Returning STATE_OFF
07-14 15:30:47.041 W/Settings( 2019): Setting airplane_mode_on has moved from android.provider.Settings.System to android.provider.Settings.Global, returning read-only value.
07-14 15:30:49.385 D/LightsService(  374): Excessive delay setting light: 68ms
07-14 15:30:49.658 D/LightsService(  374): Excessive delay setting light: 68ms
07-14 15:30:55.182 I/PowerManagerService(  374): Going to sleep due to screen timeout...
07-14 15:30:55.963 D/SurfaceFlinger(  124): Screen released, type=0 flinger=0x41e1a478
07-14 15:30:56.041 D/NfcService(  582): NFC-C OFF, disconnect
07-14 15:30:56.158 D/dalvikvm( 2019): GC_FOR_ALLOC freed 310K, 7% free 9925K/10588K, paused 20ms, total 20ms
07-14 15:30:56.198 D/MDM :   (14510): [null:-1]->query
07-14 15:30:56.205 D/MDM :   (14510): [null:-1]->QUERY_SETTING_PIN_ONOFF
07-14 15:30:56.244 D/dalvikvm(15933): GC_FOR_ALLOC freed 327K, 6% free 10079K/10720K, paused 38ms, total 38ms
07-14 15:30:56.291 D/YouTube MDX(17593): Recieved intent android.intent.action.SCREEN_OFF
07-14 15:31:01.127 V/KeyguardHostView(  374): hide transport, gen:65
07-14 15:31:01.127 V/KeyguardHostView(  374): music state changed: 0
07-14 15:31:01.151 D/PhoneStatusBar(  450): disable: < expand icons alerts ticker system_info back home RECENT* clock search >
07-14 15:31:01.182 V/TAG     (  374): bug 7643792: fitSystemWindows([0,50][0,0])
07-14 15:31:01.252 D/dalvikvm( 1146): GC_FOR_ALLOC freed 378K, 7% free 9204K/9816K, paused 17ms, total 17ms
07-14 15:31:01.315 D/PhoneStatusBar(  450): disable: < expand icons alerts ticker system_info BACK* HOME* RECENT CLOCK* search >
07-14 15:31:08.549 D/dalvikvm(  374): GC_EXPLICIT freed 3768K, 26% free 21421K/28828K, paused 4ms+14ms, total 121ms
07-14 15:31:24.010 D/JOBS    (18129): Thread-835: load factor check. true = (0 < 1)|| (0 * 3 < 0 + 0). consumer thread: true
07-14 15:31:24.010 D/JOBS    (18129): didn't allow me to die, re-running Thread-835
07-14 15:31:24.010 D/JOBS    (18129): re-running consumer Thread-835
07-14 15:31:58.721 I/PowerManagerService(  374): Waking up from sleep...
07-14 15:31:58.768 I/WindowManager(  374): Lock screen displayed!
07-14 15:31:58.994 D/dalvikvm( 1052): GC_CONCURRENT freed 417K, 9% free 10235K/11168K, paused 4ms+4ms, total 47ms
07-14 15:31:59.088 D/dalvikvm(  636): GC_FOR_ALLOC freed 1004K, 10% free 12671K/14076K, paused 95ms, total 130ms
07-14 15:31:59.119 D/PowerManagerService-JNI(  374): Excessive delay in autosuspend_disable() while turning screen on: 381ms
07-14 15:31:59.127 D/SurfaceFlinger(  124): Screen acquired, type=0 flinger=0x41e1a478
07-14 15:31:59.213 D/YouTube MDX(17593): Recieved intent android.intent.action.SCREEN_ON
07-14 15:31:59.268 V/DigitalWidgetViewsFactory(18107): DigitalWidget sets next alarm string to null
07-14 15:31:59.448 D/AndroidRuntime(18407): 
07-14 15:31:59.448 D/AndroidRuntime(18407): >>>>>> AndroidRuntime START com.android.internal.os.RuntimeInit <<<<<<
07-14 15:31:59.448 D/AndroidRuntime(18407): CheckJNI is OFF
07-14 15:31:59.463 D/dalvikvm(18407): Trying to load lib libjavacore.so 0x0
07-14 15:31:59.471 D/dalvikvm(18407): Added shared lib libjavacore.so 0x0
07-14 15:31:59.487 D/dalvikvm(18407): Trying to load lib libnativehelper.so 0x0
07-14 15:31:59.487 D/dalvikvm(18407): Added shared lib libnativehelper.so 0x0
07-14 15:31:59.619 D/LightsService(  374): Excessive delay setting light: 356ms
07-14 15:31:59.744 D/AndroidRuntime(18407): Calling main entry com.qihoo360.powerctl.root.app.App
07-14 15:31:59.744 D/AndroidRuntime(18407): Shutting down VM
07-14 15:31:59.744 I/AndroidRuntime(18407): NOTE: attach of thread 'Binder_1' failed
07-14 15:31:59.752 D/dalvikvm(18407): GC_CONCURRENT freed 114K, 22% free 467K/592K, paused 0ms+1ms, total 3ms
07-14 15:31:59.783 D/MdmApplication(14510): [null:-1]->onActivityStarted market.activity.AppListActivity , mActivityCount = 3
07-14 15:31:59.783 D/MDM :   (14510): [null:-1]->query
07-14 15:31:59.783 D/MDM :   (14510): [null:-1]->QUERY_PINCODE_CHECK_RESULT
07-14 15:31:59.838 D/PhoneStatusBar(  450): disable: < expand icons alerts ticker system_info BACK HOME recent* CLOCK search >
07-14 15:31:59.869 D/PhoneStatusBar(  450): disable: < expand icons alerts ticker system_info back* home* recent clock* search >
07-14 15:31:59.955 D/NfcService(  582): NFC-C ON
07-14 15:31:59.987 D/dalvikvm(17539): GC_CONCURRENT freed 910K, 10% free 9204K/10224K, paused 2ms+2ms, total 46ms
07-14 15:31:59.987 D/dalvikvm(17539): WAIT_FOR_CONCURRENT_GC blocked 29ms
07-14 15:32:00.026 D/dalvikvm(17539): GC_FOR_ALLOC freed 9K, 6% free 9696K/10224K, paused 32ms, total 32ms
07-14 15:32:00.330 V/TAG     (  374): bug 7643792: fitSystemWindows([0,50][0,0])
07-14 15:32:00.448 D/AndroidRuntime(18429): 
07-14 15:32:00.448 D/AndroidRuntime(18429): >>>>>> AndroidRuntime START com.android.internal.os.RuntimeInit <<<<<<
07-14 15:32:00.448 D/AndroidRuntime(18429): CheckJNI is OFF
07-14 15:32:00.463 D/dalvikvm(18429): Trying to load lib libjavacore.so 0x0
07-14 15:32:00.471 D/dalvikvm(18429): Added shared lib libjavacore.so 0x0
07-14 15:32:00.487 D/dalvikvm(18429): Trying to load lib libnativehelper.so 0x0
07-14 15:32:00.487 D/dalvikvm(18429): Added shared lib libnativehelper.so 0x0
07-14 15:32:00.565 I/RootJni (18437): su: permission denied
07-14 15:32:00.737 D/AndroidRuntime(18429): Calling main entry com.qihoo360.powerctl.root.app.App
07-14 15:32:00.737 D/AndroidRuntime(18429): Shutting down VM
07-14 15:32:00.744 D/dalvikvm(18429): GC_CONCURRENT freed 115K, 21% free 467K/592K, paused 1ms+0ms, total 4ms
07-14 15:32:01.119 I/ActivityManager(  374): START u0 {act=android.intent.action.VIEW dat=market://search?q=pname:hjhk.hjhkPkg flg=0x3000000 cmp=com.qihoo.appstore/.activities.SearchDistributionActivity} from pid 17539
07-14 15:32:01.182 I/ActivityManager(  374): START u0 {cmp=com.qihoo.appstore/.activities.MainActivity (has extras)} from pid 17928
07-14 15:32:01.198 D/MdmApplication(14510): [null:-1]->onActivityStarted market.activity.AppListActivity , mActivityCount = 4
07-14 15:32:01.198 D/MDM :   (14510): [null:-1]->query
07-14 15:32:01.198 D/MDM :   (14510): [null:-1]->QUERY_PINCODE_CHECK_RESULT
07-14 15:32:01.369 D/dalvikvm(17928): GC_FOR_ALLOC freed 321K, 22% free 10012K/12772K, paused 49ms, total 49ms
07-14 15:32:01.369 I/dalvikvm-heap(17928): Grow heap (frag case) to 10.109MB for 313616-byte allocation
07-14 15:32:01.401 D/dalvikvm(17928): GC_FOR_ALLOC freed <1K, 22% free 10318K/13080K, paused 33ms, total 33ms
07-14 15:32:01.432 D/dalvikvm(17928): GC_FOR_ALLOC freed 1K, 22% free 10317K/13080K, paused 28ms, total 28ms
07-14 15:32:01.432 I/dalvikvm-heap(17928): Grow heap (frag case) to 10.638MB for 556532-byte allocation
07-14 15:32:01.455 D/dalvikvm(17928): GC_FOR_ALLOC freed 0K, 21% free 10861K/13624K, paused 26ms, total 26ms
07-14 15:32:01.487 D/dalvikvm(17928): GC_CONCURRENT freed <1K, 21% free 10862K/13624K, paused 4ms+3ms, total 32ms
07-14 15:32:01.487 D/dalvikvm(17928): WAIT_FOR_CONCURRENT_GC blocked 26ms
07-14 15:32:01.487 I/dalvikvm-heap(17928): Grow heap (frag case) to 10.960MB for 336016-byte allocation
07-14 15:32:01.518 D/dalvikvm(17928): GC_FOR_ALLOC freed 306K, 23% free 10884K/13956K, paused 27ms, total 27ms
07-14 15:32:01.549 D/dalvikvm(17928): GC_FOR_ALLOC freed <1K, 23% free 10884K/13956K, paused 30ms, total 30ms
07-14 15:32:01.549 I/dalvikvm-heap(17928): Grow heap (frag case) to 11.231MB for 597616-byte allocation
07-14 15:32:01.580 D/dalvikvm(17928): GC_FOR_ALLOC freed 0K, 22% free 11468K/14540K, paused 29ms, total 29ms
07-14 15:32:01.612 D/dalvikvm(17928): GC_CONCURRENT freed <1K, 22% free 11474K/14540K, paused 2ms+4ms, total 32ms
07-14 15:32:01.885 D/dalvikvm(17928): GC_CONCURRENT freed 1002K, 23% free 11323K/14540K, paused 2ms+5ms, total 37ms
07-14 15:32:02.073 D/dalvikvm(17928): GC_CONCURRENT freed 448K, 21% free 11610K/14540K, paused 2ms+6ms, total 46ms
07-14 15:32:02.205 D/dalvikvm(17928): GC_CONCURRENT freed 160K, 16% free 12304K/14540K, paused 4ms+5ms, total 40ms
07-14 15:32:02.205 D/dalvikvm(17928): WAIT_FOR_CONCURRENT_GC blocked 29ms
07-14 15:32:02.268 D/dalvikvm(16938): GC_CONCURRENT freed 436K, 22% free 9536K/12148K, paused 3ms+3ms, total 28ms
07-14 15:32:02.455 D/dalvikvm(17928): GC_CONCURRENT freed 343K, 11% free 13078K/14540K, paused 3ms+5ms, total 38ms
07-14 15:32:02.549 I/Choreographer(17928): Skipped 51 frames!  The application may be doing too much work on its main thread.
07-14 15:32:02.604 D/dalvikvm( 1052): GC_CONCURRENT freed 386K, 9% free 10233K/11168K, paused 23ms+5ms, total 59ms
07-14 15:32:02.846 V/PhoneStatusBar(  450): setLightsOn(true)
07-14 15:32:02.869 D/libEGL  (17928): loaded /vendor/lib/egl/libEGL_POWERVR_SGX540_120.so
07-14 15:32:02.901 D/libEGL  (17928): loaded /vendor/lib/egl/libGLESv1_CM_POWERVR_SGX540_120.so
07-14 15:32:02.908 D/libEGL  (17928): loaded /vendor/lib/egl/libGLESv2_POWERVR_SGX540_120.so
07-14 15:32:03.018 D/OpenGLRenderer(17928): Enabling debug mode 0
07-14 15:32:03.174 D/dalvikvm(17928): GC_CONCURRENT freed 1837K, 14% free 12629K/14540K, paused 7ms+16ms, total 69ms
07-14 15:32:03.174 D/dalvikvm(17928): WAIT_FOR_CONCURRENT_GC blocked 65ms
07-14 15:32:03.174 D/dalvikvm(17928): WAIT_FOR_CONCURRENT_GC blocked 60ms
07-14 15:32:03.174 D/dalvikvm(17928): WAIT_FOR_CONCURRENT_GC blocked 60ms
07-14 15:32:03.174 D/dalvikvm(17928): WAIT_FOR_CONCURRENT_GC blocked 58ms
07-14 15:32:03.190 D/dalvikvm(17928): WAIT_FOR_CONCURRENT_GC blocked 19ms
07-14 15:32:03.494 W/System.err(17928): org.json.JSONException: Value [] at data of type org.json.JSONArray cannot be converted to JSONObject
07-14 15:32:03.502 W/System.err(17928): 	at org.json.JSON.typeMismatch(JSON.java:100)
07-14 15:32:03.502 W/System.err(17928): 	at org.json.JSONObject.getJSONObject(JSONObject.java:577)
07-14 15:32:03.502 W/System.err(17928): 	at com.qihoo.appstore.comment.c.a(Unknown Source)
07-14 15:32:03.502 W/System.err(17928): 	at com.qihoo.appstore.comment.e.a(Unknown Source)
07-14 15:32:03.502 W/System.err(17928): 	at com.qihoo.appstore.comment.e.a(Unknown Source)
07-14 15:32:03.502 W/System.err(17928): 	at com.qihoo.appstore.newAppInfo.bc.a(Unknown Source)
07-14 15:32:03.502 W/System.err(17928): 	at com.qihoo.appstore.q.r.a(Unknown Source)
07-14 15:32:03.502 W/System.err(17928): 	at com.qihoo.appstore.q.r.a(Unknown Source)
07-14 15:32:03.502 W/System.err(17928): 	at com.qihoo.appstore.c.g.call(Unknown Source)
07-14 15:32:03.502 W/System.err(17928): 	at java.util.concurrent.FutureTask.run(FutureTask.java:234)
