07-14 15:37:30.096 W/System.err(17272): java.io.FileNotFoundException: /data/data/com.mgyapp.android/files/.cfp.i: open failed: ENOENT (No such file or directory)
07-14 15:37:30.096 W/System.err(17272): 	at libcore.io.IoBridge.open(IoBridge.java:409)
07-14 15:37:30.096 W/System.err(17272): 	at java.io.FileInputStream.<init>(FileInputStream.java:78)
07-14 15:37:30.096 W/System.err(17272): 	at android.app.ContextImpl.openFileInput(ContextImpl.java:702)
07-14 15:37:30.096 W/System.err(17272): 	at android.content.ContextWrapper.openFileInput(ContextWrapper.java:173)
07-14 15:37:30.096 W/System.err(17272): 	at com.mgyun.shua.jc.c.b(Unknown Source)
07-14 15:37:30.096 W/System.err(17272): 	at com.mgyun.shua.jc.d.a(Unknown Source)
07-14 15:37:30.096 W/System.err(17272): 	at com.mgyun.shua.jc.service.CpWorkServer.onHandleIntent(Unknown Source)
07-14 15:37:30.096 W/System.err(17272): 	at android.app.IntentService$ServiceHandler.handleMessage(IntentService.java:65)
07-14 15:37:30.096 W/System.err(17272): 	at android.os.Handler.dispatchMessage(Handler.java:99)
07-14 15:37:30.096 W/System.err(17272): 	at android.os.Looper.loop(Looper.java:137)
07-14 15:37:30.096 W/System.err(17272): 	at android.os.HandlerThread.run(HandlerThread.java:61)
07-14 15:37:30.096 W/System.err(17272): Caused by: libcore.io.ErrnoException: open failed: ENOENT (No such file or directory)
07-14 15:37:30.096 W/System.err(17272): 	at libcore.io.Posix.open(Native Method)
07-14 15:37:30.096 W/System.err(17272): 	at libcore.io.BlockGuardOs.open(BlockGuardOs.java:110)
07-14 15:37:30.096 W/System.err(17272): 	at libcore.io.IoBridge.open(IoBridge.java:393)
07-14 15:37:30.096 W/System.err(17272): 	... 10 more
07-14 15:37:51.424 D/dalvikvm(19168): GC_CONCURRENT freed 305K, 4% free 9861K/10208K, paused 4ms+4ms, total 28ms
07-14 15:37:51.533 D/dalvikvm(19168): GC_CONCURRENT freed 231K, 3% free 10041K/10340K, paused 3ms+4ms, total 30ms
07-14 15:37:51.752 W/MountService(  374): getVolumeState(/storage/emulated/0/external_sd): Unknown volume
07-14 15:37:51.752 W/MountService(  374): getVolumeState(/mnt/sdcard-ext): Unknown volume
07-14 15:37:51.752 W/MountService(  374): getVolumeState(/mnt/ext_sdcard): Unknown volume
07-14 15:37:51.752 W/MountService(  374): getVolumeState(/mnt/sdcard2): Unknown volume
07-14 15:37:51.752 W/MountService(  374): getVolumeState(/mnt/emmc): Unknown volume
07-14 15:37:51.752 W/MountService(  374): getVolumeState(/mnt/extSdCard): Unknown volume
07-14 15:37:51.760 W/MountService(  374): getVolumeState(/mnt/sdcard/SD_CARD): Unknown volume
07-14 15:37:51.760 W/MountService(  374): getVolumeState(/mnt/sdcard/extra_sd): Unknown volume
07-14 15:37:51.760 W/MountService(  374): getVolumeState(/mnt/extrasd_bind): Unknown volume
07-14 15:37:51.760 W/MountService(  374): getVolumeState(/mnt/sdcard/ext_sd): Unknown volume
07-14 15:37:51.760 W/MountService(  374): getVolumeState(/storage/extSdCard): Unknown volume
07-14 15:37:51.760 W/MountService(  374): getVolumeState(/storage/sdcard1): Unknown volume
07-14 15:37:51.760 W/MountService(  374): getVolumeState(/mnt/sdcard/external_SD): Unknown volume
07-14 15:37:51.760 W/MountService(  374): getVolumeState(/mnt/sdcard/external_sd): Unknown volume
07-14 15:37:51.815 D/dalvikvm(19168): GC_CONCURRENT freed 267K, 3% free 10208K/10516K, paused 3ms+2ms, total 31ms
07-14 15:37:51.979 W/PackageParser(19168): Unknown element under <application>: intent-filter at /storage/emulated/0/360MobileSafe_5.2.3.1061.apk Binary XML file line #1165
07-14 15:37:51.994 D/dalvikvm(18981): GC_CONCURRENT freed 387K, 5% free 8943K/9368K, paused 3ms+2ms, total 21ms
07-14 15:37:51.994 W/PackageParser(19168): Unknown element under <application>: intent-filter at /storage/emulated/0/360MobileSafe_5.2.3.1061.apk Binary XML file line #1423
07-14 15:37:52.166 D/dalvikvm(19168): GC_CONCURRENT freed 202K, 3% free 10447K/10692K, paused 4ms+5ms, total 39ms
07-14 15:37:52.362 D/dalvikvm(19168): GC_CONCURRENT freed 651K, 7% free 10311K/10996K, paused 2ms+3ms, total 34ms
07-14 15:37:52.369 D/dalvikvm(19168): WAIT_FOR_CONCURRENT_GC blocked 4ms
07-14 15:37:52.369 D/dalvikvm(19168): WAIT_FOR_CONCURRENT_GC blocked 19ms
07-14 15:37:52.369 W/MountService(  374): getVolumeState(/storage/emulated/0/external_sd): Unknown volume
07-14 15:37:52.377 W/MountService(  374): getVolumeState(/mnt/sdcard-ext): Unknown volume
07-14 15:37:52.377 W/MountService(  374): getVolumeState(/mnt/ext_sdcard): Unknown volume
07-14 15:37:52.377 W/MountService(  374): getVolumeState(/mnt/sdcard2): Unknown volume
07-14 15:37:52.377 W/MountService(  374): getVolumeState(/mnt/emmc): Unknown volume
07-14 15:37:52.377 W/MountService(  374): getVolumeState(/mnt/extSdCard): Unknown volume
07-14 15:37:52.377 W/MountService(  374): getVolumeState(/mnt/sdcard/SD_CARD): Unknown volume
07-14 15:37:52.377 W/MountService(  374): getVolumeState(/mnt/sdcard/extra_sd): Unknown volume
07-14 15:37:52.377 W/MountService(  374): getVolumeState(/mnt/extrasd_bind): Unknown volume
07-14 15:37:52.377 W/MountService(  374): getVolumeState(/mnt/sdcard/ext_sd): Unknown volume
07-14 15:37:52.377 W/MountService(  374): getVolumeState(/storage/extSdCard): Unknown volume
07-14 15:37:52.385 W/MountService(  374): getVolumeState(/storage/sdcard1): Unknown volume
07-14 15:37:52.385 W/MountService(  374): getVolumeState(/mnt/sdcard/external_SD): Unknown volume
07-14 15:37:52.385 W/MountService(  374): getVolumeState(/mnt/sdcard/external_sd): Unknown volume
07-14 15:37:52.526 W/PackageParser(19168): No actions in intent filter at /storage/emulated/0/Download/emmp.apk Binary XML file line #687
07-14 15:37:52.573 D/dalvikvm(  374): GC_CONCURRENT freed 2431K, 26% free 21639K/29200K, paused 5ms+12ms, total 115ms
07-14 15:37:52.619 D/dalvikvm(19168): GC_CONCURRENT freed 574K, 7% free 10248K/10996K, paused 3ms+3ms, total 50ms
07-14 15:37:52.619 D/dalvikvm(19168): WAIT_FOR_CONCURRENT_GC blocked 25ms
07-14 15:37:52.744 W/PackageParser(19168): No actions in intent filter at /storage/emulated/0/Download/emmp-1.apk Binary XML file line #687
07-14 15:37:52.783 D/dalvikvm(19168): GC_CONCURRENT freed 423K, 6% free 10337K/10996K, paused 4ms+4ms, total 47ms
07-14 15:37:52.783 D/dalvikvm(19168): WAIT_FOR_CONCURRENT_GC blocked 12ms
07-14 15:37:52.862 D/dalvikvm(19168): GC_CONCURRENT freed 549K, 7% free 10277K/10996K, paused 4ms+3ms, total 40ms
07-14 15:37:52.940 D/dalvikvm(19168): GC_CONCURRENT freed 596K, 8% free 10193K/10996K, paused 3ms+3ms, total 36ms
07-14 15:37:52.940 D/dalvikvm(19168): WAIT_FOR_CONCURRENT_GC blocked 7ms
07-14 15:37:52.940 D/dalvikvm(19168): WAIT_FOR_CONCURRENT_GC blocked 11ms
07-14 15:37:53.041 D/dalvikvm(19168): GC_CONCURRENT freed 510K, 8% free 10192K/10996K, paused 2ms+12ms, total 44ms
07-14 15:37:53.244 W/PackageParser(19168): No actions in intent filter at /storage/emulated/0/360Download/Pekall.apk Binary XML file line #685
07-14 15:37:53.283 D/dalvikvm(19168): GC_CONCURRENT freed 388K, 7% free 10317K/10996K, paused 2ms+7ms, total 41ms
07-14 15:37:53.283 D/dalvikvm(19168): WAIT_FOR_CONCURRENT_GC blocked 4ms
07-14 15:37:53.291 D/dalvikvm(19168): WAIT_FOR_CONCURRENT_GC blocked 8ms
07-14 15:37:53.346 W/Resources(19168): Converting to boolean: TypedValue{t=0x3/d=0x54 "false" a=-1}
07-14 15:37:53.354 W/Resources(19168): Converting to boolean: TypedValue{t=0x3/d=0x54 "false" a=-1}
07-14 15:37:53.541 D/dalvikvm(19168): GC_CONCURRENT freed 482K, 6% free 10346K/10996K, paused 6ms+4ms, total 34ms
07-14 15:37:53.541 D/dalvikvm(19168): WAIT_FOR_CONCURRENT_GC blocked 9ms
07-14 15:37:53.541 D/dalvikvm(19168): WAIT_FOR_CONCURRENT_GC blocked 18ms
07-14 15:37:53.541 D/dalvikvm(19168): WAIT_FOR_CONCURRENT_GC blocked 23ms
07-14 15:37:53.619 D/dalvikvm(18981): GC_CONCURRENT freed 387K, 5% free 8943K/9368K, paused 3ms+2ms, total 21ms
07-14 15:37:53.862 D/dalvikvm(19168): GC_CONCURRENT freed 541K, 7% free 10316K/10996K, paused 3ms+3ms, total 38ms
07-14 15:37:53.862 D/dalvikvm(19168): WAIT_FOR_CONCURRENT_GC blocked 12ms
07-14 15:37:53.862 D/dalvikvm(19168): WAIT_FOR_CONCURRENT_GC blocked 18ms
07-14 15:37:53.893 W/MountService(  374): getVolumeState(/storage/emulated/0/external_sd): Unknown volume
07-14 15:37:53.893 W/MountService(  374): getVolumeState(/mnt/sdcard-ext): Unknown volume
07-14 15:37:53.893 W/MountService(  374): getVolumeState(/mnt/ext_sdcard): Unknown volume
07-14 15:37:53.893 W/MountService(  374): getVolumeState(/mnt/sdcard2): Unknown volume
07-14 15:37:53.893 W/MountService(  374): getVolumeState(/mnt/emmc): Unknown volume
07-14 15:37:53.893 W/MountService(  374): getVolumeState(/mnt/extSdCard): Unknown volume
07-14 15:37:53.893 W/MountService(  374): getVolumeState(/mnt/sdcard/SD_CARD): Unknown volume
07-14 15:37:53.893 W/MountService(  374): getVolumeState(/mnt/sdcard/extra_sd): Unknown volume
07-14 15:37:53.893 W/MountService(  374): getVolumeState(/mnt/extrasd_bind): Unknown volume
07-14 15:37:53.893 W/MountService(  374): getVolumeState(/mnt/sdcard/ext_sd): Unknown volume
07-14 15:37:53.893 W/MountService(  374): getVolumeState(/storage/extSdCard): Unknown volume
07-14 15:37:53.901 W/MountService(  374): getVolumeState(/storage/sdcard1): Unknown volume
07-14 15:37:53.901 W/MountService(  374): getVolumeState(/mnt/sdcard/external_SD): Unknown volume
07-14 15:37:53.901 W/MountService(  374): getVolumeState(/mnt/sdcard/external_sd): Unknown volume
07-14 15:37:54.096 D/dalvikvm(19168): GC_CONCURRENT freed 686K, 9% free 10107K/10996K, paused 2ms+2ms, total 51ms
07-14 15:37:54.510 D/dalvikvm(19168): GC_CONCURRENT freed 358K, 8% free 10188K/10996K, paused 4ms+4ms, total 41ms
07-14 15:37:54.612 D/dalvikvm(19168): GC_CONCURRENT freed 317K, 6% free 10382K/10996K, paused 3ms+3ms, total 36ms
07-14 15:37:54.612 D/dalvikvm(19168): WAIT_FOR_CONCURRENT_GC blocked 11ms
07-14 15:37:54.612 D/dalvikvm(19168): WAIT_FOR_CONCURRENT_GC blocked 9ms
07-14 15:37:54.612 D/dalvikvm(19168): WAIT_FOR_CONCURRENT_GC blocked 21ms
07-14 15:37:54.690 D/dalvikvm(19168): GC_CONCURRENT freed 591K, 7% free 10302K/10996K, paused 2ms+4ms, total 32ms
07-14 15:37:54.690 D/dalvikvm(19168): WAIT_FOR_CONCURRENT_GC blocked 20ms
07-14 15:37:54.690 D/dalvikvm(19168): WAIT_FOR_CONCURRENT_GC blocked 20ms
07-14 15:37:54.830 D/dalvikvm(19168): GC_CONCURRENT freed 633K, 8% free 10181K/10996K, paused 8ms+3ms, total 41ms
07-14 15:37:54.830 D/dalvikvm(19168): WAIT_FOR_CONCURRENT_GC blocked 24ms
07-14 15:37:54.830 D/dalvikvm(19168): WAIT_FOR_CONCURRENT_GC blocked 17ms
07-14 15:37:54.987 D/dalvikvm(19168): GC_CONCURRENT freed 471K, 8% free 10207K/10996K, paused 18ms+15ms, total 78ms
07-14 15:37:55.260 D/dalvikvm(19168): GC_FOR_ALLOC freed 309K, 8% free 10165K/10996K, paused 53ms, total 53ms
07-14 15:37:55.260 I/dalvikvm-heap(19168): Grow heap (frag case) to 10.032MB for 76082-byte allocation
07-14 15:37:55.299 D/dalvikvm(19168): GC_FOR_ALLOC freed 36K, 8% free 10203K/11072K, paused 41ms, total 41ms
07-14 15:37:55.330 D/dalvikvm(19168): GC_FOR_ALLOC freed <1K, 8% free 10203K/11072K, paused 30ms, total 31ms
07-14 15:37:55.330 I/dalvikvm-heap(19168): Grow heap (frag case) to 10.050MB for 56330-byte allocation
07-14 15:37:55.354 D/dalvikvm(19168): GC_FOR_ALLOC freed 0K, 8% free 10258K/11128K, paused 26ms, total 26ms
07-14 15:37:55.440 D/dalvikvm(19168): GC_CONCURRENT freed 174K, 6% free 10558K/11128K, paused 4ms+5ms, total 39ms
07-14 15:37:55.557 D/dalvikvm(19168): GC_CONCURRENT freed 672K, 7% free 10410K/11128K, paused 2ms+4ms, total 41ms
07-14 15:37:55.862 D/dalvikvm(19168): GC_CONCURRENT freed 265K, 5% free 10627K/11128K, paused 4ms+4ms, total 38ms
07-14 15:37:56.018 D/dalvikvm(19168): GC_CONCURRENT freed 311K, 4% free 10812K/11164K, paused 3ms+5ms, total 41ms
07-14 15:37:56.127 D/dalvikvm(19168): GC_CONCURRENT freed 248K, 3% free 11130K/11424K, paused 2ms+3ms, total 38ms
07-14 15:37:56.323 D/dalvikvm(19168): GC_CONCURRENT freed 362K, 4% free 11496K/11904K, paused 5ms+4ms, total 51ms
07-14 15:37:56.323 D/dalvikvm(19168): WAIT_FOR_CONCURRENT_GC blocked 1ms
07-14 15:37:56.323 D/dalvikvm(19168): WAIT_FOR_CONCURRENT_GC blocked 7ms
07-14 15:37:56.323 D/dalvikvm(19168): WAIT_FOR_CONCURRENT_GC blocked 8ms
07-14 15:37:56.565 D/dalvikvm(19168): GC_CONCURRENT freed 1964K, 17% free 10386K/12392K, paused 3ms+3ms, total 44ms
07-14 15:37:56.565 D/dalvikvm(19168): WAIT_FOR_CONCURRENT_GC blocked 24ms
07-14 15:37:56.565 D/dalvikvm(19168): WAIT_FOR_CONCURRENT_GC blocked 25ms
07-14 15:37:56.940 D/dalvikvm(19168): GC_CONCURRENT freed 421K, 16% free 10434K/12392K, paused 3ms+4ms, total 55ms
07-14 15:37:57.057 D/dalvikvm(19168): GC_CONCURRENT freed 567K, 17% free 10379K/12392K, paused 3ms+7ms, total 41ms
07-14 15:37:57.057 D/dalvikvm(19168): WAIT_FOR_CONCURRENT_GC blocked 17ms
07-14 15:37:57.057 D/dalvikvm(19168): WAIT_FOR_CONCURRENT_GC blocked 16ms
07-14 15:37:57.057 D/dalvikvm(19168): WAIT_FOR_CONCURRENT_GC blocked 18ms
07-14 15:37:57.237 D/dalvikvm(19168): GC_CONCURRENT freed 526K, 17% free 10365K/12392K, paused 4ms+5ms, total 42ms
07-14 15:37:57.237 D/dalvikvm(19168): WAIT_FOR_CONCURRENT_GC blocked 13ms
07-14 15:37:57.237 D/dalvikvm(19168): WAIT_FOR_CONCURRENT_GC blocked 13ms
07-14 15:37:57.674 D/dalvikvm(19168): GC_CONCURRENT freed 601K, 18% free 10163K/12392K, paused 3ms+8ms, total 48ms
07-14 15:37:57.768 D/dalvikvm(19168): GC_CONCURRENT freed 516K, 19% free 10158K/12392K, paused 2ms+3ms, total 30ms
07-14 15:37:57.768 D/dalvikvm(19168): WAIT_FOR_CONCURRENT_GC blocked 16ms
07-14 15:37:57.940 D/dalvikvm(19168): GC_CONCURRENT freed 547K, 19% free 10122K/12392K, paused 4ms+3ms, total 37ms
07-14 15:37:58.268 D/dalvikvm(19168): GC_CONCURRENT freed 605K, 21% free 9913K/12392K, paused 3ms+2ms, total 30ms
07-14 15:38:08.580 D/dalvikvm(  563): GC_CONCURRENT freed 543K, 8% free 10218K/10992K, paused 9ms+2ms, total 41ms
07-14 15:38:56.830 D/MdmService(14510): [null:-1]->receiver action :com.pekall.mdm.action.MDM_ALARM
07-14 15:38:56.838 D/MdmService(14510): [null:-1]->keepAliveWithPushServer client is opened:true
07-14 15:38:56.838 D/MDM :   (14510): [null:-1]->ping!!!!!!!!!
07-14 15:38:56.846 D/MdmService(14510): [null:-1]->pushUrl : ws://demo.everknow.cn:9030/websocket
07-14 15:38:56.846 D/MDM :   (14510): [null:-1]->mMdmPushClient is :not null
07-14 15:38:56.846 D/MDM :   (14510): [null:-1]->mMdmPushClient opened : opened
07-14 15:38:56.854 D/MDM :   (14510): [null:-1]->MSG_WEBSOCKET_PONG
07-14 15:39:03.338 I/PowerManagerService(  374): Waking up from sleep...
07-14 15:39:03.448 I/WindowManager(  374): Lock screen displayed!
07-14 15:39:03.713 D/PowerManagerService-JNI(  374): Excessive delay in autosuspend_disable() while turning screen on: 359ms
07-14 15:39:03.713 D/SurfaceFlinger(  124): Screen acquired, type=0 flinger=0x41e1a478
07-14 15:39:03.854 I/ActivityManager(  374): Start proc com.android.providers.calendar for content provider com.android.providers.calendar/.CalendarProvider2: pid=19222 uid=10007 gids={50007, 3003, 1015, 1028}
07-14 15:39:03.862 D/YouTube MDX(17593): Recieved intent android.intent.action.SCREEN_ON
07-14 15:39:03.869 V/DigitalWidgetViewsFactory(19152): DigitalWidget sets next alarm string to null
07-14 15:39:03.885 D/LightsService(  374): Excessive delay setting light: 161ms
07-14 15:39:03.948 D/LightsService(  374): Excessive delay setting light: 67ms
07-14 15:39:04.002 D/dalvikvm(  636): GC_FOR_ALLOC freed 883K, 11% free 12675K/14120K, paused 157ms, total 159ms
07-14 15:39:04.244 W/GlowPadView(  374): The number of target drawables must be equal to the number of direction descriptions.
07-14 15:39:04.346 D/AndroidRuntime(19218): 
07-14 15:39:04.346 D/AndroidRuntime(19218): >>>>>> AndroidRuntime START com.android.internal.os.RuntimeInit <<<<<<
07-14 15:39:04.346 D/AndroidRuntime(19218): CheckJNI is OFF
07-14 15:39:04.393 D/dalvikvm(19218): Trying to load lib libjavacore.so 0x0
07-14 15:39:04.401 D/dalvikvm(19218): Added shared lib libjavacore.so 0x0
07-14 15:39:04.424 D/dalvikvm(19218): Trying to load lib libnativehelper.so 0x0
07-14 15:39:04.424 D/dalvikvm(19218): Added shared lib libnativehelper.so 0x0
07-14 15:39:04.510 D/MdmApplication(14510): [null:-1]->onActivityStarted market.activity.AppListActivity , mActivityCount = 5
07-14 15:39:04.510 D/MDM :   (14510): [null:-1]->query
07-14 15:39:04.510 D/MDM :   (14510): [null:-1]->QUERY_PINCODE_CHECK_RESULT
07-14 15:39:04.526 D/PhoneStatusBar(  450): disable: < expand icons alerts ticker system_info BACK HOME recent* CLOCK search >
07-14 15:39:04.533 D/NfcService(  582): NFC-C ON
07-14 15:39:04.612 D/PhoneStatusBar(  450): disable: < expand icons alerts ticker system_info back* home* recent clock* search >
07-14 15:39:04.619 D/mdm_log (14510): [null:-1]->has installed by.game.binumbers
07-14 15:39:04.619 D/mdm_log (14510): [null:-1]->has installed hjhk.hjhkPkg
07-14 15:39:04.651 D/dalvikvm(17593): GC_CONCURRENT freed 357K, 5% free 9519K/10008K, paused 34ms+2ms, total 121ms
07-14 15:39:04.690 W/InputMethodManagerService(  374): Window already focused, ignoring focus gain of: com.android.internal.view.IInputMethodClient$Stub$Proxy@43895228 attribute=android.view.inputmethod.EditorInfo@43895238, token = android.os.BinderProxy@431b3550
07-14 15:39:04.776 D/AndroidRuntime(19218): Calling main entry com.qihoo360.powerctl.root.app.App
07-14 15:39:04.776 D/AndroidRuntime(19218): Shutting down VM
07-14 15:39:04.776 I/AndroidRuntime(19218): NOTE: attach of thread 'Binder_1' failed
07-14 15:39:04.783 D/dalvikvm(19218): GC_CONCURRENT freed 114K, 22% free 467K/592K, paused 1ms+0ms, total 4ms
07-14 15:39:04.948 D/dalvikvm( 1052): GC_CONCURRENT freed 351K, 8% free 10318K/11168K, paused 10ms+5ms, total 76ms
07-14 15:39:05.073 V/TAG     (  374): bug 7643792: fitSystemWindows([0,50][0,0])
07-14 15:39:05.135 I/CalendarProvider2(19222): Sending notification intent: Intent { act=android.intent.action.PROVIDER_CHANGED dat=content://com.android.calendar }
07-14 15:39:05.135 W/ContentResolver(19222): Failed to get type for: content://com.android.calendar (Unknown URL content://com.android.calendar)
07-14 15:39:05.151 I/RootJni (19256): su: permission denied
07-14 15:39:05.182 I/ActivityManager(  374): Start proc com.google.android.calendar for broadcast com.google.android.calendar/com.android.calendar.alerts.AlertReceiver: pid=19257 uid=10006 gids={50006, 3003, 1028}
07-14 15:39:05.205 D/dalvikvm(  125): GC_EXPLICIT freed 40K, 1% free 8921K/9000K, paused 3ms+4ms, total 40ms
07-14 15:39:05.237 D/dalvikvm(  125): GC_EXPLICIT freed <1K, 1% free 8921K/9000K, paused 1ms+5ms, total 30ms
07-14 15:39:05.276 D/dalvikvm(  125): GC_EXPLICIT freed <1K, 1% free 8921K/9000K, paused 2ms+9ms, total 42ms
07-14 15:39:05.362 D/AndroidRuntime(19255): 
07-14 15:39:05.362 D/AndroidRuntime(19255): >>>>>> AndroidRuntime START com.android.internal.os.RuntimeInit <<<<<<
07-14 15:39:05.362 D/AndroidRuntime(19255): CheckJNI is OFF
07-14 15:39:05.377 D/dalvikvm(19255): Trying to load lib libjavacore.so 0x0
07-14 15:39:05.377 D/AlertReceiver(19257): onReceive: a=android.intent.action.PROVIDER_CHANGED Intent { act=android.intent.action.PROVIDER_CHANGED dat=content://com.android.calendar flg=0x10 cmp=com.google.android.calendar/com.android.calendar.alerts.AlertReceiver }
07-14 15:39:05.385 D/dalvikvm(19255): Added shared lib libjavacore.so 0x0
07-14 15:39:05.408 D/dalvikvm(19255): Trying to load lib libnativehelper.so 0x0
07-14 15:39:05.408 D/dalvikvm(19255): Added shared lib libnativehelper.so 0x0
07-14 15:39:05.424 D/AlertService(19257): 0 Action = android.intent.action.PROVIDER_CHANGED
07-14 15:39:05.690 D/AndroidRuntime(19255): Calling main entry com.qihoo360.powerctl.root.app.App
07-14 15:39:05.690 D/AndroidRuntime(19255): Shutting down VM
07-14 15:39:05.698 D/dalvikvm(19255): GC_CONCURRENT freed 115K, 21% free 467K/592K, paused 0ms+0ms, total 4ms
07-14 15:39:06.916 D/mdm_market(14510): [null:-1]->appinfo : AppInfo{appName='note', pkgName='hjhk.hjhkPkg', appVersionCode=2, appVersionName='2.1', appIcon='/base_service/v1/download/icon/5a12b31bb051f819096f2f42dbb44aed2e73e774.jpg', appImages='', appSize='93593', appTag='', appUUID='8a80888e4732aed50147331104d4044d', downloadStatus='4', readStatus='0', type='51106', url='http://gdown.baidu.com/data/wisegame/c4ee7a301a454dc0/note.apk', description='', instantInstall='', time='1405322253472', enforceAppPolicy=''}
07-14 15:39:06.916 I/ActivityManager(  374): START u0 {act=android.intent.action.VIEW dat=market://search?q=pname:hjhk.hjhkPkg cmp=android/com.android.internal.app.ResolverActivity} from pid 14510
07-14 15:39:06.924 D/MdmApplication(14510): [null:-1]->onActivityPaused market.activity.AppListActivity , mActivityCount = 6
07-14 15:39:06.924 D/MDM :   (14510): [null:-1]->query
07-14 15:39:06.924 D/MDM :   (14510): [null:-1]->QUERY_PINCODE_CHECK_RESULT
07-14 15:39:06.924 E/Mdm     (14510): Call Mdm service's setLastExitTime function
07-14 15:39:06.955 I/ActivityManager(  374): Start proc system:ui for activity android/com.android.internal.app.ResolverActivity: pid=19290 uid=1000 gids={41000, 1015, 1028, 3002, 3001, 3003, 3007}
07-14 15:39:07.479 I/ActivityManager(  374): Displayed android/com.android.internal.app.ResolverActivity: +539ms
07-14 15:39:09.221 I/ActivityManager(  374): START u0 {act=android.intent.action.VIEW dat=market://search?q=pname:hjhk.hjhkPkg flg=0x3000000 cmp=com.qihoo.appstore/.activities.SearchDistributionActivity} from pid 19290
07-14 15:39:09.369 D/dalvikvm(  374): GC_FOR_ALLOC freed 2382K, 27% free 21550K/29200K, paused 98ms, total 99ms
07-14 15:39:09.471 D/dalvikvm(  374): GC_FOR_ALLOC freed 789K, 28% free 21132K/29200K, paused 90ms, total 90ms
07-14 15:39:09.518 I/ActivityManager(  374): START u0 {cmp=com.qihoo.appstore/.activities.MainActivity (has extras)} from pid 19168
07-14 15:39:09.596 D/MdmApplication(14510): [null:-1]->onActivityStarted market.activity.AppListActivity , mActivityCount = 5
07-14 15:39:09.596 D/MDM :   (14510): [null:-1]->query
07-14 15:39:09.596 D/MDM :   (14510): [null:-1]->QUERY_PINCODE_CHECK_RESULT
07-14 15:39:09.705 D/dalvikvm(19168): GC_FOR_ALLOC freed 206K, 18% free 9932K/12068K, paused 43ms, total 43ms
07-14 15:39:09.737 D/dalvikvm(19168): GC_FOR_ALLOC freed 19K, 16% free 10219K/12068K, paused 26ms, total 26ms
07-14 15:39:09.744 I/dalvikvm-heap(19168): Grow heap (frag case) to 10.542MB for 556532-byte allocation
07-14 15:39:09.768 D/dalvikvm(19168): GC_FOR_ALLOC freed 0K, 15% free 10763K/12612K, paused 29ms, total 29ms
07-14 15:39:09.799 D/dalvikvm(19168): GC_CONCURRENT freed <1K, 15% free 10764K/12612K, paused 4ms+3ms, total 30ms
07-14 15:39:09.799 D/dalvikvm(19168): WAIT_FOR_CONCURRENT_GC blocked 11ms
07-14 15:39:09.799 I/dalvikvm-heap(19168): Grow heap (frag case) to 10.865MB for 336016-byte allocation
07-14 15:39:09.830 D/dalvikvm(19168): GC_FOR_ALLOC freed 306K, 17% free 10786K/12944K, paused 25ms, total 25ms
07-14 15:39:09.854 D/dalvikvm(19168): GC_FOR_ALLOC freed <1K, 17% free 10786K/12944K, paused 28ms, total 29ms
07-14 15:39:09.854 I/dalvikvm-heap(19168): Grow heap (frag case) to 11.135MB for 597616-byte allocation
07-14 15:39:09.893 D/dalvikvm(19168): GC_FOR_ALLOC freed 0K, 16% free 11369K/13528K, paused 32ms, total 32ms
07-14 15:39:09.932 D/dalvikvm(19168): GC_CONCURRENT freed 17K, 16% free 11388K/13528K, paused 4ms+7ms, total 41ms
07-14 15:39:10.174 D/dalvikvm(19168): GC_CONCURRENT freed 990K, 18% free 11222K/13528K, paused 4ms+3ms, total 34ms
07-14 15:39:10.174 D/dalvikvm(19168): WAIT_FOR_CONCURRENT_GC blocked 20ms
07-14 15:39:10.354 D/dalvikvm(19168): GC_CONCURRENT freed 432K, 16% free 11495K/13528K, paused 3ms+5ms, total 36ms
07-14 15:39:10.424 D/AlertService(19257): Beginning updateAlertNotification
07-14 15:39:10.448 D/AlertService(19257): No fired or scheduled alerts
07-14 15:39:10.463 D/AlertService(19257): Scheduling next alarm with AlarmScheduler. sEventReminderReceived: null
07-14 15:39:10.487 D/AlarmScheduler(19257): No events found starting within 1 week.
07-14 15:39:10.526 D/dalvikvm(19168): GC_CONCURRENT freed 186K, 11% free 12126K/13528K, paused 5ms+4ms, total 51ms
07-14 15:39:10.526 D/dalvikvm(19168): WAIT_FOR_CONCURRENT_GC blocked 11ms
07-14 15:39:10.580 I/dalvikvm(19168): Jit: resizing JitTable from 4096 to 8192
07-14 15:39:10.635 D/dalvikvm(19168): GC_FOR_ALLOC freed 108K, 8% free 12559K/13528K, paused 31ms, total 31ms
07-14 15:39:10.635 I/dalvikvm-heap(19168): Grow heap (frag case) to 12.593MB for 311056-byte allocation
07-14 15:39:10.666 D/dalvikvm(19168): GC_FOR_ALLOC freed 2K, 8% free 12860K/13832K, paused 29ms, total 29ms
07-14 15:39:10.940 D/dalvikvm(19168): GC_CONCURRENT freed 567K, 5% free 13607K/14212K, paused 3ms+6ms, total 42ms
07-14 15:39:10.940 D/dalvikvm(19168): WAIT_FOR_CONCURRENT_GC blocked 21ms
07-14 15:39:11.057 D/dalvikvm(19168): GC_FOR_ALLOC freed 859K, 7% free 13991K/14972K, paused 36ms, total 36ms
07-14 15:39:11.229 D/dalvikvm(19168): GC_CONCURRENT freed 1000K, 7% free 14685K/15720K, paused 3ms+6ms, total 52ms
07-14 15:39:11.229 D/dalvikvm(19168): WAIT_FOR_CONCURRENT_GC blocked 9ms
07-14 15:39:11.229 D/dalvikvm(19168): WAIT_FOR_CONCURRENT_GC blocked 19ms
07-14 15:39:11.549 D/dalvikvm(19168): GC_CONCURRENT freed 783K, 5% free 15826K/16644K, paused 4ms+6ms, total 64ms
07-14 15:39:11.549 D/dalvikvm(19168): WAIT_FOR_CONCURRENT_GC blocked 42ms
07-14 15:39:11.557 D/dalvikvm(19168): WAIT_FOR_CONCURRENT_GC blocked 24ms
07-14 15:39:11.854 D/dalvikvm(19168): GC_CONCURRENT freed 894K, 6% free 17235K/18168K, paused 4ms+7ms, total 79ms
07-14 15:39:11.854 D/dalvikvm(19168): WAIT_FOR_CONCURRENT_GC blocked 47ms
07-14 15:39:11.854 D/dalvikvm(19168): WAIT_FOR_CONCURRENT_GC blocked 66ms
07-14 15:39:11.948 I/Choreographer(19168): Skipped 116 frames!  The application may be doing too much work on its main thread.
07-14 15:39:12.065 V/PhoneStatusBar(  450): setLightsOn(true)
07-14 15:39:12.088 D/libEGL  (19168): loaded /vendor/lib/egl/libEGL_POWERVR_SGX540_120.so
07-14 15:39:12.127 D/libEGL  (19168): loaded /vendor/lib/egl/libGLESv1_CM_POWERVR_SGX540_120.so
07-14 15:39:12.135 D/libEGL  (19168): loaded /vendor/lib/egl/libGLESv2_POWERVR_SGX540_120.so
07-14 15:39:12.229 D/OpenGLRenderer(19168): Enabling debug mode 0
07-14 15:39:12.705 W/System.err(19168): org.json.JSONException: Value [] at data of type org.json.JSONArray cannot be converted to JSONObject
07-14 15:39:12.705 W/System.err(19168): 	at org.json.JSON.typeMismatch(JSON.java:100)
07-14 15:39:12.705 W/System.err(19168): 	at org.json.JSONObject.getJSONObject(JSONObject.java:577)
07-14 15:39:12.705 W/System.err(19168): 	at com.qihoo.appstore.comment.c.a(Unknown Source)
07-14 15:39:12.705 W/System.err(19168): 	at com.qihoo.appstore.comment.e.a(Unknown Source)
07-14 15:39:12.705 W/System.err(19168): 	at com.qihoo.appstore.comment.e.a(Unknown Source)
07-14 15:39:12.705 W/System.err(19168): 	at com.qihoo.appstore.newAppInfo.bc.a(Unknown Source)
07-14 15:39:12.705 W/System.err(19168): 	at com.qihoo.appstore.q.r.a(Unknown Source)
07-14 15:39:12.705 W/System.err(19168): 	at com.qihoo.appstore.q.r.a(Unknown Source)
07-14 15:39:12.705 W/System.err(19168): 	at com.qihoo.appstore.c.g.call(Unknown Source)
07-14 15:39:12.705 W/System.err(19168): 	at java.util.concurrent.FutureTask.run(FutureTask.java:234)
07-14 15:39:12.705 W/System.err(19168): 	at java.util.concurrent.ThreadPoolExecutor.runWorker(ThreadPoolExecutor.java:1080)
07-14 15:39:12.705 W/System.err(19168): 	at java.util.concurrent.ThreadPoolExecutor$Worker.run(ThreadPoolExecutor.java:573)
07-14 15:39:12.705 W/System.err(19168): 	at java.lang.Thread.run(Thread.java:841)
07-14 15:39:13.354 I/ActivityManager(  374): Displayed com.qihoo.appstore/.activities.MainActivity: +3s836ms (total +3s880ms)
07-14 15:39:13.666 D/dalvikvm(19168): GC_CONCURRENT freed 4311K, 22% free 15601K/19960K, paused 5ms+7ms, total 90ms
07-14 15:39:13.674 W/System.err(19168): org.json.JSONException: Value [] at data of type org.json.JSONArray cannot be converted to JSONObject
07-14 15:39:13.674 W/System.err(19168): 	at org.json.JSON.typeMismatch(JSON.java:100)
07-14 15:39:13.674 W/System.err(19168): 	at org.json.JSONObject.getJSONObject(JSONObject.java:577)
07-14 15:39:13.674 W/System.err(19168): 	at com.qihoo.appstore.comment.c.a(Unknown Source)
07-14 15:39:13.674 W/System.err(19168): 	at com.qihoo.appstore.comment.e.a(Unknown Source)
07-14 15:39:13.674 W/System.err(19168): 	at com.qihoo.appstore.comment.e.a(Unknown Source)
07-14 15:39:13.674 W/System.err(19168): 	at com.qihoo.appstore.newAppInfo.bc.a(Unknown Source)
07-14 15:39:13.674 W/System.err(19168): 	at com.qihoo.appstore.q.r.a(Unknown Source)
07-14 15:39:13.674 W/System.err(19168): 	at com.qihoo.appstore.q.r.a(Unknown Source)
07-14 15:39:13.674 W/System.err(19168): 	at com.qihoo.appstore.c.g.call(Unknown Source)
07-14 15:39:13.674 W/System.err(19168): 	at java.util.concurrent.FutureTask.run(FutureTask.java:234)
07-14 15:39:13.674 W/System.err(19168): 	at java.util.concurrent.ThreadPoolExecutor.runWorker(ThreadPoolExecutor.java:1080)
07-14 15:39:13.674 W/System.err(19168): 	at java.util.concurrent.ThreadPoolExecutor$Worker.run(ThreadPoolExecutor.java:573)
07-14 15:39:13.674 W/System.err(19168): 	at java.lang.Thread.run(Thread.java:841)
07-14 15:39:16.158 I/collector(19168): no gps or passive, so not to collect!
07-14 15:39:18.830 D/dalvikvm(19168): GC_EXPLICIT freed 1397K, 22% free 15599K/19960K, paused 3ms+8ms, total 90ms
07-14 15:39:20.330 D/dalvikvm( 1052): GC_CONCURRENT freed 462K, 9% free 10243K/11168K, paused 6ms+2ms, total 42ms
07-14 15:39:21.721 D/dalvikvm(19168): GC_CONCURRENT freed 1707K, 20% free 16143K/19960K, paused 7ms+9ms, total 98ms
07-14 15:39:21.721 D/dalvikvm(19168): WAIT_FOR_CONCURRENT_GC blocked 78ms
07-14 15:39:21.729 D/dalvikvm(19168): WAIT_FOR_CONCURRENT_GC blocked 56ms
07-14 15:39:21.729 D/dalvikvm(19168): WAIT_FOR_CONCURRENT_GC blocked 82ms
07-14 15:39:22.276 D/dalvikvm(19168): GC_CONCURRENT freed 1242K, 14% free 17332K/19960K, paused 12ms+19ms, total 108ms
07-14 15:39:22.276 D/dalvikvm(19168): WAIT_FOR_CONCURRENT_GC blocked 74ms
07-14 15:39:22.276 D/dalvikvm(19168): WAIT_FOR_CONCURRENT_GC blocked 80ms
07-14 15:39:22.276 D/dalvikvm(19168): WAIT_FOR_CONCURRENT_GC blocked 72ms
07-14 15:39:22.276 D/dalvikvm(19168): WAIT_FOR_CONCURRENT_GC blocked 75ms
07-14 15:39:22.276 D/dalvikvm(19168): WAIT_FOR_CONCURRENT_GC blocked 77ms
07-14 15:39:22.276 D/dalvikvm(19168): WAIT_FOR_CONCURRENT_GC blocked 44ms
07-14 15:39:22.815 D/dalvikvm(19168): GC_FOR_ALLOC freed 1621K, 14% free 17260K/19960K, paused 84ms, total 84ms
07-14 15:39:22.963 I/Choreographer(19168): Skipped 62 frames!  The application may be doing too much work on its main thread.
07-14 15:39:23.049 D/dalvikvm(19168): GC_FOR_ALLOC freed 224K, 11% free 17895K/19960K, paused 74ms, total 74ms
07-14 15:39:23.299 D/dalvikvm(19168): GC_FOR_ALLOC freed 270K, 10% free 18713K/20712K, paused 73ms, total 74ms
07-14 15:39:23.588 D/dalvikvm(19168): GC_FOR_ALLOC freed 213K, 7% free 20524K/22024K, paused 88ms, total 88ms
07-14 15:39:23.799 D/dalvikvm(19168): GC_FOR_ALLOC freed 152K, 7% free 22247K/23744K, paused 85ms, total 85ms
07-14 15:39:23.994 I/ActivityManager(  374): Process com.google.android.gms (pid 18846) has died.
07-14 15:39:24.010 D/dalvikvm(19168): GC_FOR_ALLOC freed 403K, 8% free 24274K/26104K, paused 91ms, total 91ms
07-14 15:39:24.041 D/JOBS    (18129): Thread-835: load factor check. true = (0 < 1)|| (0 * 3 < 0 + 0). consumer thread: true
07-14 15:39:24.041 D/JOBS    (18129): didn't allow me to die, re-running Thread-835
07-14 15:39:24.041 D/JOBS    (18129): re-running consumer Thread-835
07-14 15:39:24.330 I/Choreographer(19168): Skipped 69 frames!  The application may be doing too much work on its main thread.
07-14 15:39:24.424 W/dalvikvm(19168): Unable to resolve superclass of Lcom/qihoo/appstore/clear/g; (44)
07-14 15:39:24.424 W/dalvikvm(19168): Link of class 'Lcom/qihoo/appstore/clear/g;' failed
07-14 15:39:24.424 E/dalvikvm(19168): Could not find class 'com.qihoo.appstore.clear.g', referenced from method com.qihoo.appstore.clear.d.a
07-14 15:39:24.424 W/dalvikvm(19168): VFY: unable to resolve new-instance 1669 (Lcom/qihoo/appstore/clear/g;) in Lcom/qihoo/appstore/clear/d;
07-14 15:39:24.424 D/dalvikvm(19168): VFY: replacing opcode 0x22 at 0x0011
07-14 15:39:24.424 I/dalvikvm(19168): Could not find method android.app.IActivityManager.unregisterActivityWatcher, referenced from method com.qihoo.appstore.clear.d.b
07-14 15:39:24.424 W/dalvikvm(19168): VFY: unable to resolve interface method 210: Landroid/app/IActivityManager;.unregisterActivityWatcher (Landroid/app/IActivityWatcher;)V
07-14 15:39:24.424 D/dalvikvm(19168): VFY: replacing opcode 0x72 at 0x0011
07-14 15:39:24.424 W/dalvikvm(19168): Unable to resolve superclass of Lcom/qihoo/appstore/clear/g; (44)
07-14 15:39:24.424 W/dalvikvm(19168): Link of class 'Lcom/qihoo/appstore/clear/g;' failed
07-14 15:39:24.424 D/dalvikvm(19168): DexOpt: unable to opt direct call 0x242a at 0x14 in Lcom/qihoo/appstore/clear/d;.a
07-14 15:39:24.768 D/dalvikvm(19168): GC_CONCURRENT freed 3605K, 13% free 25687K/29516K, paused 5ms+24ms, total 103ms
07-14 15:39:24.768 D/dalvikvm(19168): WAIT_FOR_CONCURRENT_GC blocked 94ms
07-14 15:39:26.041 I/dalvikvm(19168): Jit: resizing JitTable from 8192 to 16384
07-14 15:39:40.166 D/dalvikvm(  563): GC_CONCURRENT freed 347K, 6% free 10382K/10960K, paused 2ms+3ms, total 31ms
07-14 15:39:40.166 D/dalvikvm(  563): WAIT_FOR_CONCURRENT_GC blocked 22ms
07-14 15:39:40.354 D/dalvikvm(18020): GC_FOR_ALLOC freed 354K, 6% free 9226K/9760K, paused 29ms, total 29ms
07-14 15:39:41.198 D/AndroidRuntime(19386): 
07-14 15:39:41.198 D/AndroidRuntime(19386): >>>>>> AndroidRuntime START com.android.internal.os.RuntimeInit <<<<<<
07-14 15:39:41.198 D/AndroidRuntime(19386): CheckJNI is OFF
07-14 15:39:41.213 D/dalvikvm(19386): Trying to load lib libjavacore.so 0x0
07-14 15:39:41.221 D/dalvikvm(19386): Added shared lib libjavacore.so 0x0
07-14 15:39:41.237 D/dalvikvm(19386): Trying to load lib libnativehelper.so 0x0
07-14 15:39:41.237 D/dalvikvm(19386): Added shared lib libnativehelper.so 0x0
07-14 15:39:41.494 D/AndroidRuntime(19386): Calling main entry com.android.commands.uiautomator.Launcher
07-14 15:39:42.869 I/ActivityManager(  374): Process com.google.android.googlequicksearchbox (pid 18863) has died.
07-14 15:39:43.619 I/AccessibilityNodeInfoDumper(19386): Skipping invisible child: android.view.accessibility.AccessibilityNodeInfo@cfbc; boundsInParent: Rect(0, 0 - 176, 70); boundsInScreen: Rect(732, 146 - 908, 216); packageName: com.qihoo.appstore; className: android.widget.TextView; text: ; contentDescription: null; viewIdResName: null; checkable: false; checked: false; focusable: true; focused: false; selected: false; clickable: true; longClickable: false; enabled: true; password: false; scrollable: false; [ACTION_FOCUS, ACTION_SELECT, ACTION_CLEAR_SELECTION, ACTION_CLICK, ACTION_ACCESSIBILITY_FOCUS, ACTION_NEXT_AT_MOVEMENT_GRANULARITY, ACTION_PREVIOUS_AT_MOVEMENT_GRANULARITY, ACTION_SET_SELECTION]
07-14 15:39:43.705 I/AccessibilityNodeInfoDumper(19386): Skipping invisible child: android.view.accessibility.AccessibilityNodeInfo@13c99; boundsInParent: Rect(0, 0 - 700, 260); boundsInScreen: Rect(-689, 220 - 10, 480); packageName: com.qihoo.appstore; className: android.widget.ImageView; text: null; contentDescription: null; viewIdResName: null; checkable: false; checked: false; focusable: false; focused: false; selected: false; clickable: true; longClickable: false; enabled: true; password: false; scrollable: false; [ACTION_SELECT, ACTION_CLEAR_SELECTION, ACTION_CLICK, ACTION_ACCESSIBILITY_FOCUS]
07-14 15:39:43.713 I/AccessibilityNodeInfoDumper(19386): Skipping invisible child: android.view.accessibility.AccessibilityNodeInfo@1441b; boundsInParent: Rect(0, 0 - 700, 260); boundsInScreen: Rect(710, 220 - 1410, 480); packageName: com.qihoo.appstore; className: android.widget.ImageView; text: null; contentDescription: null; viewIdResName: null; checkable: false; checked: false; focusable: false; focused: false; selected: false; clickable: true; longClickable: false; enabled: true; password: false; scrollable: false; [ACTION_SELECT, ACTION_CLEAR_SELECTION, ACTION_CLICK, ACTION_ACCESSIBILITY_FOCUS]
07-14 15:39:43.721 I/AccessibilityNodeInfoDumper(19386): Skipping invisible child: android.view.accessibility.AccessibilityNodeInfo@10089; boundsInParent: Rect(0, 0 - 720, 0); boundsInScreen: Rect(0, 592 - 720, 592); packageName: com.qihoo.appstore; className: android.widget.LinearLayout; text: null; contentDescription: null; viewIdResName: null; checkable: false; checked: false; focusable: false; focused: false; selected: false; clickable: true; longClickable: false; enabled: true; password: false; scrollable: false; [ACTION_SELECT, ACTION_CLEAR_SELECTION, ACTION_CLICK, ACTION_ACCESSIBILITY_FOCUS]
07-14 15:39:43.737 I/AccessibilityNodeInfoDumper(19386): Skipping invisible child: android.view.accessibility.AccessibilityNodeInfo@25da6; boundsInParent: Rect(0, 0 - 148, 34); boundsInScreen: Rect(194, 1114 - 342, 1148); packageName: com.qihoo.appstore; className: android.widget.TextView; text: 2655; contentDescription: null; viewIdResName: com.qihoo.appstore:id/download_count; checkable: false; checked: false; focusable: false; focused: false; selected: false; clickable: false; longClickable: false; enabled: true; password: false; scrollable: false; [ACTION_SELECT, ACTION_CLEAR_SELECTION, ACTION_ACCESSIBILITY_FOCUS, ACTION_NEXT_AT_MOVEMENT_GRANULARITY, ACTION_PREVIOUS_AT_MOVEMENT_GRANULARITY, ACTION_SET_SELECTION]
07-14 15:39:43.737 I/AccessibilityNodeInfoDumper(19386): Skipping invisible child: android.view.accessibility.AccessibilityNodeInfo@26167; boundsInParent: Rect(0, 0 - 99, 34); boundsInScreen: Rect(358, 1114 - 457, 1148); packageName: com.qihoo.appstore; className: android.widget.TextView; text: 11.82M; contentDescription: null; viewIdResName: com.qihoo.appstore:id/app_size; checkable: false; checked: false; focusable: false; focused: false; selected: false; clickable: false; longClickable: false; enabled: true; password: false; scrollable: false; [ACTION_SELECT, ACTION_CLEAR_SELECTION, ACTION_ACCESSIBILITY_FOCUS, ACTION_NEXT_AT_MOVEMENT_GRANULARITY, ACTION_PREVIOUS_AT_MOVEMENT_GRANULARITY, ACTION_SET_SELECTION]
07-14 15:39:43.737 I/AccessibilityNodeInfoDumper(19386): Skipping invisible child: android.view.accessibility.AccessibilityNodeInfo@268e9; boundsInParent: Rect(0, 0 - 516, 66); boundsInScreen: Rect(190, 1150 - 706, 1216); packageName: com.qihoo.appstore; className: android.widget.TextView; text: ; contentDescription: null; viewIdResName: com.qihoo.appstore:id/app_describtion; checkable: false; checked: false; focusable: false; focused: false; selected: false; clickable: false; longClickable: false; enabled: true; password: false; scrollable: false; [ACTION_SELECT, ACTION_CLEAR_SELECTION, ACTION_ACCESSIBILITY_FOCUS, ACTION_NEXT_AT_MOVEMENT_GRANULARITY, ACTION_PREVIOUS_AT_MOVEMENT_GRANULARITY, ACTION_SET_SELECTION]
07-14 15:39:43.737 I/AccessibilityNodeInfoDumper(19386): Skipping invisible child: android.view.accessibility.AccessibilityNodeInfo@d73e; boundsInParent: Rect(0, 0 - 720, 867); boundsInScreen: Rect(720, 216 - 1440, 1083); packageName: com.qihoo.appstore; className: android.widget.ListView; text: null; contentDescription: null; viewIdResName: com.qihoo.appstore:id/home_recommend_lv; checkable: false; checked: false; focusable: false; focused: false; selected: false; clickable: true; longClickable: false; enabled: true; password: false; scrollable: false; [ACTION_SELECT, ACTION_CLEAR_SELECTION, ACTION_CLICK, ACTION_ACCESSIBILITY_FOCUS]
07-14 15:39:43.737 I/AccessibilityNodeInfoDumper(19386): Skipping invisible child: android.view.accessibility.AccessibilityNodeInfo@daff; boundsInParent: Rect(0, 0 - 720, 867); boundsInScreen: Rect(1440, 216 - 2160, 1083); packageName: com.qihoo.appstore; className: android.webkit.WebView; text: null; contentDescription: null; viewIdResName: com.qihoo.appstore:id/webview; checkable: false; checked: false; focusable: true; focused: false; selected: false; clickable: true; longClickable: true; enabled: true; password: false; scrollable: false; [ACTION_FOCUS, ACTION_SELECT, ACTION_CLEAR_SELECTION, ACTION_CLICK, ACTION_LONG_CLICK, ACTION_ACCESSIBILITY_FOCUS, ACTION_NEXT_AT_MOVEMENT_GRANULARITY, ACTION_PREVIOUS_AT_MOVEMENT_GRANULARITY, ACTION_NEXT_HTML_ELEMENT, ACTION_PREVIOUS_HTML_ELEMENT]
07-14 15:39:43.744 I/AccessibilityNodeInfoDumper(19386): Skipping invisible child: android.view.accessibility.AccessibilityNodeInfo@dec0; boundsInParent: Rect(0, 0 - 720, 867); boundsInScreen: Rect(2160, 216 - 2880, 1083); packageName: com.qihoo.appstore; className: android.webkit.WebView; text: null; contentDescription: null; viewIdResName: com.qihoo.appstore:id/webview; checkable: false; checked: false; focusable: true; focused: false; selected: false; clickable: true; longClickable: true; enabled: true; password: false; scrollable: false; [ACTION_FOCUS, ACTION_SELECT, ACTION_CLEAR_SELECTION, ACTION_CLICK, ACTION_LONG_CLICK, ACTION_ACCESSIBILITY_FOCUS, ACTION_NEXT_AT_MOVEMENT_GRANULARITY, ACTION_PREVIOUS_AT_MOVEMENT_GRANULARITY, ACTION_NEXT_HTML_ELEMENT, ACTION_PREVIOUS_HTML_ELEMENT]
07-14 15:39:43.823 W/AccessibilityNodeInfoDumper(19386): Fetch time: 333ms
07-14 15:39:43.830 D/AndroidRuntime(19386): Shutting down VM
07-14 15:39:43.830 D/dalvikvm(19386): GC_CONCURRENT freed 598K, 52% free 576K/1180K, paused 0ms+1ms, total 5ms
07-14 15:39:44.823 W/Settings( 2019): Setting airplane_mode_on has moved from android.provider.Settings.System to android.provider.Settings.Global, returning read-only value.
07-14 15:39:44.823 W/Settings( 2019): Setting mobile_data has moved from android.provider.Settings.Secure to android.provider.Settings.Global.
07-14 15:39:44.823 D/BluetoothAdapter( 2019): 1116407520: getState() :  mService = null. Returning STATE_OFF
07-14 15:39:44.823 W/Settings( 2019): Setting airplane_mode_on has moved from android.provider.Settings.System to android.provider.Settings.Global, returning read-only value.
07-14 15:39:44.869 I/ActivityManager(  374): Process com.google.android.gsf.login (pid 18958) has died.
07-14 15:39:46.963 W/Settings( 2019): Setting airplane_mode_on has moved from android.provider.Settings.System to android.provider.Settings.Global, returning read-only value.
07-14 15:39:46.963 W/Settings( 2019): Setting mobile_data has moved from android.provider.Settings.Secure to android.provider.Settings.Global.
07-14 15:39:46.963 D/BluetoothAdapter( 2019): 1116407520: getState() :  mService = null. Returning STATE_OFF
07-14 15:39:46.971 W/Settings( 2019): Setting airplane_mode_on has moved from android.provider.Settings.System to android.provider.Settings.Global, returning read-only value.
07-14 15:39:46.979 W/Settings( 2019): Setting airplane_mode_on has moved from android.provider.Settings.System to android.provider.Settings.Global, returning read-only value.
07-14 15:39:46.979 W/Settings( 2019): Setting mobile_data has moved from android.provider.Settings.Secure to android.provider.Settings.Global.
07-14 15:39:46.979 D/BluetoothAdapter( 2019): 1116407520: getState() :  mService = null. Returning STATE_OFF
07-14 15:39:46.979 W/Settings( 2019): Setting airplane_mode_on has moved from android.provider.Settings.System to android.provider.Settings.Global, returning read-only value.
07-14 15:39:46.987 W/Settings( 2019): Setting airplane_mode_on has moved from android.provider.Settings.System to android.provider.Settings.Global, returning read-only value.
07-14 15:39:46.987 W/Settings( 2019): Setting mobile_data has moved from android.provider.Settings.Secure to android.provider.Settings.Global.
07-14 15:39:46.987 D/BluetoothAdapter( 2019): 1116407520: getState() :  mService = null. Returning STATE_OFF
07-14 15:39:46.987 W/Settings( 2019): Setting airplane_mode_on has moved from android.provider.Settings.System to android.provider.Settings.Global, returning read-only value.
07-14 15:39:52.776 D/LightsService(  374): Excessive delay setting light: 67ms
07-14 15:39:53.018 D/LightsService(  374): Excessive delay setting light: 67ms
07-14 15:39:54.916 D/dalvikvm( 1052): GC_CONCURRENT freed 389K, 9% free 10241K/11168K, paused 5ms+2ms, total 52ms
07-14 15:39:56.987 D/dalvikvm( 2019): GC_FOR_ALLOC freed 318K, 7% free 9925K/10588K, paused 35ms, total 35ms
07-14 15:39:58.604 I/PowerManagerService(  374): Going to sleep due to screen timeout...
07-14 15:39:58.791 I/ActivityManager(  374): Process com.noshufou.android.su (pid 18941) has died.
07-14 15:39:59.424 D/SurfaceFlinger(  124): Screen released, type=0 flinger=0x41e1a478
07-14 15:39:59.596 D/dalvikvm(  374): JIT code cache reset in 10 ms (1048556 bytes 17/0)
07-14 15:39:59.604 D/dalvikvm(  374): GC_FOR_ALLOC freed 1883K, 29% free 20791K/29200K, paused 113ms, total 116ms
07-14 15:39:59.776 D/NfcService(  582): NFC-C OFF, disconnect
07-14 15:39:59.916 D/MDM :   (14510): [null:-1]->query
07-14 15:39:59.916 D/MDM :   (14510): [null:-1]->QUERY_SETTING_PIN_ONOFF
07-14 15:39:59.963 D/dalvikvm(15933): GC_FOR_ALLOC freed 361K, 7% free 10092K/10764K, paused 36ms, total 36ms
07-14 15:40:00.002 D/YouTube MDX(17593): Recieved intent android.intent.action.SCREEN_OFF
07-14 15:40:00.440 D/dalvikvm(  577): GC_CONCURRENT freed 366K, 5% free 9547K/10004K, paused 4ms+3ms, total 39ms
07-14 15:40:04.682 V/KeyguardHostView(  374): hide transport, gen:65
07-14 15:40:04.682 V/KeyguardHostView(  374): music state changed: 0
07-14 15:40:04.713 D/PhoneStatusBar(  450): disable: < expand icons alerts ticker system_info back home RECENT* clock search >
07-14 15:40:04.752 V/TAG     (  374): bug 7643792: fitSystemWindows([0,50][0,0])
07-14 15:40:04.783 D/dalvikvm(  374): GC_CONCURRENT freed 936K, 22% free 22822K/29200K, paused 7ms+14ms, total 140ms
07-14 15:40:04.862 D/dalvikvm( 1146): GC_FOR_ALLOC freed 347K, 7% free 9203K/9816K, paused 29ms, total 30ms
07-14 15:40:04.932 D/PhoneStatusBar(  450): disable: < expand icons alerts ticker system_info BACK* HOME* RECENT CLOCK* search >
07-14 15:40:05.854 I/PowerManagerService(  374): Waking up from sleep...
07-14 15:40:05.901 I/WindowManager(  374): Lock screen displayed!
07-14 15:40:06.221 D/PowerManagerService-JNI(  374): Excessive delay in autosuspend_disable() while turning screen on: 353ms
07-14 15:40:06.221 D/SurfaceFlinger(  124): Screen acquired, type=0 flinger=0x41e1a478
07-14 15:40:06.354 D/SurfaceControl(  374): Excessive delay in unblankDisplay() while turning screen on: 133ms
07-14 15:40:06.385 D/dalvikvm(  636): GC_FOR_ALLOC freed 1055K, 11% free 12679K/14120K, paused 239ms, total 245ms
07-14 15:40:06.408 D/YouTube MDX(17593): Recieved intent android.intent.action.SCREEN_ON
07-14 15:40:06.416 V/DigitalWidgetViewsFactory(19152): DigitalWidget sets next alarm string to null
07-14 15:40:06.533 I/ActivityManager(  374): Process net.nurik.roman.dashclock (pid 13778) has died.
07-14 15:40:06.541 D/LightsService(  374): Excessive delay setting light: 125ms
07-14 15:40:06.541 W/ActivityManager(  374): Scheduling restart of crashed service net.nurik.roman.dashclock/com.google.android.apps.dashclock.DashClockService in 5000ms
07-14 15:40:06.604 D/AndroidRuntime(19415): 
07-14 15:40:06.604 D/AndroidRuntime(19415): >>>>>> AndroidRuntime START com.android.internal.os.RuntimeInit <<<<<<
07-14 15:40:06.604 D/AndroidRuntime(19415): CheckJNI is OFF
07-14 15:40:06.619 D/dalvikvm(19415): Trying to load lib libjavacore.so 0x0
07-14 15:40:06.627 D/dalvikvm(19415): Added shared lib libjavacore.so 0x0
07-14 15:40:06.635 D/dalvikvm(19415): Trying to load lib libnativehelper.so 0x0
07-14 15:40:06.635 D/dalvikvm(19415): Added shared lib libnativehelper.so 0x0
07-14 15:40:06.799 D/AndroidRuntime(19415): Calling main entry com.qihoo360.powerctl.root.app.App
07-14 15:40:06.799 D/AndroidRuntime(19415): Shutting down VM
07-14 15:40:06.807 D/dalvikvm(19415): GC_CONCURRENT freed 114K, 22% free 467K/592K, paused 0ms+1ms, total 5ms
07-14 15:40:06.807 I/AndroidRuntime(19415): NOTE: attach of thread 'Binder_1' failed
07-14 15:40:06.815 W/GlowPadView(  374): The number of target drawables must be equal to the number of direction descriptions.
07-14 15:40:07.018 D/MdmApplication(14510): [null:-1]->onActivityStarted market.activity.AppListActivity , mActivityCount = 6
07-14 15:40:07.026 D/MDM :   (14510): [null:-1]->query
07-14 15:40:07.026 D/MDM :   (14510): [null:-1]->QUERY_PINCODE_CHECK_RESULT
07-14 15:40:07.049 D/PhoneStatusBar(  450): disable: < expand icons alerts ticker system_info BACK HOME recent* CLOCK search >
07-14 15:40:07.119 D/PhoneStatusBar(  450): disable: < expand icons alerts ticker system_info back* home* recent clock* search >
07-14 15:40:07.127 D/NfcService(  582): NFC-C ON
07-14 15:40:07.151 V/PhoneStatusBar(  450): setLightsOn(true)
07-14 15:40:07.268 W/InputMethodManagerService(  374): Window already focused, ignoring focus gain of: com.android.internal.view.IInputMethodClient$Stub$Proxy@42d0fca8 attribute=android.view.inputmethod.EditorInfo@42e391e8, token = android.os.BinderProxy@42f65658
07-14 15:40:07.588 V/TAG     (  374): bug 7643792: fitSystemWindows([0,50][0,0])
07-14 15:40:07.690 D/dalvikvm( 1052): GC_CONCURRENT freed 261K, 8% free 10371K/11168K, paused 4ms+11ms, total 60ms
07-14 15:40:07.721 D/AndroidRuntime(19438): 
07-14 15:40:07.721 D/AndroidRuntime(19438): >>>>>> AndroidRuntime START com.android.internal.os.RuntimeInit <<<<<<
07-14 15:40:07.721 D/AndroidRuntime(19438): CheckJNI is OFF
07-14 15:40:07.737 D/dalvikvm(19438): Trying to load lib libjavacore.so 0x0
07-14 15:40:07.737 I/RootJni (19439): su: permission denied
07-14 15:40:07.744 D/dalvikvm(19438): Added shared lib libjavacore.so 0x0
07-14 15:40:07.760 D/dalvikvm(19438): Trying to load lib libnativehelper.so 0x0
07-14 15:40:07.760 D/dalvikvm(19438): Added shared lib libnativehelper.so 0x0
07-14 15:40:08.010 D/AndroidRuntime(19438): Calling main entry com.qihoo360.powerctl.root.app.App
07-14 15:40:08.010 D/AndroidRuntime(19438): Shutting down VM
07-14 15:40:08.018 D/dalvikvm(19438): GC_CONCURRENT freed 115K, 21% free 467K/592K, paused 1ms+0ms, total 4ms
