07-14 15:22:38.323 W/MountService(  374): getVolumeState(/mnt/emmc): Unknown volume
07-14 15:22:38.323 W/MountService(  374): getVolumeState(/mnt/extSdCard): Unknown volume
07-14 15:22:38.323 W/MountService(  374): getVolumeState(/mnt/sdcard/SD_CARD): Unknown volume
07-14 15:22:38.323 W/MountService(  374): getVolumeState(/mnt/sdcard/extra_sd): Unknown volume
07-14 15:22:38.323 W/MountService(  374): getVolumeState(/mnt/extrasd_bind): Unknown volume
07-14 15:22:38.323 W/MountService(  374): getVolumeState(/mnt/sdcard/ext_sd): Unknown volume
07-14 15:22:38.323 W/MountService(  374): getVolumeState(/storage/extSdCard): Unknown volume
07-14 15:22:38.323 W/MountService(  374): getVolumeState(/storage/sdcard1): Unknown volume
07-14 15:22:38.323 W/MountService(  374): getVolumeState(/mnt/sdcard/external_SD): Unknown volume
07-14 15:22:38.330 W/MountService(  374): getVolumeState(/mnt/sdcard/external_sd): Unknown volume
07-14 15:22:38.510 W/PackageParser(17928): No actions in intent filter at /storage/emulated/0/Download/emmp.apk Binary XML file line #687
07-14 15:22:38.783 W/PackageParser(17928): No actions in intent filter at /storage/emulated/0/Download/emmp-1.apk Binary XML file line #687
07-14 15:22:39.346 W/PackageParser(17928): No actions in intent filter at /storage/emulated/0/360Download/Pekall.apk Binary XML file line #685
07-14 15:22:39.377 W/MountService(  374): getVolumeState(/storage/emulated/0/external_sd): Unknown volume
07-14 15:22:39.385 W/MountService(  374): getVolumeState(/mnt/sdcard-ext): Unknown volume
07-14 15:22:39.385 W/MountService(  374): getVolumeState(/mnt/ext_sdcard): Unknown volume
07-14 15:22:39.385 W/MountService(  374): getVolumeState(/mnt/sdcard2): Unknown volume
07-14 15:22:39.385 W/MountService(  374): getVolumeState(/mnt/emmc): Unknown volume
07-14 15:22:39.393 W/MountService(  374): getVolumeState(/mnt/extSdCard): Unknown volume
07-14 15:22:39.393 W/MountService(  374): getVolumeState(/mnt/sdcard/SD_CARD): Unknown volume
07-14 15:22:39.393 W/MountService(  374): getVolumeState(/mnt/sdcard/extra_sd): Unknown volume
07-14 15:22:39.393 W/MountService(  374): getVolumeState(/mnt/extrasd_bind): Unknown volume
07-14 15:22:39.393 W/MountService(  374): getVolumeState(/mnt/sdcard/ext_sd): Unknown volume
07-14 15:22:39.393 W/MountService(  374): getVolumeState(/storage/extSdCard): Unknown volume
07-14 15:22:39.393 W/MountService(  374): getVolumeState(/storage/sdcard1): Unknown volume
07-14 15:22:39.393 W/MountService(  374): getVolumeState(/mnt/sdcard/external_SD): Unknown volume
07-14 15:22:39.393 W/MountService(  374): getVolumeState(/mnt/sdcard/external_sd): Unknown volume
07-14 15:22:41.627 I/ActivityManager(  374): Process android.process.acore (pid 17788) has died.
07-14 15:23:56.830 I/ActivityManager(  374): No longer want com.google.android.music:main (pid 14623): empty for 1805s
07-14 15:23:56.846 W/ActivityManager(  374): Scheduling restart of crashed service com.google.android.music/.playback.MusicPlaybackService in 5000ms
07-14 15:24:01.869 I/ActivityManager(  374): Start proc com.google.android.music:main for service com.google.android.music/.playback.MusicPlaybackService: pid=18163 uid=10041 gids={50041, 3003, 1015, 1028}
07-14 15:24:02.057 I/PowerManagerService(  374): Waking up from sleep...
07-14 15:24:02.135 I/WindowManager(  374): Lock screen displayed!
07-14 15:24:02.932 I/ActivityManager(  374): Start proc com.android.providers.calendar for content provider com.android.providers.calendar/.CalendarProvider2: pid=18202 uid=10007 gids={50007, 3003, 1015, 1028}
07-14 15:24:03.346 D/PhoneStatusBar(  450): disable: < expand icons alerts ticker system_info BACK HOME recent* CLOCK search >
07-14 15:24:03.471 D/PhoneStatusBar(  450): disable: < expand icons alerts ticker system_info back* home* recent clock* search >
07-14 15:24:04.651 I/ActivityManager(  374): Start proc com.google.android.calendar for broadcast com.google.android.calendar/com.android.calendar.alerts.AlertReceiver: pid=18245 uid=10006 gids={50006, 3003, 1028}
07-14 15:24:09.862 I/ActivityManager(  374): No longer want com.android.keychain (pid 16705): empty #17
07-14 15:25:00.908 I/PowerManagerService(  374): Going to sleep due to screen timeout...
07-14 15:25:06.994 D/PhoneStatusBar(  450): disable: < expand icons alerts ticker system_info back home RECENT* clock search >
07-14 15:25:07.174 D/PhoneStatusBar(  450): disable: < expand icons alerts ticker system_info BACK* HOME* RECENT CLOCK* search >
07-14 15:28:02.073 W/MountService(  374): getVolumeState(/storage/emulated/0/external_sd): Unknown volume
07-14 15:28:02.073 W/MountService(  374): getVolumeState(/mnt/sdcard-ext): Unknown volume
07-14 15:28:02.073 W/MountService(  374): getVolumeState(/mnt/ext_sdcard): Unknown volume
07-14 15:28:02.073 W/MountService(  374): getVolumeState(/mnt/sdcard2): Unknown volume
07-14 15:28:02.073 W/MountService(  374): getVolumeState(/mnt/emmc): Unknown volume
07-14 15:28:02.080 W/MountService(  374): getVolumeState(/mnt/extSdCard): Unknown volume
07-14 15:28:02.080 W/MountService(  374): getVolumeState(/mnt/sdcard/SD_CARD): Unknown volume
07-14 15:28:02.080 W/MountService(  374): getVolumeState(/mnt/sdcard/extra_sd): Unknown volume
07-14 15:28:02.080 W/MountService(  374): getVolumeState(/mnt/extrasd_bind): Unknown volume
07-14 15:28:02.080 W/MountService(  374): getVolumeState(/mnt/sdcard/ext_sd): Unknown volume
07-14 15:28:02.080 W/MountService(  374): getVolumeState(/storage/extSdCard): Unknown volume
07-14 15:28:02.088 W/MountService(  374): getVolumeState(/storage/sdcard1): Unknown volume
07-14 15:28:02.088 W/MountService(  374): getVolumeState(/mnt/sdcard/external_SD): Unknown volume
07-14 15:28:02.088 W/MountService(  374): getVolumeState(/mnt/sdcard/external_sd): Unknown volume
07-14 15:28:02.307 W/PackageParser(17928): Unknown element under <application>: intent-filter at /storage/emulated/0/360MobileSafe_5.2.3.1061.apk Binary XML file line #1165
07-14 15:28:02.315 W/PackageParser(17928): Unknown element under <application>: intent-filter at /storage/emulated/0/360MobileSafe_5.2.3.1061.apk Binary XML file line #1423
07-14 15:28:02.698 W/PackageParser(17928): No actions in intent filter at /storage/emulated/0/Download/emmp.apk Binary XML file line #687
07-14 15:28:02.932 W/PackageParser(17928): No actions in intent filter at /storage/emulated/0/Download/emmp-1.apk Binary XML file line #687
07-14 15:28:03.479 I/ActivityManager(  374): Process com.google.android.gallery3d (pid 16671) has died.
07-14 15:28:03.494 W/PackageParser(17928): No actions in intent filter at /storage/emulated/0/360Download/Pekall.apk Binary XML file line #685
07-14 15:28:04.299 W/MountService(  374): getVolumeState(/storage/emulated/0/external_sd): Unknown volume
07-14 15:28:04.307 W/MountService(  374): getVolumeState(/mnt/sdcard-ext): Unknown volume
07-14 15:28:04.307 W/MountService(  374): getVolumeState(/mnt/ext_sdcard): Unknown volume
07-14 15:28:04.307 W/MountService(  374): getVolumeState(/mnt/sdcard2): Unknown volume
07-14 15:28:04.315 W/MountService(  374): getVolumeState(/mnt/emmc): Unknown volume
07-14 15:28:04.315 W/MountService(  374): getVolumeState(/mnt/extSdCard): Unknown volume
07-14 15:28:04.315 W/MountService(  374): getVolumeState(/mnt/sdcard/SD_CARD): Unknown volume
07-14 15:28:04.315 W/MountService(  374): getVolumeState(/mnt/sdcard/extra_sd): Unknown volume
07-14 15:28:04.315 W/MountService(  374): getVolumeState(/mnt/extrasd_bind): Unknown volume
07-14 15:28:04.323 W/MountService(  374): getVolumeState(/mnt/sdcard/ext_sd): Unknown volume
07-14 15:28:04.323 W/MountService(  374): getVolumeState(/storage/extSdCard): Unknown volume
07-14 15:28:04.323 W/MountService(  374): getVolumeState(/storage/sdcard1): Unknown volume
07-14 15:28:04.323 W/MountService(  374): getVolumeState(/mnt/sdcard/external_SD): Unknown volume
07-14 15:28:04.323 W/MountService(  374): getVolumeState(/mnt/sdcard/external_sd): Unknown volume
07-14 15:28:05.369 I/ActivityManager(  374): Process com.qihoo360.mobilesafe:PcDaemon (pid 17918) has died.
07-14 15:28:08.729 I/ActivityManager(  374): No longer want com.google.android.apps.maps:GoogleLocationService (pid 15076): empty for 1803s
07-14 15:28:08.744 W/ActivityManager(  374): Scheduling restart of crashed service com.google.android.apps.maps/com.google.android.location.internal.server.GoogleLocationService in 5000ms
07-14 15:28:13.783 I/ActivityManager(  374): Start proc com.google.android.apps.maps:GoogleLocationService for service com.google.android.apps.maps/com.google.android.location.internal.server.GoogleLocationService: pid=18296 uid=10038 gids={50038, 3003, 1015, 1028}
07-14 15:28:14.948 I/ActivityManager(  374): Start proc com.google.android.apps.maps:FriendService for broadcast com.google.android.apps.maps/com.google.googlenav.friend.android.ServiceReceiver: pid=18317 uid=10038 gids={50038, 3003, 1015, 1028}
07-14 15:28:15.088 W/ActivityManager(  374): Permission denied: checkComponentPermission() owningUid=10009
07-14 15:28:15.088 W/BroadcastQueue(  374): Permission Denial: broadcasting Intent { act=com.google.android.location.internal.server.ACTION_RESTARTED flg=0x10 } from com.google.android.apps.maps (pid=18296, uid=10038) is not exported from uid 10009 due to receiver com.google.android.gms/com.google.android.location.reporting.service.ExternalChangeReceiver
07-14 15:28:15.112 I/ActivityManager(  374): Start proc com.google.android.apps.maps:LocationFriendService for broadcast com.google.android.apps.maps/com.google.googlenav.friend.reporting.LocationReportingIntentReceiver: pid=18329 uid=10038 gids={50038, 3003, 1015, 1028}
07-14 15:29:28.846 W/ActivityThread(18296): ClassLoader.loadClass: The class loader returned by Thread.getContextClassLoader() may fail for processes that host multiple applications. You should explicitly specify a context class loader. For example: Thread.setContextClassLoader(getClass().getClassLoader());
07-14 15:30:24.198 I/PowerManagerService(  374): Waking up from sleep...
07-14 15:30:24.244 I/WindowManager(  374): Lock screen displayed!
07-14 15:30:25.213 D/PhoneStatusBar(  450): disable: < expand icons alerts ticker system_info BACK HOME recent* CLOCK search >
07-14 15:30:25.432 D/PhoneStatusBar(  450): disable: < expand icons alerts ticker system_info back* home* recent clock* search >
07-14 15:30:55.182 I/PowerManagerService(  374): Going to sleep due to screen timeout...
07-14 15:31:01.151 D/PhoneStatusBar(  450): disable: < expand icons alerts ticker system_info back home RECENT* clock search >
07-14 15:31:01.315 D/PhoneStatusBar(  450): disable: < expand icons alerts ticker system_info BACK* HOME* RECENT CLOCK* search >
07-14 15:31:58.721 I/PowerManagerService(  374): Waking up from sleep...
07-14 15:31:58.768 I/WindowManager(  374): Lock screen displayed!
07-14 15:31:59.838 D/PhoneStatusBar(  450): disable: < expand icons alerts ticker system_info BACK HOME recent* CLOCK search >
07-14 15:31:59.869 D/PhoneStatusBar(  450): disable: < expand icons alerts ticker system_info back* home* recent clock* search >
07-14 15:32:01.119 I/ActivityManager(  374): START u0 {act=android.intent.action.VIEW dat=market://search?q=pname:hjhk.hjhkPkg flg=0x3000000 cmp=com.qihoo.appstore/.activities.SearchDistributionActivity} from pid 17539
07-14 15:32:01.182 I/ActivityManager(  374): START u0 {cmp=com.qihoo.appstore/.activities.MainActivity (has extras)} from pid 17928
07-14 15:32:04.268 I/ActivityManager(  374): No longer want com.android.musicfx (pid 16720): empty #17
07-14 15:32:04.408 I/ActivityManager(  374): START u0 {cmp=com.qihoo.appstore/.activities.AppImageActivity (has extras)} from pid 17928
07-14 15:32:05.573 I/ActivityManager(  374): Process com.google.android.apps.plus (pid 17574) has died.
07-14 15:32:15.549 I/ActivityManager(  374): Process com.qihoo360.mobilesafe (pid 17873) has died.
07-14 15:32:15.994 I/ActivityManager(  374): Process com.qihoo.root (pid 16897) has died.
07-14 15:32:17.541 I/ActivityManager(  374): Process com.google.android.apps.uploader (pid 17561) has died.
07-14 15:32:18.362 I/ActivityManager(  374): Process com.google.android.calendar (pid 18245) has died.
07-14 15:32:20.088 I/ActivityManager(  374): START u0 {act=android.intent.action.VIEW dat=market://search?q=pname:hjhk.hjhkPkg cmp=android/com.android.internal.app.ResolverActivity} from pid 14510
07-14 15:32:20.604 I/ActivityManager(  374): Process com.noshufou.android.su (pid 16880) has died.
07-14 15:32:20.994 I/ActivityManager(  374): Process com.android.defcontainer (pid 15608) has died.
07-14 15:32:22.698 I/ActivityManager(  374): START u0 {act=android.intent.action.VIEW dat=market://search?q=pname:hjhk.hjhkPkg flg=0x3000000 cmp=com.qihoo.appstore/.activities.SearchDistributionActivity} from pid 17539
07-14 15:32:22.948 I/ActivityManager(  374): START u0 {cmp=com.qihoo.appstore/.activities.MainActivity (has extras)} from pid 17928
07-14 15:32:52.666 I/PowerManagerService(  374): Going to sleep due to screen timeout...
07-14 15:32:58.768 D/PhoneStatusBar(  450): disable: < expand icons alerts ticker system_info back home RECENT* clock search >
07-14 15:32:58.932 D/PhoneStatusBar(  450): disable: < expand icons alerts ticker system_info BACK* HOME* RECENT CLOCK* search >
07-14 15:33:16.643 I/PowerManagerService(  374): Waking up from sleep...
07-14 15:33:16.791 I/WindowManager(  374): Lock screen displayed!
07-14 15:33:17.760 D/PhoneStatusBar(  450): disable: < expand icons alerts ticker system_info BACK HOME recent* CLOCK search >
07-14 15:33:17.846 D/PhoneStatusBar(  450): disable: < expand icons alerts ticker system_info back* home* recent clock* search >
07-14 15:33:18.010 W/InputMethodManagerService(  374): Window already focused, ignoring focus gain of: com.android.internal.view.IInputMethodClient$Stub$Proxy@42bd27e8 attribute=android.view.inputmethod.EditorInfo@42e54438, token = android.os.BinderProxy@42ef9f00
07-14 15:33:21.198 E/ActivityThread(17928): Failed to find provider info for com.qihoo.antivirus.sync.MSSyncProvider
07-14 15:33:21.221 I/ActivityManager(  374): Start proc com.android.defcontainer for service com.android.defcontainer/.DefaultContainerService: pid=18661 uid=10012 gids={50012, 1015, 1023, 2001, 1028}
07-14 15:33:21.283 W/ActivityManager(  374): No content provider found for permission revoke: file:///storage/emulated/0/360Download/85160EED11FBAE5E019C120A6B4000F3
07-14 15:33:21.651 I/ActivityManager(  374): Process com.nd.assistance (pid 18007) has died.
07-14 15:33:31.369 I/PackageManager(  374): Verification timed out for file:///storage/emulated/0/360Download/85160EED11FBAE5E019C120A6B4000F3
07-14 15:33:31.369 I/PackageManager(  374): Continuing with installation of file:///storage/emulated/0/360Download/85160EED11FBAE5E019C120A6B4000F3
07-14 15:33:31.393 W/ActivityManager(  374): No content provider found for permission revoke: file:///storage/emulated/0/360Download/85160EED11FBAE5E019C120A6B4000F3
07-14 15:33:31.393 I/PackageManager(  374): Copying native libraries to /data/app-lib/vmdl670139069
07-14 15:33:31.627 I/ActivityManager(  374): Force stopping package hjhk.hjhkPkg appid=10073 user=-1
07-14 15:33:32.057 I/ActivityManager(  374): Process com.google.android.apps.maps:FriendService (pid 18317) has died.
07-14 15:33:32.182 I/ActivityManager(  374): Start proc com.qihoo360.mobilesafe for service com.qihoo360.mobilesafe/.service.GuardDelegateService: pid=18687 uid=10072 gids={50072, 3003, 1015, 3001, 3002, 1006, 1028}
07-14 15:33:32.393 D/BackupManagerService(  374): Received broadcast Intent { act=android.intent.action.PACKAGE_ADDED dat=package:hjhk.hjhkPkg flg=0x8000010 (has extras) }
07-14 15:33:32.401 V/BackupManagerService(  374): addPackageParticipantsLocked: #1
07-14 15:33:32.487 I/ActivityManager(  374): Start proc com.qihoo360.mobilesafe:scan for service com.qihoo360.mobilesafe/com.qihoo.security.services.DeepScanService: pid=18701 uid=10072 gids={50072, 3003, 1015, 3001, 3002, 1006, 1028}
07-14 15:33:32.682 I/ActivityManager(  374): Start proc android.process.acore for broadcast com.android.providers.contacts/.PackageIntentReceiver: pid=18715 uid=10000 gids={50000, 3003, 1015, 1028}
07-14 15:33:32.815 I/ActivityManager(  374): Start proc com.qihoo360.mobilesafe:engine for service com.qihoo360.mobilesafe/com.qihoo.security.services.ScanEngineService: pid=18732 uid=10072 gids={50072, 3003, 1015, 3001, 3002, 1006, 1028}
07-14 15:33:33.323 I/ActivityManager(  374): Start proc com.google.android.gallery3d for broadcast com.google.android.gallery3d/com.android.gallery3d.app.PackagesMonitor: pid=18758 uid=10019 gids={50019, 1006, 3003, 1015, 1028}
07-14 15:33:33.494 I/ActivityManager(  374): Process com.google.android.apps.maps:LocationFriendService (pid 18329) has died.
07-14 15:33:35.119 I/ActivityManager(  374): Start proc com.google.android.partnersetup for broadcast com.google.android.partnersetup/.RlzPingBroadcastReceiver: pid=18793 uid=10027 gids={50027, 3003, 1028}
07-14 15:33:35.369 I/ActivityManager(  374): Start proc com.android.musicfx for broadcast com.android.musicfx/.Compatibility$Receiver: pid=18808 uid=10042 gids={50042, 3003, 3002, 1028}
07-14 15:33:35.526 I/ActivityManager(  374): Start proc com.google.android.apps.plus for broadcast com.google.android.apps.plus/.service.PackagesMediaMonitor: pid=18822 uid=10048 gids={50048, 3003, 3002, 1015, 1006, 1028}
07-14 15:33:35.721 I/ActivityManager(  374): Process system:ui (pid 17539) has died.
07-14 15:33:36.768 I/ActivityManager(  374): Process com.android.providers.calendar (pid 18202) has died.
07-14 15:33:36.955 I/ActivityManager(  374): Process com.google.android.deskclock (pid 18107) has died.
07-14 15:33:37.549 W/PackageParser(  636): No actions in intent filter at /storage/emulated/0/Download/emmp.apk Binary XML file line #687
07-14 15:33:37.705 W/PackageParser(  636): No actions in intent filter at /storage/emulated/0/Download/emmp-1.apk Binary XML file line #687
07-14 15:33:37.901 W/PackageParser(  636): No actions in intent filter at /storage/emulated/0/360Download/Pekall.apk Binary XML file line #685
07-14 15:33:38.182 W/PackageParser(  636): Unknown element under <application>: intent-filter at /storage/emulated/0/360MobileSafe_5.2.3.1061.apk Binary XML file line #1165
07-14 15:33:38.182 W/PackageParser(  636): Unknown element under <application>: intent-filter at /storage/emulated/0/360MobileSafe_5.2.3.1061.apk Binary XML file line #1423
07-14 15:33:38.244 I/ActivityManager(  374): Start proc com.google.android.gms for broadcast com.google.android.gms/.games.receiver.GamesSystemBroadcastReceiver: pid=18846 uid=10009 gids={50009, 3003, 1007, 1028, 1015, 1006, 2001, 3006}
07-14 15:33:38.362 I/ActivityManager(  374): Process com.android.defcontainer (pid 18661) has died.
07-14 15:33:38.588 I/ActivityManager(  374): Process android.process.acore (pid 18715) has died.
07-14 15:33:38.635 I/ActivityManager(  374): Start proc com.google.android.googlequicksearchbox for broadcast com.google.android.googlequicksearchbox/com.google.android.apps.sidekick.GmmLocationProviderImpl$GmmPackageWatcher: pid=18863 uid=10056 gids={50056, 3003, 1028, 1007, 3002, 1015}
07-14 15:33:39.158 I/ActivityManager(  374): Process com.qihoo360.mobilesafe (pid 18687) has died.
07-14 15:33:39.237 W/ActivityManager(  374): Unable to start service Intent { act=com.google.android.gms.analytics.service.START (has extras) } U=0: not found
07-14 15:33:39.385 I/ActivityManager(  374): Start proc com.noshufou.android.su for broadcast com.noshufou.android.su/.InstallReceiver: pid=18941 uid=10077 gids={50077, 3003, 1015, 1028}
07-14 15:33:39.549 I/ActivityManager(  374): Start proc com.google.android.gsf.login for service com.google.android.gms/.recovery.AccountRecoveryBackgroundService: pid=18958 uid=10009 gids={50009, 3003, 1007, 1028, 1015, 1006, 2001, 3006}
07-14 15:33:39.666 I/ActivityManager(  374): Process com.google.android.gallery3d (pid 18758) has died.
07-14 15:33:43.424 I/ActivityManager(  374): Start proc com.android.defcontainer for service com.android.defcontainer/.DefaultContainerService: pid=18981 uid=10012 gids={50012, 1015, 1023, 2001, 1028}
07-14 15:33:43.643 I/ActivityManager(  374): Process com.android.musicfx (pid 18808) has died.
07-14 15:33:44.088 W/ActivityManager(  374): Unable to start service Intent { act=com.google.android.gms.analytics.service.START (has extras) } U=0: not found
07-14 15:33:49.096 W/ActivityManager(  374): Unable to start service Intent { act=com.google.android.gms.analytics.service.START (has extras) } U=0: not found
07-14 15:33:59.448 I/ActivityManager(  374): Process com.google.android.apps.plus (pid 18822) has died.
07-14 15:34:04.323 W/PackageManager(  374): Invalid verification token 5 received
07-14 15:34:12.369 I/ActivityManager(  374): Process com.google.android.partnersetup (pid 18793) has died.
07-14 15:34:47.190 I/ActivityManager(  374): Process com.qihoo360.mobilesafe:scan (pid 18701) has died.
07-14 15:34:47.198 I/ActivityManager(  374): Process com.qihoo360.mobilesafe:engine (pid 18732) has died.
07-14 15:34:49.862 I/PowerManagerService(  374): Going to sleep due to screen timeout...
07-14 15:34:55.729 I/ActivityManager(  374): Start proc com.google.android.deskclock for service com.google.android.deskclock/com.android.alarmclock.DigitalAppWidgetService: pid=19152 uid=10013 gids={50013, 1028}
07-14 15:34:55.908 D/PhoneStatusBar(  450): disable: < expand icons alerts ticker system_info back home RECENT* clock search >
07-14 15:34:55.994 D/PhoneStatusBar(  450): disable: < expand icons alerts ticker system_info BACK* HOME* RECENT CLOCK* search >
07-14 15:35:40.690 I/ActivityManager(  374): Process com.qihoo.appstore (pid 17928) has died.
07-14 15:35:40.690 W/ActivityManager(  374): Scheduling restart of crashed service com.qihoo.appstore/.express.DownloadCoreService in 5000ms
07-14 15:37:01.737 I/ActivityManager(  374): Start proc com.qihoo.appstore for service com.qihoo.appstore/.express.DownloadCoreService: pid=19168 uid=10064 gids={50064, 3003, 1015, 3002, 1006, 3001, 1028}
07-14 15:37:51.752 W/MountService(  374): getVolumeState(/storage/emulated/0/external_sd): Unknown volume
07-14 15:37:51.752 W/MountService(  374): getVolumeState(/mnt/sdcard-ext): Unknown volume
07-14 15:37:51.752 W/MountService(  374): getVolumeState(/mnt/ext_sdcard): Unknown volume
07-14 15:37:51.752 W/MountService(  374): getVolumeState(/mnt/sdcard2): Unknown volume
07-14 15:37:51.752 W/MountService(  374): getVolumeState(/mnt/emmc): Unknown volume
07-14 15:37:51.752 W/MountService(  374): getVolumeState(/mnt/extSdCard): Unknown volume
07-14 15:37:51.760 W/MountService(  374): getVolumeState(/mnt/sdcard/SD_CARD): Unknown volume
07-14 15:37:51.760 W/MountService(  374): getVolumeState(/mnt/sdcard/extra_sd): Unknown volume
07-14 15:37:51.760 W/MountService(  374): getVolumeState(/mnt/extrasd_bind): Unknown volume
07-14 15:37:51.760 W/MountService(  374): getVolumeState(/mnt/sdcard/ext_sd): Unknown volume
07-14 15:37:51.760 W/MountService(  374): getVolumeState(/storage/extSdCard): Unknown volume
07-14 15:37:51.760 W/MountService(  374): getVolumeState(/storage/sdcard1): Unknown volume
07-14 15:37:51.760 W/MountService(  374): getVolumeState(/mnt/sdcard/external_SD): Unknown volume
07-14 15:37:51.760 W/MountService(  374): getVolumeState(/mnt/sdcard/external_sd): Unknown volume
07-14 15:37:51.979 W/PackageParser(19168): Unknown element under <application>: intent-filter at /storage/emulated/0/360MobileSafe_5.2.3.1061.apk Binary XML file line #1165
07-14 15:37:51.994 W/PackageParser(19168): Unknown element under <application>: intent-filter at /storage/emulated/0/360MobileSafe_5.2.3.1061.apk Binary XML file line #1423
07-14 15:37:52.369 W/MountService(  374): getVolumeState(/storage/emulated/0/external_sd): Unknown volume
07-14 15:37:52.377 W/MountService(  374): getVolumeState(/mnt/sdcard-ext): Unknown volume
07-14 15:37:52.377 W/MountService(  374): getVolumeState(/mnt/ext_sdcard): Unknown volume
07-14 15:37:52.377 W/MountService(  374): getVolumeState(/mnt/sdcard2): Unknown volume
07-14 15:37:52.377 W/MountService(  374): getVolumeState(/mnt/emmc): Unknown volume
07-14 15:37:52.377 W/MountService(  374): getVolumeState(/mnt/extSdCard): Unknown volume
07-14 15:37:52.377 W/MountService(  374): getVolumeState(/mnt/sdcard/SD_CARD): Unknown volume
07-14 15:37:52.377 W/MountService(  374): getVolumeState(/mnt/sdcard/extra_sd): Unknown volume
07-14 15:37:52.377 W/MountService(  374): getVolumeState(/mnt/extrasd_bind): Unknown volume
07-14 15:37:52.377 W/MountService(  374): getVolumeState(/mnt/sdcard/ext_sd): Unknown volume
07-14 15:37:52.377 W/MountService(  374): getVolumeState(/storage/extSdCard): Unknown volume
07-14 15:37:52.385 W/MountService(  374): getVolumeState(/storage/sdcard1): Unknown volume
07-14 15:37:52.385 W/MountService(  374): getVolumeState(/mnt/sdcard/external_SD): Unknown volume
07-14 15:37:52.385 W/MountService(  374): getVolumeState(/mnt/sdcard/external_sd): Unknown volume
07-14 15:37:52.526 W/PackageParser(19168): No actions in intent filter at /storage/emulated/0/Download/emmp.apk Binary XML file line #687
07-14 15:37:52.744 W/PackageParser(19168): No actions in intent filter at /storage/emulated/0/Download/emmp-1.apk Binary XML file line #687
07-14 15:37:53.244 W/PackageParser(19168): No actions in intent filter at /storage/emulated/0/360Download/Pekall.apk Binary XML file line #685
07-14 15:37:53.893 W/MountService(  374): getVolumeState(/storage/emulated/0/external_sd): Unknown volume
07-14 15:37:53.893 W/MountService(  374): getVolumeState(/mnt/sdcard-ext): Unknown volume
07-14 15:37:53.893 W/MountService(  374): getVolumeState(/mnt/ext_sdcard): Unknown volume
07-14 15:37:53.893 W/MountService(  374): getVolumeState(/mnt/sdcard2): Unknown volume
07-14 15:37:53.893 W/MountService(  374): getVolumeState(/mnt/emmc): Unknown volume
07-14 15:37:53.893 W/MountService(  374): getVolumeState(/mnt/extSdCard): Unknown volume
07-14 15:37:53.893 W/MountService(  374): getVolumeState(/mnt/sdcard/SD_CARD): Unknown volume
07-14 15:37:53.893 W/MountService(  374): getVolumeState(/mnt/sdcard/extra_sd): Unknown volume
07-14 15:37:53.893 W/MountService(  374): getVolumeState(/mnt/extrasd_bind): Unknown volume
07-14 15:37:53.893 W/MountService(  374): getVolumeState(/mnt/sdcard/ext_sd): Unknown volume
07-14 15:37:53.893 W/MountService(  374): getVolumeState(/storage/extSdCard): Unknown volume
07-14 15:37:53.901 W/MountService(  374): getVolumeState(/storage/sdcard1): Unknown volume
07-14 15:37:53.901 W/MountService(  374): getVolumeState(/mnt/sdcard/external_SD): Unknown volume
07-14 15:37:53.901 W/MountService(  374): getVolumeState(/mnt/sdcard/external_sd): Unknown volume
07-14 15:39:03.338 I/PowerManagerService(  374): Waking up from sleep...
07-14 15:39:03.448 I/WindowManager(  374): Lock screen displayed!
07-14 15:39:03.854 I/ActivityManager(  374): Start proc com.android.providers.calendar for content provider com.android.providers.calendar/.CalendarProvider2: pid=19222 uid=10007 gids={50007, 3003, 1015, 1028}
07-14 15:39:04.526 D/PhoneStatusBar(  450): disable: < expand icons alerts ticker system_info BACK HOME recent* CLOCK search >
07-14 15:39:04.612 D/PhoneStatusBar(  450): disable: < expand icons alerts ticker system_info back* home* recent clock* search >
07-14 15:39:04.690 W/InputMethodManagerService(  374): Window already focused, ignoring focus gain of: com.android.internal.view.IInputMethodClient$Stub$Proxy@43895228 attribute=android.view.inputmethod.EditorInfo@43895238, token = android.os.BinderProxy@431b3550
07-14 15:39:05.182 I/ActivityManager(  374): Start proc com.google.android.calendar for broadcast com.google.android.calendar/com.android.calendar.alerts.AlertReceiver: pid=19257 uid=10006 gids={50006, 3003, 1028}
07-14 15:39:06.916 I/ActivityManager(  374): START u0 {act=android.intent.action.VIEW dat=market://search?q=pname:hjhk.hjhkPkg cmp=android/com.android.internal.app.ResolverActivity} from pid 14510
07-14 15:39:06.955 I/ActivityManager(  374): Start proc system:ui for activity android/com.android.internal.app.ResolverActivity: pid=19290 uid=1000 gids={41000, 1015, 1028, 3002, 3001, 3003, 3007}
07-14 15:39:09.221 I/ActivityManager(  374): START u0 {act=android.intent.action.VIEW dat=market://search?q=pname:hjhk.hjhkPkg flg=0x3000000 cmp=com.qihoo.appstore/.activities.SearchDistributionActivity} from pid 19290
07-14 15:39:09.518 I/ActivityManager(  374): START u0 {cmp=com.qihoo.appstore/.activities.MainActivity (has extras)} from pid 19168
07-14 15:39:23.994 I/ActivityManager(  374): Process com.google.android.gms (pid 18846) has died.
07-14 15:39:42.869 I/ActivityManager(  374): Process com.google.android.googlequicksearchbox (pid 18863) has died.
07-14 15:39:44.869 I/ActivityManager(  374): Process com.google.android.gsf.login (pid 18958) has died.
07-14 15:39:58.604 I/PowerManagerService(  374): Going to sleep due to screen timeout...
07-14 15:39:58.791 I/ActivityManager(  374): Process com.noshufou.android.su (pid 18941) has died.
07-14 15:40:04.713 D/PhoneStatusBar(  450): disable: < expand icons alerts ticker system_info back home RECENT* clock search >
07-14 15:40:04.932 D/PhoneStatusBar(  450): disable: < expand icons alerts ticker system_info BACK* HOME* RECENT CLOCK* search >
07-14 15:40:05.854 I/PowerManagerService(  374): Waking up from sleep...
07-14 15:40:05.901 I/WindowManager(  374): Lock screen displayed!
07-14 15:40:06.533 I/ActivityManager(  374): Process net.nurik.roman.dashclock (pid 13778) has died.
07-14 15:40:06.541 W/ActivityManager(  374): Scheduling restart of crashed service net.nurik.roman.dashclock/com.google.android.apps.dashclock.DashClockService in 5000ms
07-14 15:40:07.049 D/PhoneStatusBar(  450): disable: < expand icons alerts ticker system_info BACK HOME recent* CLOCK search >
07-14 15:40:07.119 D/PhoneStatusBar(  450): disable: < expand icons alerts ticker system_info back* home* recent clock* search >
07-14 15:40:07.268 W/InputMethodManagerService(  374): Window already focused, ignoring focus gain of: com.android.internal.view.IInputMethodClient$Stub$Proxy@42d0fca8 attribute=android.view.inputmethod.EditorInfo@42e391e8, token = android.os.BinderProxy@42f65658
07-14 15:40:11.049 I/ActivityManager(  374): START u0 {act=android.intent.action.VIEW dat=market://search?q=pname:hjhk.hjhkPkg cmp=android/com.android.internal.app.ResolverActivity} from pid 14510
07-14 15:40:11.549 I/ActivityManager(  374): Start proc net.nurik.roman.dashclock for service net.nurik.roman.dashclock/com.google.android.apps.dashclock.DashClockService: pid=19454 uid=10070 gids={50070, 3003, 1028}
07-14 15:40:11.846 W/BackupManagerService(  374): dataChanged but no participant pkg='com.android.providers.settings' uid=10079
07-14 15:40:11.948 W/BackupManagerService(  374): dataChanged but no participant pkg='com.android.providers.settings' uid=10079
07-14 15:40:12.182 W/BackupManagerService(  374): dataChanged but no participant pkg='com.android.providers.settings' uid=10079
07-14 15:40:13.276 I/ActivityManager(  374): START u0 {act=android.intent.action.VIEW dat=market://search?q=pname:hjhk.hjhkPkg flg=0x3000000 cmp=com.qihoo.appstore/.activities.SearchDistributionActivity} from pid 19290
07-14 15:40:13.580 I/ActivityManager(  374): START u0 {cmp=com.qihoo.appstore/.activities.MainActivity (has extras)} from pid 19168
07-14 15:40:43.237 I/PowerManagerService(  374): Going to sleep due to screen timeout...
07-14 15:40:49.190 D/PhoneStatusBar(  450): disable: < expand icons alerts ticker system_info back home RECENT* clock search >
07-14 15:40:49.346 D/PhoneStatusBar(  450): disable: < expand icons alerts ticker system_info BACK* HOME* RECENT CLOCK* search >
07-14 15:41:48.440 D/ConnectivityService(  374): Captive portal check NetworkInfo: type: WIFI[], state: CONNECTING/CAPTIVE_PORTAL_CHECK, reason: (unspecified), extra: "pekall_work", roaming: false, failover: false, isAvailable: true
07-14 15:41:48.455 I/ActivityManager(  374): Start proc com.nd.assistance for broadcast com.nd.assistance/.receiver.WifiStateChangeReceiver: pid=19562 uid=10065 gids={50065, 3003, 1015, 1006, 1028}
07-14 15:41:48.463 D/ConnectivityService(  374): ConnectivityChange for WIFI: CONNECTED/CONNECTED
07-14 15:41:48.502 D/ConnectivityService(  374): handleConnectivityChange: address are the same reset per doReset linkProperty[1]: resetMask=0
07-14 15:41:48.502 D/Nat464Xlat(  374): requiresClat: netType=1, hasIPv4Address=true
07-14 15:41:49.471 D/ConnectivityService(  374): NetTransition Wakelock for ConnectedState released by timeout
07-14 15:41:51.744 I/ActivityManager(  374): Start proc com.google.android.gallery3d for broadcast com.google.android.gallery3d/com.google.android.picasasync.ConnectivityReceiver: pid=19579 uid=10019 gids={50019, 1006, 3003, 1015, 1028}
07-14 15:41:52.088 D/ConnectivityService(  374): handleInetConditionHoldEnd: net=1, condition=100, published condition=0
07-14 15:41:52.229 I/ActivityManager(  374): Start proc com.google.android.apps.uploader for broadcast com.google.android.apps.uploader/com.google.android.picasasync.ConnectivityReceiver: pid=19604 uid=10039 gids={50039, 3003, 1015, 1028}
07-14 15:41:52.268 I/ActivityManager(  374): Process com.android.defcontainer (pid 18981) has died.
07-14 15:41:52.354 I/ActivityManager(  374): Start proc com.android.mms for broadcast com.android.mms/.transaction.MmsSystemEventReceiver: pid=19617 uid=10040 gids={50040, 3003, 1015, 1028}
07-14 15:41:52.416 I/ActivityManager(  374): Process com.google.android.calendar (pid 19257) has died.
07-14 15:41:52.440 D/CountryDetector(  374): The first listener is added
07-14 15:41:52.557 I/ActivityManager(  374): Start proc com.google.android.apps.plus for broadcast com.google.android.apps.plus/.service.ConnectivityReceiver: pid=19641 uid=10048 gids={50048, 3003, 3002, 1015, 1006, 1028}
07-14 15:41:52.705 I/ActivityManager(  374): Process com.android.providers.calendar (pid 19222) has died.
07-14 15:41:53.166 I/ActivityManager(  374): Start proc android.process.acore for content provider com.android.providers.contacts/.ContactsProvider2: pid=19663 uid=10000 gids={50000, 3003, 1015, 1028}
07-14 15:41:53.213 I/ActivityManager(  374): Process system:ui (pid 19290) has died.
07-14 15:41:54.963 I/ActivityManager(  374): Process com.google.android.deskclock (pid 19152) has died.
07-14 15:41:55.213 I/ActivityManager(  374): Process com.nd.assistance (pid 19562) has died.
07-14 15:41:57.174 W/ActivityManager(  374): Unable to start service Intent { act=com.google.android.gms.analytics.service.START (has extras) } U=0: not found
07-14 15:42:02.182 W/ActivityManager(  374): Unable to start service Intent { act=com.google.android.gms.analytics.service.START (has extras) } U=0: not found
07-14 15:42:04.908 W/BackupManagerService(  374): dataChanged but no participant pkg='com.android.providers.settings' uid=10079
07-14 15:42:04.963 W/BackupManagerService(  374): dataChanged but no participant pkg='com.android.providers.settings' uid=10079
07-14 15:42:05.010 W/BackupManagerService(  374): dataChanged but no participant pkg='com.android.providers.settings' uid=10079
07-14 15:42:07.565 W/BackupManagerService(  374): dataChanged but no participant pkg='com.android.providers.settings' uid=10079
07-14 15:42:07.791 W/BackupManagerService(  374): dataChanged but no participant pkg='com.android.providers.settings' uid=10079
07-14 15:42:07.815 W/BackupManagerService(  374): dataChanged but no participant pkg='com.android.providers.settings' uid=10079
07-14 15:42:07.862 W/BackupManagerService(  374): dataChanged but no participant pkg='com.android.providers.settings' uid=10079
07-14 15:42:07.885 W/BackupManagerService(  374): dataChanged but no participant pkg='com.android.providers.settings' uid=10079
07-14 15:42:07.971 W/BackupManagerService(  374): dataChanged but no participant pkg='com.android.providers.settings' uid=10079
07-14 15:42:07.994 W/BackupManagerService(  374): dataChanged but no participant pkg='com.android.providers.settings' uid=10079
07-14 15:42:08.041 W/BackupManagerService(  374): dataChanged but no participant pkg='com.android.providers.settings' uid=10079
07-14 15:42:08.080 W/BackupManagerService(  374): dataChanged but no participant pkg='com.android.providers.settings' uid=10079
07-14 15:42:08.174 W/BackupManagerService(  374): dataChanged but no participant pkg='com.android.providers.settings' uid=10079
07-14 15:42:08.198 W/BackupManagerService(  374): dataChanged but no participant pkg='com.android.providers.settings' uid=10079
07-14 15:42:08.260 W/BackupManagerService(  374): dataChanged but no participant pkg='com.android.providers.settings' uid=10079
07-14 15:42:08.338 W/BackupManagerService(  374): dataChanged but no participant pkg='com.android.providers.settings' uid=10079
07-14 15:42:08.369 W/BackupManagerService(  374): dataChanged but no participant pkg='com.android.providers.settings' uid=10079
07-14 15:42:08.424 W/BackupManagerService(  374): dataChanged but no participant pkg='com.android.providers.settings' uid=10079
07-14 15:43:44.533 I/ActivityManager(  374): Start proc com.android.defcontainer for service com.android.defcontainer/.DefaultContainerService: pid=19715 uid=10012 gids={50012, 1015, 1023, 2001, 1028}
07-14 15:43:44.565 W/MountService(  374): getVolumeState(/storage/emulated/0/external_sd): Unknown volume
07-14 15:43:44.565 W/MountService(  374): getVolumeState(/mnt/sdcard-ext): Unknown volume
07-14 15:43:44.565 W/MountService(  374): getVolumeState(/mnt/ext_sdcard): Unknown volume
07-14 15:43:44.565 W/MountService(  374): getVolumeState(/mnt/sdcard2): Unknown volume
07-14 15:43:44.565 W/MountService(  374): getVolumeState(/mnt/emmc): Unknown volume
07-14 15:43:44.565 W/MountService(  374): getVolumeState(/mnt/extSdCard): Unknown volume
07-14 15:43:44.565 W/MountService(  374): getVolumeState(/mnt/sdcard/SD_CARD): Unknown volume
07-14 15:43:44.573 W/MountService(  374): getVolumeState(/mnt/sdcard/extra_sd): Unknown volume
07-14 15:43:44.573 W/MountService(  374): getVolumeState(/mnt/extrasd_bind): Unknown volume
07-14 15:43:44.573 W/MountService(  374): getVolumeState(/mnt/sdcard/ext_sd): Unknown volume
07-14 15:43:44.573 W/MountService(  374): getVolumeState(/storage/extSdCard): Unknown volume
07-14 15:43:44.573 W/MountService(  374): getVolumeState(/storage/sdcard1): Unknown volume
07-14 15:43:44.573 W/MountService(  374): getVolumeState(/mnt/sdcard/external_SD): Unknown volume
07-14 15:43:44.573 W/MountService(  374): getVolumeState(/mnt/sdcard/external_sd): Unknown volume
07-14 15:43:44.737 W/PackageParser(19168): Unknown element under <application>: intent-filter at /storage/emulated/0/360MobileSafe_5.2.3.1061.apk Binary XML file line #1165
07-14 15:43:44.744 W/PackageParser(19168): Unknown element under <application>: intent-filter at /storage/emulated/0/360MobileSafe_5.2.3.1061.apk Binary XML file line #1423
07-14 15:43:45.119 W/PackageParser(19168): No actions in intent filter at /storage/emulated/0/Download/emmp.apk Binary XML file line #687
07-14 15:43:45.432 W/PackageParser(19168): No actions in intent filter at /storage/emulated/0/Download/emmp-1.apk Binary XML file line #687
07-14 15:43:45.885 W/PackageParser(19168): No actions in intent filter at /storage/emulated/0/360Download/Pekall.apk Binary XML file line #685
07-14 15:43:46.760 W/MountService(  374): getVolumeState(/storage/emulated/0/external_sd): Unknown volume
07-14 15:43:46.760 W/MountService(  374): getVolumeState(/mnt/sdcard-ext): Unknown volume
07-14 15:43:46.768 W/MountService(  374): getVolumeState(/mnt/ext_sdcard): Unknown volume
07-14 15:43:46.768 W/MountService(  374): getVolumeState(/mnt/sdcard2): Unknown volume
07-14 15:43:46.768 W/MountService(  374): getVolumeState(/mnt/emmc): Unknown volume
07-14 15:43:46.768 W/MountService(  374): getVolumeState(/mnt/extSdCard): Unknown volume
07-14 15:43:46.768 W/MountService(  374): getVolumeState(/mnt/sdcard/SD_CARD): Unknown volume
07-14 15:43:46.768 W/MountService(  374): getVolumeState(/mnt/sdcard/extra_sd): Unknown volume
07-14 15:43:46.768 W/MountService(  374): getVolumeState(/mnt/extrasd_bind): Unknown volume
07-14 15:43:46.768 W/MountService(  374): getVolumeState(/mnt/sdcard/ext_sd): Unknown volume
07-14 15:43:46.768 W/MountService(  374): getVolumeState(/storage/extSdCard): Unknown volume
07-14 15:43:46.768 W/MountService(  374): getVolumeState(/storage/sdcard1): Unknown volume
07-14 15:43:46.768 W/MountService(  374): getVolumeState(/mnt/sdcard/external_SD): Unknown volume
07-14 15:43:46.768 W/MountService(  374): getVolumeState(/mnt/sdcard/external_sd): Unknown volume
07-14 15:43:48.440 I/ActivityManager(  374): Process com.google.android.gallery3d (pid 19579) has died.
07-14 15:45:00.877 I/PowerManagerService(  374): Waking up from sleep...
07-14 15:45:00.940 I/WindowManager(  374): Lock screen displayed!
07-14 15:45:01.627 I/ActivityManager(  374): Start proc com.android.providers.calendar for content provider com.android.providers.calendar/.CalendarProvider2: pid=19742 uid=10007 gids={50007, 3003, 1015, 1028}
07-14 15:45:02.065 D/PhoneStatusBar(  450): disable: < expand icons alerts ticker system_info BACK HOME recent* CLOCK search >
07-14 15:45:02.401 D/PhoneStatusBar(  450): disable: < expand icons alerts ticker system_info back* home* recent clock* search >
07-14 15:45:02.494 W/InputMethodManagerService(  374): Window already focused, ignoring focus gain of: com.android.internal.view.IInputMethodClient$Stub$Proxy@42ed8f78 attribute=android.view.inputmethod.EditorInfo@42e26e68, token = android.os.BinderProxy@42efda30
07-14 15:45:03.541 I/ActivityManager(  374): Start proc com.google.android.calendar for broadcast com.google.android.calendar/com.android.calendar.alerts.AlertReceiver: pid=19787 uid=10006 gids={50006, 3003, 1028}
07-14 15:45:03.932 I/ActivityManager(  374): Process com.google.android.apps.uploader (pid 19604) has died.
07-14 15:45:06.252 W/ActivityManager(  374): Activity pause timeout for ActivityRecord{42bb6450 u0 com.qihoo.appstore/.activities.MainActivity}
07-14 15:45:06.268 W/InputMethodManagerService(  374): Starting input on non-focused client com.android.internal.view.IInputMethodClient$Stub$Proxy@431f23b8 (uid=10064 pid=19168)
07-14 15:45:06.354 W/ViewRootImpl(14510): Dropping event due to no window focus: KeyEvent { action=ACTION_DOWN, keyCode=KEYCODE_BACK, scanCode=0, metaState=0, flags=0x48, repeatCount=0, eventTime=14044714, downTime=14044714, deviceId=-1, source=0x101 }
07-14 15:45:07.682 W/InputMethodManagerService(  374): Starting input on non-focused client com.android.internal.view.IInputMethodClient$Stub$Proxy@431f23b8 (uid=10064 pid=19168)
07-14 15:45:08.205 I/ActivityManager(  374): Process com.google.android.apps.plus (pid 19641) has died.
07-14 15:45:21.174 I/ActivityManager(  374): START u0 {act=android.intent.action.DELETE dat=package:hjhk.hjhkPkg flg=0x10000000 cmp=com.android.packageinstaller/.UninstallerActivity} from pid 14510
07-14 15:45:21.487 I/ActivityManager(  374): Start proc com.android.packageinstaller for activity com.android.packageinstaller/.UninstallerActivity: pid=19837 uid=10045 gids={50045, 1028}
07-14 15:45:24.002 I/ActivityManager(  374): START u0 {act=android.intent.action.VIEW cmp=com.android.packageinstaller/.UninstallAppProgress (has extras)} from pid 19837
07-14 15:45:24.213 I/ActivityManager(  374): Force stopping package hjhk.hjhkPkg appid=10073 user=-1
07-14 15:45:24.221 W/PackageManager(  374): Couldn't delete native library directory /data/app-lib/hjhk.hjhkPkg
07-14 15:45:24.494 I/ActivityManager(  374): Force stopping package hjhk.hjhkPkg appid=10073 user=0
07-14 15:45:25.330 W/BackupManagerService(  374): dataChanged but no participant pkg='com.android.providers.settings' uid=10079
07-14 15:45:25.604 W/BackupManagerService(  374): dataChanged but no participant pkg='com.android.providers.settings' uid=10079
07-14 15:45:25.635 I/ActivityManager(  374): Start proc com.google.android.gallery3d for broadcast com.google.android.gallery3d/com.android.gallery3d.app.PackagesMonitor: pid=19866 uid=10019 gids={50019, 1006, 3003, 1015, 1028}
07-14 15:45:25.932 D/BackupManagerService(  374): Received broadcast Intent { act=android.intent.action.PACKAGE_REMOVED dat=package:hjhk.hjhkPkg flg=0x8000010 (has extras) }
07-14 15:45:25.932 V/BackupManagerService(  374): removePackageParticipantsLocked: uid=10073 #1
07-14 15:45:26.651 I/ActivityManager(  374): Start proc com.android.keychain for broadcast com.android.keychain/.KeyChainBroadcastReceiver: pid=19887 uid=1000 gids={41000, 1015, 1028, 3002, 3001, 3003, 3007}
07-14 15:45:26.690 D/CountryDetector(  374): No listener is left
07-14 15:45:26.705 I/ActivityManager(  374): Process com.android.mms (pid 19617) has died.
07-14 15:45:26.752 W/ContextImpl(19887): Calling a method in the system process without a qualified user: android.app.ContextImpl.startService:1385 android.content.ContextWrapper.startService:473 android.content.ContextWrapper.startService:473 com.android.keychain.KeyChainBroadcastReceiver.onReceive:12 android.app.ActivityThread.handleReceiver:2424 
07-14 15:45:26.885 I/ActivityManager(  374): Start proc com.android.musicfx for broadcast com.android.musicfx/.Compatibility$Receiver: pid=19901 uid=10042 gids={50042, 3003, 3002, 1028}
07-14 15:45:27.112 I/ActivityManager(  374): Start proc com.google.android.apps.plus for broadcast com.google.android.apps.plus/.service.PackagesMediaMonitor: pid=19915 uid=10048 gids={50048, 3003, 3002, 1015, 1006, 1028}
07-14 15:45:27.237 I/ActivityManager(  374): Process com.google.android.calendar (pid 19787) has died.
07-14 15:45:27.362 I/ActivityManager(  374): Process com.android.providers.calendar (pid 19742) has died.
07-14 15:45:29.362 I/ActivityManager(  374): Start proc com.google.android.gms for broadcast com.google.android.gms/.games.receiver.GamesSystemBroadcastReceiver: pid=19935 uid=10009 gids={50009, 3003, 1007, 1028, 1015, 1006, 2001, 3006}
07-14 15:45:29.463 I/ActivityManager(  374): Process com.android.defcontainer (pid 19715) has died.
07-14 15:45:29.627 I/ActivityManager(  374): Process com.android.packageinstaller (pid 19837) has died.
07-14 15:45:29.627 I/WindowState(  374): WIN DEATH: Window{42b80f68 u0 Toast EXITING}
07-14 15:45:29.760 I/ActivityManager(  374): Start proc com.google.android.googlequicksearchbox for broadcast com.google.android.googlequicksearchbox/com.google.android.apps.sidekick.GmmLocationProviderImpl$GmmPackageWatcher: pid=19961 uid=10056 gids={50056, 3003, 1028, 1007, 3002, 1015}
07-14 15:45:30.065 I/ActivityManager(  374): Start proc com.google.android.partnersetup for content provider com.google.android.partnersetup/.RlzAppProvider: pid=20018 uid=10027 gids={50027, 3003, 1028}
07-14 15:45:30.369 I/ActivityManager(  374): Process android.process.acore (pid 19663) has died.
07-14 15:45:30.573 I/ActivityManager(  374): Start proc com.noshufou.android.su for broadcast com.noshufou.android.su/.UninstallReceiver: pid=20060 uid=10077 gids={50077, 3003, 1015, 1028}
07-14 15:45:30.690 I/ActivityManager(  374): Start proc com.qihoo.root for broadcast com.qihoo.root/.UninstallReceiver: pid=20073 uid=10078 gids={50078, 1015, 3003, 1028}
07-14 15:45:30.862 I/ActivityManager(  374): Start proc com.google.android.gsf.login for service com.google.android.gms/.recovery.AccountRecoveryBackgroundService: pid=20089 uid=10009 gids={50009, 3003, 1007, 1028, 1015, 1006, 2001, 3006}
07-14 15:45:30.932 I/ActivityManager(  374): Process com.google.android.gallery3d (pid 19866) has died.
07-14 15:45:34.744 I/ActivityManager(  374): Start proc com.android.defcontainer for service com.android.defcontainer/.DefaultContainerService: pid=20108 uid=10012 gids={50012, 1015, 1023, 2001, 1028}
07-14 15:45:34.744 I/ActivityManager(  374): Process com.google.android.apps.plus (pid 19915) has died.
07-14 15:45:35.299 W/ActivityManager(  374): Unable to start service Intent { act=com.google.android.gms.analytics.service.START (has extras) } U=0: not found
07-14 15:45:40.299 W/ActivityManager(  374): Unable to start service Intent { act=com.google.android.gms.analytics.service.START (has extras) } U=0: not found
07-14 15:46:00.135 I/PowerManagerService(  374): Going to sleep due to screen timeout...
07-14 15:46:00.424 I/ActivityManager(  374): Process com.noshufou.android.su (pid 20060) has died.
07-14 15:46:06.073 I/ActivityManager(  374): Start proc com.google.android.deskclock for service com.google.android.deskclock/com.android.alarmclock.DigitalAppWidgetService: pid=20248 uid=10013 gids={50013, 1028}
07-14 15:46:06.174 I/ActivityManager(  374): Process com.qihoo.appstore (pid 19168) has died.
07-14 15:46:06.174 W/ActivityManager(  374): Scheduling restart of crashed service com.qihoo.appstore/.express.DownloadCoreService in 5000ms
07-14 15:46:06.307 D/PhoneStatusBar(  450): disable: < expand icons alerts ticker system_info back home RECENT* clock search >
07-14 15:46:06.502 D/PhoneStatusBar(  450): disable: < expand icons alerts ticker system_info BACK* HOME* RECENT CLOCK* search >
07-14 15:46:45.690 I/PowerManagerService(  374): Waking up from sleep...
07-14 15:46:45.791 I/WindowManager(  374): Lock screen displayed!
07-14 15:46:46.119 I/ActivityManager(  374): Start proc com.qihoo.appstore for service com.qihoo.appstore/.express.DownloadCoreService: pid=20297 uid=10064 gids={50064, 3003, 1015, 3002, 1006, 3001, 1028}
07-14 15:46:46.260 I/ActivityManager(  374): Start proc com.android.providers.calendar for content provider com.android.providers.calendar/.CalendarProvider2: pid=20311 uid=10007 gids={50007, 3003, 1015, 1028}
07-14 15:46:48.065 D/PhoneStatusBar(  450): disable: < expand icons alerts ticker system_info BACK HOME recent* CLOCK search >
07-14 15:46:48.151 D/PhoneStatusBar(  450): disable: < expand icons alerts ticker system_info back* home* recent clock* search >
