07-14 15:46:48.205 W/InputMethodManagerService(  374): Window already focused, ignoring focus gain of: com.android.internal.view.IInputMethodClient$Stub$Proxy@42aaed98 attribute=android.view.inputmethod.EditorInfo@4281d118, token = android.os.BinderProxy@431b3550
07-14 15:46:48.338 I/ActivityManager(  374): Start proc com.google.android.calendar for broadcast com.google.android.calendar/com.android.calendar.alerts.AlertReceiver: pid=20362 uid=10006 gids={50006, 3003, 1028}
07-14 15:46:56.119 I/ActivityManager(  374): START u0 {act=android.intent.action.VIEW dat=market://search?q=pname:hjhk.hjhkPkg cmp=android/com.android.internal.app.ResolverActivity} from pid 14510
07-14 15:46:56.174 I/ActivityManager(  374): Start proc system:ui for activity android/com.android.internal.app.ResolverActivity: pid=20411 uid=1000 gids={41000, 1015, 1028, 3002, 3001, 3003, 3007}
07-14 15:47:27.276 I/PowerManagerService(  374): Going to sleep due to screen timeout...
07-14 15:47:27.283 I/PowerManagerService(  374): Waking up from sleep...
07-14 15:47:27.901 I/WindowManager(  374): No lock screen!
07-14 15:47:57.283 I/PowerManagerService(  374): Going to sleep due to screen timeout...
07-14 15:47:57.299 I/PowerManagerService(  374): Waking up from sleep...
07-14 15:47:57.658 I/WindowManager(  374): No lock screen!
--------- beginning of /dev/log/main
07-14 15:48:25.158 D/dalvikvm(20397): GC_CONCURRENT freed 399K, 93% free 618K/8192K, paused 0ms+1ms, total 8ms
07-14 15:48:25.205 D/dalvikvm(20411): GC_CONCURRENT freed 396K, 6% free 9198K/9712K, paused 2ms+2ms, total 37ms
07-14 15:48:25.291 D/dalvikvm(20397): GC_CONCURRENT freed 399K, 93% free 618K/8192K, paused 1ms+1ms, total 9ms
07-14 15:48:25.408 D/dalvikvm(20397): GC_CONCURRENT freed 399K, 93% free 618K/8192K, paused 0ms+1ms, total 7ms
07-14 15:48:25.518 D/dalvikvm(20397): GC_CONCURRENT freed 399K, 93% free 618K/8192K, paused 0ms+1ms, total 7ms
07-14 15:48:25.627 D/dalvikvm(20397): GC_CONCURRENT freed 399K, 93% free 618K/8192K, paused 0ms+1ms, total 7ms
07-14 15:48:25.744 D/dalvikvm(20397): GC_CONCURRENT freed 399K, 93% free 618K/8192K, paused 0ms+1ms, total 8ms
07-14 15:48:25.854 D/dalvikvm(20397): GC_CONCURRENT freed 399K, 93% free 618K/8192K, paused 0ms+1ms, total 8ms
07-14 15:48:25.893 D/dalvikvm(20411): GC_CONCURRENT freed 393K, 6% free 9198K/9712K, paused 3ms+6ms, total 37ms
07-14 15:48:25.987 D/dalvikvm(20397): GC_CONCURRENT freed 399K, 93% free 618K/8192K, paused 0ms+1ms, total 7ms
07-14 15:48:26.096 D/dalvikvm(20397): GC_CONCURRENT freed 399K, 93% free 618K/8192K, paused 0ms+1ms, total 7ms
07-14 15:48:26.205 D/dalvikvm(20397): GC_CONCURRENT freed 399K, 93% free 618K/8192K, paused 0ms+1ms, total 7ms
07-14 15:48:26.323 D/dalvikvm(20397): GC_CONCURRENT freed 399K, 93% free 618K/8192K, paused 1ms+0ms, total 8ms
07-14 15:48:26.432 D/dalvikvm(20397): GC_CONCURRENT freed 399K, 93% free 618K/8192K, paused 0ms+1ms, total 8ms
07-14 15:48:26.549 D/dalvikvm(20397): GC_CONCURRENT freed 399K, 93% free 618K/8192K, paused 1ms+1ms, total 7ms
07-14 15:48:26.565 D/dalvikvm(20411): GC_CONCURRENT freed 394K, 6% free 9200K/9712K, paused 3ms+3ms, total 38ms
07-14 15:48:26.666 D/dalvikvm(20397): GC_CONCURRENT freed 411K, 93% free 606K/8192K, paused 1ms+1ms, total 8ms
07-14 15:48:26.791 D/dalvikvm(20397): GC_CONCURRENT freed 398K, 93% free 607K/8192K, paused 0ms+1ms, total 8ms
07-14 15:48:26.908 D/dalvikvm(20397): GC_CONCURRENT freed 399K, 93% free 607K/8192K, paused 0ms+1ms, total 8ms
07-14 15:48:27.026 D/dalvikvm(20397): GC_CONCURRENT freed 388K, 93% free 618K/8192K, paused 0ms+1ms, total 7ms
07-14 15:48:27.135 D/dalvikvm(20397): GC_CONCURRENT freed 411K, 93% free 606K/8192K, paused 1ms+1ms, total 7ms
07-14 15:48:27.268 D/dalvikvm(20397): GC_CONCURRENT freed 387K, 93% free 618K/8192K, paused 0ms+1ms, total 8ms
07-14 15:48:27.283 D/dalvikvm(20411): GC_CONCURRENT freed 392K, 6% free 9203K/9712K, paused 3ms+8ms, total 35ms
07-14 15:48:27.299 I/PowerManagerService(  374): Going to sleep due to screen timeout...
07-14 15:48:27.299 I/PowerManagerService(  374): Waking up from sleep...
07-14 15:48:27.432 D/dalvikvm(  374): GC_FOR_ALLOC freed 2239K, 28% free 21121K/29200K, paused 103ms, total 103ms
07-14 15:48:27.549 D/NfcService(  582): NFC-C OFF, disconnect
07-14 15:48:27.682 D/MDM :   (14510): [null:-1]->query
07-14 15:48:27.682 D/MDM :   (14510): [null:-1]->QUERY_SETTING_PIN_ONOFF
07-14 15:48:27.705 D/YouTube MDX(17593): Recieved intent android.intent.action.SCREEN_OFF
07-14 15:48:27.721 I/WindowManager(  374): No lock screen!
07-14 15:48:27.729 D/MdmApplication(14510): [null:-1]->onActivityStarted market.activity.AppListActivity , mActivityCount = 9
07-14 15:48:27.729 D/MDM :   (14510): [null:-1]->query
07-14 15:48:27.729 D/MDM :   (14510): [null:-1]->QUERY_PINCODE_CHECK_RESULT
07-14 15:48:27.924 D/LightsService(  374): Excessive delay setting light: 67ms
07-14 15:48:28.096 D/YouTube MDX(17593): Recieved intent android.intent.action.SCREEN_ON
07-14 15:48:28.158 V/DigitalWidgetViewsFactory(20248): DigitalWidget sets next alarm string to null
07-14 15:48:28.166 D/dalvikvm(  636): GC_FOR_ALLOC freed 1044K, 11% free 12670K/14120K, paused 152ms, total 198ms
07-14 15:48:28.229 D/LightsService(  374): Excessive delay setting light: 102ms
07-14 15:48:28.346 D/LightsService(  374): Excessive delay setting light: 98ms
07-14 15:48:28.408 D/AndroidRuntime(20478): 
07-14 15:48:28.408 D/AndroidRuntime(20478): >>>>>> AndroidRuntime START com.android.internal.os.RuntimeInit <<<<<<
07-14 15:48:28.408 D/AndroidRuntime(20478): CheckJNI is OFF
07-14 15:48:28.424 D/dalvikvm(20478): Trying to load lib libjavacore.so 0x0
07-14 15:48:28.432 D/dalvikvm(20478): Added shared lib libjavacore.so 0x0
07-14 15:48:28.448 D/dalvikvm(20478): Trying to load lib libnativehelper.so 0x0
07-14 15:48:28.448 D/dalvikvm(20478): Added shared lib libnativehelper.so 0x0
07-14 15:48:28.533 D/dalvikvm(20397): GC_CONCURRENT freed 378K, 93% free 623K/8192K, paused 1ms+1ms, total 9ms
07-14 15:48:28.674 D/NfcService(  582): NFC-C ON
07-14 15:48:28.674 D/dalvikvm(20397): GC_CONCURRENT freed 399K, 93% free 607K/8192K, paused 2ms+0ms, total 9ms
07-14 15:48:28.705 D/AndroidRuntime(20478): Calling main entry com.qihoo360.powerctl.root.app.App
07-14 15:48:28.713 D/AndroidRuntime(20478): Shutting down VM
07-14 15:48:28.713 D/dalvikvm(20478): GC_CONCURRENT freed 114K, 22% free 467K/592K, paused 1ms+0ms, total 4ms
07-14 15:48:28.713 I/AndroidRuntime(20478): NOTE: attach of thread 'Binder_1' failed
07-14 15:48:28.807 D/dalvikvm(20397): GC_CONCURRENT freed 388K, 93% free 618K/8192K, paused 1ms+1ms, total 8ms
07-14 15:48:28.924 D/dalvikvm(20411): GC_CONCURRENT freed 399K, 6% free 9204K/9712K, paused 2ms+2ms, total 43ms
07-14 15:48:28.948 D/dalvikvm(20397): GC_CONCURRENT freed 399K, 93% free 617K/8192K, paused 1ms+1ms, total 8ms
07-14 15:48:29.573 D/dalvikvm(20397): GC_CONCURRENT freed 403K, 93% free 619K/8192K, paused 1ms+1ms, total 8ms
07-14 15:48:29.682 D/dalvikvm(20397): GC_CONCURRENT freed 399K, 93% free 618K/8192K, paused 1ms+1ms, total 8ms
07-14 15:48:29.791 D/dalvikvm(20397): GC_CONCURRENT freed 399K, 93% free 618K/8192K, paused 0ms+1ms, total 7ms
07-14 15:48:29.908 D/dalvikvm(20397): GC_CONCURRENT freed 399K, 93% free 618K/8192K, paused 0ms+1ms, total 7ms
07-14 15:48:30.018 D/dalvikvm(20397): GC_CONCURRENT freed 399K, 93% free 618K/8192K, paused 0ms+1ms, total 7ms
07-14 15:48:30.135 D/dalvikvm(20411): GC_CONCURRENT freed 405K, 6% free 9197K/9712K, paused 3ms+2ms, total 41ms
07-14 15:48:30.151 D/dalvikvm(20397): GC_CONCURRENT freed 399K, 93% free 618K/8192K, paused 1ms+1ms, total 8ms
07-14 15:48:30.268 D/dalvikvm(20397): GC_CONCURRENT freed 399K, 93% free 618K/8192K, paused 0ms+1ms, total 7ms
07-14 15:48:30.377 D/dalvikvm(20397): GC_CONCURRENT freed 399K, 93% free 618K/8192K, paused 0ms+1ms, total 7ms
07-14 15:48:30.487 D/dalvikvm(20397): GC_CONCURRENT freed 399K, 93% free 618K/8192K, paused 0ms+1ms, total 7ms
07-14 15:48:30.604 D/dalvikvm(20397): GC_CONCURRENT freed 397K, 93% free 620K/8192K, paused 1ms+1ms, total 9ms
07-14 15:48:30.721 D/dalvikvm(20397): GC_CONCURRENT freed 400K, 93% free 618K/8192K, paused 1ms+1ms, total 8ms
07-14 15:48:30.823 D/dalvikvm(20411): GC_CONCURRENT freed 392K, 6% free 9199K/9712K, paused 2ms+3ms, total 28ms
07-14 15:48:30.854 D/dalvikvm(20397): GC_CONCURRENT freed 398K, 93% free 620K/8192K, paused 1ms+1ms, total 9ms
07-14 15:48:30.971 D/dalvikvm(20397): GC_CONCURRENT freed 409K, 93% free 607K/8192K, paused 0ms+1ms, total 7ms
07-14 15:48:31.088 D/dalvikvm(20397): GC_CONCURRENT freed 399K, 93% free 607K/8192K, paused 1ms+1ms, total 8ms
07-14 15:48:31.205 D/dalvikvm(20397): GC_CONCURRENT freed 390K, 93% free 618K/8192K, paused 1ms+1ms, total 8ms
07-14 15:48:31.323 D/dalvikvm(20397): GC_CONCURRENT freed 399K, 93% free 618K/8192K, paused 1ms+1ms, total 8ms
07-14 15:48:31.432 D/dalvikvm(20397): GC_CONCURRENT freed 399K, 93% free 618K/8192K, paused 0ms+1ms, total 7ms
07-14 15:48:31.533 D/dalvikvm(20411): GC_CONCURRENT freed 400K, 6% free 9198K/9712K, paused 3ms+2ms, total 28ms
07-14 15:48:31.557 D/dalvikvm(20397): GC_CONCURRENT freed 399K, 93% free 618K/8192K, paused 1ms+1ms, total 8ms
07-14 15:48:31.674 D/dalvikvm(20397): GC_CONCURRENT freed 399K, 93% free 618K/8192K, paused 0ms+1ms, total 7ms
07-14 15:48:31.783 D/dalvikvm(20397): GC_CONCURRENT freed 399K, 93% free 618K/8192K, paused 1ms+1ms, total 8ms
07-14 15:48:31.901 D/dalvikvm(20397): GC_CONCURRENT freed 397K, 93% free 620K/8192K, paused 2ms+1ms, total 9ms
07-14 15:48:32.018 D/dalvikvm(20397): GC_CONCURRENT freed 400K, 93% free 618K/8192K, paused 1ms+1ms, total 8ms
07-14 15:48:32.127 D/dalvikvm(20397): GC_CONCURRENT freed 399K, 93% free 618K/8192K, paused 0ms+1ms, total 7ms
07-14 15:48:32.213 D/dalvikvm(20411): GC_CONCURRENT freed 390K, 6% free 9200K/9712K, paused 3ms+3ms, total 27ms
07-14 15:48:32.252 D/dalvikvm(20397): GC_CONCURRENT freed 399K, 93% free 618K/8192K, paused 0ms+1ms, total 7ms
07-14 15:48:32.369 D/dalvikvm(20397): GC_CONCURRENT freed 399K, 93% free 618K/8192K, paused 1ms+1ms, total 8ms
07-14 15:48:32.479 D/dalvikvm(20397): GC_CONCURRENT freed 399K, 93% free 618K/8192K, paused 0ms+1ms, total 7ms
07-14 15:48:32.596 D/dalvikvm(20397): GC_CONCURRENT freed 399K, 93% free 618K/8192K, paused 0ms+1ms, total 7ms
07-14 15:48:32.705 D/dalvikvm(20397): GC_CONCURRENT freed 399K, 93% free 618K/8192K, paused 0ms+1ms, total 7ms
07-14 15:48:32.823 D/dalvikvm(20397): GC_CONCURRENT freed 399K, 93% free 618K/8192K, paused 0ms+1ms, total 7ms
07-14 15:48:32.893 D/dalvikvm(20411): GC_CONCURRENT freed 397K, 6% free 9199K/9712K, paused 2ms+3ms, total 26ms
07-14 15:48:32.940 D/dalvikvm(20397): GC_CONCURRENT freed 399K, 93% free 618K/8192K, paused 1ms+1ms, total 8ms
07-14 15:48:33.057 D/dalvikvm(20397): GC_CONCURRENT freed 399K, 93% free 618K/8192K, paused 0ms+1ms, total 7ms
07-14 15:48:33.174 D/dalvikvm(20397): GC_CONCURRENT freed 399K, 93% free 618K/8192K, paused 0ms+1ms, total 7ms
07-14 15:48:33.283 D/dalvikvm(20397): GC_CONCURRENT freed 399K, 93% free 618K/8192K, paused 0ms+1ms, total 7ms
07-14 15:48:33.401 D/dalvikvm(20397): GC_CONCURRENT freed 399K, 93% free 618K/8192K, paused 1ms+1ms, total 8ms
07-14 15:48:33.510 D/dalvikvm(20397): GC_CONCURRENT freed 399K, 93% free 618K/8192K, paused 1ms+1ms, total 8ms
07-14 15:48:33.580 D/dalvikvm(20411): GC_CONCURRENT freed 396K, 6% free 9198K/9712K, paused 2ms+2ms, total 24ms
07-14 15:48:33.627 D/dalvikvm(20397): GC_CONCURRENT freed 399K, 93% free 618K/8192K, paused 0ms+1ms, total 7ms
07-14 15:48:33.744 D/dalvikvm(20397): GC_CONCURRENT freed 399K, 93% free 618K/8192K, paused 0ms+1ms, total 8ms
07-14 15:48:33.854 D/dalvikvm(20397): GC_CONCURRENT freed 399K, 93% free 618K/8192K, paused 0ms+1ms, total 7ms
07-14 15:48:33.971 D/dalvikvm(20397): GC_CONCURRENT freed 399K, 93% free 618K/8192K, paused 0ms+1ms, total 7ms
07-14 15:48:34.080 D/dalvikvm(20397): GC_CONCURRENT freed 399K, 93% free 618K/8192K, paused 1ms+1ms, total 8ms
07-14 15:48:34.190 D/dalvikvm(20397): GC_CONCURRENT freed 399K, 93% free 618K/8192K, paused 1ms+1ms, total 8ms
07-14 15:48:34.260 D/dalvikvm(20411): GC_CONCURRENT freed 400K, 6% free 9198K/9712K, paused 2ms+5ms, total 27ms
07-14 15:48:34.315 D/dalvikvm(20397): GC_CONCURRENT freed 399K, 93% free 618K/8192K, paused 0ms+1ms, total 7ms
07-14 15:48:34.424 D/dalvikvm(20397): GC_CONCURRENT freed 399K, 93% free 618K/8192K, paused 0ms+1ms, total 7ms
07-14 15:48:34.533 D/dalvikvm(20397): GC_CONCURRENT freed 399K, 93% free 618K/8192K, paused 0ms+1ms, total 7ms
07-14 15:48:34.651 D/dalvikvm(20397): GC_CONCURRENT freed 399K, 93% free 618K/8192K, paused 1ms+1ms, total 7ms
07-14 15:48:34.760 D/dalvikvm(20397): GC_CONCURRENT freed 399K, 93% free 618K/8192K, paused 1ms+1ms, total 8ms
07-14 15:48:34.877 D/dalvikvm(20397): GC_CONCURRENT freed 399K, 93% free 618K/8192K, paused 1ms+1ms, total 8ms
07-14 15:48:34.940 D/dalvikvm(20411): GC_CONCURRENT freed 391K, 6% free 9199K/9712K, paused 2ms+3ms, total 30ms
07-14 15:48:35.002 D/dalvikvm(20397): GC_CONCURRENT freed 399K, 93% free 618K/8192K, paused 0ms+1ms, total 7ms
07-14 15:48:35.112 D/dalvikvm(20397): GC_CONCURRENT freed 399K, 93% free 618K/8192K, paused 1ms+1ms, total 8ms
07-14 15:48:35.229 D/dalvikvm(20397): GC_CONCURRENT freed 399K, 93% free 618K/8192K, paused 0ms+1ms, total 7ms
07-14 15:48:35.338 D/dalvikvm(20397): GC_CONCURRENT freed 399K, 93% free 618K/8192K, paused 1ms+1ms, total 7ms
07-14 15:48:35.455 D/dalvikvm(20397): GC_CONCURRENT freed 399K, 93% free 618K/8192K, paused 1ms+1ms, total 7ms
07-14 15:48:35.565 D/dalvikvm(20397): GC_CONCURRENT freed 399K, 93% free 618K/8192K, paused 0ms+1ms, total 7ms
07-14 15:48:35.619 D/dalvikvm(20411): GC_CONCURRENT freed 399K, 6% free 9199K/9712K, paused 2ms+2ms, total 26ms
07-14 15:48:35.682 D/dalvikvm(20397): GC_CONCURRENT freed 399K, 93% free 618K/8192K, paused 1ms+1ms, total 8ms
07-14 15:48:35.799 D/dalvikvm(20397): GC_CONCURRENT freed 399K, 93% free 618K/8192K, paused 0ms+1ms, total 8ms
07-14 15:48:35.908 D/dalvikvm(20397): GC_CONCURRENT freed 399K, 93% free 618K/8192K, paused 0ms+1ms, total 7ms
07-14 15:48:36.026 D/dalvikvm(20397): GC_CONCURRENT freed 399K, 93% free 618K/8192K, paused 0ms+1ms, total 7ms
07-14 15:48:36.135 D/dalvikvm(20397): GC_CONCURRENT freed 399K, 93% free 618K/8192K, paused 1ms+1ms, total 8ms
07-14 15:48:36.252 D/dalvikvm(20397): GC_CONCURRENT freed 397K, 93% free 620K/8192K, paused 1ms+1ms, total 8ms
07-14 15:48:36.307 D/dalvikvm(20411): GC_CONCURRENT freed 399K, 6% free 9199K/9712K, paused 3ms+2ms, total 27ms
07-14 15:48:36.369 D/dalvikvm(20397): GC_CONCURRENT freed 400K, 93% free 618K/8192K, paused 0ms+1ms, total 7ms
07-14 15:48:36.479 D/dalvikvm(20397): GC_CONCURRENT freed 399K, 93% free 618K/8192K, paused 1ms+1ms, total 8ms
07-14 15:48:36.596 D/dalvikvm(20397): GC_CONCURRENT freed 399K, 93% free 618K/8192K, paused 0ms+1ms, total 7ms
07-14 15:48:36.705 D/dalvikvm(20397): GC_CONCURRENT freed 399K, 93% free 618K/8192K, paused 0ms+1ms, total 7ms
07-14 15:48:36.830 D/dalvikvm(20397): GC_CONCURRENT freed 399K, 93% free 618K/8192K, paused 0ms+1ms, total 7ms
07-14 15:48:36.948 D/dalvikvm(20397): GC_CONCURRENT freed 399K, 93% free 618K/8192K, paused 1ms+1ms, total 7ms
07-14 15:48:37.018 D/dalvikvm(20411): GC_CONCURRENT freed 401K, 6% free 9197K/9712K, paused 3ms+2ms, total 41ms
07-14 15:48:37.080 D/dalvikvm(20397): GC_CONCURRENT freed 399K, 93% free 618K/8192K, paused 1ms+1ms, total 7ms
07-14 15:48:37.198 D/dalvikvm(20397): GC_CONCURRENT freed 399K, 93% free 618K/8192K, paused 0ms+1ms, total 7ms
07-14 15:48:37.307 D/dalvikvm(20397): GC_CONCURRENT freed 399K, 93% free 618K/8192K, paused 1ms+1ms, total 8ms
07-14 15:48:37.416 D/dalvikvm(20397): GC_CONCURRENT freed 399K, 93% free 618K/8192K, paused 1ms+1ms, total 7ms
07-14 15:48:37.526 D/dalvikvm(20397): GC_CONCURRENT freed 399K, 93% free 618K/8192K, paused 1ms+1ms, total 8ms
07-14 15:48:37.643 D/dalvikvm(20397): GC_CONCURRENT freed 399K, 93% free 618K/8192K, paused 0ms+1ms, total 7ms
07-14 15:48:37.698 D/dalvikvm(20411): GC_CONCURRENT freed 391K, 6% free 9199K/9712K, paused 3ms+3ms, total 32ms
07-14 15:48:37.768 D/dalvikvm(20397): GC_CONCURRENT freed 399K, 93% free 618K/8192K, paused 0ms+1ms, total 7ms
07-14 15:48:37.877 D/dalvikvm(20397): GC_CONCURRENT freed 399K, 93% free 618K/8192K, paused 1ms+1ms, total 8ms
07-14 15:48:37.994 D/dalvikvm(20397): GC_CONCURRENT freed 399K, 93% free 618K/8192K, paused 1ms+1ms, total 7ms
07-14 15:48:38.104 D/dalvikvm(20397): GC_CONCURRENT freed 399K, 93% free 618K/8192K, paused 1ms+1ms, total 8ms
07-14 15:48:38.221 D/dalvikvm(20397): GC_CONCURRENT freed 399K, 93% free 618K/8192K, paused 1ms+2ms, total 8ms
07-14 15:48:38.338 D/dalvikvm(20397): GC_CONCURRENT freed 398K, 93% free 620K/8192K, paused 2ms+1ms, total 10ms
07-14 15:48:38.393 D/dalvikvm(20411): GC_CONCURRENT freed 395K, 6% free 9200K/9712K, paused 3ms+3ms, total 32ms
07-14 15:48:38.471 D/dalvikvm(20397): GC_CONCURRENT freed 400K, 93% free 618K/8192K, paused 1ms+1ms, total 8ms
07-14 15:48:38.588 D/dalvikvm(20397): GC_CONCURRENT freed 398K, 93% free 617K/8192K, paused 2ms+1ms, total 9ms
07-14 15:48:38.705 D/dalvikvm(20397): GC_CONCURRENT freed 379K, 93% free 621K/8192K, paused 1ms+1ms, total 8ms
07-14 15:48:38.830 D/dalvikvm(20397): GC_CONCURRENT freed 421K, 93% free 617K/8192K, paused 1ms+1ms, total 8ms
07-14 15:48:38.948 D/dalvikvm(20397): GC_CONCURRENT freed 398K, 93% free 618K/8192K, paused 1ms+1ms, total 8ms
07-14 15:48:39.065 D/dalvikvm(20397): GC_CONCURRENT freed 399K, 93% free 618K/8192K, paused 0ms+1ms, total 7ms
07-14 15:48:39.112 D/dalvikvm(20411): GC_CONCURRENT freed 397K, 6% free 9198K/9712K, paused 3ms+3ms, total 40ms
07-14 15:48:39.198 D/dalvikvm(20397): GC_CONCURRENT freed 400K, 93% free 617K/8192K, paused 2ms+1ms, total 8ms
07-14 15:48:39.315 D/dalvikvm(20397): GC_CONCURRENT freed 398K, 93% free 618K/8192K, paused 0ms+1ms, total 7ms
07-14 15:48:39.432 D/dalvikvm(20397): GC_CONCURRENT freed 399K, 93% free 618K/8192K, paused 0ms+1ms, total 7ms
07-14 15:48:39.541 D/dalvikvm(20397): GC_CONCURRENT freed 399K, 93% free 618K/8192K, paused 1ms+1ms, total 8ms
07-14 15:48:39.651 D/dalvikvm(20397): GC_CONCURRENT freed 399K, 93% free 618K/8192K, paused 0ms+1ms, total 7ms
07-14 15:48:39.768 D/dalvikvm(20397): GC_CONCURRENT freed 399K, 93% free 618K/8192K, paused 0ms+1ms, total 7ms
07-14 15:48:39.799 D/dalvikvm(20411): GC_CONCURRENT freed 391K, 6% free 9199K/9712K, paused 2ms+2ms, total 33ms
07-14 15:48:39.901 D/dalvikvm(20397): GC_CONCURRENT freed 388K, 93% free 630K/8192K, paused 2ms+1ms, total 10ms
07-14 15:48:40.018 D/dalvikvm(20397): GC_CONCURRENT freed 410K, 93% free 618K/8192K, paused 0ms+1ms, total 8ms
07-14 15:48:40.135 D/dalvikvm(20397): GC_CONCURRENT freed 399K, 93% free 618K/8192K, paused 0ms+1ms, total 7ms
07-14 15:48:40.252 D/dalvikvm(20397): GC_CONCURRENT freed 399K, 93% free 618K/8192K, paused 1ms+1ms, total 8ms
07-14 15:48:40.362 D/dalvikvm(20397): GC_CONCURRENT freed 399K, 93% free 618K/8192K, paused 0ms+1ms, total 7ms
07-14 15:48:40.479 D/dalvikvm(20397): GC_CONCURRENT freed 399K, 93% free 618K/8192K, paused 1ms+1ms, total 8ms
07-14 15:48:40.510 D/dalvikvm(20411): GC_CONCURRENT freed 401K, 6% free 9198K/9712K, paused 3ms+5ms, total 30ms
07-14 15:48:40.604 D/dalvikvm(20397): GC_CONCURRENT freed 399K, 93% free 618K/8192K, paused 0ms+1ms, total 7ms
07-14 15:48:40.721 D/dalvikvm(20397): GC_CONCURRENT freed 399K, 93% free 618K/8192K, paused 0ms+1ms, total 7ms
07-14 15:48:40.846 D/dalvikvm(20397): GC_CONCURRENT freed 399K, 93% free 618K/8192K, paused 1ms+1ms, total 8ms
07-14 15:48:40.963 D/dalvikvm(20397): GC_CONCURRENT freed 399K, 93% free 618K/8192K, paused 1ms+1ms, total 8ms
07-14 15:48:41.080 D/dalvikvm(20397): GC_CONCURRENT freed 399K, 93% free 618K/8192K, paused 1ms+1ms, total 8ms
07-14 15:48:41.205 D/dalvikvm(20397): GC_CONCURRENT freed 399K, 93% free 618K/8192K, paused 0ms+1ms, total 7ms
07-14 15:48:41.237 D/dalvikvm(20411): GC_CONCURRENT freed 391K, 6% free 9205K/9712K, paused 3ms+4ms, total 50ms
07-14 15:48:41.330 D/dalvikvm(20397): GC_CONCURRENT freed 400K, 93% free 617K/8192K, paused 2ms+1ms, total 9ms
07-14 15:48:41.448 D/dalvikvm(20397): GC_CONCURRENT freed 397K, 93% free 620K/8192K, paused 2ms+1ms, total 10ms
07-14 15:48:41.502 I/ActivityManager(  374): No longer want com.nd.assistance.ServerService (pid 18020): empty for 1804s
07-14 15:48:41.510 W/ActivityManager(  374): Scheduling restart of crashed service com.nd.assistance/.server.ServerService in 5000ms
07-14 15:48:41.573 D/dalvikvm(20397): GC_CONCURRENT freed 409K, 93% free 607K/8192K, paused 0ms+1ms, total 7ms
07-14 15:48:41.713 D/dalvikvm(20397): GC_CONCURRENT freed 389K, 93% free 620K/8192K, paused 2ms+1ms, total 16ms
07-14 15:48:41.846 D/dalvikvm(20397): GC_CONCURRENT freed 399K, 93% free 617K/8192K, paused 2ms+1ms, total 9ms
07-14 15:48:42.002 D/dalvikvm(20397): GC_CONCURRENT freed 399K, 93% free 617K/8192K, paused 1ms+1ms, total 17ms
07-14 15:48:42.010 D/dalvikvm(20411): GC_CONCURRENT freed 393K, 6% free 9198K/9712K, paused 3ms+2ms, total 38ms
07-14 15:48:42.026 D/AndroidRuntime(20496): 
07-14 15:48:42.026 D/AndroidRuntime(20496): >>>>>> AndroidRuntime START com.android.internal.os.RuntimeInit <<<<<<
07-14 15:48:42.026 D/AndroidRuntime(20496): CheckJNI is OFF
07-14 15:48:42.041 D/dalvikvm(20496): Trying to load lib libjavacore.so 0x0
07-14 15:48:42.049 D/dalvikvm(20496): Added shared lib libjavacore.so 0x0
07-14 15:48:42.065 D/dalvikvm(20496): Trying to load lib libnativehelper.so 0x0
07-14 15:48:42.065 D/dalvikvm(20496): Added shared lib libnativehelper.so 0x0
07-14 15:48:42.135 D/dalvikvm(20397): GC_CONCURRENT freed 399K, 93% free 617K/8192K, paused 2ms+1ms, total 9ms
07-14 15:48:42.260 D/dalvikvm(20397): GC_CONCURRENT freed 399K, 93% free 617K/8192K, paused 1ms+1ms, total 9ms
07-14 15:48:42.323 D/AndroidRuntime(20496): Calling main entry com.android.commands.am.Am
07-14 15:48:42.330 D/dalvikvm(20496): Note: class Landroid/app/ActivityManagerNative; has 163 unimplemented (abstract) methods
07-14 15:48:42.354 I/ActivityManager(  374): Start proc com.nd.assistance for broadcast com.nd.assistance/.controller.DaemonController: pid=20507 uid=10065 gids={50065, 3003, 1015, 1006, 1028}
07-14 15:48:42.362 D/dalvikvm(20507): Late-enabling CheckJNI
07-14 15:48:42.385 I/dalvikvm(20507): Turning on JNI app bug workarounds for target SDK version 3...
07-14 15:48:42.401 D/dalvikvm(20397): GC_CONCURRENT freed 400K, 93% free 618K/8192K, paused 2ms+1ms, total 10ms
07-14 15:48:42.448 E/LogCenter(20507): logger_impl_ init
07-14 15:48:42.463 D/dalvikvm(20520): Late-enabling CheckJNI
07-14 15:48:42.471 I/ActivityManager(  374): Start proc com.nd.assistance.ServerService for service com.nd.assistance/.server.ServerService: pid=20520 uid=10065 gids={50065, 3003, 1015, 1006, 1028}
07-14 15:48:42.479 D/AndroidRuntime(20496): Shutting down VM
07-14 15:48:42.479 I/ActivityManager(  374): No longer want com.google.android.youtube (pid 17593): empty #17
07-14 15:48:42.487 D/dalvikvm(20496): GC_CONCURRENT freed 92K, 16% free 512K/608K, paused 0ms+0ms, total 4ms
07-14 15:48:42.494 I/dalvikvm(20520): Turning on JNI app bug workarounds for target SDK version 3...
07-14 15:48:42.541 E/LogCenter(20520): logger_impl_ init
07-14 15:48:42.541 D/com.nd.assistance.server.ServerService(20520): ServerService onCreate()
07-14 15:48:42.549 D/dalvikvm(20397): GC_CONCURRENT freed 398K, 93% free 620K/8192K, paused 2ms+2ms, total 10ms
07-14 15:48:42.557 D/com.nd.assistance.server.ServerService(20520): ServerService onStart()
07-14 15:48:42.557 D/com.nd.assistance.server.ServerService(20520): mIsStarting is false, set mIsStarting = true
07-14 15:48:42.557 D/com.nd.assistance.server.ServerService(20520): startDaemonServer(false)
07-14 15:48:42.565 D/com.nd.assistance.server.ServerService(20520): mDaemonServer == null
07-14 15:48:42.588 E/daemon.k.a(20520): acquireWifiLock()
07-14 15:48:42.596 D/daemon.h.b.b(20520): set mIsStarting = false
07-14 15:48:42.596 D/com.nd.assistance.server.ServerService(20520): ServerService onStart used time: 45
07-14 15:48:42.604 D/com.nd.assistance.server.ServerService(20520): start nio server
07-14 15:48:42.635 D/daemon.h.b.c(20520): SelectReactor run()
07-14 15:48:42.698 D/dalvikvm(20397): GC_CONCURRENT freed 409K, 93% free 609K/8192K, paused 0ms+1ms, total 17ms
07-14 15:48:42.846 D/dalvikvm(20411): GC_CONCURRENT freed 399K, 6% free 9198K/9712K, paused 2ms+6ms, total 48ms
07-14 15:48:42.854 D/dalvikvm(20397): GC_CONCURRENT freed 399K, 93% free 609K/8192K, paused 1ms+1ms, total 9ms
07-14 15:48:42.979 D/dalvikvm(20397): GC_CONCURRENT freed 388K, 93% free 617K/8192K, paused 2ms+0ms, total 9ms
07-14 15:48:43.096 D/dalvikvm(20397): GC_CONCURRENT freed 409K, 93% free 607K/8192K, paused 0ms+1ms, total 7ms
07-14 15:48:43.213 D/dalvikvm(20397): GC_CONCURRENT freed 399K, 93% free 607K/8192K, paused 1ms+1ms, total 7ms
07-14 15:48:43.338 D/dalvikvm(20397): GC_CONCURRENT freed 399K, 93% free 609K/8192K, paused 0ms+1ms, total 8ms
07-14 15:48:43.416 E/daemon.c.c(20520): start heartbeat server.
07-14 15:48:43.455 D/dalvikvm(20397): GC_CONCURRENT freed 399K, 93% free 607K/8192K, paused 0ms+1ms, total 8ms
07-14 15:48:43.479 D/dalvikvm(20520): GC_CONCURRENT freed 229K, 3% free 9096K/9360K, paused 17ms+3ms, total 52ms
07-14 15:48:43.573 D/dalvikvm(20411): GC_CONCURRENT freed 393K, 6% free 9200K/9712K, paused 3ms+3ms, total 28ms
07-14 15:48:43.588 D/dalvikvm(20397): GC_CONCURRENT freed 401K, 93% free 607K/8192K, paused 1ms+1ms, total 8ms
07-14 15:48:43.705 D/dalvikvm(20397): GC_CONCURRENT freed 388K, 93% free 618K/8192K, paused 0ms+1ms, total 7ms
07-14 15:48:43.815 D/dalvikvm(20397): GC_CONCURRENT freed 399K, 93% free 618K/8192K, paused 1ms+1ms, total 8ms
07-14 15:48:43.932 D/dalvikvm(20397): GC_CONCURRENT freed 399K, 93% free 618K/8192K, paused 1ms+1ms, total 8ms
07-14 15:48:44.041 D/dalvikvm(20397): GC_CONCURRENT freed 397K, 93% free 617K/8192K, paused 2ms+0ms, total 9ms
07-14 15:48:44.166 D/dalvikvm(20397): GC_CONCURRENT freed 409K, 93% free 607K/8192K, paused 1ms+1ms, total 7ms
07-14 15:48:44.276 D/dalvikvm(20411): GC_CONCURRENT freed 399K, 6% free 9198K/9712K, paused 2ms+3ms, total 29ms
07-14 15:48:44.299 D/dalvikvm(20397): GC_CONCURRENT freed 389K, 93% free 619K/8192K, paused 1ms+1ms, total 9ms
07-14 15:48:44.416 D/dalvikvm(20397): GC_CONCURRENT freed 400K, 93% free 618K/8192K, paused 1ms+1ms, total 8ms
07-14 15:48:44.526 D/dalvikvm(20397): GC_CONCURRENT freed 399K, 93% free 618K/8192K, paused 1ms+1ms, total 8ms
07-14 15:48:44.643 D/dalvikvm(20397): GC_CONCURRENT freed 399K, 93% free 618K/8192K, paused 1ms+1ms, total 8ms
07-14 15:48:44.752 D/dalvikvm(20397): GC_CONCURRENT freed 399K, 93% free 618K/8192K, paused 2ms+1ms, total 9ms
07-14 15:48:44.869 D/dalvikvm(20397): GC_CONCURRENT freed 399K, 93% free 618K/8192K, paused 1ms+1ms, total 7ms
07-14 15:48:44.963 D/dalvikvm(20411): GC_CONCURRENT freed 391K, 6% free 9199K/9712K, paused 3ms+2ms, total 25ms
07-14 15:48:44.994 D/dalvikvm(20397): GC_CONCURRENT freed 399K, 93% free 618K/8192K, paused 2ms+1ms, total 8ms
07-14 15:48:45.104 D/dalvikvm(20397): GC_CONCURRENT freed 399K, 93% free 618K/8192K, paused 1ms+1ms, total 8ms
07-14 15:48:45.221 D/dalvikvm(20397): GC_CONCURRENT freed 399K, 93% free 618K/8192K, paused 0ms+1ms, total 7ms
07-14 15:48:45.330 D/dalvikvm(20397): GC_CONCURRENT freed 399K, 93% free 618K/8192K, paused 0ms+1ms, total 7ms
07-14 15:48:45.448 D/dalvikvm(20397): GC_CONCURRENT freed 399K, 93% free 618K/8192K, paused 0ms+1ms, total 7ms
07-14 15:48:45.557 D/dalvikvm(20397): GC_CONCURRENT freed 399K, 93% free 618K/8192K, paused 1ms+1ms, total 8ms
07-14 15:48:45.651 D/dalvikvm(20411): GC_CONCURRENT freed 399K, 6% free 9199K/9712K, paused 2ms+3ms, total 26ms
07-14 15:48:45.674 D/dalvikvm(20397): GC_CONCURRENT freed 399K, 93% free 618K/8192K, paused 0ms+1ms, total 7ms
07-14 15:48:45.791 D/dalvikvm(20397): GC_CONCURRENT freed 399K, 93% free 618K/8192K, paused 0ms+1ms, total 7ms
07-14 15:48:45.916 D/dalvikvm(20397): GC_CONCURRENT freed 408K, 93% free 607K/8192K, paused 0ms+1ms, total 7ms
07-14 15:48:46.041 D/dalvikvm(20397): GC_CONCURRENT freed 399K, 93% free 609K/8192K, paused 0ms+1ms, total 8ms
07-14 15:48:46.158 D/dalvikvm(20397): GC_CONCURRENT freed 399K, 93% free 609K/8192K, paused 0ms+1ms, total 8ms
07-14 15:48:46.276 D/dalvikvm(20397): GC_CONCURRENT freed 388K, 93% free 617K/8192K, paused 1ms+1ms, total 8ms
07-14 15:48:46.369 D/dalvikvm(20411): GC_CONCURRENT freed 398K, 6% free 9199K/9712K, paused 2ms+3ms, total 25ms
07-14 15:48:46.401 D/dalvikvm(20397): GC_CONCURRENT freed 400K, 93% free 618K/8192K, paused 1ms+1ms, total 9ms
07-14 15:48:46.518 D/dalvikvm(20397): GC_CONCURRENT freed 408K, 93% free 607K/8192K, paused 1ms+1ms, total 8ms
07-14 15:48:46.635 D/dalvikvm(20397): GC_CONCURRENT freed 399K, 93% free 607K/8192K, paused 1ms+1ms, total 8ms
07-14 15:48:46.760 D/dalvikvm(20397): GC_CONCURRENT freed 369K, 93% free 639K/8192K, paused 1ms+1ms, total 10ms
07-14 15:48:46.877 D/dalvikvm(20397): GC_CONCURRENT freed 429K, 93% free 609K/8192K, paused 1ms+2ms, total 10ms
07-14 15:48:46.994 D/dalvikvm(20397): GC_CONCURRENT freed 399K, 93% free 607K/8192K, paused 1ms+1ms, total 8ms
07-14 15:48:47.088 D/dalvikvm(20411): GC_CONCURRENT freed 399K, 6% free 9199K/9712K, paused 3ms+4ms, total 26ms
07-14 15:48:47.119 D/dalvikvm(20397): GC_CONCURRENT freed 390K, 93% free 618K/8192K, paused 1ms+1ms, total 8ms
07-14 15:48:47.237 D/dalvikvm(20397): GC_CONCURRENT freed 399K, 93% free 618K/8192K, paused 0ms+1ms, total 7ms
07-14 15:48:47.346 D/dalvikvm(20397): GC_CONCURRENT freed 399K, 93% free 618K/8192K, paused 0ms+1ms, total 7ms
07-14 15:48:47.455 D/dalvikvm(20397): GC_CONCURRENT freed 399K, 93% free 618K/8192K, paused 0ms+1ms, total 7ms
07-14 15:48:47.573 D/dalvikvm(20397): GC_CONCURRENT freed 399K, 93% free 618K/8192K, paused 2ms+1ms, total 9ms
07-14 15:48:47.682 D/dalvikvm(20397): GC_CONCURRENT freed 399K, 93% free 618K/8192K, paused 0ms+1ms, total 7ms
07-14 15:48:47.776 D/dalvikvm(20411): GC_CONCURRENT freed 396K, 6% free 9201K/9712K, paused 3ms+3ms, total 33ms
07-14 15:48:47.807 D/dalvikvm(20397): GC_CONCURRENT freed 399K, 93% free 618K/8192K, paused 1ms+1ms, total 8ms
07-14 15:48:47.924 D/dalvikvm(20397): GC_CONCURRENT freed 399K, 93% free 618K/8192K, paused 0ms+1ms, total 7ms
07-14 15:48:48.041 D/dalvikvm(20397): GC_CONCURRENT freed 399K, 93% free 618K/8192K, paused 1ms+1ms, total 8ms
07-14 15:48:48.151 D/dalvikvm(20397): GC_CONCURRENT freed 399K, 93% free 618K/8192K, paused 1ms+1ms, total 8ms
07-14 15:48:48.260 D/dalvikvm(20397): GC_CONCURRENT freed 399K, 93% free 618K/8192K, paused 0ms+1ms, total 7ms
07-14 15:48:48.377 D/dalvikvm(20397): GC_CONCURRENT freed 399K, 93% free 618K/8192K, paused 0ms+1ms, total 7ms
07-14 15:48:48.455 D/dalvikvm(20411): GC_CONCURRENT freed 396K, 6% free 9199K/9712K, paused 2ms+3ms, total 25ms
07-14 15:48:48.494 D/dalvikvm(20397): GC_CONCURRENT freed 399K, 93% free 618K/8192K, paused 0ms+1ms, total 7ms
07-14 15:48:48.604 D/dalvikvm(20397): GC_CONCURRENT freed 399K, 93% free 618K/8192K, paused 0ms+1ms, total 7ms
07-14 15:48:48.721 D/dalvikvm(20397): GC_CONCURRENT freed 399K, 93% free 618K/8192K, paused 1ms+1ms, total 8ms
07-14 15:48:48.830 D/dalvikvm(20397): GC_CONCURRENT freed 399K, 93% free 618K/8192K, paused 1ms+1ms, total 8ms
07-14 15:48:48.940 D/dalvikvm(20397): GC_CONCURRENT freed 399K, 93% free 618K/8192K, paused 1ms+1ms, total 7ms
07-14 15:48:49.049 D/dalvikvm(20397): GC_CONCURRENT freed 399K, 93% free 618K/8192K, paused 0ms+1ms, total 7ms
07-14 15:48:49.135 D/dalvikvm(20411): GC_CONCURRENT freed 399K, 6% free 9199K/9712K, paused 2ms+2ms, total 26ms
07-14 15:48:49.174 D/dalvikvm(20397): GC_CONCURRENT freed 399K, 93% free 618K/8192K, paused 1ms+1ms, total 8ms
07-14 15:48:49.283 D/dalvikvm(20397): GC_CONCURRENT freed 399K, 93% free 618K/8192K, paused 1ms+1ms, total 7ms
07-14 15:48:49.393 D/dalvikvm(20397): GC_CONCURRENT freed 399K, 93% free 618K/8192K, paused 1ms+1ms, total 7ms
07-14 15:48:49.510 D/dalvikvm(20397): GC_CONCURRENT freed 399K, 93% free 618K/8192K, paused 0ms+1ms, total 7ms
07-14 15:48:49.619 D/dalvikvm(20397): GC_CONCURRENT freed 399K, 93% free 618K/8192K, paused 1ms+1ms, total 7ms
07-14 15:48:49.737 D/dalvikvm(20397): GC_CONCURRENT freed 399K, 93% free 618K/8192K, paused 0ms+1ms, total 8ms
07-14 15:48:49.815 D/dalvikvm(20411): GC_CONCURRENT freed 400K, 6% free 9198K/9712K, paused 3ms+3ms, total 28ms
07-14 15:48:49.854 D/dalvikvm(20397): GC_CONCURRENT freed 399K, 93% free 618K/8192K, paused 0ms+1ms, total 7ms
07-14 15:48:49.963 D/dalvikvm(20397): GC_CONCURRENT freed 399K, 93% free 618K/8192K, paused 0ms+1ms, total 7ms
07-14 15:48:50.080 D/dalvikvm(20397): GC_CONCURRENT freed 399K, 93% free 618K/8192K, paused 1ms+1ms, total 8ms
07-14 15:48:50.190 D/dalvikvm(20397): GC_CONCURRENT freed 399K, 93% free 618K/8192K, paused 0ms+1ms, total 7ms
07-14 15:48:50.299 D/dalvikvm(20397): GC_CONCURRENT freed 399K, 93% free 618K/8192K, paused 0ms+1ms, total 7ms
07-14 15:48:50.408 D/dalvikvm(20397): GC_CONCURRENT freed 399K, 93% free 618K/8192K, paused 0ms+1ms, total 7ms
07-14 15:48:50.487 D/dalvikvm(20411): GC_CONCURRENT freed 392K, 6% free 9199K/9712K, paused 2ms+3ms, total 26ms
07-14 15:48:50.533 D/dalvikvm(20397): GC_CONCURRENT freed 399K, 93% free 618K/8192K, paused 0ms+1ms, total 7ms
07-14 15:48:50.643 D/dalvikvm(20397): GC_CONCURRENT freed 399K, 93% free 618K/8192K, paused 1ms+1ms, total 7ms
07-14 15:48:50.752 D/dalvikvm(20397): GC_CONCURRENT freed 399K, 93% free 618K/8192K, paused 0ms+1ms, total 7ms
07-14 15:48:50.869 D/dalvikvm(20397): GC_CONCURRENT freed 399K, 93% free 618K/8192K, paused 0ms+1ms, total 7ms
07-14 15:48:50.979 D/dalvikvm(20397): GC_CONCURRENT freed 399K, 93% free 618K/8192K, paused 1ms+1ms, total 7ms
07-14 15:48:51.088 D/dalvikvm(20397): GC_CONCURRENT freed 399K, 93% free 618K/8192K, paused 0ms+1ms, total 7ms
07-14 15:48:51.166 D/dalvikvm(20411): GC_CONCURRENT freed 395K, 6% free 9201K/9712K, paused 3ms+2ms, total 31ms
07-14 15:48:51.221 D/dalvikvm(20397): GC_CONCURRENT freed 399K, 93% free 618K/8192K, paused 0ms+1ms, total 7ms
07-14 15:48:51.338 D/dalvikvm(20397): GC_CONCURRENT freed 399K, 93% free 618K/8192K, paused 0ms+1ms, total 8ms
07-14 15:48:51.455 D/dalvikvm(20397): GC_CONCURRENT freed 399K, 93% free 618K/8192K, paused 1ms+1ms, total 7ms
07-14 15:48:51.487 D/LightsService(  374): Excessive delay setting light: 67ms
07-14 15:48:51.565 D/dalvikvm(20397): GC_CONCURRENT freed 399K, 93% free 618K/8192K, paused 0ms+1ms, total 7ms
07-14 15:48:51.682 D/dalvikvm(20397): GC_CONCURRENT freed 399K, 93% free 618K/8192K, paused 2ms+1ms, total 8ms
07-14 15:48:51.760 D/LightsService(  374): Excessive delay setting light: 61ms
07-14 15:48:51.807 D/dalvikvm(20397): GC_CONCURRENT freed 399K, 93% free 618K/8192K, paused 0ms+1ms, total 7ms
07-14 15:48:51.885 D/dalvikvm(20411): GC_CONCURRENT freed 398K, 6% free 9200K/9712K, paused 3ms+3ms, total 43ms
07-14 15:48:51.940 D/dalvikvm(20397): GC_CONCURRENT freed 399K, 93% free 618K/8192K, paused 1ms+1ms, total 7ms
07-14 15:48:52.057 D/dalvikvm(20397): GC_CONCURRENT freed 399K, 93% free 618K/8192K, paused 1ms+1ms, total 8ms
07-14 15:48:52.166 D/dalvikvm(20397): GC_CONCURRENT freed 399K, 93% free 618K/8192K, paused 1ms+1ms, total 7ms
07-14 15:48:52.283 D/dalvikvm(20397): GC_CONCURRENT freed 399K, 93% free 618K/8192K, paused 0ms+1ms, total 7ms
07-14 15:48:52.393 D/dalvikvm(20397): GC_CONCURRENT freed 399K, 93% free 618K/8192K, paused 1ms+1ms, total 8ms
07-14 15:48:52.502 D/dalvikvm(20397): GC_CONCURRENT freed 399K, 93% free 618K/8192K, paused 1ms+1ms, total 7ms
07-14 15:48:52.565 D/dalvikvm(20411): GC_CONCURRENT freed 398K, 6% free 9199K/9712K, paused 2ms+2ms, total 27ms
07-14 15:48:52.635 D/dalvikvm(20397): GC_CONCURRENT freed 399K, 93% free 618K/8192K, paused 1ms+1ms, total 7ms
07-14 15:48:52.744 D/dalvikvm(20397): GC_CONCURRENT freed 399K, 93% free 618K/8192K, paused 1ms+1ms, total 7ms
07-14 15:48:52.854 D/dalvikvm(20397): GC_CONCURRENT freed 399K, 93% free 618K/8192K, paused 0ms+1ms, total 7ms
07-14 15:48:52.963 D/dalvikvm(20397): GC_CONCURRENT freed 399K, 93% free 618K/8192K, paused 1ms+1ms, total 7ms
07-14 15:48:53.080 D/dalvikvm(20397): GC_CONCURRENT freed 399K, 93% free 618K/8192K, paused 1ms+2ms, total 8ms
07-14 15:48:53.190 D/dalvikvm(20397): GC_CONCURRENT freed 398K, 93% free 617K/8192K, paused 1ms+1ms, total 8ms
07-14 15:48:53.252 D/dalvikvm(20411): GC_CONCURRENT freed 395K, 6% free 9201K/9712K, paused 2ms+3ms, total 23ms
07-14 15:48:53.323 D/dalvikvm(20397): GC_CONCURRENT freed 399K, 93% free 620K/8192K, paused 2ms+1ms, total 10ms
07-14 15:48:53.440 D/dalvikvm(20397): GC_CONCURRENT freed 399K, 93% free 617K/8192K, paused 2ms+0ms, total 9ms
07-14 15:48:53.557 D/dalvikvm(20397): GC_CONCURRENT freed 409K, 93% free 607K/8192K, paused 0ms+1ms, total 7ms
07-14 15:48:53.674 D/dalvikvm(20397): GC_CONCURRENT freed 390K, 93% free 618K/8192K, paused 2ms+2ms, total 9ms
07-14 15:48:53.791 D/dalvikvm(20397): GC_CONCURRENT freed 399K, 93% free 618K/8192K, paused 1ms+1ms, total 7ms
07-14 15:48:53.901 D/dalvikvm(20397): GC_CONCURRENT freed 399K, 93% free 618K/8192K, paused 1ms+1ms, total 8ms
07-14 15:48:53.948 D/dalvikvm(20411): GC_CONCURRENT freed 388K, 6% free 9198K/9712K, paused 3ms+2ms, total 27ms
07-14 15:48:54.002 D/daemon.c.b(20520): close conn
07-14 15:48:54.033 D/com.nd.assistance.server.ServerService(20520): no connection, stop service
07-14 15:48:54.041 D/com.nd.assistance.server.ServerService(20520): ** Enter ServerService onDestroy. **
07-14 15:48:54.049 D/dalvikvm(20397): GC_CONCURRENT freed 399K, 93% free 618K/8192K, paused 2ms+1ms, total 14ms
07-14 15:48:54.182 D/dalvikvm(20397): GC_CONCURRENT freed 409K, 93% free 608K/8192K, paused 2ms+1ms, total 9ms
07-14 15:48:54.299 D/dalvikvm(20397): GC_CONCURRENT freed 389K, 93% free 618K/8192K, paused 1ms+1ms, total 7ms
07-14 15:48:54.393 D/AndroidRuntime(20546): 
07-14 15:48:54.393 D/AndroidRuntime(20546): >>>>>> AndroidRuntime START com.android.internal.os.RuntimeInit <<<<<<
07-14 15:48:54.393 D/AndroidRuntime(20546): CheckJNI is OFF
07-14 15:48:54.408 D/dalvikvm(20546): Trying to load lib libjavacore.so 0x0
07-14 15:48:54.416 D/dalvikvm(20546): Added shared lib libjavacore.so 0x0
07-14 15:48:54.424 D/dalvikvm(20397): GC_CONCURRENT freed 399K, 93% free 618K/8192K, paused 2ms+1ms, total 13ms
07-14 15:48:54.432 D/dalvikvm(20546): Trying to load lib libnativehelper.so 0x0
07-14 15:48:54.432 D/dalvikvm(20546): Added shared lib libnativehelper.so 0x0
07-14 15:48:54.541 D/dalvikvm(20397): GC_CONCURRENT freed 397K, 93% free 617K/8192K, paused 1ms+1ms, total 8ms
07-14 15:48:54.682 D/dalvikvm(20397): GC_CONCURRENT freed 399K, 93% free 620K/8192K, paused 2ms+1ms, total 17ms
07-14 15:48:54.690 D/AndroidRuntime(20546): Calling main entry com.android.commands.am.Am
07-14 15:48:54.690 D/dalvikvm(20546): Note: class Landroid/app/ActivityManagerNative; has 163 unimplemented (abstract) methods
07-14 15:48:54.713 D/AndroidRuntime(20546): Shutting down VM
07-14 15:48:54.721 D/dalvikvm(20546): GC_CONCURRENT freed 92K, 16% free 512K/608K, paused 0ms+0ms, total 4ms
07-14 15:48:54.729 D/dalvikvm(20411): GC_CONCURRENT freed 396K, 6% free 9200K/9712K, paused 3ms+10ms, total 45ms
07-14 15:48:54.823 D/dalvikvm(20397): GC_CONCURRENT freed 399K, 93% free 617K/8192K, paused 2ms+1ms, total 9ms
07-14 15:48:54.948 D/dalvikvm(20397): GC_CONCURRENT freed 399K, 93% free 617K/8192K, paused 1ms+1ms, total 8ms
07-14 15:48:55.088 D/dalvikvm(20397): GC_CONCURRENT freed 399K, 93% free 617K/8192K, paused 2ms+0ms, total 9ms
07-14 15:48:55.205 E/daemon.k.a(20520): releasekWifiLock()
07-14 15:48:55.213 D/com.nd.assistance.server.ServerService(20520): *Close LogCenter.
07-14 15:48:55.213 I/Process (20520): Sending signal. PID: 20520 SIG: 9
07-14 15:48:55.213 D/dalvikvm(20397): GC_CONCURRENT freed 399K, 93% free 617K/8192K, paused 1ms+1ms, total 9ms
07-14 15:48:55.221 I/ActivityManager(  374): Process com.nd.assistance.ServerService (pid 20520) has died.
07-14 15:48:55.221 W/ActivityManager(  374): Scheduling restart of crashed service com.nd.assistance/.server.ServerService in 5000ms
07-14 15:48:55.346 D/dalvikvm(20397): GC_CONCURRENT freed 409K, 93% free 609K/8192K, paused 0ms+1ms, total 13ms
07-14 15:48:55.463 D/dalvikvm(20397): GC_CONCURRENT freed 399K, 93% free 609K/8192K, paused 1ms+1ms, total 14ms
07-14 15:48:55.487 D/dalvikvm(20411): GC_CONCURRENT freed 396K, 6% free 9200K/9712K, paused 2ms+3ms, total 28ms
07-14 15:48:55.580 D/dalvikvm(20397): GC_CONCURRENT freed 388K, 93% free 617K/8192K, paused 1ms+1ms, total 8ms
07-14 15:48:55.705 D/dalvikvm(20397): GC_CONCURRENT freed 409K, 93% free 607K/8192K, paused 0ms+1ms, total 7ms
07-14 15:48:55.823 D/dalvikvm(20397): GC_CONCURRENT freed 399K, 93% free 607K/8192K, paused 1ms+1ms, total 8ms
07-14 15:48:55.940 D/dalvikvm(20397): GC_CONCURRENT freed 390K, 93% free 618K/8192K, paused 2ms+1ms, total 9ms
07-14 15:48:56.057 D/dalvikvm(20397): GC_CONCURRENT freed 398K, 93% free 618K/8192K, paused 1ms+1ms, total 8ms
07-14 15:48:56.174 D/dalvikvm(20397): GC_CONCURRENT freed 399K, 93% free 618K/8192K, paused 0ms+1ms, total 7ms
07-14 15:48:56.213 D/dalvikvm(20411): GC_CONCURRENT freed 399K, 6% free 9197K/9712K, paused 3ms+3ms, total 42ms
07-14 15:48:56.307 D/dalvikvm(20397): GC_CONCURRENT freed 399K, 93% free 618K/8192K, paused 1ms+1ms, total 8ms
07-14 15:48:56.424 D/dalvikvm(20397): GC_CONCURRENT freed 398K, 93% free 620K/8192K, paused 1ms+1ms, total 9ms
07-14 15:48:56.541 D/dalvikvm(20397): GC_CONCURRENT freed 409K, 93% free 609K/8192K, paused 1ms+1ms, total 9ms
07-14 15:48:56.658 D/dalvikvm(20397): GC_CONCURRENT freed 391K, 93% free 617K/8192K, paused 1ms+1ms, total 8ms
07-14 15:48:56.776 D/dalvikvm(20397): GC_CONCURRENT freed 382K, 93% free 619K/8192K, paused 2ms+0ms, total 9ms
07-14 15:48:56.893 D/dalvikvm(20397): GC_CONCURRENT freed 416K, 93% free 617K/8192K, paused 1ms+1ms, total 8ms
07-14 15:48:56.908 D/dalvikvm(20411): GC_CONCURRENT freed 394K, 6% free 9202K/9712K, paused 2ms+3ms, total 31ms
07-14 15:48:57.010 D/dalvikvm(20397): GC_CONCURRENT freed 398K, 93% free 618K/8192K, paused 2ms+1ms, total 9ms
07-14 15:48:57.127 D/dalvikvm(20397): GC_CONCURRENT freed 399K, 93% free 618K/8192K, paused 1ms+1ms, total 8ms
07-14 15:48:57.237 D/dalvikvm(20397): GC_CONCURRENT freed 399K, 93% free 618K/8192K, paused 0ms+1ms, total 7ms
07-14 15:48:57.346 D/dalvikvm(20397): GC_CONCURRENT freed 399K, 93% free 618K/8192K, paused 1ms+1ms, total 7ms
07-14 15:48:57.463 D/dalvikvm(20397): GC_CONCURRENT freed 399K, 93% free 618K/8192K, paused 1ms+1ms, total 7ms
07-14 15:48:57.573 D/dalvikvm(20397): GC_CONCURRENT freed 399K, 93% free 618K/8192K, paused 1ms+1ms, total 8ms
07-14 15:48:57.596 D/dalvikvm(20411): GC_CONCURRENT freed 403K, 6% free 9198K/9712K, paused 2ms+2ms, total 36ms
07-14 15:48:57.690 D/dalvikvm(20397): GC_CONCURRENT freed 397K, 93% free 618K/8192K, paused 1ms+1ms, total 7ms
07-14 15:48:57.807 D/dalvikvm(20397): GC_CONCURRENT freed 401K, 93% free 618K/8192K, paused 1ms+1ms, total 8ms
07-14 15:48:57.932 D/dalvikvm(20397): GC_CONCURRENT freed 399K, 93% free 618K/8192K, paused 1ms+1ms, total 8ms
07-14 15:48:58.049 D/dalvikvm(20397): GC_CONCURRENT freed 399K, 93% free 618K/8192K, paused 0ms+1ms, total 7ms
07-14 15:48:58.158 D/dalvikvm(20397): GC_CONCURRENT freed 399K, 93% free 618K/8192K, paused 0ms+1ms, total 7ms
07-14 15:48:58.268 D/dalvikvm(20397): GC_CONCURRENT freed 399K, 93% free 618K/8192K, paused 1ms+1ms, total 8ms
07-14 15:48:58.291 D/dalvikvm(20411): GC_CONCURRENT freed 394K, 6% free 9199K/9712K, paused 3ms+3ms, total 26ms
07-14 15:48:58.401 D/dalvikvm(20397): GC_CONCURRENT freed 399K, 93% free 618K/8192K, paused 0ms+1ms, total 7ms
07-14 15:48:58.510 D/dalvikvm(20397): GC_CONCURRENT freed 399K, 93% free 618K/8192K, paused 1ms+1ms, total 7ms
07-14 15:48:58.619 D/dalvikvm(20397): GC_CONCURRENT freed 399K, 93% free 618K/8192K, paused 1ms+2ms, total 8ms
07-14 15:48:58.737 D/dalvikvm(20397): GC_CONCURRENT freed 399K, 93% free 618K/8192K, paused 1ms+1ms, total 8ms
07-14 15:48:58.846 D/dalvikvm(20397): GC_CONCURRENT freed 399K, 93% free 618K/8192K, paused 0ms+1ms, total 7ms
07-14 15:48:58.963 D/dalvikvm(20397): GC_CONCURRENT freed 399K, 93% free 618K/8192K, paused 0ms+1ms, total 7ms
07-14 15:48:58.979 D/dalvikvm(20411): GC_CONCURRENT freed 398K, 6% free 9198K/9712K, paused 3ms+4ms, total 35ms
07-14 15:48:59.088 D/dalvikvm(20397): GC_CONCURRENT freed 399K, 93% free 618K/8192K, paused 1ms+1ms, total 8ms
07-14 15:48:59.205 D/dalvikvm(20397): GC_CONCURRENT freed 383K, 93% free 619K/8192K, paused 2ms+0ms, total 9ms
07-14 15:48:59.323 D/dalvikvm(20397): GC_CONCURRENT freed 416K, 93% free 617K/8192K, paused 1ms+2ms, total 8ms
07-14 15:48:59.432 D/dalvikvm(20397): GC_CONCURRENT freed 398K, 93% free 618K/8192K, paused 1ms+1ms, total 8ms
07-14 15:48:59.549 D/dalvikvm(20397): GC_CONCURRENT freed 399K, 93% free 618K/8192K, paused 1ms+1ms, total 8ms
07-14 15:48:59.658 D/dalvikvm(20397): GC_CONCURRENT freed 399K, 93% free 618K/8192K, paused 1ms+1ms, total 7ms
07-14 15:48:59.674 D/dalvikvm(20411): GC_CONCURRENT freed 398K, 6% free 9199K/9712K, paused 2ms+5ms, total 36ms
07-14 15:48:59.776 D/dalvikvm(20397): GC_CONCURRENT freed 408K, 93% free 607K/8192K, paused 0ms+1ms, total 7ms
07-14 15:48:59.893 D/dalvikvm(20397): GC_CONCURRENT freed 390K, 93% free 618K/8192K, paused 0ms+1ms, total 7ms
07-14 15:49:00.010 D/dalvikvm(20397): GC_CONCURRENT freed 399K, 93% free 618K/8192K, paused 1ms+1ms, total 8ms
07-14 15:49:00.135 D/dalvikvm(20397): GC_CONCURRENT freed 399K, 93% free 618K/8192K, paused 0ms+1ms, total 7ms
07-14 15:49:00.237 I/ActivityManager(  374): Start proc com.nd.assistance.ServerService for service com.nd.assistance/.server.ServerService: pid=20559 uid=10065 gids={50065, 3003, 1015, 1006, 1028}
07-14 15:49:00.244 D/dalvikvm(20559): Late-enabling CheckJNI
07-14 15:49:00.252 D/dalvikvm(20397): GC_CONCURRENT freed 399K, 93% free 618K/8192K, paused 0ms+1ms, total 8ms
07-14 15:49:00.268 I/dalvikvm(20559): Turning on JNI app bug workarounds for target SDK version 3...
07-14 15:49:00.299 E/LogCenter(20559): logger_impl_ init
07-14 15:49:00.307 D/com.nd.assistance.server.ServerService(20559): ServerService onCreate()
07-14 15:49:00.307 D/com.nd.assistance.server.ServerService(20559): ServerService onStart()
07-14 15:49:00.315 D/com.nd.assistance.server.ServerService(20559): mIsStarting is false, set mIsStarting = true
07-14 15:49:00.315 D/com.nd.assistance.server.ServerService(20559): startDaemonServer(false)
07-14 15:49:00.315 D/com.nd.assistance.server.ServerService(20559): mDaemonServer == null
07-14 15:49:00.346 E/daemon.k.a(20559): acquireWifiLock()
07-14 15:49:00.362 D/com.nd.assistance.server.ServerService(20559): set mIsStarting = false
07-14 15:49:00.362 D/com.nd.assistance.server.ServerService(20559): ServerService onStart used time: 48
07-14 15:49:00.377 D/daemon.h.b.b(20559): start nio server
07-14 15:49:00.393 D/dalvikvm(20397): GC_CONCURRENT freed 397K, 93% free 618K/8192K, paused 1ms+1ms, total 7ms
07-14 15:49:00.416 D/dalvikvm(20411): GC_CONCURRENT freed 394K, 6% free 9203K/9712K, paused 3ms+3ms, total 39ms
07-14 15:49:00.448 D/daemon.h.b.c(20559): SelectReactor run()
07-14 15:49:00.541 D/dalvikvm(20397): GC_CONCURRENT freed 401K, 93% free 618K/8192K, paused 0ms+1ms, total 7ms
07-14 15:49:00.651 D/dalvikvm(20397): GC_CONCURRENT freed 399K, 93% free 618K/8192K, paused 0ms+1ms, total 7ms
07-14 15:49:00.713 E/daemon.c.c(20559): start heartbeat server.
07-14 15:49:00.768 D/dalvikvm(20397): GC_CONCURRENT freed 399K, 93% free 618K/8192K, paused 0ms+1ms, total 7ms
07-14 15:49:00.768 D/dalvikvm(20559): GC_CONCURRENT freed 228K, 3% free 9094K/9360K, paused 4ms+3ms, total 42ms
07-14 15:49:00.877 D/dalvikvm(20397): GC_CONCURRENT freed 399K, 93% free 618K/8192K, paused 0ms+1ms, total 7ms
07-14 15:49:00.994 D/dalvikvm(20397): GC_CONCURRENT freed 399K, 93% free 618K/8192K, paused 0ms+1ms, total 7ms
07-14 15:49:01.112 D/dalvikvm(20397): GC_CONCURRENT freed 399K, 93% free 618K/8192K, paused 0ms+1ms, total 7ms
07-14 15:49:01.127 D/dalvikvm(20411): GC_CONCURRENT freed 406K, 6% free 9197K/9712K, paused 2ms+4ms, total 35ms
07-14 15:49:01.237 D/dalvikvm(20397): GC_CONCURRENT freed 397K, 93% free 620K/8192K, paused 2ms+1ms, total 9ms
07-14 15:49:01.354 D/dalvikvm(20397): GC_CONCURRENT freed 401K, 93% free 618K/8192K, paused 0ms+1ms, total 7ms
07-14 15:49:01.463 D/dalvikvm(20397): GC_CONCURRENT freed 399K, 93% free 618K/8192K, paused 0ms+1ms, total 7ms
07-14 15:49:01.573 D/dalvikvm(20397): GC_CONCURRENT freed 399K, 93% free 618K/8192K, paused 1ms+1ms, total 8ms
07-14 15:49:01.682 D/dalvikvm(20397): GC_CONCURRENT freed 399K, 93% free 618K/8192K, paused 1ms+1ms, total 7ms
07-14 15:49:01.807 D/dalvikvm(20411): GC_CONCURRENT freed 386K, 6% free 9201K/9712K, paused 3ms+3ms, total 28ms
07-14 15:49:01.815 D/dalvikvm(20397): GC_CONCURRENT freed 399K, 93% free 618K/8192K, paused 1ms+1ms, total 8ms
07-14 15:49:01.932 D/dalvikvm(20397): GC_CONCURRENT freed 399K, 93% free 618K/8192K, paused 1ms+1ms, total 7ms
07-14 15:49:02.041 D/dalvikvm(20397): GC_CONCURRENT freed 399K, 93% free 618K/8192K, paused 0ms+1ms, total 7ms
07-14 15:49:02.158 D/dalvikvm(20397): GC_CONCURRENT freed 399K, 93% free 618K/8192K, paused 0ms+1ms, total 7ms
07-14 15:49:02.268 D/dalvikvm(20397): GC_CONCURRENT freed 399K, 93% free 618K/8192K, paused 0ms+1ms, total 7ms
07-14 15:49:02.377 D/dalvikvm(20397): GC_CONCURRENT freed 399K, 93% free 618K/8192K, paused 1ms+1ms, total 8ms
07-14 15:49:02.487 D/dalvikvm(20411): GC_CONCURRENT freed 398K, 6% free 9198K/9712K, paused 3ms+2ms, total 36ms
07-14 15:49:02.510 D/dalvikvm(20397): GC_CONCURRENT freed 399K, 93% free 618K/8192K, paused 1ms+1ms, total 7ms
07-14 15:49:02.619 D/dalvikvm(20397): GC_CONCURRENT freed 399K, 93% free 618K/8192K, paused 0ms+1ms, total 7ms
07-14 15:49:02.729 D/dalvikvm(20397): GC_CONCURRENT freed 399K, 93% free 618K/8192K, paused 1ms+1ms, total 8ms
07-14 15:49:02.846 D/dalvikvm(20397): GC_CONCURRENT freed 399K, 93% free 618K/8192K, paused 0ms+1ms, total 7ms
07-14 15:49:02.955 D/dalvikvm(20397): GC_CONCURRENT freed 399K, 93% free 618K/8192K, paused 1ms+1ms, total 7ms
