07-14 15:49:03.073 D/dalvikvm(20397): GC_CONCURRENT freed 399K, 93% free 618K/8192K, paused 0ms+1ms, total 7ms
07-14 15:49:03.174 D/dalvikvm(20411): GC_CONCURRENT freed 399K, 6% free 9199K/9712K, paused 2ms+3ms, total 26ms
07-14 15:49:03.190 D/dalvikvm(20397): GC_CONCURRENT freed 399K, 93% free 618K/8192K, paused 1ms+1ms, total 7ms
07-14 15:49:03.299 D/dalvikvm(20397): GC_CONCURRENT freed 399K, 93% free 618K/8192K, paused 1ms+1ms, total 8ms
07-14 15:49:03.408 D/dalvikvm(20397): GC_CONCURRENT freed 399K, 93% free 618K/8192K, paused 0ms+1ms, total 7ms
07-14 15:49:03.518 D/dalvikvm(20397): GC_CONCURRENT freed 399K, 93% free 618K/8192K, paused 0ms+1ms, total 7ms
07-14 15:49:03.627 D/dalvikvm(20397): GC_CONCURRENT freed 399K, 93% free 618K/8192K, paused 0ms+1ms, total 7ms
07-14 15:49:03.744 D/dalvikvm(20397): GC_CONCURRENT freed 399K, 93% free 618K/8192K, paused 0ms+1ms, total 8ms
07-14 15:49:03.846 D/dalvikvm(20411): GC_CONCURRENT freed 398K, 6% free 9199K/9712K, paused 3ms+3ms, total 26ms
07-14 15:49:03.862 D/dalvikvm(20397): GC_CONCURRENT freed 399K, 93% free 618K/8192K, paused 1ms+1ms, total 7ms
07-14 15:49:03.979 D/dalvikvm(20397): GC_CONCURRENT freed 399K, 93% free 618K/8192K, paused 0ms+1ms, total 7ms
07-14 15:49:04.088 D/dalvikvm(20397): GC_CONCURRENT freed 399K, 93% free 618K/8192K, paused 1ms+1ms, total 8ms
07-14 15:49:04.198 D/dalvikvm(20397): GC_CONCURRENT freed 399K, 93% free 618K/8192K, paused 1ms+1ms, total 7ms
07-14 15:49:04.315 D/dalvikvm(20397): GC_CONCURRENT freed 399K, 93% free 618K/8192K, paused 0ms+1ms, total 7ms
07-14 15:49:04.424 D/dalvikvm(20397): GC_CONCURRENT freed 399K, 93% free 618K/8192K, paused 1ms+1ms, total 8ms
07-14 15:49:04.526 D/dalvikvm(20411): GC_CONCURRENT freed 400K, 6% free 9199K/9712K, paused 3ms+3ms, total 27ms
07-14 15:49:04.541 D/dalvikvm(20397): GC_CONCURRENT freed 399K, 93% free 618K/8192K, paused 1ms+1ms, total 8ms
07-14 15:49:04.651 D/dalvikvm(20397): GC_CONCURRENT freed 399K, 93% free 618K/8192K, paused 0ms+1ms, total 7ms
07-14 15:49:04.768 D/dalvikvm(20397): GC_CONCURRENT freed 399K, 93% free 618K/8192K, paused 1ms+1ms, total 8ms
07-14 15:49:04.877 D/dalvikvm(20397): GC_CONCURRENT freed 399K, 93% free 618K/8192K, paused 1ms+1ms, total 8ms
07-14 15:49:04.987 D/dalvikvm(20397): GC_CONCURRENT freed 399K, 93% free 618K/8192K, paused 0ms+1ms, total 7ms
07-14 15:49:05.104 D/dalvikvm(20397): GC_CONCURRENT freed 399K, 93% free 618K/8192K, paused 0ms+1ms, total 7ms
07-14 15:49:05.213 D/dalvikvm(20411): GC_CONCURRENT freed 394K, 6% free 9204K/9712K, paused 3ms+4ms, total 39ms
07-14 15:49:05.237 D/dalvikvm(20397): GC_CONCURRENT freed 399K, 93% free 618K/8192K, paused 1ms+1ms, total 8ms
07-14 15:49:05.354 D/dalvikvm(20397): GC_CONCURRENT freed 399K, 93% free 618K/8192K, paused 1ms+1ms, total 8ms
07-14 15:49:05.463 D/dalvikvm(20397): GC_CONCURRENT freed 399K, 93% free 618K/8192K, paused 1ms+1ms, total 8ms
07-14 15:49:05.580 D/dalvikvm(20397): GC_CONCURRENT freed 399K, 93% free 618K/8192K, paused 1ms+1ms, total 7ms
07-14 15:49:05.690 D/dalvikvm(20397): GC_CONCURRENT freed 399K, 93% free 618K/8192K, paused 1ms+1ms, total 7ms
07-14 15:49:05.799 D/dalvikvm(20397): GC_CONCURRENT freed 399K, 93% free 618K/8192K, paused 1ms+1ms, total 7ms
07-14 15:49:05.901 D/dalvikvm(20411): GC_CONCURRENT freed 404K, 6% free 9198K/9712K, paused 2ms+3ms, total 26ms
07-14 15:49:05.916 D/dalvikvm(20397): GC_CONCURRENT freed 399K, 93% free 618K/8192K, paused 1ms+1ms, total 7ms
07-14 15:49:06.033 D/dalvikvm(20397): GC_CONCURRENT freed 399K, 93% free 618K/8192K, paused 0ms+1ms, total 7ms
07-14 15:49:06.143 D/dalvikvm(20397): GC_CONCURRENT freed 399K, 93% free 618K/8192K, paused 0ms+1ms, total 7ms
07-14 15:49:06.252 D/dalvikvm(20397): GC_CONCURRENT freed 399K, 93% free 618K/8192K, paused 1ms+1ms, total 8ms
07-14 15:49:06.369 D/dalvikvm(20397): GC_CONCURRENT freed 399K, 93% free 618K/8192K, paused 0ms+1ms, total 7ms
07-14 15:49:06.479 D/dalvikvm(20397): GC_CONCURRENT freed 399K, 93% free 618K/8192K, paused 1ms+1ms, total 7ms
07-14 15:49:06.588 D/dalvikvm(20411): GC_CONCURRENT freed 400K, 6% free 9198K/9712K, paused 3ms+3ms, total 33ms
07-14 15:49:06.604 D/dalvikvm(20397): GC_CONCURRENT freed 399K, 93% free 618K/8192K, paused 0ms+1ms, total 7ms
07-14 15:49:06.713 D/dalvikvm(20397): GC_CONCURRENT freed 399K, 93% free 618K/8192K, paused 0ms+1ms, total 7ms
07-14 15:49:06.823 D/dalvikvm(20397): GC_CONCURRENT freed 399K, 93% free 618K/8192K, paused 1ms+1ms, total 8ms
07-14 15:49:06.932 D/dalvikvm(20397): GC_CONCURRENT freed 399K, 93% free 618K/8192K, paused 0ms+1ms, total 7ms
07-14 15:49:07.049 D/dalvikvm(20397): GC_CONCURRENT freed 399K, 93% free 618K/8192K, paused 0ms+1ms, total 7ms
07-14 15:49:07.158 D/dalvikvm(20397): GC_CONCURRENT freed 399K, 93% free 618K/8192K, paused 0ms+1ms, total 7ms
07-14 15:49:07.252 D/dalvikvm(20411): GC_CONCURRENT freed 392K, 6% free 9200K/9712K, paused 3ms+2ms, total 28ms
07-14 15:49:07.276 D/dalvikvm(20397): GC_CONCURRENT freed 399K, 93% free 618K/8192K, paused 0ms+1ms, total 7ms
07-14 15:49:07.393 D/dalvikvm(20397): GC_CONCURRENT freed 399K, 93% free 618K/8192K, paused 0ms+1ms, total 7ms
07-14 15:49:07.502 D/dalvikvm(20397): GC_CONCURRENT freed 399K, 93% free 618K/8192K, paused 1ms+1ms, total 7ms
07-14 15:49:07.612 D/dalvikvm(20397): GC_CONCURRENT freed 399K, 93% free 618K/8192K, paused 0ms+1ms, total 7ms
07-14 15:49:07.721 D/dalvikvm(20397): GC_CONCURRENT freed 399K, 93% free 618K/8192K, paused 1ms+1ms, total 8ms
07-14 15:49:07.838 D/dalvikvm(20397): GC_CONCURRENT freed 399K, 93% free 618K/8192K, paused 0ms+1ms, total 8ms
07-14 15:49:07.924 D/dalvikvm(20411): GC_CONCURRENT freed 399K, 6% free 9197K/9712K, paused 2ms+2ms, total 26ms
07-14 15:49:07.955 D/dalvikvm(20397): GC_CONCURRENT freed 399K, 93% free 618K/8192K, paused 0ms+1ms, total 7ms
07-14 15:49:07.987 W/Settings( 2019): Setting airplane_mode_on has moved from android.provider.Settings.System to android.provider.Settings.Global, returning read-only value.
07-14 15:49:07.987 W/Settings( 2019): Setting mobile_data has moved from android.provider.Settings.Secure to android.provider.Settings.Global.
07-14 15:49:07.987 D/BluetoothAdapter( 2019): 1116407520: getState() :  mService = null. Returning STATE_OFF
07-14 15:49:07.987 W/Settings( 2019): Setting airplane_mode_on has moved from android.provider.Settings.System to android.provider.Settings.Global, returning read-only value.
07-14 15:49:08.002 W/Settings( 2019): Setting airplane_mode_on has moved from android.provider.Settings.System to android.provider.Settings.Global, returning read-only value.
07-14 15:49:08.002 W/Settings( 2019): Setting mobile_data has moved from android.provider.Settings.Secure to android.provider.Settings.Global.
07-14 15:49:08.002 D/BluetoothAdapter( 2019): 1116407520: getState() :  mService = null. Returning STATE_OFF
07-14 15:49:08.002 W/Settings( 2019): Setting airplane_mode_on has moved from android.provider.Settings.System to android.provider.Settings.Global, returning read-only value.
07-14 15:49:08.565 D/dalvikvm(20397): GC_CONCURRENT freed 403K, 93% free 619K/8192K, paused 1ms+1ms, total 7ms
07-14 15:49:08.682 D/dalvikvm(20397): GC_CONCURRENT freed 399K, 93% free 618K/8192K, paused 0ms+1ms, total 7ms
07-14 15:49:08.791 D/dalvikvm(20397): GC_CONCURRENT freed 399K, 93% free 618K/8192K, paused 0ms+1ms, total 7ms
07-14 15:49:08.901 D/dalvikvm(20397): GC_CONCURRENT freed 397K, 93% free 618K/8192K, paused 1ms+1ms, total 8ms
07-14 15:49:09.026 D/dalvikvm(20397): GC_CONCURRENT freed 401K, 93% free 618K/8192K, paused 0ms+1ms, total 7ms
07-14 15:49:09.119 D/dalvikvm(20411): GC_CONCURRENT freed 391K, 6% free 9198K/9712K, paused 2ms+2ms, total 36ms
07-14 15:49:09.158 D/dalvikvm(20397): GC_CONCURRENT freed 399K, 93% free 618K/8192K, paused 1ms+1ms, total 7ms
07-14 15:49:09.268 D/dalvikvm(20397): GC_CONCURRENT freed 399K, 93% free 618K/8192K, paused 0ms+1ms, total 7ms
07-14 15:49:09.377 D/dalvikvm(20397): GC_CONCURRENT freed 399K, 93% free 618K/8192K, paused 0ms+1ms, total 7ms
07-14 15:49:09.440 D/GCM     (  624): Ignoring attempt to send heartbeat on dead connection.
07-14 15:49:09.494 D/dalvikvm(20397): GC_CONCURRENT freed 399K, 93% free 618K/8192K, paused 1ms+1ms, total 8ms
07-14 15:49:09.612 D/dalvikvm(20397): GC_CONCURRENT freed 399K, 93% free 618K/8192K, paused 1ms+1ms, total 7ms
07-14 15:49:09.721 D/dalvikvm(20397): GC_CONCURRENT freed 399K, 93% free 618K/8192K, paused 1ms+1ms, total 8ms
07-14 15:49:09.799 D/dalvikvm(20411): GC_CONCURRENT freed 398K, 6% free 9199K/9712K, paused 1ms+2ms, total 24ms
07-14 15:49:09.838 D/dalvikvm(20397): GC_CONCURRENT freed 399K, 93% free 618K/8192K, paused 1ms+1ms, total 8ms
07-14 15:49:09.955 D/dalvikvm(20397): GC_CONCURRENT freed 399K, 93% free 618K/8192K, paused 0ms+1ms, total 7ms
07-14 15:49:10.073 D/dalvikvm(20397): GC_CONCURRENT freed 399K, 93% free 618K/8192K, paused 1ms+1ms, total 8ms
07-14 15:49:10.190 D/dalvikvm(20397): GC_CONCURRENT freed 399K, 93% free 618K/8192K, paused 1ms+1ms, total 8ms
07-14 15:49:10.299 D/dalvikvm(20397): GC_CONCURRENT freed 399K, 93% free 618K/8192K, paused 0ms+1ms, total 7ms
07-14 15:49:10.416 D/dalvikvm(20397): GC_CONCURRENT freed 399K, 93% free 618K/8192K, paused 1ms+1ms, total 8ms
07-14 15:49:10.494 D/dalvikvm(20411): GC_CONCURRENT freed 399K, 6% free 9199K/9712K, paused 2ms+3ms, total 26ms
07-14 15:49:10.533 D/dalvikvm(20397): GC_CONCURRENT freed 399K, 93% free 618K/8192K, paused 1ms+1ms, total 8ms
07-14 15:49:10.643 D/dalvikvm(20397): GC_CONCURRENT freed 399K, 93% free 618K/8192K, paused 1ms+0ms, total 8ms
07-14 15:49:10.760 D/dalvikvm(20397): GC_CONCURRENT freed 399K, 93% free 618K/8192K, paused 1ms+1ms, total 7ms
07-14 15:49:10.869 D/dalvikvm(20397): GC_CONCURRENT freed 399K, 93% free 618K/8192K, paused 0ms+1ms, total 7ms
07-14 15:49:10.987 D/dalvikvm(20397): GC_CONCURRENT freed 399K, 93% free 618K/8192K, paused 0ms+1ms, total 7ms
07-14 15:49:11.104 D/dalvikvm(20397): GC_CONCURRENT freed 399K, 93% free 618K/8192K, paused 0ms+1ms, total 7ms
07-14 15:49:11.182 D/dalvikvm(20411): GC_CONCURRENT freed 399K, 6% free 9199K/9712K, paused 3ms+6ms, total 29ms
07-14 15:49:11.221 D/dalvikvm(20397): GC_CONCURRENT freed 399K, 93% free 618K/8192K, paused 0ms+1ms, total 7ms
07-14 15:49:11.268 D/daemon.c.b(20559): close conn
07-14 15:49:11.268 D/com.nd.assistance.server.ServerService(20559): no connection, stop service
07-14 15:49:11.268 D/com.nd.assistance.server.ServerService(20559): ** Enter ServerService onDestroy. **
07-14 15:49:11.362 D/dalvikvm(20397): GC_CONCURRENT freed 399K, 93% free 618K/8192K, paused 2ms+1ms, total 16ms
07-14 15:49:11.479 D/dalvikvm(20397): GC_CONCURRENT freed 397K, 93% free 617K/8192K, paused 2ms+1ms, total 9ms
07-14 15:49:11.604 D/dalvikvm(20397): GC_CONCURRENT freed 399K, 93% free 617K/8192K, paused 2ms+1ms, total 9ms
07-14 15:49:11.705 D/AndroidRuntime(20583): 
07-14 15:49:11.705 D/AndroidRuntime(20583): >>>>>> AndroidRuntime START com.android.internal.os.RuntimeInit <<<<<<
07-14 15:49:11.705 D/AndroidRuntime(20583): CheckJNI is OFF
07-14 15:49:11.729 D/dalvikvm(20583): Trying to load lib libjavacore.so 0x0
07-14 15:49:11.737 D/dalvikvm(20583): Added shared lib libjavacore.so 0x0
07-14 15:49:11.744 D/dalvikvm(20397): GC_CONCURRENT freed 399K, 93% free 620K/8192K, paused 2ms+1ms, total 18ms
07-14 15:49:11.752 D/dalvikvm(20583): Trying to load lib libnativehelper.so 0x0
07-14 15:49:11.752 D/dalvikvm(20583): Added shared lib libnativehelper.so 0x0
07-14 15:49:11.862 D/dalvikvm(20397): GC_CONCURRENT freed 399K, 93% free 618K/8192K, paused 4ms+1ms, total 11ms
07-14 15:49:11.963 D/dalvikvm(20411): GC_CONCURRENT freed 394K, 6% free 9204K/9712K, paused 2ms+2ms, total 40ms
07-14 15:49:12.010 D/dalvikvm(20397): GC_CONCURRENT freed 398K, 93% free 617K/8192K, paused 2ms+1ms, total 9ms
07-14 15:49:12.018 D/AndroidRuntime(20583): Calling main entry com.android.commands.am.Am
07-14 15:49:12.026 D/dalvikvm(20583): Note: class Landroid/app/ActivityManagerNative; has 163 unimplemented (abstract) methods
07-14 15:49:12.041 D/AndroidRuntime(20583): Shutting down VM
07-14 15:49:12.049 D/dalvikvm(20583): GC_CONCURRENT freed 92K, 16% free 512K/608K, paused 0ms+0ms, total 4ms
07-14 15:49:12.135 D/dalvikvm(20397): GC_CONCURRENT freed 391K, 93% free 625K/8192K, paused 1ms+1ms, total 9ms
07-14 15:49:12.260 D/dalvikvm(20397): GC_CONCURRENT freed 407K, 93% free 617K/8192K, paused 1ms+1ms, total 9ms
07-14 15:49:12.377 E/daemon.k.a(20559): releasekWifiLock()
07-14 15:49:12.377 D/com.nd.assistance.server.ServerService(20559): *Close LogCenter.
07-14 15:49:12.377 I/Process (20559): Sending signal. PID: 20559 SIG: 9
07-14 15:49:12.385 I/ActivityManager(  374): Process com.nd.assistance.ServerService (pid 20559) has died.
07-14 15:49:12.385 W/ActivityManager(  374): Scheduling restart of crashed service com.nd.assistance/.server.ServerService in 5000ms
07-14 15:49:12.401 D/dalvikvm(20397): GC_CONCURRENT freed 399K, 93% free 619K/8192K, paused 14ms+2ms, total 24ms
07-14 15:49:12.518 D/dalvikvm(20397): GC_CONCURRENT freed 400K, 93% free 618K/8192K, paused 1ms+1ms, total 8ms
07-14 15:49:12.643 D/dalvikvm(20397): GC_CONCURRENT freed 410K, 93% free 607K/8192K, paused 0ms+1ms, total 11ms
07-14 15:49:12.760 D/dalvikvm(20411): GC_CONCURRENT freed 402K, 6% free 9207K/9712K, paused 3ms+18ms, total 55ms
07-14 15:49:12.791 D/dalvikvm(20397): GC_CONCURRENT freed 388K, 93% free 618K/8192K, paused 1ms+1ms, total 8ms
07-14 15:49:12.916 D/dalvikvm(20397): GC_CONCURRENT freed 398K, 93% free 617K/8192K, paused 1ms+1ms, total 8ms
07-14 15:49:13.057 D/dalvikvm(20397): GC_CONCURRENT freed 399K, 93% free 620K/8192K, paused 2ms+1ms, total 13ms
07-14 15:49:13.112 D/AndroidRuntime(20599): 
07-14 15:49:13.112 D/AndroidRuntime(20599): >>>>>> AndroidRuntime START com.android.internal.os.RuntimeInit <<<<<<
07-14 15:49:13.112 D/AndroidRuntime(20599): CheckJNI is OFF
07-14 15:49:13.127 D/dalvikvm(20599): Trying to load lib libjavacore.so 0x0
07-14 15:49:13.135 D/dalvikvm(20599): Added shared lib libjavacore.so 0x0
07-14 15:49:13.151 D/dalvikvm(20599): Trying to load lib libnativehelper.so 0x0
07-14 15:49:13.151 D/dalvikvm(20599): Added shared lib libnativehelper.so 0x0
07-14 15:49:13.182 D/dalvikvm(20397): GC_CONCURRENT freed 399K, 93% free 617K/8192K, paused 2ms+1ms, total 9ms
07-14 15:49:13.307 D/dalvikvm(20397): GC_CONCURRENT freed 400K, 93% free 618K/8192K, paused 1ms+1ms, total 10ms
07-14 15:49:13.424 D/dalvikvm(20397): GC_CONCURRENT freed 399K, 93% free 618K/8192K, paused 1ms+1ms, total 8ms
07-14 15:49:13.432 D/AndroidRuntime(20599): Calling main entry com.android.commands.am.Am
07-14 15:49:13.440 D/dalvikvm(20599): Note: class Landroid/app/ActivityManagerNative; has 163 unimplemented (abstract) methods
07-14 15:49:13.463 I/AndroidRuntime(20599): VM exiting with result code 1.
07-14 15:49:13.533 D/dalvikvm(20411): GC_CONCURRENT freed 408K, 6% free 9199K/9712K, paused 3ms+2ms, total 30ms
07-14 15:49:13.565 D/dalvikvm(20397): GC_CONCURRENT freed 399K, 93% free 618K/8192K, paused 0ms+1ms, total 7ms
07-14 15:49:13.698 D/dalvikvm(20397): GC_CONCURRENT freed 400K, 93% free 617K/8192K, paused 2ms+1ms, total 9ms
07-14 15:49:13.815 D/dalvikvm(20397): GC_CONCURRENT freed 398K, 93% free 618K/8192K, paused 0ms+1ms, total 7ms
07-14 15:49:13.963 D/dalvikvm(20397): GC_CONCURRENT freed 399K, 93% free 621K/8192K, paused 1ms+1ms, total 16ms
07-14 15:49:14.080 D/dalvikvm(20397): GC_CONCURRENT freed 399K, 93% free 618K/8192K, paused 1ms+1ms, total 8ms
07-14 15:49:14.229 D/dalvikvm(20397): GC_CONCURRENT freed 407K, 93% free 607K/8192K, paused 0ms+1ms, total 15ms
07-14 15:49:14.346 D/dalvikvm(20411): GC_CONCURRENT freed 400K, 6% free 9197K/9712K, paused 3ms+3ms, total 44ms
07-14 15:49:14.362 D/AndroidRuntime(20612): 
07-14 15:49:14.362 D/AndroidRuntime(20612): >>>>>> AndroidRuntime START com.android.internal.os.RuntimeInit <<<<<<
07-14 15:49:14.362 D/AndroidRuntime(20612): CheckJNI is OFF
07-14 15:49:14.377 D/dalvikvm(20612): Trying to load lib libjavacore.so 0x0
07-14 15:49:14.385 D/dalvikvm(20397): GC_CONCURRENT freed 389K, 93% free 620K/8192K, paused 2ms+2ms, total 18ms
07-14 15:49:14.385 D/dalvikvm(20612): Added shared lib libjavacore.so 0x0
07-14 15:49:14.401 D/dalvikvm(20612): Trying to load lib libnativehelper.so 0x0
07-14 15:49:14.401 D/dalvikvm(20612): Added shared lib libnativehelper.so 0x0
07-14 15:49:14.518 D/dalvikvm(20397): GC_CONCURRENT freed 399K, 93% free 617K/8192K, paused 2ms+1ms, total 9ms
07-14 15:49:14.651 D/dalvikvm(20397): GC_CONCURRENT freed 399K, 93% free 620K/8192K, paused 2ms+3ms, total 18ms
07-14 15:49:14.666 D/AndroidRuntime(20612): Calling main entry com.android.commands.pm.Pm
07-14 15:49:14.776 D/dalvikvm(20397): GC_CONCURRENT freed 399K, 93% free 617K/8192K, paused 2ms+1ms, total 9ms
07-14 15:49:14.791 D/AndroidRuntime(20612): Shutting down VM
07-14 15:49:14.799 D/dalvikvm(20612): GC_CONCURRENT freed 256K, 35% free 481K/740K, paused 0ms+1ms, total 4ms
07-14 15:49:14.901 D/dalvikvm(20397): GC_CONCURRENT freed 399K, 93% free 617K/8192K, paused 2ms+1ms, total 9ms
07-14 15:49:15.018 D/dalvikvm(20397): GC_CONCURRENT freed 400K, 93% free 618K/8192K, paused 1ms+1ms, total 8ms
07-14 15:49:15.112 D/dalvikvm(20411): GC_CONCURRENT freed 392K, 6% free 9200K/9712K, paused 3ms+2ms, total 31ms
07-14 15:49:15.151 D/dalvikvm(20397): GC_CONCURRENT freed 399K, 93% free 618K/8192K, paused 0ms+1ms, total 7ms
07-14 15:49:15.268 D/dalvikvm(20397): GC_CONCURRENT freed 399K, 93% free 618K/8192K, paused 0ms+1ms, total 7ms
07-14 15:49:15.401 D/dalvikvm(20397): GC_CONCURRENT freed 399K, 93% free 618K/8192K, paused 2ms+1ms, total 9ms
07-14 15:49:15.526 D/dalvikvm(20397): GC_CONCURRENT freed 399K, 93% free 618K/8192K, paused 1ms+1ms, total 9ms
07-14 15:49:15.651 D/dalvikvm(20397): GC_CONCURRENT freed 398K, 93% free 617K/8192K, paused 2ms+1ms, total 8ms
07-14 15:49:15.768 D/dalvikvm(20397): GC_CONCURRENT freed 400K, 93% free 618K/8192K, paused 0ms+1ms, total 7ms
07-14 15:49:15.846 D/dalvikvm(20411): GC_CONCURRENT freed 393K, 6% free 9199K/9712K, paused 2ms+3ms, total 26ms
07-14 15:49:15.893 D/dalvikvm(20397): GC_CONCURRENT freed 399K, 93% free 618K/8192K, paused 1ms+1ms, total 7ms
07-14 15:49:16.026 D/dalvikvm(20397): GC_CONCURRENT freed 399K, 93% free 618K/8192K, paused 0ms+10ms, total 18ms
07-14 15:49:16.143 D/dalvikvm(20397): GC_CONCURRENT freed 399K, 93% free 619K/8192K, paused 2ms+1ms, total 12ms
07-14 15:49:16.268 D/dalvikvm(20397): GC_CONCURRENT freed 399K, 93% free 621K/8192K, paused 2ms+1ms, total 12ms
07-14 15:49:16.385 D/dalvikvm(20397): GC_CONCURRENT freed 399K, 93% free 618K/8192K, paused 1ms+1ms, total 8ms
07-14 15:49:16.393 D/AndroidRuntime(20624): 
07-14 15:49:16.393 D/AndroidRuntime(20624): >>>>>> AndroidRuntime START com.android.internal.os.RuntimeInit <<<<<<
07-14 15:49:16.393 D/AndroidRuntime(20624): CheckJNI is OFF
07-14 15:49:16.408 D/dalvikvm(20624): Trying to load lib libjavacore.so 0x0
07-14 15:49:16.416 D/dalvikvm(20624): Added shared lib libjavacore.so 0x0
07-14 15:49:16.432 D/dalvikvm(20624): Trying to load lib libnativehelper.so 0x0
07-14 15:49:16.432 D/dalvikvm(20624): Added shared lib libnativehelper.so 0x0
07-14 15:49:16.502 D/dalvikvm(20397): GC_CONCURRENT freed 398K, 93% free 618K/8192K, paused 2ms+1ms, total 9ms
07-14 15:49:16.588 D/dalvikvm(20411): GC_CONCURRENT freed 398K, 6% free 9198K/9712K, paused 3ms+3ms, total 39ms
07-14 15:49:16.643 D/dalvikvm(20397): GC_CONCURRENT freed 398K, 93% free 617K/8192K, paused 2ms+1ms, total 9ms
07-14 15:49:16.705 D/AndroidRuntime(20624): Calling main entry com.android.commands.am.Am
07-14 15:49:16.705 D/dalvikvm(20624): Note: class Landroid/app/ActivityManagerNative; has 163 unimplemented (abstract) methods
07-14 15:49:16.737 I/ActivityManager(  374): Start proc com.nd.assistance.ServerService for service com.nd.assistance/.server.ServerService: pid=20635 uid=10065 gids={50065, 3003, 1015, 1006, 1028}
07-14 15:49:16.744 D/AndroidRuntime(20624): Shutting down VM
07-14 15:49:16.744 D/dalvikvm(20635): Late-enabling CheckJNI
07-14 15:49:16.744 D/dalvikvm(20624): GC_CONCURRENT freed 92K, 16% free 512K/608K, paused 0ms+0ms, total 4ms
07-14 15:49:16.768 I/dalvikvm(20635): Turning on JNI app bug workarounds for target SDK version 3...
07-14 15:49:16.791 D/dalvikvm(20397): GC_CONCURRENT freed 399K, 93% free 620K/8192K, paused 2ms+1ms, total 14ms
07-14 15:49:16.815 E/LogCenter(20635): logger_impl_ init
07-14 15:49:16.823 D/com.nd.assistance.server.ServerService(20635): ServerService onCreate()
07-14 15:49:16.823 D/com.nd.assistance.server.ServerService(20635): ServerService onStart()
07-14 15:49:16.823 D/com.nd.assistance.server.ServerService(20635): mIsStarting is false, set mIsStarting = true
07-14 15:49:16.823 D/com.nd.assistance.server.ServerService(20635): startDaemonServer(false)
07-14 15:49:16.830 D/com.nd.assistance.server.ServerService(20635): mDaemonServer == null
07-14 15:49:16.854 E/daemon.k.a(20635): acquireWifiLock()
07-14 15:49:16.877 D/com.nd.assistance.server.ServerService(20635): set mIsStarting = false
07-14 15:49:16.877 D/com.nd.assistance.server.ServerService(20635): start nio server
07-14 15:49:16.885 D/com.nd.assistance.server.ServerService(20635): ServerService onStart used time: 54
07-14 15:49:16.885 D/com.nd.assistance.server.ServerService(20635): ServerService onStart()
07-14 15:49:16.885 D/com.nd.assistance.server.ServerService(20635): mIsServerRun = ture
07-14 15:49:16.885 D/com.nd.assistance.server.ServerService(20635): mIsStarting is false, set mIsStarting = true
07-14 15:49:16.893 D/com.nd.assistance.server.ServerService(20635): startDaemonServer(false)
07-14 15:49:16.901 D/com.nd.assistance.server.ServerService(20635): set mIsStarting = false
07-14 15:49:16.901 D/com.nd.assistance.server.ServerService(20635): ServerService onStart used time: 13
07-14 15:49:16.924 D/daemon.h.b.c(20635): SelectReactor run()
07-14 15:49:16.940 D/dalvikvm(20397): GC_CONCURRENT freed 399K, 93% free 617K/8192K, paused 1ms+1ms, total 8ms
07-14 15:49:17.065 D/dalvikvm(20397): GC_CONCURRENT freed 400K, 93% free 618K/8192K, paused 0ms+1ms, total 7ms
07-14 15:49:17.182 D/dalvikvm(20397): GC_CONCURRENT freed 400K, 93% free 617K/8192K, paused 1ms+1ms, total 8ms
07-14 15:49:17.299 D/dalvikvm(20397): GC_CONCURRENT freed 397K, 93% free 620K/8192K, paused 2ms+1ms, total 9ms
07-14 15:49:17.377 D/dalvikvm(20411): GC_CONCURRENT freed 393K, 6% free 9199K/9712K, paused 2ms+3ms, total 37ms
07-14 15:49:17.440 D/dalvikvm(20397): GC_CONCURRENT freed 400K, 93% free 618K/8192K, paused 1ms+1ms, total 8ms
07-14 15:49:17.549 D/dalvikvm(20397): GC_CONCURRENT freed 399K, 93% free 618K/8192K, paused 1ms+1ms, total 8ms
07-14 15:49:17.666 D/dalvikvm(20397): GC_CONCURRENT freed 399K, 93% free 618K/8192K, paused 0ms+1ms, total 7ms
07-14 15:49:17.690 E/daemon.c.c(20635): start heartbeat server.
07-14 15:49:17.783 D/dalvikvm(20397): GC_CONCURRENT freed 399K, 93% free 618K/8192K, paused 1ms+1ms, total 8ms
07-14 15:49:17.893 D/dalvikvm(20397): GC_CONCURRENT freed 399K, 93% free 618K/8192K, paused 0ms+1ms, total 7ms
07-14 15:49:18.002 D/dalvikvm(20397): GC_CONCURRENT freed 399K, 93% free 618K/8192K, paused 1ms+1ms, total 8ms
07-14 15:49:18.073 D/dalvikvm(20411): GC_CONCURRENT freed 392K, 6% free 9204K/9712K, paused 3ms+5ms, total 38ms
07-14 15:49:18.143 D/dalvikvm(20397): GC_CONCURRENT freed 399K, 93% free 618K/8192K, paused 0ms+1ms, total 7ms
07-14 15:49:18.252 D/dalvikvm(20397): GC_CONCURRENT freed 399K, 93% free 618K/8192K, paused 1ms+1ms, total 8ms
07-14 15:49:18.369 D/dalvikvm(20397): GC_CONCURRENT freed 399K, 93% free 618K/8192K, paused 1ms+1ms, total 8ms
07-14 15:49:18.479 D/dalvikvm(20397): GC_CONCURRENT freed 399K, 93% free 618K/8192K, paused 0ms+1ms, total 7ms
07-14 15:49:18.588 D/dalvikvm(20397): GC_CONCURRENT freed 399K, 93% free 618K/8192K, paused 1ms+1ms, total 7ms
07-14 15:49:18.705 D/dalvikvm(20397): GC_CONCURRENT freed 399K, 93% free 618K/8192K, paused 1ms+1ms, total 7ms
07-14 15:49:18.760 D/dalvikvm(20411): GC_CONCURRENT freed 400K, 6% free 9197K/9712K, paused 2ms+2ms, total 27ms
07-14 15:49:18.830 D/dalvikvm(20397): GC_CONCURRENT freed 399K, 93% free 618K/8192K, paused 1ms+1ms, total 8ms
07-14 15:49:18.948 D/dalvikvm(20397): GC_CONCURRENT freed 399K, 93% free 618K/8192K, paused 1ms+1ms, total 8ms
07-14 15:49:19.057 D/dalvikvm(20397): GC_CONCURRENT freed 399K, 93% free 618K/8192K, paused 1ms+1ms, total 8ms
07-14 15:49:19.174 D/dalvikvm(20397): GC_CONCURRENT freed 399K, 93% free 618K/8192K, paused 1ms+1ms, total 7ms
07-14 15:49:19.283 D/dalvikvm(20397): GC_CONCURRENT freed 399K, 93% free 618K/8192K, paused 0ms+1ms, total 7ms
07-14 15:49:19.393 D/dalvikvm(20397): GC_CONCURRENT freed 399K, 93% free 618K/8192K, paused 1ms+1ms, total 8ms
07-14 15:49:19.440 D/dalvikvm(20411): GC_CONCURRENT freed 390K, 6% free 9198K/9712K, paused 3ms+2ms, total 35ms
07-14 15:49:19.526 D/dalvikvm(20397): GC_CONCURRENT freed 399K, 93% free 618K/8192K, paused 0ms+1ms, total 7ms
07-14 15:49:19.643 D/dalvikvm(20397): GC_CONCURRENT freed 399K, 93% free 618K/8192K, paused 1ms+1ms, total 8ms
07-14 15:49:19.760 D/dalvikvm(20397): GC_CONCURRENT freed 399K, 93% free 618K/8192K, paused 1ms+1ms, total 7ms
07-14 15:49:19.869 D/dalvikvm(20397): GC_CONCURRENT freed 399K, 93% free 618K/8192K, paused 1ms+1ms, total 8ms
07-14 15:49:19.979 D/dalvikvm(20397): GC_CONCURRENT freed 399K, 93% free 618K/8192K, paused 1ms+1ms, total 7ms
07-14 15:49:20.096 D/dalvikvm(20397): GC_CONCURRENT freed 399K, 93% free 618K/8192K, paused 0ms+1ms, total 7ms
07-14 15:49:20.135 D/dalvikvm(20411): GC_CONCURRENT freed 395K, 6% free 9200K/9712K, paused 3ms+4ms, total 27ms
07-14 15:49:20.229 D/dalvikvm(20397): GC_CONCURRENT freed 398K, 93% free 619K/8192K, paused 1ms+1ms, total 8ms
07-14 15:49:20.346 D/dalvikvm(20397): GC_CONCURRENT freed 400K, 93% free 618K/8192K, paused 1ms+1ms, total 8ms
07-14 15:49:20.455 D/dalvikvm(20397): GC_CONCURRENT freed 399K, 93% free 618K/8192K, paused 1ms+1ms, total 8ms
07-14 15:49:20.565 D/dalvikvm(20397): GC_CONCURRENT freed 399K, 93% free 618K/8192K, paused 0ms+1ms, total 7ms
07-14 15:49:20.682 D/dalvikvm(20397): GC_CONCURRENT freed 399K, 93% free 618K/8192K, paused 0ms+1ms, total 7ms
07-14 15:49:20.799 D/dalvikvm(20397): GC_CONCURRENT freed 399K, 93% free 618K/8192K, paused 0ms+1ms, total 7ms
07-14 15:49:20.823 D/dalvikvm(20411): GC_CONCURRENT freed 396K, 6% free 9199K/9712K, paused 2ms+5ms, total 29ms
07-14 15:49:20.916 D/dalvikvm(20397): GC_CONCURRENT freed 399K, 93% free 618K/8192K, paused 0ms+1ms, total 7ms
07-14 15:49:21.033 D/dalvikvm(20397): GC_CONCURRENT freed 399K, 93% free 618K/8192K, paused 0ms+1ms, total 7ms
07-14 15:49:21.151 D/dalvikvm(20397): GC_CONCURRENT freed 399K, 93% free 618K/8192K, paused 1ms+1ms, total 8ms
07-14 15:49:21.260 D/dalvikvm(20397): GC_CONCURRENT freed 399K, 93% free 618K/8192K, paused 0ms+1ms, total 7ms
07-14 15:49:21.377 D/dalvikvm(20397): GC_CONCURRENT freed 399K, 93% free 618K/8192K, paused 0ms+1ms, total 7ms
07-14 15:49:21.487 D/dalvikvm(20397): GC_CONCURRENT freed 399K, 93% free 618K/8192K, paused 0ms+1ms, total 8ms
07-14 15:49:21.518 D/dalvikvm(20411): GC_CONCURRENT freed 399K, 6% free 9199K/9712K, paused 3ms+3ms, total 29ms
07-14 15:49:21.612 D/dalvikvm(20397): GC_CONCURRENT freed 399K, 93% free 618K/8192K, paused 1ms+1ms, total 8ms
07-14 15:49:21.729 D/dalvikvm(20397): GC_CONCURRENT freed 399K, 93% free 618K/8192K, paused 0ms+1ms, total 7ms
07-14 15:49:21.846 D/dalvikvm(20397): GC_CONCURRENT freed 399K, 93% free 618K/8192K, paused 0ms+1ms, total 7ms
07-14 15:49:21.979 D/dalvikvm(20397): GC_CONCURRENT freed 399K, 93% free 618K/8192K, paused 0ms+1ms, total 7ms
07-14 15:49:22.096 D/dalvikvm(20397): GC_CONCURRENT freed 399K, 93% free 618K/8192K, paused 0ms+1ms, total 7ms
07-14 15:49:22.205 D/dalvikvm(20397): GC_CONCURRENT freed 399K, 93% free 618K/8192K, paused 0ms+1ms, total 7ms
07-14 15:49:22.229 D/dalvikvm(20411): GC_CONCURRENT freed 397K, 6% free 9201K/9712K, paused 3ms+4ms, total 27ms
07-14 15:49:22.338 D/dalvikvm(20397): GC_CONCURRENT freed 398K, 93% free 620K/8192K, paused 2ms+1ms, total 9ms
07-14 15:49:22.455 D/dalvikvm(20397): GC_CONCURRENT freed 399K, 93% free 617K/8192K, paused 2ms+1ms, total 9ms
07-14 15:49:22.580 D/dalvikvm(20397): GC_CONCURRENT freed 401K, 93% free 617K/8192K, paused 2ms+1ms, total 9ms
07-14 15:49:22.690 D/dalvikvm(20397): GC_CONCURRENT freed 398K, 93% free 618K/8192K, paused 0ms+1ms, total 7ms
07-14 15:49:22.799 D/dalvikvm(20397): GC_CONCURRENT freed 399K, 93% free 618K/8192K, paused 1ms+1ms, total 8ms
07-14 15:49:22.932 D/dalvikvm(20397): GC_CONCURRENT freed 399K, 93% free 618K/8192K, paused 1ms+1ms, total 8ms
07-14 15:49:22.940 D/dalvikvm(20411): GC_CONCURRENT freed 395K, 6% free 9199K/9712K, paused 2ms+3ms, total 38ms
07-14 15:49:23.049 D/dalvikvm(20397): GC_CONCURRENT freed 399K, 93% free 618K/8192K, paused 0ms+1ms, total 7ms
07-14 15:49:23.166 D/dalvikvm(20397): GC_CONCURRENT freed 399K, 93% free 618K/8192K, paused 1ms+1ms, total 8ms
07-14 15:49:23.276 D/dalvikvm(20397): GC_CONCURRENT freed 399K, 93% free 618K/8192K, paused 0ms+1ms, total 7ms
07-14 15:49:23.385 D/dalvikvm(20397): GC_CONCURRENT freed 399K, 93% free 618K/8192K, paused 1ms+1ms, total 7ms
07-14 15:49:23.502 D/dalvikvm(20397): GC_CONCURRENT freed 399K, 93% free 618K/8192K, paused 1ms+1ms, total 8ms
07-14 15:49:23.627 D/dalvikvm(20397): GC_CONCURRENT freed 398K, 93% free 620K/8192K, paused 1ms+9ms, total 16ms
07-14 15:49:23.635 D/dalvikvm(20411): GC_CONCURRENT freed 393K, 6% free 9198K/9712K, paused 2ms+2ms, total 33ms
07-14 15:49:23.752 D/dalvikvm(20397): GC_CONCURRENT freed 400K, 93% free 618K/8192K, paused 1ms+1ms, total 8ms
07-14 15:49:23.862 D/dalvikvm(20397): GC_CONCURRENT freed 399K, 93% free 618K/8192K, paused 0ms+1ms, total 7ms
07-14 15:49:23.971 D/dalvikvm(20397): GC_CONCURRENT freed 399K, 93% free 618K/8192K, paused 0ms+1ms, total 7ms
07-14 15:49:24.088 D/dalvikvm(20397): GC_CONCURRENT freed 399K, 93% free 618K/8192K, paused 0ms+1ms, total 7ms
07-14 15:49:24.182 D/JOBS    (18129): Thread-835: load factor check. true = (0 < 1)|| (0 * 3 < 0 + 0). consumer thread: true
07-14 15:49:24.182 D/JOBS    (18129): didn't allow me to die, re-running Thread-835
07-14 15:49:24.182 D/JOBS    (18129): re-running consumer Thread-835
07-14 15:49:24.198 D/dalvikvm(20397): GC_CONCURRENT freed 399K, 93% free 618K/8192K, paused 0ms+1ms, total 7ms
07-14 15:49:24.315 D/dalvikvm(20411): GC_CONCURRENT freed 392K, 6% free 9200K/9712K, paused 3ms+4ms, total 36ms
07-14 15:49:24.330 D/dalvikvm(20397): GC_CONCURRENT freed 396K, 93% free 621K/8192K, paused 2ms+1ms, total 9ms
07-14 15:49:24.440 D/dalvikvm(20397): GC_CONCURRENT freed 401K, 93% free 618K/8192K, paused 0ms+1ms, total 7ms
07-14 15:49:24.549 D/dalvikvm(20397): GC_CONCURRENT freed 399K, 93% free 618K/8192K, paused 0ms+1ms, total 7ms
07-14 15:49:24.666 D/dalvikvm(20397): GC_CONCURRENT freed 399K, 93% free 618K/8192K, paused 1ms+1ms, total 8ms
07-14 15:49:24.737 D/dalvikvm(20635): GC_CONCURRENT freed 235K, 3% free 9070K/9344K, paused 13ms+2ms, total 41ms
07-14 15:49:24.783 D/dalvikvm(20397): GC_CONCURRENT freed 399K, 93% free 618K/8192K, paused 1ms+1ms, total 8ms
07-14 15:49:24.893 D/dalvikvm(20397): GC_CONCURRENT freed 399K, 93% free 618K/8192K, paused 1ms+1ms, total 7ms
07-14 15:49:25.002 D/dalvikvm(20411): GC_CONCURRENT freed 393K, 6% free 9204K/9712K, paused 2ms+10ms, total 37ms
07-14 15:49:25.026 D/dalvikvm(20397): GC_CONCURRENT freed 399K, 93% free 618K/8192K, paused 0ms+1ms, total 7ms
07-14 15:49:25.143 D/dalvikvm(20397): GC_CONCURRENT freed 399K, 93% free 618K/8192K, paused 1ms+1ms, total 8ms
07-14 15:49:25.260 D/dalvikvm(20397): GC_CONCURRENT freed 399K, 93% free 618K/8192K, paused 2ms+1ms, total 9ms
07-14 15:49:25.369 D/dalvikvm(20397): GC_CONCURRENT freed 399K, 93% free 618K/8192K, paused 0ms+1ms, total 7ms
07-14 15:49:25.479 D/dalvikvm(20397): GC_CONCURRENT freed 399K, 93% free 618K/8192K, paused 0ms+1ms, total 7ms
07-14 15:49:25.596 D/dalvikvm(20397): GC_CONCURRENT freed 399K, 93% free 618K/8192K, paused 0ms+1ms, total 7ms
07-14 15:49:25.698 D/dalvikvm(20411): GC_CONCURRENT freed 405K, 6% free 9198K/9712K, paused 3ms+2ms, total 27ms
07-14 15:49:25.713 D/dalvikvm(20397): GC_CONCURRENT freed 400K, 93% free 618K/8192K, paused 0ms+1ms, total 7ms
07-14 15:49:25.823 D/dalvikvm(20397): GC_CONCURRENT freed 399K, 93% free 618K/8192K, paused 0ms+1ms, total 7ms
07-14 15:49:25.932 D/dalvikvm(20397): GC_CONCURRENT freed 399K, 93% free 618K/8192K, paused 0ms+1ms, total 7ms
07-14 15:49:26.041 D/dalvikvm(20397): GC_CONCURRENT freed 399K, 93% free 618K/8192K, paused 0ms+1ms, total 7ms
07-14 15:49:26.158 D/dalvikvm(20397): GC_CONCURRENT freed 399K, 93% free 618K/8192K, paused 1ms+1ms, total 8ms
07-14 15:49:26.268 D/dalvikvm(20397): GC_CONCURRENT freed 399K, 93% free 618K/8192K, paused 0ms+1ms, total 7ms
07-14 15:49:26.369 D/dalvikvm(20411): GC_CONCURRENT freed 393K, 6% free 9198K/9712K, paused 2ms+4ms, total 37ms
07-14 15:49:26.401 D/dalvikvm(20397): GC_CONCURRENT freed 399K, 93% free 618K/8192K, paused 1ms+1ms, total 7ms
07-14 15:49:26.510 D/dalvikvm(20397): GC_CONCURRENT freed 399K, 93% free 618K/8192K, paused 0ms+1ms, total 7ms
07-14 15:49:26.619 D/dalvikvm(20397): GC_CONCURRENT freed 399K, 93% free 618K/8192K, paused 0ms+1ms, total 7ms
07-14 15:49:26.737 D/dalvikvm(20397): GC_CONCURRENT freed 399K, 93% free 618K/8192K, paused 0ms+1ms, total 8ms
07-14 15:49:26.846 D/dalvikvm(20397): GC_CONCURRENT freed 399K, 93% free 618K/8192K, paused 1ms+1ms, total 8ms
07-14 15:49:26.971 D/dalvikvm(20397): GC_CONCURRENT freed 399K, 93% free 618K/8192K, paused 1ms+1ms, total 8ms
07-14 15:49:27.049 D/dalvikvm(20411): GC_CONCURRENT freed 392K, 6% free 9198K/9712K, paused 3ms+3ms, total 26ms
07-14 15:49:27.088 D/dalvikvm(20397): GC_CONCURRENT freed 399K, 93% free 618K/8192K, paused 1ms+1ms, total 8ms
07-14 15:49:27.198 D/dalvikvm(20397): GC_CONCURRENT freed 399K, 93% free 618K/8192K, paused 0ms+1ms, total 7ms
07-14 15:49:27.307 D/dalvikvm(20397): GC_CONCURRENT freed 399K, 93% free 618K/8192K, paused 0ms+1ms, total 7ms
07-14 15:49:27.416 D/dalvikvm(20397): GC_CONCURRENT freed 399K, 93% free 618K/8192K, paused 0ms+1ms, total 7ms
07-14 15:49:27.533 D/dalvikvm(20397): GC_CONCURRENT freed 399K, 93% free 618K/8192K, paused 1ms+1ms, total 7ms
07-14 15:49:27.643 D/dalvikvm(20397): GC_CONCURRENT freed 399K, 93% free 618K/8192K, paused 1ms+1ms, total 7ms
07-14 15:49:27.721 D/dalvikvm(20411): GC_CONCURRENT freed 398K, 6% free 9199K/9712K, paused 2ms+4ms, total 26ms
07-14 15:49:27.760 D/dalvikvm(20397): GC_CONCURRENT freed 399K, 93% free 618K/8192K, paused 1ms+1ms, total 8ms
07-14 15:49:27.877 D/dalvikvm(20397): GC_CONCURRENT freed 399K, 93% free 618K/8192K, paused 0ms+1ms, total 7ms
07-14 15:49:27.987 D/dalvikvm(20397): GC_CONCURRENT freed 399K, 93% free 618K/8192K, paused 1ms+1ms, total 7ms
07-14 15:49:28.104 D/dalvikvm(20397): GC_CONCURRENT freed 399K, 93% free 618K/8192K, paused 0ms+1ms, total 7ms
07-14 15:49:28.213 D/dalvikvm(20397): GC_CONCURRENT freed 399K, 93% free 618K/8192K, paused 1ms+1ms, total 7ms
07-14 15:49:28.330 D/dalvikvm(20397): GC_CONCURRENT freed 399K, 93% free 618K/8192K, paused 0ms+1ms, total 7ms
07-14 15:49:28.408 D/dalvikvm(20411): GC_CONCURRENT freed 399K, 6% free 9199K/9712K, paused 2ms+3ms, total 27ms
07-14 15:49:28.448 D/dalvikvm(20397): GC_CONCURRENT freed 399K, 93% free 618K/8192K, paused 0ms+1ms, total 7ms
07-14 15:49:28.557 D/dalvikvm(20397): GC_CONCURRENT freed 399K, 93% free 618K/8192K, paused 1ms+1ms, total 8ms
07-14 15:49:28.666 D/dalvikvm(20397): GC_CONCURRENT freed 399K, 93% free 618K/8192K, paused 0ms+1ms, total 7ms
07-14 15:49:28.783 D/dalvikvm(20397): GC_CONCURRENT freed 399K, 93% free 618K/8192K, paused 1ms+1ms, total 8ms
07-14 15:49:28.893 D/dalvikvm(20397): GC_CONCURRENT freed 399K, 93% free 618K/8192K, paused 1ms+1ms, total 8ms
07-14 15:49:29.002 D/dalvikvm(20397): GC_CONCURRENT freed 399K, 93% free 618K/8192K, paused 1ms+1ms, total 8ms
07-14 15:49:29.088 D/dalvikvm(20411): GC_CONCURRENT freed 394K, 6% free 9197K/9712K, paused 2ms+2ms, total 30ms
07-14 15:49:29.135 D/dalvikvm(20397): GC_CONCURRENT freed 399K, 93% free 618K/8192K, paused 0ms+1ms, total 7ms
07-14 15:49:29.252 D/dalvikvm(20397): GC_CONCURRENT freed 399K, 93% free 618K/8192K, paused 2ms+1ms, total 8ms
07-14 15:49:29.362 D/dalvikvm(20397): GC_CONCURRENT freed 399K, 93% free 618K/8192K, paused 1ms+1ms, total 7ms
07-14 15:49:29.471 D/dalvikvm(20397): GC_CONCURRENT freed 399K, 93% free 618K/8192K, paused 1ms+1ms, total 7ms
07-14 15:49:29.588 D/dalvikvm(20397): GC_CONCURRENT freed 399K, 93% free 618K/8192K, paused 1ms+1ms, total 8ms
07-14 15:49:29.698 D/dalvikvm(20397): GC_CONCURRENT freed 399K, 93% free 618K/8192K, paused 0ms+1ms, total 7ms
07-14 15:49:29.768 D/dalvikvm(20411): GC_CONCURRENT freed 387K, 6% free 9201K/9712K, paused 1ms+2ms, total 34ms
07-14 15:49:29.830 D/dalvikvm(20397): GC_CONCURRENT freed 399K, 93% free 618K/8192K, paused 0ms+1ms, total 7ms
07-14 15:49:29.940 D/dalvikvm(20397): GC_CONCURRENT freed 399K, 93% free 618K/8192K, paused 0ms+1ms, total 7ms
07-14 15:49:30.049 D/dalvikvm(20397): GC_CONCURRENT freed 399K, 93% free 618K/8192K, paused 1ms+1ms, total 7ms
07-14 15:49:30.166 D/dalvikvm(20397): GC_CONCURRENT freed 399K, 93% free 618K/8192K, paused 1ms+1ms, total 7ms
07-14 15:49:30.276 D/dalvikvm(20397): GC_CONCURRENT freed 399K, 93% free 618K/8192K, paused 1ms+1ms, total 8ms
07-14 15:49:30.385 D/dalvikvm(20397): GC_CONCURRENT freed 399K, 93% free 618K/8192K, paused 0ms+1ms, total 7ms
07-14 15:49:30.432 D/dalvikvm(20411): GC_CONCURRENT freed 398K, 6% free 9198K/9712K, paused 3ms+4ms, total 29ms
07-14 15:49:30.502 D/dalvikvm(20397): GC_CONCURRENT freed 399K, 93% free 618K/8192K, paused 0ms+1ms, total 7ms
07-14 15:49:30.619 D/dalvikvm(20397): GC_CONCURRENT freed 399K, 93% free 618K/8192K, paused 1ms+2ms, total 8ms
07-14 15:49:30.729 D/dalvikvm(20397): GC_CONCURRENT freed 399K, 93% free 618K/8192K, paused 0ms+1ms, total 7ms
07-14 15:49:30.838 D/dalvikvm(20397): GC_CONCURRENT freed 399K, 93% free 618K/8192K, paused 0ms+1ms, total 7ms
07-14 15:49:30.948 D/dalvikvm(20397): GC_CONCURRENT freed 399K, 93% free 618K/8192K, paused 1ms+1ms, total 8ms
07-14 15:49:31.065 D/dalvikvm(20397): GC_CONCURRENT freed 399K, 93% free 618K/8192K, paused 1ms+1ms, total 9ms
07-14 15:49:31.104 D/dalvikvm(20411): GC_CONCURRENT freed 398K, 6% free 9199K/9712K, paused 2ms+2ms, total 24ms
07-14 15:49:31.182 D/dalvikvm(20397): GC_CONCURRENT freed 399K, 93% free 618K/8192K, paused 1ms+1ms, total 7ms
07-14 15:49:31.291 D/dalvikvm(20397): GC_CONCURRENT freed 399K, 93% free 618K/8192K, paused 0ms+1ms, total 7ms
07-14 15:49:31.401 D/dalvikvm(20397): GC_CONCURRENT freed 399K, 93% free 618K/8192K, paused 1ms+1ms, total 8ms
07-14 15:49:31.510 D/dalvikvm(20397): GC_CONCURRENT freed 383K, 93% free 619K/8192K, paused 2ms+1ms, total 9ms
07-14 15:49:31.635 D/dalvikvm(20397): GC_CONCURRENT freed 386K, 93% free 616K/8192K, paused 2ms+1ms, total 9ms
07-14 15:49:31.744 D/dalvikvm(20397): GC_CONCURRENT freed 399K, 93% free 607K/8192K, paused 1ms+1ms, total 8ms
07-14 15:49:31.807 D/dalvikvm(20411): GC_CONCURRENT freed 401K, 6% free 9198K/9712K, paused 3ms+2ms, total 28ms
07-14 15:49:31.869 D/dalvikvm(20397): GC_CONCURRENT freed 387K, 93% free 619K/8192K, paused 1ms+1ms, total 8ms
07-14 15:49:31.979 D/dalvikvm(20397): GC_CONCURRENT freed 399K, 93% free 619K/8192K, paused 1ms+1ms, total 8ms
07-14 15:49:32.088 D/dalvikvm(20397): GC_CONCURRENT freed 399K, 93% free 619K/8192K, paused 1ms+1ms, total 8ms
07-14 15:49:32.205 D/dalvikvm(20397): GC_CONCURRENT freed 399K, 93% free 619K/8192K, paused 1ms+1ms, total 8ms
07-14 15:49:32.315 D/dalvikvm(20397): GC_CONCURRENT freed 399K, 93% free 619K/8192K, paused 1ms+1ms, total 8ms
07-14 15:49:32.424 D/dalvikvm(20397): GC_CONCURRENT freed 399K, 93% free 619K/8192K, paused 0ms+1ms, total 7ms
07-14 15:49:32.487 D/dalvikvm(20411): GC_CONCURRENT freed 391K, 6% free 9200K/9712K, paused 2ms+3ms, total 38ms
07-14 15:49:32.557 D/dalvikvm(20397): GC_CONCURRENT freed 399K, 93% free 619K/8192K, paused 1ms+1ms, total 8ms
07-14 15:49:32.666 D/dalvikvm(20397): GC_CONCURRENT freed 399K, 93% free 619K/8192K, paused 0ms+1ms, total 7ms
07-14 15:49:32.783 D/dalvikvm(20397): GC_CONCURRENT freed 399K, 93% free 619K/8192K, paused 1ms+1ms, total 8ms
07-14 15:49:32.893 D/dalvikvm(20397): GC_CONCURRENT freed 399K, 93% free 619K/8192K, paused 1ms+1ms, total 7ms
07-14 15:49:33.002 D/dalvikvm(20397): GC_CONCURRENT freed 399K, 93% free 619K/8192K, paused 1ms+1ms, total 8ms
07-14 15:49:33.119 D/dalvikvm(20397): GC_CONCURRENT freed 399K, 93% free 619K/8192K, paused 0ms+1ms, total 7ms
07-14 15:49:33.166 D/dalvikvm(20411): GC_CONCURRENT freed 395K, 6% free 9201K/9712K, paused 3ms+4ms, total 31ms
07-14 15:49:33.244 D/dalvikvm(20397): GC_CONCURRENT freed 399K, 93% free 619K/8192K, paused 1ms+1ms, total 7ms
07-14 15:49:33.362 D/dalvikvm(20397): GC_CONCURRENT freed 399K, 93% free 619K/8192K, paused 1ms+1ms, total 8ms
07-14 15:49:33.471 D/dalvikvm(20397): GC_CONCURRENT freed 399K, 93% free 619K/8192K, paused 1ms+1ms, total 7ms
07-14 15:49:33.580 D/dalvikvm(20397): GC_CONCURRENT freed 399K, 93% free 619K/8192K, paused 1ms+1ms, total 8ms
07-14 15:49:33.690 D/dalvikvm(20397): GC_CONCURRENT freed 399K, 93% free 619K/8192K, paused 0ms+1ms, total 7ms
07-14 15:49:33.807 D/dalvikvm(20397): GC_CONCURRENT freed 399K, 93% free 619K/8192K, paused 1ms+1ms, total 9ms
07-14 15:49:33.846 D/dalvikvm(20411): GC_CONCURRENT freed 397K, 6% free 9200K/9712K, paused 2ms+3ms, total 28ms
07-14 15:49:33.932 D/dalvikvm(20397): GC_CONCURRENT freed 399K, 93% free 619K/8192K, paused 1ms+1ms, total 8ms
07-14 15:49:34.041 D/dalvikvm(20397): GC_CONCURRENT freed 399K, 93% free 619K/8192K, paused 1ms+1ms, total 9ms
07-14 15:49:34.151 D/dalvikvm(20397): GC_CONCURRENT freed 399K, 93% free 619K/8192K, paused 0ms+1ms, total 7ms
07-14 15:49:34.268 D/dalvikvm(20397): GC_CONCURRENT freed 399K, 93% free 619K/8192K, paused 0ms+1ms, total 8ms
07-14 15:49:34.377 D/dalvikvm(20397): GC_CONCURRENT freed 399K, 93% free 619K/8192K, paused 1ms+1ms, total 8ms
07-14 15:49:34.487 D/dalvikvm(20397): GC_CONCURRENT freed 399K, 93% free 619K/8192K, paused 1ms+1ms, total 8ms
07-14 15:49:34.526 D/dalvikvm(20411): GC_CONCURRENT freed 399K, 6% free 9198K/9712K, paused 3ms+4ms, total 27ms
07-14 15:49:34.604 D/dalvikvm(20397): GC_CONCURRENT freed 399K, 93% free 619K/8192K, paused 1ms+1ms, total 8ms
07-14 15:49:34.721 D/dalvikvm(20397): GC_CONCURRENT freed 399K, 93% free 619K/8192K, paused 0ms+1ms, total 8ms
07-14 15:49:34.830 D/dalvikvm(20397): GC_CONCURRENT freed 400K, 93% free 619K/8192K, paused 2ms+1ms, total 8ms
07-14 15:49:34.948 D/dalvikvm(20397): GC_CONCURRENT freed 397K, 93% free 619K/8192K, paused 1ms+1ms, total 8ms
07-14 15:49:35.057 D/dalvikvm(20397): GC_CONCURRENT freed 399K, 93% free 619K/8192K, paused 0ms+1ms, total 7ms
07-14 15:49:35.174 D/dalvikvm(20397): GC_CONCURRENT freed 399K, 93% free 619K/8192K, paused 0ms+1ms, total 7ms
07-14 15:49:35.205 D/dalvikvm(20411): GC_CONCURRENT freed 392K, 6% free 9199K/9712K, paused 3ms+3ms, total 28ms
07-14 15:49:35.299 D/dalvikvm(20397): GC_CONCURRENT freed 399K, 93% free 619K/8192K, paused 1ms+1ms, total 8ms
07-14 15:49:35.408 D/dalvikvm(20397): GC_CONCURRENT freed 399K, 93% free 619K/8192K, paused 1ms+1ms, total 8ms
07-14 15:49:35.518 D/dalvikvm(20397): GC_CONCURRENT freed 399K, 93% free 619K/8192K, paused 1ms+1ms, total 8ms
07-14 15:49:35.627 D/dalvikvm(20397): GC_CONCURRENT freed 399K, 93% free 619K/8192K, paused 0ms+1ms, total 7ms
07-14 15:49:35.744 D/dalvikvm(20397): GC_CONCURRENT freed 399K, 93% free 619K/8192K, paused 0ms+1ms, total 8ms
07-14 15:49:35.854 D/dalvikvm(20397): GC_CONCURRENT freed 399K, 93% free 619K/8192K, paused 0ms+1ms, total 8ms
07-14 15:49:35.877 D/dalvikvm(20411): GC_CONCURRENT freed 398K, 6% free 9199K/9712K, paused 3ms+4ms, total 28ms
07-14 15:49:35.979 D/dalvikvm(20397): GC_CONCURRENT freed 399K, 93% free 619K/8192K, paused 2ms+1ms, total 9ms
07-14 15:49:36.088 D/dalvikvm(20397): GC_CONCURRENT freed 399K, 93% free 619K/8192K, paused 1ms+1ms, total 8ms
07-14 15:49:36.198 D/dalvikvm(20397): GC_CONCURRENT freed 399K, 93% free 619K/8192K, paused 1ms+1ms, total 7ms
07-14 15:49:36.315 D/dalvikvm(20397): GC_CONCURRENT freed 399K, 93% free 619K/8192K, paused 0ms+1ms, total 8ms
07-14 15:49:36.424 D/dalvikvm(20397): GC_CONCURRENT freed 399K, 93% free 619K/8192K, paused 0ms+1ms, total 8ms
07-14 15:49:36.533 D/dalvikvm(20397): GC_CONCURRENT freed 399K, 93% free 619K/8192K, paused 1ms+1ms, total 8ms
07-14 15:49:36.557 D/dalvikvm(20411): GC_CONCURRENT freed 398K, 6% free 9200K/9712K, paused 3ms+2ms, total 26ms
07-14 15:49:36.658 D/dalvikvm(20397): GC_CONCURRENT freed 399K, 93% free 619K/8192K, paused 0ms+1ms, total 7ms
07-14 15:49:36.768 D/dalvikvm(20397): GC_CONCURRENT freed 399K, 93% free 619K/8192K, paused 0ms+1ms, total 7ms
07-14 15:49:36.885 D/dalvikvm(20397): GC_CONCURRENT freed 399K, 93% free 619K/8192K, paused 2ms+1ms, total 10ms
07-14 15:49:36.924 D/dalvikvm(  577): GC_CONCURRENT freed 406K, 5% free 9555K/10004K, paused 13ms+4ms, total 53ms
07-14 15:49:37.010 D/dalvikvm(20397): GC_CONCURRENT freed 399K, 93% free 619K/8192K, paused 1ms+1ms, total 8ms
07-14 15:49:37.127 D/dalvikvm(20397): GC_CONCURRENT freed 399K, 93% free 619K/8192K, paused 1ms+1ms, total 8ms
07-14 15:49:37.244 D/dalvikvm(20397): GC_CONCURRENT freed 399K, 93% free 619K/8192K, paused 0ms+1ms, total 7ms
07-14 15:49:37.260 D/dalvikvm(20411): GC_CONCURRENT freed 391K, 6% free 9201K/9712K, paused 2ms+3ms, total 26ms
07-14 15:49:37.369 D/dalvikvm(20397): GC_CONCURRENT freed 399K, 93% free 619K/8192K, paused 0ms+1ms, total 7ms
07-14 15:49:37.487 D/dalvikvm(20397): GC_CONCURRENT freed 399K, 93% free 619K/8192K, paused 0ms+1ms, total 7ms
07-14 15:49:37.596 D/dalvikvm(20397): GC_CONCURRENT freed 399K, 93% free 619K/8192K, paused 0ms+1ms, total 7ms
07-14 15:49:37.705 D/dalvikvm(20397): GC_CONCURRENT freed 410K, 93% free 607K/8192K, paused 1ms+0ms, total 8ms
07-14 15:49:37.823 D/dalvikvm(20397): GC_CONCURRENT freed 388K, 93% free 619K/8192K, paused 1ms+1ms, total 8ms
07-14 15:49:37.940 D/dalvikvm(20397): GC_CONCURRENT freed 399K, 93% free 619K/8192K, paused 0ms+1ms, total 7ms
07-14 15:49:37.948 D/dalvikvm(20411): GC_CONCURRENT freed 400K, 6% free 9201K/9712K, paused 3ms+3ms, total 36ms
07-14 15:49:38.057 D/dalvikvm(20397): GC_CONCURRENT freed 399K, 93% free 619K/8192K, paused 0ms+1ms, total 7ms
07-14 15:49:38.166 D/dalvikvm(20397): GC_CONCURRENT freed 399K, 93% free 619K/8192K, paused 1ms+1ms, total 7ms
07-14 15:49:38.283 D/dalvikvm(20397): GC_CONCURRENT freed 400K, 93% free 618K/8192K, paused 2ms+1ms, total 8ms
07-14 15:49:38.393 D/dalvikvm(20397): GC_CONCURRENT freed 381K, 93% free 635K/8192K, paused 2ms+1ms, total 11ms
07-14 15:49:38.510 D/dalvikvm(20397): GC_CONCURRENT freed 415K, 93% free 619K/8192K, paused 0ms+1ms, total 8ms
07-14 15:49:38.635 D/dalvikvm(20397): GC_CONCURRENT freed 399K, 93% free 619K/8192K, paused 0ms+1ms, total 8ms
07-14 15:49:38.643 D/dalvikvm(20411): GC_CONCURRENT freed 396K, 6% free 9203K/9712K, paused 3ms+8ms, total 44ms
07-14 15:49:38.752 D/dalvikvm(20397): GC_CONCURRENT freed 399K, 93% free 619K/8192K, paused 1ms+1ms, total 8ms
07-14 15:49:38.862 D/dalvikvm(20397): GC_CONCURRENT freed 399K, 93% free 619K/8192K, paused 0ms+1ms, total 8ms
07-14 15:49:38.979 D/dalvikvm(20397): GC_CONCURRENT freed 399K, 93% free 619K/8192K, paused 1ms+1ms, total 8ms
07-14 15:49:39.088 D/dalvikvm(20397): GC_CONCURRENT freed 399K, 93% free 619K/8192K, paused 1ms+1ms, total 8ms
07-14 15:49:39.205 D/dalvikvm(20397): GC_CONCURRENT freed 400K, 93% free 617K/8192K, paused 1ms+1ms, total 8ms
07-14 15:49:39.323 D/dalvikvm(20397): GC_CONCURRENT freed 397K, 93% free 619K/8192K, paused 0ms+1ms, total 7ms
07-14 15:49:39.338 D/dalvikvm(20411): GC_CONCURRENT freed 401K, 6% free 9203K/9712K, paused 3ms+7ms, total 42ms
07-14 15:49:39.448 D/dalvikvm(20397): GC_CONCURRENT freed 399K, 93% free 619K/8192K, paused 2ms+1ms, total 9ms
07-14 15:49:39.557 D/dalvikvm(20397): GC_CONCURRENT freed 399K, 93% free 619K/8192K, paused 1ms+1ms, total 8ms
07-14 15:49:39.674 D/dalvikvm(20397): GC_CONCURRENT freed 399K, 93% free 619K/8192K, paused 1ms+1ms, total 8ms
07-14 15:49:39.783 D/dalvikvm(20397): GC_CONCURRENT freed 399K, 93% free 619K/8192K, paused 0ms+1ms, total 7ms
07-14 15:49:39.893 D/dalvikvm(20397): GC_CONCURRENT freed 399K, 93% free 619K/8192K, paused 0ms+1ms, total 7ms
07-14 15:49:40.018 D/dalvikvm(20397): GC_CONCURRENT freed 399K, 93% free 621K/8192K, paused 1ms+1ms, total 16ms
07-14 15:49:40.026 D/dalvikvm(20411): GC_CONCURRENT freed 405K, 6% free 9197K/9712K, paused 2ms+2ms, total 32ms
07-14 15:49:40.135 D/dalvikvm(20397): GC_CONCURRENT freed 410K, 93% free 607K/8192K, paused 2ms+1ms, total 10ms
07-14 15:49:40.244 D/dalvikvm(20397): GC_CONCURRENT freed 387K, 93% free 619K/8192K, paused 1ms+1ms, total 7ms
07-14 15:49:40.354 D/dalvikvm(20397): GC_CONCURRENT freed 399K, 93% free 619K/8192K, paused 0ms+1ms, total 7ms
07-14 15:49:40.463 D/dalvikvm(20397): GC_CONCURRENT freed 399K, 93% free 619K/8192K, paused 1ms+1ms, total 8ms
07-14 15:49:40.573 D/dalvikvm(20397): GC_CONCURRENT freed 399K, 93% free 619K/8192K, paused 0ms+1ms, total 7ms
07-14 15:49:40.690 D/dalvikvm(20397): GC_CONCURRENT freed 399K, 93% free 619K/8192K, paused 1ms+1ms, total 8ms
07-14 15:49:40.698 D/dalvikvm(20411): GC_CONCURRENT freed 391K, 6% free 9205K/9712K, paused 2ms+2ms, total 32ms
07-14 15:49:40.807 D/dalvikvm(20397): GC_CONCURRENT freed 399K, 93% free 619K/8192K, paused 1ms+1ms, total 8ms
07-14 15:49:40.916 D/dalvikvm(20397): GC_CONCURRENT freed 399K, 93% free 619K/8192K, paused 0ms+1ms, total 7ms
07-14 15:49:41.026 D/dalvikvm(20397): GC_CONCURRENT freed 399K, 93% free 619K/8192K, paused 1ms+1ms, total 8ms
07-14 15:49:41.143 D/dalvikvm(20397): GC_CONCURRENT freed 399K, 93% free 619K/8192K, paused 0ms+1ms, total 7ms
07-14 15:49:41.252 D/dalvikvm(20397): GC_CONCURRENT freed 399K, 93% free 619K/8192K, paused 1ms+1ms, total 8ms
07-14 15:49:41.369 D/dalvikvm(20411): GC_CONCURRENT freed 394K, 6% free 9201K/9712K, paused 3ms+2ms, total 28ms
