07-14 15:49:41.385 D/dalvikvm(20397): GC_CONCURRENT freed 399K, 93% free 619K/8192K, paused 2ms+0ms, total 9ms
07-14 15:49:41.494 D/dalvikvm(20397): GC_CONCURRENT freed 399K, 93% free 619K/8192K, paused 1ms+1ms, total 7ms
07-14 15:49:41.604 D/dalvikvm(20397): GC_CONCURRENT freed 399K, 93% free 619K/8192K, paused 0ms+1ms, total 7ms
07-14 15:49:41.713 D/dalvikvm(20397): GC_CONCURRENT freed 399K, 93% free 619K/8192K, paused 0ms+1ms, total 7ms
07-14 15:49:41.830 D/dalvikvm(20397): GC_CONCURRENT freed 399K, 93% free 619K/8192K, paused 1ms+1ms, total 8ms
07-14 15:49:41.948 D/dalvikvm(20397): GC_CONCURRENT freed 399K, 93% free 619K/8192K, paused 1ms+1ms, total 13ms
07-14 15:49:42.049 D/dalvikvm(20411): GC_CONCURRENT freed 399K, 6% free 9197K/9712K, paused 2ms+1ms, total 36ms
07-14 15:49:42.073 D/dalvikvm(20397): GC_CONCURRENT freed 411K, 93% free 607K/8192K, paused 0ms+1ms, total 7ms
07-14 15:49:42.182 D/dalvikvm(20397): GC_CONCURRENT freed 389K, 93% free 617K/8192K, paused 1ms+1ms, total 9ms
07-14 15:49:42.299 D/dalvikvm(20397): GC_CONCURRENT freed 397K, 93% free 619K/8192K, paused 0ms+1ms, total 7ms
07-14 15:49:42.377 I/PowerManagerService(  374): Going to sleep due to screen timeout...
07-14 15:49:42.401 I/PowerManagerService(  374): Waking up from sleep...
07-14 15:49:42.549 D/NfcService(  582): NFC-C OFF, disconnect
07-14 15:49:42.674 D/dalvikvm( 2019): GC_FOR_ALLOC freed 296K, 7% free 9924K/10588K, paused 30ms, total 30ms
07-14 15:49:42.729 D/MDM :   (14510): [null:-1]->query
07-14 15:49:42.729 D/MDM :   (14510): [null:-1]->QUERY_SETTING_PIN_ONOFF
07-14 15:49:42.760 I/WindowManager(  374): No lock screen!
07-14 15:49:42.768 D/MdmApplication(14510): [null:-1]->onActivityStarted market.activity.AppListActivity , mActivityCount = 10
07-14 15:49:42.768 D/MDM :   (14510): [null:-1]->query
07-14 15:49:42.768 D/MDM :   (14510): [null:-1]->QUERY_PINCODE_CHECK_RESULT
07-14 15:49:42.932 D/LightsService(  374): Excessive delay setting light: 67ms
07-14 15:49:43.033 D/dalvikvm(20397): GC_CONCURRENT freed 371K, 93% free 640K/8192K, paused 2ms+1ms, total 9ms
07-14 15:49:43.205 D/dalvikvm(  636): GC_CONCURRENT freed 1138K, 11% free 12691K/14120K, paused 4ms+7ms, total 228ms
07-14 15:49:43.205 D/dalvikvm(  636): WAIT_FOR_CONCURRENT_GC blocked 215ms
07-14 15:49:43.205 V/DigitalWidgetViewsFactory(20248): DigitalWidget sets next alarm string to null
07-14 15:49:43.213 D/LightsService(  374): Excessive delay setting light: 130ms
07-14 15:49:43.299 D/LightsService(  374): Excessive delay setting light: 87ms
07-14 15:49:43.401 D/LightsService(  374): Excessive delay setting light: 101ms
07-14 15:49:43.471 D/AndroidRuntime(20669): 
07-14 15:49:43.471 D/AndroidRuntime(20669): >>>>>> AndroidRuntime START com.android.internal.os.RuntimeInit <<<<<<
07-14 15:49:43.471 D/AndroidRuntime(20669): CheckJNI is OFF
07-14 15:49:43.487 D/dalvikvm(20669): Trying to load lib libjavacore.so 0x0
07-14 15:49:43.494 D/dalvikvm(20669): Added shared lib libjavacore.so 0x0
07-14 15:49:43.510 D/dalvikvm(20669): Trying to load lib libnativehelper.so 0x0
07-14 15:49:43.510 D/dalvikvm(20669): Added shared lib libnativehelper.so 0x0
07-14 15:49:43.612 D/NfcService(  582): NFC-C ON
07-14 15:49:43.729 D/dalvikvm(20411): GC_CONCURRENT freed 392K, 6% free 9204K/9712K, paused 3ms+12ms, total 58ms
07-14 15:49:43.760 D/AndroidRuntime(20669): Calling main entry com.qihoo360.powerctl.root.app.App
07-14 15:49:43.760 D/AndroidRuntime(20669): Shutting down VM
07-14 15:49:43.768 D/dalvikvm(20669): GC_CONCURRENT freed 114K, 22% free 467K/592K, paused 0ms+0ms, total 3ms
07-14 15:49:43.768 I/AndroidRuntime(20669): NOTE: attach of thread 'Binder_1' failed
07-14 15:49:43.791 D/dalvikvm(20397): GC_CONCURRENT freed 434K, 93% free 618K/8192K, paused 1ms+1ms, total 9ms
07-14 15:49:43.908 D/dalvikvm(20397): GC_CONCURRENT freed 398K, 93% free 619K/8192K, paused 1ms+1ms, total 7ms
07-14 15:49:44.026 D/dalvikvm(20397): GC_CONCURRENT freed 399K, 93% free 619K/8192K, paused 2ms+1ms, total 9ms
07-14 15:49:44.658 D/dalvikvm(20397): GC_CONCURRENT freed 403K, 93% free 619K/8192K, paused 2ms+1ms, total 10ms
07-14 15:49:44.768 D/dalvikvm(20397): GC_CONCURRENT freed 400K, 93% free 619K/8192K, paused 0ms+1ms, total 7ms
07-14 15:49:44.877 D/dalvikvm(20397): GC_CONCURRENT freed 399K, 93% free 619K/8192K, paused 0ms+1ms, total 7ms
07-14 15:49:44.948 D/dalvikvm(20411): GC_CONCURRENT freed 405K, 6% free 9198K/9712K, paused 1ms+4ms, total 26ms
07-14 15:49:44.994 D/dalvikvm(20397): GC_CONCURRENT freed 399K, 93% free 619K/8192K, paused 1ms+1ms, total 8ms
07-14 15:49:45.112 D/dalvikvm(20397): GC_CONCURRENT freed 399K, 93% free 619K/8192K, paused 1ms+1ms, total 8ms
07-14 15:49:45.221 D/dalvikvm(20397): GC_CONCURRENT freed 399K, 93% free 619K/8192K, paused 1ms+1ms, total 8ms
07-14 15:49:45.330 D/dalvikvm(20397): GC_CONCURRENT freed 399K, 93% free 619K/8192K, paused 1ms+1ms, total 7ms
07-14 15:49:45.448 D/dalvikvm(20397): GC_CONCURRENT freed 399K, 93% free 619K/8192K, paused 1ms+1ms, total 8ms
07-14 15:49:45.557 D/dalvikvm(20397): GC_CONCURRENT freed 399K, 93% free 619K/8192K, paused 1ms+1ms, total 7ms
07-14 15:49:45.619 D/dalvikvm(20411): GC_CONCURRENT freed 390K, 6% free 9200K/9712K, paused 2ms+2ms, total 30ms
07-14 15:49:45.682 D/dalvikvm(20397): GC_CONCURRENT freed 399K, 93% free 619K/8192K, paused 1ms+1ms, total 8ms
07-14 15:49:45.799 D/dalvikvm(20397): GC_CONCURRENT freed 400K, 93% free 617K/8192K, paused 1ms+1ms, total 8ms
07-14 15:49:45.908 D/dalvikvm(20397): GC_CONCURRENT freed 397K, 93% free 619K/8192K, paused 0ms+1ms, total 7ms
07-14 15:49:46.026 D/dalvikvm(20397): GC_CONCURRENT freed 399K, 93% free 619K/8192K, paused 1ms+1ms, total 8ms
07-14 15:49:46.135 D/dalvikvm(20397): GC_CONCURRENT freed 399K, 93% free 619K/8192K, paused 0ms+1ms, total 7ms
07-14 15:49:46.252 D/dalvikvm(20397): GC_CONCURRENT freed 399K, 93% free 619K/8192K, paused 1ms+1ms, total 8ms
07-14 15:49:46.299 D/dalvikvm(20411): GC_CONCURRENT freed 398K, 6% free 9199K/9712K, paused 1ms+3ms, total 28ms
07-14 15:49:46.369 D/dalvikvm(20397): GC_CONCURRENT freed 399K, 93% free 619K/8192K, paused 1ms+1ms, total 8ms
07-14 15:49:46.479 D/dalvikvm(20397): GC_CONCURRENT freed 399K, 93% free 619K/8192K, paused 0ms+1ms, total 7ms
07-14 15:49:46.596 D/dalvikvm(20397): GC_CONCURRENT freed 399K, 93% free 619K/8192K, paused 0ms+1ms, total 7ms
07-14 15:49:46.705 D/dalvikvm(20397): GC_CONCURRENT freed 399K, 93% free 619K/8192K, paused 1ms+1ms, total 8ms
07-14 15:49:46.815 D/dalvikvm(20397): GC_CONCURRENT freed 399K, 93% free 619K/8192K, paused 1ms+1ms, total 8ms
07-14 15:49:46.932 D/dalvikvm(20397): GC_CONCURRENT freed 399K, 93% free 619K/8192K, paused 1ms+1ms, total 8ms
07-14 15:49:46.987 D/dalvikvm(20411): GC_CONCURRENT freed 397K, 6% free 9200K/9712K, paused 1ms+4ms, total 29ms
07-14 15:49:47.057 D/dalvikvm(20397): GC_CONCURRENT freed 399K, 93% free 619K/8192K, paused 1ms+1ms, total 8ms
07-14 15:49:47.182 D/dalvikvm(20397): GC_CONCURRENT freed 399K, 93% free 619K/8192K, paused 0ms+3ms, total 10ms
07-14 15:49:47.299 D/dalvikvm(  374): GC_FOR_ALLOC freed 2414K, 28% free 21121K/29200K, paused 100ms, total 102ms
07-14 15:49:47.377 D/mdm_log (14510): [null:-1]->has installed by.game.binumbers
07-14 15:49:47.377 W/InputMethodManagerService(  374): Window already focused, ignoring focus gain of: com.android.internal.view.IInputMethodClient$Stub$Proxy@4317a700 attribute=android.view.inputmethod.EditorInfo@43968b60, token = android.os.BinderProxy@431b3550
07-14 15:49:47.463 I/ActivityManager(  374): No longer want com.android.keychain (pid 19887): empty #17
07-14 15:49:48.221 D/dalvikvm(20397): GC_CONCURRENT freed 351K, 93% free 651K/8192K, paused 2ms+1ms, total 9ms
07-14 15:49:48.424 D/dalvikvm(20397): GC_CONCURRENT freed 377K, 92% free 657K/8192K, paused 2ms+1ms, total 9ms
07-14 15:49:48.612 D/dalvikvm(20397): GC_CONCURRENT freed 378K, 92% free 663K/8192K, paused 2ms+1ms, total 9ms
07-14 15:49:48.783 D/dalvikvm(20397): GC_CONCURRENT freed 431K, 93% free 652K/8192K, paused 0ms+1ms, total 9ms
07-14 15:49:49.002 D/dalvikvm(20397): GC_CONCURRENT freed 400K, 92% free 664K/8192K, paused 2ms+1ms, total 9ms
07-14 15:49:49.174 D/dalvikvm(20397): GC_CONCURRENT freed 431K, 93% free 652K/8192K, paused 0ms+2ms, total 8ms
07-14 15:49:49.221 D/dalvikvm(16938): GC_CONCURRENT freed 372K, 22% free 9551K/12148K, paused 4ms+3ms, total 33ms
07-14 15:49:49.354 D/dalvikvm(20397): GC_CONCURRENT freed 399K, 93% free 636K/8192K, paused 2ms+1ms, total 9ms
07-14 15:49:49.502 D/dalvikvm(20397): GC_CONCURRENT freed 377K, 93% free 642K/8192K, paused 2ms+1ms, total 9ms
07-14 15:49:49.651 D/dalvikvm(20397): GC_CONCURRENT freed 378K, 93% free 648K/8192K, paused 1ms+1ms, total 8ms
07-14 15:49:49.791 D/dalvikvm(20397): GC_CONCURRENT freed 378K, 92% free 688K/8192K, paused 1ms+2ms, total 11ms
07-14 15:49:49.932 D/dalvikvm(20397): GC_CONCURRENT freed 450K, 93% free 634K/8192K, paused 1ms+1ms, total 8ms
07-14 15:49:50.080 D/dalvikvm(20397): GC_CONCURRENT freed 380K, 93% free 646K/8192K, paused 2ms+1ms, total 9ms
07-14 15:49:50.221 D/dalvikvm(20397): GC_CONCURRENT freed 432K, 93% free 651K/8192K, paused 0ms+2ms, total 10ms
07-14 15:49:50.369 D/dalvikvm(20397): GC_CONCURRENT freed 452K, 93% free 652K/8192K, paused 0ms+3ms, total 11ms
07-14 15:49:50.533 D/dalvikvm(20397): GC_CONCURRENT freed 445K, 92% free 660K/8192K, paused 0ms+3ms, total 10ms
07-14 15:49:50.698 D/dalvikvm(20397): GC_CONCURRENT freed 408K, 93% free 636K/8192K, paused 2ms+1ms, total 9ms
07-14 15:49:50.838 D/dalvikvm(20397): GC_CONCURRENT freed 380K, 92% free 685K/8192K, paused 2ms+3ms, total 10ms
07-14 15:49:50.971 D/dalvikvm(20397): GC_CONCURRENT freed 447K, 93% free 634K/8192K, paused 1ms+1ms, total 8ms
07-14 15:49:51.112 D/dalvikvm(20397): GC_CONCURRENT freed 381K, 93% free 636K/8192K, paused 2ms+1ms, total 9ms
07-14 15:49:51.244 D/dalvikvm(14510): GC_CONCURRENT freed 2550K, 29% free 16778K/23608K, paused 5ms+8ms, total 81ms
07-14 15:49:51.283 D/dalvikvm(20397): GC_CONCURRENT freed 378K, 93% free 642K/8192K, paused 2ms+1ms, total 9ms
07-14 15:49:51.416 D/dalvikvm(20397): GC_CONCURRENT freed 377K, 93% free 648K/8192K, paused 1ms+1ms, total 8ms
07-14 15:49:51.557 D/dalvikvm(20397): GC_CONCURRENT freed 378K, 92% free 656K/8192K, paused 2ms+1ms, total 9ms
07-14 15:49:51.690 D/dalvikvm(20397): GC_CONCURRENT freed 377K, 92% free 663K/8192K, paused 2ms+1ms, total 9ms
07-14 15:49:51.823 D/dalvikvm(20397): GC_CONCURRENT freed 432K, 93% free 652K/8192K, paused 1ms+1ms, total 8ms
07-14 15:49:51.987 D/dalvikvm(20397): GC_CONCURRENT freed 398K, 93% free 637K/8192K, paused 1ms+1ms, total 8ms
07-14 15:49:52.119 D/dalvikvm(20397): GC_CONCURRENT freed 379K, 92% free 683K/8192K, paused 1ms+3ms, total 10ms
07-14 15:49:52.260 D/dalvikvm(20397): GC_CONCURRENT freed 449K, 93% free 634K/8192K, paused 0ms+1ms, total 7ms
07-14 15:49:52.408 D/dalvikvm(20397): GC_CONCURRENT freed 382K, 93% free 635K/8192K, paused 1ms+1ms, total 8ms
07-14 15:49:52.533 D/dalvikvm(20397): GC_CONCURRENT freed 377K, 93% free 642K/8192K, paused 2ms+1ms, total 8ms
07-14 15:49:52.674 D/dalvikvm(20397): GC_CONCURRENT freed 378K, 93% free 647K/8192K, paused 2ms+1ms, total 9ms
07-14 15:49:52.807 D/dalvikvm(20397): GC_CONCURRENT freed 377K, 93% free 653K/8192K, paused 2ms+1ms, total 8ms
07-14 15:49:52.948 D/dalvikvm(20397): GC_CONCURRENT freed 378K, 92% free 673K/8192K, paused 1ms+2ms, total 10ms
07-14 15:49:53.073 D/dalvikvm(20397): GC_CONCURRENT freed 431K, 93% free 652K/8192K, paused 1ms+1ms, total 8ms
07-14 15:49:53.221 D/dalvikvm(20397): GC_CONCURRENT freed 400K, 93% free 636K/8192K, paused 1ms+1ms, total 8ms
07-14 15:49:53.354 D/dalvikvm(20397): GC_CONCURRENT freed 378K, 93% free 642K/8192K, paused 2ms+1ms, total 9ms
07-14 15:49:53.487 D/dalvikvm(20397): GC_CONCURRENT freed 378K, 93% free 647K/8192K, paused 2ms+1ms, total 8ms
07-14 15:49:53.619 D/dalvikvm(20397): GC_CONCURRENT freed 378K, 93% free 653K/8192K, paused 1ms+1ms, total 8ms
07-14 15:49:53.752 D/dalvikvm(20397): GC_CONCURRENT freed 377K, 92% free 659K/8192K, paused 2ms+1ms, total 8ms
07-14 15:49:53.885 D/dalvikvm(20397): GC_CONCURRENT freed 378K, 92% free 665K/8192K, paused 1ms+1ms, total 8ms
07-14 15:49:54.018 D/dalvikvm(20397): GC_CONCURRENT freed 451K, 93% free 630K/8192K, paused 1ms+0ms, total 8ms
07-14 15:49:54.174 D/dalvikvm(20397): GC_CONCURRENT freed 379K, 93% free 634K/8192K, paused 1ms+1ms, total 8ms
07-14 15:49:54.307 D/dalvikvm(20397): GC_CONCURRENT freed 377K, 93% free 640K/8192K, paused 1ms+1ms, total 8ms
07-14 15:49:54.440 D/dalvikvm(20397): GC_CONCURRENT freed 378K, 93% free 646K/8192K, paused 2ms+1ms, total 8ms
07-14 15:49:54.573 D/dalvikvm(20397): GC_CONCURRENT freed 432K, 93% free 651K/8192K, paused 1ms+3ms, total 10ms
07-14 15:49:54.713 D/dalvikvm(20397): GC_CONCURRENT freed 398K, 93% free 636K/8192K, paused 1ms+1ms, total 8ms
07-14 15:49:54.846 D/dalvikvm(20397): GC_CONCURRENT freed 377K, 93% free 642K/8192K, paused 2ms+1ms, total 9ms
07-14 15:49:54.987 D/dalvikvm(20397): GC_CONCURRENT freed 378K, 93% free 648K/8192K, paused 2ms+1ms, total 9ms
07-14 15:49:55.119 D/dalvikvm(20397): GC_CONCURRENT freed 377K, 93% free 654K/8192K, paused 2ms+1ms, total 9ms
07-14 15:49:55.252 D/dalvikvm(20397): GC_CONCURRENT freed 433K, 93% free 651K/8192K, paused 2ms+1ms, total 9ms
07-14 15:49:55.393 D/dalvikvm(20397): GC_CONCURRENT freed 397K, 93% free 637K/8192K, paused 2ms+1ms, total 8ms
07-14 15:49:55.518 D/dalvikvm(20397): GC_CONCURRENT freed 379K, 93% free 642K/8192K, paused 2ms+1ms, total 9ms
07-14 15:49:55.651 D/dalvikvm(20397): GC_CONCURRENT freed 377K, 93% free 649K/8192K, paused 1ms+1ms, total 8ms
07-14 15:49:56.658 I/AndroidRuntime(20397): VM exiting with result code 0.
07-14 15:50:11.330 D/LightsService(  374): Excessive delay setting light: 67ms
07-14 15:50:11.604 D/LightsService(  374): Excessive delay setting light: 67ms
07-14 15:50:17.119 I/PowerManagerService(  374): Going to sleep due to screen timeout...
07-14 15:50:17.901 D/LightsService(  374): Excessive delay setting light: 51ms
07-14 15:50:17.916 D/SurfaceFlinger(  124): Screen released, type=0 flinger=0x41e1a478
07-14 15:50:18.026 D/dalvikvm(  374): GC_FOR_ALLOC freed 635K, 27% free 21442K/29200K, paused 104ms, total 106ms
07-14 15:50:18.143 D/dalvikvm(  374): GC_FOR_ALLOC freed 760K, 28% free 21055K/29200K, paused 108ms, total 108ms
07-14 15:50:18.166 D/MdmApplication(14510): [null:-1]->onActivityPaused market.activity.AppListActivity , mActivityCount = 11
07-14 15:50:18.166 D/MDM :   (14510): [null:-1]->query
07-14 15:50:18.166 D/MDM :   (14510): [null:-1]->QUERY_PINCODE_CHECK_RESULT
07-14 15:50:18.166 E/Mdm     (14510): Call Mdm service's setLastExitTime function
07-14 15:50:18.174 D/PowerManagerService-JNI(  374): Excessive delay in autosuspend_enable() while turning screen off: 155ms
07-14 15:50:18.393 D/NfcService(  582): NFC-C OFF, disconnect
07-14 15:50:18.455 D/MDM :   (14510): [null:-1]->query
07-14 15:50:18.455 D/MDM :   (14510): [null:-1]->QUERY_SETTING_PIN_ONOFF
07-14 15:50:18.526 D/dalvikvm( 1052): GC_CONCURRENT freed 393K, 9% free 10237K/11168K, paused 5ms+2ms, total 108ms
07-14 15:50:23.002 V/KeyguardHostView(  374): hide transport, gen:67
07-14 15:50:23.002 V/KeyguardHostView(  374): music state changed: 0
07-14 15:50:23.026 D/PhoneStatusBar(  450): disable: < expand icons alerts ticker system_info back home RECENT* clock search >
07-14 15:50:23.049 V/TAG     (  374): bug 7643792: fitSystemWindows([0,50][0,0])
07-14 15:50:23.174 D/PhoneStatusBar(  450): disable: < expand icons alerts ticker system_info BACK* HOME* RECENT CLOCK* search >
07-14 15:50:27.573 D/dalvikvm(20297): GC_CONCURRENT freed 383K, 5% free 9742K/10176K, paused 6ms+2ms, total 37ms
07-14 15:50:27.651 W/Settings( 2019): Setting airplane_mode_on has moved from android.provider.Settings.System to android.provider.Settings.Global, returning read-only value.
07-14 15:50:27.651 W/Settings( 2019): Setting mobile_data has moved from android.provider.Settings.Secure to android.provider.Settings.Global.
07-14 15:50:27.651 D/BluetoothAdapter( 2019): 1116407520: getState() :  mService = null. Returning STATE_OFF
07-14 15:50:27.651 W/Settings( 2019): Setting airplane_mode_on has moved from android.provider.Settings.System to android.provider.Settings.Global, returning read-only value.
07-14 15:50:27.666 W/Settings( 2019): Setting airplane_mode_on has moved from android.provider.Settings.System to android.provider.Settings.Global, returning read-only value.
07-14 15:50:27.666 W/Settings( 2019): Setting mobile_data has moved from android.provider.Settings.Secure to android.provider.Settings.Global.
07-14 15:50:27.666 D/BluetoothAdapter( 2019): 1116407520: getState() :  mService = null. Returning STATE_OFF
07-14 15:50:27.666 W/Settings( 2019): Setting airplane_mode_on has moved from android.provider.Settings.System to android.provider.Settings.Global, returning read-only value.
07-14 15:50:27.690 D/dalvikvm( 2019): GC_FOR_ALLOC freed 278K, 7% free 9924K/10588K, paused 20ms, total 20ms
07-14 15:50:56.830 D/MdmService(14510): [null:-1]->receiver action :com.pekall.mdm.action.MDM_ALARM
07-14 15:50:56.838 D/AndroidRuntime(20706): 
07-14 15:50:56.838 D/AndroidRuntime(20706): >>>>>> AndroidRuntime START com.android.internal.os.RuntimeInit <<<<<<
07-14 15:50:56.838 D/AndroidRuntime(20706): CheckJNI is OFF
07-14 15:50:56.854 D/dalvikvm(20706): Trying to load lib libjavacore.so 0x0
07-14 15:50:56.862 D/dalvikvm(20706): Added shared lib libjavacore.so 0x0
07-14 15:50:56.877 D/dalvikvm(20706): Trying to load lib libnativehelper.so 0x0
07-14 15:50:56.877 D/dalvikvm(20706): Added shared lib libnativehelper.so 0x0
07-14 15:50:56.901 I/dalvikvm(20706): DexOpt: source file mod time mismatch (44ee7db3 vs 44ee7e3c)
07-14 15:50:56.901 D/dalvikvm(20706): ODEX file is stale or bad; removing and retrying (/data/local/tmp/dalvik-cache/data@local@tmp@MDMMobileTest.jar@classes.dex)
07-14 15:50:56.908 D/dalvikvm(20706): DexOpt: --- BEGIN 'MDMMobileTest.jar' (bootstrap=0) ---
07-14 15:50:56.963 D/dalvikvm(20707): DexOpt: load 8ms, verify+opt 4ms, 124212 bytes
07-14 15:50:56.979 D/dalvikvm(20706): DexOpt: --- END 'MDMMobileTest.jar' (success) ---
07-14 15:50:56.979 D/dalvikvm(20706): DEX prep '/data/local/tmp/MDMMobileTest.jar': unzip in 2ms, rewrite 75ms
07-14 15:50:57.182 D/AndroidRuntime(20706): Calling main entry com.android.commands.uiautomator.Launcher
07-14 15:50:57.221 E/UiDevice(20706): Exceuting watcher: ANRWatcher
07-14 15:50:57.221 E/UiDevice(20706): java.lang.RuntimeException: UiDevice not initialized
07-14 15:50:57.221 E/UiDevice(20706): 	at com.android.uiautomator.core.UiDevice.getAutomatorBridge(UiDevice.java:87)
07-14 15:50:57.221 E/UiDevice(20706): 	at com.android.uiautomator.core.UiDevice.wakeUp(UiDevice.java:719)
07-14 15:50:57.221 E/UiDevice(20706): 	at com.pekall.test.mdmui.util.UiANRWatcher.checkForCondition(UiANRWatcher.java:23)
07-14 15:50:57.221 E/UiDevice(20706): 	at com.android.uiautomator.core.UiDevice.runWatchers(UiDevice.java:554)
07-14 15:50:57.221 E/UiDevice(20706): 	at com.pekall.test.mdmui.util.UiANRWatcher.run(UiANRWatcher.java:41)
07-14 15:50:57.221 E/UiDevice(20706): 	at com.pekall.test.mdmui.App.<clinit>(App.java:24)
07-14 15:50:57.221 E/UiDevice(20706): 	at java.lang.Class.newInstanceImpl(Native Method)
07-14 15:50:57.221 E/UiDevice(20706): 	at java.lang.Class.newInstance(Class.java:1130)
07-14 15:50:57.221 E/UiDevice(20706): 	at com.android.uiautomator.testrunner.TestCaseCollector.addSingleTestMethod(TestCaseCollector.java:110)
07-14 15:50:57.221 E/UiDevice(20706): 	at com.android.uiautomator.testrunner.TestCaseCollector.addTestClass(TestCaseCollector.java:86)
07-14 15:50:57.221 E/UiDevice(20706): 	at com.android.uiautomator.testrunner.TestCaseCollector.addTestClass(TestCaseCollector.java:72)
07-14 15:50:57.221 E/UiDevice(20706): 	at com.android.uiautomator.testrunner.TestCaseCollector.addTestClasses(TestCaseCollector.java:53)
07-14 15:50:57.221 E/UiDevice(20706): 	at com.android.uiautomator.testrunner.UiAutomatorTestRunner.start(UiAutomatorTestRunner.java:106)
07-14 15:50:57.221 E/UiDevice(20706): 	at com.android.uiautomator.testrunner.UiAutomatorTestRunner.run(UiAutomatorTestRunner.java:96)
07-14 15:50:57.221 E/UiDevice(20706): 	at com.android.commands.uiautomator.RunTestCommand.run(RunTestCommand.java:91)
07-14 15:50:57.221 E/UiDevice(20706): 	at com.android.commands.uiautomator.Launcher.main(Launcher.java:83)
07-14 15:50:57.221 E/UiDevice(20706): 	at com.android.internal.os.RuntimeInit.nativeFinishInit(Native Method)
07-14 15:50:57.221 E/UiDevice(20706): 	at com.android.internal.os.RuntimeInit.main(RuntimeInit.java:235)
07-14 15:50:57.221 E/UiDevice(20706): 	at dalvik.system.NativeStart.main(Native Method)
07-14 15:50:57.237 D/dalvikvm(20706): Note: class Landroid/app/ActivityManagerNative; has 163 unimplemented (abstract) methods
07-14 15:50:57.291 I/PowerManagerService(  374): Waking up from sleep...
07-14 15:50:57.323 I/WindowManager(  374): Lock screen displayed!
07-14 15:50:57.651 D/PowerManagerService-JNI(  374): Excessive delay in autosuspend_disable() while turning screen on: 350ms
07-14 15:50:57.651 D/SurfaceFlinger(  124): Screen acquired, type=0 flinger=0x41e1a478
07-14 15:50:57.698 V/DigitalWidgetViewsFactory(20248): DigitalWidget sets next alarm string to null
07-14 15:50:57.729 D/LightsService(  374): Excessive delay setting light: 83ms
07-14 15:50:57.830 D/LightsService(  374): Excessive delay setting light: 93ms
07-14 15:50:57.955 D/AndroidRuntime(20725): 
07-14 15:50:57.955 D/AndroidRuntime(20725): >>>>>> AndroidRuntime START com.android.internal.os.RuntimeInit <<<<<<
07-14 15:50:57.955 D/AndroidRuntime(20725): CheckJNI is OFF
07-14 15:50:57.963 D/dalvikvm(20725): Trying to load lib libjavacore.so 0x0
07-14 15:50:57.971 D/dalvikvm(20725): Added shared lib libjavacore.so 0x0
07-14 15:50:57.987 D/dalvikvm(20725): Trying to load lib libnativehelper.so 0x0
07-14 15:50:57.987 D/dalvikvm(20725): Added shared lib libnativehelper.so 0x0
07-14 15:50:58.166 D/AndroidRuntime(20725): Calling main entry com.qihoo360.powerctl.root.app.App
07-14 15:50:58.166 D/AndroidRuntime(20725): Shutting down VM
07-14 15:50:58.166 D/dalvikvm(20725): GC_CONCURRENT freed 114K, 22% free 467K/592K, paused 1ms+0ms, total 4ms
07-14 15:50:58.174 I/AndroidRuntime(20725): NOTE: attach of thread 'Binder_1' failed
07-14 15:50:59.088 I/QueryController(20706): Matched selector: UiSelector[DESCRIPTION=] <<==>> [android.view.accessibility.AccessibilityNodeInfo@4d937c; boundsInParent: Rect(0, 0 - 720, 756); boundsInScreen: Rect(0, 547 - 720, 1303); packageName: android; className: android.view.View; text: null; contentDescription: ; viewIdResName: android:id/glow_pad_view; checkable: false; checked: false; focusable: false; focused: false; selected: false; clickable: false; longClickable: false; enabled: true; password: false; scrollable: false; [ACTION_SELECT, ACTION_CLEAR_SELECTION, ACTION_ACCESSIBILITY_FOCUS, ACTION_NEXT_AT_MOVEMENT_GRANULARITY, ACTION_PREVIOUS_AT_MOVEMENT_GRANULARITY, ACTION_SET_SELECTION]]
07-14 15:50:59.104 W/GlowPadView(  374): The number of target drawables must be equal to the number of direction descriptions.
07-14 15:50:59.440 D/MdmApplication(14510): [null:-1]->onActivityStarted market.activity.AppListActivity , mActivityCount = 10
07-14 15:50:59.440 D/MDM :   (14510): [null:-1]->query
07-14 15:50:59.440 D/MDM :   (14510): [null:-1]->QUERY_PINCODE_CHECK_RESULT
07-14 15:50:59.448 D/PhoneStatusBar(  450): disable: < expand icons alerts ticker system_info BACK HOME recent* CLOCK search >
07-14 15:50:59.471 D/NfcService(  582): NFC-C ON
07-14 15:50:59.502 D/mdm_log (14510): [null:-1]->has installed by.game.binumbers
07-14 15:50:59.526 D/PhoneStatusBar(  450): disable: < expand icons alerts ticker system_info back* home* recent clock* search >
07-14 15:50:59.596 W/InputMethodManagerService(  374): Window already focused, ignoring focus gain of: com.android.internal.view.IInputMethodClient$Stub$Proxy@43160a60 attribute=android.view.inputmethod.EditorInfo@42f23348, token = android.os.BinderProxy@431b3550
07-14 15:50:59.791 I/RootJni (20748): su: permission denied
07-14 15:50:59.963 V/TAG     (  374): bug 7643792: fitSystemWindows([0,50][0,0])
07-14 15:51:00.088 D/AndroidRuntime(20747): 
07-14 15:51:00.088 D/AndroidRuntime(20747): >>>>>> AndroidRuntime START com.android.internal.os.RuntimeInit <<<<<<
07-14 15:51:00.088 D/AndroidRuntime(20747): CheckJNI is OFF
07-14 15:51:00.112 D/dalvikvm(20747): Trying to load lib libjavacore.so 0x0
07-14 15:51:00.119 D/dalvikvm(20747): Added shared lib libjavacore.so 0x0
07-14 15:51:00.135 D/dalvikvm(20747): Trying to load lib libnativehelper.so 0x0
07-14 15:51:00.135 D/dalvikvm(20747): Added shared lib libnativehelper.so 0x0
07-14 15:51:00.158 D/dalvikvm( 1052): GC_CONCURRENT freed 390K, 9% free 10236K/11168K, paused 8ms+2ms, total 49ms
07-14 15:51:00.330 I/QueryController(20706): Matched selector: UiSelector[TEXT=, CLASS=android.widget.TextView] <<==>> [android.view.accessibility.AccessibilityNodeInfo@14baf; boundsInParent: Rect(0, 0 - 144, 48); boundsInScreen: Rect(108, 170 - 252, 218); packageName: com.pekall.emdm; className: android.widget.TextView; text: ; contentDescription: null; viewIdResName: com.pekall.emdm:id/market_tab_text; checkable: false; checked: false; focusable: false; focused: false; selected: false; clickable: false; longClickable: false; enabled: true; password: false; scrollable: false; [ACTION_SELECT, ACTION_CLEAR_SELECTION, ACTION_ACCESSIBILITY_FOCUS, ACTION_NEXT_AT_MOVEMENT_GRANULARITY, ACTION_PREVIOUS_AT_MOVEMENT_GRANULARITY, ACTION_SET_SELECTION]]
07-14 15:51:00.401 I/QueryController(20706): Matched selector: UiSelector[TEXT=, CLASS=android.widget.TextView] <<==>> [android.view.accessibility.AccessibilityNodeInfo@15331; boundsInParent: Rect(0, 0 - 144, 48); boundsInScreen: Rect(468, 170 - 612, 218); packageName: com.pekall.emdm; className: android.widget.TextView; text: ; contentDescription: null; viewIdResName: com.pekall.emdm:id/market_tab_text; checkable: false; checked: false; focusable: false; focused: false; selected: true; clickable: false; longClickable: false; enabled: true; password: false; scrollable: false; [ACTION_SELECT, ACTION_CLEAR_SELECTION, ACTION_ACCESSIBILITY_FOCUS, ACTION_NEXT_AT_MOVEMENT_GRANULARITY, ACTION_PREVIOUS_AT_MOVEMENT_GRANULARITY, ACTION_SET_SELECTION]]
07-14 15:51:00.408 D/InteractionController(20706): clickAndWaitForNewWindow(540, 194)
07-14 15:51:00.416 D/AndroidRuntime(20747): Calling main entry com.qihoo360.powerctl.root.app.App
07-14 15:51:00.416 D/AndroidRuntime(20747): Shutting down VM
07-14 15:51:00.416 I/AndroidRuntime(20747): NOTE: attach of thread 'Binder_1' failed
07-14 15:51:00.424 D/dalvikvm(20747): GC_CONCURRENT freed 114K, 22% free 467K/592K, paused 1ms+1ms, total 4ms
07-14 15:51:00.463 D/dalvikvm(14510): GC_CONCURRENT freed 2598K, 30% free 16714K/23608K, paused 5ms+10ms, total 172ms
07-14 15:51:02.112 W/dashclock_WeatherExten( 1146): Stale or missing last-known location; requesting single coarse location update.
07-14 15:51:02.721 D/dalvikvm( 1146): GC_CONCURRENT freed 470K, 7% free 9234K/9860K, paused 12ms+3ms, total 40ms
07-14 15:51:03.518 W/InteractionController(20706): runAndwaitForEvent timedout waiting for events
07-14 15:51:03.666 D/dalvikvm(  563): GC_CONCURRENT freed 527K, 7% free 10247K/10992K, paused 4ms+8ms, total 76ms
07-14 15:51:03.666 D/dalvikvm(  563): WAIT_FOR_CONCURRENT_GC blocked 22ms
07-14 15:51:03.666 D/dalvikvm(  563): WAIT_FOR_CONCURRENT_GC blocked 22ms
07-14 15:51:03.799 I/QueryController(20706): Matched selector: UiSelector[TEXT=note] <<==>> [android.view.accessibility.AccessibilityNodeInfo@13168; boundsInParent: Rect(0, 0 - 434, 43); boundsInScreen: Rect(136, 262 - 570, 305); packageName: com.pekall.emdm; className: android.widget.TextView; text: note; contentDescription: null; viewIdResName: com.pekall.emdm:id/market_item_name; checkable: false; checked: false; focusable: false; focused: false; selected: false; clickable: false; longClickable: false; enabled: true; password: false; scrollable: false; [ACTION_SELECT, ACTION_CLEAR_SELECTION, ACTION_ACCESSIBILITY_FOCUS, ACTION_NEXT_AT_MOVEMENT_GRANULARITY, ACTION_PREVIOUS_AT_MOVEMENT_GRANULARITY, ACTION_SET_SELECTION]]
07-14 15:51:03.815 I/AndroidRuntime(20706): VM exiting with result code 0.
07-14 15:51:05.127 D/dalvikvm(  374): GC_CONCURRENT freed 2465K, 27% free 21519K/29200K, paused 12ms+11ms, total 121ms
07-14 15:51:05.877 D/AndroidRuntime(20764): 
07-14 15:51:05.877 D/AndroidRuntime(20764): >>>>>> AndroidRuntime START com.android.internal.os.RuntimeInit <<<<<<
07-14 15:51:05.877 D/AndroidRuntime(20764): CheckJNI is OFF
07-14 15:51:05.893 D/dalvikvm(20764): Trying to load lib libjavacore.so 0x0
07-14 15:51:05.901 D/dalvikvm(20764): Added shared lib libjavacore.so 0x0
07-14 15:51:05.908 D/dalvikvm(20764): Trying to load lib libnativehelper.so 0x0
07-14 15:51:05.908 D/dalvikvm(20764): Added shared lib libnativehelper.so 0x0
07-14 15:51:06.166 D/AndroidRuntime(20764): Calling main entry com.android.commands.uiautomator.Launcher
07-14 15:51:06.205 E/UiDevice(20764): Exceuting watcher: ANRWatcher
07-14 15:51:06.205 E/UiDevice(20764): java.lang.RuntimeException: UiDevice not initialized
07-14 15:51:06.205 E/UiDevice(20764): 	at com.android.uiautomator.core.UiDevice.getAutomatorBridge(UiDevice.java:87)
07-14 15:51:06.205 E/UiDevice(20764): 	at com.android.uiautomator.core.UiDevice.wakeUp(UiDevice.java:719)
07-14 15:51:06.205 E/UiDevice(20764): 	at com.pekall.test.mdmui.util.UiANRWatcher.checkForCondition(UiANRWatcher.java:23)
07-14 15:51:06.205 E/UiDevice(20764): 	at com.android.uiautomator.core.UiDevice.runWatchers(UiDevice.java:554)
07-14 15:51:06.205 E/UiDevice(20764): 	at com.pekall.test.mdmui.util.UiANRWatcher.run(UiANRWatcher.java:41)
07-14 15:51:06.205 E/UiDevice(20764): 	at com.pekall.test.mdmui.App.<clinit>(App.java:24)
07-14 15:51:06.205 E/UiDevice(20764): 	at java.lang.Class.newInstanceImpl(Native Method)
07-14 15:51:06.205 E/UiDevice(20764): 	at java.lang.Class.newInstance(Class.java:1130)
07-14 15:51:06.205 E/UiDevice(20764): 	at com.android.uiautomator.testrunner.TestCaseCollector.addSingleTestMethod(TestCaseCollector.java:110)
07-14 15:51:06.205 E/UiDevice(20764): 	at com.android.uiautomator.testrunner.TestCaseCollector.addTestClass(TestCaseCollector.java:86)
07-14 15:51:06.205 E/UiDevice(20764): 	at com.android.uiautomator.testrunner.TestCaseCollector.addTestClass(TestCaseCollector.java:72)
07-14 15:51:06.205 E/UiDevice(20764): 	at com.android.uiautomator.testrunner.TestCaseCollector.addTestClasses(TestCaseCollector.java:53)
07-14 15:51:06.205 E/UiDevice(20764): 	at com.android.uiautomator.testrunner.UiAutomatorTestRunner.start(UiAutomatorTestRunner.java:106)
07-14 15:51:06.205 E/UiDevice(20764): 	at com.android.uiautomator.testrunner.UiAutomatorTestRunner.run(UiAutomatorTestRunner.java:96)
07-14 15:51:06.205 E/UiDevice(20764): 	at com.android.commands.uiautomator.RunTestCommand.run(RunTestCommand.java:91)
07-14 15:51:06.205 E/UiDevice(20764): 	at com.android.commands.uiautomator.Launcher.main(Launcher.java:83)
07-14 15:51:06.205 E/UiDevice(20764): 	at com.android.internal.os.RuntimeInit.nativeFinishInit(Native Method)
07-14 15:51:06.205 E/UiDevice(20764): 	at com.android.internal.os.RuntimeInit.main(RuntimeInit.java:235)
07-14 15:51:06.205 E/UiDevice(20764): 	at dalvik.system.NativeStart.main(Native Method)
07-14 15:51:06.221 D/dalvikvm(20764): Note: class Landroid/app/ActivityManagerNative; has 163 unimplemented (abstract) methods
07-14 15:51:06.408 D/dalvikvm( 1146): GC_CONCURRENT freed 498K, 7% free 9236K/9860K, paused 3ms+3ms, total 25ms
07-14 15:51:06.893 I/QueryController(20764): Matched selector: UiSelector[TEXT=, CLASS=android.widget.Button] <<==>> [android.view.accessibility.AccessibilityNodeInfo@13cab; boundsInParent: Rect(0, 0 - 120, 52); boundsInScreen: Rect(580, 307 - 700, 359); packageName: com.pekall.emdm; className: android.widget.Button; text: ; contentDescription: null; viewIdResName: com.pekall.emdm:id/market_item_function_bt; checkable: false; checked: false; focusable: false; focused: false; selected: false; clickable: true; longClickable: false; enabled: true; password: false; scrollable: false; [ACTION_SELECT, ACTION_CLEAR_SELECTION, ACTION_CLICK, ACTION_ACCESSIBILITY_FOCUS, ACTION_NEXT_AT_MOVEMENT_GRANULARITY, ACTION_PREVIOUS_AT_MOVEMENT_GRANULARITY, ACTION_SET_SELECTION]]
07-14 15:51:06.893 D/InteractionController(20764): clickAndSync(640, 333)
07-14 15:51:07.018 I/ActivityManager(  374): START u0 {act=android.intent.action.VIEW dat=market://search?q=pname:hjhk.hjhkPkg cmp=android/com.android.internal.app.ResolverActivity} from pid 14510
07-14 15:51:07.026 D/MdmApplication(14510): [null:-1]->onActivityPaused market.activity.AppListActivity , mActivityCount = 11
07-14 15:51:07.026 D/MDM :   (14510): [null:-1]->query
07-14 15:51:07.026 D/MDM :   (14510): [null:-1]->QUERY_PINCODE_CHECK_RESULT
07-14 15:51:07.026 E/Mdm     (14510): Call Mdm service's setLastExitTime function
07-14 15:51:07.268 I/ActivityManager(  374): Displayed android/com.android.internal.app.ResolverActivity: +230ms
07-14 15:51:07.940 I/QueryController(20764): Matched selector: UiSelector[TEXT=360, CLASS=android.widget.TextView] <<==>> [android.view.accessibility.AccessibilityNodeInfo@1226f; boundsInParent: Rect(0, 0 - 176, 71); boundsInScreen: Rect(411, 531 - 587, 602); packageName: android; className: android.widget.TextView; text: 360; contentDescription: null; viewIdResName: android:id/text1; checkable: false; checked: false; focusable: false; focused: false; selected: false; clickable: false; longClickable: false; enabled: true; password: false; scrollable: false; [ACTION_SELECT, ACTION_CLEAR_SELECTION, ACTION_ACCESSIBILITY_FOCUS, ACTION_NEXT_AT_MOVEMENT_GRANULARITY, ACTION_PREVIOUS_AT_MOVEMENT_GRANULARITY, ACTION_SET_SELECTION]]
07-14 15:51:07.940 D/InteractionController(20764): clickAndSync(499, 566)
07-14 15:51:07.963 D/dalvikvm(20411): GC_CONCURRENT freed 184K, 3% free 9416K/9636K, paused 5ms+3ms, total 45ms
07-14 15:51:21.823 D/AndroidRuntime(20780): 
07-14 15:51:21.823 D/AndroidRuntime(20780): >>>>>> AndroidRuntime START com.android.internal.os.RuntimeInit <<<<<<
07-14 15:51:21.823 D/AndroidRuntime(20780): CheckJNI is OFF
07-14 15:51:21.838 D/dalvikvm(20780): Trying to load lib libjavacore.so 0x0
07-14 15:51:21.846 D/dalvikvm(20780): Added shared lib libjavacore.so 0x0
07-14 15:51:21.862 D/dalvikvm(20780): Trying to load lib libnativehelper.so 0x0
07-14 15:51:21.862 D/dalvikvm(20780): Added shared lib libnativehelper.so 0x0
07-14 15:51:22.088 D/AndroidRuntime(20780): Calling main entry com.android.commands.uiautomator.Launcher
07-14 15:51:22.096 D/AndroidRuntime(20780): Shutting down VM
07-14 15:51:22.096 W/dalvikvm(20780): threadid=1: thread exiting with uncaught exception (group=0x41bcb700)
07-14 15:51:22.112 D/dalvikvm(20780): Note: class Landroid/app/ActivityManagerNative; has 163 unimplemented (abstract) methods
07-14 15:51:22.112 E/JavaBinder(20780): Unknown binder error code. 0xfffffff7
07-14 15:51:22.112 E/ServiceManager(20780): error in getService
07-14 15:51:22.112 E/ServiceManager(20780): android.os.RemoteException: Unknown binder error code. 0xfffffff7
07-14 15:51:22.112 E/ServiceManager(20780): 	at android.os.BinderProxy.transact(Native Method)
07-14 15:51:22.112 E/ServiceManager(20780): 	at android.os.ServiceManagerProxy.getService(ServiceManagerNative.java:123)
07-14 15:51:22.112 E/ServiceManager(20780): 	at android.os.ServiceManager.getService(ServiceManager.java:55)
07-14 15:51:22.112 E/ServiceManager(20780): 	at android.app.ActivityManagerNative$1.create(ActivityManagerNative.java:1893)
07-14 15:51:22.112 E/ServiceManager(20780): 	at android.app.ActivityManagerNative$1.create(ActivityManagerNative.java:1891)
07-14 15:51:22.112 E/ServiceManager(20780): 	at android.util.Singleton.get(Singleton.java:34)
07-14 15:51:22.112 E/ServiceManager(20780): 	at android.app.ActivityManagerNative.getDefault(ActivityManagerNative.java:73)
07-14 15:51:22.112 E/ServiceManager(20780): 	at com.android.internal.os.RuntimeInit$UncaughtHandler.uncaughtException(RuntimeInit.java:76)
07-14 15:51:22.112 E/ServiceManager(20780): 	at java.lang.ThreadGroup.uncaughtException(ThreadGroup.java:693)
07-14 15:51:22.112 E/ServiceManager(20780): 	at java.lang.ThreadGroup.uncaughtException(ThreadGroup.java:690)
07-14 15:51:22.112 E/ServiceManager(20780): 	at dalvik.system.NativeStart.main(Native Method)
07-14 15:51:22.112 E/AndroidRuntime(20780): *** FATAL EXCEPTION IN SYSTEM PROCESS: main
07-14 15:51:22.112 E/AndroidRuntime(20780): java.lang.IllegalStateException: UiAutomationService android.accessibilityservice.IAccessibilityServiceClient$Stub$Proxy@43192bf0already registered!
07-14 15:51:22.112 E/AndroidRuntime(20780): 	at android.os.Parcel.readException(Parcel.java:1439)
07-14 15:51:22.112 E/AndroidRuntime(20780): 	at android.os.Parcel.readException(Parcel.java:1385)
07-14 15:51:22.112 E/AndroidRuntime(20780): 	at android.view.accessibility.IAccessibilityManager$Stub$Proxy.registerUiTestAutomationService(IAccessibilityManager.java:342)
07-14 15:51:22.112 E/AndroidRuntime(20780): 	at android.app.UiAutomationConnection.registerUiTestAutomationServiceLocked(UiAutomationConnection.java:173)
07-14 15:51:22.112 E/AndroidRuntime(20780): 	at android.app.UiAutomationConnection.connect(UiAutomationConnection.java:72)
07-14 15:51:22.112 E/AndroidRuntime(20780): 	at android.app.UiAutomation.connect(UiAutomation.java:188)
07-14 15:51:22.112 E/AndroidRuntime(20780): 	at com.android.uiautomator.core.UiAutomationShellWrapper.connect(UiAutomationShellWrapper.java:32)
07-14 15:51:22.112 E/AndroidRuntime(20780): 	at com.android.commands.uiautomator.DumpCommand.run(DumpCommand.java:74)
07-14 15:51:22.112 E/AndroidRuntime(20780): 	at com.android.commands.uiautomator.Launcher.main(Launcher.java:83)
07-14 15:51:22.112 E/AndroidRuntime(20780): 	at com.android.internal.os.RuntimeInit.nativeFinishInit(Native Method)
07-14 15:51:22.112 E/AndroidRuntime(20780): 	at com.android.internal.os.RuntimeInit.main(RuntimeInit.java:235)
07-14 15:51:22.112 E/AndroidRuntime(20780): 	at dalvik.system.NativeStart.main(Native Method)
07-14 15:51:22.119 I/Process (20780): Sending signal. PID: 20780 SIG: 9
07-14 15:51:22.119 E/AndroidRuntime(20780): Error reporting crash
07-14 15:51:22.119 E/AndroidRuntime(20780): java.lang.NullPointerException
07-14 15:51:22.119 E/AndroidRuntime(20780): 	at com.android.internal.os.RuntimeInit$UncaughtHandler.uncaughtException(RuntimeInit.java:76)
07-14 15:51:22.119 E/AndroidRuntime(20780): 	at java.lang.ThreadGroup.uncaughtException(ThreadGroup.java:693)
07-14 15:51:22.119 E/AndroidRuntime(20780): 	at java.lang.ThreadGroup.uncaughtException(ThreadGroup.java:690)
07-14 15:51:22.119 E/AndroidRuntime(20780): 	at dalvik.system.NativeStart.main(Native Method)
07-14 15:51:24.190 D/JOBS    (18129): Thread-835: load factor check. true = (0 < 1)|| (0 * 3 < 0 + 0). consumer thread: true
07-14 15:51:24.190 D/JOBS    (18129): didn't allow me to die, re-running Thread-835
07-14 15:51:24.190 D/JOBS    (18129): re-running consumer Thread-835
07-14 15:51:27.479 W/Settings( 2019): Setting airplane_mode_on has moved from android.provider.Settings.System to android.provider.Settings.Global, returning read-only value.
07-14 15:51:27.479 W/Settings( 2019): Setting mobile_data has moved from android.provider.Settings.Secure to android.provider.Settings.Global.
07-14 15:51:27.479 D/BluetoothAdapter( 2019): 1116407520: getState() :  mService = null. Returning STATE_OFF
07-14 15:51:27.479 W/Settings( 2019): Setting airplane_mode_on has moved from android.provider.Settings.System to android.provider.Settings.Global, returning read-only value.
07-14 15:51:27.494 W/Settings( 2019): Setting airplane_mode_on has moved from android.provider.Settings.System to android.provider.Settings.Global, returning read-only value.
07-14 15:51:27.494 W/Settings( 2019): Setting mobile_data has moved from android.provider.Settings.Secure to android.provider.Settings.Global.
07-14 15:51:27.494 D/BluetoothAdapter( 2019): 1116407520: getState() :  mService = null. Returning STATE_OFF
07-14 15:51:27.494 W/Settings( 2019): Setting airplane_mode_on has moved from android.provider.Settings.System to android.provider.Settings.Global, returning read-only value.
07-14 15:51:27.510 W/Settings( 2019): Setting airplane_mode_on has moved from android.provider.Settings.System to android.provider.Settings.Global, returning read-only value.
07-14 15:51:27.510 W/Settings( 2019): Setting mobile_data has moved from android.provider.Settings.Secure to android.provider.Settings.Global.
07-14 15:51:27.510 D/BluetoothAdapter( 2019): 1116407520: getState() :  mService = null. Returning STATE_OFF
07-14 15:51:27.510 W/Settings( 2019): Setting airplane_mode_on has moved from android.provider.Settings.System to android.provider.Settings.Global, returning read-only value.
07-14 15:51:29.557 D/dalvikvm(  874): GC_CONCURRENT freed 495K, 17% free 9639K/11544K, paused 6ms+3ms, total 46ms
07-14 15:51:32.166 D/LightsService(  374): Excessive delay setting light: 67ms
07-14 15:51:32.299 D/dalvikvm(  563): GC_CONCURRENT freed 435K, 8% free 10196K/10992K, paused 4ms+3ms, total 45ms
07-14 15:51:32.408 D/LightsService(  374): Excessive delay setting light: 68ms
07-14 15:51:34.854 D/dalvikvm( 1052): GC_CONCURRENT freed 393K, 9% free 10230K/11168K, paused 4ms+3ms, total 37ms
07-14 15:51:37.948 I/PowerManagerService(  374): Going to sleep due to screen timeout...
07-14 15:51:38.729 D/SurfaceFlinger(  124): Screen released, type=0 flinger=0x41e1a478
07-14 15:51:38.885 D/dalvikvm(  374): GC_FOR_ALLOC freed 1357K, 26% free 21704K/29200K, paused 93ms, total 94ms
07-14 15:51:38.901 I/WindowManager(  374): Screenshot Window{42b77ed0 u0 android/com.android.internal.app.ResolverActivity} was all black! mSurfaceLayer=21025 minLayer=21020 maxLayer=21025
07-14 15:51:38.987 D/dalvikvm(  374): GC_FOR_ALLOC freed 775K, 28% free 21302K/29200K, paused 85ms, total 85ms
07-14 15:51:39.073 D/NfcService(  582): NFC-C OFF, disconnect
07-14 15:51:39.135 D/dalvikvm(  636): GC_FOR_ALLOC freed 1148K, 11% free 12682K/14112K, paused 51ms, total 51ms
07-14 15:51:39.237 D/MDM :   (14510): [null:-1]->query
07-14 15:51:39.237 D/MDM :   (14510): [null:-1]->QUERY_SETTING_PIN_ONOFF
07-14 15:51:43.908 V/KeyguardHostView(  374): hide transport, gen:67
07-14 15:51:43.908 V/KeyguardHostView(  374): music state changed: 0
07-14 15:51:43.932 D/PhoneStatusBar(  450): disable: < expand icons alerts ticker system_info back home RECENT* clock search >
07-14 15:51:43.955 V/TAG     (  374): bug 7643792: fitSystemWindows([0,50][0,0])
07-14 15:51:44.002 D/PhoneStatusBar(  450): disable: < expand icons alerts ticker system_info BACK* HOME* RECENT CLOCK* search >
07-14 15:51:44.690 D/AndroidRuntime(20802): 
07-14 15:51:44.690 D/AndroidRuntime(20802): >>>>>> AndroidRuntime START com.android.internal.os.RuntimeInit <<<<<<
07-14 15:51:44.690 D/AndroidRuntime(20802): CheckJNI is OFF
07-14 15:51:44.705 D/dalvikvm(20802): Trying to load lib libjavacore.so 0x0
07-14 15:51:44.713 D/dalvikvm(20802): Added shared lib libjavacore.so 0x0
07-14 15:51:44.721 D/dalvikvm(20802): Trying to load lib libnativehelper.so 0x0
07-14 15:51:44.721 D/dalvikvm(20802): Added shared lib libnativehelper.so 0x0
07-14 15:51:44.979 D/AndroidRuntime(20802): Calling main entry com.android.commands.uiautomator.Launcher
07-14 15:51:46.143 I/AccessibilityNodeInfoDumper(20802): Skipping invisible child: android.view.accessibility.AccessibilityNodeInfo@4e877d; boundsInParent: Rect(0, 0 - 588, 924); boundsInScreen: Rect(-1213, 116 - -625, 1040); packageName: android; className: android.widget.FrameLayout; text: null; contentDescription: ; viewIdResName: null; checkable: false; checked: false; focusable: false; focused: false; selected: false; clickable: false; longClickable: false; enabled: true; password: false; scrollable: false; [ACTION_SELECT, ACTION_CLEAR_SELECTION, ACTION_ACCESSIBILITY_FOCUS, ACTION_NEXT_AT_MOVEMENT_GRANULARITY, ACTION_PREVIOUS_AT_MOVEMENT_GRANULARITY, ACTION_SET_SELECTION]
07-14 15:51:46.143 I/AccessibilityNodeInfoDumper(20802): Skipping invisible child: android.view.accessibility.AccessibilityNodeInfo@4e8b3e; boundsInParent: Rect(0, 0 - 588, 924); boundsInScreen: Rect(-573, 116 - 14, 1040); packageName: android; className: android.appwidget.AppWidgetHostView; text: null; contentDescription: Better DashClock; viewIdResName: null; checkable: false; checked: false; focusable: false; focused: false; selected: false; clickable: false; longClickable: false; enabled: true; password: false; scrollable: false; [ACTION_SELECT, ACTION_CLEAR_SELECTION, ACTION_ACCESSIBILITY_FOCUS, ACTION_NEXT_AT_MOVEMENT_GRANULARITY, ACTION_PREVIOUS_AT_MOVEMENT_GRANULARITY, ACTION_SET_SELECTION]
07-14 15:51:46.158 I/AccessibilityNodeInfoDumper(20802): Skipping invisible child: android.view.accessibility.AccessibilityNodeInfo@4e7879; boundsInParent: Rect(0, 0 - 588, 0); boundsInScreen: Rect(66, 373 - 654, 373); packageName: com.google.android.deskclock; className: android.widget.ListView; text: null; contentDescription: null; viewIdResName: com.android.deskclock:id/digital_appwidget_listview; checkable: false; checked: false; focusable: false; focused: false; selected: false; clickable: true; longClickable: false; enabled: true; password: false; scrollable: false; [ACTION_SELECT, ACTION_CLEAR_SELECTION, ACTION_CLICK, ACTION_ACCESSIBILITY_FOCUS]
07-14 15:51:46.158 I/AccessibilityNodeInfoDumper(20802): Skipping invisible child: android.view.accessibility.AccessibilityNodeInfo@4e7ffb; boundsInParent: Rect(0, 0 - 144, 144); boundsInScreen: Rect(794, 925 - 906, 1037); packageName: com.google.android.gallery3d; className: android.widget.ImageView; text: null; contentDescription: ; viewIdResName: com.android.gallery3d:id/camera_switcher_ind; checkable: false; checked: false; focusable: false; focused: false; selected: false; clickable: false; longClickable: false; enabled: true; password: false; scrollable: false; [ACTION_SELECT, ACTION_CLEAR_SELECTION, ACTION_ACCESSIBILITY_FOCUS, ACTION_NEXT_AT_MOVEMENT_GRANULARITY, ACTION_PREVIOUS_AT_MOVEMENT_GRANULARITY, ACTION_SET_SELECTION]
07-14 15:51:46.158 I/AccessibilityNodeInfoDumper(20802): Skipping invisible child: android.view.accessibility.AccessibilityNodeInfo@4e83bc; boundsInParent: Rect(0, 0 - 144, 144); boundsInScreen: Rect(794, 925 - 906, 1037); packageName: com.google.android.gallery3d; className: android.widget.ImageView; text: null; contentDescription: ; viewIdResName: com.android.gallery3d:id/camera_switcher; checkable: false; checked: false; focusable: false; focused: false; selected: false; clickable: false; longClickable: false; enabled: true; password: false; scrollable: false; [ACTION_SELECT, ACTION_CLEAR_SELECTION, ACTION_ACCESSIBILITY_FOCUS, ACTION_NEXT_AT_MOVEMENT_GRANULARITY, ACTION_PREVIOUS_AT_MOVEMENT_GRANULARITY, ACTION_SET_SELECTION]
07-14 15:51:46.174 W/AccessibilityNodeInfoDumper(20802): Fetch time: 84ms
07-14 15:51:46.182 D/AndroidRuntime(20802): Shutting down VM
07-14 15:51:46.182 D/dalvikvm(20802): GC_CONCURRENT freed 261K, 33% free 557K/820K, paused 1ms+0ms, total 5ms
07-14 15:51:48.955 I/PowerManagerService(  374): Waking up from sleep...
07-14 15:51:48.994 I/WindowManager(  374): Lock screen displayed!
07-14 15:51:49.190 D/dalvikvm( 2019): GC_FOR_ALLOC freed 313K, 7% free 9924K/10588K, paused 22ms, total 23ms
07-14 15:51:49.323 D/PowerManagerService-JNI(  374): Excessive delay in autosuspend_disable() while turning screen on: 352ms
07-14 15:51:49.323 D/SurfaceFlinger(  124): Screen acquired, type=0 flinger=0x41e1a478
07-14 15:51:49.338 V/DigitalWidgetViewsFactory(20248): DigitalWidget sets next alarm string to null
07-14 15:51:49.408 D/LightsService(  374): Excessive delay setting light: 85ms
07-14 15:51:49.471 D/LightsService(  374): Excessive delay setting light: 67ms
07-14 15:51:49.612 D/AndroidRuntime(20825): 
07-14 15:51:49.612 D/AndroidRuntime(20825): >>>>>> AndroidRuntime START com.android.internal.os.RuntimeInit <<<<<<
07-14 15:51:49.612 D/AndroidRuntime(20825): CheckJNI is OFF
07-14 15:51:49.627 D/dalvikvm(20825): Trying to load lib libjavacore.so 0x0
07-14 15:51:49.635 D/dalvikvm(20825): Added shared lib libjavacore.so 0x0
07-14 15:51:49.651 D/dalvikvm(20825): Trying to load lib libnativehelper.so 0x0
07-14 15:51:49.651 D/dalvikvm(20825): Added shared lib libnativehelper.so 0x0
07-14 15:51:49.666 D/dalvikvm(  374): GC_CONCURRENT freed 1448K, 22% free 22845K/29200K, paused 13ms+42ms, total 327ms
07-14 15:51:49.908 D/AndroidRuntime(20825): Calling main entry com.qihoo360.powerctl.root.app.App
07-14 15:51:49.916 D/AndroidRuntime(20825): Shutting down VM
07-14 15:51:49.916 D/dalvikvm(20825): GC_CONCURRENT freed 114K, 22% free 467K/592K, paused 0ms+1ms, total 3ms
07-14 15:51:49.916 I/AndroidRuntime(20825): NOTE: attach of thread 'Binder_1' failed
07-14 15:51:49.987 W/GlowPadView(  374): The number of target drawables must be equal to the number of direction descriptions.
07-14 15:51:50.244 D/MdmApplication(14510): [null:-1]->onActivityStarted market.activity.AppListActivity , mActivityCount = 10
07-14 15:51:50.244 D/MDM :   (14510): [null:-1]->query
07-14 15:51:50.244 D/MDM :   (14510): [null:-1]->QUERY_PINCODE_CHECK_RESULT
07-14 15:51:50.260 D/PhoneStatusBar(  450): disable: < expand icons alerts ticker system_info BACK HOME recent* CLOCK search >
07-14 15:51:50.330 D/PhoneStatusBar(  450): disable: < expand icons alerts ticker system_info back* home* recent clock* search >
07-14 15:51:50.354 D/NfcService(  582): NFC-C ON
07-14 15:51:50.455 D/dalvikvm(20411): GC_CONCURRENT freed 663K, 8% free 9207K/9908K, paused 11ms+11ms, total 88ms
07-14 15:51:50.799 V/TAG     (  374): bug 7643792: fitSystemWindows([0,50][0,0])
07-14 15:51:50.869 D/AndroidRuntime(20846): 
07-14 15:51:50.869 D/AndroidRuntime(20846): >>>>>> AndroidRuntime START com.android.internal.os.RuntimeInit <<<<<<
