07-14 12:41:57.401 D/DB      ( 3494): fillWindow: 0
07-14 12:41:57.401 D/DB      ( 3494): cursor 0
07-14 12:41:57.455 E/Mdm     ( 3494): Call Mdm service's recordIconCount function
07-14 12:41:57.573 I/QueryController( 8284): Matched selector: UiSelector[TEXT=, CLASS=android.widget.TextView] <<==>> [android.view.accessibility.AccessibilityNodeInfo@22c830; boundsInParent: Rect(0, 0 - 148, 184); boundsInScreen: Rect(376, 572 - 524, 756); packageName: com.pekall.emdm; className: android.widget.TextView; text: ; contentDescription: null; viewIdResName: com.pekall.emdm:id/application_icon_content; checkable: false; checked: false; focusable: true; focused: false; selected: false; clickable: false; longClickable: false; enabled: true; password: false; scrollable: false; [ACTION_FOCUS, ACTION_SELECT, ACTION_CLEAR_SELECTION, ACTION_ACCESSIBILITY_FOCUS, ACTION_NEXT_AT_MOVEMENT_GRANULARITY, ACTION_PREVIOUS_AT_MOVEMENT_GRANULARITY, ACTION_SET_SELECTION]]
07-14 12:41:57.651 I/QueryController( 8284): Matched selector: UiSelector[TEXT=, CLASS=android.widget.TextView] <<==>> [android.view.accessibility.AccessibilityNodeInfo@22c0ae; boundsInParent: Rect(0, 0 - 148, 184); boundsInScreen: Rect(16, 572 - 164, 756); packageName: com.pekall.emdm; className: android.widget.TextView; text: ; contentDescription: null; viewIdResName: com.pekall.emdm:id/application_icon_content; checkable: false; checked: false; focusable: true; focused: false; selected: false; clickable: false; longClickable: false; enabled: true; password: false; scrollable: false; [ACTION_FOCUS, ACTION_SELECT, ACTION_CLEAR_SELECTION, ACTION_ACCESSIBILITY_FOCUS, ACTION_NEXT_AT_MOVEMENT_GRANULARITY, ACTION_PREVIOUS_AT_MOVEMENT_GRANULARITY, ACTION_SET_SELECTION]]
07-14 12:41:58.151 I/QueryController( 8284): Matched selector: UiSelector[TEXT=, CLASS=android.widget.TextView] <<==>> [android.view.accessibility.AccessibilityNodeInfo@22c830; boundsInParent: Rect(0, 0 - 148, 184); boundsInScreen: Rect(376, 572 - 524, 756); packageName: com.pekall.emdm; className: android.widget.TextView; text: ; contentDescription: null; viewIdResName: com.pekall.emdm:id/application_icon_content; checkable: false; checked: false; focusable: true; focused: false; selected: false; clickable: false; longClickable: false; enabled: true; password: false; scrollable: false; [ACTION_FOCUS, ACTION_SELECT, ACTION_CLEAR_SELECTION, ACTION_ACCESSIBILITY_FOCUS, ACTION_NEXT_AT_MOVEMENT_GRANULARITY, ACTION_PREVIOUS_AT_MOVEMENT_GRANULARITY, ACTION_SET_SELECTION]]
07-14 12:41:58.151 D/InteractionController( 8284): clickAndWaitForNewWindow(450, 664)
07-14 12:41:58.291 I/ActivityManager(  374): START u0 {cmp=com.pekall.emdm/.market.activity.AppListActivity} from pid 3494
07-14 12:41:58.448 D/dalvikvm(  374): GC_FOR_ALLOC freed 415K, 30% free 19327K/27520K, paused 83ms, total 83ms
07-14 12:41:58.533 D/dalvikvm(  374): GC_FOR_ALLOC freed 749K, 32% free 18949K/27520K, paused 82ms, total 82ms
07-14 12:41:58.541 D/MdmApplication( 3494): [null:-1]->onActivityPaused ui.MainActivity , mActivityCount = 2
07-14 12:41:58.541 D/MDM :   ( 3494): [null:-1]->query
07-14 12:41:58.541 D/MDM :   ( 3494): [null:-1]->QUERY_PINCODE_CHECK_RESULT
07-14 12:41:58.541 E/Mdm     ( 3494): Call Mdm service's setLastExitTime function
07-14 12:41:58.588 D/dalvikvm( 1052): GC_CONCURRENT freed 189K, 9% free 10226K/11168K, paused 3ms+3ms, total 45ms
07-14 12:41:58.612 D/MdmApplication( 3494): [null:-1]->onActivityStarted market.activity.AppListActivity , mActivityCount = 1
07-14 12:41:58.612 D/MDM :   ( 3494): [null:-1]->query
07-14 12:41:58.619 D/MDM :   ( 3494): [null:-1]->QUERY_PINCODE_CHECK_RESULT
07-14 12:41:58.651 D/DB      ( 3494): query: SQLiteQuery: SELECT * FROM app WHERE type = 51107
07-14 12:41:58.651 D/DB      ( 3494): factory null
07-14 12:41:58.651 D/DB      ( 3494): fillWindow: 0
07-14 12:41:58.651 D/DB      ( 3494): cursor 1
07-14 12:41:58.658 D/DB      ( 3494): query: SQLiteQuery: SELECT * FROM app WHERE type = 51106
07-14 12:41:58.658 D/DB      ( 3494): factory null
07-14 12:41:58.658 D/DB      ( 3494): fillWindow: 0
07-14 12:41:58.666 D/DB      ( 3494): cursor 1
07-14 12:41:58.807 D/DB      ( 3494): moveToPos: 0
07-14 12:41:58.807 D/DB      ( 3494): onMove: 0
07-14 12:41:58.807 D/DB      ( 3494): moveToPos: 1
07-14 12:41:58.807 D/DB      ( 3494): moveToPos: 0
07-14 12:41:58.807 D/DB      ( 3494): onMove: 0
07-14 12:41:58.807 D/DB      ( 3494): moveToPos: 1
07-14 12:41:58.893 D/dalvikvm( 3494): GC_CONCURRENT freed 3730K, 15% free 21777K/25600K, paused 5ms+25ms, total 149ms
07-14 12:41:58.987 I/ActivityManager(  374): Displayed com.pekall.emdm/.market.activity.AppListActivity: +432ms
07-14 12:41:59.830 I/QueryController( 8284): Matched selector: UiSelector[TEXT=, CLASS=android.widget.TextView] <<==>> [android.view.accessibility.AccessibilityNodeInfo@23882f; boundsInParent: Rect(0, 0 - 144, 48); boundsInScreen: Rect(108, 170 - 252, 218); packageName: com.pekall.emdm; className: android.widget.TextView; text: ; contentDescription: null; viewIdResName: com.pekall.emdm:id/market_tab_text; checkable: false; checked: false; focusable: false; focused: false; selected: true; clickable: false; longClickable: false; enabled: true; password: false; scrollable: false; [ACTION_SELECT, ACTION_CLEAR_SELECTION, ACTION_ACCESSIBILITY_FOCUS, ACTION_NEXT_AT_MOVEMENT_GRANULARITY, ACTION_PREVIOUS_AT_MOVEMENT_GRANULARITY, ACTION_SET_SELECTION]]
07-14 12:41:59.830 D/InteractionController( 8284): clickAndWaitForNewWindow(180, 194)
07-14 12:42:02.940 W/InteractionController( 8284): runAndwaitForEvent timedout waiting for events
07-14 12:42:03.198 I/QueryController( 8284): Matched selector: UiSelector[TEXT=] <<==>> [android.view.accessibility.AccessibilityNodeInfo@233d1b; boundsInParent: Rect(0, 0 - 434, 43); boundsInScreen: Rect(136, 262 - 570, 305); packageName: com.pekall.emdm; className: android.widget.TextView; text: ; contentDescription: null; viewIdResName: com.pekall.emdm:id/market_item_name; checkable: false; checked: false; focusable: false; focused: false; selected: false; clickable: false; longClickable: false; enabled: true; password: false; scrollable: false; [ACTION_SELECT, ACTION_CLEAR_SELECTION, ACTION_ACCESSIBILITY_FOCUS, ACTION_NEXT_AT_MOVEMENT_GRANULARITY, ACTION_PREVIOUS_AT_MOVEMENT_GRANULARITY, ACTION_SET_SELECTION]]
07-14 12:42:03.213 I/AndroidRuntime( 8284): VM exiting with result code 0.
07-14 12:42:12.010 D/LightsService(  374): Excessive delay setting light: 67ms
07-14 12:42:12.244 D/LightsService(  374): Excessive delay setting light: 67ms
07-14 12:42:14.830 I/PowerManagerService(  374): Going to sleep due to screen timeout...
07-14 12:42:15.619 D/SurfaceFlinger(  124): Screen released, type=0 flinger=0x41e1a478
07-14 12:42:15.705 D/dalvikvm(  374): GC_FOR_ALLOC freed 622K, 28% free 19990K/27520K, paused 87ms, total 87ms
07-14 12:42:15.799 D/dalvikvm(  374): GC_FOR_ALLOC freed 763K, 29% free 19599K/27520K, paused 83ms, total 83ms
07-14 12:42:15.815 D/MdmApplication( 3494): [null:-1]->onActivityPaused market.activity.AppListActivity , mActivityCount = 2
07-14 12:42:15.815 D/MDM :   ( 3494): [null:-1]->query
07-14 12:42:15.815 D/MDM :   ( 3494): [null:-1]->QUERY_PINCODE_CHECK_RESULT
07-14 12:42:15.815 E/Mdm     ( 3494): Call Mdm service's setLastExitTime function
07-14 12:42:15.924 D/NfcService(  582): NFC-C OFF, disconnect
07-14 12:42:16.057 D/dalvikvm(  636): GC_FOR_ALLOC freed 1004K, 11% free 12679K/14092K, paused 88ms, total 88ms
07-14 12:42:16.065 V/KeyguardHostView(  374): hide transport, gen:35
07-14 12:42:16.065 V/KeyguardHostView(  374): music state changed: 0
07-14 12:42:16.112 D/MDM :   ( 3494): [null:-1]->query
07-14 12:42:16.112 D/MDM :   ( 3494): [null:-1]->QUERY_SETTING_PIN_ONOFF
07-14 12:42:16.135 D/PhoneStatusBar(  450): disable: < expand icons alerts ticker system_info back home RECENT* clock search >
07-14 12:42:16.182 V/TAG     (  374): bug 7643792: fitSystemWindows([0,50][0,0])
07-14 12:42:16.190 D/dalvikvm( 6152): GC_CONCURRENT freed 472K, 8% free 9353K/10072K, paused 3ms+4ms, total 40ms
07-14 12:42:16.291 D/PhoneStatusBar(  450): disable: < expand icons alerts ticker system_info BACK* HOME* RECENT CLOCK* search >
07-14 12:42:23.237 D/MDM :   ( 3494): [null:-1]->MSG_WEBSOCKET_MESSAGE : {"id":-990599303,"type":0,"command":0,"result":0,"reason":0,"params":{"msgId":"3a72eab8-7297-4a54-b3e1-19bf7d7eda00,3a72eab872974a54b3e119bf7d7eda00","device":"ffffffffc539bb10fffffffff7aea961","message":"{\"cmd\":\"10119\"}"}}
07-14 12:42:23.252 D/MdmService( 3494): [null:-1]->push message type :0
07-14 12:42:23.252 D/MdmService( 3494): [null:-1]->cmdMessage : {"cmd":"10119"}
07-14 12:42:23.260 D/MdmService( 3494): [null:-1]->command : PushCommandMsg{cmd='10119', msg='null'}
07-14 12:42:23.260 D/MDM :   ( 3494): [null:-1]->PUSH CMD: 10119
07-14 12:42:23.260 D/MdmStatusManager( 3494): [null:-1]->change status to : Busy
07-14 12:42:23.260 D/DB      ( 3494): query: SQLiteQuery: SELECT content, command_status, status FROM command WHERE status!=2
07-14 12:42:23.260 D/DB      ( 3494): factory null
07-14 12:42:23.260 D/DB      ( 3494): fillWindow: 0
07-14 12:42:23.260 D/DB      ( 3494): cursor 0
07-14 12:42:23.260 D/DB      ( 3494): moveToPos: 0
07-14 12:42:23.268 I/TransInfo( 3494): TransInfo created, id: 3, class: class com.pekall.emdm.transaction.b.c
07-14 12:42:23.268 D/NetworkThread( 3494): [null:-1]->----isRunning-----true
07-14 12:42:23.268 D/NetworkThread( 3494): [null:-1]->----isRunning-----true
07-14 12:42:23.268 D/NetworkThread( 3494): [null:-1]->thread wakeup
07-14 12:42:23.268 D/HttpClient( 3494): enable apache.http debug
07-14 12:42:23.276 V/DEBUG   ( 3494): HTTP 0
07-14 12:42:24.073 V/DEBUG   ( 3494): HTTP 1
07-14 12:42:24.096 D/MDM :   ( 3494): [null:-1]->read network input stream
07-14 12:42:24.104 D/CheckInTransInfo( 3494): [null:-1]->CommandMsg : CommandMsg{CommandUUID='8a80888e4732aed50147332dc24e072c', Command=CommandInstallDocument{DocumentName='ppt', DocumentSize=489984, DocumentFormat='ppt', DownloadURL='http://demo.everknow.cn/resources/api/v1/download/guest?uuid=af0057e92a2e42344d6f6a9855a9', Auth=null, DocumentUUID='8a80888c46c806620146c86ea7f40589', Version='1.0', DocumentDescription='null', DocumentCategory=null, IsCompressed=null, ReadAuthDay=null, RingNotify=null, EncryptLevel=null}}
07-14 12:42:24.104 D/DB      ( 3494): query: SQLiteQuery: SELECT * FROM command WHERE cmd_uuid='8a80888e4732aed50147332dc24e072c'
07-14 12:42:24.104 D/DB      ( 3494): factory null
07-14 12:42:24.104 D/DB      ( 3494): fillWindow: 0
07-14 12:42:24.104 D/DB      ( 3494): cursor 0
07-14 12:42:24.135 D/NetworkThread( 3494): [null:-1]->queue is empty, thread wait...
07-14 12:42:24.237 D/MdmService( 3494): [null:-1]->handleCheckInResult
07-14 12:42:24.237 D/MdmService( 3494): [null:-1]->handleCheckInResult result keyIndex: 3
07-14 12:42:24.244 D/CommandManager( 3494): [null:-1]->execute command: CommandMsg{CommandUUID='8a80888e4732aed50147332dc24e072c', Command=CommandInstallDocument{DocumentName='ppt', DocumentSize=489984, DocumentFormat='ppt', DownloadURL='http://demo.everknow.cn/resources/api/v1/download/guest?uuid=af0057e92a2e42344d6f6a9855a9', Auth=null, DocumentUUID='8a80888c46c806620146c86ea7f40589', Version='1.0', DocumentDescription='null', DocumentCategory=null, IsCompressed=null, ReadAuthDay=null, RingNotify=null, EncryptLevel=null}}
07-14 12:42:24.244 D/DownLoadDocService( 3494): [null:-1]->action is  com.pekall.emdm.action.DOWNLOADDOC
07-14 12:42:24.244 D/DownLoadDocService( 3494): [null:-1]->uuid is  8a80888c46c806620146c86ea7f40589 ,url is http://demo.everknow.cn/resources/api/v1/download/guest?uuid=af0057e92a2e42344d6f6a9855a9
07-14 12:42:24.252 E/DB      ( 3494): bind, index: 1, value: 8a80888c46c806620146c86ea7f40589
07-14 12:42:24.252 D/DB      ( 3494): query: SQLiteQuery: SELECT * FROM doc WHERE uuid=?
07-14 12:42:24.252 D/DB      ( 3494): factory null
07-14 12:42:24.252 D/DB      ( 3494): fillWindow: 0
07-14 12:42:24.252 D/DB      ( 3494): cursor 0
07-14 12:42:24.252 D/DB      ( 3494): moveToPos: 0
07-14 12:42:24.299 D/DB      ( 3494): query: SQLiteQuery: SELECT * FROM doc WHERE browseStatus = 0 AND type = 'Normal'
07-14 12:42:24.299 D/DB      ( 3494): factory null
07-14 12:42:24.299 D/DB      ( 3494): fillWindow: 0
07-14 12:42:24.299 D/DB      ( 3494): cursor 1
07-14 12:42:24.299 E/Mdm     ( 3494): Call Mdm service's recordIconCount function
07-14 12:42:24.315 D/DB      ( 3494): query: SQLiteQuery: SELECT * FROM doc WHERE browseStatus = 0 AND type = 'Normal'
07-14 12:42:24.315 D/DB      ( 3494): factory null
07-14 12:42:24.315 D/DB      ( 3494): fillWindow: 0
07-14 12:42:24.315 D/DB      ( 3494): cursor 1
07-14 12:42:24.330 I/TransInfo( 3494): TransInfo created, id: 3, class: class com.pekall.emdm.transaction.b.c
07-14 12:42:24.330 D/NetworkThread( 3494): [null:-1]->----isRunning-----true
07-14 12:42:24.330 D/NetworkThread( 3494): [null:-1]->----isRunning-----true
07-14 12:42:24.330 D/NetworkThread( 3494): [null:-1]->thread wakeup
07-14 12:42:24.338 D/HttpClient( 3494): enable apache.http debug
07-14 12:42:24.346 V/DEBUG   ( 3494): HTTP 0
07-14 12:42:24.369 I/AudioService(  374):  AudioFocus  requestAudioFocus() from android.media.AudioManager@42b1f758
07-14 12:42:24.369 V/KeyguardHostView(  374): hide transport, gen:36
07-14 12:42:25.315 V/DEBUG   ( 3494): HTTP 1
07-14 12:42:25.323 D/MdmDatabaseHelper( 3494): [null:-1]->update command 8a80888e4732aed50147332dc24e072c to status executed
07-14 12:42:25.354 D/NetworkThread( 3494): [null:-1]->queue is empty, thread wait...
07-14 12:42:25.416 D/MdmService( 3494): [null:-1]->handleCheckInResult
07-14 12:42:25.424 D/MdmService( 3494): [null:-1]->handleCheckInResult result keyIndex: 3
07-14 12:42:25.424 D/HandleCommandTask( 3494): [null:-1]->execute command msg but beanBase is null
07-14 12:42:25.424 D/MdmStatusManager( 3494): [null:-1]->change status to : Idle
07-14 12:42:25.526 I/AudioService(  374):  AudioFocus  abandonAudioFocus() from android.media.AudioManager@42b1f758
07-14 12:42:25.526 V/KeyguardHostView(  374): hide transport, gen:37
07-14 12:42:31.455 W/MountService(  374): getVolumeState(/storage/emulated/0/external_sd): Unknown volume
07-14 12:42:31.463 W/MountService(  374): getVolumeState(/mnt/sdcard-ext): Unknown volume
07-14 12:42:31.463 W/MountService(  374): getVolumeState(/mnt/ext_sdcard): Unknown volume
07-14 12:42:31.463 W/MountService(  374): getVolumeState(/mnt/sdcard2): Unknown volume
07-14 12:42:31.463 W/MountService(  374): getVolumeState(/mnt/emmc): Unknown volume
07-14 12:42:31.463 W/MountService(  374): getVolumeState(/mnt/extSdCard): Unknown volume
07-14 12:42:31.471 W/MountService(  374): getVolumeState(/mnt/sdcard/SD_CARD): Unknown volume
07-14 12:42:31.471 W/MountService(  374): getVolumeState(/mnt/sdcard/extra_sd): Unknown volume
07-14 12:42:31.471 W/MountService(  374): getVolumeState(/mnt/extrasd_bind): Unknown volume
07-14 12:42:31.471 W/MountService(  374): getVolumeState(/mnt/sdcard/ext_sd): Unknown volume
07-14 12:42:31.479 W/MountService(  374): getVolumeState(/storage/extSdCard): Unknown volume
07-14 12:42:31.479 W/MountService(  374): getVolumeState(/storage/sdcard1): Unknown volume
07-14 12:42:31.479 W/MountService(  374): getVolumeState(/mnt/sdcard/external_SD): Unknown volume
07-14 12:42:31.479 W/MountService(  374): getVolumeState(/mnt/sdcard/external_sd): Unknown volume
07-14 12:42:31.580 D/dalvikvm( 6152): GC_CONCURRENT freed 289K, 6% free 9518K/10072K, paused 3ms+3ms, total 34ms
07-14 12:42:31.698 W/MountService(  374): getVolumeState(/storage/emulated/0/external_sd): Unknown volume
07-14 12:42:31.698 W/MountService(  374): getVolumeState(/mnt/sdcard-ext): Unknown volume
07-14 12:42:31.698 W/MountService(  374): getVolumeState(/mnt/ext_sdcard): Unknown volume
07-14 12:42:31.698 W/MountService(  374): getVolumeState(/mnt/sdcard2): Unknown volume
07-14 12:42:31.705 W/MountService(  374): getVolumeState(/mnt/emmc): Unknown volume
07-14 12:42:31.705 W/MountService(  374): getVolumeState(/mnt/extSdCard): Unknown volume
07-14 12:42:31.705 W/MountService(  374): getVolumeState(/mnt/sdcard/SD_CARD): Unknown volume
07-14 12:42:31.705 W/MountService(  374): getVolumeState(/mnt/sdcard/extra_sd): Unknown volume
07-14 12:42:31.705 W/MountService(  374): getVolumeState(/mnt/extrasd_bind): Unknown volume
07-14 12:42:31.705 W/MountService(  374): getVolumeState(/mnt/sdcard/ext_sd): Unknown volume
07-14 12:42:31.705 W/MountService(  374): getVolumeState(/storage/extSdCard): Unknown volume
07-14 12:42:31.705 W/MountService(  374): getVolumeState(/storage/sdcard1): Unknown volume
07-14 12:42:31.713 W/MountService(  374): getVolumeState(/mnt/sdcard/external_SD): Unknown volume
07-14 12:42:31.713 W/MountService(  374): getVolumeState(/mnt/sdcard/external_sd): Unknown volume
07-14 12:42:31.744 D/dalvikvm( 6152): GC_CONCURRENT freed 588K, 7% free 9395K/10072K, paused 4ms+3ms, total 27ms
07-14 12:42:33.698 D/AndroidRuntime( 8372): 
07-14 12:42:33.698 D/AndroidRuntime( 8372): >>>>>> AndroidRuntime START com.android.internal.os.RuntimeInit <<<<<<
07-14 12:42:33.698 D/AndroidRuntime( 8372): CheckJNI is OFF
07-14 12:42:33.713 D/dalvikvm( 8372): Trying to load lib libjavacore.so 0x0
07-14 12:42:33.721 D/dalvikvm( 8372): Added shared lib libjavacore.so 0x0
07-14 12:42:33.737 D/dalvikvm( 8372): Trying to load lib libnativehelper.so 0x0
07-14 12:42:33.737 D/dalvikvm( 8372): Added shared lib libnativehelper.so 0x0
07-14 12:42:33.955 D/AndroidRuntime( 8372): Calling main entry com.android.commands.uiautomator.Launcher
07-14 12:42:33.994 E/UiDevice( 8372): Exceuting watcher: ANRWatcher
07-14 12:42:33.994 E/UiDevice( 8372): java.lang.RuntimeException: UiDevice not initialized
07-14 12:42:33.994 E/UiDevice( 8372): 	at com.android.uiautomator.core.UiDevice.getAutomatorBridge(UiDevice.java:87)
07-14 12:42:33.994 E/UiDevice( 8372): 	at com.android.uiautomator.core.UiDevice.wakeUp(UiDevice.java:719)
07-14 12:42:33.994 E/UiDevice( 8372): 	at com.pekall.test.mdmui.util.UiANRWatcher.checkForCondition(UiANRWatcher.java:23)
07-14 12:42:33.994 E/UiDevice( 8372): 	at com.android.uiautomator.core.UiDevice.runWatchers(UiDevice.java:554)
07-14 12:42:33.994 E/UiDevice( 8372): 	at com.pekall.test.mdmui.util.UiANRWatcher.run(UiANRWatcher.java:41)
07-14 12:42:33.994 E/UiDevice( 8372): 	at com.pekall.test.mdmui.Document.<clinit>(Document.java:25)
07-14 12:42:33.994 E/UiDevice( 8372): 	at java.lang.Class.newInstanceImpl(Native Method)
07-14 12:42:33.994 E/UiDevice( 8372): 	at java.lang.Class.newInstance(Class.java:1130)
07-14 12:42:33.994 E/UiDevice( 8372): 	at com.android.uiautomator.testrunner.TestCaseCollector.addSingleTestMethod(TestCaseCollector.java:110)
07-14 12:42:33.994 E/UiDevice( 8372): 	at com.android.uiautomator.testrunner.TestCaseCollector.addTestClass(TestCaseCollector.java:86)
07-14 12:42:33.994 E/UiDevice( 8372): 	at com.android.uiautomator.testrunner.TestCaseCollector.addTestClass(TestCaseCollector.java:72)
07-14 12:42:33.994 E/UiDevice( 8372): 	at com.android.uiautomator.testrunner.TestCaseCollector.addTestClasses(TestCaseCollector.java:53)
07-14 12:42:33.994 E/UiDevice( 8372): 	at com.android.uiautomator.testrunner.UiAutomatorTestRunner.start(UiAutomatorTestRunner.java:106)
07-14 12:42:33.994 E/UiDevice( 8372): 	at com.android.uiautomator.testrunner.UiAutomatorTestRunner.run(UiAutomatorTestRunner.java:96)
07-14 12:42:33.994 E/UiDevice( 8372): 	at com.android.commands.uiautomator.RunTestCommand.run(RunTestCommand.java:91)
07-14 12:42:33.994 E/UiDevice( 8372): 	at com.android.commands.uiautomator.Launcher.main(Launcher.java:83)
07-14 12:42:33.994 E/UiDevice( 8372): 	at com.android.internal.os.RuntimeInit.nativeFinishInit(Native Method)
07-14 12:42:33.994 E/UiDevice( 8372): 	at com.android.internal.os.RuntimeInit.main(RuntimeInit.java:235)
07-14 12:42:33.994 E/UiDevice( 8372): 	at dalvik.system.NativeStart.main(Native Method)
07-14 12:42:34.010 D/dalvikvm( 8372): Note: class Landroid/app/ActivityManagerNative; has 163 unimplemented (abstract) methods
07-14 12:42:34.065 I/PowerManagerService(  374): Waking up from sleep...
07-14 12:42:34.174 I/WindowManager(  374): Lock screen displayed!
07-14 12:42:34.346 D/dalvikvm( 2019): GC_FOR_ALLOC freed 341K, 7% free 9928K/10588K, paused 26ms, total 26ms
07-14 12:42:34.377 V/DigitalWidgetViewsFactory( 2502): DigitalWidget sets next alarm string to null
07-14 12:42:34.432 D/PowerManagerService-JNI(  374): Excessive delay in autosuspend_disable() while turning screen on: 349ms
07-14 12:42:34.494 D/SurfaceFlinger(  124): Screen acquired, type=0 flinger=0x41e1a478
07-14 12:42:34.799 D/AndroidRuntime( 8390): 
07-14 12:42:34.799 D/AndroidRuntime( 8390): >>>>>> AndroidRuntime START com.android.internal.os.RuntimeInit <<<<<<
07-14 12:42:34.799 D/AndroidRuntime( 8390): CheckJNI is OFF
07-14 12:42:34.815 D/dalvikvm( 8390): Trying to load lib libjavacore.so 0x0
07-14 12:42:34.823 D/dalvikvm( 8390): Added shared lib libjavacore.so 0x0
07-14 12:42:34.830 D/SurfaceControl(  374): Excessive delay in unblankDisplay() while turning screen on: 375ms
07-14 12:42:34.838 D/dalvikvm( 8390): Trying to load lib libnativehelper.so 0x0
07-14 12:42:34.838 D/dalvikvm( 8390): Added shared lib libnativehelper.so 0x0
07-14 12:42:34.971 D/LightsService(  374): Excessive delay setting light: 106ms
07-14 12:42:35.026 D/AndroidRuntime( 8390): Calling main entry com.qihoo360.powerctl.root.app.App
07-14 12:42:35.026 D/AndroidRuntime( 8390): Shutting down VM
07-14 12:42:35.026 D/dalvikvm( 8390): GC_CONCURRENT freed 114K, 22% free 467K/592K, paused 1ms+0ms, total 4ms
07-14 12:42:35.026 I/AndroidRuntime( 8390): NOTE: attach of thread 'Binder_1' failed
07-14 12:42:35.924 I/QueryController( 8372): Matched selector: UiSelector[DESCRIPTION=] <<==>> [android.view.accessibility.AccessibilityNodeInfo@2968e9; boundsInParent: Rect(0, 0 - 720, 756); boundsInScreen: Rect(0, 547 - 720, 1303); packageName: android; className: android.view.View; text: null; contentDescription: ; viewIdResName: android:id/glow_pad_view; checkable: false; checked: false; focusable: false; focused: false; selected: false; clickable: false; longClickable: false; enabled: true; password: false; scrollable: false; [ACTION_SELECT, ACTION_CLEAR_SELECTION, ACTION_ACCESSIBILITY_FOCUS, ACTION_NEXT_AT_MOVEMENT_GRANULARITY, ACTION_PREVIOUS_AT_MOVEMENT_GRANULARITY, ACTION_SET_SELECTION]]
07-14 12:42:35.940 W/GlowPadView(  374): The number of target drawables must be equal to the number of direction descriptions.
07-14 12:42:36.252 D/MdmApplication( 3494): [null:-1]->onActivityStarted market.activity.AppListActivity , mActivityCount = 1
07-14 12:42:36.252 D/MDM :   ( 3494): [null:-1]->query
07-14 12:42:36.260 D/MDM :   ( 3494): [null:-1]->QUERY_PINCODE_CHECK_RESULT
07-14 12:42:36.260 D/PhoneStatusBar(  450): disable: < expand icons alerts ticker system_info BACK HOME recent* CLOCK search >
07-14 12:42:36.268 D/mdm_log ( 3494): [null:-1]->has installed hugh.android.app.zidian
07-14 12:42:36.346 D/PhoneStatusBar(  450): disable: < expand icons alerts ticker system_info back* home* recent clock* search >
07-14 12:42:36.369 D/NfcService(  582): NFC-C ON
07-14 12:42:36.401 W/InputMethodManagerService(  374): Window already focused, ignoring focus gain of: com.android.internal.view.IInputMethodClient$Stub$Proxy@42e1c9b8 attribute=android.view.inputmethod.EditorInfo@43995ba8, token = android.os.BinderProxy@43271f48
07-14 12:42:36.799 V/TAG     (  374): bug 7643792: fitSystemWindows([0,50][0,0])
07-14 12:42:36.908 D/AndroidRuntime( 8413): 
07-14 12:42:36.908 D/AndroidRuntime( 8413): >>>>>> AndroidRuntime START com.android.internal.os.RuntimeInit <<<<<<
07-14 12:42:36.908 D/AndroidRuntime( 8413): CheckJNI is OFF
07-14 12:42:36.924 D/dalvikvm( 8413): Trying to load lib libjavacore.so 0x0
07-14 12:42:36.932 D/dalvikvm( 8413): Added shared lib libjavacore.so 0x0
07-14 12:42:36.948 D/dalvikvm( 8413): Trying to load lib libnativehelper.so 0x0
07-14 12:42:36.948 D/dalvikvm( 8413): Added shared lib libnativehelper.so 0x0
07-14 12:42:37.151 I/ActivityManager(  374): START u0 {act=android.intent.action.MAIN cat=[android.intent.category.HOME] flg=0x10200000 cmp=com.android.launcher/com.android.launcher2.Launcher} from pid 374
07-14 12:42:37.221 D/AndroidRuntime( 8413): Calling main entry com.qihoo360.powerctl.root.app.App
07-14 12:42:37.229 D/AndroidRuntime( 8413): Shutting down VM
07-14 12:42:37.229 D/dalvikvm( 8413): GC_CONCURRENT freed 114K, 22% free 467K/592K, paused 0ms+0ms, total 4ms
07-14 12:42:37.237 I/AndroidRuntime( 8413): NOTE: attach of thread 'Binder_1' failed
07-14 12:42:37.283 D/dalvikvm(  374): GC_FOR_ALLOC freed 1917K, 27% free 20193K/27520K, paused 118ms, total 118ms
07-14 12:42:37.283 D/MdmApplication( 3494): [null:-1]->onActivityPaused market.activity.AppListActivity , mActivityCount = 2
07-14 12:42:37.291 D/MDM :   ( 3494): [null:-1]->query
07-14 12:42:37.291 D/MDM :   ( 3494): [null:-1]->QUERY_PINCODE_CHECK_RESULT
07-14 12:42:37.291 E/Mdm     ( 3494): Call Mdm service's setLastExitTime function
07-14 12:42:37.393 D/dalvikvm(  450): GC_FOR_ALLOC freed 897K, 14% free 13769K/15908K, paused 72ms, total 74ms
07-14 12:42:38.057 W/ResourceType(  595): No known package when getting name for resource number 0x9c020000
07-14 12:42:38.057 W/ResourceType(  595): No known package when getting name for resource number 0x9c020002
07-14 12:42:38.104 W/ResourceType(  595): No known package when getting name for resource number 0x9b000000
07-14 12:42:38.104 W/ResourceType(  595): No known package when getting name for resource number 0x9b010100
07-14 12:42:38.104 W/ResourceType(  595): No known package when getting name for resource number 0x9b030300
07-14 12:42:38.104 W/ResourceType(  595): No known package when getting name for resource number 0x9b040400
07-14 12:42:38.112 I/QueryController( 8372): Matched selector: UiSelector[DESCRIPTION=, PACKAGE NAME=com.android.launcher] <<==>> [android.view.accessibility.AccessibilityNodeInfo@1fe6e; boundsInParent: Rect(524232, 0 - 524360, 128); boundsInScreen: Rect(296, 1040 - 424, 1168); packageName: com.android.launcher; className: android.widget.TextView; text: null; contentDescription: ; viewIdResName: null; checkable: false; checked: false; focusable: true; focused: false; selected: false; clickable: true; longClickable: false; enabled: true; password: false; scrollable: false; [ACTION_FOCUS, ACTION_SELECT, ACTION_CLEAR_SELECTION, ACTION_CLICK, ACTION_ACCESSIBILITY_FOCUS]]
07-14 12:42:38.112 D/InteractionController( 8372): clickAndWaitForNewWindow(360, 1104)
07-14 12:42:38.987 I/QueryController( 8372): Matched selector: UiSelector[TEXT=] <<==>> [android.view.accessibility.AccessibilityNodeInfo@6c634; boundsInParent: Rect(0, 0 - 148, 184); boundsInScreen: Rect(16, 958 - 164, 1142); packageName: com.android.launcher; className: android.widget.TextView; text: ; contentDescription: null; viewIdResName: null; checkable: false; checked: false; focusable: true; focused: false; selected: false; clickable: true; longClickable: true; enabled: true; password: false; scrollable: false; [ACTION_FOCUS, ACTION_SELECT, ACTION_CLEAR_SELECTION, ACTION_CLICK, ACTION_LONG_CLICK, ACTION_ACCESSIBILITY_FOCUS, ACTION_NEXT_AT_MOVEMENT_GRANULARITY, ACTION_PREVIOUS_AT_MOVEMENT_GRANULARITY, ACTION_SET_SELECTION]]
07-14 12:42:39.010 I/QueryController( 8372): Matched selector: UiSelector[TEXT=] <<==>> [android.view.accessibility.AccessibilityNodeInfo@6c634; boundsInParent: Rect(0, 0 - 148, 184); boundsInScreen: Rect(16, 958 - 164, 1142); packageName: com.android.launcher; className: android.widget.TextView; text: ; contentDescription: null; viewIdResName: null; checkable: false; checked: false; focusable: true; focused: false; selected: false; clickable: true; longClickable: true; enabled: true; password: false; scrollable: false; [ACTION_FOCUS, ACTION_SELECT, ACTION_CLEAR_SELECTION, ACTION_CLICK, ACTION_LONG_CLICK, ACTION_ACCESSIBILITY_FOCUS, ACTION_NEXT_AT_MOVEMENT_GRANULARITY, ACTION_PREVIOUS_AT_MOVEMENT_GRANULARITY, ACTION_SET_SELECTION]]
07-14 12:42:39.018 D/InteractionController( 8372): clickAndWaitForNewWindow(90, 1050)
07-14 12:42:39.151 I/ActivityManager(  374): START u0 {act=android.intent.action.MAIN cat=[android.intent.category.LAUNCHER] flg=0x10200000 cmp=com.pekall.emdm/.ui.SplashActivity} from pid 595
07-14 12:42:39.291 D/dalvikvm(  374): GC_FOR_ALLOC freed 1684K, 32% free 18974K/27520K, paused 91ms, total 92ms
07-14 12:42:39.385 D/dalvikvm(  374): GC_FOR_ALLOC freed 9K, 30% free 19336K/27520K, paused 92ms, total 92ms
07-14 12:42:39.385 I/dalvikvm-heap(  374): Grow heap (frag case) to 19.284MB for 380496-byte allocation
07-14 12:42:39.479 D/dalvikvm(  374): GC_FOR_ALLOC freed 0K, 30% free 19707K/27892K, paused 96ms, total 96ms
07-14 12:42:39.573 D/dalvikvm(  374): GC_FOR_ALLOC freed 743K, 33% free 18964K/27892K, paused 90ms, total 90ms
07-14 12:42:39.604 D/MdmApplication( 3494): [null:-1]->onActivityStarted market.activity.AppListActivity , mActivityCount = 1
07-14 12:42:39.604 D/MDM :   ( 3494): [null:-1]->query
07-14 12:42:39.612 D/MDM :   ( 3494): [null:-1]->QUERY_PINCODE_CHECK_RESULT
07-14 12:42:39.612 D/mdm_log ( 3494): [null:-1]->has installed hugh.android.app.zidian
07-14 12:42:40.315 I/QueryController( 8372): Matched selector: UiSelector[PACKAGE NAME=com.pekall.emdm] <<==>> [android.view.accessibility.AccessibilityNodeInfo@22d7c0; boundsInParent: Rect(0, 0 - 720, 1184); boundsInScreen: Rect(0, 0 - 720, 1184); packageName: com.pekall.emdm; className: android.widget.FrameLayout; text: null; contentDescription: null; viewIdResName: null; checkable: false; checked: false; focusable: false; focused: false; selected: false; clickable: false; longClickable: false; enabled: true; password: false; scrollable: false; [ACTION_SELECT, ACTION_CLEAR_SELECTION, ACTION_ACCESSIBILITY_FOCUS]]
07-14 12:42:40.346 I/QueryController( 8372): Matched selector: UiSelector[TEXT=, CLASS=android.widget.TextView] <<==>> [android.view.accessibility.AccessibilityNodeInfo@23dac5; boundsInParent: Rect(0, 0 - 144, 48); boundsInScreen: Rect(97, 74 - 241, 122); packageName: com.pekall.emdm; className: android.widget.TextView; text: ; contentDescription: null; viewIdResName: android:id/action_bar_title; checkable: false; checked: false; focusable: false; focused: false; selected: false; clickable: false; longClickable: false; enabled: true; password: false; scrollable: false; [ACTION_SELECT, ACTION_CLEAR_SELECTION, ACTION_ACCESSIBILITY_FOCUS, ACTION_NEXT_AT_MOVEMENT_GRANULARITY, ACTION_PREVIOUS_AT_MOVEMENT_GRANULARITY, ACTION_SET_SELECTION]]
07-14 12:42:40.533 D/dalvikvm(  374): GC_FOR_ALLOC freed 402K, 31% free 19336K/27892K, paused 82ms, total 82ms
07-14 12:42:40.619 D/dalvikvm(  374): GC_FOR_ALLOC freed 751K, 33% free 18956K/27892K, paused 84ms, total 84ms
07-14 12:42:40.627 D/MdmApplication( 3494): [null:-1]->onActivityPaused market.activity.AppListActivity , mActivityCount = 2
07-14 12:42:40.627 D/MDM :   ( 3494): [null:-1]->query
07-14 12:42:40.627 D/MDM :   ( 3494): [null:-1]->QUERY_PINCODE_CHECK_RESULT
07-14 12:42:40.627 E/Mdm     ( 3494): Call Mdm service's setLastExitTime function
07-14 12:42:40.643 D/MdmApplication( 3494): [null:-1]->onActivityStarted ui.MainActivity , mActivityCount = 1
07-14 12:42:40.651 D/MDM :   ( 3494): [null:-1]->query
07-14 12:42:40.651 D/MDM :   ( 3494): [null:-1]->QUERY_PINCODE_CHECK_RESULT
07-14 12:42:41.276 D/DB      ( 3494): query: SQLiteQuery: SELECT * FROM app WHERE readStatus =0
07-14 12:42:41.276 D/DB      ( 3494): factory null
07-14 12:42:41.283 D/DB      ( 3494): fillWindow: 0
07-14 12:42:41.283 D/DB      ( 3494): cursor 0
07-14 12:42:41.283 E/Mdm     ( 3494): Call Mdm service's recordIconCount function
07-14 12:42:41.416 I/QueryController( 8372): Matched selector: UiSelector[TEXT=, CLASS=android.widget.TextView] <<==>> [android.view.accessibility.AccessibilityNodeInfo@22c830; boundsInParent: Rect(0, 0 - 148, 184); boundsInScreen: Rect(376, 572 - 524, 756); packageName: com.pekall.emdm; className: android.widget.TextView; text: ; contentDescription: null; viewIdResName: com.pekall.emdm:id/application_icon_content; checkable: false; checked: false; focusable: true; focused: false; selected: false; clickable: false; longClickable: false; enabled: true; password: false; scrollable: false; [ACTION_FOCUS, ACTION_SELECT, ACTION_CLEAR_SELECTION, ACTION_ACCESSIBILITY_FOCUS, ACTION_NEXT_AT_MOVEMENT_GRANULARITY, ACTION_PREVIOUS_AT_MOVEMENT_GRANULARITY, ACTION_SET_SELECTION]]
07-14 12:42:41.455 I/QueryController( 8372): Matched selector: UiSelector[TEXT=, CLASS=android.widget.TextView] <<==>> [android.view.accessibility.AccessibilityNodeInfo@22c0ae; boundsInParent: Rect(0, 0 - 148, 184); boundsInScreen: Rect(16, 572 - 164, 756); packageName: com.pekall.emdm; className: android.widget.TextView; text: ; contentDescription: null; viewIdResName: com.pekall.emdm:id/application_icon_content; checkable: false; checked: false; focusable: true; focused: false; selected: false; clickable: false; longClickable: false; enabled: true; password: false; scrollable: false; [ACTION_FOCUS, ACTION_SELECT, ACTION_CLEAR_SELECTION, ACTION_ACCESSIBILITY_FOCUS, ACTION_NEXT_AT_MOVEMENT_GRANULARITY, ACTION_PREVIOUS_AT_MOVEMENT_GRANULARITY, ACTION_SET_SELECTION]]
07-14 12:42:42.065 I/QueryController( 8372): Matched selector: UiSelector[TEXT=, CLASS=android.widget.TextView] <<==>> [android.view.accessibility.AccessibilityNodeInfo@22c0ae; boundsInParent: Rect(0, 0 - 148, 184); boundsInScreen: Rect(16, 572 - 164, 756); packageName: com.pekall.emdm; className: android.widget.TextView; text: ; contentDescription: null; viewIdResName: com.pekall.emdm:id/application_icon_content; checkable: false; checked: false; focusable: true; focused: false; selected: false; clickable: false; longClickable: false; enabled: true; password: false; scrollable: false; [ACTION_FOCUS, ACTION_SELECT, ACTION_CLEAR_SELECTION, ACTION_ACCESSIBILITY_FOCUS, ACTION_NEXT_AT_MOVEMENT_GRANULARITY, ACTION_PREVIOUS_AT_MOVEMENT_GRANULARITY, ACTION_SET_SELECTION]]
07-14 12:42:42.065 D/InteractionController( 8372): clickAndWaitForNewWindow(90, 664)
07-14 12:42:42.198 I/ActivityManager(  374): START u0 {cmp=com.pekall.emdm/.document.activity.DocMainActivity} from pid 3494
07-14 12:42:42.346 D/dalvikvm(  374): GC_FOR_ALLOC freed 402K, 31% free 19333K/27892K, paused 83ms, total 83ms
07-14 12:42:42.432 D/dalvikvm(  374): GC_FOR_ALLOC freed 748K, 33% free 18956K/27892K, paused 82ms, total 82ms
07-14 12:42:42.440 D/MdmApplication( 3494): [null:-1]->onActivityPaused ui.MainActivity , mActivityCount = 2
07-14 12:42:42.440 D/MDM :   ( 3494): [null:-1]->query
07-14 12:42:42.440 D/MDM :   ( 3494): [null:-1]->QUERY_PINCODE_CHECK_RESULT
07-14 12:42:42.440 E/Mdm     ( 3494): Call Mdm service's setLastExitTime function
07-14 12:42:42.518 D/MdmApplication( 3494): [null:-1]->onActivityStarted document.activity.DocMainActivity , mActivityCount = 1
07-14 12:42:42.518 D/MDM :   ( 3494): [null:-1]->query
07-14 12:42:42.526 D/MDM :   ( 3494): [null:-1]->QUERY_PINCODE_CHECK_RESULT
07-14 12:42:42.526 D/DB      ( 3494): query: SQLiteQuery: SELECT * FROM doc WHERE browseStatus = 0 AND type = 'Normal'
07-14 12:42:42.526 D/DB      ( 3494): factory null
07-14 12:42:42.526 D/DB      ( 3494): fillWindow: 0
07-14 12:42:42.526 D/DB      ( 3494): cursor 1
07-14 12:42:42.674 D/MdmService( 3494): [null:-1]->receiver action :com.pekall.mdm.action.MDM_ALARM
07-14 12:42:42.674 D/MdmService( 3494): [null:-1]->keepAliveWithPushServer client is opened:true
07-14 12:42:42.682 D/MDM :   ( 3494): [null:-1]->ping!!!!!!!!!
07-14 12:42:42.682 D/MdmService( 3494): [null:-1]->pushUrl : ws://demo.everknow.cn:9030/websocket
07-14 12:42:42.682 D/MDM :   ( 3494): [null:-1]->mMdmPushClient is :not null
07-14 12:42:42.682 D/MDM :   ( 3494): [null:-1]->mMdmPushClient opened : opened
07-14 12:42:42.690 I/ActivityManager(  374): Displayed com.pekall.emdm/.document.activity.DocMainActivity: +238ms
07-14 12:42:42.744 D/MDM :   ( 3494): [null:-1]->MSG_WEBSOCKET_PONG
07-14 12:42:42.901 W/System.err( 6203): java.io.FileNotFoundException: /data/data/com.mgyapp.android/files/.cfpaps.i: open failed: ENOENT (No such file or directory)
07-14 12:42:42.901 W/System.err( 6203): 	at libcore.io.IoBridge.open(IoBridge.java:409)
07-14 12:42:42.901 W/System.err( 6203): 	at java.io.FileInputStream.<init>(FileInputStream.java:78)
07-14 12:42:42.901 W/System.err( 6203): 	at android.app.ContextImpl.openFileInput(ContextImpl.java:702)
07-14 12:42:42.901 W/System.err( 6203): 	at android.content.ContextWrapper.openFileInput(ContextWrapper.java:173)
07-14 12:42:42.901 W/System.err( 6203): 	at com.mgyun.shua.jc.service.f.run(Unknown Source)
07-14 12:42:42.901 W/System.err( 6203): 	at com.mgyun.shua.jc.service.CpWorkServer.onHandleIntent(Unknown Source)
07-14 12:42:42.901 W/System.err( 6203): 	at android.app.IntentService$ServiceHandler.handleMessage(IntentService.java:65)
07-14 12:42:42.916 W/System.err( 6203): 	at android.os.Handler.dispatchMessage(Handler.java:99)
07-14 12:42:42.916 W/System.err( 6203): 	at android.os.Looper.loop(Looper.java:137)
07-14 12:42:42.916 W/System.err( 6203): 	at android.os.HandlerThread.run(HandlerThread.java:61)
07-14 12:42:42.916 W/System.err( 6203): Caused by: libcore.io.ErrnoException: open failed: ENOENT (No such file or directory)
07-14 12:42:42.916 W/System.err( 6203): 	at libcore.io.Posix.open(Native Method)
07-14 12:42:42.916 W/System.err( 6203): 	at libcore.io.BlockGuardOs.open(BlockGuardOs.java:110)
07-14 12:42:42.916 W/System.err( 6203): 	at libcore.io.IoBridge.open(IoBridge.java:393)
07-14 12:42:42.924 W/System.err( 6203): 	... 9 more
07-14 12:42:42.948 D/dalvikvm( 6203): GC_CONCURRENT freed 426K, 16% free 9187K/10832K, paused 10ms+3ms, total 42ms
07-14 12:42:43.190 I/QueryController( 8372): Matched selector: UiSelector[TEXT=, CLASS=android.widget.TextView] <<==>> [android.view.accessibility.AccessibilityNodeInfo@2416d9; boundsInParent: Rect(0, 0 - 612, 83); boundsInScreen: Rect(108, 158 - 720, 241); packageName: com.pekall.emdm; className: android.widget.TextView; text: ; contentDescription: null; viewIdResName: null; checkable: false; checked: false; focusable: false; focused: false; selected: false; clickable: false; longClickable: false; enabled: true; password: false; scrollable: false; [ACTION_SELECT, ACTION_CLEAR_SELECTION, ACTION_ACCESSIBILITY_FOCUS, ACTION_NEXT_AT_MOVEMENT_GRANULARITY, ACTION_PREVIOUS_AT_MOVEMENT_GRANULARITY, ACTION_SET_SELECTION]]
07-14 12:42:43.190 D/InteractionController( 8372): clickAndWaitForNewWindow(414, 199)
07-14 12:42:43.299 I/ActivityManager(  374): START u0 {cmp=com.pekall.emdm/.document.activity.CompanyDocActivity} from pid 3494
07-14 12:42:43.432 D/dalvikvm(  374): GC_FOR_ALLOC freed 423K, 31% free 19340K/27892K, paused 89ms, total 89ms
07-14 12:42:43.533 D/dalvikvm(  374): GC_FOR_ALLOC freed 758K, 33% free 18953K/27892K, paused 91ms, total 91ms
07-14 12:42:43.533 D/MdmApplication( 3494): [null:-1]->onActivityPaused document.activity.DocMainActivity , mActivityCount = 2
07-14 12:42:43.541 D/MDM :   ( 3494): [null:-1]->query
07-14 12:42:43.541 D/MDM :   ( 3494): [null:-1]->QUERY_PINCODE_CHECK_RESULT
07-14 12:42:43.541 E/Mdm     ( 3494): Call Mdm service's setLastExitTime function
07-14 12:42:43.580 D/MdmApplication( 3494): [null:-1]->onActivityStarted document.activity.CompanyDocActivity , mActivityCount = 1
07-14 12:42:43.580 D/MDM :   ( 3494): [null:-1]->query
07-14 12:42:43.588 D/MDM :   ( 3494): [null:-1]->QUERY_PINCODE_CHECK_RESULT
07-14 12:42:43.596 D/BaseFragment( 3494): [null:-1]->mSelection is type = 'Normal' ,mSort is _id DESC
07-14 12:42:43.596 D/DB      ( 3494): query: SQLiteQuery: SELECT * FROM doc WHERE type = 'Normal'
07-14 12:42:43.596 D/DB      ( 3494): factory null
07-14 12:42:43.596 D/DB      ( 3494): fillWindow: 0
07-14 12:42:43.604 D/DB      ( 3494): cursor 2
07-14 12:42:43.604 D/DB      ( 3494): moveToPos: 0
07-14 12:42:43.604 D/DB      ( 3494): onMove: 0
07-14 12:42:43.604 D/DB      ( 3494): moveToPos: 1
07-14 12:42:43.604 D/DB      ( 3494): onMove: 1
07-14 12:42:43.604 D/DB      ( 3494): moveToPos: 2
07-14 12:42:43.948 I/ActivityManager(  374): Displayed com.pekall.emdm/.document.activity.CompanyDocActivity: +397ms
07-14 12:42:45.526 I/QueryController( 8372): Matched selector: UiSelector[TEXT=ppt.ppt] <<==>> [android.view.accessibility.AccessibilityNodeInfo@24ff98; boundsInParent: Rect(0, 0 - 402, 43); boundsInScreen: Rect(130, 236 - 532, 279); packageName: com.pekall.emdm; className: android.widget.TextView; text: ppt.ppt; contentDescription: null; viewIdResName: com.pekall.emdm:id/doc_name; checkable: false; checked: false; focusable: false; focused: false; selected: false; clickable: false; longClickable: false; enabled: true; password: false; scrollable: false; [ACTION_SELECT, ACTION_CLEAR_SELECTION, ACTION_ACCESSIBILITY_FOCUS, ACTION_NEXT_AT_MOVEMENT_GRANULARITY, ACTION_PREVIOUS_AT_MOVEMENT_GRANULARITY, ACTION_SET_SELECTION]]
07-14 12:42:45.541 I/AndroidRuntime( 8372): VM exiting with result code 0.
07-14 12:42:45.752 D/dalvikvm( 1052): GC_CONCURRENT freed 379K, 9% free 10233K/11168K, paused 4ms+2ms, total 38ms
07-14 12:42:52.908 W/System.err( 6203): java.io.FileNotFoundException: /data/data/com.mgyapp.android/files/.cfp.i: open failed: ENOENT (No such file or directory)
07-14 12:42:52.908 W/System.err( 6203): 	at libcore.io.IoBridge.open(IoBridge.java:409)
07-14 12:42:52.908 W/System.err( 6203): 	at java.io.FileInputStream.<init>(FileInputStream.java:78)
07-14 12:42:52.908 W/System.err( 6203): 	at android.app.ContextImpl.openFileInput(ContextImpl.java:702)
07-14 12:42:52.908 W/System.err( 6203): 	at android.content.ContextWrapper.openFileInput(ContextWrapper.java:173)
07-14 12:42:52.908 W/System.err( 6203): 	at com.mgyun.shua.jc.c.b(Unknown Source)
07-14 12:42:52.908 W/System.err( 6203): 	at com.mgyun.shua.jc.d.a(Unknown Source)
07-14 12:42:52.908 W/System.err( 6203): 	at com.mgyun.shua.jc.service.CpWorkServer.onHandleIntent(Unknown Source)
07-14 12:42:52.916 W/System.err( 6203): 	at android.app.IntentService$ServiceHandler.handleMessage(IntentService.java:65)
07-14 12:42:52.916 W/System.err( 6203): 	at android.os.Handler.dispatchMessage(Handler.java:99)
07-14 12:42:52.916 W/System.err( 6203): 	at android.os.Looper.loop(Looper.java:137)
07-14 12:42:52.916 W/System.err( 6203): 	at android.os.HandlerThread.run(HandlerThread.java:61)
07-14 12:42:52.916 W/System.err( 6203): Caused by: libcore.io.ErrnoException: open failed: ENOENT (No such file or directory)
07-14 12:42:52.916 W/System.err( 6203): 	at libcore.io.Posix.open(Native Method)
07-14 12:42:52.916 W/System.err( 6203): 	at libcore.io.BlockGuardOs.open(BlockGuardOs.java:110)
07-14 12:42:52.916 W/System.err( 6203): 	at libcore.io.IoBridge.open(IoBridge.java:393)
07-14 12:42:52.916 W/System.err( 6203): 	... 10 more
07-14 12:42:55.401 D/LightsService(  374): Excessive delay setting light: 67ms
07-14 12:42:55.674 D/LightsService(  374): Excessive delay setting light: 67ms
07-14 12:42:58.190 I/PowerManagerService(  374): Going to sleep due to screen timeout...
07-14 12:42:58.979 D/SurfaceFlinger(  124): Screen released, type=0 flinger=0x41e1a478
07-14 12:42:59.104 D/dalvikvm(  374): GC_FOR_ALLOC freed 502K, 30% free 19747K/27892K, paused 86ms, total 87ms
07-14 12:42:59.198 D/dalvikvm(  374): GC_FOR_ALLOC freed 762K, 31% free 19368K/27892K, paused 82ms, total 82ms
07-14 12:42:59.205 D/MdmApplication( 3494): [null:-1]->onActivityPaused document.activity.CompanyDocActivity , mActivityCount = 2
07-14 12:42:59.205 D/MDM :   ( 3494): [null:-1]->query
07-14 12:42:59.205 D/MDM :   ( 3494): [null:-1]->QUERY_PINCODE_CHECK_RESULT
07-14 12:42:59.205 E/Mdm     ( 3494): Call Mdm service's setLastExitTime function
07-14 12:42:59.237 D/BaseFragment( 3494): [null:-1]->fragment is on stop 
07-14 12:42:59.291 D/NfcService(  582): NFC-C OFF, disconnect
07-14 12:42:59.401 V/KeyguardHostView(  374): hide transport, gen:37
07-14 12:42:59.401 V/KeyguardHostView(  374): music state changed: 0
07-14 12:42:59.448 D/MDM :   ( 3494): [null:-1]->query
07-14 12:42:59.448 D/MDM :   ( 3494): [null:-1]->QUERY_SETTING_PIN_ONOFF
07-14 12:42:59.448 D/PhoneStatusBar(  450): disable: < expand icons alerts ticker system_info back home RECENT* clock search >
07-14 12:42:59.502 V/TAG     (  374): bug 7643792: fitSystemWindows([0,50][0,0])
07-14 12:42:59.565 D/dalvikvm( 1146): GC_FOR_ALLOC freed 343K, 6% free 9201K/9780K, paused 17ms, total 18ms
07-14 12:42:59.612 D/PhoneStatusBar(  450): disable: < expand icons alerts ticker system_info BACK* HOME* RECENT CLOCK* search >
07-14 12:43:02.471 D/JOBS    ( 4980): Thread-292: load factor check. true = (0 < 1)|| (0 * 3 < 0 + 0). consumer thread: true
07-14 12:43:02.471 D/JOBS    ( 4980): didn't allow me to die, re-running Thread-292
07-14 12:43:02.471 D/JOBS    ( 4980): re-running consumer Thread-292
07-14 12:43:05.221 D/MDM :   ( 3494): [null:-1]->MSG_WEBSOCKET_MESSAGE : {"id":458502852,"type":0,"command":0,"result":0,"reason":0,"params":{"msgId":"a17de543-dd8a-4c24-867a-e9b6294c3c98,a17de543dd8a4c24867ae9b6294c3c98","device":"ffffffffc539bb10fffffffff7aea961","message":"{\"cmd\":\"10119\"}"}}
07-14 12:43:05.237 D/MdmService( 3494): [null:-1]->push message type :0
07-14 12:43:05.237 D/MdmService( 3494): [null:-1]->cmdMessage : {"cmd":"10119"}
07-14 12:43:05.237 D/MdmService( 3494): [null:-1]->command : PushCommandMsg{cmd='10119', msg='null'}
07-14 12:43:05.237 D/MDM :   ( 3494): [null:-1]->PUSH CMD: 10119
07-14 12:43:05.244 D/MdmStatusManager( 3494): [null:-1]->change status to : Busy
07-14 12:43:05.244 D/DB      ( 3494): query: SQLiteQuery: SELECT content, command_status, status FROM command WHERE status!=2
07-14 12:43:05.244 D/DB      ( 3494): factory null
07-14 12:43:05.244 D/DB      ( 3494): fillWindow: 0
07-14 12:43:05.244 D/DB      ( 3494): cursor 0
07-14 12:43:05.244 D/DB      ( 3494): moveToPos: 0
07-14 12:43:05.244 I/TransInfo( 3494): TransInfo created, id: 3, class: class com.pekall.emdm.transaction.b.c
07-14 12:43:05.244 D/NetworkThread( 3494): [null:-1]->----isRunning-----true
07-14 12:43:05.244 D/NetworkThread( 3494): [null:-1]->----isRunning-----true
07-14 12:43:05.244 D/NetworkThread( 3494): [null:-1]->thread wakeup
07-14 12:43:05.252 D/HttpClient( 3494): enable apache.http debug
07-14 12:43:05.260 V/DEBUG   ( 3494): HTTP 0
07-14 12:43:06.080 V/DEBUG   ( 3494): HTTP 1
07-14 12:43:06.096 D/MDM :   ( 3494): [null:-1]->read network input stream
07-14 12:43:06.112 D/CheckInTransInfo( 3494): [null:-1]->CommandMsg : CommandMsg{CommandUUID='8a80888e4732aed50147332e67710738', Command=CommandInstallDocument{DocumentName='4', DocumentSize=125, DocumentFormat='null', DownloadURL='http://demo.everknow.cn/resources/api/v1/download/guest?uuid=697046ad804347a64dcf554bafed', Auth=null, DocumentUUID='8a80888c46c806620146c8708ff90596', Version='1.0', DocumentDescription='null', DocumentCategory=null, IsCompressed=null, ReadAuthDay=null, RingNotify=null, EncryptLevel=null}}
07-14 12:43:06.112 D/DB      ( 3494): query: SQLiteQuery: SELECT * FROM command WHERE cmd_uuid='8a80888e4732aed50147332e67710738'
07-14 12:43:06.112 D/DB      ( 3494): factory null
07-14 12:43:06.112 D/DB      ( 3494): fillWindow: 0
07-14 12:43:06.112 D/DB      ( 3494): cursor 0
07-14 12:43:06.182 D/dalvikvm( 3494): JIT code cache reset in 10 ms (1048488 bytes 3/0)
07-14 12:43:06.190 D/NetworkThread( 3494): [null:-1]->queue is empty, thread wait...
07-14 12:43:06.213 D/dalvikvm( 3494): GC_CONCURRENT freed 5230K, 21% free 20847K/26180K, paused 4ms+27ms, total 117ms
07-14 12:43:06.291 D/MdmService( 3494): [null:-1]->handleCheckInResult
07-14 12:43:06.291 D/MdmService( 3494): [null:-1]->handleCheckInResult result keyIndex: 3
07-14 12:43:06.291 D/CommandManager( 3494): [null:-1]->execute command: CommandMsg{CommandUUID='8a80888e4732aed50147332e67710738', Command=CommandInstallDocument{DocumentName='4', DocumentSize=125, DocumentFormat='null', DownloadURL='http://demo.everknow.cn/resources/api/v1/download/guest?uuid=697046ad804347a64dcf554bafed', Auth=null, DocumentUUID='8a80888c46c806620146c8708ff90596', Version='1.0', DocumentDescription='null', DocumentCategory=null, IsCompressed=null, ReadAuthDay=null, RingNotify=null, EncryptLevel=null}}
07-14 12:43:06.291 D/DownLoadDocService( 3494): [null:-1]->action is  com.pekall.emdm.action.DOWNLOADDOC
07-14 12:43:06.291 D/DownLoadDocService( 3494): [null:-1]->uuid is  8a80888c46c806620146c8708ff90596 ,url is http://demo.everknow.cn/resources/api/v1/download/guest?uuid=697046ad804347a64dcf554bafed
07-14 12:43:06.291 E/DB      ( 3494): bind, index: 1, value: 8a80888c46c806620146c8708ff90596
07-14 12:43:06.291 D/DB      ( 3494): query: SQLiteQuery: SELECT * FROM doc WHERE uuid=?
07-14 12:43:06.291 D/DB      ( 3494): factory null
07-14 12:43:06.291 D/DB      ( 3494): fillWindow: 0
07-14 12:43:06.291 D/DB      ( 3494): cursor 0
07-14 12:43:06.291 D/DB      ( 3494): moveToPos: 0
07-14 12:43:06.338 D/DB      ( 3494): query: SQLiteQuery: SELECT * FROM doc WHERE browseStatus = 0 AND type = 'Normal'
07-14 12:43:06.338 D/DB      ( 3494): factory null
07-14 12:43:06.338 D/DB      ( 3494): fillWindow: 0
07-14 12:43:06.338 D/DB      ( 3494): cursor 1
07-14 12:43:06.338 D/DB      ( 3494): query: SQLiteQuery: SELECT * FROM doc WHERE browseStatus = 0 AND type = 'Normal'
07-14 12:43:06.338 D/DB      ( 3494): factory null
07-14 12:43:06.338 D/DB      ( 3494): fillWindow: 0
07-14 12:43:06.338 D/DB      ( 3494): cursor 1
07-14 12:43:06.338 E/Mdm     ( 3494): Call Mdm service's recordIconCount function
07-14 12:43:06.346 E/DB      ( 3494): bind, index: 1, value: 8a80888c46c806620146c8708ff90596
07-14 12:43:06.346 E/DB      ( 3494): bind, index: 2, value: Contact
07-14 12:43:06.346 D/DB      ( 3494): query: SQLiteQuery: SELECT * FROM doc WHERE uuid=? AND type=?
07-14 12:43:06.346 D/DB      ( 3494): factory null
07-14 12:43:06.346 D/DB      ( 3494): fillWindow: 0
07-14 12:43:06.346 D/DB      ( 3494): cursor 1
07-14 12:43:06.346 D/DB      ( 3494): moveToPos: 0
