07-14 12:26:57.166 W/PackageManager(  374): Not granting permission android.permission.MOUNT_UNMOUNT_FILESYSTEMS to package com.moji.mjweather (protectionLevel=18 flags=0x18be44)
07-14 12:26:57.166 W/PackageManager(  374): Not granting permission android.permission.READ_LOGS to package com.moji.mjweather (protectionLevel=50 flags=0x18be44)
07-14 12:26:57.315 I/ActivityManager(  374): Force stopping package com.moji.mjweather appid=10082 user=0
07-14 12:26:58.096 I/ActivityManager(  374): Start proc com.qihoo360.mobilesafe for service com.qihoo360.mobilesafe/.service.GuardDelegateService: pid=5981 uid=10072 gids={50072, 3003, 1015, 3001, 3002, 1006, 1028}
07-14 12:26:58.377 D/BackupManagerService(  374): Received broadcast Intent { act=android.intent.action.PACKAGE_REMOVED dat=package:com.moji.mjweather flg=0x8000010 (has extras) }
07-14 12:26:58.401 W/BackupManagerService(  374): dataChanged but no participant pkg='com.android.providers.settings' uid=10079
07-14 12:26:58.455 D/BackupManagerService(  374): Received broadcast Intent { act=android.intent.action.PACKAGE_ADDED dat=package:com.moji.mjweather flg=0x8000010 (has extras) }
07-14 12:26:58.455 V/BackupManagerService(  374): removePackageParticipantsLocked: uid=10082 #1
07-14 12:26:58.463 V/BackupManagerService(  374): addPackageParticipantsLocked: #1
07-14 12:26:58.658 W/BackupManagerService(  374): dataChanged but no participant pkg='com.android.providers.settings' uid=10079
07-14 12:26:59.573 I/ActivityManager(  374): Start proc com.android.keychain for broadcast com.android.keychain/.KeyChainBroadcastReceiver: pid=6000 uid=1000 gids={41000, 1015, 1028, 3002, 3001, 3003, 3007}
07-14 12:26:59.674 W/ContextImpl( 6000): Calling a method in the system process without a qualified user: android.app.ContextImpl.startService:1385 android.content.ContextWrapper.startService:473 android.content.ContextWrapper.startService:473 com.android.keychain.KeyChainBroadcastReceiver.onReceive:12 android.app.ActivityThread.handleReceiver:2424 
07-14 12:26:59.916 W/MountService(  374): getVolumeState(/storage/emulated/0/external_sd): Unknown volume
07-14 12:26:59.924 W/MountService(  374): getVolumeState(/mnt/sdcard-ext): Unknown volume
07-14 12:26:59.924 W/MountService(  374): getVolumeState(/mnt/ext_sdcard): Unknown volume
07-14 12:26:59.955 W/MountService(  374): getVolumeState(/mnt/sdcard2): Unknown volume
07-14 12:26:59.955 W/MountService(  374): getVolumeState(/mnt/emmc): Unknown volume
07-14 12:26:59.955 W/MountService(  374): getVolumeState(/mnt/extSdCard): Unknown volume
07-14 12:26:59.955 W/MountService(  374): getVolumeState(/mnt/sdcard/SD_CARD): Unknown volume
07-14 12:26:59.963 W/MountService(  374): getVolumeState(/mnt/sdcard/extra_sd): Unknown volume
07-14 12:26:59.963 W/MountService(  374): getVolumeState(/mnt/extrasd_bind): Unknown volume
07-14 12:26:59.963 W/MountService(  374): getVolumeState(/mnt/sdcard/ext_sd): Unknown volume
07-14 12:26:59.971 W/MountService(  374): getVolumeState(/storage/extSdCard): Unknown volume
07-14 12:26:59.971 W/MountService(  374): getVolumeState(/storage/sdcard1): Unknown volume
07-14 12:26:59.971 W/MountService(  374): getVolumeState(/mnt/sdcard/external_SD): Unknown volume
07-14 12:26:59.979 W/MountService(  374): getVolumeState(/mnt/sdcard/external_sd): Unknown volume
07-14 12:27:02.518 W/MountService(  374): getVolumeState(/storage/emulated/0/external_sd): Unknown volume
07-14 12:27:02.518 W/MountService(  374): getVolumeState(/mnt/sdcard-ext): Unknown volume
07-14 12:27:02.518 W/MountService(  374): getVolumeState(/mnt/ext_sdcard): Unknown volume
07-14 12:27:02.518 W/MountService(  374): getVolumeState(/mnt/sdcard2): Unknown volume
07-14 12:27:02.526 W/MountService(  374): getVolumeState(/mnt/emmc): Unknown volume
07-14 12:27:02.526 W/MountService(  374): getVolumeState(/mnt/extSdCard): Unknown volume
07-14 12:27:02.526 W/MountService(  374): getVolumeState(/mnt/sdcard/SD_CARD): Unknown volume
07-14 12:27:02.526 W/MountService(  374): getVolumeState(/mnt/sdcard/extra_sd): Unknown volume
07-14 12:27:02.533 W/MountService(  374): getVolumeState(/mnt/extrasd_bind): Unknown volume
07-14 12:27:02.533 W/MountService(  374): getVolumeState(/mnt/sdcard/ext_sd): Unknown volume
07-14 12:27:02.533 W/MountService(  374): getVolumeState(/storage/extSdCard): Unknown volume
07-14 12:27:02.541 W/MountService(  374): getVolumeState(/storage/sdcard1): Unknown volume
07-14 12:27:02.541 W/MountService(  374): getVolumeState(/mnt/sdcard/external_SD): Unknown volume
07-14 12:27:02.549 W/MountService(  374): getVolumeState(/mnt/sdcard/external_sd): Unknown volume
07-14 12:27:02.674 I/ActivityManager(  374): Start proc com.qihoo.root for broadcast com.qihoo.root/.UninstallReceiver: pid=6039 uid=10078 gids={50078, 1015, 3003, 1028}
07-14 12:27:03.510 W/PackageParser(  636): No actions in intent filter at /storage/emulated/0/Download/emmp.apk Binary XML file line #687
07-14 12:27:03.744 W/PackageParser(  636): No actions in intent filter at /storage/emulated/0/Download/emmp-1.apk Binary XML file line #687
07-14 12:27:04.041 W/PackageParser(  636): No actions in intent filter at /storage/emulated/0/360Download/Pekall.apk Binary XML file line #685
07-14 12:27:04.330 W/PackageParser(  636): Unknown element under <application>: intent-filter at /storage/emulated/0/360MobileSafe_5.2.3.1061.apk Binary XML file line #1165
07-14 12:27:04.338 W/PackageParser(  636): Unknown element under <application>: intent-filter at /storage/emulated/0/360MobileSafe_5.2.3.1061.apk Binary XML file line #1423
07-14 12:27:05.276 I/ActivityManager(  374): No longer want com.mgyapp.android (pid 1990): empty #17
07-14 12:27:05.307 I/ActivityManager(  374): Start proc com.google.android.talk for broadcast com.google.android.talk/com.google.android.apps.babel.phone.PackageReplacedReceiver: pid=6069 uid=10030 gids={50030, 3003, 1015, 1006, 3002, 1028}
07-14 12:27:05.354 W/ActivityManager(  374): Scheduling restart of crashed service com.mgyapp.android/.service.AppService in 5000ms
07-14 12:27:06.143 I/ActivityManager(  374): Start proc com.google.android.apps.maps:FriendService for broadcast com.google.android.apps.maps/com.google.googlenav.friend.android.ServiceReceiver: pid=6092 uid=10038 gids={50038, 3003, 1015, 1028}
07-14 12:27:06.315 I/ActivityManager(  374): No longer want android.process.media (pid 504): empty #17
07-14 12:27:06.338 W/ActivityManager(  374): Scheduling restart of crashed service com.android.providers.media/.MtpService in 14019ms
07-14 12:27:06.416 I/ActivityManager(  374): Process com.qihoo360.mobilesafe (pid 5981) has died.
07-14 12:27:07.377 I/ActivityManager(  374): Start proc com.google.android.apps.maps:LocationFriendService for broadcast com.google.android.apps.maps/com.google.googlenav.friend.reporting.LocationReportingIntentReceiver: pid=6118 uid=10038 gids={50038, 3003, 1015, 1028}
07-14 12:27:07.643 I/ActivityManager(  374): No longer want com.qihoo.daemon (pid 2037): empty #17
07-14 12:27:07.682 W/ActivityManager(  374): Scheduling restart of crashed service com.qihoo.appstore/com.qihoo.express.mini.service.DaemonCoreService in 22671ms
07-14 12:27:07.682 W/ActivityManager(  374): Scheduling restart of crashed service com.qihoo.appstore/com.qihoo360.mobilesafe.pcdaemon.service.DaemonService in 32670ms
07-14 12:27:08.987 I/ActivityManager(  374): Start proc com.qihoo.daemon for service com.qihoo.appstore/com.qihoo360.mobilesafe.pcdaemon.service.DaemonService: pid=6152 uid=10064 gids={50064, 3003, 1015, 3002, 1006, 3001, 1028}
07-14 12:27:10.635 I/ActivityManager(  374): Start proc com.mgyapp.android for service com.mgyapp.android/.service.AppService: pid=6203 uid=10079 gids={50079, 3003, 1015, 1028, 3002, 1006}
07-14 12:27:14.026 W/BackupManagerService(  374): dataChanged but no participant pkg='com.android.providers.settings' uid=10079
07-14 12:27:15.229 I/ActivityManager(  374): START u0 {act=com.qihoo360.daemon.pcdaemon.ACTION_START_OPERATE_AUTHOR flg=0x10000000 cmp=com.qihoo.appstore/com.qihoo.express.mini.activity.PCLinkConfirmDialogActivity (has extras)} from pid 6152
07-14 12:27:15.580 W/InputMethodManagerService(  374): Window already focused, ignoring focus gain of: com.android.internal.view.IInputMethodClient$Stub$Proxy@431636d0 attribute=null, token = android.os.BinderProxy@42b11120
07-14 12:27:15.651 I/ActivityManager(  374): No longer want com.android.providers.calendar (pid 3349): empty #17
07-14 12:27:20.377 I/ActivityManager(  374): Start proc android.process.media for service com.android.providers.media/.MtpService: pid=6412 uid=10015 gids={50015, 1015, 1023, 1024, 1028, 2001, 3003, 3007}
07-14 12:27:20.455 I/PowerManagerService(  374): Going to sleep due to screen timeout...
07-14 12:27:21.971 D/PhoneStatusBar(  450): disable: < expand icons alerts ticker system_info back home RECENT* clock search >
07-14 12:27:22.205 D/PhoneStatusBar(  450): disable: < expand icons alerts ticker system_info BACK* HOME* RECENT CLOCK* search >
07-14 12:27:30.987 W/MountService(  374): getVolumeState(/storage/emulated/0/external_sd): Unknown volume
07-14 12:27:30.987 W/MountService(  374): getVolumeState(/mnt/sdcard-ext): Unknown volume
07-14 12:27:30.994 W/MountService(  374): getVolumeState(/mnt/ext_sdcard): Unknown volume
07-14 12:27:30.994 W/MountService(  374): getVolumeState(/mnt/sdcard2): Unknown volume
07-14 12:27:30.994 W/MountService(  374): getVolumeState(/mnt/emmc): Unknown volume
07-14 12:27:30.994 W/MountService(  374): getVolumeState(/mnt/extSdCard): Unknown volume
07-14 12:27:30.994 W/MountService(  374): getVolumeState(/mnt/sdcard/SD_CARD): Unknown volume
07-14 12:27:30.994 W/MountService(  374): getVolumeState(/mnt/sdcard/extra_sd): Unknown volume
07-14 12:27:30.994 W/MountService(  374): getVolumeState(/mnt/extrasd_bind): Unknown volume
07-14 12:27:30.994 W/MountService(  374): getVolumeState(/mnt/sdcard/ext_sd): Unknown volume
07-14 12:27:30.994 W/MountService(  374): getVolumeState(/storage/extSdCard): Unknown volume
07-14 12:27:30.994 W/MountService(  374): getVolumeState(/storage/sdcard1): Unknown volume
07-14 12:27:30.994 W/MountService(  374): getVolumeState(/mnt/sdcard/external_SD): Unknown volume
07-14 12:27:30.994 W/MountService(  374): getVolumeState(/mnt/sdcard/external_sd): Unknown volume
07-14 12:27:31.432 W/MountService(  374): getVolumeState(/storage/emulated/0/external_sd): Unknown volume
07-14 12:27:31.432 W/MountService(  374): getVolumeState(/mnt/sdcard-ext): Unknown volume
07-14 12:27:31.432 W/MountService(  374): getVolumeState(/mnt/ext_sdcard): Unknown volume
07-14 12:27:31.432 W/MountService(  374): getVolumeState(/mnt/sdcard2): Unknown volume
07-14 12:27:31.432 W/MountService(  374): getVolumeState(/mnt/emmc): Unknown volume
07-14 12:27:31.432 W/MountService(  374): getVolumeState(/mnt/extSdCard): Unknown volume
07-14 12:27:31.432 W/MountService(  374): getVolumeState(/mnt/sdcard/SD_CARD): Unknown volume
07-14 12:27:31.432 W/MountService(  374): getVolumeState(/mnt/sdcard/extra_sd): Unknown volume
07-14 12:27:31.440 W/MountService(  374): getVolumeState(/mnt/extrasd_bind): Unknown volume
07-14 12:27:31.440 W/MountService(  374): getVolumeState(/mnt/sdcard/ext_sd): Unknown volume
07-14 12:27:31.440 W/MountService(  374): getVolumeState(/storage/extSdCard): Unknown volume
07-14 12:27:31.440 W/MountService(  374): getVolumeState(/storage/sdcard1): Unknown volume
07-14 12:27:31.440 W/MountService(  374): getVolumeState(/mnt/sdcard/external_SD): Unknown volume
07-14 12:27:31.440 W/MountService(  374): getVolumeState(/mnt/sdcard/external_sd): Unknown volume
07-14 12:27:32.588 I/ActivityManager(  374): No longer want com.android.packageinstaller (pid 5527): empty #17
07-14 12:27:44.494 I/PowerManagerService(  374): Waking up from sleep...
07-14 12:27:44.541 I/WindowManager(  374): Lock screen displayed!
07-14 12:27:45.041 I/ActivityManager(  374): Start proc com.android.providers.calendar for content provider com.android.providers.calendar/.CalendarProvider2: pid=6579 uid=10007 gids={50007, 3003, 1015, 1028}
07-14 12:27:45.440 I/ActivityManager(  374): No longer want com.android.keychain (pid 6000): empty #17
07-14 12:27:46.549 I/ActivityManager(  374): Start proc com.google.android.calendar for broadcast com.google.android.calendar/com.android.calendar.alerts.AlertReceiver: pid=6603 uid=10006 gids={50006, 3003, 1028}
07-14 12:27:46.893 D/PhoneStatusBar(  450): disable: < expand icons alerts ticker system_info BACK HOME recent* CLOCK search >
07-14 12:27:46.987 D/PhoneStatusBar(  450): disable: < expand icons alerts ticker system_info back* home* recent clock* search >
07-14 12:27:46.987 W/InputMethodManagerService(  374): Window already focused, ignoring focus gain of: com.android.internal.view.IInputMethodClient$Stub$Proxy@42c7d848 attribute=android.view.inputmethod.EditorInfo@42858cb8, token = android.os.BinderProxy@42b11120
07-14 12:27:47.658 I/ActivityManager(  374): START u0 {act=android.intent.action.MAIN cat=[android.intent.category.HOME] flg=0x10200000 cmp=com.android.launcher/com.android.launcher2.Launcher} from pid 374
07-14 12:27:50.291 I/ActivityManager(  374): START u0 {act=android.intent.action.MAIN cat=[android.intent.category.LAUNCHER] flg=0x10200000 cmp=com.pekall.emdm/.ui.SplashActivity} from pid 595
07-14 12:27:51.815 I/ActivityManager(  374): No longer want com.qihoo.root (pid 6039): empty #17
07-14 12:27:55.658 I/ActivityManager(  374): START u0 {cmp=com.pekall.emdm/.document.activity.DocMainActivity} from pid 3494
07-14 12:27:55.955 W/PackageManager(  374): Invalid verification token 0 received
07-14 12:27:56.885 I/ActivityManager(  374): START u0 {cmp=com.pekall.emdm/.document.activity.CompanyDocActivity} from pid 3494
07-14 12:28:08.791 I/ActivityManager(  374): No longer want com.google.android.gallery3d (pid 4088): empty #17
07-14 12:28:08.815 I/ActivityManager(  374): No longer want com.google.android.partnersetup (pid 5650): empty #17
07-14 12:28:10.823 I/ActivityManager(  374): Process com.qihoo360.mobilesafe:engine (pid 5627) has died.
07-14 12:28:10.823 I/ActivityManager(  374): Process com.qihoo360.mobilesafe:scan (pid 5612) has died.
07-14 12:28:11.729 I/PowerManagerService(  374): Going to sleep due to screen timeout...
07-14 12:28:13.026 D/PhoneStatusBar(  450): disable: < expand icons alerts ticker system_info back home RECENT* clock search >
07-14 12:28:13.221 D/PhoneStatusBar(  450): disable: < expand icons alerts ticker system_info BACK* HOME* RECENT CLOCK* search >
07-14 12:28:30.901 W/MountService(  374): getVolumeState(/storage/emulated/0/external_sd): Unknown volume
07-14 12:28:30.901 W/MountService(  374): getVolumeState(/mnt/sdcard-ext): Unknown volume
07-14 12:28:30.901 W/MountService(  374): getVolumeState(/mnt/ext_sdcard): Unknown volume
07-14 12:28:30.901 W/MountService(  374): getVolumeState(/mnt/sdcard2): Unknown volume
07-14 12:28:30.901 W/MountService(  374): getVolumeState(/mnt/emmc): Unknown volume
07-14 12:28:30.901 W/MountService(  374): getVolumeState(/mnt/extSdCard): Unknown volume
07-14 12:28:30.901 W/MountService(  374): getVolumeState(/mnt/sdcard/SD_CARD): Unknown volume
07-14 12:28:30.901 W/MountService(  374): getVolumeState(/mnt/sdcard/extra_sd): Unknown volume
07-14 12:28:30.901 W/MountService(  374): getVolumeState(/mnt/extrasd_bind): Unknown volume
07-14 12:28:30.908 W/MountService(  374): getVolumeState(/mnt/sdcard/ext_sd): Unknown volume
07-14 12:28:30.908 W/MountService(  374): getVolumeState(/storage/extSdCard): Unknown volume
07-14 12:28:30.908 W/MountService(  374): getVolumeState(/storage/sdcard1): Unknown volume
07-14 12:28:30.908 W/MountService(  374): getVolumeState(/mnt/sdcard/external_SD): Unknown volume
07-14 12:28:30.908 W/MountService(  374): getVolumeState(/mnt/sdcard/external_sd): Unknown volume
07-14 12:28:31.166 W/MountService(  374): getVolumeState(/storage/emulated/0/external_sd): Unknown volume
07-14 12:28:31.166 W/MountService(  374): getVolumeState(/mnt/sdcard-ext): Unknown volume
07-14 12:28:31.166 W/MountService(  374): getVolumeState(/mnt/ext_sdcard): Unknown volume
07-14 12:28:31.166 W/MountService(  374): getVolumeState(/mnt/sdcard2): Unknown volume
07-14 12:28:31.166 W/MountService(  374): getVolumeState(/mnt/emmc): Unknown volume
07-14 12:28:31.166 W/MountService(  374): getVolumeState(/mnt/extSdCard): Unknown volume
07-14 12:28:31.166 W/MountService(  374): getVolumeState(/mnt/sdcard/SD_CARD): Unknown volume
07-14 12:28:31.174 W/MountService(  374): getVolumeState(/mnt/sdcard/extra_sd): Unknown volume
07-14 12:28:31.174 W/MountService(  374): getVolumeState(/mnt/extrasd_bind): Unknown volume
07-14 12:28:31.174 W/MountService(  374): getVolumeState(/mnt/sdcard/ext_sd): Unknown volume
07-14 12:28:31.174 W/MountService(  374): getVolumeState(/storage/extSdCard): Unknown volume
07-14 12:28:31.174 W/MountService(  374): getVolumeState(/storage/sdcard1): Unknown volume
07-14 12:28:31.174 W/MountService(  374): getVolumeState(/mnt/sdcard/external_SD): Unknown volume
07-14 12:28:31.182 W/MountService(  374): getVolumeState(/mnt/sdcard/external_sd): Unknown volume
07-14 12:28:34.455 I/PowerManagerService(  374): Waking up from sleep...
07-14 12:28:34.573 I/WindowManager(  374): Lock screen displayed!
07-14 12:28:36.713 D/PhoneStatusBar(  450): disable: < expand icons alerts ticker system_info BACK HOME recent* CLOCK search >
07-14 12:28:36.807 D/PhoneStatusBar(  450): disable: < expand icons alerts ticker system_info back* home* recent clock* search >
07-14 12:28:36.916 W/InputMethodManagerService(  374): Window already focused, ignoring focus gain of: com.android.internal.view.IInputMethodClient$Stub$Proxy@42afcca8 attribute=android.view.inputmethod.EditorInfo@4302c0f8, token = android.os.BinderProxy@42feb068
07-14 12:28:37.526 I/ActivityManager(  374): START u0 {act=android.intent.action.MAIN cat=[android.intent.category.HOME] flg=0x10200000 cmp=com.android.launcher/com.android.launcher2.Launcher} from pid 374
07-14 12:28:39.573 I/ActivityManager(  374): START u0 {act=android.intent.action.MAIN cat=[android.intent.category.LAUNCHER] flg=0x10200000 cmp=com.pekall.emdm/.ui.SplashActivity} from pid 595
07-14 12:28:43.127 I/ActivityManager(  374): START u0 {cmp=com.pekall.emdm/.contacts.activities.PeopleActivity} from pid 3494
07-14 12:28:43.307 I/ActivityManager(  374): START u0 {cmp=com.pekall.emdm/.contacts.activities.DialtactsActivity (has extras)} from pid 3494
07-14 12:28:59.838 I/PowerManagerService(  374): Going to sleep due to screen timeout...
07-14 12:29:00.776 I/WindowManager(  374): Screenshot Window{42d4e568 u0 com.pekall.emdm/com.pekall.emdm.contacts.activities.DialtactsActivity} was all black! mSurfaceLayer=21015 minLayer=21000 maxLayer=21015
07-14 12:29:01.018 D/PhoneStatusBar(  450): disable: < expand icons alerts ticker system_info back home RECENT* clock search >
07-14 12:29:01.198 D/PhoneStatusBar(  450): disable: < expand icons alerts ticker system_info BACK* HOME* RECENT CLOCK* search >
07-14 12:29:11.315 I/ActivityManager(  374): START u0 {act=android.intent.action.DELETE dat=package:com.moji.mjweather flg=0x10000000 cmp=com.android.packageinstaller/.UninstallerActivity} from pid 3494
07-14 12:29:11.330 I/ActivityManager(  374): Start proc com.android.packageinstaller for activity com.android.packageinstaller/.UninstallerActivity: pid=6774 uid=10045 gids={50045, 1028}
07-14 12:29:21.291 I/PowerManagerService(  374): Waking up from sleep...
07-14 12:29:21.401 I/WindowManager(  374): Lock screen displayed!
07-14 12:29:23.440 D/PhoneStatusBar(  450): disable: < expand icons alerts ticker system_info BACK HOME recent* CLOCK search >
07-14 12:29:23.526 D/PhoneStatusBar(  450): disable: < expand icons alerts ticker system_info back* home* recent clock* search >
07-14 12:29:24.346 I/ActivityManager(  374): START u0 {act=android.intent.action.VIEW cmp=com.android.packageinstaller/.UninstallAppProgress (has extras)} from pid 6774
07-14 12:29:24.471 I/ActivityManager(  374): Force stopping package com.moji.mjweather appid=10082 user=-1
07-14 12:29:24.494 W/PackageManager(  374): Couldn't delete native library directory /data/app-lib/com.moji.mjweather
07-14 12:29:24.494 I/PackageManager(  374): Removing old permission: getui.permission.GetuiService from package com.moji.mjweather
07-14 12:29:24.502 W/PackageManager(  374): Not granting permission android.permission.SEND_DOWNLOAD_COMPLETED_INTENTS to package com.google.android.browser (protectionLevel=2 flags=0x89be45)
07-14 12:29:24.526 W/PackageManager(  374): Not granting permission android.permission.WRITE_SECURE_SETTINGS to package com.qihoo360.mobilesafe.opti.powerctl (protectionLevel=50 flags=0x80be44)
07-14 12:29:24.526 W/PackageManager(  374): Unknown permission android.permission.READ_SETTINGS in package com.qihoo360.mobilesafe.opti.powerctl
07-14 12:29:24.533 W/PackageManager(  374): Not granting permission android.permission.READ_LOGS to package com.qihoo360.mobilesafe.opti.powerctl (protectionLevel=50 flags=0x80be44)
07-14 12:29:24.533 W/PackageManager(  374): Not granting permission android.permission.STATUS_BAR to package com.qihoo360.mobilesafe.opti.powerctl (protectionLevel=18 flags=0x80be44)
07-14 12:29:24.533 W/PackageManager(  374): Unknown permission android.permission.ADD_SYSTEM_SERVICE in package com.android.phone
07-14 12:29:24.541 W/PackageManager(  374): Unknown permission com.android.smspush.WAPPUSH_MANAGER_BIND in package com.android.phone
07-14 12:29:24.549 W/PackageManager(  374): Not granting permission android.permission.READ_LOGS to package com.qihoo.root (protectionLevel=50 flags=0x80be44)
07-14 12:29:24.549 W/PackageManager(  374): Not granting permission android.permission.INSTALL_PACKAGES to package com.qihoo.root (protectionLevel=18 flags=0x80be44)
07-14 12:29:24.557 W/PackageManager(  374): Not granting permission android.permission.DELETE_PACKAGES to package com.qihoo.root (protectionLevel=18 flags=0x80be44)
07-14 12:29:24.565 W/PackageManager(  374): Unknown permission com.android.vending.billing.IBillingAccountService.BIND2 in package com.google.android.gsf.login
07-14 12:29:24.565 W/PackageManager(  374): Unknown permission com.android.chrome.TOS_ACKED in package com.google.android.gsf.login
07-14 12:29:24.573 W/PackageManager(  374): Unknown permission com.android.gallery3d.permission.GALLERY_PROVIDER in package com.android.bluetooth
07-14 12:29:24.573 W/PackageManager(  374): Not granting permission android.permission.INSTALL_PACKAGES to package com.mgyapp.android (protectionLevel=18 flags=0x88be44)
07-14 12:29:24.573 W/PackageManager(  374): Not granting permission android.permission.DELETE_PACKAGES to package com.mgyapp.android (protectionLevel=18 flags=0x88be44)
07-14 12:29:24.573 W/PackageManager(  374): Not granting permission android.permission.FORCE_STOP_PACKAGES to package com.mgyapp.android (protectionLevel=2 flags=0x88be44)
07-14 12:29:24.573 W/PackageManager(  374): Not granting permission android.permission.DELETE_CACHE_FILES to package com.mgyapp.android (protectionLevel=18 flags=0x88be44)
07-14 12:29:24.573 W/PackageManager(  374): Not granting permission android.permission.READ_LOGS to package com.mgyapp.android (protectionLevel=50 flags=0x88be44)
07-14 12:29:24.580 W/PackageManager(  374): Not granting permission android.permission.WRITE_SECURE_SETTINGS to package com.mgyapp.android (protectionLevel=50 flags=0x88be44)
07-14 12:29:24.580 W/PackageManager(  374): Unknown permission android.permission.READ_OWNER_DATA in package com.mgyapp.android
07-14 12:29:24.580 W/PackageManager(  374): Unknown permission android.permission.WRITE_OWNER_DATA in package com.mgyapp.android
07-14 12:29:24.580 W/PackageManager(  374): Not granting permission android.permission.ACCESS_CACHE_FILESYSTEM to package com.mgyapp.android (protectionLevel=18 flags=0x88be44)
07-14 12:29:24.580 W/PackageManager(  374): Not granting permission android.permission.WRITE_APN_SETTINGS to package com.mgyapp.android (protectionLevel=18 flags=0x88be44)
07-14 12:29:24.580 W/PackageManager(  374): Not granting permission android.permission.MOUNT_UNMOUNT_FILESYSTEMS to package com.mgyapp.android (protectionLevel=18 flags=0x88be44)
07-14 12:29:24.588 W/PackageManager(  374): Unknown permission android.permission.RECEIVE_USER_PRESENT in package com.mgyapp.android
07-14 12:29:24.588 W/PackageManager(  374): Not granting permission android.permission.MODIFY_PHONE_STATE to package com.qihoo360.mobilesafe (protectionLevel=18 flags=0x88be44)
07-14 12:29:24.588 W/PackageManager(  374): Not granting permission android.permission.WRITE_SECURE_SETTINGS to package com.qihoo360.mobilesafe (protectionLevel=50 flags=0x88be44)
07-14 12:29:24.588 W/PackageManager(  374): Not granting permission android.permission.WRITE_APN_SETTINGS to package com.qihoo360.mobilesafe (protectionLevel=18 flags=0x88be44)
07-14 12:29:24.596 W/PackageManager(  374): Not granting permission android.permission.READ_LOGS to package com.qihoo360.mobilesafe (protectionLevel=50 flags=0x88be44)
07-14 12:29:24.596 W/PackageManager(  374): Unknown permission com.qihoo360.mobilesafe_lite.permission.FORCE_CLOSE in package com.qihoo360.mobilesafe
07-14 12:29:24.596 W/PackageManager(  374): Unknown permission telecom.mdesk.permission.FORCE_CLOSE in package com.qihoo360.mobilesafe
07-14 12:29:24.596 W/PackageManager(  374): Not granting permission android.permission.INSTALL_PACKAGES to package com.qihoo360.mobilesafe (protectionLevel=18 flags=0x88be44)
07-14 12:29:24.596 W/PackageManager(  374): Not granting permission android.permission.SET_ALWAYS_FINISH to package com.qihoo360.mobilesafe (protectionLevel=50 flags=0x88be44)
07-14 12:29:24.596 W/PackageManager(  374): Unknown permission android.permission.ACCESS_SUPERUSER in package com.qihoo360.mobilesafe
07-14 12:29:24.596 W/PackageManager(  374): Unknown permission com.qihoo360.mobilesafe.shield.permission.broadcast in package com.qihoo360.mobilesafe
07-14 12:29:24.596 W/PackageManager(  374): Unknown permission com.qihoo360.contacts.permission.broadcast in package com.qihoo360.mobilesafe
07-14 12:29:24.596 W/PackageManager(  374): Unknown permission com.qihoo360.privatehome.permission.openAppActivity in package com.qihoo360.mobilesafe
07-14 12:29:24.604 W/PackageManager(  374): Not granting permission android.permission.INSTALL_PACKAGES to package com.qihoo.appstore (protectionLevel=18 flags=0x88be44)
07-14 12:29:24.604 W/PackageManager(  374): Not granting permission android.permission.DELETE_PACKAGES to package com.qihoo.appstore (protectionLevel=18 flags=0x88be44)
07-14 12:29:24.612 W/PackageManager(  374): Not granting permission android.permission.CLEAR_APP_USER_DATA to package com.qihoo.appstore (protectionLevel=2 flags=0x88be44)
07-14 12:29:24.612 W/PackageManager(  374): Not granting permission android.permission.WRITE_MEDIA_STORAGE to package com.qihoo.appstore (protectionLevel=18 flags=0x88be44)
07-14 12:29:24.612 W/PackageManager(  374): Not granting permission android.permission.ACCESS_CACHE_FILESYSTEM to package com.qihoo.appstore (protectionLevel=18 flags=0x88be44)
07-14 12:29:24.612 W/PackageManager(  374): Unknown permission android.permission.READ_OWNER_DATA in package com.qihoo.appstore
07-14 12:29:24.612 W/PackageManager(  374): Unknown permission android.permission.WRITE_OWNER_DATA in package com.qihoo.appstore
07-14 12:29:24.612 W/PackageManager(  374): Not granting permission android.permission.CHANGE_CONFIGURATION to package com.qihoo.appstore (protectionLevel=50 flags=0x88be44)
07-14 12:29:24.612 W/PackageManager(  374): Unknown permission com.htc.launcher.permission.READ_SETTINGS in package com.qihoo.appstore
07-14 12:29:24.612 W/PackageManager(  374): Not granting permission android.permission.DEVICE_POWER to package com.qihoo.appstore (protectionLevel=2 flags=0x88be44)
07-14 12:29:24.619 W/PackageManager(  374): Not granting permission android.permission.MOUNT_UNMOUNT_FILESYSTEMS to package com.qihoo.appstore (protectionLevel=18 flags=0x88be44)
07-14 12:29:24.619 W/PackageManager(  374): Unknown permission com.huaqin.launcherEx.permission.READ_SETTINGS in package com.qihoo.appstore
07-14 12:29:24.619 W/PackageManager(  374): Unknown permission com.huaqin.launcherEx.permission.WRITE_SETTINGS in package com.qihoo.appstore
07-14 12:29:24.619 W/PackageManager(  374): Unknown permission com.android.launcher.permission.READ_PHONE_STATE in package com.qihoo.appstore
07-14 12:29:24.619 W/PackageManager(  374): Unknown permission com.huawei.launcher3.permission.READ_SETTINGS in package com.qihoo.appstore
07-14 12:29:24.619 W/PackageManager(  374): Unknown permission com.qihoo360.launcher.permission.WRITE_SETTINGS in package com.qihoo.appstore
07-14 12:29:24.619 W/PackageManager(  374): Unknown permission com.qihoo360.launcher.permission.READ_SETTINGS in package com.qihoo.appstore
07-14 12:29:24.627 W/PackageManager(  374): Not granting permission android.permission.DEVICE_POWER to package com.google.android.deskclock (protectionLevel=2 flags=0xc8be45)
07-14 12:29:24.658 W/PackageManager(  374): Unknown permission android.permission.READ_OWNER_DATA in package com.google.android.setupwizard
07-14 12:29:24.658 W/PackageManager(  374): Unknown permission android.permission.WRITE_OWNER_DATA in package com.google.android.setupwizard
07-14 12:29:24.666 W/PackageManager(  374): Unknown permission android.permission.ACCESS_MTK_MMHW in package com.qihoo.permroot
07-14 12:29:24.666 W/PackageManager(  374): Unknown permission com.google.android.voicesearch.SHORTCUTS_ACCESS in package com.google.android.googlequicksearchbox
07-14 12:29:24.674 W/PackageManager(  374): Not granting permission android.permission.ACCOUNT_MANAGER to package com.google.android.music (protectionLevel=2 flags=0x88be65)
07-14 12:29:24.682 W/PackageManager(  374): Unknown permission android.permission.READ_OWNER_DATA in package com.nd.assistance
07-14 12:29:24.682 W/PackageManager(  374): Unknown permission android.permission.WRITE_OWNER_DATA in package com.nd.assistance
07-14 12:29:24.682 W/PackageManager(  374): Not granting permission android.permission.DEVICE_POWER to package com.nd.assistance (protectionLevel=2 flags=0x80ae46)
07-14 12:29:24.682 W/PackageManager(  374): Unknown permission com.android.providers.im.permission.READ_ONLY in package com.google.android.apps.maps
07-14 12:29:24.682 W/PackageManager(  374): Unknown permission android.permission.ACCESS_SUPERUSER in package com.jrummy.root.browser
07-14 12:29:24.690 W/PackageManager(  374): Not granting permission android.permission.ACCESS_CHECKIN_PROPERTIES to package com.google.android.apps.googlevoice (protectionLevel=18 flags=0x8be44)
07-14 12:29:24.690 W/PackageManager(  374): Unknown permission com.google.android.apps.googlevoice.REMOTE_INTENT in package com.google.android.apps.googlevoice
07-14 12:29:24.690 W/PackageManager(  374): Unknown permission com.google.android.permission.RECEIVE_DATA_MESSAGE in package com.google.android.apps.googlevoice
07-14 12:29:24.690 W/PackageManager(  374): Unknown permission com.google.android.permission.SEND_DATA_MESSAGE in package com.google.android.apps.googlevoice
07-14 12:29:24.690 W/PackageManager(  374): Unknown permission com.android.providers.voicemail.permission.READ_WRITE_ALL_VOICEMAIL in package com.google.android.apps.googlevoice
07-14 12:29:24.690 W/PackageManager(  374): Unknown permission com.android.providers.voicemail.permission.READ_WRITE_OWN_VOICEMAIL in package com.google.android.apps.googlevoice
07-14 12:29:24.690 W/PackageManager(  374): Not granting permission com.google.android.apps.dashclock.permission.READ_EXTENSION_DATA to package com.betterapps.dashclock (protectionLevel=2 flags=0x8bbe44)
07-14 12:29:24.690 W/PackageManager(  374): Not granting permission android.permission.READ_LOGS to package com.pekall.emdm (protectionLevel=50 flags=0x88be46)
07-14 12:29:24.690 W/PackageManager(  374): Not granting permission android.permission.BIND_APPWIDGET to package com.pekall.emdm (protectionLevel=18 flags=0x88be46)
07-14 12:29:24.698 W/PackageManager(  374): Unknown permission com.pekall.emdm.launcher.permission.READ_SETTINGS in package com.pekall.emdm
07-14 12:29:24.698 W/PackageManager(  374): Unknown permission com.pekall.emdm.launcher.permission.WRITE_SETTINGS in package com.pekall.emdm
07-14 12:29:24.698 W/PackageManager(  374): Not granting permission android.permission.CHANGE_CONFIGURATION to package com.pekall.emdm (protectionLevel=50 flags=0x88be46)
07-14 12:29:24.698 W/PackageManager(  374): Not granting permission android.permission.INSTALL_PACKAGES to package com.pekall.emdm (protectionLevel=18 flags=0x88be46)
07-14 12:29:24.698 W/PackageManager(  374): Unknown permission android.permission.sec.ENTERPRISE_DEVICE_ADMIN in package com.pekall.emdm
07-14 12:29:24.698 W/PackageManager(  374): Unknown permission android.permission.sec.MDM_APP_MGMT in package com.pekall.emdm
07-14 12:29:24.698 W/PackageManager(  374): Unknown permission android.permission.sec.MDM_BLUETOOTH in package com.pekall.emdm
07-14 12:29:24.698 W/PackageManager(  374): Unknown permission android.permission.sec.MDM_INVENTORY in package com.pekall.emdm
07-14 12:29:24.698 W/PackageManager(  374): Unknown permission android.permission.sec.MDM_EXCHANGE in package com.pekall.emdm
07-14 12:29:24.698 W/PackageManager(  374): Unknown permission android.permission.sec.MDM_ROAMING in package com.pekall.emdm
07-14 12:29:24.698 W/PackageManager(  374): Unknown permission android.permission.sec.MDM_WIFI in package com.pekall.emdm
07-14 12:29:24.698 W/PackageManager(  374): Unknown permission android.permission.sec.MDM_SECURITY in package com.pekall.emdm
07-14 12:29:24.698 W/PackageManager(  374): Unknown permission android.permission.sec.MDM_HW_CONTROL in package com.pekall.emdm
07-14 12:29:24.698 W/PackageManager(  374): Unknown permission android.permission.sec.MDM_RESTRICTION in package com.pekall.emdm
07-14 12:29:24.698 W/PackageManager(  374): Unknown permission android.permission.sec.MDM_LOCATION in package com.pekall.emdm
07-14 12:29:24.698 W/PackageManager(  374): Not granting permission android.permission.INTERACT_ACROSS_USERS_FULL to package com.pekall.emdm (protectionLevel=2 flags=0x88be46)
07-14 12:29:24.698 W/PackageManager(  374): Unknown permission android.permission.sec.MDM_CALLING in package com.pekall.emdm
07-14 12:29:24.698 W/PackageManager(  374): Unknown permission android.permission.sec.MDM_EMAIL in package com.pekall.emdm
07-14 12:29:24.705 W/PackageManager(  374): Unknown permission android.permission.sec.MDM_VPN in package com.pekall.emdm
07-14 12:29:24.705 W/PackageManager(  374): Unknown permission android.permission.sec.MDM_APN in package com.pekall.emdm
07-14 12:29:24.705 W/PackageManager(  374): Unknown permission android.permission.sec.MDM_PHONE_RESTRICTION in package com.pekall.emdm
07-14 12:29:24.705 W/PackageManager(  374): Unknown permission android.permission.sec.MDM_BROWSER_SETTINGS in package com.pekall.emdm
07-14 12:29:24.705 W/PackageManager(  374): Unknown permission android.permission.sec.MDM_DATE_TIME in package com.pekall.emdm
07-14 12:29:24.705 W/PackageManager(  374): Unknown permission android.permission.sec.MDM_ENTERPRISE_VPN in package com.pekall.emdm
07-14 12:29:24.705 W/PackageManager(  374): Unknown permission android.permission.sec.MDM_FIREWALL in package com.pekall.emdm
07-14 12:29:24.705 W/PackageManager(  374): Unknown permission android.permission.sec.MDM_APP_PERMISSION_MGMT in package com.pekall.emdm
07-14 12:29:24.705 W/PackageManager(  374): Unknown permission android.permission.sec.MDM_KIOSK_MODE in package com.pekall.emdm
07-14 12:29:24.705 W/PackageManager(  374): Not granting permission android.permission.ACCESS_DOWNLOAD_MANAGER to package com.pekall.emdm (protectionLevel=18 flags=0x88be46)
07-14 12:29:24.705 W/PackageManager(  374): Not granting permission android.permission.SEND_DOWNLOAD_COMPLETED_INTENTS to package com.pekall.emdm (protectionLevel=2 flags=0x88be46)
07-14 12:29:24.705 W/PackageManager(  374): Unknown permission com.pekall.emdm.browser.permission.READ_HISTORY_BOOKMARKS in package com.pekall.emdm
07-14 12:29:24.705 W/PackageManager(  374): Unknown permission com.pekall.emdm.browser.permission.WRITE_HISTORY_BOOKMARKS in package com.pekall.emdm
07-14 12:29:24.705 W/PackageManager(  374): Unknown permission com.pekall.semail.permission.READ_ATTACHMENT in package com.pekall.emdm
07-14 12:29:24.705 W/PackageManager(  374): Unknown permission com.pekall.semail.permission.ACCESS_PROVIDER in package com.pekall.emdm
07-14 12:29:24.713 W/PackageManager(  374): Not granting permission android.permission.WRITE_APN_SETTINGS to package com.dragon.android.pandaspace (protectionLevel=18 flags=0x80be44)
07-14 12:29:24.713 W/PackageManager(  374): Not granting permission android.permission.INSTALL_PACKAGES to package com.dragon.android.pandaspace (protectionLevel=18 flags=0x80be44)
07-14 12:29:24.713 W/PackageManager(  374): Not granting permission android.permission.CHANGE_CONFIGURATION to package com.dragon.android.pandaspace (protectionLevel=50 flags=0x80be44)
07-14 12:29:24.713 W/PackageManager(  374): Not granting permission android.permission.READ_LOGS to package com.dragon.android.pandaspace (protectionLevel=50 flags=0x80be44)
07-14 12:29:24.713 W/PackageManager(  374): Not granting permission android.permission.PACKAGE_USAGE_STATS to package com.dragon.android.pandaspace (protectionLevel=18 flags=0x80be44)
07-14 12:29:24.713 W/PackageManager(  374): Not granting permission android.permission.MOUNT_UNMOUNT_FILESYSTEMS to package com.dragon.android.pandaspace (protectionLevel=18 flags=0x80be44)
07-14 12:29:24.713 W/PackageManager(  374): Not granting permission android.permission.SET_ACTIVITY_WATCHER to package com.dragon.android.pandaspace (protectionLevel=2 flags=0x80be44)
07-14 12:29:24.713 W/PackageManager(  374): Not granting permission android.permission.DELETE_PACKAGES to package com.dragon.android.pandaspace (protectionLevel=18 flags=0x80be44)
07-14 12:29:24.713 W/PackageManager(  374): Not granting permission android.permission.CHANGE_COMPONENT_ENABLED_STATE to package com.dragon.android.pandaspace (protectionLevel=18 flags=0x80be44)
07-14 12:29:24.721 W/PackageManager(  374): Not granting permission android.permission.SEND_DOWNLOAD_COMPLETED_INTENTS to package com.android.vending (protectionLevel=2 flags=0x8abe45)
07-14 12:29:24.721 W/PackageManager(  374): Unknown permission android.permission.SEND_SMS_NO_CONFIRMATION in package com.android.vending
07-14 12:29:24.721 W/PackageManager(  374): Unknown permission android.permission.ACCESS_SUPERUSER in package com.speedsoftware.rootexplorer
07-14 12:29:24.721 W/PackageManager(  374): Not granting permission android.permission.WRITE_SECURE_SETTINGS to package com.pekall.nmefc (protectionLevel=50 flags=0x88be44)
07-14 12:29:24.721 W/PackageManager(  374): Unknown permission android.permission.ACCESS_GPS in package com.pekall.nmefc
07-14 12:29:24.721 W/PackageManager(  374): Unknown permission android.permission.BAIDU_LOCATION_SERVICE in package com.pekall.nmefc
07-14 12:29:24.721 W/PackageManager(  374): Not granting permission android.permission.MOUNT_UNMOUNT_FILESYSTEMS to package com.pekall.nmefc (protectionLevel=18 flags=0x88be44)
07-14 12:29:24.729 W/PackageManager(  374): Not granting permission android.permission.READ_DREAM_STATE to package com.google.android.gsf (protectionLevel=2 flags=0x883e45)
07-14 12:29:24.955 I/ActivityManager(  374): Force stopping package com.moji.mjweather appid=10082 user=0
07-14 12:29:25.651 W/BackupManagerService(  374): dataChanged but no participant pkg='com.android.providers.settings' uid=10079
07-14 12:29:25.682 I/ActivityManager(  374): START u0 {act=android.intent.action.MAIN cat=[android.intent.category.HOME] flg=0x10200000 cmp=com.android.launcher/com.android.launcher2.Launcher} from pid 374
07-14 12:29:25.768 W/MountService(  374): getVolumeState(/storage/emulated/0/external_sd): Unknown volume
07-14 12:29:25.768 W/MountService(  374): getVolumeState(/mnt/sdcard-ext): Unknown volume
07-14 12:29:25.768 W/MountService(  374): getVolumeState(/mnt/ext_sdcard): Unknown volume
07-14 12:29:25.783 W/MountService(  374): getVolumeState(/mnt/sdcard2): Unknown volume
07-14 12:29:25.783 W/MountService(  374): getVolumeState(/mnt/emmc): Unknown volume
07-14 12:29:25.783 W/MountService(  374): getVolumeState(/mnt/extSdCard): Unknown volume
07-14 12:29:25.783 W/MountService(  374): getVolumeState(/mnt/sdcard/SD_CARD): Unknown volume
07-14 12:29:25.783 W/MountService(  374): getVolumeState(/mnt/sdcard/extra_sd): Unknown volume
07-14 12:29:25.791 W/MountService(  374): getVolumeState(/mnt/extrasd_bind): Unknown volume
07-14 12:29:25.791 W/MountService(  374): getVolumeState(/mnt/sdcard/ext_sd): Unknown volume
07-14 12:29:25.791 W/MountService(  374): getVolumeState(/storage/extSdCard): Unknown volume
07-14 12:29:25.791 W/MountService(  374): getVolumeState(/storage/sdcard1): Unknown volume
07-14 12:29:25.791 W/MountService(  374): getVolumeState(/mnt/sdcard/external_SD): Unknown volume
07-14 12:29:25.799 W/MountService(  374): getVolumeState(/mnt/sdcard/external_sd): Unknown volume
07-14 12:29:25.807 D/BackupManagerService(  374): Received broadcast Intent { act=android.intent.action.PACKAGE_REMOVED dat=package:com.moji.mjweather flg=0x8000010 (has extras) }
07-14 12:29:25.815 V/BackupManagerService(  374): removePackageParticipantsLocked: uid=10082 #1
07-14 12:29:25.908 W/BackupManagerService(  374): dataChanged but no participant pkg='com.android.providers.settings' uid=10079
07-14 12:29:26.479 I/ActivityManager(  374): Start proc com.google.android.gallery3d for broadcast com.google.android.gallery3d/com.android.gallery3d.app.PackagesMonitor: pid=6854 uid=10019 gids={50019, 1006, 3003, 1015, 1028}
07-14 12:29:27.041 I/ActivityManager(  374): Start proc com.android.keychain for broadcast com.android.keychain/.KeyChainBroadcastReceiver: pid=6877 uid=1000 gids={41000, 1015, 1028, 3002, 3001, 3003, 3007}
07-14 12:29:27.127 W/ContextImpl( 6877): Calling a method in the system process without a qualified user: android.app.ContextImpl.startService:1385 android.content.ContextWrapper.startService:473 android.content.ContextWrapper.startService:473 com.android.keychain.KeyChainBroadcastReceiver.onReceive:12 android.app.ActivityThread.handleReceiver:2424 
07-14 12:29:27.252 W/MountService(  374): getVolumeState(/storage/emulated/0/external_sd): Unknown volume
07-14 12:29:27.252 W/MountService(  374): getVolumeState(/mnt/sdcard-ext): Unknown volume
07-14 12:29:27.252 W/MountService(  374): getVolumeState(/mnt/ext_sdcard): Unknown volume
07-14 12:29:27.252 W/MountService(  374): getVolumeState(/mnt/sdcard2): Unknown volume
07-14 12:29:27.260 W/MountService(  374): getVolumeState(/mnt/emmc): Unknown volume
07-14 12:29:27.260 W/MountService(  374): getVolumeState(/mnt/extSdCard): Unknown volume
07-14 12:29:27.260 W/MountService(  374): getVolumeState(/mnt/sdcard/SD_CARD): Unknown volume
07-14 12:29:27.260 W/MountService(  374): getVolumeState(/mnt/sdcard/extra_sd): Unknown volume
07-14 12:29:27.260 W/MountService(  374): getVolumeState(/mnt/extrasd_bind): Unknown volume
07-14 12:29:27.260 W/MountService(  374): getVolumeState(/mnt/sdcard/ext_sd): Unknown volume
07-14 12:29:27.276 W/MountService(  374): getVolumeState(/storage/extSdCard): Unknown volume
07-14 12:29:27.283 W/MountService(  374): getVolumeState(/storage/sdcard1): Unknown volume
07-14 12:29:27.283 W/MountService(  374): getVolumeState(/mnt/sdcard/external_SD): Unknown volume
07-14 12:29:27.283 W/MountService(  374): getVolumeState(/mnt/sdcard/external_sd): Unknown volume
07-14 12:29:28.338 I/ActivityManager(  374): Start proc com.qihoo.root for broadcast com.qihoo.root/.UninstallReceiver: pid=6911 uid=10078 gids={50078, 1015, 3003, 1028}
07-14 12:29:28.455 I/ActivityManager(  374): No longer want com.google.android.talk (pid 6069): empty #17
07-14 12:29:29.510 I/ActivityManager(  374): START u0 {act=android.intent.action.MAIN cat=[android.intent.category.LAUNCHER] flg=0x10200000 cmp=com.pekall.emdm/.ui.SplashActivity} from pid 595
07-14 12:29:30.252 I/ActivityManager(  374): No longer want com.google.android.apps.maps:FriendService (pid 6092): empty #17
07-14 12:29:30.901 W/MountService(  374): getVolumeState(/storage/emulated/0/external_sd): Unknown volume
07-14 12:29:30.901 W/MountService(  374): getVolumeState(/mnt/sdcard-ext): Unknown volume
07-14 12:29:30.901 W/MountService(  374): getVolumeState(/mnt/ext_sdcard): Unknown volume
07-14 12:29:30.901 W/MountService(  374): getVolumeState(/mnt/sdcard2): Unknown volume
07-14 12:29:30.901 W/MountService(  374): getVolumeState(/mnt/emmc): Unknown volume
07-14 12:29:30.901 W/MountService(  374): getVolumeState(/mnt/extSdCard): Unknown volume
07-14 12:29:30.908 W/MountService(  374): getVolumeState(/mnt/sdcard/SD_CARD): Unknown volume
07-14 12:29:30.908 W/MountService(  374): getVolumeState(/mnt/sdcard/extra_sd): Unknown volume
07-14 12:29:30.908 W/MountService(  374): getVolumeState(/mnt/extrasd_bind): Unknown volume
07-14 12:29:30.908 W/MountService(  374): getVolumeState(/mnt/sdcard/ext_sd): Unknown volume
07-14 12:29:30.908 W/MountService(  374): getVolumeState(/storage/extSdCard): Unknown volume
07-14 12:29:30.908 W/MountService(  374): getVolumeState(/storage/sdcard1): Unknown volume
07-14 12:29:30.908 W/MountService(  374): getVolumeState(/mnt/sdcard/external_SD): Unknown volume
07-14 12:29:30.916 W/MountService(  374): getVolumeState(/mnt/sdcard/external_sd): Unknown volume
07-14 12:29:31.362 W/MountService(  374): getVolumeState(/storage/emulated/0/external_sd): Unknown volume
07-14 12:29:31.362 W/MountService(  374): getVolumeState(/mnt/sdcard-ext): Unknown volume
07-14 12:29:31.369 W/MountService(  374): getVolumeState(/mnt/ext_sdcard): Unknown volume
07-14 12:29:31.369 W/MountService(  374): getVolumeState(/mnt/sdcard2): Unknown volume
07-14 12:29:31.369 W/MountService(  374): getVolumeState(/mnt/emmc): Unknown volume
07-14 12:29:31.369 W/MountService(  374): getVolumeState(/mnt/extSdCard): Unknown volume
07-14 12:29:31.369 W/MountService(  374): getVolumeState(/mnt/sdcard/SD_CARD): Unknown volume
07-14 12:29:31.377 W/MountService(  374): getVolumeState(/mnt/sdcard/extra_sd): Unknown volume
07-14 12:29:31.377 W/MountService(  374): getVolumeState(/mnt/extrasd_bind): Unknown volume
07-14 12:29:31.385 W/MountService(  374): getVolumeState(/mnt/sdcard/ext_sd): Unknown volume
07-14 12:29:31.393 W/MountService(  374): getVolumeState(/storage/extSdCard): Unknown volume
07-14 12:29:31.393 W/MountService(  374): getVolumeState(/storage/sdcard1): Unknown volume
07-14 12:29:31.393 W/MountService(  374): getVolumeState(/mnt/sdcard/external_SD): Unknown volume
07-14 12:29:31.393 W/MountService(  374): getVolumeState(/mnt/sdcard/external_sd): Unknown volume
07-14 12:29:31.963 I/ActivityManager(  374): START u0 {cmp=com.pekall.emdm/.market.activity.AppListActivity} from pid 3494
07-14 12:29:32.119 W/ActivityManager(  374): Unable to start service Intent { act=com.google.android.gms.analytics.service.START (has extras) } U=0: not found
07-14 12:29:37.119 W/ActivityManager(  374): Unable to start service Intent { act=com.google.android.gms.analytics.service.START (has extras) } U=0: not found
07-14 12:29:46.744 W/PackageManager(  374): Invalid verification token 1 received
07-14 12:29:48.119 I/PowerManagerService(  374): Going to sleep due to screen timeout...
07-14 12:29:49.026 I/WindowManager(  374): Screenshot Window{42ba5160 u0 com.pekall.emdm/com.pekall.emdm.market.activity.AppListActivity} was all black! mSurfaceLayer=21015 minLayer=21000 maxLayer=21015
07-14 12:29:49.424 D/PhoneStatusBar(  450): disable: < expand icons alerts ticker system_info back home RECENT* clock search >
07-14 12:29:49.588 D/PhoneStatusBar(  450): disable: < expand icons alerts ticker system_info BACK* HOME* RECENT CLOCK* search >
07-14 12:30:09.182 I/PowerManagerService(  374): Waking up from sleep...
07-14 12:30:09.291 I/WindowManager(  374): Lock screen displayed!
07-14 12:30:11.346 D/PhoneStatusBar(  450): disable: < expand icons alerts ticker system_info BACK HOME recent* CLOCK search >
07-14 12:30:11.432 D/PhoneStatusBar(  450): disable: < expand icons alerts ticker system_info back* home* recent clock* search >
07-14 12:30:11.432 W/InputMethodManagerService(  374): Window already focused, ignoring focus gain of: com.android.internal.view.IInputMethodClient$Stub$Proxy@42ba2730 attribute=android.view.inputmethod.EditorInfo@4313fce8, token = android.os.BinderProxy@430708b8
07-14 12:30:12.158 I/ActivityManager(  374): START u0 {act=android.intent.action.MAIN cat=[android.intent.category.HOME] flg=0x10200000 cmp=com.android.launcher/com.android.launcher2.Launcher} from pid 374
07-14 12:30:14.182 I/ActivityManager(  374): START u0 {act=android.intent.action.MAIN cat=[android.intent.category.LAUNCHER] flg=0x10200000 cmp=com.pekall.emdm/.ui.SplashActivity} from pid 595
07-14 12:30:16.799 I/ActivityManager(  374): START u0 {cmp=com.pekall.emdm/.document.activity.DocMainActivity} from pid 3494
07-14 12:30:17.963 I/ActivityManager(  374): START u0 {cmp=com.pekall.emdm/.document.activity.CompanyDocActivity} from pid 3494
07-14 12:30:30.908 W/MountService(  374): getVolumeState(/storage/emulated/0/external_sd): Unknown volume
07-14 12:30:30.908 W/MountService(  374): getVolumeState(/mnt/sdcard-ext): Unknown volume
07-14 12:30:30.916 W/MountService(  374): getVolumeState(/mnt/ext_sdcard): Unknown volume
07-14 12:30:30.924 W/MountService(  374): getVolumeState(/mnt/sdcard2): Unknown volume
07-14 12:30:30.924 W/MountService(  374): getVolumeState(/mnt/emmc): Unknown volume
07-14 12:30:30.924 W/MountService(  374): getVolumeState(/mnt/extSdCard): Unknown volume
07-14 12:30:30.924 W/MountService(  374): getVolumeState(/mnt/sdcard/SD_CARD): Unknown volume
07-14 12:30:30.932 W/MountService(  374): getVolumeState(/mnt/sdcard/extra_sd): Unknown volume
