07-14 12:44:10.385 D/dalvikvm( 8536): GC_CONCURRENT freed 386K, 77% free 683K/2856K, paused 2ms+3ms, total 10ms
07-14 12:44:10.526 D/dalvikvm( 8536): GC_CONCURRENT freed 448K, 78% free 633K/2856K, paused 1ms+1ms, total 7ms
07-14 12:44:10.549 I/QueryController( 8536): Matched selector: UiSelector[TEXT=] <<==>> [android.view.accessibility.AccessibilityNodeInfo@26950c; boundsInParent: Rect(0, 0 - 434, 43); boundsInScreen: Rect(136, 262 - 570, 305); packageName: com.pekall.emdm; className: android.widget.TextView; text: ; contentDescription: null; viewIdResName: com.pekall.emdm:id/market_item_name; checkable: false; checked: false; focusable: false; focused: false; selected: false; clickable: false; longClickable: false; enabled: true; password: false; scrollable: false; [ACTION_SELECT, ACTION_CLEAR_SELECTION, ACTION_ACCESSIBILITY_FOCUS, ACTION_NEXT_AT_MOVEMENT_GRANULARITY, ACTION_PREVIOUS_AT_MOVEMENT_GRANULARITY, ACTION_SET_SELECTION]]
07-14 12:44:10.658 D/dalvikvm( 8536): GC_CONCURRENT freed 384K, 78% free 636K/2856K, paused 0ms+1ms, total 6ms
07-14 12:44:10.783 I/QueryController( 8536): Matched selector: UiSelector[TEXT=] <<==>> [android.view.accessibility.AccessibilityNodeInfo@26950c; boundsInParent: Rect(0, 0 - 434, 43); boundsInScreen: Rect(136, 262 - 570, 305); packageName: com.pekall.emdm; className: android.widget.TextView; text: ; contentDescription: null; viewIdResName: com.pekall.emdm:id/market_item_name; checkable: false; checked: false; focusable: false; focused: false; selected: false; clickable: false; longClickable: false; enabled: true; password: false; scrollable: false; [ACTION_SELECT, ACTION_CLEAR_SELECTION, ACTION_ACCESSIBILITY_FOCUS, ACTION_NEXT_AT_MOVEMENT_GRANULARITY, ACTION_PREVIOUS_AT_MOVEMENT_GRANULARITY, ACTION_SET_SELECTION]]
07-14 12:44:10.791 D/dalvikvm( 8536): GC_CONCURRENT freed 392K, 78% free 629K/2856K, paused 1ms+1ms, total 7ms
07-14 12:44:10.940 D/dalvikvm( 8536): GC_CONCURRENT freed 378K, 78% free 635K/2856K, paused 2ms+1ms, total 8ms
07-14 12:44:11.026 I/QueryController( 8536): Matched selector: UiSelector[TEXT=] <<==>> [android.view.accessibility.AccessibilityNodeInfo@26950c; boundsInParent: Rect(0, 0 - 434, 43); boundsInScreen: Rect(136, 262 - 570, 305); packageName: com.pekall.emdm; className: android.widget.TextView; text: ; contentDescription: null; viewIdResName: com.pekall.emdm:id/market_item_name; checkable: false; checked: false; focusable: false; focused: false; selected: false; clickable: false; longClickable: false; enabled: true; password: false; scrollable: false; [ACTION_SELECT, ACTION_CLEAR_SELECTION, ACTION_ACCESSIBILITY_FOCUS, ACTION_NEXT_AT_MOVEMENT_GRANULARITY, ACTION_PREVIOUS_AT_MOVEMENT_GRANULARITY, ACTION_SET_SELECTION]]
07-14 12:44:11.080 D/dalvikvm( 8536): GC_CONCURRENT freed 385K, 78% free 633K/2856K, paused 2ms+1ms, total 8ms
07-14 12:44:11.252 D/dalvikvm( 3494): GC_CONCURRENT freed 4207K, 21% free 20865K/26180K, paused 5ms+11ms, total 120ms
07-14 12:44:11.252 W/CursorWrapperInner( 3494): Cursor finalized without prior close()
07-14 12:44:11.252 W/CursorWrapperInner( 3494): Cursor finalized without prior close()
07-14 12:44:11.260 W/CursorWrapperInner( 3494): Cursor finalized without prior close()
07-14 12:44:11.268 D/dalvikvm( 8536): GC_CONCURRENT freed 378K, 77% free 667K/2856K, paused 1ms+2ms, total 10ms
07-14 12:44:11.323 I/QueryController( 8536): Matched selector: UiSelector[TEXT=] <<==>> [android.view.accessibility.AccessibilityNodeInfo@26950c; boundsInParent: Rect(0, 0 - 434, 43); boundsInScreen: Rect(136, 262 - 570, 305); packageName: com.pekall.emdm; className: android.widget.TextView; text: ; contentDescription: null; viewIdResName: com.pekall.emdm:id/market_item_name; checkable: false; checked: false; focusable: false; focused: false; selected: false; clickable: false; longClickable: false; enabled: true; password: false; scrollable: false; [ACTION_SELECT, ACTION_CLEAR_SELECTION, ACTION_ACCESSIBILITY_FOCUS, ACTION_NEXT_AT_MOVEMENT_GRANULARITY, ACTION_PREVIOUS_AT_MOVEMENT_GRANULARITY, ACTION_SET_SELECTION]]
07-14 12:44:11.408 D/dalvikvm( 8536): GC_CONCURRENT freed 386K, 77% free 665K/2856K, paused 2ms+0ms, total 9ms
07-14 12:44:11.541 D/dalvikvm( 8536): GC_CONCURRENT freed 430K, 78% free 651K/2856K, paused 0ms+1ms, total 7ms
07-14 12:44:11.565 I/QueryController( 8536): Matched selector: UiSelector[TEXT=] <<==>> [android.view.accessibility.AccessibilityNodeInfo@26950c; boundsInParent: Rect(0, 0 - 434, 43); boundsInScreen: Rect(136, 262 - 570, 305); packageName: com.pekall.emdm; className: android.widget.TextView; text: ; contentDescription: null; viewIdResName: com.pekall.emdm:id/market_item_name; checkable: false; checked: false; focusable: false; focused: false; selected: false; clickable: false; longClickable: false; enabled: true; password: false; scrollable: false; [ACTION_SELECT, ACTION_CLEAR_SELECTION, ACTION_ACCESSIBILITY_FOCUS, ACTION_NEXT_AT_MOVEMENT_GRANULARITY, ACTION_PREVIOUS_AT_MOVEMENT_GRANULARITY, ACTION_SET_SELECTION]]
07-14 12:44:11.674 D/dalvikvm( 8536): GC_CONCURRENT freed 379K, 77% free 658K/2856K, paused 1ms+1ms, total 9ms
07-14 12:44:11.799 I/QueryController( 8536): Matched selector: UiSelector[TEXT=] <<==>> [android.view.accessibility.AccessibilityNodeInfo@26950c; boundsInParent: Rect(0, 0 - 434, 43); boundsInScreen: Rect(136, 262 - 570, 305); packageName: com.pekall.emdm; className: android.widget.TextView; text: ; contentDescription: null; viewIdResName: com.pekall.emdm:id/market_item_name; checkable: false; checked: false; focusable: false; focused: false; selected: false; clickable: false; longClickable: false; enabled: true; password: false; scrollable: false; [ACTION_SELECT, ACTION_CLEAR_SELECTION, ACTION_ACCESSIBILITY_FOCUS, ACTION_NEXT_AT_MOVEMENT_GRANULARITY, ACTION_PREVIOUS_AT_MOVEMENT_GRANULARITY, ACTION_SET_SELECTION]]
07-14 12:44:11.807 D/dalvikvm( 8536): GC_CONCURRENT freed 415K, 78% free 630K/2856K, paused 0ms+1ms, total 8ms
07-14 12:44:11.971 D/dalvikvm( 8536): GC_CONCURRENT freed 378K, 78% free 635K/2856K, paused 2ms+1ms, total 7ms
07-14 12:44:12.049 I/QueryController( 8536): Matched selector: UiSelector[TEXT=] <<==>> [android.view.accessibility.AccessibilityNodeInfo@26950c; boundsInParent: Rect(0, 0 - 434, 43); boundsInScreen: Rect(136, 262 - 570, 305); packageName: com.pekall.emdm; className: android.widget.TextView; text: ; contentDescription: null; viewIdResName: com.pekall.emdm:id/market_item_name; checkable: false; checked: false; focusable: false; focused: false; selected: false; clickable: false; longClickable: false; enabled: true; password: false; scrollable: false; [ACTION_SELECT, ACTION_CLEAR_SELECTION, ACTION_ACCESSIBILITY_FOCUS, ACTION_NEXT_AT_MOVEMENT_GRANULARITY, ACTION_PREVIOUS_AT_MOVEMENT_GRANULARITY, ACTION_SET_SELECTION]]
07-14 12:44:12.112 D/dalvikvm( 8536): GC_CONCURRENT freed 418K, 77% free 660K/2856K, paused 1ms+2ms, total 9ms
07-14 12:44:12.244 D/dalvikvm( 8536): GC_CONCURRENT freed 415K, 78% free 635K/2856K, paused 1ms+1ms, total 7ms
07-14 12:44:12.283 I/QueryController( 8536): Matched selector: UiSelector[TEXT=] <<==>> [android.view.accessibility.AccessibilityNodeInfo@26950c; boundsInParent: Rect(0, 0 - 434, 43); boundsInScreen: Rect(136, 262 - 570, 305); packageName: com.pekall.emdm; className: android.widget.TextView; text: ; contentDescription: null; viewIdResName: com.pekall.emdm:id/market_item_name; checkable: false; checked: false; focusable: false; focused: false; selected: false; clickable: false; longClickable: false; enabled: true; password: false; scrollable: false; [ACTION_SELECT, ACTION_CLEAR_SELECTION, ACTION_ACCESSIBILITY_FOCUS, ACTION_NEXT_AT_MOVEMENT_GRANULARITY, ACTION_PREVIOUS_AT_MOVEMENT_GRANULARITY, ACTION_SET_SELECTION]]
07-14 12:44:12.369 D/dalvikvm( 8536): GC_CONCURRENT freed 391K, 78% free 630K/2856K, paused 0ms+0ms, total 6ms
07-14 12:44:12.518 D/dalvikvm( 8536): GC_CONCURRENT freed 378K, 78% free 636K/2856K, paused 2ms+1ms, total 8ms
07-14 12:44:12.526 I/QueryController( 8536): Matched selector: UiSelector[TEXT=] <<==>> [android.view.accessibility.AccessibilityNodeInfo@26950c; boundsInParent: Rect(0, 0 - 434, 43); boundsInScreen: Rect(136, 262 - 570, 305); packageName: com.pekall.emdm; className: android.widget.TextView; text: ; contentDescription: null; viewIdResName: com.pekall.emdm:id/market_item_name; checkable: false; checked: false; focusable: false; focused: false; selected: false; clickable: false; longClickable: false; enabled: true; password: false; scrollable: false; [ACTION_SELECT, ACTION_CLEAR_SELECTION, ACTION_ACCESSIBILITY_FOCUS, ACTION_NEXT_AT_MOVEMENT_GRANULARITY, ACTION_PREVIOUS_AT_MOVEMENT_GRANULARITY, ACTION_SET_SELECTION]]
07-14 12:44:12.658 D/dalvikvm( 8536): GC_CONCURRENT freed 386K, 78% free 634K/2856K, paused 2ms+1ms, total 7ms
07-14 12:44:12.760 I/QueryController( 8536): Matched selector: UiSelector[TEXT=] <<==>> [android.view.accessibility.AccessibilityNodeInfo@26950c; boundsInParent: Rect(0, 0 - 434, 43); boundsInScreen: Rect(136, 262 - 570, 305); packageName: com.pekall.emdm; className: android.widget.TextView; text: ; contentDescription: null; viewIdResName: com.pekall.emdm:id/market_item_name; checkable: false; checked: false; focusable: false; focused: false; selected: false; clickable: false; longClickable: false; enabled: true; password: false; scrollable: false; [ACTION_SELECT, ACTION_CLEAR_SELECTION, ACTION_ACCESSIBILITY_FOCUS, ACTION_NEXT_AT_MOVEMENT_GRANULARITY, ACTION_PREVIOUS_AT_MOVEMENT_GRANULARITY, ACTION_SET_SELECTION]]
07-14 12:44:12.791 D/dalvikvm( 8536): GC_CONCURRENT freed 386K, 78% free 632K/2856K, paused 2ms+1ms, total 8ms
07-14 12:44:12.932 D/dalvikvm( 8536): GC_CONCURRENT freed 378K, 78% free 637K/2856K, paused 1ms+1ms, total 7ms
07-14 12:44:13.018 I/QueryController( 8536): Matched selector: UiSelector[TEXT=] <<==>> [android.view.accessibility.AccessibilityNodeInfo@26950c; boundsInParent: Rect(0, 0 - 434, 43); boundsInScreen: Rect(136, 262 - 570, 305); packageName: com.pekall.emdm; className: android.widget.TextView; text: ; contentDescription: null; viewIdResName: com.pekall.emdm:id/market_item_name; checkable: false; checked: false; focusable: false; focused: false; selected: false; clickable: false; longClickable: false; enabled: true; password: false; scrollable: false; [ACTION_SELECT, ACTION_CLEAR_SELECTION, ACTION_ACCESSIBILITY_FOCUS, ACTION_NEXT_AT_MOVEMENT_GRANULARITY, ACTION_PREVIOUS_AT_MOVEMENT_GRANULARITY, ACTION_SET_SELECTION]]
07-14 12:44:13.065 D/dalvikvm( 8536): GC_CONCURRENT freed 424K, 78% free 655K/2856K, paused 0ms+1ms, total 7ms
07-14 12:44:13.205 D/dalvikvm( 8536): GC_CONCURRENT freed 408K, 78% free 636K/2856K, paused 2ms+1ms, total 8ms
07-14 12:44:13.252 I/QueryController( 8536): Matched selector: UiSelector[TEXT=] <<==>> [android.view.accessibility.AccessibilityNodeInfo@26950c; boundsInParent: Rect(0, 0 - 434, 43); boundsInScreen: Rect(136, 262 - 570, 305); packageName: com.pekall.emdm; className: android.widget.TextView; text: ; contentDescription: null; viewIdResName: com.pekall.emdm:id/market_item_name; checkable: false; checked: false; focusable: false; focused: false; selected: false; clickable: false; longClickable: false; enabled: true; password: false; scrollable: false; [ACTION_SELECT, ACTION_CLEAR_SELECTION, ACTION_ACCESSIBILITY_FOCUS, ACTION_NEXT_AT_MOVEMENT_GRANULARITY, ACTION_PREVIOUS_AT_MOVEMENT_GRANULARITY, ACTION_SET_SELECTION]]
07-14 12:44:13.330 D/dalvikvm( 8536): GC_CONCURRENT freed 390K, 78% free 629K/2856K, paused 2ms+1ms, total 8ms
07-14 12:44:13.487 I/QueryController( 8536): Matched selector: UiSelector[TEXT=] <<==>> [android.view.accessibility.AccessibilityNodeInfo@26950c; boundsInParent: Rect(0, 0 - 434, 43); boundsInScreen: Rect(136, 262 - 570, 305); packageName: com.pekall.emdm; className: android.widget.TextView; text: ; contentDescription: null; viewIdResName: com.pekall.emdm:id/market_item_name; checkable: false; checked: false; focusable: false; focused: false; selected: false; clickable: false; longClickable: false; enabled: true; password: false; scrollable: false; [ACTION_SELECT, ACTION_CLEAR_SELECTION, ACTION_ACCESSIBILITY_FOCUS, ACTION_NEXT_AT_MOVEMENT_GRANULARITY, ACTION_PREVIOUS_AT_MOVEMENT_GRANULARITY, ACTION_SET_SELECTION]]
07-14 12:44:13.487 D/dalvikvm( 8536): GC_CONCURRENT freed 440K, 78% free 649K/2856K, paused 1ms+1ms, total 10ms
07-14 12:44:13.643 D/dalvikvm( 8536): GC_CONCURRENT freed 418K, 77% free 672K/2856K, paused 1ms+3ms, total 9ms
07-14 12:44:13.721 I/QueryController( 8536): Matched selector: UiSelector[TEXT=] <<==>> [android.view.accessibility.AccessibilityNodeInfo@26950c; boundsInParent: Rect(0, 0 - 434, 43); boundsInScreen: Rect(136, 262 - 570, 305); packageName: com.pekall.emdm; className: android.widget.TextView; text: ; contentDescription: null; viewIdResName: com.pekall.emdm:id/market_item_name; checkable: false; checked: false; focusable: false; focused: false; selected: false; clickable: false; longClickable: false; enabled: true; password: false; scrollable: false; [ACTION_SELECT, ACTION_CLEAR_SELECTION, ACTION_ACCESSIBILITY_FOCUS, ACTION_NEXT_AT_MOVEMENT_GRANULARITY, ACTION_PREVIOUS_AT_MOVEMENT_GRANULARITY, ACTION_SET_SELECTION]]
07-14 12:44:13.776 D/dalvikvm( 8536): GC_CONCURRENT freed 424K, 78% free 631K/2856K, paused 2ms+0ms, total 8ms
07-14 12:44:13.916 D/dalvikvm( 8536): GC_CONCURRENT freed 383K, 78% free 632K/2856K, paused 2ms+1ms, total 8ms
07-14 12:44:13.971 I/QueryController( 8536): Matched selector: UiSelector[TEXT=] <<==>> [android.view.accessibility.AccessibilityNodeInfo@26950c; boundsInParent: Rect(0, 0 - 434, 43); boundsInScreen: Rect(136, 262 - 570, 305); packageName: com.pekall.emdm; className: android.widget.TextView; text: ; contentDescription: null; viewIdResName: com.pekall.emdm:id/market_item_name; checkable: false; checked: false; focusable: false; focused: false; selected: false; clickable: false; longClickable: false; enabled: true; password: false; scrollable: false; [ACTION_SELECT, ACTION_CLEAR_SELECTION, ACTION_ACCESSIBILITY_FOCUS, ACTION_NEXT_AT_MOVEMENT_GRANULARITY, ACTION_PREVIOUS_AT_MOVEMENT_GRANULARITY, ACTION_SET_SELECTION]]
07-14 12:44:14.057 D/dalvikvm( 8536): GC_CONCURRENT freed 398K, 78% free 629K/2856K, paused 0ms+0ms, total 6ms
07-14 12:44:14.151 D/LightsService(  374): Excessive delay setting light: 67ms
07-14 12:44:14.213 I/QueryController( 8536): Matched selector: UiSelector[TEXT=] <<==>> [android.view.accessibility.AccessibilityNodeInfo@26950c; boundsInParent: Rect(0, 0 - 434, 43); boundsInScreen: Rect(136, 262 - 570, 305); packageName: com.pekall.emdm; className: android.widget.TextView; text: ; contentDescription: null; viewIdResName: com.pekall.emdm:id/market_item_name; checkable: false; checked: false; focusable: false; focused: false; selected: false; clickable: false; longClickable: false; enabled: true; password: false; scrollable: false; [ACTION_SELECT, ACTION_CLEAR_SELECTION, ACTION_ACCESSIBILITY_FOCUS, ACTION_NEXT_AT_MOVEMENT_GRANULARITY, ACTION_PREVIOUS_AT_MOVEMENT_GRANULARITY, ACTION_SET_SELECTION]]
07-14 12:44:14.221 D/dalvikvm( 8536): GC_CONCURRENT freed 440K, 78% free 652K/2856K, paused 1ms+1ms, total 11ms
07-14 12:44:14.385 D/dalvikvm( 8536): GC_CONCURRENT freed 454K, 78% free 651K/2856K, paused 0ms+1ms, total 11ms
07-14 12:44:14.385 D/LightsService(  374): Excessive delay setting light: 68ms
07-14 12:44:14.455 I/QueryController( 8536): Matched selector: UiSelector[TEXT=] <<==>> [android.view.accessibility.AccessibilityNodeInfo@26950c; boundsInParent: Rect(0, 0 - 434, 43); boundsInScreen: Rect(136, 262 - 570, 305); packageName: com.pekall.emdm; className: android.widget.TextView; text: ; contentDescription: null; viewIdResName: com.pekall.emdm:id/market_item_name; checkable: false; checked: false; focusable: false; focused: false; selected: false; clickable: false; longClickable: false; enabled: true; password: false; scrollable: false; [ACTION_SELECT, ACTION_CLEAR_SELECTION, ACTION_ACCESSIBILITY_FOCUS, ACTION_NEXT_AT_MOVEMENT_GRANULARITY, ACTION_PREVIOUS_AT_MOVEMENT_GRANULARITY, ACTION_SET_SELECTION]]
07-14 12:44:14.510 D/dalvikvm( 8536): GC_CONCURRENT freed 401K, 78% free 633K/2856K, paused 1ms+0ms, total 7ms
07-14 12:44:14.658 D/dalvikvm( 1052): GC_CONCURRENT freed 379K, 9% free 10231K/11168K, paused 3ms+3ms, total 35ms
07-14 12:44:14.666 D/dalvikvm( 8536): GC_CONCURRENT freed 384K, 78% free 634K/2856K, paused 2ms+1ms, total 8ms
07-14 12:44:14.698 I/QueryController( 8536): Matched selector: UiSelector[TEXT=] <<==>> [android.view.accessibility.AccessibilityNodeInfo@26950c; boundsInParent: Rect(0, 0 - 434, 43); boundsInScreen: Rect(136, 262 - 570, 305); packageName: com.pekall.emdm; className: android.widget.TextView; text: ; contentDescription: null; viewIdResName: com.pekall.emdm:id/market_item_name; checkable: false; checked: false; focusable: false; focused: false; selected: false; clickable: false; longClickable: false; enabled: true; password: false; scrollable: false; [ACTION_SELECT, ACTION_CLEAR_SELECTION, ACTION_ACCESSIBILITY_FOCUS, ACTION_NEXT_AT_MOVEMENT_GRANULARITY, ACTION_PREVIOUS_AT_MOVEMENT_GRANULARITY, ACTION_SET_SELECTION]]
07-14 12:44:14.799 D/dalvikvm( 8536): GC_CONCURRENT freed 386K, 77% free 682K/2856K, paused 0ms+1ms, total 7ms
07-14 12:44:14.924 I/QueryController( 8536): Matched selector: UiSelector[TEXT=] <<==>> [android.view.accessibility.AccessibilityNodeInfo@26950c; boundsInParent: Rect(0, 0 - 434, 43); boundsInScreen: Rect(136, 262 - 570, 305); packageName: com.pekall.emdm; className: android.widget.TextView; text: ; contentDescription: null; viewIdResName: com.pekall.emdm:id/market_item_name; checkable: false; checked: false; focusable: false; focused: false; selected: false; clickable: false; longClickable: false; enabled: true; password: false; scrollable: false; [ACTION_SELECT, ACTION_CLEAR_SELECTION, ACTION_ACCESSIBILITY_FOCUS, ACTION_NEXT_AT_MOVEMENT_GRANULARITY, ACTION_PREVIOUS_AT_MOVEMENT_GRANULARITY, ACTION_SET_SELECTION]]
07-14 12:44:14.932 D/dalvikvm( 8536): GC_CONCURRENT freed 461K, 78% free 629K/2856K, paused 2ms+1ms, total 9ms
07-14 12:44:15.080 D/dalvikvm( 8536): GC_CONCURRENT freed 416K, 78% free 655K/2856K, paused 1ms+2ms, total 9ms
07-14 12:44:15.151 I/QueryController( 8536): Matched selector: UiSelector[TEXT=] <<==>> [android.view.accessibility.AccessibilityNodeInfo@26950c; boundsInParent: Rect(0, 0 - 434, 43); boundsInScreen: Rect(136, 262 - 570, 305); packageName: com.pekall.emdm; className: android.widget.TextView; text: ; contentDescription: null; viewIdResName: com.pekall.emdm:id/market_item_name; checkable: false; checked: false; focusable: false; focused: false; selected: false; clickable: false; longClickable: false; enabled: true; password: false; scrollable: false; [ACTION_SELECT, ACTION_CLEAR_SELECTION, ACTION_ACCESSIBILITY_FOCUS, ACTION_NEXT_AT_MOVEMENT_GRANULARITY, ACTION_PREVIOUS_AT_MOVEMENT_GRANULARITY, ACTION_SET_SELECTION]]
07-14 12:44:15.205 D/dalvikvm( 8536): GC_CONCURRENT freed 421K, 78% free 631K/2856K, paused 0ms+1ms, total 7ms
07-14 12:44:15.354 D/dalvikvm( 8536): GC_CONCURRENT freed 380K, 78% free 635K/2856K, paused 2ms+1ms, total 8ms
07-14 12:44:15.385 I/QueryController( 8536): Matched selector: UiSelector[TEXT=] <<==>> [android.view.accessibility.AccessibilityNodeInfo@26950c; boundsInParent: Rect(0, 0 - 434, 43); boundsInScreen: Rect(136, 262 - 570, 305); packageName: com.pekall.emdm; className: android.widget.TextView; text: ; contentDescription: null; viewIdResName: com.pekall.emdm:id/market_item_name; checkable: false; checked: false; focusable: false; focused: false; selected: false; clickable: false; longClickable: false; enabled: true; password: false; scrollable: false; [ACTION_SELECT, ACTION_CLEAR_SELECTION, ACTION_ACCESSIBILITY_FOCUS, ACTION_NEXT_AT_MOVEMENT_GRANULARITY, ACTION_PREVIOUS_AT_MOVEMENT_GRANULARITY, ACTION_SET_SELECTION]]
07-14 12:44:15.487 D/dalvikvm( 8536): GC_CONCURRENT freed 386K, 78% free 633K/2856K, paused 1ms+0ms, total 7ms
07-14 12:44:15.619 D/dalvikvm( 8536): GC_CONCURRENT freed 420K, 78% free 654K/2856K, paused 0ms+2ms, total 9ms
07-14 12:44:15.619 I/QueryController( 8536): Matched selector: UiSelector[TEXT=] <<==>> [android.view.accessibility.AccessibilityNodeInfo@26950c; boundsInParent: Rect(0, 0 - 434, 43); boundsInScreen: Rect(136, 262 - 570, 305); packageName: com.pekall.emdm; className: android.widget.TextView; text: ; contentDescription: null; viewIdResName: com.pekall.emdm:id/market_item_name; checkable: false; checked: false; focusable: false; focused: false; selected: false; clickable: false; longClickable: false; enabled: true; password: false; scrollable: false; [ACTION_SELECT, ACTION_CLEAR_SELECTION, ACTION_ACCESSIBILITY_FOCUS, ACTION_NEXT_AT_MOVEMENT_GRANULARITY, ACTION_PREVIOUS_AT_MOVEMENT_GRANULARITY, ACTION_SET_SELECTION]]
07-14 12:44:15.752 D/dalvikvm( 8536): GC_CONCURRENT freed 415K, 78% free 634K/2856K, paused 1ms+1ms, total 7ms
07-14 12:44:15.846 I/QueryController( 8536): Matched selector: UiSelector[TEXT=] <<==>> [android.view.accessibility.AccessibilityNodeInfo@26950c; boundsInParent: Rect(0, 0 - 434, 43); boundsInScreen: Rect(136, 262 - 570, 305); packageName: com.pekall.emdm; className: android.widget.TextView; text: ; contentDescription: null; viewIdResName: com.pekall.emdm:id/market_item_name; checkable: false; checked: false; focusable: false; focused: false; selected: false; clickable: false; longClickable: false; enabled: true; password: false; scrollable: false; [ACTION_SELECT, ACTION_CLEAR_SELECTION, ACTION_ACCESSIBILITY_FOCUS, ACTION_NEXT_AT_MOVEMENT_GRANULARITY, ACTION_PREVIOUS_AT_MOVEMENT_GRANULARITY, ACTION_SET_SELECTION]]
07-14 12:44:15.877 D/dalvikvm( 8536): GC_CONCURRENT freed 389K, 78% free 630K/2856K, paused 1ms+1ms, total 7ms
07-14 12:44:16.018 D/dalvikvm( 8536): GC_CONCURRENT freed 378K, 78% free 635K/2856K, paused 2ms+1ms, total 9ms
07-14 12:44:16.073 I/QueryController( 8536): Matched selector: UiSelector[TEXT=] <<==>> [android.view.accessibility.AccessibilityNodeInfo@26950c; boundsInParent: Rect(0, 0 - 434, 43); boundsInScreen: Rect(136, 262 - 570, 305); packageName: com.pekall.emdm; className: android.widget.TextView; text: ; contentDescription: null; viewIdResName: com.pekall.emdm:id/market_item_name; checkable: false; checked: false; focusable: false; focused: false; selected: false; clickable: false; longClickable: false; enabled: true; password: false; scrollable: false; [ACTION_SELECT, ACTION_CLEAR_SELECTION, ACTION_ACCESSIBILITY_FOCUS, ACTION_NEXT_AT_MOVEMENT_GRANULARITY, ACTION_PREVIOUS_AT_MOVEMENT_GRANULARITY, ACTION_SET_SELECTION]]
07-14 12:44:16.151 D/dalvikvm( 8536): GC_CONCURRENT freed 386K, 78% free 633K/2856K, paused 2ms+1ms, total 8ms
07-14 12:44:16.315 D/dalvikvm( 8536): GC_CONCURRENT freed 378K, 78% free 639K/2856K, paused 2ms+1ms, total 8ms
07-14 12:44:16.346 I/QueryController( 8536): Matched selector: UiSelector[TEXT=] <<==>> [android.view.accessibility.AccessibilityNodeInfo@26950c; boundsInParent: Rect(0, 0 - 434, 43); boundsInScreen: Rect(136, 262 - 570, 305); packageName: com.pekall.emdm; className: android.widget.TextView; text: ; contentDescription: null; viewIdResName: com.pekall.emdm:id/market_item_name; checkable: false; checked: false; focusable: false; focused: false; selected: false; clickable: false; longClickable: false; enabled: true; password: false; scrollable: false; [ACTION_SELECT, ACTION_CLEAR_SELECTION, ACTION_ACCESSIBILITY_FOCUS, ACTION_NEXT_AT_MOVEMENT_GRANULARITY, ACTION_PREVIOUS_AT_MOVEMENT_GRANULARITY, ACTION_SET_SELECTION]]
07-14 12:44:16.448 D/dalvikvm( 8536): GC_CONCURRENT freed 386K, 78% free 637K/2856K, paused 2ms+1ms, total 8ms
07-14 12:44:16.580 D/dalvikvm( 8536): GC_CONCURRENT freed 377K, 78% free 643K/2856K, paused 1ms+0ms, total 7ms
07-14 12:44:16.580 I/QueryController( 8536): Matched selector: UiSelector[TEXT=] <<==>> [android.view.accessibility.AccessibilityNodeInfo@26950c; boundsInParent: Rect(0, 0 - 434, 43); boundsInScreen: Rect(136, 262 - 570, 305); packageName: com.pekall.emdm; className: android.widget.TextView; text: ; contentDescription: null; viewIdResName: com.pekall.emdm:id/market_item_name; checkable: false; checked: false; focusable: false; focused: false; selected: false; clickable: false; longClickable: false; enabled: true; password: false; scrollable: false; [ACTION_SELECT, ACTION_CLEAR_SELECTION, ACTION_ACCESSIBILITY_FOCUS, ACTION_NEXT_AT_MOVEMENT_GRANULARITY, ACTION_PREVIOUS_AT_MOVEMENT_GRANULARITY, ACTION_SET_SELECTION]]
07-14 12:44:16.713 D/dalvikvm( 8536): GC_CONCURRENT freed 386K, 78% free 641K/2856K, paused 1ms+0ms, total 8ms
07-14 12:44:16.815 I/QueryController( 8536): Matched selector: UiSelector[TEXT=] <<==>> [android.view.accessibility.AccessibilityNodeInfo@26950c; boundsInParent: Rect(0, 0 - 434, 43); boundsInScreen: Rect(136, 262 - 570, 305); packageName: com.pekall.emdm; className: android.widget.TextView; text: ; contentDescription: null; viewIdResName: com.pekall.emdm:id/market_item_name; checkable: false; checked: false; focusable: false; focused: false; selected: false; clickable: false; longClickable: false; enabled: true; password: false; scrollable: false; [ACTION_SELECT, ACTION_CLEAR_SELECTION, ACTION_ACCESSIBILITY_FOCUS, ACTION_NEXT_AT_MOVEMENT_GRANULARITY, ACTION_PREVIOUS_AT_MOVEMENT_GRANULARITY, ACTION_SET_SELECTION]]
07-14 12:44:16.846 D/dalvikvm( 8536): GC_CONCURRENT freed 386K, 78% free 639K/2856K, paused 2ms+1ms, total 8ms
07-14 12:44:16.971 D/dalvikvm( 8536): GC_CONCURRENT freed 378K, 78% free 645K/2856K, paused 2ms+1ms, total 8ms
07-14 12:44:17.002 I/PowerManagerService(  374): Going to sleep due to screen timeout...
07-14 12:44:17.010 I/PowerManagerService(  374): Waking up from sleep...
07-14 12:44:17.221 D/dalvikvm(  374): GC_FOR_ALLOC freed 507K, 28% free 20039K/27708K, paused 105ms, total 105ms
07-14 12:44:17.330 D/dalvikvm(  374): GC_FOR_ALLOC freed 762K, 30% free 19648K/27708K, paused 101ms, total 101ms
07-14 12:44:17.338 D/MdmApplication( 3494): [null:-1]->onActivityPaused market.activity.AppListActivity , mActivityCount = 2
07-14 12:44:17.338 D/MDM :   ( 3494): [null:-1]->query
07-14 12:44:17.338 D/MDM :   ( 3494): [null:-1]->QUERY_PINCODE_CHECK_RESULT
07-14 12:44:17.338 E/Mdm     ( 3494): Call Mdm service's setLastExitTime function
07-14 12:44:17.533 D/NfcService(  582): NFC-C OFF, disconnect
07-14 12:44:17.604 V/KeyguardHostView(  374): hide transport, gen:39
07-14 12:44:17.604 I/QueryController( 8536): Matched selector: UiSelector[TEXT=] <<==>> [android.view.accessibility.AccessibilityNodeInfo@26950c; boundsInParent: Rect(0, 0 - 434, 43); boundsInScreen: Rect(136, 262 - 570, 305); packageName: com.pekall.emdm; className: android.widget.TextView; text: ; contentDescription: null; viewIdResName: com.pekall.emdm:id/market_item_name; checkable: false; checked: false; focusable: false; focused: false; selected: false; clickable: false; longClickable: false; enabled: true; password: false; scrollable: false; [ACTION_SELECT, ACTION_CLEAR_SELECTION, ACTION_ACCESSIBILITY_FOCUS, ACTION_NEXT_AT_MOVEMENT_GRANULARITY, ACTION_PREVIOUS_AT_MOVEMENT_GRANULARITY, ACTION_SET_SELECTION]]
07-14 12:44:17.604 V/KeyguardHostView(  374): music state changed: 0
07-14 12:44:17.658 D/PhoneStatusBar(  450): disable: < expand icons alerts ticker system_info back home RECENT* clock search >
07-14 12:44:17.682 D/dalvikvm( 8536): GC_CONCURRENT freed 386K, 78% free 642K/2856K, paused 2ms+1ms, total 9ms
07-14 12:44:17.713 D/LightsService(  374): Excessive delay setting light: 69ms
07-14 12:44:17.721 V/TAG     (  374): bug 7643792: fitSystemWindows([0,50][0,0])
07-14 12:44:17.783 D/MDM :   ( 3494): [null:-1]->query
07-14 12:44:17.783 D/MDM :   ( 3494): [null:-1]->QUERY_SETTING_PIN_ONOFF
07-14 12:44:17.862 D/PhoneStatusBar(  450): disable: < expand icons alerts ticker system_info BACK* HOME* RECENT CLOCK* search >
07-14 12:44:17.908 W/QueryController( 8536): AccessibilityNodeInfo returned a null child (0 of 2)
07-14 12:44:17.908 W/QueryController( 8536): parent = android.view.accessibility.AccessibilityNodeInfo@26b314; boundsInParent: Rect(0, 0 - 257, 96); boundsInScreen: Rect(0, 50 - 257, 146); packageName: com.pekall.emdm; className: android.widget.LinearLayout; text: null; contentDescription: ; viewIdResName: null; checkable: false; checked: false; focusable: true; focused: false; selected: false; clickable: true; longClickable: false; enabled: true; password: false; scrollable: false; [ACTION_FOCUS, ACTION_SELECT, ACTION_CLEAR_SELECTION, ACTION_CLICK, ACTION_ACCESSIBILITY_FOCUS, ACTION_NEXT_AT_MOVEMENT_GRANULARITY, ACTION_PREVIOUS_AT_MOVEMENT_GRANULARITY, ACTION_SET_SELECTION]
07-14 12:44:17.908 W/QueryController( 8536): AccessibilityNodeInfo returned a null child (1 of 2)
07-14 12:44:17.963 D/LightsService(  374): Excessive delay setting light: 67ms
07-14 12:44:18.018 I/WindowManager(  374): Lock screen displayed!
07-14 12:44:18.166 D/LightsService(  374): Excessive delay setting light: 88ms
07-14 12:44:18.166 V/DigitalWidgetViewsFactory( 2502): DigitalWidget sets next alarm string to null
07-14 12:44:18.182 D/dalvikvm(  636): GC_FOR_ALLOC freed 986K, 11% free 12677K/14092K, paused 90ms, total 91ms
07-14 12:44:18.666 D/AndroidRuntime( 8612): 
07-14 12:44:18.666 D/AndroidRuntime( 8612): >>>>>> AndroidRuntime START com.android.internal.os.RuntimeInit <<<<<<
07-14 12:44:18.666 D/AndroidRuntime( 8612): CheckJNI is OFF
07-14 12:44:18.682 D/dalvikvm( 8612): Trying to load lib libjavacore.so 0x0
07-14 12:44:18.690 D/dalvikvm( 8612): Added shared lib libjavacore.so 0x0
07-14 12:44:18.705 D/dalvikvm( 8612): Trying to load lib libnativehelper.so 0x0
07-14 12:44:18.705 D/dalvikvm( 8612): Added shared lib libnativehelper.so 0x0
07-14 12:44:18.854 D/dalvikvm( 8536): GC_CONCURRENT freed 340K, 76% free 686K/2856K, paused 2ms+0ms, total 14ms
07-14 12:44:18.963 D/AndroidRuntime( 8612): Calling main entry com.qihoo360.powerctl.root.app.App
07-14 12:44:18.971 D/AndroidRuntime( 8612): Shutting down VM
07-14 12:44:18.971 D/dalvikvm( 8612): GC_CONCURRENT freed 114K, 22% free 467K/592K, paused 0ms+1ms, total 3ms
07-14 12:44:18.971 I/AndroidRuntime( 8612): NOTE: attach of thread 'Binder_1' failed
07-14 12:44:19.737 I/AndroidRuntime( 8536): VM exiting with result code 0.
07-14 12:44:29.869 D/LightsService(  374): Excessive delay setting light: 67ms
07-14 12:44:30.104 D/LightsService(  374): Excessive delay setting light: 65ms
07-14 12:44:31.573 W/MountService(  374): getVolumeState(/storage/emulated/0/external_sd): Unknown volume
07-14 12:44:31.573 W/MountService(  374): getVolumeState(/mnt/sdcard-ext): Unknown volume
07-14 12:44:31.573 W/MountService(  374): getVolumeState(/mnt/ext_sdcard): Unknown volume
07-14 12:44:31.580 W/MountService(  374): getVolumeState(/mnt/sdcard2): Unknown volume
07-14 12:44:31.580 W/MountService(  374): getVolumeState(/mnt/emmc): Unknown volume
07-14 12:44:31.580 W/MountService(  374): getVolumeState(/mnt/extSdCard): Unknown volume
07-14 12:44:31.580 W/MountService(  374): getVolumeState(/mnt/sdcard/SD_CARD): Unknown volume
07-14 12:44:31.580 W/MountService(  374): getVolumeState(/mnt/sdcard/extra_sd): Unknown volume
07-14 12:44:31.580 W/MountService(  374): getVolumeState(/mnt/extrasd_bind): Unknown volume
07-14 12:44:31.588 W/MountService(  374): getVolumeState(/mnt/sdcard/ext_sd): Unknown volume
07-14 12:44:31.588 W/MountService(  374): getVolumeState(/storage/extSdCard): Unknown volume
07-14 12:44:31.588 W/MountService(  374): getVolumeState(/storage/sdcard1): Unknown volume
07-14 12:44:31.588 W/MountService(  374): getVolumeState(/mnt/sdcard/external_SD): Unknown volume
07-14 12:44:31.588 W/MountService(  374): getVolumeState(/mnt/sdcard/external_sd): Unknown volume
07-14 12:44:31.635 D/dalvikvm( 6152): GC_CONCURRENT freed 413K, 7% free 9411K/10072K, paused 4ms+7ms, total 42ms
07-14 12:44:31.635 D/dalvikvm( 6152): WAIT_FOR_CONCURRENT_GC blocked 3ms
07-14 12:44:31.791 D/dalvikvm( 6412): GC_EXPLICIT freed 257K, 4% free 9195K/9492K, paused 2ms+5ms, total 31ms
07-14 12:44:31.854 W/MountService(  374): getVolumeState(/storage/emulated/0/external_sd): Unknown volume
07-14 12:44:31.854 W/MountService(  374): getVolumeState(/mnt/sdcard-ext): Unknown volume
07-14 12:44:31.854 W/MountService(  374): getVolumeState(/mnt/ext_sdcard): Unknown volume
07-14 12:44:31.854 W/MountService(  374): getVolumeState(/mnt/sdcard2): Unknown volume
07-14 12:44:31.862 W/MountService(  374): getVolumeState(/mnt/emmc): Unknown volume
07-14 12:44:31.862 W/MountService(  374): getVolumeState(/mnt/extSdCard): Unknown volume
07-14 12:44:31.862 W/MountService(  374): getVolumeState(/mnt/sdcard/SD_CARD): Unknown volume
07-14 12:44:31.862 W/MountService(  374): getVolumeState(/mnt/sdcard/extra_sd): Unknown volume
07-14 12:44:31.862 W/MountService(  374): getVolumeState(/mnt/extrasd_bind): Unknown volume
07-14 12:44:31.862 W/MountService(  374): getVolumeState(/mnt/sdcard/ext_sd): Unknown volume
07-14 12:44:31.862 W/MountService(  374): getVolumeState(/storage/extSdCard): Unknown volume
07-14 12:44:31.862 W/MountService(  374): getVolumeState(/storage/sdcard1): Unknown volume
07-14 12:44:31.862 W/MountService(  374): getVolumeState(/mnt/sdcard/external_SD): Unknown volume
07-14 12:44:31.862 W/MountService(  374): getVolumeState(/mnt/sdcard/external_sd): Unknown volume
07-14 12:44:31.885 D/dalvikvm( 6152): GC_CONCURRENT freed 520K, 7% free 9399K/10072K, paused 2ms+3ms, total 39ms
07-14 12:44:31.885 D/dalvikvm( 6152): WAIT_FOR_CONCURRENT_GC blocked 14ms
07-14 12:44:31.885 D/dalvikvm( 6152): WAIT_FOR_CONCURRENT_GC blocked 15ms
07-14 12:44:32.658 I/PowerManagerService(  374): Going to sleep due to screen timeout...
07-14 12:44:33.479 D/SurfaceFlinger(  124): Screen released, type=0 flinger=0x41e1a478
07-14 12:44:33.666 V/KeyguardHostView(  374): hide transport, gen:39
07-14 12:44:33.666 V/KeyguardHostView(  374): music state changed: 0
07-14 12:44:33.682 D/MDM :   ( 3494): [null:-1]->query
07-14 12:44:33.682 D/MDM :   ( 3494): [null:-1]->QUERY_SETTING_PIN_ONOFF
07-14 12:44:36.768 D/MDM :   ( 3494): [null:-1]->MSG_WEBSOCKET_MESSAGE : {"id":2110558790,"type":0,"command":0,"result":0,"reason":0,"params":{"msgId":"2ec835eb-5f2f-4127-a56d-e61de2631f27,2ec835eb5f2f4127a56de61de2631f27","device":"ffffffffc539bb10fffffffff7aea961","message":"{\"cmd\":\"10119\"}"}}
07-14 12:44:36.783 D/MdmService( 3494): [null:-1]->push message type :0
07-14 12:44:36.783 D/MdmService( 3494): [null:-1]->cmdMessage : {"cmd":"10119"}
07-14 12:44:36.783 D/MdmService( 3494): [null:-1]->command : PushCommandMsg{cmd='10119', msg='null'}
07-14 12:44:36.783 D/MDM :   ( 3494): [null:-1]->PUSH CMD: 10119
07-14 12:44:36.791 D/MdmStatusManager( 3494): [null:-1]->change status to : Busy
07-14 12:44:36.791 D/DB      ( 3494): query: SQLiteQuery: SELECT content, command_status, status FROM command WHERE status!=2
07-14 12:44:36.791 D/DB      ( 3494): factory null
07-14 12:44:36.791 D/DB      ( 3494): fillWindow: 0
07-14 12:44:36.799 D/DB      ( 3494): cursor 0
07-14 12:44:36.799 D/DB      ( 3494): moveToPos: 0
07-14 12:44:36.799 I/TransInfo( 3494): TransInfo created, id: 3, class: class com.pekall.emdm.transaction.b.c
07-14 12:44:36.799 D/NetworkThread( 3494): [null:-1]->----isRunning-----true
07-14 12:44:36.799 D/NetworkThread( 3494): [null:-1]->----isRunning-----true
07-14 12:44:36.799 D/NetworkThread( 3494): [null:-1]->thread wakeup
07-14 12:44:36.799 D/HttpClient( 3494): enable apache.http debug
07-14 12:44:36.807 V/DEBUG   ( 3494): HTTP 0
07-14 12:44:37.604 V/DEBUG   ( 3494): HTTP 1
07-14 12:44:37.612 D/MDM :   ( 3494): [null:-1]->read network input stream
07-14 12:44:37.627 D/CheckInTransInfo( 3494): [null:-1]->CommandMsg : CommandMsg{CommandUUID='8a80888e4732aed50147332f0353073e', Command=CommandRemoveApp{Identifier='hugh.android.app.zidian', fromMarket=true}}
07-14 12:44:37.627 D/DB      ( 3494): query: SQLiteQuery: SELECT * FROM command WHERE cmd_uuid='8a80888e4732aed50147332f0353073e'
07-14 12:44:37.627 D/DB      ( 3494): factory null
07-14 12:44:37.627 D/DB      ( 3494): fillWindow: 0
07-14 12:44:37.627 D/DB      ( 3494): cursor 0
07-14 12:44:37.666 D/NetworkThread( 3494): [null:-1]->queue is empty, thread wait...
07-14 12:44:37.729 D/dalvikvm( 3494): GC_CONCURRENT freed 4163K, 21% free 20676K/26168K, paused 4ms+13ms, total 117ms
07-14 12:44:37.768 D/MdmService( 3494): [null:-1]->handleCheckInResult
07-14 12:44:37.768 D/MdmService( 3494): [null:-1]->handleCheckInResult result keyIndex: 3
07-14 12:44:37.768 D/CommandManager( 3494): [null:-1]->execute command: CommandMsg{CommandUUID='8a80888e4732aed50147332f0353073e', Command=CommandRemoveApp{Identifier='hugh.android.app.zidian', fromMarket=true}}
07-14 12:44:37.768 D/TEST_ALL( 3494): [null:-1]->REQ_TYPE_RM_APP
07-14 12:44:37.823 I/ActivityManager(  374): START u0 {act=android.intent.action.DELETE dat=package:hugh.android.app.zidian flg=0x10000000 cmp=com.android.packageinstaller/.UninstallerActivity} from pid 3494
07-14 12:44:37.877 D/DB      ( 3494): query: SQLiteQuery: SELECT * FROM app WHERE readStatus =0
07-14 12:44:37.877 D/DB      ( 3494): factory null
07-14 12:44:37.877 D/DB      ( 3494): fillWindow: 0
07-14 12:44:37.877 D/DB      ( 3494): cursor 0
07-14 12:44:37.877 E/Mdm     ( 3494): Call Mdm service's recordIconCount function
07-14 12:44:37.877 D/DB      ( 3494): query: SQLiteQuery: SELECT * FROM app WHERE type = 51107
07-14 12:44:37.877 D/DB      ( 3494): factory null
07-14 12:44:37.877 D/DB      ( 3494): fillWindow: 0
07-14 12:44:37.877 D/DB      ( 3494): cursor 0
07-14 12:44:37.979 I/TransInfo( 3494): TransInfo created, id: 3, class: class com.pekall.emdm.transaction.b.c
07-14 12:44:37.979 D/NetworkThread( 3494): [null:-1]->----isRunning-----true
07-14 12:44:37.979 D/NetworkThread( 3494): [null:-1]->----isRunning-----true
07-14 12:44:37.979 D/NetworkThread( 3494): [null:-1]->thread wakeup
07-14 12:44:37.987 D/HttpClient( 3494): enable apache.http debug
07-14 12:44:37.994 V/DEBUG   ( 3494): HTTP 0
07-14 12:44:38.033 I/ActivityManager(  374): Displayed com.android.packageinstaller/.UninstallerActivity: +210ms
07-14 12:44:38.823 V/DEBUG   ( 3494): HTTP 1
07-14 12:44:38.830 D/MDM :   ( 3494): [null:-1]->read network input stream
07-14 12:44:38.854 D/MdmDatabaseHelper( 3494): [null:-1]->update command 8a80888e4732aed50147332f0353073e to status executed
07-14 12:44:38.885 D/CheckInTransInfo( 3494): [null:-1]->CommandMsg : CommandMsg{CommandUUID='8a80888e4732aed50147332fcb5e0744', Command=CommandRemoveDocument{DocumentType='Normal', DocumentUUID='8a80888c46c806620146c86ea7f40589'} CommandObject{RequestType='RemoveDocument'}}
07-14 12:44:38.885 D/DB      ( 3494): query: SQLiteQuery: SELECT * FROM command WHERE cmd_uuid='8a80888e4732aed50147332fcb5e0744'
07-14 12:44:38.885 D/DB      ( 3494): factory null
07-14 12:44:38.885 D/DB      ( 3494): fillWindow: 0
07-14 12:44:38.885 D/DB      ( 3494): cursor 0
07-14 12:44:38.916 D/NetworkThread( 3494): [null:-1]->queue is empty, thread wait...
07-14 12:44:39.018 D/MdmService( 3494): [null:-1]->handleCheckInResult
07-14 12:44:39.018 D/MdmService( 3494): [null:-1]->handleCheckInResult result keyIndex: 3
07-14 12:44:39.018 D/CommandManager( 3494): [null:-1]->execute command: CommandMsg{CommandUUID='8a80888e4732aed50147332fcb5e0744', Command=CommandRemoveDocument{DocumentType='Normal', DocumentUUID='8a80888c46c806620146c86ea7f40589'} CommandObject{RequestType='RemoveDocument'}}
07-14 12:44:39.018 D/DownLoadDocService( 3494): [null:-1]->action is  com.pekall.emdm.action.DELETEDOC
07-14 12:44:39.026 D/DB      ( 3494): query: SQLiteQuery: SELECT _id, name, display_name, description, version, extension, mime_type, size, created_date, modified_date, accessed_date, valid_date, encrypted, read, allow_unauthorized, reported, server_url, auto_sync, is_favorite, is_locked, is_visible, is_deleted, sort, source, storage_key, path FROM contents WHERE (server_url='8a80888c46c806620146c86ea7f40589')
07-14 12:44:39.026 D/DB      ( 3494): factory null
07-14 12:44:39.026 D/DB      ( 3494): fillWindow: 0
07-14 12:44:39.026 D/DB      ( 3494): cursor 0
07-14 12:44:39.073 D/DB      ( 3494): query: SQLiteQuery: SELECT * FROM doc WHERE browseStatus = 0 AND type = 'Normal'
07-14 12:44:39.073 D/DB      ( 3494): factory null
07-14 12:44:39.073 D/DB      ( 3494): fillWindow: 0
07-14 12:44:39.073 D/DB      ( 3494): cursor 0
07-14 12:44:39.073 E/Mdm     ( 3494): Call Mdm service's recordIconCount function
07-14 12:44:39.073 I/TransInfo( 3494): TransInfo created, id: 3, class: class com.pekall.emdm.transaction.b.c
07-14 12:44:39.073 D/NetworkThread( 3494): [null:-1]->----isRunning-----true
07-14 12:44:39.073 D/NetworkThread( 3494): [null:-1]->----isRunning-----true
07-14 12:44:39.073 D/NetworkThread( 3494): [null:-1]->thread wakeup
07-14 12:44:39.080 D/HttpClient( 3494): enable apache.http debug
07-14 12:44:39.088 V/DEBUG   ( 3494): HTTP 0
07-14 12:44:40.057 V/DEBUG   ( 3494): HTTP 1
07-14 12:44:40.065 D/MdmDatabaseHelper( 3494): [null:-1]->update command 8a80888e4732aed50147332fcb5e0744 to status executed
07-14 12:44:40.096 D/NetworkThread( 3494): [null:-1]->queue is empty, thread wait...
07-14 12:44:40.166 D/MdmService( 3494): [null:-1]->handleCheckInResult
07-14 12:44:40.166 D/MdmService( 3494): [null:-1]->handleCheckInResult result keyIndex: 3
07-14 12:44:40.166 D/HandleCommandTask( 3494): [null:-1]->execute command msg but beanBase is null
07-14 12:44:40.174 D/MdmStatusManager( 3494): [null:-1]->change status to : Idle
07-14 12:44:45.752 D/GCM     (  624): Ignoring attempt to send heartbeat on dead connection.
07-14 12:44:47.494 D/AndroidRuntime( 8643): 
07-14 12:44:47.494 D/AndroidRuntime( 8643): >>>>>> AndroidRuntime START com.android.internal.os.RuntimeInit <<<<<<
07-14 12:44:47.494 D/AndroidRuntime( 8643): CheckJNI is OFF
07-14 12:44:47.510 D/dalvikvm( 8643): Trying to load lib libjavacore.so 0x0
07-14 12:44:47.518 D/dalvikvm( 8643): Added shared lib libjavacore.so 0x0
07-14 12:44:47.533 D/dalvikvm( 8643): Trying to load lib libnativehelper.so 0x0
07-14 12:44:47.533 D/dalvikvm( 8643): Added shared lib libnativehelper.so 0x0
07-14 12:44:47.783 D/AndroidRuntime( 8643): Calling main entry com.android.commands.uiautomator.Launcher
07-14 12:44:47.815 E/UiDevice( 8643): Exceuting watcher: ANRWatcher
07-14 12:44:47.815 E/UiDevice( 8643): java.lang.RuntimeException: UiDevice not initialized
07-14 12:44:47.815 E/UiDevice( 8643): 	at com.android.uiautomator.core.UiDevice.getAutomatorBridge(UiDevice.java:87)
07-14 12:44:47.815 E/UiDevice( 8643): 	at com.android.uiautomator.core.UiDevice.wakeUp(UiDevice.java:719)
07-14 12:44:47.815 E/UiDevice( 8643): 	at com.pekall.test.mdmui.util.UiANRWatcher.checkForCondition(UiANRWatcher.java:23)
07-14 12:44:47.815 E/UiDevice( 8643): 	at com.android.uiautomator.core.UiDevice.runWatchers(UiDevice.java:554)
07-14 12:44:47.815 E/UiDevice( 8643): 	at com.pekall.test.mdmui.util.UiANRWatcher.run(UiANRWatcher.java:41)
07-14 12:44:47.815 E/UiDevice( 8643): 	at com.pekall.test.mdmui.Document.<clinit>(Document.java:25)
07-14 12:44:47.815 E/UiDevice( 8643): 	at java.lang.Class.newInstanceImpl(Native Method)
07-14 12:44:47.815 E/UiDevice( 8643): 	at java.lang.Class.newInstance(Class.java:1130)
07-14 12:44:47.815 E/UiDevice( 8643): 	at com.android.uiautomator.testrunner.TestCaseCollector.addSingleTestMethod(TestCaseCollector.java:110)
07-14 12:44:47.815 E/UiDevice( 8643): 	at com.android.uiautomator.testrunner.TestCaseCollector.addTestClass(TestCaseCollector.java:86)
07-14 12:44:47.815 E/UiDevice( 8643): 	at com.android.uiautomator.testrunner.TestCaseCollector.addTestClass(TestCaseCollector.java:72)
07-14 12:44:47.815 E/UiDevice( 8643): 	at com.android.uiautomator.testrunner.TestCaseCollector.addTestClasses(TestCaseCollector.java:53)
07-14 12:44:47.815 E/UiDevice( 8643): 	at com.android.uiautomator.testrunner.UiAutomatorTestRunner.start(UiAutomatorTestRunner.java:106)
07-14 12:44:47.815 E/UiDevice( 8643): 	at com.android.uiautomator.testrunner.UiAutomatorTestRunner.run(UiAutomatorTestRunner.java:96)
07-14 12:44:47.815 E/UiDevice( 8643): 	at com.android.commands.uiautomator.RunTestCommand.run(RunTestCommand.java:91)
07-14 12:44:47.815 E/UiDevice( 8643): 	at com.android.commands.uiautomator.Launcher.main(Launcher.java:83)
07-14 12:44:47.815 E/UiDevice( 8643): 	at com.android.internal.os.RuntimeInit.nativeFinishInit(Native Method)
07-14 12:44:47.815 E/UiDevice( 8643): 	at com.android.internal.os.RuntimeInit.main(RuntimeInit.java:235)
07-14 12:44:47.815 E/UiDevice( 8643): 	at dalvik.system.NativeStart.main(Native Method)
07-14 12:44:47.830 D/dalvikvm( 8643): Note: class Landroid/app/ActivityManagerNative; has 163 unimplemented (abstract) methods
07-14 12:44:47.885 I/PowerManagerService(  374): Waking up from sleep...
07-14 12:44:47.924 I/WindowManager(  374): Lock screen displayed!
07-14 12:44:48.166 D/dalvikvm( 2019): GC_FOR_ALLOC freed 318K, 7% free 9927K/10588K, paused 21ms, total 21ms
07-14 12:44:48.198 V/DigitalWidgetViewsFactory( 2502): DigitalWidget sets next alarm string to null
07-14 12:44:48.244 D/PowerManagerService-JNI(  374): Excessive delay in autosuspend_disable() while turning screen on: 348ms
07-14 12:44:48.244 D/SurfaceFlinger(  124): Screen acquired, type=0 flinger=0x41e1a478
07-14 12:44:48.494 D/SurfaceControl(  374): Excessive delay in unblankDisplay() while turning screen on: 254ms
07-14 12:44:48.619 D/AndroidRuntime( 8661): 
07-14 12:44:48.619 D/AndroidRuntime( 8661): >>>>>> AndroidRuntime START com.android.internal.os.RuntimeInit <<<<<<
07-14 12:44:48.619 D/AndroidRuntime( 8661): CheckJNI is OFF
07-14 12:44:48.627 D/dalvikvm( 8661): Trying to load lib libjavacore.so 0x0
07-14 12:44:48.635 D/dalvikvm( 8661): Added shared lib libjavacore.so 0x0
07-14 12:44:48.651 D/dalvikvm( 8661): Trying to load lib libnativehelper.so 0x0
07-14 12:44:48.651 D/dalvikvm( 8661): Added shared lib libnativehelper.so 0x0
07-14 12:44:48.721 D/dalvikvm(  374): GC_CONCURRENT freed 2952K, 31% free 19263K/27708K, paused 22ms+22ms, total 308ms
07-14 12:44:48.908 D/AndroidRuntime( 8661): Calling main entry com.qihoo360.powerctl.root.app.App
07-14 12:44:48.908 D/AndroidRuntime( 8661): Shutting down VM
07-14 12:44:48.916 D/dalvikvm( 8661): GC_CONCURRENT freed 114K, 22% free 467K/592K, paused 0ms+0ms, total 4ms
07-14 12:44:48.916 I/AndroidRuntime( 8661): NOTE: attach of thread 'Binder_1' failed
07-14 12:44:48.9