07-14 12:43:06.346 D/DB      ( 3494): onMove: 0
07-14 12:43:06.354 I/TransInfo( 3494): TransInfo created, id: 3, class: class com.pekall.emdm.transaction.b.c
07-14 12:43:06.354 D/NetworkThread( 3494): [null:-1]->----isRunning-----true
07-14 12:43:06.354 D/NetworkThread( 3494): [null:-1]->----isRunning-----true
07-14 12:43:06.354 D/NetworkThread( 3494): [null:-1]->thread wakeup
07-14 12:43:06.362 D/HttpClient( 3494): enable apache.http debug
07-14 12:43:06.369 V/DEBUG   ( 3494): HTTP 0
07-14 12:43:06.393 D/DB      ( 3494): query: SQLiteQuery: SELECT * FROM doc WHERE browseStatus = 0 AND type = 'Normal'
07-14 12:43:06.393 D/DB      ( 3494): factory null
07-14 12:43:06.393 D/DB      ( 3494): fillWindow: 0
07-14 12:43:06.401 D/DB      ( 3494): cursor 1
07-14 12:43:06.401 D/DB      ( 3494): query: SQLiteQuery: SELECT * FROM doc WHERE browseStatus = 0 AND type = 'Normal'
07-14 12:43:06.401 D/DB      ( 3494): factory null
07-14 12:43:06.401 D/DB      ( 3494): fillWindow: 0
07-14 12:43:06.401 D/DB      ( 3494): cursor 1
07-14 12:43:06.401 E/Mdm     ( 3494): Call Mdm service's recordIconCount function
07-14 12:43:06.674 E/DocDownLoaderManager( 3494): read buffer is -1 , download done
07-14 12:43:06.674 E/DB      ( 3494): bind, index: 1, value: 8a80888c46c806620146c8708ff90596
07-14 12:43:06.674 E/DB      ( 3494): bind, index: 2, value: Contact
07-14 12:43:06.674 D/DB      ( 3494): query: SQLiteQuery: SELECT * FROM doc WHERE uuid=? AND type=?
07-14 12:43:06.674 D/DB      ( 3494): factory null
07-14 12:43:06.674 D/DB      ( 3494): fillWindow: 0
07-14 12:43:06.682 D/DB      ( 3494): cursor 1
07-14 12:43:06.682 D/DB      ( 3494): moveToPos: 0
07-14 12:43:06.682 D/DB      ( 3494): onMove: 0
07-14 12:43:06.713 D/DB      ( 3494): query: SQLiteQuery: SELECT * FROM doc WHERE browseStatus = 0 AND type = 'Normal'
07-14 12:43:06.713 D/DB      ( 3494): factory null
07-14 12:43:06.713 D/DB      ( 3494): fillWindow: 0
07-14 12:43:06.713 D/DB      ( 3494): cursor 1
07-14 12:43:06.713 D/DB      ( 3494): query: SQLiteQuery: SELECT * FROM doc WHERE browseStatus = 0 AND type = 'Normal'
07-14 12:43:06.713 D/DB      ( 3494): factory null
07-14 12:43:06.713 D/DB      ( 3494): fillWindow: 0
07-14 12:43:06.713 D/DB      ( 3494): cursor 1
07-14 12:43:06.713 E/Mdm     ( 3494): Call Mdm service's recordIconCount function
07-14 12:43:06.713 D/MONITOR ( 3494): |_UUID -------> 8a80888c46c806620146c8708ff90596
07-14 12:43:06.713 D/ContactsProvider( 3494): [Contacts] query 'content://emdmcontacts/contacts', segment size: 1
07-14 12:43:06.713 D/ContactsProvider( 3494): [Contacts] query 'content://emdmcontacts/company_calllogs', segment size: 1
07-14 12:43:06.721 D/MAINTAIN( 3494): ============== Delete form insertCsv ==============
07-14 12:43:06.721 D/MONITOR ( 3494): |_OPEN FILE DONE
07-14 12:43:06.721 D/MONITOR ( 3494): |   |_ BUILD NEW FILE(1)
07-14 12:43:06.721 D/MONITOR ( 3494): |   |_ BUILD NEW FILE(2)
07-14 12:43:06.721 D/MONITOR ( 3494): |   |_ BUILD NEW FILE(3)
07-14 12:43:06.721 D/MONITOR ( 3494): |   |_ BUILD NEW FILE(4 --> OK)
07-14 12:43:06.721 D/MONITOR ( 3494): |_CHECK VERSION BEGIN
07-14 12:43:06.721 D/NEWCSVTEST( 3494):  [CHECKVERSION] 
07-14 12:43:06.721 D/NEWCSVTEST( 3494):   coulmnFirst -->530
07-14 12:43:06.721 D/NEWCSVTEST( 3494): coulmnSecond -->530
07-14 12:43:06.721 D/NEWCSVTEST( 3494): coulmnThrid -->530
07-14 12:43:06.721 D/NEWCSVTEST( 3494): coulmnFourth -->530
07-14 12:43:06.721 D/NEWCSVTEST( 3494): coulmnFiveth -->530
07-14 12:43:06.721 D/MONITOR ( 3494): |   |_READ NEXT
07-14 12:43:06.721 D/MONITOR ( 3494): |       |_GET NEXT LINE
07-14 12:43:06.721 D/MONITOR ( 3494): |       |_PARSE LINE
07-14 12:43:06.721 D/MONITOR ( 3494): |_CHECK VERSION BEGIN tokens --> [Ljava.lang.String;@434f3a90
07-14 12:43:06.721 D/NEWCSVTEST( 3494): tokens[0] -->
07-14 12:43:06.721 D/NEWCSVTEST( 3494): tokens[1] -->
07-14 12:43:06.721 D/NEWCSVTEST( 3494): coulmnFirst -->530
07-14 12:43:06.721 D/NEWCSVTEST( 3494): coulmnSecond -->530
07-14 12:43:06.721 D/NEWCSVTEST( 3494): coulmnThrid -->0
07-14 12:43:06.721 D/NEWCSVTEST( 3494): coulmnFourth -->530
07-14 12:43:06.721 D/NEWCSVTEST( 3494): coulmnFiveth -->530
07-14 12:43:06.721 D/NEWCSVTEST( 3494): 0
07-14 12:43:06.721 D/NEWCSVTEST( 3494): coulmnFirst -->530
07-14 12:43:06.721 D/NEWCSVTEST( 3494): coulmnSecond -->530
07-14 12:43:06.721 D/NEWCSVTEST( 3494): coulmnThrid -->0
07-14 12:43:06.721 D/NEWCSVTEST( 3494): coulmnFourth -->1
07-14 12:43:06.721 D/NEWCSVTEST( 3494): coulmnFiveth -->530
07-14 12:43:06.721 D/NEWCSVTEST( 3494): 1
07-14 12:43:06.729 D/NEWCSVTEST( 3494): coulmnFirst -->530
07-14 12:43:06.729 D/NEWCSVTEST( 3494): coulmnSecond -->530
07-14 12:43:06.729 D/NEWCSVTEST( 3494): coulmnThrid -->0
07-14 12:43:06.729 D/NEWCSVTEST( 3494): coulmnFourth -->1
07-14 12:43:06.729 D/NEWCSVTEST( 3494): coulmnFiveth -->2
07-14 12:43:06.729 D/NEWCSVTEST( 3494): 2
07-14 12:43:06.729 D/NEWCSVTEST( 3494): coulmnFirst -->530
07-14 12:43:06.729 D/NEWCSVTEST( 3494): coulmnSecond -->3
07-14 12:43:06.729 D/NEWCSVTEST( 3494): coulmnThrid -->0
07-14 12:43:06.729 D/NEWCSVTEST( 3494): coulmnFourth -->1
07-14 12:43:06.729 D/NEWCSVTEST( 3494): coulmnFiveth -->2
07-14 12:43:06.729 D/NEWCSVTEST( 3494): 3
07-14 12:43:06.729 D/MONITOR ( 3494): |   |_THE 1.th CHECK VERSION
07-14 12:43:06.729 D/CsvFile ( 3494): Checking version: 1
07-14 12:43:06.729 D/MONITOR ( 3494): |   |_[ + 1] match title ''? false
07-14 12:43:06.729 D/CsvFile ( 3494): [ + 1] match title ''? false
07-14 12:43:06.729 D/MONITOR ( 3494): |   |_[ + 1] match title ''? false
07-14 12:43:06.729 D/CsvFile ( 3494): [ + 1] match title ''? false
07-14 12:43:06.729 D/MONITOR ( 3494): |   |_[ + 1] match title ''? false
07-14 12:43:06.729 D/CsvFile ( 3494): [ + 1] match title ''? false
07-14 12:43:06.729 D/MONITOR ( 3494): |   |_[ + 1] match title ''? false
07-14 12:43:06.729 D/CsvFile ( 3494): [ + 1] match title ''? false
07-14 12:43:06.729 D/MONITOR ( 3494): |   |_[ + 1] match title ''? false
07-14 12:43:06.729 D/CsvFile ( 3494): [ + 1] match title ''? false
07-14 12:43:06.729 D/MONITOR ( 3494): |   |_THE 2.th CHECK VERSION
07-14 12:43:06.729 D/CsvFile ( 3494): Checking version: 2
07-14 12:43:06.729 D/MONITOR ( 3494): |   |_[ + 1] match title ''? false
07-14 12:43:06.729 D/CsvFile ( 3494): [ + 1] match title ''? false
07-14 12:43:06.729 D/MONITOR ( 3494): |   |_[ + 1] match title ''? true
07-14 12:43:06.729 D/CsvFile ( 3494): [ + 1] match title ''? true
07-14 12:43:06.729 D/MONITOR ( 3494): |   |_[ + 1] match title ''? true
07-14 12:43:06.729 D/CsvFile ( 3494): [ + 1] match title ''? true
07-14 12:43:06.729 D/MONITOR ( 3494): |   |_[ + 1] match title ''? true
07-14 12:43:06.729 D/CsvFile ( 3494): [ + 1] match title ''? true
07-14 12:43:06.729 D/MONITOR ( 3494): |   |_[ + 1] match title ''? true
07-14 12:43:06.729 D/CsvFile ( 3494): [ + 1] match title ''? true
07-14 12:43:06.729 D/CsvFile ( 3494): Confirm csv file version: 2
07-14 12:43:06.729 D/MONITOR ( 3494): |_CHECK VERSION 2 =
07-14 12:43:06.729 D/MONITOR ( 3494): |   |_READ NEXT
07-14 12:43:06.729 D/MONITOR ( 3494): |       |_GET NEXT LINE
07-14 12:43:06.729 D/MONITOR ( 3494): |       |_PARSE LINE
07-14 12:43:06.737 D/MONITOR ( 3494): |_PARSEV2 READNEXT --> [Ljava.lang.String;@432e19c8
07-14 12:43:06.737 D/MONITOR ( 3494): |_CREATE A NEW LINE OF 'CsvContactLine'
07-14 12:43:06.737 D/MONITOR ( 3494): |_NAME = ggg
07-14 12:43:06.737 D/MONITOR ( 3494): |_DEPARTMENT = NULL
07-14 12:43:06.737 D/MONITOR ( 3494): |_EMAIL = zhansan@company.com
07-14 12:43:06.737 D/MONITOR ( 3494): |_MOBILE = 18980886890
07-14 12:43:06.737 D/MONITOR ( 3494): |_LANDLINE = 010-84130019
07-14 12:43:06.737 D/CsvFile ( 3494): [V2][ + 2] Add contact: contact={name 'ggg', department ', office address 'null', land line '010-84130019', mobile '18980886890', email 'zhansan@company.com', msn 'null'}
07-14 12:43:06.737 D/MONITOR ( 3494): |   |_READ NEXT
07-14 12:43:06.737 D/MONITOR ( 3494): |       |_GET NEXT LINE
07-14 12:43:06.737 D/MONITOR ( 3494): |       |_PARSE LINE
07-14 12:43:06.737 D/MONITOR ( 3494): |_PARSEV2 READNEXT --> [Ljava.lang.String;@4335c380
07-14 12:43:06.737 D/MONITOR ( 3494): |_CREATE A NEW LINE OF 'CsvContactLine'
07-14 12:43:06.737 D/MONITOR ( 3494): |_NAME = hhh
07-14 12:43:06.737 D/MONITOR ( 3494): |_DEPARTMENT = NULL
07-14 12:43:06.737 D/MONITOR ( 3494): |_EMAIL = zhansan@company.com
07-14 12:43:06.737 D/MONITOR ( 3494): |_MOBILE = 12345787545
07-14 12:43:06.737 D/MONITOR ( 3494): |_LANDLINE = 010-54545446
07-14 12:43:06.744 D/CsvFile ( 3494): [V2][ + 3] Add contact: contact={name 'hhh', department ', office address 'null', land line '010-54545446', mobile '12345787545', email 'zhansan@company.com', msn 'null'}
07-14 12:43:06.744 D/MONITOR ( 3494): |   |_READ NEXT
07-14 12:43:06.744 D/MONITOR ( 3494): |       |_GET NEXT LINE
07-14 12:43:06.744 D/MONITOR ( 3494): = Close File =
07-14 12:43:06.760 D/ContactsProvider( 3494): Insert new company , id: 4, uuid: 8a80888c46c806620146c8708ff90596
07-14 12:43:06.760 D/ContactsProvider( 3494): [Contacts] query 'content://emdmcontacts/contacts', segment size: 1
07-14 12:43:06.760 D/ContactsProvider( 3494): 18980886890++ggg++zhansan@company.com++010-84130019
07-14 12:43:06.760 D/ContactsProvider( 3494): Insert new contact 'ggg'
07-14 12:43:06.760 D/TEST_ALL( 3494): CONTACT_INSERT
07-14 12:43:06.783 D/ContactsProvider( 3494): 12345787545++hhh++zhansan@company.com++010-54545446
07-14 12:43:06.783 D/ContactsProvider( 3494): Insert new contact 'hhh'
07-14 12:43:06.783 D/TEST_ALL( 3494): CONTACT_INSERT
07-14 12:43:06.815 D/ContactsProvider( 3494): [Contacts] query 'content://emdmcontacts/contacts', segment size: 1
07-14 12:43:06.823 D/ContactsProvider( 3494): = Opened the file! =
07-14 12:43:06.862 D/ContactsProvider( 3494): [{"contactId":"8a80888c46c806620146c8708ff90596","status":"57604"}]
07-14 12:43:06.862 E/Mdm     ( 3494): Call Mdm service's upLoadDocStatus function, request id: 4
07-14 12:43:06.862 I/TransInfo( 3494): TransInfo created, id: 22, class: class com.pekall.emdm.transaction.b.r
07-14 12:43:06.862 D/NetworkThread( 3494): [null:-1]->----isRunning-----true
07-14 12:43:06.862 D/DB      ( 3494): query: SQLiteQuery: SELECT uuid, status FROM doc WHERE uploadStatus =0 AND type ='Normal'
07-14 12:43:06.862 D/DB      ( 3494): factory null
07-14 12:43:06.862 D/DB      ( 3494): fillWindow: 0
07-14 12:43:06.869 D/DB      ( 3494): cursor 2
07-14 12:43:06.869 D/DB      ( 3494): moveToPos: 0
07-14 12:43:06.869 D/DB      ( 3494): onMove: 0
07-14 12:43:06.869 D/DB      ( 3494): moveToPos: 1
07-14 12:43:06.869 D/DB      ( 3494): onMove: 1
07-14 12:43:06.869 D/DB      ( 3494): moveToPos: 2
07-14 12:43:06.877 I/AudioService(  374):  AudioFocus  requestAudioFocus() from android.media.AudioManager@42a918f0
07-14 12:43:06.877 V/KeyguardHostView(  374): hide transport, gen:38
07-14 12:43:07.510 V/DEBUG   ( 3494): HTTP 1
07-14 12:43:07.518 D/MdmDatabaseHelper( 3494): [null:-1]->update command 8a80888e4732aed50147332e67710738 to status executed
07-14 12:43:07.549 D/HttpClient( 3494): enable apache.http debug
07-14 12:43:07.549 V/DEBUG   ( 3494): HTTP 0
07-14 12:43:07.612 D/MdmService( 3494): [null:-1]->handleCheckInResult
07-14 12:43:07.612 D/MdmService( 3494): [null:-1]->handleCheckInResult result keyIndex: 3
07-14 12:43:07.612 D/HandleCommandTask( 3494): [null:-1]->execute command msg but beanBase is null
07-14 12:43:07.619 D/MdmStatusManager( 3494): [null:-1]->change status to : Idle
07-14 12:43:07.830 V/DEBUG   ( 3494): HTTP 1
07-14 12:43:07.838 D/NetworkThread( 3494): [null:-1]->queue is empty, thread wait...
07-14 12:43:07.940 D/MDM :   ( 3494): [null:-1]->Got trans result.
07-14 12:43:07.940 D/MDM :   ( 3494): [null:-1]->Trigger client's callback, request id: 4
07-14 12:43:07.940 D/Mdm     ( 3494): Receive trans result, request id: 4
07-14 12:43:07.940 V/Assistant( 3494): Got response from server.
07-14 12:43:07.940 D/ContactsProvider( 3494): RESULT_DONE
07-14 12:43:08.018 I/AudioService(  374):  AudioFocus  abandonAudioFocus() from android.media.AudioManager@42a918f0
07-14 12:43:08.018 V/KeyguardHostView(  374): hide transport, gen:39
07-14 12:43:16.026 D/AndroidRuntime( 8460): 
07-14 12:43:16.026 D/AndroidRuntime( 8460): >>>>>> AndroidRuntime START com.android.internal.os.RuntimeInit <<<<<<
07-14 12:43:16.026 D/AndroidRuntime( 8460): CheckJNI is OFF
07-14 12:43:16.041 D/dalvikvm( 8460): Trying to load lib libjavacore.so 0x0
07-14 12:43:16.049 D/dalvikvm( 8460): Added shared lib libjavacore.so 0x0
07-14 12:43:16.065 D/dalvikvm( 8460): Trying to load lib libnativehelper.so 0x0
07-14 12:43:16.065 D/dalvikvm( 8460): Added shared lib libnativehelper.so 0x0
07-14 12:43:16.283 D/AndroidRuntime( 8460): Calling main entry com.android.commands.uiautomator.Launcher
07-14 12:43:16.323 E/UiDevice( 8460): Exceuting watcher: ANRWatcher
07-14 12:43:16.323 E/UiDevice( 8460): java.lang.RuntimeException: UiDevice not initialized
07-14 12:43:16.323 E/UiDevice( 8460): 	at com.android.uiautomator.core.UiDevice.getAutomatorBridge(UiDevice.java:87)
07-14 12:43:16.323 E/UiDevice( 8460): 	at com.android.uiautomator.core.UiDevice.wakeUp(UiDevice.java:719)
07-14 12:43:16.323 E/UiDevice( 8460): 	at com.pekall.test.mdmui.util.UiANRWatcher.checkForCondition(UiANRWatcher.java:23)
07-14 12:43:16.323 E/UiDevice( 8460): 	at com.android.uiautomator.core.UiDevice.runWatchers(UiDevice.java:554)
07-14 12:43:16.323 E/UiDevice( 8460): 	at com.pekall.test.mdmui.util.UiANRWatcher.run(UiANRWatcher.java:41)
07-14 12:43:16.323 E/UiDevice( 8460): 	at com.pekall.test.mdmui.Contacts.<clinit>(Contacts.java:21)
07-14 12:43:16.323 E/UiDevice( 8460): 	at java.lang.Class.newInstanceImpl(Native Method)
07-14 12:43:16.323 E/UiDevice( 8460): 	at java.lang.Class.newInstance(Class.java:1130)
07-14 12:43:16.323 E/UiDevice( 8460): 	at com.android.uiautomator.testrunner.TestCaseCollector.addSingleTestMethod(TestCaseCollector.java:110)
07-14 12:43:16.323 E/UiDevice( 8460): 	at com.android.uiautomator.testrunner.TestCaseCollector.addTestClass(TestCaseCollector.java:86)
07-14 12:43:16.323 E/UiDevice( 8460): 	at com.android.uiautomator.testrunner.TestCaseCollector.addTestClass(TestCaseCollector.java:72)
07-14 12:43:16.323 E/UiDevice( 8460): 	at com.android.uiautomator.testrunner.TestCaseCollector.addTestClasses(TestCaseCollector.java:53)
07-14 12:43:16.323 E/UiDevice( 8460): 	at com.android.uiautomator.testrunner.UiAutomatorTestRunner.start(UiAutomatorTestRunner.java:106)
07-14 12:43:16.323 E/UiDevice( 8460): 	at com.android.uiautomator.testrunner.UiAutomatorTestRunner.run(UiAutomatorTestRunner.java:96)
07-14 12:43:16.323 E/UiDevice( 8460): 	at com.android.commands.uiautomator.RunTestCommand.run(RunTestCommand.java:91)
07-14 12:43:16.323 E/UiDevice( 8460): 	at com.android.commands.uiautomator.Launcher.main(Launcher.java:83)
07-14 12:43:16.323 E/UiDevice( 8460): 	at com.android.internal.os.RuntimeInit.nativeFinishInit(Native Method)
07-14 12:43:16.323 E/UiDevice( 8460): 	at com.android.internal.os.RuntimeInit.main(RuntimeInit.java:235)
07-14 12:43:16.323 E/UiDevice( 8460): 	at dalvik.system.NativeStart.main(Native Method)
07-14 12:43:16.338 D/dalvikvm( 8460): Note: class Landroid/app/ActivityManagerNative; has 163 unimplemented (abstract) methods
07-14 12:43:16.393 I/PowerManagerService(  374): Waking up from sleep...
07-14 12:43:16.432 I/WindowManager(  374): Lock screen displayed!
07-14 12:43:16.674 V/DigitalWidgetViewsFactory( 2502): DigitalWidget sets next alarm string to null
07-14 12:43:16.783 D/PowerManagerService-JNI(  374): Excessive delay in autosuspend_disable() while turning screen on: 387ms
07-14 12:43:16.783 D/SurfaceFlinger(  124): Screen acquired, type=0 flinger=0x41e1a478
07-14 12:43:16.807 D/dalvikvm(  636): GC_FOR_ALLOC freed 1090K, 10% free 12683K/14092K, paused 187ms, total 188ms
07-14 12:43:16.877 D/LightsService(  374): Excessive delay setting light: 90ms
07-14 12:43:17.104 D/AndroidRuntime( 8478): 
07-14 12:43:17.104 D/AndroidRuntime( 8478): >>>>>> AndroidRuntime START com.android.internal.os.RuntimeInit <<<<<<
07-14 12:43:17.104 D/AndroidRuntime( 8478): CheckJNI is OFF
07-14 12:43:17.119 D/dalvikvm( 8478): Trying to load lib libjavacore.so 0x0
07-14 12:43:17.127 D/dalvikvm( 8478): Added shared lib libjavacore.so 0x0
07-14 12:43:17.135 D/dalvikvm( 8478): Trying to load lib libnativehelper.so 0x0
07-14 12:43:17.135 D/dalvikvm( 8478): Added shared lib libnativehelper.so 0x0
07-14 12:43:17.307 D/AndroidRuntime( 8478): Calling main entry com.qihoo360.powerctl.root.app.App
07-14 12:43:17.307 D/AndroidRuntime( 8478): Shutting down VM
07-14 12:43:17.315 D/dalvikvm( 8478): GC_CONCURRENT freed 114K, 22% free 467K/592K, paused 0ms+0ms, total 4ms
07-14 12:43:17.315 I/AndroidRuntime( 8478): NOTE: attach of thread 'Binder_1' failed
07-14 12:43:18.260 I/QueryController( 8460): Matched selector: UiSelector[DESCRIPTION=] <<==>> [android.view.accessibility.AccessibilityNodeInfo@2aeb90; boundsInParent: Rect(0, 0 - 720, 756); boundsInScreen: Rect(0, 547 - 720, 1303); packageName: android; className: android.view.View; text: null; contentDescription: ; viewIdResName: android:id/glow_pad_view; checkable: false; checked: false; focusable: false; focused: false; selected: false; clickable: false; longClickable: false; enabled: true; password: false; scrollable: false; [ACTION_SELECT, ACTION_CLEAR_SELECTION, ACTION_ACCESSIBILITY_FOCUS, ACTION_NEXT_AT_MOVEMENT_GRANULARITY, ACTION_PREVIOUS_AT_MOVEMENT_GRANULARITY, ACTION_SET_SELECTION]]
07-14 12:43:18.268 W/GlowPadView(  374): The number of target drawables must be equal to the number of direction descriptions.
07-14 12:43:18.627 D/MdmApplication( 3494): [null:-1]->onActivityStarted document.activity.CompanyDocActivity , mActivityCount = 1
07-14 12:43:18.627 D/MDM :   ( 3494): [null:-1]->query
07-14 12:43:18.627 D/MDM :   ( 3494): [null:-1]->QUERY_PINCODE_CHECK_RESULT
07-14 12:43:18.643 D/BaseFragment( 3494): [null:-1]->mSelection is type = 'Normal' ,mSort is _id DESC
07-14 12:43:18.651 D/DB      ( 3494): query: SQLiteQuery: SELECT * FROM doc WHERE type = 'Normal'
07-14 12:43:18.651 D/DB      ( 3494): factory null
07-14 12:43:18.651 D/DB      ( 3494): fillWindow: 0
07-14 12:43:18.651 D/DB      ( 3494): cursor 2
07-14 12:43:18.651 D/DB      ( 3494): moveToPos: 0
07-14 12:43:18.651 D/DB      ( 3494): onMove: 0
07-14 12:43:18.651 D/DB      ( 3494): moveToPos: 1
07-14 12:43:18.651 D/DB      ( 3494): onMove: 1
07-14 12:43:18.651 D/PhoneStatusBar(  450): disable: < expand icons alerts ticker system_info BACK HOME recent* CLOCK search >
07-14 12:43:18.682 D/DB      ( 3494): moveToPos: 2
07-14 12:43:18.690 D/NfcService(  582): NFC-C ON
07-14 12:43:18.768 D/PhoneStatusBar(  450): disable: < expand icons alerts ticker system_info back* home* recent clock* search >
07-14 12:43:18.893 W/InputMethodManagerService(  374): Window already focused, ignoring focus gain of: com.android.internal.view.IInputMethodClient$Stub$Proxy@42c93718 attribute=android.view.inputmethod.EditorInfo@43278a20, token = android.os.BinderProxy@43142bf0
07-14 12:43:19.065 D/dalvikvm( 1052): GC_CONCURRENT freed 561K, 10% free 10086K/11168K, paused 8ms+7ms, total 73ms
07-14 12:43:19.119 I/RootJni ( 8500): su: permission denied
07-14 12:43:19.158 V/TAG     (  374): bug 7643792: fitSystemWindows([0,50][0,0])
07-14 12:43:19.346 D/AndroidRuntime( 8499): 
07-14 12:43:19.346 D/AndroidRuntime( 8499): >>>>>> AndroidRuntime START com.android.internal.os.RuntimeInit <<<<<<
07-14 12:43:19.346 D/AndroidRuntime( 8499): CheckJNI is OFF
07-14 12:43:19.362 D/dalvikvm( 8499): Trying to load lib libjavacore.so 0x0
07-14 12:43:19.369 D/dalvikvm( 8499): Added shared lib libjavacore.so 0x0
07-14 12:43:19.385 D/dalvikvm( 8499): Trying to load lib libnativehelper.so 0x0
07-14 12:43:19.385 D/dalvikvm( 8499): Added shared lib libnativehelper.so 0x0
07-14 12:43:19.549 I/ActivityManager(  374): START u0 {act=android.intent.action.MAIN cat=[android.intent.category.HOME] flg=0x10200000 cmp=com.android.launcher/com.android.launcher2.Launcher} from pid 374
07-14 12:43:19.565 D/MdmApplication( 3494): [null:-1]->onActivityPaused document.activity.CompanyDocActivity , mActivityCount = 2
07-14 12:43:19.565 D/MDM :   ( 3494): [null:-1]->query
07-14 12:43:19.565 D/MDM :   ( 3494): [null:-1]->QUERY_PINCODE_CHECK_RESULT
07-14 12:43:19.565 E/Mdm     ( 3494): Call Mdm service's setLastExitTime function
07-14 12:43:19.666 D/AndroidRuntime( 8499): Calling main entry com.qihoo360.powerctl.root.app.App
07-14 12:43:19.666 D/AndroidRuntime( 8499): Shutting down VM
07-14 12:43:19.674 D/dalvikvm( 8499): GC_CONCURRENT freed 114K, 22% free 467K/592K, paused 0ms+0ms, total 3ms
07-14 12:43:19.674 I/AndroidRuntime( 8499): NOTE: attach of thread 'Binder_1' failed
07-14 12:43:19.721 D/dalvikvm(  450): GC_FOR_ALLOC freed 1235K, 16% free 13471K/15908K, paused 124ms, total 127ms
07-14 12:43:19.963 D/dalvikvm( 6152): GC_CONCURRENT freed 406K, 7% free 9377K/10072K, paused 6ms+3ms, total 46ms
07-14 12:43:20.338 D/BaseFragment( 3494): [null:-1]->fragment is on stop 
07-14 12:43:20.424 W/ResourceType(  595): No known package when getting name for resource number 0x9c020000
07-14 12:43:20.424 W/ResourceType(  595): No known package when getting name for resource number 0x9c020002
07-14 12:43:20.471 W/ResourceType(  595): No known package when getting name for resource number 0x9b000000
07-14 12:43:20.471 W/ResourceType(  595): No known package when getting name for resource number 0x9b010100
07-14 12:43:20.471 W/ResourceType(  595): No known package when getting name for resource number 0x9b030300
07-14 12:43:20.471 W/ResourceType(  595): No known package when getting name for resource number 0x9b040400
07-14 12:43:20.479 I/QueryController( 8460): Matched selector: UiSelector[DESCRIPTION=, PACKAGE NAME=com.android.launcher] <<==>> [android.view.accessibility.AccessibilityNodeInfo@1fe6e; boundsInParent: Rect(524232, 0 - 524360, 128); boundsInScreen: Rect(296, 1040 - 424, 1168); packageName: com.android.launcher; className: android.widget.TextView; text: null; contentDescription: ; viewIdResName: null; checkable: false; checked: false; focusable: true; focused: false; selected: false; clickable: true; longClickable: false; enabled: true; password: false; scrollable: false; [ACTION_FOCUS, ACTION_SELECT, ACTION_CLEAR_SELECTION, ACTION_CLICK, ACTION_ACCESSIBILITY_FOCUS]]
07-14 12:43:20.479 D/InteractionController( 8460): clickAndWaitForNewWindow(360, 1104)
07-14 12:43:21.330 I/QueryController( 8460): Matched selector: UiSelector[TEXT=] <<==>> [android.view.accessibility.AccessibilityNodeInfo@6c634; boundsInParent: Rect(0, 0 - 148, 184); boundsInScreen: Rect(16, 958 - 164, 1142); packageName: com.android.launcher; className: android.widget.TextView; text: ; contentDescription: null; viewIdResName: null; checkable: false; checked: false; focusable: true; focused: false; selected: false; clickable: true; longClickable: true; enabled: true; password: false; scrollable: false; [ACTION_FOCUS, ACTION_SELECT, ACTION_CLEAR_SELECTION, ACTION_CLICK, ACTION_LONG_CLICK, ACTION_ACCESSIBILITY_FOCUS, ACTION_NEXT_AT_MOVEMENT_GRANULARITY, ACTION_PREVIOUS_AT_MOVEMENT_GRANULARITY, ACTION_SET_SELECTION]]
07-14 12:43:21.385 I/QueryController( 8460): Matched selector: UiSelector[TEXT=] <<==>> [android.view.accessibility.AccessibilityNodeInfo@6c634; boundsInParent: Rect(0, 0 - 148, 184); boundsInScreen: Rect(16, 958 - 164, 1142); packageName: com.android.launcher; className: android.widget.TextView; text: ; contentDescription: null; viewIdResName: null; checkable: false; checked: false; focusable: true; focused: false; selected: false; clickable: true; longClickable: true; enabled: true; password: false; scrollable: false; [ACTION_FOCUS, ACTION_SELECT, ACTION_CLEAR_SELECTION, ACTION_CLICK, ACTION_LONG_CLICK, ACTION_ACCESSIBILITY_FOCUS, ACTION_NEXT_AT_MOVEMENT_GRANULARITY, ACTION_PREVIOUS_AT_MOVEMENT_GRANULARITY, ACTION_SET_SELECTION]]
07-14 12:43:21.440 D/InteractionController( 8460): clickAndWaitForNewWindow(90, 1050)
07-14 12:43:21.573 I/ActivityManager(  374): START u0 {act=android.intent.action.MAIN cat=[android.intent.category.LAUNCHER] flg=0x10200000 cmp=com.pekall.emdm/.ui.SplashActivity} from pid 595
07-14 12:43:21.729 D/dalvikvm(  374): GC_FOR_ALLOC freed 2493K, 31% free 19265K/27892K, paused 103ms, total 103ms
07-14 12:43:21.830 D/dalvikvm(  374): GC_FOR_ALLOC freed 1023K, 32% free 18985K/27892K, paused 86ms, total 86ms
07-14 12:43:21.869 D/MdmApplication( 3494): [null:-1]->onActivityStarted document.activity.CompanyDocActivity , mActivityCount = 1
07-14 12:43:21.869 D/MDM :   ( 3494): [null:-1]->query
07-14 12:43:21.877 D/MDM :   ( 3494): [null:-1]->QUERY_PINCODE_CHECK_RESULT
07-14 12:43:21.908 D/BaseFragment( 3494): [null:-1]->mSelection is type = 'Normal' ,mSort is _id DESC
07-14 12:43:21.908 D/DB      ( 3494): query: SQLiteQuery: SELECT * FROM doc WHERE type = 'Normal'
07-14 12:43:21.908 D/DB      ( 3494): factory null
07-14 12:43:21.908 D/DB      ( 3494): fillWindow: 0
07-14 12:43:21.908 D/DB      ( 3494): cursor 2
07-14 12:43:21.908 D/DB      ( 3494): moveToPos: 0
07-14 12:43:21.908 D/DB      ( 3494): onMove: 0
07-14 12:43:21.916 D/DB      ( 3494): moveToPos: 1
07-14 12:43:21.916 D/DB      ( 3494): onMove: 1
07-14 12:43:21.916 D/DB      ( 3494): moveToPos: 2
07-14 12:43:21.924 D/dalvikvm( 1052): GC_FOR_ALLOC freed 293K, 10% free 10132K/11168K, paused 50ms, total 53ms
07-14 12:43:22.823 I/QueryController( 8460): Matched selector: UiSelector[PACKAGE NAME=com.pekall.emdm] <<==>> [android.view.accessibility.AccessibilityNodeInfo@244f29; boundsInParent: Rect(0, 0 - 720, 1184); boundsInScreen: Rect(0, 0 - 720, 1184); packageName: com.pekall.emdm; className: android.widget.FrameLayout; text: null; contentDescription: null; viewIdResName: null; checkable: false; checked: false; focusable: false; focused: false; selected: false; clickable: false; longClickable: false; enabled: true; password: false; scrollable: false; [ACTION_SELECT, ACTION_CLEAR_SELECTION, ACTION_ACCESSIBILITY_FOCUS]]
07-14 12:43:23.049 D/dalvikvm(  374): GC_FOR_ALLOC freed 430K, 31% free 19334K/27892K, paused 83ms, total 84ms
07-14 12:43:23.135 D/dalvikvm(  374): GC_FOR_ALLOC freed 751K, 33% free 18954K/27892K, paused 82ms, total 82ms
07-14 12:43:23.143 D/MdmApplication( 3494): [null:-1]->onActivityPaused document.activity.CompanyDocActivity , mActivityCount = 2
07-14 12:43:23.143 D/MDM :   ( 3494): [null:-1]->query
07-14 12:43:23.143 D/MDM :   ( 3494): [null:-1]->QUERY_PINCODE_CHECK_RESULT
07-14 12:43:23.143 E/Mdm     ( 3494): Call Mdm service's setLastExitTime function
07-14 12:43:23.174 D/MdmApplication( 3494): [null:-1]->onActivityStarted document.activity.DocMainActivity , mActivityCount = 1
07-14 12:43:23.174 D/MDM :   ( 3494): [null:-1]->query
07-14 12:43:23.182 D/MDM :   ( 3494): [null:-1]->QUERY_PINCODE_CHECK_RESULT
07-14 12:43:23.182 D/DB      ( 3494): query: SQLiteQuery: SELECT * FROM doc WHERE browseStatus = 0 AND type = 'Normal'
07-14 12:43:23.182 D/DB      ( 3494): factory null
07-14 12:43:23.182 D/DB      ( 3494): fillWindow: 0
07-14 12:43:23.182 D/DB      ( 3494): cursor 1
07-14 12:43:23.651 D/BaseFragment( 3494): [null:-1]->fragment is on stop 
07-14 12:43:23.698 D/DB      ( 3494): query: SQLiteQuery: SELECT * FROM doc WHERE browseStatus = 0 AND type = 'Normal'
07-14 12:43:23.698 D/DB      ( 3494): factory null
07-14 12:43:23.698 D/DB      ( 3494): fillWindow: 0
07-14 12:43:23.698 D/DB      ( 3494): cursor 0
07-14 12:43:23.698 D/DB      ( 3494): query: SQLiteQuery: SELECT * FROM doc WHERE browseStatus = 0 AND type = 'Normal'
07-14 12:43:23.698 D/DB      ( 3494): factory null
07-14 12:43:23.698 D/DB      ( 3494): fillWindow: 0
07-14 12:43:23.698 D/DB      ( 3494): cursor 0
07-14 12:43:23.705 E/Mdm     ( 3494): Call Mdm service's recordIconCount function
07-14 12:43:24.518 D/dalvikvm(  374): GC_FOR_ALLOC freed 397K, 31% free 19328K/27892K, paused 92ms, total 92ms
07-14 12:43:24.612 D/dalvikvm(  374): GC_FOR_ALLOC freed 748K, 33% free 18951K/27892K, paused 89ms, total 90ms
07-14 12:43:24.619 D/MdmApplication( 3494): [null:-1]->onActivityPaused document.activity.DocMainActivity , mActivityCount = 2
07-14 12:43:24.619 D/MDM :   ( 3494): [null:-1]->query
07-14 12:43:24.619 D/MDM :   ( 3494): [null:-1]->QUERY_PINCODE_CHECK_RESULT
07-14 12:43:24.619 E/Mdm     ( 3494): Call Mdm service's setLastExitTime function
07-14 12:43:24.643 D/MdmApplication( 3494): [null:-1]->onActivityStarted ui.MainActivity , mActivityCount = 1
07-14 12:43:24.643 D/MDM :   ( 3494): [null:-1]->query
07-14 12:43:24.643 D/MDM :   ( 3494): [null:-1]->QUERY_PINCODE_CHECK_RESULT
07-14 12:43:25.455 I/QueryController( 8460): Matched selector: UiSelector[TEXT=, CLASS=android.widget.TextView] <<==>> [android.view.accessibility.AccessibilityNodeInfo@22c830; boundsInParent: Rect(0, 0 - 148, 184); boundsInScreen: Rect(376, 572 - 524, 756); packageName: com.pekall.emdm; className: android.widget.TextView; text: ; contentDescription: null; viewIdResName: com.pekall.emdm:id/application_icon_content; checkable: false; checked: false; focusable: true; focused: false; selected: false; clickable: false; longClickable: false; enabled: true; password: false; scrollable: false; [ACTION_FOCUS, ACTION_SELECT, ACTION_CLEAR_SELECTION, ACTION_ACCESSIBILITY_FOCUS, ACTION_NEXT_AT_MOVEMENT_GRANULARITY, ACTION_PREVIOUS_AT_MOVEMENT_GRANULARITY, ACTION_SET_SELECTION]]
07-14 12:43:25.487 I/QueryController( 8460): Matched selector: UiSelector[TEXT=, CLASS=android.widget.TextView] <<==>> [android.view.accessibility.AccessibilityNodeInfo@22c0ae; boundsInParent: Rect(0, 0 - 148, 184); boundsInScreen: Rect(16, 572 - 164, 756); packageName: com.pekall.emdm; className: android.widget.TextView; text: ; contentDescription: null; viewIdResName: com.pekall.emdm:id/application_icon_content; checkable: false; checked: false; focusable: true; focused: false; selected: false; clickable: false; longClickable: false; enabled: true; password: false; scrollable: false; [ACTION_FOCUS, ACTION_SELECT, ACTION_CLEAR_SELECTION, ACTION_ACCESSIBILITY_FOCUS, ACTION_NEXT_AT_MOVEMENT_GRANULARITY, ACTION_PREVIOUS_AT_MOVEMENT_GRANULARITY, ACTION_SET_SELECTION]]
07-14 12:43:25.518 I/QueryController( 8460): Matched selector: UiSelector[TEXT=, CLASS=android.widget.TextView] <<==>> [android.view.accessibility.AccessibilityNodeInfo@22b92c; boundsInParent: Rect(0, 0 - 148, 184); boundsInScreen: Rect(376, 379 - 524, 563); packageName: com.pekall.emdm; className: android.widget.TextView; text: ; contentDescription: null; viewIdResName: com.pekall.emdm:id/application_icon_content; checkable: false; checked: false; focusable: true; focused: false; selected: false; clickable: false; longClickable: false; enabled: true; password: false; scrollable: false; [ACTION_FOCUS, ACTION_SELECT, ACTION_CLEAR_SELECTION, ACTION_ACCESSIBILITY_FOCUS, ACTION_NEXT_AT_MOVEMENT_GRANULARITY, ACTION_PREVIOUS_AT_MOVEMENT_GRANULARITY, ACTION_SET_SELECTION]]
07-14 12:43:25.518 D/InteractionController( 8460): clickAndWaitForNewWindow(450, 471)
07-14 12:43:25.698 I/ActivityManager(  374): START u0 {cmp=com.pekall.emdm/.contacts.activities.PeopleActivity} from pid 3494
07-14 12:43:25.823 D/dalvikvm(  374): GC_FOR_ALLOC freed 402K, 31% free 19328K/27892K, paused 83ms, total 83ms
07-14 12:43:25.916 D/dalvikvm(  374): GC_FOR_ALLOC freed 747K, 33% free 18952K/27892K, paused 86ms, total 86ms
07-14 12:43:25.916 D/MdmApplication( 3494): [null:-1]->onActivityPaused ui.MainActivity , mActivityCount = 2
07-14 12:43:25.916 D/MDM :   ( 3494): [null:-1]->query
07-14 12:43:25.916 D/MDM :   ( 3494): [null:-1]->QUERY_PINCODE_CHECK_RESULT
07-14 12:43:25.916 E/Mdm     ( 3494): Call Mdm service's setLastExitTime function
07-14 12:43:25.963 I/ActivityManager(  374): START u0 {cmp=com.pekall.emdm/.contacts.activities.DialtactsActivity (has extras)} from pid 3494
07-14 12:43:26.002 D/MdmApplication( 3494): [null:-1]->onActivityStarted contacts.activities.DialtactsActivity , mActivityCount = 1
07-14 12:43:26.002 D/MDM :   ( 3494): [null:-1]->query
07-14 12:43:26.002 D/MDM :   ( 3494): [null:-1]->QUERY_PINCODE_CHECK_RESULT
07-14 12:43:26.033 D/ContactsProvider( 3494): [Contacts] query 'content://emdmcontacts/contacts', segment size: 1
07-14 12:43:26.041 D/Assistant( 3494): [---null: -1---]  changeCursor
07-14 12:43:26.041 D/Assistant( 3494): [---null: -1---]  findGroups
07-14 12:43:26.041 D/ContactsProvider( 3494): [Contacts] query 'content://emdmcontacts/contacts', segment size: 1
07-14 12:43:26.049 D/Assistant( 3494): [---null: -1---]  changeCursor
07-14 12:43:26.049 D/Assistant( 3494): [---null: -1---]  findGroups
07-14 12:43:26.049 D/Assistant( 3494): [---null: -1---]  OncreatTIME
07-14 12:43:26.073 I/ContactPhotoManager( 3494): Cache adj: 0.5
07-14 12:43:26.073 E/ContactPhotoManager( 3494): No contact photo service in context: com.pekall.emdm.MdmApplication@42817d40
07-14 12:43:26.143 D/ContactsProvider( 3494): [Contacts] query 'content://emdmcontacts/frequently_contacts', segment size: 1
07-14 12:43:26.151 D/ContactsProvider( 3494): [Contacts] query 'content://emdmcontacts/contacts', segment size: 1
07-14 12:43:26.151 D/ContactsProvider( 3494): [Contacts] query 'content://emdmcontacts/contacts', segment size: 1
07-14 12:43:26.158 D/ContactsProvider( 3494): [Contacts] query 'content://emdmcontacts/contacts', segment size: 1
07-14 12:43:26.158 D/Assistant( 3494): [---null: -1---]  changeCursor
07-14 12:43:26.158 D/Assistant( 3494): [---null: -1---]  findGroups
07-14 12:43:26.158 D/ContactsProvider( 3494): [Contacts] query 'content://emdmcontacts/contacts', segment size: 1
07-14 12:43:26.166 D/Assistant( 3494): [---null: -1---]  changeCursor
07-14 12:43:26.166 D/Assistant( 3494): [---null: -1---]  findGroups
07-14 12:43:26.174 D/ContactsProvider( 3494): [Contacts] query 'content://emdmcontacts/company_calllogs', segment size: 1
07-14 12:43:26.198 V/PhoneStatusBar(  450): setLightsOn(true)
07-14 12:43:26.416 I/ActivityManager(  374): Displayed com.pekall.emdm/.contacts.activities.DialtactsActivity: +445ms (total +470ms)
07-14 12:43:26.432 D/ContactsProvider( 3494): [Contacts] query 'content://emdmcontacts/company_calllogs', segment size: 1
07-14 12:43:26.627 D/Assistant( 3494): [---null: -1---]  changeCursor
07-14 12:43:26.627 D/Assistant( 3494): [---null: -1---]  findGroups
07-14 12:43:26.627 D/Assistant( 3494): [---null: -1---]  addGroup
07-14 12:43:26.651 D/Assistant( 3494): [---null: -1---]  addGroup
07-14 12:43:26.651 D/Assistant( 3494): [---null: -1---]  addGroup
07-14 12:43:26.651 D/Assistant( 3494): [---null: -1---]  addGroup
07-14 12:43:26.651 D/Assistant( 3494): [---null: -1---]  addGroup
07-14 12:43:26.682 E/CursorWindow( 3494): Failed to read row 0, column -1 from a CursorWindow which has 38 rows, 9 columns.
07-14 12:43:26.682 D/CallLogAdapter( 3494): java.lang.IllegalStateException: Couldn't read row 0, col -1 from CursorWindow.  Make sure the Cursor is initialized correctly before accessing data from it.
07-14 12:43:26.682 D/CallLogAdapter( 3494): ======no department find======
07-14 12:43:26.682 D/CALLLOGADAPTER( 3494): ++++++++++++++++++================================
07-14 12:43:26.682 D/ContactsProvider( 3494): [Contacts] query 'content://emdmcontacts/company_calllogs', segment size: 1
07-14 12:43:26.690 D/CallLogAdapter( 3494): quickContactView.number=============13220164537
07-14 12:43:26.690 D/CallLogAdapter( 3494): quickContactView.contactUri=============null
07-14 12:43:26.690 D/ContactsProvider( 3494): [Contacts] query 'content://emdmcontacts/contacts', segment size: 1
07-14 12:43:26.729 E/CursorWindow( 3494): Failed to read row 1, column -1 from a CursorWindow which has 38 rows, 9 columns.
07-14 12:43:26.729 D/CallLogAdapter( 3494): java.lang.IllegalStateException: Couldn't read row 1, col -1 from CursorWindow.  Make sure the Cursor is initialized correctly before accessing data from it.
07-14 12:43:26.737 D/CallLogAdapter( 3494): ======no department find======
07-14 12:43:26.737 D/CALLLOGADAPTER( 3494): ++++++++++++++++++================================
07-14 12:43:26.737 D/ContactsProvider( 3494): [Contacts] query 'content://emdmcontacts/company_calllogs', segment size: 1
07-14 12:43:26.752 D/CallLogAdapter( 3494): quickContactView.number=============01056299605
07-14 12:43:26.752 D/CallLogAdapter( 3494): quickContactView.contactUri=============null
07-14 12:43:26.752 D/ContactsProvider( 3494): [Contacts] query 'content://emdmcontacts/contacts', segment size: 1
07-14 12:43:26.791 E/CursorWindow( 3494): Failed to read row 4, column -1 from a CursorWindow which has 38 rows, 9 columns.
07-14 12:43:26.791 D/CallLogAdapter( 3494): java.lang.IllegalStateException: Couldn't read row 4, col -1 from CursorWindow.  Make sure the Cursor is initialized correctly before accessing data from it.
07-14 12:43:26.791 D/CallLogAdapter( 3494): ======no department find======
07-14 12:43:26.791 D/CALLLOGADAPTER( 3494): ++++++++++++++++++================================
07-14 12:43:26.791 D/ContactsProvider( 3494): [Contacts] query 'content://emdmcontacts/company_calllogs', segment size: 1
07-14 12:43:26.807 D/CallLogAdapter( 3494): quickContactView.number=============13263318053
07-14 12:43:26.807 D/CallLogAdapter( 3494): quickContactView.contactUri=============null
07-14 12:43:26.807 D/ContactsProvider( 3494): [Contacts] query 'content://emdmcontacts/contacts', segment size: 1
07-14 12:43:26.838 E/CursorWindow( 3494): Failed to read row 5, column -1 from a CursorWindow which has 38 rows, 9 columns.
07-14 12:43:26.838 D/CallLogAdapter( 3494): java.lang.IllegalStateException: Couldn't read row 5, col -1 from CursorWindow.  Make sure the Cursor is initialized correctly before accessing data from it.
07-14 12:43:26.838 D/CallLogAdapter( 3494): ======no department find======
07-14 12:43:26.838 D/CALLLOGADAPTER( 3494): ++++++++++++++++++================================
07-14 12:43:26.838 D/ContactsProvider( 3494): [Contacts] query 'content://emdmcontacts/company_calllogs', segment size: 1
07-14 12:43:26.854 D/CallLogAdapter( 3494): quickContactView.number=============13522849951
07-14 12:43:26.854 D/CallLogAdapter( 3494): quickContactView.contactUri=============null
07-14 12:43:26.854 D/ContactsProvider( 3494): [Contacts] query 'content://emdmcontacts/contacts', segment size: 1
07-14 12:43:26.885 E/CursorWindow( 3494): Failed to read row 6, column -1 from a CursorWindow which has 38 rows, 9 columns.
07-14 12:43:26.885 D/CallLogAdapter( 3494): java.lang.IllegalStateException: Couldn't read row 6, col -1 from CursorWindow.  Make sure the Cursor is initialized correctly before accessing data from it.
07-14 12:43:26.885 D/CallLogAdapter( 3494): ======no department find======
07-14 12:43:26.885 D/CALLLOGADAPTER( 3494): ++++++++++++++++++================================
07-14 12:43:26.885 D/ContactsProvider( 3494): [Contacts] query 'content://emdmcontacts/company_calllogs', segment size: 1
07-14 12:43:26.901 D/CallLogAdapter( 3494): quickContactView.number=============15010093591
07-14 12:43:26.901 D/CallLogAdapter( 3494): quickContactView.contactUri=============null
07-14 12:43:26.901 D/ContactsProvider( 3494): [Contacts] query 'content://emdmcontacts/contacts', segment size: 1
07-14 12:43:27.580 I/QueryController( 8460): Matched selector: UiSelector[RESOURCE_ID=com.pekall.emdm:id/thrid] <<==>> [android.view.accessibility.AccessibilityNodeInfo@2559b4; boundsInParent: Rect(0, 0 - 180, 50); boundsInScreen: Rect(360, 73 - 540, 123); packageName: com.pekall.emdm; className: android.widget.ImageView; text: null; contentDescription: null; viewIdResName: com.pekall.emdm:id/thrid; checkable: false; checked: false; focusable: false; focused: false; selected: false; clickable: true; longClickable: false; enabled: true; password: false; scrollable: false; [ACTION_SELECT, ACTION_CLEAR_SELECTION, ACTION_CLICK, ACTION_ACCESSIBILITY_FOCUS]]
07-14 12:43:27.643 I/QueryController( 8460): Matched selector: UiSelector[RESOURCE_ID=com.pekall.emdm:id/thrid] <<==>> [android.view.accessibility.AccessibilityNodeInfo@2559b4; boundsInParent: Rect(0, 0 - 180, 50); boundsInScreen: Rect(360, 73 - 540, 123); packageName: com.pekall.emdm; className: android.widget.ImageView; text: null; contentDescription: null; viewIdResName: com.pekall.emdm:id/thrid; checkable: false; checked: false; focusable: false; focused: false; selected: false; clickable: true; longClickable: false; enabled: true; password: false; scrollable: false; [ACTION_SELECT, ACTION_CLEAR_SELECTION, ACTION_CLICK, ACTION_ACCESSIBILITY_FOCUS]]
07-14 12:43:27.651 D/InteractionController( 8460): clickAndSync(450, 98)
07-14 12:43:28.635 I/QueryController( 8460): Matched selector: UiSelector[TEXT=ggg] <<==>> [android.view.accessibility.AccessibilityNodeInfo@25ca52; boundsInParent: Rect(0, 0 - 60, 48); boundsInScreen: Rect(194, 239 - 254, 287); packageName: com.pekall.emdm; className: android.widget.TextView; text: ggg; contentDescription: null; viewIdResName: com.pekall.emdm:id/name; checkable: false; checked: false; focusable: false; focused: false; selected: false; clickable: false; longClickable: false; enabled: true; password: false; scrollable: false; [ACTION_SELECT, ACTION_CLEAR_SELECTION, ACTION_ACCESSIBILITY_FOCUS, ACTION_NEXT_AT_MOVEMENT_GRANULARITY, ACTION_PREVIOUS_AT_MOVEMENT_GRANULARITY, ACTION_SET_SELECTION]]
07-14 12:43:28.643 I/AndroidRuntime( 8460): VM exiting with result code 0.
07-14 12:43:31.510 W/MountService(  374): getVolumeState(/storage/emulated/0/external_sd): Unknown volume
07-14 12:43:31.510 W/MountService(  374): getVolumeState(/mnt/sdcard-ext): Unknown volume
07-14 12:43:31.510 W/MountService(  374): getVolumeState(/mnt/ext_sdcard): Unknown volume
07-14 12:43:31.510 W/MountService(  374): getVolumeState(/mnt/sdcard2): Unknown volume
07-14 12:43:31.518 W/MountService(  374): getVolumeState(/mnt/emmc): Unknown volume
07-14 12:43:31.518 W/MountService(  374): getVolumeState(/mnt/extSdCard): Unknown volume
07-14 12:43:31.518 W/MountService(  374): getVolumeState(/mnt/sdcard/SD_CARD): Unknown volume
07-14 12:43:31.518 W/MountService(  374): getVolumeState(/mnt/sdcard/extra_sd): Unknown volume
07-14 12:43:31.518 W/MountService(  374): getVolumeState(/mnt/extrasd_bind): Unknown volume
07-14 12:43:31.518 W/MountService(  374): getVolumeState(/mnt/sdcard/ext_sd): Unknown volume
07-14 12:43:31.518 W/MountService(  374): getVolumeState(/storage/extSdCard): Unknown volume
07-14 12:43:31.526 W/MountService(  374): getVolumeState(/storage/sdcard1): Unknown volume
07-14 12:43:31.526 W/MountService(  374): getVolumeState(/mnt/sdcard/external_SD): Unknown volume
07-14 12:43:31.526 W/MountService(  374): getVolumeState(/mnt/sdcard/external_sd): Unknown volume
07-14 12:43:31.565 D/dalvikvm( 6152): GC_CONCURRENT freed 385K, 7% free 9408K/10072K, paused 5ms+3ms, total 37ms
07-14 12:43:31.565 D/dalvikvm( 6152): WAIT_FOR_CONCURRENT_GC blocked 32ms
07-14 12:43:31.752 D/dalvikvm( 6152): GC_CONCURRENT freed 469K, 7% free 9425K/10072K, paused 7ms+3ms, total 34ms
07-14 12:43:31.752 W/MountService(  374): getVolumeState(/storage/emulated/0/external_sd): Unknown volume
07-14 12:43:31.752 W/MountService(  374): getVolumeState(/mnt/sdcard-ext): Unknown volume
07-14 12:43:31.752 W/MountService(  374): getVolumeState(/mnt/ext_sdcard): Unknown volume
07-14 12:43:31.752 W/MountService(  374): getVolumeState(/mnt/sdcard2): Unknown volume
07-14 12:43:31.760 W/MountService(  374): getVolumeState(/mnt/emmc): Unknown volume
07-14 12:43:31.760 W/MountService(  374): getVolumeState(/mnt/extSdCard): Unknown volume
07-14 12:43:31.760 W/MountService(  374): getVolumeState(/mnt/sdcard/SD_CARD): Unknown volume
07-14 12:43:31.760 W/MountService(  374): getVolumeState(/mnt/sdcard/extra_sd): Unknown volume
07-14 12:43:31.760 W/MountService(  374): getVolumeState(/mnt/extrasd_bind): Unknown volume
07-14 12:43:31.760 W/MountService(  374): getVolumeState(/mnt/sdcard/ext_sd): Unknown volume
07-14 12:43:31.760 W/MountService(  374): getVolumeState(/storage/extSdCard): Unknown volume
07-14 12:43:31.760 W/MountService(  374): getVolumeState(/storage/sdcard1): Unknown volume
07-14 12:43:31.760 W/MountService(  374): getVolumeState(/mnt/sdcard/external_SD): Unknown volume
07-14 12:43:31.760 W/MountService(  374): getVolumeState(/mnt/sdcard/external_sd): Unknown volume
07-14 12:43:38.385 D/dalvikvm( 1052): GC_CONCURRENT freed 292K, 9% free 10225K/11168K, paused 5ms+3ms, total 33ms
07-14 12:43:39.869 D/LightsService(  374): Excessive delay setting light: 67ms
07-14 12:43:40.104 D/LightsService(  374): Excessive delay setting light: 67ms
07-14 12:43:42.658 I/PowerManagerService(  374): Going to sleep due to screen timeout...
07-14 12:43:43.408 D/SurfaceFlinger(  124): Screen released, type=0 flinger=0x41e1a478
07-14 12:43:43.557 D/dalvikvm(  374): GC_FOR_ALLOC freed 952K, 30% free 19632K/27892K, paused 86ms, total 86ms
07-14 12:43:43.573 I/WindowManager(  374): Screenshot Window{42ba8a10 u0 com.pekall.emdm/com.pekall.emdm.contacts.activities.DialtactsActivity} was all black! mSurfaceLayer=21015 minLayer=21000 maxLayer=21015
07-14 12:43:43.580 D/MdmApplication( 3494): [null:-1]->onActivityPaused contacts.activities.DialtactsActivity , mActivityCount = 2
07-14 12:43:43.580 D/MDM :   ( 3494): [null:-1]->query
07-14 12:43:43.580 D/MDM :   ( 3494): [null:-1]->QUERY_PINCODE_CHECK_RESULT
07-14 12:43:43.580 E/Mdm     ( 3494): Call Mdm service's setLastExitTime function
07-14 12:43:43.698 D/NfcService(  582): NFC-C OFF, disconnect
07-14 12:43:43.815 D/dalvikvm( 6152): GC_CONCURRENT freed 457K, 8% free 9356K/10072K, paused 2ms+8ms, total 66ms
07-14 12:43:43.830 V/KeyguardHostView(  374): hide transport, gen:39
07-14 12:43:43.830 V/KeyguardHostView(  374): music state changed: 0
07-14 12:43:43.846 D/MDM :   ( 3494): [null:-1]->query
07-14 12:43:43.846 D/MDM :   ( 3494): [null:-1]->QUERY_SETTING_PIN_ONOFF
07-14 12:43:43.893 D/PhoneStatusBar(  450): disable: < expand icons alerts ticker system_info back home RECENT* clock search >
07-14 12:43:43.932 V/TAG     (  374): bug 7643792: fitSystemWindows([0,50][0,0])
07-14 12:43:44.041 D/PhoneStatusBar(  450): disable: < expand icons alerts ticker system_info BACK* HOME* RECENT CLOCK* search >
07-14 12:43:44.963 D/MDM :   ( 3494): [null:-1]->MSG_WEBSOCKET_MESSAGE : {"id":-119643349,"type":0,"command":0,"result":0,"reason":0,"params":{"msgId":"e7e654a1-ddac-4100-ab12-f16a47a50ac8,e7e654a1ddac4100ab12f16a47a50ac8","device":"ffffffffc539bb10fffffffff7aea961","message":"{\"cmd\":\"10119\"}"}}
07-14 12:43:44.979 D/MdmService( 3494): [null:-1]->push message type :0
07-14 12:43:44.979 D/MdmService( 3494): [null:-1]->cmdMessage : {"cmd":"10119"}
07-14 12:43:44.987 D/MdmService( 3494): [null:-1]->command : PushCommandMsg{cmd='10119', msg='null'}
07-14 12:43:44.987 D/MDM :   ( 3494): [null:-1]->PUSH CMD: 10119
07-14 12:43:44.994 D/MdmStatusManager( 3494): [null:-1]->change status to : Busy
07-14 12:43:44.994 D/DB      ( 3494): query: SQLiteQuery: SELECT content, command_status, status FROM command WHERE status!=2
07-14 12:43:44.994 D/DB      ( 3494): factory null
07-14 12:43:44.994 D/DB      ( 3494): fillWindow: 0
07-14 12:43:44.994 D/DB      ( 3494): cursor 0
07-14 12:43:44.994 D/DB      ( 3494): moveToPos: 0
07-14 12:43:44.994 I/TransInfo( 3494): TransInfo created, id: 3, class: class com.pekall.emdm.transaction.b.c
07-14 12:43:44.994 D/NetworkThread( 3494): [null:-1]->----isRunning-----true
07-14 12:43:44.994 D/NetworkThread( 3494): [null:-1]->----isRunning-----true
07-14 12:43:44.994 D/NetworkThread( 3494): [null:-1]->thread wakeup
07-14 12:43:45.002 D/HttpClient( 3494): enable apache.http debug
07-14 12:43:45.010 V/DEBUG   ( 3494): HTTP 0
07-14 12:43:45.260 V/DEBUG   ( 3494): HTTP 1
07-14 12:43:45.260 D/NetworkThread( 3494): [null:-1]->queue is empty, thread wait...
07-14 12:43:45.369 D/MdmService( 3494): [null:-1]->handleCheckInResult
07-14 12:43:45.369 D/MdmService( 3494): [null:-1]->handleCheckInResult result keyIndex: 3
07-14 12:43:45.369 D/HandleCommandTask( 3494): [null:-1]->execute command msg but beanBase is null
07-14 12:43:45.369 D/MdmStatusManager( 3494): [null:-1]->change status to : Idle
07-14 12:43:48.557 D/dalvikvm( 2019): GC_FOR_ALLOC freed 341K, 7% free 9928K/10588K, paused 36ms, total 36ms
07-14 12:43:52.291 D/AndroidRuntime( 8536): 
07-14 12:43:52.291 D/AndroidRuntime( 8536): >>>>>> AndroidRuntime START com.android.internal.os.RuntimeInit <<<<<<
07-14 12:43:52.291 D/AndroidRuntime( 8536): CheckJNI is OFF
07-14 12:43:52.307 D/dalvikvm( 8536): Trying to load lib libjavacore.so 0x0
07-14 12:43:52.315 D/dalvikvm( 8536): Added shared lib libjavacore.so 0x0
07-14 12:43:52.323 D/dalvikvm( 8536): Trying to load lib libnativehelper.so 0x0
07-14 12:43:52.330 D/dalvikvm( 8536): Added shared lib libnativehelper.so 0x0
07-14 12:43:52.565 D/AndroidRuntime( 8536): Calling main entry com.android.commands.uiautomator.Launcher
07-14 12:43:52.596 E/UiDevice( 8536): Exceuting watcher: ANRWatcher
07-14 12:43:52.596 E/UiDevice( 8536): java.lang.RuntimeException: UiDevice not initialized
07-14 12:43:52.596 E/UiDevice( 8536): 	at com.android.uiautomator.core.UiDevice.getAutomatorBridge(UiDevice.java:87)
07-14 12:43:52.596 E/UiDevice( 8536): 	at com.android.uiautomator.core.UiDevice.wakeUp(UiDevice.java:719)
07-14 12:43:52.596 E/UiDevice( 8536): 	at com.pekall.test.mdmui.util.UiANRWatcher.checkForCondition(UiANRWatcher.java:23)
07-14 12:43:52.596 E/UiDevice( 8536): 	at com.android.uiautomator.core.UiDevice.runWatchers(UiDevice.java:554)
07-14 12:43:52.596 E/UiDevice( 8536): 	at com.pekall.test.mdmui.util.UiANRWatcher.run(UiANRWatcher.java:41)
07-14 12:43:52.596 E/UiDevice( 8536): 	at com.pekall.test.mdmui.App.<clinit>(App.java:24)
07-14 12:43:52.596 E/UiDevice( 8536): 	at java.lang.Class.newInstanceImpl(Native Method)
07-14 12:43:52.596 E/UiDevice( 8536): 	at java.lang.Class.newInstance(Class.java:1130)
07-14 12:43:52.596 E/UiDevice( 8536): 	at com.android.uiautomator.testrunner.TestCaseCollector.addSingleTestMethod(TestCaseCollector.java:110)
