07-14 12:33:55.424 D/AndroidRuntime( 7485): Calling main entry com.android.commands.uiautomator.Launcher
07-14 12:33:55.448 E/UiDevice( 7485): Exceuting watcher: ANRWatcher
07-14 12:33:55.448 E/UiDevice( 7485): java.lang.RuntimeException: UiDevice not initialized
07-14 12:33:55.448 E/UiDevice( 7485): 	at com.android.uiautomator.core.UiDevice.getAutomatorBridge(UiDevice.java:87)
07-14 12:33:55.448 E/UiDevice( 7485): 	at com.android.uiautomator.core.UiDevice.wakeUp(UiDevice.java:719)
07-14 12:33:55.448 E/UiDevice( 7485): 	at com.pekall.test.mdmui.util.UiANRWatcher.checkForCondition(UiANRWatcher.java:23)
07-14 12:33:55.448 E/UiDevice( 7485): 	at com.android.uiautomator.core.UiDevice.runWatchers(UiDevice.java:554)
07-14 12:33:55.448 E/UiDevice( 7485): 	at com.pekall.test.mdmui.util.UiANRWatcher.run(UiANRWatcher.java:41)
07-14 12:33:55.448 E/UiDevice( 7485): 	at com.pekall.test.mdmui.PloyAndConfig.<clinit>(PloyAndConfig.java:22)
07-14 12:33:55.448 E/UiDevice( 7485): 	at java.lang.Class.newInstanceImpl(Native Method)
07-14 12:33:55.448 E/UiDevice( 7485): 	at java.lang.Class.newInstance(Class.java:1130)
07-14 12:33:55.448 E/UiDevice( 7485): 	at com.android.uiautomator.testrunner.TestCaseCollector.addSingleTestMethod(TestCaseCollector.java:110)
07-14 12:33:55.448 E/UiDevice( 7485): 	at com.android.uiautomator.testrunner.TestCaseCollector.addTestClass(TestCaseCollector.java:86)
07-14 12:33:55.448 E/UiDevice( 7485): 	at com.android.uiautomator.testrunner.TestCaseCollector.addTestClass(TestCaseCollector.java:72)
07-14 12:33:55.448 E/UiDevice( 7485): 	at com.android.uiautomator.testrunner.TestCaseCollector.addTestClasses(TestCaseCollector.java:53)
07-14 12:33:55.448 E/UiDevice( 7485): 	at com.android.uiautomator.testrunner.UiAutomatorTestRunner.start(UiAutomatorTestRunner.java:106)
07-14 12:33:55.448 E/UiDevice( 7485): 	at com.android.uiautomator.testrunner.UiAutomatorTestRunner.run(UiAutomatorTestRunner.java:96)
07-14 12:33:55.448 E/UiDevice( 7485): 	at com.android.commands.uiautomator.RunTestCommand.run(RunTestCommand.java:91)
07-14 12:33:55.448 E/UiDevice( 7485): 	at com.android.commands.uiautomator.Launcher.main(Launcher.java:83)
07-14 12:33:55.448 E/UiDevice( 7485): 	at com.android.internal.os.RuntimeInit.nativeFinishInit(Native Method)
07-14 12:33:55.448 E/UiDevice( 7485): 	at com.android.internal.os.RuntimeInit.main(RuntimeInit.java:235)
07-14 12:33:55.448 E/UiDevice( 7485): 	at dalvik.system.NativeStart.main(Native Method)
07-14 12:33:55.479 D/dalvikvm( 7485): Note: class Landroid/app/ActivityManagerNative; has 163 unimplemented (abstract) methods
07-14 12:33:55.533 I/PowerManagerService(  374): Waking up from sleep...
07-14 12:33:55.573 I/WindowManager(  374): Lock screen displayed!
07-14 12:33:55.893 D/PowerManagerService-JNI(  374): Excessive delay in autosuspend_disable() while turning screen on: 347ms
07-14 12:33:55.893 D/SurfaceFlinger(  124): Screen acquired, type=0 flinger=0x41e1a478
07-14 12:33:55.932 D/dalvikvm( 2019): GC_FOR_ALLOC freed 317K, 7% free 9927K/10588K, paused 43ms, total 43ms
07-14 12:33:55.955 V/DigitalWidgetViewsFactory( 2502): DigitalWidget sets next alarm string to null
07-14 12:33:55.979 D/LightsService(  374): Excessive delay setting light: 62ms
07-14 12:33:56.221 D/LightsService(  374): Excessive delay setting light: 245ms
07-14 12:33:56.237 D/AndroidRuntime( 7503): 
07-14 12:33:56.237 D/AndroidRuntime( 7503): >>>>>> AndroidRuntime START com.android.internal.os.RuntimeInit <<<<<<
07-14 12:33:56.237 D/AndroidRuntime( 7503): CheckJNI is OFF
07-14 12:33:56.244 D/dalvikvm( 7503): Trying to load lib libjavacore.so 0x0
07-14 12:33:56.252 D/dalvikvm( 7503): Added shared lib libjavacore.so 0x0
07-14 12:33:56.260 D/dalvikvm( 7503): Trying to load lib libnativehelper.so 0x0
07-14 12:33:56.260 D/dalvikvm( 7503): Added shared lib libnativehelper.so 0x0
07-14 12:33:56.416 D/AndroidRuntime( 7503): Calling main entry com.qihoo360.powerctl.root.app.App
07-14 12:33:56.416 D/AndroidRuntime( 7503): Shutting down VM
07-14 12:33:56.424 D/dalvikvm( 7503): GC_CONCURRENT freed 114K, 22% free 467K/592K, paused 1ms+0ms, total 4ms
07-14 12:33:56.424 I/AndroidRuntime( 7503): NOTE: attach of thread 'Binder_1' failed
07-14 12:33:57.487 I/QueryController( 7485): Matched selector: UiSelector[DESCRIPTION=] <<==>> [android.view.accessibility.AccessibilityNodeInfo@1f5d7c; boundsInParent: Rect(0, 0 - 720, 756); boundsInScreen: Rect(0, 547 - 720, 1303); packageName: android; className: android.view.View; text: null; contentDescription: ; viewIdResName: android:id/glow_pad_view; checkable: false; checked: false; focusable: false; focused: false; selected: false; clickable: false; longClickable: false; enabled: true; password: false; scrollable: false; [ACTION_SELECT, ACTION_CLEAR_SELECTION, ACTION_ACCESSIBILITY_FOCUS, ACTION_NEXT_AT_MOVEMENT_GRANULARITY, ACTION_PREVIOUS_AT_MOVEMENT_GRANULARITY, ACTION_SET_SELECTION]]
07-14 12:33:57.494 W/GlowPadView(  374): The number of target drawables must be equal to the number of direction descriptions.
07-14 12:33:57.854 D/MdmApplication( 3494): [null:-1]->onActivityStarted contacts.activities.DialtactsActivity , mActivityCount = 1
07-14 12:33:57.854 D/MDM :   ( 3494): [null:-1]->query
07-14 12:33:57.854 D/MDM :   ( 3494): [null:-1]->QUERY_PINCODE_CHECK_RESULT
07-14 12:33:57.877 D/PhoneStatusBar(  450): disable: < expand icons alerts ticker system_info BACK HOME recent* CLOCK search >
07-14 12:33:57.893 D/NfcService(  582): NFC-C ON
07-14 12:33:57.901 D/ContactsProvider( 3494): [Contacts] query 'content://emdmcontacts/company_calllogs', segment size: 1
07-14 12:33:57.901 D/Assistant( 3494): [---null: -1---]  changeCursor
07-14 12:33:57.908 D/Assistant( 3494): [---null: -1---]  findGroups
07-14 12:33:57.908 D/Assistant( 3494): [---null: -1---]  addGroup
07-14 12:33:57.916 D/Assistant( 3494): [---null: -1---]  addGroup
07-14 12:33:57.916 D/Assistant( 3494): [---null: -1---]  addGroup
07-14 12:33:57.916 D/Assistant( 3494): [---null: -1---]  addGroup
07-14 12:33:57.916 D/Assistant( 3494): [---null: -1---]  addGroup
07-14 12:33:57.924 E/CursorWindow( 3494): Failed to read row 0, column -1 from a CursorWindow which has 38 rows, 9 columns.
07-14 12:33:57.932 D/CallLogAdapter( 3494): java.lang.IllegalStateException: Couldn't read row 0, col -1 from CursorWindow.  Make sure the Cursor is initialized correctly before accessing data from it.
07-14 12:33:57.940 D/CallLogAdapter( 3494): ======no department find======
07-14 12:33:57.940 D/CALLLOGADAPTER( 3494): ++++++++++++++++++================================
07-14 12:33:57.940 D/ContactsProvider( 3494): [Contacts] query 'content://emdmcontacts/company_calllogs', segment size: 1
07-14 12:33:57.948 D/CallLogAdapter( 3494): quickContactView.number=============13220164537
07-14 12:33:57.948 D/CallLogAdapter( 3494): quickContactView.contactUri=============null
07-14 12:33:57.948 D/ContactsProvider( 3494): [Contacts] query 'content://emdmcontacts/contacts', segment size: 1
07-14 12:33:57.955 V/PhoneStatusBar(  450): setLightsOn(true)
07-14 12:33:57.955 D/PhoneStatusBar(  450): disable: < expand icons alerts ticker system_info back* home* recent clock* search >
07-14 12:33:57.971 E/CursorWindow( 3494): Failed to read row 1, column -1 from a CursorWindow which has 38 rows, 9 columns.
07-14 12:33:57.971 D/CallLogAdapter( 3494): java.lang.IllegalStateException: Couldn't read row 1, col -1 from CursorWindow.  Make sure the Cursor is initialized correctly before accessing data from it.
07-14 12:33:57.971 D/CallLogAdapter( 3494): ======no department find======
07-14 12:33:57.971 D/CALLLOGADAPTER( 3494): ++++++++++++++++++================================
07-14 12:33:57.971 D/ContactsProvider( 3494): [Contacts] query 'content://emdmcontacts/company_calllogs', segment size: 1
07-14 12:33:57.987 D/CallLogAdapter( 3494): quickContactView.number=============01056299605
07-14 12:33:57.987 D/CallLogAdapter( 3494): quickContactView.contactUri=============null
07-14 12:33:57.994 D/ContactsProvider( 3494): [Contacts] query 'content://emdmcontacts/contacts', segment size: 1
07-14 12:33:58.018 E/CursorWindow( 3494): Failed to read row 4, column -1 from a CursorWindow which has 38 rows, 9 columns.
07-14 12:33:58.018 D/CallLogAdapter( 3494): java.lang.IllegalStateException: Couldn't read row 4, col -1 from CursorWindow.  Make sure the Cursor is initialized correctly before accessing data from it.
07-14 12:33:58.018 D/CallLogAdapter( 3494): ======no department find======
07-14 12:33:58.018 D/CALLLOGADAPTER( 3494): ++++++++++++++++++================================
07-14 12:33:58.018 D/ContactsProvider( 3494): [Contacts] query 'content://emdmcontacts/company_calllogs', segment size: 1
07-14 12:33:58.033 D/CallLogAdapter( 3494): quickContactView.number=============13263318053
07-14 12:33:58.033 D/CallLogAdapter( 3494): quickContactView.contactUri=============null
07-14 12:33:58.033 D/ContactsProvider( 3494): [Contacts] query 'content://emdmcontacts/contacts', segment size: 1
07-14 12:33:58.041 E/CursorWindow( 3494): Failed to read row 5, column -1 from a CursorWindow which has 38 rows, 9 columns.
07-14 12:33:58.041 D/CallLogAdapter( 3494): java.lang.IllegalStateException: Couldn't read row 5, col -1 from CursorWindow.  Make sure the Cursor is initialized correctly before accessing data from it.
07-14 12:33:58.041 D/CallLogAdapter( 3494): ======no department find======
07-14 12:33:58.041 D/CALLLOGADAPTER( 3494): ++++++++++++++++++================================
07-14 12:33:58.041 D/ContactsProvider( 3494): [Contacts] query 'content://emdmcontacts/company_calllogs', segment size: 1
07-14 12:33:58.057 D/CallLogAdapter( 3494): quickContactView.number=============13522849951
07-14 12:33:58.057 D/CallLogAdapter( 3494): quickContactView.contactUri=============null
07-14 12:33:58.057 D/ContactsProvider( 3494): [Contacts] query 'content://emdmcontacts/contacts', segment size: 1
07-14 12:33:58.104 E/CursorWindow( 3494): Failed to read row 6, column -1 from a CursorWindow which has 38 rows, 9 columns.
07-14 12:33:58.112 D/CallLogAdapter( 3494): java.lang.IllegalStateException: Couldn't read row 6, col -1 from CursorWindow.  Make sure the Cursor is initialized correctly before accessing data from it.
07-14 12:33:58.112 D/CallLogAdapter( 3494): ======no department find======
07-14 12:33:58.112 D/CALLLOGADAPTER( 3494): ++++++++++++++++++================================
07-14 12:33:58.112 D/ContactsProvider( 3494): [Contacts] query 'content://emdmcontacts/company_calllogs', segment size: 1
07-14 12:33:58.127 D/CallLogAdapter( 3494): quickContactView.number=============15010093591
07-14 12:33:58.127 D/CallLogAdapter( 3494): quickContactView.contactUri=============null
07-14 12:33:58.135 D/ContactsProvider( 3494): [Contacts] query 'content://emdmcontacts/contacts', segment size: 1
07-14 12:33:58.205 W/InputMethodManagerService(  374): Window already focused, ignoring focus gain of: com.android.internal.view.IInputMethodClient$Stub$Proxy@43866798 attribute=android.view.inputmethod.EditorInfo@42fe9588, token = android.os.BinderProxy@42be1d88
07-14 12:33:58.393 V/TAG     (  374): bug 7643792: fitSystemWindows([0,50][0,0])
07-14 12:33:58.549 D/AndroidRuntime( 7524): 
07-14 12:33:58.549 D/AndroidRuntime( 7524): >>>>>> AndroidRuntime START com.android.internal.os.RuntimeInit <<<<<<
07-14 12:33:58.549 D/AndroidRuntime( 7524): CheckJNI is OFF
07-14 12:33:58.557 D/dalvikvm( 7524): Trying to load lib libjavacore.so 0x0
07-14 12:33:58.565 D/dalvikvm( 7524): Added shared lib libjavacore.so 0x0
07-14 12:33:58.580 D/dalvikvm( 7524): Trying to load lib libnativehelper.so 0x0
07-14 12:33:58.580 D/dalvikvm( 7524): Added shared lib libnativehelper.so 0x0
07-14 12:33:58.815 I/ActivityManager(  374): START u0 {act=android.intent.action.MAIN cat=[android.intent.category.HOME] flg=0x10200000 cmp=com.android.launcher/com.android.launcher2.Launcher} from pid 374
07-14 12:33:58.830 D/MdmApplication( 3494): [null:-1]->onActivityPaused contacts.activities.DialtactsActivity , mActivityCount = 2
07-14 12:33:58.838 D/MDM :   ( 3494): [null:-1]->query
07-14 12:33:58.846 D/AndroidRuntime( 7524): Calling main entry com.qihoo360.powerctl.root.app.App
07-14 12:33:58.846 D/AndroidRuntime( 7524): Shutting down VM
07-14 12:33:58.854 D/dalvikvm( 7524): GC_CONCURRENT freed 114K, 22% free 467K/592K, paused 0ms+1ms, total 3ms
07-14 12:33:58.854 I/AndroidRuntime( 7524): NOTE: attach of thread 'Binder_1' failed
07-14 12:33:58.862 D/MDM :   ( 3494): [null:-1]->QUERY_PINCODE_CHECK_RESULT
07-14 12:33:58.862 E/Mdm     ( 3494): Call Mdm service's setLastExitTime function
07-14 12:33:58.924 D/dalvikvm(  450): GC_FOR_ALLOC freed 705K, 12% free 13815K/15536K, paused 54ms, total 54ms
07-14 12:33:58.932 I/dalvikvm-heap(  450): Grow heap (frag case) to 13.888MB for 380496-byte allocation
07-14 12:33:58.979 D/dalvikvm(  450): GC_FOR_ALLOC freed 420K, 14% free 13767K/15908K, paused 53ms, total 53ms
07-14 12:33:59.174 D/dalvikvm( 1052): GC_CONCURRENT freed 518K, 11% free 9999K/11168K, paused 5ms+4ms, total 74ms
07-14 12:33:59.604 W/ResourceType(  595): No known package when getting name for resource number 0x9c020000
07-14 12:33:59.604 W/ResourceType(  595): No known package when getting name for resource number 0x9c020002
07-14 12:33:59.651 W/ResourceType(  595): No known package when getting name for resource number 0x9b000000
07-14 12:33:59.651 W/ResourceType(  595): No known package when getting name for resource number 0x9b010100
07-14 12:33:59.651 W/ResourceType(  595): No known package when getting name for resource number 0x9b030300
07-14 12:33:59.651 W/ResourceType(  595): No known package when getting name for resource number 0x9b040400
07-14 12:33:59.658 I/QueryController( 7485): Matched selector: UiSelector[DESCRIPTION=, PACKAGE NAME=com.android.launcher] <<==>> [android.view.accessibility.AccessibilityNodeInfo@1fe6e; boundsInParent: Rect(524232, 0 - 524360, 128); boundsInScreen: Rect(296, 1040 - 424, 1168); packageName: com.android.launcher; className: android.widget.TextView; text: null; contentDescription: ; viewIdResName: null; checkable: false; checked: false; focusable: true; focused: false; selected: false; clickable: true; longClickable: false; enabled: true; password: false; scrollable: false; [ACTION_FOCUS, ACTION_SELECT, ACTION_CLEAR_SELECTION, ACTION_CLICK, ACTION_ACCESSIBILITY_FOCUS]]
07-14 12:33:59.658 D/InteractionController( 7485): clickAndWaitForNewWindow(360, 1104)
07-14 12:34:01.143 I/QueryController( 7485): Matched selector: UiSelector[TEXT=] <<==>> [android.view.accessibility.AccessibilityNodeInfo@6c634; boundsInParent: Rect(0, 0 - 148, 184); boundsInScreen: Rect(16, 958 - 164, 1142); packageName: com.android.launcher; className: android.widget.TextView; text: ; contentDescription: null; viewIdResName: null; checkable: false; checked: false; focusable: true; focused: false; selected: false; clickable: true; longClickable: true; enabled: true; password: false; scrollable: false; [ACTION_FOCUS, ACTION_SELECT, ACTION_CLEAR_SELECTION, ACTION_CLICK, ACTION_LONG_CLICK, ACTION_ACCESSIBILITY_FOCUS, ACTION_NEXT_AT_MOVEMENT_GRANULARITY, ACTION_PREVIOUS_AT_MOVEMENT_GRANULARITY, ACTION_SET_SELECTION]]
07-14 12:34:01.166 I/QueryController( 7485): Matched selector: UiSelector[TEXT=] <<==>> [android.view.accessibility.AccessibilityNodeInfo@6c634; boundsInParent: Rect(0, 0 - 148, 184); boundsInScreen: Rect(16, 958 - 164, 1142); packageName: com.android.launcher; className: android.widget.TextView; text: ; contentDescription: null; viewIdResName: null; checkable: false; checked: false; focusable: true; focused: false; selected: false; clickable: true; longClickable: true; enabled: true; password: false; scrollable: false; [ACTION_FOCUS, ACTION_SELECT, ACTION_CLEAR_SELECTION, ACTION_CLICK, ACTION_LONG_CLICK, ACTION_ACCESSIBILITY_FOCUS, ACTION_NEXT_AT_MOVEMENT_GRANULARITY, ACTION_PREVIOUS_AT_MOVEMENT_GRANULARITY, ACTION_SET_SELECTION]]
07-14 12:34:01.174 D/InteractionController( 7485): clickAndWaitForNewWindow(90, 1050)
07-14 12:34:01.307 I/ActivityManager(  374): START u0 {act=android.intent.action.MAIN cat=[android.intent.category.LAUNCHER] flg=0x10200000 cmp=com.pekall.emdm/.ui.SplashActivity} from pid 595
07-14 12:34:01.448 D/dalvikvm(  374): GC_FOR_ALLOC freed 2622K, 32% free 19089K/27716K, paused 94ms, total 94ms
07-14 12:34:01.494 D/MdmApplication( 3494): [null:-1]->onActivityStarted contacts.activities.DialtactsActivity , mActivityCount = 1
07-14 12:34:01.494 D/MDM :   ( 3494): [null:-1]->query
07-14 12:34:01.494 D/MDM :   ( 3494): [null:-1]->QUERY_PINCODE_CHECK_RESULT
07-14 12:34:01.510 D/ContactsProvider( 3494): [Contacts] query 'content://emdmcontacts/company_calllogs', segment size: 1
07-14 12:34:01.526 V/PhoneStatusBar(  450): setLightsOn(true)
07-14 12:34:01.580 D/Assistant( 3494): [---null: -1---]  changeCursor
07-14 12:34:01.588 D/Assistant( 3494): [---null: -1---]  findGroups
07-14 12:34:01.588 D/Assistant( 3494): [---null: -1---]  addGroup
07-14 12:34:01.596 D/Assistant( 3494): [---null: -1---]  addGroup
07-14 12:34:01.596 D/Assistant( 3494): [---null: -1---]  addGroup
07-14 12:34:01.596 D/Assistant( 3494): [---null: -1---]  addGroup
07-14 12:34:01.596 D/Assistant( 3494): [---null: -1---]  addGroup
07-14 12:34:01.619 E/CursorWindow( 3494): Failed to read row 0, column -1 from a CursorWindow which has 38 rows, 9 columns.
07-14 12:34:01.619 D/CallLogAdapter( 3494): java.lang.IllegalStateException: Couldn't read row 0, col -1 from CursorWindow.  Make sure the Cursor is initialized correctly before accessing data from it.
07-14 12:34:01.619 D/CallLogAdapter( 3494): ======no department find======
07-14 12:34:01.619 D/CALLLOGADAPTER( 3494): ++++++++++++++++++================================
07-14 12:34:01.619 D/ContactsProvider( 3494): [Contacts] query 'content://emdmcontacts/company_calllogs', segment size: 1
07-14 12:34:01.627 D/CallLogAdapter( 3494): quickContactView.number=============13220164537
07-14 12:34:01.627 D/CallLogAdapter( 3494): quickContactView.contactUri=============null
07-14 12:34:01.635 D/ContactsProvider( 3494): [Contacts] query 'content://emdmcontacts/contacts', segment size: 1
07-14 12:34:01.643 E/CursorWindow( 3494): Failed to read row 1, column -1 from a CursorWindow which has 38 rows, 9 columns.
07-14 12:34:01.643 D/CallLogAdapter( 3494): java.lang.IllegalStateException: Couldn't read row 1, col -1 from CursorWindow.  Make sure the Cursor is initialized correctly before accessing data from it.
07-14 12:34:01.643 D/CallLogAdapter( 3494): ======no department find======
07-14 12:34:01.643 D/CALLLOGADAPTER( 3494): ++++++++++++++++++================================
07-14 12:34:01.643 D/ContactsProvider( 3494): [Contacts] query 'content://emdmcontacts/company_calllogs', segment size: 1
07-14 12:34:01.651 D/CallLogAdapter( 3494): quickContactView.number=============01056299605
07-14 12:34:01.651 D/CallLogAdapter( 3494): quickContactView.contactUri=============null
07-14 12:34:01.658 D/ContactsProvider( 3494): [Contacts] query 'content://emdmcontacts/contacts', segment size: 1
07-14 12:34:01.666 E/CursorWindow( 3494): Failed to read row 4, column -1 from a CursorWindow which has 38 rows, 9 columns.
07-14 12:34:01.666 D/CallLogAdapter( 3494): java.lang.IllegalStateException: Couldn't read row 4, col -1 from CursorWindow.  Make sure the Cursor is initialized correctly before accessing data from it.
07-14 12:34:01.666 D/CallLogAdapter( 3494): ======no department find======
07-14 12:34:01.666 D/CALLLOGADAPTER( 3494): ++++++++++++++++++================================
07-14 12:34:01.666 D/ContactsProvider( 3494): [Contacts] query 'content://emdmcontacts/company_calllogs', segment size: 1
07-14 12:34:01.674 D/CallLogAdapter( 3494): quickContactView.number=============13263318053
07-14 12:34:01.674 D/CallLogAdapter( 3494): quickContactView.contactUri=============null
07-14 12:34:01.682 D/ContactsProvider( 3494): [Contacts] query 'content://emdmcontacts/contacts', segment size: 1
07-14 12:34:01.682 E/CursorWindow( 3494): Failed to read row 5, column -1 from a CursorWindow which has 38 rows, 9 columns.
07-14 12:34:01.682 D/CallLogAdapter( 3494): java.lang.IllegalStateException: Couldn't read row 5, col -1 from CursorWindow.  Make sure the Cursor is initialized correctly before accessing data from it.
07-14 12:34:01.682 D/CallLogAdapter( 3494): ======no department find======
07-14 12:34:01.682 D/CALLLOGADAPTER( 3494): ++++++++++++++++++================================
07-14 12:34:01.682 D/ContactsProvider( 3494): [Contacts] query 'content://emdmcontacts/company_calllogs', segment size: 1
07-14 12:34:01.698 D/CallLogAdapter( 3494): quickContactView.number=============13522849951
07-14 12:34:01.698 D/CallLogAdapter( 3494): quickContactView.contactUri=============null
07-14 12:34:01.698 D/ContactsProvider( 3494): [Contacts] query 'content://emdmcontacts/contacts', segment size: 1
07-14 12:34:01.705 E/CursorWindow( 3494): Failed to read row 6, column -1 from a CursorWindow which has 38 rows, 9 columns.
07-14 12:34:01.705 D/CallLogAdapter( 3494): java.lang.IllegalStateException: Couldn't read row 6, col -1 from CursorWindow.  Make sure the Cursor is initialized correctly before accessing data from it.
07-14 12:34:01.705 D/CallLogAdapter( 3494): ======no department find======
07-14 12:34:01.705 D/CALLLOGADAPTER( 3494): ++++++++++++++++++================================
07-14 12:34:01.705 D/ContactsProvider( 3494): [Contacts] query 'content://emdmcontacts/company_calllogs', segment size: 1
07-14 12:34:01.713 D/CallLogAdapter( 3494): quickContactView.number=============15010093591
07-14 12:34:01.713 D/CallLogAdapter( 3494): quickContactView.contactUri=============null
07-14 12:34:01.721 D/ContactsProvider( 3494): [Contacts] query 'content://emdmcontacts/contacts', segment size: 1
07-14 12:34:01.807 D/ContactsProvider( 3494): [Contacts] query 'content://emdmcontacts/company_calllogs', segment size: 1
07-14 12:34:01.807 D/Assistant( 3494): [---null: -1---]  changeCursor
07-14 12:34:01.807 D/Assistant( 3494): [---null: -1---]  findGroups
07-14 12:34:01.815 D/Assistant( 3494): [---null: -1---]  addGroup
07-14 12:34:01.815 D/Assistant( 3494): [---null: -1---]  addGroup
07-14 12:34:01.815 D/Assistant( 3494): [---null: -1---]  addGroup
07-14 12:34:01.823 D/Assistant( 3494): [---null: -1---]  addGroup
07-14 12:34:01.823 D/Assistant( 3494): [---null: -1---]  addGroup
07-14 12:34:01.830 E/CursorWindow( 3494): Failed to read row 0, column -1 from a CursorWindow which has 38 rows, 9 columns.
07-14 12:34:01.830 D/CallLogAdapter( 3494): java.lang.IllegalStateException: Couldn't read row 0, col -1 from CursorWindow.  Make sure the Cursor is initialized correctly before accessing data from it.
07-14 12:34:01.830 D/CallLogAdapter( 3494): ======no department find======
07-14 12:34:01.830 D/CALLLOGADAPTER( 3494): ++++++++++++++++++================================
07-14 12:34:01.830 D/ContactsProvider( 3494): [Contacts] query 'content://emdmcontacts/company_calllogs', segment size: 1
07-14 12:34:01.838 D/CallLogAdapter( 3494): quickContactView.number=============13220164537
07-14 12:34:01.838 D/CallLogAdapter( 3494): quickContactView.contactUri=============null
07-14 12:34:01.838 D/ContactsProvider( 3494): [Contacts] query 'content://emdmcontacts/contacts', segment size: 1
07-14 12:34:01.854 E/CursorWindow( 3494): Failed to read row 1, column -1 from a CursorWindow which has 38 rows, 9 columns.
07-14 12:34:01.854 D/CallLogAdapter( 3494): java.lang.IllegalStateException: Couldn't read row 1, col -1 from CursorWindow.  Make sure the Cursor is initialized correctly before accessing data from it.
07-14 12:34:01.854 D/CallLogAdapter( 3494): ======no department find======
07-14 12:34:01.854 D/CALLLOGADAPTER( 3494): ++++++++++++++++++================================
07-14 12:34:01.854 D/ContactsProvider( 3494): [Contacts] query 'content://emdmcontacts/company_calllogs', segment size: 1
07-14 12:34:01.869 D/CallLogAdapter( 3494): quickContactView.number=============01056299605
07-14 12:34:01.869 D/CallLogAdapter( 3494): quickContactView.contactUri=============null
07-14 12:34:01.869 D/ContactsProvider( 3494): [Contacts] query 'content://emdmcontacts/contacts', segment size: 1
07-14 12:34:01.877 E/CursorWindow( 3494): Failed to read row 4, column -1 from a CursorWindow which has 38 rows, 9 columns.
07-14 12:34:01.877 D/CallLogAdapter( 3494): java.lang.IllegalStateException: Couldn't read row 4, col -1 from CursorWindow.  Make sure the Cursor is initialized correctly before accessing data from it.
07-14 12:34:01.877 D/CallLogAdapter( 3494): ======no department find======
07-14 12:34:01.885 D/CALLLOGADAPTER( 3494): ++++++++++++++++++================================
07-14 12:34:01.885 D/ContactsProvider( 3494): [Contacts] query 'content://emdmcontacts/company_calllogs', segment size: 1
07-14 12:34:01.893 D/CallLogAdapter( 3494): quickContactView.number=============13263318053
07-14 12:34:01.893 D/CallLogAdapter( 3494): quickContactView.contactUri=============null
07-14 12:34:01.893 D/ContactsProvider( 3494): [Contacts] query 'content://emdmcontacts/contacts', segment size: 1
07-14 12:34:01.908 E/CursorWindow( 3494): Failed to read row 5, column -1 from a CursorWindow which has 38 rows, 9 columns.
07-14 12:34:01.908 D/CallLogAdapter( 3494): java.lang.IllegalStateException: Couldn't read row 5, col -1 from CursorWindow.  Make sure the Cursor is initialized correctly before accessing data from it.
07-14 12:34:01.908 D/CallLogAdapter( 3494): ======no department find======
07-14 12:34:01.908 D/CALLLOGADAPTER( 3494): ++++++++++++++++++================================
07-14 12:34:01.908 D/ContactsProvider( 3494): [Contacts] query 'content://emdmcontacts/company_calllogs', segment size: 1
07-14 12:34:01.924 D/CallLogAdapter( 3494): quickContactView.number=============13522849951
07-14 12:34:01.924 D/CallLogAdapter( 3494): quickContactView.contactUri=============null
07-14 12:34:01.924 D/ContactsProvider( 3494): [Contacts] query 'content://emdmcontacts/contacts', segment size: 1
07-14 12:34:01.932 E/CursorWindow( 3494): Failed to read row 6, column -1 from a CursorWindow which has 38 rows, 9 columns.
07-14 12:34:01.932 D/CallLogAdapter( 3494): java.lang.IllegalStateException: Couldn't read row 6, col -1 from CursorWindow.  Make sure the Cursor is initialized correctly before accessing data from it.
07-14 12:34:01.932 D/CallLogAdapter( 3494): ======no department find======
07-14 12:34:01.932 D/CALLLOGADAPTER( 3494): ++++++++++++++++++================================
07-14 12:34:01.932 D/ContactsProvider( 3494): [Contacts] query 'content://emdmcontacts/company_calllogs', segment size: 1
07-14 12:34:01.948 D/CallLogAdapter( 3494): quickContactView.number=============15010093591
07-14 12:34:01.948 D/CallLogAdapter( 3494): quickContactView.contactUri=============null
07-14 12:34:01.948 D/ContactsProvider( 3494): [Contacts] query 'content://emdmcontacts/contacts', segment size: 1
07-14 12:34:02.627 I/QueryController( 7485): Matched selector: UiSelector[PACKAGE NAME=com.pekall.emdm] <<==>> [android.view.accessibility.AccessibilityNodeInfo@11736d; boundsInParent: Rect(0, 0 - 720, 1184); boundsInScreen: Rect(0, 0 - 720, 1184); packageName: com.pekall.emdm; className: android.widget.FrameLayout; text: null; contentDescription: null; viewIdResName: null; checkable: false; checked: false; focusable: false; focused: false; selected: false; clickable: false; longClickable: false; enabled: true; password: false; scrollable: false; [ACTION_SELECT, ACTION_CLEAR_SELECTION, ACTION_ACCESSIBILITY_FOCUS]]
07-14 12:34:02.854 D/dalvikvm(  374): GC_FOR_ALLOC freed 1303K, 32% free 18937K/27716K, paused 90ms, total 91ms
07-14 12:34:02.862 D/MdmApplication( 3494): [null:-1]->onActivityPaused contacts.activities.DialtactsActivity , mActivityCount = 2
07-14 12:34:02.862 D/MDM :   ( 3494): [null:-1]->query
07-14 12:34:02.869 D/MDM :   ( 3494): [null:-1]->QUERY_PINCODE_CHECK_RESULT
07-14 12:34:02.869 E/Mdm     ( 3494): Call Mdm service's setLastExitTime function
07-14 12:34:02.893 D/MdmApplication( 3494): [null:-1]->onActivityStarted ui.MainActivity , mActivityCount = 1
07-14 12:34:02.893 D/MDM :   ( 3494): [null:-1]->query
07-14 12:34:02.893 D/MDM :   ( 3494): [null:-1]->QUERY_PINCODE_CHECK_RESULT
07-14 12:34:03.487 D/AssistantCallLogFragment( 3494): [---null: -1---]onDestroyView==============
07-14 12:34:03.510 D/DefaultContactBrowseListFragment( 3494): onDestroyView==============
07-14 12:34:03.862 W/InteractionController( 7485): runAndwaitForEvent timedout waiting for events
07-14 12:34:03.901 I/QueryController( 7485): Matched selector: UiSelector[TEXT=, CLASS=android.widget.TextView] <<==>> [android.view.accessibility.AccessibilityNodeInfo@fecaa; boundsInParent: Rect(0, 0 - 148, 184); boundsInScreen: Rect(376, 572 - 524, 756); packageName: com.pekall.emdm; className: android.widget.TextView; text: ; contentDescription: null; viewIdResName: com.pekall.emdm:id/application_icon_content; checkable: false; checked: false; focusable: true; focused: false; selected: false; clickable: false; longClickable: false; enabled: true; password: false; scrollable: false; [ACTION_FOCUS, ACTION_SELECT, ACTION_CLEAR_SELECTION, ACTION_ACCESSIBILITY_FOCUS, ACTION_NEXT_AT_MOVEMENT_GRANULARITY, ACTION_PREVIOUS_AT_MOVEMENT_GRANULARITY, ACTION_SET_SELECTION]]
07-14 12:34:03.932 I/QueryController( 7485): Matched selector: UiSelector[TEXT=, CLASS=android.widget.TextView] <<==>> [android.view.accessibility.AccessibilityNodeInfo@fe528; boundsInParent: Rect(0, 0 - 148, 184); boundsInScreen: Rect(16, 572 - 164, 756); packageName: com.pekall.emdm; className: android.widget.TextView; text: ; contentDescription: null; viewIdResName: com.pekall.emdm:id/application_icon_content; checkable: false; checked: false; focusable: true; focused: false; selected: false; clickable: false; longClickable: false; enabled: true; password: false; scrollable: false; [ACTION_FOCUS, ACTION_SELECT, ACTION_CLEAR_SELECTION, ACTION_ACCESSIBILITY_FOCUS, ACTION_NEXT_AT_MOVEMENT_GRANULARITY, ACTION_PREVIOUS_AT_MOVEMENT_GRANULARITY, ACTION_SET_SELECTION]]
07-14 12:34:03.971 I/QueryController( 7485): Matched selector: UiSelector[TEXT=, CLASS=android.widget.TextView] <<==>> [android.view.accessibility.AccessibilityNodeInfo@fe167; boundsInParent: Rect(0, 0 - 148, 184); boundsInScreen: Rect(556, 379 - 704, 563); packageName: com.pekall.emdm; className: android.widget.TextView; text: ; contentDescription: null; viewIdResName: com.pekall.emdm:id/application_icon_content; checkable: false; checked: false; focusable: true; focused: false; selected: false; clickable: false; longClickable: false; enabled: true; password: false; scrollable: false; [ACTION_FOCUS, ACTION_SELECT, ACTION_CLEAR_SELECTION, ACTION_ACCESSIBILITY_FOCUS, ACTION_NEXT_AT_MOVEMENT_GRANULARITY, ACTION_PREVIOUS_AT_MOVEMENT_GRANULARITY, ACTION_SET_SELECTION]]
07-14 12:34:03.971 D/InteractionController( 7485): clickAndWaitForNewWindow(630, 471)
07-14 12:34:04.135 I/ActivityManager(  374): START u0 {cmp=com.pekall.emdm/.setting.SettingActivity} from pid 3494
07-14 12:34:04.268 D/dalvikvm(  374): GC_FOR_ALLOC freed 1152K, 32% free 18932K/27716K, paused 88ms, total 89ms
07-14 12:34:04.283 D/MdmApplication( 3494): [null:-1]->onActivityPaused ui.MainActivity , mActivityCount = 2
07-14 12:34:04.283 D/MDM :   ( 3494): [null:-1]->query
07-14 12:34:04.283 D/MDM :   ( 3494): [null:-1]->QUERY_PINCODE_CHECK_RESULT
07-14 12:34:04.283 E/Mdm     ( 3494): Call Mdm service's setLastExitTime function
07-14 12:34:04.424 D/MdmApplication( 3494): [null:-1]->onActivityStarted setting.SettingActivity , mActivityCount = 1
07-14 12:34:04.424 D/MDM :   ( 3494): [null:-1]->query
07-14 12:34:04.432 D/MDM :   ( 3494): [null:-1]->QUERY_PINCODE_CHECK_RESULT
07-14 12:34:04.604 I/ActivityManager(  374): Displayed com.pekall.emdm/.setting.SettingActivity: +308ms
07-14 12:34:05.315 I/QueryController( 7485): Matched selector: UiSelector[TEXT=, CLASS=android.widget.TextView] <<==>> [android.view.accessibility.AccessibilityNodeInfo@12d092; boundsInParent: Rect(0, 0 - 212, 111); boundsInScreen: Rect(65, 836 - 277, 947); packageName: com.pekall.emdm; className: android.widget.TextView; text: ; contentDescription: null; viewIdResName: com.pekall.emdm:id/equipment_details; checkable: false; checked: false; focusable: false; focused: false; selected: false; clickable: false; longClickable: false; enabled: true; password: false; scrollable: false; [ACTION_SELECT, ACTION_CLEAR_SELECTION, ACTION_ACCESSIBILITY_FOCUS, ACTION_NEXT_AT_MOVEMENT_GRANULARITY, ACTION_PREVIOUS_AT_MOVEMENT_GRANULARITY, ACTION_SET_SELECTION]]
07-14 12:34:05.315 D/InteractionController( 7485): clickAndWaitForNewWindow(171, 891)
07-14 12:34:05.338 D/dalvikvm( 1052): GC_CONCURRENT freed 182K, 9% free 10203K/11168K, paused 5ms+3ms, total 42ms
07-14 12:34:05.424 I/ActivityManager(  374): START u0 {cmp=com.pekall.emdm/.setting.DevicesDetailsActivity} from pid 3494
07-14 12:34:05.557 D/dalvikvm(  374): GC_FOR_ALLOC freed 1154K, 32% free 18936K/27716K, paused 88ms, total 89ms
07-14 12:34:05.573 D/MdmApplication( 3494): [null:-1]->onActivityPaused setting.SettingActivity , mActivityCount = 2
07-14 12:34:05.573 D/MDM :   ( 3494): [null:-1]->query
07-14 12:34:05.573 D/MDM :   ( 3494): [null:-1]->QUERY_PINCODE_CHECK_RESULT
07-14 12:34:05.573 E/Mdm     ( 3494): Call Mdm service's setLastExitTime function
07-14 12:34:05.713 D/MdmApplication( 3494): [null:-1]->onActivityStarted setting.DevicesDetailsActivity , mActivityCount = 1
07-14 12:34:05.713 D/MDM :   ( 3494): [null:-1]->query
07-14 12:34:05.713 D/MDM :   ( 3494): [null:-1]->QUERY_PINCODE_CHECK_RESULT
07-14 12:34:05.932 I/ActivityManager(  374): Displayed com.pekall.emdm/.setting.DevicesDetailsActivity: +343ms
07-14 12:34:07.346 I/QueryController( 7485): Matched selector: UiSelector[CONTAINS_TEXT=Android3] <<==>> [android.view.accessibility.AccessibilityNodeInfo@13cfd7; boundsInParent: Rect(0, 0 - 341, 66); boundsInScreen: Rect(110, 889 - 451, 955); packageName: com.pekall.emdm; className: android.widget.TextView; text: Android3
07-14 12:34:07.346 I/QueryController( 7485): 7 14   12:33; contentDescription: null; viewIdResName: com.pekall.emdm:id/tv_current_strategy; checkable: false; checked: false; focusable: false; focused: false; selected: false; clickable: false; longClickable: false; enabled: true; password: false; scrollable: false; [ACTION_SELECT, ACTION_CLEAR_SELECTION, ACTION_ACCESSIBILITY_FOCUS, ACTION_NEXT_AT_MOVEMENT_GRANULARITY, ACTION_PREVIOUS_AT_MOVEMENT_GRANULARITY, ACTION_SET_SELECTION]]
07-14 12:34:07.354 I/AndroidRuntime( 7485): VM exiting with result code 0.
07-14 12:34:07.369 D/dalvikvm( 3494): GC_CONCURRENT freed 3437K, 16% free 20659K/24516K, paused 6ms+10ms, total 125ms
07-14 12:34:07.377 W/CursorWrapperInner( 3494): Cursor finalized without prior close()
07-14 12:34:07.385 W/CursorWrapperInner( 3494): Cursor finalized without prior close()
07-14 12:34:07.385 W/CursorWrapperInner( 3494): Cursor finalized without prior close()
07-14 12:34:17.526 D/LightsService(  374): Excessive delay setting light: 68ms
07-14 12:34:17.760 D/LightsService(  374): Excessive delay setting light: 67ms
07-14 12:34:20.323 I/PowerManagerService(  374): Going to sleep due to screen timeout...
07-14 12:34:21.065 D/SurfaceFlinger(  124): Screen released, type=0 flinger=0x41e1a478
07-14 12:34:21.205 D/dalvikvm(  374): GC_FOR_ALLOC freed 1237K, 30% free 19581K/27716K, paused 83ms, total 83ms
07-14 12:34:21.213 D/MdmApplication( 3494): [null:-1]->onActivityPaused setting.DevicesDetailsActivity , mActivityCount = 2
07-14 12:34:21.213 D/MDM :   ( 3494): [null:-1]->query
07-14 12:34:21.213 I/WindowManager(  374): Screenshot Window{42d19918 u0 com.pekall.emdm/com.pekall.emdm.setting.DevicesDetailsActivity} was all black! mSurfaceLayer=21020 minLayer=21000 maxLayer=21020
07-14 12:34:21.221 D/MDM :   ( 3494): [null:-1]->QUERY_PINCODE_CHECK_RESULT
07-14 12:34:21.221 E/Mdm     ( 3494): Call Mdm service's setLastExitTime function
07-14 12:34:21.362 D/NfcService(  582): NFC-C OFF, disconnect
07-14 12:34:21.432 D/dalvikvm(  636): GC_FOR_ALLOC freed 1030K, 10% free 12683K/14092K, paused 61ms, total 61ms
07-14 12:34:21.448 V/KeyguardHostView(  374): hide transport, gen:23
07-14 12:34:21.448 V/KeyguardHostView(  374): music state changed: 0
07-14 12:34:21.502 D/PhoneStatusBar(  450): disable: < expand icons alerts ticker system_info back home RECENT* clock search >
07-14 12:34:21.541 V/TAG     (  374): bug 7643792: fitSystemWindows([0,50][0,0])
07-14 12:34:21.549 D/MDM :   ( 3494): [null:-1]->query
07-14 12:34:21.549 D/MDM :   ( 3494): [null:-1]->QUERY_SETTING_PIN_ONOFF
07-14 12:34:21.690 D/PhoneStatusBar(  450): disable: < expand icons alerts ticker system_info BACK* HOME* RECENT CLOCK* search >
07-14 12:34:28.737 D/MDM :   ( 3494): [null:-1]->MSG_WEBSOCKET_MESSAGE : {"id":-1988248583,"type":0,"command":0,"result":0,"reason":0,"params":{"msgId":"a0269841-2559-4231-9f4e-9270250f6fe1,a0269841255942319f4e9270250f6fe1","device":"ffffffffc539bb10fffffffff7aea961","message":"{\"subject\":\"DevicePushMessage\",\"content\":\"This is a push message!\"}"}}
07-14 12:34:28.752 D/MdmService( 3494): [null:-1]->push message type :0
07-14 12:34:28.752 D/MdmService( 3494): [null:-1]->cmdMessage : {"subject":"DevicePushMessage","content":"This is a push message!"}
07-14 12:34:28.752 D/MDM :   ( 3494): [null:-1]->ContentMessage{subject='DevicePushMessage', content='This is a push message!'}
07-14 12:34:28.768 D/mdm_log ( 3494): [null:-1]->action is : com.pekall.mdm.action.SHOWMSG
07-14 12:34:28.838 E/DB      ( 3494): bind, index: 1, value: 0
07-14 12:34:28.838 D/DB      ( 3494): query: SQLiteQuery: SELECT * FROM message WHERE status =?
07-14 12:34:28.838 D/DB      ( 3494): factory null
07-14 12:34:28.838 D/DB      ( 3494): fillWindow: 0
07-14 12:34:28.838 D/DB      ( 3494): cursor 1
07-14 12:34:28.838 E/DB      ( 3494): bind, index: 1, value: 0
07-14 12:34:28.838 E/DB      ( 3494): bind, index: 2, value: 100
07-14 12:34:28.838 D/DB      ( 3494): query: SQLiteQuery: SELECT * FROM message WHERE status=? and type=?
07-14 12:34:28.838 D/DB      ( 3494): factory null
07-14 12:34:28.838 D/DB      ( 3494): fillWindow: 0
07-14 12:34:28.846 D/DB      ( 3494): cursor 1
07-14 12:34:28.846 E/DB      ( 3494): bind, index: 1, value: 0
07-14 12:34:28.846 D/DB      ( 3494): query: SQLiteQuery: SELECT * FROM message WHERE status =?
07-14 12:34:28.846 D/DB      ( 3494): factory null
07-14 12:34:28.846 D/DB      ( 3494): fillWindow: 0
07-14 12:34:28.846 D/DB      ( 3494): cursor 1
07-14 12:34:28.869 E/Mdm     ( 3494): Call Mdm service's recordIconCount function
07-14 12:34:28.885 D/PushMessageWidget( 3494): [null:-1]->action is : com.pekall.emdm.message.UPDATE_MESSAGE
07-14 12:34:28.885 D/PushMessageWidget( 3494): [null:-1]->call onUpdate 
07-14 12:34:28.893 E/DB      ( 3494): bind, index: 1, value: 100
07-14 12:34:28.893 I/AudioService(  374):  AudioFocus  requestAudioFocus() from android.media.AudioManager@42c75980
07-14 12:34:28.893 D/DB      ( 3494): query: SQLiteQuery: SELECT subject, msg, date FROM message WHERE type = ?  ORDER BY _id DESC
07-14 12:34:28.893 D/DB      ( 3494): factory null
07-14 12:34:28.893 D/DB      ( 3494): fillWindow: 0
07-14 12:34:28.893 V/KeyguardHostView(  374): hide transport, gen:24
07-14 12:34:28.893 D/DB      ( 3494): cursor 6
07-14 12:34:28.893 D/PushMessageWidget( 3494): cursor count is 6
07-14 12:34:28.893 D/DB      ( 3494): moveToPos: 0
07-14 12:34:28.893 D/DB      ( 3494): onMove: 0
07-14 12:34:28.901 D/PushMessageWidget( 3494): fill data and title is : DevicePushMessage , content is : This is a push message!
07-14 12:34:30.041 I/AudioService(  374):  AudioFocus  abandonAudioFocus() from android.media.AudioManager@42c75980
07-14 12:34:30.041 V/KeyguardHostView(  374): hide transport, gen:25
07-14 12:34:31.112 D/dalvikvm( 6152): GC_FOR_ALLOC freed 423K, 8% free 9354K/10072K, paused 31ms, total 31ms
07-14 12:34:31.127 W/MountService(  374): getVolumeState(/storage/emulated/0/external_sd): Unknown volume
07-14 12:34:31.127 W/MountService(  374): getVolumeState(/mnt/sdcard-ext): Unknown volume
07-14 12:34:31.127 W/MountService(  374): getVolumeState(/mnt/ext_sdcard): Unknown volume
07-14 12:34:31.127 W/MountService(  374): getVolumeState(/mnt/sdcard2): Unknown volume
07-14 12:34:31.127 W/MountService(  374): getVolumeState(/mnt/emmc): Unknown volume
07-14 12:34:31.127 W/MountService(  374): getVolumeState(/mnt/extSdCard): Unknown volume
07-14 12:34:31.127 W/MountService(  374): getVolumeState(/mnt/sdcard/SD_CARD): Unknown volume
07-14 12:34:31.127 W/MountService(  374): getVolumeState(/mnt/sdcard/extra_sd): Unknown volume
07-14 12:34:31.127 W/MountService(  374): getVolumeState(/mnt/extrasd_bind): Unknown volume
07-14 12:34:31.127 W/MountService(  374): getVolumeState(/mnt/sdcard/ext_sd): Unknown volume
07-14 12:34:31.135 W/MountService(  374): getVolumeState(/storage/extSdCard): Unknown volume
07-14 12:34:31.135 W/MountService(  374): getVolumeState(/storage/sdcard1): Unknown volume
07-14 12:34:31.135 W/MountService(  374): getVolumeState(/mnt/sdcard/external_SD): Unknown volume
07-14 12:34:31.135 W/MountService(  374): getVolumeState(/mnt/sdcard/external_sd): Unknown volume
07-14 12:34:31.143 D/dalvikvm( 6152): GC_CONCURRENT freed 82K, 7% free 9403K/10072K, paused 3ms+4ms, total 33ms
07-14 12:34:31.346 D/dalvikvm( 6152): GC_CONCURRENT freed 463K, 8% free 9366K/10072K, paused 2ms+3ms, total 28ms
07-14 12:34:31.377 W/MountService(  374): getVolumeState(/storage/emulated/0/external_sd): Unknown volume
07-14 12:34:31.377 W/MountService(  374): getVolumeState(/mnt/sdcard-ext): Unknown volume
07-14 12:34:31.377 W/MountService(  374): getVolumeState(/mnt/ext_sdcard): Unknown volume
07-14 12:34:31.377 W/MountService(  374): getVolumeState(/mnt/sdcard2): Unknown volume
07-14 12:34:31.377 W/MountService(  374): getVolumeState(/mnt/emmc): Unknown volume
07-14 12:34:31.385 W/MountService(  374): getVolumeState(/mnt/extSdCard): Unknown volume
07-14 12:34:31.385 W/MountService(  374): getVolumeState(/mnt/sdcard/SD_CARD): Unknown volume
07-14 12:34:31.385 W/MountService(  374): getVolumeState(/mnt/sdcard/extra_sd): Unknown volume
07-14 12:34:31.385 W/MountService(  374): getVolumeState(/mnt/extrasd_bind): Unknown volume
07-14 12:34:31.393 W/MountService(  374): getVolumeState(/mnt/sdcard/ext_sd): Unknown volume
07-14 12:34:31.393 W/MountService(  374): getVolumeState(/storage/extSdCard): Unknown volume
07-14 12:34:31.393 W/MountService(  374): getVolumeState(/storage/sdcard1): Unknown volume
07-14 12:34:31.393 W/MountService(  374): getVolumeState(/mnt/sdcard/external_SD): Unknown volume
07-14 12:34:31.393 W/MountService(  374): getVolumeState(/mnt/sdcard/external_sd): Unknown volume
07-14 12:34:31.448 D/dalvikvm( 6152): GC_CONCURRENT freed 420K, 7% free 9390K/10072K, paused 3ms+3ms, total 24ms
07-14 12:34:39.737 D/AndroidRuntime( 7563): 
07-14 12:34:39.737 D/AndroidRuntime( 7563): >>>>>> AndroidRuntime START com.android.internal.os.RuntimeInit <<<<<<
07-14 12:34:39.737 D/AndroidRuntime( 7563): CheckJNI is OFF
07-14 12:34:39.752 D/dalvikvm( 7563): Trying to load lib libjavacore.so 0x0
07-14 12:34:39.760 D/dalvikvm( 7563): Added shared lib libjavacore.so 0x0
07-14 12:34:39.776 D/dalvikvm( 7563): Trying to load lib libnativehelper.so 0x0
07-14 12:34:39.776 D/dalvikvm( 7563): Added shared lib libnativehelper.so 0x0
07-14 12:34:39.994 D/AndroidRuntime( 7563): Calling main entry com.android.commands.uiautomator.Launcher
07-14 12:34:40.033 E/UiDevice( 7563): Exceuting watcher: ANRWatcher
07-14 12:34:40.033 E/UiDevice( 7563): java.lang.RuntimeException: UiDevice not initialized
07-14 12:34:40.033 E/UiDevice( 7563): 	at com.android.uiautomator.core.UiDevice.getAutomatorBridge(UiDevice.java:87)
07-14 12:34:40.033 E/UiDevice( 7563): 	at com.android.uiautomator.core.UiDevice.wakeUp(UiDevice.java:719)
07-14 12:34:40.033 E/UiDevice( 7563): 	at com.pekall.test.mdmui.util.UiANRWatcher.checkForCondition(UiANRWatcher.java:23)
07-14 12:34:40.033 E/UiDevice( 7563): 	at com.android.uiautomator.core.UiDevice.runWatchers(UiDevice.java:554)
07-14 12:34:40.033 E/UiDevice( 7563): 	at com.pekall.test.mdmui.util.UiANRWatcher.run(UiANRWatcher.java:41)
07-14 12:34:40.033 E/UiDevice( 7563): 	at com.pekall.test.mdmui.Message.<clinit>(Message.java:23)
07-14 12:34:40.033 E/UiDevice( 7563): 	at java.lang.Class.newInstanceImpl(Native Method)
07-14 12:34:40.033 E/UiDevice( 7563): 	at java.lang.Class.newInstance(Class.java:1130)
07-14 12:34:40.033 E/UiDevice( 7563): 	at com.android.uiautomator.testrunner.TestCaseCollector.addSingleTestMethod(TestCaseCollector.java:110)
07-14 12:34:40.033 E/UiDevice( 7563): 	at com.android.uiautomator.testrunner.TestCaseCollector.addTestClass(TestCaseCollector.java:86)
07-14 12:34:40.033 E/UiDevice( 7563): 	at com.android.uiautomator.testrunner.TestCaseCollector.addTestClass(TestCaseCollector.java:72)
07-14 12:34:40.033 E/UiDevice( 7563): 	at com.android.uiautomator.testrunner.TestCaseCollector.addTestClasses(TestCaseCollector.java:53)
07-14 12:34:40.033 E/UiDevice( 7563): 	at com.android.uiautomator.testrunner.UiAutomatorTestRunner.start(UiAutomatorTestRunner.java:106)
07-14 12:34:40.033 E/UiDevice( 7563): 	at com.android.uiautomator.testrunner.UiAutomatorTestRunner.run(UiAutomatorTestRunner.java:96)
07-14 12:34:40.033 E/UiDevice( 7563): 	at com.android.commands.uiautomator.RunTestCommand.run(RunTestCommand.java:91)
07-14 12:34:40.033 E/UiDevice( 7563): 	at com.android.commands.uiautomator.Launcher.main(Launcher.java:83)
07-14 12:34:40.033 E/UiDevice( 7563): 	at com.android.internal.os.RuntimeInit.nativeFinishInit(Native Method)
07-14 12:34:40.033 E/UiDevice( 7563): 	at com.android.internal.os.RuntimeInit.main(RuntimeInit.java:235)
07-14 12:34:40.033 E/UiDevice( 7563): 	at dalvik.system.NativeStart.main(Native Method)
07-14 12:34:40.049 D/dalvikvm( 7563): Note: class Landroid/app/ActivityManagerNative; has 163 unimplemented (abstract) methods
07-14 12:34:40.104 I/PowerManagerService(  374): Waking up from sleep...
07-14 12:34:40.143 I/WindowManager(  374): Lock screen displayed!
07-14 12:34:40.377 V/DigitalWidgetViewsFactory( 2502): DigitalWidget sets next alarm string to null
07-14 12:34:40.471 D/PowerManagerService-JNI(  374): Excessive delay in autosuspend_disable() while turning screen on: 360ms
07-14 12:34:40.471 D/SurfaceFlinger(  124): Screen acquired, type=0 flinger=0x41e1a478
07-14 12:34:40.557 D/LightsService(  374): Excessive delay setting light: 87ms
07-14 12:34:40.619 D/LightsService(  374): Excessive delay setting light: 64ms
07-14 12:34:40.783 D/AndroidRuntime( 7582): 
07-14 12:34:40.783 D/AndroidRuntime( 7582): >>>>>> AndroidRuntime START com.android.internal.os.RuntimeInit <<<<<<
07-14 12:34:40.783 D/AndroidRuntime( 7582): CheckJNI is OFF
07-14 12:34:40.791 D/dalvikvm( 7582): Trying to load lib libjavacore.so 0x0
07-14 12:34:40.799 D/dalvikvm( 7582): Added shared lib libjavacore.so 0x0
07-14 12:34:40.823 D/dalvikvm( 7582): Trying to load lib libnativehelper.so 0x0
07-14 12:34:40.823 D/dalvikvm( 7582): Added shared lib libnativehelper.so 0x0
07-14 12:34:40.955 D/dalvikvm( 6579): GC_CONCURRENT freed 203K, 3% free 9106K/9344K, paused 4ms+3ms, total 472ms
07-14 12:34:41.112 D/AndroidRuntime( 7582): Calling main entry com.qihoo360.powerctl.root.app.App
07-14 12:34:41.112 D/AndroidRuntime( 7582): Shutting down VM
07-14 12:34:41.112 I/AndroidRuntime( 7582): NOTE: attach of thread 'Binder_1' failed
07-14 12:34:41.119 D/dalvikvm( 7582): GC_CONCURRENT freed 114K, 22% free 467K/592K, paused 1ms+0ms, total 4ms
07-14 12:34:42.049 I/QueryController( 7563): Matched selector: UiSelector[DESCRIPTION=] <<==>> [android.view.accessibility.AccessibilityNodeInfo@206f85; boundsInParent: Rect(0, 0 - 720, 756); boundsInScreen: Rect(0, 547 - 720, 1303); packageName: android; className: android.view.View; text: null; contentDescription: ; viewIdResName: android:id/glow_pad_view; checkable: false; checked: false; focusable: false; focused: false; selected: false; clickable: false; longClickable: false; enabled: true; password: false; scrollable: false; [ACTION_SELECT, ACTION_CLEAR_SELECTION, ACTION_ACCESSIBILITY_FOCUS, ACTION_NEXT_AT_MOVEMENT_GRANULARITY, ACTION_PREVIOUS_AT_MOVEMENT_GRANULARITY, ACTION_SET_SELECTION]]
07-14 12:34:42.065 W/GlowPadView(  374): The number of target drawables must be equal to the number of direction descriptions.
07-14 12:34:42.346 D/MdmApplication( 3494): [null:-1]->onActivityStarted setting.DevicesDetailsActivity , mActivityCount = 1
07-14 12:34:42.354 D/MDM :   ( 3494): [null:-1]->query
07-14 12:34:42.354 D/MDM :   ( 3494): [null:-1]->QUERY_PINCODE_CHECK_RESULT
07-14 12:34:42.362 D/PhoneStatusBar(  450): disable: < expand icons alerts ticker system_info BACK HOME recent* CLOCK search >
07-14 12:34:42.377 D/NfcService(  582): NFC-C ON
07-14 12:34:42.448 W/InputMethodManagerService(  374): Window already focused, ignoring focus gain of: com.android.internal.view.IInputMethodClient$Stub$Proxy@42e88570 attribute=android.view.inputmethod.EditorInfo@42d61c90, token = android.os.BinderProxy@43148b20
07-14 12:34:42.455 D/PhoneStatusBar(  450): disable: < expand icons alerts ticker system_info back* home* recent clock* search >
07-14 12:34:42.885 V/TAG     (  374): bug 7643792: fitSystemWindows([0,50][0,0])
07-14 12:34:42.940 D/dalvikvm(  374): GC_CONCURRENT freed 2261K, 29% free 19876K/27716K, paused 15ms+26ms, total 321ms
07-14 12:34:42.948 D/AndroidRuntime( 7603): 
07-14 12:34:42.948 D/AndroidRuntime( 7603): >>>>>> AndroidRuntime START com.android.internal.os.RuntimeInit <<<<<<
07-14 12:34:42.948 D/AndroidRuntime( 7603): CheckJNI is OFF
07-14 12:34:42.963 D/dalvikvm( 7603): Trying to load lib libjavacore.so 0x0
07-14 12:34:42.971 D/dalvikvm( 7603): Added shared lib libjavacore.so 0x0
07-14 12:34:42.987 D/dalvikvm( 7603): Trying to load lib libnativehelper.so 0x0
07-14 12:34:42.987 D/dalvikvm( 7603): Added shared lib libnativehelper.so 0x0
