07-14 12:21:31.158 W/MountService(  374): getVolumeState(/storage/emulated/0/external_sd): Unknown volume
07-14 12:21:31.158 W/MountService(  374): getVolumeState(/mnt/sdcard-ext): Unknown volume
07-14 12:21:31.166 W/MountService(  374): getVolumeState(/mnt/ext_sdcard): Unknown volume
07-14 12:21:31.166 W/MountService(  374): getVolumeState(/mnt/sdcard2): Unknown volume
07-14 12:21:31.166 W/MountService(  374): getVolumeState(/mnt/emmc): Unknown volume
07-14 12:21:31.166 W/MountService(  374): getVolumeState(/mnt/extSdCard): Unknown volume
07-14 12:21:31.166 W/MountService(  374): getVolumeState(/mnt/sdcard/SD_CARD): Unknown volume
07-14 12:21:31.174 W/MountService(  374): getVolumeState(/mnt/sdcard/extra_sd): Unknown volume
07-14 12:21:31.174 W/MountService(  374): getVolumeState(/mnt/extrasd_bind): Unknown volume
07-14 12:21:31.174 W/MountService(  374): getVolumeState(/mnt/sdcard/ext_sd): Unknown volume
07-14 12:21:31.182 W/MountService(  374): getVolumeState(/storage/extSdCard): Unknown volume
07-14 12:21:31.182 W/MountService(  374): getVolumeState(/storage/sdcard1): Unknown volume
07-14 12:21:31.182 W/MountService(  374): getVolumeState(/mnt/sdcard/external_SD): Unknown volume
07-14 12:21:31.182 W/MountService(  374): getVolumeState(/mnt/sdcard/external_sd): Unknown volume
07-14 12:21:33.533 I/ActivityManager(  374): No longer want com.google.android.apps.currents (pid 1105): empty for 1800s
07-14 12:21:33.549 W/ActivityManager(  374): Scheduling restart of crashed service com.google.android.apps.currents/com.google.apps.dots.android.dotslib.service.AudioPlayerService in 5000ms
07-14 12:21:34.526 I/ActivityManager(  374): START u0 {cmp=com.pekall.emdm/.contacts.activities.PeopleActivity} from pid 3494
07-14 12:21:34.783 I/ActivityManager(  374): START u0 {cmp=com.pekall.emdm/.contacts.activities.DialtactsActivity (has extras)} from pid 3494
07-14 12:21:45.596 I/ActivityManager(  374): No longer want com.pekall.nmefc (pid 1958): empty for 1800s
07-14 12:21:45.612 W/ActivityManager(  374): Scheduling restart of crashed service com.pekall.nmefc/com.pekall.lib.push.PushService in 5000ms
07-14 12:21:48.237 I/ActivityManager(  374): No longer want com.google.android.apps.maps:GoogleLocationService (pid 835): empty for 1822s
07-14 12:21:48.260 W/ActivityManager(  374): Scheduling restart of crashed service com.google.android.apps.maps/com.google.android.location.internal.server.GoogleLocationService in 12353ms
07-14 12:21:50.635 I/ActivityManager(  374): Start proc com.pekall.nmefc for service com.pekall.nmefc/com.pekall.lib.push.PushService: pid=4980 uid=10068 gids={50068, 1015, 1028, 3003}
07-14 12:21:51.627 I/PowerManagerService(  374): Going to sleep due to screen timeout...
07-14 12:21:52.549 I/WindowManager(  374): Screenshot Window{42ba5160 u0 com.pekall.emdm/com.pekall.emdm.contacts.activities.DialtactsActivity} was all black! mSurfaceLayer=21015 minLayer=21000 maxLayer=21015
07-14 12:21:52.776 D/PhoneStatusBar(  450): disable: < expand icons alerts ticker system_info back home RECENT* clock search >
07-14 12:21:52.948 D/PhoneStatusBar(  450): disable: < expand icons alerts ticker system_info BACK* HOME* RECENT CLOCK* search >
07-14 12:21:57.588 I/ActivityManager(  374): No longer want com.google.android.setupwizard (pid 3252): empty #17
07-14 12:21:57.596 I/ActivityManager(  374): No longer want com.google.android.music:main (pid 2282): empty #18
07-14 12:21:57.612 W/ActivityManager(  374): Scheduling restart of crashed service com.google.android.music/.playback.MusicPlaybackService in 13002ms
07-14 12:22:00.635 I/ActivityManager(  374): Start proc com.google.android.apps.maps:GoogleLocationService for service com.google.android.apps.maps/com.google.android.location.internal.server.GoogleLocationService: pid=5005 uid=10038 gids={50038, 3003, 1015, 1028}
07-14 12:22:01.502 I/ActivityManager(  374): Start proc com.google.android.apps.maps:FriendService for broadcast com.google.android.apps.maps/com.google.googlenav.friend.android.ServiceReceiver: pid=5026 uid=10038 gids={50038, 3003, 1015, 1028}
07-14 12:22:01.612 W/ActivityManager(  374): Permission denied: checkComponentPermission() owningUid=10009
07-14 12:22:01.612 W/BroadcastQueue(  374): Permission Denial: broadcasting Intent { act=com.google.android.location.internal.server.ACTION_RESTARTED flg=0x10 } from com.google.android.apps.maps (pid=5005, uid=10038) is not exported from uid 10009 due to receiver com.google.android.gms/com.google.android.location.reporting.service.ExternalChangeReceiver
07-14 12:22:01.619 I/ActivityManager(  374): No longer want com.google.android.partnersetup (pid 3224): empty #17
07-14 12:22:01.627 I/ActivityManager(  374): Start proc com.google.android.apps.maps:LocationFriendService for broadcast com.google.android.apps.maps/com.google.googlenav.friend.reporting.LocationReportingIntentReceiver: pid=5038 uid=10038 gids={50038, 3003, 1015, 1028}
07-14 12:22:01.768 I/ActivityManager(  374): No longer want com.google.android.configupdater (pid 3195): empty #17
07-14 12:22:06.533 I/ActivityManager(  374): No longer want com.dragon.android.pandaspace:bdservice_v1 (pid 1425): empty for 1802s
07-14 12:22:06.541 W/ActivityManager(  374): Scheduling restart of crashed service com.dragon.android.pandaspace/com.baidu.android.moplus.MoPlusService in 14068ms
07-14 12:22:10.635 I/ActivityManager(  374): Start proc com.google.android.music:main for service com.google.android.music/.playback.MusicPlaybackService: pid=5058 uid=10041 gids={50041, 3003, 1015, 1028}
07-14 12:22:20.635 I/ActivityManager(  374): Start proc com.dragon.android.pandaspace:bdservice_v1 for service com.dragon.android.pandaspace/com.baidu.android.moplus.MoPlusService: pid=5090 uid=10081 gids={50081, 1015, 3003, 1006, 1028}
07-14 12:22:30.471 W/MountService(  374): getVolumeState(/storage/emulated/0/external_sd): Unknown volume
07-14 12:22:30.471 W/MountService(  374): getVolumeState(/mnt/sdcard-ext): Unknown volume
07-14 12:22:30.471 W/MountService(  374): getVolumeState(/mnt/ext_sdcard): Unknown volume
07-14 12:22:30.471 W/MountService(  374): getVolumeState(/mnt/sdcard2): Unknown volume
07-14 12:22:30.479 W/MountService(  374): getVolumeState(/mnt/emmc): Unknown volume
07-14 12:22:30.479 W/MountService(  374): getVolumeState(/mnt/extSdCard): Unknown volume
07-14 12:22:30.479 W/MountService(  374): getVolumeState(/mnt/sdcard/SD_CARD): Unknown volume
07-14 12:22:30.479 W/MountService(  374): getVolumeState(/mnt/sdcard/extra_sd): Unknown volume
07-14 12:22:30.479 W/MountService(  374): getVolumeState(/mnt/extrasd_bind): Unknown volume
07-14 12:22:30.479 W/MountService(  374): getVolumeState(/mnt/sdcard/ext_sd): Unknown volume
07-14 12:22:30.479 W/MountService(  374): getVolumeState(/storage/extSdCard): Unknown volume
07-14 12:22:30.479 W/MountService(  374): getVolumeState(/storage/sdcard1): Unknown volume
07-14 12:22:30.487 W/MountService(  374): getVolumeState(/mnt/sdcard/external_SD): Unknown volume
07-14 12:22:30.487 W/MountService(  374): getVolumeState(/mnt/sdcard/external_sd): Unknown volume
07-14 12:22:30.862 W/MountService(  374): getVolumeState(/storage/emulated/0/external_sd): Unknown volume
07-14 12:22:30.862 W/MountService(  374): getVolumeState(/mnt/sdcard-ext): Unknown volume
07-14 12:22:30.862 W/MountService(  374): getVolumeState(/mnt/ext_sdcard): Unknown volume
07-14 12:22:30.862 W/MountService(  374): getVolumeState(/mnt/sdcard2): Unknown volume
07-14 12:22:30.862 W/MountService(  374): getVolumeState(/mnt/emmc): Unknown volume
07-14 12:22:30.862 W/MountService(  374): getVolumeState(/mnt/extSdCard): Unknown volume
07-14 12:22:30.862 W/MountService(  374): getVolumeState(/mnt/sdcard/SD_CARD): Unknown volume
07-14 12:22:30.862 W/MountService(  374): getVolumeState(/mnt/sdcard/extra_sd): Unknown volume
07-14 12:22:30.869 W/MountService(  374): getVolumeState(/mnt/extrasd_bind): Unknown volume
07-14 12:22:30.869 W/MountService(  374): getVolumeState(/mnt/sdcard/ext_sd): Unknown volume
07-14 12:22:30.869 W/MountService(  374): getVolumeState(/storage/extSdCard): Unknown volume
07-14 12:22:30.869 W/MountService(  374): getVolumeState(/storage/sdcard1): Unknown volume
07-14 12:22:30.869 W/MountService(  374): getVolumeState(/mnt/sdcard/external_SD): Unknown volume
07-14 12:22:30.869 W/MountService(  374): getVolumeState(/mnt/sdcard/external_sd): Unknown volume
07-14 12:22:39.955 I/PowerManagerService(  374): Waking up from sleep...
07-14 12:22:40.057 I/WindowManager(  374): Lock screen displayed!
07-14 12:22:42.229 D/PhoneStatusBar(  450): disable: < expand icons alerts ticker system_info BACK HOME recent* CLOCK search >
07-14 12:22:42.369 D/PhoneStatusBar(  450): disable: < expand icons alerts ticker system_info back* home* recent clock* search >
07-14 12:22:42.416 W/InputMethodManagerService(  374): Window already focused, ignoring focus gain of: com.android.internal.view.IInputMethodClient$Stub$Proxy@42f71310 attribute=android.view.inputmethod.EditorInfo@42fdb0c0, token = android.os.BinderProxy@42f55040
07-14 12:22:43.346 I/ActivityManager(  374): START u0 {act=android.intent.action.MAIN cat=[android.intent.category.HOME] flg=0x10200000 cmp=com.android.launcher/com.android.launcher2.Launcher} from pid 374
07-14 12:22:45.260 I/ActivityManager(  374): START u0 {act=android.intent.action.MAIN cat=[android.intent.category.LAUNCHER] flg=0x10200000 cmp=com.pekall.emdm/.ui.SplashActivity} from pid 595
07-14 12:22:47.838 I/ActivityManager(  374): START u0 {cmp=com.pekall.emdm/.setting.SettingActivity} from pid 3494
07-14 12:22:49.143 I/ActivityManager(  374): START u0 {cmp=com.pekall.emdm/.setting.DevicesDetailsActivity} from pid 3494
07-14 12:23:04.041 I/PowerManagerService(  374): Going to sleep due to screen timeout...
07-14 12:23:04.846 I/WindowManager(  374): Screenshot Window{42baf2f8 u0 com.pekall.emdm/com.pekall.emdm.setting.DevicesDetailsActivity} was all black! mSurfaceLayer=21020 minLayer=21000 maxLayer=21020
07-14 12:23:05.198 D/PhoneStatusBar(  450): disable: < expand icons alerts ticker system_info back home RECENT* clock search >
07-14 12:23:05.346 D/PhoneStatusBar(  450): disable: < expand icons alerts ticker system_info BACK* HOME* RECENT CLOCK* search >
07-14 12:23:25.666 I/PowerManagerService(  374): Waking up from sleep...
07-14 12:23:25.690 I/ActivityManager(  374): No longer want com.google.android.calendar (pid 3403): empty #17
07-14 12:23:25.705 I/WindowManager(  374): Lock screen displayed!
07-14 12:23:27.869 D/PhoneStatusBar(  450): disable: < expand icons alerts ticker system_info BACK HOME recent* CLOCK search >
07-14 12:23:27.955 D/PhoneStatusBar(  450): disable: < expand icons alerts ticker system_info back* home* recent clock* search >
07-14 12:23:27.955 W/InputMethodManagerService(  374): Window already focused, ignoring focus gain of: com.android.internal.view.IInputMethodClient$Stub$Proxy@42cca0e8 attribute=android.view.inputmethod.EditorInfo@42cca0f8, token = android.os.BinderProxy@4315b468
07-14 12:23:28.729 I/ActivityManager(  374): START u0 {act=android.intent.action.MAIN cat=[android.intent.category.HOME] flg=0x10200000 cmp=com.android.launcher/com.android.launcher2.Launcher} from pid 374
07-14 12:23:30.502 W/MountService(  374): getVolumeState(/storage/emulated/0/external_sd): Unknown volume
07-14 12:23:30.502 W/MountService(  374): getVolumeState(/mnt/sdcard-ext): Unknown volume
07-14 12:23:30.502 W/MountService(  374): getVolumeState(/mnt/ext_sdcard): Unknown volume
07-14 12:23:30.502 W/MountService(  374): getVolumeState(/mnt/sdcard2): Unknown volume
07-14 12:23:30.502 W/MountService(  374): getVolumeState(/mnt/emmc): Unknown volume
07-14 12:23:30.502 W/MountService(  374): getVolumeState(/mnt/extSdCard): Unknown volume
07-14 12:23:30.502 W/MountService(  374): getVolumeState(/mnt/sdcard/SD_CARD): Unknown volume
07-14 12:23:30.510 W/MountService(  374): getVolumeState(/mnt/sdcard/extra_sd): Unknown volume
07-14 12:23:30.510 W/MountService(  374): getVolumeState(/mnt/extrasd_bind): Unknown volume
07-14 12:23:30.510 W/MountService(  374): getVolumeState(/mnt/sdcard/ext_sd): Unknown volume
07-14 12:23:30.510 W/MountService(  374): getVolumeState(/storage/extSdCard): Unknown volume
07-14 12:23:30.510 W/MountService(  374): getVolumeState(/storage/sdcard1): Unknown volume
07-14 12:23:30.510 W/MountService(  374): getVolumeState(/mnt/sdcard/external_SD): Unknown volume
07-14 12:23:30.518 W/MountService(  374): getVolumeState(/mnt/sdcard/external_sd): Unknown volume
07-14 12:23:30.744 I/ActivityManager(  374): START u0 {act=android.intent.action.MAIN cat=[android.intent.category.LAUNCHER] flg=0x10200000 cmp=com.pekall.emdm/.ui.SplashActivity} from pid 595
07-14 12:23:31.088 W/MountService(  374): getVolumeState(/storage/emulated/0/external_sd): Unknown volume
07-14 12:23:31.088 W/MountService(  374): getVolumeState(/mnt/sdcard-ext): Unknown volume
07-14 12:23:31.096 W/MountService(  374): getVolumeState(/mnt/ext_sdcard): Unknown volume
07-14 12:23:31.096 W/MountService(  374): getVolumeState(/mnt/sdcard2): Unknown volume
07-14 12:23:31.096 W/MountService(  374): getVolumeState(/mnt/emmc): Unknown volume
07-14 12:23:31.096 W/MountService(  374): getVolumeState(/mnt/extSdCard): Unknown volume
07-14 12:23:31.096 W/MountService(  374): getVolumeState(/mnt/sdcard/SD_CARD): Unknown volume
07-14 12:23:31.104 W/MountService(  374): getVolumeState(/mnt/sdcard/extra_sd): Unknown volume
07-14 12:23:31.104 W/MountService(  374): getVolumeState(/mnt/extrasd_bind): Unknown volume
07-14 12:23:31.104 W/MountService(  374): getVolumeState(/mnt/sdcard/ext_sd): Unknown volume
07-14 12:23:31.104 W/MountService(  374): getVolumeState(/storage/extSdCard): Unknown volume
07-14 12:23:31.104 W/MountService(  374): getVolumeState(/storage/sdcard1): Unknown volume
07-14 12:23:31.104 W/MountService(  374): getVolumeState(/mnt/sdcard/external_SD): Unknown volume
07-14 12:23:31.104 W/MountService(  374): getVolumeState(/mnt/sdcard/external_sd): Unknown volume
07-14 12:23:34.112 I/ActivityManager(  374): START u0 {cmp=com.pekall.emdm/.messagecenter.activity.MessageMainActivity} from pid 3494
07-14 12:23:48.987 I/PowerManagerService(  374): Going to sleep due to screen timeout...
07-14 12:23:49.908 I/WindowManager(  374): Screenshot Window{4313edf0 u0 com.pekall.emdm/com.pekall.emdm.messagecenter.activity.MessageMainActivity} was all black! mSurfaceLayer=21015 minLayer=21000 maxLayer=21015
07-14 12:23:50.127 D/PhoneStatusBar(  450): disable: < expand icons alerts ticker system_info back home RECENT* clock search >
07-14 12:23:50.307 D/PhoneStatusBar(  450): disable: < expand icons alerts ticker system_info BACK* HOME* RECENT CLOCK* search >
07-14 12:24:30.612 W/MountService(  374): getVolumeState(/storage/emulated/0/external_sd): Unknown volume
07-14 12:24:30.612 W/MountService(  374): getVolumeState(/mnt/sdcard-ext): Unknown volume
07-14 12:24:30.612 W/MountService(  374): getVolumeState(/mnt/ext_sdcard): Unknown volume
07-14 12:24:30.612 W/MountService(  374): getVolumeState(/mnt/sdcard2): Unknown volume
07-14 12:24:30.612 W/MountService(  374): getVolumeState(/mnt/emmc): Unknown volume
07-14 12:24:30.619 W/MountService(  374): getVolumeState(/mnt/extSdCard): Unknown volume
07-14 12:24:30.619 W/MountService(  374): getVolumeState(/mnt/sdcard/SD_CARD): Unknown volume
07-14 12:24:30.619 W/MountService(  374): getVolumeState(/mnt/sdcard/extra_sd): Unknown volume
07-14 12:24:30.619 W/MountService(  374): getVolumeState(/mnt/extrasd_bind): Unknown volume
07-14 12:24:30.619 W/MountService(  374): getVolumeState(/mnt/sdcard/ext_sd): Unknown volume
07-14 12:24:30.619 W/MountService(  374): getVolumeState(/storage/extSdCard): Unknown volume
07-14 12:24:30.627 W/MountService(  374): getVolumeState(/storage/sdcard1): Unknown volume
07-14 12:24:30.627 W/MountService(  374): getVolumeState(/mnt/sdcard/external_SD): Unknown volume
07-14 12:24:30.627 W/MountService(  374): getVolumeState(/mnt/sdcard/external_sd): Unknown volume
07-14 12:24:30.854 W/MountService(  374): getVolumeState(/storage/emulated/0/external_sd): Unknown volume
07-14 12:24:30.854 W/MountService(  374): getVolumeState(/mnt/sdcard-ext): Unknown volume
07-14 12:24:30.854 W/MountService(  374): getVolumeState(/mnt/ext_sdcard): Unknown volume
07-14 12:24:30.854 W/MountService(  374): getVolumeState(/mnt/sdcard2): Unknown volume
07-14 12:24:30.862 W/MountService(  374): getVolumeState(/mnt/emmc): Unknown volume
07-14 12:24:30.862 W/MountService(  374): getVolumeState(/mnt/extSdCard): Unknown volume
07-14 12:24:30.862 W/MountService(  374): getVolumeState(/mnt/sdcard/SD_CARD): Unknown volume
07-14 12:24:30.862 W/MountService(  374): getVolumeState(/mnt/sdcard/extra_sd): Unknown volume
07-14 12:24:30.862 W/MountService(  374): getVolumeState(/mnt/extrasd_bind): Unknown volume
07-14 12:24:30.869 W/MountService(  374): getVolumeState(/mnt/sdcard/ext_sd): Unknown volume
07-14 12:24:30.869 W/MountService(  374): getVolumeState(/storage/extSdCard): Unknown volume
07-14 12:24:30.869 W/MountService(  374): getVolumeState(/storage/sdcard1): Unknown volume
07-14 12:24:30.869 W/MountService(  374): getVolumeState(/mnt/sdcard/external_SD): Unknown volume
07-14 12:24:30.869 W/MountService(  374): getVolumeState(/mnt/sdcard/external_sd): Unknown volume
07-14 12:24:32.237 I/PowerManagerService(  374): Waking up from sleep...
07-14 12:24:32.276 I/WindowManager(  374): Lock screen displayed!
07-14 12:24:34.455 D/PhoneStatusBar(  450): disable: < expand icons alerts ticker system_info BACK HOME recent* CLOCK search >
07-14 12:24:34.533 D/PhoneStatusBar(  450): disable: < expand icons alerts ticker system_info back* home* recent clock* search >
07-14 12:24:34.768 W/InputMethodManagerService(  374): Window already focused, ignoring focus gain of: com.android.internal.view.IInputMethodClient$Stub$Proxy@432d8630 attribute=android.view.inputmethod.EditorInfo@432d8640, token = android.os.BinderProxy@42fb4e10
07-14 12:24:35.893 V/PanelView(  450): animationTick called with dtms=0; nothing to do (h=0.0 v=4000.0)
07-14 12:24:38.151 I/ActivityManager(  374): START u0 {cmp=com.pekall.emdm/.market.activity.AppListActivity bnds=[0,242][720,370] (has extras)} from pid -1
07-14 12:24:38.151 W/ActivityManager(  374): startActivity called from non-Activity context; forcing Intent.FLAG_ACTIVITY_NEW_TASK for: Intent { cmp=com.pekall.emdm/.market.activity.AppListActivity bnds=[0,242][720,370] (has extras) }
07-14 12:24:38.174 V/PanelView(  450): animationTick called with dtms=0; nothing to do (h=1184.0 v=-4000.0)
07-14 12:24:43.268 I/ActivityManager(  374): START u0 {cmp=com.pekall.emdm/.market.activity.AppDetailActivity (has extras)} from pid 3494
07-14 12:25:02.291 I/PowerManagerService(  374): Going to sleep due to screen timeout...
07-14 12:25:02.346 I/PowerManagerService(  374): Waking up from sleep...
07-14 12:25:03.221 D/PhoneStatusBar(  450): disable: < expand icons alerts ticker system_info back home RECENT* clock search >
07-14 12:25:03.393 D/PhoneStatusBar(  450): disable: < expand icons alerts ticker system_info BACK* HOME* RECENT CLOCK* search >
07-14 12:25:03.916 I/WindowManager(  374): Lock screen displayed!
07-14 12:25:06.041 D/PhoneStatusBar(  450): disable: < expand icons alerts ticker system_info BACK HOME recent* CLOCK search >
07-14 12:25:06.112 D/PhoneStatusBar(  450): disable: < expand icons alerts ticker system_info back* home* recent clock* search >
07-14 12:25:06.135 W/InputMethodManagerService(  374): Window already focused, ignoring focus gain of: com.android.internal.view.IInputMethodClient$Stub$Proxy@42eb2b38 attribute=android.view.inputmethod.EditorInfo@42d6b5f8, token = android.os.BinderProxy@42b11120
07-14 12:25:16.026 W/ActivityManager(  374): Activity idle timeout for ActivityRecord{42dc1498 u0 com.pekall.emdm/.market.activity.AppDetailActivity}
07-14 12:25:21.002 I/PowerManagerService(  374): Going to sleep due to screen timeout...
07-14 12:25:21.057 I/PowerManagerService(  374): Waking up from sleep...
07-14 12:25:21.612 D/PhoneStatusBar(  450): disable: < expand icons alerts ticker system_info back home RECENT* clock search >
07-14 12:25:21.963 D/PhoneStatusBar(  450): disable: < expand icons alerts ticker system_info BACK* HOME* RECENT CLOCK* search >
07-14 12:25:22.182 I/WindowManager(  374): Lock screen displayed!
07-14 12:25:24.229 D/PhoneStatusBar(  450): disable: < expand icons alerts ticker system_info BACK HOME recent* CLOCK search >
07-14 12:25:24.291 D/PhoneStatusBar(  450): disable: < expand icons alerts ticker system_info back* home* recent clock* search >
07-14 12:25:24.323 W/InputMethodManagerService(  374): Window already focused, ignoring focus gain of: com.android.internal.view.IInputMethodClient$Stub$Proxy@431311d0 attribute=android.view.inputmethod.EditorInfo@431311e0, token = android.os.BinderProxy@42b11120
07-14 12:25:30.705 W/MountService(  374): getVolumeState(/storage/emulated/0/external_sd): Unknown volume
07-14 12:25:30.705 W/MountService(  374): getVolumeState(/mnt/sdcard-ext): Unknown volume
07-14 12:25:30.705 W/MountService(  374): getVolumeState(/mnt/ext_sdcard): Unknown volume
07-14 12:25:30.705 W/MountService(  374): getVolumeState(/mnt/sdcard2): Unknown volume
07-14 12:25:30.705 W/MountService(  374): getVolumeState(/mnt/emmc): Unknown volume
07-14 12:25:30.705 W/MountService(  374): getVolumeState(/mnt/extSdCard): Unknown volume
07-14 12:25:30.721 W/MountService(  374): getVolumeState(/mnt/sdcard/SD_CARD): Unknown volume
07-14 12:25:30.721 W/MountService(  374): getVolumeState(/mnt/sdcard/extra_sd): Unknown volume
07-14 12:25:30.729 W/MountService(  374): getVolumeState(/mnt/extrasd_bind): Unknown volume
07-14 12:25:30.729 W/MountService(  374): getVolumeState(/mnt/sdcard/ext_sd): Unknown volume
07-14 12:25:30.729 W/MountService(  374): getVolumeState(/storage/extSdCard): Unknown volume
07-14 12:25:30.729 W/MountService(  374): getVolumeState(/storage/sdcard1): Unknown volume
07-14 12:25:30.729 W/MountService(  374): getVolumeState(/mnt/sdcard/external_SD): Unknown volume
07-14 12:25:30.729 W/MountService(  374): getVolumeState(/mnt/sdcard/external_sd): Unknown volume
07-14 12:25:31.151 W/MountService(  374): getVolumeState(/storage/emulated/0/external_sd): Unknown volume
07-14 12:25:31.151 W/MountService(  374): getVolumeState(/mnt/sdcard-ext): Unknown volume
07-14 12:25:31.151 W/MountService(  374): getVolumeState(/mnt/ext_sdcard): Unknown volume
07-14 12:25:31.158 W/MountService(  374): getVolumeState(/mnt/sdcard2): Unknown volume
07-14 12:25:31.158 W/MountService(  374): getVolumeState(/mnt/emmc): Unknown volume
07-14 12:25:31.166 W/MountService(  374): getVolumeState(/mnt/extSdCard): Unknown volume
07-14 12:25:31.166 W/MountService(  374): getVolumeState(/mnt/sdcard/SD_CARD): Unknown volume
07-14 12:25:31.174 W/MountService(  374): getVolumeState(/mnt/sdcard/extra_sd): Unknown volume
07-14 12:25:31.174 W/MountService(  374): getVolumeState(/mnt/extrasd_bind): Unknown volume
07-14 12:25:31.174 W/MountService(  374): getVolumeState(/mnt/sdcard/ext_sd): Unknown volume
07-14 12:25:31.174 W/MountService(  374): getVolumeState(/storage/extSdCard): Unknown volume
07-14 12:25:31.174 W/MountService(  374): getVolumeState(/storage/sdcard1): Unknown volume
07-14 12:25:31.182 W/MountService(  374): getVolumeState(/mnt/sdcard/external_SD): Unknown volume
07-14 12:25:31.182 W/MountService(  374): getVolumeState(/mnt/sdcard/external_sd): Unknown volume
07-14 12:25:34.221 W/ActivityManager(  374): Activity idle timeout for ActivityRecord{42dc1498 u0 com.pekall.emdm/.market.activity.AppDetailActivity}
07-14 12:25:39.190 I/PowerManagerService(  374): Going to sleep due to screen timeout...
07-14 12:25:39.213 I/PowerManagerService(  374): Waking up from sleep...
07-14 12:25:40.026 D/PhoneStatusBar(  450): disable: < expand icons alerts ticker system_info back home RECENT* clock search >
07-14 12:25:40.440 D/PhoneStatusBar(  450): disable: < expand icons alerts ticker system_info BACK* HOME* RECENT CLOCK* search >
07-14 12:25:41.018 I/WindowManager(  374): Lock screen displayed!
07-14 12:25:42.510 D/PhoneStatusBar(  450): disable: < expand icons alerts ticker system_info BACK HOME recent* CLOCK search >
07-14 12:25:42.604 D/PhoneStatusBar(  450): disable: < expand icons alerts ticker system_info back* home* recent clock* search >
07-14 12:25:42.658 W/InputMethodManagerService(  374): Window already focused, ignoring focus gain of: com.android.internal.view.IInputMethodClient$Stub$Proxy@42bea790 attribute=android.view.inputmethod.EditorInfo@42c8b298, token = android.os.BinderProxy@42b11120
--------- beginning of /dev/log/main
07-14 12:25:44.455 D/dalvikvm( 5372): GC_CONCURRENT freed 387K, 56% free 652K/1456K, paused 0ms+2ms, total 8ms
07-14 12:25:44.674 D/dalvikvm( 5372): GC_CONCURRENT freed 429K, 58% free 615K/1456K, paused 1ms+1ms, total 7ms
07-14 12:25:44.908 D/dalvikvm( 5372): GC_CONCURRENT freed 411K, 57% free 632K/1456K, paused 1ms+2ms, total 9ms
07-14 12:25:45.158 D/dalvikvm( 5372): GC_CONCURRENT freed 431K, 57% free 632K/1456K, paused 0ms+2ms, total 8ms
07-14 12:25:45.432 D/dalvikvm( 3494): GC_CONCURRENT freed 3552K, 19% free 19887K/24516K, paused 7ms+12ms, total 133ms
07-14 12:25:45.463 D/dalvikvm( 5372): GC_CONCURRENT freed 386K, 57% free 640K/1456K, paused 1ms+1ms, total 8ms
07-14 12:25:45.658 D/dalvikvm( 5372): GC_CONCURRENT freed 412K, 57% free 632K/1456K, paused 0ms+1ms, total 7ms
07-14 12:25:45.908 D/dalvikvm( 5372): GC_CONCURRENT freed 430K, 57% free 632K/1456K, paused 1ms+1ms, total 12ms
07-14 12:25:46.143 D/dalvikvm( 5372): GC_CONCURRENT freed 386K, 57% free 630K/1456K, paused 1ms+0ms, total 7ms
07-14 12:25:46.346 D/dalvikvm( 5372): GC_CONCURRENT freed 411K, 57% free 632K/1456K, paused 0ms+1ms, total 7ms
07-14 12:25:46.588 D/dalvikvm( 5372): GC_CONCURRENT freed 429K, 57% free 633K/1456K, paused 1ms+2ms, total 9ms
07-14 12:25:46.830 D/dalvikvm( 5372): GC_CONCURRENT freed 422K, 57% free 639K/1456K, paused 2ms+2ms, total 10ms
07-14 12:25:47.065 D/dalvikvm( 5372): GC_CONCURRENT freed 436K, 57% free 634K/1456K, paused 0ms+2ms, total 9ms
07-14 12:25:47.143 D/mdm_log ( 3494): [null:-1]->read buffer is -1 , download done
07-14 12:25:47.252 D/mdm_log ( 3494): [null:-1]->file download complete! url is/storage/emulated/0/MDM/download/commojimjweather.apk
07-14 12:25:47.307 D/ypy     ( 3494): [null:-1]-> ================ checkDownLoadStatus status is 3
07-14 12:25:47.315 D/dalvikvm( 5372): GC_CONCURRENT freed 419K, 57% free 634K/1456K, paused 2ms+2ms, total 9ms
07-14 12:25:47.315 D/ypy     ( 3494): [null:-1]-> ================ checkDownLoadStatus status is 3
07-14 12:25:47.315 D/ypy     ( 3494): [null:-1]-> ================ checkDownLoadStatus status is 3
07-14 12:25:47.385 I/QueryController( 5372): Matched selector: UiSelector[TEXT=] <<==>> [android.view.accessibility.AccessibilityNodeInfo@b3f5f; boundsInParent: Rect(0, 0 - 640, 76); boundsInScreen: Rect(40, 1068 - 680, 1144); packageName: com.pekall.emdm; className: android.widget.Button; text: ; contentDescription: null; viewIdResName: com.pekall.emdm:id/market_app_detail_download_btn; checkable: false; checked: false; focusable: true; focused: false; selected: false; clickable: true; longClickable: false; enabled: true; password: false; scrollable: false; [ACTION_FOCUS, ACTION_SELECT, ACTION_CLEAR_SELECTION, ACTION_CLICK, ACTION_ACCESSIBILITY_FOCUS, ACTION_NEXT_AT_MOVEMENT_GRANULARITY, ACTION_PREVIOUS_AT_MOVEMENT_GRANULARITY, ACTION_SET_SELECTION]]
07-14 12:25:47.408 I/QueryController( 5372): Matched selector: UiSelector[TEXT=, CLASS=android.widget.Button] <<==>> [android.view.accessibility.AccessibilityNodeInfo@b3f5f; boundsInParent: Rect(0, 0 - 640, 76); boundsInScreen: Rect(40, 1068 - 680, 1144); packageName: com.pekall.emdm; className: android.widget.Button; text: ; contentDescription: null; viewIdResName: com.pekall.emdm:id/market_app_detail_download_btn; checkable: false; checked: false; focusable: true; focused: false; selected: false; clickable: true; longClickable: false; enabled: true; password: false; scrollable: false; [ACTION_FOCUS, ACTION_SELECT, ACTION_CLEAR_SELECTION, ACTION_CLICK, ACTION_ACCESSIBILITY_FOCUS, ACTION_NEXT_AT_MOVEMENT_GRANULARITY, ACTION_PREVIOUS_AT_MOVEMENT_GRANULARITY, ACTION_SET_SELECTION]]
07-14 12:25:47.408 D/InteractionController( 5372): clickAndWaitForNewWindow(360, 1106)
07-14 12:25:47.526 I/ActivityManager(  374): START u0 {act=android.intent.action.VIEW dat=file:///storage/emulated/0/MDM/download/commojimjweather.apk typ=application/vnd.android.package-archive flg=0x10000000 cmp=com.android.packageinstaller/.PackageInstallerActivity} from pid 3494
07-14 12:25:47.635 D/dalvikvm(  374): GC_FOR_ALLOC freed 2165K, 18% free 19960K/24136K, paused 104ms, total 105ms
07-14 12:25:47.666 D/MdmApplication( 3494): [null:-1]->onActivityPaused market.activity.AppDetailActivity , mActivityCount = 1
07-14 12:25:47.666 D/MDM :   ( 3494): [null:-1]->query
07-14 12:25:47.666 D/MDM :   ( 3494): [null:-1]->QUERY_PINCODE_CHECK_RESULT
07-14 12:25:47.666 E/Mdm     ( 3494): Call Mdm service's setLastExitTime function
07-14 12:25:47.698 I/ActivityManager(  374): Start proc com.android.packageinstaller for activity com.android.packageinstaller/.PackageInstallerActivity: pid=5527 uid=10045 gids={50045, 1028}
07-14 12:25:47.908 D/dalvikvm( 5527): GC_CONCURRENT freed 154K, 3% free 9246K/9436K, paused 4ms+3ms, total 33ms
07-14 12:25:48.026 D/dalvikvm( 5527): GC_CONCURRENT freed 238K, 3% free 9512K/9792K, paused 2ms+2ms, total 31ms
07-14 12:25:48.026 D/dalvikvm( 5527): WAIT_FOR_CONCURRENT_GC blocked 13ms
07-14 12:25:48.065 D/dalvikvm( 5527): GC_FOR_ALLOC freed 189K, 4% free 9635K/9984K, paused 24ms, total 24ms
07-14 12:25:48.065 I/dalvikvm-heap( 5527): Grow heap (frag case) to 9.689MB for 260112-byte allocation
07-14 12:25:48.088 D/dalvikvm( 5527): GC_FOR_ALLOC freed 126K, 5% free 9763K/10240K, paused 25ms, total 25ms
07-14 12:25:48.127 D/dalvikvm( 5527): GC_FOR_ALLOC freed 311K, 5% free 9752K/10240K, paused 26ms, total 26ms
07-14 12:25:48.151 D/dalvikvm( 5527): GC_FOR_ALLOC freed 62K, 5% free 9816K/10240K, paused 23ms, total 23ms
07-14 12:25:48.182 D/dalvikvm( 5527): GC_FOR_ALLOC freed 126K, 3% free 9944K/10240K, paused 24ms, total 24ms
07-14 12:25:48.213 D/dalvikvm( 5527): GC_FOR_ALLOC freed 307K, 5% free 9932K/10420K, paused 25ms, total 25ms
07-14 12:25:48.237 D/dalvikvm( 5527): GC_FOR_ALLOC freed 62K, 5% free 9996K/10420K, paused 23ms, total 23ms
07-14 12:25:48.237 I/dalvikvm-heap( 5527): Grow heap (frag case) to 10.041MB for 260112-byte allocation
07-14 12:25:48.268 D/dalvikvm( 5527): GC_FOR_ALLOC freed 126K, 6% free 10124K/10676K, paused 27ms, total 27ms
07-14 12:25:48.346 D/dalvikvm( 5527): GC_CONCURRENT freed 321K, 4% free 10305K/10676K, paused 2ms+4ms, total 35ms
07-14 12:25:48.471 D/dalvikvm( 5527): GC_CONCURRENT freed 107K, 2% free 10680K/10824K, paused 3ms+3ms, total 35ms
07-14 12:25:48.612 D/dalvikvm( 5527): GC_CONCURRENT freed 129K, 2% free 11137K/11304K, paused 2ms+9ms, total 40ms
07-14 12:25:48.768 D/dalvikvm( 5527): GC_CONCURRENT freed 561K, 5% free 11320K/11916K, paused 3ms+3ms, total 37ms
07-14 12:25:48.768 D/dalvikvm( 5527): WAIT_FOR_CONCURRENT_GC blocked 9ms
07-14 12:25:48.940 D/dalvikvm( 5527): GC_CONCURRENT freed 182K, 2% free 11943K/12160K, paused 3ms+3ms, total 41ms
07-14 12:25:48.940 D/dalvikvm( 5527): WAIT_FOR_CONCURRENT_GC blocked 7ms
07-14 12:25:49.151 I/AppSecurityPermissions( 5527): Ignoring unknown permission:android.permission.RECEIVE_USER_PRESENT
07-14 12:25:49.174 I/AppSecurityPermissions( 5527): Ignoring unknown permission:getui.permission.GetuiService
07-14 12:25:49.291 D/dalvikvm( 5527): GC_CONCURRENT freed 774K, 7% free 12113K/12924K, paused 3ms+22ms, total 46ms
07-14 12:25:49.557 D/libEGL  ( 5527): loaded /vendor/lib/egl/libEGL_POWERVR_SGX540_120.so
07-14 12:25:49.565 D/libEGL  ( 5527): loaded /vendor/lib/egl/libGLESv1_CM_POWERVR_SGX540_120.so
07-14 12:25:49.580 D/libEGL  ( 5527): loaded /vendor/lib/egl/libGLESv2_POWERVR_SGX540_120.so
07-14 12:25:49.682 D/OpenGLRenderer( 5527): Enabling debug mode 0
07-14 12:25:49.791 V/RenderScript( 5527): 0x5bbc80e0 Launching thread(s), CPUs 2
07-14 12:25:49.854 I/ActivityManager(  374): Displayed com.android.packageinstaller/.PackageInstallerActivity: +2s167ms
07-14 12:25:50.768 I/QueryController( 5372): Matched selector: UiSelector[TEXT=, CLASS=android.widget.Button] <<==>> [android.view.accessibility.AccessibilityNodeInfo@2730d; boundsInParent: Rect(0, 0 - 359, 96); boundsInScreen: Rect(361, 1088 - 720, 1184); packageName: com.android.packageinstaller; className: android.widget.Button; text: ; contentDescription: null; viewIdResName: com.android.packageinstaller:id/ok_button; checkable: false; checked: false; focusable: true; focused: false; selected: false; clickable: true; longClickable: false; enabled: true; password: false; scrollable: false; [ACTION_FOCUS, ACTION_SELECT, ACTION_CLEAR_SELECTION, ACTION_CLICK, ACTION_ACCESSIBILITY_FOCUS, ACTION_NEXT_AT_MOVEMENT_GRANULARITY, ACTION_PREVIOUS_AT_MOVEMENT_GRANULARITY, ACTION_SET_SELECTION]]
07-14 12:25:50.846 D/dalvikvm( 5372): GC_CONCURRENT freed 395K, 56% free 648K/1456K, paused 1ms+0ms, total 7ms
07-14 12:25:50.908 I/QueryController( 5372): Matched selector: UiSelector[TEXT=, CLASS=android.widget.Button] <<==>> [android.view.accessibility.AccessibilityNodeInfo@2730d; boundsInParent: Rect(0, 0 - 359, 96); boundsInScreen: Rect(361, 1088 - 720, 1184); packageName: com.android.packageinstaller; className: android.widget.Button; text: ; contentDescription: null; viewIdResName: com.android.packageinstaller:id/ok_button; checkable: false; checked: false; focusable: true; focused: false; selected: false; clickable: true; longClickable: false; enabled: true; password: false; scrollable: false; [ACTION_FOCUS, ACTION_SELECT, ACTION_CLEAR_SELECTION, ACTION_CLICK, ACTION_ACCESSIBILITY_FOCUS, ACTION_NEXT_AT_MOVEMENT_GRANULARITY, ACTION_PREVIOUS_AT_MOVEMENT_GRANULARITY, ACTION_SET_SELECTION]]
07-14 12:25:50.908 D/InteractionController( 5372): clickAndWaitForNewWindow(540, 1136)
07-14 12:25:54.018 W/InteractionController( 5372): runAndwaitForEvent timedout waiting for events
07-14 12:25:54.612 I/QueryController( 5372): Matched selector: UiSelector[TEXT=, CLASS=android.widget.Button] <<==>> [android.view.accessibility.AccessibilityNodeInfo@2730d; boundsInParent: Rect(0, 0 - 359, 96); boundsInScreen: Rect(361, 1088 - 720, 1184); packageName: com.android.packageinstaller; className: android.widget.Button; text: ; contentDescription: null; viewIdResName: com.android.packageinstaller:id/ok_button; checkable: false; checked: false; focusable: true; focused: false; selected: false; clickable: true; longClickable: false; enabled: true; password: false; scrollable: false; [ACTION_FOCUS, ACTION_SELECT, ACTION_CLEAR_SELECTION, ACTION_CLICK, ACTION_ACCESSIBILITY_FOCUS, ACTION_NEXT_AT_MOVEMENT_GRANULARITY, ACTION_PREVIOUS_AT_MOVEMENT_GRANULARITY, ACTION_SET_SELECTION]]
07-14 12:25:55.237 I/QueryController( 5372): Matched selector: UiSelector[TEXT=, CLASS=android.widget.Button] <<==>> [android.view.accessibility.AccessibilityNodeInfo@2730d; boundsInParent: Rect(0, 0 - 359, 96); boundsInScreen: Rect(361, 1088 - 720, 1184); packageName: com.android.packageinstaller; className: android.widget.Button; text: ; contentDescription: null; viewIdResName: com.android.packageinstaller:id/ok_button; checkable: false; checked: false; focusable: true; focused: false; selected: false; clickable: true; longClickable: false; enabled: true; password: false; scrollable: false; [ACTION_FOCUS, ACTION_SELECT, ACTION_CLEAR_SELECTION, ACTION_CLICK, ACTION_ACCESSIBILITY_FOCUS, ACTION_NEXT_AT_MOVEMENT_GRANULARITY, ACTION_PREVIOUS_AT_MOVEMENT_GRANULARITY, ACTION_SET_SELECTION]]
07-14 12:25:55.237 D/InteractionController( 5372): clickAndWaitForNewWindow(540, 1136)
07-14 12:25:58.346 W/InteractionController( 5372): runAndwaitForEvent timedout waiting for events
07-14 12:25:58.401 D/dalvikvm( 5372): GC_CONCURRENT freed 428K, 56% free 653K/1456K, paused 0ms+2ms, total 9ms
07-14 12:25:58.448 I/QueryController( 5372): Matched selector: UiSelector[TEXT=, CLASS=android.widget.Button] <<==>> [android.view.accessibility.AccessibilityNodeInfo@2730d; boundsInParent: Rect(0, 0 - 359, 96); boundsInScreen: Rect(361, 1088 - 720, 1184); packageName: com.android.packageinstaller; className: android.widget.Button; text: ; contentDescription: null; viewIdResName: com.android.packageinstaller:id/ok_button; checkable: false; checked: false; focusable: true; focused: false; selected: false; clickable: true; longClickable: false; enabled: true; password: false; scrollable: false; [ACTION_FOCUS, ACTION_SELECT, ACTION_CLEAR_SELECTION, ACTION_CLICK, ACTION_ACCESSIBILITY_FOCUS, ACTION_NEXT_AT_MOVEMENT_GRANULARITY, ACTION_PREVIOUS_AT_MOVEMENT_GRANULARITY, ACTION_SET_SELECTION]]
07-14 12:25:58.494 I/QueryController( 5372): Matched selector: UiSelector[TEXT=, CLASS=android.widget.Button] <<==>> [android.view.accessibility.AccessibilityNodeInfo@2730d; boundsInParent: Rect(0, 0 - 359, 96); boundsInScreen: Rect(361, 1088 - 720, 1184); packageName: com.android.packageinstaller; className: android.widget.Button; text: ; contentDescription: null; viewIdResName: com.android.packageinstaller:id/ok_button; checkable: false; checked: false; focusable: true; focused: false; selected: false; clickable: true; longClickable: false; enabled: true; password: false; scrollable: false; [ACTION_FOCUS, ACTION_SELECT, ACTION_CLEAR_SELECTION, ACTION_CLICK, ACTION_ACCESSIBILITY_FOCUS, ACTION_NEXT_AT_MOVEMENT_GRANULARITY, ACTION_PREVIOUS_AT_MOVEMENT_GRANULARITY, ACTION_SET_SELECTION]]
07-14 12:25:58.494 D/InteractionController( 5372): clickAndWaitForNewWindow(540, 1136)
07-14 12:25:58.612 I/ActivityManager(  374): START u0 {dat=file:///storage/emulated/0/MDM/download/commojimjweather.apk cmp=com.android.packageinstaller/.InstallAppProgress (has extras)} from pid 5527
07-14 12:25:58.752 D/dalvikvm(  374): GC_FOR_ALLOC freed 2706K, 24% free 18499K/24136K, paused 85ms, total 86ms
07-14 12:25:58.901 W/ActivityManager(  374): No content provider found for permission revoke: file:///storage/emulated/0/MDM/download/commojimjweather.apk
07-14 12:25:59.018 D/Finsky  ( 1174): [1] PackageVerificationReceiver.onReceive: Verification requested, id = 0
07-14 12:25:59.041 D/Finsky  ( 1174): [1] WorkerTask.onPreExecute: Verification Requested for id = 0, data=file:///storage/emulated/0/MDM/download/commojimjweather.apk flags=16 fromVerificationActivity=false
07-14 12:25:59.073 I/ActivityManager(  374): Displayed com.android.packageinstaller/.InstallAppProgress: +312ms
07-14 12:25:59.283 D/dalvikvm( 1174): GC_CONCURRENT freed 161K, 3% free 9521K/9720K, paused 4ms+3ms, total 30ms
07-14 12:25:59.385 D/dalvikvm( 1174): GC_CONCURRENT freed 245K, 3% free 9777K/10068K, paused 3ms+2ms, total 41ms
07-14 12:25:59.385 D/dalvikvm( 1174): WAIT_FOR_CONCURRENT_GC blocked 10ms
07-14 12:25:59.463 D/dalvikvm( 1174): GC_FOR_ALLOC freed 181K, 3% free 9904K/10196K, paused 29ms, total 29ms
07-14 12:25:59.494 D/dalvikvm( 1174): GC_FOR_ALLOC freed 126K, 5% free 10032K/10452K, paused 22ms, total 23ms
07-14 12:25:59.526 D/dalvikvm( 1174): GC_FOR_ALLOC freed 311K, 5% free 10021K/10516K, paused 22ms, total 23ms
07-14 12:25:59.549 D/dalvikvm( 1174): GC_FOR_ALLOC freed 62K, 5% free 10085K/10516K, paused 24ms, total 24ms
07-14 12:25:59.580 D/dalvikvm( 1174): GC_FOR_ALLOC freed 126K, 3% free 10213K/10516K, paused 23ms, total 23ms
07-14 12:25:59.612 D/dalvikvm( 1174): GC_FOR_ALLOC freed 307K, 5% free 10201K/10696K, paused 28ms, total 28ms
07-14 12:25:59.635 D/dalvikvm( 1174): GC_FOR_ALLOC freed 62K, 5% free 10265K/10696K, paused 22ms, total 23ms
07-14 12:25:59.635 I/dalvikvm-heap( 1174): Grow heap (frag case) to 10.304MB for 260112-byte allocation
07-14 12:25:59.666 D/dalvikvm( 1174): GC_FOR_ALLOC freed 126K, 6% free 10393K/10952K, paused 30ms, total 30ms
07-14 12:25:59.830 D/dalvikvm( 1174): GC_CONCURRENT freed 328K, 4% free 10577K/10952K, paused 7ms+3ms, total 44ms
07-14 12:25:59.830 D/dalvikvm( 1174): WAIT_FOR_CONCURRENT_GC blocked 17ms
07-14 12:25:59.932 D/dalvikvm( 1174): GC_CONCURRENT freed 118K, 2% free 11015K/11168K, paused 2ms+3ms, total 35ms
07-14 12:25:59.932 D/dalvikvm( 1174): WAIT_FOR_CONCURRENT_GC blocked 14ms
07-14 12:26:00.088 D/dalvikvm( 1174): GC_CONCURRENT freed 146K, 2% free 11541K/11724K, paused 3ms+3ms, total 58ms
07-14 12:26:00.260 D/dalvikvm( 1174): GC_CONCURRENT freed 547K, 5% free 11870K/12452K, paused 4ms+4ms, total 53ms
07-14 12:26:00.260 D/dalvikvm( 1174): WAIT_FOR_CONCURRENT_GC blocked 16ms
07-14 12:26:00.455 D/dalvikvm( 1174): GC_CONCURRENT freed 796K, 7% free 12052K/12888K, paused 4ms+3ms, total 61ms
07-14 12:26:00.455 D/dalvikvm( 1174): WAIT_FOR_CONCURRENT_GC blocked 20ms
07-14 12:26:01.018 D/dalvikvm(  577): GC_CONCURRENT freed 379K, 5% free 9537K/10036K, paused 4ms+5ms, total 43ms
07-14 12:26:01.205 D/dalvikvm( 1174): GC_FOR_ALLOC freed 883K, 9% free 12056K/13128K, paused 42ms, total 42ms
07-14 12:26:01.323 D/dalvikvm( 1174): GC_FOR_ALLOC freed 898K, 9% free 12059K/13140K, paused 45ms, total 47ms
07-14 12:26:01.440 D/dalvikvm( 1174): GC_FOR_ALLOC freed 894K, 9% free 12060K/13140K, paused 42ms, total 42ms
07-14 12:26:01.573 D/dalvikvm( 1174): GC_FOR_ALLOC freed 888K, 9% free 12065K/13140K, paused 46ms, total 46ms
07-14 12:26:01.705 D/dalvikvm( 1174): GC_FOR_ALLOC freed 900K, 9% free 12073K/13152K, paused 44ms, total 44ms
07-14 12:26:01.823 D/dalvikvm( 1174): GC_FOR_ALLOC freed 918K, 9% free 12080K/13164K, paused 46ms, total 46ms
07-14 12:26:01.932 D/dalvikvm( 1174): GC_FOR_ALLOC freed 919K, 9% free 12083K/13164K, paused 41ms, total 41ms
07-14 12:26:02.127 D/dalvikvm( 1174): GC_CONCURRENT freed 927K, 9% free 12088K/13176K, paused 3ms+3ms, total 50ms
07-14 12:26:02.127 D/dalvikvm( 1174): WAIT_FOR_CONCURRENT_GC blocked 43ms
07-14 12:26:02.283 D/dalvikvm( 1174): GC_FOR_ALLOC freed 921K, 9% free 12097K/13176K, paused 49ms, total 49ms
07-14 12:26:02.393 D/dalvikvm( 1174): GC_CONCURRENT freed 938K, 9% free 12111K/13188K, paused 3ms+3ms, total 46ms
07-14 12:26:02.393 D/dalvikvm( 1174): WAIT_FOR_CONCURRENT_GC blocked 41ms
07-14 12:26:02.518 D/dalvikvm( 1174): GC_CONCURRENT freed 974K, 9% free 12109K/13212K, paused 3ms+3ms, total 48ms
07-14 12:26:02.518 D/dalvikvm( 1174): WAIT_FOR_CONCURRENT_GC blocked 31ms
07-14 12:26:02.643 D/dalvikvm( 1174): GC_CONCURRENT freed 976K, 9% free 12114K/13212K, paused 3ms+3ms, total 52ms
07-14 12:26:02.643 D/dalvikvm( 1174): WAIT_FOR_CONCURRENT_GC blocked 37ms
07-14 12:26:02.768 D/dalvikvm( 1174): GC_CONCURRENT freed 968K, 9% free 12128K/13212K, paused 2ms+3ms, total 48ms
07-14 12:26:02.768 D/dalvikvm( 1174): WAIT_FOR_CONCURRENT_GC blocked 42ms
07-14 12:26:02.893 D/dalvikvm( 1174): GC_CONCURRENT freed 996K, 9% free 12134K/13236K, paused 3ms+3ms, total 50ms
07-14 12:26:02.893 D/dalvikvm( 1174): WAIT_FOR_CONCURRENT_GC blocked 39ms
07-14 12:26:03.041 D/dalvikvm( 1174): GC_CONCURRENT freed 996K, 9% free 12139K/13236K, paused 4ms+3ms, total 51ms
07-14 12:26:03.041 D/dalvikvm( 1174): WAIT_FOR_CONCURRENT_GC blocked 31ms
07-14 12:26:03.174 D/dalvikvm( 1174): GC_CONCURRENT freed 1008K, 9% free 12148K/13248K, paused 3ms+3ms, total 55ms
07-14 12:26:03.174 D/dalvikvm( 1174): WAIT_FOR_CONCURRENT_GC blocked 35ms
07-14 12:26:03.323 D/dalvikvm( 1174): GC_CONCURRENT freed 1022K, 9% free 12166K/13260K, paused 3ms+4ms, total 53ms
07-14 12:26:03.323 D/dalvikvm( 1174): WAIT_FOR_CONCURRENT_GC blocked 28ms
07-14 12:26:03.440 D/dalvikvm( 1174): GC_CONCURRENT freed 1064K, 9% free 12163K/13284K, paused 2ms+4ms, total 51ms
07-14 12:26:03.440 D/dalvikvm( 1174): WAIT_FOR_CONCURRENT_GC blocked 40ms
07-14 12:26:03.557 D/dalvikvm( 1174): GC_CONCURRENT freed 1059K, 9% free 12180K/13284K, paused 3ms+4ms, total 51ms
07-14 12:26:03.557 D/dalvikvm( 1174): WAIT_FOR_CONCURRENT_GC blocked 22ms
07-14 12:26:03.698 D/dalvikvm( 1174): GC_CONCURRENT freed 1077K, 9% free 12177K/13296K, paused 3ms+3ms, total 51ms
07-14 12:26:03.698 D/dalvikvm( 1174): WAIT_FOR_CONCURRENT_GC blocked 39ms
07-14 12:26:04.830 D/dalvikvm( 5372): GC_CONCURRENT freed 442K, 59% free 599K/1456K, paused 2ms+1ms, total 7ms
07-14 12:26:09.041 I/PackageManager(  374): Verification timed out for file:///storage/emulated/0/MDM/download/commojimjweather.apk
07-14 12:26:09.041 I/PackageManager(  374): Continuing with installation of file:///storage/emulated/0/MDM/download/commojimjweather.apk
07-14 12:26:09.057 D/Finsky  ( 1174): [1] PackageVerificationReceiver.onReceive: Verification requested, id = 0
07-14 12:26:09.065 D/Finsky  ( 1174): [1] PackageVerificationService.cancelVerificationIntent: Cancel active verification id=0
07-14 12:26:09.487 W/ActivityManager(  374): No content provider found for permission revoke: file:///storage/emulated/0/MDM/download/commojimjweather.apk
07-14 12:26:09.487 I/PackageManager(  374): Copying native libraries to /data/app-lib/vmdl1172351154
07-14 12:26:10.104 D/dalvikvm(  374): GC_CONCURRENT freed 939K, 18% free 19907K/24136K, paused 5ms+8ms, total 107ms
07-14 12:26:10.104 D/dalvikvm(  374): WAIT_FOR_CONCURRENT_GC blocked 91ms
07-14 12:26:10.463 D/dalvikvm(  374): GC_CONCURRENT freed 1563K, 13% free 21098K/24136K, paused 4ms+10ms, total 112ms
07-14 12:26:10.463 D/dalvikvm(  374): WAIT_FOR_CONCURRENT_GC blocked 91ms
07-14 12:26:10.666 D/LightsService(  374): Excessive delay setting light: 67ms
07-14 12:26:10.940 D/LightsService(  374): Excessive delay setting light: 67ms
07-14 12:26:11.533 D/dalvikvm(  374): GC_CONCURRENT freed 2344K, 11% free 21716K/24136K, paused 5ms+17ms, total 148ms
07-14 12:26:11.963 D/dalvikvm(  374): GC_FOR_ALLOC freed 3041K, 13% free 21753K/24964K, paused 132ms, total 132ms
07-14 12:26:12.065 D/dalvikvm( 5090): GC_CONCURRENT freed 344K, 4% free 9798K/10184K, paused 5ms+2ms, total 37ms
07-14 12:26:12.151 D/dalvikvm( 5372): GC_CONCURRENT freed 383K, 59% free 599K/1456K, paused 1ms+0ms, total 6ms
07-14 12:26:12.323 D/dalvikvm( 5372): GC_CONCURRENT freed 383K, 59% free 604K/1456K, paused 1ms+0ms, total 7ms
07-14 12:26:12.479 D/dalvikvm(  374): GC_CONCURRENT freed 3118K, 13% free 21770K/25012K, paused 4ms+12ms, total 139ms
07-14 12:26:12.479 D/dalvikvm(  374): WAIT_FOR_CONCURRENT_GC blocked 91ms
07-14 12:26:12.541 D/dalvikvm( 5372): GC_CONCURRENT freed 389K, 59% free 602K/1456K, paused 0ms+1ms, total 7ms
07-14 12:26:12.541 D/dalvikvm( 1052): GC_CONCURRENT freed 544K, 11% free 10042K/11168K, paused 3ms+2ms, total 51ms
07-14 12:26:12.744 D/dalvikvm( 5527): GC_CONCURRENT freed 3282K, 26% free 9796K/13100K, paused 3ms+6ms, total 106ms
07-14 12:26:12.760 D/dalvikvm( 5372): GC_CONCURRENT freed 388K, 59% free 602K/1456K, paused 2ms+1ms, total 8ms
07-14 12:26:12.948 D/dalvikvm(  374): GC_CONCURRENT freed 3127K, 13% free 21789K/25024K, paused 6ms+11ms, total 138ms
07-14 12:26:12.948 D/dalvikvm(  374): WAIT_FOR_CONCURRENT_GC blocked 129ms
07-14 12:26:12.979 D/dalvikvm( 5372): GC_CONCURRENT freed 383K, 59% free 606K/1456K, paused 2ms+1ms, total 8ms
07-14 12:26:13.158 D/dalvikvm( 5372): GC_CONCURRENT freed 388K, 59% free 603K/1456K, paused 2ms+1ms, total 8ms
07-14 12:26:13.338 D/dalvikvm( 5372): GC_CONCURRENT freed 388K, 59% free 603K/1456K, paused 2ms+1ms, total 9ms
07-14 12:26:13.416 D/dalvikvm(  374): GC_CONCURRENT freed 3151K, 13% free 21807K/25048K, paused 5ms+10ms, total 151ms
07-14 12:26:13.416 D/dalvikvm(  374): WAIT_FOR_CONCURRENT_GC blocked 104ms
07-14 12:26:13.494 I/PowerManagerService(  374): Going to sleep due to screen timeout...
07-14 12:26:13.502 I/PowerManagerService(  374): Waking up from sleep...
07-14 12:26:13.744 D/dalvikvm(  374): GC_FOR_ALLOC freed 939K, 9% free 22820K/25048K, paused 131ms, total 131ms
07-14 12:26:13.940 D/NfcService(  582): NFC-C OFF, disconnect
07-14 12:26:14.080 D/dalvikvm( 5372): GC_CONCURRENT freed 392K, 59% free 599K/1456K, paused 1ms+1ms, total 11ms
07-14 12:26:14.158 V/KeyguardHostView(  374): hide transport, gen:19
07-14 12:26:14.158 V/KeyguardHostView(  374): music state changed: 0
07-14 12:26:14.213 D/PhoneStatusBar(  450): disable: < expand icons alerts ticker system_info back home RECENT* clock search >
07-14 12:26:14.252 D/MDM :   ( 3494): [null:-1]->query
07-14 12:26:14.252 D/MDM :   ( 3494): [null:-1]->QUERY_SETTING_PIN_ONOFF
07-14 12:26:14.283 V/TAG     (  374): bug 7643792: fitSystemWindows([0,50][0,0])
07-14 12:26:14.299 D/LightsService(  374): Excessive delay setting light: 67ms
07-14 12:26:14.518 D/dalvikvm( 5372): GC_CONCURRENT freed 383K, 59% free 603K/1456K, paused 2ms+0ms, total 10ms
07-14 12:26:14.565 D/LightsService(  374): Excessive delay setting light: 80ms
07-14 12:26:14.651 D/PhoneStatusBar(  450): disable: < expand icons alerts ticker system_info BACK* HOME* RECENT CLOCK* search >
07-14 12:26:14.705 D/dalvikvm(  636): GC_FOR_ALLOC freed 1109K, 10% free 12596K/13984K, paused 109ms, total 109ms
07-14 12:26:14.713 D/LightsService(  374): Excessive delay setting light: 146ms
07-14 12:26:14.838 I/WindowManager(  374): Lock screen displayed!
07-14 12:26:14.994 D/LightsService(  374): Excessive delay setting light: 99ms
07-14 12:26:15.033 V/DigitalWidgetViewsFactory( 2502): DigitalWidget sets next alarm string to null
07-14 12:26:15.494 D/AndroidRuntime( 5563): 
07-14 12:26:15.494 D/AndroidRuntime( 5563): >>>>>> AndroidRuntime START com.android.internal.os.RuntimeInit <<<<<<
07-14 12:26:15.494 D/AndroidRuntime( 5563): CheckJNI is OFF
07-14 12:26:15.526 D/dalvikvm( 5563): Trying to load lib libjavacore.so 0x0
07-14 12:26:15.533 D/dalvikvm( 5563): Added shared lib libjavacore.so 0x0
07-14 12:26:15.573 D/dalvikvm( 5563): Trying to load lib libnativehelper.so 0x0
07-14 12:26:15.573 D/dalvikvm( 5563): Added shared lib libnativehelper.so 0x0
