07-14 12:34:43.213 I/ActivityManager(  374): START u0 {act=android.intent.action.MAIN cat=[android.intent.category.HOME] flg=0x10200000 cmp=com.android.launcher/com.android.launcher2.Launcher} from pid 374
07-14 12:34:43.221 D/MdmApplication( 3494): [null:-1]->onActivityPaused setting.DevicesDetailsActivity , mActivityCount = 2
07-14 12:34:43.221 D/MDM :   ( 3494): [null:-1]->query
07-14 12:34:43.221 D/MDM :   ( 3494): [null:-1]->QUERY_PINCODE_CHECK_RESULT
07-14 12:34:43.229 E/Mdm     ( 3494): Call Mdm service's setLastExitTime function
07-14 12:34:43.268 D/AndroidRuntime( 7603): Calling main entry com.qihoo360.powerctl.root.app.App
07-14 12:34:43.276 D/AndroidRuntime( 7603): Shutting down VM
07-14 12:34:43.276 D/dalvikvm( 7603): GC_CONCURRENT freed 114K, 22% free 467K/592K, paused 1ms+0ms, total 4ms
07-14 12:34:43.276 I/AndroidRuntime( 7603): NOTE: attach of thread 'Binder_1' failed
07-14 12:34:43.338 D/dalvikvm(  450): GC_FOR_ALLOC freed 828K, 16% free 13419K/15908K, paused 49ms, total 50ms
07-14 12:34:43.362 D/dalvikvm( 1052): GC_CONCURRENT freed 587K, 10% free 10110K/11168K, paused 45ms+163ms, total 429ms
07-14 12:34:43.416 I/RootJni ( 7614): su: permission denied
07-14 12:34:44.002 W/ResourceType(  595): No known package when getting name for resource number 0x9c020000
07-14 12:34:44.002 W/ResourceType(  595): No known package when getting name for resource number 0x9c020002
07-14 12:34:44.041 W/ResourceType(  595): No known package when getting name for resource number 0x9b000000
07-14 12:34:44.041 W/ResourceType(  595): No known package when getting name for resource number 0x9b010100
07-14 12:34:44.041 W/ResourceType(  595): No known package when getting name for resource number 0x9b030300
07-14 12:34:44.041 W/ResourceType(  595): No known package when getting name for resource number 0x9b040400
07-14 12:34:44.049 I/QueryController( 7563): Matched selector: UiSelector[DESCRIPTION=, PACKAGE NAME=com.android.launcher] <<==>> [android.view.accessibility.AccessibilityNodeInfo@1fe6e; boundsInParent: Rect(524232, 0 - 524360, 128); boundsInScreen: Rect(296, 1040 - 424, 1168); packageName: com.android.launcher; className: android.widget.TextView; text: null; contentDescription: ; viewIdResName: null; checkable: false; checked: false; focusable: true; focused: false; selected: false; clickable: true; longClickable: false; enabled: true; password: false; scrollable: false; [ACTION_FOCUS, ACTION_SELECT, ACTION_CLEAR_SELECTION, ACTION_CLICK, ACTION_ACCESSIBILITY_FOCUS]]
07-14 12:34:44.049 D/InteractionController( 7563): clickAndWaitForNewWindow(360, 1104)
07-14 12:34:44.893 I/QueryController( 7563): Matched selector: UiSelector[TEXT=] <<==>> [android.view.accessibility.AccessibilityNodeInfo@6c634; boundsInParent: Rect(0, 0 - 148, 184); boundsInScreen: Rect(16, 958 - 164, 1142); packageName: com.android.launcher; className: android.widget.TextView; text: ; contentDescription: null; viewIdResName: null; checkable: false; checked: false; focusable: true; focused: false; selected: false; clickable: true; longClickable: true; enabled: true; password: false; scrollable: false; [ACTION_FOCUS, ACTION_SELECT, ACTION_CLEAR_SELECTION, ACTION_CLICK, ACTION_LONG_CLICK, ACTION_ACCESSIBILITY_FOCUS, ACTION_NEXT_AT_MOVEMENT_GRANULARITY, ACTION_PREVIOUS_AT_MOVEMENT_GRANULARITY, ACTION_SET_SELECTION]]
07-14 12:34:44.916 I/QueryController( 7563): Matched selector: UiSelector[TEXT=] <<==>> [android.view.accessibility.AccessibilityNodeInfo@6c634; boundsInParent: Rect(0, 0 - 148, 184); boundsInScreen: Rect(16, 958 - 164, 1142); packageName: com.android.launcher; className: android.widget.TextView; text: ; contentDescription: null; viewIdResName: null; checkable: false; checked: false; focusable: true; focused: false; selected: false; clickable: true; longClickable: true; enabled: true; password: false; scrollable: false; [ACTION_FOCUS, ACTION_SELECT, ACTION_CLEAR_SELECTION, ACTION_CLICK, ACTION_LONG_CLICK, ACTION_ACCESSIBILITY_FOCUS, ACTION_NEXT_AT_MOVEMENT_GRANULARITY, ACTION_PREVIOUS_AT_MOVEMENT_GRANULARITY, ACTION_SET_SELECTION]]
07-14 12:34:44.971 D/InteractionController( 7563): clickAndWaitForNewWindow(90, 1050)
07-14 12:34:45.104 I/ActivityManager(  374): START u0 {act=android.intent.action.MAIN cat=[android.intent.category.LAUNCHER] flg=0x10200000 cmp=com.pekall.emdm/.ui.SplashActivity} from pid 595
07-14 12:34:45.260 D/dalvikvm(  374): GC_FOR_ALLOC freed 2046K, 32% free 19047K/27716K, paused 97ms, total 97ms
07-14 12:34:45.291 D/MdmApplication( 3494): [null:-1]->onActivityStarted setting.DevicesDetailsActivity , mActivityCount = 1
07-14 12:34:45.291 D/MDM :   ( 3494): [null:-1]->query
07-14 12:34:45.291 D/MDM :   ( 3494): [null:-1]->QUERY_PINCODE_CHECK_RESULT
07-14 12:34:45.580 D/dalvikvm( 1052): GC_CONCURRENT freed 255K, 8% free 10347K/11168K, paused 4ms+4ms, total 46ms
07-14 12:34:46.002 I/QueryController( 7563): Matched selector: UiSelector[PACKAGE NAME=com.pekall.emdm] <<==>> [android.view.accessibility.AccessibilityNodeInfo@1317e6; boundsInParent: Rect(0, 0 - 720, 1184); boundsInScreen: Rect(0, 0 - 720, 1184); packageName: com.pekall.emdm; className: android.widget.FrameLayout; text: null; contentDescription: null; viewIdResName: null; checkable: false; checked: false; focusable: false; focused: false; selected: false; clickable: false; longClickable: false; enabled: true; password: false; scrollable: false; [ACTION_SELECT, ACTION_CLEAR_SELECTION, ACTION_ACCESSIBILITY_FOCUS]]
07-14 12:34:46.205 D/dalvikvm(  374): GC_FOR_ALLOC freed 1260K, 32% free 18936K/27716K, paused 91ms, total 91ms
07-14 12:34:46.205 D/MdmApplication( 3494): [null:-1]->onActivityPaused setting.DevicesDetailsActivity , mActivityCount = 2
07-14 12:34:46.205 D/MDM :   ( 3494): [null:-1]->query
07-14 12:34:46.205 D/MDM :   ( 3494): [null:-1]->QUERY_PINCODE_CHECK_RESULT
07-14 12:34:46.213 E/Mdm     ( 3494): Call Mdm service's setLastExitTime function
07-14 12:34:46.229 D/MdmApplication( 3494): [null:-1]->onActivityStarted setting.SettingActivity , mActivityCount = 1
07-14 12:34:46.237 D/MDM :   ( 3494): [null:-1]->query
07-14 12:34:46.237 D/MDM :   ( 3494): [null:-1]->QUERY_PINCODE_CHECK_RESULT
07-14 12:34:47.205 W/InteractionController( 7563): runAndwaitForEvent timedout waiting for events
07-14 12:34:47.424 D/dalvikvm(  374): GC_FOR_ALLOC freed 1148K, 32% free 18931K/27716K, paused 90ms, total 90ms
07-14 12:34:47.432 D/MdmApplication( 3494): [null:-1]->onActivityPaused setting.SettingActivity , mActivityCount = 2
07-14 12:34:47.432 D/MDM :   ( 3494): [null:-1]->query
07-14 12:34:47.432 D/MDM :   ( 3494): [null:-1]->QUERY_PINCODE_CHECK_RESULT
07-14 12:34:47.432 E/Mdm     ( 3494): Call Mdm service's setLastExitTime function
07-14 12:34:47.455 D/MdmApplication( 3494): [null:-1]->onActivityStarted ui.MainActivity , mActivityCount = 1
07-14 12:34:47.455 D/MDM :   ( 3494): [null:-1]->query
07-14 12:34:47.455 D/MDM :   ( 3494): [null:-1]->QUERY_PINCODE_CHECK_RESULT
07-14 12:34:48.330 I/QueryController( 7563): Matched selector: UiSelector[TEXT=, CLASS=android.widget.TextView] <<==>> [android.view.accessibility.AccessibilityNodeInfo@fecaa; boundsInParent: Rect(0, 0 - 148, 184); boundsInScreen: Rect(376, 572 - 524, 756); packageName: com.pekall.emdm; className: android.widget.TextView; text: ; contentDescription: null; viewIdResName: com.pekall.emdm:id/application_icon_content; checkable: false; checked: false; focusable: true; focused: false; selected: false; clickable: false; longClickable: false; enabled: true; password: false; scrollable: false; [ACTION_FOCUS, ACTION_SELECT, ACTION_CLEAR_SELECTION, ACTION_ACCESSIBILITY_FOCUS, ACTION_NEXT_AT_MOVEMENT_GRANULARITY, ACTION_PREVIOUS_AT_MOVEMENT_GRANULARITY, ACTION_SET_SELECTION]]
07-14 12:34:48.369 I/QueryController( 7563): Matched selector: UiSelector[TEXT=, CLASS=android.widget.TextView] <<==>> [android.view.accessibility.AccessibilityNodeInfo@fe528; boundsInParent: Rect(0, 0 - 148, 184); boundsInScreen: Rect(16, 572 - 164, 756); packageName: com.pekall.emdm; className: android.widget.TextView; text: ; contentDescription: null; viewIdResName: com.pekall.emdm:id/application_icon_content; checkable: false; checked: false; focusable: true; focused: false; selected: false; clickable: false; longClickable: false; enabled: true; password: false; scrollable: false; [ACTION_FOCUS, ACTION_SELECT, ACTION_CLEAR_SELECTION, ACTION_ACCESSIBILITY_FOCUS, ACTION_NEXT_AT_MOVEMENT_GRANULARITY, ACTION_PREVIOUS_AT_MOVEMENT_GRANULARITY, ACTION_SET_SELECTION]]
07-14 12:34:48.393 I/QueryController( 7563): Matched selector: UiSelector[TEXT=, CLASS=android.widget.TextView] <<==>> [android.view.accessibility.AccessibilityNodeInfo@fe8e9; boundsInParent: Rect(0, 0 - 148, 184); boundsInScreen: Rect(196, 572 - 344, 756); packageName: com.pekall.emdm; className: android.widget.TextView; text: ; contentDescription: null; viewIdResName: com.pekall.emdm:id/application_icon_content; checkable: false; checked: false; focusable: true; focused: false; selected: false; clickable: false; longClickable: false; enabled: true; password: false; scrollable: false; [ACTION_FOCUS, ACTION_SELECT, ACTION_CLEAR_SELECTION, ACTION_ACCESSIBILITY_FOCUS, ACTION_NEXT_AT_MOVEMENT_GRANULARITY, ACTION_PREVIOUS_AT_MOVEMENT_GRANULARITY, ACTION_SET_SELECTION]]
07-14 12:34:48.393 D/InteractionController( 7563): clickAndWaitForNewWindow(270, 664)
07-14 12:34:48.526 I/ActivityManager(  374): START u0 {cmp=com.pekall.emdm/.messagecenter.activity.MessageMainActivity} from pid 3494
07-14 12:34:48.658 D/dalvikvm(  374): GC_FOR_ALLOC freed 1147K, 32% free 18931K/27716K, paused 82ms, total 82ms
07-14 12:34:48.666 D/MdmApplication( 3494): [null:-1]->onActivityPaused ui.MainActivity , mActivityCount = 2
07-14 12:34:48.666 D/MDM :   ( 3494): [null:-1]->query
07-14 12:34:48.666 D/MDM :   ( 3494): [null:-1]->QUERY_PINCODE_CHECK_RESULT
07-14 12:34:48.666 E/Mdm     ( 3494): Call Mdm service's setLastExitTime function
07-14 12:34:48.744 D/MdmApplication( 3494): [null:-1]->onActivityStarted messagecenter.activity.MessageMainActivity , mActivityCount = 1
07-14 12:34:48.744 D/MDM :   ( 3494): [null:-1]->query
07-14 12:34:48.744 D/MDM :   ( 3494): [null:-1]->QUERY_PINCODE_CHECK_RESULT
07-14 12:34:48.744 E/DB      ( 3494): bind, index: 1, value: 100
07-14 12:34:48.744 D/DB      ( 3494): query: SQLiteQuery: SELECT * FROM message WHERE type=? ORDER BY date DESC
07-14 12:34:48.752 D/DB      ( 3494): factory null
07-14 12:34:48.752 D/DB      ( 3494): fillWindow: 0
07-14 12:34:48.752 D/DB      ( 3494): cursor 6
07-14 12:34:48.854 D/DB      ( 3494): moveToPos: 0
07-14 12:34:48.854 D/DB      ( 3494): onMove: 0
07-14 12:34:48.885 D/DB      ( 3494): moveToPos: 0
07-14 12:34:48.893 D/DB      ( 3494): moveToPos: 1
07-14 12:34:48.901 D/DB      ( 3494): onMove: 1
07-14 12:34:48.916 D/DB      ( 3494): moveToPos: 1
07-14 12:34:48.924 D/DB      ( 3494): moveToPos: 2
07-14 12:34:48.924 D/DB      ( 3494): onMove: 2
07-14 12:34:48.940 D/DB      ( 3494): moveToPos: 2
07-14 12:34:48.948 D/DB      ( 3494): moveToPos: 3
07-14 12:34:48.948 D/DB      ( 3494): onMove: 3
07-14 12:34:48.963 D/DB      ( 3494): moveToPos: 3
07-14 12:34:48.971 D/DB      ( 3494): moveToPos: 4
07-14 12:34:48.971 D/DB      ( 3494): onMove: 4
07-14 12:34:48.987 D/DB      ( 3494): moveToPos: 4
07-14 12:34:48.987 D/DB      ( 3494): moveToPos: 5
07-14 12:34:48.987 D/DB      ( 3494): onMove: 5
07-14 12:34:49.002 D/DB      ( 3494): moveToPos: 5
07-14 12:34:49.080 I/ActivityManager(  374): Displayed com.pekall.emdm/.messagecenter.activity.MessageMainActivity: +398ms
07-14 12:34:52.018 I/QueryController( 7563): Matched selector: UiSelector[TEXT=DevicePushMessage] <<==>> [android.view.accessibility.AccessibilityNodeInfo@14cb5e; boundsInParent: Rect(0, 0 - 457, 48); boundsInScreen: Rect(119, 156 - 576, 204); packageName: com.pekall.emdm; className: android.widget.TextView; text: DevicePushMessage; contentDescription: null; viewIdResName: com.pekall.emdm:id/message_subject; checkable: false; checked: false; focusable: false; focused: false; selected: false; clickable: false; longClickable: false; enabled: true; password: false; scrollable: false; [ACTION_SELECT, ACTION_CLEAR_SELECTION, ACTION_ACCESSIBILITY_FOCUS, ACTION_NEXT_AT_MOVEMENT_GRANULARITY, ACTION_PREVIOUS_AT_MOVEMENT_GRANULARITY, ACTION_SET_SELECTION]]
07-14 12:34:52.026 I/AndroidRuntime( 7563): VM exiting with result code 0.
07-14 12:35:00.612 D/LightsService(  374): Excessive delay setting light: 67ms
07-14 12:35:00.846 D/LightsService(  374): Excessive delay setting light: 67ms
07-14 12:35:02.448 D/JOBS    ( 4980): Thread-292: load factor check. true = (0 < 1)|| (0 * 3 < 0 + 0). consumer thread: true
07-14 12:35:02.448 D/JOBS    ( 4980): didn't allow me to die, re-running Thread-292
07-14 12:35:02.448 D/JOBS    ( 4980): re-running consumer Thread-292
07-14 12:35:03.393 I/PowerManagerService(  374): Going to sleep due to screen timeout...
07-14 12:35:04.158 D/SurfaceFlinger(  124): Screen released, type=0 flinger=0x41e1a478
07-14 12:35:04.221 I/WindowManager(  374): Screenshot Window{42d9d7c8 u0 com.pekall.emdm/com.pekall.emdm.messagecenter.activity.MessageMainActivity} was all black! mSurfaceLayer=21015 minLayer=21000 maxLayer=21015
07-14 12:35:04.307 D/dalvikvm(  374): GC_FOR_ALLOC freed 1349K, 31% free 19381K/27716K, paused 86ms, total 86ms
07-14 12:35:04.315 D/MdmApplication( 3494): [null:-1]->onActivityPaused messagecenter.activity.MessageMainActivity , mActivityCount = 2
07-14 12:35:04.315 D/MDM :   ( 3494): [null:-1]->query
07-14 12:35:04.315 D/MDM :   ( 3494): [null:-1]->QUERY_PINCODE_CHECK_RESULT
07-14 12:35:04.315 E/Mdm     ( 3494): Call Mdm service's setLastExitTime function
07-14 12:35:04.424 D/NfcService(  582): NFC-C OFF, disconnect
07-14 12:35:04.502 D/dalvikvm(  636): GC_FOR_ALLOC freed 989K, 11% free 12676K/14092K, paused 56ms, total 57ms
07-14 12:35:04.565 V/KeyguardHostView(  374): hide transport, gen:25
07-14 12:35:04.565 V/KeyguardHostView(  374): music state changed: 0
07-14 12:35:04.612 D/PhoneStatusBar(  450): disable: < expand icons alerts ticker system_info back home RECENT* clock search >
07-14 12:35:04.627 D/MDM :   ( 3494): [null:-1]->query
07-14 12:35:04.627 D/MDM :   ( 3494): [null:-1]->QUERY_SETTING_PIN_ONOFF
07-14 12:35:04.651 V/TAG     (  374): bug 7643792: fitSystemWindows([0,50][0,0])
07-14 12:35:04.682 D/dalvikvm( 5090): GC_FOR_ALLOC freed 350K, 6% free 10081K/10704K, paused 37ms, total 38ms
07-14 12:35:04.791 D/PhoneStatusBar(  450): disable: < expand icons alerts ticker system_info BACK* HOME* RECENT CLOCK* search >
07-14 12:35:14.385 D/MDM :   ( 3494): [null:-1]->MSG_WEBSOCKET_MESSAGE : {"id":-2131999447,"type":0,"command":0,"result":0,"reason":0,"params":{"msgId":"9384589f-4cad-4ca5-ba3f-bcb2c6eb8607,9384589f4cad4ca5ba3fbcb2c6eb8607","device":"ffffffffc539bb10fffffffff7aea961","message":"{\"cmd\":\"10119\"}"}}
07-14 12:35:14.401 D/MdmService( 3494): [null:-1]->push message type :0
07-14 12:35:14.401 D/MdmService( 3494): [null:-1]->cmdMessage : {"cmd":"10119"}
07-14 12:35:14.408 D/MdmService( 3494): [null:-1]->command : PushCommandMsg{cmd='10119', msg='null'}
07-14 12:35:14.408 D/MDM :   ( 3494): [null:-1]->PUSH CMD: 10119
07-14 12:35:14.408 D/MdmStatusManager( 3494): [null:-1]->change status to : Busy
07-14 12:35:14.408 D/DB      ( 3494): query: SQLiteQuery: SELECT content, command_status, status FROM command WHERE status!=2
07-14 12:35:14.408 D/DB      ( 3494): factory null
07-14 12:35:14.408 D/DB      ( 3494): fillWindow: 0
07-14 12:35:14.408 D/DB      ( 3494): cursor 0
07-14 12:35:14.408 D/DB      ( 3494): moveToPos: 0
07-14 12:35:14.408 I/TransInfo( 3494): TransInfo created, id: 3, class: class com.pekall.emdm.transaction.b.c
07-14 12:35:14.408 D/NetworkThread( 3494): [null:-1]->----isRunning-----true
07-14 12:35:14.416 D/NetworkThread( 3494): [null:-1]->----isRunning-----true
07-14 12:35:14.416 D/NetworkThread( 3494): [null:-1]->thread wakeup
07-14 12:35:14.416 D/HttpClient( 3494): enable apache.http debug
07-14 12:35:14.424 V/DEBUG   ( 3494): HTTP 0
07-14 12:35:15.229 V/DEBUG   ( 3494): HTTP 1
07-14 12:35:15.252 D/MDM :   ( 3494): [null:-1]->read network input stream
07-14 12:35:15.252 D/MDM :   ( 3494): [null:-1]->read network input stream
07-14 12:35:15.268 D/CheckInTransInfo( 3494): [null:-1]->CommandMsg : CommandMsg{CommandUUID='8a80888e4732aed501473327377d06f1', Command=CommandObject{RequestType='InstallApplication'}}
07-14 12:35:15.268 D/DB      ( 3494): query: SQLiteQuery: SELECT * FROM command WHERE cmd_uuid='8a80888e4732aed501473327377d06f1'
07-14 12:35:15.268 D/DB      ( 3494): factory null
07-14 12:35:15.268 D/DB      ( 3494): fillWindow: 0
07-14 12:35:15.268 D/DB      ( 3494): cursor 0
07-14 12:35:15.307 D/NetworkThread( 3494): [null:-1]->queue is empty, thread wait...
07-14 12:35:15.408 D/MdmService( 3494): [null:-1]->handleCheckInResult
07-14 12:35:15.408 D/MdmService( 3494): [null:-1]->handleCheckInResult result keyIndex: 3
07-14 12:35:15.408 D/CommandManager( 3494): [null:-1]->execute command: CommandMsg{CommandUUID='8a80888e4732aed501473327377d06f1', Command=CommandObject{RequestType='InstallApplication'}}
07-14 12:35:15.408 D/TEST_ALL( 3494): [null:-1]->REQ_TYPE_INST_APP
07-14 12:35:15.408 E/DB      ( 3494): bind, index: 1, value: hjhk.hjhkPkg
07-14 12:35:15.408 D/DB      ( 3494): query: SQLiteQuery: SELECT * FROM app WHERE package=?
07-14 12:35:15.408 D/DB      ( 3494): factory null
07-14 12:35:15.408 D/DB      ( 3494): fillWindow: 0
07-14 12:35:15.408 D/DB      ( 3494): cursor 0
07-14 12:35:15.408 D/DB      ( 3494): moveToPos: 0
07-14 12:35:15.455 D/DB      ( 3494): query: SQLiteQuery: SELECT * FROM app WHERE readStatus =0
07-14 12:35:15.455 D/DB      ( 3494): factory null
07-14 12:35:15.455 D/DB      ( 3494): fillWindow: 0
07-14 12:35:15.455 D/DB      ( 3494): cursor 1
07-14 12:35:15.455 E/Mdm     ( 3494): Call Mdm service's recordIconCount function
07-14 12:35:15.463 D/DB      ( 3494): query: SQLiteQuery: SELECT * FROM app WHERE readStatus =0
07-14 12:35:15.463 D/DB      ( 3494): factory null
07-14 12:35:15.463 D/DB      ( 3494): fillWindow: 0
07-14 12:35:15.471 D/DB      ( 3494): cursor 1
07-14 12:35:15.518 I/AudioService(  374):  AudioFocus  requestAudioFocus() from android.media.AudioManager@42c936d8
07-14 12:35:15.526 V/KeyguardHostView(  374): hide transport, gen:26
07-14 12:35:15.557 I/TransInfo( 3494): TransInfo created, id: 3, class: class com.pekall.emdm.transaction.b.c
07-14 12:35:15.557 D/NetworkThread( 3494): [null:-1]->----isRunning-----true
07-14 12:35:15.557 D/NetworkThread( 3494): [null:-1]->----isRunning-----true
07-14 12:35:15.557 D/NetworkThread( 3494): [null:-1]->thread wakeup
07-14 12:35:15.557 D/HttpClient( 3494): enable apache.http debug
07-14 12:35:15.565 V/DEBUG   ( 3494): HTTP 0
07-14 12:35:16.471 V/DEBUG   ( 3494): HTTP 1
07-14 12:35:16.479 D/MdmDatabaseHelper( 3494): [null:-1]->update command 8a80888e4732aed501473327377d06f1 to status executed
07-14 12:35:16.510 D/NetworkThread( 3494): [null:-1]->queue is empty, thread wait...
07-14 12:35:16.580 D/MdmService( 3494): [null:-1]->handleCheckInResult
07-14 12:35:16.580 D/MdmService( 3494): [null:-1]->handleCheckInResult result keyIndex: 3
07-14 12:35:16.580 D/HandleCommandTask( 3494): [null:-1]->execute command msg but beanBase is null
07-14 12:35:16.580 D/MdmStatusManager( 3494): [null:-1]->change status to : Idle
07-14 12:35:16.674 I/AudioService(  374):  AudioFocus  abandonAudioFocus() from android.media.AudioManager@42c936d8
07-14 12:35:16.674 V/KeyguardHostView(  374): hide transport, gen:27
07-14 12:35:25.260 D/AndroidRuntime( 7649): 
07-14 12:35:25.260 D/AndroidRuntime( 7649): >>>>>> AndroidRuntime START com.android.internal.os.RuntimeInit <<<<<<
07-14 12:35:25.260 D/AndroidRuntime( 7649): CheckJNI is OFF
07-14 12:35:25.276 D/dalvikvm( 7649): Trying to load lib libjavacore.so 0x0
07-14 12:35:25.283 D/dalvikvm( 7649): Added shared lib libjavacore.so 0x0
07-14 12:35:25.299 D/dalvikvm( 7649): Trying to load lib libnativehelper.so 0x0
07-14 12:35:25.299 D/dalvikvm( 7649): Added shared lib libnativehelper.so 0x0
07-14 12:35:25.526 D/AndroidRuntime( 7649): Calling main entry com.android.commands.uiautomator.Launcher
07-14 12:35:25.565 E/UiDevice( 7649): Exceuting watcher: ANRWatcher
07-14 12:35:25.565 E/UiDevice( 7649): java.lang.RuntimeException: UiDevice not initialized
07-14 12:35:25.565 E/UiDevice( 7649): 	at com.android.uiautomator.core.UiDevice.getAutomatorBridge(UiDevice.java:87)
07-14 12:35:25.565 E/UiDevice( 7649): 	at com.android.uiautomator.core.UiDevice.wakeUp(UiDevice.java:719)
07-14 12:35:25.565 E/UiDevice( 7649): 	at com.pekall.test.mdmui.util.UiANRWatcher.checkForCondition(UiANRWatcher.java:23)
07-14 12:35:25.565 E/UiDevice( 7649): 	at com.android.uiautomator.core.UiDevice.runWatchers(UiDevice.java:554)
07-14 12:35:25.565 E/UiDevice( 7649): 	at com.pekall.test.mdmui.util.UiANRWatcher.run(UiANRWatcher.java:41)
07-14 12:35:25.565 E/UiDevice( 7649): 	at com.pekall.test.mdmui.App.<clinit>(App.java:24)
07-14 12:35:25.565 E/UiDevice( 7649): 	at java.lang.Class.newInstanceImpl(Native Method)
07-14 12:35:25.565 E/UiDevice( 7649): 	at java.lang.Class.newInstance(Class.java:1130)
07-14 12:35:25.565 E/UiDevice( 7649): 	at com.android.uiautomator.testrunner.TestCaseCollector.addSingleTestMethod(TestCaseCollector.java:110)
07-14 12:35:25.565 E/UiDevice( 7649): 	at com.android.uiautomator.testrunner.TestCaseCollector.addTestClass(TestCaseCollector.java:86)
07-14 12:35:25.565 E/UiDevice( 7649): 	at com.android.uiautomator.testrunner.TestCaseCollector.addTestClass(TestCaseCollector.java:72)
07-14 12:35:25.565 E/UiDevice( 7649): 	at com.android.uiautomator.testrunner.TestCaseCollector.addTestClasses(TestCaseCollector.java:53)
07-14 12:35:25.565 E/UiDevice( 7649): 	at com.android.uiautomator.testrunner.UiAutomatorTestRunner.start(UiAutomatorTestRunner.java:106)
07-14 12:35:25.565 E/UiDevice( 7649): 	at com.android.uiautomator.testrunner.UiAutomatorTestRunner.run(UiAutomatorTestRunner.java:96)
07-14 12:35:25.565 E/UiDevice( 7649): 	at com.android.commands.uiautomator.RunTestCommand.run(RunTestCommand.java:91)
07-14 12:35:25.565 E/UiDevice( 7649): 	at com.android.commands.uiautomator.Launcher.main(Launcher.java:83)
07-14 12:35:25.565 E/UiDevice( 7649): 	at com.android.internal.os.RuntimeInit.nativeFinishInit(Native Method)
07-14 12:35:25.565 E/UiDevice( 7649): 	at com.android.internal.os.RuntimeInit.main(RuntimeInit.java:235)
07-14 12:35:25.565 E/UiDevice( 7649): 	at dalvik.system.NativeStart.main(Native Method)
07-14 12:35:25.580 D/dalvikvm( 7649): Note: class Landroid/app/ActivityManagerNative; has 163 unimplemented (abstract) methods
07-14 12:35:25.635 I/PowerManagerService(  374): Waking up from sleep...
07-14 12:35:25.674 I/WindowManager(  374): Lock screen displayed!
07-14 12:35:25.932 D/dalvikvm( 2019): GC_FOR_ALLOC freed 343K, 7% free 9929K/10588K, paused 21ms, total 21ms
07-14 12:35:25.948 V/DigitalWidgetViewsFactory( 2502): DigitalWidget sets next alarm string to null
07-14 12:35:26.002 D/PowerManagerService-JNI(  374): Excessive delay in autosuspend_disable() while turning screen on: 355ms
07-14 12:35:26.002 D/SurfaceFlinger(  124): Screen acquired, type=0 flinger=0x41e1a478
07-14 12:35:26.088 D/LightsService(  374): Excessive delay setting light: 84ms
07-14 12:35:26.151 D/LightsService(  374): Excessive delay setting light: 67ms
07-14 12:35:26.315 D/AndroidRuntime( 7667): 
07-14 12:35:26.315 D/AndroidRuntime( 7667): >>>>>> AndroidRuntime START com.android.internal.os.RuntimeInit <<<<<<
07-14 12:35:26.315 D/AndroidRuntime( 7667): CheckJNI is OFF
07-14 12:35:26.330 D/dalvikvm( 7667): Trying to load lib libjavacore.so 0x0
07-14 12:35:26.330 D/dalvikvm( 7667): Added shared lib libjavacore.so 0x0
07-14 12:35:26.346 D/dalvikvm( 7667): Trying to load lib libnativehelper.so 0x0
07-14 12:35:26.346 D/dalvikvm( 7667): Added shared lib libnativehelper.so 0x0
07-14 12:35:26.518 D/AndroidRuntime( 7667): Calling main entry com.qihoo360.powerctl.root.app.App
07-14 12:35:26.518 D/AndroidRuntime( 7667): Shutting down VM
07-14 12:35:26.526 D/dalvikvm( 7667): GC_CONCURRENT freed 114K, 22% free 467K/592K, paused 1ms+0ms, total 5ms
07-14 12:35:26.526 I/AndroidRuntime( 7667): NOTE: attach of thread 'Binder_1' failed
07-14 12:35:27.471 I/QueryController( 7649): Matched selector: UiSelector[DESCRIPTION=] <<==>> [android.view.accessibility.AccessibilityNodeInfo@20c21b; boundsInParent: Rect(0, 0 - 720, 756); boundsInScreen: Rect(0, 547 - 720, 1303); packageName: android; className: android.view.View; text: null; contentDescription: ; viewIdResName: android:id/glow_pad_view; checkable: false; checked: false; focusable: false; focused: false; selected: false; clickable: false; longClickable: false; enabled: true; password: false; scrollable: false; [ACTION_SELECT, ACTION_CLEAR_SELECTION, ACTION_ACCESSIBILITY_FOCUS, ACTION_NEXT_AT_MOVEMENT_GRANULARITY, ACTION_PREVIOUS_AT_MOVEMENT_GRANULARITY, ACTION_SET_SELECTION]]
07-14 12:35:27.479 W/GlowPadView(  374): The number of target drawables must be equal to the number of direction descriptions.
07-14 12:35:27.776 D/MdmApplication( 3494): [null:-1]->onActivityStarted messagecenter.activity.MessageMainActivity , mActivityCount = 1
07-14 12:35:27.776 D/MDM :   ( 3494): [null:-1]->query
07-14 12:35:27.783 D/MDM :   ( 3494): [null:-1]->QUERY_PINCODE_CHECK_RESULT
07-14 12:35:27.783 E/DB      ( 3494): bind, index: 1, value: 100
07-14 12:35:27.783 D/DB      ( 3494): query: SQLiteQuery: SELECT * FROM message WHERE type=? ORDER BY date DESC
07-14 12:35:27.783 D/DB      ( 3494): factory null
07-14 12:35:27.783 D/DB      ( 3494): fillWindow: 0
07-14 12:35:27.783 D/DB      ( 3494): cursor 6
07-14 12:35:27.799 D/PhoneStatusBar(  450): disable: < expand icons alerts ticker system_info BACK HOME recent* CLOCK search >
07-14 12:35:27.823 D/DB      ( 3494): moveToPos: 0
07-14 12:35:27.830 D/DB      ( 3494): onMove: 0
07-14 12:35:27.846 D/DB      ( 3494): moveToPos: 0
07-14 12:35:27.862 D/DB      ( 3494): moveToPos: 1
07-14 12:35:27.862 D/DB      ( 3494): onMove: 1
07-14 12:35:27.869 D/PhoneStatusBar(  450): disable: < expand icons alerts ticker system_info back* home* recent clock* search >
07-14 12:35:27.877 D/DB      ( 3494): moveToPos: 1
07-14 12:35:27.885 D/DB      ( 3494): moveToPos: 2
07-14 12:35:27.885 D/DB      ( 3494): onMove: 2
07-14 12:35:27.901 D/NfcService(  582): NFC-C ON
07-14 12:35:27.916 D/DB      ( 3494): moveToPos: 2
07-14 12:35:27.924 D/DB      ( 3494): moveToPos: 3
07-14 12:35:27.924 D/DB      ( 3494): onMove: 3
07-14 12:35:27.948 D/DB      ( 3494): moveToPos: 3
07-14 12:35:27.955 D/DB      ( 3494): moveToPos: 4
07-14 12:35:27.955 D/DB      ( 3494): onMove: 4
07-14 12:35:27.971 D/DB      ( 3494): moveToPos: 4
07-14 12:35:27.979 D/DB      ( 3494): moveToPos: 5
07-14 12:35:27.979 D/DB      ( 3494): onMove: 5
07-14 12:35:28.010 D/DB      ( 3494): moveToPos: 5
07-14 12:35:28.073 W/InputMethodManagerService(  374): Window already focused, ignoring focus gain of: com.android.internal.view.IInputMethodClient$Stub$Proxy@42b0cc60 attribute=android.view.inputmethod.EditorInfo@43956d18, token = android.os.BinderProxy@42f6fd38
07-14 12:35:28.307 V/TAG     (  374): bug 7643792: fitSystemWindows([0,50][0,0])
07-14 12:35:28.432 D/AndroidRuntime( 7688): 
07-14 12:35:28.432 D/AndroidRuntime( 7688): >>>>>> AndroidRuntime START com.android.internal.os.RuntimeInit <<<<<<
07-14 12:35:28.432 D/AndroidRuntime( 7688): CheckJNI is OFF
07-14 12:35:28.448 D/dalvikvm( 7688): Trying to load lib libjavacore.so 0x0
07-14 12:35:28.448 D/dalvikvm( 7688): Added shared lib libjavacore.so 0x0
07-14 12:35:28.463 D/dalvikvm( 7688): Trying to load lib libnativehelper.so 0x0
07-14 12:35:28.463 D/dalvikvm( 7688): Added shared lib libnativehelper.so 0x0
07-14 12:35:28.752 D/AndroidRuntime( 7688): Calling main entry com.qihoo360.powerctl.root.app.App
07-14 12:35:28.760 D/AndroidRuntime( 7688): Shutting down VM
07-14 12:35:28.760 D/dalvikvm( 7688): GC_CONCURRENT freed 115K, 22% free 467K/592K, paused 0ms+0ms, total 4ms
07-14 12:35:29.385 I/ActivityManager(  374): START u0 {act=android.intent.action.MAIN cat=[android.intent.category.HOME] flg=0x10200000 cmp=com.android.launcher/com.android.launcher2.Launcher} from pid 374
07-14 12:35:29.487 D/dalvikvm(  374): GC_FOR_ALLOC freed 1880K, 29% free 19955K/27716K, paused 93ms, total 93ms
07-14 12:35:29.494 D/MdmApplication( 3494): [null:-1]->onActivityPaused messagecenter.activity.MessageMainActivity , mActivityCount = 2
07-14 12:35:29.494 D/MDM :   ( 3494): [null:-1]->query
07-14 12:35:29.510 D/MDM :   ( 3494): [null:-1]->QUERY_PINCODE_CHECK_RESULT
07-14 12:35:29.510 E/Mdm     ( 3494): Call Mdm service's setLastExitTime function
07-14 12:35:29.557 D/dalvikvm(  450): GC_FOR_ALLOC freed 899K, 14% free 13722K/15908K, paused 38ms, total 38ms
07-14 12:35:30.260 W/ResourceType(  595): No known package when getting name for resource number 0x9c020000
07-14 12:35:30.260 W/ResourceType(  595): No known package when getting name for resource number 0x9c020002
07-14 12:35:30.307 W/ResourceType(  595): No known package when getting name for resource number 0x9b000000
07-14 12:35:30.315 W/ResourceType(  595): No known package when getting name for resource number 0x9b010100
07-14 12:35:30.315 D/dalvikvm(  595): GC_CONCURRENT freed 2121K, 15% free 14820K/17388K, paused 8ms+6ms, total 70ms
07-14 12:35:30.315 W/ResourceType(  595): No known package when getting name for resource number 0x9b030300
07-14 12:35:30.315 W/ResourceType(  595): No known package when getting name for resource number 0x9b040400
07-14 12:35:30.315 I/QueryController( 7649): Matched selector: UiSelector[DESCRIPTION=, PACKAGE NAME=com.android.launcher] <<==>> [android.view.accessibility.AccessibilityNodeInfo@1fe6e; boundsInParent: Rect(524232, 0 - 524360, 128); boundsInScreen: Rect(296, 1040 - 424, 1168); packageName: com.android.launcher; className: android.widget.TextView; text: null; contentDescription: ; viewIdResName: null; checkable: false; checked: false; focusable: true; focused: false; selected: false; clickable: true; longClickable: false; enabled: true; password: false; scrollable: false; [ACTION_FOCUS, ACTION_SELECT, ACTION_CLEAR_SELECTION, ACTION_CLICK, ACTION_ACCESSIBILITY_FOCUS]]
07-14 12:35:30.323 D/InteractionController( 7649): clickAndWaitForNewWindow(360, 1104)
07-14 12:35:31.151 D/dalvikvm( 6152): GC_FOR_ALLOC freed 414K, 8% free 9357K/10072K, paused 27ms, total 27ms
07-14 12:35:31.158 W/MountService(  374): getVolumeState(/storage/emulated/0/external_sd): Unknown volume
07-14 12:35:31.158 W/MountService(  374): getVolumeState(/mnt/sdcard-ext): Unknown volume
07-14 12:35:31.166 W/MountService(  374): getVolumeState(/mnt/ext_sdcard): Unknown volume
07-14 12:35:31.166 W/MountService(  374): getVolumeState(/mnt/sdcard2): Unknown volume
07-14 12:35:31.166 W/MountService(  374): getVolumeState(/mnt/emmc): Unknown volume
07-14 12:35:31.166 W/MountService(  374): getVolumeState(/mnt/extSdCard): Unknown volume
07-14 12:35:31.174 I/QueryController( 7649): Matched selector: UiSelector[TEXT=] <<==>> [android.view.accessibility.AccessibilityNodeInfo@6c634; boundsInParent: Rect(0, 0 - 148, 184); boundsInScreen: Rect(16, 958 - 164, 1142); packageName: com.android.launcher; className: android.widget.TextView; text: ; contentDescription: null; viewIdResName: null; checkable: false; checked: false; focusable: true; focused: false; selected: false; clickable: true; longClickable: true; enabled: true; password: false; scrollable: false; [ACTION_FOCUS, ACTION_SELECT, ACTION_CLEAR_SELECTION, ACTION_CLICK, ACTION_LONG_CLICK, ACTION_ACCESSIBILITY_FOCUS, ACTION_NEXT_AT_MOVEMENT_GRANULARITY, ACTION_PREVIOUS_AT_MOVEMENT_GRANULARITY, ACTION_SET_SELECTION]]
07-14 12:35:31.174 W/MountService(  374): getVolumeState(/mnt/sdcard/SD_CARD): Unknown volume
07-14 12:35:31.174 W/MountService(  374): getVolumeState(/mnt/sdcard/extra_sd): Unknown volume
07-14 12:35:31.174 W/MountService(  374): getVolumeState(/mnt/extrasd_bind): Unknown volume
07-14 12:35:31.182 W/MountService(  374): getVolumeState(/mnt/sdcard/ext_sd): Unknown volume
07-14 12:35:31.182 W/MountService(  374): getVolumeState(/storage/extSdCard): Unknown volume
07-14 12:35:31.182 W/MountService(  374): getVolumeState(/storage/sdcard1): Unknown volume
07-14 12:35:31.182 W/MountService(  374): getVolumeState(/mnt/sdcard/external_SD): Unknown volume
07-14 12:35:31.182 W/MountService(  374): getVolumeState(/mnt/sdcard/external_sd): Unknown volume
07-14 12:35:31.205 I/QueryController( 7649): Matched selector: UiSelector[TEXT=] <<==>> [android.view.accessibility.AccessibilityNodeInfo@6c634; boundsInParent: Rect(0, 0 - 148, 184); boundsInScreen: Rect(16, 958 - 164, 1142); packageName: com.android.launcher; className: android.widget.TextView; text: ; contentDescription: null; viewIdResName: null; checkable: false; checked: false; focusable: true; focused: false; selected: false; clickable: true; longClickable: true; enabled: true; password: false; scrollable: false; [ACTION_FOCUS, ACTION_SELECT, ACTION_CLEAR_SELECTION, ACTION_CLICK, ACTION_LONG_CLICK, ACTION_ACCESSIBILITY_FOCUS, ACTION_NEXT_AT_MOVEMENT_GRANULARITY, ACTION_PREVIOUS_AT_MOVEMENT_GRANULARITY, ACTION_SET_SELECTION]]
07-14 12:35:31.213 D/InteractionController( 7649): clickAndWaitForNewWindow(90, 1050)
07-14 12:35:31.299 D/dalvikvm( 6152): GC_CONCURRENT freed 282K, 6% free 9505K/10072K, paused 3ms+3ms, total 32ms
07-14 12:35:31.346 I/ActivityManager(  374): START u0 {act=android.intent.action.MAIN cat=[android.intent.category.LAUNCHER] flg=0x10200000 cmp=com.pekall.emdm/.ui.SplashActivity} from pid 595
07-14 12:35:31.518 D/dalvikvm(  374): GC_FOR_ALLOC freed 2240K, 32% free 18951K/27716K, paused 97ms, total 97ms
07-14 12:35:31.549 D/MdmApplication( 3494): [null:-1]->onActivityStarted messagecenter.activity.MessageMainActivity , mActivityCount = 1
07-14 12:35:31.549 D/MDM :   ( 3494): [null:-1]->query
07-14 12:35:31.557 D/MDM :   ( 3494): [null:-1]->QUERY_PINCODE_CHECK_RESULT
07-14 12:35:31.557 E/DB      ( 3494): bind, index: 1, value: 100
07-14 12:35:31.557 D/DB      ( 3494): query: SQLiteQuery: SELECT * FROM message WHERE type=? ORDER BY date DESC
07-14 12:35:31.557 D/DB      ( 3494): factory null
07-14 12:35:31.557 D/DB      ( 3494): fillWindow: 0
07-14 12:35:31.557 D/DB      ( 3494): cursor 6
07-14 12:35:31.651 D/DB      ( 3494): moveToPos: 0
07-14 12:35:31.651 D/DB      ( 3494): onMove: 0
07-14 12:35:31.674 D/DB      ( 3494): moveToPos: 0
07-14 12:35:31.682 D/DB      ( 3494): moveToPos: 1
07-14 12:35:31.682 D/DB      ( 3494): onMove: 1
07-14 12:35:31.705 D/DB      ( 3494): moveToPos: 1
07-14 12:35:31.713 D/DB      ( 3494): moveToPos: 2
07-14 12:35:31.713 D/DB      ( 3494): onMove: 2
07-14 12:35:31.721 W/MountService(  374): getVolumeState(/storage/emulated/0/external_sd): Unknown volume
07-14 12:35:31.729 D/DB      ( 3494): moveToPos: 2
07-14 12:35:31.729 W/MountService(  374): getVolumeState(/mnt/sdcard-ext): Unknown volume
07-14 12:35:31.737 D/DB      ( 3494): moveToPos: 3
07-14 12:35:31.737 D/DB      ( 3494): onMove: 3
07-14 12:35:31.737 W/MountService(  374): getVolumeState(/mnt/ext_sdcard): Unknown volume
07-14 12:35:31.737 W/MountService(  374): getVolumeState(/mnt/sdcard2): Unknown volume
07-14 12:35:31.737 W/MountService(  374): getVolumeState(/mnt/emmc): Unknown volume
07-14 12:35:31.744 W/MountService(  374): getVolumeState(/mnt/extSdCard): Unknown volume
07-14 12:35:31.744 W/MountService(  374): getVolumeState(/mnt/sdcard/SD_CARD): Unknown volume
07-14 12:35:31.744 W/MountService(  374): getVolumeState(/mnt/sdcard/extra_sd): Unknown volume
07-14 12:35:31.744 W/MountService(  374): getVolumeState(/mnt/extrasd_bind): Unknown volume
07-14 12:35:31.744 W/MountService(  374): getVolumeState(/mnt/sdcard/ext_sd): Unknown volume
07-14 12:35:31.744 W/MountService(  374): getVolumeState(/storage/extSdCard): Unknown volume
07-14 12:35:31.752 W/MountService(  374): getVolumeState(/storage/sdcard1): Unknown volume
07-14 12:35:31.752 W/MountService(  374): getVolumeState(/mnt/sdcard/external_SD): Unknown volume
07-14 12:35:31.752 W/MountService(  374): getVolumeState(/mnt/sdcard/external_sd): Unknown volume
07-14 12:35:31.760 D/DB      ( 3494): moveToPos: 3
07-14 12:35:31.768 D/DB      ( 3494): moveToPos: 4
07-14 12:35:31.768 D/DB      ( 3494): onMove: 4
07-14 12:35:31.791 D/DB      ( 3494): moveToPos: 4
07-14 12:35:31.799 D/DB      ( 3494): moveToPos: 5
07-14 12:35:31.799 D/DB      ( 3494): onMove: 5
07-14 12:35:31.823 D/DB      ( 3494): moveToPos: 5
07-14 12:35:31.838 D/dalvikvm( 6152): GC_CONCURRENT freed 615K, 7% free 9400K/10072K, paused 6ms+3ms, total 80ms
07-14 12:35:31.838 D/dalvikvm( 6152): WAIT_FOR_CONCURRENT_GC blocked 9ms
07-14 12:35:32.479 I/QueryController( 7649): Matched selector: UiSelector[PACKAGE NAME=com.pekall.emdm] <<==>> [android.view.accessibility.AccessibilityNodeInfo@13f926; boundsInParent: Rect(0, 0 - 720, 1184); boundsInScreen: Rect(0, 0 - 720, 1184); packageName: com.pekall.emdm; className: android.widget.FrameLayout; text: null; contentDescription: null; viewIdResName: null; checkable: false; checked: false; focusable: false; focused: false; selected: false; clickable: false; longClickable: false; enabled: true; password: false; scrollable: false; [ACTION_SELECT, ACTION_CLEAR_SELECTION, ACTION_ACCESSIBILITY_FOCUS]]
07-14 12:35:33.276 D/dalvikvm(  374): GC_FOR_ALLOC freed 1189K, 32% free 18944K/27716K, paused 83ms, total 83ms
07-14 12:35:33.276 D/MdmApplication( 3494): [null:-1]->onActivityPaused messagecenter.activity.MessageMainActivity , mActivityCount = 2
07-14 12:35:33.276 D/MDM :   ( 3494): [null:-1]->query
07-14 12:35:33.276 D/MDM :   ( 3494): [null:-1]->QUERY_PINCODE_CHECK_RESULT
07-14 12:35:33.276 E/Mdm     ( 3494): Call Mdm service's setLastExitTime function
07-14 12:35:33.299 D/MdmApplication( 3494): [null:-1]->onActivityStarted ui.MainActivity , mActivityCount = 1
07-14 12:35:33.299 D/MDM :   ( 3494): [null:-1]->query
07-14 12:35:33.307 D/MDM :   ( 3494): [null:-1]->QUERY_PINCODE_CHECK_RESULT
07-14 12:35:33.932 E/DB      ( 3494): bind, index: 1, value: 0
07-14 12:35:33.932 D/DB      ( 3494): query: SQLiteQuery: SELECT * FROM message WHERE status =?
07-14 12:35:33.932 D/DB      ( 3494): factory null
07-14 12:35:33.932 D/DB      ( 3494): fillWindow: 0
07-14 12:35:33.932 D/DB      ( 3494): cursor 0
07-14 12:35:33.932 E/DB      ( 3494): bind, index: 1, value: 0
07-14 12:35:33.932 E/DB      ( 3494): bind, index: 2, value: 100
07-14 12:35:33.932 D/DB      ( 3494): query: SQLiteQuery: SELECT * FROM message WHERE status=? and type=?
07-14 12:35:33.932 D/DB      ( 3494): factory null
07-14 12:35:33.932 D/DB      ( 3494): fillWindow: 0
07-14 12:35:33.932 D/DB      ( 3494): cursor 0
07-14 12:35:33.948 E/Mdm     ( 3494): Call Mdm service's recordIconCount function
07-14 12:35:34.080 I/QueryController( 7649): Matched selector: UiSelector[TEXT=, CLASS=android.widget.TextView] <<==>> [android.view.accessibility.AccessibilityNodeInfo@fecaa; boundsInParent: Rect(0, 0 - 148, 184); boundsInScreen: Rect(376, 572 - 524, 756); packageName: com.pekall.emdm; className: android.widget.TextView; text: ; contentDescription: null; viewIdResName: com.pekall.emdm:id/application_icon_content; checkable: false; checked: false; focusable: true; focused: false; selected: false; clickable: false; longClickable: false; enabled: true; password: false; scrollable: false; [ACTION_FOCUS, ACTION_SELECT, ACTION_CLEAR_SELECTION, ACTION_ACCESSIBILITY_FOCUS, ACTION_NEXT_AT_MOVEMENT_GRANULARITY, ACTION_PREVIOUS_AT_MOVEMENT_GRANULARITY, ACTION_SET_SELECTION]]
07-14 12:35:34.112 I/QueryController( 7649): Matched selector: UiSelector[TEXT=, CLASS=android.widget.TextView] <<==>> [android.view.accessibility.AccessibilityNodeInfo@fe528; boundsInParent: Rect(0, 0 - 148, 184); boundsInScreen: Rect(16, 572 - 164, 756); packageName: com.pekall.emdm; className: android.widget.TextView; text: ; contentDescription: null; viewIdResName: com.pekall.emdm:id/application_icon_content; checkable: false; checked: false; focusable: true; focused: false; selected: false; clickable: false; longClickable: false; enabled: true; password: false; scrollable: false; [ACTION_FOCUS, ACTION_SELECT, ACTION_CLEAR_SELECTION, ACTION_ACCESSIBILITY_FOCUS, ACTION_NEXT_AT_MOVEMENT_GRANULARITY, ACTION_PREVIOUS_AT_MOVEMENT_GRANULARITY, ACTION_SET_SELECTION]]
07-14 12:35:34.619 I/QueryController( 7649): Matched selector: UiSelector[TEXT=, CLASS=android.widget.TextView] <<==>> [android.view.accessibility.AccessibilityNodeInfo@fecaa; boundsInParent: Rect(0, 0 - 148, 184); boundsInScreen: Rect(376, 572 - 524, 756); packageName: com.pekall.emdm; className: android.widget.TextView; text: ; contentDescription: null; viewIdResName: com.pekall.emdm:id/application_icon_content; checkable: false; checked: false; focusable: true; focused: false; selected: false; clickable: false; longClickable: false; enabled: true; password: false; scrollable: false; [ACTION_FOCUS, ACTION_SELECT, ACTION_CLEAR_SELECTION, ACTION_ACCESSIBILITY_FOCUS, ACTION_NEXT_AT_MOVEMENT_GRANULARITY, ACTION_PREVIOUS_AT_MOVEMENT_GRANULARITY, ACTION_SET_SELECTION]]
07-14 12:35:34.619 D/InteractionController( 7649): clickAndWaitForNewWindow(450, 664)
07-14 12:35:34.768 I/ActivityManager(  374): START u0 {cmp=com.pekall.emdm/.market.activity.AppListActivity} from pid 3494
07-14 12:35:34.916 D/dalvikvm(  374): GC_FOR_ALLOC freed 1158K, 32% free 18939K/27716K, paused 85ms, total 86ms
07-14 12:35:34.924 D/MdmApplication( 3494): [null:-1]->onActivityPaused ui.MainActivity , mActivityCount = 2
07-14 12:35:34.924 D/MDM :   ( 3494): [null:-1]->query
07-14 12:35:34.924 D/MDM :   ( 3494): [null:-1]->QUERY_PINCODE_CHECK_RESULT
07-14 12:35:34.932 E/Mdm     ( 3494): Call Mdm service's setLastExitTime function
07-14 12:35:34.994 D/MdmApplication( 3494): [null:-1]->onActivityStarted market.activity.AppListActivity , mActivityCount = 1
07-14 12:35:34.994 D/MDM :   ( 3494): [null:-1]->query
07-14 12:35:34.994 D/MDM :   ( 3494): [null:-1]->QUERY_PINCODE_CHECK_RESULT
07-14 12:35:35.026 D/DB      ( 3494): query: SQLiteQuery: SELECT * FROM app WHERE type = 51107
07-14 12:35:35.026 D/DB      ( 3494): factory null
07-14 12:35:35.026 D/DB      ( 3494): fillWindow: 0
07-14 12:35:35.026 D/DB      ( 3494): cursor 0
07-14 12:35:35.049 D/DB      ( 3494): query: SQLiteQuery: SELECT * FROM app WHERE type = 51106
07-14 12:35:35.049 D/DB      ( 3494): factory null
07-14 12:35:35.049 D/DB      ( 3494): fillWindow: 0
07-14 12:35:35.049 D/DB      ( 3494): cursor 1
07-14 12:35:35.198 D/dalvikvm( 3494): GC_CONCURRENT freed 3618K, 16% free 20879K/24588K, paused 10ms+22ms, total 166ms
07-14 12:35:35.205 D/dalvikvm( 1052): GC_CONCURRENT freed 520K, 9% free 10213K/11168K, paused 4ms+3ms, total 74ms
07-14 12:35:35.213 D/DB      ( 3494): moveToPos: 0
07-14 12:35:35.213 D/DB      ( 3494): onMove: 0
07-14 12:35:35.221 D/DB      ( 3494): moveToPos: 1
07-14 12:35:35.229 I/ActivityManager(  374): Displayed com.pekall.emdm/.market.activity.AppListActivity: +287ms
07-14 12:35:35.948 I/QueryController( 7649): Matched selector: UiSelector[TEXT=, CLASS=android.widget.TextView] <<==>> [android.view.accessibility.AccessibilityNodeInfo@173a88; boundsInParent: Rect(0, 0 - 144, 48); boundsInScreen: Rect(108, 170 - 252, 218); packageName: com.pekall.emdm; className: android.widget.TextView; text: ; contentDescription: null; viewIdResName: com.pekall.emdm:id/market_tab_text; checkable: false; checked: false; focusable: false; focused: false; selected: true; clickable: false; longClickable: false; enabled: true; password: false; scrollable: false; [ACTION_SELECT, ACTION_CLEAR_SELECTION, ACTION_ACCESSIBILITY_FOCUS, ACTION_NEXT_AT_MOVEMENT_GRANULARITY, ACTION_PREVIOUS_AT_MOVEMENT_GRANULARITY, ACTION_SET_SELECTION]]
07-14 12:35:35.948 D/InteractionController( 7649): clickAndWaitForNewWindow(180, 194)
07-14 12:35:39.080 W/InteractionController( 7649): runAndwaitForEvent timedout waiting for events
07-14 12:35:41.221 D/dalvikvm( 7649): GC_FOR_ALLOC freed 7537K, 93% free 653K/8192K, paused 35ms, total 35ms
07-14 12:35:41.369 D/dalvikvm( 7649): GC_CONCURRENT freed 433K, 93% free 641K/8192K, paused 1ms+1ms, total 8ms
07-14 12:35:41.541 D/dalvikvm( 7649): GC_CONCURRENT freed 395K, 78% free 642K/2820K, paused 2ms+1ms, total 13ms
07-14 12:35:41.573 W/Settings( 2019): Setting airplane_mode_on has moved from android.provider.Settings.System to android.provider.Settings.Global, returning read-only value.
07-14 12:35:41.580 W/Settings( 2019): Setting mobile_data has moved from android.provider.Settings.Secure to android.provider.Settings.Global.
07-14 12:35:41.580 D/BluetoothAdapter( 2019): 1116407520: getState() :  mService = null. Returning STATE_OFF
07-14 12:35:41.580 W/Settings( 2019): Setting airplane_mode_on has moved from android.provider.Settings.System to android.provider.Settings.Global, returning read-only value.
07-14 12:35:41.588 W/Settings( 2019): Setting airplane_mode_on has moved from android.provider.Settings.System to android.provider.Settings.Global, returning read-only value.
07-14 12:35:41.588 W/Settings( 2019): Setting mobile_data has moved from android.provider.Settings.Secure to android.provider.Settings.Global.
07-14 12:35:41.588 D/BluetoothAdapter( 2019): 1116407520: getState() :  mService = null. Returning STATE_OFF
07-14 12:35:41.588 W/Settings( 2019): Setting airplane_mode_on has moved from android.provider.Settings.System to android.provider.Settings.Global, returning read-only value.
07-14 12:35:41.612 W/Settings( 2019): Setting airplane_mode_on has moved from android.provider.Settings.System to android.provider.Settings.Global, returning read-only value.
07-14 12:35:41.612 W/Settings( 2019): Setting mobile_data has moved from android.provider.Settings.Secure to android.provider.Settings.Global.
07-14 12:35:41.612 D/BluetoothAdapter( 2019): 1116407520: getState() :  mService = null. Returning STATE_OFF
07-14 12:35:41.612 W/Settings( 2019): Setting airplane_mode_on has moved from android.provider.Settings.System to android.provider.Settings.Global, returning read-only value.
07-14 12:35:42.237 D/dalvikvm( 7649): GC_CONCURRENT freed 408K, 78% free 643K/2820K, paused 1ms+1ms, total 7ms
07-14 12:35:42.377 D/dalvikvm( 7649): GC_CONCURRENT freed 417K, 78% free 623K/2820K, paused 2ms+1ms, total 8ms
07-14 12:35:42.510 D/dalvikvm( 7649): GC_CONCURRENT freed 395K, 78% free 624K/2820K, paused 1ms+1ms, total 7ms
07-14 12:35:42.643 D/dalvikvm( 7649): GC_CONCURRENT freed 397K, 78% free 624K/2820K, paused 1ms+0ms, total 8ms
07-14 12:35:42.783 D/dalvikvm( 7649): GC_CONCURRENT freed 397K, 78% free 624K/2820K, paused 0ms+0ms, total 7ms
07-14 12:35:42.924 D/dalvikvm( 7649): GC_CONCURRENT freed 394K, 78% free 624K/2820K, paused 0ms+0ms, total 7ms
07-14 12:35:43.057 D/dalvikvm( 7649): GC_CONCURRENT freed 398K, 78% free 623K/2820K, paused 1ms+1ms, total 7ms
07-14 12:35:43.198 D/dalvikvm( 7649): GC_CONCURRENT freed 398K, 78% free 621K/2820K, paused 1ms+1ms, total 7ms
07-14 12:35:43.330 D/dalvikvm( 7649): GC_CONCURRENT freed 376K, 78% free 641K/2820K, paused 2ms+1ms, total 8ms
07-14 12:35:43.471 D/dalvikvm( 7649): GC_CONCURRENT freed 394K, 78% free 643K/2820K, paused 1ms+1ms, total 8ms
07-14 12:35:43.612 D/dalvikvm( 7649): GC_CONCURRENT freed 394K, 78% free 643K/2820K, paused 2ms+1ms, total 8ms
07-14 12:35:43.744 D/dalvikvm( 7649): GC_CONCURRENT freed 398K, 78% free 642K/2820K, paused 1ms+1ms, total 7ms
07-14 12:35:43.893 D/dalvikvm( 7649): GC_CONCURRENT freed 413K, 78% free 625K/2820K, paused 2ms+1ms, total 8ms
07-14 12:35:44.033 D/dalvikvm( 7649): GC_CONCURRENT freed 397K, 78% free 624K/2820K, paused 0ms+0ms, total 7ms
07-14 12:35:44.174 D/dalvikvm( 7649): GC_CONCURRENT freed 375K, 78% free 644K/2820K, paused 1ms+0ms, total 7ms
07-14 12:35:44.315 D/dalvikvm( 7649): GC_CONCURRENT freed 400K, 78% free 640K/2820K, paused 2ms+1ms, total 8ms
07-14 12:35:44.448 D/dalvikvm( 7649): GC_CONCURRENT freed 396K, 78% free 642K/2820K, paused 2ms+0ms, total 8ms
07-14 12:35:44.596 D/dalvikvm( 7649): GC_CONCURRENT freed 413K, 78% free 625K/2820K, paused 1ms+2ms, total 11ms
07-14 12:35:44.729 D/dalvikvm( 7649): GC_CONCURRENT freed 397K, 78% free 624K/2820K, paused 1ms+1ms, total 7ms
07-14 12:35:44.869 D/dalvikvm( 7649): GC_CONCURRENT freed 397K, 78% free 624K/2820K, paused 1ms+1ms, total 7ms
07-14 12:35:45.002 D/dalvikvm( 7649): GC_CONCURRENT freed 395K, 78% free 624K/2820K, paused 1ms+1ms, total 8ms
07-14 12:35:45.135 D/dalvikvm( 7649): GC_CONCURRENT freed 398K, 78% free 623K/2820K, paused 1ms+1ms, total 8ms
07-14 12:35:45.276 D/dalvikvm( 7649): GC_CONCURRENT freed 395K, 78% free 624K/2820K, paused 1ms+1ms, total 7ms
07-14 12:35:45.416 D/dalvikvm( 7649): GC_CONCURRENT freed 397K, 78% free 624K/2820K, paused 1ms+1ms, total 8ms
07-14 12:35:45.549 D/dalvikvm( 7649): GC_CONCURRENT freed 397K, 78% free 624K/2820K, paused 2ms+1ms, total 8ms
07-14 12:35:45.690 D/dalvikvm( 7649): GC_CONCURRENT freed 394K, 78% free 624K/2820K, paused 2ms+0ms, total 8ms
07-14 12:35:45.823 D/dalvikvm( 7649): GC_CONCURRENT freed 398K, 78% free 623K/2820K, paused 1ms+0ms, total 7ms
07-14 12:35:45.963 D/dalvikvm( 7649): GC_CONCURRENT freed 394K, 78% free 625K/2820K, paused 1ms+1ms, total 8ms
07-14 12:35:46.104 D/dalvikvm( 7649): GC_CONCURRENT freed 397K, 78% free 624K/2820K, paused 1ms+1ms, total 7ms
07-14 12:35:46.237 D/dalvikvm( 7649): GC_CONCURRENT freed 397K, 78% free 624K/2820K, paused 1ms+1ms, total 7ms
07-14 12:35:46.377 D/dalvikvm( 7649): GC_CONCURRENT freed 394K, 78% free 624K/2820K, paused 0ms+0ms, total 7ms
07-14 12:35:46.510 D/dalvikvm( 3494): GC_CONCURRENT freed 4552K, 19% free 20250K/24904K, paused 4ms+10ms, total 112ms
07-14 12:35:46.557 D/dalvikvm( 7649): GC_CONCURRENT freed 398K, 78% free 623K/2820K, paused 1ms+1ms, total 7ms
07-14 12:35:46.698 D/dalvikvm( 7649): GC_CONCURRENT freed 395K, 78% free 624K/2820K, paused 0ms+1ms, total 7ms
07-14 12:35:46.846 D/dalvikvm( 7649): GC_CONCURRENT freed 396K, 78% free 624K/2820K, paused 2ms+0ms, total 9ms
