07-14 12:35:46.979 D/dalvikvm( 7649): GC_CONCURRENT freed 397K, 78% free 624K/2820K, paused 1ms+1ms, total 7ms
07-14 12:35:47.119 D/dalvikvm( 7649): GC_CONCURRENT freed 394K, 78% free 624K/2820K, paused 1ms+1ms, total 8ms
07-14 12:35:47.252 D/dalvikvm( 7649): GC_CONCURRENT freed 398K, 78% free 623K/2820K, paused 1ms+1ms, total 7ms
07-14 12:35:47.401 D/dalvikvm( 7649): GC_CONCURRENT freed 395K, 78% free 624K/2820K, paused 0ms+0ms, total 7ms
07-14 12:35:47.533 D/dalvikvm( 7649): GC_CONCURRENT freed 397K, 78% free 624K/2820K, paused 0ms+0ms, total 6ms
07-14 12:35:47.674 D/dalvikvm( 7649): GC_CONCURRENT freed 397K, 78% free 624K/2820K, paused 1ms+1ms, total 7ms
07-14 12:35:47.807 D/dalvikvm( 7649): GC_CONCURRENT freed 394K, 78% free 624K/2820K, paused 0ms+0ms, total 6ms
07-14 12:35:47.948 D/dalvikvm( 7649): GC_CONCURRENT freed 398K, 78% free 623K/2820K, paused 1ms+1ms, total 8ms
07-14 12:35:48.096 D/dalvikvm( 7649): GC_CONCURRENT freed 394K, 78% free 625K/2820K, paused 1ms+1ms, total 9ms
07-14 12:35:48.158 D/LightsService(  374): Excessive delay setting light: 69ms
07-14 12:35:48.237 D/dalvikvm( 7649): GC_CONCURRENT freed 378K, 78% free 642K/2820K, paused 2ms+1ms, total 8ms
07-14 12:35:48.377 D/dalvikvm( 7649): GC_CONCURRENT freed 397K, 78% free 642K/2820K, paused 2ms+1ms, total 9ms
07-14 12:35:48.432 D/LightsService(  374): Excessive delay setting light: 67ms
07-14 12:35:48.518 D/dalvikvm( 7649): GC_CONCURRENT freed 412K, 78% free 625K/2820K, paused 1ms+1ms, total 7ms
07-14 12:35:48.658 D/dalvikvm( 7649): GC_CONCURRENT freed 399K, 78% free 623K/2820K, paused 1ms+1ms, total 8ms
07-14 12:35:48.799 D/dalvikvm( 7649): GC_CONCURRENT freed 395K, 78% free 624K/2820K, paused 0ms+1ms, total 8ms
07-14 12:35:48.940 D/dalvikvm( 7649): GC_CONCURRENT freed 397K, 78% free 624K/2820K, paused 0ms+0ms, total 7ms
07-14 12:35:49.073 D/dalvikvm( 7649): GC_CONCURRENT freed 397K, 78% free 624K/2820K, paused 1ms+1ms, total 7ms
07-14 12:35:49.205 D/dalvikvm( 7649): GC_CONCURRENT freed 394K, 78% free 624K/2820K, paused 0ms+0ms, total 6ms
07-14 12:35:49.338 D/dalvikvm( 7649): GC_CONCURRENT freed 398K, 78% free 623K/2820K, paused 1ms+0ms, total 7ms
07-14 12:35:49.479 D/dalvikvm( 7649): GC_CONCURRENT freed 395K, 78% free 624K/2820K, paused 1ms+1ms, total 7ms
07-14 12:35:49.612 D/dalvikvm( 7649): GC_CONCURRENT freed 397K, 78% free 624K/2820K, paused 1ms+1ms, total 7ms
07-14 12:35:49.744 D/dalvikvm( 7649): GC_CONCURRENT freed 397K, 78% free 624K/2820K, paused 1ms+1ms, total 7ms
07-14 12:35:49.885 D/dalvikvm( 7649): GC_CONCURRENT freed 394K, 78% free 624K/2820K, paused 1ms+1ms, total 7ms
07-14 12:35:50.018 D/dalvikvm( 7649): GC_CONCURRENT freed 398K, 78% free 623K/2820K, paused 1ms+1ms, total 8ms
07-14 12:35:50.158 D/dalvikvm( 7649): GC_CONCURRENT freed 394K, 78% free 625K/2820K, paused 1ms+1ms, total 7ms
07-14 12:35:50.291 D/dalvikvm( 7649): GC_CONCURRENT freed 380K, 78% free 641K/2820K, paused 2ms+0ms, total 9ms
07-14 12:35:50.424 D/dalvikvm( 7649): GC_CONCURRENT freed 395K, 78% free 642K/2820K, paused 1ms+1ms, total 8ms
07-14 12:35:50.565 D/dalvikvm( 7649): GC_CONCURRENT freed 413K, 78% free 624K/2820K, paused 1ms+1ms, total 7ms
07-14 12:35:50.698 D/dalvikvm( 7649): GC_CONCURRENT freed 398K, 78% free 623K/2820K, paused 2ms+0ms, total 9ms
07-14 12:35:50.830 D/dalvikvm( 7649): GC_CONCURRENT freed 394K, 78% free 625K/2820K, paused 1ms+1ms, total 7ms
07-14 12:35:50.948 I/PowerManagerService(  374): Going to sleep due to screen timeout...
07-14 12:35:50.971 D/dalvikvm( 7649): GC_CONCURRENT freed 397K, 78% free 624K/2820K, paused 2ms+1ms, total 9ms
07-14 12:35:50.994 I/PowerManagerService(  374): Waking up from sleep...
07-14 12:35:51.315 D/dalvikvm(  374): GC_FOR_ALLOC freed 574K, 28% free 20017K/27716K, paused 106ms, total 106ms
07-14 12:35:51.408 D/dalvikvm(  374): GC_FOR_ALLOC freed 765K, 30% free 19623K/27716K, paused 83ms, total 83ms
07-14 12:35:51.408 D/MdmApplication( 3494): [null:-1]->onActivityPaused market.activity.AppListActivity , mActivityCount = 2
07-14 12:35:51.408 D/MDM :   ( 3494): [null:-1]->query
07-14 12:35:51.408 D/MDM :   ( 3494): [null:-1]->QUERY_PINCODE_CHECK_RESULT
07-14 12:35:51.408 E/Mdm     ( 3494): Call Mdm service's setLastExitTime function
07-14 12:35:51.580 D/LightsService(  374): Excessive delay setting light: 96ms
07-14 12:35:51.619 D/NfcService(  582): NFC-C OFF, disconnect
07-14 12:35:51.674 D/dalvikvm(  636): GC_FOR_ALLOC freed 1007K, 11% free 12678K/14092K, paused 95ms, total 96ms
07-14 12:35:51.674 V/KeyguardHostView(  374): hide transport, gen:27
07-14 12:35:51.674 V/KeyguardHostView(  374): music state changed: 0
07-14 12:35:51.682 D/LightsService(  374): Excessive delay setting light: 99ms
07-14 12:35:51.744 D/PhoneStatusBar(  450): disable: < expand icons alerts ticker system_info back home RECENT* clock search >
07-14 12:35:51.799 D/LightsService(  374): Excessive delay setting light: 78ms
07-14 12:35:51.807 D/dalvikvm( 7649): GC_CONCURRENT freed 378K, 78% free 642K/2820K, paused 2ms+1ms, total 11ms
07-14 12:35:51.815 V/TAG     (  374): bug 7643792: fitSystemWindows([0,50][0,0])
07-14 12:35:51.908 D/LightsService(  374): Excessive delay setting light: 55ms
07-14 12:35:51.916 D/MDM :   ( 3494): [null:-1]->query
07-14 12:35:51.916 D/MDM :   ( 3494): [null:-1]->QUERY_SETTING_PIN_ONOFF
07-14 12:35:51.924 D/dalvikvm( 1146): GC_FOR_ALLOC freed 343K, 6% free 9201K/9780K, paused 38ms, total 38ms
07-14 12:35:51.979 D/PhoneStatusBar(  450): disable: < expand icons alerts ticker system_info BACK* HOME* RECENT CLOCK* search >
07-14 12:35:52.010 D/LightsService(  374): Excessive delay setting light: 103ms
07-14 12:35:52.182 I/WindowManager(  374): Lock screen displayed!
07-14 12:35:52.268 V/DigitalWidgetViewsFactory( 2502): DigitalWidget sets next alarm string to null
07-14 12:35:52.346 D/LightsService(  374): Excessive delay setting light: 100ms
07-14 12:35:52.713 D/AndroidRuntime( 7727): 
07-14 12:35:52.713 D/AndroidRuntime( 7727): >>>>>> AndroidRuntime START com.android.internal.os.RuntimeInit <<<<<<
07-14 12:35:52.713 D/AndroidRuntime( 7727): CheckJNI is OFF
07-14 12:35:52.729 D/dalvikvm( 7727): Trying to load lib libjavacore.so 0x0
07-14 12:35:52.737 D/dalvikvm( 7727): Added shared lib libjavacore.so 0x0
07-14 12:35:52.752 D/dalvikvm( 7727): Trying to load lib libnativehelper.so 0x0
07-14 12:35:52.752 D/dalvikvm( 7727): Added shared lib libnativehelper.so 0x0
07-14 12:35:52.799 D/dalvikvm( 7649): GC_CONCURRENT freed 376K, 77% free 659K/2820K, paused 0ms+1ms, total 10ms
07-14 12:35:53.018 D/AndroidRuntime( 7727): Calling main entry com.qihoo360.powerctl.root.app.App
07-14 12:35:53.018 D/AndroidRuntime( 7727): Shutting down VM
07-14 12:35:53.026 D/dalvikvm( 7727): GC_CONCURRENT freed 115K, 22% free 467K/592K, paused 1ms+0ms, total 4ms
07-14 12:35:53.838 D/dalvikvm( 7649): GC_CONCURRENT freed 368K, 77% free 674K/2820K, paused 2ms+1ms, total 8ms
07-14 12:35:53.877 I/QueryController( 7649): Matched selector: UiSelector[DESCRIPTION=] <<==>> [android.view.accessibility.AccessibilityNodeInfo@218910; boundsInParent: Rect(0, 0 - 720, 756); boundsInScreen: Rect(0, 547 - 720, 1303); packageName: android; className: android.view.View; text: null; contentDescription: ; viewIdResName: android:id/glow_pad_view; checkable: false; checked: false; focusable: false; focused: false; selected: false; clickable: false; longClickable: false; enabled: true; password: false; scrollable: false; [ACTION_SELECT, ACTION_CLEAR_SELECTION, ACTION_ACCESSIBILITY_FOCUS, ACTION_NEXT_AT_MOVEMENT_GRANULARITY, ACTION_PREVIOUS_AT_MOVEMENT_GRANULARITY, ACTION_SET_SELECTION]]
07-14 12:35:53.885 W/GlowPadView(  374): The number of target drawables must be equal to the number of direction descriptions.
07-14 12:35:54.190 D/MdmApplication( 3494): [null:-1]->onActivityStarted market.activity.AppListActivity , mActivityCount = 1
07-14 12:35:54.190 D/MDM :   ( 3494): [null:-1]->query
07-14 12:35:54.190 D/MDM :   ( 3494): [null:-1]->QUERY_PINCODE_CHECK_RESULT
07-14 12:35:54.205 D/PhoneStatusBar(  450): disable: < expand icons alerts ticker system_info BACK HOME recent* CLOCK search >
07-14 12:35:54.229 D/NfcService(  582): NFC-C ON
07-14 12:35:54.268 D/PhoneStatusBar(  450): disable: < expand icons alerts ticker system_info back* home* recent clock* search >
07-14 12:35:54.276 W/InputMethodManagerService(  374): Window already focused, ignoring focus gain of: com.android.internal.view.IInputMethodClient$Stub$Proxy@42bcafb8 attribute=android.view.inputmethod.EditorInfo@42fd9a90, token = android.os.BinderProxy@4306a310
07-14 12:35:54.526 D/dalvikvm( 1052): GC_CONCURRENT freed 566K, 10% free 10060K/11168K, paused 4ms+4ms, total 73ms
07-14 12:35:54.580 I/RootJni ( 7752): su: permission denied
07-14 12:35:54.729 V/TAG     (  374): bug 7643792: fitSystemWindows([0,50][0,0])
07-14 12:35:54.791 D/AndroidRuntime( 7751): 
07-14 12:35:54.791 D/AndroidRuntime( 7751): >>>>>> AndroidRuntime START com.android.internal.os.RuntimeInit <<<<<<
07-14 12:35:54.791 D/AndroidRuntime( 7751): CheckJNI is OFF
07-14 12:35:54.807 D/dalvikvm( 7751): Trying to load lib libjavacore.so 0x0
07-14 12:35:54.815 D/dalvikvm( 7751): Added shared lib libjavacore.so 0x0
07-14 12:35:54.830 D/dalvikvm( 7751): Trying to load lib libnativehelper.so 0x0
07-14 12:35:54.830 D/dalvikvm( 7751): Added shared lib libnativehelper.so 0x0
07-14 12:35:55.026 D/dalvikvm( 7649): GC_CONCURRENT freed 437K, 78% free 622K/2820K, paused 1ms+1ms, total 11ms
07-14 12:35:55.112 D/AndroidRuntime( 7751): Calling main entry com.qihoo360.powerctl.root.app.App
07-14 12:35:55.112 D/AndroidRuntime( 7751): Shutting down VM
07-14 12:35:55.119 D/dalvikvm( 7751): GC_CONCURRENT freed 114K, 22% free 467K/592K, paused 0ms+1ms, total 3ms
07-14 12:35:55.119 I/AndroidRuntime( 7751): NOTE: attach of thread 'Binder_1' failed
07-14 12:35:55.221 D/dalvikvm( 7649): GC_CONCURRENT freed 393K, 78% free 624K/2820K, paused 2ms+1ms, total 8ms
07-14 12:35:55.377 D/dalvikvm( 7649): GC_CONCURRENT freed 380K, 78% free 642K/2820K, paused 2ms+1ms, total 8ms
07-14 12:35:55.526 D/dalvikvm( 7649): GC_CONCURRENT freed 394K, 78% free 643K/2820K, paused 1ms+1ms, total 8ms
07-14 12:35:55.674 D/dalvikvm( 7649): GC_CONCURRENT freed 398K, 78% free 642K/2820K, paused 2ms+1ms, total 8ms
07-14 12:35:55.815 D/dalvikvm( 7649): GC_CONCURRENT freed 413K, 78% free 624K/2820K, paused 1ms+0ms, total 8ms
07-14 12:35:55.963 D/dalvikvm( 7649): GC_CONCURRENT freed 396K, 78% free 624K/2820K, paused 1ms+1ms, total 7ms
07-14 12:35:56.104 D/dalvikvm( 7649): GC_CONCURRENT freed 397K, 78% free 624K/2820K, paused 2ms+1ms, total 8ms
07-14 12:35:56.244 D/dalvikvm( 7649): GC_CONCURRENT freed 394K, 78% free 625K/2820K, paused 0ms+0ms, total 6ms
07-14 12:35:56.385 D/dalvikvm( 7649): GC_CONCURRENT freed 378K, 78% free 644K/2820K, paused 1ms+0ms, total 8ms
07-14 12:35:56.526 D/dalvikvm( 7649): GC_CONCURRENT freed 415K, 78% free 625K/2820K, paused 1ms+1ms, total 8ms
07-14 12:35:56.658 D/dalvikvm( 7649): GC_CONCURRENT freed 397K, 78% free 624K/2820K, paused 1ms+0ms, total 8ms
07-14 12:35:56.807 D/dalvikvm( 3494): GC_CONCURRENT freed 3737K, 19% free 20223K/24904K, paused 5ms+10ms, total 122ms
07-14 12:35:56.854 D/dalvikvm( 7649): GC_CONCURRENT freed 397K, 78% free 624K/2820K, paused 2ms+1ms, total 9ms
07-14 12:35:56.994 D/dalvikvm( 7649): GC_CONCURRENT freed 394K, 78% free 624K/2820K, paused 2ms+1ms, total 9ms
07-14 12:35:57.135 D/dalvikvm( 7649): GC_CONCURRENT freed 378K, 78% free 644K/2820K, paused 2ms+1ms, total 8ms
07-14 12:35:57.276 D/dalvikvm( 7649): GC_CONCURRENT freed 396K, 78% free 643K/2820K, paused 2ms+1ms, total 8ms
07-14 12:35:57.416 D/dalvikvm( 7649): GC_CONCURRENT freed 397K, 78% free 642K/2820K, paused 1ms+1ms, total 7ms
07-14 12:35:57.557 D/dalvikvm( 7649): GC_CONCURRENT freed 403K, 78% free 624K/2820K, paused 1ms+0ms, total 8ms
07-14 12:35:57.698 D/dalvikvm( 7649): GC_CONCURRENT freed 409K, 78% free 622K/2820K, paused 0ms+0ms, total 6ms
07-14 12:35:57.838 D/dalvikvm( 7649): GC_CONCURRENT freed 377K, 78% free 642K/2820K, paused 2ms+1ms, total 8ms
07-14 12:35:57.979 D/dalvikvm( 7649): GC_CONCURRENT freed 394K, 78% free 643K/2820K, paused 2ms+1ms, total 8ms
07-14 12:35:58.112 D/dalvikvm( 7649): GC_CONCURRENT freed 397K, 78% free 642K/2820K, paused 1ms+1ms, total 8ms
07-14 12:35:58.252 D/dalvikvm( 7649): GC_CONCURRENT freed 397K, 78% free 642K/2820K, paused 1ms+0ms, total 7ms
07-14 12:35:58.385 D/dalvikvm( 7649): GC_CONCURRENT freed 394K, 78% free 643K/2820K, paused 2ms+1ms, total 8ms
07-14 12:35:58.526 D/dalvikvm( 7649): GC_CONCURRENT freed 399K, 78% free 642K/2820K, paused 2ms+0ms, total 8ms
07-14 12:35:58.658 D/dalvikvm( 7649): GC_CONCURRENT freed 412K, 78% free 625K/2820K, paused 1ms+0ms, total 8ms
07-14 12:35:58.791 D/dalvikvm( 7649): GC_CONCURRENT freed 397K, 78% free 624K/2820K, paused 2ms+1ms, total 8ms
07-14 12:35:58.924 D/dalvikvm( 7649): GC_CONCURRENT freed 397K, 78% free 624K/2820K, paused 1ms+0ms, total 7ms
07-14 12:35:59.057 D/dalvikvm( 7649): GC_CONCURRENT freed 394K, 78% free 624K/2820K, paused 1ms+0ms, total 7ms
07-14 12:35:59.190 D/dalvikvm( 7649): GC_CONCURRENT freed 398K, 78% free 624K/2820K, paused 1ms+1ms, total 7ms
07-14 12:35:59.323 D/dalvikvm( 7649): GC_CONCURRENT freed 395K, 78% free 624K/2820K, paused 1ms+1ms, total 7ms
07-14 12:35:59.463 D/dalvikvm( 7649): GC_CONCURRENT freed 396K, 78% free 624K/2820K, paused 2ms+1ms, total 8ms
07-14 12:35:59.596 D/dalvikvm( 7649): GC_CONCURRENT freed 397K, 78% free 624K/2820K, paused 0ms+0ms, total 6ms
07-14 12:35:59.729 D/dalvikvm( 7649): GC_CONCURRENT freed 394K, 78% free 625K/2820K, paused 1ms+1ms, total 7ms
07-14 12:35:59.862 D/dalvikvm( 7649): GC_CONCURRENT freed 399K, 78% free 623K/2820K, paused 2ms+0ms, total 8ms
07-14 12:35:59.994 D/dalvikvm( 7649): GC_CONCURRENT freed 394K, 78% free 625K/2820K, paused 0ms+1ms, total 7ms
07-14 12:36:00.151 D/dalvikvm( 7649): GC_CONCURRENT freed 400K, 78% free 621K/2820K, paused 0ms+0ms, total 7ms
07-14 12:36:00.283 D/dalvikvm( 7649): GC_CONCURRENT freed 394K, 78% free 624K/2820K, paused 2ms+1ms, total 8ms
07-14 12:36:00.416 D/dalvikvm( 7649): GC_CONCURRENT freed 394K, 78% free 624K/2820K, paused 2ms+1ms, total 8ms
07-14 12:36:00.557 D/dalvikvm( 7649): GC_CONCURRENT freed 398K, 78% free 623K/2820K, paused 2ms+1ms, total 8ms
07-14 12:36:00.690 D/dalvikvm( 7649): GC_CONCURRENT freed 394K, 78% free 625K/2820K, paused 0ms+0ms, total 7ms
07-14 12:36:00.830 D/dalvikvm( 7649): GC_CONCURRENT freed 397K, 78% free 624K/2820K, paused 0ms+1ms, total 7ms
07-14 12:36:00.963 D/dalvikvm( 7649): GC_CONCURRENT freed 397K, 78% free 624K/2820K, paused 0ms+0ms, total 6ms
07-14 12:36:01.096 D/dalvikvm( 7649): GC_CONCURRENT freed 394K, 78% free 624K/2820K, paused 1ms+1ms, total 7ms
07-14 12:36:01.229 D/dalvikvm( 7649): GC_CONCURRENT freed 398K, 78% free 623K/2820K, paused 2ms+1ms, total 8ms
07-14 12:36:01.362 D/dalvikvm( 7649): GC_CONCURRENT freed 394K, 78% free 625K/2820K, paused 0ms+0ms, total 6ms
07-14 12:36:01.502 D/dalvikvm( 7649): GC_CONCURRENT freed 397K, 78% free 624K/2820K, paused 1ms+1ms, total 8ms
07-14 12:36:01.651 D/dalvikvm( 7649): GC_CONCURRENT freed 380K, 78% free 640K/2820K, paused 1ms+0ms, total 10ms
07-14 12:36:01.783 D/dalvikvm( 7649): GC_CONCURRENT freed 392K, 78% free 643K/2820K, paused 2ms+1ms, total 8ms
07-14 12:36:01.940 D/dalvikvm( 7649): GC_CONCURRENT freed 398K, 78% free 642K/2820K, paused 2ms+0ms, total 9ms
07-14 12:36:02.080 D/dalvikvm( 7649): GC_CONCURRENT freed 394K, 78% free 644K/2820K, paused 2ms+1ms, total 9ms
07-14 12:36:02.213 D/dalvikvm( 7649): GC_CONCURRENT freed 397K, 78% free 642K/2820K, paused 1ms+1ms, total 8ms
07-14 12:36:02.346 D/dalvikvm( 7649): GC_CONCURRENT freed 415K, 78% free 624K/2820K, paused 1ms+1ms, total 7ms
07-14 12:36:02.479 D/dalvikvm( 7649): GC_CONCURRENT freed 395K, 78% free 624K/2820K, paused 2ms+0ms, total 8ms
07-14 12:36:02.627 D/dalvikvm( 7649): GC_CONCURRENT freed 398K, 78% free 623K/2820K, paused 0ms+0ms, total 7ms
07-14 12:36:02.760 D/dalvikvm( 7649): GC_CONCURRENT freed 395K, 78% free 624K/2820K, paused 0ms+1ms, total 7ms
07-14 12:36:02.885 D/dalvikvm( 7649): GC_CONCURRENT freed 397K, 78% free 624K/2820K, paused 1ms+1ms, total 7ms
07-14 12:36:03.018 D/dalvikvm( 7649): GC_CONCURRENT freed 397K, 78% free 624K/2820K, paused 1ms+1ms, total 7ms
07-14 12:36:03.151 D/dalvikvm( 7649): GC_CONCURRENT freed 394K, 78% free 625K/2820K, paused 0ms+0ms, total 6ms
07-14 12:36:03.291 D/dalvikvm( 7649): GC_CONCURRENT freed 398K, 78% free 623K/2820K, paused 0ms+0ms, total 7ms
07-14 12:36:03.432 D/dalvikvm( 3494): GC_CONCURRENT freed 3703K, 18% free 20220K/24628K, paused 5ms+12ms, total 107ms
07-14 12:36:03.471 D/dalvikvm( 7649): GC_CONCURRENT freed 394K, 78% free 625K/2820K, paused 1ms+1ms, total 7ms
07-14 12:36:03.604 D/dalvikvm( 7649): GC_CONCURRENT freed 397K, 78% free 624K/2820K, paused 1ms+0ms, total 8ms
07-14 12:36:03.744 D/dalvikvm( 7649): GC_CONCURRENT freed 397K, 78% free 624K/2820K, paused 2ms+0ms, total 8ms
07-14 12:36:03.869 D/dalvikvm( 7649): GC_CONCURRENT freed 394K, 78% free 625K/2820K, paused 1ms+0ms, total 7ms
07-14 12:36:04.010 D/dalvikvm( 7649): GC_CONCURRENT freed 399K, 78% free 623K/2820K, paused 2ms+1ms, total 8ms
07-14 12:36:04.151 D/dalvikvm( 7649): GC_CONCURRENT freed 394K, 78% free 625K/2820K, paused 1ms+1ms, total 7ms
07-14 12:36:04.283 D/dalvikvm( 7649): GC_CONCURRENT freed 397K, 78% free 624K/2820K, paused 1ms+1ms, total 7ms
07-14 12:36:04.416 D/dalvikvm( 7649): GC_CONCURRENT freed 396K, 78% free 624K/2820K, paused 0ms+1ms, total 7ms
07-14 12:36:04.557 D/dalvikvm( 7649): GC_CONCURRENT freed 394K, 78% free 625K/2820K, paused 0ms+1ms, total 7ms
07-14 12:36:04.690 D/dalvikvm( 7649): GC_CONCURRENT freed 399K, 78% free 623K/2820K, paused 2ms+1ms, total 8ms
07-14 12:36:04.823 D/dalvikvm( 7649): GC_CONCURRENT freed 394K, 78% free 625K/2820K, paused 1ms+1ms, total 7ms
07-14 12:36:04.948 D/dalvikvm( 7649): GC_CONCURRENT freed 397K, 78% free 624K/2820K, paused 1ms+0ms, total 7ms
07-14 12:36:05.080 D/dalvikvm( 7649): GC_CONCURRENT freed 395K, 78% free 625K/2820K, paused 2ms+1ms, total 9ms
07-14 12:36:05.213 D/dalvikvm( 7649): GC_CONCURRENT freed 396K, 78% free 624K/2820K, paused 1ms+0ms, total 8ms
07-14 12:36:05.354 D/dalvikvm( 7649): GC_CONCURRENT freed 398K, 78% free 623K/2820K, paused 2ms+0ms, total 9ms
07-14 12:36:05.487 D/dalvikvm( 7649): GC_CONCURRENT freed 394K, 78% free 625K/2820K, paused 1ms+0ms, total 7ms
07-14 12:36:05.627 D/dalvikvm( 7649): GC_CONCURRENT freed 397K, 78% free 624K/2820K, paused 2ms+1ms, total 8ms
07-14 12:36:05.760 D/dalvikvm( 7649): GC_CONCURRENT freed 397K, 78% free 624K/2820K, paused 1ms+1ms, total 7ms
07-14 12:36:05.885 D/dalvikvm( 7649): GC_CONCURRENT freed 394K, 78% free 625K/2820K, paused 1ms+1ms, total 7ms
07-14 12:36:06.026 D/dalvikvm( 7649): GC_CONCURRENT freed 380K, 78% free 642K/2820K, paused 2ms+1ms, total 8ms
07-14 12:36:06.158 D/dalvikvm( 7649): GC_CONCURRENT freed 413K, 78% free 624K/2820K, paused 1ms+1ms, total 7ms
07-14 12:36:06.299 D/dalvikvm( 7649): GC_CONCURRENT freed 397K, 78% free 624K/2820K, paused 0ms+0ms, total 7ms
07-14 12:36:06.315 D/LightsService(  374): Excessive delay setting light: 67ms
07-14 12:36:06.440 D/dalvikvm( 7649): GC_CONCURRENT freed 397K, 78% free 624K/2820K, paused 1ms+1ms, total 8ms
07-14 12:36:06.573 D/dalvikvm( 7649): GC_CONCURRENT freed 394K, 78% free 625K/2820K, paused 0ms+1ms, total 7ms
07-14 12:36:06.588 D/LightsService(  374): Excessive delay setting light: 67ms
07-14 12:36:06.713 D/dalvikvm( 7649): GC_CONCURRENT freed 399K, 78% free 623K/2820K, paused 1ms+0ms, total 8ms
07-14 12:36:06.838 D/dalvikvm( 7649): GC_CONCURRENT freed 394K, 78% free 625K/2820K, paused 1ms+1ms, total 7ms
07-14 12:36:06.971 D/dalvikvm( 7649): GC_CONCURRENT freed 397K, 78% free 624K/2820K, paused 1ms+1ms, total 7ms
07-14 12:36:07.119 D/dalvikvm( 7649): GC_CONCURRENT freed 397K, 78% free 623K/2820K, paused 1ms+1ms, total 9ms
07-14 12:36:07.252 D/dalvikvm( 7649): GC_CONCURRENT freed 394K, 78% free 625K/2820K, paused 0ms+0ms, total 7ms
07-14 12:36:07.385 D/dalvikvm( 7649): GC_CONCURRENT freed 399K, 78% free 623K/2820K, paused 1ms+1ms, total 7ms
07-14 12:36:07.518 D/dalvikvm( 7649): GC_CONCURRENT freed 395K, 78% free 624K/2820K, paused 1ms+0ms, total 7ms
07-14 12:36:07.651 D/dalvikvm( 7649): GC_CONCURRENT freed 397K, 78% free 624K/2820K, paused 2ms+0ms, total 9ms
07-14 12:36:07.783 D/dalvikvm( 7649): GC_CONCURRENT freed 397K, 78% free 624K/2820K, paused 0ms+0ms, total 7ms
07-14 12:36:07.916 D/dalvikvm( 7649): GC_CONCURRENT freed 394K, 78% free 625K/2820K, paused 1ms+1ms, total 7ms
07-14 12:36:08.041 D/dalvikvm( 7649): GC_CONCURRENT freed 399K, 78% free 623K/2820K, paused 1ms+1ms, total 7ms
07-14 12:36:08.174 D/dalvikvm( 7649): GC_CONCURRENT freed 394K, 78% free 625K/2820K, paused 1ms+1ms, total 7ms
07-14 12:36:08.315 D/dalvikvm( 7649): GC_CONCURRENT freed 397K, 78% free 624K/2820K, paused 2ms+1ms, total 8ms
07-14 12:36:08.471 D/dalvikvm( 7649): GC_CONCURRENT freed 397K, 78% free 623K/2820K, paused 1ms+1ms, total 8ms
07-14 12:36:08.604 D/dalvikvm( 7649): GC_CONCURRENT freed 394K, 78% free 624K/2820K, paused 0ms+0ms, total 7ms
07-14 12:36:08.737 D/dalvikvm( 7649): GC_CONCURRENT freed 398K, 78% free 623K/2820K, paused 0ms+0ms, total 7ms
07-14 12:36:08.862 D/dalvikvm( 7649): GC_CONCURRENT freed 394K, 78% free 625K/2820K, paused 2ms+0ms, total 9ms
07-14 12:36:08.994 D/dalvikvm( 7649): GC_CONCURRENT freed 397K, 78% free 624K/2820K, paused 1ms+1ms, total 7ms
07-14 12:36:09.174 I/PowerManagerService(  374): Going to sleep due to screen timeout...
07-14 12:36:09.901 D/MdmApplication( 3494): [null:-1]->onActivityPaused market.activity.AppListActivity , mActivityCount = 2
07-14 12:36:09.901 D/MDM :   ( 3494): [null:-1]->query
07-14 12:36:09.901 D/SurfaceFlinger(  124): Screen released, type=0 flinger=0x41e1a478
07-14 12:36:09.908 D/MDM :   ( 3494): [null:-1]->QUERY_PINCODE_CHECK_RESULT
07-14 12:36:09.908 E/Mdm     ( 3494): Call Mdm service's setLastExitTime function
07-14 12:36:10.166 D/dalvikvm( 7649): GC_CONCURRENT freed 388K, 78% free 623K/2820K, paused 1ms+1ms, total 11ms
07-14 12:36:10.174 I/AndroidRuntime( 7649): VM exiting with result code 0.
07-14 12:36:10.198 D/NfcService(  582): NFC-C OFF, disconnect
07-14 12:36:10.283 D/dalvikvm(  374): GC_CONCURRENT freed 2355K, 29% free 19950K/27716K, paused 17ms+14ms, total 227ms
07-14 12:36:10.283 D/dalvikvm(  374): WAIT_FOR_CONCURRENT_GC blocked 65ms
07-14 12:36:10.283 D/dalvikvm(  374): WAIT_FOR_CONCURRENT_GC blocked 68ms
07-14 12:36:10.338 V/KeyguardHostView(  374): hide transport, gen:27
07-14 12:36:10.338 V/KeyguardHostView(  374): music state changed: 0
07-14 12:36:10.354 D/dalvikvm( 2019): GC_FOR_ALLOC freed 363K, 7% free 9927K/10588K, paused 24ms, total 24ms
07-14 12:36:10.362 D/PhoneStatusBar(  450): disable: < expand icons alerts ticker system_info back home RECENT* clock search >
07-14 12:36:10.401 D/MDM :   ( 3494): [null:-1]->query
07-14 12:36:10.401 D/MDM :   ( 3494): [null:-1]->QUERY_SETTING_PIN_ONOFF
07-14 12:36:10.408 V/TAG     (  374): bug 7643792: fitSystemWindows([0,50][0,0])
07-14 12:36:10.533 D/PhoneStatusBar(  450): disable: < expand icons alerts ticker system_info BACK* HOME* RECENT CLOCK* search >
07-14 12:36:31.174 W/MountService(  374): getVolumeState(/storage/emulated/0/external_sd): Unknown volume
07-14 12:36:31.174 W/MountService(  374): getVolumeState(/mnt/sdcard-ext): Unknown volume
07-14 12:36:31.174 W/MountService(  374): getVolumeState(/mnt/ext_sdcard): Unknown volume
07-14 12:36:31.182 W/MountService(  374): getVolumeState(/mnt/sdcard2): Unknown volume
07-14 12:36:31.182 W/MountService(  374): getVolumeState(/mnt/emmc): Unknown volume
07-14 12:36:31.182 W/MountService(  374): getVolumeState(/mnt/extSdCard): Unknown volume
07-14 12:36:31.182 W/MountService(  374): getVolumeState(/mnt/sdcard/SD_CARD): Unknown volume
07-14 12:36:31.182 W/MountService(  374): getVolumeState(/mnt/sdcard/extra_sd): Unknown volume
07-14 12:36:31.190 W/MountService(  374): getVolumeState(/mnt/extrasd_bind): Unknown volume
07-14 12:36:31.190 W/MountService(  374): getVolumeState(/mnt/sdcard/ext_sd): Unknown volume
07-14 12:36:31.190 W/MountService(  374): getVolumeState(/storage/extSdCard): Unknown volume
07-14 12:36:31.190 W/MountService(  374): getVolumeState(/storage/sdcard1): Unknown volume
07-14 12:36:31.190 W/MountService(  374): getVolumeState(/mnt/sdcard/external_SD): Unknown volume
07-14 12:36:31.190 W/MountService(  374): getVolumeState(/mnt/sdcard/external_sd): Unknown volume
07-14 12:36:31.237 D/dalvikvm( 6152): GC_CONCURRENT freed 445K, 7% free 9398K/10072K, paused 2ms+3ms, total 42ms
07-14 12:36:31.237 D/dalvikvm( 6152): WAIT_FOR_CONCURRENT_GC blocked 24ms
07-14 12:36:31.362 D/dalvikvm( 6412): GC_EXPLICIT freed 160K, 3% free 9194K/9392K, paused 2ms+5ms, total 36ms
07-14 12:36:31.432 W/MountService(  374): getVolumeState(/storage/emulated/0/external_sd): Unknown volume
07-14 12:36:31.432 W/MountService(  374): getVolumeState(/mnt/sdcard-ext): Unknown volume
07-14 12:36:31.432 W/MountService(  374): getVolumeState(/mnt/ext_sdcard): Unknown volume
07-14 12:36:31.432 W/MountService(  374): getVolumeState(/mnt/sdcard2): Unknown volume
07-14 12:36:31.440 W/MountService(  374): getVolumeState(/mnt/emmc): Unknown volume
07-14 12:36:31.440 W/MountService(  374): getVolumeState(/mnt/extSdCard): Unknown volume
07-14 12:36:31.448 D/dalvikvm( 6152): GC_CONCURRENT freed 514K, 7% free 9393K/10072K, paused 4ms+4ms, total 37ms
07-14 12:36:31.448 D/dalvikvm( 6152): WAIT_FOR_CONCURRENT_GC blocked 13ms
07-14 12:36:31.448 W/MountService(  374): getVolumeState(/mnt/sdcard/SD_CARD): Unknown volume
07-14 12:36:31.448 W/MountService(  374): getVolumeState(/mnt/sdcard/extra_sd): Unknown volume
07-14 12:36:31.448 W/MountService(  374): getVolumeState(/mnt/extrasd_bind): Unknown volume
07-14 12:36:31.448 W/MountService(  374): getVolumeState(/mnt/sdcard/ext_sd): Unknown volume
07-14 12:36:31.448 W/MountService(  374): getVolumeState(/storage/extSdCard): Unknown volume
07-14 12:36:31.448 W/MountService(  374): getVolumeState(/storage/sdcard1): Unknown volume
07-14 12:36:31.455 W/MountService(  374): getVolumeState(/mnt/sdcard/external_SD): Unknown volume
07-14 12:36:31.455 W/MountService(  374): getVolumeState(/mnt/sdcard/external_sd): Unknown volume
07-14 12:36:32.619 D/MDM :   ( 3494): [null:-1]->MSG_WEBSOCKET_MESSAGE : {"id":126259870,"type":0,"command":0,"result":0,"reason":0,"params":{"msgId":"594ca211-1677-4abd-947e-28bcb5cf25d8,594ca21116774abd947e28bcb5cf25d8","device":"ffffffffc539bb10fffffffff7aea961","message":"{\"cmd\":\"10119\"}"}}
07-14 12:36:32.635 D/MdmService( 3494): [null:-1]->push message type :0
07-14 12:36:32.635 D/MdmService( 3494): [null:-1]->cmdMessage : {"cmd":"10119"}
07-14 12:36:32.635 D/MdmService( 3494): [null:-1]->command : PushCommandMsg{cmd='10119', msg='null'}
07-14 12:36:32.635 D/MDM :   ( 3494): [null:-1]->PUSH CMD: 10119
07-14 12:36:32.643 D/MdmStatusManager( 3494): [null:-1]->change status to : Busy
07-14 12:36:32.643 D/DB      ( 3494): query: SQLiteQuery: SELECT content, command_status, status FROM command WHERE status!=2
07-14 12:36:32.643 D/DB      ( 3494): factory null
07-14 12:36:32.643 D/DB      ( 3494): fillWindow: 0
07-14 12:36:32.643 D/DB      ( 3494): cursor 0
07-14 12:36:32.643 D/DB      ( 3494): moveToPos: 0
07-14 12:36:32.643 I/TransInfo( 3494): TransInfo created, id: 3, class: class com.pekall.emdm.transaction.b.c
07-14 12:36:32.643 D/NetworkThread( 3494): [null:-1]->----isRunning-----true
07-14 12:36:32.643 D/NetworkThread( 3494): [null:-1]->----isRunning-----true
07-14 12:36:32.643 D/NetworkThread( 3494): [null:-1]->thread wakeup
07-14 12:36:32.651 D/HttpClient( 3494): enable apache.http debug
07-14 12:36:32.658 V/DEBUG   ( 3494): HTTP 0
07-14 12:36:33.026 D/dalvikvm( 3494): GC_CONCURRENT freed 3746K, 18% free 20265K/24628K, paused 6ms+9ms, total 96ms
07-14 12:36:33.026 D/dalvikvm( 3494): WAIT_FOR_CONCURRENT_GC blocked 70ms
07-14 12:36:33.869 V/DEBUG   ( 3494): HTTP 1
07-14 12:36:33.893 D/MDM :   ( 3494): [null:-1]->read network input stream
07-14 12:36:33.901 D/CheckInTransInfo( 3494): [null:-1]->CommandMsg : CommandMsg{CommandUUID='8a80888e4732aed501473328689406f7', Command=CommandInstallDocument{DocumentName='png', DocumentSize=182974, DocumentFormat='png', DownloadURL='http://demo.everknow.cn/resources/api/v1/download/guest?uuid=19df17ec9db941f339bfbb3660ab', Auth=null, DocumentUUID='8a80888c46c806620146c86e4d0a0587', Version='1.0', DocumentDescription='null', DocumentCategory=null, IsCompressed=null, ReadAuthDay=null, RingNotify=null, EncryptLevel=null}}
07-14 12:36:33.901 D/DB      ( 3494): query: SQLiteQuery: SELECT * FROM command WHERE cmd_uuid='8a80888e4732aed501473328689406f7'
07-14 12:36:33.901 D/DB      ( 3494): factory null
07-14 12:36:33.901 D/DB      ( 3494): fillWindow: 0
07-14 12:36:33.901 D/DB      ( 3494): cursor 0
07-14 12:36:33.940 D/NetworkThread( 3494): [null:-1]->queue is empty, thread wait...
07-14 12:36:34.041 D/MdmService( 3494): [null:-1]->handleCheckInResult
07-14 12:36:34.041 D/MdmService( 3494): [null:-1]->handleCheckInResult result keyIndex: 3
07-14 12:36:34.041 D/CommandManager( 3494): [null:-1]->execute command: CommandMsg{CommandUUID='8a80888e4732aed501473328689406f7', Command=CommandInstallDocument{DocumentName='png', DocumentSize=182974, DocumentFormat='png', DownloadURL='http://demo.everknow.cn/resources/api/v1/download/guest?uuid=19df17ec9db941f339bfbb3660ab', Auth=null, DocumentUUID='8a80888c46c806620146c86e4d0a0587', Version='1.0', DocumentDescription='null', DocumentCategory=null, IsCompressed=null, ReadAuthDay=null, RingNotify=null, EncryptLevel=null}}
07-14 12:36:34.041 D/DownLoadDocService( 3494): [null:-1]->action is  com.pekall.emdm.action.DOWNLOADDOC
07-14 12:36:34.041 D/DownLoadDocService( 3494): [null:-1]->uuid is  8a80888c46c806620146c86e4d0a0587 ,url is http://demo.everknow.cn/resources/api/v1/download/guest?uuid=19df17ec9db941f339bfbb3660ab
07-14 12:36:34.041 E/DB      ( 3494): bind, index: 1, value: 8a80888c46c806620146c86e4d0a0587
07-14 12:36:34.049 D/DB      ( 3494): query: SQLiteQuery: SELECT * FROM doc WHERE uuid=?
07-14 12:36:34.049 D/DB      ( 3494): factory null
07-14 12:36:34.049 D/DB      ( 3494): fillWindow: 0
07-14 12:36:34.049 D/DB      ( 3494): cursor 0
07-14 12:36:34.049 D/DB      ( 3494): moveToPos: 0
07-14 12:36:34.088 D/DB      ( 3494): query: SQLiteQuery: SELECT * FROM doc WHERE browseStatus = 0 AND type = 'Normal'
07-14 12:36:34.088 D/DB      ( 3494): factory null
07-14 12:36:34.088 D/DB      ( 3494): fillWindow: 0
07-14 12:36:34.088 D/DB      ( 3494): cursor 1
07-14 12:36:34.088 E/Mdm     ( 3494): Call Mdm service's recordIconCount function
07-14 12:36:34.104 D/DB      ( 3494): query: SQLiteQuery: SELECT * FROM doc WHERE browseStatus = 0 AND type = 'Normal'
07-14 12:36:34.104 D/DB      ( 3494): factory null
07-14 12:36:34.104 D/DB      ( 3494): fillWindow: 0
07-14 12:36:34.112 D/DB      ( 3494): cursor 1
07-14 12:36:34.135 I/TransInfo( 3494): TransInfo created, id: 3, class: class com.pekall.emdm.transaction.b.c
07-14 12:36:34.135 D/NetworkThread( 3494): [null:-1]->----isRunning-----true
07-14 12:36:34.135 D/NetworkThread( 3494): [null:-1]->----isRunning-----true
07-14 12:36:34.135 D/NetworkThread( 3494): [null:-1]->thread wakeup
07-14 12:36:34.143 D/HttpClient( 3494): enable apache.http debug
07-14 12:36:34.151 V/DEBUG   ( 3494): HTTP 0
07-14 12:36:34.198 I/AudioService(  374):  AudioFocus  requestAudioFocus() from android.media.AudioManager@42a87bd0
07-14 12:36:34.198 V/KeyguardHostView(  374): hide transport, gen:28
07-14 12:36:34.221 D/dalvikvm(  874): GC_CONCURRENT freed 424K, 17% free 9656K/11548K, paused 3ms+4ms, total 114ms
07-14 12:36:35.104 V/DEBUG   ( 3494): HTTP 1
07-14 12:36:35.104 D/MdmDatabaseHelper( 3494): [null:-1]->update command 8a80888e4732aed501473328689406f7 to status executed
07-14 12:36:35.135 D/NetworkThread( 3494): [null:-1]->queue is empty, thread wait...
07-14 12:36:35.205 D/MdmService( 3494): [null:-1]->handleCheckInResult
07-14 12:36:35.205 D/MdmService( 3494): [null:-1]->handleCheckInResult result keyIndex: 3
07-14 12:36:35.205 D/HandleCommandTask( 3494): [null:-1]->execute command msg but beanBase is null
07-14 12:36:35.213 D/MdmStatusManager( 3494): [null:-1]->change status to : Idle
07-14 12:36:35.338 I/AudioService(  374):  AudioFocus  abandonAudioFocus() from android.media.AudioManager@42a87bd0
07-14 12:36:35.338 V/KeyguardHostView(  374): hide transport, gen:29
07-14 12:36:42.612 D/MdmService( 3494): [null:-1]->receiver action :com.pekall.mdm.action.MDM_ALARM
07-14 12:36:43.424 D/AndroidRuntime( 7782): 
07-14 12:36:43.424 D/AndroidRuntime( 7782): >>>>>> AndroidRuntime START com.android.internal.os.RuntimeInit <<<<<<
07-14 12:36:43.424 D/AndroidRuntime( 7782): CheckJNI is OFF
07-14 12:36:43.440 D/dalvikvm( 7782): Trying to load lib libjavacore.so 0x0
07-14 12:36:43.448 D/dalvikvm( 7782): Added shared lib libjavacore.so 0x0
07-14 12:36:43.463 D/dalvikvm( 7782): Trying to load lib libnativehelper.so 0x0
07-14 12:36:43.463 D/dalvikvm( 7782): Added shared lib libnativehelper.so 0x0
07-14 12:36:43.682 D/AndroidRuntime( 7782): Calling main entry com.android.commands.uiautomator.Launcher
07-14 12:36:43.721 E/UiDevice( 7782): Exceuting watcher: ANRWatcher
07-14 12:36:43.721 E/UiDevice( 7782): java.lang.RuntimeException: UiDevice not initialized
07-14 12:36:43.721 E/UiDevice( 7782): 	at com.android.uiautomator.core.UiDevice.getAutomatorBridge(UiDevice.java:87)
07-14 12:36:43.721 E/UiDevice( 7782): 	at com.android.uiautomator.core.UiDevice.wakeUp(UiDevice.java:719)
07-14 12:36:43.721 E/UiDevice( 7782): 	at com.pekall.test.mdmui.util.UiANRWatcher.checkForCondition(UiANRWatcher.java:23)
07-14 12:36:43.721 E/UiDevice( 7782): 	at com.android.uiautomator.core.UiDevice.runWatchers(UiDevice.java:554)
07-14 12:36:43.721 E/UiDevice( 7782): 	at com.pekall.test.mdmui.util.UiANRWatcher.run(UiANRWatcher.java:41)
07-14 12:36:43.721 E/UiDevice( 7782): 	at com.pekall.test.mdmui.Document.<clinit>(Document.java:25)
07-14 12:36:43.721 E/UiDevice( 7782): 	at java.lang.Class.newInstanceImpl(Native Method)
07-14 12:36:43.721 E/UiDevice( 7782): 	at java.lang.Class.newInstance(Class.java:1130)
07-14 12:36:43.721 E/UiDevice( 7782): 	at com.android.uiautomator.testrunner.TestCaseCollector.addSingleTestMethod(TestCaseCollector.java:110)
07-14 12:36:43.721 E/UiDevice( 7782): 	at com.android.uiautomator.testrunner.TestCaseCollector.addTestClass(TestCaseCollector.java:86)
07-14 12:36:43.721 E/UiDevice( 7782): 	at com.android.uiautomator.testrunner.TestCaseCollector.addTestClass(TestCaseCollector.java:72)
07-14 12:36:43.721 E/UiDevice( 7782): 	at com.android.uiautomator.testrunner.TestCaseCollector.addTestClasses(TestCaseCollector.java:53)
07-14 12:36:43.721 E/UiDevice( 7782): 	at com.android.uiautomator.testrunner.UiAutomatorTestRunner.start(UiAutomatorTestRunner.java:106)
07-14 12:36:43.721 E/UiDevice( 7782): 	at com.android.uiautomator.testrunner.UiAutomatorTestRunner.run(UiAutomatorTestRunner.java:96)
07-14 12:36:43.721 E/UiDevice( 7782): 	at com.android.commands.uiautomator.RunTestCommand.run(RunTestCommand.java:91)
07-14 12:36:43.721 E/UiDevice( 7782): 	at com.android.commands.uiautomator.Launcher.main(Launcher.java:83)
07-14 12:36:43.721 E/UiDevice( 7782): 	at com.android.internal.os.RuntimeInit.nativeFinishInit(Native Method)
07-14 12:36:43.721 E/UiDevice( 7782): 	at com.android.internal.os.RuntimeInit.main(RuntimeInit.java:235)
07-14 12:36:43.721 E/UiDevice( 7782): 	at dalvik.system.NativeStart.main(Native Method)
07-14 12:36:43.737 D/dalvikvm( 7782): Note: class Landroid/app/ActivityManagerNative; has 163 unimplemented (abstract) methods
07-14 12:36:43.791 I/PowerManagerService(  374): Waking up from sleep...
07-14 12:36:43.823 I/WindowManager(  374): Lock screen displayed!
07-14 12:36:44.073 V/DigitalWidgetViewsFactory( 2502): DigitalWidget sets next alarm string to null
07-14 12:36:44.151 D/PowerManagerService-JNI(  374): Excessive delay in autosuspend_disable() while turning screen on: 353ms
07-14 12:36:44.151 D/SurfaceFlinger(  124): Screen acquired, type=0 flinger=0x41e1a478
07-14 12:36:44.237 D/LightsService(  374): Excessive delay setting light: 85ms
07-14 12:36:44.283 D/dalvikvm(  636): GC_FOR_ALLOC freed 1070K, 11% free 12674K/14092K, paused 256ms, total 257ms
07-14 12:36:44.299 D/LightsService(  374): Excessive delay setting light: 66ms
07-14 12:36:44.471 D/AndroidRuntime( 7800): 
07-14 12:36:44.471 D/AndroidRuntime( 7800): >>>>>> AndroidRuntime START com.android.internal.os.RuntimeInit <<<<<<
07-14 12:36:44.471 D/AndroidRuntime( 7800): CheckJNI is OFF
07-14 12:36:44.487 D/dalvikvm( 7800): Trying to load lib libjavacore.so 0x0
07-14 12:36:44.494 D/dalvikvm( 7800): Added shared lib libjavacore.so 0x0
07-14 12:36:44.510 D/dalvikvm( 7800): Trying to load lib libnativehelper.so 0x0
07-14 12:36:44.510 D/dalvikvm( 7800): Added shared lib libnativehelper.so 0x0
07-14 12:36:44.721 D/AndroidRuntime( 7800): Calling main entry com.qihoo360.powerctl.root.app.App
07-14 12:36:44.721 D/AndroidRuntime( 7800): Shutting down VM
07-14 12:36:44.721 D/dalvikvm( 7800): GC_CONCURRENT freed 114K, 22% free 467K/592K, paused 0ms+1ms, total 4ms
07-14 12:36:44.729 I/AndroidRuntime( 7800): NOTE: attach of thread 'Binder_1' failed
07-14 12:36:45.073 D/GCM     (  624): Ignoring attempt to send heartbeat on dead connection.
07-14 12:36:45.666 I/QueryController( 7782): Matched selector: UiSelector[DESCRIPTION=] <<==>> [android.view.accessibility.AccessibilityNodeInfo@224c44; boundsInParent: Rect(0, 0 - 720, 756); boundsInScreen: Rect(0, 547 - 720, 1303); packageName: android; className: android.view.View; text: null; contentDescription: ; viewIdResName: android:id/glow_pad_view; checkable: false; checked: false; focusable: false; focused: false; selected: false; clickable: false; longClickable: false; enabled: true; password: false; scrollable: false; [ACTION_SELECT, ACTION_CLEAR_SELECTION, ACTION_ACCESSIBILITY_FOCUS, ACTION_NEXT_AT_MOVEMENT_GRANULARITY, ACTION_PREVIOUS_AT_MOVEMENT_GRANULARITY, ACTION_SET_SELECTION]]
07-14 12:36:45.674 W/GlowPadView(  374): The number of target drawables must be equal to the number of direction descriptions.
07-14 12:36:46.026 D/MdmApplication( 3494): [null:-1]->onActivityStarted market.activity.AppListActivity , mActivityCount = 1
07-14 12:36:46.026 D/MDM :   ( 3494): [null:-1]->query
07-14 12:36:46.033 D/MDM :   ( 3494): [null:-1]->QUERY_PINCODE_CHECK_RESULT
07-14 12:36:46.057 D/PhoneStatusBar(  450): disable: < expand icons alerts ticker system_info BACK HOME recent* CLOCK search >
07-14 12:36:46.065 D/NfcService(  582): NFC-C ON
07-14 12:36:46.119 D/PhoneStatusBar(  450): disable: < expand icons alerts ticker system_info back* home* recent clock* search >
07-14 12:36:46.127 W/InputMethodManagerService(  374): Window already focused, ignoring focus gain of: com.android.internal.view.IInputMethodClient$Stub$Proxy@4316f350 attribute=android.view.inputmethod.EditorInfo@43070240, token = android.os.BinderProxy@4306a310
07-14 12:36:46.549 V/TAG     (  374): bug 7643792: fitSystemWindows([0,50][0,0])
07-14 12:36:46.651 D/AndroidRuntime( 7824): 
07-14 12:36:46.651 D/AndroidRuntime( 7824): >>>>>> AndroidRuntime START com.android.internal.os.RuntimeInit <<<<<<
07-14 12:36:46.651 D/AndroidRuntime( 7824): CheckJNI is OFF
07-14 12:36:46.666 D/dalvikvm( 7824): Trying to load lib libjavacore.so 0x0
07-14 12:36:46.674 D/dalvikvm( 7824): Added shared lib libjavacore.so 0x0
07-14 12:36:46.690 D/dalvikvm( 7824): Trying to load lib libnativehelper.so 0x0
07-14 12:36:46.690 D/dalvikvm( 7824): Added shared lib libnativehelper.so 0x0
07-14 12:36:46.838 I/ActivityManager(  374): START u0 {act=android.intent.action.MAIN cat=[android.intent.category.HOME] flg=0x10200000 cmp=com.android.launcher/com.android.launcher2.Launcher} from pid 374
07-14 12:36:46.854 D/MdmApplication( 3494): [null:-1]->onActivityPaused market.activity.AppListActivity , mActivityCount = 2
07-14 12:36:46.854 D/MDM :   ( 3494): [null:-1]->query
07-14 12:36:46.869 D/MDM :   ( 3494): [null:-1]->QUERY_PINCODE_CHECK_RESULT
07-14 12:36:46.869 E/Mdm     ( 3494): Call Mdm service's setLastExitTime function
07-14 12:36:46.963 D/AndroidRuntime( 7824): Calling main entry com.qihoo360.powerctl.root.app.App
07-14 12:36:46.963 D/AndroidRuntime( 7824): Shutting down VM
07-14 12:36:46.971 D/dalvikvm( 7824): GC_CONCURRENT freed 114K, 22% free 467K/592K, paused 0ms+1ms, total 3ms
07-14 12:36:46.971 I/AndroidRuntime( 7824): NOTE: attach of thread 'Binder_1' failed
07-14 12:36:47.002 D/dalvikvm(  450): GC_FOR_ALLOC freed 1584K, 16% free 13459K/15908K, paused 65ms, total 68ms
07-14 12:36:47.283 D/dalvikvm( 1052): GC_CONCURRENT freed 452K, 11% free 10033K/11168K, paused 4ms+3ms, total 55ms
07-14 12:36:47.346 D/dalvikvm( 6152): GC_CONCURRENT freed 436K, 8% free 9362K/10072K, paused 3ms+3ms, total 32ms
07-14 12:36:47.346 D/dalvikvm( 6152): WAIT_FOR_CONCURRENT_GC blocked 6ms
07-14 12:36:47.666 W/ResourceType(  595): No known package when getting name for resource number 0x9c020000
07-14 12:36:47.674 W/ResourceType(  595): No known package when getting name for resource number 0x9c020002
07-14 12:36:47.713 W/ResourceType(  595): No known package when getting name for resource number 0x9b000000
07-14 12:36:47.713 W/ResourceType(  595): No known package when getting name for resource number 0x9b010100
07-14 12:36:47.713 W/ResourceType(  595): No known package when getting name for resource number 0x9b030300
07-14 12:36:47.713 W/ResourceType(  595): No known package when getting name for resource number 0x9b040400
07-14 12:36:47.721 I/QueryController( 7782): Matched selector: UiSelector[DESCRIPTION=, PACKAGE NAME=com.android.launcher] <<==>> [android.view.accessibility.AccessibilityNodeInfo@1fe6e; boundsInParent: Rect(524232, 0 - 524360, 128); boundsInScreen: Rect(296, 1040 - 424, 1168); packageName: com.android.launcher; className: android.widget.TextView; text: null; contentDescription: ; viewIdResName: null; checkable: false; checked: false; focusable: true; focused: false; selected: false; clickable: true; longClickable: false; enabled: true; password: false; scrollable: false; [ACTION_FOCUS, ACTION_SELECT, ACTION_CLEAR_SELECTION, ACTION_CLICK, ACTION_ACCESSIBILITY_FOCUS]]
07-14 12:36:47.721 D/InteractionController( 7782): clickAndWaitForNewWindow(360, 1104)
07-14 12:36:48.557 I/QueryController( 7782): Matched selector: UiSelector[TEXT=] <<==>> [android.view.accessibility.AccessibilityNodeInfo@6c634; boundsInParent: Rect(0, 0 - 148, 184); boundsInScreen: Rect(16, 958 - 164, 1142); packageName: com.android.launcher; className: android.widget.TextView; text: ; contentDescription: null; viewIdResName: null; checkable: false; checked: false; focusable: true; focused: false; selected: false; clickable: true; longClickable: true; enabled: true; password: false; scrollable: false; [ACTION_FOCUS, ACTION_SELECT, ACTION_CLEAR_SELECTION, ACTION_CLICK, ACTION_LONG_CLICK, ACTION_ACCESSIBILITY_FOCUS, ACTION_NEXT_AT_MOVEMENT_GRANULARITY, ACTION_PREVIOUS_AT_MOVEMENT_GRANULARITY, ACTION_SET_SELECTION]]
07-14 12:36:48.588 I/QueryController( 7782): Matched selector: UiSelector[TEXT=] <<==>> [android.view.accessibility.AccessibilityNodeInfo@6c634; boundsInParent: Rect(0, 0 - 148, 184); boundsInScreen: Rect(16, 958 - 164, 1142); packageName: com.android.launcher; className: android.widget.TextView; text: ; contentDescription: null; viewIdResName: null; checkable: false; checked: false; focusable: true; focused: false; selected: false; clickable: true; longClickable: true; enabled: true; password: false; scrollable: false; [ACTION_FOCUS, ACTION_SELECT, ACTION_CLEAR_SELECTION, ACTION_CLICK, ACTION_LONG_CLICK, ACTION_ACCESSIBILITY_FOCUS, ACTION_NEXT_AT_MOVEMENT_GRANULARITY, ACTION_PREVIOUS_AT_MOVEMENT_GRANULARITY, ACTION_SET_SELECTION]]
07-14 12:36:48.596 D/InteractionController( 7782): clickAndWaitForNewWindow(90, 1050)
07-14 12:36:48.752 I/ActivityManager(  374): START u0 {act=android.intent.action.MAIN cat=[android.intent.category.LAUNCHER] flg=0x10200000 cmp=com.pekall.emdm/.ui.SplashActivity} from pid 595
07-14 12:36:48.908 D/dalvikvm(  374): GC_FOR_ALLOC freed 2087K, 29% free 19784K/27716K, paused 108ms, total 108ms
07-14 12:36:49.010 D/dalvikvm(  374): GC_FOR_ALLOC freed 894K, 31% free 19261K/27716K, paused 92ms, total 92ms
07-14 12:36:49.057 D/MdmApplication( 3494): [null:-1]->onActivityStarted market.activity.AppListActivity , mActivityCount = 1
07-14 12:36:49.057 D/MDM :   ( 3494): [null:-1]->query
07-14 12:36:49.057 D/MDM :   ( 3494): [null:-1]->QUERY_PINCODE_CHECK_RESULT
07-14 12:36:49.760 I/QueryController( 7782): Matched selector: UiSelector[PACKAGE NAME=com.pekall.emdm] <<==>> [android.view.accessibility.AccessibilityNodeInfo@16b364; boundsInParent: Rect(0, 0 - 720, 1184); boundsInScreen: Rect(0, 0 - 720, 1184); packageName: com.pekall.emdm; className: android.widget.FrameLayout; text: null; contentDescription: null; viewIdResName: null; checkable: false; checked: false; focusable: false; focused: false; selected: false; clickable: false; longClickable: false; enabled: true; password: false; scrollable: false; [ACTION_SELECT, ACTION_CLEAR_SELECTION, ACTION_ACCESSIBILITY_FOCUS]]
07-14 12:36:49.783 I/QueryController( 7782): Matched selector: UiSelector[TEXT=, CLASS=android.widget.TextView] <<==>> [android.view.accessibility.AccessibilityNodeInfo@176012; boundsInParent: Rect(0, 0 - 144, 48); boundsInScreen: Rect(97, 74 - 241, 122); packageName: com.pekall.emdm; className: android.widget.TextView; text: ; contentDescription: null; viewIdResName: android:id/action_bar_title; checkable: false; checked: false; focusable: false; focused: false; selected: false; clickable: false; longClickable: false; enabled: true; password: false; scrollable: false; [ACTION_SELECT, ACTION_CLEAR_SELECTION, ACTION_ACCESSIBILITY_FOCUS, ACTION_NEXT_AT_MOVEMENT_GRANULARITY, ACTION_PREVIOUS_AT_MOVEMENT_GRANULARITY, ACTION_SET_SELECTION]]
07-14 12:36:49.971 D/dalvikvm(  374): GC_FOR_ALLOC freed 453K, 30% free 19583K/27716K, paused 85ms, total 86ms
07-14 12:36:50.073 D/dalvikvm(  374): GC_FOR_ALLOC freed 752K, 31% free 19203K/27716K, paused 88ms, total 89ms
07-14 12:36:50.073 D/MdmApplication( 3494): [null:-1]->onActivityPaused market.activity.AppListActivity , mActivityCount = 2
07-14 12:36:50.073 D/MDM :   ( 3494): [null:-1]->query
07-14 12:36:50.073 D/MDM :   ( 3494): [null:-1]->QUERY_PINCODE_CHECK_RESULT
07-14 12:36:50.073 E/Mdm     ( 3494): Call Mdm service's setLastExitTime function
07-14 12:36:50.096 D/MdmApplication( 3494): [null:-1]->onActivityStarted ui.MainActivity , mActivityCount = 1
07-14 12:36:50.096 D/MDM :   ( 3494): [null:-1]->query
07-14 12:36:50.096 D/MDM :   ( 3494): [null:-1]->QUERY_PINCODE_CHECK_RESULT
07-14 12:36:50.721 D/DB      ( 3494): query: SQLiteQuery: SELECT * FROM app WHERE readStatus =0
07-14 12:36:50.721 D/DB      ( 3494): factory null
07-14 12:36:50.721 D/DB      ( 3494): fillWindow: 0
07-14 12:36:50.721 D/DB      ( 3494): cursor 0
07-14 12:36:50.721 E/Mdm     ( 3494): Call Mdm service's recordIconCount function
07-14 12:36:50.893 I/QueryController( 7782): Matched selector: UiSelector[TEXT=, CLASS=android.widget.TextView] <<==>> [android.view.accessibility.AccessibilityNodeInfo@fecaa; boundsInParent: Rect(0, 0 - 148, 184); boundsInScreen: Rect(376, 572 - 524, 756); packageName: com.pekall.emdm; className: android.widget.TextView; text: ; contentDescription: null; viewIdResName: com.pekall.emdm:id/application_icon_content; checkable: false; checked: false; focusable: true; focused: false; selected: false; clickable: false; longClickable: false; enabled: true; password: false; scrollable: false; [ACTION_FOCUS, ACTION_SELECT, ACTION_CLEAR_SELECTION, ACTION_ACCESSIBILITY_FOCUS, ACTION_NEXT_AT_MOVEMENT_GRANULARITY, ACTION_PREVIOUS_AT_MOVEMENT_GRANULARITY, ACTION_SET_SELECTION]]
07-14 12:36:51.010 D/PushService( 4980): [null:-1]->receiver action :com.pekall.mdm.action.PUSH_ALARM
07-14 12:36:51.010 D/PushService( 4980): [null:-1]->keepAliveWithPushServer client is opened:true
07-14 12:36:51.010 D/PushLib : ( 4980): [null:-1]->ping!!!!!!!!!
07-14 12:36:51.010 D/PushLib : ( 4980): [null:-1]->pushClient is :not null
07-14 12:36:51.010 D/PushLib : ( 4980): [null:-1]->pushClient opened : opened
07-14 12:36:51.502 I/QueryController( 7782): Matched selector: UiSelector[TEXT=, CLASS=android.widget.TextView] <<==>> [android.view.accessibility.AccessibilityNodeInfo@fe528; boundsInParent: Rect(0, 0 - 148, 184); boundsInScreen: Rect(16, 572 - 164, 756); packageName: com.pekall.emdm; className: android.widget.TextView; text: ; contentDescription: null; viewIdResName: com.pekall.emdm:id/application_icon_content; checkable: false; checked: false; focusable: true; focused: false; selected: false; clickable: false; longClickable: false; enabled: true; password: false; scrollable: false; [ACTION_FOCUS, ACTION_SELECT, ACTION_CLEAR_SELECTION, ACTION_ACCESSIBILITY_FOCUS, ACTION_NEXT_AT_MOVEMENT_GRANULARITY, ACTION_PREVIOUS_AT_MOVEMENT_GRANULARITY, ACTION_SET_SELECTION]]
07-14 12:36:51.526 I/QueryController( 7782): Matched selector: UiSelector[TEXT=, CLASS=android.widget.TextView] <<==>> [android.view.accessibility.AccessibilityNodeInfo@fe528; boundsInParent: Rect(0, 0 - 148, 184); boundsInScreen: Rect(16, 572 - 164, 756); packageName: com.pekall.emdm; className: android.widget.TextView; text: ; contentDescription: null; viewIdResName: com.pekall.emdm:id/application_icon_content; checkable: false; checked: false; focusable: true; focused: false; selected: false; clickable: false; longClickable: false; enabled: true; password: false; scrollable: false; [ACTION_FOCUS, ACTION_SELECT, ACTION_CLEAR_SELECTION, ACTION_ACCESSIBILITY_FOCUS, ACTION_NEXT_AT_MOVEMENT_GRANULARITY, ACTION_PREVIOUS_AT_MOVEMENT_GRANULARITY, ACTION_SET_SELECTION]]
07-14 12:36:51.526 D/InteractionController( 7782): clickAndWaitForNewWindow(90, 664)
07-14 12:36:51.658 I/ActivityManager(  374): START u0 {cmp=com.pekall.emdm/.document.activity.DocMainActivity} from pid 3494
