07-14 12:20:30.432 W/MountService(  374): getVolumeState(/mnt/sdcard/ext_sd): Unknown volume
07-14 12:20:30.432 W/MountService(  374): getVolumeState(/storage/extSdCard): Unknown volume
07-14 12:20:30.432 W/MountService(  374): getVolumeState(/storage/sdcard1): Unknown volume
07-14 12:20:30.432 W/MountService(  374): getVolumeState(/mnt/sdcard/external_SD): Unknown volume
07-14 12:20:30.440 W/MountService(  374): getVolumeState(/mnt/sdcard/external_sd): Unknown volume
07-14 12:20:30.674 W/MountService(  374): getVolumeState(/storage/emulated/0/external_sd): Unknown volume
07-14 12:20:30.674 W/MountService(  374): getVolumeState(/mnt/sdcard-ext): Unknown volume
07-14 12:20:30.674 W/MountService(  374): getVolumeState(/mnt/ext_sdcard): Unknown volume
07-14 12:20:30.682 W/MountService(  374): getVolumeState(/mnt/sdcard2): Unknown volume
07-14 12:20:30.682 W/MountService(  374): getVolumeState(/mnt/emmc): Unknown volume
07-14 12:20:30.682 W/MountService(  374): getVolumeState(/mnt/extSdCard): Unknown volume
07-14 12:20:30.682 W/MountService(  374): getVolumeState(/mnt/sdcard/SD_CARD): Unknown volume
07-14 12:20:30.682 W/MountService(  374): getVolumeState(/mnt/sdcard/extra_sd): Unknown volume
07-14 12:20:30.682 W/MountService(  374): getVolumeState(/mnt/extrasd_bind): Unknown volume
07-14 12:20:30.682 W/MountService(  374): getVolumeState(/mnt/sdcard/ext_sd): Unknown volume
07-14 12:20:30.682 W/MountService(  374): getVolumeState(/storage/extSdCard): Unknown volume
07-14 12:20:30.682 W/MountService(  374): getVolumeState(/storage/sdcard1): Unknown volume
07-14 12:20:30.682 W/MountService(  374): getVolumeState(/mnt/sdcard/external_SD): Unknown volume
07-14 12:20:30.690 W/MountService(  374): getVolumeState(/mnt/sdcard/external_sd): Unknown volume
07-14 12:20:43.408 I/PowerManagerService(  374): Waking up from sleep...
07-14 12:20:43.448 I/WindowManager(  374): Lock screen displayed!
07-14 12:20:45.627 D/PhoneStatusBar(  450): disable: < expand icons alerts ticker system_info BACK HOME recent* CLOCK search >
07-14 12:20:45.737 D/PhoneStatusBar(  450): disable: < expand icons alerts ticker system_info back* home* recent clock* search >
07-14 12:20:45.744 W/InputMethodManagerService(  374): Window already focused, ignoring focus gain of: com.android.internal.view.IInputMethodClient$Stub$Proxy@4309f028 attribute=android.view.inputmethod.EditorInfo@4309f088, token = android.os.BinderProxy@42ea3d30
07-14 12:20:46.604 I/ActivityManager(  374): START u0 {act=android.intent.action.MAIN cat=[android.intent.category.HOME] flg=0x10200000 cmp=com.android.launcher/com.android.launcher2.Launcher} from pid 374
07-14 12:20:48.737 I/ActivityManager(  374): START u0 {act=android.intent.action.MAIN cat=[android.intent.category.LAUNCHER] flg=0x10200000 cmp=com.pekall.emdm/.ui.SplashActivity} from pid 595
07-14 12:20:49.901 I/ActivityManager(  374): START u0 {cmp=com.pekall.emdm/.document.activity.DocMainActivity} from pid 3494
07-14 12:20:51.205 I/ActivityManager(  374): START u0 {cmp=com.pekall.emdm/.document.activity.CompanyDocActivity} from pid 3494
07-14 12:21:01.651 I/ActivityManager(  374): Start proc com.google.android.apps.maps for service com.google.android.apps.maps/com.google.googlenav.prefetch.android.PrefetcherService: pid=4865 uid=10038 gids={50038, 3003, 1015, 1028}
07-14 12:21:06.104 I/PowerManagerService(  374): Going to sleep due to screen timeout...
07-14 12:21:07.002 I/WindowManager(  374): Screenshot Window{42cbf220 u0 com.pekall.emdm/com.pekall.emdm.document.activity.CompanyDocActivity} was all black! mSurfaceLayer=21020 minLayer=21000 maxLayer=21020
07-14 12:21:07.401 D/PhoneStatusBar(  450): disable: < expand icons alerts ticker system_info back home RECENT* clock search >
07-14 12:21:07.565 D/PhoneStatusBar(  450): disable: < expand icons alerts ticker system_info BACK* HOME* RECENT CLOCK* search >
07-14 12:21:25.065 I/PowerManagerService(  374): Waking up from sleep...
07-14 12:21:25.174 I/WindowManager(  374): Lock screen displayed!
07-14 12:21:27.307 D/PhoneStatusBar(  450): disable: < expand icons alerts ticker system_info BACK HOME recent* CLOCK search >
07-14 12:21:27.377 D/PhoneStatusBar(  450): disable: < expand icons alerts ticker system_info back* home* recent clock* search >
07-14 12:21:27.471 W/InputMethodManagerService(  374): Window already focused, ignoring focus gain of: com.android.internal.view.IInputMethodClient$Stub$Proxy@42d73f68 attribute=android.view.inputmethod.EditorInfo@42d16fe8, token = android.os.BinderProxy@42fde9e0
07-14 12:21:28.158 I/ActivityManager(  374): START u0 {act=android.intent.action.MAIN cat=[android.intent.category.HOME] flg=0x10200000 cmp=com.android.launcher/com.android.launcher2.Launcher} from pid 374
07-14 12:21:30.377 I/ActivityManager(  374): START u0 {act=android.intent.action.MAIN cat=[android.intent.category.LAUNCHER] flg=0x10200000 cmp=com.pekall.emdm/.ui.SplashActivity} from pid 595
07-14 12:21:30.432 W/MountService(  374): getVolumeState(/storage/emulated/0/external_sd): Unknown volume
07-14 12:21:30.432 W/MountService(  374): getVolumeState(/mnt/sdcard-ext): Unknown volume
07-14 12:21:30.518 W/MountService(  374): getVolumeState(/mnt/ext_sdcard): Unknown volume
07-14 12:21:30.526 W/MountService(  374): getVolumeState(/mnt/sdcard2): Unknown volume
07-14 12:21:30.698 W/MountService(  374): getVolumeState(/mnt/emmc): Unknown volume
07-14 12:21:30.698 W/MountService(  374): getVolumeState(/mnt/extSdCard): Unknown volume
07-14 12:21:30.776 W/MountService(  374): getVolumeState(/mnt/sdcard/SD_CARD): Unknown volume
07-14 12:21:30.783 W/MountService(  374): getVolumeState(/mnt/sdcard/extra_sd): Unknown volume
07-14 12:21:30.783 W/MountService(  374): getVolumeState(/mnt/extrasd_bind): Unknown volume
07-14 12:21:30.783 W/MountService(  374): getVolumeState(/mnt/sdcard/ext_sd): Unknown volume
07-14 12:21:30.783 W/MountService(  374): getVolumeState(/storage/extSdCard): Unknown volume
07-14 12:21:30.783 W/MountService(  374): getVolumeState(/storage/sdcard1): Unknown volume
07-14 12:21:30.783 W/MountService(  374): getVolumeState(/mnt/sdcard/external_SD): Unknown volume
07-14 12:21:30.799 W/MountService(  374): getVolumeState(/mnt/sdcard/external_sd): Unknown volume
07-14 12:21:31.158 W/MountService(  374): getVolumeState(/storage/emulated/0/external_sd): Unknown volume
07-14 12:21:31.158 W/MountService(  374): getVolumeState(/mnt/sdcard-ext): Unknown volume
07-14 12:21:31.166 W/MountService(  374): getVolumeState(/mnt/ext_sdcard): Unknown volume
07-14 12:21:31.166 W/MountService(  374): getVolumeState(/mnt/sdcard2): Unknown volume
07-14 12:21:31.166 W/MountService(  374): getVolumeState(/mnt/emmc): Unknown volume
07-14 12:21:31.166 W/MountService(  374): getVolumeState(/mnt/extSdCard): Unknown volume
07-14 12:21:31.166 W/MountService(  374): getVolumeState(/mnt/sdcard/SD_CARD): Unknown volume
07-14 12:21:31.174 W/MountService(  374): getVolumeState(/mnt/sdcard/extra_sd): Unknown volume
07-14 12:21:31.174 W/MountService(  374): getVolumeState(/mnt/extrasd_bind): Unknown volume
07-14 12:21:31.174 W/MountService(  374): getVolumeState(/mnt/sdcard/ext_sd): Unknown volume
07-14 12:21:31.182 W/MountService(  374): getVolumeState(/storage/extSdCard): Unknown volume
07-14 12:21:31.182 W/MountService(  374): getVolumeState(/storage/sdcard1): Unknown volume
07-14 12:21:31.182 W/MountService(  374): getVolumeState(/mnt/sdcard/external_SD): Unknown volume
07-14 12:21:31.182 W/MountService(  374): getVolumeState(/mnt/sdcard/external_sd): Unknown volume
07-14 12:21:33.533 I/ActivityManager(  374): No longer want com.google.android.apps.currents (pid 1105): empty for 1800s
07-14 12:21:33.549 W/ActivityManager(  374): Scheduling restart of crashed service com.google.android.apps.currents/com.google.apps.dots.android.dotslib.service.AudioPlayerService in 5000ms
07-14 12:21:34.526 I/ActivityManager(  374): START u0 {cmp=com.pekall.emdm/.contacts.activities.PeopleActivity} from pid 3494
07-14 12:21:34.783 I/ActivityManager(  374): START u0 {cmp=com.pekall.emdm/.contacts.activities.DialtactsActivity (has extras)} from pid 3494
07-14 12:21:45.596 I/ActivityManager(  374): No longer want com.pekall.nmefc (pid 1958): empty for 1800s
07-14 12:21:45.612 W/ActivityManager(  374): Scheduling restart of crashed service com.pekall.nmefc/com.pekall.lib.push.PushService in 5000ms
07-14 12:21:48.237 I/ActivityManager(  374): No longer want com.google.android.apps.maps:GoogleLocationService (pid 835): empty for 1822s
07-14 12:21:48.260 W/ActivityManager(  374): Scheduling restart of crashed service com.google.android.apps.maps/com.google.android.location.internal.server.GoogleLocationService in 12353ms
07-14 12:21:50.635 I/ActivityManager(  374): Start proc com.pekall.nmefc for service com.pekall.nmefc/com.pekall.lib.push.PushService: pid=4980 uid=10068 gids={50068, 1015, 1028, 3003}
07-14 12:21:51.627 I/PowerManagerService(  374): Going to sleep due to screen timeout...
07-14 12:21:52.549 I/WindowManager(  374): Screenshot Window{42ba5160 u0 com.pekall.emdm/com.pekall.emdm.contacts.activities.DialtactsActivity} was all black! mSurfaceLayer=21015 minLayer=21000 maxLayer=21015
07-14 12:21:52.776 D/PhoneStatusBar(  450): disable: < expand icons alerts ticker system_info back home RECENT* clock search >
07-14 12:21:52.948 D/PhoneStatusBar(  450): disable: < expand icons alerts ticker system_info BACK* HOME* RECENT CLOCK* search >
07-14 12:21:57.588 I/ActivityManager(  374): No longer want com.google.android.setupwizard (pid 3252): empty #17
07-14 12:21:57.596 I/ActivityManager(  374): No longer want com.google.android.music:main (pid 2282): empty #18
07-14 12:21:57.612 W/ActivityManager(  374): Scheduling restart of crashed service com.google.android.music/.playback.MusicPlaybackService in 13002ms
07-14 12:22:00.635 I/ActivityManager(  374): Start proc com.google.android.apps.maps:GoogleLocationService for service com.google.android.apps.maps/com.google.android.location.internal.server.GoogleLocationService: pid=5005 uid=10038 gids={50038, 3003, 1015, 1028}
07-14 12:22:01.502 I/ActivityManager(  374): Start proc com.google.android.apps.maps:FriendService for broadcast com.google.android.apps.maps/com.google.googlenav.friend.android.ServiceReceiver: pid=5026 uid=10038 gids={50038, 3003, 1015, 1028}
07-14 12:22:01.612 W/ActivityManager(  374): Permission denied: checkComponentPermission() owningUid=10009
07-14 12:22:01.612 W/BroadcastQueue(  374): Permission Denial: broadcasting Intent { act=com.google.android.location.internal.server.ACTION_RESTARTED flg=0x10 } from com.google.android.apps.maps (pid=5005, uid=10038) is not exported from uid 10009 due to receiver com.google.android.gms/com.google.android.location.reporting.service.ExternalChangeReceiver
07-14 12:22:01.619 I/ActivityManager(  374): No longer want com.google.android.partnersetup (pid 3224): empty #17
07-14 12:22:01.627 I/ActivityManager(  374): Start proc com.google.android.apps.maps:LocationFriendService for broadcast com.google.android.apps.maps/com.google.googlenav.friend.reporting.LocationReportingIntentReceiver: pid=5038 uid=10038 gids={50038, 3003, 1015, 1028}
07-14 12:22:01.768 I/ActivityManager(  374): No longer want com.google.android.configupdater (pid 3195): empty #17
07-14 12:22:06.533 I/ActivityManager(  374): No longer want com.dragon.android.pandaspace:bdservice_v1 (pid 1425): empty for 1802s
07-14 12:22:06.541 W/ActivityManager(  374): Scheduling restart of crashed service com.dragon.android.pandaspace/com.baidu.android.moplus.MoPlusService in 14068ms
07-14 12:22:10.635 I/ActivityManager(  374): Start proc com.google.android.music:main for service com.google.android.music/.playback.MusicPlaybackService: pid=5058 uid=10041 gids={50041, 3003, 1015, 1028}
07-14 12:22:20.635 I/ActivityManager(  374): Start proc com.dragon.android.pandaspace:bdservice_v1 for service com.dragon.android.pandaspace/com.baidu.android.moplus.MoPlusService: pid=5090 uid=10081 gids={50081, 1015, 3003, 1006, 1028}
07-14 12:22:30.471 W/MountService(  374): getVolumeState(/storage/emulated/0/external_sd): Unknown volume
07-14 12:22:30.471 W/MountService(  374): getVolumeState(/mnt/sdcard-ext): Unknown volume
07-14 12:22:30.471 W/MountService(  374): getVolumeState(/mnt/ext_sdcard): Unknown volume
07-14 12:22:30.471 W/MountService(  374): getVolumeState(/mnt/sdcard2): Unknown volume
07-14 12:22:30.479 W/MountService(  374): getVolumeState(/mnt/emmc): Unknown volume
07-14 12:22:30.479 W/MountService(  374): getVolumeState(/mnt/extSdCard): Unknown volume
07-14 12:22:30.479 W/MountService(  374): getVolumeState(/mnt/sdcard/SD_CARD): Unknown volume
07-14 12:22:30.479 W/MountService(  374): getVolumeState(/mnt/sdcard/extra_sd): Unknown volume
07-14 12:22:30.479 W/MountService(  374): getVolumeState(/mnt/extrasd_bind): Unknown volume
07-14 12:22:30.479 W/MountService(  374): getVolumeState(/mnt/sdcard/ext_sd): Unknown volume
07-14 12:22:30.479 W/MountService(  374): getVolumeState(/storage/extSdCard): Unknown volume
07-14 12:22:30.479 W/MountService(  374): getVolumeState(/storage/sdcard1): Unknown volume
07-14 12:22:30.487 W/MountService(  374): getVolumeState(/mnt/sdcard/external_SD): Unknown volume
07-14 12:22:30.487 W/MountService(  374): getVolumeState(/mnt/sdcard/external_sd): Unknown volume
07-14 12:22:30.862 W/MountService(  374): getVolumeState(/storage/emulated/0/external_sd): Unknown volume
07-14 12:22:30.862 W/MountService(  374): getVolumeState(/mnt/sdcard-ext): Unknown volume
07-14 12:22:30.862 W/MountService(  374): getVolumeState(/mnt/ext_sdcard): Unknown volume
07-14 12:22:30.862 W/MountService(  374): getVolumeState(/mnt/sdcard2): Unknown volume
07-14 12:22:30.862 W/MountService(  374): getVolumeState(/mnt/emmc): Unknown volume
07-14 12:22:30.862 W/MountService(  374): getVolumeState(/mnt/extSdCard): Unknown volume
07-14 12:22:30.862 W/MountService(  374): getVolumeState(/mnt/sdcard/SD_CARD): Unknown volume
07-14 12:22:30.862 W/MountService(  374): getVolumeState(/mnt/sdcard/extra_sd): Unknown volume
07-14 12:22:30.869 W/MountService(  374): getVolumeState(/mnt/extrasd_bind): Unknown volume
07-14 12:22:30.869 W/MountService(  374): getVolumeState(/mnt/sdcard/ext_sd): Unknown volume
07-14 12:22:30.869 W/MountService(  374): getVolumeState(/storage/extSdCard): Unknown volume
07-14 12:22:30.869 W/MountService(  374): getVolumeState(/storage/sdcard1): Unknown volume
07-14 12:22:30.869 W/MountService(  374): getVolumeState(/mnt/sdcard/external_SD): Unknown volume
07-14 12:22:30.869 W/MountService(  374): getVolumeState(/mnt/sdcard/external_sd): Unknown volume
07-14 12:22:39.955 I/PowerManagerService(  374): Waking up from sleep...
07-14 12:22:40.057 I/WindowManager(  374): Lock screen displayed!
07-14 12:22:42.229 D/PhoneStatusBar(  450): disable: < expand icons alerts ticker system_info BACK HOME recent* CLOCK search >
07-14 12:22:42.369 D/PhoneStatusBar(  450): disable: < expand icons alerts ticker system_info back* home* recent clock* search >
07-14 12:22:42.416 W/InputMethodManagerService(  374): Window already focused, ignoring focus gain of: com.android.internal.view.IInputMethodClient$Stub$Proxy@42f71310 attribute=android.view.inputmethod.EditorInfo@42fdb0c0, token = android.os.BinderProxy@42f55040
07-14 12:22:43.346 I/ActivityManager(  374): START u0 {act=android.intent.action.MAIN cat=[android.intent.category.HOME] flg=0x10200000 cmp=com.android.launcher/com.android.launcher2.Launcher} from pid 374
07-14 12:22:45.260 I/ActivityManager(  374): START u0 {act=android.intent.action.MAIN cat=[android.intent.category.LAUNCHER] flg=0x10200000 cmp=com.pekall.emdm/.ui.SplashActivity} from pid 595
07-14 12:22:47.838 I/ActivityManager(  374): START u0 {cmp=com.pekall.emdm/.setting.SettingActivity} from pid 3494
07-14 12:22:49.143 I/ActivityManager(  374): START u0 {cmp=com.pekall.emdm/.setting.DevicesDetailsActivity} from pid 3494
07-14 12:23:04.041 I/PowerManagerService(  374): Going to sleep due to screen timeout...
07-14 12:23:04.846 I/WindowManager(  374): Screenshot Window{42baf2f8 u0 com.pekall.emdm/com.pekall.emdm.setting.DevicesDetailsActivity} was all black! mSurfaceLayer=21020 minLayer=21000 maxLayer=21020
07-14 12:23:05.198 D/PhoneStatusBar(  450): disable: < expand icons alerts ticker system_info back home RECENT* clock search >
07-14 12:23:05.346 D/PhoneStatusBar(  450): disable: < expand icons alerts ticker system_info BACK* HOME* RECENT CLOCK* search >
07-14 12:23:25.666 I/PowerManagerService(  374): Waking up from sleep...
07-14 12:23:25.690 I/ActivityManager(  374): No longer want com.google.android.calendar (pid 3403): empty #17
07-14 12:23:25.705 I/WindowManager(  374): Lock screen displayed!
07-14 12:23:27.869 D/PhoneStatusBar(  450): disable: < expand icons alerts ticker system_info BACK HOME recent* CLOCK search >
07-14 12:23:27.955 D/PhoneStatusBar(  450): disable: < expand icons alerts ticker system_info back* home* recent clock* search >
07-14 12:23:27.955 W/InputMethodManagerService(  374): Window already focused, ignoring focus gain of: com.android.internal.view.IInputMethodClient$Stub$Proxy@42cca0e8 attribute=android.view.inputmethod.EditorInfo@42cca0f8, token = android.os.BinderProxy@4315b468
07-14 12:23:28.729 I/ActivityManager(  374): START u0 {act=android.intent.action.MAIN cat=[android.intent.category.HOME] flg=0x10200000 cmp=com.android.launcher/com.android.launcher2.Launcher} from pid 374
07-14 12:23:30.502 W/MountService(  374): getVolumeState(/storage/emulated/0/external_sd): Unknown volume
07-14 12:23:30.502 W/MountService(  374): getVolumeState(/mnt/sdcard-ext): Unknown volume
07-14 12:23:30.502 W/MountService(  374): getVolumeState(/mnt/ext_sdcard): Unknown volume
07-14 12:23:30.502 W/MountService(  374): getVolumeState(/mnt/sdcard2): Unknown volume
07-14 12:23:30.502 W/MountService(  374): getVolumeState(/mnt/emmc): Unknown volume
07-14 12:23:30.502 W/MountService(  374): getVolumeState(/mnt/extSdCard): Unknown volume
07-14 12:23:30.502 W/MountService(  374): getVolumeState(/mnt/sdcard/SD_CARD): Unknown volume
07-14 12:23:30.510 W/MountService(  374): getVolumeState(/mnt/sdcard/extra_sd): Unknown volume
07-14 12:23:30.510 W/MountService(  374): getVolumeState(/mnt/extrasd_bind): Unknown volume
07-14 12:23:30.510 W/MountService(  374): getVolumeState(/mnt/sdcard/ext_sd): Unknown volume
07-14 12:23:30.510 W/MountService(  374): getVolumeState(/storage/extSdCard): Unknown volume
07-14 12:23:30.510 W/MountService(  374): getVolumeState(/storage/sdcard1): Unknown volume
07-14 12:23:30.510 W/MountService(  374): getVolumeState(/mnt/sdcard/external_SD): Unknown volume
07-14 12:23:30.518 W/MountService(  374): getVolumeState(/mnt/sdcard/external_sd): Unknown volume
07-14 12:23:30.744 I/ActivityManager(  374): START u0 {act=android.intent.action.MAIN cat=[android.intent.category.LAUNCHER] flg=0x10200000 cmp=com.pekall.emdm/.ui.SplashActivity} from pid 595
07-14 12:23:31.088 W/MountService(  374): getVolumeState(/storage/emulated/0/external_sd): Unknown volume
07-14 12:23:31.088 W/MountService(  374): getVolumeState(/mnt/sdcard-ext): Unknown volume
07-14 12:23:31.096 W/MountService(  374): getVolumeState(/mnt/ext_sdcard): Unknown volume
07-14 12:23:31.096 W/MountService(  374): getVolumeState(/mnt/sdcard2): Unknown volume
07-14 12:23:31.096 W/MountService(  374): getVolumeState(/mnt/emmc): Unknown volume
07-14 12:23:31.096 W/MountService(  374): getVolumeState(/mnt/extSdCard): Unknown volume
07-14 12:23:31.096 W/MountService(  374): getVolumeState(/mnt/sdcard/SD_CARD): Unknown volume
07-14 12:23:31.104 W/MountService(  374): getVolumeState(/mnt/sdcard/extra_sd): Unknown volume
07-14 12:23:31.104 W/MountService(  374): getVolumeState(/mnt/extrasd_bind): Unknown volume
07-14 12:23:31.104 W/MountService(  374): getVolumeState(/mnt/sdcard/ext_sd): Unknown volume
07-14 12:23:31.104 W/MountService(  374): getVolumeState(/storage/extSdCard): Unknown volume
07-14 12:23:31.104 W/MountService(  374): getVolumeState(/storage/sdcard1): Unknown volume
07-14 12:23:31.104 W/MountService(  374): getVolumeState(/mnt/sdcard/external_SD): Unknown volume
07-14 12:23:31.104 W/MountService(  374): getVolumeState(/mnt/sdcard/external_sd): Unknown volume
07-14 12:23:34.112 I/ActivityManager(  374): START u0 {cmp=com.pekall.emdm/.messagecenter.activity.MessageMainActivity} from pid 3494
07-14 12:23:48.987 I/PowerManagerService(  374): Going to sleep due to screen timeout...
07-14 12:23:49.908 I/WindowManager(  374): Screenshot Window{4313edf0 u0 com.pekall.emdm/com.pekall.emdm.messagecenter.activity.MessageMainActivity} was all black! mSurfaceLayer=21015 minLayer=21000 maxLayer=21015
07-14 12:23:50.127 D/PhoneStatusBar(  450): disable: < expand icons alerts ticker system_info back home RECENT* clock search >
07-14 12:23:50.307 D/PhoneStatusBar(  450): disable: < expand icons alerts ticker system_info BACK* HOME* RECENT CLOCK* search >
07-14 12:24:30.612 W/MountService(  374): getVolumeState(/storage/emulated/0/external_sd): Unknown volume
07-14 12:24:30.612 W/MountService(  374): getVolumeState(/mnt/sdcard-ext): Unknown volume
07-14 12:24:30.612 W/MountService(  374): getVolumeState(/mnt/ext_sdcard): Unknown volume
07-14 12:24:30.612 W/MountService(  374): getVolumeState(/mnt/sdcard2): Unknown volume
07-14 12:24:30.612 W/MountService(  374): getVolumeState(/mnt/emmc): Unknown volume
07-14 12:24:30.619 W/MountService(  374): getVolumeState(/mnt/extSdCard): Unknown volume
07-14 12:24:30.619 W/MountService(  374): getVolumeState(/mnt/sdcard/SD_CARD): Unknown volume
07-14 12:24:30.619 W/MountService(  374): getVolumeState(/mnt/sdcard/extra_sd): Unknown volume
07-14 12:24:30.619 W/MountService(  374): getVolumeState(/mnt/extrasd_bind): Unknown volume
07-14 12:24:30.619 W/MountService(  374): getVolumeState(/mnt/sdcard/ext_sd): Unknown volume
07-14 12:24:30.619 W/MountService(  374): getVolumeState(/storage/extSdCard): Unknown volume
07-14 12:24:30.627 W/MountService(  374): getVolumeState(/storage/sdcard1): Unknown volume
07-14 12:24:30.627 W/MountService(  374): getVolumeState(/mnt/sdcard/external_SD): Unknown volume
07-14 12:24:30.627 W/MountService(  374): getVolumeState(/mnt/sdcard/external_sd): Unknown volume
07-14 12:24:30.854 W/MountService(  374): getVolumeState(/storage/emulated/0/external_sd): Unknown volume
07-14 12:24:30.854 W/MountService(  374): getVolumeState(/mnt/sdcard-ext): Unknown volume
07-14 12:24:30.854 W/MountService(  374): getVolumeState(/mnt/ext_sdcard): Unknown volume
07-14 12:24:30.854 W/MountService(  374): getVolumeState(/mnt/sdcard2): Unknown volume
07-14 12:24:30.862 W/MountService(  374): getVolumeState(/mnt/emmc): Unknown volume
07-14 12:24:30.862 W/MountService(  374): getVolumeState(/mnt/extSdCard): Unknown volume
07-14 12:24:30.862 W/MountService(  374): getVolumeState(/mnt/sdcard/SD_CARD): Unknown volume
07-14 12:24:30.862 W/MountService(  374): getVolumeState(/mnt/sdcard/extra_sd): Unknown volume
07-14 12:24:30.862 W/MountService(  374): getVolumeState(/mnt/extrasd_bind): Unknown volume
07-14 12:24:30.869 W/MountService(  374): getVolumeState(/mnt/sdcard/ext_sd): Unknown volume
07-14 12:24:30.869 W/MountService(  374): getVolumeState(/storage/extSdCard): Unknown volume
07-14 12:24:30.869 W/MountService(  374): getVolumeState(/storage/sdcard1): Unknown volume
07-14 12:24:30.869 W/MountService(  374): getVolumeState(/mnt/sdcard/external_SD): Unknown volume
07-14 12:24:30.869 W/MountService(  374): getVolumeState(/mnt/sdcard/external_sd): Unknown volume
07-14 12:24:32.237 I/PowerManagerService(  374): Waking up from sleep...
07-14 12:24:32.276 I/WindowManager(  374): Lock screen displayed!
07-14 12:24:34.455 D/PhoneStatusBar(  450): disable: < expand icons alerts ticker system_info BACK HOME recent* CLOCK search >
07-14 12:24:34.533 D/PhoneStatusBar(  450): disable: < expand icons alerts ticker system_info back* home* recent clock* search >
07-14 12:24:34.768 W/InputMethodManagerService(  374): Window already focused, ignoring focus gain of: com.android.internal.view.IInputMethodClient$Stub$Proxy@432d8630 attribute=android.view.inputmethod.EditorInfo@432d8640, token = android.os.BinderProxy@42fb4e10
07-14 12:24:35.893 V/PanelView(  450): animationTick called with dtms=0; nothing to do (h=0.0 v=4000.0)
07-14 12:24:38.151 I/ActivityManager(  374): START u0 {cmp=com.pekall.emdm/.market.activity.AppListActivity bnds=[0,242][720,370] (has extras)} from pid -1
07-14 12:24:38.151 W/ActivityManager(  374): startActivity called from non-Activity context; forcing Intent.FLAG_ACTIVITY_NEW_TASK for: Intent { cmp=com.pekall.emdm/.market.activity.AppListActivity bnds=[0,242][720,370] (has extras) }
07-14 12:24:38.174 V/PanelView(  450): animationTick called with dtms=0; nothing to do (h=1184.0 v=-4000.0)
07-14 12:24:43.268 I/ActivityManager(  374): START u0 {cmp=com.pekall.emdm/.market.activity.AppDetailActivity (has extras)} from pid 3494
07-14 12:25:02.291 I/PowerManagerService(  374): Going to sleep due to screen timeout...
07-14 12:25:02.346 I/PowerManagerService(  374): Waking up from sleep...
07-14 12:25:03.221 D/PhoneStatusBar(  450): disable: < expand icons alerts ticker system_info back home RECENT* clock search >
07-14 12:25:03.393 D/PhoneStatusBar(  450): disable: < expand icons alerts ticker system_info BACK* HOME* RECENT CLOCK* search >
07-14 12:25:03.916 I/WindowManager(  374): Lock screen displayed!
07-14 12:25:06.041 D/PhoneStatusBar(  450): disable: < expand icons alerts ticker system_info BACK HOME recent* CLOCK search >
07-14 12:25:06.112 D/PhoneStatusBar(  450): disable: < expand icons alerts ticker system_info back* home* recent clock* search >
07-14 12:25:06.135 W/InputMethodManagerService(  374): Window already focused, ignoring focus gain of: com.android.internal.view.IInputMethodClient$Stub$Proxy@42eb2b38 attribute=android.view.inputmethod.EditorInfo@42d6b5f8, token = android.os.BinderProxy@42b11120
07-14 12:25:16.026 W/ActivityManager(  374): Activity idle timeout for ActivityRecord{42dc1498 u0 com.pekall.emdm/.market.activity.AppDetailActivity}
07-14 12:25:21.002 I/PowerManagerService(  374): Going to sleep due to screen timeout...
07-14 12:25:21.057 I/PowerManagerService(  374): Waking up from sleep...
07-14 12:25:21.612 D/PhoneStatusBar(  450): disable: < expand icons alerts ticker system_info back home RECENT* clock search >
07-14 12:25:21.963 D/PhoneStatusBar(  450): disable: < expand icons alerts ticker system_info BACK* HOME* RECENT CLOCK* search >
07-14 12:25:22.182 I/WindowManager(  374): Lock screen displayed!
07-14 12:25:24.229 D/PhoneStatusBar(  450): disable: < expand icons alerts ticker system_info BACK HOME recent* CLOCK search >
07-14 12:25:24.291 D/PhoneStatusBar(  450): disable: < expand icons alerts ticker system_info back* home* recent clock* search >
07-14 12:25:24.323 W/InputMethodManagerService(  374): Window already focused, ignoring focus gain of: com.android.internal.view.IInputMethodClient$Stub$Proxy@431311d0 attribute=android.view.inputmethod.EditorInfo@431311e0, token = android.os.BinderProxy@42b11120
07-14 12:25:30.705 W/MountService(  374): getVolumeState(/storage/emulated/0/external_sd): Unknown volume
07-14 12:25:30.705 W/MountService(  374): getVolumeState(/mnt/sdcard-ext): Unknown volume
07-14 12:25:30.705 W/MountService(  374): getVolumeState(/mnt/ext_sdcard): Unknown volume
07-14 12:25:30.705 W/MountService(  374): getVolumeState(/mnt/sdcard2): Unknown volume
07-14 12:25:30.705 W/MountService(  374): getVolumeState(/mnt/emmc): Unknown volume
07-14 12:25:30.705 W/MountService(  374): getVolumeState(/mnt/extSdCard): Unknown volume
07-14 12:25:30.721 W/MountService(  374): getVolumeState(/mnt/sdcard/SD_CARD): Unknown volume
07-14 12:25:30.721 W/MountService(  374): getVolumeState(/mnt/sdcard/extra_sd): Unknown volume
07-14 12:25:30.729 W/MountService(  374): getVolumeState(/mnt/extrasd_bind): Unknown volume
07-14 12:25:30.729 W/MountService(  374): getVolumeState(/mnt/sdcard/ext_sd): Unknown volume
07-14 12:25:30.729 W/MountService(  374): getVolumeState(/storage/extSdCard): Unknown volume
07-14 12:25:30.729 W/MountService(  374): getVolumeState(/storage/sdcard1): Unknown volume
07-14 12:25:30.729 W/MountService(  374): getVolumeState(/mnt/sdcard/external_SD): Unknown volume
07-14 12:25:30.729 W/MountService(  374): getVolumeState(/mnt/sdcard/external_sd): Unknown volume
07-14 12:25:31.151 W/MountService(  374): getVolumeState(/storage/emulated/0/external_sd): Unknown volume
07-14 12:25:31.151 W/MountService(  374): getVolumeState(/mnt/sdcard-ext): Unknown volume
07-14 12:25:31.151 W/MountService(  374): getVolumeState(/mnt/ext_sdcard): Unknown volume
07-14 12:25:31.158 W/MountService(  374): getVolumeState(/mnt/sdcard2): Unknown volume
07-14 12:25:31.158 W/MountService(  374): getVolumeState(/mnt/emmc): Unknown volume
07-14 12:25:31.166 W/MountService(  374): getVolumeState(/mnt/extSdCard): Unknown volume
07-14 12:25:31.166 W/MountService(  374): getVolumeState(/mnt/sdcard/SD_CARD): Unknown volume
07-14 12:25:31.174 W/MountService(  374): getVolumeState(/mnt/sdcard/extra_sd): Unknown volume
07-14 12:25:31.174 W/MountService(  374): getVolumeState(/mnt/extrasd_bind): Unknown volume
07-14 12:25:31.174 W/MountService(  374): getVolumeState(/mnt/sdcard/ext_sd): Unknown volume
07-14 12:25:31.174 W/MountService(  374): getVolumeState(/storage/extSdCard): Unknown volume
07-14 12:25:31.174 W/MountService(  374): getVolumeState(/storage/sdcard1): Unknown volume
07-14 12:25:31.182 W/MountService(  374): getVolumeState(/mnt/sdcard/external_SD): Unknown volume
07-14 12:25:31.182 W/MountService(  374): getVolumeState(/mnt/sdcard/external_sd): Unknown volume
07-14 12:25:34.221 W/ActivityManager(  374): Activity idle timeout for ActivityRecord{42dc1498 u0 com.pekall.emdm/.market.activity.AppDetailActivity}
07-14 12:25:39.190 I/PowerManagerService(  374): Going to sleep due to screen timeout...
07-14 12:25:39.213 I/PowerManagerService(  374): Waking up from sleep...
07-14 12:25:40.026 D/PhoneStatusBar(  450): disable: < expand icons alerts ticker system_info back home RECENT* clock search >
07-14 12:25:40.440 D/PhoneStatusBar(  450): disable: < expand icons alerts ticker system_info BACK* HOME* RECENT CLOCK* search >
07-14 12:25:41.018 I/WindowManager(  374): Lock screen displayed!
07-14 12:25:42.510 D/PhoneStatusBar(  450): disable: < expand icons alerts ticker system_info BACK HOME recent* CLOCK search >
07-14 12:25:42.604 D/PhoneStatusBar(  450): disable: < expand icons alerts ticker system_info back* home* recent clock* search >
07-14 12:25:42.658 W/InputMethodManagerService(  374): Window already focused, ignoring focus gain of: com.android.internal.view.IInputMethodClient$Stub$Proxy@42bea790 attribute=android.view.inputmethod.EditorInfo@42c8b298, token = android.os.BinderProxy@42b11120
07-14 12:25:47.526 I/ActivityManager(  374): START u0 {act=android.intent.action.VIEW dat=file:///storage/emulated/0/MDM/download/commojimjweather.apk typ=application/vnd.android.package-archive flg=0x10000000 cmp=com.android.packageinstaller/.PackageInstallerActivity} from pid 3494
07-14 12:25:47.698 I/ActivityManager(  374): Start proc com.android.packageinstaller for activity com.android.packageinstaller/.PackageInstallerActivity: pid=5527 uid=10045 gids={50045, 1028}
07-14 12:25:58.612 I/ActivityManager(  374): START u0 {dat=file:///storage/emulated/0/MDM/download/commojimjweather.apk cmp=com.android.packageinstaller/.InstallAppProgress (has extras)} from pid 5527
07-14 12:25:58.901 W/ActivityManager(  374): No content provider found for permission revoke: file:///storage/emulated/0/MDM/download/commojimjweather.apk
07-14 12:26:09.041 I/PackageManager(  374): Verification timed out for file:///storage/emulated/0/MDM/download/commojimjweather.apk
07-14 12:26:09.041 I/PackageManager(  374): Continuing with installation of file:///storage/emulated/0/MDM/download/commojimjweather.apk
07-14 12:26:09.487 W/ActivityManager(  374): No content provider found for permission revoke: file:///storage/emulated/0/MDM/download/commojimjweather.apk
07-14 12:26:09.487 I/PackageManager(  374): Copying native libraries to /data/app-lib/vmdl1172351154
07-14 12:26:13.494 I/PowerManagerService(  374): Going to sleep due to screen timeout...
07-14 12:26:13.502 I/PowerManagerService(  374): Waking up from sleep...
07-14 12:26:14.213 D/PhoneStatusBar(  450): disable: < expand icons alerts ticker system_info back home RECENT* clock search >
07-14 12:26:14.651 D/PhoneStatusBar(  450): disable: < expand icons alerts ticker system_info BACK* HOME* RECENT CLOCK* search >
07-14 12:26:14.838 I/WindowManager(  374): Lock screen displayed!
07-14 12:26:16.229 D/PhoneStatusBar(  450): disable: < expand icons alerts ticker system_info BACK HOME recent* CLOCK search >
07-14 12:26:16.315 W/InputMethodManagerService(  374): Window already focused, ignoring focus gain of: com.android.internal.view.IInputMethodClient$Stub$Proxy@4368a0d8 attribute=android.view.inputmethod.EditorInfo@4368a0e8, token = android.os.BinderProxy@42fd05d8
07-14 12:26:16.315 D/PhoneStatusBar(  450): disable: < expand icons alerts ticker system_info back* home* recent clock* search >
07-14 12:26:17.073 I/ActivityManager(  374): Process com.android.settings (pid 3178) has died.
07-14 12:26:19.174 I/ActivityManager(  374): Force stopping package com.moji.mjweather appid=10082 user=-1
07-14 12:26:19.479 W/PackageManager(  374): Not granting permission android.permission.SEND_DOWNLOAD_COMPLETED_INTENTS to package com.google.android.browser (protectionLevel=2 flags=0x89be45)
07-14 12:26:19.526 W/PackageManager(  374): Not granting permission android.permission.WRITE_SECURE_SETTINGS to package com.qihoo360.mobilesafe.opti.powerctl (protectionLevel=50 flags=0x80be44)
07-14 12:26:19.526 W/PackageManager(  374): Unknown permission android.permission.READ_SETTINGS in package com.qihoo360.mobilesafe.opti.powerctl
07-14 12:26:19.526 W/PackageManager(  374): Not granting permission android.permission.READ_LOGS to package com.qihoo360.mobilesafe.opti.powerctl (protectionLevel=50 flags=0x80be44)
07-14 12:26:19.526 W/PackageManager(  374): Not granting permission android.permission.STATUS_BAR to package com.qihoo360.mobilesafe.opti.powerctl (protectionLevel=18 flags=0x80be44)
07-14 12:26:19.526 W/PackageManager(  374): Unknown permission android.permission.ADD_SYSTEM_SERVICE in package com.android.phone
07-14 12:26:19.533 W/PackageManager(  374): Unknown permission com.android.smspush.WAPPUSH_MANAGER_BIND in package com.android.phone
07-14 12:26:19.541 W/PackageManager(  374): Not granting permission android.permission.READ_LOGS to package com.qihoo.root (protectionLevel=50 flags=0x80be44)
07-14 12:26:19.541 W/PackageManager(  374): Not granting permission android.permission.INSTALL_PACKAGES to package com.qihoo.root (protectionLevel=18 flags=0x80be44)
07-14 12:26:19.541 W/PackageManager(  374): Not granting permission android.permission.DELETE_PACKAGES to package com.qihoo.root (protectionLevel=18 flags=0x80be44)
07-14 12:26:19.549 W/PackageManager(  374): Unknown permission com.android.vending.billing.IBillingAccountService.BIND2 in package com.google.android.gsf.login
07-14 12:26:19.549 W/PackageManager(  374): Unknown permission com.android.chrome.TOS_ACKED in package com.google.android.gsf.login
07-14 12:26:19.557 W/PackageManager(  374): Unknown permission com.android.gallery3d.permission.GALLERY_PROVIDER in package com.android.bluetooth
07-14 12:26:19.557 W/PackageManager(  374): Not granting permission android.permission.INSTALL_PACKAGES to package com.mgyapp.android (protectionLevel=18 flags=0x88be44)
07-14 12:26:19.557 W/PackageManager(  374): Not granting permission android.permission.DELETE_PACKAGES to package com.mgyapp.android (protectionLevel=18 flags=0x88be44)
07-14 12:26:19.557 W/PackageManager(  374): Not granting permission android.permission.FORCE_STOP_PACKAGES to package com.mgyapp.android (protectionLevel=2 flags=0x88be44)
07-14 12:26:19.557 W/PackageManager(  374): Not granting permission android.permission.DELETE_CACHE_FILES to package com.mgyapp.android (protectionLevel=18 flags=0x88be44)
07-14 12:26:19.565 W/PackageManager(  374): Not granting permission android.permission.READ_LOGS to package com.mgyapp.android (protectionLevel=50 flags=0x88be44)
07-14 12:26:19.565 W/PackageManager(  374): Not granting permission android.permission.WRITE_SECURE_SETTINGS to package com.mgyapp.android (protectionLevel=50 flags=0x88be44)
07-14 12:26:19.565 W/PackageManager(  374): Unknown permission android.permission.READ_OWNER_DATA in package com.mgyapp.android
07-14 12:26:19.565 W/PackageManager(  374): Unknown permission android.permission.WRITE_OWNER_DATA in package com.mgyapp.android
07-14 12:26:19.565 W/PackageManager(  374): Not granting permission android.permission.ACCESS_CACHE_FILESYSTEM to package com.mgyapp.android (protectionLevel=18 flags=0x88be44)
07-14 12:26:19.565 W/PackageManager(  374): Not granting permission android.permission.WRITE_APN_SETTINGS to package com.mgyapp.android (protectionLevel=18 flags=0x88be44)
07-14 12:26:19.565 W/PackageManager(  374): Not granting permission android.permission.MOUNT_UNMOUNT_FILESYSTEMS to package com.mgyapp.android (protectionLevel=18 flags=0x88be44)
07-14 12:26:19.565 W/PackageManager(  374): Unknown permission android.permission.RECEIVE_USER_PRESENT in package com.mgyapp.android
07-14 12:26:19.573 W/PackageManager(  374): Not granting permission android.permission.MODIFY_PHONE_STATE to package com.qihoo360.mobilesafe (protectionLevel=18 flags=0x88be44)
07-14 12:26:19.573 W/PackageManager(  374): Not granting permission android.permission.WRITE_SECURE_SETTINGS to package com.qihoo360.mobilesafe (protectionLevel=50 flags=0x88be44)
07-14 12:26:19.573 W/PackageManager(  374): Not granting permission android.permission.WRITE_APN_SETTINGS to package com.qihoo360.mobilesafe (protectionLevel=18 flags=0x88be44)
07-14 12:26:19.580 W/PackageManager(  374): Not granting permission android.permission.READ_LOGS to package com.qihoo360.mobilesafe (protectionLevel=50 flags=0x88be44)
07-14 12:26:19.580 W/PackageManager(  374): Unknown permission com.qihoo360.mobilesafe_lite.permission.FORCE_CLOSE in package com.qihoo360.mobilesafe
07-14 12:26:19.580 W/PackageManager(  374): Unknown permission telecom.mdesk.permission.FORCE_CLOSE in package com.qihoo360.mobilesafe
07-14 12:26:19.580 W/PackageManager(  374): Not granting permission android.permission.INSTALL_PACKAGES to package com.qihoo360.mobilesafe (protectionLevel=18 flags=0x88be44)
07-14 12:26:19.580 W/PackageManager(  374): Not granting permission android.permission.SET_ALWAYS_FINISH to package com.qihoo360.mobilesafe (protectionLevel=50 flags=0x88be44)
07-14 12:26:19.580 W/PackageManager(  374): Unknown permission android.permission.ACCESS_SUPERUSER in package com.qihoo360.mobilesafe
07-14 12:26:19.580 W/PackageManager(  374): Unknown permission com.qihoo360.mobilesafe.shield.permission.broadcast in package com.qihoo360.mobilesafe
07-14 12:26:19.588 W/PackageManager(  374): Unknown permission com.qihoo360.contacts.permission.broadcast in package com.qihoo360.mobilesafe
07-14 12:26:19.588 W/PackageManager(  374): Unknown permission com.qihoo360.privatehome.permission.openAppActivity in package com.qihoo360.mobilesafe
07-14 12:26:19.588 W/PackageManager(  374): Not granting permission android.permission.INSTALL_PACKAGES to package com.qihoo.appstore (protectionLevel=18 flags=0x88be44)
07-14 12:26:19.588 W/PackageManager(  374): Not granting permission android.permission.DELETE_PACKAGES to package com.qihoo.appstore (protectionLevel=18 flags=0x88be44)
07-14 12:26:19.588 W/PackageManager(  374): Not granting permission android.permission.CLEAR_APP_USER_DATA to package com.qihoo.appstore (protectionLevel=2 flags=0x88be44)
07-14 12:26:19.588 W/PackageManager(  374): Not granting permission android.permission.WRITE_MEDIA_STORAGE to package com.qihoo.appstore (protectionLevel=18 flags=0x88be44)
07-14 12:26:19.588 W/PackageManager(  374): Not granting permission android.permission.ACCESS_CACHE_FILESYSTEM to package com.qihoo.appstore (protectionLevel=18 flags=0x88be44)
07-14 12:26:19.596 W/PackageManager(  374): Unknown permission android.permission.READ_OWNER_DATA in package com.qihoo.appstore
07-14 12:26:19.596 W/PackageManager(  374): Unknown permission android.permission.WRITE_OWNER_DATA in package com.qihoo.appstore
07-14 12:26:19.596 W/PackageManager(  374): Not granting permission android.permission.CHANGE_CONFIGURATION to package com.qihoo.appstore (protectionLevel=50 flags=0x88be44)
07-14 12:26:19.596 W/PackageManager(  374): Unknown permission com.htc.launcher.permission.READ_SETTINGS in package com.qihoo.appstore
07-14 12:26:19.596 W/PackageManager(  374): Not granting permission android.permission.DEVICE_POWER to package com.qihoo.appstore (protectionLevel=2 flags=0x88be44)
07-14 12:26:19.596 W/PackageManager(  374): Not granting permission android.permission.MOUNT_UNMOUNT_FILESYSTEMS to package com.qihoo.appstore (protectionLevel=18 flags=0x88be44)
07-14 12:26:19.596 W/PackageManager(  374): Unknown permission com.huaqin.launcherEx.permission.READ_SETTINGS in package com.qihoo.appstore
07-14 12:26:19.596 W/PackageManager(  374): Unknown permission com.huaqin.launcherEx.permission.WRITE_SETTINGS in package com.qihoo.appstore
07-14 12:26:19.596 W/PackageManager(  374): Unknown permission com.android.launcher.permission.READ_PHONE_STATE in package com.qihoo.appstore
07-14 12:26:19.596 W/PackageManager(  374): Unknown permission com.huawei.launcher3.permission.READ_SETTINGS in package com.qihoo.appstore
07-14 12:26:19.596 W/PackageManager(  374): Unknown permission com.qihoo360.launcher.permission.WRITE_SETTINGS in package com.qihoo.appstore
07-14 12:26:19.596 W/PackageManager(  374): Unknown permission com.qihoo360.launcher.permission.READ_SETTINGS in package com.qihoo.appstore
07-14 12:26:19.604 W/PackageManager(  374): Not granting permission android.permission.DEVICE_POWER to package com.google.android.deskclock (protectionLevel=2 flags=0xc8be45)
07-14 12:26:19.604 W/PackageManager(  374): Unknown permission android.permission.READ_OWNER_DATA in package com.google.android.setupwizard
07-14 12:26:19.604 W/PackageManager(  374): Unknown permission android.permission.WRITE_OWNER_DATA in package com.google.android.setupwizard
07-14 12:26:19.612 W/PackageManager(  374): Unknown permission android.permission.ACCESS_MTK_MMHW in package com.qihoo.permroot
07-14 12:26:19.612 W/PackageManager(  374): Unknown permission com.google.android.voicesearch.SHORTCUTS_ACCESS in package com.google.android.googlequicksearchbox
07-14 12:26:19.612 W/PackageManager(  374): Not granting permission android.permission.ACCOUNT_MANAGER to package com.google.android.music (protectionLevel=2 flags=0x88be65)
07-14 12:26:19.612 W/PackageManager(  374): Unknown permission android.permission.READ_OWNER_DATA in package com.nd.assistance
07-14 12:26:19.612 W/PackageManager(  374): Unknown permission android.permission.WRITE_OWNER_DATA in package com.nd.assistance
07-14 12:26:19.612 W/PackageManager(  374): Not granting permission android.permission.DEVICE_POWER to package com.nd.assistance (protectionLevel=2 flags=0x80ae46)
07-14 12:26:19.612 W/PackageManager(  374): Unknown permission com.android.providers.im.permission.READ_ONLY in package com.google.android.apps.maps
07-14 12:26:19.612 W/PackageManager(  374): Unknown permission android.permission.ACCESS_SUPERUSER in package com.jrummy.root.browser
07-14 12:26:19.619 W/PackageManager(  374): Not granting permission android.permission.ACCESS_CHECKIN_PROPERTIES to package com.google.android.apps.googlevoice (protectionLevel=18 flags=0x8be44)
07-14 12:26:19.619 W/PackageManager(  374): Unknown permission com.google.android.apps.googlevoice.REMOTE_INTENT in package com.google.android.apps.googlevoice
07-14 12:26:19.619 W/PackageManager(  374): Unknown permission com.google.android.permission.RECEIVE_DATA_MESSAGE in package com.google.android.apps.googlevoice
07-14 12:26:19.619 W/PackageManager(  374): Unknown permission com.google.android.permission.SEND_DATA_MESSAGE in package com.google.android.apps.googlevoice
07-14 12:26:19.619 W/PackageManager(  374): Unknown permission com.android.providers.voicemail.permission.READ_WRITE_ALL_VOICEMAIL in package com.google.android.apps.googlevoice
07-14 12:26:19.619 W/PackageManager(  374): Unknown permission com.android.providers.voicemail.permission.READ_WRITE_OWN_VOICEMAIL in package com.google.android.apps.googlevoice
07-14 12:26:19.619 W/PackageManager(  374): Not granting permission com.google.android.apps.dashclock.permission.READ_EXTENSION_DATA to package com.betterapps.dashclock (protectionLevel=2 flags=0x8bbe44)
07-14 12:26:19.619 W/PackageManager(  374): Not granting permission android.permission.READ_LOGS to package com.pekall.emdm (protectionLevel=50 flags=0x88be46)
07-14 12:26:19.619 W/PackageManager(  374): Not granting permission android.permission.BIND_APPWIDGET to package com.pekall.emdm (protectionLevel=18 flags=0x88be46)
07-14 12:26:19.619 W/PackageManager(  374): Unknown permission com.pekall.emdm.launcher.permission.READ_SETTINGS in package com.pekall.emdm
07-14 12:26:19.619 W/PackageManager(  374): Unknown permission com.pekall.emdm.launcher.permission.WRITE_SETTINGS in package com.pekall.emdm
07-14 12:26:19.619 W/PackageManager(  374): Not granting permission android.permission.CHANGE_CONFIGURATION to package com.pekall.emdm (protectionLevel=50 flags=0x88be46)
07-14 12:26:19.619 W/PackageManager(  374): Not granting permission android.permission.INSTALL_PACKAGES to package com.pekall.emdm (protectionLevel=18 flags=0x88be46)
07-14 12:26:19.619 W/PackageManager(  374): Unknown permission android.permission.sec.ENTERPRISE_DEVICE_ADMIN in package com.pekall.emdm
07-14 12:26:19.619 W/PackageManager(  374): Unknown permission android.permission.sec.MDM_APP_MGMT in package com.pekall.emdm
07-14 12:26:19.619 W/PackageManager(  374): Unknown permission android.permission.sec.MDM_BLUETOOTH in package com.pekall.emdm
07-14 12:26:19.627 W/PackageManager(  374): Unknown permission android.permission.sec.MDM_INVENTORY in package com.pekall.emdm
07-14 12:26:19.627 W/PackageManager(  374): Unknown permission android.permission.sec.MDM_EXCHANGE in package com.pekall.emdm
07-14 12:26:19.627 W/PackageManager(  374): Unknown permission android.permission.sec.MDM_ROAMING in package com.pekall.emdm
07-14 12:26:19.627 W/PackageManager(  374): Unknown permission android.permission.sec.MDM_WIFI in package com.pekall.emdm
07-14 12:26:19.627 W/PackageManager(  374): Unknown permission android.permission.sec.MDM_SECURITY in package com.pekall.emdm
07-14 12:26:19.627 W/PackageManager(  374): Unknown permission android.permission.sec.MDM_HW_CONTROL in package com.pekall.emdm
07-14 12:26:19.627 W/PackageManager(  374): Unknown permission android.permission.sec.MDM_RESTRICTION in package com.pekall.emdm
07-14 12:26:19.627 W/PackageManager(  374): Unknown permission android.permission.sec.MDM_LOCATION in package com.pekall.emdm
07-14 12:26:19.627 W/PackageManager(  374): Not granting permission android.permission.INTERACT_ACROSS_USERS_FULL to package com.pekall.emdm (protectionLevel=2 flags=0x88be46)
07-14 12:26:19.627 W/PackageManager(  374): Unknown permission android.permission.sec.MDM_CALLING in package com.pekall.emdm
07-14 12:26:19.627 W/PackageManager(  374): Unknown permission android.permission.sec.MDM_EMAIL in package com.pekall.emdm
07-14 12:26:19.627 W/PackageManager(  374): Unknown permission android.permission.sec.MDM_VPN in package com.pekall.emdm
07-14 12:26:19.627 W/PackageManager(  374): Unknown permission android.permission.sec.MDM_APN in package com.pekall.emdm
07-14 12:26:19.627 W/PackageManager(  374): Unknown permission android.permission.sec.MDM_PHONE_RESTRICTION in package com.pekall.emdm
07-14 12:26:19.627 W/PackageManager(  374): Unknown permission android.permission.sec.MDM_BROWSER_SETTINGS in package com.pekall.emdm
07-14 12:26:19.627 W/PackageManager(  374): Unknown permission android.permission.sec.MDM_DATE_TIME in package com.pekall.emdm
07-14 12:26:19.627 W/PackageManager(  374): Unknown permission android.permission.sec.MDM_ENTERPRISE_VPN in package com.pekall.emdm
07-14 12:26:19.627 W/PackageManager(  374): Unknown permission android.permission.sec.MDM_FIREWALL in package com.pekall.emdm
07-14 12:26:19.627 W/PackageManager(  374): Unknown permission android.permission.sec.MDM_APP_PERMISSION_MGMT in package com.pekall.emdm
07-14 12:26:19.627 W/PackageManager(  374): Unknown permission android.permission.sec.MDM_KIOSK_MODE in package com.pekall.emdm
07-14 12:26:19.627 W/PackageManager(  374): Not granting permission android.permission.ACCESS_DOWNLOAD_MANAGER to package com.pekall.emdm (protectionLevel=18 flags=0x88be46)
07-14 12:26:19.627 W/PackageManager(  374): Not granting permission android.permission.SEND_DOWNLOAD_COMPLETED_INTENTS to package com.pekall.emdm (protectionLevel=2 flags=0x88be46)
07-14 12:26:19.627 W/PackageManager(  374): Unknown permission com.pekall.emdm.browser.permission.READ_HISTORY_BOOKMARKS in package com.pekall.emdm
07-14 12:26:19.627 W/PackageManager(  374): Unknown permission com.pekall.emdm.browser.permission.WRITE_HISTORY_BOOKMARKS in package com.pekall.emdm
07-14 12:26:19.627 W/PackageManager(  374): Unknown permission com.pekall.semail.permission.READ_ATTACHMENT in package com.pekall.emdm
07-14 12:26:19.627 W/PackageManager(  374): Unknown permission com.pekall.semail.permission.ACCESS_PROVIDER in package com.pekall.emdm
07-14 12:26:19.627 W/PackageManager(  374): Not granting permission android.permission.WRITE_APN_SETTINGS to package com.dragon.android.pandaspace (protectionLevel=18 flags=0x80be44)
