07-14 12:26:15.783 I/QueryController( 5372): Matched selector: UiSelector[DESCRIPTION=] <<==>> [android.view.accessibility.AccessibilityNodeInfo@14f436; boundsInParent: Rect(0, 0 - 720, 756); boundsInScreen: Rect(0, 547 - 720, 1303); packageName: android; className: android.view.View; text: null; contentDescription: ; viewIdResName: android:id/glow_pad_view; checkable: false; checked: false; focusable: false; focused: false; selected: false; clickable: false; longClickable: false; enabled: true; password: false; scrollable: false; [ACTION_SELECT, ACTION_CLEAR_SELECTION, ACTION_ACCESSIBILITY_FOCUS, ACTION_NEXT_AT_MOVEMENT_GRANULARITY, ACTION_PREVIOUS_AT_MOVEMENT_GRANULARITY, ACTION_SET_SELECTION]]
07-14 12:26:15.799 D/dalvikvm( 5372): GC_CONCURRENT freed 331K, 55% free 656K/1456K, paused 2ms+1ms, total 13ms
07-14 12:26:15.807 W/GlowPadView(  374): The number of target drawables must be equal to the number of direction descriptions.
07-14 12:26:15.885 D/AndroidRuntime( 5563): Calling main entry com.qihoo360.powerctl.root.app.App
07-14 12:26:15.885 D/AndroidRuntime( 5563): Shutting down VM
07-14 12:26:15.885 I/AndroidRuntime( 5563): NOTE: attach of thread 'Binder_1' failed
07-14 12:26:15.885 D/dalvikvm( 5563): GC_CONCURRENT freed 114K, 22% free 467K/592K, paused 0ms+0ms, total 3ms
07-14 12:26:15.940 D/dalvikvm(  374): GC_CONCURRENT freed 3525K, 14% free 22762K/26336K, paused 7ms+18ms, total 319ms
07-14 12:26:15.948 D/dalvikvm(  374): WAIT_FOR_CONCURRENT_GC blocked 119ms
07-14 12:26:16.229 D/PhoneStatusBar(  450): disable: < expand icons alerts ticker system_info BACK HOME recent* CLOCK search >
07-14 12:26:16.283 D/NfcService(  582): NFC-C ON
07-14 12:26:16.315 W/InputMethodManagerService(  374): Window already focused, ignoring focus gain of: com.android.internal.view.IInputMethodClient$Stub$Proxy@4368a0d8 attribute=android.view.inputmethod.EditorInfo@4368a0e8, token = android.os.BinderProxy@42fd05d8
07-14 12:26:16.315 D/PhoneStatusBar(  450): disable: < expand icons alerts ticker system_info back* home* recent clock* search >
07-14 12:26:16.487 D/dalvikvm(  374): GC_FOR_ALLOC freed 3678K, 15% free 22414K/26336K, paused 140ms, total 140ms
07-14 12:26:16.783 V/TAG     (  374): bug 7643792: fitSystemWindows([0,50][0,0])
07-14 12:26:16.971 D/AndroidRuntime( 5585): 
07-14 12:26:16.971 D/AndroidRuntime( 5585): >>>>>> AndroidRuntime START com.android.internal.os.RuntimeInit <<<<<<
07-14 12:26:16.971 D/AndroidRuntime( 5585): CheckJNI is OFF
07-14 12:26:16.987 D/dalvikvm( 5585): Trying to load lib libjavacore.so 0x0
07-14 12:26:16.994 D/dalvikvm( 5585): Added shared lib libjavacore.so 0x0
07-14 12:26:17.010 D/dalvikvm( 5585): Trying to load lib libnativehelper.so 0x0
07-14 12:26:17.010 D/dalvikvm( 5585): Added shared lib libnativehelper.so 0x0
07-14 12:26:17.041 D/dalvikvm( 5527): GC_CONCURRENT freed 968K, 30% free 9225K/13100K, paused 10ms+7ms, total 78ms
07-14 12:26:17.073 I/ActivityManager(  374): Process com.android.settings (pid 3178) has died.
07-14 12:26:17.088 D/dalvikvm( 5372): GC_CONCURRENT freed 432K, 59% free 607K/1456K, paused 2ms+1ms, total 10ms
07-14 12:26:17.307 D/AndroidRuntime( 5585): Calling main entry com.qihoo360.powerctl.root.app.App
07-14 12:26:17.307 D/AndroidRuntime( 5585): Shutting down VM
07-14 12:26:17.307 I/AndroidRuntime( 5585): NOTE: attach of thread 'Binder_1' failed
07-14 12:26:17.315 D/dalvikvm( 5585): GC_CONCURRENT freed 114K, 22% free 467K/592K, paused 1ms+1ms, total 4ms
07-14 12:26:17.362 D/dalvikvm( 5372): GC_CONCURRENT freed 404K, 59% free 604K/1456K, paused 0ms+0ms, total 7ms
07-14 12:26:17.416 I/PackageManager(  374): Running dexopt on: com.moji.mjweather
07-14 12:26:17.580 D/dalvikvm( 5372): GC_CONCURRENT freed 388K, 59% free 601K/1456K, paused 1ms+0ms, total 13ms
07-14 12:26:17.830 D/dalvikvm( 5372): GC_CONCURRENT freed 388K, 59% free 604K/1456K, paused 2ms+0ms, total 13ms
07-14 12:26:17.994 D/dalvikvm( 5372): GC_CONCURRENT freed 386K, 59% free 606K/1456K, paused 1ms+1ms, total 9ms
07-14 12:26:18.166 D/dalvikvm( 5372): GC_CONCURRENT freed 388K, 59% free 603K/1456K, paused 1ms+0ms, total 7ms
07-14 12:26:18.307 D/dalvikvm( 5594): DexOpt: 'Landroid/net/http/SslError;' has an earlier definition; blocking out
07-14 12:26:18.346 D/dalvikvm( 5372): GC_CONCURRENT freed 389K, 59% free 604K/1456K, paused 2ms+0ms, total 9ms
07-14 12:26:18.408 D/dalvikvm( 5527): GC_CONCURRENT freed 398K, 30% free 9228K/13100K, paused 2ms+7ms, total 57ms
07-14 12:26:18.432 W/dalvikvm( 5594): method Lcom/actionbarsherlock/internal/widget/IcsLinearLayout;.drawDividersHorizontal incorrectly overrides package-private method with same name in Landroid/widget/LinearLayout;
07-14 12:26:18.432 W/dalvikvm( 5594): method Lcom/actionbarsherlock/internal/widget/IcsLinearLayout;.drawDividersVertical incorrectly overrides package-private method with same name in Landroid/widget/LinearLayout;
07-14 12:26:18.432 W/dalvikvm( 5594): method Lcom/actionbarsherlock/internal/widget/IcsLinearLayout;.drawHorizontalDivider incorrectly overrides package-private method with same name in Landroid/widget/LinearLayout;
07-14 12:26:18.432 W/dalvikvm( 5594): method Lcom/actionbarsherlock/internal/widget/IcsLinearLayout;.drawVerticalDivider incorrectly overrides package-private method with same name in Landroid/widget/LinearLayout;
07-14 12:26:18.557 D/dalvikvm( 5372): GC_CONCURRENT freed 386K, 59% free 606K/1456K, paused 2ms+1ms, total 10ms
07-14 12:26:18.737 D/dalvikvm( 5372): GC_CONCURRENT freed 388K, 59% free 603K/1456K, paused 1ms+0ms, total 7ms
07-14 12:26:18.885 D/dalvikvm( 5594): DexOpt: not verifying/optimizing 'Landroid/net/http/SslError;': multiple definitions
07-14 12:26:18.932 D/dalvikvm( 5372): GC_CONCURRENT freed 386K, 59% free 605K/1456K, paused 2ms+1ms, total 9ms
07-14 12:26:18.979 D/dalvikvm( 5594): DexOpt: load 586ms, verify+opt 89ms, 4232804 bytes
07-14 12:26:19.119 D/dalvikvm( 5372): GC_CONCURRENT freed 391K, 59% free 605K/1456K, paused 2ms+1ms, total 11ms
07-14 12:26:19.174 I/ActivityManager(  374): Force stopping package com.moji.mjweather appid=10082 user=-1
07-14 12:26:19.276 D/dalvikvm( 5372): GC_CONCURRENT freed 391K, 59% free 601K/1456K, paused 1ms+1ms, total 8ms
07-14 12:26:19.432 D/dalvikvm( 5372): GC_CONCURRENT freed 385K, 59% free 604K/1456K, paused 2ms+1ms, total 13ms
07-14 12:26:19.479 W/PackageManager(  374): Not granting permission android.permission.SEND_DOWNLOAD_COMPLETED_INTENTS to package com.google.android.browser (protectionLevel=2 flags=0x89be45)
07-14 12:26:19.510 D/dalvikvm( 5527): GC_CONCURRENT freed 397K, 30% free 9222K/13100K, paused 2ms+3ms, total 34ms
07-14 12:26:19.526 W/PackageManager(  374): Not granting permission android.permission.WRITE_SECURE_SETTINGS to package com.qihoo360.mobilesafe.opti.powerctl (protectionLevel=50 flags=0x80be44)
07-14 12:26:19.526 W/PackageManager(  374): Unknown permission android.permission.READ_SETTINGS in package com.qihoo360.mobilesafe.opti.powerctl
07-14 12:26:19.526 W/PackageManager(  374): Not granting permission android.permission.READ_LOGS to package com.qihoo360.mobilesafe.opti.powerctl (protectionLevel=50 flags=0x80be44)
07-14 12:26:19.526 W/PackageManager(  374): Not granting permission android.permission.STATUS_BAR to package com.qihoo360.mobilesafe.opti.powerctl (protectionLevel=18 flags=0x80be44)
07-14 12:26:19.526 W/PackageManager(  374): Unknown permission android.permission.ADD_SYSTEM_SERVICE in package com.android.phone
07-14 12:26:19.533 W/PackageManager(  374): Unknown permission com.android.smspush.WAPPUSH_MANAGER_BIND in package com.android.phone
07-14 12:26:19.541 W/PackageManager(  374): Not granting permission android.permission.READ_LOGS to package com.qihoo.root (protectionLevel=50 flags=0x80be44)
07-14 12:26:19.541 W/PackageManager(  374): Not granting permission android.permission.INSTALL_PACKAGES to package com.qihoo.root (protectionLevel=18 flags=0x80be44)
07-14 12:26:19.541 W/PackageManager(  374): Not granting permission android.permission.DELETE_PACKAGES to package com.qihoo.root (protectionLevel=18 flags=0x80be44)
07-14 12:26:19.549 W/PackageManager(  374): Unknown permission com.android.vending.billing.IBillingAccountService.BIND2 in package com.google.android.gsf.login
07-14 12:26:19.549 W/PackageManager(  374): Unknown permission com.android.chrome.TOS_ACKED in package com.google.android.gsf.login
07-14 12:26:19.557 W/PackageManager(  374): Unknown permission com.android.gallery3d.permission.GALLERY_PROVIDER in package com.android.bluetooth
07-14 12:26:19.557 W/PackageManager(  374): Not granting permission android.permission.INSTALL_PACKAGES to package com.mgyapp.android (protectionLevel=18 flags=0x88be44)
07-14 12:26:19.557 W/PackageManager(  374): Not granting permission android.permission.DELETE_PACKAGES to package com.mgyapp.android (protectionLevel=18 flags=0x88be44)
07-14 12:26:19.557 W/PackageManager(  374): Not granting permission android.permission.FORCE_STOP_PACKAGES to package com.mgyapp.android (protectionLevel=2 flags=0x88be44)
07-14 12:26:19.557 W/PackageManager(  374): Not granting permission android.permission.DELETE_CACHE_FILES to package com.mgyapp.android (protectionLevel=18 flags=0x88be44)
07-14 12:26:19.565 W/PackageManager(  374): Not granting permission android.permission.READ_LOGS to package com.mgyapp.android (protectionLevel=50 flags=0x88be44)
07-14 12:26:19.565 W/PackageManager(  374): Not granting permission android.permission.WRITE_SECURE_SETTINGS to package com.mgyapp.android (protectionLevel=50 flags=0x88be44)
07-14 12:26:19.565 W/PackageManager(  374): Unknown permission android.permission.READ_OWNER_DATA in package com.mgyapp.android
07-14 12:26:19.565 W/PackageManager(  374): Unknown permission android.permission.WRITE_OWNER_DATA in package com.mgyapp.android
07-14 12:26:19.565 W/PackageManager(  374): Not granting permission android.permission.ACCESS_CACHE_FILESYSTEM to package com.mgyapp.android (protectionLevel=18 flags=0x88be44)
07-14 12:26:19.565 W/PackageManager(  374): Not granting permission android.permission.WRITE_APN_SETTINGS to package com.mgyapp.android (protectionLevel=18 flags=0x88be44)
07-14 12:26:19.565 W/PackageManager(  374): Not granting permission android.permission.MOUNT_UNMOUNT_FILESYSTEMS to package com.mgyapp.android (protectionLevel=18 flags=0x88be44)
07-14 12:26:19.565 W/PackageManager(  374): Unknown permission android.permission.RECEIVE_USER_PRESENT in package com.mgyapp.android
07-14 12:26:19.573 W/PackageManager(  374): Not granting permission android.permission.MODIFY_PHONE_STATE to package com.qihoo360.mobilesafe (protectionLevel=18 flags=0x88be44)
07-14 12:26:19.573 W/PackageManager(  374): Not granting permission android.permission.WRITE_SECURE_SETTINGS to package com.qihoo360.mobilesafe (protectionLevel=50 flags=0x88be44)
07-14 12:26:19.573 W/PackageManager(  374): Not granting permission android.permission.WRITE_APN_SETTINGS to package com.qihoo360.mobilesafe (protectionLevel=18 flags=0x88be44)
07-14 12:26:19.580 W/PackageManager(  374): Not granting permission android.permission.READ_LOGS to package com.qihoo360.mobilesafe (protectionLevel=50 flags=0x88be44)
07-14 12:26:19.580 W/PackageManager(  374): Unknown permission com.qihoo360.mobilesafe_lite.permission.FORCE_CLOSE in package com.qihoo360.mobilesafe
07-14 12:26:19.580 W/PackageManager(  374): Unknown permission telecom.mdesk.permission.FORCE_CLOSE in package com.qihoo360.mobilesafe
07-14 12:26:19.580 W/PackageManager(  374): Not granting permission android.permission.INSTALL_PACKAGES to package com.qihoo360.mobilesafe (protectionLevel=18 flags=0x88be44)
07-14 12:26:19.580 W/PackageManager(  374): Not granting permission android.permission.SET_ALWAYS_FINISH to package com.qihoo360.mobilesafe (protectionLevel=50 flags=0x88be44)
07-14 12:26:19.580 W/PackageManager(  374): Unknown permission android.permission.ACCESS_SUPERUSER in package com.qihoo360.mobilesafe
07-14 12:26:19.580 W/PackageManager(  374): Unknown permission com.qihoo360.mobilesafe.shield.permission.broadcast in package com.qihoo360.mobilesafe
07-14 12:26:19.588 W/PackageManager(  374): Unknown permission com.qihoo360.contacts.permission.broadcast in package com.qihoo360.mobilesafe
07-14 12:26:19.588 W/PackageManager(  374): Unknown permission com.qihoo360.privatehome.permission.openAppActivity in package com.qihoo360.mobilesafe
07-14 12:26:19.588 W/PackageManager(  374): Not granting permission android.permission.INSTALL_PACKAGES to package com.qihoo.appstore (protectionLevel=18 flags=0x88be44)
07-14 12:26:19.588 W/PackageManager(  374): Not granting permission android.permission.DELETE_PACKAGES to package com.qihoo.appstore (protectionLevel=18 flags=0x88be44)
07-14 12:26:19.588 W/PackageManager(  374): Not granting permission android.permission.CLEAR_APP_USER_DATA to package com.qihoo.appstore (protectionLevel=2 flags=0x88be44)
07-14 12:26:19.588 W/PackageManager(  374): Not granting permission android.permission.WRITE_MEDIA_STORAGE to package com.qihoo.appstore (protectionLevel=18 flags=0x88be44)
07-14 12:26:19.588 W/PackageManager(  374): Not granting permission android.permission.ACCESS_CACHE_FILESYSTEM to package com.qihoo.appstore (protectionLevel=18 flags=0x88be44)
07-14 12:26:19.596 W/PackageManager(  374): Unknown permission android.permission.READ_OWNER_DATA in package com.qihoo.appstore
07-14 12:26:19.596 W/PackageManager(  374): Unknown permission android.permission.WRITE_OWNER_DATA in package com.qihoo.appstore
07-14 12:26:19.596 W/PackageManager(  374): Not granting permission android.permission.CHANGE_CONFIGURATION to package com.qihoo.appstore (protectionLevel=50 flags=0x88be44)
07-14 12:26:19.596 W/PackageManager(  374): Unknown permission com.htc.launcher.permission.READ_SETTINGS in package com.qihoo.appstore
07-14 12:26:19.596 W/PackageManager(  374): Not granting permission android.permission.DEVICE_POWER to package com.qihoo.appstore (protectionLevel=2 flags=0x88be44)
07-14 12:26:19.596 W/PackageManager(  374): Not granting permission android.permission.MOUNT_UNMOUNT_FILESYSTEMS to package com.qihoo.appstore (protectionLevel=18 flags=0x88be44)
07-14 12:26:19.596 W/PackageManager(  374): Unknown permission com.huaqin.launcherEx.permission.READ_SETTINGS in package com.qihoo.appstore
07-14 12:26:19.596 W/PackageManager(  374): Unknown permission com.huaqin.launcherEx.permission.WRITE_SETTINGS in package com.qihoo.appstore
07-14 12:26:19.596 W/PackageManager(  374): Unknown permission com.android.launcher.permission.READ_PHONE_STATE in package com.qihoo.appstore
07-14 12:26:19.596 W/PackageManager(  374): Unknown permission com.huawei.launcher3.permission.READ_SETTINGS in package com.qihoo.appstore
07-14 12:26:19.596 W/PackageManager(  374): Unknown permission com.qihoo360.launcher.permission.WRITE_SETTINGS in package com.qihoo.appstore
07-14 12:26:19.596 W/PackageManager(  374): Unknown permission com.qihoo360.launcher.permission.READ_SETTINGS in package com.qihoo.appstore
07-14 12:26:19.604 D/dalvikvm( 5372): GC_CONCURRENT freed 386K, 59% free 603K/1456K, paused 2ms+0ms, total 8ms
07-14 12:26:19.604 W/PackageManager(  374): Not granting permission android.permission.DEVICE_POWER to package com.google.android.deskclock (protectionLevel=2 flags=0xc8be45)
07-14 12:26:19.604 W/PackageManager(  374): Unknown permission android.permission.READ_OWNER_DATA in package com.google.android.setupwizard
07-14 12:26:19.604 W/PackageManager(  374): Unknown permission android.permission.WRITE_OWNER_DATA in package com.google.android.setupwizard
07-14 12:26:19.612 W/PackageManager(  374): Unknown permission android.permission.ACCESS_MTK_MMHW in package com.qihoo.permroot
07-14 12:26:19.612 W/PackageManager(  374): Unknown permission com.google.android.voicesearch.SHORTCUTS_ACCESS in package com.google.android.googlequicksearchbox
07-14 12:26:19.612 W/PackageManager(  374): Not granting permission android.permission.ACCOUNT_MANAGER to package com.google.android.music (protectionLevel=2 flags=0x88be65)
07-14 12:26:19.612 W/PackageManager(  374): Unknown permission android.permission.READ_OWNER_DATA in package com.nd.assistance
07-14 12:26:19.612 W/PackageManager(  374): Unknown permission android.permission.WRITE_OWNER_DATA in package com.nd.assistance
07-14 12:26:19.612 W/PackageManager(  374): Not granting permission android.permission.DEVICE_POWER to package com.nd.assistance (protectionLevel=2 flags=0x80ae46)
07-14 12:26:19.612 W/PackageManager(  374): Unknown permission com.android.providers.im.permission.READ_ONLY in package com.google.android.apps.maps
07-14 12:26:19.612 W/PackageManager(  374): Unknown permission android.permission.ACCESS_SUPERUSER in package com.jrummy.root.browser
07-14 12:26:19.619 W/PackageManager(  374): Not granting permission android.permission.ACCESS_CHECKIN_PROPERTIES to package com.google.android.apps.googlevoice (protectionLevel=18 flags=0x8be44)
07-14 12:26:19.619 W/PackageManager(  374): Unknown permission com.google.android.apps.googlevoice.REMOTE_INTENT in package com.google.android.apps.googlevoice
07-14 12:26:19.619 W/PackageManager(  374): Unknown permission com.google.android.permission.RECEIVE_DATA_MESSAGE in package com.google.android.apps.googlevoice
07-14 12:26:19.619 W/PackageManager(  374): Unknown permission com.google.android.permission.SEND_DATA_MESSAGE in package com.google.android.apps.googlevoice
07-14 12:26:19.619 W/PackageManager(  374): Unknown permission com.android.providers.voicemail.permission.READ_WRITE_ALL_VOICEMAIL in package com.google.android.apps.googlevoice
07-14 12:26:19.619 W/PackageManager(  374): Unknown permission com.android.providers.voicemail.permission.READ_WRITE_OWN_VOICEMAIL in package com.google.android.apps.googlevoice
07-14 12:26:19.619 W/PackageManager(  374): Not granting permission com.google.android.apps.dashclock.permission.READ_EXTENSION_DATA to package com.betterapps.dashclock (protectionLevel=2 flags=0x8bbe44)
07-14 12:26:19.619 W/PackageManager(  374): Not granting permission android.permission.READ_LOGS to package com.pekall.emdm (protectionLevel=50 flags=0x88be46)
07-14 12:26:19.619 W/PackageManager(  374): Not granting permission android.permission.BIND_APPWIDGET to package com.pekall.emdm (protectionLevel=18 flags=0x88be46)
07-14 12:26:19.619 W/PackageManager(  374): Unknown permission com.pekall.emdm.launcher.permission.READ_SETTINGS in package com.pekall.emdm
07-14 12:26:19.619 W/PackageManager(  374): Unknown permission com.pekall.emdm.launcher.permission.WRITE_SETTINGS in package com.pekall.emdm
07-14 12:26:19.619 W/PackageManager(  374): Not granting permission android.permission.CHANGE_CONFIGURATION to package com.pekall.emdm (protectionLevel=50 flags=0x88be46)
07-14 12:26:19.619 W/PackageManager(  374): Not granting permission android.permission.INSTALL_PACKAGES to package com.pekall.emdm (protectionLevel=18 flags=0x88be46)
07-14 12:26:19.619 W/PackageManager(  374): Unknown permission android.permission.sec.ENTERPRISE_DEVICE_ADMIN in package com.pekall.emdm
07-14 12:26:19.619 W/PackageManager(  374): Unknown permission android.permission.sec.MDM_APP_MGMT in package com.pekall.emdm
07-14 12:26:19.619 W/PackageManager(  374): Unknown permission android.permission.sec.MDM_BLUETOOTH in package com.pekall.emdm
07-14 12:26:19.627 W/PackageManager(  374): Unknown permission android.permission.sec.MDM_INVENTORY in package com.pekall.emdm
07-14 12:26:19.627 W/PackageManager(  374): Unknown permission android.permission.sec.MDM_EXCHANGE in package com.pekall.emdm
07-14 12:26:19.627 W/PackageManager(  374): Unknown permission android.permission.sec.MDM_ROAMING in package com.pekall.emdm
07-14 12:26:19.627 W/PackageManager(  374): Unknown permission android.permission.sec.MDM_WIFI in package com.pekall.emdm
07-14 12:26:19.627 W/PackageManager(  374): Unknown permission android.permission.sec.MDM_SECURITY in package com.pekall.emdm
07-14 12:26:19.627 W/PackageManager(  374): Unknown permission android.permission.sec.MDM_HW_CONTROL in package com.pekall.emdm
07-14 12:26:19.627 W/PackageManager(  374): Unknown permission android.permission.sec.MDM_RESTRICTION in package com.pekall.emdm
07-14 12:26:19.627 W/PackageManager(  374): Unknown permission android.permission.sec.MDM_LOCATION in package com.pekall.emdm
07-14 12:26:19.627 W/PackageManager(  374): Not granting permission android.permission.INTERACT_ACROSS_USERS_FULL to package com.pekall.emdm (protectionLevel=2 flags=0x88be46)
07-14 12:26:19.627 W/PackageManager(  374): Unknown permission android.permission.sec.MDM_CALLING in package com.pekall.emdm
07-14 12:26:19.627 W/PackageManager(  374): Unknown permission android.permission.sec.MDM_EMAIL in package com.pekall.emdm
07-14 12:26:19.627 W/PackageManager(  374): Unknown permission android.permission.sec.MDM_VPN in package com.pekall.emdm
07-14 12:26:19.627 W/PackageManager(  374): Unknown permission android.permission.sec.MDM_APN in package com.pekall.emdm
07-14 12:26:19.627 W/PackageManager(  374): Unknown permission android.permission.sec.MDM_PHONE_RESTRICTION in package com.pekall.emdm
07-14 12:26:19.627 W/PackageManager(  374): Unknown permission android.permission.sec.MDM_BROWSER_SETTINGS in package com.pekall.emdm
07-14 12:26:19.627 W/PackageManager(  374): Unknown permission android.permission.sec.MDM_DATE_TIME in package com.pekall.emdm
07-14 12:26:19.627 W/PackageManager(  374): Unknown permission android.permission.sec.MDM_ENTERPRISE_VPN in package com.pekall.emdm
07-14 12:26:19.627 W/PackageManager(  374): Unknown permission android.permission.sec.MDM_FIREWALL in package com.pekall.emdm
07-14 12:26:19.627 W/PackageManager(  374): Unknown permission android.permission.sec.MDM_APP_PERMISSION_MGMT in package com.pekall.emdm
07-14 12:26:19.627 W/PackageManager(  374): Unknown permission android.permission.sec.MDM_KIOSK_MODE in package com.pekall.emdm
07-14 12:26:19.627 W/PackageManager(  374): Not granting permission android.permission.ACCESS_DOWNLOAD_MANAGER to package com.pekall.emdm (protectionLevel=18 flags=0x88be46)
07-14 12:26:19.627 W/PackageManager(  374): Not granting permission android.permission.SEND_DOWNLOAD_COMPLETED_INTENTS to package com.pekall.emdm (protectionLevel=2 flags=0x88be46)
07-14 12:26:19.627 W/PackageManager(  374): Unknown permission com.pekall.emdm.browser.permission.READ_HISTORY_BOOKMARKS in package com.pekall.emdm
07-14 12:26:19.627 W/PackageManager(  374): Unknown permission com.pekall.emdm.browser.permission.WRITE_HISTORY_BOOKMARKS in package com.pekall.emdm
07-14 12:26:19.627 W/PackageManager(  374): Unknown permission com.pekall.semail.permission.READ_ATTACHMENT in package com.pekall.emdm
07-14 12:26:19.627 W/PackageManager(  374): Unknown permission com.pekall.semail.permission.ACCESS_PROVIDER in package com.pekall.emdm
07-14 12:26:19.627 W/PackageManager(  374): Not granting permission android.permission.WRITE_APN_SETTINGS to package com.dragon.android.pandaspace (protectionLevel=18 flags=0x80be44)
07-14 12:26:19.635 W/PackageManager(  374): Not granting permission android.permission.INSTALL_PACKAGES to package com.dragon.android.pandaspace (protectionLevel=18 flags=0x80be44)
07-14 12:26:19.635 W/PackageManager(  374): Not granting permission android.permission.CHANGE_CONFIGURATION to package com.dragon.android.pandaspace (protectionLevel=50 flags=0x80be44)
07-14 12:26:19.635 W/PackageManager(  374): Not granting permission android.permission.READ_LOGS to package com.dragon.android.pandaspace (protectionLevel=50 flags=0x80be44)
07-14 12:26:19.635 W/PackageManager(  374): Not granting permission android.permission.PACKAGE_USAGE_STATS to package com.dragon.android.pandaspace (protectionLevel=18 flags=0x80be44)
07-14 12:26:19.635 W/PackageManager(  374): Not granting permission android.permission.MOUNT_UNMOUNT_FILESYSTEMS to package com.dragon.android.pandaspace (protectionLevel=18 flags=0x80be44)
07-14 12:26:19.635 W/PackageManager(  374): Not granting permission android.permission.SET_ACTIVITY_WATCHER to package com.dragon.android.pandaspace (protectionLevel=2 flags=0x80be44)
07-14 12:26:19.635 W/PackageManager(  374): Not granting permission android.permission.DELETE_PACKAGES to package com.dragon.android.pandaspace (protectionLevel=18 flags=0x80be44)
07-14 12:26:19.635 W/PackageManager(  374): Not granting permission android.permission.CHANGE_COMPONENT_ENABLED_STATE to package com.dragon.android.pandaspace (protectionLevel=18 flags=0x80be44)
07-14 12:26:19.635 W/PackageManager(  374): Not granting permission android.permission.SEND_DOWNLOAD_COMPLETED_INTENTS to package com.android.vending (protectionLevel=2 flags=0x8abe45)
07-14 12:26:19.635 W/PackageManager(  374): Unknown permission android.permission.SEND_SMS_NO_CONFIRMATION in package com.android.vending
07-14 12:26:19.643 W/PackageManager(  374): Unknown permission android.permission.ACCESS_SUPERUSER in package com.speedsoftware.rootexplorer
07-14 12:26:19.643 W/PackageManager(  374): Not granting permission android.permission.WRITE_SECURE_SETTINGS to package com.pekall.nmefc (protectionLevel=50 flags=0x88be44)
07-14 12:26:19.643 W/PackageManager(  374): Unknown permission android.permission.ACCESS_GPS in package com.pekall.nmefc
07-14 12:26:19.643 W/PackageManager(  374): Unknown permission android.permission.BAIDU_LOCATION_SERVICE in package com.pekall.nmefc
07-14 12:26:19.643 W/PackageManager(  374): Not granting permission android.permission.MOUNT_UNMOUNT_FILESYSTEMS to package com.pekall.nmefc (protectionLevel=18 flags=0x88be44)
07-14 12:26:19.651 W/PackageManager(  374): Not granting permission android.permission.READ_DREAM_STATE to package com.google.android.gsf (protectionLevel=2 flags=0x883e45)
07-14 12:26:19.658 W/PackageManager(  374): Unknown permission android.permission.RECEIVE_USER_PRESENT in package com.moji.mjweather
07-14 12:26:19.658 W/PackageManager(  374): Not granting permission android.permission.INTERACT_ACROSS_USERS_FULL to package com.moji.mjweather (protectionLevel=2 flags=0x18be44)
07-14 12:26:19.658 W/PackageManager(  374): Not granting permission android.permission.MOUNT_UNMOUNT_FILESYSTEMS to package com.moji.mjweather (protectionLevel=18 flags=0x18be44)
07-14 12:26:19.658 W/PackageManager(  374): Not granting permission android.permission.READ_LOGS to package com.moji.mjweather (protectionLevel=50 flags=0x18be44)
07-14 12:26:19.752 D/dalvikvm( 5372): GC_CONCURRENT freed 394K, 59% free 599K/1456K, paused 2ms+0ms, total 7ms
07-14 12:26:20.166 D/dalvikvm( 1990): GC_CONCURRENT freed 574K, 15% free 9270K/10828K, paused 71ms+3ms, total 130ms
07-14 12:26:20.221 D/dalvikvm(  636): Trying to load lib /data/data/com.qihoo360.mobilesafe/lib/libsc.so 0x4280cdd0
07-14 12:26:20.229 D/dalvikvm(  636): Added shared lib /data/data/com.qihoo360.mobilesafe/lib/libsc.so 0x4280cdd0
07-14 12:26:20.229 D/dalvikvm(  636): No JNI_OnLoad found in /data/data/com.qihoo360.mobilesafe/lib/libsc.so 0x4280cdd0, skipping init
07-14 12:26:20.244 D/dalvikvm( 2037): GC_CONCURRENT freed 432K, 20% free 9606K/11956K, paused 3ms+13ms, total 67ms
07-14 12:26:20.283 I/InputReader(  374): Reconfiguring input devices.  changes=0x00000010
07-14 12:26:20.354 D/dalvikvm( 5372): GC_CONCURRENT freed 381K, 59% free 603K/1456K, paused 2ms+1ms, total 9ms
07-14 12:26:20.557 I/Launcher(  595): Deferring update until onResume
07-14 12:26:20.604 D/dalvikvm(  636): GC_CONCURRENT freed 1162K, 10% free 12666K/13984K, paused 4ms+31ms, total 160ms
07-14 12:26:20.612 I/ActivityManager(  374): Start proc com.qihoo360.mobilesafe for service com.qihoo360.mobilesafe/.service.GuardDelegateService: pid=5600 uid=10072 gids={50072, 3003, 1015, 3001, 3002, 1006, 1028}
07-14 12:26:20.643 D/dalvikvm(  125): GC_EXPLICIT freed 40K, 1% free 8921K/9000K, paused 2ms+4ms, total 42ms
07-14 12:26:20.674 D/dalvikvm(  125): GC_EXPLICIT freed <1K, 1% free 8921K/9000K, paused 2ms+3ms, total 28ms
07-14 12:26:20.713 D/dalvikvm(  636): Trying to load lib /data/data/com.qihoo360.mobilesafe/files/libmobilesafe360_clear-jni-1.3.so 0x42b6e4c0
07-14 12:26:20.713 D/dalvikvm(  125): GC_EXPLICIT freed <1K, 1% free 8921K/9000K, paused 2ms+4ms, total 37ms
07-14 12:26:20.721 D/dalvikvm(  636): Added shared lib /data/data/com.qihoo360.mobilesafe/files/libmobilesafe360_clear-jni-1.3.so 0x42b6e4c0
07-14 12:26:20.760 D/dalvikvm( 5372): GC_CONCURRENT freed 388K, 59% free 603K/1456K, paused 1ms+0ms, total 11ms
07-14 12:26:20.846 I/ActivityManager(  374): Start proc com.qihoo360.mobilesafe:scan for service com.qihoo360.mobilesafe/com.qihoo.security.services.DeepScanService: pid=5612 uid=10072 gids={50072, 3003, 1015, 3001, 3002, 1006, 1028}
07-14 12:26:21.018 I/MobileSafeApplication( 5600): runtime.process.name=com.qihoo360.mobilesafe
07-14 12:26:21.026 I/MobileSafeApplication( 5600): process ui=true persist=false crash=false contact=false barcode=false permm=false
07-14 12:26:21.033 I/MobileSafeApplication( 5600): use ipc_pref, try load
07-14 12:26:21.041 D/dalvikvm( 5600): Trying to load lib /data/data/com.qihoo360.mobilesafe/files/so_libs/libipc_pref.520.1.so 0x42812b30
07-14 12:26:21.049 I/ipc_pref( 5600): [RegisterJniFunctions:19]	RegisterJniFunction methods count: 10
07-14 12:26:21.049 I/ipc_pref( 5600): 
07-14 12:26:21.049 D/dalvikvm( 5600): Added shared lib /data/data/com.qihoo360.mobilesafe/files/so_libs/libipc_pref.520.1.so 0x42812b30
07-14 12:26:21.049 I/ipc_pref( 5600): [JNI_OnLoad:43]	JNI_OnLoad
07-14 12:26:21.049 I/ipc_pref( 5600): 
07-14 12:26:21.065 I/MobileSafeApplication( 5612): runtime.process.name=com.qihoo360.mobilesafe:scan
07-14 12:26:21.065 I/ipc_pref( 5600): [init:19]	init /data/data/com.qihoo360.mobilesafe/shared_prefs/ipc_pref
07-14 12:26:21.065 I/ipc_pref( 5600): 
07-14 12:26:21.065 I/ipc_pref( 5600): [init:45]	/data/data/com.qihoo360.mobilesafe/shared_prefs/ipc_pref
07-14 12:26:21.065 I/ipc_pref( 5600): 
07-14 12:26:21.065 I/MobileSafeApplication( 5612): process ui=false persist=false crash=false contact=false barcode=false permm=false
07-14 12:26:21.073 I/MobileSafeApplication( 5612): use ipc_pref, try load
07-14 12:26:21.151 I/MobileSafeApplication( 5600): use ipc_pref, loaded
07-14 12:26:21.151 D/dalvikvm( 5372): GC_CONCURRENT freed 392K, 59% free 599K/1456K, paused 2ms+0ms, total 9ms
07-14 12:26:21.151 D/dalvikvm( 5612): Trying to load lib /data/data/com.qihoo360.mobilesafe/files/so_libs/libipc_pref.520.1.so 0x42808ad8
07-14 12:26:21.158 I/ipc_pref( 5612): [RegisterJniFunctions:19]	RegisterJniFunction methods count: 10
07-14 12:26:21.158 I/ipc_pref( 5612): 
07-14 12:26:21.158 D/dalvikvm( 5612): Added shared lib /data/data/com.qihoo360.mobilesafe/files/so_libs/libipc_pref.520.1.so 0x42808ad8
07-14 12:26:21.158 I/ipc_pref( 5612): [JNI_OnLoad:43]	JNI_OnLoad
07-14 12:26:21.158 I/ipc_pref( 5612): 
07-14 12:26:21.158 I/ipc_pref( 5612): [init:19]	init /data/data/com.qihoo360.mobilesafe/shared_prefs/ipc_pref
07-14 12:26:21.158 I/ipc_pref( 5612): 
07-14 12:26:21.158 I/ipc_pref( 5612): [init:45]	/data/data/com.qihoo360.mobilesafe/shared_prefs/ipc_pref
07-14 12:26:21.158 I/ipc_pref( 5612): 
07-14 12:26:21.166 I/MobileSafeApplication( 5612): use ipc_pref, loaded
07-14 12:26:21.205 D/dalvikvm( 5612): Trying to load lib /data/data/com.qihoo360.mobilesafe/files/so_libs/libbreakpad-jni-1.0.so 0x42808ad8
07-14 12:26:21.213 D/dalvikvm( 5612): Added shared lib /data/data/com.qihoo360.mobilesafe/files/so_libs/libbreakpad-jni-1.0.so 0x42808ad8
07-14 12:26:21.213 D/dalvikvm( 5612): No JNI_OnLoad found in /data/data/com.qihoo360.mobilesafe/files/so_libs/libbreakpad-jni-1.0.so 0x42808ad8, skipping init
07-14 12:26:21.213 D/CrashHandler( 5612): path = /data/data/com.qihoo360.mobilesafe/files/native_crash
07-14 12:26:21.237 D/dalvikvm( 5612): Trying to load lib /data/data/com.qihoo360.mobilesafe/lib/libcloudscan-1.0.0.so 0x42808ad8
07-14 12:26:21.276 D/dalvikvm( 5612): Added shared lib /data/data/com.qihoo360.mobilesafe/lib/libcloudscan-1.0.0.so 0x42808ad8
07-14 12:26:21.323 I/ActivityManager(  374): Start proc com.qihoo360.mobilesafe:engine for service com.qihoo360.mobilesafe/com.qihoo.security.services.ScanEngineService: pid=5627 uid=10072 gids={50072, 3003, 1015, 3001, 3002, 1006, 1028}
07-14 12:26:21.354 D/dalvikvm( 5600): Trying to load lib /data/data/com.qihoo360.mobilesafe/files/so_libs/libbreakpad-jni-1.0.so 0x42812b30
07-14 12:26:21.354 D/dalvikvm( 5600): Added shared lib /data/data/com.qihoo360.mobilesafe/files/so_libs/libbreakpad-jni-1.0.so 0x42812b30
07-14 12:26:21.354 D/dalvikvm( 5600): No JNI_OnLoad found in /data/data/com.qihoo360.mobilesafe/files/so_libs/libbreakpad-jni-1.0.so 0x42812b30, skipping init
07-14 12:26:21.354 D/CrashHandler( 5600): path = /data/data/com.qihoo360.mobilesafe/files/native_crash
07-14 12:26:21.408 D/dalvikvm( 5600): GC_CONCURRENT freed 266K, 4% free 9091K/9396K, paused 15ms+2ms, total 49ms
07-14 12:26:21.416 I/NativeManager( 5600): wait native manager ...
07-14 12:26:21.416 D/dalvikvm( 5600): Trying to load lib /data/data/com.qihoo360.mobilesafe/files/so_libs/libmobilesafe360-jni-520.2.so 0x42812b30
07-14 12:26:21.448 D/dalvikvm( 5600): Added shared lib /data/data/com.qihoo360.mobilesafe/files/so_libs/libmobilesafe360-jni-520.2.so 0x42812b30
07-14 12:26:21.455 D/MobileSafeApplication( 5600): -- not cold launch...
07-14 12:26:21.463 I/ipc_pref( 5600): [open:30]	open /data/data/com.qihoo360.mobilesafe/shared_prefs/com.qihoo360.mobilesafe_preferences.xml
07-14 12:26:21.463 I/ipc_pref( 5600): 
07-14 12:26:21.479 I/MobileSafeApplication( 5627): runtime.process.name=com.qihoo360.mobilesafe:engine
07-14 12:26:21.479 I/MobileSafeApplication( 5627): process ui=false persist=false crash=false contact=false barcode=false permm=false
07-14 12:26:21.487 D/dalvikvm( 5372): GC_CONCURRENT freed 383K, 59% free 603K/1456K, paused 2ms+1ms, total 15ms
07-14 12:26:21.510 I/MobileSafeApplication( 5627): use ipc_pref, try load
07-14 12:26:21.518 D/dalvikvm( 5627): Trying to load lib /data/data/com.qihoo360.mobilesafe/files/so_libs/libipc_pref.520.1.so 0x428099b8
07-14 12:26:21.526 I/ipc_pref( 5627): [RegisterJniFunctions:19]	RegisterJniFunction methods count: 10
07-14 12:26:21.526 I/ipc_pref( 5627): 
07-14 12:26:21.533 D/dalvikvm( 5627): Added shared lib /data/data/com.qihoo360.mobilesafe/files/so_libs/libipc_pref.520.1.so 0x428099b8
07-14 12:26:21.533 I/ipc_pref( 5627): [JNI_OnLoad:43]	JNI_OnLoad
07-14 12:26:21.533 I/ipc_pref( 5627): 
07-14 12:26:21.533 I/ipc_pref( 5627): [init:19]	init /data/data/com.qihoo360.mobilesafe/shared_prefs/ipc_pref
07-14 12:26:21.533 I/ipc_pref( 5627): 
07-14 12:26:21.533 I/ipc_pref( 5627): [init:45]	/data/data/com.qihoo360.mobilesafe/shared_prefs/ipc_pref
07-14 12:26:21.533 I/ipc_pref( 5627): 
07-14 12:26:21.533 I/MobileSafeApplication( 5627): use ipc_pref, loaded
07-14 12:26:21.541 W/Settings( 5600): Setting always_finish_activities has moved from android.provider.Settings.System to android.provider.Settings.Global, returning read-only value.
07-14 12:26:21.549 D/BackupManagerService(  374): Received broadcast Intent { act=android.intent.action.PACKAGE_ADDED dat=package:com.moji.mjweather flg=0x8000010 (has extras) }
07-14 12:26:21.565 V/BackupManagerService(  374): addPackageParticipantsLocked: #1
07-14 12:26:21.573 I/ipc_pref( 5600): [open:30]	open /data/data/com.qihoo360.mobilesafe/shared_prefs/upgrade_pref.xml
07-14 12:26:21.573 I/ipc_pref( 5600): 
07-14 12:26:21.619 D/dalvikvm( 5627): Trying to load lib /data/data/com.qihoo360.mobilesafe/files/so_libs/libbreakpad-jni-1.0.so 0x428099b8
07-14 12:26:21.635 D/dalvikvm( 5627): Added shared lib /data/data/com.qihoo360.mobilesafe/files/so_libs/libbreakpad-jni-1.0.so 0x428099b8
07-14 12:26:21.635 D/dalvikvm( 5627): No JNI_OnLoad found in /data/data/com.qihoo360.mobilesafe/files/so_libs/libbreakpad-jni-1.0.so 0x428099b8, skipping init
07-14 12:26:21.635 D/CrashHandler( 5627): path = /data/data/com.qihoo360.mobilesafe/files/native_crash
07-14 12:26:21.651 D/dalvikvm( 5627): Trying to load lib /data/data/com.qihoo360.mobilesafe/lib/libdejavu-2.1.0.so 0x428099b8
07-14 12:26:21.658 D/dalvikvm( 5627): Added shared lib /data/data/com.qihoo360.mobilesafe/lib/libdejavu-2.1.0.so 0x428099b8
07-14 12:26:21.658 D/dalvikvm( 5627): Trying to load lib /data/data/com.qihoo360.mobilesafe/lib/libqvmwrapper-1.0.0.so 0x428099b8
07-14 12:26:21.666 D/dalvikvm( 5627): Added shared lib /data/data/com.qihoo360.mobilesafe/lib/libqvmwrapper-1.0.0.so 0x428099b8
07-14 12:26:21.666 D/dalvikvm( 5627): Trying to load lib /data/data/com.qihoo360.mobilesafe/lib/libcloudscan-1.0.0.so 0x428099b8
07-14 12:26:21.674 D/dalvikvm( 5627): Added shared lib /data/data/com.qihoo360.mobilesafe/lib/libcloudscan-1.0.0.so 0x428099b8
07-14 12:26:21.737 W/MountService(  374): getVolumeState(/storage/emulated/0/external_sd): Unknown volume
07-14 12:26:21.760 D/dalvikvm( 5527): GC_CONCURRENT freed 393K, 30% free 9224K/13100K, paused 2ms+4ms, total 57ms
07-14 12:26:21.791 W/MountService(  374): getVolumeState(/mnt/sdcard-ext): Unknown volume
07-14 12:26:21.799 I/Launcher(  595): Deferring update until onResume
07-14 12:26:21.799 I/Launcher(  595): Deferring update until onResume
07-14 12:26:21.908 D/dalvikvm( 5600): GC_CONCURRENT freed 302K, 4% free 9237K/9576K, paused 2ms+7ms, total 55ms
07-14 12:26:22.002 I/ActivityManager(  374): Start proc com.google.android.partnersetup for broadcast com.google.android.partnersetup/.RlzPingBroadcastReceiver: pid=5650 uid=10027 gids={50027, 3003, 1028}
07-14 12:26:22.080 D/dalvikvm( 5627): GC_CONCURRENT freed 235K, 3% free 9145K/9416K, paused 4ms+3ms, total 99ms
07-14 12:26:22.385 D/dalvikvm( 5372): GC_CONCURRENT freed 394K, 59% free 604K/1456K, paused 1ms+1ms, total 9ms
07-14 12:26:22.408 I/ActivityManager(  374): Start proc com.android.musicfx for broadcast com.android.musicfx/.Compatibility$Receiver: pid=5668 uid=10042 gids={50042, 3003, 3002, 1028}
07-14 12:26:22.432 D/dalvikvm( 2037): GC_CONCURRENT freed 513K, 20% free 9605K/11956K, paused 55ms+206ms, total 775ms
07-14 12:26:22.448 D/dalvikvm( 2037): WAIT_FOR_CONCURRENT_GC blocked 726ms
07-14 12:26:22.455 D/dalvikvm( 2037): WAIT_FOR_CONCURRENT_GC blocked 693ms
07-14 12:26:22.463 D/dalvikvm( 2037): WAIT_FOR_CONCURRENT_GC blocked 673ms
07-14 12:26:22.487 D/dalvikvm( 5090): GC_CONCURRENT freed 291K, 4% free 9957K/10300K, paused 5ms+3ms, total 271ms
07-14 12:26:22.487 W/MountService(  374): getVolumeState(/mnt/ext_sdcard): Unknown volume
07-14 12:26:22.487 W/MountService(  374): getVolumeState(/mnt/sdcard2): Unknown volume
07-14 12:26:22.487 W/MountService(  374): getVolumeState(/mnt/emmc): Unknown volume
07-14 12:26:22.518 W/MountService(  374): getVolumeState(/mnt/extSdCard): Unknown volume
07-14 12:26:22.526 W/MountService(  374): getVolumeState(/mnt/sdcard/SD_CARD): Unknown volume
07-14 12:26:22.526 W/MountService(  374): getVolumeState(/mnt/sdcard/extra_sd): Unknown volume
07-14 12:26:22.526 W/MountService(  374): getVolumeState(/mnt/extrasd_bind): Unknown volume
07-14 12:26:22.526 W/MountService(  374): getVolumeState(/mnt/sdcard/ext_sd): Unknown volume
07-14 12:26:22.565 W/MountService(  374): getVolumeState(/storage/extSdCard): Unknown volume
07-14 12:26:22.573 W/MountService(  374): getVolumeState(/storage/sdcard1): Unknown volume
07-14 12:26:22.580 W/MountService(  374): getVolumeState(/mnt/sdcard/external_SD): Unknown volume
07-14 12:26:22.580 W/MountService(  374): getVolumeState(/mnt/sdcard/external_sd): Unknown volume
07-14 12:26:22.658 D/dalvikvm( 5372): GC_CONCURRENT freed 388K, 59% free 603K/1456K, paused 2ms+1ms, total 8ms
07-14 12:26:22.807 D/dalvikvm( 5372): GC_CONCURRENT freed 392K, 59% free 599K/1456K, paused 1ms+1ms, total 7ms
07-14 12:26:22.940 D/dalvikvm( 2221): GC_CONCURRENT freed 333K, 4% free 9739K/10108K, paused 177ms+27ms, total 727ms
07-14 12:26:23.104 D/dalvikvm( 5372): GC_CONCURRENT freed 383K, 59% free 603K/1456K, paused 2ms+1ms, total 9ms
07-14 12:26:23.244 D/dalvikvm( 5600): TRACE stop requested, but not running
07-14 12:26:23.369 D/dalvikvm( 1990): GC_CONCURRENT freed 375K, 15% free 9289K/10828K, paused 6ms+4ms, total 77ms
07-14 12:26:23.401 I/ipc_pref( 5600): [open:30]	open /data/data/com.qihoo360.mobilesafe/shared_prefs/shield_pref.xml
07-14 12:26:23.401 I/ipc_pref( 5600): 
07-14 12:26:23.440 I/FWL.PkgCoreBase( 5600): loading /data/data/com.qihoo360.mobilesafe/files/appmgr.apk ...
07-14 12:26:23.596 I/dex     ( 5600): load /data/data/com.qihoo360.mobilesafe/files/appmgr.apk ...
07-14 12:26:23.604 I/dex     ( 5600): load /data/data/com.qihoo360.mobilesafe/files/appmgr.apk = dalvik.system.DexClassLoader[DexPathList[[zip file "/data/data/com.qihoo360.mobilesafe/files/appmgr.apk"],nativeLibraryDirectories=[/vendor/lib, /system/lib]]]
07-14 12:26:23.643 I/FWL.PkgCoreBase( 5600): loading ok
07-14 12:26:23.643 D/dalvikvm( 2037): GC_CONCURRENT freed 348K, 19% free 9765K/11956K, paused 65ms+18ms, total 424ms
07-14 12:26:23.651 D/dalvikvm( 2037): WAIT_FOR_CONCURRENT_GC blocked 266ms
07-14 12:26:23.658 D/dalvikvm( 5600): GC_CONCURRENT freed 280K, 3% free 9506K/9784K, paused 136ms+6ms, total 202ms
07-14 12:26:23.994 D/mdm_log ( 3494): [null:-1]->action is : android.intent.action.PACKAGE_ADDED
07-14 12:26:24.010 D/dalvikvm( 5372): GC_CONCURRENT freed 392K, 59% free 605K/1456K, paused 2ms+1ms, total 15ms
07-14 12:26:24.174 D/dalvikvm( 3453): GC_CONCURRENT freed 331K, 4% free 9142K/9508K, paused 13ms+33ms, total 268ms
07-14 12:26:24.229 D/dalvikvm( 5372): GC_CONCURRENT freed 388K, 59% free 603K/1456K, paused 1ms+1ms, total 8ms
07-14 12:26:24.338 D/DB      ( 3494): query: SQLiteQuery: SELECT * FROM app WHERE readStatus =0
07-14 12:26:24.338 D/DB      ( 3494): factory null
07-14 12:26:24.338 D/DB      ( 3494): fillWindow: 0
07-14 12:26:24.346 D/DB      ( 3494): cursor 0
07-14 12:26:24.346 D/DB      ( 3494): query: SQLiteQuery: SELECT * FROM app WHERE type = 51107
07-14 12:26:24.346 D/DB      ( 3494): factory null
07-14 12:26:24.346 D/DB      ( 3494): fillWindow: 0
07-14 12:26:24.346 D/DB      ( 3494): cursor 1
07-14 12:26:24.346 E/Mdm     ( 3494): Call Mdm service's recordIconCount function
07-14 12:26:24.385 D/dalvikvm( 5600): GC_CONCURRENT freed 309K, 4% free 9644K/9992K, paused 5ms+25ms, total 264ms
07-14 12:26:24.393 D/DB      ( 3494): query: SQLiteQuery: SELECT appUUID, status FROM app WHERE status=4 AND uploadStatus=0
07-14 12:26:24.416 D/DB      ( 3494): factory null
07-14 12:26:24.424 D/DB      ( 3494): fillWindow: 0
07-14 12:26:24.424 D/DB      ( 3494): cursor 1
07-14 12:26:24.440 D/DB      ( 3494): moveToPos: 0
07-14 12:26:24.440 D/DB      ( 3494): onMove: 0
07-14 12:26:24.448 D/DB      ( 3494): moveToPos: 1
07-14 12:26:24.549 D/dalvikvm( 5527): GC_CONCURRENT freed 393K, 30% free 9221K/13100K, paused 20ms+3ms, total 60ms
07-14 12:26:24.580 D/dalvikvm( 5372): GC_CONCURRENT freed 392K, 59% free 599K/1456K, paused 0ms+0ms, total 10ms
07-14 12:26:24.635 E/Mdm     ( 3494): Call Mdm service's upLoadDocStatus function, request id: 1
07-14 12:26:24.713 I/TransInfo( 3494): TransInfo created, id: 18, class: class com.pekall.emdm.transaction.b.q
07-14 12:26:24.713 D/NetworkThread( 3494): [null:-1]->----isRunning-----true
07-14 12:26:24.721 D/NetworkThread( 3494): [null:-1]->----isRunning-----true
07-14 12:26:24.721 D/NetworkThread( 3494): [null:-1]->thread wakeup
07-14 12:26:24.729 D/HttpClient( 3494): enable apache.http debug
07-14 12:26:24.752 V/DEBUG   ( 3494): HTTP 0
07-14 12:26:24.760 D/dalvikvm( 5372): GC_CONCURRENT freed 383K, 59% free 603K/1456K, paused 2ms+0ms, total 8ms
07-14 12:26:24.760 D/DB      ( 3494): moveToPos: 0
07-14 12:26:24.815 D/DB      ( 3494): onMove: 0
07-14 12:26:24.846 D/dalvikvm( 5723): Late-enabling CheckJNI
07-14 12:26:24.846 I/ActivityManager(  374): Start proc com.noshufou.android.su for broadcast com.noshufou.android.su/.InstallReceiver: pid=5723 uid=10077 gids={50077, 3003, 1015, 1028}
07-14 12:26:24.877 D/DB      ( 3494): moveToPos: 1
07-14 12:26:24.885 I/dalvikvm( 5723): Turning on JNI app bug workarounds for target SDK version 11...
07-14 12:26:24.940 W/MountService(  374): getVolumeState(/storage/emulated/0/external_sd): Unknown volume
07-14 12:26:24.940 W/MountService(  374): getVolumeState(/mnt/sdcard-ext): Unknown volume
07-14 12:26:24.940 W/MountService(  374): getVolumeState(/mnt/ext_sdcard): Unknown volume
07-14 12:26:24.948 W/MountService(  374): getVolumeState(/mnt/sdcard2): Unknown volume
07-14 12:26:24.948 W/MountService(  374): getVolumeState(/mnt/emmc): Unknown volume
07-14 12:26:24.948 W/MountService(  374): getVolumeState(/mnt/extSdCard): Unknown volume
07-14 12:26:24.948 W/MountService(  374): getVolumeState(/mnt/sdcard/SD_CARD): Unknown volume
07-14 12:26:24.955 W/MountService(  374): getVolumeState(/mnt/sdcard/extra_sd): Unknown volume
07-14 12:26:24.955 W/MountService(  374): getVolumeState(/mnt/extrasd_bind): Unknown volume
07-14 12:26:24.955 W/MountService(  374): getVolumeState(/mnt/sdcard/ext_sd): Unknown volume
07-14 12:26:24.955 W/MountService(  374): getVolumeState(/storage/extSdCard): Unknown volume
07-14 12:26:24.955 W/MountService(  374): getVolumeState(/storage/sdcard1): Unknown volume
07-14 12:26:24.963 W/MountService(  374): getVolumeState(/mnt/sdcard/external_SD): Unknown volume
07-14 12:26:24.971 W/MountService(  374): getVolumeState(/mnt/sdcard/external_sd): Unknown volume
07-14 12:26:25.010 D/dalvikvm( 5372): GC_CONCURRENT freed 394K, 59% free 600K/1456K, paused 8ms+1ms, total 16ms
07-14 12:26:25.018 I/ActivityManager(  374): No longer want com.google.android.gsf.login (pid 3267): empty #17
07-14 12:26:25.080 W/Settings( 5600): Setting android_id has moved from android.provider.Settings.System to android.provider.Settings.Secure, returning read-only value.
07-14 12:26:25.213 D/dalvikvm( 5372): GC_CONCURRENT freed 382K, 59% free 603K/1456K, paused 2ms+1ms, total 9ms
07-14 12:26:25.401 D/dalvikvm( 5372): GC_CONCURRENT freed 388K, 59% free 603K/1456K, paused 1ms+1ms, total 8ms
07-14 12:26:25.432 I/PeopleDatabaseHelper( 3453): cleanUpNonGplusAccounts done.
07-14 12:26:25.533 D/dalvikvm( 2037): GC_CONCURRENT freed 655K, 20% free 9619K/11956K, paused 57ms+76ms, total 545ms
07-14 12:26:25.565 D/dalvikvm( 2037): WAIT_FOR_CONCURRENT_GC blocked 182ms
07-14 12:26:25.658 D/dalvikvm( 5372): GC_CONCURRENT freed 388K, 59% free 603K/1456K, paused 1ms+0ms, total 10ms
07-14 12:26:25.705 I/ActivityManager(  374): No longer want net.nurik.roman.dashclock (pid 1158): empty #17
07-14 12:26:25.729 W/ActivityManager(  374): Scheduling restart of crashed service net.nurik.roman.dashclock/com.google.android.apps.dashclock.DashClockService in 5000ms
07-14 12:26:25.854 D/dalvikvm( 5372): GC_CONCURRENT freed 388K, 59% free 604K/1456K, paused 1ms+1ms, total 8ms
07-14 12:26:25.916 D/dalvikvm( 5527): GC_CONCURRENT freed 388K, 30% free 9222K/13100K, paused 17ms+8ms, total 59ms
07-14 12:26:26.057 W/PackageParser(  636): No actions in intent filter at /storage/emulated/0/Download/emmp.apk Binary XML file line #687
07-14 12:26:26.073 D/dalvikvm( 5372): GC_CONCURRENT freed 388K, 59% free 603K/1456K, paused 2ms+1ms, total 10ms
07-14 12:26:26.252 D/dalvikvm( 5372): GC_CONCURRENT freed 388K, 59% free 603K/1456K, paused 1ms+0ms, total 8ms
07-14 12:26:26.291 W/PackageParser(  636): No actions in intent filter at /storage/emulated/0/Download/emmp-1.apk Binary XML file line #687
07-14 12:26:26.354 V/DEBUG   ( 3494): HTTP 1
07-14 12:26:26.362 D/NetworkThread( 3494): [null:-1]->queue is empty, thread wait...
07-14 12:26:26.682 W/PackageParser(  636): No actions in intent filter at /storage/emulated/0/360Download/Pekall.apk Binary XML file line #685
07-14 12:26:26.752 D/dalvikvm( 5372): GC_CONCURRENT freed 388K, 59% free 603K/1456K, paused 2ms+1ms, total 13ms
07-14 12:26:27.158 I/Choreographer( 3494): Skipped 79 frames!  The application may be doing too much work on its main thread.
07-14 12:26:27.158 D/MDM :   ( 3494): [null:-1]->Got trans result.
07-14 12:26:27.158 D/MDM :   ( 3494): [null:-1]->Trigger client's callback, request id: 1
07-14 12:26:27.166 D/Mdm     ( 3494): Receive trans result, request id: 1
07-14 12:26:27.190 D/dalvikvm( 5372): GC_CONCURRENT freed 388K, 59% free 603K/1456K, paused 2ms+1ms, total 11ms
07-14 12:26:27.229 D/dalvikvm(  636): GC_CONCURRENT freed 775K, 7% free 13144K/14036K, paused 35ms+16ms, total 248ms
07-14 12:26:27.229 D/dalvikvm(  636): WAIT_FOR_CONCURRENT_GC blocked 65ms
07-14 12:26:27.237 W/PackageParser(  636): Unknown element under <application>: intent-filter at /storage/emulated/0/360MobileSafe_5.2.3.1061.apk Binary XML file line #1165
07-14 12:26:27.260 W/PackageParser(  636): Unknown element under <application>: intent-filter at /storage/emulated/0/360MobileSafe_5.2.3.1061.apk Binary XML file line #1423
07-14 12:26:27.362 D/dalvikvm( 5372): GC_CONCURRENT freed 388K, 59% free 606K/1456K, paused 2ms+1ms, total 9ms
07-14 12:26:27.393 I/ipc_pref( 5600): [open:30]	open /data/data/com.qihoo360.mobilesafe/shared_prefs/adblock_pref.xml
07-14 12:26:27.393 I/ipc_pref( 5600): 
07-14 12:26:27.440 D/dalvikvm( 1990): GC_CONCURRENT freed 391K, 15% free 9306K/10828K, paused 29ms+2ms, total 282ms
07-14 12:26:27.463 D/dalvikvm( 2060): GC_CONCURRENT freed 583K, 14% free 13914K/16172K, paused 54ms+7ms, total 591ms
07-14 12:26:27.463 D/dalvikvm( 2060): WAIT_FOR_CONCURRENT_GC blocked 177ms
07-14 12:26:27.463 D/dalvikvm( 2060): WAIT_FOR_CONCURRENT_GC blocked 229ms
07-14 12:26:27.510 I/TransInfo( 3494): TransInfo created, id: 5, class: class com.pekall.emdm.transaction.b.p
07-14 12:26:27.510 D/NetworkThread( 3494): [null:-1]->----isRunning-----true
07-14 12:26:27.510 D/NetworkThread( 3494): [null:-1]->----isRunning-----true
07-14 12:26:27.510 D/NetworkThread( 3494): [null:-1]->thread wakeup
07-14 12:26:27.510 D/HttpClient( 3494): enable apache.http debug
07-14 12:26:27.526 V/DEBUG   ( 3494): HTTP 0
07-14 12:26:27.588 D/dalvikvm( 5600): GC_CONCURRENT freed 374K, 5% free 9703K/10116K, paused 189ms+7ms, total 378ms
07-14 12:26:27.627 D/dalvikvm( 1052): GC_CONCURRENT freed 365K, 10% free 10066K/11168K, paused 176ms+9ms, total 259ms
