--------- beginning of /dev/log/system
07-14 11:51:46.948 I/ActivityManager(  374): Start proc com.qihoo.appstore for service com.qihoo.appstore/.express.DownloadCoreService: pid=2060 uid=10064 gids={50064, 3003, 1015, 3002, 1006, 3001, 1028}
07-14 11:51:47.104 I/ActivityManager(  374): Start proc com.android.settings for broadcast com.android.settings/.widget.SettingsAppWidgetProvider: pid=2080 uid=1000 gids={41000, 1015, 1028, 3002, 3001, 3003, 3007}
07-14 11:51:47.198 W/ContextImpl( 2080): Calling a method in the system process without a qualified user: android.app.ContextImpl.bindService:1439 android.content.ContextWrapper.bindService:496 android.bluetooth.BluetoothInputDevice.<init>:240 android.bluetooth.BluetoothAdapter.getProfileProxy:1168 com.android.settings.bluetooth.LocalBluetoothAdapter.getProfileProxy:94 
07-14 11:51:47.205 W/ContextImpl( 2080): Calling a method in the system process without a qualified user: android.app.ContextImpl.bindService:1439 android.content.ContextWrapper.bindService:496 android.bluetooth.BluetoothPan.<init>:141 android.bluetooth.BluetoothAdapter.getProfileProxy:1171 com.android.settings.bluetooth.PanProfile.<init>:73 
07-14 11:51:47.213 W/ContextImpl( 2080): Calling a method in the system process without a qualified user: android.app.ContextImpl.bindService:1439 android.content.ContextWrapper.bindService:496 android.bluetooth.BluetoothPbap.<init>:161 com.android.settings.bluetooth.PbapServerProfile.<init>:68 com.android.settings.bluetooth.LocalBluetoothProfileManager.<init>:124 
07-14 11:51:47.244 I/ActivityManager(  374): No longer want com.google.android.configupdater (pid 1545): empty #17
07-14 11:51:47.721 W/ActivityManager(  374): Permission denied: checkComponentPermission() owningUid=10009
07-14 11:51:47.721 W/BroadcastQueue(  374): Permission Denial: broadcasting Intent { act=com.google.android.location.internal.server.ACTION_RESTARTED flg=0x10 } from com.google.android.apps.maps (pid=835, uid=10038) is not exported from uid 10009 due to receiver com.google.android.gms/com.google.android.location.reporting.service.ExternalChangeReceiver
07-14 11:51:47.768 I/ActivityManager(  374): Start proc com.google.android.apps.maps for broadcast com.google.android.apps.maps/com.google.android.location.internal.NlpNetworkProviderSettingsUpdateReceiver: pid=2108 uid=10038 gids={50038, 3003, 1015, 1028}
07-14 11:51:47.971 I/ActivityManager(  374): No longer want com.android.providers.calendar (pid 1218): empty #17
07-14 11:51:48.838 I/ActivityManager(  374): Start proc com.android.providers.calendar for content provider com.android.providers.calendar/.CalendarProvider2: pid=2138 uid=10007 gids={50007, 3003, 1015, 1028}
07-14 11:51:49.494 I/ActivityManager(  374): Start proc com.google.android.gallery3d for broadcast com.google.android.gallery3d/com.google.android.picasasync.ConnectivityReceiver: pid=2155 uid=10019 gids={50019, 1006, 3003, 1015, 1028}
07-14 11:51:49.565 W/ActivityManager(  374): Unable to start service Intent { act=com.google.android.gms.analytics.service.START (has extras) } U=0: not found
07-14 11:51:49.744 I/ActivityManager(  374): Start proc com.google.android.apps.uploader for broadcast com.google.android.apps.uploader/com.google.android.picasasync.ConnectivityReceiver: pid=2179 uid=10039 gids={50039, 3003, 1015, 1028}
07-14 11:51:49.815 I/ActivityManager(  374): No longer want com.google.android.onetimeinitializer (pid 1700): empty #17
07-14 11:51:49.830 I/ActivityManager(  374): Start proc com.google.android.apps.plus for broadcast com.google.android.apps.plus/.service.ConnectivityReceiver: pid=2193 uid=10048 gids={50048, 3003, 3002, 1015, 1006, 1028}
07-14 11:51:50.057 I/ActivityManager(  374): No longer want com.google.android.apps.genie.geniewidget (pid 1637): empty #17
07-14 11:51:50.104 I/ActivityManager(  374): No longer want com.google.android.gm (pid 1666): empty #17
07-14 11:51:51.237 I/ActivityManager(  374): No longer want android.process.acore (pid 550): empty #17
07-14 11:51:51.549 I/ActivityManager(  374): Start proc android.process.acore for content provider com.android.providers.contacts/.ContactsProvider2: pid=2221 uid=10000 gids={50000, 3003, 1015, 1028}
07-14 11:51:52.057 I/ActivityManager(  374): Start proc com.google.android.gm for broadcast com.google.android.gm/.MailIntentReceiver: pid=2246 uid=10021 gids={50021, 3003, 1015, 1028}
07-14 11:51:52.151 D/ActivityThread( 2246): Loading provider com.android.gmail.ui: com.google.android.gm.provider.UiProvider
07-14 11:51:52.330 I/ActivityManager(  374): Start proc com.google.android.apps.maps:LocationFriendService for broadcast com.google.android.apps.maps/com.google.googlenav.friend.reporting.LocationReportingIntentReceiver: pid=2264 uid=10038 gids={50038, 3003, 1015, 1028}
07-14 11:51:52.369 I/ActivityManager(  374): No longer want com.google.android.talk (pid 1743): empty #17
07-14 11:51:52.557 I/ActivityManager(  374): Start proc com.google.android.music:main for broadcast com.google.android.music/.store.MediaStoreImportService$Receiver: pid=2282 uid=10041 gids={50041, 3003, 1015, 1028}
07-14 11:51:52.557 I/ActivityManager(  374): No longer want com.android.onetimeinitializer (pid 1819): empty #17
07-14 11:51:52.948 I/ActivityManager(  374): Start proc com.qihoo.root for broadcast com.qihoo.root/.SuRequestReceiver: pid=2304 uid=10078 gids={50078, 1015, 3003, 1028}
07-14 11:51:53.143 I/ActivityManager(  374): START u0 {flg=0x10000000 cmp=com.qihoo.root/.SuRequestActivity (has extras)} from pid 2304
07-14 11:51:53.448 I/WindowManager(  374): Screenshot max retries 4 of Token{42bc3e70 ActivityRecord{42d83350 u0 com.android.launcher/com.android.launcher2.Launcher}} appWin=Window{42d56a50 u0 com.android.launcher/com.android.launcher2.Launcher} drawState=4
07-14 11:51:53.448 W/WindowManager(  374): Screenshot failure taking screenshot for (720x1280) to layer 21000
07-14 11:51:54.627 W/ActivityManager(  374): Unable to start service Intent { act=com.google.android.gms.analytics.service.START (has extras) } U=0: not found
07-14 11:51:54.737 W/ActivityManager(  374): Unable to start service Intent { act=com.google.android.gms.analytics.service.START (has extras) } U=0: not found
07-14 11:51:55.119 I/ActivityManager(  374): No longer want com.google.android.exchange (pid 1618): empty #17
07-14 11:51:56.143 I/ActivityManager(  374): No longer want com.google.android.email (pid 1594): empty #17
07-14 11:51:59.760 W/ActivityManager(  374): Unable to start service Intent { act=com.google.android.gms.analytics.service.START (has extras) } U=0: not found
07-14 11:52:01.354 I/PowerManagerService(  374): Going to sleep due to screen timeout...
07-14 11:52:01.979 I/ActivityManager(  374): No longer want com.google.android.partnersetup (pid 1720): empty #17
07-14 11:52:02.174 I/WindowManager(  374): Lock screen displayed!
07-14 11:52:02.494 I/ActivityManager(  374): Start proc com.qihoo360.mobilesafe:contacts for broadcast com.qihoo360.mobilesafe/com.qihoo360.contacts.skin.engine.SkinAutoDownloadReceiver: pid=2443 uid=10072 gids={50072, 3003, 1015, 3001, 3002, 1006, 1028}
07-14 11:52:03.205 I/WindowManager(  374): Screenshot max retries 4 of Token{42d6f988 ActivityRecord{42a4be08 u0 com.qihoo.root/.SuRequestActivity}} appWin=Window{42d1ab98 u0 com.qihoo.root/com.qihoo.root.SuRequestActivity} drawState=4
07-14 11:52:03.205 W/WindowManager(  374): Screenshot failure taking screenshot for (720x1280) to layer 21005
07-14 11:52:03.830 I/ActivityManager(  374): No longer want com.google.android.deskclock (pid 1231): empty #17
07-14 11:52:03.846 W/ActivityManager(  374): Scheduling restart of crashed service com.google.android.deskclock/com.android.alarmclock.DigitalAppWidgetService in 5000ms
07-14 11:52:03.901 W/ActivityManager(  374): Exception when starting service com.google.android.deskclock/com.android.alarmclock.DigitalAppWidgetService
07-14 11:52:03.901 W/ActivityManager(  374): android.os.DeadObjectException
07-14 11:52:03.901 W/ActivityManager(  374): 	at android.os.BinderProxy.transact(Native Method)
07-14 11:52:03.901 W/ActivityManager(  374): 	at android.app.ApplicationThreadProxy.scheduleCreateService(ApplicationThreadNative.java:821)
07-14 11:52:03.901 W/ActivityManager(  374): 	at com.android.server.am.ActiveServices.realStartServiceLocked(ActiveServices.java:1099)
07-14 11:52:03.901 W/ActivityManager(  374): 	at com.android.server.am.ActiveServices.bringUpServiceLocked(ActiveServices.java:1022)
07-14 11:52:03.901 W/ActivityManager(  374): 	at com.android.server.am.ActiveServices.bindServiceLocked(ActiveServices.java:522)
07-14 11:52:03.901 W/ActivityManager(  374): 	at com.android.server.am.ActivityManagerService.bindService(ActivityManagerService.java:11357)
07-14 11:52:03.901 W/ActivityManager(  374): 	at android.app.ContextImpl.bindServiceAsUser(ContextImpl.java:1465)
07-14 11:52:03.901 W/ActivityManager(  374): 	at com.android.server.AppWidgetServiceImpl.bindRemoteViewsService(AppWidgetServiceImpl.java:755)
07-14 11:52:03.901 W/ActivityManager(  374): 	at com.android.server.AppWidgetService.bindRemoteViewsService(AppWidgetService.java:179)
07-14 11:52:03.901 W/ActivityManager(  374): 	at android.appwidget.AppWidgetManager.bindRemoteViewsService(AppWidgetManager.java:774)
07-14 11:52:03.901 W/ActivityManager(  374): 	at android.widget.RemoteViewsAdapter$RemoteViewsAdapterServiceConnection.bind(RemoteViewsAdapter.java:160)
07-14 11:52:03.901 W/ActivityManager(  374): 	at android.widget.RemoteViewsAdapter.requestBindService(RemoteViewsAdapter.java:1395)
07-14 11:52:03.901 W/ActivityManager(  374): 	at android.widget.RemoteViewsAdapter.<init>(RemoteViewsAdapter.java:874)
07-14 11:52:03.901 W/ActivityManager(  374): 	at android.widget.AbsListView.setRemoteViewsAdapter(AbsListView.java:5912)
07-14 11:52:03.901 W/ActivityManager(  374): 	at android.widget.ListView.setRemoteViewsAdapter(ListView.java:423)
07-14 11:52:03.901 W/ActivityManager(  374): 	at android.widget.RemoteViews$SetRemoteViewsAdapterIntent.apply(RemoteViews.java:613)
07-14 11:52:03.901 W/ActivityManager(  374): 	at android.widget.RemoteViews.performApply(RemoteViews.java:2419)
07-14 11:52:03.901 W/ActivityManager(  374): 	at android.widget.RemoteViews.apply(RemoteViews.java:2378)
07-14 11:52:03.901 W/ActivityManager(  374): 	at android.appwidget.AppWidgetHostView.updateAppWidget(AppWidgetHostView.java:402)
07-14 11:52:03.901 W/ActivityManager(  374): 	at android.appwidget.AppWidgetHost.createView(AppWidgetHost.java:358)
07-14 11:52:03.901 W/ActivityManager(  374): 	at com.android.internal.policy.impl.keyguard.KeyguardHostView.addWidget(KeyguardHostView.java:1120)
07-14 11:52:03.901 W/ActivityManager(  374): 	at com.android.internal.policy.impl.keyguard.KeyguardHostView.addWidgetsFromSettings(KeyguardHostView.java:1272)
07-14 11:52:03.901 W/ActivityManager(  374): 	at com.android.internal.policy.impl.keyguard.KeyguardHostView.onFinishInflate(KeyguardHostView.java:382)
07-14 11:52:03.901 W/ActivityManager(  374): 	at android.view.LayoutInflater.rInflate(LayoutInflater.java:763)
07-14 11:52:03.901 W/ActivityManager(  374): 	at android.view.LayoutInflater.inflate(LayoutInflater.java:492)
07-14 11:52:03.901 W/ActivityManager(  374): 	at android.view.LayoutInflater.inflate(LayoutInflater.java:397)
07-14 11:52:03.901 W/ActivityManager(  374): 	at com.android.internal.policy.impl.keyguard.KeyguardViewManager.inflateKeyguardView(KeyguardViewManager.java:240)
07-14 11:52:03.901 W/ActivityManager(  374): 	at com.android.internal.policy.impl.keyguard.KeyguardViewManager.maybeCreateKeyguardLocked(KeyguardViewManager.java:222)
07-14 11:52:03.901 W/ActivityManager(  374): 	at com.android.internal.policy.impl.keyguard.KeyguardViewManager.reset(KeyguardViewManager.java:326)
07-14 11:52:03.901 W/ActivityManager(  374): 	at com.android.internal.policy.impl.keyguard.KeyguardViewMediator.handleReset(KeyguardViewMediator.java:1389)
07-14 11:52:03.901 W/ActivityManager(  374): 	at com.android.internal.policy.impl.keyguard.KeyguardViewMediator.access$1800(KeyguardViewMediator.java:97)
07-14 11:52:03.901 W/ActivityManager(  374): 	at com.android.internal.policy.impl.keyguard.KeyguardViewMediator$4.handleMessage(KeyguardViewMediator.java:1126)
07-14 11:52:03.901 W/ActivityManager(  374): 	at android.os.Handler.dispatchMessage(Handler.java:99)
07-14 11:52:03.901 W/ActivityManager(  374): 	at android.os.Looper.loop(Looper.java:137)
07-14 11:52:03.901 W/ActivityManager(  374): 	at android.os.HandlerThread.run(HandlerThread.java:61)
07-14 11:52:07.260 W/BackupManagerService(  374): dataChanged but no participant pkg='com.android.providers.settings' uid=10079
07-14 11:52:07.596 W/BackupManagerService(  374): dataChanged but no participant pkg='com.android.providers.settings' uid=10079
07-14 11:52:08.119 I/WindowManager(  374): Screenshot max retries 4 of Token{42bc3e70 ActivityRecord{42d83350 u0 com.android.launcher/com.android.launcher2.Launcher}} appWin=Window{42d56a50 u0 com.android.launcher/com.android.launcher2.Launcher} drawState=4
07-14 11:52:08.119 W/WindowManager(  374): Screenshot failure taking screenshot for (720x1280) to layer 21000
07-14 11:52:08.862 I/ActivityManager(  374): Start proc com.google.android.deskclock for service com.google.android.deskclock/com.android.alarmclock.DigitalAppWidgetService: pid=2502 uid=10013 gids={50013, 1028}
07-14 11:52:10.760 I/ActivityManager(  374): No longer want com.google.android.apps.maps:FriendService (pid 1773): empty #17
07-14 11:52:10.908 I/ActivityManager(  374): No longer want com.google.android.apps.maps (pid 2108): empty #17
07-14 11:52:12.471 W/BackupManagerService(  374): dataChanged but no participant pkg='com.android.providers.settings' uid=10079
07-14 11:52:12.979 W/BackupManagerService(  374): dataChanged but no participant pkg='com.android.providers.settings' uid=10079
07-14 11:52:13.080 W/BackupManagerService(  374): dataChanged but no participant pkg='com.android.providers.settings' uid=10079
07-14 11:52:13.291 W/BackupManagerService(  374): dataChanged but no participant pkg='com.android.providers.settings' uid=10079
07-14 11:52:13.479 W/BackupManagerService(  374): dataChanged but no participant pkg='com.android.providers.settings' uid=10079
07-14 11:52:13.541 W/BackupManagerService(  374): dataChanged but no participant pkg='com.android.providers.settings' uid=10079
07-14 11:52:13.721 W/BackupManagerService(  374): dataChanged but no participant pkg='com.android.providers.settings' uid=10079
07-14 11:52:13.908 W/BackupManagerService(  374): dataChanged but no participant pkg='com.android.providers.settings' uid=10079
07-14 11:52:13.932 W/BackupManagerService(  374): dataChanged but no participant pkg='com.android.providers.settings' uid=10079
07-14 11:52:14.002 W/BackupManagerService(  374): dataChanged but no participant pkg='com.android.providers.settings' uid=10079
07-14 11:52:14.049 W/BackupManagerService(  374): dataChanged but no participant pkg='com.android.providers.settings' uid=10079
07-14 11:52:14.143 I/ActivityManager(  374): No longer want com.android.settings (pid 2080): empty #17
07-14 11:52:14.174 W/BackupManagerService(  374): dataChanged but no participant pkg='com.android.providers.settings' uid=10079
07-14 11:52:14.213 W/BackupManagerService(  374): dataChanged but no participant pkg='com.android.providers.settings' uid=10079
07-14 11:52:14.283 W/BackupManagerService(  374): dataChanged but no participant pkg='com.android.providers.settings' uid=10079
07-14 11:52:14.315 W/BackupManagerService(  374): dataChanged but no participant pkg='com.android.providers.settings' uid=10079
07-14 11:52:14.385 W/BackupManagerService(  374): dataChanged but no participant pkg='com.android.providers.settings' uid=10079
07-14 11:52:14.432 W/BackupManagerService(  374): dataChanged but no participant pkg='com.android.providers.settings' uid=10079
07-14 11:52:14.948 W/BackupManagerService(  374): dataChanged but no participant pkg='com.android.providers.settings' uid=10079
07-14 11:52:15.291 W/BackupManagerService(  374): dataChanged but no participant pkg='com.android.providers.settings' uid=10079
07-14 11:52:15.596 W/BackupManagerService(  374): dataChanged but no participant pkg='com.android.providers.settings' uid=10079
07-14 11:52:15.823 W/BackupManagerService(  374): dataChanged but no participant pkg='com.android.providers.settings' uid=10079
07-14 11:52:16.080 W/BackupManagerService(  374): dataChanged but no participant pkg='com.android.providers.settings' uid=10079
07-14 11:52:16.127 W/BackupManagerService(  374): dataChanged but no participant pkg='com.android.providers.settings' uid=10079
07-14 11:52:16.190 W/BackupManagerService(  374): dataChanged but no participant pkg='com.android.providers.settings' uid=10079
07-14 11:52:16.291 W/BackupManagerService(  374): dataChanged but no participant pkg='com.android.providers.settings' uid=10079
07-14 11:52:16.526 W/BackupManagerService(  374): dataChanged but no participant pkg='com.android.providers.settings' uid=10079
07-14 11:52:16.729 W/BackupManagerService(  374): dataChanged but no participant pkg='com.android.providers.settings' uid=10079
07-14 11:52:16.916 W/BackupManagerService(  374): dataChanged but no participant pkg='com.android.providers.settings' uid=10079
07-14 11:52:17.088 W/BackupManagerService(  374): dataChanged but no participant pkg='com.android.providers.settings' uid=10079
07-14 11:52:17.182 W/BackupManagerService(  374): dataChanged but no participant pkg='com.android.providers.settings' uid=10079
07-14 11:52:17.362 W/BackupManagerService(  374): dataChanged but no participant pkg='com.android.providers.settings' uid=10079
07-14 11:52:17.752 W/BackupManagerService(  374): dataChanged but no participant pkg='com.android.providers.settings' uid=10079
07-14 11:52:17.854 W/BackupManagerService(  374): dataChanged but no participant pkg='com.android.providers.settings' uid=10079
07-14 11:52:17.924 W/BackupManagerService(  374): dataChanged but no participant pkg='com.android.providers.settings' uid=10079
07-14 11:52:17.971 W/BackupManagerService(  374): dataChanged but no participant pkg='com.android.providers.settings' uid=10079
07-14 11:52:18.401 W/BackupManagerService(  374): dataChanged but no participant pkg='com.android.providers.settings' uid=10079
07-14 11:52:18.448 W/BackupManagerService(  374): dataChanged but no participant pkg='com.android.providers.settings' uid=10079
07-14 11:52:18.666 W/BackupManagerService(  374): dataChanged but no participant pkg='com.android.providers.settings' uid=10079
07-14 11:52:18.963 W/BackupManagerService(  374): dataChanged but no participant pkg='com.android.providers.settings' uid=10079
07-14 11:52:19.049 W/BackupManagerService(  374): dataChanged but no participant pkg='com.android.providers.settings' uid=10079
07-14 11:52:19.252 W/BackupManagerService(  374): dataChanged but no participant pkg='com.android.providers.settings' uid=10079
07-14 11:52:19.416 W/BackupManagerService(  374): dataChanged but no participant pkg='com.android.providers.settings' uid=10079
07-14 11:52:19.627 W/BackupManagerService(  374): dataChanged but no participant pkg='com.android.providers.settings' uid=10079
07-14 11:52:19.760 W/BackupManagerService(  374): dataChanged but no participant pkg='com.android.providers.settings' uid=10079
07-14 11:52:19.815 W/BackupManagerService(  374): dataChanged but no participant pkg='com.android.providers.settings' uid=10079
07-14 11:52:23.760 W/BackupManagerService(  374): dataChanged but no participant pkg='com.android.providers.settings' uid=10079
07-14 11:52:31.362 I/PowerManagerService(  374): Waking up from sleep...
07-14 11:52:31.479 I/WindowManager(  374): Lock screen displayed!
07-14 11:52:32.588 D/PhoneStatusBar(  450): disable: < expand icons alerts ticker system_info BACK HOME recent* CLOCK search >
07-14 11:52:32.768 D/PhoneStatusBar(  450): disable: < expand icons alerts ticker system_info back* home* recent clock* search >
07-14 11:52:54.393 W/ActivityThread(  563): ClassLoader.loadClass: The class loader returned by Thread.getContextClassLoader() may fail for processes that host multiple applications. You should explicitly specify a context class loader. For example: Thread.setContextClassLoader(getClass().getClassLoader());
07-14 11:52:55.268 W/ActivityThread(  835): ClassLoader.loadClass: The class loader returned by Thread.getContextClassLoader() may fail for processes that host multiple applications. You should explicitly specify a context class loader. For example: Thread.setContextClassLoader(getClass().getClassLoader());
07-14 11:53:03.838 I/PowerManagerService(  374): Going to sleep due to screen timeout...
07-14 11:53:09.190 I/ActivityManager(  374): No longer want com.google.android.googlequicksearchbox (pid 1865): empty #17
07-14 11:53:09.940 D/PhoneStatusBar(  450): disable: < expand icons alerts ticker system_info back home RECENT* clock search >
07-14 11:53:10.104 D/PhoneStatusBar(  450): disable: < expand icons alerts ticker system_info BACK* HOME* RECENT CLOCK* search >
07-14 11:53:11.198 I/PowerManagerService(  374): Waking up from sleep...
07-14 11:53:11.244 I/WindowManager(  374): Lock screen displayed!
07-14 11:53:12.315 D/PhoneStatusBar(  450): disable: < expand icons alerts ticker system_info BACK HOME recent* CLOCK search >
07-14 11:53:12.385 D/PhoneStatusBar(  450): disable: < expand icons alerts ticker system_info back* home* recent clock* search >
07-14 11:53:12.416 W/InputMethodManagerService(  374): Window already focused, ignoring focus gain of: com.android.internal.view.IInputMethodClient$Stub$Proxy@42b9cfa0 attribute=android.view.inputmethod.EditorInfo@42d06d10, token = android.os.BinderProxy@42ea3d30
07-14 11:53:17.994 I/EntropyMixer(  374): Writing entropy...
07-14 11:53:18.026 W/PowerUI (  450): unknown intent: Intent { act=android.intent.action.ACTION_POWER_CONNECTED flg=0x8000010 }
07-14 11:53:18.127 I/ActivityManager(  374): Start proc com.google.android.apps.maps for broadcast com.google.android.apps.maps/com.google.googlenav.android.MapServiceReceiver: pid=2681 uid=10038 gids={50038, 3003, 1015, 1028}
07-14 11:53:28.307 W/MountService(  374): getVolumeState(/storage/emulated/0/external_sd): Unknown volume
07-14 11:53:28.307 W/MountService(  374): getVolumeState(/mnt/sdcard-ext): Unknown volume
07-14 11:53:28.307 W/MountService(  374): getVolumeState(/mnt/ext_sdcard): Unknown volume
07-14 11:53:28.307 W/MountService(  374): getVolumeState(/mnt/sdcard2): Unknown volume
07-14 11:53:28.307 W/MountService(  374): getVolumeState(/mnt/emmc): Unknown volume
07-14 11:53:28.307 W/MountService(  374): getVolumeState(/mnt/extSdCard): Unknown volume
07-14 11:53:28.307 W/MountService(  374): getVolumeState(/mnt/sdcard/SD_CARD): Unknown volume
07-14 11:53:28.307 W/MountService(  374): getVolumeState(/mnt/sdcard/extra_sd): Unknown volume
07-14 11:53:28.315 W/MountService(  374): getVolumeState(/mnt/extrasd_bind): Unknown volume
07-14 11:53:28.315 W/MountService(  374): getVolumeState(/mnt/sdcard/ext_sd): Unknown volume
07-14 11:53:28.315 W/MountService(  374): getVolumeState(/storage/extSdCard): Unknown volume
07-14 11:53:28.315 W/MountService(  374): getVolumeState(/storage/sdcard1): Unknown volume
07-14 11:53:28.315 W/MountService(  374): getVolumeState(/mnt/sdcard/external_SD): Unknown volume
07-14 11:53:28.315 W/MountService(  374): getVolumeState(/mnt/sdcard/external_sd): Unknown volume
07-14 11:53:28.416 W/MountService(  374): getVolumeState(/storage/emulated/0/external_sd): Unknown volume
07-14 11:53:28.416 W/MountService(  374): getVolumeState(/mnt/sdcard-ext): Unknown volume
07-14 11:53:28.416 W/MountService(  374): getVolumeState(/mnt/ext_sdcard): Unknown volume
07-14 11:53:28.416 W/MountService(  374): getVolumeState(/mnt/sdcard2): Unknown volume
07-14 11:53:28.416 W/MountService(  374): getVolumeState(/mnt/emmc): Unknown volume
07-14 11:53:28.416 W/MountService(  374): getVolumeState(/mnt/extSdCard): Unknown volume
07-14 11:53:28.416 W/MountService(  374): getVolumeState(/mnt/sdcard/SD_CARD): Unknown volume
07-14 11:53:28.424 W/MountService(  374): getVolumeState(/mnt/sdcard/extra_sd): Unknown volume
07-14 11:53:28.424 W/MountService(  374): getVolumeState(/mnt/extrasd_bind): Unknown volume
07-14 11:53:28.424 W/MountService(  374): getVolumeState(/mnt/sdcard/ext_sd): Unknown volume
07-14 11:53:28.424 W/MountService(  374): getVolumeState(/storage/extSdCard): Unknown volume
07-14 11:53:28.424 W/MountService(  374): getVolumeState(/storage/sdcard1): Unknown volume
07-14 11:53:28.424 W/MountService(  374): getVolumeState(/mnt/sdcard/external_SD): Unknown volume
07-14 11:53:28.424 W/MountService(  374): getVolumeState(/mnt/sdcard/external_sd): Unknown volume
07-14 11:53:28.776 I/ActivityManager(  374): START u0 {act=com.qihoo360.daemon.pcdaemon.ACTION_START_OPERATE_AUTHOR flg=0x10000000 cmp=com.qihoo.appstore/com.qihoo.express.mini.activity.PCLinkConfirmDialogActivity (has extras)} from pid 2037
07-14 11:53:28.994 W/MountService(  374): getVolumeState(/storage/emulated/0/external_sd): Unknown volume
07-14 11:53:29.010 W/MountService(  374): getVolumeState(/mnt/sdcard-ext): Unknown volume
07-14 11:53:29.010 W/MountService(  374): getVolumeState(/mnt/ext_sdcard): Unknown volume
07-14 11:53:29.010 W/MountService(  374): getVolumeState(/mnt/sdcard2): Unknown volume
07-14 11:53:29.018 W/MountService(  374): getVolumeState(/mnt/emmc): Unknown volume
07-14 11:53:29.026 W/MountService(  374): getVolumeState(/mnt/extSdCard): Unknown volume
07-14 11:53:29.033 W/MountService(  374): getVolumeState(/mnt/sdcard/SD_CARD): Unknown volume
07-14 11:53:29.033 W/MountService(  374): getVolumeState(/mnt/sdcard/extra_sd): Unknown volume
07-14 11:53:29.033 W/MountService(  374): getVolumeState(/mnt/extrasd_bind): Unknown volume
07-14 11:53:29.041 W/MountService(  374): getVolumeState(/mnt/sdcard/ext_sd): Unknown volume
07-14 11:53:29.041 W/MountService(  374): getVolumeState(/storage/extSdCard): Unknown volume
07-14 11:53:29.041 W/MountService(  374): getVolumeState(/storage/sdcard1): Unknown volume
07-14 11:53:29.041 W/MountService(  374): getVolumeState(/mnt/sdcard/external_SD): Unknown volume
07-14 11:53:29.049 W/MountService(  374): getVolumeState(/mnt/sdcard/external_sd): Unknown volume
07-14 11:53:29.096 W/InputMethodManagerService(  374): Window already focused, ignoring focus gain of: com.android.internal.view.IInputMethodClient$Stub$Proxy@42f3a410 attribute=null, token = android.os.BinderProxy@42ea3d30
07-14 11:53:29.213 I/ActivityManager(  374): Start proc com.android.defcontainer for service com.android.defcontainer/.DefaultContainerService: pid=2914 uid=10012 gids={50012, 1015, 1023, 2001, 1028}
07-14 11:53:29.533 W/ActivityManager(  374): Activity pause timeout for ActivityRecord{43063728 u0 com.qihoo.appstore/com.qihoo.express.mini.activity.PCLinkConfirmDialogActivity}
07-14 11:53:29.627 I/ActivityManager(  374): No longer want com.google.android.gsf.login (pid 1249): empty #17
07-14 11:53:29.744 W/MountService(  374): getVolumeState(/storage/emulated/0/external_sd): Unknown volume
07-14 11:53:29.744 W/MountService(  374): getVolumeState(/mnt/sdcard-ext): Unknown volume
07-14 11:53:29.752 W/MountService(  374): getVolumeState(/mnt/ext_sdcard): Unknown volume
07-14 11:53:29.752 W/MountService(  374): getVolumeState(/mnt/sdcard2): Unknown volume
07-14 11:53:29.752 W/MountService(  374): getVolumeState(/mnt/emmc): Unknown volume
07-14 11:53:29.752 W/MountService(  374): getVolumeState(/mnt/extSdCard): Unknown volume
07-14 11:53:29.752 W/MountService(  374): getVolumeState(/mnt/sdcard/SD_CARD): Unknown volume
07-14 11:53:29.752 W/MountService(  374): getVolumeState(/mnt/sdcard/extra_sd): Unknown volume
07-14 11:53:29.760 W/MountService(  374): getVolumeState(/mnt/extrasd_bind): Unknown volume
07-14 11:53:29.760 W/MountService(  374): getVolumeState(/mnt/sdcard/ext_sd): Unknown volume
07-14 11:53:29.760 W/MountService(  374): getVolumeState(/storage/extSdCard): Unknown volume
07-14 11:53:29.760 W/MountService(  374): getVolumeState(/storage/sdcard1): Unknown volume
07-14 11:53:29.760 W/MountService(  374): getVolumeState(/mnt/sdcard/external_SD): Unknown volume
07-14 11:53:29.768 W/MountService(  374): getVolumeState(/mnt/sdcard/external_sd): Unknown volume
07-14 11:53:33.768 I/ActivityManager(  374): Start proc com.qihoo360.mobilesafe for service com.qihoo360.mobilesafe/.service.ExamService: pid=2937 uid=10072 gids={50072, 3003, 1015, 3001, 3002, 1006, 1028}
07-14 11:53:35.666 I/ActivityManager(  374): Start proc com.qihoo360.mobilesafe:PcDaemon for service com.qihoo360.mobilesafe/.pcdaemon.service.DaemonService: pid=2983 uid=10072 gids={50072, 3003, 1015, 3001, 3002, 1006, 1028}
07-14 11:53:36.705 W/BroadcastQueue(  374): Failure [background] sending broadcast result of Intent { act=com.qihoo360.mobilesafe.NotifyDaemonStart flg=0x10 }
07-14 11:53:36.705 W/BroadcastQueue(  374): android.os.DeadObjectException
07-14 11:53:36.705 W/BroadcastQueue(  374): 	at android.os.BinderProxy.transact(Native Method)
07-14 11:53:36.705 W/BroadcastQueue(  374): 	at android.content.IIntentReceiver$Stub$Proxy.performReceive(IIntentReceiver.java:124)
07-14 11:53:36.705 W/BroadcastQueue(  374): 	at com.android.server.am.BroadcastQueue.performReceiveLocked(BroadcastQueue.java:376)
07-14 11:53:36.705 W/BroadcastQueue(  374): 	at com.android.server.am.BroadcastQueue.processNextBroadcast(BroadcastQueue.java:599)
07-14 11:53:36.705 W/BroadcastQueue(  374): 	at com.android.server.am.ActivityManagerService.finishReceiver(ActivityManagerService.java:12390)
07-14 11:53:36.705 W/BroadcastQueue(  374): 	at android.app.ActivityManagerNative.onTransact(ActivityManagerNative.java:379)
07-14 11:53:36.705 W/BroadcastQueue(  374): 	at com.android.server.am.ActivityManagerService.onTransact(ActivityManagerService.java:1737)
07-14 11:53:36.705 W/BroadcastQueue(  374): 	at android.os.Binder.execTransact(Binder.java:388)
07-14 11:53:36.705 W/BroadcastQueue(  374): 	at com.android.server.SystemServer.init1(Native Method)
07-14 11:53:36.705 W/BroadcastQueue(  374): 	at com.android.server.SystemServer.main(SystemServer.java:1066)
07-14 11:53:36.705 W/BroadcastQueue(  374): 	at java.lang.reflect.Method.invokeNative(Native Method)
07-14 11:53:36.705 W/BroadcastQueue(  374): 	at java.lang.reflect.Method.invoke(Method.java:525)
07-14 11:53:36.705 W/BroadcastQueue(  374): 	at com.android.internal.os.ZygoteInit$MethodAndArgsCaller.run(ZygoteInit.java:737)
07-14 11:53:36.705 W/BroadcastQueue(  374): 	at com.android.internal.os.ZygoteInit.main(ZygoteInit.java:553)
07-14 11:53:36.705 W/BroadcastQueue(  374): 	at dalvik.system.NativeStart.main(Native Method)
07-14 11:53:37.533 W/BroadcastQueue(  374): Failure [background] sending broadcast result of Intent { act=com.qihoo360.mobilesafe.NotifyDaemonStop flg=0x10 }
07-14 11:53:37.533 W/BroadcastQueue(  374): android.os.DeadObjectException
07-14 11:53:37.533 W/BroadcastQueue(  374): 	at android.os.BinderProxy.transact(Native Method)
07-14 11:53:37.533 W/BroadcastQueue(  374): 	at android.content.IIntentReceiver$Stub$Proxy.performReceive(IIntentReceiver.java:124)
07-14 11:53:37.533 W/BroadcastQueue(  374): 	at com.android.server.am.BroadcastQueue.performReceiveLocked(BroadcastQueue.java:376)
07-14 11:53:37.533 W/BroadcastQueue(  374): 	at com.android.server.am.BroadcastQueue.processNextBroadcast(BroadcastQueue.java:599)
07-14 11:53:37.533 W/BroadcastQueue(  374): 	at com.android.server.am.ActivityManagerService.finishReceiver(ActivityManagerService.java:12390)
07-14 11:53:37.533 W/BroadcastQueue(  374): 	at android.app.ActivityManagerNative.onTransact(ActivityManagerNative.java:379)
07-14 11:53:37.533 W/BroadcastQueue(  374): 	at com.android.server.am.ActivityManagerService.onTransact(ActivityManagerService.java:1737)
07-14 11:53:37.533 W/BroadcastQueue(  374): 	at android.os.Binder.execTransact(Binder.java:388)
07-14 11:53:37.533 W/BroadcastQueue(  374): 	at dalvik.system.NativeStart.run(Native Method)
07-14 11:53:37.541 I/ActivityManager(  374): No longer want com.android.mms (pid 1795): empty #17
07-14 11:53:37.549 D/CountryDetector(  374): No listener is left
07-14 11:53:39.565 I/ActivityManager(  374): No longer want com.google.android.apps.maps:LocationFriendService (pid 2264): empty #17
07-14 11:53:42.198 I/ActivityManager(  374): No longer want com.google.android.calendar (pid 1455): empty #17
07-14 11:53:52.776 I/PowerManagerService(  374): Going to sleep due to screen timeout...
07-14 11:53:58.885 D/PhoneStatusBar(  450): disable: < expand icons alerts ticker system_info back home RECENT* clock search >
07-14 11:53:59.088 D/PhoneStatusBar(  450): disable: < expand icons alerts ticker system_info BACK* HOME* RECENT CLOCK* search >
07-14 11:54:28.791 W/MountService(  374): getVolumeState(/storage/emulated/0/external_sd): Unknown volume
07-14 11:54:28.791 W/MountService(  374): getVolumeState(/mnt/sdcard-ext): Unknown volume
07-14 11:54:28.799 W/MountService(  374): getVolumeState(/mnt/ext_sdcard): Unknown volume
07-14 11:54:28.799 W/MountService(  374): getVolumeState(/mnt/sdcard2): Unknown volume
07-14 11:54:28.799 W/MountService(  374): getVolumeState(/mnt/emmc): Unknown volume
07-14 11:54:28.799 W/MountService(  374): getVolumeState(/mnt/extSdCard): Unknown volume
07-14 11:54:28.799 W/MountService(  374): getVolumeState(/mnt/sdcard/SD_CARD): Unknown volume
07-14 11:54:28.799 W/MountService(  374): getVolumeState(/mnt/sdcard/extra_sd): Unknown volume
07-14 11:54:28.799 W/MountService(  374): getVolumeState(/mnt/extrasd_bind): Unknown volume
07-14 11:54:28.799 W/MountService(  374): getVolumeState(/mnt/sdcard/ext_sd): Unknown volume
07-14 11:54:28.799 W/MountService(  374): getVolumeState(/storage/extSdCard): Unknown volume
07-14 11:54:28.807 W/MountService(  374): getVolumeState(/storage/sdcard1): Unknown volume
07-14 11:54:28.807 W/MountService(  374): getVolumeState(/mnt/sdcard/external_SD): Unknown volume
07-14 11:54:28.807 W/MountService(  374): getVolumeState(/mnt/sdcard/external_sd): Unknown volume
07-14 11:54:29.049 W/MountService(  374): getVolumeState(/storage/emulated/0/external_sd): Unknown volume
07-14 11:54:29.049 W/MountService(  374): getVolumeState(/mnt/sdcard-ext): Unknown volume
07-14 11:54:29.057 W/MountService(  374): getVolumeState(/mnt/ext_sdcard): Unknown volume
07-14 11:54:29.057 W/MountService(  374): getVolumeState(/mnt/sdcard2): Unknown volume
07-14 11:54:29.057 W/MountService(  374): getVolumeState(/mnt/emmc): Unknown volume
07-14 11:54:29.057 W/MountService(  374): getVolumeState(/mnt/extSdCard): Unknown volume
07-14 11:54:29.057 W/MountService(  374): getVolumeState(/mnt/sdcard/SD_CARD): Unknown volume
07-14 11:54:29.057 W/MountService(  374): getVolumeState(/mnt/sdcard/extra_sd): Unknown volume
07-14 11:54:29.057 W/MountService(  374): getVolumeState(/mnt/extrasd_bind): Unknown volume
07-14 11:54:29.057 W/MountService(  374): getVolumeState(/mnt/sdcard/ext_sd): Unknown volume
07-14 11:54:29.065 W/MountService(  374): getVolumeState(/storage/extSdCard): Unknown volume
07-14 11:54:29.065 W/MountService(  374): getVolumeState(/storage/sdcard1): Unknown volume
07-14 11:54:29.065 W/MountService(  374): getVolumeState(/mnt/sdcard/external_SD): Unknown volume
07-14 11:54:29.065 W/MountService(  374): getVolumeState(/mnt/sdcard/external_sd): Unknown volume
07-14 11:55:00.299 D/CountryDetector(  374): The first listener is added
07-14 11:55:00.893 W/ActivityManager(  374): Permission denied: checkComponentPermission() owningUid=10066
07-14 11:55:00.893 W/BroadcastQueue(  374): Permission Denial: broadcasting Intent { act=android.provider.Telephony.SMS_RECEIVED flg=0x10 (has extras) } from com.android.phone (pid=577, uid=1001) is not exported from uid 10066 due to receiver com.pekall.emdm/.ApplicationReceiver
07-14 11:55:00.908 I/ActivityManager(  374): Start proc com.android.mms for broadcast com.android.mms/.transaction.PrivilegedSmsReceiver: pid=3070 uid=10040 gids={50040, 3003, 1015, 1028}
07-14 11:55:02.573 W/ActivityManager(  374): Permission denied: checkComponentPermission() owningUid=10066
07-14 11:55:02.573 W/BroadcastQueue(  374): Permission Denial: broadcasting Intent { act=android.provider.Telephony.SMS_RECEIVED flg=0x10 (has extras) } from com.android.phone (pid=577, uid=1001) is not exported from uid 10066 due to receiver com.pekall.emdm/.ApplicationReceiver
07-14 11:55:02.916 I/ActivityManager(  374): No longer want com.google.android.gm (pid 2246): empty #17
07-14 11:55:28.869 W/MountService(  374): getVolumeState(/storage/emulated/0/external_sd): Unknown volume
07-14 11:55:28.869 W/MountService(  374): getVolumeState(/mnt/sdcard-ext): Unknown volume
07-14 11:55:28.869 W/MountService(  374): getVolumeState(/mnt/ext_sdcard): Unknown volume
07-14 11:55:28.869 W/MountService(  374): getVolumeState(/mnt/sdcard2): Unknown volume
07-14 11:55:28.869 W/MountService(  374): getVolumeState(/mnt/emmc): Unknown volume
07-14 11:55:28.869 W/MountService(  374): getVolumeState(/mnt/extSdCard): Unknown volume
07-14 11:55:28.869 W/MountService(  374): getVolumeState(/mnt/sdcard/SD_CARD): Unknown volume
07-14 11:55:28.877 W/MountService(  374): getVolumeState(/mnt/sdcard/extra_sd): Unknown volume
07-14 11:55:28.877 W/MountService(  374): getVolumeState(/mnt/extrasd_bind): Unknown volume
07-14 11:55:28.877 W/MountService(  374): getVolumeState(/mnt/sdcard/ext_sd): Unknown volume
07-14 11:55:28.877 W/MountService(  374): getVolumeState(/storage/extSdCard): Unknown volume
07-14 11:55:28.877 W/MountService(  374): getVolumeState(/storage/sdcard1): Unknown volume
07-14 11:55:28.877 W/MountService(  374): getVolumeState(/mnt/sdcard/external_SD): Unknown volume
07-14 11:55:28.877 W/MountService(  374): getVolumeState(/mnt/sdcard/external_sd): Unknown volume
07-14 11:55:29.104 W/MountService(  374): getVolumeState(/storage/emulated/0/external_sd): Unknown volume
07-14 11:55:29.112 W/MountService(  374): getVolumeState(/mnt/sdcard-ext): Unknown volume
07-14 11:55:29.112 W/MountService(  374): getVolumeState(/mnt/ext_sdcard): Unknown volume
07-14 11:55:29.112 W/MountService(  374): getVolumeState(/mnt/sdcard2): Unknown volume
07-14 11:55:29.112 W/MountService(  374): getVolumeState(/mnt/emmc): Unknown volume
07-14 11:55:29.112 W/MountService(  374): getVolumeState(/mnt/extSdCard): Unknown volume
07-14 11:55:29.112 W/MountService(  374): getVolumeState(/mnt/sdcard/SD_CARD): Unknown volume
07-14 11:55:29.112 W/MountService(  374): getVolumeState(/mnt/sdcard/extra_sd): Unknown volume
07-14 11:55:29.112 W/MountService(  374): getVolumeState(/mnt/extrasd_bind): Unknown volume
07-14 11:55:29.112 W/MountService(  374): getVolumeState(/mnt/sdcard/ext_sd): Unknown volume
07-14 11:55:29.119 W/MountService(  374): getVolumeState(/storage/extSdCard): Unknown volume
07-14 11:55:29.119 W/MountService(  374): getVolumeState(/storage/sdcard1): Unknown volume
07-14 11:55:29.119 W/MountService(  374): getVolumeState(/mnt/sdcard/external_SD): Unknown volume
07-14 11:55:29.119 W/MountService(  374): getVolumeState(/mnt/sdcard/external_sd): Unknown volume
07-14 11:56:29.073 W/MountService(  374): getVolumeState(/storage/emulated/0/external_sd): Unknown volume
07-14 11:56:29.073 W/MountService(  374): getVolumeState(/mnt/sdcard-ext): Unknown volume
07-14 11:56:29.073 W/MountService(  374): getVolumeState(/mnt/ext_sdcard): Unknown volume
07-14 11:56:29.073 W/MountService(  374): getVolumeState(/mnt/sdcard2): Unknown volume
07-14 11:56:29.073 W/MountService(  374): getVolumeState(/mnt/emmc): Unknown volume
07-14 11:56:29.080 W/MountService(  374): getVolumeState(/mnt/extSdCard): Unknown volume
07-14 11:56:29.080 W/MountService(  374): getVolumeState(/mnt/sdcard/SD_CARD): Unknown volume
07-14 11:56:29.080 W/MountService(  374): getVolumeState(/mnt/sdcard/extra_sd): Unknown volume
07-14 11:56:29.080 W/MountService(  374): getVolumeState(/mnt/extrasd_bind): Unknown volume
07-14 11:56:29.080 W/MountService(  374): getVolumeState(/mnt/sdcard/ext_sd): Unknown volume
07-14 11:56:29.088 W/MountService(  374): getVolumeState(/storage/extSdCard): Unknown volume
07-14 11:56:29.088 W/MountService(  374): getVolumeState(/storage/sdcard1): Unknown volume
07-14 11:56:29.088 W/MountService(  374): getVolumeState(/mnt/sdcard/external_SD): Unknown volume
07-14 11:56:29.088 W/MountService(  374): getVolumeState(/mnt/sdcard/external_sd): Unknown volume
07-14 11:56:29.455 W/MountService(  374): getVolumeState(/storage/emulated/0/external_sd): Unknown volume
07-14 11:56:29.455 W/MountService(  374): getVolumeState(/mnt/sdcard-ext): Unknown volume
07-14 11:56:29.455 W/MountService(  374): getVolumeState(/mnt/ext_sdcard): Unknown volume
07-14 11:56:29.455 W/MountService(  374): getVolumeState(/mnt/sdcard2): Unknown volume
07-14 11:56:29.455 W/MountService(  374): getVolumeState(/mnt/emmc): Unknown volume
07-14 11:56:29.455 W/MountService(  374): getVolumeState(/mnt/extSdCard): Unknown volume
07-14 11:56:29.455 W/MountService(  374): getVolumeState(/mnt/sdcard/SD_CARD): Unknown volume
07-14 11:56:29.455 W/MountService(  374): getVolumeState(/mnt/sdcard/extra_sd): Unknown volume
07-14 11:56:29.455 W/MountService(  374): getVolumeState(/mnt/extrasd_bind): Unknown volume
07-14 11:56:29.463 W/MountService(  374): getVolumeState(/mnt/sdcard/ext_sd): Unknown volume
07-14 11:56:29.463 W/MountService(  374): getVolumeState(/storage/extSdCard): Unknown volume
07-14 11:56:29.463 W/MountService(  374): getVolumeState(/storage/sdcard1): Unknown volume
07-14 11:56:29.463 W/MountService(  374): getVolumeState(/mnt/sdcard/external_SD): Unknown volume
07-14 11:56:29.463 W/MountService(  374): getVolumeState(/mnt/sdcard/external_sd): Unknown volume
07-14 11:56:54.448 W/MountService(  374): getVolumeState(/storage/emulated/0/external_sd): Unknown volume
07-14 11:56:54.448 W/MountService(  374): getVolumeState(/mnt/sdcard-ext): Unknown volume
07-14 11:56:54.455 W/MountService(  374): getVolumeState(/mnt/ext_sdcard): Unknown volume
07-14 11:56:54.455 W/MountService(  374): getVolumeState(/mnt/sdcard2): Unknown volume
07-14 11:56:54.455 W/MountService(  374): getVolumeState(/mnt/emmc): Unknown volume
07-14 11:56:54.455 W/MountService(  374): getVolumeState(/mnt/extSdCard): Unknown volume
07-14 11:56:54.455 W/MountService(  374): getVolumeState(/mnt/sdcard/SD_CARD): Unknown volume
07-14 11:56:54.463 W/MountService(  374): getVolumeState(/mnt/sdcard/extra_sd): Unknown volume
07-14 11:56:54.463 W/MountService(  374): getVolumeState(/mnt/extrasd_bind): Unknown volume
07-14 11:56:54.463 W/MountService(  374): getVolumeState(/mnt/sdcard/ext_sd): Unknown volume
07-14 11:56:54.463 W/MountService(  374): getVolumeState(/storage/extSdCard): Unknown volume
07-14 11:56:54.463 W/MountService(  374): getVolumeState(/storage/sdcard1): Unknown volume
07-14 11:56:54.463 W/MountService(  374): getVolumeState(/mnt/sdcard/external_SD): Unknown volume
07-14 11:56:54.463 W/MountService(  374): getVolumeState(/mnt/sdcard/external_sd): Unknown volume
07-14 11:56:54.705 W/PackageParser( 2060): Unknown element under <application>: intent-filter at /storage/emulated/0/360MobileSafe_5.2.3.1061.apk Binary XML file line #1165
07-14 11:56:54.729 W/PackageParser( 2060): Unknown element under <application>: intent-filter at /storage/emulated/0/360MobileSafe_5.2.3.1061.apk Binary XML file line #1423
07-14 11:56:55.010 W/MountService(  374): getVolumeState(/storage/emulated/0/external_sd): Unknown volume
07-14 11:56:55.010 W/MountService(  374): getVolumeState(/mnt/sdcard-ext): Unknown volume
07-14 11:56:55.010 W/MountService(  374): getVolumeState(/mnt/ext_sdcard): Unknown volume
07-14 11:56:55.010 W/MountService(  374): getVolumeState(/mnt/sdcard2): Unknown volume
07-14 11:56:55.010 W/MountService(  374): getVolumeState(/mnt/emmc): Unknown volume
07-14 11:56:55.010 W/MountService(  374): getVolumeState(/mnt/extSdCard): Unknown volume
07-14 11:56:55.010 W/MountService(  374): getVolumeState(/mnt/sdcard/SD_CARD): Unknown volume
07-14 11:56:55.010 W/MountService(  374): getVolumeState(/mnt/sdcard/extra_sd): Unknown volume
07-14 11:56:55.018 W/MountService(  374): getVolumeState(/mnt/extrasd_bind): Unknown volume
07-14 11:56:55.018 W/MountService(  374): getVolumeState(/mnt/sdcard/ext_sd): Unknown volume
07-14 11:56:55.018 W/MountService(  374): getVolumeState(/storage/extSdCard): Unknown volume
07-14 11:56:55.018 W/MountService(  374): getVolumeState(/storage/sdcard1): Unknown volume
07-14 11:56:55.018 W/MountService(  374): getVolumeState(/mnt/sdcard/external_SD): Unknown volume
07-14 11:56:55.018 W/MountService(  374): getVolumeState(/mnt/sdcard/external_sd): Unknown volume
07-14 11:56:55.198 W/PackageParser( 2060): No actions in intent filter at /storage/emulated/0/Download/emmp.apk Binary XML file line #687
07-14 11:56:55.494 W/PackageParser( 2060): No actions in intent filter at /storage/emulated/0/Download/emmp-1.apk Binary XML file line #687
07-14 11:56:55.565 W/MountService(  374): getVolumeState(/storage/emulated/0/external_sd): Unknown volume
07-14 11:56:55.565 W/MountService(  374): getVolumeState(/mnt/sdcard-ext): Unknown volume
07-14 11:56:55.565 W/MountService(  374): getVolumeState(/mnt/ext_sdcard): Unknown volume
07-14 11:56:55.573 W/MountService(  374): getVolumeState(/mnt/sdcard2): Unknown volume
07-14 11:56:55.573 W/MountService(  374): getVolumeState(/mnt/emmc): Unknown volume
07-14 11:56:55.573 W/MountService(  374): getVolumeState(/mnt/extSdCard): Unknown volume
07-14 11:56:55.573 W/MountService(  374): getVolumeState(/mnt/sdcard/SD_CARD): Unknown volume
07-14 11:56:55.573 W/MountService(  374): getVolumeState(/mnt/sdcard/extra_sd): Unknown volume
07-14 11:56:55.573 W/MountService(  374): getVolumeState(/mnt/extrasd_bind): Unknown volume
07-14 11:56:55.573 W/MountService(  374): getVolumeState(/mnt/sdcard/ext_sd): Unknown volume
07-14 11:56:55.573 W/MountService(  374): getVolumeState(/storage/extSdCard): Unknown volume
07-14 11:56:55.573 W/MountService(  374): getVolumeState(/storage/sdcard1): Unknown volume
07-14 11:56:55.573 W/MountService(  374): getVolumeState(/mnt/sdcard/external_SD): Unknown volume
07-14 11:56:55.580 W/MountService(  374): getVolumeState(/mnt/sdcard/external_sd): Unknown volume
07-14 11:56:56.182 W/PackageParser( 2060): No actions in intent filter at /storage/emulated/0/360Download/Pekall.apk Binary XML file line #685
07-14 11:57:29.088 W/MountService(  374): getVolumeState(/storage/emulated/0/external_sd): Unknown volume
07-14 11:57:29.088 W/MountService(  374): getVolumeState(/mnt/sdcard-ext): Unknown volume
07-14 11:57:29.088 W/MountService(  374): getVolumeState(/mnt/ext_sdcard): Unknown volume
07-14 11:57:29.096 W/MountService(  374): getVolumeState(/mnt/sdcard2): Unknown volume
07-14 11:57:29.096 W/MountService(  374): getVolumeState(/mnt/emmc): Unknown volume
07-14 11:57:29.096 W/MountService(  374): getVolumeState(/mnt/extSdCard): Unknown volume
07-14 11:57:29.096 W/MountService(  374): getVolumeState(/mnt/sdcard/SD_CARD): Unknown volume
07-14 11:57:29.104 W/MountService(  374): getVolumeState(/mnt/sdcard/extra_sd): Unknown volume
07-14 11:57:29.104 W/MountService(  374): getVolumeState(/mnt/extrasd_bind): Unknown volume
07-14 11:57:29.104 W/MountService(  374): getVolumeState(/mnt/sdcard/ext_sd): Unknown volume
07-14 11:57:29.104 W/MountService(  374): getVolumeState(/storage/extSdCard): Unknown volume
07-14 11:57:29.104 W/MountService(  374): getVolumeState(/storage/sdcard1): Unknown volume
07-14 11:57:29.104 W/MountService(  374): getVolumeState(/mnt/sdcard/external_SD): Unknown volume
07-14 11:57:29.104 W/MountService(  374): getVolumeState(/mnt/sdcard/external_sd): Unknown volume
07-14 11:57:29.377 W/MountService(  374): getVolumeState(/storage/emulated/0/external_sd): Unknown volume
07-14 11:57:29.377 W/MountService(  374): getVolumeState(/mnt/sdcard-ext): Unknown volume
07-14 11:57:29.385 W/MountService(  374): getVolumeState(/mnt/ext_sdcard): Unknown volume
07-14 11:57:29.385 W/MountService(  374): getVolumeState(/mnt/sdcard2): Unknown volume
07-14 11:57:29.385 W/MountService(  374): getVolumeState(/mnt/emmc): Unknown volume
07-14 11:57:29.385 W/MountService(  374): getVolumeState(/mnt/extSdCard): Unknown volume
07-14 11:57:29.385 W/MountService(  374): getVolumeState(/mnt/sdcard/SD_CARD): Unknown volume
07-14 11:57:29.385 W/MountService(  374): getVolumeState(/mnt/sdcard/extra_sd): Unknown volume
07-14 11:57:29.385 W/MountService(  374): getVolumeState(/mnt/extrasd_bind): Unknown volume
07-14 11:57:29.385 W/MountService(  374): getVolumeState(/mnt/sdcard/ext_sd): Unknown volume
07-14 11:57:29.385 W/MountService(  374): getVolumeState(/storage/extSdCard): Unknown volume
07-14 11:57:29.393 W/MountService(  374): getVolumeState(/storage/sdcard1): Unknown volume
07-14 11:57:29.393 W/MountService(  374): getVolumeState(/mnt/sdcard/external_SD): Unknown volume
07-14 11:57:29.393 W/MountService(  374): getVolumeState(/mnt/sdcard/external_sd): Unknown volume
07-14 11:57:40.096 I/PowerManagerService(  374): Waking up from sleep...
07-14 11:57:40.166 I/WindowManager(  374): Lock screen displayed!
07-14 11:57:41.244 D/PhoneStatusBar(  450): disable: < expand icons alerts ticker system_info BACK HOME recent* CLOCK search >
07-14 11:57:41.448 D/PhoneStatusBar(  450): disable: < expand icons alerts ticker system_info back* home* recent clock* search >
07-14 11:57:41.494 W/InputMethodManagerService(  374): Window already focused, ignoring focus gain of: com.android.internal.view.IInputMethodClient$Stub$Proxy@42d20b38 attribute=android.view.inputmethod.EditorInfo@42d20b48, token = android.os.BinderProxy@42ea3d30
07-14 11:57:51.315 I/ActivityManager(  374): START u0 {act=android.intent.action.MAIN cat=[android.intent.category.LAUNCHER] flg=0x10200000 cmp=com.android.settings/.Settings} from pid 595
