07-14 12:51:24.440 D/dalvikvm( 9402): Trying to load lib libnativehelper.so 0x0
07-14 12:51:24.440 D/dalvikvm( 9402): Added shared lib libnativehelper.so 0x0
07-14 12:51:24.448 I/RootJni ( 9403): su: permission denied
07-14 12:51:24.698 D/AndroidRuntime( 9402): Calling main entry com.qihoo360.powerctl.root.app.App
07-14 12:51:24.698 D/AndroidRuntime( 9402): Shutting down VM
07-14 12:51:24.705 D/dalvikvm( 9402): GC_CONCURRENT freed 115K, 21% free 467K/592K, paused 0ms+1ms, total 4ms
07-14 12:51:24.815 D/MdmApplication( 3494): [null:-1]->onActivityPaused contacts.activities.DialtactsActivity , mActivityCount = 3
07-14 12:51:24.815 I/ActivityManager(  374): START u0 {act=android.intent.action.MAIN cat=[android.intent.category.HOME] flg=0x10200000 cmp=com.android.launcher/com.android.launcher2.Launcher} from pid 374
07-14 12:51:24.823 D/MDM :   ( 3494): [null:-1]->query
07-14 12:51:24.823 D/MDM :   ( 3494): [null:-1]->QUERY_PINCODE_CHECK_RESULT
07-14 12:51:24.823 E/Mdm     ( 3494): Call Mdm service's setLastExitTime function
07-14 12:51:24.893 D/dalvikvm(  450): GC_FOR_ALLOC freed 1296K, 11% free 13918K/15616K, paused 58ms, total 58ms
07-14 12:51:24.893 I/dalvikvm-heap(  450): Grow heap (frag case) to 13.989MB for 380496-byte allocation
07-14 12:51:24.963 D/dalvikvm(  450): GC_FOR_ALLOC freed 3K, 11% free 14286K/15988K, paused 69ms, total 69ms
07-14 12:51:25.041 D/dalvikvm(  595): GC_CONCURRENT freed 2004K, 15% free 14811K/17348K, paused 7ms+6ms, total 59ms
07-14 12:51:25.041 D/dalvikvm(  595): WAIT_FOR_CONCURRENT_GC blocked 52ms
07-14 12:51:25.057 D/dalvikvm( 6152): GC_FOR_ALLOC freed 469K, 7% free 9369K/10072K, paused 35ms, total 44ms
07-14 12:51:25.619 W/ResourceType(  595): No known package when getting name for resource number 0x9c020000
07-14 12:51:25.619 W/ResourceType(  595): No known package when getting name for resource number 0x9c020002
07-14 12:51:25.698 W/ResourceType(  595): No known package when getting name for resource number 0x9b000000
07-14 12:51:25.698 W/ResourceType(  595): No known package when getting name for resource number 0x9b010100
07-14 12:51:25.698 W/ResourceType(  595): No known package when getting name for resource number 0x9b030300
07-14 12:51:25.698 W/ResourceType(  595): No known package when getting name for resource number 0x9b040400
07-14 12:51:25.705 I/QueryController( 9363): Matched selector: UiSelector[DESCRIPTION=, PACKAGE NAME=com.android.launcher] <<==>> [android.view.accessibility.AccessibilityNodeInfo@1fe6e; boundsInParent: Rect(524232, 0 - 524360, 128); boundsInScreen: Rect(296, 1040 - 424, 1168); packageName: com.android.launcher; className: android.widget.TextView; text: null; contentDescription: ; viewIdResName: null; checkable: false; checked: false; focusable: true; focused: false; selected: false; clickable: true; longClickable: false; enabled: true; password: false; scrollable: false; [ACTION_FOCUS, ACTION_SELECT, ACTION_CLEAR_SELECTION, ACTION_CLICK, ACTION_ACCESSIBILITY_FOCUS]]
07-14 12:51:25.705 D/InteractionController( 9363): clickAndWaitForNewWindow(360, 1104)
07-14 12:51:26.596 I/QueryController( 9363): Matched selector: UiSelector[TEXT=] <<==>> [android.view.accessibility.AccessibilityNodeInfo@6c634; boundsInParent: Rect(0, 0 - 148, 184); boundsInScreen: Rect(16, 958 - 164, 1142); packageName: com.android.launcher; className: android.widget.TextView; text: ; contentDescription: null; viewIdResName: null; checkable: false; checked: false; focusable: true; focused: false; selected: false; clickable: true; longClickable: true; enabled: true; password: false; scrollable: false; [ACTION_FOCUS, ACTION_SELECT, ACTION_CLEAR_SELECTION, ACTION_CLICK, ACTION_LONG_CLICK, ACTION_ACCESSIBILITY_FOCUS, ACTION_NEXT_AT_MOVEMENT_GRANULARITY, ACTION_PREVIOUS_AT_MOVEMENT_GRANULARITY, ACTION_SET_SELECTION]]
07-14 12:51:26.627 I/QueryController( 9363): Matched selector: UiSelector[TEXT=] <<==>> [android.view.accessibility.AccessibilityNodeInfo@6c634; boundsInParent: Rect(0, 0 - 148, 184); boundsInScreen: Rect(16, 958 - 164, 1142); packageName: com.android.launcher; className: android.widget.TextView; text: ; contentDescription: null; viewIdResName: null; checkable: false; checked: false; focusable: true; focused: false; selected: false; clickable: true; longClickable: true; enabled: true; password: false; scrollable: false; [ACTION_FOCUS, ACTION_SELECT, ACTION_CLEAR_SELECTION, ACTION_CLICK, ACTION_LONG_CLICK, ACTION_ACCESSIBILITY_FOCUS, ACTION_NEXT_AT_MOVEMENT_GRANULARITY, ACTION_PREVIOUS_AT_MOVEMENT_GRANULARITY, ACTION_SET_SELECTION]]
07-14 12:51:26.635 D/InteractionController( 9363): clickAndWaitForNewWindow(90, 1050)
07-14 12:51:26.768 I/ActivityManager(  374): START u0 {act=android.intent.action.MAIN cat=[android.intent.category.LAUNCHER] flg=0x10200000 cmp=com.pekall.emdm/.ui.SplashActivity} from pid 595
07-14 12:51:26.932 D/dalvikvm(  374): GC_FOR_ALLOC freed 2748K, 30% free 19472K/27716K, paused 92ms, total 92ms
07-14 12:51:26.979 D/MdmApplication( 3494): [null:-1]->onActivityStarted contacts.activities.DialtactsActivity , mActivityCount = 2
07-14 12:51:26.979 D/MDM :   ( 3494): [null:-1]->query
07-14 12:51:26.979 D/MDM :   ( 3494): [null:-1]->QUERY_PINCODE_CHECK_RESULT
07-14 12:51:26.994 D/ContactsProvider( 3494): [Contacts] query 'content://emdmcontacts/company_calllogs', segment size: 1
07-14 12:51:27.010 V/PhoneStatusBar(  450): setLightsOn(true)
07-14 12:51:27.065 D/Assistant( 3494): [---null: -1---]  changeCursor
07-14 12:51:27.065 D/Assistant( 3494): [---null: -1---]  findGroups
07-14 12:51:27.065 D/Assistant( 3494): [---null: -1---]  addGroup
07-14 12:51:27.073 D/Assistant( 3494): [---null: -1---]  addGroup
07-14 12:51:27.073 D/Assistant( 3494): [---null: -1---]  addGroup
07-14 12:51:27.073 D/Assistant( 3494): [---null: -1---]  addGroup
07-14 12:51:27.073 D/Assistant( 3494): [---null: -1---]  addGroup
07-14 12:51:27.088 E/CursorWindow( 3494): Failed to read row 0, column -1 from a CursorWindow which has 38 rows, 9 columns.
07-14 12:51:27.088 D/CallLogAdapter( 3494): java.lang.IllegalStateException: Couldn't read row 0, col -1 from CursorWindow.  Make sure the Cursor is initialized correctly before accessing data from it.
07-14 12:51:27.088 D/CallLogAdapter( 3494): ======no department find======
07-14 12:51:27.088 D/CALLLOGADAPTER( 3494): ++++++++++++++++++================================
07-14 12:51:27.096 D/ContactsProvider( 3494): [Contacts] query 'content://emdmcontacts/company_calllogs', segment size: 1
07-14 12:51:27.096 D/CallLogAdapter( 3494): quickContactView.number=============13220164537
07-14 12:51:27.096 D/CallLogAdapter( 3494): quickContactView.contactUri=============null
07-14 12:51:27.104 D/ContactsProvider( 3494): [Contacts] query 'content://emdmcontacts/contacts', segment size: 1
07-14 12:51:27.112 E/CursorWindow( 3494): Failed to read row 1, column -1 from a CursorWindow which has 38 rows, 9 columns.
07-14 12:51:27.112 D/CallLogAdapter( 3494): java.lang.IllegalStateException: Couldn't read row 1, col -1 from CursorWindow.  Make sure the Cursor is initialized correctly before accessing data from it.
07-14 12:51:27.112 D/CallLogAdapter( 3494): ======no department find======
07-14 12:51:27.112 D/CALLLOGADAPTER( 3494): ++++++++++++++++++================================
07-14 12:51:27.112 D/ContactsProvider( 3494): [Contacts] query 'content://emdmcontacts/company_calllogs', segment size: 1
07-14 12:51:27.119 D/dalvikvm( 1052): GC_CONCURRENT freed 260K, 8% free 10345K/11168K, paused 5ms+13ms, total 89ms
07-14 12:51:27.127 D/CallLogAdapter( 3494): quickContactView.number=============01056299605
07-14 12:51:27.127 D/CallLogAdapter( 3494): quickContactView.contactUri=============null
07-14 12:51:27.127 D/ContactsProvider( 3494): [Contacts] query 'content://emdmcontacts/contacts', segment size: 1
07-14 12:51:27.135 E/CursorWindow( 3494): Failed to read row 4, column -1 from a CursorWindow which has 38 rows, 9 columns.
07-14 12:51:27.135 D/CallLogAdapter( 3494): java.lang.IllegalStateException: Couldn't read row 4, col -1 from CursorWindow.  Make sure the Cursor is initialized correctly before accessing data from it.
07-14 12:51:27.135 D/CallLogAdapter( 3494): ======no department find======
07-14 12:51:27.135 D/CALLLOGADAPTER( 3494): ++++++++++++++++++================================
07-14 12:51:27.135 D/ContactsProvider( 3494): [Contacts] query 'content://emdmcontacts/company_calllogs', segment size: 1
07-14 12:51:27.151 D/CallLogAdapter( 3494): quickContactView.number=============13263318053
07-14 12:51:27.151 D/CallLogAdapter( 3494): quickContactView.contactUri=============null
07-14 12:51:27.151 D/ContactsProvider( 3494): [Contacts] query 'content://emdmcontacts/contacts', segment size: 1
07-14 12:51:27.166 E/CursorWindow( 3494): Failed to read row 5, column -1 from a CursorWindow which has 38 rows, 9 columns.
07-14 12:51:27.166 D/CallLogAdapter( 3494): java.lang.IllegalStateException: Couldn't read row 5, col -1 from CursorWindow.  Make sure the Cursor is initialized correctly before accessing data from it.
07-14 12:51:27.166 D/CallLogAdapter( 3494): ======no department find======
07-14 12:51:27.166 D/CALLLOGADAPTER( 3494): ++++++++++++++++++================================
07-14 12:51:27.166 D/ContactsProvider( 3494): [Contacts] query 'content://emdmcontacts/company_calllogs', segment size: 1
07-14 12:51:27.182 D/CallLogAdapter( 3494): quickContactView.number=============13522849951
07-14 12:51:27.182 D/CallLogAdapter( 3494): quickContactView.contactUri=============null
07-14 12:51:27.182 D/ContactsProvider( 3494): [Contacts] query 'content://emdmcontacts/contacts', segment size: 1
07-14 12:51:27.190 E/CursorWindow( 3494): Failed to read row 6, column -1 from a CursorWindow which has 38 rows, 9 columns.
07-14 12:51:27.190 D/CallLogAdapter( 3494): java.lang.IllegalStateException: Couldn't read row 6, col -1 from CursorWindow.  Make sure the Cursor is initialized correctly before accessing data from it.
07-14 12:51:27.190 D/CallLogAdapter( 3494): ======no department find======
07-14 12:51:27.190 D/CALLLOGADAPTER( 3494): ++++++++++++++++++================================
07-14 12:51:27.190 D/ContactsProvider( 3494): [Contacts] query 'content://emdmcontacts/company_calllogs', segment size: 1
07-14 12:51:27.205 D/CallLogAdapter( 3494): quickContactView.number=============15010093591
07-14 12:51:27.205 D/CallLogAdapter( 3494): quickContactView.contactUri=============null
07-14 12:51:27.205 D/ContactsProvider( 3494): [Contacts] query 'content://emdmcontacts/contacts', segment size: 1
07-14 12:51:27.807 I/QueryController( 9363): Matched selector: UiSelector[PACKAGE NAME=com.pekall.emdm] <<==>> [android.view.accessibility.AccessibilityNodeInfo@2c5872; boundsInParent: Rect(0, 0 - 720, 1184); boundsInScreen: Rect(0, 0 - 720, 1184); packageName: com.pekall.emdm; className: android.widget.FrameLayout; text: null; contentDescription: null; viewIdResName: null; checkable: false; checked: false; focusable: false; focused: false; selected: false; clickable: false; longClickable: false; enabled: true; password: false; scrollable: false; [ACTION_SELECT, ACTION_CLEAR_SELECTION, ACTION_ACCESSIBILITY_FOCUS]]
07-14 12:51:27.987 D/dalvikvm( 3494): GC_CONCURRENT freed 3777K, 20% free 21156K/26160K, paused 4ms+21ms, total 140ms
07-14 12:51:27.994 W/CursorWrapperInner( 3494): Cursor finalized without prior close()
07-14 12:51:27.994 W/CursorWrapperInner( 3494): Cursor finalized without prior close()
07-14 12:51:27.994 W/CursorWrapperInner( 3494): Cursor finalized without prior close()
07-14 12:51:28.002 W/CursorWrapperInner( 3494): Cursor finalized without prior close()
07-14 12:51:28.018 D/dalvikvm(  374): GC_FOR_ALLOC freed 1272K, 32% free 18980K/27716K, paused 94ms, total 95ms
07-14 12:51:28.026 D/MdmApplication( 3494): [null:-1]->onActivityPaused contacts.activities.DialtactsActivity , mActivityCount = 3
07-14 12:51:28.033 D/MDM :   ( 3494): [null:-1]->query
07-14 12:51:28.033 D/MDM :   ( 3494): [null:-1]->QUERY_PINCODE_CHECK_RESULT
07-14 12:51:28.033 E/Mdm     ( 3494): Call Mdm service's setLastExitTime function
07-14 12:51:28.057 D/MdmApplication( 3494): [null:-1]->onActivityStarted ui.MainActivity , mActivityCount = 2
07-14 12:51:28.057 D/MDM :   ( 3494): [null:-1]->query
07-14 12:51:28.057 D/MDM :   ( 3494): [null:-1]->QUERY_PINCODE_CHECK_RESULT
07-14 12:51:28.651 D/AssistantCallLogFragment( 3494): [---null: -1---]onDestroyView==============
07-14 12:51:28.658 D/DefaultContactBrowseListFragment( 3494): onDestroyView==============
07-14 12:51:29.026 W/InteractionController( 9363): runAndwaitForEvent timedout waiting for events
07-14 12:51:29.065 I/QueryController( 9363): Matched selector: UiSelector[TEXT=, CLASS=android.widget.TextView] <<==>> [android.view.accessibility.AccessibilityNodeInfo@2762ea; boundsInParent: Rect(0, 0 - 148, 184); boundsInScreen: Rect(376, 572 - 524, 756); packageName: com.pekall.emdm; className: android.widget.TextView; text: ; contentDescription: null; viewIdResName: com.pekall.emdm:id/application_icon_content; checkable: false; checked: false; focusable: true; focused: false; selected: false; clickable: false; longClickable: false; enabled: true; password: false; scrollable: false; [ACTION_FOCUS, ACTION_SELECT, ACTION_CLEAR_SELECTION, ACTION_ACCESSIBILITY_FOCUS, ACTION_NEXT_AT_MOVEMENT_GRANULARITY, ACTION_PREVIOUS_AT_MOVEMENT_GRANULARITY, ACTION_SET_SELECTION]]
07-14 12:51:29.088 I/QueryController( 9363): Matched selector: UiSelector[TEXT=, CLASS=android.widget.TextView] <<==>> [android.view.accessibility.AccessibilityNodeInfo@275b68; boundsInParent: Rect(0, 0 - 148, 184); boundsInScreen: Rect(16, 572 - 164, 756); packageName: com.pekall.emdm; className: android.widget.TextView; text: ; contentDescription: null; viewIdResName: com.pekall.emdm:id/application_icon_content; checkable: false; checked: false; focusable: true; focused: false; selected: false; clickable: false; longClickable: false; enabled: true; password: false; scrollable: false; [ACTION_FOCUS, ACTION_SELECT, ACTION_CLEAR_SELECTION, ACTION_ACCESSIBILITY_FOCUS, ACTION_NEXT_AT_MOVEMENT_GRANULARITY, ACTION_PREVIOUS_AT_MOVEMENT_GRANULARITY, ACTION_SET_SELECTION]]
07-14 12:51:29.112 I/QueryController( 9363): Matched selector: UiSelector[TEXT=, CLASS=android.widget.TextView] <<==>> [android.view.accessibility.AccessibilityNodeInfo@2753e6; boundsInParent: Rect(0, 0 - 148, 184); boundsInScreen: Rect(376, 379 - 524, 563); packageName: com.pekall.emdm; className: android.widget.TextView; text: ; contentDescription: null; viewIdResName: com.pekall.emdm:id/application_icon_content; checkable: false; checked: false; focusable: true; focused: false; selected: false; clickable: false; longClickable: false; enabled: true; password: false; scrollable: false; [ACTION_FOCUS, ACTION_SELECT, ACTION_CLEAR_SELECTION, ACTION_ACCESSIBILITY_FOCUS, ACTION_NEXT_AT_MOVEMENT_GRANULARITY, ACTION_PREVIOUS_AT_MOVEMENT_GRANULARITY, ACTION_SET_SELECTION]]
07-14 12:51:29.119 D/InteractionController( 9363): clickAndWaitForNewWindow(450, 471)
07-14 12:51:29.283 I/ActivityManager(  374): START u0 {cmp=com.pekall.emdm/.contacts.activities.PeopleActivity} from pid 3494
07-14 12:51:29.408 D/dalvikvm(  374): GC_FOR_ALLOC freed 1154K, 32% free 18974K/27716K, paused 84ms, total 84ms
07-14 12:51:29.416 D/MdmApplication( 3494): [null:-1]->onActivityPaused ui.MainActivity , mActivityCount = 3
07-14 12:51:29.416 D/MDM :   ( 3494): [null:-1]->query
07-14 12:51:29.416 D/MDM :   ( 3494): [null:-1]->QUERY_PINCODE_CHECK_RESULT
07-14 12:51:29.416 E/Mdm     ( 3494): Call Mdm service's setLastExitTime function
07-14 12:51:29.455 I/ActivityManager(  374): START u0 {cmp=com.pekall.emdm/.contacts.activities.DialtactsActivity (has extras)} from pid 3494
07-14 12:51:29.487 D/MdmApplication( 3494): [null:-1]->onActivityStarted contacts.activities.DialtactsActivity , mActivityCount = 2
07-14 12:51:29.487 D/MDM :   ( 3494): [null:-1]->query
07-14 12:51:29.487 D/MDM :   ( 3494): [null:-1]->QUERY_PINCODE_CHECK_RESULT
07-14 12:51:29.518 D/ContactsProvider( 3494): [Contacts] query 'content://emdmcontacts/contacts', segment size: 1
07-14 12:51:29.518 D/Assistant( 3494): [---null: -1---]  changeCursor
07-14 12:51:29.518 D/Assistant( 3494): [---null: -1---]  findGroups
07-14 12:51:29.518 D/ContactsProvider( 3494): [Contacts] query 'content://emdmcontacts/contacts', segment size: 1
07-14 12:51:29.526 D/Assistant( 3494): [---null: -1---]  changeCursor
07-14 12:51:29.526 D/Assistant( 3494): [---null: -1---]  findGroups
07-14 12:51:29.533 D/Assistant( 3494): [---null: -1---]  OncreatTIME
07-14 12:51:29.549 I/ContactPhotoManager( 3494): Cache adj: 0.5
07-14 12:51:29.549 E/ContactPhotoManager( 3494): No contact photo service in context: com.pekall.emdm.MdmApplication@42817d40
07-14 12:51:29.604 D/ContactsProvider( 3494): [Contacts] query 'content://emdmcontacts/frequently_contacts', segment size: 1
07-14 12:51:29.604 D/ContactsProvider( 3494): [Contacts] query 'content://emdmcontacts/contacts', segment size: 1
07-14 12:51:29.612 D/ContactsProvider( 3494): [Contacts] query 'content://emdmcontacts/contacts', segment size: 1
07-14 12:51:29.612 D/Assistant( 3494): [---null: -1---]  changeCursor
07-14 12:51:29.612 D/Assistant( 3494): [---null: -1---]  findGroups
07-14 12:51:29.619 D/ContactsProvider( 3494): [Contacts] query 'content://emdmcontacts/contacts', segment size: 1
07-14 12:51:29.619 D/Assistant( 3494): [---null: -1---]  changeCursor
07-14 12:51:29.619 D/Assistant( 3494): [---null: -1---]  findGroups
07-14 12:51:29.619 D/ContactsProvider( 3494): [Contacts] query 'content://emdmcontacts/contacts', segment size: 1
07-14 12:51:29.627 D/ContactsProvider( 3494): [Contacts] query 'content://emdmcontacts/company_calllogs', segment size: 1
07-14 12:51:29.651 V/PhoneStatusBar(  450): setLightsOn(true)
07-14 12:51:29.783 I/ActivityManager(  374): Displayed com.pekall.emdm/.contacts.activities.DialtactsActivity: +326ms (total +348ms)
07-14 12:51:29.791 D/ContactsProvider( 3494): [Contacts] query 'content://emdmcontacts/company_calllogs', segment size: 1
07-14 12:51:29.807 D/Assistant( 3494): [---null: -1---]  changeCursor
07-14 12:51:29.807 D/Assistant( 3494): [---null: -1---]  findGroups
07-14 12:51:29.807 D/Assistant( 3494): [---null: -1---]  addGroup
07-14 12:51:29.815 D/Assistant( 3494): [---null: -1---]  addGroup
07-14 12:51:29.815 D/Assistant( 3494): [---null: -1---]  addGroup
07-14 12:51:29.815 D/Assistant( 3494): [---null: -1---]  addGroup
07-14 12:51:29.815 D/Assistant( 3494): [---null: -1---]  addGroup
07-14 12:51:29.846 E/CursorWindow( 3494): Failed to read row 0, column -1 from a CursorWindow which has 38 rows, 9 columns.
07-14 12:51:29.846 D/CallLogAdapter( 3494): java.lang.IllegalStateException: Couldn't read row 0, col -1 from CursorWindow.  Make sure the Cursor is initialized correctly before accessing data from it.
07-14 12:51:29.846 D/CallLogAdapter( 3494): ======no department find======
07-14 12:51:29.846 D/CALLLOGADAPTER( 3494): ++++++++++++++++++================================
07-14 12:51:29.846 D/ContactsProvider( 3494): [Contacts] query 'content://emdmcontacts/company_calllogs', segment size: 1
07-14 12:51:29.854 D/CallLogAdapter( 3494): quickContactView.number=============13220164537
07-14 12:51:29.854 D/CallLogAdapter( 3494): quickContactView.contactUri=============null
07-14 12:51:29.862 D/ContactsProvider( 3494): [Contacts] query 'content://emdmcontacts/contacts', segment size: 1
07-14 12:51:29.893 E/CursorWindow( 3494): Failed to read row 1, column -1 from a CursorWindow which has 38 rows, 9 columns.
07-14 12:51:29.893 D/CallLogAdapter( 3494): java.lang.IllegalStateException: Couldn't read row 1, col -1 from CursorWindow.  Make sure the Cursor is initialized correctly before accessing data from it.
07-14 12:51:29.893 D/CallLogAdapter( 3494): ======no department find======
07-14 12:51:29.893 D/CALLLOGADAPTER( 3494): ++++++++++++++++++================================
07-14 12:51:29.893 D/ContactsProvider( 3494): [Contacts] query 'content://emdmcontacts/company_calllogs', segment size: 1
07-14 12:51:29.908 D/CallLogAdapter( 3494): quickContactView.number=============01056299605
07-14 12:51:29.908 D/CallLogAdapter( 3494): quickContactView.contactUri=============null
07-14 12:51:29.908 D/ContactsProvider( 3494): [Contacts] query 'content://emdmcontacts/contacts', segment size: 1
07-14 12:51:29.940 E/CursorWindow( 3494): Failed to read row 4, column -1 from a CursorWindow which has 38 rows, 9 columns.
07-14 12:51:29.940 D/CallLogAdapter( 3494): java.lang.IllegalStateException: Couldn't read row 4, col -1 from CursorWindow.  Make sure the Cursor is initialized correctly before accessing data from it.
07-14 12:51:29.940 D/CallLogAdapter( 3494): ======no department find======
07-14 12:51:29.940 D/CALLLOGADAPTER( 3494): ++++++++++++++++++================================
07-14 12:51:29.940 D/ContactsProvider( 3494): [Contacts] query 'content://emdmcontacts/company_calllogs', segment size: 1
07-14 12:51:29.963 D/CallLogAdapter( 3494): quickContactView.number=============13263318053
07-14 12:51:29.963 D/CallLogAdapter( 3494): quickContactView.contactUri=============null
07-14 12:51:29.963 D/ContactsProvider( 3494): [Contacts] query 'content://emdmcontacts/contacts', segment size: 1
07-14 12:51:29.994 E/CursorWindow( 3494): Failed to read row 5, column -1 from a CursorWindow which has 38 rows, 9 columns.
07-14 12:51:29.994 D/CallLogAdapter( 3494): java.lang.IllegalStateException: Couldn't read row 5, col -1 from CursorWindow.  Make sure the Cursor is initialized correctly before accessing data from it.
07-14 12:51:29.994 D/CallLogAdapter( 3494): ======no department find======
07-14 12:51:29.994 D/CALLLOGADAPTER( 3494): ++++++++++++++++++================================
07-14 12:51:29.994 D/ContactsProvider( 3494): [Contacts] query 'content://emdmcontacts/company_calllogs', segment size: 1
07-14 12:51:30.010 D/CallLogAdapter( 3494): quickContactView.number=============13522849951
07-14 12:51:30.010 D/CallLogAdapter( 3494): quickContactView.contactUri=============null
07-14 12:51:30.010 D/ContactsProvider( 3494): [Contacts] query 'content://emdmcontacts/contacts', segment size: 1
07-14 12:51:30.049 E/CursorWindow( 3494): Failed to read row 6, column -1 from a CursorWindow which has 38 rows, 9 columns.
07-14 12:51:30.049 D/CallLogAdapter( 3494): java.lang.IllegalStateException: Couldn't read row 6, col -1 from CursorWindow.  Make sure the Cursor is initialized correctly before accessing data from it.
07-14 12:51:30.049 D/CallLogAdapter( 3494): ======no department find======
07-14 12:51:30.049 D/CALLLOGADAPTER( 3494): ++++++++++++++++++================================
07-14 12:51:30.049 D/ContactsProvider( 3494): [Contacts] query 'content://emdmcontacts/company_calllogs', segment size: 1
07-14 12:51:30.065 D/CallLogAdapter( 3494): quickContactView.number=============15010093591
07-14 12:51:30.065 D/CallLogAdapter( 3494): quickContactView.contactUri=============null
07-14 12:51:30.065 D/ContactsProvider( 3494): [Contacts] query 'content://emdmcontacts/contacts', segment size: 1
07-14 12:51:30.752 I/QueryController( 9363): Matched selector: UiSelector[RESOURCE_ID=com.pekall.emdm:id/thrid] <<==>> [android.view.accessibility.AccessibilityNodeInfo@2d84c8; boundsInParent: Rect(0, 0 - 180, 50); boundsInScreen: Rect(360, 73 - 540, 123); packageName: com.pekall.emdm; className: android.widget.ImageView; text: null; contentDescription: null; viewIdResName: com.pekall.emdm:id/thrid; checkable: false; checked: false; focusable: false; focused: false; selected: false; clickable: true; longClickable: false; enabled: true; password: false; scrollable: false; [ACTION_SELECT, ACTION_CLEAR_SELECTION, ACTION_CLICK, ACTION_ACCESSIBILITY_FOCUS]]
07-14 12:51:30.815 I/QueryController( 9363): Matched selector: UiSelector[RESOURCE_ID=com.pekall.emdm:id/thrid] <<==>> [android.view.accessibility.AccessibilityNodeInfo@2d84c8; boundsInParent: Rect(0, 0 - 180, 50); boundsInScreen: Rect(360, 73 - 540, 123); packageName: com.pekall.emdm; className: android.widget.ImageView; text: null; contentDescription: null; viewIdResName: com.pekall.emdm:id/thrid; checkable: false; checked: false; focusable: false; focused: false; selected: false; clickable: true; longClickable: false; enabled: true; password: false; scrollable: false; [ACTION_SELECT, ACTION_CLEAR_SELECTION, ACTION_CLICK, ACTION_ACCESSIBILITY_FOCUS]]
07-14 12:51:30.823 D/InteractionController( 9363): clickAndSync(450, 98)
07-14 12:51:31.971 W/MountService(  374): getVolumeState(/storage/emulated/0/external_sd): Unknown volume
07-14 12:51:31.971 W/MountService(  374): getVolumeState(/mnt/sdcard-ext): Unknown volume
07-14 12:51:31.971 W/MountService(  374): getVolumeState(/mnt/ext_sdcard): Unknown volume
07-14 12:51:31.979 W/MountService(  374): getVolumeState(/mnt/sdcard2): Unknown volume
07-14 12:51:31.979 W/MountService(  374): getVolumeState(/mnt/emmc): Unknown volume
07-14 12:51:31.979 W/MountService(  374): getVolumeState(/mnt/extSdCard): Unknown volume
07-14 12:51:31.979 W/MountService(  374): getVolumeState(/mnt/sdcard/SD_CARD): Unknown volume
07-14 12:51:31.987 W/MountService(  374): getVolumeState(/mnt/sdcard/extra_sd): Unknown volume
07-14 12:51:31.987 W/MountService(  374): getVolumeState(/mnt/extrasd_bind): Unknown volume
07-14 12:51:31.987 W/MountService(  374): getVolumeState(/mnt/sdcard/ext_sd): Unknown volume
07-14 12:51:31.987 W/MountService(  374): getVolumeState(/storage/extSdCard): Unknown volume
07-14 12:51:31.987 W/MountService(  374): getVolumeState(/storage/sdcard1): Unknown volume
07-14 12:51:31.987 W/MountService(  374): getVolumeState(/mnt/sdcard/external_SD): Unknown volume
07-14 12:51:31.994 W/MountService(  374): getVolumeState(/mnt/sdcard/external_sd): Unknown volume
07-14 12:51:32.018 D/dalvikvm( 6152): GC_CONCURRENT freed 375K, 7% free 9415K/10072K, paused 3ms+3ms, total 26ms
07-14 12:51:32.018 D/dalvikvm( 6152): WAIT_FOR_CONCURRENT_GC blocked 21ms
07-14 12:51:32.018 D/dalvikvm( 6152): WAIT_FOR_CONCURRENT_GC blocked 19ms
07-14 12:51:32.252 D/dalvikvm( 6152): GC_CONCURRENT freed 495K, 7% free 9428K/10072K, paused 9ms+3ms, total 49ms
07-14 12:51:32.252 D/dalvikvm( 6152): WAIT_FOR_CONCURRENT_GC blocked 16ms
07-14 12:51:32.252 D/dalvikvm( 6152): WAIT_FOR_CONCURRENT_GC blocked 8ms
07-14 12:51:32.260 W/MountService(  374): getVolumeState(/storage/emulated/0/external_sd): Unknown volume
07-14 12:51:32.260 W/MountService(  374): getVolumeState(/mnt/sdcard-ext): Unknown volume
07-14 12:51:32.260 W/MountService(  374): getVolumeState(/mnt/ext_sdcard): Unknown volume
07-14 12:51:32.260 W/MountService(  374): getVolumeState(/mnt/sdcard2): Unknown volume
07-14 12:51:32.260 W/MountService(  374): getVolumeState(/mnt/emmc): Unknown volume
07-14 12:51:32.268 W/MountService(  374): getVolumeState(/mnt/extSdCard): Unknown volume
07-14 12:51:32.268 W/MountService(  374): getVolumeState(/mnt/sdcard/SD_CARD): Unknown volume
07-14 12:51:32.268 W/MountService(  374): getVolumeState(/mnt/sdcard/extra_sd): Unknown volume
07-14 12:51:32.268 W/MountService(  374): getVolumeState(/mnt/extrasd_bind): Unknown volume
07-14 12:51:32.268 W/MountService(  374): getVolumeState(/mnt/sdcard/ext_sd): Unknown volume
07-14 12:51:32.268 W/MountService(  374): getVolumeState(/storage/extSdCard): Unknown volume
07-14 12:51:32.268 W/MountService(  374): getVolumeState(/storage/sdcard1): Unknown volume
07-14 12:51:32.268 W/MountService(  374): getVolumeState(/mnt/sdcard/external_SD): Unknown volume
07-14 12:51:32.268 W/MountService(  374): getVolumeState(/mnt/sdcard/external_sd): Unknown volume
07-14 12:51:32.385 D/dalvikvm( 6152): GC_CONCURRENT freed 437K, 7% free 9394K/10072K, paused 2ms+3ms, total 34ms
07-14 12:51:33.924 W/InteractionController( 9363): runAndwaitForEvent timedout waiting for events
07-14 12:51:34.237 I/AndroidRuntime( 9363): VM exiting with result code 0.
07-14 12:51:42.612 D/MdmService( 3494): [null:-1]->receiver action :com.pekall.mdm.action.MDM_ALARM
07-14 12:51:43.041 D/LightsService(  374): Excessive delay setting light: 67ms
07-14 12:51:43.276 D/LightsService(  374): Excessive delay setting light: 67ms
07-14 12:51:45.830 I/PowerManagerService(  374): Going to sleep due to screen timeout...
07-14 12:51:46.588 D/SurfaceFlinger(  124): Screen released, type=0 flinger=0x41e1a478
07-14 12:51:46.729 D/dalvikvm(  374): GC_FOR_ALLOC freed 1707K, 31% free 19248K/27716K, paused 90ms, total 90ms
07-14 12:51:46.744 D/MdmApplication( 3494): [null:-1]->onActivityPaused contacts.activities.DialtactsActivity , mActivityCount = 3
07-14 12:51:46.744 D/MDM :   ( 3494): [null:-1]->query
07-14 12:51:46.744 D/MDM :   ( 3494): [null:-1]->QUERY_PINCODE_CHECK_RESULT
07-14 12:51:46.744 E/Mdm     ( 3494): Call Mdm service's setLastExitTime function
07-14 12:51:46.744 I/WindowManager(  374): Screenshot Window{42d2bd58 u0 com.pekall.emdm/com.pekall.emdm.contacts.activities.DialtactsActivity} was all black! mSurfaceLayer=21020 minLayer=21005 maxLayer=21020
07-14 12:51:46.846 D/NfcService(  582): NFC-C OFF, disconnect
07-14 12:51:46.979 D/dalvikvm( 2019): GC_FOR_ALLOC freed 319K, 7% free 9928K/10588K, paused 20ms, total 21ms
07-14 12:51:46.994 V/KeyguardHostView(  374): hide transport, gen:41
07-14 12:51:46.994 V/KeyguardHostView(  374): music state changed: 0
07-14 12:51:47.018 D/MDM :   ( 3494): [null:-1]->query
07-14 12:51:47.018 D/MDM :   ( 3494): [null:-1]->QUERY_SETTING_PIN_ONOFF
07-14 12:51:47.065 D/PhoneStatusBar(  450): disable: < expand icons alerts ticker system_info back home RECENT* clock search >
07-14 12:51:47.104 V/TAG     (  374): bug 7643792: fitSystemWindows([0,50][0,0])
07-14 12:51:47.166 D/dalvikvm(  374): GC_CONCURRENT freed 1165K, 26% free 20650K/27716K, paused 4ms+10ms, total 166ms
07-14 12:51:47.198 D/dalvikvm( 1146): GC_CONCURRENT freed 398K, 6% free 9268K/9816K, paused 3ms+3ms, total 31ms
07-14 12:51:47.244 D/PhoneStatusBar(  450): disable: < expand icons alerts ticker system_info BACK* HOME* RECENT CLOCK* search >
07-14 12:51:47.596 D/dalvikvm( 5090): GC_CONCURRENT freed 423K, 6% free 10065K/10688K, paused 4ms+3ms, total 42ms
07-14 12:51:51.010 D/PushService( 4980): [null:-1]->receiver action :com.pekall.mdm.action.PUSH_ALARM
07-14 12:51:51.010 I/ActivityManager(  374): No longer want com.pekall.nmefc (pid 4980): empty for 1800s
07-14 12:51:51.033 W/ActivityManager(  374): Scheduling restart of crashed service com.pekall.nmefc/com.pekall.lib.push.PushService in 5000ms
07-14 12:51:56.057 I/ActivityManager(  374): Start proc com.pekall.nmefc for service com.pekall.nmefc/com.pekall.lib.push.PushService: pid=9435 uid=10068 gids={50068, 1015, 1028, 3003}
07-14 12:51:56.151 D/dalvikvm( 9435): Trying to load lib /data/app-lib/com.pekall.nmefc-1/libBaiduMapSDK_v2_4_0.so 0x42808460
07-14 12:51:56.174 D/dalvikvm( 9435): Added shared lib /data/app-lib/com.pekall.nmefc-1/libBaiduMapSDK_v2_4_0.so 0x42808460
07-14 12:51:56.229 D/AppCommonMemCache( 9435): commonmemcache addr: 1525175916
07-14 12:51:56.283 I/auth info( 9435): ak:  ryMGcVcAAGEj0xnPp0vbh8Q4
07-14 12:51:56.283 I/auth info( 9435): mcode:  62:30:B6:24:E3:55:96:DC:05:ED:3E:6E:44:83:87:D5:AF:E7:B3:B9;com.pekall.nmefc
07-14 12:51:56.330 D/dalvikvm( 9435): GC_CONCURRENT freed 253K, 4% free 9139K/9428K, paused 4ms+4ms, total 35ms
07-14 12:51:56.330 D/dalvikvm( 9435): WAIT_FOR_CONCURRENT_GC blocked 23ms
07-14 12:51:56.440 D/PushService( 9435): [null:-1]->receiver action :android.net.conn.CONNECTIVITY_CHANGE
07-14 12:51:56.651 D/dalvikvm( 9435): GC_CONCURRENT freed 387K, 6% free 9141K/9656K, paused 2ms+2ms, total 20ms
07-14 12:51:56.807 E/baidumapsdk( 9435): Authentication Error,status: 102 message: IP/SN/SCODE/REFERER Illegal:
07-14 12:51:59.807 D/ContactsProvider( 3494): [Contacts] query 'content://emdmcontacts/company_calllogs', segment size: 1
07-14 12:51:59.815 D/Assistant( 3494): [---null: -1---]  changeCursor
07-14 12:51:59.815 D/Assistant( 3494): [---null: -1---]  findGroups
07-14 12:51:59.823 D/Assistant( 3494): [---null: -1---]  addGroup
07-14 12:51:59.823 D/Assistant( 3494): [---null: -1---]  addGroup
07-14 12:51:59.830 D/Assistant( 3494): [---null: -1---]  addGroup
07-14 12:51:59.830 D/Assistant( 3494): [---null: -1---]  addGroup
07-14 12:51:59.830 D/Assistant( 3494): [---null: -1---]  addGroup
07-14 12:52:00.573 D/MDM :   ( 3494): [null:-1]->MSG_WEBSOCKET_MESSAGE : {"id":529491944,"type":0,"command":0,"result":0,"reason":0,"params":{"msgId":"23d01626-b75c-4347-8684-7762ef0459c7,23d01626b75c434786847762ef0459c7","device":"ffffffffc539bb10fffffffff7aea961","message":"{\"cmd\":\"10119\"}"}}
07-14 12:52:00.588 D/MdmService( 3494): [null:-1]->push message type :0
07-14 12:52:00.588 D/MdmService( 3494): [null:-1]->cmdMessage : {"cmd":"10119"}
07-14 12:52:00.588 D/MdmService( 3494): [null:-1]->command : PushCommandMsg{cmd='10119', msg='null'}
07-14 12:52:00.588 D/MDM :   ( 3494): [null:-1]->PUSH CMD: 10119
07-14 12:52:00.596 D/MdmStatusManager( 3494): [null:-1]->change status to : Busy
07-14 12:52:00.596 D/DB      ( 3494): query: SQLiteQuery: SELECT content, command_status, status FROM command WHERE status!=2
07-14 12:52:00.596 D/DB      ( 3494): factory null
07-14 12:52:00.596 D/DB      ( 3494): fillWindow: 0
07-14 12:52:00.596 D/DB      ( 3494): cursor 0
07-14 12:52:00.596 D/DB      ( 3494): moveToPos: 0
07-14 12:52:00.596 I/TransInfo( 3494): TransInfo created, id: 3, class: class com.pekall.emdm.transaction.b.c
07-14 12:52:00.596 D/NetworkThread( 3494): [null:-1]->----isRunning-----true
07-14 12:52:00.604 D/NetworkThread( 3494): [null:-1]->----isRunning-----true
07-14 12:52:00.604 D/NetworkThread( 3494): [null:-1]->thread wakeup
07-14 12:52:00.604 D/HttpClient( 3494): enable apache.http debug
07-14 12:52:00.612 V/DEBUG   ( 3494): HTTP 0
07-14 12:52:01.401 V/DEBUG   ( 3494): HTTP 1
07-14 12:52:01.408 D/MDM :   ( 3494): [null:-1]->read network input stream
07-14 12:52:01.424 D/CheckInTransInfo( 3494): [null:-1]->CommandMsg : CommandMsg{CommandUUID='8a80888e4732aed501473336913f0773', Command=CommandInstallDocument{DocumentName='6', DocumentSize=125, DocumentFormat='null', DownloadURL='http://test.mdm.everknow.cn/resources/api/v1/download/guest?uuid=41c2add28f4d4f89514af0c97e4c', Auth=null, DocumentUUID='8a80888c46c806620146cbd7085f16b1', Version='1.0', DocumentDescription='null', DocumentCategory=null, IsCompressed=null, ReadAuthDay=null, RingNotify=null, EncryptLevel=null}}
07-14 12:52:01.424 D/DB      ( 3494): query: SQLiteQuery: SELECT * FROM command WHERE cmd_uuid='8a80888e4732aed501473336913f0773'
07-14 12:52:01.424 D/DB      ( 3494): factory null
07-14 12:52:01.424 D/DB      ( 3494): fillWindow: 0
07-14 12:52:01.424 D/DB      ( 3494): cursor 0
07-14 12:52:01.471 D/NetworkThread( 3494): [null:-1]->queue is empty, thread wait...
07-14 12:52:01.573 D/MdmService( 3494): [null:-1]->handleCheckInResult
07-14 12:52:01.573 D/MdmService( 3494): [null:-1]->handleCheckInResult result keyIndex: 3
07-14 12:52:01.573 D/CommandManager( 3494): [null:-1]->execute command: CommandMsg{CommandUUID='8a80888e4732aed501473336913f0773', Command=CommandInstallDocument{DocumentName='6', DocumentSize=125, DocumentFormat='null', DownloadURL='http://test.mdm.everknow.cn/resources/api/v1/download/guest?uuid=41c2add28f4d4f89514af0c97e4c', Auth=null, DocumentUUID='8a80888c46c806620146cbd7085f16b1', Version='1.0', DocumentDescription='null', DocumentCategory=null, IsCompressed=null, ReadAuthDay=null, RingNotify=null, EncryptLevel=null}}
07-14 12:52:01.580 D/DownLoadDocService( 3494): [null:-1]->action is  com.pekall.emdm.action.DOWNLOADDOC
07-14 12:52:01.580 D/DownLoadDocService( 3494): [null:-1]->uuid is  8a80888c46c806620146cbd7085f16b1 ,url is http://test.mdm.everknow.cn/resources/api/v1/download/guest?uuid=41c2add28f4d4f89514af0c97e4c
07-14 12:52:01.580 E/DB      ( 3494): bind, index: 1, value: 8a80888c46c806620146cbd7085f16b1
07-14 12:52:01.580 D/DB      ( 3494): query: SQLiteQuery: SELECT * FROM doc WHERE uuid=?
07-14 12:52:01.580 D/DB      ( 3494): factory null
07-14 12:52:01.580 D/DB      ( 3494): fillWindow: 0
07-14 12:52:01.588 D/DB      ( 3494): cursor 0
07-14 12:52:01.588 D/DB      ( 3494): moveToPos: 0
07-14 12:52:01.635 D/DB      ( 3494): query: SQLiteQuery: SELECT * FROM doc WHERE browseStatus = 0 AND type = 'Normal'
07-14 12:52:01.635 D/DB      ( 3494): factory null
07-14 12:52:01.635 D/DB      ( 3494): fillWindow: 0
07-14 12:52:01.635 D/DB      ( 3494): cursor 0
07-14 12:52:01.635 E/Mdm     ( 3494): Call Mdm service's recordIconCount function
07-14 12:52:01.635 E/DB      ( 3494): bind, index: 1, value: 8a80888c46c806620146cbd7085f16b1
07-14 12:52:01.635 E/DB      ( 3494): bind, index: 2, value: Contact
07-14 12:52:01.635 D/DB      ( 3494): query: SQLiteQuery: SELECT * FROM doc WHERE uuid=? AND type=?
07-14 12:52:01.635 D/DB      ( 3494): factory null
07-14 12:52:01.635 D/DB      ( 3494): fillWindow: 0
07-14 12:52:01.635 I/TransInfo( 3494): TransInfo created, id: 3, class: class com.pekall.emdm.transaction.b.c
07-14 12:52:01.635 D/DB      ( 3494): cursor 1
07-14 12:52:01.635 D/DB      ( 3494): moveToPos: 0
07-14 12:52:01.635 D/DB      ( 3494): onMove: 0
07-14 12:52:01.635 D/NetworkThread( 3494): [null:-1]->----isRunning-----true
07-14 12:52:01.635 D/NetworkThread( 3494): [null:-1]->----isRunning-----true
07-14 12:52:01.635 D/NetworkThread( 3494): [null:-1]->thread wakeup
07-14 12:52:01.643 D/HttpClient( 3494): enable apache.http debug
07-14 12:52:01.651 V/DEBUG   ( 3494): HTTP 0
07-14 12:52:01.666 D/DB      ( 3494): query: SQLiteQuery: SELECT * FROM doc WHERE browseStatus = 0 AND type = 'Normal'
07-14 12:52:01.666 D/DB      ( 3494): factory null
07-14 12:52:01.666 D/DB      ( 3494): fillWindow: 0
07-14 12:52:01.666 D/DB      ( 3494): cursor 0
07-14 12:52:01.674 E/Mdm     ( 3494): Call Mdm service's recordIconCount function
07-14 12:52:02.416 V/DEBUG   ( 3494): HTTP 1
07-14 12:52:02.424 D/MdmDatabaseHelper( 3494): [null:-1]->update command 8a80888e4732aed501473336913f0773 to status executed
07-14 12:52:02.455 D/NetworkThread( 3494): [null:-1]->queue is empty, thread wait...
07-14 12:52:02.526 D/MdmService( 3494): [null:-1]->handleCheckInResult
07-14 12:52:02.526 D/MdmService( 3494): [null:-1]->handleCheckInResult result keyIndex: 3
07-14 12:52:02.526 D/HandleCommandTask( 3494): [null:-1]->execute command msg but beanBase is null
07-14 12:52:02.526 D/MdmStatusManager( 3494): [null:-1]->change status to : Idle
07-14 12:52:04.479 W/System.err( 3494): java.io.FileNotFoundException: http://test.mdm.everknow.cn/resources/api/v1/download/guest?uuid=41c2add28f4d4f89514af0c97e4c
07-14 12:52:04.487 W/System.err( 3494): 	at libcore.net.http.HttpURLConnectionImpl.getInputStream(HttpURLConnectionImpl.java:186)
07-14 12:52:04.487 W/System.err( 3494): 	at com.pekall.emdm.document.b.a.a(Unknown Source)
07-14 12:52:04.487 W/System.err( 3494): 	at com.pekall.emdm.document.b.a.b(Unknown Source)
07-14 12:52:04.487 W/System.err( 3494): 	at com.pekall.emdm.document.b.a.a(Unknown Source)
07-14 12:52:04.487 W/System.err( 3494): 	at com.pekall.emdm.document.b.b.run(Unknown Source)
07-14 12:52:04.487 W/System.err( 3494): 	at java.util.concurrent.ThreadPoolExecutor.runWorker(ThreadPoolExecutor.java:1080)
07-14 12:52:04.487 W/System.err( 3494): 	at java.util.concurrent.ThreadPoolExecutor$Worker.run(ThreadPoolExecutor.java:573)
07-14 12:52:04.487 W/System.err( 3494): 	at java.lang.Thread.run(Thread.java:841)
07-14 12:52:04.487 E/DB      ( 3494): bind, index: 1, value: 8a80888c46c806620146cbd7085f16b1
07-14 12:52:04.487 E/DB      ( 3494): bind, index: 2, value: Contact
07-14 12:52:04.494 D/DB      ( 3494): query: SQLiteQuery: SELECT * FROM doc WHERE uuid=? AND type=?
07-14 12:52:04.494 D/DB      ( 3494): factory null
07-14 12:52:04.494 D/DB      ( 3494): fillWindow: 0
07-14 12:52:04.494 D/DB      ( 3494): cursor 1
07-14 12:52:04.494 D/DB      ( 3494): moveToPos: 0
07-14 12:52:04.494 D/DB      ( 3494): onMove: 0
07-14 12:52:04.526 D/DB      ( 3494): query: SQLiteQuery: SELECT * FROM doc WHERE browseStatus = 0 AND type = 'Normal'
07-14 12:52:04.526 D/DB      ( 3494): factory null
07-14 12:52:04.526 D/DB      ( 3494): fillWindow: 0
07-14 12:52:04.526 D/DB      ( 3494): cursor 0
07-14 12:52:04.526 E/Mdm     ( 3494): Call Mdm service's recordIconCount function
07-14 12:52:04.541 D/DB      ( 3494): query: SQLiteQuery: SELECT uuid, status FROM doc WHERE uploadStatus =0 AND type ='Normal'
07-14 12:52:04.541 D/DB      ( 3494): factory null
07-14 12:52:04.541 D/DB      ( 3494): fillWindow: 0
07-14 12:52:04.541 D/DB      ( 3494): cursor 1
07-14 12:52:04.541 D/DB      ( 3494): moveToPos: 0
07-14 12:52:04.541 D/DB      ( 3494): onMove: 0
07-14 12:52:04.541 D/DB      ( 3494): moveToPos: 1
07-14 12:52:09.362 D/AndroidRuntime( 9461): 
07-14 12:52:09.362 D/AndroidRuntime( 9461): >>>>>> AndroidRuntime START com.android.internal.os.RuntimeInit <<<<<<
07-14 12:52:09.362 D/AndroidRuntime( 9461): CheckJNI is OFF
07-14 12:52:09.377 D/dalvikvm( 9461): Trying to load lib libjavacore.so 0x0
07-14 12:52:09.385 D/dalvikvm( 9461): Added shared lib libjavacore.so 0x0
07-14 12:52:09.401 D/dalvikvm( 9461): Trying to load lib libnativehelper.so 0x0
07-14 12:52:09.401 D/dalvikvm( 9461): Added shared lib libnativehelper.so 0x0
07-14 12:52:09.619 D/AndroidRuntime( 9461): Calling main entry com.android.commands.uiautomator.Launcher
07-14 12:52:09.658 E/UiDevice( 9461): Exceuting watcher: ANRWatcher
07-14 12:52:09.658 E/UiDevice( 9461): java.lang.RuntimeException: UiDevice not initialized
07-14 12:52:09.658 E/UiDevice( 9461): 	at com.android.uiautomator.core.UiDevice.getAutomatorBridge(UiDevice.java:87)
07-14 12:52:09.658 E/UiDevice( 9461): 	at com.android.uiautomator.core.UiDevice.wakeUp(UiDevice.java:719)
07-14 12:52:09.658 E/UiDevice( 9461): 	at com.pekall.test.mdmui.util.UiANRWatcher.checkForCondition(UiANRWatcher.java:23)
07-14 12:52:09.658 E/UiDevice( 9461): 	at com.android.uiautomator.core.UiDevice.runWatchers(UiDevice.java:554)
07-14 12:52:09.658 E/UiDevice( 9461): 	at com.pekall.test.mdmui.util.UiANRWatcher.run(UiANRWatcher.java:41)
07-14 12:52:09.658 E/UiDevice( 9461): 	at com.pekall.test.mdmui.Contacts.<clinit>(Contacts.java:21)
07-14 12:52:09.658 E/UiDevice( 9461): 	at java.lang.Class.newInstanceImpl(Native Method)
07-14 12:52:09.658 E/UiDevice( 9461): 	at java.lang.Class.newInstance(Class.java:1130)
07-14 12:52:09.658 E/UiDevice( 9461): 	at com.android.uiautomator.testrunner.TestCaseCollector.addSingleTestMethod(TestCaseCollector.java:110)
07-14 12:52:09.658 E/UiDevice( 9461): 	at com.android.uiautomator.testrunner.TestCaseCollector.addTestClass(TestCaseCollector.java:86)
07-14 12:52:09.658 E/UiDevice( 9461): 	at com.android.uiautomator.testrunner.TestCaseCollector.addTestClass(TestCaseCollector.java:72)
07-14 12:52:09.658 E/UiDevice( 9461): 	at com.android.uiautomator.testrunner.TestCaseCollector.addTestClasses(TestCaseCollector.java:53)
07-14 12:52:09.658 E/UiDevice( 9461): 	at com.android.uiautomator.testrunner.UiAutomatorTestRunner.start(UiAutomatorTestRunner.java:106)
07-14 12:52:09.658 E/UiDevice( 9461): 	at com.android.uiautomator.testrunner.UiAutomatorTestRunner.run(UiAutomatorTestRunner.java:96)
07-14 12:52:09.658 E/UiDevice( 9461): 	at com.android.commands.uiautomator.RunTestCommand.run(RunTestCommand.java:91)
07-14 12:52:09.658 E/UiDevice( 9461): 	at com.android.commands.uiautomator.Launcher.main(Launcher.java:83)
07-14 12:52:09.658 E/UiDevice( 9461): 	at com.android.internal.os.RuntimeInit.nativeFinishInit(Native Method)
07-14 12:52:09.658 E/UiDevice( 9461): 	at com.android.internal.os.RuntimeInit.main(RuntimeInit.java:235)
07-14 12:52:09.658 E/UiDevice( 9461): 	at dalvik.system.NativeStart.main(Native Method)
07-14 12:52:09.666 D/dalvikvm( 9461): Note: class Landroid/app/ActivityManagerNative; has 163 unimplemented (abstract) methods
07-14 12:52:09.729 I/PowerManagerService(  374): Waking up from sleep...
07-14 12:52:09.760 I/WindowManager(  374): Lock screen displayed!
07-14 12:52:10.018 V/DigitalWidgetViewsFactory( 2502): DigitalWidget sets next alarm string to null
07-14 12:52:10.088 D/PowerManagerService-JNI(  374): Excessive delay in autosuspend_disable() while turning screen on: 351ms
07-14 12:52:10.088 D/SurfaceFlinger(  124): Screen acquired, type=0 flinger=0x41e1a478
07-14 12:52:10.166 D/LightsService(  374): Excessive delay setting light: 84ms
07-14 12:52:10.237 D/LightsService(  374): Excessive delay setting light: 68ms
07-14 12:52:10.448 D/AndroidRuntime( 9479): 
07-14 12:52:10.448 D/AndroidRuntime( 9479): >>>>>> AndroidRuntime START com.android.internal.os.RuntimeInit <<<<<<
07-14 12:52:10.448 D/AndroidRuntime( 9479): CheckJNI is OFF
07-14 12:52:10.463 D/dalvikvm( 9479): Trying to load lib libjavacore.so 0x0
07-14 12:52:10.471 D/dalvikvm( 9479): Added shared lib libjavacore.so 0x0
07-14 12:52:10.487 D/dalvikvm( 9479): Trying to load lib libnativehelper.so 0x0
07-14 12:52:10.487 D/dalvikvm( 9479): Added shared lib libnativehelper.so 0x0
07-14 12:52:10.752 D/AndroidRuntime( 9479): Calling main entry com.qihoo360.powerctl.root.app.App
07-14 12:52:10.752 D/AndroidRuntime( 9479): Shutting down VM
07-14 12:52:10.776 D/dalvikvm( 9479): GC_CONCURRENT freed 115K, 21% free 467K/592K, paused 1ms+0ms, total 4ms
07-14 12:52:11.619 I/QueryController( 9461): Matched selector: UiSelector[DESCRIPTION=] <<==>> [android.view.accessibility.AccessibilityNodeInfo@37ad76; boundsInParent: Rect(0, 0 - 720, 756); boundsInScreen: Rect(0, 547 - 720, 1303); packageName: android; className: android.view.View; text: null; contentDescription: ; viewIdResName: android:id/glow_pad_view; checkable: false; checked: false; focusable: false; focused: false; selected: false; clickable: false; longClickable: false; enabled: true; password: false; scrollable: false; [ACTION_SELECT, ACTION_CLEAR_SELECTION, ACTION_ACCESSIBILITY_FOCUS, ACTION_NEXT_AT_MOVEMENT_GRANULARITY, ACTION_PREVIOUS_AT_MOVEMENT_GRANULARITY, ACTION_SET_SELECTION]]
07-14 12:52:11.627 W/GlowPadView(  374): The number of target drawables must be equal to the number of direction descriptions.
07-14 12:52:11.987 D/MdmApplication( 3494): [null:-1]->onActivityStarted contacts.activities.DialtactsActivity , mActivityCount = 2
07-14 12:52:11.987 D/MDM :   ( 3494): [null:-1]->query
07-14 12:52:11.994 D/MDM :   ( 3494): [null:-1]->QUERY_PINCODE_CHECK_RESULT
07-14 12:52:12.002 E/CursorWindow( 3494): Failed to read row 0, column -1 from a CursorWindow which has 38 rows, 9 columns.
07-14 12:52:12.002 D/CallLogAdapter( 3494): java.lang.IllegalStateException: Couldn't read row 0, col -1 from CursorWindow.  Make sure the Cursor is initialized correctly before accessing data from it.
07-14 12:52:12.002 D/CallLogAdapter( 3494): ======no department find======
07-14 12:52:12.002 D/CALLLOGADAPTER( 3494): ++++++++++++++++++================================
07-14 12:52:12.002 D/ContactsProvider( 3494): [Contacts] query 'content://emdmcontacts/company_calllogs', segment size: 1
07-14 12:52:12.010 D/CallLogAdapter( 3494): quickContactView.number=============13220164537
07-14 12:52:12.010 D/CallLogAdapter( 3494): quickContactView.contactUri=============null
07-14 12:52:12.010 D/ContactsProvider( 3494): [Contacts] query 'content://emdmcontacts/contacts', segment size: 1
07-14 12:52:12.010 D/PhoneStatusBar(  450): disable: < expand icons alerts ticker system_info BACK HOME recent* CLOCK search >
07-14 12:52:12.026 E/CursorWindow( 3494): Failed to read row 1, column -1 from a CursorWindow which has 38 rows, 9 columns.
07-14 12:52:12.026 D/CallLogAdapter( 3494): java.lang.IllegalStateException: Couldn't read row 1, col -1 from CursorWindow.  Make sure the Cursor is initialized correctly before accessing data from it.
07-14 12:52:12.026 D/CallLogAdapter( 3494): ======no department find======
07-14 12:52:12.026 D/CALLLOGADAPTER( 3494): ++++++++++++++++++================================
07-14 12:52:12.026 D/ContactsProvider( 3494): [Contacts] query 'content://emdmcontacts/company_calllogs', segment size: 1
07-14 12:52:12.041 D/NfcService(  582): NFC-C ON
07-14 12:52:12.041 D/CallLogAdapter( 3494): quickContactView.number=============01056299605
07-14 12:52:12.041 D/CallLogAdapter( 3494): quickContactView.contactUri=============null
07-14 12:52:12.041 D/ContactsProvider( 3494): [Contacts] query 'content://emdmcontacts/contacts', segment size: 1
07-14 12:52:12.049 E/CursorWindow( 3494): Failed to read row 4, column -1 from a CursorWindow which has 38 rows, 9 columns.
07-14 12:52:12.057 D/CallLogAdapter( 3494): java.lang.IllegalStateException: Couldn't read row 4, col -1 from CursorWindow.  Make sure the Cursor is initialized correctly before accessing data from it.
07-14 12:52:12.057 D/CallLogAdapter( 3494): ======no department find======
07-14 12:52:12.057 D/CALLLOGADAPTER( 3494): ++++++++++++++++++================================
07-14 12:52:12.057 D/ContactsProvider( 3494): [Contacts] query 'content://emdmcontacts/company_calllogs', segment size: 1
07-14 12:52:12.065 D/CallLogAdapter( 3494): quickContactView.number=============13263318053
07-14 12:52:12.065 D/CallLogAdapter( 3494): quickContactView.contactUri=============null
07-14 12:52:12.073 D/ContactsProvider( 3494): [Contacts] query 'content://emdmcontacts/contacts', segment size: 1
07-14 12:52:12.080 E/CursorWindow( 3494): Failed to read row 5, column -1 from a CursorWindow which has 38 rows, 9 columns.
07-14 12:52:12.080 D/CallLogAdapter( 3494): java.lang.IllegalStateException: Couldn't read row 5, col -1 from CursorWindow.  Make sure the Cursor is initialized correctly before accessing data from it.
07-14 12:52:12.080 D/CallLogAdapter( 3494): ======no department find======
07-14 12:52:12.080 D/CALLLOGADAPTER( 3494): ++++++++++++++++++================================
07-14 12:52:12.080 D/ContactsProvider( 3494): [Contacts] query 'content://emdmcontacts/company_calllogs', segment size: 1
07-14 12:52:12.096 D/CallLogAdapter( 3494): quickContactView.number=============13522849951
07-14 12:52:12.096 D/CallLogAdapter( 3494): quickContactView.contactUri=============null
