07-14 12:52:12.096 V/PhoneStatusBar(  450): setLightsOn(true)
07-14 12:52:12.096 D/PhoneStatusBar(  450): disable: < expand icons alerts ticker system_info back* home* recent clock* search >
07-14 12:52:12.104 D/ContactsProvider( 3494): [Contacts] query 'content://emdmcontacts/contacts', segment size: 1
07-14 12:52:12.112 E/CursorWindow( 3494): Failed to read row 6, column -1 from a CursorWindow which has 38 rows, 9 columns.
07-14 12:52:12.112 D/CallLogAdapter( 3494): java.lang.IllegalStateException: Couldn't read row 6, col -1 from CursorWindow.  Make sure the Cursor is initialized correctly before accessing data from it.
07-14 12:52:12.119 D/CallLogAdapter( 3494): ======no department find======
07-14 12:52:12.119 D/CALLLOGADAPTER( 3494): ++++++++++++++++++================================
07-14 12:52:12.119 D/ContactsProvider( 3494): [Contacts] query 'content://emdmcontacts/company_calllogs', segment size: 1
07-14 12:52:12.135 D/CallLogAdapter( 3494): quickContactView.number=============15010093591
07-14 12:52:12.135 D/CallLogAdapter( 3494): quickContactView.contactUri=============null
07-14 12:52:12.151 D/ContactsProvider( 3494): [Contacts] query 'content://emdmcontacts/contacts', segment size: 1
07-14 12:52:12.213 D/ContactsProvider( 3494): [Contacts] query 'content://emdmcontacts/company_calllogs', segment size: 1
07-14 12:52:12.237 W/InputMethodManagerService(  374): Window already focused, ignoring focus gain of: com.android.internal.view.IInputMethodClient$Stub$Proxy@4377bdc0 attribute=android.view.inputmethod.EditorInfo@42e2fd48, token = android.os.BinderProxy@42f65038
07-14 12:52:12.244 D/Assistant( 3494): [---null: -1---]  changeCursor
07-14 12:52:12.244 D/Assistant( 3494): [---null: -1---]  findGroups
07-14 12:52:12.252 D/Assistant( 3494): [---null: -1---]  addGroup
07-14 12:52:12.252 D/Assistant( 3494): [---null: -1---]  addGroup
07-14 12:52:12.252 D/Assistant( 3494): [---null: -1---]  addGroup
07-14 12:52:12.260 D/Assistant( 3494): [---null: -1---]  addGroup
07-14 12:52:12.260 D/Assistant( 3494): [---null: -1---]  addGroup
07-14 12:52:12.268 E/CursorWindow( 3494): Failed to read row 0, column -1 from a CursorWindow which has 38 rows, 9 columns.
07-14 12:52:12.268 D/CallLogAdapter( 3494): java.lang.IllegalStateException: Couldn't read row 0, col -1 from CursorWindow.  Make sure the Cursor is initialized correctly before accessing data from it.
07-14 12:52:12.268 D/CallLogAdapter( 3494): ======no department find======
07-14 12:52:12.268 D/CALLLOGADAPTER( 3494): ++++++++++++++++++================================
07-14 12:52:12.268 D/ContactsProvider( 3494): [Contacts] query 'content://emdmcontacts/company_calllogs', segment size: 1
07-14 12:52:12.283 D/CallLogAdapter( 3494): quickContactView.number=============13220164537
07-14 12:52:12.283 D/CallLogAdapter( 3494): quickContactView.contactUri=============null
07-14 12:52:12.283 D/ContactsProvider( 3494): [Contacts] query 'content://emdmcontacts/contacts', segment size: 1
07-14 12:52:12.291 E/CursorWindow( 3494): Failed to read row 1, column -1 from a CursorWindow which has 38 rows, 9 columns.
07-14 12:52:12.291 D/CallLogAdapter( 3494): java.lang.IllegalStateException: Couldn't read row 1, col -1 from CursorWindow.  Make sure the Cursor is initialized correctly before accessing data from it.
07-14 12:52:12.299 D/CallLogAdapter( 3494): ======no department find======
07-14 12:52:12.299 D/CALLLOGADAPTER( 3494): ++++++++++++++++++================================
07-14 12:52:12.299 D/ContactsProvider( 3494): [Contacts] query 'content://emdmcontacts/company_calllogs', segment size: 1
07-14 12:52:12.330 D/CallLogAdapter( 3494): quickContactView.number=============01056299605
07-14 12:52:12.330 D/CallLogAdapter( 3494): quickContactView.contactUri=============null
07-14 12:52:12.330 D/ContactsProvider( 3494): [Contacts] query 'content://emdmcontacts/contacts', segment size: 1
07-14 12:52:12.338 E/CursorWindow( 3494): Failed to read row 4, column -1 from a CursorWindow which has 38 rows, 9 columns.
07-14 12:52:12.338 D/CallLogAdapter( 3494): java.lang.IllegalStateException: Couldn't read row 4, col -1 from CursorWindow.  Make sure the Cursor is initialized correctly before accessing data from it.
07-14 12:52:12.338 D/CallLogAdapter( 3494): ======no department find======
07-14 12:52:12.338 D/CALLLOGADAPTER( 3494): ++++++++++++++++++================================
07-14 12:52:12.338 D/ContactsProvider( 3494): [Contacts] query 'content://emdmcontacts/company_calllogs', segment size: 1
07-14 12:52:12.346 D/CallLogAdapter( 3494): quickContactView.number=============13263318053
07-14 12:52:12.354 D/CallLogAdapter( 3494): quickContactView.contactUri=============null
07-14 12:52:12.362 D/ContactsProvider( 3494): [Contacts] query 'content://emdmcontacts/contacts', segment size: 1
07-14 12:52:12.377 E/CursorWindow( 3494): Failed to read row 5, column -1 from a CursorWindow which has 38 rows, 9 columns.
07-14 12:52:12.377 D/CallLogAdapter( 3494): java.lang.IllegalStateException: Couldn't read row 5, col -1 from CursorWindow.  Make sure the Cursor is initialized correctly before accessing data from it.
07-14 12:52:12.377 D/CallLogAdapter( 3494): ======no department find======
07-14 12:52:12.377 D/CALLLOGADAPTER( 3494): ++++++++++++++++++================================
07-14 12:52:12.377 D/ContactsProvider( 3494): [Contacts] query 'content://emdmcontacts/company_calllogs', segment size: 1
07-14 12:52:12.385 D/CallLogAdapter( 3494): quickContactView.number=============13522849951
07-14 12:52:12.393 D/CallLogAdapter( 3494): quickContactView.contactUri=============null
07-14 12:52:12.393 D/ContactsProvider( 3494): [Contacts] query 'content://emdmcontacts/contacts', segment size: 1
07-14 12:52:12.408 E/CursorWindow( 3494): Failed to read row 6, column -1 from a CursorWindow which has 38 rows, 9 columns.
07-14 12:52:12.408 D/CallLogAdapter( 3494): java.lang.IllegalStateException: Couldn't read row 6, col -1 from CursorWindow.  Make sure the Cursor is initialized correctly before accessing data from it.
07-14 12:52:12.408 D/CallLogAdapter( 3494): ======no department find======
07-14 12:52:12.408 D/CALLLOGADAPTER( 3494): ++++++++++++++++++================================
07-14 12:52:12.408 D/ContactsProvider( 3494): [Contacts] query 'content://emdmcontacts/company_calllogs', segment size: 1
07-14 12:52:12.424 D/CallLogAdapter( 3494): quickContactView.number=============15010093591
07-14 12:52:12.424 D/CallLogAdapter( 3494): quickContactView.contactUri=============null
07-14 12:52:12.424 D/ContactsProvider( 3494): [Contacts] query 'content://emdmcontacts/contacts', segment size: 1
07-14 12:52:12.518 V/TAG     (  374): bug 7643792: fitSystemWindows([0,50][0,0])
07-14 12:52:12.666 D/AndroidRuntime( 9501): 
07-14 12:52:12.666 D/AndroidRuntime( 9501): >>>>>> AndroidRuntime START com.android.internal.os.RuntimeInit <<<<<<
07-14 12:52:12.666 D/AndroidRuntime( 9501): CheckJNI is OFF
07-14 12:52:12.682 D/dalvikvm( 9501): Trying to load lib libjavacore.so 0x0
07-14 12:52:12.690 D/dalvikvm( 9501): Added shared lib libjavacore.so 0x0
07-14 12:52:12.705 D/dalvikvm( 9501): Trying to load lib libnativehelper.so 0x0
07-14 12:52:12.705 D/dalvikvm( 9501): Added shared lib libnativehelper.so 0x0
07-14 12:52:12.987 D/AndroidRuntime( 9501): Calling main entry com.qihoo360.powerctl.root.app.App
07-14 12:52:12.987 D/AndroidRuntime( 9501): Shutting down VM
07-14 12:52:12.987 I/AndroidRuntime( 9501): NOTE: attach of thread 'Binder_1' failed
07-14 12:52:12.994 D/dalvikvm( 9501): GC_CONCURRENT freed 114K, 22% free 467K/592K, paused 0ms+1ms, total 3ms
07-14 12:52:13.049 I/ActivityManager(  374): START u0 {act=android.intent.action.MAIN cat=[android.intent.category.HOME] flg=0x10200000 cmp=com.android.launcher/com.android.launcher2.Launcher} from pid 374
07-14 12:52:13.057 D/MdmApplication( 3494): [null:-1]->onActivityPaused contacts.activities.DialtactsActivity , mActivityCount = 3
07-14 12:52:13.065 D/MDM :   ( 3494): [null:-1]->query
07-14 12:52:13.065 D/MDM :   ( 3494): [null:-1]->QUERY_PINCODE_CHECK_RESULT
07-14 12:52:13.065 E/Mdm     ( 3494): Call Mdm service's setLastExitTime function
07-14 12:52:13.127 D/dalvikvm(  450): GC_FOR_ALLOC freed 1202K, 14% free 13841K/15988K, paused 56ms, total 56ms
07-14 12:52:13.807 W/ResourceType(  595): No known package when getting name for resource number 0x9c020000
07-14 12:52:13.815 W/ResourceType(  595): No known package when getting name for resource number 0x9c020002
07-14 12:52:13.854 W/ResourceType(  595): No known package when getting name for resource number 0x9b000000
07-14 12:52:13.854 W/ResourceType(  595): No known package when getting name for resource number 0x9b010100
07-14 12:52:13.854 W/ResourceType(  595): No known package when getting name for resource number 0x9b030300
07-14 12:52:13.854 W/ResourceType(  595): No known package when getting name for resource number 0x9b040400
07-14 12:52:13.862 I/QueryController( 9461): Matched selector: UiSelector[DESCRIPTION=, PACKAGE NAME=com.android.launcher] <<==>> [android.view.accessibility.AccessibilityNodeInfo@1fe6e; boundsInParent: Rect(524232, 0 - 524360, 128); boundsInScreen: Rect(296, 1040 - 424, 1168); packageName: com.android.launcher; className: android.widget.TextView; text: null; contentDescription: ; viewIdResName: null; checkable: false; checked: false; focusable: true; focused: false; selected: false; clickable: true; longClickable: false; enabled: true; password: false; scrollable: false; [ACTION_FOCUS, ACTION_SELECT, ACTION_CLEAR_SELECTION, ACTION_CLICK, ACTION_ACCESSIBILITY_FOCUS]]
07-14 12:52:13.862 D/InteractionController( 9461): clickAndWaitForNewWindow(360, 1104)
07-14 12:52:14.088 D/dalvikvm(  636): GC_FOR_ALLOC freed 1013K, 10% free 12689K/14092K, paused 91ms, total 94ms
07-14 12:52:14.682 I/QueryController( 9461): Matched selector: UiSelector[TEXT=] <<==>> [android.view.accessibility.AccessibilityNodeInfo@6c634; boundsInParent: Rect(0, 0 - 148, 184); boundsInScreen: Rect(16, 958 - 164, 1142); packageName: com.android.launcher; className: android.widget.TextView; text: ; contentDescription: null; viewIdResName: null; checkable: false; checked: false; focusable: true; focused: false; selected: false; clickable: true; longClickable: true; enabled: true; password: false; scrollable: false; [ACTION_FOCUS, ACTION_SELECT, ACTION_CLEAR_SELECTION, ACTION_CLICK, ACTION_LONG_CLICK, ACTION_ACCESSIBILITY_FOCUS, ACTION_NEXT_AT_MOVEMENT_GRANULARITY, ACTION_PREVIOUS_AT_MOVEMENT_GRANULARITY, ACTION_SET_SELECTION]]
07-14 12:52:14.768 I/QueryController( 9461): Matched selector: UiSelector[TEXT=] <<==>> [android.view.accessibility.AccessibilityNodeInfo@6c634; boundsInParent: Rect(0, 0 - 148, 184); boundsInScreen: Rect(16, 958 - 164, 1142); packageName: com.android.launcher; className: android.widget.TextView; text: ; contentDescription: null; viewIdResName: null; checkable: false; checked: false; focusable: true; focused: false; selected: false; clickable: true; longClickable: true; enabled: true; password: false; scrollable: false; [ACTION_FOCUS, ACTION_SELECT, ACTION_CLEAR_SELECTION, ACTION_CLICK, ACTION_LONG_CLICK, ACTION_ACCESSIBILITY_FOCUS, ACTION_NEXT_AT_MOVEMENT_GRANULARITY, ACTION_PREVIOUS_AT_MOVEMENT_GRANULARITY, ACTION_SET_SELECTION]]
07-14 12:52:14.830 D/InteractionController( 9461): clickAndWaitForNewWindow(90, 1050)
07-14 12:52:14.963 I/ActivityManager(  374): START u0 {act=android.intent.action.MAIN cat=[android.intent.category.LAUNCHER] flg=0x10200000 cmp=com.pekall.emdm/.ui.SplashActivity} from pid 595
07-14 12:52:15.119 D/dalvikvm(  374): GC_FOR_ALLOC freed 1737K, 26% free 20601K/27708K, paused 98ms, total 99ms
07-14 12:52:15.213 D/dalvikvm(  374): GC_FOR_ALLOC freed 1861K, 32% free 19111K/27708K, paused 85ms, total 85ms
07-14 12:52:15.252 D/MdmApplication( 3494): [null:-1]->onActivityStarted contacts.activities.DialtactsActivity , mActivityCount = 2
07-14 12:52:15.252 D/MDM :   ( 3494): [null:-1]->query
07-14 12:52:15.252 D/MDM :   ( 3494): [null:-1]->QUERY_PINCODE_CHECK_RESULT
07-14 12:52:15.268 D/ContactsProvider( 3494): [Contacts] query 'content://emdmcontacts/company_calllogs', segment size: 1
07-14 12:52:15.276 V/PhoneStatusBar(  450): setLightsOn(true)
07-14 12:52:15.330 D/Assistant( 3494): [---null: -1---]  changeCursor
07-14 12:52:15.330 D/Assistant( 3494): [---null: -1---]  findGroups
07-14 12:52:15.338 D/Assistant( 3494): [---null: -1---]  addGroup
07-14 12:52:15.338 D/Assistant( 3494): [---null: -1---]  addGroup
07-14 12:52:15.338 D/Assistant( 3494): [---null: -1---]  addGroup
07-14 12:52:15.338 D/Assistant( 3494): [---null: -1---]  addGroup
07-14 12:52:15.338 D/Assistant( 3494): [---null: -1---]  addGroup
07-14 12:52:15.354 E/CursorWindow( 3494): Failed to read row 0, column -1 from a CursorWindow which has 38 rows, 9 columns.
07-14 12:52:15.354 D/CallLogAdapter( 3494): java.lang.IllegalStateException: Couldn't read row 0, col -1 from CursorWindow.  Make sure the Cursor is initialized correctly before accessing data from it.
07-14 12:52:15.354 D/CallLogAdapter( 3494): ======no department find======
07-14 12:52:15.354 D/CALLLOGADAPTER( 3494): ++++++++++++++++++================================
07-14 12:52:15.354 D/ContactsProvider( 3494): [Contacts] query 'content://emdmcontacts/company_calllogs', segment size: 1
07-14 12:52:15.362 D/CallLogAdapter( 3494): quickContactView.number=============13220164537
07-14 12:52:15.362 D/CallLogAdapter( 3494): quickContactView.contactUri=============null
07-14 12:52:15.362 D/ContactsProvider( 3494): [Contacts] query 'content://emdmcontacts/contacts', segment size: 1
07-14 12:52:15.369 E/CursorWindow( 3494): Failed to read row 1, column -1 from a CursorWindow which has 38 rows, 9 columns.
07-14 12:52:15.369 D/CallLogAdapter( 3494): java.lang.IllegalStateException: Couldn't read row 1, col -1 from CursorWindow.  Make sure the Cursor is initialized correctly before accessing data from it.
07-14 12:52:15.377 D/CallLogAdapter( 3494): ======no department find======
07-14 12:52:15.377 D/CALLLOGADAPTER( 3494): ++++++++++++++++++================================
07-14 12:52:15.377 D/ContactsProvider( 3494): [Contacts] query 'content://emdmcontacts/company_calllogs', segment size: 1
07-14 12:52:15.385 D/CallLogAdapter( 3494): quickContactView.number=============01056299605
07-14 12:52:15.385 D/CallLogAdapter( 3494): quickContactView.contactUri=============null
07-14 12:52:15.393 D/ContactsProvider( 3494): [Contacts] query 'content://emdmcontacts/contacts', segment size: 1
07-14 12:52:15.401 E/CursorWindow( 3494): Failed to read row 4, column -1 from a CursorWindow which has 38 rows, 9 columns.
07-14 12:52:15.401 D/CallLogAdapter( 3494): java.lang.IllegalStateException: Couldn't read row 4, col -1 from CursorWindow.  Make sure the Cursor is initialized correctly before accessing data from it.
07-14 12:52:15.401 D/CallLogAdapter( 3494): ======no department find======
07-14 12:52:15.401 D/CALLLOGADAPTER( 3494): ++++++++++++++++++================================
07-14 12:52:15.401 D/ContactsProvider( 3494): [Contacts] query 'content://emdmcontacts/company_calllogs', segment size: 1
07-14 12:52:15.416 D/CallLogAdapter( 3494): quickContactView.number=============13263318053
07-14 12:52:15.416 D/CallLogAdapter( 3494): quickContactView.contactUri=============null
07-14 12:52:15.416 D/ContactsProvider( 3494): [Contacts] query 'content://emdmcontacts/contacts', segment size: 1
07-14 12:52:15.424 E/CursorWindow( 3494): Failed to read row 5, column -1 from a CursorWindow which has 38 rows, 9 columns.
07-14 12:52:15.424 D/CallLogAdapter( 3494): java.lang.IllegalStateException: Couldn't read row 5, col -1 from CursorWindow.  Make sure the Cursor is initialized correctly before accessing data from it.
07-14 12:52:15.424 D/CallLogAdapter( 3494): ======no department find======
07-14 12:52:15.424 D/CALLLOGADAPTER( 3494): ++++++++++++++++++================================
07-14 12:52:15.424 D/ContactsProvider( 3494): [Contacts] query 'content://emdmcontacts/company_calllogs', segment size: 1
07-14 12:52:15.440 D/CallLogAdapter( 3494): quickContactView.number=============13522849951
07-14 12:52:15.440 D/CallLogAdapter( 3494): quickContactView.contactUri=============null
07-14 12:52:15.440 D/ContactsProvider( 3494): [Contacts] query 'content://emdmcontacts/contacts', segment size: 1
07-14 12:52:15.448 E/CursorWindow( 3494): Failed to read row 6, column -1 from a CursorWindow which has 38 rows, 9 columns.
07-14 12:52:15.448 D/CallLogAdapter( 3494): java.lang.IllegalStateException: Couldn't read row 6, col -1 from CursorWindow.  Make sure the Cursor is initialized correctly before accessing data from it.
07-14 12:52:15.448 D/CallLogAdapter( 3494): ======no department find======
07-14 12:52:15.448 D/CALLLOGADAPTER( 3494): ++++++++++++++++++================================
07-14 12:52:15.448 D/ContactsProvider( 3494): [Contacts] query 'content://emdmcontacts/company_calllogs', segment size: 1
07-14 12:52:15.455 D/CallLogAdapter( 3494): quickContactView.number=============15010093591
07-14 12:52:15.455 D/CallLogAdapter( 3494): quickContactView.contactUri=============null
07-14 12:52:15.463 D/ContactsProvider( 3494): [Contacts] query 'content://emdmcontacts/contacts', segment size: 1
07-14 12:52:16.073 I/QueryController( 9461): Matched selector: UiSelector[PACKAGE NAME=com.pekall.emdm] <<==>> [android.view.accessibility.AccessibilityNodeInfo@2d44f7; boundsInParent: Rect(0, 0 - 720, 1184); boundsInScreen: Rect(0, 0 - 720, 1184); packageName: com.pekall.emdm; className: android.widget.FrameLayout; text: null; contentDescription: null; viewIdResName: null; checkable: false; checked: false; focusable: false; focused: false; selected: false; clickable: false; longClickable: false; enabled: true; password: false; scrollable: false; [ACTION_SELECT, ACTION_CLEAR_SELECTION, ACTION_ACCESSIBILITY_FOCUS]]
07-14 12:52:16.276 D/dalvikvm(  374): GC_FOR_ALLOC freed 513K, 31% free 19374K/27708K, paused 85ms, total 86ms
07-14 12:52:16.362 D/dalvikvm(  374): GC_FOR_ALLOC freed 751K, 32% free 18994K/27708K, paused 82ms, total 82ms
07-14 12:52:16.369 D/MdmApplication( 3494): [null:-1]->onActivityPaused contacts.activities.DialtactsActivity , mActivityCount = 3
07-14 12:52:16.369 D/MDM :   ( 3494): [null:-1]->query
07-14 12:52:16.377 D/MDM :   ( 3494): [null:-1]->QUERY_PINCODE_CHECK_RESULT
07-14 12:52:16.377 E/Mdm     ( 3494): Call Mdm service's setLastExitTime function
07-14 12:52:16.393 I/ActivityManager(  374): No longer want com.google.android.music:main (pid 5058): empty for 1800s
07-14 12:52:16.401 D/MdmApplication( 3494): [null:-1]->onActivityStarted ui.MainActivity , mActivityCount = 2
07-14 12:52:16.401 D/MDM :   ( 3494): [null:-1]->query
07-14 12:52:16.401 D/MDM :   ( 3494): [null:-1]->QUERY_PINCODE_CHECK_RESULT
07-14 12:52:16.408 W/ActivityManager(  374): Scheduling restart of crashed service com.google.android.music/.playback.MusicPlaybackService in 5000ms
07-14 12:52:16.971 D/AssistantCallLogFragment( 3494): [---null: -1---]onDestroyView==============
07-14 12:52:16.979 D/DefaultContactBrowseListFragment( 3494): onDestroyView==============
07-14 12:52:17.369 W/InteractionController( 9461): runAndwaitForEvent timedout waiting for events
07-14 12:52:17.401 I/QueryController( 9461): Matched selector: UiSelector[TEXT=, CLASS=android.widget.TextView] <<==>> [android.view.accessibility.AccessibilityNodeInfo@2762ea; boundsInParent: Rect(0, 0 - 148, 184); boundsInScreen: Rect(376, 572 - 524, 756); packageName: com.pekall.emdm; className: android.widget.TextView; text: ; contentDescription: null; viewIdResName: com.pekall.emdm:id/application_icon_content; checkable: false; checked: false; focusable: true; focused: false; selected: false; clickable: false; longClickable: false; enabled: true; password: false; scrollable: false; [ACTION_FOCUS, ACTION_SELECT, ACTION_CLEAR_SELECTION, ACTION_ACCESSIBILITY_FOCUS, ACTION_NEXT_AT_MOVEMENT_GRANULARITY, ACTION_PREVIOUS_AT_MOVEMENT_GRANULARITY, ACTION_SET_SELECTION]]
07-14 12:52:17.424 I/QueryController( 9461): Matched selector: UiSelector[TEXT=, CLASS=android.widget.TextView] <<==>> [android.view.accessibility.AccessibilityNodeInfo@275b68; boundsInParent: Rect(0, 0 - 148, 184); boundsInScreen: Rect(16, 572 - 164, 756); packageName: com.pekall.emdm; className: android.widget.TextView; text: ; contentDescription: null; viewIdResName: com.pekall.emdm:id/application_icon_content; checkable: false; checked: false; focusable: true; focused: false; selected: false; clickable: false; longClickable: false; enabled: true; password: false; scrollable: false; [ACTION_FOCUS, ACTION_SELECT, ACTION_CLEAR_SELECTION, ACTION_ACCESSIBILITY_FOCUS, ACTION_NEXT_AT_MOVEMENT_GRANULARITY, ACTION_PREVIOUS_AT_MOVEMENT_GRANULARITY, ACTION_SET_SELECTION]]
07-14 12:52:17.448 I/QueryController( 9461): Matched selector: UiSelector[TEXT=, CLASS=android.widget.TextView] <<==>> [android.view.accessibility.AccessibilityNodeInfo@2753e6; boundsInParent: Rect(0, 0 - 148, 184); boundsInScreen: Rect(376, 379 - 524, 563); packageName: com.pekall.emdm; className: android.widget.TextView; text: ; contentDescription: null; viewIdResName: com.pekall.emdm:id/application_icon_content; checkable: false; checked: false; focusable: true; focused: false; selected: false; clickable: false; longClickable: false; enabled: true; password: false; scrollable: false; [ACTION_FOCUS, ACTION_SELECT, ACTION_CLEAR_SELECTION, ACTION_ACCESSIBILITY_FOCUS, ACTION_NEXT_AT_MOVEMENT_GRANULARITY, ACTION_PREVIOUS_AT_MOVEMENT_GRANULARITY, ACTION_SET_SELECTION]]
07-14 12:52:17.455 D/InteractionController( 9461): clickAndWaitForNewWindow(450, 471)
07-14 12:52:17.612 I/ActivityManager(  374): START u0 {cmp=com.pekall.emdm/.contacts.activities.PeopleActivity} from pid 3494
07-14 12:52:17.744 D/dalvikvm(  374): GC_FOR_ALLOC freed 418K, 31% free 19354K/27708K, paused 84ms, total 84ms
07-14 12:52:17.830 D/dalvikvm(  374): GC_FOR_ALLOC freed 760K, 32% free 18965K/27708K, paused 83ms, total 83ms
07-14 12:52:17.838 D/MdmApplication( 3494): [null:-1]->onActivityPaused ui.MainActivity , mActivityCount = 3
07-14 12:52:17.838 D/MDM :   ( 3494): [null:-1]->query
07-14 12:52:17.838 D/MDM :   ( 3494): [null:-1]->QUERY_PINCODE_CHECK_RESULT
07-14 12:52:17.838 E/Mdm     ( 3494): Call Mdm service's setLastExitTime function
07-14 12:52:17.885 I/ActivityManager(  374): START u0 {cmp=com.pekall.emdm/.contacts.activities.DialtactsActivity (has extras)} from pid 3494
07-14 12:52:17.916 D/MdmApplication( 3494): [null:-1]->onActivityStarted contacts.activities.DialtactsActivity , mActivityCount = 2
07-14 12:52:17.916 D/MDM :   ( 3494): [null:-1]->query
07-14 12:52:17.916 D/MDM :   ( 3494): [null:-1]->QUERY_PINCODE_CHECK_RESULT
07-14 12:52:17.940 D/ContactsProvider( 3494): [Contacts] query 'content://emdmcontacts/contacts', segment size: 1
07-14 12:52:17.948 D/Assistant( 3494): [---null: -1---]  changeCursor
07-14 12:52:17.948 D/Assistant( 3494): [---null: -1---]  findGroups
07-14 12:52:17.948 D/ContactsProvider( 3494): [Contacts] query 'content://emdmcontacts/contacts', segment size: 1
07-14 12:52:17.948 D/Assistant( 3494): [---null: -1---]  changeCursor
07-14 12:52:17.955 D/Assistant( 3494): [---null: -1---]  findGroups
07-14 12:52:17.955 D/Assistant( 3494): [---null: -1---]  OncreatTIME
07-14 12:52:17.971 I/ContactPhotoManager( 3494): Cache adj: 0.5
07-14 12:52:17.971 E/ContactPhotoManager( 3494): No contact photo service in context: com.pekall.emdm.MdmApplication@42817d40
07-14 12:52:18.026 D/ContactsProvider( 3494): [Contacts] query 'content://emdmcontacts/contacts', segment size: 1
07-14 12:52:18.026 D/Assistant( 3494): [---null: -1---]  changeCursor
07-14 12:52:18.026 D/ContactsProvider( 3494): [Contacts] query 'content://emdmcontacts/frequently_contacts', segment size: 1
07-14 12:52:18.033 D/Assistant( 3494): [---null: -1---]  findGroups
07-14 12:52:18.033 D/ContactsProvider( 3494): [Contacts] query 'content://emdmcontacts/contacts', segment size: 1
07-14 12:52:18.033 D/ContactsProvider( 3494): [Contacts] query 'content://emdmcontacts/contacts', segment size: 1
07-14 12:52:18.033 D/ContactsProvider( 3494): [Contacts] query 'content://emdmcontacts/contacts', segment size: 1
07-14 12:52:18.033 D/Assistant( 3494): [---null: -1---]  changeCursor
07-14 12:52:18.041 D/Assistant( 3494): [---null: -1---]  findGroups
07-14 12:52:18.049 D/ContactsProvider( 3494): [Contacts] query 'content://emdmcontacts/company_calllogs', segment size: 1
07-14 12:52:18.073 V/PhoneStatusBar(  450): setLightsOn(true)
07-14 12:52:18.221 W/CursorWrapperInner( 3494): Cursor finalized without prior close()
07-14 12:52:18.221 D/dalvikvm( 3494): GC_CONCURRENT freed 3408K, 17% free 21747K/26160K, paused 7ms+25ms, total 173ms
07-14 12:52:18.229 W/CursorWrapperInner( 3494): Cursor finalized without prior close()
07-14 12:52:18.229 W/CursorWrapperInner( 3494): Cursor finalized without prior close()
07-14 12:52:18.229 W/CursorWrapperInner( 3494): Cursor finalized without prior close()
07-14 12:52:18.237 W/CursorWrapperInner( 3494): Cursor finalized without prior close()
07-14 12:52:18.237 I/ActivityManager(  374): Displayed com.pekall.emdm/.contacts.activities.DialtactsActivity: +345ms (total +381ms)
07-14 12:52:18.252 D/ContactsProvider( 3494): [Contacts] query 'content://emdmcontacts/company_calllogs', segment size: 1
07-14 12:52:18.252 W/CursorWrapperInner( 3494): Cursor finalized without prior close()
07-14 12:52:18.354 D/Assistant( 3494): [---null: -1---]  changeCursor
07-14 12:52:18.362 D/Assistant( 3494): [---null: -1---]  findGroups
07-14 12:52:18.362 D/Assistant( 3494): [---null: -1---]  addGroup
07-14 12:52:18.362 D/Assistant( 3494): [---null: -1---]  addGroup
07-14 12:52:18.362 D/Assistant( 3494): [---null: -1---]  addGroup
07-14 12:52:18.369 D/Assistant( 3494): [---null: -1---]  addGroup
07-14 12:52:18.369 D/Assistant( 3494): [---null: -1---]  addGroup
07-14 12:52:18.393 E/CursorWindow( 3494): Failed to read row 0, column -1 from a CursorWindow which has 38 rows, 9 columns.
07-14 12:52:18.393 D/CallLogAdapter( 3494): java.lang.IllegalStateException: Couldn't read row 0, col -1 from CursorWindow.  Make sure the Cursor is initialized correctly before accessing data from it.
07-14 12:52:18.393 D/CallLogAdapter( 3494): ======no department find======
07-14 12:52:18.393 D/CALLLOGADAPTER( 3494): ++++++++++++++++++================================
07-14 12:52:18.393 D/ContactsProvider( 3494): [Contacts] query 'content://emdmcontacts/company_calllogs', segment size: 1
07-14 12:52:18.401 D/CallLogAdapter( 3494): quickContactView.number=============13220164537
07-14 12:52:18.401 D/CallLogAdapter( 3494): quickContactView.contactUri=============null
07-14 12:52:18.408 D/ContactsProvider( 3494): [Contacts] query 'content://emdmcontacts/contacts', segment size: 1
07-14 12:52:18.448 E/CursorWindow( 3494): Failed to read row 1, column -1 from a CursorWindow which has 38 rows, 9 columns.
07-14 12:52:18.448 D/CallLogAdapter( 3494): java.lang.IllegalStateException: Couldn't read row 1, col -1 from CursorWindow.  Make sure the Cursor is initialized correctly before accessing data from it.
07-14 12:52:18.448 D/CallLogAdapter( 3494): ======no department find======
07-14 12:52:18.448 D/CALLLOGADAPTER( 3494): ++++++++++++++++++================================
07-14 12:52:18.448 D/ContactsProvider( 3494): [Contacts] query 'content://emdmcontacts/company_calllogs', segment size: 1
07-14 12:52:18.463 D/CallLogAdapter( 3494): quickContactView.number=============01056299605
07-14 12:52:18.463 D/CallLogAdapter( 3494): quickContactView.contactUri=============null
07-14 12:52:18.463 D/ContactsProvider( 3494): [Contacts] query 'content://emdmcontacts/contacts', segment size: 1
07-14 12:52:18.479 D/dalvikvm( 1052): GC_CONCURRENT freed 499K, 9% free 10232K/11168K, paused 5ms+8ms, total 60ms
07-14 12:52:18.502 E/CursorWindow( 3494): Failed to read row 4, column -1 from a CursorWindow which has 38 rows, 9 columns.
07-14 12:52:18.502 D/CallLogAdapter( 3494): java.lang.IllegalStateException: Couldn't read row 4, col -1 from CursorWindow.  Make sure the Cursor is initialized correctly before accessing data from it.
07-14 12:52:18.502 D/CallLogAdapter( 3494): ======no department find======
07-14 12:52:18.502 D/CALLLOGADAPTER( 3494): ++++++++++++++++++================================
07-14 12:52:18.502 D/ContactsProvider( 3494): [Contacts] query 'content://emdmcontacts/company_calllogs', segment size: 1
07-14 12:52:18.510 D/CallLogAdapter( 3494): quickContactView.number=============13263318053
07-14 12:52:18.510 D/CallLogAdapter( 3494): quickContactView.contactUri=============null
07-14 12:52:18.510 D/ContactsProvider( 3494): [Contacts] query 'content://emdmcontacts/contacts', segment size: 1
07-14 12:52:18.541 E/CursorWindow( 3494): Failed to read row 5, column -1 from a CursorWindow which has 38 rows, 9 columns.
07-14 12:52:18.541 D/CallLogAdapter( 3494): java.lang.IllegalStateException: Couldn't read row 5, col -1 from CursorWindow.  Make sure the Cursor is initialized correctly before accessing data from it.
07-14 12:52:18.541 D/CallLogAdapter( 3494): ======no department find======
07-14 12:52:18.541 D/CALLLOGADAPTER( 3494): ++++++++++++++++++================================
07-14 12:52:18.541 D/ContactsProvider( 3494): [Contacts] query 'content://emdmcontacts/company_calllogs', segment size: 1
07-14 12:52:18.549 D/CallLogAdapter( 3494): quickContactView.number=============13522849951
07-14 12:52:18.549 D/CallLogAdapter( 3494): quickContactView.contactUri=============null
07-14 12:52:18.549 D/ContactsProvider( 3494): [Contacts] query 'content://emdmcontacts/contacts', segment size: 1
07-14 12:52:18.580 E/CursorWindow( 3494): Failed to read row 6, column -1 from a CursorWindow which has 38 rows, 9 columns.
07-14 12:52:18.580 D/CallLogAdapter( 3494): java.lang.IllegalStateException: Couldn't read row 6, col -1 from CursorWindow.  Make sure the Cursor is initialized correctly before accessing data from it.
07-14 12:52:18.580 D/CallLogAdapter( 3494): ======no department find======
07-14 12:52:18.580 D/CALLLOGADAPTER( 3494): ++++++++++++++++++================================
07-14 12:52:18.580 D/ContactsProvider( 3494): [Contacts] query 'content://emdmcontacts/company_calllogs', segment size: 1
07-14 12:52:18.596 D/CallLogAdapter( 3494): quickContactView.number=============15010093591
07-14 12:52:18.596 D/CallLogAdapter( 3494): quickContactView.contactUri=============null
07-14 12:52:18.596 D/ContactsProvider( 3494): [Contacts] query 'content://emdmcontacts/contacts', segment size: 1
07-14 12:52:19.260 I/QueryController( 9461): Matched selector: UiSelector[RESOURCE_ID=com.pekall.emdm:id/thrid] <<==>> [android.view.accessibility.AccessibilityNodeInfo@2f3840; boundsInParent: Rect(0, 0 - 180, 50); boundsInScreen: Rect(360, 73 - 540, 123); packageName: com.pekall.emdm; className: android.widget.ImageView; text: null; contentDescription: null; viewIdResName: com.pekall.emdm:id/thrid; checkable: false; checked: false; focusable: false; focused: false; selected: false; clickable: true; longClickable: false; enabled: true; password: false; scrollable: false; [ACTION_SELECT, ACTION_CLEAR_SELECTION, ACTION_CLICK, ACTION_ACCESSIBILITY_FOCUS]]
07-14 12:52:19.291 I/QueryController( 9461): Matched selector: UiSelector[RESOURCE_ID=com.pekall.emdm:id/thrid] <<==>> [android.view.accessibility.AccessibilityNodeInfo@2f3840; boundsInParent: Rect(0, 0 - 180, 50); boundsInScreen: Rect(360, 73 - 540, 123); packageName: com.pekall.emdm; className: android.widget.ImageView; text: null; contentDescription: null; viewIdResName: com.pekall.emdm:id/thrid; checkable: false; checked: false; focusable: false; focused: false; selected: false; clickable: true; longClickable: false; enabled: true; password: false; scrollable: false; [ACTION_SELECT, ACTION_CLEAR_SELECTION, ACTION_CLICK, ACTION_ACCESSIBILITY_FOCUS]]
07-14 12:52:19.291 D/InteractionController( 9461): clickAndSync(450, 98)
07-14 12:52:21.424 I/ActivityManager(  374): Start proc com.google.android.music:main for service com.google.android.music/.playback.MusicPlaybackService: pid=9522 uid=10041 gids={50041, 3003, 1015, 1028}
07-14 12:52:21.651 I/MusicStore( 9522): Database version: 69
07-14 12:52:21.737 D/dalvikvm( 9522): GC_CONCURRENT freed 306K, 4% free 9111K/9456K, paused 4ms+4ms, total 38ms
07-14 12:52:21.846 D/SystemUtils( 9522): getSystemProperty: lpa.decode=null
07-14 12:52:21.877 D/CacheService( 9522): onCreate
07-14 12:52:21.885 D/CacheService( 9522): onBind
07-14 12:52:21.901 I/LocalDevicePlayback( 9522): Streaming client created.
07-14 12:52:22.401 W/InteractionController( 9461): runAndwaitForEvent timedout waiting for events
07-14 12:52:22.955 D/dalvikvm( 9522): GC_CONCURRENT freed 181K, 3% free 9349K/9588K, paused 10ms+14ms, total 57ms
07-14 12:52:22.987 I/MediaStoreImporter( 9522): Update: incremental Added music: 0 Updated music: 0 Deleted music: 0 Created playlists: 0 Updated playlists: 0 Deleted playlists: 0 Inserted playlist items: 0 Deleted playlist items: 0 Removed orphaned playlist items: 0
07-14 12:52:25.104 D/dalvikvm( 9461): GC_FOR_ALLOC freed 7521K, 92% free 670K/8192K, paused 36ms, total 36ms
07-14 12:52:25.276 D/dalvikvm( 9461): GC_CONCURRENT freed 396K, 76% free 657K/2640K, paused 2ms+1ms, total 11ms
07-14 12:52:25.448 D/dalvikvm( 9461): GC_CONCURRENT freed 439K, 76% free 653K/2640K, paused 0ms+1ms, total 8ms
07-14 12:52:25.619 D/dalvikvm( 9461): GC_CONCURRENT freed 416K, 76% free 634K/2640K, paused 0ms+1ms, total 7ms
07-14 12:52:25.783 D/dalvikvm( 9461): GC_CONCURRENT freed 395K, 77% free 631K/2640K, paused 1ms+0ms, total 7ms
07-14 12:52:25.955 D/dalvikvm( 9461): GC_CONCURRENT freed 377K, 76% free 653K/2640K, paused 1ms+1ms, total 8ms
07-14 12:52:26.112 D/dalvikvm( 9461): GC_CONCURRENT freed 415K, 77% free 632K/2640K, paused 0ms+0ms, total 6ms
07-14 12:52:26.283 D/dalvikvm( 9461): GC_CONCURRENT freed 374K, 76% free 652K/2640K, paused 2ms+1ms, total 8ms
07-14 12:52:26.448 D/dalvikvm( 9461): GC_CONCURRENT freed 381K, 76% free 655K/2640K, paused 2ms+0ms, total 8ms
07-14 12:52:26.619 D/dalvikvm( 9461): GC_CONCURRENT freed 430K, 77% free 631K/2640K, paused 1ms+1ms, total 7ms
07-14 12:52:26.791 D/dalvikvm( 9461): GC_CONCURRENT freed 398K, 77% free 632K/2640K, paused 0ms+0ms, total 6ms
07-14 12:52:26.869 I/MusicLeanback( 9522): Conditions not met for autocaching.
07-14 12:52:26.869 I/MusicLeanback( 9522): Stop autocaching.
07-14 12:52:26.955 D/dalvikvm( 9461): GC_CONCURRENT freed 394K, 77% free 632K/2640K, paused 0ms+0ms, total 6ms
07-14 12:52:27.127 D/dalvikvm( 9461): GC_CONCURRENT freed 375K, 76% free 653K/2640K, paused 1ms+1ms, total 7ms
07-14 12:52:27.283 D/dalvikvm( 9461): GC_CONCURRENT freed 395K, 76% free 653K/2640K, paused 0ms+0ms, total 6ms
07-14 12:52:27.448 D/dalvikvm( 9461): GC_CONCURRENT freed 395K, 76% free 653K/2640K, paused 0ms+1ms, total 6ms
07-14 12:52:27.612 D/dalvikvm( 9461): GC_CONCURRENT freed 395K, 76% free 653K/2640K, paused 0ms+0ms, total 7ms
07-14 12:52:27.768 D/dalvikvm( 9461): GC_CONCURRENT freed 415K, 77% free 632K/2640K, paused 0ms+0ms, total 6ms
07-14 12:52:27.932 D/dalvikvm( 9461): GC_CONCURRENT freed 375K, 76% free 653K/2640K, paused 0ms+0ms, total 6ms
07-14 12:52:28.096 D/dalvikvm( 9461): GC_CONCURRENT freed 395K, 76% free 653K/2640K, paused 1ms+1ms, total 7ms
07-14 12:52:28.268 D/dalvikvm( 9461): GC_CONCURRENT freed 395K, 76% free 653K/2640K, paused 0ms+1ms, total 6ms
07-14 12:52:28.424 D/dalvikvm( 9461): GC_CONCURRENT freed 395K, 76% free 653K/2640K, paused 1ms+1ms, total 7ms
07-14 12:52:28.588 D/dalvikvm( 9461): GC_CONCURRENT freed 415K, 77% free 632K/2640K, paused 2ms+1ms, total 9ms
07-14 12:52:28.752 D/dalvikvm( 9461): GC_CONCURRENT freed 375K, 76% free 653K/2640K, paused 0ms+1ms, total 6ms
07-14 12:52:28.916 D/dalvikvm( 9461): GC_CONCURRENT freed 395K, 76% free 653K/2640K, paused 1ms+1ms, total 7ms
07-14 12:52:29.073 D/dalvikvm( 9461): GC_CONCURRENT freed 395K, 76% free 653K/2640K, paused 0ms+1ms, total 7ms
07-14 12:52:29.244 D/dalvikvm( 9461): GC_CONCURRENT freed 396K, 76% free 653K/2640K, paused 1ms+1ms, total 7ms
07-14 12:52:29.401 D/dalvikvm( 9461): GC_CONCURRENT freed 415K, 77% free 632K/2640K, paused 0ms+0ms, total 6ms
07-14 12:52:29.565 D/dalvikvm( 9461): GC_CONCURRENT freed 375K, 76% free 653K/2640K, paused 1ms+1ms, total 7ms
07-14 12:52:29.729 D/dalvikvm( 9461): GC_CONCURRENT freed 395K, 76% free 653K/2640K, paused 1ms+1ms, total 7ms
07-14 12:52:29.893 D/dalvikvm( 9461): GC_CONCURRENT freed 395K, 76% free 653K/2640K, paused 1ms+0ms, total 7ms
07-14 12:52:30.057 D/dalvikvm( 9461): GC_CONCURRENT freed 395K, 76% free 653K/2640K, paused 1ms+1ms, total 7ms
07-14 12:52:30.213 D/dalvikvm( 9461): GC_CONCURRENT freed 415K, 77% free 632K/2640K, paused 0ms+1ms, total 7ms
07-14 12:52:30.377 D/dalvikvm( 9461): GC_CONCURRENT freed 375K, 76% free 653K/2640K, paused 1ms+1ms, total 7ms
07-14 12:52:30.533 D/dalvikvm( 9461): GC_CONCURRENT freed 395K, 76% free 653K/2640K, paused 0ms+0ms, total 6ms
07-14 12:52:30.698 D/dalvikvm( 9461): GC_CONCURRENT freed 395K, 76% free 653K/2640K, paused 1ms+1ms, total 7ms
07-14 12:52:30.862 D/dalvikvm( 9461): GC_CONCURRENT freed 395K, 76% free 653K/2640K, paused 1ms+1ms, total 8ms
07-14 12:52:31.033 D/dalvikvm( 9461): GC_CONCURRENT freed 415K, 77% free 632K/2640K, paused 1ms+1ms, total 7ms
07-14 12:52:31.127 D/dalvikvm( 3494): GC_CONCURRENT freed 4308K, 18% free 21658K/26160K, paused 8ms+20ms, total 155ms
07-14 12:52:31.127 W/CursorWrapperInner( 3494): Cursor finalized without prior close()
07-14 12:52:31.127 W/CursorWrapperInner( 3494): Cursor finalized without prior close()
07-14 12:52:31.135 W/CursorWrapperInner( 3494): Cursor finalized without prior close()
07-14 12:52:31.252 D/dalvikvm( 9461): GC_CONCURRENT freed 397K, 77% free 632K/2640K, paused 1ms+1ms, total 7ms
07-14 12:52:31.424 D/dalvikvm( 9461): GC_CONCURRENT freed 393K, 77% free 631K/2640K, paused 0ms+0ms, total 7ms
07-14 12:52:31.448 D/LightsService(  374): Excessive delay setting light: 68ms
07-14 12:52:31.604 D/dalvikvm( 9461): GC_CONCURRENT freed 397K, 77% free 632K/2640K, paused 1ms+1ms, total 7ms
07-14 12:52:31.682 D/LightsService(  374): Excessive delay setting light: 67ms
07-14 12:52:31.776 D/dalvikvm( 9461): GC_CONCURRENT freed 374K, 76% free 653K/2640K, paused 0ms+0ms, total 6ms
07-14 12:52:31.940 D/dalvikvm( 9461): GC_CONCURRENT freed 415K, 77% free 632K/2640K, paused 0ms+1ms, total 7ms
07-14 12:52:32.104 D/dalvikvm( 9461): GC_CONCURRENT freed 375K, 76% free 653K/2640K, paused 0ms+1ms, total 8ms
07-14 12:52:32.104 W/MountService(  374): getVolumeState(/storage/emulated/0/external_sd): Unknown volume
07-14 12:52:32.112 W/MountService(  374): getVolumeState(/mnt/sdcard-ext): Unknown volume
07-14 12:52:32.119 W/MountService(  374): getVolumeState(/mnt/ext_sdcard): Unknown volume
07-14 12:52:32.119 W/MountService(  374): getVolumeState(/mnt/sdcard2): Unknown volume
07-14 12:52:32.127 W/MountService(  374): getVolumeState(/mnt/emmc): Unknown volume
07-14 12:52:32.127 W/MountService(  374): getVolumeState(/mnt/extSdCard): Unknown volume
07-14 12:52:32.127 W/MountService(  374): getVolumeState(/mnt/sdcard/SD_CARD): Unknown volume
07-14 12:52:32.127 W/MountService(  374): getVolumeState(/mnt/sdcard/extra_sd): Unknown volume
07-14 12:52:32.127 W/MountService(  374): getVolumeState(/mnt/extrasd_bind): Unknown volume
07-14 12:52:32.127 W/MountService(  374): getVolumeState(/mnt/sdcard/ext_sd): Unknown volume
07-14 12:52:32.127 W/MountService(  374): getVolumeState(/storage/extSdCard): Unknown volume
07-14 12:52:32.127 W/MountService(  374): getVolumeState(/storage/sdcard1): Unknown volume
07-14 12:52:32.127 W/MountService(  374): getVolumeState(/mnt/sdcard/external_SD): Unknown volume
07-14 12:52:32.135 W/MountService(  374): getVolumeState(/mnt/sdcard/external_sd): Unknown volume
07-14 12:52:32.198 D/dalvikvm( 6152): GC_CONCURRENT freed 408K, 7% free 9409K/10072K, paused 4ms+11ms, total 61ms
07-14 12:52:32.198 D/dalvikvm( 6152): WAIT_FOR_CONCURRENT_GC blocked 45ms
07-14 12:52:32.299 D/dalvikvm( 9461): GC_CONCURRENT freed 395K, 76% free 653K/2640K, paused 1ms+1ms, total 7ms
07-14 12:52:32.401 D/dalvikvm( 6412): GC_EXPLICIT freed 250K, 4% free 9190K/9492K, paused 1ms+5ms, total 34ms
07-14 12:52:32.479 D/dalvikvm( 9461): GC_CONCURRENT freed 395K, 76% free 653K/2640K, paused 2ms+1ms, total 9ms
07-14 12:52:32.526 W/MountService(  374): getVolumeState(/storage/emulated/0/external_sd): Unknown volume
07-14 12:52:32.526 W/MountService(  374): getVolumeState(/mnt/sdcard-ext): Unknown volume
07-14 12:52:32.526 W/MountService(  374): getVolumeState(/mnt/ext_sdcard): Unknown volume
07-14 12:52:32.526 W/MountService(  374): getVolumeState(/mnt/sdcard2): Unknown volume
07-14 12:52:32.533 W/MountService(  374): getVolumeState(/mnt/emmc): Unknown volume
07-14 12:52:32.533 W/MountService(  374): getVolumeState(/mnt/extSdCard): Unknown volume
07-14 12:52:32.533 W/MountService(  374): getVolumeState(/mnt/sdcard/SD_CARD): Unknown volume
07-14 12:52:32.541 W/MountService(  374): getVolumeState(/mnt/sdcard/extra_sd): Unknown volume
07-14 12:52:32.541 W/MountService(  374): getVolumeState(/mnt/extrasd_bind): Unknown volume
07-14 12:52:32.541 W/MountService(  374): getVolumeState(/mnt/sdcard/ext_sd): Unknown volume
07-14 12:52:32.541 W/MountService(  374): getVolumeState(/storage/extSdCard): Unknown volume
07-14 12:52:32.541 W/MountService(  374): getVolumeState(/storage/sdcard1): Unknown volume
07-14 12:52:32.557 D/dalvikvm( 6152): GC_CONCURRENT freed 475K, 7% free 9446K/10072K, paused 4ms+4ms, total 71ms
07-14 12:52:32.557 D/dalvikvm( 6152): WAIT_FOR_CONCURRENT_GC blocked 19ms
07-14 12:52:32.557 D/dalvikvm( 6152): WAIT_FOR_CONCURRENT_GC blocked 11ms
07-14 12:52:32.557 W/MountService(  374): getVolumeState(/mnt/sdcard/external_SD): Unknown volume
07-14 12:52:32.565 W/MountService(  374): getVolumeState(/mnt/sdcard/external_sd): Unknown volume
07-14 12:52:32.651 D/dalvikvm( 9461): GC_CONCURRENT freed 395K, 76% free 653K/2640K, paused 1ms+0ms, total 7ms
07-14 12:52:32.807 D/dalvikvm( 9461): GC_CONCURRENT freed 415K, 77% free 632K/2640K, paused 1ms+1ms, total 7ms
07-14 12:52:32.971 D/dalvikvm( 9461): GC_CONCURRENT freed 375K, 76% free 653K/2640K, paused 0ms+1ms, total 6ms
07-14 12:52:33.135 D/dalvikvm( 9461): GC_CONCURRENT freed 395K, 76% free 653K/2640K, paused 1ms+1ms, total 7ms
07-14 12:52:33.291 D/dalvikvm( 9461): GC_CONCURRENT freed 395K, 76% free 653K/2640K, paused 1ms+1ms, total 7ms
07-14 12:52:33.455 D/dalvikvm( 9461): GC_CONCURRENT freed 396K, 76% free 653K/2640K, paused 1ms+1ms, total 7ms
07-14 12:52:33.612 D/dalvikvm( 9461): GC_CONCURRENT freed 415K, 77% free 632K/2640K, paused 0ms+1ms, total 7ms
07-14 12:52:33.776 D/dalvikvm( 9461): GC_CONCURRENT freed 375K, 76% free 653K/2640K, paused 1ms+0ms, total 7ms
07-14 12:52:33.940 D/dalvikvm( 9461): GC_CONCURRENT freed 395K, 76% free 653K/2640K, paused 0ms+0ms, total 6ms
07-14 12:52:34.104 D/dalvikvm( 9461): GC_CONCURRENT freed 395K, 76% free 653K/2640K, paused 0ms+1ms, total 6ms
07-14 12:52:34.268 D/dalvikvm( 9461): GC_CONCURRENT freed 395K, 76% free 653K/2640K, paused 1ms+1ms, total 7ms
07-14 12:52:34.299 I/PowerManagerService(  374): Going to sleep due to screen timeout...
07-14 12:52:34.323 I/PowerManagerService(  374): Waking up from sleep...
07-14 12:52:34.526 D/dalvikvm(  374): GC_FOR_ALLOC freed 1043K, 30% free 19479K/27708K, paused 119ms, total 119ms
07-14 12:52:34.549 D/MdmApplication( 3494): [null:-1]->onActivityPaused contacts.activities.DialtactsActivity , mActivityCount = 3
07-14 12:52:34.549 D/MDM :   ( 3494): [null:-1]->query
07-14 12:52:34.549 D/MDM :   ( 3494): [null:-1]->QUERY_PINCODE_CHECK_RESULT
07-14 12:52:34.549 E/Mdm     ( 3494): Call Mdm service's setLastExitTime function
07-14 12:52:34.737 D/NfcService(  582): NFC-C OFF, disconnect
07-14 12:52:34.799 V/KeyguardHostView(  374): hide transport, gen:41
07-14 12:52:34.799 V/KeyguardHostView(  374): music state changed: 0
07-14 12:52:34.838 D/PhoneStatusBar(  450): disable: < expand icons alerts ticker system_info back home RECENT* clock search >
07-14 12:52:34.862 D/MDM :   ( 3494): [null:-1]->query
07-14 12:52:34.862 D/MDM :   ( 3494): [null:-1]->QUERY_SETTING_PIN_ONOFF
07-14 12:52:34.877 V/TAG     (  374): bug 7643792: fitSystemWindows([0,50][0,0])
07-14 12:52:35.010 D/LightsService(  374): Excessive delay setting light: 68ms
07-14 12:52:35.112 D/PhoneStatusBar(  450): disable: < expand icons alerts ticker system_info BACK* HOME* RECENT CLOCK* search >
07-14 12:52:35.127 D/LightsService(  374): Excessive delay setting light: 113ms
07-14 12:52:35.221 V/DigitalWidgetViewsFactory( 2502): DigitalWidget sets next alarm string to null
07-14 12:52:35.268 I/WindowManager(  374): Lock screen displayed!
07-14 12:52:35.346 D/LightsService(  374): Excessive delay setting light: 145ms
07-14 12:52:35.580 D/LightsService(  374): Excessive delay setting light: 189ms
07-14 12:52:35.627 D/AndroidRuntime( 9566): 
07-14 12:52:35.627 D/AndroidRuntime( 9566): >>>>>> AndroidRuntime START com.android.internal.os.RuntimeInit <<<<<<
07-14 12:52:35.627 D/AndroidRuntime( 9566): CheckJNI is OFF
07-14 12:52:35.643 D/dalvikvm( 9566): Trying to load lib libjavacore.so 0x0
07-14 12:52:35.651 D/dalvikvm( 9566): Added shared lib libjavacore.so 0x0
07-14 12:52:35.666 D/dalvikvm( 9566): Trying to load lib libnativehelper.so 0x0
07-14 12:52:35.666 D/dalvikvm( 9566): Added shared lib libnativehelper.so 0x0
07-14 12:52:35.916 D/AndroidRuntime( 9566): Calling main entry com.qihoo360.powerctl.root.app.App
07-14 12:52:35.916 D/AndroidRuntime( 9566): Shutting down VM
07-14 12:52:35.924 D/dalvikvm( 9566): GC_CONCURRENT freed 115K, 22% free 467K/592K, paused 1ms+0ms, total 4ms
07-14 12:52:35.924 I/AndroidRuntime( 9566): NOTE: attach of thread 'Binder_2' failed
07-14 12:52:36.065 D/dalvikvm( 9461): GC_CONCURRENT freed 413K, 76% free 649K/2640K, paused 2ms+1ms, total 11ms
07-14 12:52:36.869 I/QueryController( 9461): Matched selector: UiSelector[DESCRIPTION=] <<==>> [android.view.accessibility.AccessibilityNodeInfo@3870aa; boundsInParent: Rect(0, 0 - 720, 756); boundsInScreen: Rect(0, 547 - 720, 1303); packageName: android; className: android.view.View; text: null; contentDescription: ; viewIdResName: android:id/glow_pad_view; checkable: false; checked: false; focusable: false; focused: false; selected: false; clickable: false; longClickable: false; enabled: true; password: false; scrollable: false; [ACTION_SELECT, ACTION_CLEAR_SELECTION, ACTION_ACCESSIBILITY_FOCUS, ACTION_NEXT_AT_MOVEMENT_GRANULARITY, ACTION_PREVIOUS_AT_MOVEMENT_GRANULARITY, ACTION_SET_SELECTION]]
07-14 12:52:36.869 D/dalvikvm( 9461): GC_CONCURRENT freed 448K, 76% free 647K/2640K, paused 1ms+0ms, total 9ms
07-14 12:52:36.877 W/GlowPadView(  374): The number of target drawables must be equal to the number of direction descriptions.
07-14 12:52:37.237 D/MdmApplication( 3494): [null:-1]->onActivityStarted contacts.activities.DialtactsActivity , mActivityCount = 2
07-14 12:52:37.237 D/MDM :   ( 3494): [null:-1]->query
07-14 12:52:37.237 D/MDM :   ( 3494): [null:-1]->QUERY_PINCODE_CHECK_RESULT
07-14 12:52:37.244 D/PhoneStatusBar(  450): disable: < expand icons alerts ticker system_info BACK HOME recent* CLOCK search >
07-14 12:52:37.268 D/NfcService(  582): NFC-C ON
07-14 12:52:37.283 D/ContactsProvider( 3494): [Contacts] query 'content://emdmcontacts/company_calllogs', segment size: 1
07-14 12:52:37.283 D/Assistant( 3494): [---null: -1---]  changeCursor
07-14 12:52:37.291 D/Assistant( 3494): [---null: -1---]  findGroups
07-14 12:52:37.291 D/Assistant( 3494): [---null: -1---]  addGroup
07-14 12:52:37.299 D/Assistant( 3494): [---null: -1---]  addGroup
07-14 12:52:37.307 D/Assistant( 3494): [---null: -1---]  addGroup
07-14 12:52:37.307 D/Assistant( 3494): [---null: -1---]  addGroup
07-14 12:52:37.307 D/Assistant( 3494): [---null: -1---]  addGroup
07-14 12:52:37.307 D/PhoneStatusBar(  450): disable: < expand icons alerts ticker system_info back* home* recent clock* search >
07-14 12:52:37.323 W/InputMethodManagerService(  374): Window already focused, ignoring focus gain of: com.android.internal.view.IInputMethodClient$Stub$Proxy@42f45e50 attribute=android.view.inputmethod.EditorInfo@42cf7330, token = android.os.BinderProxy@42fdb378
07-14 12:52:37.338 E/CursorWindow( 3494): Failed to read row 0, column -1 from a CursorWindow which has 38 rows, 9 columns.
07-14 12:52:37.338 D/CallLogAdapter( 3494): java.lang.IllegalStateException: Couldn't read row 0, col -1 from CursorWindow.  Make sure the Cursor is initialized correctly before accessing data from it.
07-14 12:52:37.338 D/CallLogAdapter( 3494): ======no department find======
07-14 12:52:37.338 D/CALLLOGADAPTER( 3494): ++++++++++++++++++================================
07-14 12:52:37.338 D/ContactsProvider( 3494): [Contacts] query 'content://emdmcontacts/company_calllogs', segment size: 1
07-14 12:52:37.354 D/CallLogAdapter( 3494): quickContactView.number=============13220164537
07-14 12:52:37.354 D/CallLogAdapter( 3494): quickContactView.contactUri=============null
07-14 12:52:37.354 D/ContactsProvider( 3494): [Contacts] query 'content://emdmcontacts/contacts', segment size: 1
07-14 12:52:37.354 V/PhoneStatusBar(  450): setLightsOn(true)
07-14 12:52:37.362 E/CursorWindow( 3494): Failed to read row 1, column -1 from a CursorWindow which has 38 rows, 9 columns.
07-14 12:52:37.369 D/CallLogAdapter( 3494): java.lang.IllegalStateException: Couldn't read row 1, col -1 from CursorWindow.  Make sure the Cursor is initialized correctly before accessing data from it.
07-14 12:52:37.369 D/CallLogAdapter( 3494): ======no department find======
07-14 12:52:37.369 D/CALLLOGADAPTER( 3494): ++++++++++++++++++================================
07-14 12:52:37.369 D/ContactsProvider( 3494): [Contacts] query 'content://emdmcontacts/company_calllogs', segment size: 1
07-14 12:52:37.393 D/CallLogAdapter( 3494): quickContactView.number=============01056299605
