07-14 12:53:24.768 D/dalvikvm( 9671): Added shared lib libjavacore.so 0x0
07-14 12:53:24.783 D/dalvikvm( 9671): Trying to load lib libnativehelper.so 0x0
07-14 12:53:24.783 D/dalvikvm( 9671): Added shared lib libnativehelper.so 0x0
07-14 12:53:24.971 D/AndroidRuntime( 9671): Calling main entry com.qihoo360.powerctl.root.app.App
07-14 12:53:24.971 D/AndroidRuntime( 9671): Shutting down VM
07-14 12:53:24.979 D/dalvikvm( 9671): GC_CONCURRENT freed 114K, 22% free 467K/592K, paused 0ms+0ms, total 4ms
07-14 12:53:24.979 I/AndroidRuntime( 9671): NOTE: attach of thread 'Binder_1' failed
07-14 12:53:25.885 I/QueryController( 9653): Matched selector: UiSelector[DESCRIPTION=] <<==>> [android.view.accessibility.AccessibilityNodeInfo@3a2f61; boundsInParent: Rect(0, 0 - 720, 756); boundsInScreen: Rect(0, 547 - 720, 1303); packageName: android; className: android.view.View; text: null; contentDescription: ; viewIdResName: android:id/glow_pad_view; checkable: false; checked: false; focusable: false; focused: false; selected: false; clickable: false; longClickable: false; enabled: true; password: false; scrollable: false; [ACTION_SELECT, ACTION_CLEAR_SELECTION, ACTION_ACCESSIBILITY_FOCUS, ACTION_NEXT_AT_MOVEMENT_GRANULARITY, ACTION_PREVIOUS_AT_MOVEMENT_GRANULARITY, ACTION_SET_SELECTION]]
07-14 12:53:25.893 W/GlowPadView(  374): The number of target drawables must be equal to the number of direction descriptions.
07-14 12:53:26.158 D/MdmApplication( 3494): [null:-1]->onActivityStarted contacts.activities.DialtactsActivity , mActivityCount = 2
07-14 12:53:26.158 D/MDM :   ( 3494): [null:-1]->query
07-14 12:53:26.158 D/MDM :   ( 3494): [null:-1]->QUERY_PINCODE_CHECK_RESULT
07-14 12:53:26.166 D/PhoneStatusBar(  450): disable: < expand icons alerts ticker system_info BACK HOME recent* CLOCK search >
07-14 12:53:26.190 D/NfcService(  582): NFC-C ON
07-14 12:53:26.252 D/PhoneStatusBar(  450): disable: < expand icons alerts ticker system_info back* home* recent clock* search >
07-14 12:53:26.260 V/PhoneStatusBar(  450): setLightsOn(true)
07-14 12:53:26.299 E/CursorWindow( 3494): Failed to read row 0, column -1 from a CursorWindow which has 38 rows, 9 columns.
07-14 12:53:26.307 D/CallLogAdapter( 3494): java.lang.IllegalStateException: Couldn't read row 0, col -1 from CursorWindow.  Make sure the Cursor is initialized correctly before accessing data from it.
07-14 12:53:26.307 D/CallLogAdapter( 3494): ======no department find======
07-14 12:53:26.307 D/CALLLOGADAPTER( 3494): ++++++++++++++++++================================
07-14 12:53:26.307 D/ContactsProvider( 3494): [Contacts] query 'content://emdmcontacts/company_calllogs', segment size: 1
07-14 12:53:26.315 D/CallLogAdapter( 3494): quickContactView.number=============13220164537
07-14 12:53:26.315 D/CallLogAdapter( 3494): quickContactView.contactUri=============null
07-14 12:53:26.315 D/ContactsProvider( 3494): [Contacts] query 'content://emdmcontacts/contacts', segment size: 1
07-14 12:53:26.323 E/CursorWindow( 3494): Failed to read row 1, column -1 from a CursorWindow which has 38 rows, 9 columns.
07-14 12:53:26.323 D/CallLogAdapter( 3494): java.lang.IllegalStateException: Couldn't read row 1, col -1 from CursorWindow.  Make sure the Cursor is initialized correctly before accessing data from it.
07-14 12:53:26.323 D/CallLogAdapter( 3494): ======no department find======
07-14 12:53:26.323 D/CALLLOGADAPTER( 3494): ++++++++++++++++++================================
07-14 12:53:26.323 D/ContactsProvider( 3494): [Contacts] query 'content://emdmcontacts/company_calllogs', segment size: 1
07-14 12:53:26.346 D/CallLogAdapter( 3494): quickContactView.number=============01056299605
07-14 12:53:26.346 D/CallLogAdapter( 3494): quickContactView.contactUri=============null
07-14 12:53:26.346 D/ContactsProvider( 3494): [Contacts] query 'content://emdmcontacts/contacts', segment size: 1
07-14 12:53:26.385 E/CursorWindow( 3494): Failed to read row 4, column -1 from a CursorWindow which has 38 rows, 9 columns.
07-14 12:53:26.385 D/CallLogAdapter( 3494): java.lang.IllegalStateException: Couldn't read row 4, col -1 from CursorWindow.  Make sure the Cursor is initialized correctly before accessing data from it.
07-14 12:53:26.385 D/CallLogAdapter( 3494): ======no department find======
07-14 12:53:26.385 D/CALLLOGADAPTER( 3494): ++++++++++++++++++================================
07-14 12:53:26.385 D/ContactsProvider( 3494): [Contacts] query 'content://emdmcontacts/company_calllogs', segment size: 1
07-14 12:53:26.401 D/CallLogAdapter( 3494): quickContactView.number=============13263318053
07-14 12:53:26.401 D/CallLogAdapter( 3494): quickContactView.contactUri=============null
07-14 12:53:26.401 D/ContactsProvider( 3494): [Contacts] query 'content://emdmcontacts/contacts', segment size: 1
07-14 12:53:26.424 E/CursorWindow( 3494): Failed to read row 5, column -1 from a CursorWindow which has 38 rows, 9 columns.
07-14 12:53:26.424 D/CallLogAdapter( 3494): java.lang.IllegalStateException: Couldn't read row 5, col -1 from CursorWindow.  Make sure the Cursor is initialized correctly before accessing data from it.
07-14 12:53:26.424 D/CallLogAdapter( 3494): ======no department find======
07-14 12:53:26.424 D/CALLLOGADAPTER( 3494): ++++++++++++++++++================================
07-14 12:53:26.424 D/ContactsProvider( 3494): [Contacts] query 'content://emdmcontacts/company_calllogs', segment size: 1
07-14 12:53:26.448 D/CallLogAdapter( 3494): quickContactView.number=============13522849951
07-14 12:53:26.448 D/CallLogAdapter( 3494): quickContactView.contactUri=============null
07-14 12:53:26.448 D/ContactsProvider( 3494): [Contacts] query 'content://emdmcontacts/contacts', segment size: 1
07-14 12:53:26.463 E/CursorWindow( 3494): Failed to read row 6, column -1 from a CursorWindow which has 38 rows, 9 columns.
07-14 12:53:26.463 D/CallLogAdapter( 3494): java.lang.IllegalStateException: Couldn't read row 6, col -1 from CursorWindow.  Make sure the Cursor is initialized correctly before accessing data from it.
07-14 12:53:26.463 D/CallLogAdapter( 3494): ======no department find======
07-14 12:53:26.463 D/CALLLOGADAPTER( 3494): ++++++++++++++++++================================
07-14 12:53:26.463 D/ContactsProvider( 3494): [Contacts] query 'content://emdmcontacts/company_calllogs', segment size: 1
07-14 12:53:26.494 D/CallLogAdapter( 3494): quickContactView.number=============15010093591
07-14 12:53:26.494 D/CallLogAdapter( 3494): quickContactView.contactUri=============null
07-14 12:53:26.502 D/ContactsProvider( 3494): [Contacts] query 'content://emdmcontacts/contacts', segment size: 1
07-14 12:53:26.526 E/QueryController( 9653): Got null root node from accessibility - Retrying...
07-14 12:53:26.698 V/TAG     (  374): bug 7643792: fitSystemWindows([0,50][0,0])
07-14 12:53:26.768 D/AndroidRuntime( 9693): 
07-14 12:53:26.768 D/AndroidRuntime( 9693): >>>>>> AndroidRuntime START com.android.internal.os.RuntimeInit <<<<<<
07-14 12:53:26.768 D/AndroidRuntime( 9693): CheckJNI is OFF
07-14 12:53:26.776 E/QueryController( 9653): Got null root node from accessibility - Retrying...
07-14 12:53:26.783 D/dalvikvm( 9693): Trying to load lib libjavacore.so 0x0
07-14 12:53:26.791 D/dalvikvm( 9693): Added shared lib libjavacore.so 0x0
07-14 12:53:26.807 D/dalvikvm( 9693): Trying to load lib libnativehelper.so 0x0
07-14 12:53:26.807 D/dalvikvm( 9693): Added shared lib libnativehelper.so 0x0
07-14 12:53:26.830 I/Choreographer( 3494): Skipped 37 frames!  The application may be doing too much work on its main thread.
07-14 12:53:26.846 W/InputMethodManagerService(  374): Window already focused, ignoring focus gain of: com.android.internal.view.IInputMethodClient$Stub$Proxy@42f9b908 attribute=android.view.inputmethod.EditorInfo@42f9b918, token = android.os.BinderProxy@42fdb378
07-14 12:53:26.916 D/dalvikvm( 2221): GC_EXPLICIT freed 297K, 5% free 9662K/10076K, paused 4ms+6ms, total 99ms
07-14 12:53:26.940 D/ContactsProvider( 3494): [Contacts] query 'content://emdmcontacts/company_calllogs', segment size: 1
07-14 12:53:26.940 D/Assistant( 3494): [---null: -1---]  changeCursor
07-14 12:53:26.940 D/Assistant( 3494): [---null: -1---]  findGroups
07-14 12:53:26.948 D/Assistant( 3494): [---null: -1---]  addGroup
07-14 12:53:26.948 D/Assistant( 3494): [---null: -1---]  addGroup
07-14 12:53:26.955 D/Assistant( 3494): [---null: -1---]  addGroup
07-14 12:53:26.955 D/Assistant( 3494): [---null: -1---]  addGroup
07-14 12:53:26.955 D/Assistant( 3494): [---null: -1---]  addGroup
07-14 12:53:26.971 E/CursorWindow( 3494): Failed to read row 0, column -1 from a CursorWindow which has 38 rows, 9 columns.
07-14 12:53:26.971 D/CallLogAdapter( 3494): java.lang.IllegalStateException: Couldn't read row 0, col -1 from CursorWindow.  Make sure the Cursor is initialized correctly before accessing data from it.
07-14 12:53:26.971 D/CallLogAdapter( 3494): ======no department find======
07-14 12:53:26.971 D/CALLLOGADAPTER( 3494): ++++++++++++++++++================================
07-14 12:53:26.971 D/ContactsProvider( 3494): [Contacts] query 'content://emdmcontacts/company_calllogs', segment size: 1
07-14 12:53:26.979 D/CallLogAdapter( 3494): quickContactView.number=============13220164537
07-14 12:53:26.979 D/CallLogAdapter( 3494): quickContactView.contactUri=============null
07-14 12:53:26.979 D/ContactsProvider( 3494): [Contacts] query 'content://emdmcontacts/contacts', segment size: 1
07-14 12:53:26.987 E/CursorWindow( 3494): Failed to read row 1, column -1 from a CursorWindow which has 38 rows, 9 columns.
07-14 12:53:26.987 D/CallLogAdapter( 3494): java.lang.IllegalStateException: Couldn't read row 1, col -1 from CursorWindow.  Make sure the Cursor is initialized correctly before accessing data from it.
07-14 12:53:26.987 D/CallLogAdapter( 3494): ======no department find======
07-14 12:53:26.987 D/CALLLOGADAPTER( 3494): ++++++++++++++++++================================
07-14 12:53:26.987 D/ContactsProvider( 3494): [Contacts] query 'content://emdmcontacts/company_calllogs', segment size: 1
07-14 12:53:27.002 D/CallLogAdapter( 3494): quickContactView.number=============01056299605
07-14 12:53:27.002 D/CallLogAdapter( 3494): quickContactView.contactUri=============null
07-14 12:53:27.002 D/ContactsProvider( 3494): [Contacts] query 'content://emdmcontacts/contacts', segment size: 1
07-14 12:53:27.010 E/CursorWindow( 3494): Failed to read row 4, column -1 from a CursorWindow which has 38 rows, 9 columns.
07-14 12:53:27.010 D/CallLogAdapter( 3494): java.lang.IllegalStateException: Couldn't read row 4, col -1 from CursorWindow.  Make sure the Cursor is initialized correctly before accessing data from it.
07-14 12:53:27.010 D/CallLogAdapter( 3494): ======no department find======
07-14 12:53:27.010 D/CALLLOGADAPTER( 3494): ++++++++++++++++++================================
07-14 12:53:27.018 D/ContactsProvider( 3494): [Contacts] query 'content://emdmcontacts/company_calllogs', segment size: 1
07-14 12:53:27.026 D/CallLogAdapter( 3494): quickContactView.number=============13263318053
07-14 12:53:27.026 D/CallLogAdapter( 3494): quickContactView.contactUri=============null
07-14 12:53:27.026 D/ContactsProvider( 3494): [Contacts] query 'content://emdmcontacts/contacts', segment size: 1
07-14 12:53:27.041 E/CursorWindow( 3494): Failed to read row 5, column -1 from a CursorWindow which has 38 rows, 9 columns.
07-14 12:53:27.041 D/CallLogAdapter( 3494): java.lang.IllegalStateException: Couldn't read row 5, col -1 from CursorWindow.  Make sure the Cursor is initialized correctly before accessing data from it.
07-14 12:53:27.041 D/CallLogAdapter( 3494): ======no department find======
07-14 12:53:27.041 D/CALLLOGADAPTER( 3494): ++++++++++++++++++================================
07-14 12:53:27.041 D/ContactsProvider( 3494): [Contacts] query 'content://emdmcontacts/company_calllogs', segment size: 1
07-14 12:53:27.049 D/CallLogAdapter( 3494): quickContactView.number=============13522849951
07-14 12:53:27.049 D/CallLogAdapter( 3494): quickContactView.contactUri=============null
07-14 12:53:27.057 D/ContactsProvider( 3494): [Contacts] query 'content://emdmcontacts/contacts', segment size: 1
07-14 12:53:27.080 E/CursorWindow( 3494): Failed to read row 6, column -1 from a CursorWindow which has 38 rows, 9 columns.
07-14 12:53:27.080 D/CallLogAdapter( 3494): java.lang.IllegalStateException: Couldn't read row 6, col -1 from CursorWindow.  Make sure the Cursor is initialized correctly before accessing data from it.
07-14 12:53:27.080 D/CallLogAdapter( 3494): ======no department find======
07-14 12:53:27.080 D/CALLLOGADAPTER( 3494): ++++++++++++++++++================================
07-14 12:53:27.080 D/ContactsProvider( 3494): [Contacts] query 'content://emdmcontacts/company_calllogs', segment size: 1
07-14 12:53:27.088 D/AndroidRuntime( 9693): Calling main entry com.qihoo360.powerctl.root.app.App
07-14 12:53:27.088 D/AndroidRuntime( 9693): Shutting down VM
07-14 12:53:27.096 D/dalvikvm( 9693): GC_CONCURRENT freed 114K, 22% free 467K/592K, paused 1ms+0ms, total 4ms
07-14 12:53:27.096 I/AndroidRuntime( 9693): NOTE: attach of thread 'Binder_1' failed
07-14 12:53:27.096 D/CallLogAdapter( 3494): quickContactView.number=============15010093591
07-14 12:53:27.096 D/CallLogAdapter( 3494): quickContactView.contactUri=============null
07-14 12:53:27.104 D/ContactsProvider( 3494): [Contacts] query 'content://emdmcontacts/contacts', segment size: 1
07-14 12:53:27.799 I/ActivityManager(  374): START u0 {act=android.intent.action.MAIN cat=[android.intent.category.HOME] flg=0x10200000 cmp=com.android.launcher/com.android.launcher2.Launcher} from pid 374
07-14 12:53:27.807 D/MdmApplication( 3494): [null:-1]->onActivityPaused contacts.activities.DialtactsActivity , mActivityCount = 3
07-14 12:53:27.807 D/MDM :   ( 3494): [null:-1]->query
07-14 12:53:27.807 D/MDM :   ( 3494): [null:-1]->QUERY_PINCODE_CHECK_RESULT
07-14 12:53:27.815 E/Mdm     ( 3494): Call Mdm service's setLastExitTime function
07-14 12:53:27.869 D/dalvikvm(  450): GC_FOR_ALLOC freed 1569K, 15% free 13619K/15988K, paused 50ms, total 51ms
07-14 12:53:28.018 D/dalvikvm( 1052): GC_CONCURRENT freed 518K, 11% free 10023K/11168K, paused 8ms+3ms, total 79ms
07-14 12:53:28.580 W/ResourceType(  595): No known package when getting name for resource number 0x9c020000
07-14 12:53:28.580 W/ResourceType(  595): No known package when getting name for resource number 0x9c020002
07-14 12:53:28.619 W/ResourceType(  595): No known package when getting name for resource number 0x9b000000
07-14 12:53:28.619 W/ResourceType(  595): No known package when getting name for resource number 0x9b010100
07-14 12:53:28.619 W/ResourceType(  595): No known package when getting name for resource number 0x9b030300
07-14 12:53:28.619 W/ResourceType(  595): No known package when getting name for resource number 0x9b040400
07-14 12:53:28.627 I/QueryController( 9653): Matched selector: UiSelector[DESCRIPTION=, PACKAGE NAME=com.android.launcher] <<==>> [android.view.accessibility.AccessibilityNodeInfo@1fe6e; boundsInParent: Rect(524232, 0 - 524360, 128); boundsInScreen: Rect(296, 1040 - 424, 1168); packageName: com.android.launcher; className: android.widget.TextView; text: null; contentDescription: ; viewIdResName: null; checkable: false; checked: false; focusable: true; focused: false; selected: false; clickable: true; longClickable: false; enabled: true; password: false; scrollable: false; [ACTION_FOCUS, ACTION_SELECT, ACTION_CLEAR_SELECTION, ACTION_CLICK, ACTION_ACCESSIBILITY_FOCUS]]
07-14 12:53:28.627 D/InteractionController( 9653): clickAndWaitForNewWindow(360, 1104)
07-14 12:53:29.510 I/QueryController( 9653): Matched selector: UiSelector[TEXT=] <<==>> [android.view.accessibility.AccessibilityNodeInfo@6c634; boundsInParent: Rect(0, 0 - 148, 184); boundsInScreen: Rect(16, 958 - 164, 1142); packageName: com.android.launcher; className: android.widget.TextView; text: ; contentDescription: null; viewIdResName: null; checkable: false; checked: false; focusable: true; focused: false; selected: false; clickable: true; longClickable: true; enabled: true; password: false; scrollable: false; [ACTION_FOCUS, ACTION_SELECT, ACTION_CLEAR_SELECTION, ACTION_CLICK, ACTION_LONG_CLICK, ACTION_ACCESSIBILITY_FOCUS, ACTION_NEXT_AT_MOVEMENT_GRANULARITY, ACTION_PREVIOUS_AT_MOVEMENT_GRANULARITY, ACTION_SET_SELECTION]]
07-14 12:53:29.541 I/QueryController( 9653): Matched selector: UiSelector[TEXT=] <<==>> [android.view.accessibility.AccessibilityNodeInfo@6c634; boundsInParent: Rect(0, 0 - 148, 184); boundsInScreen: Rect(16, 958 - 164, 1142); packageName: com.android.launcher; className: android.widget.TextView; text: ; contentDescription: null; viewIdResName: null; checkable: false; checked: false; focusable: true; focused: false; selected: false; clickable: true; longClickable: true; enabled: true; password: false; scrollable: false; [ACTION_FOCUS, ACTION_SELECT, ACTION_CLEAR_SELECTION, ACTION_CLICK, ACTION_LONG_CLICK, ACTION_ACCESSIBILITY_FOCUS, ACTION_NEXT_AT_MOVEMENT_GRANULARITY, ACTION_PREVIOUS_AT_MOVEMENT_GRANULARITY, ACTION_SET_SELECTION]]
07-14 12:53:29.604 D/InteractionController( 9653): clickAndWaitForNewWindow(90, 1050)
07-14 12:53:29.737 I/ActivityManager(  374): START u0 {act=android.intent.action.MAIN cat=[android.intent.category.LAUNCHER] flg=0x10200000 cmp=com.pekall.emdm/.ui.SplashActivity} from pid 595
07-14 12:53:29.893 D/dalvikvm(  374): GC_FOR_ALLOC freed 3142K, 28% free 20154K/27708K, paused 103ms, total 103ms
07-14 12:53:29.948 D/MdmApplication( 3494): [null:-1]->onActivityStarted contacts.activities.DialtactsActivity , mActivityCount = 2
07-14 12:53:29.948 D/MDM :   ( 3494): [null:-1]->query
07-14 12:53:29.948 D/MDM :   ( 3494): [null:-1]->QUERY_PINCODE_CHECK_RESULT
07-14 12:53:29.971 V/PhoneStatusBar(  450): setLightsOn(true)
07-14 12:53:29.971 D/ContactsProvider( 3494): [Contacts] query 'content://emdmcontacts/company_calllogs', segment size: 1
07-14 12:53:30.041 D/Assistant( 3494): [---null: -1---]  changeCursor
07-14 12:53:30.041 D/Assistant( 3494): [---null: -1---]  findGroups
07-14 12:53:30.049 D/Assistant( 3494): [---null: -1---]  addGroup
07-14 12:53:30.049 D/Assistant( 3494): [---null: -1---]  addGroup
07-14 12:53:30.057 D/Assistant( 3494): [---null: -1---]  addGroup
07-14 12:53:30.057 D/Assistant( 3494): [---null: -1---]  addGroup
07-14 12:53:30.057 D/Assistant( 3494): [---null: -1---]  addGroup
07-14 12:53:30.065 E/CursorWindow( 3494): Failed to read row 0, column -1 from a CursorWindow which has 38 rows, 9 columns.
07-14 12:53:30.065 D/CallLogAdapter( 3494): java.lang.IllegalStateException: Couldn't read row 0, col -1 from CursorWindow.  Make sure the Cursor is initialized correctly before accessing data from it.
07-14 12:53:30.065 D/CallLogAdapter( 3494): ======no department find======
07-14 12:53:30.065 D/CALLLOGADAPTER( 3494): ++++++++++++++++++================================
07-14 12:53:30.065 D/ContactsProvider( 3494): [Contacts] query 'content://emdmcontacts/company_calllogs', segment size: 1
07-14 12:53:30.073 D/CallLogAdapter( 3494): quickContactView.number=============13220164537
07-14 12:53:30.073 D/CallLogAdapter( 3494): quickContactView.contactUri=============null
07-14 12:53:30.073 D/ContactsProvider( 3494): [Contacts] query 'content://emdmcontacts/contacts', segment size: 1
07-14 12:53:30.088 E/CursorWindow( 3494): Failed to read row 1, column -1 from a CursorWindow which has 38 rows, 9 columns.
07-14 12:53:30.088 D/CallLogAdapter( 3494): java.lang.IllegalStateException: Couldn't read row 1, col -1 from CursorWindow.  Make sure the Cursor is initialized correctly before accessing data from it.
07-14 12:53:30.088 D/CallLogAdapter( 3494): ======no department find======
07-14 12:53:30.088 D/CALLLOGADAPTER( 3494): ++++++++++++++++++================================
07-14 12:53:30.088 D/ContactsProvider( 3494): [Contacts] query 'content://emdmcontacts/company_calllogs', segment size: 1
07-14 12:53:30.104 D/CallLogAdapter( 3494): quickContactView.number=============01056299605
07-14 12:53:30.104 D/CallLogAdapter( 3494): quickContactView.contactUri=============null
07-14 12:53:30.104 D/ContactsProvider( 3494): [Contacts] query 'content://emdmcontacts/contacts', segment size: 1
07-14 12:53:30.119 E/CursorWindow( 3494): Failed to read row 4, column -1 from a CursorWindow which has 38 rows, 9 columns.
07-14 12:53:30.119 D/CallLogAdapter( 3494): java.lang.IllegalStateException: Couldn't read row 4, col -1 from CursorWindow.  Make sure the Cursor is initialized correctly before accessing data from it.
07-14 12:53:30.119 D/CallLogAdapter( 3494): ======no department find======
07-14 12:53:30.119 D/CALLLOGADAPTER( 3494): ++++++++++++++++++================================
07-14 12:53:30.119 D/ContactsProvider( 3494): [Contacts] query 'content://emdmcontacts/company_calllogs', segment size: 1
07-14 12:53:30.127 D/CallLogAdapter( 3494): quickContactView.number=============13263318053
07-14 12:53:30.127 D/CallLogAdapter( 3494): quickContactView.contactUri=============null
07-14 12:53:30.127 D/ContactsProvider( 3494): [Contacts] query 'content://emdmcontacts/contacts', segment size: 1
07-14 12:53:30.135 E/CursorWindow( 3494): Failed to read row 5, column -1 from a CursorWindow which has 38 rows, 9 columns.
07-14 12:53:30.135 D/CallLogAdapter( 3494): java.lang.IllegalStateException: Couldn't read row 5, col -1 from CursorWindow.  Make sure the Cursor is initialized correctly before accessing data from it.
07-14 12:53:30.135 D/CallLogAdapter( 3494): ======no department find======
07-14 12:53:30.143 D/CALLLOGADAPTER( 3494): ++++++++++++++++++================================
07-14 12:53:30.143 D/ContactsProvider( 3494): [Contacts] query 'content://emdmcontacts/company_calllogs', segment size: 1
07-14 12:53:30.151 D/CallLogAdapter( 3494): quickContactView.number=============13522849951
07-14 12:53:30.151 D/CallLogAdapter( 3494): quickContactView.contactUri=============null
07-14 12:53:30.151 D/ContactsProvider( 3494): [Contacts] query 'content://emdmcontacts/contacts', segment size: 1
07-14 12:53:30.158 E/CursorWindow( 3494): Failed to read row 6, column -1 from a CursorWindow which has 38 rows, 9 columns.
07-14 12:53:30.158 D/CallLogAdapter( 3494): java.lang.IllegalStateException: Couldn't read row 6, col -1 from CursorWindow.  Make sure the Cursor is initialized correctly before accessing data from it.
07-14 12:53:30.158 D/CallLogAdapter( 3494): ======no department find======
07-14 12:53:30.158 D/CALLLOGADAPTER( 3494): ++++++++++++++++++================================
07-14 12:53:30.158 D/ContactsProvider( 3494): [Contacts] query 'content://emdmcontacts/company_calllogs', segment size: 1
07-14 12:53:30.174 D/CallLogAdapter( 3494): quickContactView.number=============15010093591
07-14 12:53:30.174 D/CallLogAdapter( 3494): quickContactView.contactUri=============null
07-14 12:53:30.174 D/ContactsProvider( 3494): [Contacts] query 'content://emdmcontacts/contacts', segment size: 1
07-14 12:53:30.783 I/QueryController( 9653): Matched selector: UiSelector[PACKAGE NAME=com.pekall.emdm] <<==>> [android.view.accessibility.AccessibilityNodeInfo@2e38fc; boundsInParent: Rect(0, 0 - 720, 1184); boundsInScreen: Rect(0, 0 - 720, 1184); packageName: com.pekall.emdm; className: android.widget.FrameLayout; text: null; contentDescription: null; viewIdResName: null; checkable: false; checked: false; focusable: false; focused: false; selected: false; clickable: false; longClickable: false; enabled: true; password: false; scrollable: false; [ACTION_SELECT, ACTION_CLEAR_SELECTION, ACTION_ACCESSIBILITY_FOCUS]]
07-14 12:53:31.018 D/dalvikvm(  374): GC_FOR_ALLOC freed 1924K, 32% free 19006K/27708K, paused 95ms, total 95ms
07-14 12:53:31.033 D/MdmApplication( 3494): [null:-1]->onActivityPaused contacts.activities.DialtactsActivity , mActivityCount = 3
07-14 12:53:31.033 D/MDM :   ( 3494): [null:-1]->query
07-14 12:53:31.033 D/MDM :   ( 3494): [null:-1]->QUERY_PINCODE_CHECK_RESULT
07-14 12:53:31.033 E/Mdm     ( 3494): Call Mdm service's setLastExitTime function
07-14 12:53:31.049 D/MdmApplication( 3494): [null:-1]->onActivityStarted ui.MainActivity , mActivityCount = 2
07-14 12:53:31.057 D/MDM :   ( 3494): [null:-1]->query
07-14 12:53:31.057 D/MDM :   ( 3494): [null:-1]->QUERY_PINCODE_CHECK_RESULT
07-14 12:53:31.643 D/AssistantCallLogFragment( 3494): [---null: -1---]onDestroyView==============
07-14 12:53:31.658 D/DefaultContactBrowseListFragment( 3494): onDestroyView==============
07-14 12:53:32.033 W/InteractionController( 9653): runAndwaitForEvent timedout waiting for events
07-14 12:53:32.065 I/QueryController( 9653): Matched selector: UiSelector[TEXT=, CLASS=android.widget.TextView] <<==>> [android.view.accessibility.AccessibilityNodeInfo@2762ea; boundsInParent: Rect(0, 0 - 148, 184); boundsInScreen: Rect(376, 572 - 524, 756); packageName: com.pekall.emdm; className: android.widget.TextView; text: ; contentDescription: null; viewIdResName: com.pekall.emdm:id/application_icon_content; checkable: false; checked: false; focusable: true; focused: false; selected: false; clickable: false; longClickable: false; enabled: true; password: false; scrollable: false; [ACTION_FOCUS, ACTION_SELECT, ACTION_CLEAR_SELECTION, ACTION_ACCESSIBILITY_FOCUS, ACTION_NEXT_AT_MOVEMENT_GRANULARITY, ACTION_PREVIOUS_AT_MOVEMENT_GRANULARITY, ACTION_SET_SELECTION]]
07-14 12:53:32.096 I/QueryController( 9653): Matched selector: UiSelector[TEXT=, CLASS=android.widget.TextView] <<==>> [android.view.accessibility.AccessibilityNodeInfo@275b68; boundsInParent: Rect(0, 0 - 148, 184); boundsInScreen: Rect(16, 572 - 164, 756); packageName: com.pekall.emdm; className: android.widget.TextView; text: ; contentDescription: null; viewIdResName: com.pekall.emdm:id/application_icon_content; checkable: false; checked: false; focusable: true; focused: false; selected: false; clickable: false; longClickable: false; enabled: true; password: false; scrollable: false; [ACTION_FOCUS, ACTION_SELECT, ACTION_CLEAR_SELECTION, ACTION_ACCESSIBILITY_FOCUS, ACTION_NEXT_AT_MOVEMENT_GRANULARITY, ACTION_PREVIOUS_AT_MOVEMENT_GRANULARITY, ACTION_SET_SELECTION]]
07-14 12:53:32.119 I/QueryController( 9653): Matched selector: UiSelector[TEXT=, CLASS=android.widget.TextView] <<==>> [android.view.accessibility.AccessibilityNodeInfo@2753e6; boundsInParent: Rect(0, 0 - 148, 184); boundsInScreen: Rect(376, 379 - 524, 563); packageName: com.pekall.emdm; className: android.widget.TextView; text: ; contentDescription: null; viewIdResName: com.pekall.emdm:id/application_icon_content; checkable: false; checked: false; focusable: true; focused: false; selected: false; clickable: false; longClickable: false; enabled: true; password: false; scrollable: false; [ACTION_FOCUS, ACTION_SELECT, ACTION_CLEAR_SELECTION, ACTION_ACCESSIBILITY_FOCUS, ACTION_NEXT_AT_MOVEMENT_GRANULARITY, ACTION_PREVIOUS_AT_MOVEMENT_GRANULARITY, ACTION_SET_SELECTION]]
07-14 12:53:32.119 D/InteractionController( 9653): clickAndWaitForNewWindow(450, 471)
07-14 12:53:32.158 W/MountService(  374): getVolumeState(/storage/emulated/0/external_sd): Unknown volume
07-14 12:53:32.158 W/MountService(  374): getVolumeState(/mnt/sdcard-ext): Unknown volume
07-14 12:53:32.158 W/MountService(  374): getVolumeState(/mnt/ext_sdcard): Unknown volume
07-14 12:53:32.158 W/MountService(  374): getVolumeState(/mnt/sdcard2): Unknown volume
07-14 12:53:32.158 W/MountService(  374): getVolumeState(/mnt/emmc): Unknown volume
07-14 12:53:32.158 W/MountService(  374): getVolumeState(/mnt/extSdCard): Unknown volume
07-14 12:53:32.158 W/MountService(  374): getVolumeState(/mnt/sdcard/SD_CARD): Unknown volume
07-14 12:53:32.166 W/MountService(  374): getVolumeState(/mnt/sdcard/extra_sd): Unknown volume
07-14 12:53:32.166 W/MountService(  374): getVolumeState(/mnt/extrasd_bind): Unknown volume
07-14 12:53:32.166 W/MountService(  374): getVolumeState(/mnt/sdcard/ext_sd): Unknown volume
07-14 12:53:32.166 W/MountService(  374): getVolumeState(/storage/extSdCard): Unknown volume
07-14 12:53:32.166 W/MountService(  374): getVolumeState(/storage/sdcard1): Unknown volume
07-14 12:53:32.166 W/MountService(  374): getVolumeState(/mnt/sdcard/external_SD): Unknown volume
07-14 12:53:32.166 W/MountService(  374): getVolumeState(/mnt/sdcard/external_sd): Unknown volume
07-14 12:53:32.221 D/dalvikvm( 6152): GC_CONCURRENT freed 399K, 7% free 9440K/10072K, paused 6ms+3ms, total 33ms
07-14 12:53:32.291 I/ActivityManager(  374): START u0 {cmp=com.pekall.emdm/.contacts.activities.PeopleActivity} from pid 3494
07-14 12:53:32.424 D/dalvikvm(  374): GC_FOR_ALLOC freed 1186K, 32% free 19002K/27708K, paused 83ms, total 84ms
07-14 12:53:32.432 D/MdmApplication( 3494): [null:-1]->onActivityPaused ui.MainActivity , mActivityCount = 3
07-14 12:53:32.432 D/MDM :   ( 3494): [null:-1]->query
07-14 12:53:32.440 D/MDM :   ( 3494): [null:-1]->QUERY_PINCODE_CHECK_RESULT
07-14 12:53:32.440 E/Mdm     ( 3494): Call Mdm service's setLastExitTime function
07-14 12:53:32.471 I/ActivityManager(  374): START u0 {cmp=com.pekall.emdm/.contacts.activities.DialtactsActivity (has extras)} from pid 3494
07-14 12:53:32.510 D/MdmApplication( 3494): [null:-1]->onActivityStarted contacts.activities.DialtactsActivity , mActivityCount = 2
07-14 12:53:32.510 D/MDM :   ( 3494): [null:-1]->query
07-14 12:53:32.518 D/MDM :   ( 3494): [null:-1]->QUERY_PINCODE_CHECK_RESULT
07-14 12:53:32.549 D/ContactsProvider( 3494): [Contacts] query 'content://emdmcontacts/contacts', segment size: 1
07-14 12:53:32.549 D/Assistant( 3494): [---null: -1---]  changeCursor
07-14 12:53:32.557 D/Assistant( 3494): [---null: -1---]  findGroups
07-14 12:53:32.557 D/ContactsProvider( 3494): [Contacts] query 'content://emdmcontacts/contacts', segment size: 1
07-14 12:53:32.557 D/Assistant( 3494): [---null: -1---]  changeCursor
07-14 12:53:32.565 D/Assistant( 3494): [---null: -1---]  findGroups
07-14 12:53:32.565 D/Assistant( 3494): [---null: -1---]  OncreatTIME
07-14 12:53:32.580 I/ContactPhotoManager( 3494): Cache adj: 0.5
07-14 12:53:32.580 E/ContactPhotoManager( 3494): No contact photo service in context: com.pekall.emdm.MdmApplication@42817d40
07-14 12:53:32.627 W/MountService(  374): getVolumeState(/storage/emulated/0/external_sd): Unknown volume
07-14 12:53:32.635 W/MountService(  374): getVolumeState(/mnt/sdcard-ext): Unknown volume
07-14 12:53:32.643 D/ContactsProvider( 3494): [Contacts] query 'content://emdmcontacts/contacts', segment size: 1
07-14 12:53:32.643 D/Assistant( 3494): [---null: -1---]  changeCursor
07-14 12:53:32.643 D/dalvikvm( 6152): GC_CONCURRENT freed 479K, 6% free 9469K/10072K, paused 4ms+17ms, total 61ms
07-14 12:53:32.651 D/Assistant( 3494): [---null: -1---]  findGroups
07-14 12:53:32.651 D/ContactsProvider( 3494): [Contacts] query 'content://emdmcontacts/contacts', segment size: 1
07-14 12:53:32.651 D/Assistant( 3494): [---null: -1---]  changeCursor
07-14 12:53:32.651 D/Assistant( 3494): [---null: -1---]  findGroups
07-14 12:53:32.658 W/MountService(  374): getVolumeState(/mnt/ext_sdcard): Unknown volume
07-14 12:53:32.666 D/ContactsProvider( 3494): [Contacts] query 'content://emdmcontacts/company_calllogs', segment size: 1
07-14 12:53:32.666 W/MountService(  374): getVolumeState(/mnt/sdcard2): Unknown volume
07-14 12:53:32.666 W/MountService(  374): getVolumeState(/mnt/emmc): Unknown volume
07-14 12:53:32.666 W/MountService(  374): getVolumeState(/mnt/extSdCard): Unknown volume
07-14 12:53:32.666 W/MountService(  374): getVolumeState(/mnt/sdcard/SD_CARD): Unknown volume
07-14 12:53:32.674 W/MountService(  374): getVolumeState(/mnt/sdcard/extra_sd): Unknown volume
07-14 12:53:32.674 W/MountService(  374): getVolumeState(/mnt/extrasd_bind): Unknown volume
07-14 12:53:32.674 W/MountService(  374): getVolumeState(/mnt/sdcard/ext_sd): Unknown volume
07-14 12:53:32.674 W/MountService(  374): getVolumeState(/storage/extSdCard): Unknown volume
07-14 12:53:32.674 W/MountService(  374): getVolumeState(/storage/sdcard1): Unknown volume
07-14 12:53:32.674 W/MountService(  374): getVolumeState(/mnt/sdcard/external_SD): Unknown volume
07-14 12:53:32.674 W/MountService(  374): getVolumeState(/mnt/sdcard/external_sd): Unknown volume
07-14 12:53:32.682 V/PhoneStatusBar(  450): setLightsOn(true)
07-14 12:53:32.705 D/ContactsProvider( 3494): [Contacts] query 'content://emdmcontacts/frequently_contacts', segment size: 1
07-14 12:53:32.713 D/ContactsProvider( 3494): [Contacts] query 'content://emdmcontacts/contacts', segment size: 1
07-14 12:53:32.744 D/ContactsProvider( 3494): [Contacts] query 'content://emdmcontacts/contacts', segment size: 1
07-14 12:53:32.807 D/dalvikvm( 6152): GC_FOR_ALLOC freed 397K, 7% free 9385K/10072K, paused 30ms, total 31ms
07-14 12:53:32.877 I/ActivityManager(  374): Displayed com.pekall.emdm/.contacts.activities.DialtactsActivity: +394ms (total +427ms)
07-14 12:53:32.877 D/ContactsProvider( 3494): [Contacts] query 'content://emdmcontacts/company_calllogs', segment size: 1
07-14 12:53:33.073 D/Assistant( 3494): [---null: -1---]  changeCursor
07-14 12:53:33.073 D/Assistant( 3494): [---null: -1---]  findGroups
07-14 12:53:33.073 D/Assistant( 3494): [---null: -1---]  addGroup
07-14 12:53:33.080 D/Assistant( 3494): [---null: -1---]  addGroup
07-14 12:53:33.080 D/Assistant( 3494): [---null: -1---]  addGroup
07-14 12:53:33.080 D/Assistant( 3494): [---null: -1---]  addGroup
07-14 12:53:33.080 D/Assistant( 3494): [---null: -1---]  addGroup
07-14 12:53:33.119 E/CursorWindow( 3494): Failed to read row 0, column -1 from a CursorWindow which has 38 rows, 9 columns.
07-14 12:53:33.119 D/CallLogAdapter( 3494): java.lang.IllegalStateException: Couldn't read row 0, col -1 from CursorWindow.  Make sure the Cursor is initialized correctly before accessing data from it.
07-14 12:53:33.119 D/CallLogAdapter( 3494): ======no department find======
07-14 12:53:33.119 D/CALLLOGADAPTER( 3494): ++++++++++++++++++================================
07-14 12:53:33.119 D/ContactsProvider( 3494): [Contacts] query 'content://emdmcontacts/company_calllogs', segment size: 1
07-14 12:53:33.127 D/CallLogAdapter( 3494): quickContactView.number=============13220164537
07-14 12:53:33.127 D/CallLogAdapter( 3494): quickContactView.contactUri=============null
07-14 12:53:33.127 D/ContactsProvider( 3494): [Contacts] query 'content://emdmcontacts/contacts', segment size: 1
07-14 12:53:33.151 E/CursorWindow( 3494): Failed to read row 1, column -1 from a CursorWindow which has 38 rows, 9 columns.
07-14 12:53:33.151 D/CallLogAdapter( 3494): java.lang.IllegalStateException: Couldn't read row 1, col -1 from CursorWindow.  Make sure the Cursor is initialized correctly before accessing data from it.
07-14 12:53:33.151 D/CallLogAdapter( 3494): ======no department find======
07-14 12:53:33.151 D/CALLLOGADAPTER( 3494): ++++++++++++++++++================================
07-14 12:53:33.151 D/ContactsProvider( 3494): [Contacts] query 'content://emdmcontacts/company_calllogs', segment size: 1
07-14 12:53:33.166 D/CallLogAdapter( 3494): quickContactView.number=============01056299605
07-14 12:53:33.166 D/CallLogAdapter( 3494): quickContactView.contactUri=============null
07-14 12:53:33.166 D/ContactsProvider( 3494): [Contacts] query 'content://emdmcontacts/contacts', segment size: 1
07-14 12:53:33.205 E/CursorWindow( 3494): Failed to read row 4, column -1 from a CursorWindow which has 38 rows, 9 columns.
07-14 12:53:33.205 D/CallLogAdapter( 3494): java.lang.IllegalStateException: Couldn't read row 4, col -1 from CursorWindow.  Make sure the Cursor is initialized correctly before accessing data from it.
07-14 12:53:33.205 D/CallLogAdapter( 3494): ======no department find======
07-14 12:53:33.205 D/CALLLOGADAPTER( 3494): ++++++++++++++++++================================
07-14 12:53:33.205 D/ContactsProvider( 3494): [Contacts] query 'content://emdmcontacts/company_calllogs', segment size: 1
07-14 12:53:33.213 D/CallLogAdapter( 3494): quickContactView.number=============13263318053
07-14 12:53:33.213 D/CallLogAdapter( 3494): quickContactView.contactUri=============null
07-14 12:53:33.213 D/ContactsProvider( 3494): [Contacts] query 'content://emdmcontacts/contacts', segment size: 1
07-14 12:53:33.244 E/CursorWindow( 3494): Failed to read row 5, column -1 from a CursorWindow which has 38 rows, 9 columns.
07-14 12:53:33.244 D/CallLogAdapter( 3494): java.lang.IllegalStateException: Couldn't read row 5, col -1 from CursorWindow.  Make sure the Cursor is initialized correctly before accessing data from it.
07-14 12:53:33.244 D/CallLogAdapter( 3494): ======no department find======
07-14 12:53:33.244 D/CALLLOGADAPTER( 3494): ++++++++++++++++++================================
07-14 12:53:33.244 D/ContactsProvider( 3494): [Contacts] query 'content://emdmcontacts/company_calllogs', segment size: 1
07-14 12:53:33.260 D/CallLogAdapter( 3494): quickContactView.number=============13522849951
07-14 12:53:33.260 D/CallLogAdapter( 3494): quickContactView.contactUri=============null
07-14 12:53:33.260 D/ContactsProvider( 3494): [Contacts] query 'content://emdmcontacts/contacts', segment size: 1
07-14 12:53:33.291 E/CursorWindow( 3494): Failed to read row 6, column -1 from a CursorWindow which has 38 rows, 9 columns.
07-14 12:53:33.291 D/CallLogAdapter( 3494): java.lang.IllegalStateException: Couldn't read row 6, col -1 from CursorWindow.  Make sure the Cursor is initialized correctly before accessing data from it.
07-14 12:53:33.291 D/CallLogAdapter( 3494): ======no department find======
07-14 12:53:33.291 D/CALLLOGADAPTER( 3494): ++++++++++++++++++================================
07-14 12:53:33.291 D/ContactsProvider( 3494): [Contacts] query 'content://emdmcontacts/company_calllogs', segment size: 1
07-14 12:53:33.299 D/CallLogAdapter( 3494): quickContactView.number=============15010093591
07-14 12:53:33.299 D/CallLogAdapter( 3494): quickContactView.contactUri=============null
07-14 12:53:33.299 D/ContactsProvider( 3494): [Contacts] query 'content://emdmcontacts/contacts', segment size: 1
07-14 12:53:33.627 D/dalvikvm( 1052): GC_CONCURRENT freed 184K, 9% free 10223K/11168K, paused 4ms+3ms, total 31ms
07-14 12:53:33.979 I/QueryController( 9653): Matched selector: UiSelector[RESOURCE_ID=com.pekall.emdm:id/thrid] <<==>> [android.view.accessibility.AccessibilityNodeInfo@311c87; boundsInParent: Rect(0, 0 - 180, 50); boundsInScreen: Rect(360, 73 - 540, 123); packageName: com.pekall.emdm; className: android.widget.ImageView; text: null; contentDescription: null; viewIdResName: com.pekall.emdm:id/thrid; checkable: false; checked: false; focusable: false; focused: false; selected: false; clickable: true; longClickable: false; enabled: true; password: false; scrollable: false; [ACTION_SELECT, ACTION_CLEAR_SELECTION, ACTION_CLICK, ACTION_ACCESSIBILITY_FOCUS]]
07-14 12:53:34.010 I/QueryController( 9653): Matched selector: UiSelector[RESOURCE_ID=com.pekall.emdm:id/thrid] <<==>> [android.view.accessibility.AccessibilityNodeInfo@311c87; boundsInParent: Rect(0, 0 - 180, 50); boundsInScreen: Rect(360, 73 - 540, 123); packageName: com.pekall.emdm; className: android.widget.ImageView; text: null; contentDescription: null; viewIdResName: com.pekall.emdm:id/thrid; checkable: false; checked: false; focusable: false; focused: false; selected: false; clickable: true; longClickable: false; enabled: true; password: false; scrollable: false; [ACTION_SELECT, ACTION_CLEAR_SELECTION, ACTION_CLICK, ACTION_ACCESSIBILITY_FOCUS]]
07-14 12:53:34.010 D/InteractionController( 9653): clickAndSync(450, 98)
07-14 12:53:37.119 W/InteractionController( 9653): runAndwaitForEvent timedout waiting for events
07-14 12:53:37.924 I/QueryController( 9653): Matched selector: UiSelector[TEXT=mmm] <<==>> [android.view.accessibility.AccessibilityNodeInfo@317e21; boundsInParent: Rect(0, 0 - 96, 48); boundsInScreen: Rect(194, 239 - 290, 287); packageName: com.pekall.emdm; className: android.widget.TextView; text: mmm; contentDescription: null; viewIdResName: com.pekall.emdm:id/name; checkable: false; checked: false; focusable: false; focused: false; selected: false; clickable: false; longClickable: false; enabled: true; password: false; scrollable: false; [ACTION_SELECT, ACTION_CLEAR_SELECTION, ACTION_ACCESSIBILITY_FOCUS, ACTION_NEXT_AT_MOVEMENT_GRANULARITY, ACTION_PREVIOUS_AT_MOVEMENT_GRANULARITY, ACTION_SET_SELECTION]]
07-14 12:53:37.932 I/AndroidRuntime( 9653): VM exiting with result code 0.
07-14 12:53:46.229 D/LightsService(  374): Excessive delay setting light: 67ms
07-14 12:53:46.502 D/LightsService(  374): Excessive delay setting light: 67ms
07-14 12:53:49.018 I/PowerManagerService(  374): Going to sleep due to screen timeout...
07-14 12:53:49.776 D/SurfaceFlinger(  124): Screen released, type=0 flinger=0x41e1a478
07-14 12:53:49.908 D/dalvikvm(  374): GC_FOR_ALLOC freed 1670K, 31% free 19257K/27708K, paused 91ms, total 91ms
07-14 12:53:49.924 I/WindowManager(  374): Screenshot Window{42ba8a10 u0 com.pekall.emdm/com.pekall.emdm.contacts.activities.DialtactsActivity} was all black! mSurfaceLayer=21020 minLayer=21005 maxLayer=21020
07-14 12:53:49.932 D/MdmApplication( 3494): [null:-1]->onActivityPaused contacts.activities.DialtactsActivity , mActivityCount = 3
07-14 12:53:49.932 D/MDM :   ( 3494): [null:-1]->query
07-14 12:53:49.932 D/MDM :   ( 3494): [null:-1]->QUERY_PINCODE_CHECK_RESULT
07-14 12:53:49.932 E/Mdm     ( 3494): Call Mdm service's setLastExitTime function
07-14 12:53:50.049 D/NfcService(  582): NFC-C OFF, disconnect
07-14 12:53:50.151 D/dalvikvm( 2019): GC_FOR_ALLOC freed 318K, 7% free 9929K/10588K, paused 23ms, total 23ms
07-14 12:53:50.174 V/KeyguardHostView(  374): hide transport, gen:43
07-14 12:53:50.174 V/KeyguardHostView(  374): music state changed: 0
07-14 12:53:50.205 D/PhoneStatusBar(  450): disable: < expand icons alerts ticker system_info back home RECENT* clock search >
07-14 12:53:50.221 D/MDM :   ( 3494): [null:-1]->query
07-14 12:53:50.221 D/MDM :   ( 3494): [null:-1]->QUERY_SETTING_PIN_ONOFF
07-14 12:53:50.252 V/TAG     (  374): bug 7643792: fitSystemWindows([0,50][0,0])
07-14 12:53:50.362 D/dalvikvm(  374): GC_CONCURRENT freed 1166K, 26% free 20682K/27708K, paused 4ms+12ms, total 202ms
07-14 12:53:50.362 D/dalvikvm(  374): WAIT_FOR_CONCURRENT_GC blocked 46ms
07-14 12:53:50.362 D/dalvikvm(  374): WAIT_FOR_CONCURRENT_GC blocked 43ms
07-14 12:53:50.362 D/dalvikvm(  374): WAIT_FOR_CONCURRENT_GC blocked 18ms
07-14 12:53:50.416 D/dalvikvm( 3494): GC_CONCURRENT freed 3426K, 15% free 22425K/26160K, paused 4ms+25ms, total 216ms
07-14 12:53:50.416 D/PhoneStatusBar(  450): disable: < expand icons alerts ticker system_info BACK* HOME* RECENT CLOCK* search >
07-14 12:53:50.424 W/CursorWrapperInner( 3494): Cursor finalized without prior close()
07-14 12:53:50.432 W/CursorWrapperInner( 3494): Cursor finalized without prior close()
07-14 12:53:50.448 W/CursorWrapperInner( 3494): Cursor finalized without prior close()
07-14 12:53:50.448 W/CursorWrapperInner( 3494): Cursor finalized without prior close()
07-14 12:53:50.448 W/CursorWrapperInner( 3494): Cursor finalized without prior close()
07-14 12:53:50.455 W/CursorWrapperInner( 3494): Cursor finalized without prior close()
07-14 12:53:50.455 W/CursorWrapperInner( 3494): Cursor finalized without prior close()
07-14 12:53:57.510 D/MDM :   ( 3494): [null:-1]->MSG_WEBSOCKET_MESSAGE : {"id":865305132,"type":0,"command":0,"result":0,"reason":0,"params":{"msgId":"6c7e9242-3795-4423-aa48-dfaba256a6e7,6c7e924237954423aa48dfaba256a6e7","device":"ffffffffc539bb10fffffffff7aea961","message":"{\"cmd\":\"10119\"}"}}
07-14 12:53:57.518 D/MdmService( 3494): [null:-1]->push message type :0
07-14 12:53:57.526 D/MdmService( 3494): [null:-1]->cmdMessage : {"cmd":"10119"}
07-14 12:53:57.526 D/MdmService( 3494): [null:-1]->command : PushCommandMsg{cmd='10119', msg='null'}
07-14 12:53:57.526 D/MDM :   ( 3494): [null:-1]->PUSH CMD: 10119
07-14 12:53:57.533 D/MdmStatusManager( 3494): [null:-1]->change status to : Busy
07-14 12:53:57.533 D/DB      ( 3494): query: SQLiteQuery: SELECT content, command_status, status FROM command WHERE status!=2
07-14 12:53:57.533 D/DB      ( 3494): factory null
07-14 12:53:57.533 D/DB      ( 3494): fillWindow: 0
07-14 12:53:57.533 D/DB      ( 3494): cursor 0
07-14 12:53:57.533 D/DB      ( 3494): moveToPos: 0
07-14 12:53:57.533 I/TransInfo( 3494): TransInfo created, id: 3, class: class com.pekall.emdm.transaction.b.c
07-14 12:53:57.533 D/NetworkThread( 3494): [null:-1]->----isRunning-----true
07-14 12:53:57.533 D/NetworkThread( 3494): [null:-1]->----isRunning-----true
07-14 12:53:57.533 D/NetworkThread( 3494): [null:-1]->thread wakeup
07-14 12:53:57.541 D/HttpClient( 3494): enable apache.http debug
07-14 12:53:57.541 V/DEBUG   ( 3494): HTTP 0
07-14 12:53:57.752 D/MDM :   ( 3494): [null:-1]->MSG_WEBSOCKET_MESSAGE : {"id":918599492,"type":0,"command":0,"result":0,"reason":0,"params":{"msgId":"478efec1-8e27-437f-abcd-445cf9836339,478efec18e27437fabcd445cf9836339","device":"ffffffffc539bb10fffffffff7aea961","message":"{\"cmd\":\"10119\"}"}}
07-14 12:53:57.768 D/MdmService( 3494): [null:-1]->push message type :0
07-14 12:53:57.768 D/MdmService( 3494): [null:-1]->cmdMessage : {"cmd":"10119"}
07-14 12:53:57.776 D/MdmService( 3494): [null:-1]->command : PushCommandMsg{cmd='10119', msg='null'}
07-14 12:53:57.776 D/MDM :   ( 3494): [null:-1]->PUSH CMD: 10119
07-14 12:53:57.776 D/MdmService( 3494): [null:-1]->MdmStatusManager is busy , wait......
07-14 12:53:57.987 V/DEBUG   ( 3494): HTTP 1
07-14 12:53:58.002 D/MDM :   ( 3494): [null:-1]->read network input stream
07-14 12:53:58.010 D/CheckInTransInfo( 3494): [null:-1]->CommandMsg : CommandMsg{CommandUUID='8a80888e4732aed5014733385b7a077a', Command=CommandRemoveDocument{DocumentType='Contact', DocumentUUID='8a80888c46c806620146cbd7085f16b1'} CommandObject{RequestType='RemoveDocument'}}
07-14 12:53:58.010 D/DB      ( 3494): query: SQLiteQuery: SELECT * FROM command WHERE cmd_uuid='8a80888e4732aed5014733385b7a077a'
07-14 12:53:58.010 D/DB      ( 3494): factory null
07-14 12:53:58.010 D/DB      ( 3494): fillWindow: 