07-14 11:57:29.385 W/MountService(  374): getVolumeState(/mnt/sdcard2): Unknown volume
07-14 11:57:29.385 W/MountService(  374): getVolumeState(/mnt/emmc): Unknown volume
07-14 11:57:29.385 W/MountService(  374): getVolumeState(/mnt/extSdCard): Unknown volume
07-14 11:57:29.385 W/MountService(  374): getVolumeState(/mnt/sdcard/SD_CARD): Unknown volume
07-14 11:57:29.385 W/MountService(  374): getVolumeState(/mnt/sdcard/extra_sd): Unknown volume
07-14 11:57:29.385 W/MountService(  374): getVolumeState(/mnt/extrasd_bind): Unknown volume
07-14 11:57:29.385 W/MountService(  374): getVolumeState(/mnt/sdcard/ext_sd): Unknown volume
07-14 11:57:29.385 W/MountService(  374): getVolumeState(/storage/extSdCard): Unknown volume
07-14 11:57:29.393 W/MountService(  374): getVolumeState(/storage/sdcard1): Unknown volume
07-14 11:57:29.393 W/MountService(  374): getVolumeState(/mnt/sdcard/external_SD): Unknown volume
07-14 11:57:29.393 W/MountService(  374): getVolumeState(/mnt/sdcard/external_sd): Unknown volume
07-14 11:57:29.424 D/dalvikvm( 2037): GC_CONCURRENT freed 580K, 21% free 9555K/11956K, paused 3ms+3ms, total 27ms
07-14 11:57:36.354 W/System.err( 1990): java.io.FileNotFoundException: /data/data/com.mgyapp.android/files/.cfp.i: open failed: ENOENT (No such file or directory)
07-14 11:57:36.354 W/System.err( 1990): 	at libcore.io.IoBridge.open(IoBridge.java:409)
07-14 11:57:36.354 W/System.err( 1990): 	at java.io.FileInputStream.<init>(FileInputStream.java:78)
07-14 11:57:36.362 W/System.err( 1990): 	at android.app.ContextImpl.openFileInput(ContextImpl.java:702)
07-14 11:57:36.362 W/System.err( 1990): 	at android.content.ContextWrapper.openFileInput(ContextWrapper.java:173)
07-14 11:57:36.362 W/System.err( 1990): 	at com.mgyun.shua.jc.c.b(Unknown Source)
07-14 11:57:36.362 W/System.err( 1990): 	at com.mgyun.shua.jc.d.a(Unknown Source)
07-14 11:57:36.362 W/System.err( 1990): 	at com.mgyun.shua.jc.service.CpWorkServer.onHandleIntent(Unknown Source)
07-14 11:57:36.369 W/System.err( 1990): 	at android.app.IntentService$ServiceHandler.handleMessage(IntentService.java:65)
07-14 11:57:36.369 W/System.err( 1990): 	at android.os.Handler.dispatchMessage(Handler.java:99)
07-14 11:57:36.369 W/System.err( 1990): 	at android.os.Looper.loop(Looper.java:137)
07-14 11:57:36.369 W/System.err( 1990): 	at android.os.HandlerThread.run(HandlerThread.java:61)
07-14 11:57:36.369 W/System.err( 1990): Caused by: libcore.io.ErrnoException: open failed: ENOENT (No such file or directory)
07-14 11:57:36.369 W/System.err( 1990): 	at libcore.io.Posix.open(Native Method)
07-14 11:57:36.369 W/System.err( 1990): 	at libcore.io.BlockGuardOs.open(BlockGuardOs.java:110)
07-14 11:57:36.369 W/System.err( 1990): 	at libcore.io.IoBridge.open(IoBridge.java:393)
07-14 11:57:36.369 W/System.err( 1990): 	... 10 more
07-14 11:57:36.401 D/dalvikvm( 1990): GC_CONCURRENT freed 449K, 15% free 9258K/10828K, paused 6ms+3ms, total 31ms
07-14 11:57:38.877 D/MdmService( 1365): [null:-1]->receiver action :com.pekall.mdm.action.MDM_ALARM
07-14 11:57:40.096 I/PowerManagerService(  374): Waking up from sleep...
07-14 11:57:40.166 I/WindowManager(  374): Lock screen displayed!
07-14 11:57:40.471 D/PowerManagerService-JNI(  374): Excessive delay in autosuspend_disable() while turning screen on: 351ms
07-14 11:57:40.471 D/SurfaceFlinger(  124): Screen acquired, type=0 flinger=0x41e1a478
07-14 11:57:40.549 D/LightsService(  374): Excessive delay setting light: 83ms
07-14 11:57:40.666 D/YouTube MDX( 1904): Recieved intent android.intent.action.SCREEN_ON
07-14 11:57:40.674 D/dalvikvm(  636): GC_CONCURRENT freed 891K, 8% free 12616K/13624K, paused 6ms+4ms, total 102ms
07-14 11:57:40.674 D/dalvikvm(  636): WAIT_FOR_CONCURRENT_GC blocked 80ms
07-14 11:57:40.768 V/DigitalWidgetViewsFactory( 2502): DigitalWidget sets next alarm string to null
07-14 11:57:41.174 D/AndroidRuntime( 3137): 
07-14 11:57:41.174 D/AndroidRuntime( 3137): >>>>>> AndroidRuntime START com.android.internal.os.RuntimeInit <<<<<<
07-14 11:57:41.174 D/AndroidRuntime( 3137): CheckJNI is OFF
07-14 11:57:41.190 D/dalvikvm( 3137): Trying to load lib libjavacore.so 0x0
07-14 11:57:41.198 D/dalvikvm( 3137): Added shared lib libjavacore.so 0x0
07-14 11:57:41.229 D/dalvikvm( 3137): Trying to load lib libnativehelper.so 0x0
07-14 11:57:41.229 D/dalvikvm( 3137): Added shared lib libnativehelper.so 0x0
07-14 11:57:41.244 D/PhoneStatusBar(  450): disable: < expand icons alerts ticker system_info BACK HOME recent* CLOCK search >
07-14 11:57:41.260 D/NfcService(  582): NFC-C ON
07-14 11:57:41.448 D/PhoneStatusBar(  450): disable: < expand icons alerts ticker system_info back* home* recent clock* search >
07-14 11:57:41.494 W/InputMethodManagerService(  374): Window already focused, ignoring focus gain of: com.android.internal.view.IInputMethodClient$Stub$Proxy@42d20b38 attribute=android.view.inputmethod.EditorInfo@42d20b48, token = android.os.BinderProxy@42ea3d30
07-14 11:57:41.635 D/AndroidRuntime( 3137): Calling main entry com.qihoo360.powerctl.root.app.App
07-14 11:57:41.643 D/AndroidRuntime( 3137): Shutting down VM
07-14 11:57:41.643 D/dalvikvm( 3137): GC_CONCURRENT freed 115K, 21% free 467K/592K, paused 0ms+0ms, total 4ms
07-14 11:57:41.776 V/TAG     (  374): bug 7643792: fitSystemWindows([0,50][0,0])
07-14 11:57:41.940 D/dalvikvm( 1052): GC_CONCURRENT freed 466K, 6% free 9902K/10436K, paused 12ms+3ms, total 122ms
07-14 11:57:41.979 D/AndroidRuntime( 3158): 
07-14 11:57:41.979 D/AndroidRuntime( 3158): >>>>>> AndroidRuntime START com.android.internal.os.RuntimeInit <<<<<<
07-14 11:57:41.979 D/AndroidRuntime( 3158): CheckJNI is OFF
07-14 11:57:41.994 D/dalvikvm( 3158): Trying to load lib libjavacore.so 0x0
07-14 11:57:42.002 D/dalvikvm( 3158): Added shared lib libjavacore.so 0x0
07-14 11:57:42.010 I/RootJni ( 3163): su: permission denied
07-14 11:57:42.018 D/dalvikvm( 3158): Trying to load lib libnativehelper.so 0x0
07-14 11:57:42.018 D/dalvikvm( 3158): Added shared lib libnativehelper.so 0x0
07-14 11:57:42.283 D/AndroidRuntime( 3158): Calling main entry com.qihoo360.powerctl.root.app.App
07-14 11:57:42.283 D/AndroidRuntime( 3158): Shutting down VM
07-14 11:57:42.291 D/dalvikvm( 3158): GC_CONCURRENT freed 115K, 21% free 467K/592K, paused 1ms+1ms, total 5ms
07-14 11:57:45.658 D/LightsService(  374): Excessive delay setting light: 64ms
07-14 11:57:49.815 D/JOBS    ( 1958): Thread-181: load factor check. true = (0 < 1)|| (0 * 3 < 0 + 0). consumer thread: true
07-14 11:57:49.815 D/JOBS    ( 1958): didn't allow me to die, re-running Thread-181
07-14 11:57:49.815 D/JOBS    ( 1958): re-running consumer Thread-181
07-14 11:57:50.612 W/Settings(  636): Setting android_id has moved from android.provider.Settings.System to android.provider.Settings.Secure, returning read-only value.
07-14 11:57:51.315 I/ActivityManager(  374): START u0 {act=android.intent.action.MAIN cat=[android.intent.category.LAUNCHER] flg=0x10200000 cmp=com.android.settings/.Settings} from pid 595
07-14 11:57:51.377 I/ActivityManager(  374): Start proc com.android.settings for activity com.android.settings/.Settings: pid=3178 uid=1000 gids={41000, 1015, 1028, 3002, 3001, 3003, 3007}
07-14 11:57:51.487 D/dalvikvm( 1052): GC_FOR_ALLOC freed 496K, 8% free 9675K/10432K, paused 32ms, total 33ms
07-14 11:57:51.533 D/dalvikvm(  374): GC_CONCURRENT freed 2501K, 15% free 17821K/20828K, paused 12ms+17ms, total 205ms
07-14 11:57:51.533 D/dalvikvm(  374): WAIT_FOR_CONCURRENT_GC blocked 179ms
07-14 11:57:51.776 D/BluetoothManagerService(  374): Message: 20
07-14 11:57:51.776 D/BluetoothManagerService(  374): Added callback: android.bluetooth.IBluetoothManagerCallback$Stub$Proxy@42edd598:true
07-14 11:57:51.799 D/BluetoothAdapter( 3178): 1116062632: getState() :  mService = null. Returning STATE_OFF
07-14 11:57:51.799 D/BluetoothManagerService(  374): Message: 30
07-14 11:57:51.815 D/BluetoothManagerService(  374): Message: 30
07-14 11:57:51.815 D/BluetoothPan( 3178): BluetoothPan() call bindService
07-14 11:57:51.815 W/ContextImpl( 3178): Calling a method in the system process without a qualified user: android.app.ContextImpl.bindService:1439 android.content.ContextWrapper.bindService:496 android.bluetooth.BluetoothInputDevice.<init>:240 android.bluetooth.BluetoothAdapter.getProfileProxy:1168 com.android.settings.bluetooth.LocalBluetoothAdapter.getProfileProxy:94 
07-14 11:57:51.823 D/BluetoothPan( 3178): BluetoothPan(), bindService called
07-14 11:57:51.823 W/ContextImpl( 3178): Calling a method in the system process without a qualified user: android.app.ContextImpl.bindService:1439 android.content.ContextWrapper.bindService:496 android.bluetooth.BluetoothPan.<init>:141 android.bluetooth.BluetoothAdapter.getProfileProxy:1171 com.android.settings.bluetooth.PanProfile.<init>:73 
07-14 11:57:51.830 D/BluetoothManagerService(  374): Message: 30
07-14 11:57:51.830 D/dalvikvm( 3178): GC_CONCURRENT freed 150K, 2% free 9226K/9392K, paused 4ms+3ms, total 44ms
07-14 11:57:51.830 W/ContextImpl( 3178): Calling a method in the system process without a qualified user: android.app.ContextImpl.bindService:1439 android.content.ContextWrapper.bindService:496 android.bluetooth.BluetoothPbap.<init>:161 com.android.settings.bluetooth.PbapServerProfile.<init>:68 com.android.settings.bluetooth.LocalBluetoothProfileManager.<init>:124 
07-14 11:57:51.838 D/LocalBluetoothProfileManager( 3178): LocalBluetoothProfileManager construction complete
07-14 11:57:51.838 D/BluetoothAdapter( 3178): 1116062632: getState() :  mService = null. Returning STATE_OFF
07-14 11:57:51.838 D/BluetoothAdapter( 3178): 1116062632: getState() :  mService = null. Returning STATE_OFF
07-14 11:57:52.033 D/libEGL  ( 3178): loaded /vendor/lib/egl/libEGL_POWERVR_SGX540_120.so
07-14 11:57:52.057 D/libEGL  ( 3178): loaded /vendor/lib/egl/libGLESv1_CM_POWERVR_SGX540_120.so
07-14 11:57:52.065 D/libEGL  ( 3178): loaded /vendor/lib/egl/libGLESv2_POWERVR_SGX540_120.so
07-14 11:57:52.174 D/OpenGLRenderer( 3178): Enabling debug mode 0
07-14 11:57:52.190 D/WifiService(  374): setWifiEnabled: true pid=3178, uid=1000
07-14 11:57:52.213 D/BluetoothAdapter( 3178): 1116062632: getState() :  mService = null. Returning STATE_OFF
07-14 11:57:52.573 I/ActivityManager(  374): Displayed com.android.settings/.Settings: +1s210ms (total +4m23s592ms)
07-14 11:57:53.408 D/dalvikvm( 3178): GC_CONCURRENT freed 60K, 2% free 9570K/9668K, paused 4ms+5ms, total 30ms
07-14 11:58:02.268 D/dalvikvm(  624): GC_CONCURRENT freed 376K, 5% free 9723K/10200K, paused 15ms+8ms, total 60ms
07-14 11:58:02.971 I/CheckinResponseProcessor(  624): From server: 3 gservices updates and 1 deletes
07-14 11:58:03.229 I/GservicesProvider(  624): main difference update completed
07-14 11:58:03.244 I/ActivityManager(  374): Start proc com.google.android.configupdater for broadcast com.google.android.configupdater/.CertPin.CertPinUpdateRequestReceiver: pid=3195 uid=10010 gids={50010, 3003, 2001, 1028}
07-14 11:58:03.526 E/UpdateRequestReceiver( 3195): Received malformed URL while handling Gservices.CHANGED_ACTION
07-14 11:58:03.533 E/UpdateRequestReceiver( 3195): Received malformed URL while handling Gservices.CHANGED_ACTION
07-14 11:58:03.549 I/UpdateFetcherService( 3195): Update started
07-14 11:58:03.604 I/CheckinTask(  624): Checkin success: https://android.clients.google.com/checkin (1 requests sent)
07-14 11:58:03.635 I/EventLogService(  624): Aggregate from 1405309897238 (log), 1405076014112 (data)
07-14 11:58:03.635 W/EventLogAggregator(  624): Unknown tag: SYSTEM_AUDIT
07-14 11:58:03.682 D/dalvikvm( 3195): GC_CONCURRENT freed 272K, 4% free 9071K/9384K, paused 3ms+2ms, total 29ms
07-14 11:58:03.690 I/UpdateFetcherService( 3195): Update started
07-14 11:58:03.729 I/ServiceDumpSys(  624): dumping service [account]
07-14 11:58:03.815 D/dalvikvm(  624): GC_CONCURRENT freed 438K, 6% free 9672K/10220K, paused 6ms+5ms, total 39ms
07-14 11:58:03.862 E/UpdateRequestReceiver( 3195): Received malformed URL while handling Gservices.CHANGED_ACTION
07-14 11:58:03.869 I/ActivityManager(  374): Start proc com.google.android.partnersetup for broadcast com.google.android.partnersetup/.GservicesChangedReceiver: pid=3224 uid=10027 gids={50027, 3003, 1028}
07-14 11:58:03.877 I/ActivityManager(  374): No longer want com.google.android.gms (pid 840): empty #17
07-14 11:58:03.955 I/DownloadManager(  504): Download 129 starting
07-14 11:58:03.955 I/DownloadManager(  504): Download 128 starting
07-14 11:58:04.096 I/SystemUpdateService(  624): cancelUpdate (empty URL)
07-14 11:58:04.229 I/ActivityManager(  374): Start proc com.google.android.setupwizard for broadcast com.google.android.setupwizard/.GservicesChangedReceiver: pid=3252 uid=10049 gids={50049, 3003, 1028}
07-14 11:58:04.237 D/GCM     (  624): GcmService start Intent { act=com.google.gservices.intent.action.GSERVICES_CHANGED flg=0x10 cmp=com.google.android.gms/.gcm.GcmService } com.google.gservices.intent.action.GSERVICES_CHANGED
07-14 11:58:04.244 W/GCM     (  624): DIR: /data/data/com.google.android.gms/app_APP /data/data/com.google.android.gsf
07-14 11:58:04.283 I/SystemUpdateService(  624): cancelUpdate (empty URL)
07-14 11:58:04.315 D/dalvikvm(  563): GC_EXPLICIT freed 108K, 7% free 10066K/10716K, paused 34ms+15ms, total 150ms
07-14 11:58:04.338 I/ActivityManager(  374): Start proc com.google.android.gsf.login for service com.google.android.gsf.login/com.google.android.gsf.loginservice.GoogleLoginService: pid=3267 uid=10009 gids={50009, 3003, 1007, 1028, 1015, 1006, 2001, 3006}
07-14 11:58:04.393 I/ActivityManager(  374): Start proc com.google.android.googlequicksearchbox for broadcast com.google.android.googlequicksearchbox/com.google.android.searchcommon.GservicesBroadcastReceiver: pid=3281 uid=10056 gids={50056, 3003, 1028, 1007, 3002, 1015}
07-14 11:58:04.393 I/ActivityManager(  374): No longer want com.qihoo360.mobilesafe:contacts (pid 2443): empty #17
07-14 11:58:04.487 I/ActivityManager(  374): No longer want com.qihoo.root (pid 2304): empty #17
07-14 11:58:04.502 I/ActivityManager(  374): No longer want com.android.providers.calendar (pid 2138): empty #17
07-14 11:58:04.815 D/dalvikvm(  374): GC_EXPLICIT freed 729K, 15% free 17894K/20828K, paused 4ms+10ms, total 116ms
07-14 11:58:04.877 D/dalvikvm( 3281): GC_CONCURRENT freed 238K, 3% free 9195K/9468K, paused 4ms+12ms, total 37ms
07-14 11:58:04.877 D/dalvikvm( 3281): WAIT_FOR_CONCURRENT_GC blocked 2ms
07-14 11:58:04.916 W/GAV2    ( 3281): Thread[main,5,main]: Need to call initialize() and be in fallback mode to start dispatch.
07-14 11:58:04.932 I/ActivityManager(  374): No longer want com.google.android.gallery3d (pid 2155): empty #17
07-14 11:58:04.971 I/Search.GservicesUpdateTask( 3281): Updating Gservices keys
07-14 11:58:05.041 I/Search.RefreshSearchDomainAndCookiesTask( 3281): refreshing search domain
07-14 11:58:05.096 D/dalvikvm( 3281): GC_CONCURRENT freed 267K, 4% free 9327K/9632K, paused 3ms+2ms, total 28ms
07-14 11:58:05.127 D/dalvikvm(  624): GC_EXPLICIT freed 358K, 6% free 9656K/10220K, paused 3ms+5ms, total 39ms
07-14 11:58:05.143 I/GStaticConfiguration( 3281): #getNewConfigurationUrl [pref=2014_06_12_13_07_51, gservice=2014_07_11_14_02_44
07-14 11:58:05.401 I/DownloadManager(  504): Ignoring Content-Length since Transfer-Encoding is also defined
07-14 11:58:05.401 I/DownloadManager(  504): Ignoring Content-Length since Transfer-Encoding is also defined
07-14 11:58:05.510 I/DownloadManager(  504): Download 129 finished with status SUCCESS
07-14 11:58:05.557 I/DownloadManager(  504): Download 128 finished with status SUCCESS
07-14 11:58:05.643 D/dalvikvm( 3195): GC_CONCURRENT freed 503K, 6% free 9015K/9556K, paused 4ms+3ms, total 23ms
07-14 11:58:05.752 D/dalvikvm(  504): GC_CONCURRENT freed 354K, 5% free 9295K/9720K, paused 3ms+4ms, total 33ms
07-14 11:58:05.783 I/DownloadManager(  504): Download 130 starting
07-14 11:58:05.807 I/DownloadManager(  504): Download 131 starting
07-14 11:58:06.323 I/DownloadManager(  504): Ignoring Content-Length since Transfer-Encoding is also defined
07-14 11:58:06.323 I/DownloadManager(  504): Ignoring Content-Length since Transfer-Encoding is also defined
07-14 11:58:06.479 I/DownloadManager(  504): Download 131 finished with status SUCCESS
07-14 11:58:06.502 D/dalvikvm( 3281): GC_CONCURRENT freed 219K, 3% free 9507K/9764K, paused 5ms+14ms, total 48ms
07-14 11:58:06.541 I/UpdateFetcherService( 3195): Update downloaded, starting installation
07-14 11:58:06.541 I/UpdateFetcherService( 3195): Started installation
07-14 11:58:06.565 I/ConfigUpdateInstallReceiver(  374): Not installing, new version is <= current version
07-14 11:58:07.283 D/dalvikvm( 3281): GC_CONCURRENT freed 416K, 5% free 9504K/9956K, paused 3ms+4ms, total 30ms
07-14 11:58:07.791 D/dalvikvm(  577): GC_CONCURRENT freed 383K, 5% free 9597K/10020K, paused 7ms+7ms, total 51ms
07-14 11:58:07.971 D/dalvikvm( 3281): GC_CONCURRENT freed 415K, 5% free 9559K/10036K, paused 7ms+2ms, total 28ms
07-14 11:58:07.971 D/dalvikvm( 3281): WAIT_FOR_CONCURRENT_GC blocked 22ms
07-14 11:58:08.268 D/dalvikvm( 1052): GC_CONCURRENT freed 333K, 7% free 9729K/10432K, paused 6ms+2ms, total 31ms
07-14 11:58:09.924 W/GAV2    ( 3281): Thread[GAThread,5,main]: Service unavailable (code=1), will retry.
07-14 11:58:09.924 W/ActivityManager(  374): Unable to start service Intent { act=com.google.android.gms.analytics.service.START (has extras) } U=0: not found
07-14 11:58:09.932 I/GAV2    ( 3281): Thread[GAThread,5,main]: No campaign data found.
07-14 11:58:13.291 I/GTalkService/c(  624): [AndroidEndpoint@1116241008] connect: acct=1000001, state=CONNECTING
07-14 11:58:13.448 W/Smack/Packet(  624): notify conn break (IOEx), close connection
07-14 11:58:14.924 W/GAV2    ( 3281): Thread[Service Reconnect,5,main]: Service unavailable (code=1), using local store.
07-14 11:58:14.924 W/ActivityManager(  374): Unable to start service Intent { act=com.google.android.gms.analytics.service.START (has extras) } U=0: not found
07-14 11:58:14.963 D/dalvikvm( 3281): GC_CONCURRENT freed 440K, 6% free 9520K/10028K, paused 3ms+2ms, total 26ms
07-14 11:58:16.143 I/DownloadManager(  504): Download 130 finished with status SUCCESS
07-14 11:58:16.252 I/UpdateFetcherService( 3195): Update downloaded, starting installation
07-14 11:58:16.252 I/UpdateFetcherService( 3195): Started installation
07-14 11:58:16.283 D/dalvikvm( 3195): GC_CONCURRENT freed 405K, 6% free 9010K/9552K, paused 2ms+2ms, total 25ms
07-14 11:58:16.307 D/dalvikvm(  624): GC_CONCURRENT freed 377K, 6% free 9668K/10192K, paused 4ms+3ms, total 73ms
07-14 11:58:16.354 D/dalvikvm(  374): GC_FOR_ALLOC freed 1152K, 15% free 17842K/20828K, paused 93ms, total 93ms
07-14 11:58:16.354 I/dalvikvm-heap(  374): Grow heap (frag case) to 18.174MB for 746649-byte allocation
07-14 11:58:16.432 D/dalvikvm(  374): GC_FOR_ALLOC freed 18K, 14% free 18553K/21560K, paused 79ms, total 79ms
07-14 11:58:16.432 D/ConnectivityService(  374): handleInetConditionHoldEnd: net=1, condition=0, published condition=100
07-14 11:58:16.541 D/dalvikvm(  374): GC_FOR_ALLOC freed 49K, 15% free 18522K/21560K, paused 84ms, total 85ms
07-14 11:58:16.549 I/dalvikvm-heap(  374): Grow heap (frag case) to 19.549MB for 1493282-byte allocation
07-14 11:58:16.627 D/dalvikvm(  374): GC_FOR_ALLOC freed 735K, 17% free 19244K/23020K, paused 82ms, total 82ms
07-14 11:58:16.713 D/dalvikvm(  374): GC_FOR_ALLOC freed 1487K, 20% free 18504K/23020K, paused 78ms, total 78ms
07-14 11:58:16.823 D/dalvikvm(  374): GC_FOR_ALLOC freed 7K, 18% free 19053K/23020K, paused 82ms, total 82ms
07-14 11:58:16.823 I/dalvikvm-heap(  374): Grow heap (frag case) to 19.699MB for 1105418-byte allocation
07-14 11:58:16.901 D/dalvikvm(  374): GC_FOR_ALLOC freed 540K, 19% free 19592K/24100K, paused 83ms, total 83ms
07-14 11:58:16.940 D/ConnectivityService(  374): handleInetConditionHoldEnd: net=1, condition=100, published condition=0
07-14 11:58:16.948 I/ConfigUpdateInstallReceiver(  374): Not installing, new version is <= current version
07-14 11:58:20.041 D/LightsService(  374): Excessive delay setting light: 67ms
07-14 11:58:20.283 D/LightsService(  374): Excessive delay setting light: 68ms
07-14 11:58:21.557 W/Settings( 2019): Setting airplane_mode_on has moved from android.provider.Settings.System to android.provider.Settings.Global, returning read-only value.
07-14 11:58:21.557 W/Settings( 2019): Setting mobile_data has moved from android.provider.Settings.Secure to android.provider.Settings.Global.
07-14 11:58:21.557 D/BluetoothAdapter( 2019): 1116407520: getState() :  mService = null. Returning STATE_OFF
07-14 11:58:21.557 W/Settings( 2019): Setting airplane_mode_on has moved from android.provider.Settings.System to android.provider.Settings.Global, returning read-only value.
07-14 11:58:21.588 D/dalvikvm( 2019): GC_FOR_ALLOC freed 278K, 7% free 9924K/10588K, paused 25ms, total 25ms
07-14 11:58:25.830 I/PowerManagerService(  374): Going to sleep due to screen timeout...
07-14 11:58:26.682 D/SurfaceFlinger(  124): Screen released, type=0 flinger=0x41e1a478
07-14 11:58:26.799 D/NfcService(  582): NFC-C OFF, disconnect
07-14 11:58:27.026 D/MDM :   ( 1365): [null:-1]->query
07-14 11:58:27.026 D/MDM :   ( 1365): [null:-1]->QUERY_SETTING_PIN_ONOFF
07-14 11:58:27.065 D/YouTube MDX( 1904): Recieved intent android.intent.action.SCREEN_OFF
07-14 11:58:29.112 W/MountService(  374): getVolumeState(/storage/emulated/0/external_sd): Unknown volume
07-14 11:58:29.119 W/MountService(  374): getVolumeState(/mnt/sdcard-ext): Unknown volume
07-14 11:58:29.119 W/MountService(  374): getVolumeState(/mnt/ext_sdcard): Unknown volume
07-14 11:58:29.119 W/MountService(  374): getVolumeState(/mnt/sdcard2): Unknown volume
07-14 11:58:29.119 W/MountService(  374): getVolumeState(/mnt/emmc): Unknown volume
07-14 11:58:29.119 W/MountService(  374): getVolumeState(/mnt/extSdCard): Unknown volume
07-14 11:58:29.119 W/MountService(  374): getVolumeState(/mnt/sdcard/SD_CARD): Unknown volume
07-14 11:58:29.119 W/MountService(  374): getVolumeState(/mnt/sdcard/extra_sd): Unknown volume
07-14 11:58:29.127 W/MountService(  374): getVolumeState(/mnt/extrasd_bind): Unknown volume
07-14 11:58:29.127 W/MountService(  374): getVolumeState(/mnt/sdcard/ext_sd): Unknown volume
07-14 11:58:29.127 W/MountService(  374): getVolumeState(/storage/extSdCard): Unknown volume
07-14 11:58:29.135 W/MountService(  374): getVolumeState(/storage/sdcard1): Unknown volume
07-14 11:58:29.135 W/MountService(  374): getVolumeState(/mnt/sdcard/external_SD): Unknown volume
07-14 11:58:29.135 W/MountService(  374): getVolumeState(/mnt/sdcard/external_sd): Unknown volume
07-14 11:58:29.143 D/dalvikvm( 2037): GC_CONCURRENT freed 465K, 20% free 9589K/11956K, paused 6ms+3ms, total 44ms
07-14 11:58:29.143 D/dalvikvm( 2037): WAIT_FOR_CONCURRENT_GC blocked 10ms
07-14 11:58:29.283 D/dalvikvm(  504): GC_CONCURRENT freed 373K, 5% free 9312K/9724K, paused 2ms+4ms, total 42ms
07-14 11:58:29.369 D/dalvikvm( 2037): GC_CONCURRENT freed 486K, 20% free 9612K/11956K, paused 5ms+3ms, total 43ms
07-14 11:58:29.369 D/dalvikvm( 2037): WAIT_FOR_CONCURRENT_GC blocked 8ms
07-14 11:58:29.369 D/dalvikvm( 2037): WAIT_FOR_CONCURRENT_GC blocked 16ms
07-14 11:58:29.369 W/MountService(  374): getVolumeState(/storage/emulated/0/external_sd): Unknown volume
07-14 11:58:29.377 W/MountService(  374): getVolumeState(/mnt/sdcard-ext): Unknown volume
07-14 11:58:29.377 W/MountService(  374): getVolumeState(/mnt/ext_sdcard): Unknown volume
07-14 11:58:29.377 W/MountService(  374): getVolumeState(/mnt/sdcard2): Unknown volume
07-14 11:58:29.377 W/MountService(  374): getVolumeState(/mnt/emmc): Unknown volume
07-14 11:58:29.377 W/MountService(  374): getVolumeState(/mnt/extSdCard): Unknown volume
07-14 11:58:29.377 W/MountService(  374): getVolumeState(/mnt/sdcard/SD_CARD): Unknown volume
07-14 11:58:29.377 W/MountService(  374): getVolumeState(/mnt/sdcard/extra_sd): Unknown volume
07-14 11:58:29.385 W/MountService(  374): getVolumeState(/mnt/extrasd_bind): Unknown volume
07-14 11:58:29.385 W/MountService(  374): getVolumeState(/mnt/sdcard/ext_sd): Unknown volume
07-14 11:58:29.385 W/MountService(  374): getVolumeState(/storage/extSdCard): Unknown volume
07-14 11:58:29.385 W/MountService(  374): getVolumeState(/storage/sdcard1): Unknown volume
07-14 11:58:29.385 W/MountService(  374): getVolumeState(/mnt/sdcard/external_SD): Unknown volume
07-14 11:58:29.385 W/MountService(  374): getVolumeState(/mnt/sdcard/external_sd): Unknown volume
07-14 11:58:29.494 D/dalvikvm( 2037): GC_CONCURRENT freed 469K, 21% free 9546K/11956K, paused 3ms+3ms, total 28ms
07-14 11:58:31.783 D/dalvikvm(  374): GC_CONCURRENT freed 3572K, 23% free 18685K/24100K, paused 4ms+10ms, total 104ms
07-14 11:58:31.783 D/dalvikvm(  374): WAIT_FOR_CONCURRENT_GC blocked 68ms
07-14 11:58:31.901 V/KeyguardHostView(  374): hide transport, gen:5
07-14 11:58:31.901 V/KeyguardHostView(  374): music state changed: 0
07-14 11:58:31.924 D/PhoneStatusBar(  450): disable: < expand icons alerts ticker system_info back home RECENT* clock search >
07-14 11:58:31.955 V/TAG     (  374): bug 7643792: fitSystemWindows([0,50][0,0])
07-14 11:58:32.080 D/PhoneStatusBar(  450): disable: < expand icons alerts ticker system_info BACK* HOME* RECENT CLOCK* search >
07-14 11:58:33.627 I/CheckinService(  624): Preparing to send checkin request
07-14 11:58:33.627 I/EventLogService(  624): Accumulating logs since 1405310283654
07-14 11:58:33.705 I/CheckinTask(  624): Sending checkin request (1879 bytes)
07-14 11:58:54.596 I/PowerManagerService(  374): Waking up from sleep...
07-14 11:58:54.705 I/WindowManager(  374): Lock screen displayed!
07-14 11:58:54.838 I/ActivityManager(  374): Start proc com.android.providers.calendar for content provider com.android.providers.calendar/.CalendarProvider2: pid=3349 uid=10007 gids={50007, 3003, 1015, 1028}
07-14 11:58:54.877 D/YouTube MDX( 1904): Recieved intent android.intent.action.SCREEN_ON
07-14 11:58:54.963 D/PowerManagerService-JNI(  374): Excessive delay in autosuspend_disable() while turning screen on: 352ms
07-14 11:58:54.963 D/SurfaceFlinger(  124): Screen acquired, type=0 flinger=0x41e1a478
07-14 11:58:54.979 V/DigitalWidgetViewsFactory( 2502): DigitalWidget sets next alarm string to null
07-14 11:58:55.049 D/LightsService(  374): Excessive delay setting light: 83ms
07-14 11:58:55.112 D/LightsService(  374): Excessive delay setting light: 66ms
07-14 11:58:55.291 D/dalvikvm(  636): GC_CONCURRENT freed 1240K, 10% free 12618K/13972K, paused 5ms+41ms, total 256ms
07-14 11:58:55.291 D/dalvikvm(  636): WAIT_FOR_CONCURRENT_GC blocked 120ms
07-14 11:58:55.299 D/dalvikvm(  636): WAIT_FOR_CONCURRENT_GC blocked 101ms
07-14 11:58:55.362 D/AndroidRuntime( 3368): 
07-14 11:58:55.362 D/AndroidRuntime( 3368): >>>>>> AndroidRuntime START com.android.internal.os.RuntimeInit <<<<<<
07-14 11:58:55.362 D/AndroidRuntime( 3368): CheckJNI is OFF
07-14 11:58:55.377 D/dalvikvm( 3368): Trying to load lib libjavacore.so 0x0
07-14 11:58:55.385 D/dalvikvm( 3368): Added shared lib libjavacore.so 0x0
07-14 11:58:55.401 D/dalvikvm( 3368): Trying to load lib libnativehelper.so 0x0
07-14 11:58:55.401 D/dalvikvm( 3368): Added shared lib libnativehelper.so 0x0
07-14 11:58:55.658 D/AndroidRuntime( 3368): Calling main entry com.qihoo360.powerctl.root.app.App
07-14 11:58:55.658 D/AndroidRuntime( 3368): Shutting down VM
07-14 11:58:55.666 D/dalvikvm( 3368): GC_CONCURRENT freed 114K, 22% free 467K/592K, paused 0ms+0ms, total 4ms
07-14 11:58:55.666 I/AndroidRuntime( 3368): NOTE: attach of thread 'Binder_1' failed
07-14 11:58:55.690 D/BluetoothAdapter( 3178): 1116062632: getState() :  mService = null. Returning STATE_OFF
07-14 11:58:55.690 D/PhoneStatusBar(  450): disable: < expand icons alerts ticker system_info BACK HOME recent* CLOCK search >
07-14 11:58:55.768 D/PhoneStatusBar(  450): disable: < expand icons alerts ticker system_info back* home* recent clock* search >
07-14 11:58:55.807 D/NfcService(  582): NFC-C ON
07-14 11:58:55.838 W/InputMethodManagerService(  374): Window already focused, ignoring focus gain of: com.android.internal.view.IInputMethodClient$Stub$Proxy@42d89360 attribute=android.view.inputmethod.EditorInfo@42f47fe8, token = android.os.BinderProxy@42d5e760
07-14 11:58:55.862 D/dalvikvm( 1904): GC_CONCURRENT freed 385K, 5% free 9492K/9948K, paused 12ms+3ms, total 152ms
07-14 11:58:56.127 D/dalvikvm( 1052): GC_CONCURRENT freed 593K, 8% free 9566K/10376K, paused 4ms+3ms, total 70ms
07-14 11:58:56.190 V/TAG     (  374): bug 7643792: fitSystemWindows([0,50][0,0])
07-14 11:58:56.237 I/RootJni ( 3393): su: permission denied
07-14 11:58:56.362 D/AndroidRuntime( 3392): 
07-14 11:58:56.362 D/AndroidRuntime( 3392): >>>>>> AndroidRuntime START com.android.internal.os.RuntimeInit <<<<<<
07-14 11:58:56.362 D/AndroidRuntime( 3392): CheckJNI is OFF
07-14 11:58:56.377 D/dalvikvm( 3392): Trying to load lib libjavacore.so 0x0
07-14 11:58:56.385 D/dalvikvm( 3392): Added shared lib libjavacore.so 0x0
07-14 11:58:56.401 D/dalvikvm( 3392): Trying to load lib libnativehelper.so 0x0
07-14 11:58:56.401 D/dalvikvm( 3392): Added shared lib libnativehelper.so 0x0
07-14 11:58:56.651 D/AndroidRuntime( 3392): Calling main entry com.qihoo360.powerctl.root.app.App
07-14 11:58:56.651 D/AndroidRuntime( 3392): Shutting down VM
07-14 11:58:56.658 D/dalvikvm( 3392): GC_CONCURRENT freed 115K, 21% free 467K/592K, paused 1ms+0ms, total 5ms
07-14 11:58:56.776 I/CalendarProvider2( 3349): Sending notification intent: Intent { act=android.intent.action.PROVIDER_CHANGED dat=content://com.android.calendar }
07-14 11:58:56.776 W/ContentResolver( 3349): Failed to get type for: content://com.android.calendar (Unknown URL content://com.android.calendar)
07-14 11:58:56.791 I/ActivityManager(  374): Start proc com.google.android.calendar for broadcast com.google.android.calendar/com.android.calendar.alerts.AlertReceiver: pid=3403 uid=10006 gids={50006, 3003, 1028}
07-14 11:58:56.908 D/AlertReceiver( 3403): onReceive: a=android.intent.action.PROVIDER_CHANGED Intent { act=android.intent.action.PROVIDER_CHANGED dat=content://com.android.calendar flg=0x10 cmp=com.google.android.calendar/com.android.calendar.alerts.AlertReceiver }
07-14 11:58:56.924 D/AlertService( 3403): 0 Action = android.intent.action.PROVIDER_CHANGED
07-14 11:58:59.658 I/ActivityManager(  374): START u0 {act=android.intent.action.MAIN cmp=com.android.settings/.SubSettings (has extras)} from pid 3178
07-14 11:58:59.963 D/dalvikvm( 3178): GC_CONCURRENT freed 205K, 3% free 9763K/10004K, paused 3ms+3ms, total 30ms
07-14 11:59:00.213 I/ActivityManager(  374): Displayed com.android.settings/.SubSettings: +548ms
07-14 11:59:00.229 D/dalvikvm(  374): GC_CONCURRENT freed 1860K, 12% free 19185K/21564K, paused 5ms+23ms, total 168ms
07-14 11:59:01.932 D/AlertService( 3403): Beginning updateAlertNotification
07-14 11:59:01.948 D/AlertService( 3403): No fired or scheduled alerts
07-14 11:59:01.963 D/AlertService( 3403): Scheduling next alarm with AlarmScheduler. sEventReminderReceived: null
07-14 11:59:01.987 D/AlarmScheduler( 3403): No events found starting within 1 week.
07-14 11:59:01.994 I/ActivityManager(  374): No longer want com.google.android.apps.maps (pid 2681): empty #17
07-14 11:59:03.002 I/ActivityManager(  374): START u0 {act=android.intent.action.MAIN cmp=com.android.settings/.SubSettings (has extras)} from pid 3178
07-14 11:59:03.143 D/dalvikvm(  374): GC_FOR_ALLOC freed 1083K, 16% free 18162K/21564K, paused 83ms, total 83ms
07-14 11:59:03.221 D/dalvikvm(  374): GC_FOR_ALLOC freed 8K, 15% free 18526K/21564K, paused 78ms, total 78ms
07-14 11:59:03.221 I/dalvikvm-heap(  374): Grow heap (frag case) to 18.493MB for 380496-byte allocation
07-14 11:59:03.307 D/dalvikvm(  374): GC_FOR_ALLOC freed 0K, 14% free 18897K/21936K, paused 83ms, total 83ms
07-14 11:59:03.385 D/dalvikvm(  374): GC_FOR_ALLOC freed 743K, 18% free 18154K/21936K, paused 79ms, total 79ms
07-14 11:59:03.666 D/dalvikvm( 3178): GC_CONCURRENT freed 79K, 2% free 10090K/10204K, paused 3ms+11ms, total 49ms
07-14 11:59:03.799 I/ActivityManager(  374): Displayed com.android.settings/.SubSettings: +396ms
07-14 11:59:04.612 I/ActivityManager(  374): START u0 {cmp=com.android.settings/.DeviceAdminAdd (has extras)} from pid 3178
07-14 11:59:04.737 D/dalvikvm(  374): GC_FOR_ALLOC freed 414K, 16% free 18536K/21936K, paused 80ms, total 80ms
07-14 11:59:04.830 D/dalvikvm(  374): GC_FOR_ALLOC freed 747K, 18% free 18160K/21936K, paused 81ms, total 81ms
07-14 11:59:05.213 I/ActivityManager(  374): Displayed com.android.settings/.DeviceAdminAdd: +371ms
07-14 11:59:06.323 D/dalvikvm(  374): GC_FOR_ALLOC freed 433K, 16% free 18543K/21936K, paused 86ms, total 86ms
07-14 11:59:06.416 D/dalvikvm(  374): GC_FOR_ALLOC freed 749K, 18% free 18165K/21936K, paused 85ms, total 85ms
07-14 11:59:06.416 W/DevicePolicyManagerService(  374): Previous password owner 10066 no longer active; disabling
07-14 11:59:07.346 D/dalvikvm(  374): GC_FOR_ALLOC freed 437K, 16% free 18542K/21936K, paused 79ms, total 80ms
07-14 11:59:07.440 D/dalvikvm(  374): GC_FOR_ALLOC freed 751K, 18% free 18163K/21936K, paused 85ms, total 85ms
07-14 11:59:08.330 D/dalvikvm(  450): GC_CONCURRENT freed 862K, 8% free 13052K/14072K, paused 5ms+5ms, total 57ms
07-14 11:59:08.416 D/dalvikvm(  374): GC_FOR_ALLOC freed 404K, 16% free 18538K/21936K, paused 92ms, total 92ms
07-14 11:59:08.510 D/dalvikvm(  374): GC_FOR_ALLOC freed 749K, 18% free 18161K/21936K, paused 86ms, total 87ms
07-14 11:59:08.526 D/BluetoothAdapter( 3178): 1116062632: getState() :  mService = null. Returning STATE_OFF
07-14 11:59:08.690 D/dalvikvm( 3178): GC_CONCURRENT freed 184K, 3% free 10290K/10512K, paused 5ms+10ms, total 70ms
07-14 11:59:09.588 I/ActivityManager(  374): START u0 {act=android.intent.action.MAIN cmp=com.android.settings/.SubSettings (has extras)} from pid 3178
07-14 11:59:09.721 D/dalvikvm(  374): GC_FOR_ALLOC freed 406K, 16% free 18538K/21936K, paused 85ms, total 85ms
07-14 11:59:09.823 D/dalvikvm(  374): GC_FOR_ALLOC freed 748K, 18% free 18162K/21936K, paused 84ms, total 84ms
07-14 11:59:09.901 W/ContextImpl( 3178): Calling a method in the system process without a qualified user: android.app.ContextImpl.bindService:1439 android.content.ContextWrapper.bindService:496 com.android.settings.applications.ManageApplications.onCreate:861 android.app.Fragment.performCreate:1673 android.app.FragmentManagerImpl.moveToState:854 
07-14 11:59:10.127 D/dalvikvm( 3178): GC_CONCURRENT freed 572K, 6% free 10106K/10716K, paused 3ms+6ms, total 42ms
07-14 11:59:10.471 D/dalvikvm( 3178): GC_FOR_ALLOC freed 320K, 6% free 10089K/10716K, paused 30ms, total 30ms
07-14 11:59:10.471 I/dalvikvm-heap( 3178): Grow heap (frag case) to 9.920MB for 36880-byte allocation
07-14 11:59:10.494 D/dalvikvm( 3178): GC_FOR_ALLOC freed <1K, 6% free 10125K/10756K, paused 29ms, total 30ms
07-14 11:59:10.549 D/dalvikvm( 3178): GC_FOR_ALLOC freed 36K, 6% free 10115K/10756K, paused 25ms, total 25ms
07-14 11:59:10.549 I/dalvikvm-heap( 3178): Grow heap (frag case) to 9.929MB for 20752-byte allocation
07-14 11:59:10.580 D/dalvikvm( 3178): GC_FOR_ALLOC freed <1K, 6% free 10135K/10780K, paused 31ms, total 31ms
07-14 11:59:10.612 D/dalvikvm( 3178): GC_FOR_ALLOC freed 1K, 6% free 10133K/10780K, paused 26ms, total 26ms
07-14 11:59:10.612 I/dalvikvm-heap( 3178): Grow heap (frag case) to 9.962MB for 36880-byte allocation
07-14 11:59:10.643 D/dalvikvm( 3178): GC_FOR_ALLOC freed 0K, 7% free 10169K/10820K, paused 27ms, total 27ms
07-14 11:59:10.705 D/dalvikvm( 3178): GC_FOR_ALLOC freed 40K, 7% free 10170K/10820K, paused 25ms, total 27ms
07-14 11:59:10.705 I/dalvikvm-heap( 3178): Grow heap (frag case) to 9.999MB for 36880-byte allocation
07-14 11:59:10.744 D/dalvikvm( 3178): GC_FOR_ALLOC freed 1K, 7% free 10205K/10860K, paused 32ms, total 32ms
07-14 11:59:10.799 D/dalvikvm( 3178): GC_FOR_ALLOC freed 18K, 6% free 10220K/10860K, paused 27ms, total 27ms
07-14 11:59:10.799 I/dalvikvm-heap( 3178): Grow heap (frag case) to 10.047MB for 36880-byte allocation
07-14 11:59:10.830 D/dalvikvm( 3178): GC_FOR_ALLOC freed 1K, 6% free 10255K/10900K, paused 26ms, total 26ms
07-14 11:59:10.893 D/dalvikvm( 3178): GC_FOR_ALLOC freed 19K, 6% free 10292K/10900K, paused 30ms, total 30ms
07-14 11:59:10.893 I/dalvikvm-heap( 3178): Grow heap (frag case) to 10.119MB for 36880-byte allocation
07-14 11:59:10.924 D/dalvikvm( 3178): GC_FOR_ALLOC freed 1K, 6% free 10327K/10940K, paused 28ms, total 28ms
07-14 11:59:10.971 I/Choreographer( 3178): Skipped 43 frames!  The application may be doing too much work on its main thread.
07-14 11:59:11.002 D/dalvikvm( 3178): GC_FOR_ALLOC freed 54K, 6% free 10351K/10940K, paused 29ms, total 30ms
07-14 11:59:11.002 I/dalvikvm-heap( 3178): Grow heap (frag case) to 10.203MB for 65552-byte allocation
07-14 11:59:11.033 D/dalvikvm( 3178): GC_FOR_ALLOC freed 2K, 6% free 10413K/11008K, paused 25ms, total 25ms
07-14 11:59:11.088 D/dalvikvm( 3178): GC_FOR_ALLOC freed 28K, 6% free 10396K/11008K, paused 33ms, total 33ms
07-14 11:59:11.088 I/dalvikvm-heap( 3178): Grow heap (frag case) to 10.220MB for 36880-byte allocation
07-14 11:59:11.112 D/dalvikvm( 3178): GC_FOR_ALLOC freed 2K, 6% free 10430K/11048K, paused 26ms, total 26ms
07-14 11:59:11.182 D/dalvikvm( 3178): GC_FOR_ALLOC freed 4K, 6% free 10446K/11048K, paused 30ms, total 31ms
07-14 11:59:11.182 I/dalvikvm-heap( 3178): Grow heap (frag case) to 10.312MB for 82960-byte allocation
07-14 11:59:11.213 D/dalvikvm( 3178): GC_FOR_ALLOC freed 0K, 6% free 10527K/11132K, paused 32ms, total 32ms
07-14 11:59:11.252 V/RenderScript( 3178): 0x5be76300 Launching thread(s), CPUs 2
07-14 11:59:11.299 D/dalvikvm( 3178): GC_FOR_ALLOC freed 4K, 6% free 10564K/11132K, paused 37ms, total 37ms
07-14 11:59:11.299 I/dalvikvm-heap( 3178): Grow heap (frag case) to 10.384MB for 36880-byte allocation
07-14 11:59:11.323 I/ActivityManager(  374): Displayed com.android.settings/.SubSettings: +1s491ms
07-14 11:59:11.338 D/dalvikvm( 3178): GC_FOR_ALLOC freed <1K, 6% free 10600K/11172K, paused 32ms, total 32ms
07-14 11:59:11.385 D/dalvikvm( 3178): GC_FOR_ALLOC freed 4K, 6% free 10607K/11172K, paused 31ms, total 31ms
07-14 11:59:11.385 I/dalvikvm-heap( 3178): Grow heap (frag case) to 10.426MB for 36880-byte allocation
07-14 11:59:11.416 D/dalvikvm( 3178): GC_FOR_ALLOC freed 1K, 6% free 10642K/11212K, paused 31ms, total 31ms
07-14 11:59:11.487 D/dalvikvm( 3178): GC_FOR_ALLOC freed 24K, 6% free 10685K/11252K, paused 31ms, total 31ms
07-14 11:59:11.533 D/dalvikvm( 3178): GC_FOR_ALLOC freed 14K, 6% free 10719K/11292K, paused 30ms, total 30ms
07-14 11:59:11.596 D/dalvikvm( 3178): GC_FOR_ALLOC freed 6K, 6% free 10752K/11332K, paused 41ms, total 41ms
07-14 11:59:11.666 D/dalvikvm( 3178): GC_FOR_ALLOC freed 2K, 5% free 10837K/11400K, paused 33ms, total 33ms
07-14 11:59:11.713 D/dalvikvm( 3178): GC_FOR_ALLOC freed 26K, 6% free 10890K/11480K, paused 25ms, total 26ms
07-14 11:59:11.783 D/dalvikvm( 3178): GC_FOR_ALLOC freed 6K, 5% free 11002K/11560K, paused 26ms, total 26ms
07-14 11:59:11.854 D/dalvikvm( 3178): GC_FOR_ALLOC freed 9K, 5% free 11169K/11720K, paused 27ms, total 27ms
07-14 11:59:11.963 D/dalvikvm( 3178): GC_FOR_ALLOC freed 33K, 5% free 11370K/11920K, paused 24ms, total 24ms
07-14 11:59:12.080 D/dalvikvm( 3178): GC_FOR_ALLOC freed 29K, 5% free 11627K/12200K, paused 27ms, total 27ms
07-14 11:59:12.237 D/dalvikvm( 3178): GC_FOR_ALLOC freed 51K, 5% free 12010K/12556K, paused 26ms, total 26ms
07-14 11:59:12.408 D/dalvikvm( 3178): GC_FOR_ALLOC freed 93K, 5% free 12413K/12964K, paused 27ms, total 27ms
07-14 11:59:12.416 I/dalvikvm-heap( 3178): Grow heap (frag case) to 14.404MB for 2359312-byte allocation
07-14 11:59:12.448 D/dalvikvm( 3178): GC_FOR_ALLOC freed 1K, 4% free 14716K/15272K, paused 31ms, total 31ms
07-14 11:59:12.487 D/dalvikvm( 3178): GC_CONCURRENT freed 7K, 4% free 14708K/15272K, paused 3ms+3ms, total 35ms
07-14 11:59:13.229 I/ActivityManager(  374): START u0 {act=android.intent.action.MAIN cmp=com.android.settings/.SubSettings (has extras)} from pid 3178
07-14 11:59:13.377 D/dalvikvm(  374): GC_FOR_ALLOC freed 684K, 16% free 18548K/21936K, paused 97ms, total 98ms
07-14 11:59:13.471 D/dalvikvm(  374): GC_FOR_ALLOC freed 760K, 18% free 18166K/21936K, paused 85ms, total 86ms
07-14 11:59:13.698 W/ResourceType( 3178): getEntry failing because entryIndex 129 is beyond type entryCount 3
07-14 11:59:13.830 D/dalvikvm( 2914): GC_CONCURRENT freed 388K, 5% free 8945K/9368K, paused 2ms+3ms, total 25ms
07-14 11:59:14.112 I/Choreographer( 3178): Skipped 35 frames!  The application may be doing too much work on its main thread.
07-14 11:59:14.229 D/android.widget.GridLayout( 3178): vertical constraints: y1-y0>=52, y2-y1>=401, y2-y0<=96 are inconsistent; permanently removing: y2-y0<=96. 
07-14 11:59:14.377 D/dalvikvm( 3178): GC_CONCURRENT freed 517K, 4% free 16026K/16580K, paused 5ms+8ms, total 82ms
07-14 11:59:14.580 I/dalvikvm( 3178): Jit: resizing JitTable from 4096 to 8192
07-14 11:59:14.737 I/Choreographer( 3178): Skipped 36 frames!  The application may be doing too much work on its main thread.
07-14 11:59:14.776 D/dalvikvm( 2914): GC_CONCURRENT freed 386K, 5% free 8944K/9368K, paused 3ms+1ms, total 23ms
07-14 11:59:14.948 I/ActivityManager(  374): Displayed com.android.settings/.SubSettings: +1s466ms
07-14 11:59:17.291 I/InstalledAppDetails( 3178): Clearing user data for package : com.pekall.emdm
07-14 11:59:17.299 I/ActivityManager(  374): Force stopping package com.pekall.emdm appid=10066 user=0
07-14 11:59:17.299 I/ActivityManager(  374): Killing proc 1365:com.pekall.emdm/u0a10066: force stop com.pekall.emdm
07-14 11:59:17.299 W/ActivityManager(  374): Scheduling restart of crashed service com.pekall.emdm/.MdmService in 5000ms
07-14 11:59:17.299 W/ActivityManager(  374): Scheduling restart of crashed service com.pekall.emdm/.document.activity.DownLoadDocService in 15000ms
07-14 11:59:17.299 W/ActivityManager(  374): Scheduling restart of crashed service com.pekall.emdm/.contacts.service.PhoneService in 24999ms
07-14 11:59:17.299 W/ActivityManager(  374): Scheduling restart of crashed service com.pekall.emdm/.messagecenter.controller.MessageCenterService in 34999ms
07-14 11:59:17.299 I/ActivityManager(  374):   Force stopping service ServiceRecord{42d9a610 u0 com.pekall.emdm/.MdmService}
07-14 11:59:17.299 I/ActivityManager(  374):   Force stopping service ServiceRecord{42f4bbd8 u0 com.pekall.emdm/.document.activity.DownLoadDocService}
07-14 11:59:17.299 I/ActivityManager(  374):   Force stopping service ServiceRecord{43180950 u0 com.pekall.emdm/.contacts.service.PhoneService}
07-14 11:59:17.299 I/ActivityManager(  374):   Force stopping service ServiceRecord{42f38328 u0 com.pekall.emdm/.messagecenter.controller.MessageCenterService}
07-14 11:59:17.330 D/keystore(  130): calling clear_uid in state: 2
07-14 11:59:17.346 I/ActivityManager(  374): Start proc com.google.android.gms for broadcast com.google.android.gms/.common.receiver.SystemBroadcastReceiver: pid=3453 uid=10009 gids={50009, 3003, 1007, 1028, 1015, 1006, 2001, 3006}
07-14 11:59:17.573 I/InstalledAppDetails( 3178): Cleared user data for package : com.pekall.emdm
07-14 11:59:17.580 I/Recovery( 3453): Received: Intent { act=com.google.android.gms.INITIALIZE flg=0x10 pkg=com.google.android.gms cmp=com.google.android.gms/.recovery.AccountRecoveryBackgroundService$Receiver }
07-14 11:59:17.596 D/GCM     (  624): GcmService start Intent { act=com.google.android.gms.INITIALIZE flg=0x10 pkg=com.google.android.gms cmp=com.google.android.gms/.gcm.GcmService } com.google.android.gms.INITIALIZE
07-14 11:59:17.698 I/Recovery( 3453): Received: Intent { act=com.google.android.gms.INITIALIZE flg=0x10 pkg=com.google.android.gms cmp=com.google.android.gms/.recovery.AccountRecoveryBackgroundService$Receiver }
07-14 11:59:17.713 D/dalvikvm( 3453): GC_CONCURRENT freed 260K, 4% free 9068K/9364K, paused 6ms+26ms, total 65ms
07-14 11:59:17.737 D/GCM     (  624): GcmService start Intent { act=com.google.android.gms.INITIALIZE flg=0x10 pkg=com.google.android.gms cmp=com.google.android.gms/.gcm.GcmService } com.google.android.gms.INITIALIZE
07-14 11:59:17.838 W/InputMethodManagerService(  374): Window already focused, ignoring focus gain of: com.android.internal.view.IInputMethodClient$Stub$Proxy@42e44e40 attribute=null, token = android.os.BinderProxy@42c99068
07-14 11:59:17.916 D/dalvikvm( 3453): No JNI_OnLoad found in /system/lib/libAppDataSearch.so 0x428134d8, skipping init
07-14 11:59:17.924 D/Icing   ( 3453): Init last flush num docs 0 last docstore size 0
07-14 11:59:17.924 D/Icing   ( 3453): Docid map file has no data, nothing to scan
07-14 11:59:17.924 D/Icing   ( 3453): File /data/data/com.google.android.gms/files/AppDataSearch/main/cur/ds.perdocdata contains 0 records of size 6
07-14 11:59:17.924 D/Icing   ( 3453): Init docstore ok num docs 0 bytes 0
07-14 11:59:17.940 V/Icing   ( 3453): Lite index crc computed in 0.305ms
07-14 11:59:17.940 V/Icing   ( 3453): Lite index init ok in 4.639ms
07-14 11:59:17.940 V/Icing   ( 3453): Warming lite-index took 0.000ms
07-14 11:59:17.940 V/Icing   ( 3453): Warming lexicon took 0.000ms
07-14 11:59:17.940 V/Icing   ( 3453): Warming display mappings took 0.000ms
07-14 11:59:17.940 D/Icing   ( 3453): Init index ok num docs 0
07-14 11:59:17.940 D/Icing   ( 3453): Init done
07-14 11:59:17.971 I/Icing   ( 3453): 0 corpora need re-polling
07-14 11:59:18.908 D/dalvikvm(  374): GC_FOR_ALLOC freed 1502K, 16% free 18564K/21936K, paused 101ms, total 101ms
07-14 11:59:19.018 D/dalvikvm(  374): GC_FOR_ALLOC freed 776K, 18% free 18161K/21936K, paused 95ms, total 95ms
07-14 11:59:19.190 W/ViewRootImpl( 3178): Dropping event due to no window focus: KeyEvent { action=ACTION_DOWN, keyCode=KEYCODE_BACK, scanCode=0, metaState=0, flags=0x48, repeatCount=0, eventTime=497605, downTime=497605, deviceId=-1, source=0x101 }
07-14 11:59:19.573 D/dalvikvm(  374): GC_FOR_ALLOC freed 614K, 16% free 18540K/21936K, paused 91ms, total 91ms
07-14 11:59:19.666 D/dalvikvm(  374): GC_FOR_ALLOC freed 749K, 18% free 18163K/21936K, paused 85ms, total 85ms
07-14 11:59:19.690 D/BluetoothAdapter( 3178): 1116062632: getState() :  mService = null. Returning STATE_OFF
07-14 11:59:19.698 W/ActivityManager(  374): Duplicate finish request for ActivityRecord{42bb5950 u0 com.android.settings/.SubSettings}
07-14 11:59:20.088 D/dalvikvm( 2914): GC_CONCURRENT freed 393K, 5% free 8943K/9372K, paused 1ms+2ms, total 27ms
07-14 11:59:21.283 D/dalvikvm( 1052): GC_CONCURRENT freed 462K, 6% free 9489K/10044K, paused 6ms+2ms, total 38ms
07-14 11:59:25.658 D/dalvikvm(  374): GC_FOR_ALLOC freed 1054K, 16% free 18535K/21936K, paused 98ms, total 99ms
07-14 11:59:25.760 D/dalvikvm(  374): GC_FOR_ALLOC freed 755K, 18% free 18153K/21936K, paused 89ms, total 89ms
07-14 11:59:25.760 W/InputDispatcher(  374): Asynchronous input event injection failed.
07-14 11:59:25.768 I/InputDispatcher(  374): Dropped event because the current application is not responding and the user has started interacting with a different application.
07-14 11:59:25.768 I/InputDispatcher(  374): Dropped event because the current application is not responding and the user has started interacting with a different application.
07-14 11:59:25.877 W/ViewRootImpl(  595): Dropping event due to no window focus: KeyEvent { action=ACTION_DOWN, keyCode=KEYCODE_BACK, scanCode=0, metaState=0, flags=0x48, repeatCount=0, eventTime=504212, downTime=504212, deviceId=-1, source=0x101 }
07-14 11:59:26.057 W/Settings( 2019): Setting airplane_mode_on has moved from android.provider.Settings.System to android.provider.Settings.Global, returning read-only value.
07-14 11:59:26.057 W/Settings( 2019): Setting mobile_data has moved from android.provider.Settings.Secure to android.provider.Settings.Global.
07-14 11:59:26.057 D/BluetoothAdapter( 2019): 1116407520: getState() :  mService = null. Returning STATE_OFF
07-14 11:59:26.057 W/Settings( 2019): Setting airplane_mode_on has moved from android.provider.Settings.System to android.provider.Settings.Global, returning read-only value.
07-14 11:59:26.065 W/Settings( 2019): Setting airplane_mode_on has moved from android.provider.Settings.System to android.provider.Settings.Global, returning read-only value.
07-14 11:59:26.065 W/Settings( 2019): Setting mobile_data has moved from android.provider.Settings.Secure to android.provider.Settings.Global.
07-14 11:59:26.065 D/BluetoothAdapter( 2019): 1116407520: getState() :  mService = null. Returning STATE_OFF
07-14 11:59:26.073 W/Settings( 2019): Setting airplane_mode_on has moved from android.provider.Settings.System to android.provider.Settings.Global, returning read-only value.
07-14 11:59:26.080 W/Settings( 2019): Setting airplane_mode_on has moved from android.provider.Settings.System to android.provider.Settings.Global, returning read-only value.
07-14 11:59:26.080 W/Settings( 2019): Setting mobile_data has moved from android.provider.Settings.Secure to android.provider.Settings.Global.
07-14 11:59:26.080 D/BluetoothAdapter( 2019): 1116407520: getState() :  mService = null. Returning STATE_OFF
07-14 11:59:26.088 W/Settings( 2019): Setting airplane_mode_on has moved from android.provider.Settings.System to android.provider.Settings.Global, returning read-only value.
07-14 11:59:26.393 I/ActivityManager(  374): No longer want com.google.android.apps.uploader (pid 2179): empty #17
07-14 11:59:26.674 D/dalvikvm(  595): GC_CONCURRENT freed 2840K, 20% free 13880K/17168K, paused 2ms+8ms, total 43ms
07-14 11:59:26.908 D/dalvikvm( 1052): GC_FOR_ALLOC freed 88K, 6% free 9537K/10044K, paused 27ms, total 28ms
07-14 11:59:28.237 I/ActivityManager(  374): START u0 {act=android.intent.action.MAIN cat=[android.intent.category.LAUNCHER] flg=0x10200000 cmp=com.pekall.emdm/.ui.SplashActivity} from pid 595
07-14 11:59:28.377 D/dalvikvm(  374): GC_FOR_ALLOC freed 499K, 16% free 18560K/21936K, paused 88ms, total 88ms
