07-14 11:59:28.479 D/dalvikvm(  374): GC_FOR_ALLOC freed 754K, 18% free 18178K/21936K, paused 89ms, total 89ms
07-14 11:59:28.526 D/dalvikvm( 1052): GC_FOR_ALLOC freed 68K, 6% free 9555K/10068K, paused 37ms, total 37ms
07-14 11:59:28.533 I/dalvikvm-heap( 1052): Grow heap (frag case) to 9.481MB for 122560-byte allocation
07-14 11:59:28.549 D/dalvikvm( 3494): Late-enabling CheckJNI
07-14 11:59:28.549 I/ActivityManager(  374): Start proc com.pekall.emdm for activity com.pekall.emdm/.ui.SplashActivity: pid=3494 uid=10066 gids={50066, 1015, 3002, 3001, 3003, 1028}
07-14 11:59:28.580 D/dalvikvm( 1052): GC_FOR_ALLOC freed <1K, 6% free 9675K/10188K, paused 46ms, total 46ms
07-14 11:59:28.619 D/dalvikvm( 1052): GC_FOR_ALLOC freed <1K, 6% free 9675K/10188K, paused 36ms, total 37ms
07-14 11:59:28.619 I/dalvikvm-heap( 1052): Grow heap (frag case) to 9.687MB for 217504-byte allocation
07-14 11:59:28.658 D/dalvikvm( 1052): GC_FOR_ALLOC freed 0K, 5% free 9887K/10404K, paused 38ms, total 38ms
07-14 11:59:28.744 D/MDM :   ( 3494): [null:-1]->onCreate
07-14 11:59:28.760 V/MyServiceConnection( 3494): [MConnection] mdm service is NOT installed.
07-14 11:59:28.768 V/MyServiceConnection( 3494): [MConnection] binding service: pekall.intent.action.MDM_SERVICE
07-14 11:59:28.776 V/SandboxConnection( 3494): [SConnection] sandbox service is NOT installed.
07-14 11:59:28.783 V/SandboxConnection( 3494): [SConnection] binding service: pekall.intent.action.SANDBOX_SERVICE
07-14 11:59:28.791 D/MDM :   ( 3494): [null:-1]->SettingApplication
07-14 11:59:28.799 D/dalvikvm( 3494): Trying to load lib /data/app-lib/com.pekall.emdm-1/libsandbox_database_jni.so 0x42816c50
07-14 11:59:28.815 D/dalvikvm( 3494): Added shared lib /data/app-lib/com.pekall.emdm-1/libsandbox_database_jni.so 0x42816c50
07-14 11:59:28.823 I/Sandbox ( 3494): [Sandbox] initForTest, modified on 6.3
07-14 11:59:28.823 V/SandboxConnection( 3494): [SConnection] retry to bind service
07-14 11:59:28.823 V/SandboxConnection( 3494): [SConnection] sandbox service is NOT installed.
07-14 11:59:28.823 V/SandboxConnection( 3494): [SConnection] binding service: pekall.intent.action.SANDBOX_SERVICE
07-14 11:59:28.846 D/Email   ( 3494): Email: init sandbox at the beginning.
07-14 11:59:28.846 I/Sandbox ( 3494): [Sandbox] init
07-14 11:59:28.846 V/SandboxConnection( 3494): [SConnection] retry to bind service
07-14 11:59:28.846 V/SandboxConnection( 3494): [SConnection] sandbox service is NOT installed.
07-14 11:59:28.846 V/SandboxConnection( 3494): [SConnection] binding service: pekall.intent.action.SANDBOX_SERVICE
07-14 11:59:28.869 V/SandboxConnection( 3494): [SConnection] retry to bind service
07-14 11:59:28.869 V/SandboxConnection( 3494): [SConnection] sandbox service is NOT installed.
07-14 11:59:28.869 V/SandboxConnection( 3494): [SConnection] binding service: pekall.intent.action.SANDBOX_SERVICE
07-14 11:59:28.885 W/SQLiteOpenHelper( 3494): Opened /data/data/com.pekall.emdm/databases/EmailProvider.db
07-14 11:59:28.901 D/ScClassLoader( 3494): >> SOURCE FILE: /data/data/com.pekall.emdm/app_jars/sc-jdk15on-1.47.0.2.dex.jar
07-14 11:59:29.010 D/dalvikvm( 3494): DexOpt: --- BEGIN 'sc-jdk15on-1.47.0.2.dex.jar' (bootstrap=0) ---
07-14 11:59:29.026 D/dalvikvm( 3494): GC_CONCURRENT freed 243K, 3% free 9167K/9448K, paused 8ms+70ms, total 133ms
07-14 11:59:29.033 V/l       ( 3494): Bind requested for task setLogging
07-14 11:59:29.057 V/browser ( 3494): Browser.onCreate: this=com.pekall.emdm.browser.at@428405e8
07-14 11:59:29.080 I/Sandbox ( 3494): [Sandbox] initForTest, modified on 6.3
07-14 11:59:29.080 V/SandboxConnection( 3494): [SConnection] retry to bind service
07-14 11:59:29.080 V/SandboxConnection( 3494): [SConnection] sandbox service is NOT installed.
07-14 11:59:29.080 V/SandboxConnection( 3494): [SConnection] binding service: pekall.intent.action.SANDBOX_SERVICE
07-14 11:59:29.088 W/SQLiteOpenHelper( 3494): Opened /data/data/com.pekall.emdm/databases/message.db
07-14 11:59:29.135 W/MountService(  374): getVolumeState(/storage/emulated/0/external_sd): Unknown volume
07-14 11:59:29.135 W/MountService(  374): getVolumeState(/mnt/sdcard-ext): Unknown volume
07-14 11:59:29.135 W/MountService(  374): getVolumeState(/mnt/ext_sdcard): Unknown volume
07-14 11:59:29.135 W/MountService(  374): getVolumeState(/mnt/sdcard2): Unknown volume
07-14 11:59:29.135 W/MountService(  374): getVolumeState(/mnt/emmc): Unknown volume
07-14 11:59:29.135 W/MountService(  374): getVolumeState(/mnt/extSdCard): Unknown volume
07-14 11:59:29.135 W/MountService(  374): getVolumeState(/mnt/sdcard/SD_CARD): Unknown volume
07-14 11:59:29.135 W/MountService(  374): getVolumeState(/mnt/sdcard/extra_sd): Unknown volume
07-14 11:59:29.143 W/MountService(  374): getVolumeState(/mnt/extrasd_bind): Unknown volume
07-14 11:59:29.143 W/MountService(  374): getVolumeState(/mnt/sdcard/ext_sd): Unknown volume
07-14 11:59:29.151 W/MountService(  374): getVolumeState(/storage/extSdCard): Unknown volume
07-14 11:59:29.151 W/MountService(  374): getVolumeState(/storage/sdcard1): Unknown volume
07-14 11:59:29.151 W/MountService(  374): getVolumeState(/mnt/sdcard/external_SD): Unknown volume
07-14 11:59:29.174 D/EmailProvider( 3494): Creating EmailProvider database
07-14 11:59:29.174 W/MountService(  374): getVolumeState(/mnt/sdcard/external_sd): Unknown volume
07-14 11:59:29.237 E/DB      ( 3494): bind, index: 1, value: 0
07-14 11:59:29.237 D/DB      ( 3494): query: SQLiteQuery: SELECT * FROM message WHERE status =?
07-14 11:59:29.252 D/DB      ( 3494): factory null
07-14 11:59:29.252 D/DB      ( 3494): fillWindow: 0
07-14 11:59:29.252 D/DB      ( 3494): cursor 0
07-14 11:59:29.260 E/DB      ( 3494): bind, index: 1, value: 0
07-14 11:59:29.260 E/DB      ( 3494): bind, index: 2, value: 100
07-14 11:59:29.260 D/DB      ( 3494): query: SQLiteQuery: SELECT * FROM message WHERE status=? and type=?
07-14 11:59:29.260 D/DB      ( 3494): factory null
07-14 11:59:29.260 D/DB      ( 3494): fillWindow: 0
07-14 11:59:29.260 D/DB      ( 3494): cursor 0
07-14 11:59:29.268 V/SettingApplication( 3494): SettingApplication.onCreate: this=com.pekall.emdm.setting.ai@42840d78
07-14 11:59:29.299 D/dalvikvm( 2037): GC_CONCURRENT freed 398K, 20% free 9646K/11956K, paused 9ms+10ms, total 125ms
07-14 11:59:29.369 D/dalvikvm( 3494): GC_CONCURRENT freed 174K, 3% free 9474K/9688K, paused 8ms+3ms, total 47ms
07-14 11:59:29.369 D/dalvikvm( 3494): WAIT_FOR_CONCURRENT_GC blocked 11ms
07-14 11:59:29.377 V/MyServiceConnection( 3494): [MConnection] retry to bind service
07-14 11:59:29.377 V/MyServiceConnection( 3494): [MConnection] mdm service is NOT installed.
07-14 11:59:29.377 V/MyServiceConnection( 3494): [MConnection] binding service: pekall.intent.action.MDM_SERVICE
07-14 11:59:29.385 D/MDM :   ( 3494): [null:-1]->query
07-14 11:59:29.385 D/MDM :   ( 3494): [null:-1]->QUERY_SETTING_PIN_TIMEOUT
07-14 11:59:29.385 D/MdmApplication( 3494): [null:-1]->onActivityStarted ui.SplashActivity , mActivityCount = 0
07-14 11:59:29.401 W/SQLiteOpenHelper( 3494): Opened /data/data/com.pekall.emdm/databases/pekall_package.db
07-14 11:59:29.471 D/DB      ( 3494): query: SQLiteQuery: SELECT package_name, installed, enforce_policy FROM thirdparty_apps
07-14 11:59:29.471 D/DB      ( 3494): factory null
07-14 11:59:29.471 D/DB      ( 3494): fillWindow: 0
07-14 11:59:29.471 D/DB      ( 3494): cursor 0
07-14 11:59:29.471 D/DB      ( 3494): moveToPos: 0
07-14 11:59:29.471 D/DB      ( 3494): query: SQLiteQuery: SELECT package_name, activity_name, enabled FROM mdm_module
07-14 11:59:29.471 D/DB      ( 3494): factory null
07-14 11:59:29.471 D/DB      ( 3494): fillWindow: 0
07-14 11:59:29.471 D/DB      ( 3494): cursor 13
07-14 11:59:29.471 D/DB      ( 3494): moveToPos: 0
07-14 11:59:29.479 D/DB      ( 3494): onMove: 0
07-14 11:59:29.479 D/DB      ( 3494): moveToPos: 1
07-14 11:59:29.479 D/DB      ( 3494): onMove: 1
07-14 11:59:29.479 D/DB      ( 3494): moveToPos: 2
07-14 11:59:29.479 D/DB      ( 3494): onMove: 2
07-14 11:59:29.479 D/DB      ( 3494): moveToPos: 3
07-14 11:59:29.479 D/DB      ( 3494): onMove: 3
07-14 11:59:29.479 D/DB      ( 3494): moveToPos: 4
07-14 11:59:29.479 D/DB      ( 3494): onMove: 4
07-14 11:59:29.479 D/DB      ( 3494): moveToPos: 5
07-14 11:59:29.479 D/DB      ( 3494): onMove: 5
07-14 11:59:29.479 D/DB      ( 3494): moveToPos: 6
07-14 11:59:29.479 D/DB      ( 3494): onMove: 6
07-14 11:59:29.479 D/DB      ( 3494): moveToPos: 7
07-14 11:59:29.479 D/DB      ( 3494): onMove: 7
07-14 11:59:29.479 D/DB      ( 3494): moveToPos: 8
07-14 11:59:29.479 D/DB      ( 3494): onMove: 8
07-14 11:59:29.479 D/DB      ( 3494): moveToPos: 9
07-14 11:59:29.479 D/DB      ( 3494): onMove: 9
07-14 11:59:29.479 D/DB      ( 3494): moveToPos: 10
07-14 11:59:29.479 D/DB      ( 3494): onMove: 10
07-14 11:59:29.479 D/DB      ( 3494): moveToPos: 11
07-14 11:59:29.479 D/DB      ( 3494): onMove: 11
07-14 11:59:29.479 D/DB      ( 3494): moveToPos: 12
07-14 11:59:29.479 D/DB      ( 3494): onMove: 12
07-14 11:59:29.479 D/DB      ( 3494): moveToPos: 13
07-14 11:59:29.479 D/MDM :   ( 3494): [null:-1]->Event is com.pekall.mdm.action.OOC_STATE_CHANGED is monitored in filter.
07-14 11:59:29.487 D/dalvikvm( 3494): Trying to load lib /data/app-lib/com.pekall.emdm-1/libsandbox_database_jni.so 0x42816c50
07-14 11:59:29.487 D/dalvikvm( 3494): Shared lib '/data/app-lib/com.pekall.emdm-1/libsandbox_database_jni.so' already loaded in same CL 0x42816c50
07-14 11:59:29.643 W/MountService(  374): getVolumeState(/storage/emulated/0/external_sd): Unknown volume
07-14 11:59:29.651 W/MountService(  374): getVolumeState(/mnt/sdcard-ext): Unknown volume
07-14 11:59:29.651 W/MountService(  374): getVolumeState(/mnt/ext_sdcard): Unknown volume
07-14 11:59:29.651 W/MountService(  374): getVolumeState(/mnt/sdcard2): Unknown volume
07-14 11:59:29.651 W/MountService(  374): getVolumeState(/mnt/emmc): Unknown volume
07-14 11:59:29.658 W/MountService(  374): getVolumeState(/mnt/extSdCard): Unknown volume
07-14 11:59:29.658 W/MountService(  374): getVolumeState(/mnt/sdcard/SD_CARD): Unknown volume
07-14 11:59:29.658 W/MountService(  374): getVolumeState(/mnt/sdcard/extra_sd): Unknown volume
07-14 11:59:29.666 W/SQLiteOpenHelper( 3494): Opened /data/data/com.pekall.emdm/databases/EmailProviderBody.db
07-14 11:59:29.666 W/MountService(  374): getVolumeState(/mnt/extrasd_bind): Unknown volume
07-14 11:59:29.674 W/MountService(  374): getVolumeState(/mnt/sdcard/ext_sd): Unknown volume
07-14 11:59:29.674 W/MountService(  374): getVolumeState(/storage/extSdCard): Unknown volume
07-14 11:59:29.674 W/MountService(  374): getVolumeState(/storage/sdcard1): Unknown volume
07-14 11:59:29.674 W/MountService(  374): getVolumeState(/mnt/sdcard/external_SD): Unknown volume
07-14 11:59:29.682 W/MountService(  374): getVolumeState(/mnt/sdcard/external_sd): Unknown volume
07-14 11:59:29.690 D/dalvikvm( 2037): GC_CONCURRENT freed 586K, 20% free 9568K/11956K, paused 2ms+4ms, total 50ms
07-14 11:59:29.690 D/dalvikvm( 2037): WAIT_FOR_CONCURRENT_GC blocked 10ms
07-14 11:59:29.698 D/dalvikvm( 2037): WAIT_FOR_CONCURRENT_GC blocked 10ms
07-14 11:59:29.721 D/EmailProvider( 3494): Creating EmailProviderBody database
07-14 11:59:29.768 D/DB      ( 3494): query: SQLiteQuery: SELECT _id FROM Account
07-14 11:59:29.768 D/DB      ( 3494): factory null
07-14 11:59:29.768 D/DB      ( 3494): fillWindow: 0
07-14 11:59:29.776 D/DB      ( 3494): cursor 0
07-14 11:59:29.776 D/DB      ( 3494): moveToPos: 0
07-14 11:59:29.776 W/SQLiteOpenHelper( 3494): Opened /data/data/com.pekall.emdm/databases/EmailProviderBackup.db
07-14 11:59:29.815 D/EmailProvider( 3494): Creating EmailProvider database
07-14 11:59:29.901 D/DB      ( 3494): query: SQLiteQuery: SELECT _id, displayName, emailAddress, syncKey, syncLookback, syncInterval, hostAuthKeyRecv, hostAuthKeySend, flags, isDefault, compatibilityUuid, senderName, ringtoneUri, protocolVersion, newMessageCount, securitySyncKey, signature, policyKey, notifiedMessageId, notifiedMessageCount FROM Account
07-14 11:59:29.901 D/DB      ( 3494): factory null
07-14 11:59:29.901 D/DB      ( 3494): fillWindow: 0
07-14 11:59:29.901 D/DB      ( 3494): cursor 0
07-14 11:59:29.901 D/DB      ( 3494): moveToPos: 0
07-14 11:59:29.987 D/dalvikvm( 3494): GC_CONCURRENT freed 227K, 3% free 9631K/9896K, paused 3ms+4ms, total 27ms
07-14 11:59:29.987 D/DB      ( 3494): query: SQLiteQuery: SELECT _id, mailboxKey FROM Message_Updates
07-14 11:59:29.987 D/DB      ( 3494): factory null
07-14 11:59:29.987 D/DB      ( 3494): fillWindow: 0
07-14 11:59:29.994 D/DB      ( 3494): cursor 0
07-14 11:59:29.994 D/DB      ( 3494): query: SQLiteQuery: SELECT _id, mailboxKey FROM Message_Deletes
07-14 11:59:29.994 D/DB      ( 3494): factory null
07-14 11:59:29.994 D/DB      ( 3494): fillWindow: 0
07-14 11:59:29.994 D/DB      ( 3494): cursor 0
07-14 11:59:30.213 D/DB      ( 3494): query: SQLiteQuery: SELECT _id FROM Account
07-14 11:59:30.213 D/DB      ( 3494): factory null
07-14 11:59:30.213 D/DB      ( 3494): fillWindow: 0
07-14 11:59:30.213 D/DB      ( 3494): cursor 0
07-14 11:59:30.221 D/DB      ( 3494): moveToPos: 0
07-14 11:59:30.221 D/DB      ( 3494): query: SQLiteQuery: SELECT _id FROM HostAuth
07-14 11:59:30.221 D/DB      ( 3494): factory null
07-14 11:59:30.221 D/DB      ( 3494): fillWindow: 0
07-14 11:59:30.221 D/DB      ( 3494): cursor 0
07-14 11:59:30.221 D/DB      ( 3494): moveToPos: 0
07-14 11:59:30.229 D/DB      ( 3494): query: SQLiteQuery: SELECT _id FROM Policy
07-14 11:59:30.229 D/DB      ( 3494): factory null
07-14 11:59:30.229 D/DB      ( 3494): fillWindow: 0
07-14 11:59:30.229 D/DB      ( 3494): cursor 0
07-14 11:59:30.229 D/DB      ( 3494): moveToPos: 0
07-14 11:59:30.229 D/DB      ( 3494): query: SQLiteQuery: SELECT _id FROM Mailbox WHERE type IN (0,3,6,5,8,4)
07-14 11:59:30.229 D/DB      ( 3494): factory null
07-14 11:59:30.237 D/DB      ( 3494): fillWindow: 0
07-14 11:59:30.237 D/DB      ( 3494): cursor 0
07-14 11:59:30.237 D/DB      ( 3494): moveToPos: 0
07-14 11:59:30.237 D/DB      ( 3494): query: SQLiteQuery: SELECT _id FROM Account
07-14 11:59:30.237 D/DB      ( 3494): factory null
07-14 11:59:30.237 D/DB      ( 3494): fillWindow: 0
07-14 11:59:30.237 D/DB      ( 3494): cursor 0
07-14 11:59:30.237 D/DB      ( 3494): moveToPos: 0
07-14 11:59:30.291 D/DB      ( 3494): query: SQLiteQuery: SELECT _id FROM Account
07-14 11:59:30.291 D/DB      ( 3494): factory null
07-14 11:59:30.291 D/DB      ( 3494): fillWindow: 0
07-14 11:59:30.291 D/DB      ( 3494): cursor 0
07-14 11:59:30.299 W/ActivityManager(  374): Unable to start service Intent { cmp=com.pekall.emdm/com.pekall.semail.service.AttachmentDownloadService } U=0: not found
07-14 11:59:30.533 I/ActivityManager(  374): No longer want com.google.android.youtube (pid 1904): empty #17
07-14 11:59:30.823 D/dalvikvm( 3515): DexOpt: load 89ms, verify+opt 1414ms, 1147988 bytes
07-14 11:59:30.901 D/dalvikvm( 3494): DexOpt: --- END 'sc-jdk15on-1.47.0.2.dex.jar' (success) ---
07-14 11:59:30.901 D/dalvikvm( 3494): DEX prep '/data/data/com.pekall.emdm/app_jars/sc-jdk15on-1.47.0.2.dex.jar': unzip in 100ms, rewrite 1897ms
07-14 11:59:30.940 D/dalvikvm( 3494): GC_CONCURRENT freed 102K, 2% free 9984K/10124K, paused 2ms+3ms, total 26ms
07-14 11:59:31.041 D/dalvikvm( 3494): GC_CONCURRENT freed 230K, 3% free 10258K/10532K, paused 3ms+3ms, total 32ms
07-14 11:59:31.041 D/dalvikvm( 3494): WAIT_FOR_CONCURRENT_GC blocked 8ms
07-14 11:59:31.166 D/dalvikvm( 3494): GC_CONCURRENT freed 514K, 6% free 10250K/10804K, paused 3ms+4ms, total 33ms
07-14 11:59:31.174 D/dalvikvm( 3494): WAIT_FOR_CONCURRENT_GC blocked 16ms
07-14 11:59:31.291 D/dalvikvm( 3494): GC_CONCURRENT freed 314K, 4% free 10447K/10804K, paused 3ms+4ms, total 40ms
07-14 11:59:31.291 D/dalvikvm( 3494): WAIT_FOR_CONCURRENT_GC blocked 12ms
07-14 11:59:31.393 D/dalvikvm( 3494): GC_CONCURRENT freed 317K, 4% free 10636K/10996K, paused 3ms+4ms, total 37ms
07-14 11:59:31.393 D/dalvikvm( 3494): WAIT_FOR_CONCURRENT_GC blocked 21ms
07-14 11:59:31.424 I/Sandbox ( 3494): [Sandbox] init
07-14 11:59:31.424 V/SandboxConnection( 3494): [SConnection] retry to bind service
07-14 11:59:31.432 V/SandboxConnection( 3494): [SConnection] sandbox service is NOT installed.
07-14 11:59:31.432 V/SandboxConnection( 3494): [SConnection] binding service: pekall.intent.action.SANDBOX_SERVICE
07-14 11:59:31.448 D/MdmService( 3494): [null:-1]->create mdm service
07-14 11:59:31.455 D/AssistantPhoneService( 3494): [---null: -1---]onCreate====================
07-14 11:59:31.463 D/ExchangeService( 3494): !!! EAS ExchangeService, onCreate
07-14 11:59:31.573 V/AddressBarConfig( 3494): getDisplayAddressBar: true
07-14 11:59:31.588 V/CookiesConfigImpl( 3494): getEnableCookies: true
07-14 11:59:31.588 V/CacheConfigImpl( 3494): getEnableCache: true
07-14 11:59:31.596 V/HistoryConfigImpl( 3494): getEnableHistory: true
07-14 11:59:31.596 I/Choreographer( 3494): Skipped 129 frames!  The application may be doing too much work on its main thread.
07-14 11:59:31.643 D/libEGL  ( 3494): loaded /vendor/lib/egl/libEGL_POWERVR_SGX540_120.so
07-14 11:59:31.651 D/libEGL  ( 3494): loaded /vendor/lib/egl/libGLESv1_CM_POWERVR_SGX540_120.so
07-14 11:59:31.658 D/libEGL  ( 3494): loaded /vendor/lib/egl/libGLESv2_POWERVR_SGX540_120.so
07-14 11:59:31.752 D/OpenGLRenderer( 3494): Enabling debug mode 0
07-14 11:59:31.752 V/MyServiceConnection( 3494): [MConnection] onServiceConnected, comp: com.pekall.emdm.service.MdmProxy
07-14 11:59:31.752 I/ActivityManager(  374): START u0 {cmp=com.pekall.emdm/.ui.AdvActivity} from pid 3494
07-14 11:59:32.057 I/WindowManager(  374): Screenshot max retries 4 of Token{42ea9760 ActivityRecord{42d631c8 u0 com.pekall.emdm/.ui.SplashActivity}} appWin=Window{42baec00 u0 com.pekall.emdm/com.pekall.emdm.ui.SplashActivity} drawState=1
07-14 11:59:32.057 W/WindowManager(  374): Screenshot failure taking screenshot for (720x1280) to layer 21010
07-14 11:59:32.065 V/SandboxConnection( 3494): [SConnection] onServiceConnected, comp: com.pekall.sandbox.service.SandboxService
07-14 11:59:32.080 D/AuthenticationManager( 3494): [3494] binder package: com.pekall.emdm
07-14 11:59:32.127 I/Sandbox ( 3494): [Sandbox] initUserSecret, from: 1405310372135, to: 1407902372135
07-14 11:59:32.158 D/dalvikvm( 3494): GC_CONCURRENT freed 389K, 4% free 10776K/11208K, paused 2ms+4ms, total 50ms
07-14 11:59:32.362 D/MDM :   ( 3494): [null:-1]->Current Admin is not activated!
07-14 11:59:32.362 D/MdmService( 3494): [null:-1]->receiver action :android.net.conn.CONNECTIVITY_CHANGE
07-14 11:59:32.369 D/PhoneService( 3494): call_state_idle+++++++++++++++++++++++++++++++++++++++++++
07-14 11:59:32.369 D/AssistantPhoneService( 3494): [---null: -1---]++++++++++++++in the datachange!!!!observerTime0 currentCall ---> 1405310372375
07-14 11:59:32.385 V/l       ( 3494): Connected: com.pekall.exchange.ExchangeService
07-14 11:59:32.385 D/ExchangeService( 3494): !!! EAS ExchangeService, onStartCommand, startingUp = false, running = false
07-14 11:59:32.385 D/ExchangeService( 3494): to start secureStorageService now
07-14 11:59:32.385 V/l       ( 3494): Task setLogging completed; disconnecting
07-14 11:59:32.385 I/Choreographer( 3494): Skipped 37 frames!  The application may be doing too much work on its main thread.
07-14 11:59:32.385 V/a       ( 3494): Bind requested for task test
07-14 11:59:32.385 W/InputMethodManagerService(  374): Focus gain on non-focused client com.android.internal.view.IInputMethodClient$Stub$Proxy@42d49128 (uid=10066 pid=3494)
07-14 11:59:32.393 V/a       ( 3494): Bind requested for task getDeviceId
07-14 11:59:32.393 V/a       ( 3494): Waiting for task getDeviceId to complete...
07-14 11:59:32.565 W/ActivityManager(  374): Activity pause timeout for ActivityRecord{42d631c8 u0 com.pekall.emdm/.ui.SplashActivity}
07-14 11:59:32.666 I/ActivityManager(  374): Displayed com.pekall.emdm/.ui.SplashActivity: +4s134ms
07-14 11:59:32.666 D/MdmApplication( 3494): [null:-1]->onActivityPaused ui.SplashActivity , mActivityCount = 0
07-14 11:59:32.721 D/MdmApplication( 3494): [null:-1]->onActivityStarted ui.AdvActivity , mActivityCount = 0
07-14 11:59:32.721 E/Mdm     ( 3494): Call Mdm service's setLastExitTime function
07-14 11:59:32.721 D/MDM :   ( 3494): [null:-1]->query
07-14 11:59:32.721 D/MDM :   ( 3494): [null:-1]->QUERY_SETTING_PIN_TIMEOUT
07-14 11:59:32.721 D/MDM :   ( 3494): [null:-1]->query
07-14 11:59:32.729 D/MDM :   ( 3494): [null:-1]->QUERY_PINCODE_CHECK_RESULT
07-14 11:59:32.729 V/a       ( 3494): Connected: com.pekall.semail.service.AccountServiceInternal
07-14 11:59:32.737 V/a       ( 3494): Connected: com.pekall.semail.service.AccountServiceInternal
07-14 11:59:32.737 V/a       ( 3494): Task getDeviceId completed; disconnecting
07-14 11:59:32.737 V/a       ( 3494): Wait for getDeviceId finished in 341ms
07-14 11:59:32.737 D/ExchangeService( 3494): Received deviceId from Email app: androidc2130646576
07-14 11:59:32.737 V/a       ( 3494): Connection test succeeded in 350ms
07-14 11:59:32.737 D/ExchangeService( 3494): Reconciling accounts...
07-14 11:59:32.737 V/a       ( 3494): Bind requested for task reconcileAccounts
07-14 11:59:32.744 V/a       ( 3494): Task test completed; disconnecting
07-14 11:59:32.744 V/l       ( 3494): Bind requested for task setLogging
07-14 11:59:32.744 V/a       ( 3494): Waiting for task reconcileAccounts to complete...
07-14 11:59:32.791 D/dalvikvm( 3494): GC_FOR_ALLOC freed 437K, 5% free 10832K/11340K, paused 35ms, total 37ms
07-14 11:59:32.799 I/dalvikvm-heap( 3494): Grow heap (frag case) to 12.639MB for 2126920-byte allocation
07-14 11:59:32.830 D/dalvikvm( 3494): GC_FOR_ALLOC freed <1K, 4% free 12909K/13420K, paused 36ms, total 36ms
07-14 11:59:32.877 D/dalvikvm( 3494): GC_CONCURRENT freed 3K, 4% free 12906K/13420K, paused 4ms+3ms, total 45ms
07-14 11:59:32.994 D/dalvikvm( 3494): GC_FOR_ALLOC freed 1K, 4% free 12909K/13420K, paused 29ms, total 29ms
07-14 11:59:33.002 I/dalvikvm-heap( 3494): Grow heap (frag case) to 14.667MB for 2126920-byte allocation
07-14 11:59:33.049 D/dalvikvm( 3494): GC_FOR_ALLOC freed <1K, 4% free 14986K/15500K, paused 43ms, total 43ms
07-14 11:59:33.080 D/dalvikvm( 3494): GC_CONCURRENT freed <1K, 4% free 14986K/15500K, paused 4ms+3ms, total 35ms
07-14 11:59:33.307 D/dalvikvm( 3494): GC_FOR_ALLOC freed <1K, 4% free 14989K/15500K, paused 29ms, total 29ms
07-14 11:59:33.315 I/dalvikvm-heap( 3494): Grow heap (frag case) to 16.699MB for 2126920-byte allocation
07-14 11:59:33.362 D/dalvikvm( 3494): GC_FOR_ALLOC freed <1K, 3% free 17066K/17580K, paused 43ms, total 43ms
07-14 11:59:33.393 D/dalvikvm( 3494): GC_CONCURRENT freed <1K, 3% free 17066K/17580K, paused 4ms+3ms, total 35ms
07-14 11:59:33.737 D/ExchangeService( 3494): !!! EAS ExchangeService, onStartCommand, startingUp = true, running = false
07-14 11:59:33.737 V/l       ( 3494): Connected: com.pekall.exchange.ExchangeService
07-14 11:59:33.760 V/l       ( 3494): Task setLogging completed; disconnecting
07-14 11:59:33.877 V/a       ( 3494): Connected: com.pekall.semail.service.AccountServiceInternal
07-14 11:59:33.877 D/DB      ( 3494): query: SQLiteQuery: SELECT _id FROM Account
07-14 11:59:33.877 D/DB      ( 3494): factory null
07-14 11:59:33.877 D/DB      ( 3494): fillWindow: 0
07-14 11:59:33.885 D/DB      ( 3494): cursor 0
07-14 11:59:33.885 D/DB      ( 3494): moveToPos: 0
07-14 11:59:33.885 V/a       ( 3494): Task reconcileAccounts completed; disconnecting
07-14 11:59:33.885 V/a       ( 3494): Wait for reconcileAccounts finished in 1140ms
07-14 11:59:33.893 D/DB      ( 3494): query: SQLiteQuery: SELECT count(*) FROM HostAuth WHERE protocol="eas" LIMIT 1
07-14 11:59:33.893 I/ActivityManager(  374): Displayed com.pekall.emdm/.ui.AdvActivity: +1s328ms
07-14 11:59:33.893 D/DB      ( 3494): factory null
07-14 11:59:33.893 D/DB      ( 3494): fillWindow: 0
07-14 11:59:33.893 D/DB      ( 3494): cursor 1
07-14 11:59:33.893 D/DB      ( 3494): moveToPos: 0
07-14 11:59:33.893 D/DB      ( 3494): onMove: 0
07-14 11:59:33.893 D/ExchangeService( 3494): !!! EAS ExchangeService, stopping self
07-14 11:59:33.901 D/ExchangeService( 3494): !!! EAS ExchangeService, onDestroy
07-14 11:59:35.916 W/Settings( 2019): Setting airplane_mode_on has moved from android.provider.Settings.System to android.provider.Settings.Global, returning read-only value.
07-14 11:59:35.916 W/Settings( 2019): Setting mobile_data has moved from android.provider.Settings.Secure to android.provider.Settings.Global.
07-14 11:59:35.916 D/BluetoothAdapter( 2019): 1116407520: getState() :  mService = null. Returning STATE_OFF
07-14 11:59:35.916 W/Settings( 2019): Setting airplane_mode_on has moved from android.provider.Settings.System to android.provider.Settings.Global, returning read-only value.
07-14 11:59:35.932 W/Settings( 2019): Setting airplane_mode_on has moved from android.provider.Settings.System to android.provider.Settings.Global, returning read-only value.
07-14 11:59:35.932 W/Settings( 2019): Setting mobile_data has moved from android.provider.Settings.Secure to android.provider.Settings.Global.
07-14 11:59:35.932 D/BluetoothAdapter( 2019): 1116407520: getState() :  mService = null. Returning STATE_OFF
07-14 11:59:35.940 W/Settings( 2019): Setting airplane_mode_on has moved from android.provider.Settings.System to android.provider.Settings.Global, returning read-only value.
07-14 11:59:35.963 D/dalvikvm( 2019): GC_FOR_ALLOC freed 321K, 7% free 9924K/10588K, paused 21ms, total 21ms
07-14 11:59:36.088 I/ActivityManager(  374): START u0 {cmp=com.pekall.emdm/.ui.RegDeviceActivity} from pid 3494
07-14 11:59:36.221 D/dalvikvm(  374): GC_FOR_ALLOC freed 1060K, 17% free 18218K/21936K, paused 83ms, total 83ms
07-14 11:59:36.237 D/MdmApplication( 3494): [null:-1]->onActivityPaused ui.AdvActivity , mActivityCount = 1
07-14 11:59:36.237 D/MDM :   ( 3494): [null:-1]->query
07-14 11:59:36.237 D/MDM :   ( 3494): [null:-1]->QUERY_PINCODE_CHECK_RESULT
07-14 11:59:36.237 E/Mdm     ( 3494): Call Mdm service's setLastExitTime function
07-14 11:59:36.268 D/MdmApplication( 3494): [null:-1]->onActivityStarted ui.RegDeviceActivity , mActivityCount = 0
07-14 11:59:36.268 E/Mdm     ( 3494): Call Mdm service's setLastExitTime function
07-14 11:59:36.268 D/MDM :   ( 3494): [null:-1]->query
07-14 11:59:36.276 D/MDM :   ( 3494): [null:-1]->QUERY_SETTING_PIN_TIMEOUT
07-14 11:59:36.276 D/MDM :   ( 3494): [null:-1]->query
07-14 11:59:36.276 D/MDM :   ( 3494): [null:-1]->QUERY_PINCODE_CHECK_RESULT
07-14 11:59:36.315 D/dalvikvm( 3494): GC_FOR_ALLOC freed 133K, 3% free 19295K/19768K, paused 35ms, total 35ms
07-14 11:59:36.588 I/ActivityManager(  374): Displayed com.pekall.emdm/.ui.RegDeviceActivity: +337ms
07-14 11:59:38.065 D/dalvikvm(  531): GC_CONCURRENT freed 203K, 3% free 9351K/9588K, paused 2ms+7ms, total 36ms
07-14 11:59:38.080 I/ResourceUtils(  531): Found default value: resource=sudden_jumping_touch_event_device_list build=[HARDWARE=tuna MODEL=Galaxy Nexus BRAND=google MANUFACTURER=samsung] default=false
07-14 11:59:38.080 I/ResourceUtils(  531): Found default value: resource=phantom_sudden_move_event_device_list build=[HARDWARE=tuna MODEL=Galaxy Nexus BRAND=google MANUFACTURER=samsung] default=false
07-14 11:59:38.127 I/ResourceUtils(  531): Find override value: resource=keyboard_heights build=[HARDWARE=tuna MODEL=Galaxy Nexus BRAND=google MANUFACTURER=samsung] override=202.5869
07-14 11:59:38.205 D/dalvikvm(  531): GC_CONCURRENT freed 131K, 2% free 9655K/9820K, paused 4ms+3ms, total 26ms
07-14 11:59:38.393 D/libEGL  (  531): loaded /vendor/lib/egl/libEGL_POWERVR_SGX540_120.so
07-14 11:59:38.408 D/libEGL  (  531): loaded /vendor/lib/egl/libGLESv1_CM_POWERVR_SGX540_120.so
07-14 11:59:38.424 D/libEGL  (  531): loaded /vendor/lib/egl/libGLESv2_POWERVR_SGX540_120.so
07-14 11:59:38.533 D/OpenGLRenderer(  531): Enabling debug mode 0
07-14 11:59:41.244 D/dalvikvm(  531): GC_CONCURRENT freed 257K, 3% free 9911K/10200K, paused 4ms+3ms, total 41ms
07-14 11:59:41.244 D/dalvikvm(  531): WAIT_FOR_CONCURRENT_GC blocked 7ms
07-14 11:59:41.369 D/dalvikvm(  531): GC_FOR_ALLOC freed 170K, 3% free 9933K/10200K, paused 24ms, total 25ms
07-14 11:59:41.377 I/dalvikvm-heap(  531): Grow heap (frag case) to 11.253MB for 1598416-byte allocation
07-14 11:59:41.401 D/dalvikvm(  531): GC_CONCURRENT freed 21K, 3% free 11472K/11764K, paused 7ms+2ms, total 28ms
07-14 11:59:41.401 D/dalvikvm(  531): WAIT_FOR_CONCURRENT_GC blocked 21ms
07-14 11:59:45.940 W/Search.RefreshSearchDomainAndCookiesTask( 3281): Search parameters fetch failed: java.net.SocketTimeoutException: failed to connect to www.google.com/173.194.127.83 (port 443) after 10000ms
07-14 11:59:45.940 W/Search.RefreshSearchDomainAndCookiesTask( 3281): Search parameters fetch failed
07-14 11:59:45.963 I/ActivityManager(  374): No longer want com.qihoo360.mobilesafe (pid 2937): empty #17
07-14 11:59:49.822 D/JOBS    ( 1958): Thread-181: load factor check. true = (0 < 1)|| (0 * 3 < 0 + 0). consumer thread: true
07-14 11:59:49.822 D/JOBS    ( 1958): didn't allow me to die, re-running Thread-181
07-14 11:59:49.822 D/JOBS    ( 1958): re-running consumer Thread-181
07-14 11:59:54.604 D/dalvikvm(  531): GC_CONCURRENT freed 463K, 5% free 11740K/12236K, paused 3ms+5ms, total 34ms
07-14 12:00:01.119 V/DigitalWidgetViewsFactory( 2502): DigitalWidget sets next alarm string to null
07-14 12:00:01.869 D/dalvikvm(  374): GC_CONCURRENT freed 1859K, 16% free 18573K/21936K, paused 10ms+8ms, total 126ms
07-14 12:00:04.198 D/dalvikvm(  531): GC_CONCURRENT freed 586K, 5% free 12029K/12648K, paused 3ms+4ms, total 34ms
07-14 12:00:04.330 D/dalvikvm( 1052): GC_CONCURRENT freed 542K, 7% free 9734K/10404K, paused 3ms+3ms, total 27ms
07-14 12:00:14.166 I/TransInfo( 3494): TransInfo created, id: 6, class: class com.pekall.emdm.transaction.b.o
07-14 12:00:14.174 D/NetworkThread( 3494): [null:-1]->----isRunning-----false
07-14 12:00:14.174 D/NetworkThread( 3494): [null:-1]->----net work thread begin-----298
07-14 12:00:14.190 D/HttpClient( 3494): enable apache.http debug
07-14 12:00:14.221 V/DEBUG   ( 3494): HTTP 0
07-14 12:00:16.002 W/Settings( 2019): Setting airplane_mode_on has moved from android.provider.Settings.System to android.provider.Settings.Global, returning read-only value.
07-14 12:00:16.002 W/Settings( 2019): Setting mobile_data has moved from android.provider.Settings.Secure to android.provider.Settings.Global.
07-14 12:00:16.002 D/BluetoothAdapter( 2019): 1116407520: getState() :  mService = null. Returning STATE_OFF
07-14 12:00:16.002 W/Settings( 2019): Setting airplane_mode_on has moved from android.provider.Settings.System to android.provider.Settings.Global, returning read-only value.
07-14 12:00:16.026 W/Settings( 2019): Setting airplane_mode_on has moved from android.provider.Settings.System to android.provider.Settings.Global, returning read-only value.
07-14 12:00:16.026 W/Settings( 2019): Setting mobile_data has moved from android.provider.Settings.Secure to android.provider.Settings.Global.
07-14 12:00:16.026 D/BluetoothAdapter( 2019): 1116407520: getState() :  mService = null. Returning STATE_OFF
07-14 12:00:16.026 W/Settings( 2019): Setting airplane_mode_on has moved from android.provider.Settings.System to android.provider.Settings.Global, returning read-only value.
07-14 12:00:16.323 V/DEBUG   ( 3494): HTTP 1
07-14 12:00:16.330 D/MDM :   ( 3494): [null:-1]->read network input stream
07-14 12:00:16.346 D/MDM :   ( 3494): [null:-1]->RequestMdmUrlResult{host ='demo.everknow.cn'port ='443'}
07-14 12:00:16.362 D/NetworkThread( 3494): [null:-1]->queue is empty, thread wait...
07-14 12:00:16.479 D/MDM :   ( 3494): [null:-1]->handleMessage
07-14 12:00:16.479 I/TransInfo( 3494): TransInfo created, id: 9, class: class com.pekall.emdm.transaction.b.k
07-14 12:00:16.479 D/NetworkThread( 3494): [null:-1]->----isRunning-----true
07-14 12:00:16.479 D/NetworkThread( 3494): [null:-1]->----isRunning-----true
07-14 12:00:16.479 D/NetworkThread( 3494): [null:-1]->thread wakeup
07-14 12:00:16.487 D/HttpClient( 3494): enable apache.http debug
07-14 12:00:16.494 V/DEBUG   ( 3494): HTTP 0
07-14 12:00:16.799 V/DEBUG   ( 3494): HTTP 1
07-14 12:00:16.807 D/MDM :   ( 3494): [null:-1]->read network input stream
07-14 12:00:16.815 D/NetworkThread( 3494): [null:-1]->queue is empty, thread wait...
07-14 12:00:16.924 D/MDM :   ( 3494): [null:-1]->handleMessage
07-14 12:00:16.924 I/TransInfo( 3494): TransInfo created, id: 14, class: class com.pekall.emdm.transaction.b.a
07-14 12:00:16.924 D/NetworkThread( 3494): [null:-1]->----isRunning-----true
07-14 12:00:16.924 D/NetworkThread( 3494): [null:-1]->----isRunning-----true
07-14 12:00:16.924 D/NetworkThread( 3494): [null:-1]->thread wakeup
07-14 12:00:16.932 D/HttpClient( 3494): enable apache.http debug
07-14 12:00:16.940 V/DEBUG   ( 3494): HTTP 0
07-14 12:00:17.127 V/DEBUG   ( 3494): HTTP 1
07-14 12:00:17.135 D/NetworkThread( 3494): [null:-1]->queue is empty, thread wait...
07-14 12:00:17.244 D/MDM :   ( 3494): [null:-1]->handleMessage
07-14 12:00:17.401 W/InputMethodManagerService(  374): Window already focused, ignoring focus gain of: com.android.internal.view.IInputMethodClient$Stub$Proxy@42d6a048 attribute=android.view.inputmethod.EditorInfo@43073988, token = android.os.BinderProxy@42f5d000
07-14 12:00:18.987 D/dalvikvm(  450): GC_CONCURRENT freed 1791K, 13% free 12619K/14444K, paused 2ms+8ms, total 72ms
07-14 12:00:22.971 D/dalvikvm(  531): GC_CONCURRENT freed 670K, 6% free 12398K/13100K, paused 3ms+6ms, total 33ms
07-14 12:00:29.151 W/MountService(  374): getVolumeState(/storage/emulated/0/external_sd): Unknown volume
07-14 12:00:29.151 W/MountService(  374): getVolumeState(/mnt/sdcard-ext): Unknown volume
07-14 12:00:29.158 W/MountService(  374): getVolumeState(/mnt/ext_sdcard): Unknown volume
07-14 12:00:29.158 W/MountService(  374): getVolumeState(/mnt/sdcard2): Unknown volume
07-14 12:00:29.158 W/MountService(  374): getVolumeState(/mnt/emmc): Unknown volume
07-14 12:00:29.158 W/MountService(  374): getVolumeState(/mnt/extSdCard): Unknown volume
07-14 12:00:29.158 W/MountService(  374): getVolumeState(/mnt/sdcard/SD_CARD): Unknown volume
07-14 12:00:29.158 W/MountService(  374): getVolumeState(/mnt/sdcard/extra_sd): Unknown volume
07-14 12:00:29.158 W/MountService(  374): getVolumeState(/mnt/extrasd_bind): Unknown volume
07-14 12:00:29.158 W/MountService(  374): getVolumeState(/mnt/sdcard/ext_sd): Unknown volume
07-14 12:00:29.166 W/MountService(  374): getVolumeState(/storage/extSdCard): Unknown volume
07-14 12:00:29.166 W/MountService(  374): getVolumeState(/storage/sdcard1): Unknown volume
07-14 12:00:29.166 W/MountService(  374): getVolumeState(/mnt/sdcard/external_SD): Unknown volume
07-14 12:00:29.166 W/MountService(  374): getVolumeState(/mnt/sdcard/external_sd): Unknown volume
07-14 12:00:29.182 D/dalvikvm( 2037): GC_CONCURRENT freed 509K, 20% free 9571K/11956K, paused 12ms+2ms, total 48ms
07-14 12:00:29.182 D/dalvikvm( 2037): WAIT_FOR_CONCURRENT_GC blocked 11ms
07-14 12:00:29.182 D/dalvikvm( 2037): WAIT_FOR_CONCURRENT_GC blocked 15ms
07-14 12:00:29.432 D/dalvikvm( 2037): GC_CONCURRENT freed 509K, 20% free 9573K/11956K, paused 6ms+3ms, total 53ms
07-14 12:00:29.432 D/dalvikvm( 2037): WAIT_FOR_CONCURRENT_GC blocked 9ms
07-14 12:00:29.432 D/dalvikvm( 2037): WAIT_FOR_CONCURRENT_GC blocked 7ms
07-14 12:00:29.440 W/MountService(  374): getVolumeState(/storage/emulated/0/external_sd): Unknown volume
07-14 12:00:29.440 W/MountService(  374): getVolumeState(/mnt/sdcard-ext): Unknown volume
07-14 12:00:29.440 W/MountService(  374): getVolumeState(/mnt/ext_sdcard): Unknown volume
07-14 12:00:29.440 W/MountService(  374): getVolumeState(/mnt/sdcard2): Unknown volume
07-14 12:00:29.448 W/MountService(  374): getVolumeState(/mnt/emmc): Unknown volume
07-14 12:00:29.448 W/MountService(  374): getVolumeState(/mnt/extSdCard): Unknown volume
07-14 12:00:29.448 W/MountService(  374): getVolumeState(/mnt/sdcard/SD_CARD): Unknown volume
07-14 12:00:29.448 W/MountService(  374): getVolumeState(/mnt/sdcard/extra_sd): Unknown volume
07-14 12:00:29.448 W/MountService(  374): getVolumeState(/mnt/extrasd_bind): Unknown volume
07-14 12:00:29.448 W/MountService(  374): getVolumeState(/mnt/sdcard/ext_sd): Unknown volume
07-14 12:00:29.455 W/MountService(  374): getVolumeState(/storage/extSdCard): Unknown volume
07-14 12:00:29.455 W/MountService(  374): getVolumeState(/storage/sdcard1): Unknown volume
07-14 12:00:29.455 W/MountService(  374): getVolumeState(/mnt/sdcard/external_SD): Unknown volume
07-14 12:00:29.455 W/MountService(  374): getVolumeState(/mnt/sdcard/external_sd): Unknown volume
07-14 12:00:29.549 D/dalvikvm( 2037): GC_CONCURRENT freed 482K, 21% free 9526K/11956K, paused 2ms+3ms, total 24ms
07-14 12:00:33.244 I/TransInfo( 3494): TransInfo created, id: 8, class: class com.pekall.emdm.transaction.b.b
07-14 12:00:33.244 D/NetworkThread( 3494): [null:-1]->----isRunning-----true
07-14 12:00:33.244 D/NetworkThread( 3494): [null:-1]->----isRunning-----true
07-14 12:00:33.244 D/NetworkThread( 3494): [null:-1]->thread wakeup
07-14 12:00:33.323 D/HttpClient( 3494): enable apache.http debug
07-14 12:00:33.323 V/DEBUG   ( 3494): HTTP 0
07-14 12:00:33.518 D/dalvikvm( 3494): GC_CONCURRENT freed 2574K, 12% free 20060K/22672K, paused 6ms+10ms, total 69ms
07-14 12:00:33.580 V/DEBUG   ( 3494): HTTP 1
07-14 12:00:33.580 D/MDM :   ( 3494): [null:-1]->read network input stream
07-14 12:00:33.612 D/NetworkThread( 3494): [null:-1]->queue is empty, thread wait...
07-14 12:00:33.760 D/MDM :   ( 3494): [null:-1]->handleMessage
07-14 12:00:33.830 E/libEGL  ( 3494): call to OpenGL ES API with no current context (logged once per thread)
07-14 12:00:34.010 W/InputMethodManagerService(  374): Window already focused, ignoring focus gain of: com.android.internal.view.IInputMethodClient$Stub$Proxy@42875468 attribute=android.view.inputmethod.EditorInfo@42cf6c50, token = android.os.BinderProxy@42f5d000
07-14 12:00:34.635 D/MDM :   ( 3494): [null:-1]->load url is done
07-14 12:00:34.658 D/TilesManager( 3494): Starting TG #0, 0x5cc42528
07-14 12:00:34.658 D/TilesManager( 3494): new EGLContext from framework: 5ba341c0 
07-14 12:00:34.658 D/GLWebViewState( 3494): Reinit shader
07-14 12:00:34.869 D/GLWebViewState( 3494): Reinit transferQueue
07-14 12:00:35.971 D/MDM :   ( 3494): [null:-1]->handleMessage
07-14 12:00:36.018 I/TransInfo( 3494): TransInfo created, id: 2, class: class com.pekall.emdm.transaction.b.n
07-14 12:00:36.018 D/NetworkThread( 3494): [null:-1]->----isRunning-----true
07-14 12:00:36.018 D/NetworkThread( 3494): [null:-1]->----isRunning-----true
07-14 12:00:36.018 D/NetworkThread( 3494): [null:-1]->thread wakeup
07-14 12:00:36.198 D/BluetoothManagerService(  374): Message: 20
07-14 12:00:36.198 D/BluetoothManagerService(  374): Added callback: android.bluetooth.IBluetoothManagerCallback$Stub$Proxy@42c019e8:true
07-14 12:00:36.198 D/BluetoothManagerService(  374): checkIfCallerIsForegroundUser: valid=true callingUser=0 foregroundUser=0
07-14 12:00:39.174 D/dalvikvm( 2914): GC_CONCURRENT freed 388K, 5% free 8945K/9368K, paused 3ms+2ms, total 28ms
07-14 12:00:40.346 D/dalvikvm( 2914): GC_CONCURRENT freed 391K, 5% free 8945K/9372K, paused 2ms+2ms, total 31ms
07-14 12:00:40.549 D/dalvikvm( 1052): GC_CONCURRENT freed 394K, 7% free 9727K/10396K, paused 3ms+5ms, total 34ms
07-14 12:00:40.580 D/dalvikvm(  374): GC_CONCURRENT freed 2248K, 16% free 18637K/21936K, paused 5ms+19ms, total 175ms
07-14 12:00:40.658 D/HttpClient( 3494): enable apache.http debug
07-14 12:00:40.666 V/DEBUG   ( 3494): HTTP 0
07-14 12:00:40.823 D/dalvikvm( 3494): GC_CONCURRENT freed 11713K, 50% free 12014K/23764K, paused 5ms+10ms, total 71ms
07-14 12:00:42.471 V/DEBUG   ( 3494): HTTP 1
07-14 12:00:42.471 D/MDM :   ( 3494): [null:-1]->read network input stream
07-14 12:00:42.588 D/NetworkThread( 3494): [null:-1]->queue is empty, thread wait...
07-14 12:00:42.604 D/dalvikvm( 3494): GC_CONCURRENT freed 1222K, 51% free 11780K/23764K, paused 5ms+5ms, total 59ms
07-14 12:00:42.604 D/MdmService( 3494): [null:-1]->receiver action :com.pekall.mdm.action.MDM_REGISTERED
07-14 12:00:42.604 D/MdmService( 3494): [null:-1]->correctAlarm
07-14 12:00:42.612 I/TransInfo( 3494): TransInfo created, id: 5, class: class com.pekall.emdm.transaction.b.p
07-14 12:00:42.612 D/NetworkThread( 3494): [null:-1]->----isRunning-----true
07-14 12:00:42.612 I/TransInfo( 3494): TransInfo created, id: 5, class: class com.pekall.emdm.transaction.b.p
07-14 12:00:42.612 D/NetworkThread( 3494): [null:-1]->----isRunning-----true
07-14 12:00:42.612 D/NetworkThread( 3494): [null:-1]->thread wakeup
07-14 12:00:42.612 D/MdmService( 3494): [null:-1]->keepAliveWithPushServer  client is null 
07-14 12:00:42.619 D/HttpClient( 3494): enable apache.http debug
07-14 12:00:42.619 I/TransInfo( 3494): TransInfo created, id: 15, class: class com.pekall.emdm.transaction.b.j
07-14 12:00:42.619 D/NetworkThread( 3494): [null:-1]->----isRunning-----true
07-14 12:00:42.627 D/MdmStatusManager( 3494): [null:-1]->change status to : Busy
07-14 12:00:42.627 W/SQLiteOpenHelper( 3494): Opened /data/data/com.pekall.emdm/databases/pekall_mdm.db
07-14 12:00:42.627 V/DEBUG   ( 3494): HTTP 0
07-14 12:00:42.698 D/DB      ( 3494): query: SQLiteQuery: SELECT content, command_status, status FROM command WHERE status!=2
07-14 12:00:42.705 D/DB      ( 3494): factory null
07-14 12:00:42.705 D/DB      ( 3494): fillWindow: 0
07-14 12:00:42.705 D/DB      ( 3494): cursor 0
07-14 12:00:42.705 D/DB      ( 3494): moveToPos: 0
07-14 12:00:42.705 I/TransInfo( 3494): TransInfo created, id: 3, class: class com.pekall.emdm.transaction.b.c
07-14 12:00:42.705 D/MdmService( 3494): [null:-1]->keepAliveWithPushServer  client is null 
07-14 12:00:42.713 I/TransInfo( 3494): TransInfo created, id: 15, class: class com.pekall.emdm.transaction.b.j
07-14 12:00:42.713 D/MdmService( 3494): [null:-1]->MdmStatusManager is busy , wait......
07-14 12:00:42.713 D/MDM :   ( 3494): [null:-1]->handleMessage
07-14 12:00:42.729 I/ActivityManager(  374): START u0 {cmp=com.pekall.emdm/.ui.ActiveDeviceAdminActivity} from pid 3494
07-14 12:00:42.862 D/dalvikvm(  374): GC_FOR_ALLOC freed 66K, 14% free 18958K/21936K, paused 81ms, total 81ms
07-14 12:00:42.862 I/dalvikvm-heap(  374): Grow heap (frag case) to 18.915MB for 380496-byte allocation
07-14 12:00:42.948 D/dalvikvm(  374): GC_FOR_ALLOC freed 34K, 14% free 19296K/22308K, paused 83ms, total 83ms
07-14 12:00:42.955 V/DEBUG   ( 3494): HTTP 1
07-14 12:00:42.963 D/HttpClient( 3494): enable apache.http debug
07-14 12:00:42.963 V/DEBUG   ( 3494): HTTP 0
07-14 12:00:43.033 D/dalvikvm( 3494): GC_CONCURRENT freed 901K, 51% free 11835K/23764K, paused 3ms+5ms, total 44ms
07-14 12:00:43.033 D/dalvikvm( 3494): WAIT_FOR_CONCURRENT_GC blocked 23ms
07-14 12:00:43.057 D/dalvikvm(  374): GC_FOR_ALLOC freed 743K, 17% free 18552K/22308K, paused 108ms, total 108ms
07-14 12:00:43.065 V/DEBUG   ( 3494): HTTP 1
07-14 12:00:43.065 D/MDM :   ( 3494): [null:-1]->read network input stream
07-14 12:00:43.073 D/MdmApplication( 3494): [null:-1]->onActivityPaused ui.RegDeviceActivity , mActivityCount = 1
07-14 12:00:43.073 D/MDM :   ( 3494): [null:-1]->query
07-14 12:00:43.080 D/MDM :   ( 3494): [null:-1]->QUERY_PINCODE_CHECK_RESULT
07-14 12:00:43.080 E/Mdm     ( 3494): Call Mdm service's setLastExitTime function
07-14 12:00:43.112 D/HttpClient( 3494): enable apache.http debug
07-14 12:00:43.119 V/DEBUG   ( 3494): HTTP 0
07-14 12:00:43.143 I/TransInfo( 3494): TransInfo created, id: 17, class: class com.pekall.emdm.transaction.b.e
07-14 12:00:43.143 D/NetworkThread( 3494): [null:-1]->----isRunning-----true
07-14 12:00:43.151 D/MdmApplication( 3494): [null:-1]->onActivityStarted ui.ActiveDeviceAdminActivity , mActivityCount = 0
07-14 12:00:43.151 E/Mdm     ( 3494): Call Mdm service's setLastExitTime function
07-14 12:00:43.151 D/MDM :   ( 3494): [null:-1]->query
07-14 12:00:43.151 D/MDM :   ( 3494): [null:-1]->QUERY_SETTING_PIN_TIMEOUT
07-14 12:00:43.151 D/MDM :   ( 3494): [null:-1]->query
07-14 12:00:43.151 D/MDM :   ( 3494): [null:-1]->QUERY_PINCODE_CHECK_RESULT
07-14 12:00:43.299 I/ActivityManager(  374): Displayed com.pekall.emdm/.ui.ActiveDeviceAdminActivity: +186ms
07-14 12:00:43.299 D/MdmService( 3494): [null:-1]->keepAliveWithPushServer  client is null 
07-14 12:00:43.307 D/MdmService( 3494): [null:-1]->pushUrl : ws://demo.everknow.cn:9030/websocket
07-14 12:00:43.307 D/MDM :   ( 3494): [null:-1]->mMdmPushClient is :null
07-14 12:00:43.307 D/MDM :   ( 3494): [null:-1]->mMdmPushClient opened :not opened
07-14 12:00:43.315 D/MDM :   ( 3494): [null:-1]->mMdmPushClient connect
07-14 12:00:43.362 I/dalvikvm( 3494): Jit: resizing JitTable from 4096 to 8192
07-14 12:00:43.401 D/dalvikvm( 3494): GC_CONCURRENT freed 817K, 50% free 11910K/23764K, paused 3ms+19ms, total 88ms
07-14 12:00:43.510 D/MDM :   ( 3494): [null:-1]->MSG_WEBSOCKET_OPEN
07-14 12:00:43.533 D/PushMessageManager( 3494): [null:-1]->add sent message : {"params":{"device":"ffffffffc539bb10fffffffff7aea961","token":""},"id":0,"command":0,"reason":0,"result":0,"type":0}
07-14 12:00:43.565 V/DEBUG   ( 3494): HTTP 1
07-14 12:00:43.580 D/MDM :   ( 3494): [null:-1]->read network input stream
07-14 12:00:43.588 D/MDM :   ( 3494): [null:-1]->MSG_WEBSOCKET_MESSAGE : {"id":0,"type":1,"command":0,"result":0,"reason":0}
07-14 12:00:43.596 D/MdmService( 3494): [null:-1]->push message type :1
07-14 12:00:43.604 D/PushMessageManager( 3494): [null:-1]->remove sent message : 0
07-14 12:00:43.619 D/PushMessageManager( 3494): [null:-1]->sent message :{"params":{"device":"ffffffffc539bb10fffffffff7aea961","token":""},"id":0,"command":0,"reason":0,"result":0,"type":0}
07-14 12:00:43.619 D/PushMessageManager( 3494): [null:-1]->has message : 0
07-14 12:00:43.619 D/CheckInTransInfo( 3494): [null:-1]->CommandMsg : CommandMsg{CommandUUID='8a80888e4732aed5014733079d22042c', Command=CommandObject{RequestType='Location'}}
07-14 12:00:43.619 D/MDM :   ( 3494): [null:-1]->MSG_WEBSOCKET_MESSAGE : {"id":839602829,"type":0,"command":0,"result":0,"reason":0,"params":{"device":"ffffffffc539bb10fffffffff7aea961","message":"{\"cmd\":\"10119\"}"}}
07-14 12:00:43.619 D/DB      ( 3494): query: SQLiteQuery: SELECT * FROM command WHERE cmd_uuid='8a80888e4732aed5014733079d22042c'
07-14 12:00:43.619 D/DB      ( 3494): factory null
07-14 12:00:43.619 D/DB      ( 3494): fillWindow: 0
07-14 12:00:43.627 D/DB      ( 3494): cursor 0
07-14 12:00:43.643 D/MdmService( 3494): [null:-1]->push message type :0
07-14 12:00:43.643 D/MdmService( 3494): [null:-1]->cmdMessage : {"cmd":"10119"}
07-14 12:00:43.651 D/MdmService( 3494): [null:-1]->command : PushCommandMsg{cmd='10119', msg='null'}
07-14 12:00:43.651 D/MDM :   ( 3494): [null:-1]->PUSH CMD: 10119
07-14 12:00:43.651 D/MdmService( 3494): [null:-1]->MdmStatusManager is busy , wait......
07-14 12:00:43.651 D/MDM :   ( 3494): [null:-1]->MSG_WEBSOCKET_MESSAGE : {"id":-1902616332,"type":0,"command":0,"result":0,"reason":0,"params":{"device":"ffffffffc539bb10fffffffff7aea961","message":"{\"cmd\":\"10119\"}"}}
07-14 12:00:43.666 D/MdmService( 3494): [null:-1]->push message type :0
07-14 12:00:43.674 D/MdmService( 3494): [null:-1]->cmdMessage : {"cmd":"10119"}
07-14 12:00:43.674 D/MdmService( 3494): [null:-1]->command : PushCommandMsg{cmd='10119', msg='null'}
07-14 12:00:43.674 D/MDM :   ( 3494): [null:-1]->PUSH CMD: 10119
07-14 12:00:43.674 D/MdmService( 3494): [null:-1]->MdmStatusManager is busy , wait......
07-14 12:00:43.674 D/HttpClient( 3494): enable apache.http debug
07-14 12:00:43.674 D/MDM :   ( 3494): [null:-1]->MSG_WEBSOCKET_MESSAGE : {"id":-1972587619,"type":0,"command":0,"result":0,"reason":0,"params":{"device":"ffffffffc539bb10fffffffff7aea961","message":"{\"cmd\":\"10119\"}"}}
07-14 12:00:43.682 V/DEBUG   ( 3494): HTTP 0
07-14 12:00:43.698 D/MdmService( 3494): [null:-1]->push message type :0
07-14 12:00:43.698 D/MdmService( 3494): [null:-1]->cmdMessage : {"cmd":"10119"}
07-14 12:00:43.698 D/MdmService( 3494): [null:-1]->command : PushCommandMsg{cmd='10119', msg='null'}
07-14 12:00:43.698 D/MDM :   ( 3494): [null:-1]->PUSH CMD: 10119
07-14 12:00:43.705 D/MdmService( 3494): [null:-1]->MdmStatusManager is busy , wait......
07-14 12:00:43.713 D/MDM :   ( 3494): [null:-1]->MSG_WEBSOCKET_MESSAGE : {"id":2000751704,"type":0,"command":0,"result":0,"reason":0,"params":{"device":"ffffffffc539bb10fffffffff7aea961","message":"{\"subject\":\"testpush\",\"content\":\"test push message!@#$%^\\u0026*()! hello world\"}"}}
07-14 12:00:43.721 D/MdmService( 3494): [null:-1]->push message type :0
07-14 12:00:43.721 D/MdmService( 3494): [null:-1]->cmdMessage : {"subject":"testpush","content":"test push message!@#$%^\u0026*()! hello world"}
07-14 12:00:43.721 D/MDM :   ( 3494): [null:-1]->ContentMessage{subject='testpush', content='test push message!@#$%^&*()! hello world'}
07-14 12:00:43.768 D/MDM :   ( 3494): [null:-1]->MSG_WEBSOCKET_MESSAGE : {"id":717395121,"type":0,"command":0,"result":0,"reason":0,"params":{"device":"ffffffffc539bb10fffffffff7aea961","message":"{\"cmd\":\"10119\"}"}}
07-14 12:00:43.807 D/dalvikvm( 3494): GC_CONCURRENT freed 956K, 50% free 11953K/23764K, paused 4ms+5ms, total 64ms
07-14 12:00:43.807 D/dalvikvm( 3494): WAIT_FOR_CONCURRENT_GC blocked 27ms
07-14 12:00:43.815 D/dalvikvm( 3494): WAIT_FOR_CONCURRENT_GC blocked 30ms
07-14 12:00:43.815 D/MdmService( 3494): [null:-1]->push message type :0
07-14 12:00:43.815 D/MdmService( 3494): [null:-1]->cmdMessage : {"cmd":"10119"}
07-14 12:00:43.815 D/MdmService( 3494): [null:-1]->command : PushCommandMsg{cmd='10119', msg='null'}
07-14 12:00:43.823 D/MDM :   ( 3494): [null:-1]->PUSH CMD: 10119
07-14 12:00:43.823 D/MdmService( 3494): [null:-1]->MdmStatusManager is busy , wait......
07-14 12:00:43.830 D/MDM :   ( 3494): [null:-1]->MSG_WEBSOCKET_MESSAGE : {"id":1083512885,"type":0,"command":0,"result":0,"reason":0,"params":{"device":"ffffffffc539bb10fffffffff7aea961","message":"{\"cmd\":\"10119\"}"}}
07-14 12:00:43.838 D/MdmService( 3494): [null:-1]->push message type :0
