07-14 12:00:51.698 I/dalvikvm( 3494): DexOpt: unable to optimize instance field ref 0x01fb at 0x58 in Lcom/pekall/emdm/c/c/a/b;.b
07-14 12:00:51.705 I/dalvikvm( 3494): DexOpt: unable to optimize instance field ref 0x01f7 at 0x5e in Lcom/pekall/emdm/c/c/a/b;.b
07-14 12:00:51.705 I/dalvikvm( 3494): DexOpt: unable to optimize instance field ref 0x01fa at 0x68 in Lcom/pekall/emdm/c/c/a/b;.b
07-14 12:00:51.705 I/dalvikvm( 3494): DexOpt: unable to optimize instance field ref 0x01f9 at 0x7d in Lcom/pekall/emdm/c/c/a/b;.b
07-14 12:00:51.705 I/dalvikvm( 3494): DexOpt: unable to optimize instance field ref 0x01fb at 0x83 in Lcom/pekall/emdm/c/c/a/b;.b
07-14 12:00:51.705 I/dalvikvm( 3494): DexOpt: unable to optimize instance field ref 0x01f4 at 0x89 in Lcom/pekall/emdm/c/c/a/b;.b
07-14 12:00:51.705 I/dalvikvm( 3494): DexOpt: unable to optimize instance field ref 0x01f6 at 0x8f in Lcom/pekall/emdm/c/c/a/b;.b
07-14 12:00:51.705 I/dalvikvm( 3494): DexOpt: unable to optimize instance field ref 0x01f5 at 0x95 in Lcom/pekall/emdm/c/c/a/b;.b
07-14 12:00:51.705 I/dalvikvm( 3494): DexOpt: unable to optimize instance field ref 0x01fa at 0x9f in Lcom/pekall/emdm/c/c/a/b;.b
07-14 12:00:51.705 D/dalvikvm( 3494): DexOpt: unable to opt direct call 0x053d at 0xad in Lcom/pekall/emdm/c/c/a/b;.b
07-14 12:00:51.705 I/dalvikvm( 3494): DexOpt: unable to optimize instance field ref 0x01fc at 0xb3 in Lcom/pekall/emdm/c/c/a/b;.b
07-14 12:00:51.705 I/dalvikvm( 3494): DexOpt: unable to optimize instance field ref 0x01f9 at 0xb9 in Lcom/pekall/emdm/c/c/a/b;.b
07-14 12:00:51.705 I/dalvikvm( 3494): DexOpt: unable to optimize instance field ref 0x01fb at 0xbf in Lcom/pekall/emdm/c/c/a/b;.b
07-14 12:00:51.713 I/dalvikvm( 3494): DexOpt: unable to optimize instance field ref 0x01f8 at 0xc5 in Lcom/pekall/emdm/c/c/a/b;.b
07-14 12:00:51.713 I/dalvikvm( 3494): DexOpt: unable to optimize instance field ref 0x01f4 at 0xcb in Lcom/pekall/emdm/c/c/a/b;.b
07-14 12:00:51.713 I/dalvikvm( 3494): DexOpt: unable to optimize instance field ref 0x01fa at 0xd5 in Lcom/pekall/emdm/c/c/a/b;.b
07-14 12:00:51.744 D/ProfileManager( 3494): [null:-1]->get policy, payloadBase:PayloadPasswordPolicy{allowSimple=null, forcePIN=false, maxFailedAttempts=null, maxInactivity=null, maxPINAgeInDays=null, minComplexChars=null, minLength=null, requireAlphanumeric=null, pinHistory=null, maxGracePeriod=null, quality='pattern'}
07-14 12:00:51.799 D/ProfileManager( 3494): [null:-1]->get policy, payloadBase:PayloadBase{PayloadType='com.pekall.wifi.setting', PayloadVersion=1, PayloadIdentifier='com.pekall.profile.policy.wifi.setting', PayloadUUID='523d5454-3757-44da-b33c-a65597446df7', PayloadDisplayName='wifi设置', PayloadDescription='是否允许用户修改wifi配置', PayloadOrganization='Pekall Capital', PayloadStatus='null'}
07-14 12:00:51.838 D/ProfileManager( 3494): [null:-1]->get policy, payloadBase:PayloadSecurityPolicy{enforceEncryption=false, enforceSDCardEncryption=false, allowSDCard=true, allowSDCardWrite=true, disableKeyguardFeatures='none', allowNonGoogleApp='user controlled', enforceAppVerify='user controlled', allowScreenCapture=true, allowClipboard=true, backupMyData='user controlled', automaticRestore='user controlled', visiblePasswords='user controlled', allowUSBDebugging=true, allowGoogleCrashReport=true, allowFactoryReset=true, allowOTAUpgrade=true}
07-14 12:00:51.877 D/ProfileManager( 3494): [null:-1]->get policy, payloadBase:PayloadRestrictionsAndroidPolicy{backgroundDataSync='user controlled', autoSync='user controlled', camera='user controlled', bluetooth='user controlled', allowUSBMassStorage='enabled', allowUsbMediaPlayer=true, useNetworkDateTime='user controlled', allowMicrophone='user controlled', allowNFC='user controlled', useWirelessNetworkForLocation='user controlled', useGPSForLocation='user controlled', useSensorAidingForLocation='user controlled', allowMockLocation='user controlled', allowClipboardShare=null, allowAudioRecord=null}
07-14 12:00:51.916 D/ProfileManager( 3494): [null:-1]->get policy, payloadBase:PayloadBase{PayloadType='com.pekall.app.compliance.policy', PayloadVersion=1, PayloadIdentifier='com.pekall.profile.policy.app.compliance', PayloadUUID='2bd8d8ac-5bc3-424b-b7c9-81270104de51', PayloadDisplayName='应用限制配置', PayloadDescription='应用限制相关配置', PayloadOrganization='Pekall Capital', PayloadStatus='null'}
07-14 12:00:51.916 D/MDM :   ( 3494): [null:-1]->Apply black app: null
07-14 12:00:51.948 D/ProfileManager( 3494): [null:-1]->get policy, payloadBase:PayloadNativeAppCtrlPolicy{googlePlay=true, youtube=true, mail=true, browser=true, settings=true, gallery=true, gmail=true, googleMap=true, voiceDialer=true}
07-14 12:00:51.987 D/ProfileManager( 3494): [null:-1]->get policy, payloadBase:PayloadBluetoothPolicy{allowDeviceDiscovery=true, allowPairing=true, allowHeadset=true, allowHandsFree=true, allowA2DP=true, allowOutgoingCalls=true, allowDataTransfer=true, allowTethering=true, allow2Desktop=true}
07-14 12:00:51.987 D/MDM :   ( 3494): [null:-1]->setPayload ----  
07-14 12:00:51.987 D/MDM :   ( 3494): [null:-1]->setPayload ----  
07-14 12:00:52.026 D/ProfileManager( 3494): [null:-1]->get policy, payloadBase:PayloadNetRestrictPolicy {allowEmgCallOnly=false, allowWifi=true, enforceWiFiAlwaysOn=false, WhitelistedSSIDs=null, BlacklistedSSIDs=null, minSecurityLevel=open, allowUsrAddWifi=true, allowDataNetwork=user controlled, allowAppUseDataNetwork=false, apps=null, mobileAP=user controlled, usbTethering=user controlled, allowMessage=all, allowDataRoaming=user controlled, allowSyncRoaming=true, allowVoiceRoaming=true}
07-14 12:00:52.026 D/MDM :   ( 3494): [null:-1]->enter isSupported
07-14 12:00:52.033 D/MDM :   ( 3494): [null:-1]->setting: MobileAppData{enabled=false, apps=null}
07-14 12:00:52.057 I/System.out( 3494): [cjx]startClient
07-14 12:00:52.057 I/System.out( 3494): [cjx]OOPS, no server found
07-14 12:00:52.065 I/System.out( 3494): [cjx]sendClientCmd,bytes:1,data:[1]
07-14 12:00:52.065 I/System.out( 3494): [cjx]the server is not available
07-14 12:00:52.104 D/ProfileManager( 3494): [null:-1]->get policy, payloadBase:PayloadDeviceManagementPolicy {notAllowDisableDeviceManagement=false, allowPromptAdditionalPermissions=false, warningMessage=, enforcementAction=null, inactivityTimeLimitBeforeOOC=5, actionWhenOOC=null, dataCollectionFrequency=240, deviceHeartbeatFrequency=240, usageDataCollectionFrequency=15, usageDataUploadFrequency=240, locationDataCollectionFrequency=60}
07-14 12:00:52.112 D/MDM :   ( 3494): [null:-1]->Action Plan for reason: DeviceManagement ActionPlan:null
07-14 12:00:52.112 D/MDM :   ( 3494): [null:-1]->Action Plan for reason: Policy ActionPlan:null
07-14 12:00:52.158 D/ProfileManager( 3494): [null:-1]->get policy, payloadBase:PayloadBrowserRestrictions{allowPopups=true, allowJavascript=true, acceptCookies=true, rememberFormData=true, showFraudWarningSettings=true}
07-14 12:00:52.158 D/MDM :   ( 3494): [null:-1]->setPayload ----  
07-14 12:00:52.166 D/dalvikvm( 3494): GC_CONCURRENT freed 2402K, 33% free 16069K/23764K, paused 4ms+5ms, total 62ms
07-14 12:00:52.166 D/MDM :   ( 3494): [null:-1]->setPayload ----  
07-14 12:00:52.166 I/Choreographer( 3494): Skipped 67 frames!  The application may be doing too much work on its main thread.
07-14 12:00:52.244 V/AccountProvision( 3494): create account provision service
07-14 12:00:52.408 D/ProfileManager( 3494): [null:-1]->Policy com.apple.mobiledevice.passwordpolicy: Enforced state has changed
07-14 12:00:52.408 I/ActivityManager(  374): Displayed com.pekall.emdm/.ui.MainActivity: +1s825ms
07-14 12:00:52.408 D/ProfileManager( 3494): [null:-1]->Policy com.apple.mobiledevice.passwordpolicy: Old Enforced Policies: null
07-14 12:00:52.408 D/ProfileManager( 3494): [null:-1]->Policy com.apple.mobiledevice.passwordpolicy: New Enforced Policies: null
07-14 12:00:52.416 D/PolicyProvider( 3494): [null:-1]->URI changed: content://com.pekall.emdm.policy/enforced-policy
07-14 12:00:52.424 D/ProfileManager( 3494): [null:-1]->Policy com.pekall.wifi.setting: Enforced state has changed
07-14 12:00:52.424 D/ProfileManager( 3494): [null:-1]->Policy com.pekall.wifi.setting: Old Enforced Policies: null
07-14 12:00:52.424 D/ProfileManager( 3494): [null:-1]->Policy com.pekall.wifi.setting: New Enforced Policies: null
07-14 12:00:52.424 D/PolicyProvider( 3494): [null:-1]->URI changed: content://com.pekall.emdm.policy/enforced-policy
07-14 12:00:52.432 D/ProfileManager( 3494): [null:-1]->Policy com.pekall.security.policy: Enforced state has changed
07-14 12:00:52.432 D/ProfileManager( 3494): [null:-1]->Policy com.pekall.security.policy: Old Enforced Policies: null
07-14 12:00:52.432 D/ProfileManager( 3494): [null:-1]->Policy com.pekall.security.policy: New Enforced Policies: [EnforcedPolicy{type='com.pekall.security.policy', subtype='security.keyguard_feature', description='已启用 锁屏界面上的功能', content='null'}]
07-14 12:00:52.432 D/PolicyProvider( 3494): [null:-1]->URI changed: content://com.pekall.emdm.policy/enforced-policy
07-14 12:00:52.432 D/ProfileManager( 3494): [null:-1]->Policy com.pekall.restrictions.policy: Enforced state has changed
07-14 12:00:52.432 D/ProfileManager( 3494): [null:-1]->Policy com.pekall.restrictions.policy: Old Enforced Policies: null
07-14 12:00:52.432 D/ProfileManager( 3494): [null:-1]->Policy com.pekall.restrictions.policy: New Enforced Policies: null
07-14 12:00:52.432 D/PolicyProvider( 3494): [null:-1]->URI changed: content://com.pekall.emdm.policy/enforced-policy
07-14 12:00:52.440 D/ProfileManager( 3494): [null:-1]->Policy com.pekall.app.compliance.policy: Enforced state has changed
07-14 12:00:52.440 D/ProfileManager( 3494): [null:-1]->Policy com.pekall.app.compliance.policy: Old Enforced Policies: null
07-14 12:00:52.440 D/ProfileManager( 3494): [null:-1]->Policy com.pekall.app.compliance.policy: New Enforced Policies: null
07-14 12:00:52.440 D/PolicyProvider( 3494): [null:-1]->URI changed: content://com.pekall.emdm.policy/enforced-policy
07-14 12:00:52.440 D/ProfileManager( 3494): [null:-1]->Policy com.apple.mobiledevice.passwordpolicy: OOC state has changed
07-14 12:00:52.440 D/ProfileManager( 3494): [null:-1]->Policy com.apple.mobiledevice.passwordpolicy: Old OOC state: null
07-14 12:00:52.440 D/ProfileManager( 3494): [null:-1]->Policy com.apple.mobiledevice.passwordpolicy: New OOC state: null
07-14 12:00:52.448 D/PolicyProvider( 3494): [null:-1]->URI changed: content://com.pekall.emdm.policy/ooc_state_summary
07-14 12:00:52.448 D/PolicyProvider( 3494): [null:-1]->URI changed: content://com.pekall.emdm.policy/ooc_state
07-14 12:00:52.487 D/ProfileManager( 3494): [null:-1]->Policy com.pekall.wifi.setting: OOC state has changed
07-14 12:00:52.487 D/ProfileManager( 3494): [null:-1]->Policy com.pekall.wifi.setting: Old OOC state: null
07-14 12:00:52.487 D/ProfileManager( 3494): [null:-1]->Policy com.pekall.wifi.setting: New OOC state: null
07-14 12:00:52.487 D/PolicyProvider( 3494): [null:-1]->URI changed: content://com.pekall.emdm.policy/ooc_state_summary
07-14 12:00:52.494 D/PolicyProvider( 3494): [null:-1]->URI changed: content://com.pekall.emdm.policy/ooc_state
07-14 12:00:52.494 D/ProfileManager( 3494): [null:-1]->Policy com.pekall.security.policy: OOC state has changed
07-14 12:00:52.494 D/ProfileManager( 3494): [null:-1]->Policy com.pekall.security.policy: Old OOC state: null
07-14 12:00:52.494 D/ProfileManager( 3494): [null:-1]->Policy com.pekall.security.policy: New OOC state: null
07-14 12:00:52.494 D/PolicyProvider( 3494): [null:-1]->URI changed: content://com.pekall.emdm.policy/ooc_state_summary
07-14 12:00:52.502 D/PolicyProvider( 3494): [null:-1]->URI changed: content://com.pekall.emdm.policy/ooc_state
07-14 12:00:52.502 D/ProfileManager( 3494): [null:-1]->Policy com.pekall.restrictions.policy: OOC state has changed
07-14 12:00:52.502 D/ProfileManager( 3494): [null:-1]->Policy com.pekall.restrictions.policy: Old OOC state: null
07-14 12:00:52.502 D/ProfileManager( 3494): [null:-1]->Policy com.pekall.restrictions.policy: New OOC state: null
07-14 12:00:52.502 D/PolicyProvider( 3494): [null:-1]->URI changed: content://com.pekall.emdm.policy/ooc_state_summary
07-14 12:00:52.502 D/PolicyProvider( 3494): [null:-1]->URI changed: content://com.pekall.emdm.policy/ooc_state
07-14 12:00:52.510 D/ProfileManager( 3494): [null:-1]->Policy com.pekall.app.compliance.policy: OOC state has changed
07-14 12:00:52.510 D/ProfileManager( 3494): [null:-1]->Policy com.pekall.app.compliance.policy: Old OOC state: null
07-14 12:00:52.510 D/ProfileManager( 3494): [null:-1]->Policy com.pekall.app.compliance.policy: New OOC state: null
07-14 12:00:52.510 D/PolicyProvider( 3494): [null:-1]->URI changed: content://com.pekall.emdm.policy/ooc_state_summary
07-14 12:00:52.510 D/PolicyProvider( 3494): [null:-1]->URI changed: content://com.pekall.emdm.policy/ooc_state
07-14 12:00:52.510 D/ProfileManager( 3494): [null:-1]->Policy com.pekall.native.app.control.policy: Enforced state has changed
07-14 12:00:52.510 D/ProfileManager( 3494): [null:-1]->Policy com.pekall.native.app.control.policy: Old Enforced Policies: null
07-14 12:00:52.510 D/ProfileManager( 3494): [null:-1]->Policy com.pekall.native.app.control.policy: New Enforced Policies: null
07-14 12:00:52.518 D/PolicyProvider( 3494): [null:-1]->URI changed: content://com.pekall.emdm.policy/enforced-policy
07-14 12:00:52.518 D/ProfileManager( 3494): [null:-1]->Policy com.pekall.bluetooth.policy: Enforced state has changed
07-14 12:00:52.518 D/ProfileManager( 3494): [null:-1]->Policy com.pekall.bluetooth.policy: Old Enforced Policies: null
07-14 12:00:52.518 D/ProfileManager( 3494): [null:-1]->Policy com.pekall.bluetooth.policy: New Enforced Policies: null
07-14 12:00:52.518 D/PolicyProvider( 3494): [null:-1]->URI changed: content://com.pekall.emdm.policy/enforced-policy
07-14 12:00:52.526 D/ProfileManager( 3494): [null:-1]->Policy com.pekall.native.app.control.policy: OOC state has changed
07-14 12:00:52.526 D/ProfileManager( 3494): [null:-1]->Policy com.pekall.native.app.control.policy: Old OOC state: null
07-14 12:00:52.526 D/ProfileManager( 3494): [null:-1]->Policy com.pekall.native.app.control.policy: New OOC state: null
07-14 12:00:52.526 D/PolicyProvider( 3494): [null:-1]->URI changed: content://com.pekall.emdm.policy/ooc_state_summary
07-14 12:00:52.526 D/PolicyProvider( 3494): [null:-1]->URI changed: content://com.pekall.emdm.policy/ooc_state
07-14 12:00:52.627 D/ProfileManager( 3494): [null:-1]->Policy com.pekall.bluetooth.policy: OOC state has changed
07-14 12:00:52.627 D/ProfileManager( 3494): [null:-1]->Policy com.pekall.bluetooth.policy: Old OOC state: null
07-14 12:00:52.627 D/ProfileManager( 3494): [null:-1]->Policy com.pekall.bluetooth.policy: New OOC state: null
07-14 12:00:52.627 D/PolicyProvider( 3494): [null:-1]->URI changed: content://com.pekall.emdm.policy/ooc_state_summary
07-14 12:00:52.627 D/PolicyProvider( 3494): [null:-1]->URI changed: content://com.pekall.emdm.policy/ooc_state
07-14 12:00:52.635 D/ProfileManager( 3494): [null:-1]->Policy com.pekall.network.restriction.policy: Enforced state has changed
07-14 12:00:52.635 D/ProfileManager( 3494): [null:-1]->Policy com.pekall.network.restriction.policy: Old Enforced Policies: null
07-14 12:00:52.635 D/ProfileManager( 3494): [null:-1]->Policy com.pekall.network.restriction.policy: New Enforced Policies: [EnforcedPolicy{type='com.pekall.network.restriction.policy', subtype='net.restriction.data_roaming', description='已禁用 数据漫游', content='null'}, EnforcedPolicy{type='com.pekall.network.restriction.policy', subtype='net.restriction.data_network', description='已禁用 数据网络', content='null'}]
07-14 12:00:52.635 D/PolicyProvider( 3494): [null:-1]->URI changed: content://com.pekall.emdm.policy/enforced-policy
07-14 12:00:52.635 D/ProfileManager( 3494): [null:-1]->Policy com.pekall.device.management.policy: Enforced state has changed
07-14 12:00:52.635 D/ProfileManager( 3494): [null:-1]->Policy com.pekall.device.management.policy: Old Enforced Policies: null
07-14 12:00:52.643 D/ProfileManager( 3494): [null:-1]->Policy com.pekall.device.management.policy: New Enforced Policies: null
07-14 12:00:52.643 D/PolicyProvider( 3494): [null:-1]->URI changed: content://com.pekall.emdm.policy/enforced-policy
07-14 12:00:52.643 D/ProfileManager( 3494): [null:-1]->Policy com.pekall.network.restriction.policy: OOC state has changed
07-14 12:00:52.643 D/ProfileManager( 3494): [null:-1]->Policy com.pekall.network.restriction.policy: Old OOC state: null
07-14 12:00:52.643 D/ProfileManager( 3494): [null:-1]->Policy com.pekall.network.restriction.policy: New OOC state: null
07-14 12:00:52.643 D/PolicyProvider( 3494): [null:-1]->URI changed: content://com.pekall.emdm.policy/ooc_state_summary
07-14 12:00:52.651 D/PolicyProvider( 3494): [null:-1]->URI changed: content://com.pekall.emdm.policy/ooc_state
07-14 12:00:52.651 D/ProfileManager( 3494): [null:-1]->Policy com.pekall.device.management.policy: OOC state has changed
07-14 12:00:52.651 D/ProfileManager( 3494): [null:-1]->Policy com.pekall.device.management.policy: Old OOC state: null
07-14 12:00:52.651 D/ProfileManager( 3494): [null:-1]->Policy com.pekall.device.management.policy: New OOC state: null
07-14 12:00:52.651 D/PolicyProvider( 3494): [null:-1]->URI changed: content://com.pekall.emdm.policy/ooc_state_summary
07-14 12:00:52.651 D/PolicyProvider( 3494): [null:-1]->URI changed: content://com.pekall.emdm.policy/ooc_state
07-14 12:00:52.674 D/ProfileManager( 3494): [null:-1]->Policy com.pekall.browser.restrictions: Enforced state has changed
07-14 12:00:52.674 D/ProfileManager( 3494): [null:-1]->Policy com.pekall.browser.restrictions: Old Enforced Policies: null
07-14 12:00:52.674 D/ProfileManager( 3494): [null:-1]->Policy com.pekall.browser.restrictions: New Enforced Policies: null
07-14 12:00:52.682 D/PolicyProvider( 3494): [null:-1]->URI changed: content://com.pekall.emdm.policy/enforced-policy
07-14 12:00:52.682 D/ProfileManager( 3494): [null:-1]->Policy com.pekall.browser.restrictions: OOC state has changed
07-14 12:00:52.682 D/ProfileManager( 3494): [null:-1]->Policy com.pekall.browser.restrictions: Old OOC state: null
07-14 12:00:52.682 D/ProfileManager( 3494): [null:-1]->Policy com.pekall.browser.restrictions: New OOC state: null
07-14 12:00:52.682 D/PolicyProvider( 3494): [null:-1]->URI changed: content://com.pekall.emdm.policy/ooc_state_summary
07-14 12:00:52.682 D/PolicyProvider( 3494): [null:-1]->URI changed: content://com.pekall.emdm.policy/ooc_state
07-14 12:00:53.690 I/TransInfo( 3494): TransInfo created, id: 5, class: class com.pekall.emdm.transaction.b.p
07-14 12:00:53.690 D/NetworkThread( 3494): [null:-1]->----isRunning-----true
07-14 12:00:53.690 D/NetworkThread( 3494): [null:-1]->----isRunning-----true
07-14 12:00:53.690 D/NetworkThread( 3494): [null:-1]->thread wakeup
07-14 12:00:53.698 D/HttpClient( 3494): enable apache.http debug
07-14 12:00:53.705 V/DEBUG   ( 3494): HTTP 0
07-14 12:00:53.955 V/DEBUG   ( 3494): HTTP 1
07-14 12:00:53.955 D/MDM :   ( 3494): [null:-1]->MSG_WEBSOCKET_MESSAGE : {"id":1234221054,"type":0,"command":0,"result":0,"reason":0,"params":{"msgId":"d151dc64-3198-427f-87c2-3017238ce676,d151dc643198427f87c23017238ce676","device":"ffffffffc539bb10fffffffff7aea961","message":"{\"cmd\":\"10119\"}"}}
07-14 12:00:53.955 D/NetworkThread( 3494): [null:-1]->queue is empty, thread wait...
07-14 12:00:53.963 D/MdmService( 3494): [null:-1]->push message type :0
07-14 12:00:53.963 D/MdmService( 3494): [null:-1]->cmdMessage : {"cmd":"10119"}
07-14 12:00:53.963 D/MdmService( 3494): [null:-1]->command : PushCommandMsg{cmd='10119', msg='null'}
07-14 12:00:53.971 D/MDM :   ( 3494): [null:-1]->PUSH CMD: 10119
07-14 12:00:54.002 D/dalvikvm( 3494): GC_CONCURRENT freed 1811K, 30% free 16643K/23764K, paused 4ms+7ms, total 59ms
07-14 12:00:54.002 D/dalvikvm( 3494): WAIT_FOR_CONCURRENT_GC blocked 33ms
07-14 12:00:54.002 D/MdmStatusManager( 3494): [null:-1]->change status to : Busy
07-14 12:00:54.002 D/DB      ( 3494): query: SQLiteQuery: SELECT content, command_status, status FROM command WHERE status!=2
07-14 12:00:54.002 D/DB      ( 3494): factory null
07-14 12:00:54.002 D/DB      ( 3494): fillWindow: 0
07-14 12:00:54.002 D/DB      ( 3494): cursor 0
07-14 12:00:54.002 D/DB      ( 3494): moveToPos: 0
07-14 12:00:54.010 I/TransInfo( 3494): TransInfo created, id: 3, class: class com.pekall.emdm.transaction.b.c
07-14 12:00:54.010 D/NetworkThread( 3494): [null:-1]->----isRunning-----true
07-14 12:00:54.010 D/NetworkThread( 3494): [null:-1]->----isRunning-----true
07-14 12:00:54.010 D/NetworkThread( 3494): [null:-1]->thread wakeup
07-14 12:00:54.010 D/HttpClient( 3494): enable apache.http debug
07-14 12:00:54.018 V/DEBUG   ( 3494): HTTP 0
07-14 12:00:54.549 V/DEBUG   ( 3494): HTTP 1
07-14 12:00:54.557 D/MDM :   ( 3494): [null:-1]->read network input stream
07-14 12:00:54.565 D/CheckInTransInfo( 3494): [null:-1]->CommandMsg : CommandMsg{CommandUUID='8a80888e4732aed501473307c866042d', Command=CommandObject{RequestType='SecurityInfo'}}
07-14 12:00:54.565 D/DB      ( 3494): query: SQLiteQuery: SELECT * FROM command WHERE cmd_uuid='8a80888e4732aed501473307c866042d'
07-14 12:00:54.565 D/DB      ( 3494): factory null
07-14 12:00:54.565 D/DB      ( 3494): fillWindow: 0
07-14 12:00:54.565 D/DB      ( 3494): cursor 0
07-14 12:00:54.580 I/ActivityManager(  374): START u0 {cmp=com.pekall.emdm/.document.activity.DocMainActivity} from pid 3494
07-14 12:00:54.612 D/NetworkThread( 3494): [null:-1]->queue is empty, thread wait...
07-14 12:00:54.705 D/dalvikvm(  374): GC_FOR_ALLOC freed 1305K, 19% free 18207K/22308K, paused 81ms, total 82ms
07-14 12:00:54.721 D/MdmService( 3494): [null:-1]->handleCheckInResult
07-14 12:00:54.721 D/MdmService( 3494): [null:-1]->handleCheckInResult result keyIndex: 3
07-14 12:00:54.721 D/CommandManager( 3494): [null:-1]->execute command: CommandMsg{CommandUUID='8a80888e4732aed501473307c866042d', Command=CommandObject{RequestType='SecurityInfo'}}
07-14 12:00:54.721 D/MdmApplication( 3494): [null:-1]->onActivityPaused ui.MainActivity , mActivityCount = 1
07-14 12:00:54.721 D/MDM :   ( 3494): [null:-1]->query
07-14 12:00:54.721 D/MDM :   ( 3494): [null:-1]->QUERY_PINCODE_CHECK_RESULT
07-14 12:00:54.721 E/Mdm     ( 3494): Call Mdm service's setLastExitTime function
07-14 12:00:54.815 D/MdmApplication( 3494): [null:-1]->onActivityStarted document.activity.DocMainActivity , mActivityCount = 0
07-14 12:00:54.815 E/Mdm     ( 3494): Call Mdm service's setLastExitTime function
07-14 12:00:54.815 D/MDM :   ( 3494): [null:-1]->query
07-14 12:00:54.815 D/MDM :   ( 3494): [null:-1]->QUERY_SETTING_PIN_TIMEOUT
07-14 12:00:54.815 D/MDM :   ( 3494): [null:-1]->query
07-14 12:00:54.815 D/MDM :   ( 3494): [null:-1]->QUERY_PINCODE_CHECK_RESULT
07-14 12:00:54.815 D/DB      ( 3494): query: SQLiteQuery: SELECT * FROM doc WHERE browseStatus = 0 AND type = 'Normal'
07-14 12:00:54.815 D/DB      ( 3494): factory null
07-14 12:00:54.815 D/DB      ( 3494): fillWindow: 0
07-14 12:00:54.815 D/DB      ( 3494): cursor 2
07-14 12:00:54.823 I/TransInfo( 3494): TransInfo created, id: 3, class: class com.pekall.emdm.transaction.b.c
07-14 12:00:54.823 D/NetworkThread( 3494): [null:-1]->----isRunning-----true
07-14 12:00:54.830 D/NetworkThread( 3494): [null:-1]->----isRunning-----true
07-14 12:00:54.830 D/NetworkThread( 3494): [null:-1]->thread wakeup
07-14 12:00:54.838 D/HttpClient( 3494): enable apache.http debug
07-14 12:00:54.846 V/DEBUG   ( 3494): HTTP 0
07-14 12:00:55.002 I/ActivityManager(  374): Displayed com.pekall.emdm/.document.activity.DocMainActivity: +265ms
07-14 12:00:55.362 V/DEBUG   ( 3494): HTTP 1
07-14 12:00:55.362 D/MdmDatabaseHelper( 3494): [null:-1]->update command 8a80888e4732aed501473307c866042d to status executed
07-14 12:00:55.393 D/NetworkThread( 3494): [null:-1]->queue is empty, thread wait...
07-14 12:00:55.463 D/MdmService( 3494): [null:-1]->handleCheckInResult
07-14 12:00:55.463 D/MdmService( 3494): [null:-1]->handleCheckInResult result keyIndex: 3
07-14 12:00:55.463 D/HandleCommandTask( 3494): [null:-1]->execute command msg but beanBase is null
07-14 12:00:55.463 D/MdmStatusManager( 3494): [null:-1]->change status to : Idle
07-14 12:00:55.979 I/ActivityManager(  374): START u0 {cmp=com.pekall.emdm/.document.activity.CompanyDocActivity} from pid 3494
07-14 12:00:56.049 W/Settings( 2019): Setting airplane_mode_on has moved from android.provider.Settings.System to android.provider.Settings.Global, returning read-only value.
07-14 12:00:56.049 W/Settings( 2019): Setting mobile_data has moved from android.provider.Settings.Secure to android.provider.Settings.Global.
07-14 12:00:56.049 D/BluetoothAdapter( 2019): 1116407520: getState() :  mService = null. Returning STATE_OFF
07-14 12:00:56.112 D/dalvikvm(  374): GC_FOR_ALLOC freed 804K, 17% free 18568K/22308K, paused 84ms, total 84ms
07-14 12:00:56.112 W/Settings( 2019): Setting airplane_mode_on has moved from android.provider.Settings.System to android.provider.Settings.Global, returning read-only value.
07-14 12:00:56.198 D/dalvikvm(  374): GC_FOR_ALLOC freed 747K, 17% free 18564K/22308K, paused 78ms, total 78ms
07-14 12:00:56.198 D/MdmApplication( 3494): [null:-1]->onActivityPaused document.activity.DocMainActivity , mActivityCount = 1
07-14 12:00:56.198 D/MDM :   ( 3494): [null:-1]->query
07-14 12:00:56.205 D/MDM :   ( 3494): [null:-1]->QUERY_PINCODE_CHECK_RESULT
07-14 12:00:56.205 E/Mdm     ( 3494): Call Mdm service's setLastExitTime function
07-14 12:00:56.213 W/Settings( 2019): Setting airplane_mode_on has moved from android.provider.Settings.System to android.provider.Settings.Global, returning read-only value.
07-14 12:00:56.213 W/Settings( 2019): Setting mobile_data has moved from android.provider.Settings.Secure to android.provider.Settings.Global.
07-14 12:00:56.221 D/BluetoothAdapter( 2019): 1116407520: getState() :  mService = null. Returning STATE_OFF
07-14 12:00:56.221 W/Settings( 2019): Setting airplane_mode_on has moved from android.provider.Settings.System to android.provider.Settings.Global, returning read-only value.
07-14 12:00:56.260 D/MdmApplication( 3494): [null:-1]->onActivityStarted document.activity.CompanyDocActivity , mActivityCount = 0
07-14 12:00:56.260 E/Mdm     ( 3494): Call Mdm service's setLastExitTime function
07-14 12:00:56.260 D/MDM :   ( 3494): [null:-1]->query
07-14 12:00:56.260 D/MDM :   ( 3494): [null:-1]->QUERY_SETTING_PIN_TIMEOUT
07-14 12:00:56.260 D/MDM :   ( 3494): [null:-1]->query
07-14 12:00:56.260 D/MDM :   ( 3494): [null:-1]->QUERY_PINCODE_CHECK_RESULT
07-14 12:00:56.283 D/BaseFragment( 3494): [null:-1]->mSelection is type = 'Normal' ,mSort is _id DESC
07-14 12:00:56.283 D/DB      ( 3494): query: SQLiteQuery: SELECT * FROM doc WHERE type = 'Normal'
07-14 12:00:56.283 D/DB      ( 3494): factory null
07-14 12:00:56.283 D/DB      ( 3494): fillWindow: 0
07-14 12:00:56.283 D/DB      ( 3494): cursor 2
07-14 12:00:56.283 D/DB      ( 3494): moveToPos: 0
07-14 12:00:56.283 D/DB      ( 3494): onMove: 0
07-14 12:00:56.283 D/DB      ( 3494): moveToPos: 1
07-14 12:00:56.283 D/DB      ( 3494): onMove: 1
07-14 12:00:56.291 D/DB      ( 3494): moveToPos: 2
07-14 12:00:56.713 I/ActivityManager(  374): Displayed com.pekall.emdm/.document.activity.CompanyDocActivity: +494ms
07-14 12:01:01.737 D/dalvikvm(  374): GC_FOR_ALLOC freed 544K, 16% free 18947K/22308K, paused 86ms, total 87ms
07-14 12:01:01.846 D/dalvikvm(  374): GC_FOR_ALLOC freed 752K, 17% free 18566K/22308K, paused 95ms, total 96ms
07-14 12:01:01.846 D/MdmApplication( 3494): [null:-1]->onActivityPaused document.activity.CompanyDocActivity , mActivityCount = 1
07-14 12:01:01.846 D/MDM :   ( 3494): [null:-1]->query
07-14 12:01:01.854 D/MDM :   ( 3494): [null:-1]->QUERY_PINCODE_CHECK_RESULT
07-14 12:01:01.854 E/Mdm     ( 3494): Call Mdm service's setLastExitTime function
07-14 12:01:01.877 D/MdmApplication( 3494): [null:-1]->onActivityStarted document.activity.DocMainActivity , mActivityCount = 0
07-14 12:01:01.877 E/Mdm     ( 3494): Call Mdm service's setLastExitTime function
07-14 12:01:01.877 D/MDM :   ( 3494): [null:-1]->query
07-14 12:01:01.877 D/MDM :   ( 3494): [null:-1]->QUERY_SETTING_PIN_TIMEOUT
07-14 12:01:01.885 D/MDM :   ( 3494): [null:-1]->query
07-14 12:01:01.885 D/MDM :   ( 3494): [null:-1]->QUERY_PINCODE_CHECK_RESULT
07-14 12:01:01.885 D/DB      ( 3494): query: SQLiteQuery: SELECT * FROM doc WHERE browseStatus = 0 AND type = 'Normal'
07-14 12:01:01.885 D/DB      ( 3494): factory null
07-14 12:01:01.885 D/DB      ( 3494): fillWindow: 0
07-14 12:01:01.885 D/DB      ( 3494): cursor 2
07-14 12:01:02.338 D/BaseFragment( 3494): [null:-1]->fragment is on stop 
07-14 12:01:02.385 D/DB      ( 3494): query: SQLiteQuery: SELECT * FROM doc WHERE browseStatus = 0 AND type = 'Normal'
07-14 12:01:02.385 D/DB      ( 3494): factory null
07-14 12:01:02.385 D/DB      ( 3494): fillWindow: 0
07-14 12:01:02.393 D/DB      ( 3494): cursor 0
07-14 12:01:02.393 D/DB      ( 3494): query: SQLiteQuery: SELECT * FROM doc WHERE browseStatus = 0 AND type = 'Normal'
07-14 12:01:02.393 D/DB      ( 3494): factory null
07-14 12:01:02.401 D/DB      ( 3494): fillWindow: 0
07-14 12:01:02.401 D/DB      ( 3494): cursor 0
07-14 12:01:02.401 E/Mdm     ( 3494): Call Mdm service's recordIconCount function
07-14 12:01:02.463 D/dalvikvm( 3494): GC_CONCURRENT freed 2598K, 31% free 16524K/23728K, paused 4ms+11ms, total 71ms
07-14 12:01:03.612 D/dalvikvm(  374): GC_FOR_ALLOC freed 404K, 16% free 18940K/22308K, paused 95ms, total 96ms
07-14 12:01:03.705 D/dalvikvm(  374): GC_FOR_ALLOC freed 748K, 17% free 18562K/22308K, paused 94ms, total 94ms
07-14 12:01:03.713 D/MdmApplication( 3494): [null:-1]->onActivityPaused document.activity.DocMainActivity , mActivityCount = 1
07-14 12:01:03.713 D/MDM :   ( 3494): [null:-1]->query
07-14 12:01:03.713 D/MDM :   ( 3494): [null:-1]->QUERY_PINCODE_CHECK_RESULT
07-14 12:01:03.713 E/Mdm     ( 3494): Call Mdm service's setLastExitTime function
07-14 12:01:03.737 D/MdmApplication( 3494): [null:-1]->onActivityStarted ui.MainActivity , mActivityCount = 0
07-14 12:01:03.737 E/Mdm     ( 3494): Call Mdm service's setLastExitTime function
07-14 12:01:03.744 D/MDM :   ( 3494): [null:-1]->query
07-14 12:01:03.744 D/MDM :   ( 3494): [null:-1]->QUERY_SETTING_PIN_TIMEOUT
07-14 12:01:03.744 D/MDM :   ( 3494): [null:-1]->query
07-14 12:01:03.744 D/MDM :   ( 3494): [null:-1]->QUERY_PINCODE_CHECK_RESULT
07-14 12:01:04.721 I/ActivityManager(  374): START u0 {cmp=com.pekall.emdm/.messagecenter.activity.MessageMainActivity} from pid 3494
07-14 12:01:04.846 D/dalvikvm(  374): GC_FOR_ALLOC freed 398K, 16% free 18939K/22308K, paused 80ms, total 81ms
07-14 12:01:04.940 D/dalvikvm(  374): GC_FOR_ALLOC freed 746K, 17% free 18564K/22308K, paused 81ms, total 81ms
07-14 12:01:04.940 D/MdmApplication( 3494): [null:-1]->onActivityPaused ui.MainActivity , mActivityCount = 1
07-14 12:01:04.940 D/MDM :   ( 3494): [null:-1]->query
07-14 12:01:04.940 D/MDM :   ( 3494): [null:-1]->QUERY_PINCODE_CHECK_RESULT
07-14 12:01:04.948 E/Mdm     ( 3494): Call Mdm service's setLastExitTime function
07-14 12:01:05.026 D/MdmApplication( 3494): [null:-1]->onActivityStarted messagecenter.activity.MessageMainActivity , mActivityCount = 0
07-14 12:01:05.026 E/Mdm     ( 3494): Call Mdm service's setLastExitTime function
07-14 12:01:05.026 D/MDM :   ( 3494): [null:-1]->query
07-14 12:01:05.026 D/MDM :   ( 3494): [null:-1]->QUERY_SETTING_PIN_TIMEOUT
07-14 12:01:05.026 D/MDM :   ( 3494): [null:-1]->query
07-14 12:01:05.033 D/MDM :   ( 3494): [null:-1]->QUERY_PINCODE_CHECK_RESULT
07-14 12:01:05.033 E/DB      ( 3494): bind, index: 1, value: 100
07-14 12:01:05.033 D/DB      ( 3494): query: SQLiteQuery: SELECT * FROM message WHERE type=? ORDER BY date DESC
07-14 12:01:05.033 D/DB      ( 3494): factory null
07-14 12:01:05.033 D/DB      ( 3494): fillWindow: 0
07-14 12:01:05.033 D/DB      ( 3494): cursor 3
07-14 12:01:05.127 D/DB      ( 3494): moveToPos: 0
07-14 12:01:05.127 D/DB      ( 3494): onMove: 0
07-14 12:01:05.151 D/DB      ( 3494): moveToPos: 0
07-14 12:01:05.158 D/DB      ( 3494): moveToPos: 1
07-14 12:01:05.158 D/DB      ( 3494): onMove: 1
07-14 12:01:05.182 D/DB      ( 3494): moveToPos: 1
07-14 12:01:05.182 D/DB      ( 3494): moveToPos: 2
07-14 12:01:05.182 D/DB      ( 3494): onMove: 2
07-14 12:01:05.205 D/DB      ( 3494): moveToPos: 2
07-14 12:01:05.291 I/ActivityManager(  374): Displayed com.pekall.emdm/.messagecenter.activity.MessageMainActivity: +338ms
07-14 12:01:07.057 D/dalvikvm(  374): GC_FOR_ALLOC freed 414K, 16% free 18945K/22308K, paused 87ms, total 87ms
07-14 12:01:07.158 D/dalvikvm(  374): GC_FOR_ALLOC freed 752K, 17% free 18564K/22308K, paused 93ms, total 94ms
07-14 12:01:07.166 D/MdmApplication( 3494): [null:-1]->onActivityPaused messagecenter.activity.MessageMainActivity , mActivityCount = 1
07-14 12:01:07.166 D/MDM :   ( 3494): [null:-1]->query
07-14 12:01:07.174 D/MDM :   ( 3494): [null:-1]->QUERY_PINCODE_CHECK_RESULT
07-14 12:01:07.174 E/Mdm     ( 3494): Call Mdm service's setLastExitTime function
07-14 12:01:07.190 D/MdmApplication( 3494): [null:-1]->onActivityStarted ui.MainActivity , mActivityCount = 0
07-14 12:01:07.190 E/Mdm     ( 3494): Call Mdm service's setLastExitTime function
07-14 12:01:07.190 D/MDM :   ( 3494): [null:-1]->query
07-14 12:01:07.190 D/MDM :   ( 3494): [null:-1]->QUERY_SETTING_PIN_TIMEOUT
07-14 12:01:07.198 D/MDM :   ( 3494): [null:-1]->query
07-14 12:01:07.198 D/MDM :   ( 3494): [null:-1]->QUERY_PINCODE_CHECK_RESULT
07-14 12:01:07.737 E/DB      ( 3494): bind, index: 1, value: 0
07-14 12:01:07.737 D/DB      ( 3494): query: SQLiteQuery: SELECT * FROM message WHERE status =?
07-14 12:01:07.744 D/DB      ( 3494): factory null
07-14 12:01:07.744 D/DB      ( 3494): fillWindow: 0
07-14 12:01:07.744 D/DB      ( 3494): cursor 0
07-14 12:01:07.744 E/DB      ( 3494): bind, index: 1, value: 0
07-14 12:01:07.744 E/DB      ( 3494): bind, index: 2, value: 100
07-14 12:01:07.744 D/DB      ( 3494): query: SQLiteQuery: SELECT * FROM message WHERE status=? and type=?
07-14 12:01:07.744 D/DB      ( 3494): factory null
07-14 12:01:07.744 D/DB      ( 3494): fillWindow: 0
07-14 12:01:07.744 D/DB      ( 3494): cursor 0
07-14 12:01:07.752 E/Mdm     ( 3494): Call Mdm service's recordIconCount function
07-14 12:01:09.869 I/ActivityManager(  374): START u0 {cmp=com.pekall.emdm/.document.activity.DocMainActivity} from pid 3494
07-14 12:01:10.018 D/dalvikvm(  374): GC_FOR_ALLOC freed 408K, 16% free 18940K/22308K, paused 87ms, total 87ms
07-14 12:01:10.112 D/dalvikvm(  374): GC_FOR_ALLOC freed 748K, 17% free 18563K/22308K, paused 86ms, total 86ms
07-14 12:01:10.119 D/MdmApplication( 3494): [null:-1]->onActivityPaused ui.MainActivity , mActivityCount = 1
07-14 12:01:10.119 D/MDM :   ( 3494): [null:-1]->query
07-14 12:01:10.119 D/MDM :   ( 3494): [null:-1]->QUERY_PINCODE_CHECK_RESULT
07-14 12:01:10.119 E/Mdm     ( 3494): Call Mdm service's setLastExitTime function
07-14 12:01:10.198 D/MdmApplication( 3494): [null:-1]->onActivityStarted document.activity.DocMainActivity , mActivityCount = 0
07-14 12:01:10.198 E/Mdm     ( 3494): Call Mdm service's setLastExitTime function
07-14 12:01:10.198 D/MDM :   ( 3494): [null:-1]->query
07-14 12:01:10.198 D/MDM :   ( 3494): [null:-1]->QUERY_SETTING_PIN_TIMEOUT
07-14 12:01:10.198 D/MDM :   ( 3494): [null:-1]->query
07-14 12:01:10.205 D/MDM :   ( 3494): [null:-1]->QUERY_PINCODE_CHECK_RESULT
07-14 12:01:10.205 D/DB      ( 3494): query: SQLiteQuery: SELECT * FROM doc WHERE browseStatus = 0 AND type = 'Normal'
07-14 12:01:10.205 D/DB      ( 3494): factory null
07-14 12:01:10.205 D/DB      ( 3494): fillWindow: 0
07-14 12:01:10.205 D/DB      ( 3494): cursor 0
07-14 12:01:10.354 I/ActivityManager(  374): Displayed com.pekall.emdm/.document.activity.DocMainActivity: +224ms
07-14 12:01:15.432 I/ActivityManager(  374): START u0 {cmp=com.pekall.emdm/.document.activity.CompanyDocActivity} from pid 3494
07-14 12:01:15.549 D/dalvikvm(  374): GC_FOR_ALLOC freed 428K, 16% free 18945K/22308K, paused 80ms, total 80ms
07-14 12:01:15.635 D/dalvikvm(  374): GC_FOR_ALLOC freed 751K, 17% free 18565K/22308K, paused 79ms, total 79ms
07-14 12:01:15.643 D/MdmApplication( 3494): [null:-1]->onActivityPaused document.activity.DocMainActivity , mActivityCount = 1
07-14 12:01:15.643 D/MDM :   ( 3494): [null:-1]->query
07-14 12:01:15.643 D/MDM :   ( 3494): [null:-1]->QUERY_PINCODE_CHECK_RESULT
07-14 12:01:15.643 E/Mdm     ( 3494): Call Mdm service's setLastExitTime function
07-14 12:01:15.690 D/MdmApplication( 3494): [null:-1]->onActivityStarted document.activity.CompanyDocActivity , mActivityCount = 0
07-14 12:01:15.690 E/Mdm     ( 3494): Call Mdm service's setLastExitTime function
07-14 12:01:15.690 D/MDM :   ( 3494): [null:-1]->query
07-14 12:01:15.690 D/MDM :   ( 3494): [null:-1]->QUERY_SETTING_PIN_TIMEOUT
07-14 12:01:15.698 D/MDM :   ( 3494): [null:-1]->query
07-14 12:01:15.698 D/MDM :   ( 3494): [null:-1]->QUERY_PINCODE_CHECK_RESULT
07-14 12:01:15.705 D/BaseFragment( 3494): [null:-1]->mSelection is type = 'Normal' ,mSort is _id DESC
07-14 12:01:15.705 D/DB      ( 3494): query: SQLiteQuery: SELECT * FROM doc WHERE type = 'Normal'
07-14 12:01:15.705 D/DB      ( 3494): factory null
07-14 12:01:15.705 D/DB      ( 3494): fillWindow: 0
07-14 12:01:15.713 D/DB      ( 3494): cursor 2
07-14 12:01:15.713 D/DB      ( 3494): moveToPos: 0
07-14 12:01:15.713 D/DB      ( 3494): onMove: 0
07-14 12:01:15.713 D/DB      ( 3494): moveToPos: 1
07-14 12:01:15.713 D/DB      ( 3494): onMove: 1
07-14 12:01:15.713 D/DB      ( 3494): moveToPos: 2
07-14 12:01:16.065 I/ActivityManager(  374): Displayed com.pekall.emdm/.document.activity.CompanyDocActivity: +407ms
07-14 12:01:16.893 D/dalvikvm( 1052): GC_CONCURRENT freed 384K, 7% free 9730K/10396K, paused 6ms+3ms, total 43ms
07-14 12:01:29.198 W/MountService(  374): getVolumeState(/storage/emulated/0/external_sd): Unknown volume
07-14 12:01:29.205 W/MountService(  374): getVolumeState(/mnt/sdcard-ext): Unknown volume
07-14 12:01:29.205 W/MountService(  374): getVolumeState(/mnt/ext_sdcard): Unknown volume
07-14 12:01:29.205 W/MountService(  374): getVolumeState(/mnt/sdcard2): Unknown volume
07-14 12:01:29.213 W/MountService(  374): getVolumeState(/mnt/emmc): Unknown volume
07-14 12:01:29.213 W/MountService(  374): getVolumeState(/mnt/extSdCard): Unknown volume
07-14 12:01:29.213 W/MountService(  374): getVolumeState(/mnt/sdcard/SD_CARD): Unknown volume
07-14 12:01:29.213 W/MountService(  374): getVolumeState(/mnt/sdcard/extra_sd): Unknown volume
07-14 12:01:29.213 W/MountService(  374): getVolumeState(/mnt/extrasd_bind): Unknown volume
07-14 12:01:29.213 W/MountService(  374): getVolumeState(/mnt/sdcard/ext_sd): Unknown volume
07-14 12:01:29.221 W/MountService(  374): getVolumeState(/storage/extSdCard): Unknown volume
07-14 12:01:29.221 W/MountService(  374): getVolumeState(/storage/sdcard1): Unknown volume
07-14 12:01:29.221 W/MountService(  374): getVolumeState(/mnt/sdcard/external_SD): Unknown volume
07-14 12:01:29.229 W/MountService(  374): getVolumeState(/mnt/sdcard/external_sd): Unknown volume
07-14 12:01:29.268 D/dalvikvm( 2037): GC_CONCURRENT freed 367K, 20% free 9570K/11956K, paused 3ms+3ms, total 38ms
07-14 12:01:29.440 W/MountService(  374): getVolumeState(/storage/emulated/0/external_sd): Unknown volume
07-14 12:01:29.440 W/MountService(  374): getVolumeState(/mnt/sdcard-ext): Unknown volume
07-14 12:01:29.440 W/MountService(  374): getVolumeState(/mnt/ext_sdcard): Unknown volume
07-14 12:01:29.448 W/MountService(  374): getVolumeState(/mnt/sdcard2): Unknown volume
07-14 12:01:29.448 W/MountService(  374): getVolumeState(/mnt/emmc): Unknown volume
07-14 12:01:29.448 W/MountService(  374): getVolumeState(/mnt/extSdCard): Unknown volume
07-14 12:01:29.448 W/MountService(  374): getVolumeState(/mnt/sdcard/SD_CARD): Unknown volume
07-14 12:01:29.448 W/MountService(  374): getVolumeState(/mnt/sdcard/extra_sd): Unknown volume
07-14 12:01:29.448 W/MountService(  374): getVolumeState(/mnt/extrasd_bind): Unknown volume
07-14 12:01:29.448 W/MountService(  374): getVolumeState(/mnt/sdcard/ext_sd): Unknown volume
07-14 12:01:29.448 W/MountService(  374): getVolumeState(/storage/extSdCard): Unknown volume
07-14 12:01:29.448 W/MountService(  374): getVolumeState(/storage/sdcard1): Unknown volume
07-14 12:01:29.448 W/MountService(  374): getVolumeState(/mnt/sdcard/external_SD): Unknown volume
07-14 12:01:29.455 W/MountService(  374): getVolumeState(/mnt/sdcard/external_sd): Unknown volume
07-14 12:01:29.463 D/dalvikvm( 2037): GC_CONCURRENT freed 461K, 20% free 9621K/11956K, paused 4ms+3ms, total 37ms
07-14 12:01:29.463 D/dalvikvm( 2037): WAIT_FOR_CONCURRENT_GC blocked 13ms
07-14 12:01:29.471 D/dalvikvm( 2037): WAIT_FOR_CONCURRENT_GC blocked 16ms
07-14 12:01:35.916 D/dalvikvm(  874): GC_CONCURRENT freed 473K, 17% free 9639K/11548K, paused 8ms+2ms, total 46ms
07-14 12:01:36.276 W/Settings( 2019): Setting airplane_mode_on has moved from android.provider.Settings.System to android.provider.Settings.Global, returning read-only value.
07-14 12:01:36.283 W/Settings( 2019): Setting mobile_data has moved from android.provider.Settings.Secure to android.provider.Settings.Global.
07-14 12:01:36.283 D/BluetoothAdapter( 2019): 1116407520: getState() :  mService = null. Returning STATE_OFF
07-14 12:01:36.283 W/Settings( 2019): Setting airplane_mode_on has moved from android.provider.Settings.System to android.provider.Settings.Global, returning read-only value.
07-14 12:01:36.299 W/Settings( 2019): Setting airplane_mode_on has moved from android.provider.Settings.System to android.provider.Settings.Global, returning read-only value.
07-14 12:01:36.299 W/Settings( 2019): Setting mobile_data has moved from android.provider.Settings.Secure to android.provider.Settings.Global.
07-14 12:01:36.299 D/BluetoothAdapter( 2019): 1116407520: getState() :  mService = null. Returning STATE_OFF
07-14 12:01:36.299 W/Settings( 2019): Setting airplane_mode_on has moved from android.provider.Settings.System to android.provider.Settings.Global, returning read-only value.
07-14 12:01:39.526 D/LightsService(  374): Excessive delay setting light: 67ms
07-14 12:01:39.799 D/LightsService(  374): Excessive delay setting light: 67ms
07-14 12:01:42.994 D/MDM :   ( 3494): [null:-1]->MSG_WEBSOCKET_MESSAGE : {"id":-1684294072,"type":0,"command":0,"result":0,"reason":0,"params":{"msgId":"6a28057c-7cf0-4be3-95f5-b2d85f91c6b1,6a28057c7cf04be395f5b2d85f91c6b1","device":"ffffffffc539bb10fffffffff7aea961","message":"{\"cmd\":\"10119\"}"}}
07-14 12:01:43.010 D/MdmService( 3494): [null:-1]->push message type :0
07-14 12:01:43.010 D/MdmService( 3494): [null:-1]->cmdMessage : {"cmd":"10119"}
07-14 12:01:43.018 D/MdmService( 3494): [null:-1]->command : PushCommandMsg{cmd='10119', msg='null'}
07-14 12:01:43.018 D/MDM :   ( 3494): [null:-1]->PUSH CMD: 10119
07-14 12:01:43.018 D/MdmStatusManager( 3494): [null:-1]->change status to : Busy
07-14 12:01:43.018 D/DB      ( 3494): query: SQLiteQuery: SELECT content, command_status, status FROM command WHERE status!=2
07-14 12:01:43.018 D/DB      ( 3494): factory null
07-14 12:01:43.018 D/DB      ( 3494): fillWindow: 0
07-14 12:01:43.026 D/DB      ( 3494): cursor 0
07-14 12:01:43.026 D/DB      ( 3494): moveToPos: 0
07-14 12:01:43.026 I/TransInfo( 3494): TransInfo created, id: 3, class: class com.pekall.emdm.transaction.b.c
07-14 12:01:43.026 D/NetworkThread( 3494): [null:-1]->----isRunning-----true
07-14 12:01:43.026 D/NetworkThread( 3494): [null:-1]->----isRunning-----true
07-14 12:01:43.026 D/NetworkThread( 3494): [null:-1]->thread wakeup
07-14 12:01:43.033 D/HttpClient( 3494): enable apache.http debug
07-14 12:01:43.033 V/DEBUG   ( 3494): HTTP 0
07-14 12:01:43.502 V/DEBUG   ( 3494): HTTP 1
07-14 12:01:43.510 D/MDM :   ( 3494): [null:-1]->read network input stream
07-14 12:01:43.518 D/CheckInTransInfo( 3494): [null:-1]->CommandMsg : CommandMsg{CommandUUID='8a80888e4732aed50147330887b90430', Command=CommandRemoveDocument{DocumentType='Normal', DocumentUUID='8a80888c46c806620146cbd5320b16a9'} CommandObject{RequestType='RemoveDocument'}}
07-14 12:01:43.518 D/DB      ( 3494): query: SQLiteQuery: SELECT * FROM command WHERE cmd_uuid='8a80888e4732aed50147330887b90430'
07-14 12:01:43.518 D/DB      ( 3494): factory null
07-14 12:01:43.518 D/DB      ( 3494): fillWindow: 0
07-14 12:01:43.518 D/DB      ( 3494): cursor 0
07-14 12:01:43.549 D/NetworkThread( 3494): [null:-1]->queue is empty, thread wait...
07-14 12:01:43.651 D/MdmService( 3494): [null:-1]->handleCheckInResult
07-14 12:01:43.651 D/MdmService( 3494): [null:-1]->handleCheckInResult result keyIndex: 3
07-14 12:01:43.651 D/CommandManager( 3494): [null:-1]->execute command: CommandMsg{CommandUUID='8a80888e4732aed50147330887b90430', Command=CommandRemoveDocument{DocumentType='Normal', DocumentUUID='8a80888c46c806620146cbd5320b16a9'} CommandObject{RequestType='RemoveDocument'}}
07-14 12:01:43.658 D/DownLoadDocService( 3494): [null:-1]->action is  com.pekall.emdm.action.DELETEDOC
07-14 12:01:43.666 W/SQLiteOpenHelper( 3494): Opened /data/data/com.pekall.emdm/databases/sandbox.db
07-14 12:01:43.729 D/DB      ( 3494): query: SQLiteQuery: SELECT _id, name, display_name, description, version, extension, mime_type, size, created_date, modified_date, accessed_date, valid_date, encrypted, read, allow_unauthorized, reported, server_url, auto_sync, is_favorite, is_locked, is_visible, is_deleted, sort, source, storage_key, path FROM contents WHERE (server_url='8a80888c46c806620146cbd5320b16a9')
07-14 12:01:43.729 D/DB      ( 3494): factory null
07-14 12:01:43.729 D/DB      ( 3494): fillWindow: 0
07-14 12:01:43.729 D/DB      ( 3494): cursor 0
07-14 12:01:43.760 D/DB      ( 3494): query: SQLiteQuery: SELECT * FROM doc WHERE browseStatus = 0 AND type = 'Normal'
07-14 12:01:43.760 D/DB      ( 3494): factory null
07-14 12:01:43.760 D/DB      ( 3494): fillWindow: 0
07-14 12:01:43.760 D/DB      ( 3494): cursor 0
07-14 12:01:43.760 D/BaseFragment( 3494): [null:-1]->mSelection is type = 'Normal' ,mSort is _id DESC
07-14 12:01:43.760 D/DB      ( 3494): query: SQLiteQuery: SELECT * FROM doc WHERE browseStatus = 0 AND type = 'Normal'
07-14 12:01:43.760 D/DB      ( 3494): factory null
07-14 12:01:43.760 D/DB      ( 3494): fillWindow: 0
07-14 12:01:43.768 D/DB      ( 3494): cursor 0
07-14 12:01:43.768 E/Mdm     ( 3494): Call Mdm service's recordIconCount function
07-14 12:01:43.768 D/DB      ( 3494): query: SQLiteQuery: SELECT * FROM doc WHERE type = 'Normal'
07-14 12:01:43.768 D/DB      ( 3494): factory null
07-14 12:01:43.768 D/DB      ( 3494): fillWindow: 0
07-14 12:01:43.768 D/DB      ( 3494): cursor 1
07-14 12:01:43.768 D/DB      ( 3494): moveToPos: 0
07-14 12:01:43.768 D/DB      ( 3494): onMove: 0
07-14 12:01:43.768 D/DB      ( 3494): moveToPos: 1
07-14 12:01:43.768 I/TransInfo( 3494): TransInfo created, id: 3, class: class com.pekall.emdm.transaction.b.c
07-14 12:01:43.768 D/NetworkThread( 3494): [null:-1]->----isRunning-----true
07-14 12:01:43.768 D/NetworkThread( 3494): [null:-1]->----isRunning-----true
07-14 12:01:43.768 D/NetworkThread( 3494): [null:-1]->thread wakeup
07-14 12:01:43.768 D/HttpClient( 3494): enable apache.http debug
07-14 12:01:43.776 V/DEBUG   ( 3494): HTTP 0
07-14 12:01:44.323 V/DEBUG   ( 3494): HTTP 1
07-14 12:01:44.385 D/dalvikvm( 3494): GC_CONCURRENT freed 2102K, 29% free 16958K/23728K, paused 11ms+10ms, total 72ms
07-14 12:01:44.385 D/dalvikvm( 3494): WAIT_FOR_CONCURRENT_GC blocked 57ms
07-14 12:01:44.385 D/MdmDatabaseHelper( 3494): [null:-1]->update command 8a80888e4732aed50147330887b90430 to status executed
07-14 12:01:44.408 D/NetworkThread( 3494): [null:-1]->queue is empty, thread wait...
07-14 12:01:44.487 D/MdmService( 3494): [null:-1]->handleCheckInResult
07-14 12:01:44.487 D/MdmService( 3494): [null:-1]->handleCheckInResult result keyIndex: 3
07-14 12:01:44.487 D/HandleCommandTask( 3494): [null:-1]->execute command msg but beanBase is null
07-14 12:01:44.487 D/MdmStatusManager( 3494): [null:-1]->change status to : Idle
07-14 12:01:45.369 I/PowerManagerService(  374): Going to sleep due to screen timeout...
07-14 12:01:45.612 D/PushService( 1958): [null:-1]->receiver action :com.pekall.mdm.action.PUSH_ALARM
07-14 12:01:45.619 D/PushService( 1958): [null:-1]->keepAliveWithPushServer client is opened:true
07-14 12:01:45.619 D/PushLib : ( 1958): [null:-1]->ping!!!!!!!!!
07-14 12:01:45.627 D/PushLib : ( 1958): [null:-1]->pushClient is :not null
07-14 12:01:45.627 D/PushLib : ( 1958): [null:-1]->pushClient opened : opened
07-14 12:01:46.190 D/SurfaceFlinger(  124): Screen released, type=0 flinger=0x41e1a478
07-14 12:01:46.330 D/dalvikvm(  374): GC_FOR_ALLOC freed 659K, 16% free 18951K/22308K, paused 84ms, total 84ms
07-14 12:01:46.416 D/dalvikvm(  374): GC_FOR_ALLOC freed 758K, 17% free 18565K/22308K, paused 78ms, total 78ms
07-14 12:01:46.416 D/MdmApplication( 3494): [null:-1]->onActivityPaused document.activity.CompanyDocActivity , mActivityCount = 1
07-14 12:01:46.416 D/MDM :   ( 3494): [null:-1]->query
07-14 12:01:46.416 D/MDM :   ( 3494): [null:-1]->QUERY_PINCODE_CHECK_RESULT
07-14 12:01:46.424 E/Mdm     ( 3494): Call Mdm service's setLastExitTime function
07-14 12:01:46.463 D/BaseFragment( 3494): [null:-1]->fragment is on stop 
07-14 12:01:46.510 D/NfcService(  582): NFC-C OFF, disconnect
07-14 12:01:46.674 D/dalvikvm(  636): GC_CONCURRENT freed 1134K, 10% free 12628K/13972K, paused 12ms+6ms, total 99ms
07-14 12:01:46.744 D/MDM :   ( 3494): [null:-1]->query
07-14 12:01:46.744 D/MDM :   ( 3494): [null:-1]->QUERY_SETTING_PIN_ONOFF
07-14 12:01:49.830 D/JOBS    ( 1958): Thread-181: load factor check. true = (0 < 1)|| (0 * 3 < 0 + 0). consumer thread: true
07-14 12:01:49.830 D/JOBS    ( 1958): didn't allow me to die, re-running Thread-181
07-14 12:01:49.830 D/JOBS    ( 1958): re-running consumer Thread-181
07-14 12:01:50.635 D/PushLib : ( 1958): [null:-1]->MSG_WEBSOCKET_PONG
07-14 12:01:51.369 V/KeyguardHostView(  374): hide transport, gen:7
