07-14 11:51:18.382 D/BackupManagerService(  374): Now staging backup of com.google.android.gm
07-14 11:51:18.382 I/BackupManagerService(  374): Scheduling backup for new app com.google.android.calendar
07-14 11:51:18.382 D/BackupManagerService(  374): Now staging backup of com.google.android.calendar
07-14 11:51:18.390 V/BackupManagerService(  374): Registering transport android/com.android.internal.backup.LocalTransport = com.android.internal.backup.LocalTransport@42bc2378
07-14 11:51:18.390 V/BackupManagerService(  374): Starting with transport com.google.android.backup/.BackupTransportService
07-14 11:51:18.390 V/BackupManagerService(  374): Binding to Google transport
07-14 11:51:18.398 I/BackupManagerService(  374): Found stale backup journal, scheduling
07-14 11:51:18.398 I/BackupManagerService(  374):   com.google.android.browser
07-14 11:51:18.398 I/BackupManagerService(  374):   com.android.sharedstoragebackup
07-14 11:51:18.398 I/BackupManagerService(  374):   com.google.android.marvin.talkback
07-14 11:51:18.398 I/BackupManagerService(  374):   com.google.android.inputmethod.latin
07-14 11:51:18.398 I/BackupManagerService(  374):   com.android.providers.settings
07-14 11:51:18.398 I/BackupManagerService(  374):   com.betterapps.dashclock
07-14 11:51:18.398 I/BackupManagerService(  374):   com.google.android.gallery3d
07-14 11:51:18.398 I/BackupManagerService(  374):   com.google.android.talk
07-14 11:51:18.398 I/BackupManagerService(  374):   com.android.nfc
07-14 11:51:18.398 I/BackupManagerService(  374):   net.nurik.roman.dashclock
07-14 11:51:18.398 I/BackupManagerService(  374):   com.android.providers.userdictionary
07-14 11:51:18.398 I/BackupManagerService(  374):   android
07-14 11:51:18.398 I/BackupManagerService(  374):   com.android.vending
07-14 11:51:18.398 I/BackupManagerService(  374):   com.google.android.gm
07-14 11:51:18.398 I/BackupManagerService(  374):   com.google.android.calendar
07-14 11:51:18.398 I/BackupManagerService(  374): Backup enabled => false
07-14 11:51:18.398 I/BackupManagerService(  374): Opting out of backup
07-14 11:51:18.398 I/SystemServer(  374): AppWidget Service
07-14 11:51:18.406 I/SystemServer(  374): Recognition Service
07-14 11:51:18.406 I/SystemServer(  374): DiskStats Service
07-14 11:51:18.406 I/SystemServer(  374): SamplingProfiler Service
07-14 11:51:18.406 I/SystemServer(  374): NetworkTimeUpdateService
07-14 11:51:18.406 I/SystemServer(  374): CommonTimeManagementService
07-14 11:51:18.406 I/SystemServer(  374): CertBlacklister
07-14 11:51:18.406 I/SystemServer(  374): Dreams Service
07-14 11:51:18.406 I/SystemServer(  374): IdleMaintenanceService
07-14 11:51:18.500 I/ActivityManager(  374): System now ready
07-14 11:51:18.507 I/SystemServer(  374): Making services ready
07-14 11:51:18.539 I/ActivityManager(  374): Start proc com.android.systemui for service com.android.systemui/.SystemUIService: pid=450 uid=10053 gids={50053, 1028, 1015, 3002, 3001}
07-14 11:51:18.539 D/NetworkManagementService(  374): enabling bandwidth control
07-14 11:51:18.539 W/MountService(  374): Duplicate state transition (mounted -> mounted) for /storage/emulated/0
07-14 11:51:18.617 D/SystemUIService(  450): loading: class com.android.systemui.statusbar.phone.PhoneStatusBar
07-14 11:51:18.632 D/SystemUIService(  450): running: com.android.systemui.statusbar.phone.PhoneStatusBar@4280b988
07-14 11:51:18.664 I/StatusBarManagerService(  374): registerStatusBar bar=com.android.internal.statusbar.IStatusBar$Stub$Proxy@42b82468
07-14 11:51:19.117 I/ActivityManager(  374): Start proc android.process.media for broadcast com.android.providers.media/.MtpReceiver: pid=504 uid=10015 gids={50015, 1015, 1023, 1024, 1028, 2001, 3003, 3007}
07-14 11:51:19.117 I/ActivityManager(  374): Config changes=200 {1.0 ?mcc?mnc zh_CN ldltr sw360dp w360dp h567dp 320dpi nrml port finger -keyb/v/h -nav/h s.4}
07-14 11:51:19.164 I/ActivityManager(  374): Start proc com.android.phasebeam for service com.android.phasebeam/.PhaseBeamWallpaper: pid=511 uid=10046 gids={50046, 1028}
07-14 11:51:19.164 W/InputMethodManagerService(  374): Ignoring setImeWindowStatus of uid 1000 token: null
07-14 11:51:19.328 I/ActivityManager(  374): Start proc com.google.android.inputmethod.latin for service com.google.android.inputmethod.latin/com.android.inputmethod.latin.LatinIME: pid=531 uid=10033 gids={50033, 3003, 1015, 1028}
07-14 11:51:19.328 V/InputMethodManagerService(  374): Adding window token: android.os.Binder@42da55e0
07-14 11:51:19.429 I/ActivityManager(  374): Start proc android.process.acore for content provider com.android.providers.contacts/.ContactsProvider2: pid=550 uid=10000 gids={50000, 3003, 1015, 1028}
07-14 11:51:19.437 D/PhoneStatusBar(  450): disable: < expand icons alerts ticker system_info back home recent clock search >
07-14 11:51:19.500 I/ActivityManager(  374): Start proc com.google.process.location for service com.google.android.location/.NetworkLocationService: pid=563 uid=10009 gids={50009, 3003, 1007, 1028, 1015, 1006, 2001, 3006}
07-14 11:51:19.531 E/LocationManagerService(  374): no geofence provider found
07-14 11:51:19.601 I/ActivityManager(  374): Start proc com.android.phone for added application com.android.phone: pid=577 uid=1001 gids={41001, 3002, 3001, 3003, 1015, 1028}
07-14 11:51:19.617 I/ActivityManager(  374): Start proc com.android.nfc for added application com.android.nfc: pid=582 uid=1027 gids={41027, 3002, 3001, 1015, 1028}
07-14 11:51:19.625 I/ActivityManager(  374): START u0 {act=android.intent.action.MAIN cat=[android.intent.category.HOME] flg=0x10000000 cmp=com.android.launcher/com.android.launcher2.Launcher} from pid 0
07-14 11:51:19.656 I/ActivityManager(  374): Start proc com.android.launcher for activity com.android.launcher/com.android.launcher2.Launcher: pid=595 uid=10034 gids={50034, 1028}
07-14 11:51:19.937 I/ActivityManager(  374): Start proc com.google.process.gapps for content provider com.google.android.gsf/.settings.GoogleSettingsProvider: pid=624 uid=10009 gids={50009, 3003, 1007, 1028, 1015, 1006, 2001, 3006}
07-14 11:51:19.992 I/ActivityManager(  374): Start proc com.qihoo360.mobilesafe:GuardService for broadcast com.qihoo360.mobilesafe/.receiver.NetStatReceiver: pid=636 uid=10072 gids={50072, 3003, 1015, 3001, 3002, 1006, 1028}
07-14 11:51:20.000 D/SystemUIService(  450): loading: class com.android.systemui.power.PowerUI
07-14 11:51:20.000 D/SystemUIService(  450): running: com.android.systemui.power.PowerUI@42a5e608
07-14 11:51:20.000 D/SystemUIService(  450): loading: class com.android.systemui.media.RingtonePlayer
07-14 11:51:20.000 D/SystemUIService(  450): running: com.android.systemui.media.RingtonePlayer@42a5f238
07-14 11:51:20.007 D/SystemUIService(  450): loading: class com.android.systemui.settings.SettingsUI
07-14 11:51:20.007 D/SystemUIService(  450): running: com.android.systemui.settings.SettingsUI@42a60550
07-14 11:51:20.085 I/ActivityManager(  374): Start proc com.android.nfc:handover for service com.android.nfc/.handover.HandoverService: pid=652 uid=1027 gids={41027, 3002, 3001, 1015, 1028}
07-14 11:51:20.359 V/BackupManagerService(  374): Connected to Google transport
07-14 11:51:20.359 V/BackupManagerService(  374): Registering transport com.google.android.backup/.BackupTransportService = com.google.android.backup.BackupTransportService$1@42c04aa0
07-14 11:51:20.406 W/ActivityManager(  374): Unable to start service Intent { act=com.android.internal.telephony.IWapPushManager } U=0: not found
07-14 11:51:22.054 W/WindowManager(  374): Window freeze timeout expired.
07-14 11:51:22.054 W/WindowManager(  374): Force clearing orientation change: Window{42d6ce30 u0 NavigationBar}
07-14 11:51:22.054 W/WindowManager(  374): Force clearing orientation change: Window{42db9988 u0 StatusBar}
07-14 11:51:22.085 I/ActivityManager(  374): Start proc com.android.settings for broadcast com.android.settings/.widget.SettingsAppWidgetProvider: pid=762 uid=1000 gids={41000, 1015, 1028, 3002, 3001, 3003, 3007}
07-14 11:51:22.398 D/PhoneStatusBar(  450): disable: < expand icons alerts ticker system_info BACK* HOME* RECENT* CLOCK* search >
07-14 11:51:22.437 D/ConnectivityService(  374): Captive portal check NetworkInfo: type: WIFI[], state: CONNECTING/CAPTIVE_PORTAL_CHECK, reason: (unspecified), extra: "pekall_work", roaming: false, failover: false, isAvailable: true
07-14 11:51:22.453 D/ConnectivityService(  374): ConnectivityChange for WIFI: CONNECTED/CONNECTED
07-14 11:51:22.476 I/WifiService(  374): WifiService trying to set country code to cn with persist set to true
07-14 11:51:22.484 D/Nat464Xlat(  374): requiresClat: netType=1, hasIPv4Address=true
07-14 11:51:22.500 I/ActivityManager(  374): Config changes=1403 {1.0 460mcc1mnc zh_CN ldltr sw360dp w360dp h567dp 320dpi nrml port finger -keyb/v/h -nav/h s.5}
07-14 11:51:22.890 W/ContextImpl(  762): Calling a method in the system process without a qualified user: android.app.ContextImpl.bindService:1439 android.content.ContextWrapper.bindService:496 android.bluetooth.BluetoothInputDevice.<init>:240 android.bluetooth.BluetoothAdapter.getProfileProxy:1168 com.android.settings.bluetooth.LocalBluetoothAdapter.getProfileProxy:94 
07-14 11:51:22.906 W/ContextImpl(  762): Calling a method in the system process without a qualified user: android.app.ContextImpl.bindService:1439 android.content.ContextWrapper.bindService:496 android.bluetooth.BluetoothPan.<init>:141 android.bluetooth.BluetoothAdapter.getProfileProxy:1171 com.android.settings.bluetooth.PanProfile.<init>:73 
07-14 11:51:22.914 W/ContextImpl(  762): Calling a method in the system process without a qualified user: android.app.ContextImpl.bindService:1439 android.content.ContextWrapper.bindService:496 android.bluetooth.BluetoothPbap.<init>:161 com.android.settings.bluetooth.PbapServerProfile.<init>:68 com.android.settings.bluetooth.LocalBluetoothProfileManager.<init>:124 
07-14 11:51:23.054 I/ActivityManager(  374): Start proc com.google.android.apps.maps for broadcast com.google.android.apps.maps/com.google.android.location.internal.NlpNetworkProviderSettingsUpdateReceiver: pid=811 uid=10038 gids={50038, 3003, 1015, 1028}
07-14 11:51:24.000 I/ActivityManager(  374): Start proc com.google.android.apps.maps:GoogleLocationService for service com.google.android.apps.maps/com.google.android.location.internal.server.GoogleLocationService: pid=835 uid=10038 gids={50038, 3003, 1015, 1028}
07-14 11:51:24.023 I/ActivityManager(  374): Start proc com.google.android.gms for broadcast com.google.android.gms/com.google.android.location.internal.NlpNetworkProviderSettingsUpdateReceiver: pid=840 uid=10009 gids={50009, 3003, 1007, 1028, 1015, 1006, 2001, 3006}
07-14 11:51:24.226 I/ActivityManager(  374): Start proc com.google.android.browser for content provider com.google.android.browser/com.android.browser.provider.BrowserProvider2: pid=860 uid=10004 gids={50004, 3003, 1015, 1028}
07-14 11:51:24.515 I/ActivityManager(  374): Start proc com.mgyapp.android:xg_service_v2 for broadcast com.mgyapp.android/com.tencent.android.tpush.XGPushReceiver: pid=874 uid=10079 gids={50079, 3003, 1015, 1028, 3002, 1006}
07-14 11:51:25.062 I/WindowManager(  374): Screen frozen for +2s519ms due to AppWindowToken{42d75b90 token=Token{42bc3e70 ActivityRecord{42d83350 u0 com.android.launcher/com.android.launcher2.Launcher}}}
07-14 11:51:27.010 W/ContextImpl(  374): Calling a method in the system process without a qualified user: android.app.ContextImpl.bindService:1439 android.bluetooth.BluetoothHeadset.<init>:273 android.bluetooth.BluetoothAdapter.getProfileProxy:1162 android.media.AudioService.getBluetoothHeadset:2185 android.media.AudioService.access$2800:108 
07-14 11:51:27.018 W/ContextImpl(  374): Calling a method in the system process without a qualified user: android.app.ContextImpl.bindService:1439 android.bluetooth.BluetoothA2dp.<init>:160 android.bluetooth.BluetoothAdapter.getProfileProxy:1165 android.media.AudioService$AudioServiceBroadcastReceiver.onReceive:4082 android.app.LoadedApk$ReceiverDispatcher$Args.run:763 
07-14 11:51:27.151 V/WiredAccessoryManager(  374): init()
07-14 11:51:27.283 I/ActivityManager(  374): Config changes=1400 {1.0 460mcc1mnc zh_CN ldltr sw360dp w360dp h567dp 320dpi nrml port finger -keyb/v/h -nav/h s.6}
07-14 11:51:27.807 I/ActivityManager(  374): Start proc com.google.android.gallery3d for broadcast com.google.android.gallery3d/com.google.android.picasasync.BatteryReceiver: pid=950 uid=10019 gids={50019, 1006, 3003, 1015, 1028}
07-14 11:51:28.018 W/BackupManagerService(  374): dataChanged but no participant pkg='com.android.providers.settings' uid=10079
07-14 11:51:28.315 E/ActivityThread(  636): Failed to find provider info for com.qihoo360.mobilesafe.strongbox.provider
07-14 11:51:28.377 I/ActivityManager(  374): Start proc com.google.android.apps.uploader for broadcast com.google.android.apps.uploader/com.google.android.picasasync.BatteryReceiver: pid=983 uid=10039 gids={50039, 3003, 1015, 1028}
07-14 11:51:28.658 I/ActivityManager(  374): Start proc com.google.android.apps.plus for broadcast com.google.android.apps.plus/.iu.BatteryReceiver: pid=996 uid=10048 gids={50048, 3003, 3002, 1015, 1006, 1028}
07-14 11:51:30.033 W/BackupManagerService(  374): dataChanged but no participant pkg='com.android.providers.settings' uid=10079
07-14 11:51:30.096 W/BackupManagerService(  374): dataChanged but no participant pkg='com.android.providers.settings' uid=10079
07-14 11:51:31.010 I/ActivityManager(  374): Start proc com.qihoo360.mobilesafe:permmgr for service com.qihoo360.mobilesafe/com.qihoo.permmgr.PermService: pid=1031 uid=10072 gids={50072, 3003, 1015, 3001, 3002, 1006, 1028}
07-14 11:51:31.354 I/PowerManagerService(  374): Boot animation finished.
07-14 11:51:31.565 I/ActivityManager(  374): Start proc com.dragon.android.pandaspace for broadcast com.dragon.android.pandaspace/.autodownload.AutoDownloadReceiver: pid=1052 uid=10081 gids={50081, 1015, 3003, 1006, 1028}
07-14 11:51:32.791 I/ActivityManager(  374): Start proc com.google.android.apps.currents for broadcast com.google.android.apps.currents/com.google.apps.dots.android.dotslib.service.MediaButtonIntentReceiver: pid=1105 uid=10011 gids={50011, 3003, 1015, 1028}
07-14 11:51:33.205 D/ActivityThread( 1105): Loading provider com.google.android.apps.currents: com.google.apps.dots.android.currents.provider.CurrentsContentProvider
07-14 11:51:33.307 W/ActivityManager(  374): Unable to start service Intent { act=com.google.android.gms.analytics.service.START (has extras) } U=0: not found
07-14 11:51:33.424 I/ActivityManager(  374): Start proc com.nd.assistance for broadcast com.nd.assistance/.receiver.WifiStateChangeReceiver: pid=1129 uid=10065 gids={50065, 3003, 1015, 1006, 1028}
07-14 11:51:33.830 I/ActivityManager(  374): Start proc com.betterapps.dashclock for broadcast com.betterapps.dashclock/com.google.android.apps.dashclock.WidgetProvider: pid=1146 uid=10071 gids={50071, 1015, 1028, 3003, 3002, 3001}
07-14 11:51:33.916 I/ActivityManager(  374): Start proc net.nurik.roman.dashclock for broadcast net.nurik.roman.dashclock/com.google.android.apps.dashclock.WidgetProvider: pid=1158 uid=10070 gids={50070, 3003, 1028}
07-14 11:51:34.158 I/ActivityManager(  374): Start proc com.android.vending for broadcast com.android.vending/.MarketWidgetProvider: pid=1174 uid=10047 gids={50047, 3003, 1015, 1028}
07-14 11:51:34.510 D/ConnectivityService(  374): ConnectivityChange for mobile: CONNECTED/CONNECTED
07-14 11:51:34.705 I/ActivityManager(  374): Start proc com.android.providers.calendar for content provider com.android.providers.calendar/.CalendarProvider2: pid=1218 uid=10007 gids={50007, 3003, 1015, 1028}
07-14 11:51:34.807 I/ActivityManager(  374): Start proc com.google.android.deskclock for broadcast com.google.android.deskclock/com.android.alarmclock.DigitalAppWidgetProvider: pid=1231 uid=10013 gids={50013, 1028}
07-14 11:51:34.987 I/ActivityManager(  374): Start proc com.google.android.gsf.login for service com.google.android.gms/.recovery.AccountRecoveryBackgroundService: pid=1249 uid=10009 gids={50009, 3003, 1007, 1028, 1015, 1006, 2001, 3006}
07-14 11:51:35.619 I/ActivityManager(  374): Start proc com.android.mms for broadcast com.android.mms/.transaction.MmsSystemEventReceiver: pid=1279 uid=10040 gids={50040, 3003, 1015, 1028}
07-14 11:51:35.721 D/CountryDetector(  374): The first listener is added
07-14 11:51:35.916 D/ConnectivityService(  374): ConnectivityChange for mobile: DISCONNECTED/DISCONNECTED
07-14 11:51:35.916 D/ConnectivityService(  374): Attempting to switch to WIFI
07-14 11:51:35.916 D/ConnectivityService(  374): Attempting to switch to BLUETOOTH_TETHER
07-14 11:51:35.916 D/ConnectivityService(  374): Attempting to switch to ETHERNET
07-14 11:51:35.916 D/Nat464Xlat(  374): requiresClat: netType=0, hasIPv4Address=true
07-14 11:51:36.198 I/ActivityManager(  374): Start proc com.google.android.youtube for broadcast com.google.android.youtube/.app.prefetch.PrefetchService$DeviceStateReceiver: pid=1313 uid=10062 gids={50062, 3003, 1015, 1006, 1028}
07-14 11:51:36.260 W/BackupManagerService(  374): dataChanged but no participant pkg='com.android.providers.settings' uid=10079
07-14 11:51:36.580 W/BackupManagerService(  374): dataChanged but no participant pkg='com.android.providers.settings' uid=10079
07-14 11:51:37.033 W/BackupManagerService(  374): dataChanged but no participant pkg='com.android.providers.settings' uid=10079
07-14 11:51:37.143 W/BackupManagerService(  374): dataChanged but no participant pkg='com.android.providers.settings' uid=10079
07-14 11:51:37.252 W/BackupManagerService(  374): dataChanged but no participant pkg='com.android.providers.settings' uid=10079
07-14 11:51:37.369 W/BackupManagerService(  374): dataChanged but no participant pkg='com.android.providers.settings' uid=10079
07-14 11:51:37.729 I/ActivityManager(  374): Start proc com.pekall.emdm for broadcast com.pekall.emdm/.document.activity.DownLoadDocReceiver: pid=1365 uid=10066 gids={50066, 1015, 3002, 3001, 3003, 1028}
07-14 11:51:37.807 W/BackupManagerService(  374): dataChanged but no participant pkg='com.android.providers.settings' uid=10079
07-14 11:51:37.987 W/BackupManagerService(  374): dataChanged but no participant pkg='com.android.providers.settings' uid=10079
07-14 11:51:38.135 W/BackupManagerService(  374): dataChanged but no participant pkg='com.android.providers.settings' uid=10079
07-14 11:51:38.260 W/ActivityManager(  374): Unable to start service Intent { act=com.google.android.gms.analytics.service.START (has extras) } U=0: not found
07-14 11:51:38.338 W/ActivityManager(  374): Unable to start service Intent { act=com.google.android.gms.analytics.service.START (has extras) } U=0: not found
07-14 11:51:38.424 W/ActivityThread(  624): ClassLoader.loadClass: The class loader returned by Thread.getContextClassLoader() may fail for processes that host multiple applications. You should explicitly specify a context class loader. For example: Thread.setContextClassLoader(getClass().getClassLoader());
07-14 11:51:38.596 D/ConnectivityService(  374): handleInetConditionHoldEnd: net=1, condition=0, published condition=0
07-14 11:51:39.299 I/ActivityManager(  374): Start proc com.dragon.android.pandaspace:bdservice_v1 for broadcast com.dragon.android.pandaspace/com.baidu.android.moplus.MoPlusReceiver: pid=1425 uid=10081 gids={50081, 1015, 3003, 1006, 1028}
07-14 11:51:39.619 I/ActivityManager(  374): Start proc com.google.android.calendar for broadcast com.google.android.calendar/com.android.calendar.widget.CalendarAppWidgetService$CalendarFactory: pid=1455 uid=10006 gids={50006, 3003, 1028}
07-14 11:51:40.158 I/ActivityManager(  374): Start proc com.qihoo360.mobilesafe.opti.powerctl for broadcast com.qihoo360.mobilesafe.opti.powerctl/.receiver.TimeModeReceiver: pid=1486 uid=10080 gids={50080, 3002, 3001, 3003, 1015, 1028}
07-14 11:51:40.369 I/ActivityManager(  374): No longer want com.google.android.apps.maps (pid 811): empty #17
07-14 11:51:40.440 I/ActivityManager(  374): Start proc com.android.dialer for broadcast com.android.dialer/.calllog.CallLogReceiver: pid=1511 uid=10014 gids={50014, 3003, 1015, 1028}
07-14 11:51:40.557 I/BootReceiver(  374): Copying audit failures to DropBox
07-14 11:51:40.705 I/ActivityManager(  374): Start proc com.pekall.emdm:remote for service com.pekall.emdm/com.baidu.location.f: pid=1539 uid=10066 gids={50066, 1015, 3002, 3001, 3003, 1028}
07-14 11:51:40.721 I/ActivityManager(  374): Start proc com.google.android.configupdater for broadcast com.google.android.configupdater/.CertPin.CertPinUpdateRequestReceiver: pid=1545 uid=10010 gids={50010, 3003, 2001, 1028}
07-14 11:51:40.979 D/ConnectivityService(  374): handleInetConditionHoldEnd: net=1, condition=100, published condition=0
07-14 11:51:40.994 D/ActivityThread( 1539): Loading provider com.pekall.semail.provider;com.pekall.semail.notifier: com.pekall.semail.provider.EmailProvider
07-14 11:51:41.057 I/ActivityManager(  374): Start proc com.google.android.email for broadcast com.google.android.email/com.android.email.service.EmailBroadcastReceiver: pid=1594 uid=10016 gids={50016, 3003, 1015, 1028}
07-14 11:51:41.127 D/ActivityThread( 1539): Loading provider com.pekall.semail.provider;com.pekall.semail.notifier: com.pekall.semail.provider.EmailProvider
07-14 11:51:41.213 W/ActivityManager(  374): Unable to start service Intent { cmp=com.pekall.emdm/com.pekall.semail.service.AttachmentDownloadService } U=0: not found
07-14 11:51:41.283 I/ActivityManager(  374): Start proc com.google.android.exchange for service com.google.android.exchange/com.android.exchange.ExchangeService: pid=1618 uid=10017 gids={50017, 3003, 1015, 1028}
07-14 11:51:41.479 I/ActivityManager(  374): Start proc com.google.android.apps.genie.geniewidget for broadcast com.google.android.apps.genie.geniewidget/.miniwidget.MiniWidgetProvider: pid=1637 uid=10020 gids={50020, 3003, 1015, 1028}
07-14 11:51:41.666 I/ActivityManager(  374): Start proc com.google.android.gm for broadcast com.google.android.gm/.GoogleMailDeviceStartupReceiver: pid=1666 uid=10021 gids={50021, 3003, 1015, 1028}
07-14 11:51:41.666 I/ActivityManager(  374): No longer want com.google.android.browser (pid 860): empty #17
07-14 11:51:41.783 I/ActivityManager(  374): No longer want com.nd.assistance (pid 1129): empty #17
07-14 11:51:41.862 W/BackupManagerService(  374): dataChanged but no participant pkg='com.android.providers.settings' uid=10079
07-14 11:51:41.916 I/ActivityManager(  374): Process com.qihoo360.mobilesafe:permmgr (pid 1031) has died.
07-14 11:51:42.033 D/ActivityThread( 1666): Loading provider com.android.gmail.ui: com.google.android.gm.provider.UiProvider
07-14 11:51:42.041 I/ActivityManager(  374): Process com.pekall.emdm:remote (pid 1539) has died.
07-14 11:51:42.166 I/ActivityManager(  374): Start proc com.google.android.onetimeinitializer for broadcast com.google.android.onetimeinitializer/.OneTimeInitializerReceiver: pid=1700 uid=10026 gids={50026, 1028}
07-14 11:51:42.237 I/ActivityManager(  374): Start proc com.google.android.partnersetup for broadcast com.google.android.partnersetup/.GooglePartnerSetup: pid=1720 uid=10027 gids={50027, 3003, 1028}
07-14 11:51:42.252 I/ActivityManager(  374): No longer want com.android.settings (pid 762): empty #17
07-14 11:51:42.260 W/BackupManagerService(  374): dataChanged but no participant pkg='com.android.providers.settings' uid=10079
07-14 11:51:42.346 W/BackupManagerService(  374): dataChanged but no participant pkg='com.android.providers.settings' uid=10079
07-14 11:51:42.440 I/SystemUpdateService(  624): cancelUpdate (empty URL)
07-14 11:51:42.455 I/ActivityManager(  374): Start proc com.google.android.talk for broadcast com.google.android.talk/com.google.android.apps.babel.service.BootReceiver: pid=1743 uid=10030 gids={50030, 3003, 1015, 1006, 3002, 1028}
07-14 11:51:42.526 I/SystemUpdateService(  624): cancelUpdate (empty URL)
07-14 11:51:42.682 W/BackupManagerService(  374): dataChanged but no participant pkg='com.android.providers.settings' uid=10079
07-14 11:51:42.783 W/BackupManagerService(  374): dataChanged but no participant pkg='com.android.providers.settings' uid=10079
07-14 11:51:42.948 W/BackupManagerService(  374): dataChanged but no participant pkg='com.android.providers.settings' uid=10079
07-14 11:51:43.112 I/ActivityManager(  374): No longer want com.google.android.gallery3d (pid 950): empty #17
07-14 11:51:43.143 I/ActivityManager(  374): No longer want com.google.android.apps.uploader (pid 983): empty #17
07-14 11:51:43.174 W/BackupManagerService(  374): dataChanged but no participant pkg='com.android.providers.settings' uid=10079
07-14 11:51:43.276 I/ActivityManager(  374): Start proc com.google.android.apps.maps:FriendService for broadcast com.google.android.apps.maps/com.google.googlenav.friend.android.ServiceReceiver: pid=1773 uid=10038 gids={50038, 3003, 1015, 1028}
07-14 11:51:43.307 W/ActivityManager(  374): Unable to start service Intent { act=com.google.android.gms.analytics.service.START (has extras) } U=0: not found
07-14 11:51:43.408 I/ActivityManager(  374): No longer want com.android.mms (pid 1279): empty #17
07-14 11:51:43.424 D/CountryDetector(  374): No listener is left
07-14 11:51:43.518 I/ActivityManager(  374): No longer want com.google.android.apps.plus (pid 996): empty #17
07-14 11:51:43.541 I/ActivityManager(  374): Start proc com.android.mms for broadcast com.android.mms/.transaction.MmsSystemEventReceiver: pid=1795 uid=10040 gids={50040, 3003, 1015, 1028}
07-14 11:51:43.596 D/CountryDetector(  374): The first listener is added
07-14 11:51:43.666 I/ActivityManager(  374): Start proc com.android.onetimeinitializer for broadcast com.android.onetimeinitializer/.OneTimeInitializerReceiver: pid=1819 uid=10044 gids={50044, 1028}
07-14 11:51:43.698 W/ActivityManager(  374): Unable to start service Intent { cmp=com.google.android.email/com.android.email.service.AttachmentDownloadService } U=0: not found
07-14 11:51:43.744 I/ActivityManager(  374): No longer want com.google.android.youtube (pid 1313): empty #17
07-14 11:51:43.799 W/ActivityManager(  374): Unable to start service Intent { cmp=com.google.android.email/com.android.email.service.AttachmentDownloadService } U=0: not found
07-14 11:51:43.799 W/ActivityManager(  374): Unable to start service Intent { cmp=com.google.android.email/com.android.email.service.AttachmentDownloadService } U=0: not found
07-14 11:51:44.018 I/ActivityManager(  374): Start proc com.google.android.googlequicksearchbox for broadcast com.google.android.googlequicksearchbox/com.google.android.apps.sidekick.StartUpReceiver: pid=1865 uid=10056 gids={50056, 3003, 1028, 1007, 3002, 1015}
07-14 11:51:44.049 I/ActivityManager(  374): No longer want com.qihoo360.mobilesafe.opti.powerctl (pid 1486): empty #17
07-14 11:51:44.549 I/ActivityManager(  374): Start proc com.google.android.youtube for broadcast com.google.android.youtube/.core.transfer.DownloadService$BootReceiver: pid=1904 uid=10062 gids={50062, 3003, 1015, 1006, 1028}
07-14 11:51:44.549 I/ActivityManager(  374): No longer want com.android.dialer (pid 1511): empty #17
07-14 11:51:45.221 I/ActivityManager(  374): Start proc com.pekall.nmefc for broadcast com.pekall.nmefc/.receiver.PushMsgReceiver: pid=1958 uid=10068 gids={50068, 1015, 1028, 3003}
07-14 11:51:45.221 W/ActivityManager(  374): Unable to start service Intent { cmp=com.pekall.emdm/com.pekall.semail.service.AttachmentDownloadService } U=0: not found
07-14 11:51:45.573 I/ActivityManager(  374): Start proc com.mgyapp.android for broadcast com.mgyapp.android/.service.BootReciver: pid=1990 uid=10079 gids={50079, 3003, 1015, 1028, 3002, 1006}
07-14 11:51:46.182 I/ActivityManager(  374): Start proc com.qihoo360.mobilesafe.opti.powerctl for broadcast com.qihoo360.mobilesafe.opti.powerctl/.receiver.BootActionReceiver: pid=2019 uid=10080 gids={50080, 3002, 3001, 3003, 1015, 1028}
07-14 11:51:46.440 I/ActivityManager(  374): Start proc com.qihoo.daemon for broadcast com.qihoo.appstore/com.qihoo.express.mini.receiver.BootReceiver: pid=2037 uid=10064 gids={50064, 3003, 1015, 3002, 1006, 3001, 1028}
07-14 11:51:46.948 I/ActivityManager(  374): Start proc com.qihoo.appstore for service com.qihoo.appstore/.express.DownloadCoreService: pid=2060 uid=10064 gids={50064, 3003, 1015, 3002, 1006, 3001, 1028}
07-14 11:51:47.104 I/ActivityManager(  374): Start proc com.android.settings for broadcast com.android.settings/.widget.SettingsAppWidgetProvider: pid=2080 uid=1000 gids={41000, 1015, 1028, 3002, 3001, 3003, 3007}
07-14 11:51:47.198 W/ContextImpl( 2080): Calling a method in the system process without a qualified user: android.app.ContextImpl.bindService:1439 android.content.ContextWrapper.bindService:496 android.bluetooth.BluetoothInputDevice.<init>:240 android.bluetooth.BluetoothAdapter.getProfileProxy:1168 com.android.settings.bluetooth.LocalBluetoothAdapter.getProfileProxy:94 
07-14 11:51:47.205 W/ContextImpl( 2080): Calling a method in the system process without a qualified user: android.app.ContextImpl.bindService:1439 android.content.ContextWrapper.bindService:496 android.bluetooth.BluetoothPan.<init>:141 android.bluetooth.BluetoothAdapter.getProfileProxy:1171 com.android.settings.bluetooth.PanProfile.<init>:73 
07-14 11:51:47.213 W/ContextImpl( 2080): Calling a method in the system process without a qualified user: android.app.ContextImpl.bindService:1439 android.content.ContextWrapper.bindService:496 android.bluetooth.BluetoothPbap.<init>:161 com.android.settings.bluetooth.PbapServerProfile.<init>:68 com.android.settings.bluetooth.LocalBluetoothProfileManager.<init>:124 
07-14 11:51:47.244 I/ActivityManager(  374): No longer want com.google.android.configupdater (pid 1545): empty #17
07-14 11:51:47.721 W/ActivityManager(  374): Permission denied: checkComponentPermission() owningUid=10009
07-14 11:51:47.721 W/BroadcastQueue(  374): Permission Denial: broadcasting Intent { act=com.google.android.location.internal.server.ACTION_RESTARTED flg=0x10 } from com.google.android.apps.maps (pid=835, uid=10038) is not exported from uid 10009 due to receiver com.google.android.gms/com.google.android.location.reporting.service.ExternalChangeReceiver
07-14 11:51:47.768 I/ActivityManager(  374): Start proc com.google.android.apps.maps for broadcast com.google.android.apps.maps/com.google.android.location.internal.NlpNetworkProviderSettingsUpdateReceiver: pid=2108 uid=10038 gids={50038, 3003, 1015, 1028}
07-14 11:51:47.971 I/ActivityManager(  374): No longer want com.android.providers.calendar (pid 1218): empty #17
07-14 11:51:48.838 I/ActivityManager(  374): Start proc com.android.providers.calendar for content provider com.android.providers.calendar/.CalendarProvider2: pid=2138 uid=10007 gids={50007, 3003, 1015, 1028}
07-14 11:51:49.494 I/ActivityManager(  374): Start proc com.google.android.gallery3d for broadcast com.google.android.gallery3d/com.google.android.picasasync.ConnectivityReceiver: pid=2155 uid=10019 gids={50019, 1006, 3003, 1015, 1028}
07-14 11:51:49.565 W/ActivityManager(  374): Unable to start service Intent { act=com.google.android.gms.analytics.service.START (has extras) } U=0: not found
07-14 11:51:49.744 I/ActivityManager(  374): Start proc com.google.android.apps.uploader for broadcast com.google.android.apps.uploader/com.google.android.picasasync.ConnectivityReceiver: pid=2179 uid=10039 gids={50039, 3003, 1015, 1028}
07-14 11:51:49.815 I/ActivityManager(  374): No longer want com.google.android.onetimeinitializer (pid 1700): empty #17
07-14 11:51:49.830 I/ActivityManager(  374): Start proc com.google.android.apps.plus for broadcast com.google.android.apps.plus/.service.ConnectivityReceiver: pid=2193 uid=10048 gids={50048, 3003, 3002, 1015, 1006, 1028}
07-14 11:51:50.057 I/ActivityManager(  374): No longer want com.google.android.apps.genie.geniewidget (pid 1637): empty #17
07-14 11:51:50.104 I/ActivityManager(  374): No longer want com.google.android.gm (pid 1666): empty #17
07-14 11:51:51.237 I/ActivityManager(  374): No longer want android.process.acore (pid 550): empty #17
07-14 11:51:51.549 I/ActivityManager(  374): Start proc android.process.acore for content provider com.android.providers.contacts/.ContactsProvider2: pid=2221 uid=10000 gids={50000, 3003, 1015, 1028}
07-14 11:51:52.057 I/ActivityManager(  374): Start proc com.google.android.gm for broadcast com.google.android.gm/.MailIntentReceiver: pid=2246 uid=10021 gids={50021, 3003, 1015, 1028}
07-14 11:51:52.151 D/ActivityThread( 2246): Loading provider com.android.gmail.ui: com.google.android.gm.provider.UiProvider
07-14 11:51:52.330 I/ActivityManager(  374): Start proc com.google.android.apps.maps:LocationFriendService for broadcast com.google.android.apps.maps/com.google.googlenav.friend.reporting.LocationReportingIntentReceiver: pid=2264 uid=10038 gids={50038, 3003, 1015, 1028}
07-14 11:51:52.369 I/ActivityManager(  374): No longer want com.google.android.talk (pid 1743): empty #17
07-14 11:51:52.557 I/ActivityManager(  374): Start proc com.google.android.music:main for broadcast com.google.android.music/.store.MediaStoreImportService$Receiver: pid=2282 uid=10041 gids={50041, 3003, 1015, 1028}
07-14 11:51:52.557 I/ActivityManager(  374): No longer want com.android.onetimeinitializer (pid 1819): empty #17
07-14 11:51:52.948 I/ActivityManager(  374): Start proc com.qihoo.root for broadcast com.qihoo.root/.SuRequestReceiver: pid=2304 uid=10078 gids={50078, 1015, 3003, 1028}
07-14 11:51:53.143 I/ActivityManager(  374): START u0 {flg=0x10000000 cmp=com.qihoo.root/.SuRequestActivity (has extras)} from pid 2304
07-14 11:51:53.448 I/WindowManager(  374): Screenshot max retries 4 of Token{42bc3e70 ActivityRecord{42d83350 u0 com.android.launcher/com.android.launcher2.Launcher}} appWin=Window{42d56a50 u0 com.android.launcher/com.android.launcher2.Launcher} drawState=4
07-14 11:51:53.448 W/WindowManager(  374): Screenshot failure taking screenshot for (720x1280) to layer 21000
07-14 11:51:54.627 W/ActivityManager(  374): Unable to start service Intent { act=com.google.android.gms.analytics.service.START (has extras) } U=0: not found
07-14 11:51:54.737 W/ActivityManager(  374): Unable to start service Intent { act=com.google.android.gms.analytics.service.START (has extras) } U=0: not found
07-14 11:51:55.119 I/ActivityManager(  374): No longer want com.google.android.exchange (pid 1618): empty #17
07-14 11:51:56.143 I/ActivityManager(  374): No longer want com.google.android.email (pid 1594): empty #17
07-14 11:51:59.760 W/ActivityManager(  374): Unable to start service Intent { act=com.google.android.gms.analytics.service.START (has extras) } U=0: not found
07-14 11:52:01.354 I/PowerManagerService(  374): Going to sleep due to screen timeout...
07-14 11:52:01.979 I/ActivityManager(  374): No longer want com.google.android.partnersetup (pid 1720): empty #17
07-14 11:52:02.174 I/WindowManager(  374): Lock screen displayed!
07-14 11:52:02.494 I/ActivityManager(  374): Start proc com.qihoo360.mobilesafe:contacts for broadcast com.qihoo360.mobilesafe/com.qihoo360.contacts.skin.engine.SkinAutoDownloadReceiver: pid=2443 uid=10072 gids={50072, 3003, 1015, 3001, 3002, 1006, 1028}
07-14 11:52:03.205 I/WindowManager(  374): Screenshot max retries 4 of Token{42d6f988 ActivityRecord{42a4be08 u0 com.qihoo.root/.SuRequestActivity}} appWin=Window{42d1ab98 u0 com.qihoo.root/com.qihoo.root.SuRequestActivity} drawState=4
07-14 11:52:03.205 W/WindowManager(  374): Screenshot failure taking screenshot for (720x1280) to layer 21005
07-14 11:52:03.830 I/ActivityManager(  374): No longer want com.google.android.deskclock (pid 1231): empty #17
07-14 11:52:03.846 W/ActivityManager(  374): Scheduling restart of crashed service com.google.android.deskclock/com.android.alarmclock.DigitalAppWidgetService in 5000ms
07-14 11:52:03.901 W/ActivityManager(  374): Exception when starting service com.google.android.deskclock/com.android.alarmclock.DigitalAppWidgetService
07-14 11:52:03.901 W/ActivityManager(  374): android.os.DeadObjectException
07-14 11:52:03.901 W/ActivityManager(  374): 	at android.os.BinderProxy.transact(Native Method)
07-14 11:52:03.901 W/ActivityManager(  374): 	at android.app.ApplicationThreadProxy.scheduleCreateService(ApplicationThreadNative.java:821)
07-14 11:52:03.901 W/ActivityManager(  374): 	at com.android.server.am.ActiveServices.realStartServiceLocked(ActiveServices.java:1099)
07-14 11:52:03.901 W/ActivityManager(  374): 	at com.android.server.am.ActiveServices.bringUpServiceLocked(ActiveServices.java:1022)
07-14 11:52:03.901 W/ActivityManager(  374): 	at com.android.server.am.ActiveServices.bindServiceLocked(ActiveServices.java:522)
07-14 11:52:03.901 W/ActivityManager(  374): 	at com.android.server.am.ActivityManagerService.bindService(ActivityManagerService.java:11357)
07-14 11:52:03.901 W/ActivityManager(  374): 	at android.app.ContextImpl.bindServiceAsUser(ContextImpl.java:1465)
07-14 11:52:03.901 W/ActivityManager(  374): 	at com.android.server.AppWidgetServiceImpl.bindRemoteViewsService(AppWidgetServiceImpl.java:755)
07-14 11:52:03.901 W/ActivityManager(  374): 	at com.android.server.AppWidgetService.bindRemoteViewsService(AppWidgetService.java:179)
07-14 11:52:03.901 W/ActivityManager(  374): 	at android.appwidget.AppWidgetManager.bindRemoteViewsService(AppWidgetManager.java:774)
07-14 11:52:03.901 W/ActivityManager(  374): 	at android.widget.RemoteViewsAdapter$RemoteViewsAdapterServiceConnection.bind(RemoteViewsAdapter.java:160)
07-14 11:52:03.901 W/ActivityManager(  374): 	at android.widget.RemoteViewsAdapter.requestBindService(RemoteViewsAdapter.java:1395)
07-14 11:52:03.901 W/ActivityManager(  374): 	at android.widget.RemoteViewsAdapter.<init>(RemoteViewsAdapter.java:874)
07-14 11:52:03.901 W/ActivityManager(  374): 	at android.widget.AbsListView.setRemoteViewsAdapter(AbsListView.java:5912)
07-14 11:52:03.901 W/ActivityManager(  374): 	at android.widget.ListView.setRemoteViewsAdapter(ListView.java:423)
07-14 11:52:03.901 W/ActivityManager(  374): 	at android.widget.RemoteViews$SetRemoteViewsAdapterIntent.apply(RemoteViews.java:613)
07-14 11:52:03.901 W/ActivityManager(  374): 	at android.widget.RemoteViews.performApply(RemoteViews.java:2419)
07-14 11:52:03.901 W/ActivityManager(  374): 	at android.widget.RemoteViews.apply(RemoteViews.java:2378)
07-14 11:52:03.901 W/ActivityManager(  374): 	at android.appwidget.AppWidgetHostView.updateAppWidget(AppWidgetHostView.java:402)
07-14 11:52:03.901 W/ActivityManager(  374): 	at android.appwidget.AppWidgetHost.createView(AppWidgetHost.java:358)
07-14 11:52:03.901 W/ActivityManager(  374): 	at com.android.internal.policy.impl.keyguard.KeyguardHostView.addWidget(KeyguardHostView.java:1120)
07-14 11:52:03.901 W/ActivityManager(  374): 	at com.android.internal.policy.impl.keyguard.KeyguardHostView.addWidgetsFromSettings(KeyguardHostView.java:1272)
07-14 11:52:03.901 W/ActivityManager(  374): 	at com.android.internal.policy.impl.keyguard.KeyguardHostView.onFinishInflate(KeyguardHostView.java:382)
07-14 11:52:03.901 W/ActivityManager(  374): 	at android.view.LayoutInflater.rInflate(LayoutInflater.java:763)
07-14 11:52:03.901 W/ActivityManager(  374): 	at android.view.LayoutInflater.inflate(LayoutInflater.java:492)
07-14 11:52:03.901 W/ActivityManager(  374): 	at android.view.LayoutInflater.inflate(LayoutInflater.java:397)
07-14 11:52:03.901 W/ActivityManager(  374): 	at com.android.internal.policy.impl.keyguard.KeyguardViewManager.inflateKeyguardView(KeyguardViewManager.java:240)
07-14 11:52:03.901 W/ActivityManager(  374): 	at com.android.internal.policy.impl.keyguard.KeyguardViewManager.maybeCreateKeyguardLocked(KeyguardViewManager.java:222)
07-14 11:52:03.901 W/ActivityManager(  374): 	at com.android.internal.policy.impl.keyguard.KeyguardViewManager.reset(KeyguardViewManager.java:326)
07-14 11:52:03.901 W/ActivityManager(  374): 	at com.android.internal.policy.impl.keyguard.KeyguardViewMediator.handleReset(KeyguardViewMediator.java:1389)
07-14 11:52:03.901 W/ActivityManager(  374): 	at com.android.internal.policy.impl.keyguard.KeyguardViewMediator.access$1800(KeyguardViewMediator.java:97)
07-14 11:52:03.901 W/ActivityManager(  374): 	at com.android.internal.policy.impl.keyguard.KeyguardViewMediator$4.handleMessage(KeyguardViewMediator.java:1126)
07-14 11:52:03.901 W/ActivityManager(  374): 	at android.os.Handler.dispatchMessage(Handler.java:99)
07-14 11:52:03.901 W/ActivityManager(  374): 	at android.os.Looper.loop(Looper.java:137)
07-14 11:52:03.901 W/ActivityManager(  374): 	at android.os.HandlerThread.run(HandlerThread.java:61)
07-14 11:52:07.260 W/BackupManagerService(  374): dataChanged but no participant pkg='com.android.providers.settings' uid=10079
07-14 11:52:07.596 W/BackupManagerService(  374): dataChanged but no participant pkg='com.android.providers.settings' uid=10079
07-14 11:52:08.119 I/WindowManager(  374): Screenshot max retries 4 of Token{42bc3e70 ActivityRecord{42d83350 u0 com.android.launcher/com.android.launcher2.Launcher}} appWin=Window{42d56a50 u0 com.android.launcher/com.android.launcher2.Launcher} drawState=4
07-14 11:52:08.119 W/WindowManager(  374): Screenshot failure taking screenshot for (720x1280) to layer 21000
07-14 11:52:08.862 I/ActivityManager(  374): Start proc com.google.android.deskclock for service com.google.android.deskclock/com.android.alarmclock.DigitalAppWidgetService: pid=2502 uid=10013 gids={50013, 1028}
07-14 11:52:10.760 I/ActivityManager(  374): No longer want com.google.android.apps.maps:FriendService (pid 1773): empty #17
07-14 11:52:10.908 I/ActivityManager(  374): No longer want com.google.android.apps.maps (pid 2108): empty #17
07-14 11:52:12.471 W/BackupManagerService(  374): dataChanged but no participant pkg='com.android.providers.settings' uid=10079
07-14 11:52:12.979 W/BackupManagerService(  374): dataChanged but no participant pkg='com.android.providers.settings' uid=10079
07-14 11:52:13.080 W/BackupManagerService(  374): dataChanged but no participant pkg='com.android.providers.settings' uid=10079
07-14 11:52:13.291 W/BackupManagerService(  374): dataChanged but no participant pkg='com.android.providers.settings' uid=10079
07-14 11:52:13.479 W/BackupManagerService(  374): dataChanged but no participant pkg='com.android.providers.settings' uid=10079
07-14 11:52:13.541 W/BackupManagerService(  374): dataChanged but no participant pkg='com.android.providers.settings' uid=10079
07-14 11:52:13.721 W/BackupManagerService(  374): dataChanged but no participant pkg='com.android.providers.settings' uid=10079
07-14 11:52:13.908 W/BackupManagerService(  374): dataChanged but no participant pkg='com.android.providers.settings' uid=10079
07-14 11:52:13.932 W/BackupManagerService(  374): dataChanged but no participant pkg='com.android.providers.settings' uid=10079
07-14 11:52:14.002 W/BackupManagerService(  374): dataChanged but no participant pkg='com.android.providers.settings' uid=10079
07-14 11:52:14.049 W/BackupManagerService(  374): dataChanged but no participant pkg='com.android.providers.settings' uid=10079
07-14 11:52:14.143 I/ActivityManager(  374): No longer want com.android.settings (pid 2080): empty #17
07-14 11:52:14.174 W/BackupManagerService(  374): dataChanged but no participant pkg='com.android.providers.settings' uid=10079
07-14 11:52:14.213 W/BackupManagerService(  374): dataChanged but no participant pkg='com.android.providers.settings' uid=10079
07-14 11:52:14.283 W/BackupManagerService(  374): dataChanged but no participant pkg='com.android.providers.settings' uid=10079
07-14 11:52:14.315 W/BackupManagerService(  374): dataChanged but no participant pkg='com.android.providers.settings' uid=10079
07-14 11:52:14.385 W/BackupManagerService(  374): dataChanged but no participant pkg='com.android.providers.settings' uid=10079
07-14 11:52:14.432 W/BackupManagerService(  374): dataChanged but no participant pkg='com.android.providers.settings' uid=10079
07-14 11:52:14.948 W/BackupManagerService(  374): dataChanged but no participant pkg='com.android.providers.settings' uid=10079
07-14 11:52:15.291 W/BackupManagerService(  374): dataChanged but no participant pkg='com.android.providers.settings' uid=10079
07-14 11:52:15.596 W/BackupManagerService(  374): dataChanged but no participant pkg='com.android.providers.settings' uid=10079
07-14 11:52:15.823 W/BackupManagerService(  374): dataChanged but no participant pkg='com.android.providers.settings' uid=10079
07-14 11:52:16.080 W/BackupManagerService(  374): dataChanged but no participant pkg='com.android.providers.settings' uid=10079
07-14 11:52:16.127 W/BackupManagerService(  374): dataChanged but no participant pkg='com.android.providers.settings' uid=10079
07-14 11:52:16.190 W/BackupManagerService(  374): dataChanged but no participant pkg='com.android.providers.settings' uid=10079
07-14 11:52:16.291 W/BackupManagerService(  374): dataChanged but no participant pkg='com.android.providers.settings' uid=10079
07-14 11:52:16.526 W/BackupManagerService(  374): dataChanged but no participant pkg='com.android.providers.settings' uid=10079
07-14 11:52:16.729 W/BackupManagerService(  374): dataChanged but no participant pkg='com.android.providers.settings' uid=10079
07-14 11:52:16.916 W/BackupManagerService(  374): dataChanged but no participant pkg='com.android.providers.settings' uid=10079
07-14 11:52:17.088 W/BackupManagerService(  374): dataChanged but no participant pkg='com.android.providers.settings' uid=10079
07-14 11:52:17.182 W/BackupManagerService(  374): dataChanged but no participant pkg='com.android.providers.settings' uid=10079
07-14 11:52:17.362 W/BackupManagerService(  374): dataChanged but no participant pkg='com.android.providers.settings' uid=10079
07-14 11:52:17.752 W/BackupManagerService(  374): dataChanged but no participant pkg='com.android.providers.settings' uid=10079
07-14 11:52:17.854 W/BackupManagerService(  374): dataChanged but no participant pkg='com.android.providers.settings' uid=10079
07-14 11:52:17.924 W/BackupManagerService(  374): dataChanged but no participant pkg='com.android.providers.settings' uid=10079
07-14 11:52:17.971 W/BackupManagerService(  374): dataChanged but no participant pkg='com.android.providers.settings' uid=10079
07-14 11:52:18.401 W/BackupManagerService(  374): dataChanged but no participant pkg='com.android.providers.settings' uid=10079
07-14 11:52:18.448 W/BackupManagerService(  374): dataChanged but no participant pkg='com.android.providers.settings' uid=10079
07-14 11:52:18.666 W/BackupManagerService(  374): dataChanged but no participant pkg='com.android.providers.settings' uid=10079
07-14 11:52:18.963 W/BackupManagerService(  374): dataChanged but no participant pkg='com.android.providers.settings' uid=10079
07-14 11:52:19.049 W/BackupManagerService(  374): dataChanged but no participant pkg='com.android.providers.settings' uid=10079
07-14 11:52:19.252 W/BackupManagerService(  374): dataChanged but no participant pkg='com.android.providers.settings' uid=10079
07-14 11:52:19.416 W/BackupManagerService(  374): dataChanged but no participant pkg='com.android.providers.settings' uid=10079
07-14 11:52:19.627 W/BackupManagerService(  374): dataChanged but no participant pkg='com.android.providers.settings' uid=10079
07-14 11:52:19.760 W/BackupManagerService(  374): dataChanged but no participant pkg='com.android.providers.settings' uid=10079
07-14 11:52:19.815 W/BackupManagerService(  374): dataChanged but no participant pkg='com.android.providers.settings' uid=10079
--------- beginning of /dev/log/main
07-14 11:52:20.838 D/dalvikvm( 1425): GC_FOR_ALLOC freed 47K, 5% free 10259K/10728K, paused 28ms, total 31ms
07-14 11:52:20.838 D/dalvikvm(  636): GC_FOR_ALLOC freed 505K, 8% free 12332K/13300K, paused 52ms, total 52ms
07-14 11:52:20.908 D/dalvikvm( 1425): GC_FOR_ALLOC freed 319K, 6% free 10252K/10804K, paused 27ms, total 28ms
07-14 11:52:20.948 D/dalvikvm( 1425): GC_FOR_ALLOC freed 161K, 5% free 10279K/10804K, paused 25ms, total 25ms
07-14 11:52:20.971 D/dalvikvm( 1425): GC_FOR_ALLOC freed 162K, 6% free 10246K/10804K, paused 26ms, total 26ms
07-14 11:52:21.174 D/dalvikvm( 1425): GC_FOR_ALLOC freed 435K, 7% free 10048K/10804K, paused 28ms, total 30ms
07-14 11:52:21.369 W/ResponseProcessCookies( 1425): Invalid cookie header: "Set-Cookie: BAIDUID=07467182F55570E19EEB9F8B8DF4BAD2:FG=1; max-age=31536000; expires=Tue, 14-Jul-15 03:52:21 GMT; domain=.baidu.com; path=/; version=1". Unable to parse expires attribute: Tue
07-14 11:52:21.377 W/ResponseProcessCookies( 1425): Invalid cookie header: "Set-Cookie: NBID=07467182F55570E1D7777CF0CE34336A:FG=1; max-age=2592000; expires=Wed, 13-Aug-14 03:52:21 GMT; domain=.baidu.com; path=/; version=1". Unable to parse expires attribute: Wed
07-14 11:52:21.682 D/dalvikvm( 1425): GC_CONCURRENT freed 386K, 7% free 10068K/10804K, paused 4ms+2ms, total 30ms
07-14 11:52:21.682 D/dalvikvm( 1425): WAIT_FOR_CONCURRENT_GC blocked 16ms
07-14 11:52:22.315 D/dalvikvm( 1425): GC_FOR_ALLOC freed 371K, 8% free 10001K/10804K, paused 25ms, total 25ms
07-14 11:52:22.994 D/dalvikvm( 1425): GC_FOR_ALLOC freed 358K, 8% free 10003K/10804K, paused 35ms, total 35ms
07-14 11:52:23.401 D/dalvikvm( 1425): GC_FOR_ALLOC freed 343K, 8% free 10006K/10804K, paused 25ms, total 25ms
07-14 11:52:23.760 W/BackupManagerService(  374): dataChanged but no participant pkg='com.android.providers.settings' uid=10079
07-14 11:52:23.971 D/dalvikvm( 1425): GC_FOR_ALLOC freed 380K, 8% free 10008K/10804K, paused 24ms, total 24ms
07-14 11:52:25.080 D/dalvikvm(  636): GC_EXPLICIT freed 349K, 10% free 12111K/13348K, paused 5ms+5ms, total 78ms
07-14 11:52:25.276 D/dalvikvm( 1425): GC_CONCURRENT freed 382K, 8% free 10020K/10804K, paused 4ms+4ms, total 35ms
07-14 11:52:25.276 D/dalvikvm( 1425): WAIT_FOR_CONCURRENT_GC blocked 25ms
