07-14 12:19:52.823 W/ResourceType(  595): No known package when getting name for resource number 0x9c020002
07-14 12:19:52.846 W/ResourceType(  595): No known package when getting name for resource number 0x9c030000
07-14 12:19:52.869 W/ResourceType(  595): No known package when getting name for resource number 0x9c020000
07-14 12:19:52.869 W/ResourceType(  595): No known package when getting name for resource number 0x9c020002
07-14 12:19:52.893 W/ResourceType(  595): No known package when getting name for resource number 0x9c030000
07-14 12:19:52.908 W/ResourceType(  595): No known package when getting name for resource number 0x9c020000
07-14 12:19:52.908 W/ResourceType(  595): No known package when getting name for resource number 0x9c020002
07-14 12:19:52.932 W/ResourceType(  595): No known package when getting name for resource number 0x9c030000
07-14 12:19:52.955 W/ResourceType(  595): No known package when getting name for resource number 0x9c020000
07-14 12:19:52.955 W/ResourceType(  595): No known package when getting name for resource number 0x9c020002
07-14 12:19:52.979 W/ResourceType(  595): No known package when getting name for resource number 0x9c030000
07-14 12:19:52.994 D/dalvikvm( 4683): GC_CONCURRENT freed 428K, 51% free 658K/1332K, paused 1ms+1ms, total 7ms
07-14 12:19:53.002 W/ResourceType(  595): No known package when getting name for resource number 0x9c020000
07-14 12:19:53.002 W/ResourceType(  595): No known package when getting name for resource number 0x9c020002
07-14 12:19:53.026 W/ResourceType(  595): No known package when getting name for resource number 0x9c030000
07-14 12:19:53.049 W/ResourceType(  595): No known package when getting name for resource number 0x9c020000
07-14 12:19:53.049 W/ResourceType(  595): No known package when getting name for resource number 0x9c020002
07-14 12:19:53.073 W/ResourceType(  595): No known package when getting name for resource number 0x9c030000
07-14 12:19:53.096 W/ResourceType(  595): No known package when getting name for resource number 0x9c020000
07-14 12:19:53.096 W/ResourceType(  595): No known package when getting name for resource number 0x9c020002
07-14 12:19:53.119 W/ResourceType(  595): No known package when getting name for resource number 0x9c030000
07-14 12:19:53.143 W/ResourceType(  595): No known package when getting name for resource number 0x9c020000
07-14 12:19:53.143 W/ResourceType(  595): No known package when getting name for resource number 0x9c020002
07-14 12:19:53.158 W/ResourceType(  595): No known package when getting name for resource number 0x9c030000
07-14 12:19:53.182 W/ResourceType(  595): No known package when getting name for resource number 0x9c020000
07-14 12:19:53.182 W/ResourceType(  595): No known package when getting name for resource number 0x9c020002
07-14 12:19:53.198 W/ResourceType(  595): No known package when getting name for resource number 0x9c030000
07-14 12:19:53.213 D/dalvikvm( 4683): GC_CONCURRENT freed 424K, 51% free 657K/1332K, paused 0ms+1ms, total 7ms
07-14 12:19:53.221 W/ResourceType(  595): No known package when getting name for resource number 0x9c020000
07-14 12:19:53.221 W/ResourceType(  595): No known package when getting name for resource number 0x9c020002
07-14 12:19:53.244 W/ResourceType(  595): No known package when getting name for resource number 0x9c030000
07-14 12:19:53.260 W/ResourceType(  595): No known package when getting name for resource number 0x9c020000
07-14 12:19:53.268 W/ResourceType(  595): No known package when getting name for resource number 0x9c020002
07-14 12:19:53.283 W/ResourceType(  595): No known package when getting name for resource number 0x9c030000
07-14 12:19:53.307 W/ResourceType(  595): No known package when getting name for resource number 0x9c020000
07-14 12:19:53.307 W/ResourceType(  595): No known package when getting name for resource number 0x9c020002
07-14 12:19:53.323 W/ResourceType(  595): No known package when getting name for resource number 0x9c030000
07-14 12:19:53.338 W/ResourceType(  595): No known package when getting name for resource number 0x9c020000
07-14 12:19:53.338 W/ResourceType(  595): No known package when getting name for resource number 0x9c020002
07-14 12:19:53.354 W/ResourceType(  595): No known package when getting name for resource number 0x9c030000
07-14 12:19:53.377 W/ResourceType(  595): No known package when getting name for resource number 0x9c020000
07-14 12:19:53.377 W/ResourceType(  595): No known package when getting name for resource number 0x9c020002
07-14 12:19:53.393 W/ResourceType(  595): No known package when getting name for resource number 0x9c030000
07-14 12:19:53.408 D/dalvikvm( 4683): GC_CONCURRENT freed 428K, 51% free 658K/1332K, paused 0ms+0ms, total 6ms
07-14 12:19:53.416 W/ResourceType(  595): No known package when getting name for resource number 0x9c020000
07-14 12:19:53.416 W/ResourceType(  595): No known package when getting name for resource number 0x9c020002
07-14 12:19:53.432 W/ResourceType(  595): No known package when getting name for resource number 0x9c030000
07-14 12:19:53.455 W/ResourceType(  595): No known package when getting name for resource number 0x9c020000
07-14 12:19:53.455 W/ResourceType(  595): No known package when getting name for resource number 0x9c020002
07-14 12:19:53.471 W/ResourceType(  595): No known package when getting name for resource number 0x9c030000
07-14 12:19:53.487 W/ResourceType(  595): No known package when getting name for resource number 0x9c020000
07-14 12:19:53.487 W/ResourceType(  595): No known package when getting name for resource number 0x9c020002
07-14 12:19:53.510 W/ResourceType(  595): No known package when getting name for resource number 0x9c030000
07-14 12:19:53.526 W/ResourceType(  595): No known package when getting name for resource number 0x9c020000
07-14 12:19:53.526 W/ResourceType(  595): No known package when getting name for resource number 0x9c020002
07-14 12:19:53.541 W/ResourceType(  595): No known package when getting name for resource number 0x9c030000
07-14 12:19:53.565 W/ResourceType(  595): No known package when getting name for resource number 0x9c020000
07-14 12:19:53.565 W/ResourceType(  595): No known package when getting name for resource number 0x9c020002
07-14 12:19:53.580 W/ResourceType(  595): No known package when getting name for resource number 0x9c030000
07-14 12:19:53.596 D/dalvikvm( 4683): GC_CONCURRENT freed 426K, 51% free 657K/1332K, paused 0ms+0ms, total 7ms
07-14 12:19:53.604 W/ResourceType(  595): No known package when getting name for resource number 0x9c020000
07-14 12:19:53.604 W/ResourceType(  595): No known package when getting name for resource number 0x9c020002
07-14 12:19:53.619 W/ResourceType(  595): No known package when getting name for resource number 0x9c030000
07-14 12:19:53.635 W/ResourceType(  595): No known package when getting name for resource number 0x9c020000
07-14 12:19:53.635 W/ResourceType(  595): No known package when getting name for resource number 0x9c020002
07-14 12:19:53.658 W/ResourceType(  595): No known package when getting name for resource number 0x9c030000
07-14 12:19:53.674 W/ResourceType(  595): No known package when getting name for resource number 0x9c020000
07-14 12:19:53.674 W/ResourceType(  595): No known package when getting name for resource number 0x9c020002
07-14 12:19:53.690 W/ResourceType(  595): No known package when getting name for resource number 0x9c030000
07-14 12:19:53.713 W/ResourceType(  595): No known package when getting name for resource number 0x9c020000
07-14 12:19:53.713 W/ResourceType(  595): No known package when getting name for resource number 0x9c020002
07-14 12:19:53.729 W/ResourceType(  595): No known package when getting name for resource number 0x9c030000
07-14 12:19:53.744 W/ResourceType(  595): No known package when getting name for resource number 0x9c020000
07-14 12:19:53.752 W/ResourceType(  595): No known package when getting name for resource number 0x9c020002
07-14 12:19:53.768 W/ResourceType(  595): No known package when getting name for resource number 0x9c030000
07-14 12:19:53.783 D/dalvikvm( 4683): GC_CONCURRENT freed 426K, 51% free 658K/1332K, paused 0ms+1ms, total 7ms
07-14 12:19:53.783 W/ResourceType(  595): No known package when getting name for resource number 0x9c020000
07-14 12:19:53.783 W/ResourceType(  595): No known package when getting name for resource number 0x9c020002
07-14 12:19:53.799 W/ResourceType(  595): No known package when getting name for resource number 0x9c030000
07-14 12:19:53.807 I/PowerManagerService(  374): Going to sleep due to screen timeout...
07-14 12:19:53.815 I/PowerManagerService(  374): Waking up from sleep...
07-14 12:19:53.979 D/dalvikvm( 1052): GC_CONCURRENT freed 268K, 7% free 10405K/11168K, paused 4ms+5ms, total 74ms
07-14 12:19:54.088 D/dalvikvm(  577): GC_CONCURRENT freed 467K, 6% free 9526K/10036K, paused 4ms+21ms, total 88ms
07-14 12:19:54.151 D/NfcService(  582): NFC-C OFF, disconnect
07-14 12:19:54.299 V/KeyguardHostView(  374): hide transport, gen:15
07-14 12:19:54.299 V/KeyguardHostView(  374): music state changed: 0
07-14 12:19:54.338 D/MDM :   ( 3494): [null:-1]->query
07-14 12:19:54.338 D/MDM :   ( 3494): [null:-1]->QUERY_SETTING_PIN_ONOFF
07-14 12:19:54.362 D/PhoneStatusBar(  450): disable: < expand icons alerts ticker system_info back home RECENT* clock search >
07-14 12:19:54.463 D/LightsService(  374): Excessive delay setting light: 67ms
07-14 12:19:54.494 D/dalvikvm(  374): GC_CONCURRENT freed 1551K, 15% free 19816K/23244K, paused 4ms+13ms, total 204ms
07-14 12:19:54.494 D/dalvikvm(  374): WAIT_FOR_CONCURRENT_GC blocked 67ms
07-14 12:19:54.494 D/dalvikvm(  374): WAIT_FOR_CONCURRENT_GC blocked 60ms
07-14 12:19:54.510 V/TAG     (  374): bug 7643792: fitSystemWindows([0,50][0,0])
07-14 12:19:54.588 W/ResourceType(  595): No known package when getting name for resource number 0x9c020000
07-14 12:19:54.612 W/ResourceType(  595): No known package when getting name for resource number 0x9c020002
07-14 12:19:54.721 D/LightsService(  374): Excessive delay setting light: 67ms
07-14 12:19:54.729 W/ResourceType(  595): No known package when getting name for resource number 0x9b000000
07-14 12:19:54.729 W/ResourceType(  595): No known package when getting name for resource number 0x9b010100
07-14 12:19:54.729 W/ResourceType(  595): No known package when getting name for resource number 0x9b030300
07-14 12:19:54.729 W/ResourceType(  595): No known package when getting name for resource number 0x9b040400
07-14 12:19:54.823 D/LightsService(  374): Excessive delay setting light: 102ms
07-14 12:19:54.830 D/dalvikvm(  636): GC_CONCURRENT freed 1147K, 10% free 12630K/13984K, paused 6ms+7ms, total 136ms
07-14 12:19:54.830 D/dalvikvm(  636): WAIT_FOR_CONCURRENT_GC blocked 120ms
07-14 12:19:54.830 D/PhoneStatusBar(  450): disable: < expand icons alerts ticker system_info BACK* HOME* RECENT CLOCK* search >
07-14 12:19:54.877 I/WindowManager(  374): Lock screen displayed!
07-14 12:19:54.971 V/DigitalWidgetViewsFactory( 2502): DigitalWidget sets next alarm string to null
07-14 12:19:55.010 D/LightsService(  374): Excessive delay setting light: 91ms
07-14 12:19:55.385 D/AndroidRuntime( 4755): 
07-14 12:19:55.385 D/AndroidRuntime( 4755): >>>>>> AndroidRuntime START com.android.internal.os.RuntimeInit <<<<<<
07-14 12:19:55.385 D/AndroidRuntime( 4755): CheckJNI is OFF
07-14 12:19:55.401 D/dalvikvm( 4755): Trying to load lib libjavacore.so 0x0
07-14 12:19:55.408 D/dalvikvm( 4755): Added shared lib libjavacore.so 0x0
07-14 12:19:55.424 D/dalvikvm( 4755): Trying to load lib libnativehelper.so 0x0
07-14 12:19:55.424 D/dalvikvm( 4755): Added shared lib libnativehelper.so 0x0
07-14 12:19:55.674 D/AndroidRuntime( 4755): Calling main entry com.qihoo360.powerctl.root.app.App
07-14 12:19:55.674 D/AndroidRuntime( 4755): Shutting down VM
07-14 12:19:55.682 D/dalvikvm( 4755): GC_CONCURRENT freed 114K, 22% free 467K/592K, paused 0ms+1ms, total 4ms
07-14 12:19:55.682 I/AndroidRuntime( 4755): NOTE: attach of thread 'Binder_1' failed
07-14 12:19:55.705 I/QueryController( 4683): Matched selector: UiSelector[DESCRIPTION=滑动区域。] <<==>> [android.view.accessibility.AccessibilityNodeInfo@cc588; boundsInParent: Rect(0, 0 - 720, 756); boundsInScreen: Rect(0, 547 - 720, 1303); packageName: android; className: android.view.View; text: null; contentDescription: 滑动区域。; viewIdResName: android:id/glow_pad_view; checkable: false; checked: false; focusable: false; focused: false; selected: false; clickable: false; longClickable: false; enabled: true; password: false; scrollable: false; [ACTION_SELECT, ACTION_CLEAR_SELECTION, ACTION_ACCESSIBILITY_FOCUS, ACTION_NEXT_AT_MOVEMENT_GRANULARITY, ACTION_PREVIOUS_AT_MOVEMENT_GRANULARITY, ACTION_SET_SELECTION]]
07-14 12:19:55.729 W/GlowPadView(  374): The number of target drawables must be equal to the number of direction descriptions.
07-14 12:19:56.112 D/PhoneStatusBar(  450): disable: < expand icons alerts ticker system_info BACK HOME recent* CLOCK search >
07-14 12:19:56.143 D/NfcService(  582): NFC-C ON
07-14 12:19:56.205 D/PhoneStatusBar(  450): disable: < expand icons alerts ticker system_info back* home* recent clock* search >
07-14 12:19:56.229 W/InputMethodManagerService(  374): Window already focused, ignoring focus gain of: com.android.internal.view.IInputMethodClient$Stub$Proxy@43148dd8 attribute=android.view.inputmethod.EditorInfo@42f627e0, token = android.os.BinderProxy@42ea3d30
07-14 12:19:56.627 V/TAG     (  374): bug 7643792: fitSystemWindows([0,50][0,0])
07-14 12:19:56.690 D/AndroidRuntime( 4778): 
07-14 12:19:56.690 D/AndroidRuntime( 4778): >>>>>> AndroidRuntime START com.android.internal.os.RuntimeInit <<<<<<
07-14 12:19:56.690 D/AndroidRuntime( 4778): CheckJNI is OFF
07-14 12:19:56.705 D/dalvikvm( 4778): Trying to load lib libjavacore.so 0x0
07-14 12:19:56.713 D/dalvikvm( 4778): Added shared lib libjavacore.so 0x0
07-14 12:19:56.729 D/dalvikvm( 4778): Trying to load lib libnativehelper.so 0x0
07-14 12:19:56.729 D/dalvikvm( 4778): Added shared lib libnativehelper.so 0x0
07-14 12:19:56.744 W/ResourceType(  595): No known package when getting name for resource number 0x9c020000
07-14 12:19:56.752 W/ResourceType(  595): No known package when getting name for resource number 0x9c020002
07-14 12:19:56.783 W/ResourceType(  595): No known package when getting name for resource number 0x9c030000
07-14 12:19:56.815 W/ResourceType(  595): No known package when getting name for resource number 0x9b000000
07-14 12:19:56.815 W/ResourceType(  595): No known package when getting name for resource number 0x9b010100
07-14 12:19:56.823 W/ResourceType(  595): No known package when getting name for resource number 0x9b030300
07-14 12:19:56.823 W/ResourceType(  595): No known package when getting name for resource number 0x9b040400
07-14 12:19:56.846 W/ResourceType(  595): No known package when getting name for resource number 0x9c020000
07-14 12:19:56.846 W/ResourceType(  595): No known package when getting name for resource number 0x9c020002
07-14 12:19:56.862 W/ResourceType(  595): No known package when getting name for resource number 0x9c030000
07-14 12:19:56.877 D/dalvikvm( 4683): GC_CONCURRENT freed 384K, 51% free 657K/1332K, paused 2ms+1ms, total 10ms
07-14 12:19:56.901 W/ResourceType(  595): No known package when getting name for resource number 0x9c020000
07-14 12:19:56.901 W/ResourceType(  595): No known package when getting name for resource number 0x9c020002
07-14 12:19:56.916 W/ResourceType(  595): No known package when getting name for resource number 0x9c030000
07-14 12:19:56.940 W/ResourceType(  595): No known package when getting name for resource number 0x9c020000
07-14 12:19:56.948 W/ResourceType(  595): No known package when getting name for resource number 0x9c020002
07-14 12:19:56.963 W/ResourceType(  595): No known package when getting name for resource number 0x9c030000
07-14 12:19:56.987 D/AndroidRuntime( 4778): Calling main entry com.qihoo360.powerctl.root.app.App
07-14 12:19:56.987 D/AndroidRuntime( 4778): Shutting down VM
07-14 12:19:56.994 W/ResourceType(  595): No known package when getting name for resource number 0x9c020000
07-14 12:19:56.994 D/dalvikvm( 4778): GC_CONCURRENT freed 114K, 22% free 467K/592K, paused 0ms+1ms, total 3ms
07-14 12:19:56.994 I/AndroidRuntime( 4778): NOTE: attach of thread 'Binder_1' failed
07-14 12:19:56.994 W/ResourceType(  595): No known package when getting name for resource number 0x9c020002
07-14 12:19:57.010 W/ResourceType(  595): No known package when getting name for resource number 0x9c030000
07-14 12:19:57.033 W/ResourceType(  595): No known package when getting name for resource number 0x9c020000
07-14 12:19:57.033 W/ResourceType(  595): No known package when getting name for resource number 0x9c020002
07-14 12:19:57.049 W/ResourceType(  595): No known package when getting name for resource number 0x9c030000
07-14 12:19:57.073 D/dalvikvm( 4683): GC_CONCURRENT freed 428K, 53% free 636K/1332K, paused 1ms+2ms, total 10ms
07-14 12:19:57.088 W/ResourceType(  595): No known package when getting name for resource number 0x9c020000
07-14 12:19:57.088 W/ResourceType(  595): No known package when getting name for resource number 0x9c020002
07-14 12:19:57.104 W/ResourceType(  595): No known package when getting name for resource number 0x9c030000
07-14 12:19:57.127 W/ResourceType(  595): No known package when getting name for resource number 0x9c020000
07-14 12:19:57.127 W/ResourceType(  595): No known package when getting name for resource number 0x9c020002
07-14 12:19:57.143 W/ResourceType(  595): No known package when getting name for resource number 0x9c030000
07-14 12:19:57.166 W/ResourceType(  595): No known package when getting name for resource number 0x9c020000
07-14 12:19:57.166 W/ResourceType(  595): No known package when getting name for resource number 0x9c020002
07-14 12:19:57.182 W/ResourceType(  595): No known package when getting name for resource number 0x9c030000
07-14 12:19:57.213 W/ResourceType(  595): No known package when getting name for resource number 0x9c020000
07-14 12:19:57.213 W/ResourceType(  595): No known package when getting name for resource number 0x9c020002
07-14 12:19:57.229 W/ResourceType(  595): No known package when getting name for resource number 0x9c030000
07-14 12:19:57.244 W/ResourceType(  595): No known package when getting name for resource number 0x9c020000
07-14 12:19:57.252 W/ResourceType(  595): No known package when getting name for resource number 0x9c020002
07-14 12:19:57.260 W/ResourceType(  595): No known package when getting name for resource number 0x9c030000
07-14 12:19:57.283 D/dalvikvm( 4683): GC_CONCURRENT freed 398K, 51% free 659K/1332K, paused 2ms+1ms, total 9ms
07-14 12:19:57.291 W/ResourceType(  595): No known package when getting name for resource number 0x9c020000
07-14 12:19:57.291 W/ResourceType(  595): No known package when getting name for resource number 0x9c020002
07-14 12:19:57.307 W/ResourceType(  595): No known package when getting name for resource number 0x9c030000
07-14 12:19:57.330 W/ResourceType(  595): No known package when getting name for resource number 0x9c020000
07-14 12:19:57.330 W/ResourceType(  595): No known package when getting name for resource number 0x9c020002
07-14 12:19:57.346 W/ResourceType(  595): No known package when getting name for resource number 0x9c030000
07-14 12:19:57.369 W/ResourceType(  595): No known package when getting name for resource number 0x9c020000
07-14 12:19:57.369 W/ResourceType(  595): No known package when getting name for resource number 0x9c020002
07-14 12:19:57.393 W/ResourceType(  595): No known package when getting name for resource number 0x9c030000
07-14 12:19:57.408 D/dalvikvm(  595): GC_CONCURRENT freed 2202K, 14% free 14824K/17168K, paused 2ms+8ms, total 47ms
07-14 12:19:57.432 W/ResourceType(  595): No known package when getting name for resource number 0x9c020000
07-14 12:19:57.432 W/ResourceType(  595): No known package when getting name for resource number 0x9c020002
07-14 12:19:57.455 W/ResourceType(  595): No known package when getting name for resource number 0x9c030000
07-14 12:19:57.479 W/ResourceType(  595): No known package when getting name for resource number 0x9c020000
07-14 12:19:57.479 W/ResourceType(  595): No known package when getting name for resource number 0x9c020002
07-14 12:19:57.494 W/ResourceType(  595): No known package when getting name for resource number 0x9c030000
07-14 12:19:57.494 D/dalvikvm(  450): GC_CONCURRENT freed 1415K, 11% free 13399K/14936K, paused 4ms+12ms, total 69ms
07-14 12:19:57.510 D/dalvikvm( 4683): GC_CONCURRENT freed 369K, 46% free 720K/1332K, paused 0ms+2ms, total 10ms
07-14 12:19:57.526 W/ResourceType(  595): No known package when getting name for resource number 0x9c020000
07-14 12:19:57.526 W/ResourceType(  595): No known package when getting name for resource number 0x9c020002
07-14 12:19:57.541 W/ResourceType(  595): No known package when getting name for resource number 0x9c030000
07-14 12:19:57.557 W/ResourceType(  595): No known package when getting name for resource number 0x9c020000
07-14 12:19:57.557 W/ResourceType(  595): No known package when getting name for resource number 0x9c020002
07-14 12:19:57.573 W/ResourceType(  595): No known package when getting name for resource number 0x9c030000
07-14 12:19:57.588 W/ResourceType(  595): No known package when getting name for resource number 0x9c020000
07-14 12:19:57.588 W/ResourceType(  595): No known package when getting name for resource number 0x9c020002
07-14 12:19:57.604 W/ResourceType(  595): No known package when getting name for resource number 0x9c030000
07-14 12:19:57.627 W/ResourceType(  595): No known package when getting name for resource number 0x9c020000
07-14 12:19:57.627 W/ResourceType(  595): No known package when getting name for resource number 0x9c020002
07-14 12:19:57.635 W/ResourceType(  595): No known package when getting name for resource number 0x9c030000
07-14 12:19:57.658 W/ResourceType(  595): No known package when getting name for resource number 0x9c020000
07-14 12:19:57.658 W/ResourceType(  595): No known package when getting name for resource number 0x9c020002
07-14 12:19:57.674 W/ResourceType(  595): No known package when getting name for resource number 0x9c030000
07-14 12:19:57.690 D/dalvikvm( 4683): GC_CONCURRENT freed 490K, 51% free 657K/1332K, paused 1ms+1ms, total 8ms
07-14 12:19:57.698 W/ResourceType(  595): No known package when getting name for resource number 0x9c020000
07-14 12:19:57.698 W/ResourceType(  595): No known package when getting name for resource number 0x9c020002
07-14 12:19:57.713 W/ResourceType(  595): No known package when getting name for resource number 0x9c030000
07-14 12:19:57.729 W/ResourceType(  595): No known package when getting name for resource number 0x9c020000
07-14 12:19:57.729 W/ResourceType(  595): No known package when getting name for resource number 0x9c020002
07-14 12:19:57.744 W/ResourceType(  595): No known package when getting name for resource number 0x9c030000
07-14 12:19:57.768 W/ResourceType(  595): No known package when getting name for resource number 0x9c020000
07-14 12:19:57.768 W/ResourceType(  595): No known package when getting name for resource number 0x9c020002
07-14 12:19:57.783 W/ResourceType(  595): No known package when getting name for resource number 0x9c030000
07-14 12:19:57.799 W/ResourceType(  595): No known package when getting name for resource number 0x9c020000
07-14 12:19:57.799 W/ResourceType(  595): No known package when getting name for resource number 0x9c020002
07-14 12:19:57.823 W/ResourceType(  595): No known package when getting name for resource number 0x9c030000
07-14 12:19:57.838 W/ResourceType(  595): No known package when getting name for resource number 0x9c020000
07-14 12:19:57.838 W/ResourceType(  595): No known package when getting name for resource number 0x9c020002
07-14 12:19:57.854 W/ResourceType(  595): No known package when getting name for resource number 0x9c030000
07-14 12:19:57.869 D/dalvikvm( 4683): GC_CONCURRENT freed 426K, 51% free 658K/1332K, paused 0ms+1ms, total 7ms
07-14 12:19:57.877 W/ResourceType(  595): No known package when getting name for resource number 0x9c020000
07-14 12:19:57.877 W/ResourceType(  595): No known package when getting name for resource number 0x9c020002
07-14 12:19:57.893 W/ResourceType(  595): No known package when getting name for resource number 0x9c030000
07-14 12:19:57.916 W/ResourceType(  595): No known package when getting name for resource number 0x9c020000
07-14 12:19:57.916 W/ResourceType(  595): No known package when getting name for resource number 0x9c020002
07-14 12:19:57.932 W/ResourceType(  595): No known package when getting name for resource number 0x9c030000
07-14 12:19:57.948 W/ResourceType(  595): No known package when getting name for resource number 0x9c020000
07-14 12:19:57.948 W/ResourceType(  595): No known package when getting name for resource number 0x9c020002
07-14 12:19:57.963 W/ResourceType(  595): No known package when getting name for resource number 0x9c030000
07-14 12:19:57.987 W/ResourceType(  595): No known package when getting name for resource number 0x9c020000
07-14 12:19:57.987 W/ResourceType(  595): No known package when getting name for resource number 0x9c020002
07-14 12:19:58.002 W/ResourceType(  595): No known package when getting name for resource number 0x9c030000
07-14 12:19:58.018 W/ResourceType(  595): No known package when getting name for resource number 0x9c020000
07-14 12:19:58.018 W/ResourceType(  595): No known package when getting name for resource number 0x9c020002
07-14 12:19:58.033 W/ResourceType(  595): No known package when getting name for resource number 0x9c030000
07-14 12:19:58.049 D/dalvikvm( 4683): GC_CONCURRENT freed 426K, 51% free 657K/1332K, paused 1ms+0ms, total 8ms
07-14 12:19:58.057 W/ResourceType(  595): No known package when getting name for resource number 0x9c020000
07-14 12:19:58.057 W/ResourceType(  595): No known package when getting name for resource number 0x9c020002
07-14 12:19:58.073 W/ResourceType(  595): No known package when getting name for resource number 0x9c030000
07-14 12:19:58.096 W/ResourceType(  595): No known package when getting name for resource number 0x9c020000
07-14 12:19:58.096 W/ResourceType(  595): No known package when getting name for resource number 0x9c020002
07-14 12:19:58.104 W/ResourceType(  595): No known package when getting name for resource number 0x9c030000
07-14 12:19:58.127 W/ResourceType(  595): No known package when getting name for resource number 0x9c020000
07-14 12:19:58.127 W/ResourceType(  595): No known package when getting name for resource number 0x9c020002
07-14 12:19:58.143 W/ResourceType(  595): No known package when getting name for resource number 0x9c030000
07-14 12:19:58.158 W/ResourceType(  595): No known package when getting name for resource number 0x9c020000
07-14 12:19:58.158 W/ResourceType(  595): No known package when getting name for resource number 0x9c020002
07-14 12:19:58.174 W/ResourceType(  595): No known package when getting name for resource number 0x9c030000
07-14 12:19:58.190 W/ResourceType(  595): No known package when getting name for resource number 0x9c020000
07-14 12:19:58.190 W/ResourceType(  595): No known package when getting name for resource number 0x9c020002
07-14 12:19:58.213 W/ResourceType(  595): No known package when getting name for resource number 0x9c030000
07-14 12:19:58.229 D/dalvikvm( 4683): GC_CONCURRENT freed 426K, 51% free 658K/1332K, paused 1ms+0ms, total 8ms
07-14 12:19:58.229 W/ResourceType(  595): No known package when getting name for resource number 0x9c020000
07-14 12:19:58.229 W/ResourceType(  595): No known package when getting name for resource number 0x9c020002
07-14 12:19:58.244 W/ResourceType(  595): No known package when getting name for resource number 0x9c030000
07-14 12:19:58.268 W/ResourceType(  595): No known package when getting name for resource number 0x9c020000
07-14 12:19:58.268 W/ResourceType(  595): No known package when getting name for resource number 0x9c020002
07-14 12:19:58.276 W/ResourceType(  595): No known package when getting name for resource number 0x9c030000
07-14 12:19:58.299 W/ResourceType(  595): No known package when getting name for resource number 0x9c020000
07-14 12:19:58.299 W/ResourceType(  595): No known package when getting name for resource number 0x9c020002
07-14 12:19:58.315 W/ResourceType(  595): No known package when getting name for resource number 0x9c030000
07-14 12:19:58.338 W/ResourceType(  595): No known package when getting name for resource number 0x9c020000
07-14 12:19:58.338 W/ResourceType(  595): No known package when getting name for resource number 0x9c020002
07-14 12:19:58.354 W/ResourceType(  595): No known package when getting name for resource number 0x9c030000
07-14 12:19:58.369 W/ResourceType(  595): No known package when getting name for resource number 0x9c020000
07-14 12:19:58.369 W/ResourceType(  595): No known package when getting name for resource number 0x9c020002
07-14 12:19:58.385 W/ResourceType(  595): No known package when getting name for resource number 0x9c030000
07-14 12:19:58.401 D/dalvikvm( 4683): GC_CONCURRENT freed 426K, 51% free 657K/1332K, paused 1ms+1ms, total 9ms
07-14 12:19:58.408 W/ResourceType(  595): No known package when getting name for resource number 0x9c020000
07-14 12:19:58.408 W/ResourceType(  595): No known package when getting name for resource number 0x9c020002
07-14 12:19:58.424 W/ResourceType(  595): No known package when getting name for resource number 0x9c030000
07-14 12:19:58.448 W/ResourceType(  595): No known package when getting name for resource number 0x9c020000
07-14 12:19:58.448 W/ResourceType(  595): No known package when getting name for resource number 0x9c020002
07-14 12:19:58.463 W/ResourceType(  595): No known package when getting name for resource number 0x9c030000
07-14 12:19:58.479 W/ResourceType(  595): No known package when getting name for resource number 0x9c020000
07-14 12:19:58.479 W/ResourceType(  595): No known package when getting name for resource number 0x9c020002
07-14 12:19:58.502 W/ResourceType(  595): No known package when getting name for resource number 0x9c030000
07-14 12:19:58.518 W/ResourceType(  595): No known package when getting name for resource number 0x9c020000
07-14 12:19:58.518 W/ResourceType(  595): No known package when getting name for resource number 0x9c020002
07-14 12:19:58.533 W/ResourceType(  595): No known package when getting name for resource number 0x9c030000
07-14 12:19:58.557 W/ResourceType(  595): No known package when getting name for resource number 0x9c020000
07-14 12:19:58.557 W/ResourceType(  595): No known package when getting name for resource number 0x9c020002
07-14 12:19:58.573 W/ResourceType(  595): No known package when getting name for resource number 0x9c030000
07-14 12:19:58.588 D/dalvikvm( 4683): GC_CONCURRENT freed 426K, 51% free 657K/1332K, paused 0ms+1ms, total 8ms
07-14 12:19:58.588 W/ResourceType(  595): No known package when getting name for resource number 0x9c020000
07-14 12:19:58.596 W/ResourceType(  595): No known package when getting name for resource number 0x9c020002
07-14 12:19:58.612 W/ResourceType(  595): No known package when getting name for resource number 0x9c030000
07-14 12:19:58.627 W/ResourceType(  595): No known package when getting name for resource number 0x9c020000
07-14 12:19:58.635 W/ResourceType(  595): No known package when getting name for resource number 0x9c020002
07-14 12:19:58.651 W/ResourceType(  595): No known package when getting name for resource number 0x9c030000
07-14 12:19:58.666 W/ResourceType(  595): No known package when getting name for resource number 0x9c020000
07-14 12:19:58.666 W/ResourceType(  595): No known package when getting name for resource number 0x9c020002
07-14 12:19:58.682 W/ResourceType(  595): No known package when getting name for resource number 0x9c030000
07-14 12:19:58.705 W/ResourceType(  595): No known package when getting name for resource number 0x9c020000
07-14 12:19:58.705 W/ResourceType(  595): No known package when getting name for resource number 0x9c020002
07-14 12:19:58.721 W/ResourceType(  595): No known package when getting name for resource number 0x9c030000
07-14 12:19:58.744 W/ResourceType(  595): No known package when getting name for resource number 0x9c020000
07-14 12:19:58.744 W/ResourceType(  595): No known package when getting name for resource number 0x9c020002
07-14 12:19:58.760 W/ResourceType(  595): No known package when getting name for resource number 0x9c030000
07-14 12:19:58.776 D/dalvikvm( 4683): GC_CONCURRENT freed 426K, 51% free 657K/1332K, paused 1ms+1ms, total 7ms
07-14 12:19:58.783 W/ResourceType(  595): No known package when getting name for resource number 0x9c020000
07-14 12:19:58.783 W/ResourceType(  595): No known package when getting name for resource number 0x9c020002
07-14 12:19:58.799 W/ResourceType(  595): No known package when getting name for resource number 0x9c030000
07-14 12:19:58.815 W/ResourceType(  595): No known package when getting name for resource number 0x9c020000
07-14 12:19:58.815 W/ResourceType(  595): No known package when getting name for resource number 0x9c020002
07-14 12:19:58.838 W/ResourceType(  595): No known package when getting name for resource number 0x9c030000
07-14 12:19:58.854 W/ResourceType(  595): No known package when getting name for resource number 0x9c020000
07-14 12:19:58.862 W/ResourceType(  595): No known package when getting name for resource number 0x9c020002
07-14 12:19:58.869 W/ResourceType(  595): No known package when getting name for resource number 0x9c030000
07-14 12:19:58.893 W/ResourceType(  595): No known package when getting name for resource number 0x9c020000
07-14 12:19:58.893 W/ResourceType(  595): No known package when getting name for resource number 0x9c020002
07-14 12:19:58.908 W/ResourceType(  595): No known package when getting name for resource number 0x9c030000
07-14 12:19:58.932 W/ResourceType(  595): No known package when getting name for resource number 0x9c020000
07-14 12:19:58.932 W/ResourceType(  595): No known package when getting name for resource number 0x9c020002
07-14 12:19:58.948 W/ResourceType(  595): No known package when getting name for resource number 0x9c030000
07-14 12:19:58.963 D/dalvikvm( 4683): GC_CONCURRENT freed 426K, 51% free 658K/1332K, paused 1ms+1ms, total 8ms
07-14 12:19:58.971 W/ResourceType(  595): No known package when getting name for resource number 0x9c020000
07-14 12:19:58.971 W/ResourceType(  595): No known package when getting name for resource number 0x9c020002
07-14 12:19:58.987 W/ResourceType(  595): No known package when getting name for resource number 0x9c030000
07-14 12:19:59.010 W/ResourceType(  595): No known package when getting name for resource number 0x9c020000
07-14 12:19:59.010 W/ResourceType(  595): No known package when getting name for resource number 0x9c020002
07-14 12:19:59.026 W/ResourceType(  595): No known package when getting name for resource number 0x9c030000
07-14 12:19:59.041 W/ResourceType(  595): No known package when getting name for resource number 0x9c020000
07-14 12:19:59.049 W/ResourceType(  595): No known package when getting name for resource number 0x9c020002
07-14 12:19:59.057 W/ResourceType(  595): No known package when getting name for resource number 0x9c030000
07-14 12:19:59.080 W/ResourceType(  595): No known package when getting name for resource number 0x9c020000
07-14 12:19:59.080 W/ResourceType(  595): No known package when getting name for resource number 0x9c020002
07-14 12:19:59.096 W/ResourceType(  595): No known package when getting name for resource number 0x9c030000
07-14 12:19:59.119 W/ResourceType(  595): No known package when getting name for resource number 0x9c020000
07-14 12:19:59.119 W/ResourceType(  595): No known package when getting name for resource number 0x9c020002
07-14 12:19:59.135 W/ResourceType(  595): No known package when getting name for resource number 0x9c030000
07-14 12:19:59.143 D/dalvikvm( 4683): GC_CONCURRENT freed 424K, 51% free 657K/1332K, paused 1ms+2ms, total 9ms
07-14 12:19:59.158 W/ResourceType(  595): No known package when getting name for resource number 0x9c020000
07-14 12:19:59.158 W/ResourceType(  595): No known package when getting name for resource number 0x9c020002
07-14 12:19:59.174 W/ResourceType(  595): No known package when getting name for resource number 0x9c030000
07-14 12:19:59.198 W/ResourceType(  595): No known package when getting name for resource number 0x9c020000
07-14 12:19:59.198 W/ResourceType(  595): No known package when getting name for resource number 0x9c020002
07-14 12:19:59.213 W/ResourceType(  595): No known package when getting name for resource number 0x9c030000
07-14 12:19:59.237 W/ResourceType(  595): No known package when getting name for resource number 0x9c020000
07-14 12:19:59.237 W/ResourceType(  595): No known package when getting name for resource number 0x9c020002
07-14 12:19:59.244 W/ResourceType(  595): No known package when getting name for resource number 0x9c030000
07-14 12:19:59.268 W/ResourceType(  595): No known package when getting name for resource number 0x9c020000
07-14 12:19:59.268 W/ResourceType(  595): No known package when getting name for resource number 0x9c020002
07-14 12:19:59.291 W/ResourceType(  595): No known package when getting name for resource number 0x9c030000
07-14 12:19:59.307 W/ResourceType(  595): No known package when getting name for resource number 0x9c020000
07-14 12:19:59.307 W/ResourceType(  595): No known package when getting name for resource number 0x9c020002
07-14 12:19:59.330 W/ResourceType(  595): No known package when getting name for resource number 0x9c030000
07-14 12:19:59.346 D/dalvikvm( 4683): GC_CONCURRENT freed 444K, 52% free 642K/1332K, paused 0ms+0ms, total 7ms
07-14 12:19:59.346 W/ResourceType(  595): No known package when getting name for resource number 0x9c020000
07-14 12:19:59.354 W/ResourceType(  595): No known package when getting name for resource number 0x9c020002
07-14 12:19:59.369 W/ResourceType(  595): No known package when getting name for resource number 0x9c030000
07-14 12:19:59.385 W/ResourceType(  595): No known package when getting name for resource number 0x9c020000
07-14 12:19:59.385 W/ResourceType(  595): No known package when getting name for resource number 0x9c020002
07-14 12:19:59.401 W/ResourceType(  595): No known package when getting name for resource number 0x9c030000
07-14 12:19:59.416 W/ResourceType(  595): No known package when getting name for resource number 0x9c020000
07-14 12:19:59.424 W/ResourceType(  595): No known package when getting name for resource number 0x9c020002
07-14 12:19:59.432 W/ResourceType(  595): No known package when getting name for resource number 0x9c030000
07-14 12:19:59.455 W/ResourceType(  595): No known package when getting name for resource number 0x9c020000
07-14 12:19:59.455 W/ResourceType(  595): No known package when getting name for resource number 0x9c020002
07-14 12:19:59.471 W/ResourceType(  595): No known package when getting name for resource number 0x9c030000
07-14 12:19:59.487 W/ResourceType(  595): No known package when getting name for resource number 0x9c020000
07-14 12:19:59.487 W/ResourceType(  595): No known package when getting name for resource number 0x9c020002
07-14 12:19:59.510 W/ResourceType(  595): No known package when getting name for resource number 0x9c030000
07-14 12:19:59.526 D/dalvikvm( 4683): GC_CONCURRENT freed 408K, 51% free 657K/1332K, paused 1ms+1ms, total 8ms
07-14 12:19:59.533 W/ResourceType(  595): No known package when getting name for resource number 0x9c020000
07-14 12:19:59.533 W/ResourceType(  595): No known package when getting name for resource number 0x9c020002
07-14 12:19:59.549 W/ResourceType(  595): No known package when getting name for resource number 0x9c030000
07-14 12:19:59.573 W/ResourceType(  595): No known package when getting name for resource number 0x9c020000
07-14 12:19:59.573 W/ResourceType(  595): No known package when getting name for resource number 0x9c020002
07-14 12:19:59.588 W/ResourceType(  595): No known package when getting name for resource number 0x9c030000
07-14 12:19:59.612 W/ResourceType(  595): No known package when getting name for resource number 0x9c020000
07-14 12:19:59.612 W/ResourceType(  595): No known package when getting name for resource number 0x9c020002
07-14 12:19:59.627 W/ResourceType(  595): No known package when getting name for resource number 0x9c030000
07-14 12:19:59.643 W/ResourceType(  595): No known package when getting name for resource number 0x9c020000
07-14 12:19:59.651 W/ResourceType(  595): No known package when getting name for resource number 0x9c020002
07-14 12:19:59.666 W/ResourceType(  595): No known package when getting name for resource number 0x9c030000
07-14 12:19:59.682 W/ResourceType(  595): No known package when getting name for resource number 0x9c020000
07-14 12:19:59.682 W/ResourceType(  595): No known package when getting name for resource number 0x9c020002
07-14 12:19:59.698 W/ResourceType(  595): No known package when getting name for resource number 0x9c030000
07-14 12:19:59.713 D/dalvikvm( 4683): GC_CONCURRENT freed 428K, 51% free 658K/1332K, paused 0ms+1ms, total 8ms
07-14 12:19:59.713 W/ResourceType(  595): No known package when getting name for resource number 0x9c020000
07-14 12:19:59.713 W/ResourceType(  595): No known package when getting name for resource number 0x9c020002
07-14 12:19:59.729 W/ResourceType(  595): No known package when getting name for resource number 0x9c030000
07-14 12:19:59.744 W/ResourceType(  595): No known package when getting name for resource number 0x9c020000
07-14 12:19:59.744 W/ResourceType(  595): No known package when getting name for resource number 0x9c020002
07-14 12:19:59.768 W/ResourceType(  595): No known package when getting name for resource number 0x9c030000
07-14 12:19:59.783 W/ResourceType(  595): No known package when getting name for resource number 0x9c020000
07-14 12:19:59.783 W/ResourceType(  595): No known package when getting name for resource number 0x9c020002
07-14 12:19:59.799 W/ResourceType(  595): No known package when getting name for resource number 0x9c030000
07-14 12:19:59.823 W/ResourceType(  595): No known package when getting name for resource number 0x9c020000
07-14 12:19:59.823 W/ResourceType(  595): No known package when getting name for resource number 0x9c020002
07-14 12:19:59.838 W/ResourceType(  595): No known package when getting name for resource number 0x9c030000
07-14 12:19:59.862 W/ResourceType(  595): No known package when getting name for resource number 0x9c020000
07-14 12:19:59.862 W/ResourceType(  595): No known package when getting name for resource number 0x9c020002
07-14 12:19:59.893 W/ResourceType(  595): No known package when getting name for resource number 0x9c030000
07-14 12:19:59.908 D/dalvikvm( 4683): GC_CONCURRENT freed 427K, 51% free 657K/1332K, paused 0ms+1ms, total 9ms
07-14 12:19:59.916 W/ResourceType(  595): No known package when getting name for resource number 0x9c020000
07-14 12:19:59.916 W/ResourceType(  595): No known package when getting name for resource number 0x9c020002
07-14 12:19:59.932 W/ResourceType(  595): No known package when getting name for resource number 0x9c030000
07-14 12:19:59.948 W/ResourceType(  595): No known package when getting name for resource number 0x9c020000
07-14 12:19:59.948 W/ResourceType(  595): No known package when getting name for resource number 0x9c020002
07-14 12:19:59.963 W/ResourceType(  595): No known package when getting name for resource number 0x9c030000
07-14 12:19:59.979 W/ResourceType(  595): No known package when getting name for resource number 0x9c020000
07-14 12:19:59.979 W/ResourceType(  595): No known package when getting name for resource number 0x9c020002
07-14 12:20:00.002 W/ResourceType(  595): No known package when getting name for resource number 0x9c030000
07-14 12:20:00.033 W/ResourceType(  595): No known package when getting name for resource number 0x9c020000
07-14 12:20:00.033 W/ResourceType(  595): No known package when getting name for resource number 0x9c020002
07-14 12:20:00.049 W/ResourceType(  595): No known package when getting name for resource number 0x9c030000
07-14 12:20:00.080 W/ResourceType(  595): No known package when getting name for resource number 0x9c020000
07-14 12:20:00.088 W/ResourceType(  595): No known package when getting name for resource number 0x9c020002
07-14 12:20:00.096 W/ResourceType(  595): No known package when getting name for resource number 0x9c030000
07-14 12:20:00.112 D/dalvikvm( 4683): GC_CONCURRENT freed 426K, 51% free 658K/1332K, paused 1ms+1ms, total 9ms
07-14 12:20:00.127 W/ResourceType(  595): No known package when getting name for resource number 0x9c020000
07-14 12:20:00.127 W/ResourceType(  595): No known package when getting name for resource number 0x9c020002
07-14 12:20:00.143 W/ResourceType(  595): No known package when getting name for resource number 0x9c030000
07-14 12:20:00.174 W/ResourceType(  595): No known package when getting name for resource number 0x9c020000
07-14 12:20:00.174 W/ResourceType(  595): No known package when getting name for resource number 0x9c020002
07-14 12:20:00.190 W/ResourceType(  595): No known package when getting name for resource number 0x9c030000
07-14 12:20:00.221 W/ResourceType(  595): No known package when getting name for resource number 0x9c020000
07-14 12:20:00.221 W/ResourceType(  595): No known package when getting name for resource number 0x9c020002
07-14 12:20:00.237 W/ResourceType(  595): No known package when getting name for resource number 0x9c030000
07-14 12:20:00.299 W/ResourceType(  595): No known package when getting name for resource number 0x9b000000
07-14 12:20:00.299 W/ResourceType(  595): No known package when getting name for resource number 0x9b010100
07-14 12:20:00.299 W/ResourceType(  595): No known package when getting name for resource number 0x9b030300
07-14 12:20:00.307 W/ResourceType(  595): No known package when getting name for resource number 0x9b040400
07-14 12:20:00.862 W/ResourceType(  595): No known package when getting name for resource number 0x9c020000
07-14 12:20:00.862 W/ResourceType(  595): No known package when getting name for resource number 0x9c020002
07-14 12:20:00.877 W/ResourceType(  595): No known package when getting name for resource number 0x9c030000
07-14 12:20:00.893 W/ResourceType(  595): No known package when getting name for resource number 0x9b000000
07-14 12:20:00.893 W/ResourceType(  595): No known package when getting name for resource number 0x9b010100
07-14 12:20:00.893 W/ResourceType(  595): No known package when getting name for resource number 0x9b030300
07-14 12:20:00.893 W/ResourceType(  595): No known package when getting name for resource number 0x9b040400
07-14 12:20:00.908 W/ResourceType(  595): No known package when getting name for resource number 0x9c020000
07-14 12:20:00.908 W/ResourceType(  595): No known package when getting name for resource number 0x9c020002
07-14 12:20:00.924 W/ResourceType(  595): No known package when getting name for resource number 0x9c030000
07-14 12:20:00.932 D/dalvikvm( 4683): GC_CONCURRENT freed 400K, 52% free 641K/1332K, paused 1ms+1ms, total 8ms
07-14 12:20:00.948 W/ResourceType(  595): No known package when getting name for resource number 0x9c020000
07-14 12:20:00.948 W/ResourceType(  595): No known package when getting name for resource number 0x9c020002
07-14 12:20:00.963 W/ResourceType(  595): No known package when getting name for resource number 0x9c030000
07-14 12:20:00.987 W/ResourceType(  595): No known package when getting name for resource number 0x9c020000
07-14 12:20:00.987 W/ResourceType(  595): No known package when getting name for resource number 0x9c020002
07-14 12:20:01.002 W/ResourceType(  595): No known package when getting name for resource number 0x9c030000
07-14 12:20:01.018 W/ResourceType(  595): No known package when getting name for resource number 0x9c020000
07-14 12:20:01.018 W/ResourceType(  595): No known package when getting name for resource number 0x9c020002
07-14 12:20:01.033 W/ResourceType(  595): No known package when getting name for resource number 0x9c030000
07-14 12:20:01.057 W/ResourceType(  595): No known package when getting name for resource number 0x9c020000
07-14 12:20:01.057 W/ResourceType(  595): No known package when getting name for resource number 0x9c020002
07-14 12:20:01.073 W/ResourceType(  595): No known package when getting name for resource number 0x9c030000
07-14 12:20:01.080 D/dalvikvm( 4683): GC_CONCURRENT freed 405K, 51% free 657K/1332K, paused 0ms+0ms, total 6ms
07-14 12:20:01.088 W/ResourceType(  595): No known package when getting name for resource number 0x9c020000
07-14 12:20:01.088 W/ResourceType(  595): No known package when getting name for resource number 0x9c020002
07-14 12:20:01.104 W/ResourceType(  595): No known package when getting name for resource number 0x9c030000
07-14 12:20:01.119 W/ResourceType(  595): No known package when getting name for resource number 0x9c020000
07-14 12:20:01.119 W/ResourceType(  595): No known package when getting name for resource number 0x9c020002
07-14 12:20:01.135 W/ResourceType(  595): No known package when getting name for resource number 0x9c030000
07-14 12:20:01.158 W/ResourceType(  595): No known package when getting name for resource number 0x9c020000
07-14 12:20:01.158 W/ResourceType(  595): No known package when getting name for resource number 0x9c020002
07-14 12:20:01.174 W/ResourceType(  595): No known package when getting name for resource number 0x9c030000
