07-14 12:18:22.799 D/NEWCSVTEST( 3494): 1
07-14 12:18:22.799 D/NEWCSVTEST( 3494): coulmnFirst -->530
07-14 12:18:22.799 D/NEWCSVTEST( 3494): coulmnSecond -->530
07-14 12:18:22.799 D/NEWCSVTEST( 3494): coulmnThrid -->0
07-14 12:18:22.799 D/NEWCSVTEST( 3494): coulmnFourth -->1
07-14 12:18:22.799 D/NEWCSVTEST( 3494): coulmnFiveth -->2
07-14 12:18:22.799 D/NEWCSVTEST( 3494): 2
07-14 12:18:22.799 D/NEWCSVTEST( 3494): coulmnFirst -->530
07-14 12:18:22.799 D/NEWCSVTEST( 3494): coulmnSecond -->3
07-14 12:18:22.799 D/NEWCSVTEST( 3494): coulmnThrid -->0
07-14 12:18:22.799 D/NEWCSVTEST( 3494): coulmnFourth -->1
07-14 12:18:22.799 D/NEWCSVTEST( 3494): coulmnFiveth -->2
07-14 12:18:22.799 D/NEWCSVTEST( 3494): 3
07-14 12:18:22.799 D/MONITOR ( 3494): |   |_THE 1.th CHECK VERSION
07-14 12:18:22.799 D/CsvFile ( 3494): Checking version: 1
07-14 12:18:22.799 D/MONITOR ( 3494): |   |_[ + 1] match title '公司名称'? false
07-14 12:18:22.799 D/CsvFile ( 3494): [ + 1] match title '公司名称'? false
07-14 12:18:22.799 D/MONITOR ( 3494): |   |_[ + 1] match title '公司地址'? false
07-14 12:18:22.799 D/CsvFile ( 3494): [ + 1] match title '公司地址'? false
07-14 12:18:22.799 D/MONITOR ( 3494): |   |_[ + 1] match title '邮编'? false
07-14 12:18:22.799 D/CsvFile ( 3494): [ + 1] match title '邮编'? false
07-14 12:18:22.799 D/MONITOR ( 3494): |   |_[ + 1] match title '电话'? false
07-14 12:18:22.799 D/CsvFile ( 3494): [ + 1] match title '电话'? false
07-14 12:18:22.799 D/MONITOR ( 3494): |   |_[ + 1] match title '传真'? false
07-14 12:18:22.799 D/CsvFile ( 3494): [ + 1] match title '传真'? false
07-14 12:18:22.799 D/MONITOR ( 3494): |   |_THE 2.th CHECK VERSION
07-14 12:18:22.799 D/CsvFile ( 3494): Checking version: 2
07-14 12:18:22.799 D/MONITOR ( 3494): |   |_[ + 1] match title ''? false
07-14 12:18:22.807 D/CsvFile ( 3494): [ + 1] match title ''? false
07-14 12:18:22.807 D/MONITOR ( 3494): |   |_[ + 1] match title '邮箱'? true
07-14 12:18:22.807 D/CsvFile ( 3494): [ + 1] match title '邮箱'? true
07-14 12:18:22.807 D/MONITOR ( 3494): |   |_[ + 1] match title '姓名'? true
07-14 12:18:22.807 D/CsvFile ( 3494): [ + 1] match title '姓名'? true
07-14 12:18:22.807 D/MONITOR ( 3494): |   |_[ + 1] match title '座机'? true
07-14 12:18:22.807 D/CsvFile ( 3494): [ + 1] match title '座机'? true
07-14 12:18:22.807 D/MONITOR ( 3494): |   |_[ + 1] match title '手机'? true
07-14 12:18:22.807 D/CsvFile ( 3494): [ + 1] match title '手机'? true
07-14 12:18:22.807 D/CsvFile ( 3494): Confirm csv file version: 2
07-14 12:18:22.807 D/MONITOR ( 3494): |_CHECK VERSION 2 =
07-14 12:18:22.807 D/MONITOR ( 3494): |   |_READ NEXT
07-14 12:18:22.807 D/MONITOR ( 3494): |       |_GET NEXT LINE
07-14 12:18:22.807 D/MONITOR ( 3494): |       |_PARSE LINE
07-14 12:18:22.807 D/MONITOR ( 3494): |_PARSEV2 READNEXT --> [Ljava.lang.String;@4354fa00
07-14 12:18:22.807 D/MONITOR ( 3494): |_CREATE A NEW LINE OF 'CsvContactLine'
07-14 12:18:22.807 D/MONITOR ( 3494): |_NAME = aaa
07-14 12:18:22.807 D/MONITOR ( 3494): |_DEPARTMENT = NULL
07-14 12:18:22.807 D/MONITOR ( 3494): |_EMAIL = zhansan@company.com
07-14 12:18:22.807 D/MONITOR ( 3494): |_MOBILE = 18980886890
07-14 12:18:22.807 D/MONITOR ( 3494): |_LANDLINE = 010-84130019
07-14 12:18:22.807 D/CsvFile ( 3494): [V2][ + 2] Add contact: contact={name 'aaa', department ', office address 'null', land line '010-84130019', mobile '18980886890', email 'zhansan@company.com', msn 'null'}
07-14 12:18:22.807 D/MONITOR ( 3494): |   |_READ NEXT
07-14 12:18:22.807 D/MONITOR ( 3494): |       |_GET NEXT LINE
07-14 12:18:22.807 D/MONITOR ( 3494): |       |_PARSE LINE
07-14 12:18:22.815 D/MONITOR ( 3494): |_PARSEV2 READNEXT --> [Ljava.lang.String;@434848e0
07-14 12:18:22.815 D/MONITOR ( 3494): |_CREATE A NEW LINE OF 'CsvContactLine'
07-14 12:18:22.815 D/MONITOR ( 3494): |_NAME = bbb
07-14 12:18:22.815 D/MONITOR ( 3494): |_DEPARTMENT = NULL
07-14 12:18:22.815 D/MONITOR ( 3494): |_EMAIL = zhansan@company.com
07-14 12:18:22.815 D/MONITOR ( 3494): |_MOBILE = 12345787545
07-14 12:18:22.815 D/MONITOR ( 3494): |_LANDLINE = 010-54545446
07-14 12:18:22.815 D/CsvFile ( 3494): [V2][ + 3] Add contact: contact={name 'bbb', department ', office address 'null', land line '010-54545446', mobile '12345787545', email 'zhansan@company.com', msn 'null'}
07-14 12:18:22.815 D/MONITOR ( 3494): |   |_READ NEXT
07-14 12:18:22.815 D/MONITOR ( 3494): |       |_GET NEXT LINE
07-14 12:18:22.815 D/MONITOR ( 3494): = Close File =
07-14 12:18:22.830 D/ContactsProvider( 3494): Insert new company , id: 1, uuid: 8a80888c46c806620146c86fa9e8058f
07-14 12:18:22.830 D/ContactsProvider( 3494): [Contacts] query 'content://emdmcontacts/contacts', segment size: 1
07-14 12:18:22.846 D/ContactsProvider( 3494): 18980886890++aaa++zhansan@company.com++010-84130019
07-14 12:18:22.846 D/ContactsProvider( 3494): Insert new contact 'aaa'
07-14 12:18:22.846 D/TEST_ALL( 3494): CONTACT_INSERT
07-14 12:18:22.862 D/ContactsProvider( 3494): 12345787545++bbb++zhansan@company.com++010-54545446
07-14 12:18:22.862 D/ContactsProvider( 3494): Insert new contact 'bbb'
07-14 12:18:22.862 D/TEST_ALL( 3494): CONTACT_INSERT
07-14 12:18:22.901 D/ContactsProvider( 3494): [Contacts] query 'content://emdmcontacts/contacts', segment size: 1
07-14 12:18:22.916 D/ContactsProvider( 3494): = Opened the file! =
07-14 12:18:22.932 I/AudioService(  374):  AudioFocus  requestAudioFocus() from android.media.AudioManager@42cd06e8
07-14 12:18:22.940 V/KeyguardHostView(  374): hide transport, gen:14
07-14 12:18:22.940 D/ContactsProvider( 3494): [{"contactId":"8a80888c46c806620146c86fa9e8058f","status":"57604"}]
07-14 12:18:22.940 E/Mdm     ( 3494): Call Mdm service's upLoadDocStatus function, request id: 0
07-14 12:18:22.940 I/TransInfo( 3494): TransInfo created, id: 22, class: class com.pekall.emdm.transaction.b.r
07-14 12:18:22.940 D/NetworkThread( 3494): [null:-1]->----isRunning-----true
07-14 12:18:22.940 D/DB      ( 3494): query: SQLiteQuery: SELECT uuid, status FROM doc WHERE uploadStatus =0 AND type ='Normal'
07-14 12:18:22.940 D/DB      ( 3494): factory null
07-14 12:18:22.940 D/DB      ( 3494): fillWindow: 0
07-14 12:18:22.948 D/DB      ( 3494): cursor 2
07-14 12:18:22.948 D/DB      ( 3494): moveToPos: 0
07-14 12:18:22.948 D/DB      ( 3494): onMove: 0
07-14 12:18:22.948 D/DB      ( 3494): moveToPos: 1
07-14 12:18:22.948 D/DB      ( 3494): onMove: 1
07-14 12:18:22.948 D/DB      ( 3494): moveToPos: 2
07-14 12:18:23.237 V/DEBUG   ( 3494): HTTP 1
07-14 12:18:23.244 D/MdmDatabaseHelper( 3494): [null:-1]->update command 8a80888e4732aed501473317c2ed046b to status executed
07-14 12:18:23.276 D/HttpClient( 3494): enable apache.http debug
07-14 12:18:23.283 V/DEBUG   ( 3494): HTTP 0
07-14 12:18:23.346 D/MdmService( 3494): [null:-1]->handleCheckInResult
07-14 12:18:23.346 D/MdmService( 3494): [null:-1]->handleCheckInResult result keyIndex: 3
07-14 12:18:23.346 D/HandleCommandTask( 3494): [null:-1]->execute command msg but beanBase is null
07-14 12:18:23.346 D/MdmStatusManager( 3494): [null:-1]->change status to : Idle
07-14 12:18:23.565 V/DEBUG   ( 3494): HTTP 1
07-14 12:18:23.565 D/NetworkThread( 3494): [null:-1]->queue is empty, thread wait...
07-14 12:18:23.666 D/MDM :   ( 3494): [null:-1]->Got trans result.
07-14 12:18:23.666 D/MDM :   ( 3494): [null:-1]->Trigger client's callback, request id: 0
07-14 12:18:23.666 D/Mdm     ( 3494): Receive trans result, request id: 0
07-14 12:18:23.666 V/Assistant( 3494): Got response from server.
07-14 12:18:23.666 D/ContactsProvider( 3494): RESULT_DONE
07-14 12:18:24.088 I/AudioService(  374):  AudioFocus  abandonAudioFocus() from android.media.AudioManager@42cd06e8
07-14 12:18:24.088 V/KeyguardHostView(  374): hide transport, gen:15
07-14 12:18:30.244 W/MountService(  374): getVolumeState(/storage/emulated/0/external_sd): Unknown volume
07-14 12:18:30.244 W/MountService(  374): getVolumeState(/mnt/sdcard-ext): Unknown volume
07-14 12:18:30.244 W/MountService(  374): getVolumeState(/mnt/ext_sdcard): Unknown volume
07-14 12:18:30.252 W/MountService(  374): getVolumeState(/mnt/sdcard2): Unknown volume
07-14 12:18:30.252 W/MountService(  374): getVolumeState(/mnt/emmc): Unknown volume
07-14 12:18:30.252 W/MountService(  374): getVolumeState(/mnt/extSdCard): Unknown volume
07-14 12:18:30.252 W/MountService(  374): getVolumeState(/mnt/sdcard/SD_CARD): Unknown volume
07-14 12:18:30.252 W/MountService(  374): getVolumeState(/mnt/sdcard/extra_sd): Unknown volume
07-14 12:18:30.252 W/MountService(  374): getVolumeState(/mnt/extrasd_bind): Unknown volume
07-14 12:18:30.252 W/MountService(  374): getVolumeState(/mnt/sdcard/ext_sd): Unknown volume
07-14 12:18:30.252 W/MountService(  374): getVolumeState(/storage/extSdCard): Unknown volume
07-14 12:18:30.260 W/MountService(  374): getVolumeState(/storage/sdcard1): Unknown volume
07-14 12:18:30.260 W/MountService(  374): getVolumeState(/mnt/sdcard/external_SD): Unknown volume
07-14 12:18:30.260 W/MountService(  374): getVolumeState(/mnt/sdcard/external_sd): Unknown volume
07-14 12:18:30.315 D/dalvikvm( 2037): GC_CONCURRENT freed 530K, 20% free 9585K/11956K, paused 4ms+3ms, total 53ms
07-14 12:18:30.315 D/dalvikvm( 2037): WAIT_FOR_CONCURRENT_GC blocked 21ms
07-14 12:18:30.487 W/MountService(  374): getVolumeState(/storage/emulated/0/external_sd): Unknown volume
07-14 12:18:30.487 W/MountService(  374): getVolumeState(/mnt/sdcard-ext): Unknown volume
07-14 12:18:30.487 W/MountService(  374): getVolumeState(/mnt/ext_sdcard): Unknown volume
07-14 12:18:30.487 W/MountService(  374): getVolumeState(/mnt/sdcard2): Unknown volume
07-14 12:18:30.487 W/MountService(  374): getVolumeState(/mnt/emmc): Unknown volume
07-14 12:18:30.487 W/MountService(  374): getVolumeState(/mnt/extSdCard): Unknown volume
07-14 12:18:30.487 W/MountService(  374): getVolumeState(/mnt/sdcard/SD_CARD): Unknown volume
07-14 12:18:30.494 W/MountService(  374): getVolumeState(/mnt/sdcard/extra_sd): Unknown volume
07-14 12:18:30.494 W/MountService(  374): getVolumeState(/mnt/extrasd_bind): Unknown volume
07-14 12:18:30.494 W/MountService(  374): getVolumeState(/mnt/sdcard/ext_sd): Unknown volume
07-14 12:18:30.494 W/MountService(  374): getVolumeState(/storage/extSdCard): Unknown volume
07-14 12:18:30.494 W/MountService(  374): getVolumeState(/storage/sdcard1): Unknown volume
07-14 12:18:30.494 W/MountService(  374): getVolumeState(/mnt/sdcard/external_SD): Unknown volume
07-14 12:18:30.494 W/MountService(  374): getVolumeState(/mnt/sdcard/external_sd): Unknown volume
07-14 12:18:30.510 D/dalvikvm( 2037): GC_CONCURRENT freed 480K, 20% free 9617K/11956K, paused 4ms+3ms, total 34ms
07-14 12:18:30.510 D/dalvikvm( 2037): WAIT_FOR_CONCURRENT_GC blocked 8ms
07-14 12:18:30.518 D/dalvikvm( 2037): WAIT_FOR_CONCURRENT_GC blocked 14ms
07-14 12:18:32.393 D/AndroidRuntime( 4616): 
07-14 12:18:32.393 D/AndroidRuntime( 4616): >>>>>> AndroidRuntime START com.android.internal.os.RuntimeInit <<<<<<
07-14 12:18:32.393 D/AndroidRuntime( 4616): CheckJNI is OFF
07-14 12:18:32.408 D/dalvikvm( 4616): Trying to load lib libjavacore.so 0x0
07-14 12:18:32.416 D/dalvikvm( 4616): Added shared lib libjavacore.so 0x0
07-14 12:18:32.432 D/dalvikvm( 4616): Trying to load lib libnativehelper.so 0x0
07-14 12:18:32.432 D/dalvikvm( 4616): Added shared lib libnativehelper.so 0x0
07-14 12:18:32.690 D/AndroidRuntime( 4616): Calling main entry com.android.commands.uiautomator.Launcher
07-14 12:18:32.729 E/UiDevice( 4616): Exceuting watcher: ANRWatcher
07-14 12:18:32.729 E/UiDevice( 4616): java.lang.RuntimeException: UiDevice not initialized
07-14 12:18:32.729 E/UiDevice( 4616): 	at com.android.uiautomator.core.UiDevice.getAutomatorBridge(UiDevice.java:87)
07-14 12:18:32.729 E/UiDevice( 4616): 	at com.android.uiautomator.core.UiDevice.wakeUp(UiDevice.java:719)
07-14 12:18:32.729 E/UiDevice( 4616): 	at com.pekall.test.mdmui.util.UiANRWatcher.checkForCondition(UiANRWatcher.java:23)
07-14 12:18:32.729 E/UiDevice( 4616): 	at com.android.uiautomator.core.UiDevice.runWatchers(UiDevice.java:554)
07-14 12:18:32.729 E/UiDevice( 4616): 	at com.pekall.test.mdmui.util.UiANRWatcher.run(UiANRWatcher.java:41)
07-14 12:18:32.729 E/UiDevice( 4616): 	at com.pekall.test.mdmui.Contacts.<clinit>(Contacts.java:21)
07-14 12:18:32.729 E/UiDevice( 4616): 	at java.lang.Class.newInstanceImpl(Native Method)
07-14 12:18:32.729 E/UiDevice( 4616): 	at java.lang.Class.newInstance(Class.java:1130)
07-14 12:18:32.729 E/UiDevice( 4616): 	at com.android.uiautomator.testrunner.TestCaseCollector.addSingleTestMethod(TestCaseCollector.java:110)
07-14 12:18:32.729 E/UiDevice( 4616): 	at com.android.uiautomator.testrunner.TestCaseCollector.addTestClass(TestCaseCollector.java:86)
07-14 12:18:32.729 E/UiDevice( 4616): 	at com.android.uiautomator.testrunner.TestCaseCollector.addTestClass(TestCaseCollector.java:72)
07-14 12:18:32.729 E/UiDevice( 4616): 	at com.android.uiautomator.testrunner.TestCaseCollector.addTestClasses(TestCaseCollector.java:53)
07-14 12:18:32.729 E/UiDevice( 4616): 	at com.android.uiautomator.testrunner.UiAutomatorTestRunner.start(UiAutomatorTestRunner.java:106)
07-14 12:18:32.729 E/UiDevice( 4616): 	at com.android.uiautomator.testrunner.UiAutomatorTestRunner.run(UiAutomatorTestRunner.java:96)
07-14 12:18:32.729 E/UiDevice( 4616): 	at com.android.commands.uiautomator.RunTestCommand.run(RunTestCommand.java:91)
07-14 12:18:32.729 E/UiDevice( 4616): 	at com.android.commands.uiautomator.Launcher.main(Launcher.java:83)
07-14 12:18:32.729 E/UiDevice( 4616): 	at com.android.internal.os.RuntimeInit.nativeFinishInit(Native Method)
07-14 12:18:32.729 E/UiDevice( 4616): 	at com.android.internal.os.RuntimeInit.main(RuntimeInit.java:235)
07-14 12:18:32.729 E/UiDevice( 4616): 	at dalvik.system.NativeStart.main(Native Method)
07-14 12:18:32.744 D/dalvikvm( 4616): Note: class Landroid/app/ActivityManagerNative; has 163 unimplemented (abstract) methods
07-14 12:18:32.799 I/PowerManagerService(  374): Waking up from sleep...
07-14 12:18:32.838 I/WindowManager(  374): Lock screen displayed!
07-14 12:18:33.166 D/PowerManagerService-JNI(  374): Excessive delay in autosuspend_disable() while turning screen on: 352ms
07-14 12:18:33.174 D/SurfaceFlinger(  124): Screen acquired, type=0 flinger=0x41e1a478
07-14 12:18:33.229 V/DigitalWidgetViewsFactory( 2502): DigitalWidget sets next alarm string to null
07-14 12:18:33.252 D/LightsService(  374): Excessive delay setting light: 72ms
07-14 12:18:33.315 D/LightsService(  374): Excessive delay setting light: 68ms
07-14 12:18:33.526 D/AndroidRuntime( 4636): 
07-14 12:18:33.526 D/AndroidRuntime( 4636): >>>>>> AndroidRuntime START com.android.internal.os.RuntimeInit <<<<<<
07-14 12:18:33.526 D/AndroidRuntime( 4636): CheckJNI is OFF
07-14 12:18:33.533 D/dalvikvm( 4636): Trying to load lib libjavacore.so 0x0
07-14 12:18:33.541 D/dalvikvm( 4636): Added shared lib libjavacore.so 0x0
07-14 12:18:33.557 D/dalvikvm( 4636): Trying to load lib libnativehelper.so 0x0
07-14 12:18:33.557 D/dalvikvm( 4636): Added shared lib libnativehelper.so 0x0
07-14 12:18:33.721 D/AndroidRuntime( 4636): Calling main entry com.qihoo360.powerctl.root.app.App
07-14 12:18:33.721 D/AndroidRuntime( 4636): Shutting down VM
07-14 12:18:33.729 D/dalvikvm( 4636): GC_CONCURRENT freed 114K, 22% free 467K/592K, paused 0ms+1ms, total 3ms
07-14 12:18:33.729 I/AndroidRuntime( 4636): NOTE: attach of thread 'Binder_1' failed
07-14 12:18:34.666 I/QueryController( 4616): Matched selector: UiSelector[DESCRIPTION=滑动区域。] <<==>> [android.view.accessibility.AccessibilityNodeInfo@9e5c4; boundsInParent: Rect(0, 0 - 720, 756); boundsInScreen: Rect(0, 547 - 720, 1303); packageName: android; className: android.view.View; text: null; contentDescription: 滑动区域。; viewIdResName: android:id/glow_pad_view; checkable: false; checked: false; focusable: false; focused: false; selected: false; clickable: false; longClickable: false; enabled: true; password: false; scrollable: false; [ACTION_SELECT, ACTION_CLEAR_SELECTION, ACTION_ACCESSIBILITY_FOCUS, ACTION_NEXT_AT_MOVEMENT_GRANULARITY, ACTION_PREVIOUS_AT_MOVEMENT_GRANULARITY, ACTION_SET_SELECTION]]
07-14 12:18:34.682 W/GlowPadView(  374): The number of target drawables must be equal to the number of direction descriptions.
07-14 12:18:34.994 D/PhoneStatusBar(  450): disable: < expand icons alerts ticker system_info BACK HOME recent* CLOCK search >
07-14 12:18:35.041 D/NfcService(  582): NFC-C ON
07-14 12:18:35.065 D/PhoneStatusBar(  450): disable: < expand icons alerts ticker system_info back* home* recent clock* search >
07-14 12:18:35.362 D/dalvikvm( 1052): GC_CONCURRENT freed 346K, 8% free 10358K/11168K, paused 11ms+27ms, total 186ms
07-14 12:18:35.526 V/TAG     (  374): bug 7643792: fitSystemWindows([0,50][0,0])
07-14 12:18:35.565 D/AndroidRuntime( 4658): 
07-14 12:18:35.565 D/AndroidRuntime( 4658): >>>>>> AndroidRuntime START com.android.internal.os.RuntimeInit <<<<<<
07-14 12:18:35.573 D/AndroidRuntime( 4658): CheckJNI is OFF
07-14 12:18:35.588 D/dalvikvm( 4658): Trying to load lib libjavacore.so 0x0
07-14 12:18:35.596 D/dalvikvm( 4658): Added shared lib libjavacore.so 0x0
07-14 12:18:35.604 I/RootJni ( 4659): su: permission denied
07-14 12:18:35.612 D/dalvikvm( 4658): Trying to load lib libnativehelper.so 0x0
07-14 12:18:35.612 D/dalvikvm( 4658): Added shared lib libnativehelper.so 0x0
07-14 12:18:35.651 I/ActivityManager(  374): START u0 {act=android.intent.action.MAIN cat=[android.intent.category.HOME] flg=0x10200000 cmp=com.android.launcher/com.android.launcher2.Launcher} from pid 374
07-14 12:18:35.877 D/AndroidRuntime( 4658): Calling main entry com.qihoo360.powerctl.root.app.App
07-14 12:18:35.877 D/AndroidRuntime( 4658): Shutting down VM
07-14 12:18:35.877 I/AndroidRuntime( 4658): NOTE: attach of thread 'Binder_1' failed
07-14 12:18:35.885 D/dalvikvm( 4658): GC_CONCURRENT freed 114K, 22% free 467K/592K, paused 0ms+1ms, total 3ms
07-14 12:18:36.658 W/InteractionController( 4616): runAndwaitForEvent timedout waiting for events
07-14 12:18:42.612 D/MdmService( 3494): [null:-1]->receiver action :com.pekall.mdm.action.MDM_ALARM
07-14 12:18:47.799 D/LightsService(  374): Excessive delay setting light: 67ms
07-14 12:18:47.994 D/dalvikvm(  624): GC_CONCURRENT freed 355K, 6% free 9702K/10232K, paused 8ms+5ms, total 73ms
07-14 12:18:47.994 D/dalvikvm(  624): WAIT_FOR_CONCURRENT_GC blocked 18ms
07-14 12:18:48.010 I/CheckinTask(  624): Checkin success: https://android.clients.google.com/checkin (1 requests sent)
07-14 12:18:48.065 D/LightsService(  374): Excessive delay setting light: 65ms
07-14 12:18:49.729 D/LightsService(  374): Excessive delay setting light: 67ms
07-14 12:18:49.963 D/LightsService(  374): Excessive delay setting light: 66ms
07-14 12:18:59.002 D/dalvikvm( 1052): GC_CONCURRENT freed 666K, 10% free 10077K/11168K, paused 6ms+2ms, total 46ms
07-14 12:19:02.174 D/LightsService(  374): Excessive delay setting light: 67ms
07-14 12:19:02.408 D/LightsService(  374): Excessive delay setting light: 66ms
07-14 12:19:04.065 D/dalvikvm( 2037): GC_CONCURRENT freed 525K, 21% free 9546K/11956K, paused 3ms+4ms, total 40ms
07-14 12:19:04.619 I/AndroidRuntime( 4616): VM exiting with result code 0.
07-14 12:19:05.026 I/PowerManagerService(  374): Going to sleep due to screen timeout...
07-14 12:19:05.885 D/SurfaceFlinger(  124): Screen released, type=0 flinger=0x41e1a478
07-14 12:19:05.885 D/dalvikvm(  374): GC_FOR_ALLOC freed 2415K, 18% free 19541K/23616K, paused 103ms, total 105ms
07-14 12:19:06.026 D/NfcService(  582): NFC-C OFF, disconnect
07-14 12:19:06.221 V/KeyguardHostView(  374): hide transport, gen:15
07-14 12:19:06.221 V/KeyguardHostView(  374): music state changed: 0
07-14 12:19:06.237 D/dalvikvm( 1052): GC_CONCURRENT freed 175K, 8% free 10287K/11168K, paused 4ms+9ms, total 142ms
07-14 12:19:06.291 D/PhoneStatusBar(  450): disable: < expand icons alerts ticker system_info back home RECENT* clock search >
07-14 12:19:06.299 D/dalvikvm(  636): GC_FOR_ALLOC freed 1057K, 10% free 12611K/13984K, paused 240ms, total 242ms
07-14 12:19:06.362 V/TAG     (  374): bug 7643792: fitSystemWindows([0,50][0,0])
07-14 12:19:06.377 D/dalvikvm( 2019): GC_FOR_ALLOC freed 337K, 7% free 9925K/10588K, paused 114ms, total 115ms
07-14 12:19:06.502 D/MDM :   ( 3494): [null:-1]->query
07-14 12:19:06.502 D/MDM :   ( 3494): [null:-1]->QUERY_SETTING_PIN_ONOFF
07-14 12:19:06.565 D/PhoneStatusBar(  450): disable: < expand icons alerts ticker system_info BACK* HOME* RECENT CLOCK* search >
07-14 12:19:25.166 D/MDM :   ( 3494): [null:-1]->MSG_WEBSOCKET_MESSAGE : {"id":979834062,"type":0,"command":0,"result":0,"reason":0,"params":{"msgId":"38a0df3e-2473-4861-9434-7135e23d8b27,38a0df3e2473486194347135e23d8b27","device":"ffffffffc539bb10fffffffff7aea961","message":"{\"cmd\":\"10119\"}"}}
07-14 12:19:25.182 D/MdmService( 3494): [null:-1]->push message type :0
07-14 12:19:25.182 D/MdmService( 3494): [null:-1]->cmdMessage : {"cmd":"10119"}
07-14 12:19:25.182 D/MdmService( 3494): [null:-1]->command : PushCommandMsg{cmd='10119', msg='null'}
07-14 12:19:25.182 D/MDM :   ( 3494): [null:-1]->PUSH CMD: 10119
07-14 12:19:25.197 D/MdmStatusManager( 3494): [null:-1]->change status to : Busy
07-14 12:19:25.197 D/DB      ( 3494): query: SQLiteQuery: SELECT content, command_status, status FROM command WHERE status!=2
07-14 12:19:25.197 D/DB      ( 3494): factory null
07-14 12:19:25.197 D/DB      ( 3494): fillWindow: 0
07-14 12:19:25.197 D/DB      ( 3494): cursor 0
07-14 12:19:25.197 D/DB      ( 3494): moveToPos: 0
07-14 12:19:25.197 I/TransInfo( 3494): TransInfo created, id: 3, class: class com.pekall.emdm.transaction.b.c
07-14 12:19:25.197 D/NetworkThread( 3494): [null:-1]->----isRunning-----true
07-14 12:19:25.197 D/NetworkThread( 3494): [null:-1]->----isRunning-----true
07-14 12:19:25.197 D/NetworkThread( 3494): [null:-1]->thread wakeup
07-14 12:19:25.205 D/HttpClient( 3494): enable apache.http debug
07-14 12:19:25.205 V/DEBUG   ( 3494): HTTP 0
07-14 12:19:25.276 D/dalvikvm( 3494): GC_CONCURRENT freed 2394K, 30% free 16640K/23728K, paused 4ms+6ms, total 61ms
07-14 12:19:26.002 V/DEBUG   ( 3494): HTTP 1
07-14 12:19:26.018 D/MDM :   ( 3494): [null:-1]->read network input stream
07-14 12:19:26.026 D/CheckInTransInfo( 3494): [null:-1]->CommandMsg : CommandMsg{CommandUUID='8a80888e4732aed501473318bc47046f', Command=CommandRemoveApp{Identifier='by.game.binumbers', fromMarket=true}}
07-14 12:19:26.026 D/DB      ( 3494): query: SQLiteQuery: SELECT * FROM command WHERE cmd_uuid='8a80888e4732aed501473318bc47046f'
07-14 12:19:26.026 D/DB      ( 3494): factory null
07-14 12:19:26.026 D/DB      ( 3494): fillWindow: 0
07-14 12:19:26.026 D/DB      ( 3494): cursor 0
07-14 12:19:26.057 D/NetworkThread( 3494): [null:-1]->queue is empty, thread wait...
07-14 12:19:26.166 D/MdmService( 3494): [null:-1]->handleCheckInResult
07-14 12:19:26.166 D/MdmService( 3494): [null:-1]->handleCheckInResult result keyIndex: 3
07-14 12:19:26.166 D/CommandManager( 3494): [null:-1]->execute command: CommandMsg{CommandUUID='8a80888e4732aed501473318bc47046f', Command=CommandRemoveApp{Identifier='by.game.binumbers', fromMarket=true}}
07-14 12:19:26.166 D/TEST_ALL( 3494): [null:-1]->REQ_TYPE_RM_APP
07-14 12:19:26.260 D/DB      ( 3494): query: SQLiteQuery: SELECT * FROM app WHERE readStatus =0
07-14 12:19:26.260 D/DB      ( 3494): factory null
07-14 12:19:26.260 D/DB      ( 3494): fillWindow: 0
07-14 12:19:26.260 D/DB      ( 3494): cursor 0
07-14 12:19:26.260 E/Mdm     ( 3494): Call Mdm service's recordIconCount function
07-14 12:19:26.268 I/TransInfo( 3494): TransInfo created, id: 3, class: class com.pekall.emdm.transaction.b.c
07-14 12:19:26.268 D/NetworkThread( 3494): [null:-1]->----isRunning-----true
07-14 12:19:26.268 D/NetworkThread( 3494): [null:-1]->----isRunning-----true
07-14 12:19:26.268 D/NetworkThread( 3494): [null:-1]->thread wakeup
07-14 12:19:26.276 D/HttpClient( 3494): enable apache.http debug
07-14 12:19:26.283 V/DEBUG   ( 3494): HTTP 0
07-14 12:19:27.838 V/DEBUG   ( 3494): HTTP 1
07-14 12:19:27.846 D/MdmDatabaseHelper( 3494): [null:-1]->update command 8a80888e4732aed501473318bc47046f to status executed
07-14 12:19:27.877 D/NetworkThread( 3494): [null:-1]->queue is empty, thread wait...
07-14 12:19:27.948 D/MdmService( 3494): [null:-1]->handleCheckInResult
07-14 12:19:27.948 D/MdmService( 3494): [null:-1]->handleCheckInResult result keyIndex: 3
07-14 12:19:27.948 D/HandleCommandTask( 3494): [null:-1]->execute command msg but beanBase is null
07-14 12:19:27.948 D/MdmStatusManager( 3494): [null:-1]->change status to : Idle
07-14 12:19:30.283 W/MountService(  374): getVolumeState(/storage/emulated/0/external_sd): Unknown volume
07-14 12:19:30.283 W/MountService(  374): getVolumeState(/mnt/sdcard-ext): Unknown volume
07-14 12:19:30.291 W/MountService(  374): getVolumeState(/mnt/ext_sdcard): Unknown volume
07-14 12:19:30.291 W/MountService(  374): getVolumeState(/mnt/sdcard2): Unknown volume
07-14 12:19:30.291 W/MountService(  374): getVolumeState(/mnt/emmc): Unknown volume
07-14 12:19:30.291 W/MountService(  374): getVolumeState(/mnt/extSdCard): Unknown volume
07-14 12:19:30.291 W/MountService(  374): getVolumeState(/mnt/sdcard/SD_CARD): Unknown volume
07-14 12:19:30.291 W/MountService(  374): getVolumeState(/mnt/sdcard/extra_sd): Unknown volume
07-14 12:19:30.291 W/MountService(  374): getVolumeState(/mnt/extrasd_bind): Unknown volume
07-14 12:19:30.299 W/MountService(  374): getVolumeState(/mnt/sdcard/ext_sd): Unknown volume
07-14 12:19:30.299 W/MountService(  374): getVolumeState(/storage/extSdCard): Unknown volume
07-14 12:19:30.299 W/MountService(  374): getVolumeState(/storage/sdcard1): Unknown volume
07-14 12:19:30.299 W/MountService(  374): getVolumeState(/mnt/sdcard/external_SD): Unknown volume
07-14 12:19:30.299 W/MountService(  374): getVolumeState(/mnt/sdcard/external_sd): Unknown volume
07-14 12:19:30.393 D/dalvikvm( 2037): GC_CONCURRENT freed 317K, 19% free 9721K/11956K, paused 3ms+5ms, total 39ms
07-14 12:19:30.526 W/MountService(  374): getVolumeState(/storage/emulated/0/external_sd): Unknown volume
07-14 12:19:30.526 W/MountService(  374): getVolumeState(/mnt/sdcard-ext): Unknown volume
07-14 12:19:30.526 W/MountService(  374): getVolumeState(/mnt/ext_sdcard): Unknown volume
07-14 12:19:30.526 W/MountService(  374): getVolumeState(/mnt/sdcard2): Unknown volume
07-14 12:19:30.526 W/MountService(  374): getVolumeState(/mnt/emmc): Unknown volume
07-14 12:19:30.526 W/MountService(  374): getVolumeState(/mnt/extSdCard): Unknown volume
07-14 12:19:30.533 W/MountService(  374): getVolumeState(/mnt/sdcard/SD_CARD): Unknown volume
07-14 12:19:30.533 W/MountService(  374): getVolumeState(/mnt/sdcard/extra_sd): Unknown volume
07-14 12:19:30.533 W/MountService(  374): getVolumeState(/mnt/extrasd_bind): Unknown volume
07-14 12:19:30.533 W/MountService(  374): getVolumeState(/mnt/sdcard/ext_sd): Unknown volume
07-14 12:19:30.533 W/MountService(  374): getVolumeState(/storage/extSdCard): Unknown volume
07-14 12:19:30.533 W/MountService(  374): getVolumeState(/storage/sdcard1): Unknown volume
07-14 12:19:30.533 W/MountService(  374): getVolumeState(/mnt/sdcard/external_SD): Unknown volume
07-14 12:19:30.541 W/MountService(  374): getVolumeState(/mnt/sdcard/external_sd): Unknown volume
07-14 12:19:30.573 D/dalvikvm( 2037): GC_CONCURRENT freed 603K, 20% free 9609K/11956K, paused 3ms+3ms, total 29ms
07-14 12:19:36.315 D/AndroidRuntime( 4683): 
07-14 12:19:36.315 D/AndroidRuntime( 4683): >>>>>> AndroidRuntime START com.android.internal.os.RuntimeInit <<<<<<
07-14 12:19:36.315 D/AndroidRuntime( 4683): CheckJNI is OFF
07-14 12:19:36.330 D/dalvikvm( 4683): Trying to load lib libjavacore.so 0x0
07-14 12:19:36.338 D/dalvikvm( 4683): Added shared lib libjavacore.so 0x0
07-14 12:19:36.362 D/dalvikvm( 4683): Trying to load lib libnativehelper.so 0x0
07-14 12:19:36.362 D/dalvikvm( 4683): Added shared lib libnativehelper.so 0x0
07-14 12:19:36.393 W/Settings( 2019): Setting airplane_mode_on has moved from android.provider.Settings.System to android.provider.Settings.Global, returning read-only value.
07-14 12:19:36.393 W/Settings( 2019): Setting mobile_data has moved from android.provider.Settings.Secure to android.provider.Settings.Global.
07-14 12:19:36.393 D/BluetoothAdapter( 2019): 1116407520: getState() :  mService = null. Returning STATE_OFF
07-14 12:19:36.393 W/Settings( 2019): Setting airplane_mode_on has moved from android.provider.Settings.System to android.provider.Settings.Global, returning read-only value.
07-14 12:19:36.408 W/Settings( 2019): Setting airplane_mode_on has moved from android.provider.Settings.System to android.provider.Settings.Global, returning read-only value.
07-14 12:19:36.408 W/Settings( 2019): Setting mobile_data has moved from android.provider.Settings.Secure to android.provider.Settings.Global.
07-14 12:19:36.408 D/BluetoothAdapter( 2019): 1116407520: getState() :  mService = null. Returning STATE_OFF
07-14 12:19:36.408 W/Settings( 2019): Setting airplane_mode_on has moved from android.provider.Settings.System to android.provider.Settings.Global, returning read-only value.
07-14 12:19:36.408 W/Settings( 2019): Setting airplane_mode_on has moved from android.provider.Settings.System to android.provider.Settings.Global, returning read-only value.
07-14 12:19:36.408 W/Settings( 2019): Setting mobile_data has moved from android.provider.Settings.Secure to android.provider.Settings.Global.
07-14 12:19:36.408 D/BluetoothAdapter( 2019): 1116407520: getState() :  mService = null. Returning STATE_OFF
07-14 12:19:36.408 W/Settings( 2019): Setting airplane_mode_on has moved from android.provider.Settings.System to android.provider.Settings.Global, returning read-only value.
07-14 12:19:36.596 D/AndroidRuntime( 4683): Calling main entry com.android.commands.uiautomator.Launcher
07-14 12:19:36.627 E/UiDevice( 4683): Exceuting watcher: ANRWatcher
07-14 12:19:36.627 E/UiDevice( 4683): java.lang.RuntimeException: UiDevice not initialized
07-14 12:19:36.627 E/UiDevice( 4683): 	at com.android.uiautomator.core.UiDevice.getAutomatorBridge(UiDevice.java:87)
07-14 12:19:36.627 E/UiDevice( 4683): 	at com.android.uiautomator.core.UiDevice.wakeUp(UiDevice.java:719)
07-14 12:19:36.627 E/UiDevice( 4683): 	at com.pekall.test.mdmui.util.UiANRWatcher.checkForCondition(UiANRWatcher.java:23)
07-14 12:19:36.627 E/UiDevice( 4683): 	at com.android.uiautomator.core.UiDevice.runWatchers(UiDevice.java:554)
07-14 12:19:36.627 E/UiDevice( 4683): 	at com.pekall.test.mdmui.util.UiANRWatcher.run(UiANRWatcher.java:41)
07-14 12:19:36.627 E/UiDevice( 4683): 	at com.pekall.test.mdmui.App.<clinit>(App.java:24)
07-14 12:19:36.627 E/UiDevice( 4683): 	at java.lang.Class.newInstanceImpl(Native Method)
07-14 12:19:36.627 E/UiDevice( 4683): 	at java.lang.Class.newInstance(Class.java:1130)
07-14 12:19:36.627 E/UiDevice( 4683): 	at com.android.uiautomator.testrunner.TestCaseCollector.addSingleTestMethod(TestCaseCollector.java:110)
07-14 12:19:36.627 E/UiDevice( 4683): 	at com.android.uiautomator.testrunner.TestCaseCollector.addTestClass(TestCaseCollector.java:86)
07-14 12:19:36.627 E/UiDevice( 4683): 	at com.android.uiautomator.testrunner.TestCaseCollector.addTestClass(TestCaseCollector.java:72)
07-14 12:19:36.627 E/UiDevice( 4683): 	at com.android.uiautomator.testrunner.TestCaseCollector.addTestClasses(TestCaseCollector.java:53)
07-14 12:19:36.627 E/UiDevice( 4683): 	at com.android.uiautomator.testrunner.UiAutomatorTestRunner.start(UiAutomatorTestRunner.java:106)
07-14 12:19:36.627 E/UiDevice( 4683): 	at com.android.uiautomator.testrunner.UiAutomatorTestRunner.run(UiAutomatorTestRunner.java:96)
07-14 12:19:36.627 E/UiDevice( 4683): 	at com.android.commands.uiautomator.RunTestCommand.run(RunTestCommand.java:91)
07-14 12:19:36.627 E/UiDevice( 4683): 	at com.android.commands.uiautomator.Launcher.main(Launcher.java:83)
07-14 12:19:36.627 E/UiDevice( 4683): 	at com.android.internal.os.RuntimeInit.nativeFinishInit(Native Method)
07-14 12:19:36.627 E/UiDevice( 4683): 	at com.android.internal.os.RuntimeInit.main(RuntimeInit.java:235)
07-14 12:19:36.627 E/UiDevice( 4683): 	at dalvik.system.NativeStart.main(Native Method)
07-14 12:19:36.643 D/dalvikvm( 4683): Note: class Landroid/app/ActivityManagerNative; has 163 unimplemented (abstract) methods
07-14 12:19:36.705 I/PowerManagerService(  374): Waking up from sleep...
07-14 12:19:36.752 I/WindowManager(  374): Lock screen displayed!
07-14 12:19:36.830 D/dalvikvm(  374): JIT code cache reset in 10 ms (1048460 bytes 3/0)
07-14 12:19:36.885 D/dalvikvm(  374): GC_CONCURRENT freed 1728K, 14% free 20393K/23616K, paused 6ms+23ms, total 174ms
07-14 12:19:37.073 D/PowerManagerService-JNI(  374): Excessive delay in autosuspend_disable() while turning screen on: 348ms
07-14 12:19:37.073 D/SurfaceFlinger(  124): Screen acquired, type=0 flinger=0x41e1a478
07-14 12:19:37.151 D/LightsService(  374): Excessive delay setting light: 83ms
07-14 12:19:37.221 D/LightsService(  374): Excessive delay setting light: 67ms
07-14 12:19:37.307 V/DigitalWidgetViewsFactory( 2502): DigitalWidget sets next alarm string to null
07-14 12:19:37.502 D/AndroidRuntime( 4704): 
07-14 12:19:37.502 D/AndroidRuntime( 4704): >>>>>> AndroidRuntime START com.android.internal.os.RuntimeInit <<<<<<
07-14 12:19:37.502 D/AndroidRuntime( 4704): CheckJNI is OFF
07-14 12:19:37.510 D/dalvikvm( 4704): Trying to load lib libjavacore.so 0x0
07-14 12:19:37.510 D/dalvikvm( 4704): Added shared lib libjavacore.so 0x0
07-14 12:19:37.526 D/dalvikvm( 4704): Trying to load lib libnativehelper.so 0x0
07-14 12:19:37.526 D/dalvikvm( 4704): Added shared lib libnativehelper.so 0x0
07-14 12:19:37.674 D/AndroidRuntime( 4704): Calling main entry com.qihoo360.powerctl.root.app.App
07-14 12:19:37.674 D/AndroidRuntime( 4704): Shutting down VM
07-14 12:19:37.682 D/dalvikvm( 4704): GC_CONCURRENT freed 114K, 22% free 467K/592K, paused 0ms+1ms, total 4ms
07-14 12:19:37.682 I/AndroidRuntime( 4704): NOTE: attach of thread 'Binder_1' failed
07-14 12:19:38.487 I/QueryController( 4683): Matched selector: UiSelector[DESCRIPTION=滑动区域。] <<==>> [android.view.accessibility.AccessibilityNodeInfo@bb37f; boundsInParent: Rect(0, 0 - 720, 756); boundsInScreen: Rect(0, 547 - 720, 1303); packageName: android; className: android.view.View; text: null; contentDescription: 滑动区域。; viewIdResName: android:id/glow_pad_view; checkable: false; checked: false; focusable: false; focused: false; selected: false; clickable: false; longClickable: false; enabled: true; password: false; scrollable: false; [ACTION_SELECT, ACTION_CLEAR_SELECTION, ACTION_ACCESSIBILITY_FOCUS, ACTION_NEXT_AT_MOVEMENT_GRANULARITY, ACTION_PREVIOUS_AT_MOVEMENT_GRANULARITY, ACTION_SET_SELECTION]]
07-14 12:19:38.494 W/GlowPadView(  374): The number of target drawables must be equal to the number of direction descriptions.
07-14 12:19:38.854 D/PhoneStatusBar(  450): disable: < expand icons alerts ticker system_info BACK HOME recent* CLOCK search >
07-14 12:19:38.885 D/NfcService(  582): NFC-C ON
07-14 12:19:38.924 D/PhoneStatusBar(  450): disable: < expand icons alerts ticker system_info back* home* recent clock* search >
07-14 12:19:39.026 D/dalvikvm(  874): GC_CONCURRENT freed 421K, 17% free 9640K/11548K, paused 13ms+11ms, total 115ms
07-14 12:19:39.385 V/TAG     (  374): bug 7643792: fitSystemWindows([0,50][0,0])
07-14 12:19:39.455 D/AndroidRuntime( 4730): 
07-14 12:19:39.455 D/AndroidRuntime( 4730): >>>>>> AndroidRuntime START com.android.internal.os.RuntimeInit <<<<<<
07-14 12:19:39.455 D/AndroidRuntime( 4730): CheckJNI is OFF
07-14 12:19:39.471 D/dalvikvm( 4730): Trying to load lib libjavacore.so 0x0
07-14 12:19:39.479 D/dalvikvm( 4730): Added shared lib libjavacore.so 0x0
07-14 12:19:39.494 D/dalvikvm( 4730): Trying to load lib libnativehelper.so 0x0
07-14 12:19:39.494 D/dalvikvm( 4730): Added shared lib libnativehelper.so 0x0
07-14 12:19:39.768 D/AndroidRuntime( 4730): Calling main entry com.qihoo360.powerctl.root.app.App
07-14 12:19:39.768 D/AndroidRuntime( 4730): Shutting down VM
07-14 12:19:39.776 D/dalvikvm( 4730): GC_CONCURRENT freed 114K, 22% free 467K/592K, paused 0ms+1ms, total 3ms
07-14 12:19:39.776 I/AndroidRuntime( 4730): NOTE: attach of thread 'Binder_1' failed
07-14 12:19:39.854 I/RootJni ( 4739): su: permission denied
07-14 12:19:39.901 D/dalvikvm( 1052): GC_CONCURRENT freed 502K, 9% free 10253K/11168K, paused 5ms+40ms, total 128ms
07-14 12:19:42.948 D/dalvikvm( 4683): GC_FOR_ALLOC freed 7587K, 93% free 604K/8192K, paused 36ms, total 36ms
07-14 12:19:43.096 D/dalvikvm( 4683): GC_CONCURRENT freed 396K, 93% free 596K/8192K, paused 1ms+1ms, total 10ms
07-14 12:19:43.244 D/dalvikvm( 4683): GC_CONCURRENT freed 381K, 55% free 601K/1332K, paused 2ms+1ms, total 12ms
07-14 12:19:43.393 D/dalvikvm( 4683): GC_CONCURRENT freed 395K, 56% free 595K/1332K, paused 1ms+1ms, total 8ms
07-14 12:19:43.541 D/dalvikvm( 4683): GC_CONCURRENT freed 380K, 56% free 598K/1332K, paused 1ms+0ms, total 7ms
07-14 12:19:43.674 D/dalvikvm( 4683): GC_CONCURRENT freed 391K, 55% free 600K/1332K, paused 0ms+0ms, total 7ms
07-14 12:19:43.815 D/dalvikvm( 4683): GC_CONCURRENT freed 399K, 56% free 597K/1332K, paused 0ms+1ms, total 6ms
07-14 12:19:43.955 D/dalvikvm( 4683): GC_CONCURRENT freed 383K, 56% free 598K/1332K, paused 2ms+0ms, total 8ms
07-14 12:19:44.096 D/dalvikvm( 4683): GC_CONCURRENT freed 391K, 55% free 599K/1332K, paused 1ms+0ms, total 8ms
07-14 12:19:44.229 D/dalvikvm( 4683): GC_CONCURRENT freed 385K, 56% free 599K/1332K, paused 1ms+1ms, total 9ms
07-14 12:19:44.362 D/dalvikvm( 4683): GC_CONCURRENT freed 392K, 55% free 601K/1332K, paused 1ms+1ms, total 7ms
07-14 12:19:44.510 D/dalvikvm( 4683): GC_CONCURRENT freed 396K, 56% free 598K/1332K, paused 0ms+0ms, total 6ms
07-14 12:19:44.643 D/dalvikvm( 4683): GC_CONCURRENT freed 385K, 56% free 597K/1332K, paused 2ms+0ms, total 7ms
07-14 12:19:44.783 D/dalvikvm( 4683): GC_CONCURRENT freed 392K, 56% free 598K/1332K, paused 1ms+1ms, total 7ms
07-14 12:19:44.924 D/dalvikvm( 4683): GC_CONCURRENT freed 384K, 56% free 598K/1332K, paused 2ms+0ms, total 9ms
07-14 12:19:45.065 D/dalvikvm( 4683): GC_CONCURRENT freed 392K, 56% free 598K/1332K, paused 0ms+0ms, total 7ms
07-14 12:19:45.174 D/dalvikvm(  374): GC_CONCURRENT freed 4214K, 19% free 18989K/23244K, paused 3ms+11ms, total 165ms
07-14 12:19:45.244 D/dalvikvm( 4683): GC_CONCURRENT freed 384K, 56% free 597K/1332K, paused 2ms+1ms, total 8ms
07-14 12:19:45.377 D/dalvikvm( 4683): GC_CONCURRENT freed 392K, 55% free 604K/1332K, paused 1ms+0ms, total 8ms
07-14 12:19:45.518 D/dalvikvm( 4683): GC_CONCURRENT freed 397K, 56% free 599K/1332K, paused 1ms+1ms, total 7ms
07-14 12:19:45.651 D/dalvikvm( 4683): GC_CONCURRENT freed 399K, 56% free 597K/1332K, paused 1ms+1ms, total 8ms
07-14 12:19:45.791 D/dalvikvm( 4683): GC_CONCURRENT freed 383K, 56% free 598K/1332K, paused 2ms+1ms, total 8ms
07-14 12:19:45.932 D/dalvikvm( 4683): GC_CONCURRENT freed 391K, 55% free 599K/1332K, paused 0ms+1ms, total 8ms
07-14 12:19:46.065 D/dalvikvm( 4683): GC_CONCURRENT freed 385K, 56% free 598K/1332K, paused 1ms+1ms, total 7ms
07-14 12:19:46.205 D/dalvikvm( 4683): GC_CONCURRENT freed 393K, 56% free 597K/1332K, paused 2ms+0ms, total 8ms
07-14 12:19:46.369 D/dalvikvm( 4683): GC_CONCURRENT freed 383K, 56% free 598K/1332K, paused 2ms+0ms, total 8ms
07-14 12:19:46.510 D/dalvikvm( 4683): GC_CONCURRENT freed 391K, 55% free 599K/1332K, paused 1ms+1ms, total 8ms
07-14 12:19:46.643 D/dalvikvm( 4683): GC_CONCURRENT freed 385K, 56% free 598K/1332K, paused 2ms+1ms, total 8ms
07-14 12:19:46.783 D/dalvikvm( 4683): GC_CONCURRENT freed 392K, 56% free 598K/1332K, paused 0ms+1ms, total 7ms
07-14 12:19:46.932 D/dalvikvm( 4683): GC_CONCURRENT freed 397K, 56% free 598K/1332K, paused 1ms+4ms, total 12ms
07-14 12:19:47.065 D/dalvikvm( 4683): GC_CONCURRENT freed 384K, 56% free 598K/1332K, paused 1ms+1ms, total 8ms
07-14 12:19:47.237 D/dalvikvm( 4683): GC_CONCURRENT freed 390K, 56% free 597K/1332K, paused 1ms+1ms, total 7ms
07-14 12:19:47.377 D/dalvikvm( 4683): GC_CONCURRENT freed 385K, 56% free 595K/1332K, paused 2ms+1ms, total 9ms
07-14 12:19:47.518 D/dalvikvm( 4683): GC_CONCURRENT freed 392K, 56% free 598K/1332K, paused 1ms+1ms, total 8ms
07-14 12:19:47.651 D/dalvikvm( 4683): GC_CONCURRENT freed 384K, 55% free 600K/1332K, paused 0ms+0ms, total 6ms
07-14 12:19:47.791 D/dalvikvm( 4683): GC_CONCURRENT freed 391K, 56% free 597K/1332K, paused 2ms+1ms, total 8ms
07-14 12:19:47.823 D/dalvikvm( 2019): GC_FOR_ALLOC freed 344K, 7% free 9927K/10588K, paused 56ms, total 56ms
07-14 12:19:47.924 D/dalvikvm( 4683): GC_CONCURRENT freed 399K, 56% free 598K/1332K, paused 1ms+1ms, total 7ms
07-14 12:19:48.073 D/dalvikvm( 4683): GC_CONCURRENT freed 396K, 56% free 597K/1332K, paused 0ms+1ms, total 6ms
07-14 12:19:48.213 D/dalvikvm( 4683): GC_CONCURRENT freed 398K, 56% free 598K/1332K, paused 2ms+2ms, total 9ms
07-14 12:19:48.354 D/dalvikvm( 4683): GC_CONCURRENT freed 398K, 56% free 597K/1332K, paused 0ms+0ms, total 6ms
07-14 12:19:48.487 D/dalvikvm( 4683): GC_CONCURRENT freed 396K, 56% free 598K/1332K, paused 0ms+1ms, total 6ms
07-14 12:19:48.627 D/dalvikvm( 4683): GC_CONCURRENT freed 398K, 56% free 597K/1332K, paused 0ms+1ms, total 6ms
07-14 12:19:48.768 D/dalvikvm( 4683): GC_CONCURRENT freed 383K, 55% free 599K/1332K, paused 2ms+1ms, total 8ms
07-14 12:19:48.908 D/dalvikvm( 4683): GC_CONCURRENT freed 391K, 56% free 598K/1332K, paused 1ms+1ms, total 6ms
07-14 12:19:49.049 D/dalvikvm( 4683): GC_CONCURRENT freed 399K, 56% free 597K/1332K, paused 2ms+2ms, total 9ms
07-14 12:19:49.182 D/dalvikvm( 4683): GC_CONCURRENT freed 397K, 56% free 597K/1332K, paused 1ms+1ms, total 7ms
07-14 12:19:49.323 D/dalvikvm( 4683): GC_CONCURRENT freed 384K, 55% free 600K/1332K, paused 1ms+0ms, total 6ms
07-14 12:19:49.463 D/dalvikvm( 4683): GC_CONCURRENT freed 395K, 56% free 598K/1332K, paused 2ms+0ms, total 8ms
07-14 12:19:49.604 D/dalvikvm( 4683): GC_CONCURRENT freed 394K, 55% free 599K/1332K, paused 1ms+0ms, total 7ms
07-14 12:19:49.744 D/dalvikvm( 4683): GC_CONCURRENT freed 384K, 56% free 599K/1332K, paused 2ms+0ms, total 9ms
07-14 12:19:49.877 D/dalvikvm( 4683): GC_CONCURRENT freed 392K, 56% free 599K/1332K, paused 0ms+1ms, total 7ms
07-14 12:19:49.885 D/JOBS    ( 1958): Thread-181: load factor check. true = (0 < 1)|| (0 * 3 < 0 + 0). consumer thread: true
07-14 12:19:49.885 D/JOBS    ( 1958): didn't allow me to die, re-running Thread-181
07-14 12:19:49.893 D/JOBS    ( 1958): re-running consumer Thread-181
07-14 12:19:50.018 D/dalvikvm( 4683): GC_CONCURRENT freed 397K, 56% free 598K/1332K, paused 2ms+0ms, total 8ms
07-14 12:19:50.174 D/dalvikvm(  374): GC_CONCURRENT freed 2563K, 19% free 18873K/23244K, paused 3ms+8ms, total 139ms
07-14 12:19:50.190 D/dalvikvm( 4683): GC_CONCURRENT freed 398K, 56% free 597K/1332K, paused 0ms+1ms, total 6ms
07-14 12:19:50.323 D/dalvikvm( 4683): GC_CONCURRENT freed 396K, 56% free 598K/1332K, paused 1ms+0ms, total 7ms
07-14 12:19:50.463 D/dalvikvm( 4683): GC_CONCURRENT freed 384K, 56% free 598K/1332K, paused 2ms+1ms, total 7ms
07-14 12:19:50.604 D/dalvikvm( 4683): GC_CONCURRENT freed 392K, 56% free 599K/1332K, paused 1ms+1ms, total 7ms
07-14 12:19:50.744 D/dalvikvm( 4683): GC_CONCURRENT freed 384K, 55% free 600K/1332K, paused 2ms+0ms, total 9ms
07-14 12:19:50.885 D/dalvikvm( 4683): GC_CONCURRENT freed 395K, 56% free 594K/1332K, paused 2ms+1ms, total 8ms
07-14 12:19:51.026 D/LightsService(  374): Excessive delay setting light: 68ms
07-14 12:19:51.026 D/dalvikvm( 4683): GC_CONCURRENT freed 380K, 56% free 597K/1332K, paused 1ms+1ms, total 7ms
07-14 12:19:51.166 D/dalvikvm( 4683): GC_CONCURRENT freed 397K, 56% free 593K/1332K, paused 1ms+1ms, total 7ms
07-14 12:19:51.260 D/LightsService(  374): Excessive delay setting light: 67ms
07-14 12:19:51.307 D/dalvikvm( 4683): GC_CONCURRENT freed 393K, 56% free 597K/1332K, paused 1ms+1ms, total 7ms
07-14 12:19:51.448 D/dalvikvm( 4683): GC_CONCURRENT freed 384K, 56% free 598K/1332K, paused 1ms+1ms, total 7ms
07-14 12:19:51.588 D/dalvikvm( 4683): GC_CONCURRENT freed 392K, 56% free 598K/1332K, paused 0ms+1ms, total 6ms
07-14 12:19:51.596 I/Process ( 4241): Sending signal. PID: 4241 SIG: 9
07-14 12:19:51.604 I/ActivityManager(  374): Process com.android.packageinstaller (pid 4241) has died.
07-14 12:19:51.612 E/QueryController( 4683): Got null root node from accessibility - Retrying...
07-14 12:19:51.901 W/ResourceType(  595): No known package when getting name for resource number 0x9c020000
07-14 12:19:51.901 W/ResourceType(  595): No known package when getting name for resource number 0x9c020002
07-14 12:19:51.924 W/ResourceType(  595): No known package when getting name for resource number 0x9c030000
07-14 12:19:51.948 W/ResourceType(  595): No known package when getting name for resource number 0x9b000000
07-14 12:19:51.948 W/ResourceType(  595): No known package when getting name for resource number 0x9b010100
07-14 12:19:51.948 W/ResourceType(  595): No known package when getting name for resource number 0x9b030300
07-14 12:19:51.948 W/ResourceType(  595): No known package when getting name for resource number 0x9b040400
07-14 12:19:52.135 W/ResourceType(  595): No known package when getting name for resource number 0x9c020000
07-14 12:19:52.135 W/ResourceType(  595): No known package when getting name for resource number 0x9c020002
07-14 12:19:52.158 W/ResourceType(  595): No known package when getting name for resource number 0x9c030000
07-14 12:19:52.182 W/ResourceType(  595): No known package when getting name for resource number 0x9c020000
07-14 12:19:52.182 W/ResourceType(  595): No known package when getting name for resource number 0x9c020002
07-14 12:19:52.205 W/ResourceType(  595): No known package when getting name for resource number 0x9c030000
07-14 12:19:52.237 W/ResourceType(  595): No known package when getting name for resource number 0x9c020000
07-14 12:19:52.237 W/ResourceType(  595): No known package when getting name for resource number 0x9c020002
07-14 12:19:52.260 W/ResourceType(  595): No known package when getting name for resource number 0x9c030000
07-14 12:19:52.283 D/dalvikvm( 4683): GC_CONCURRENT freed 341K, 52% free 640K/1332K, paused 2ms+0ms, total 8ms
07-14 12:19:52.299 W/ResourceType(  595): No known package when getting name for resource number 0x9c020000
07-14 12:19:52.299 W/ResourceType(  595): No known package when getting name for resource number 0x9c020002
07-14 12:19:52.323 W/ResourceType(  595): No known package when getting name for resource number 0x9c030000
07-14 12:19:52.338 W/ResourceType(  595): No known package when getting name for resource number 0x9c020000
07-14 12:19:52.338 W/ResourceType(  595): No known package when getting name for resource number 0x9c020002
07-14 12:19:52.362 W/ResourceType(  595): No known package when getting name for resource number 0x9c030000
07-14 12:19:52.385 W/ResourceType(  595): No known package when getting name for resource number 0x9c020000
07-14 12:19:52.393 W/ResourceType(  595): No known package when getting name for resource number 0x9c020002
07-14 12:19:52.416 W/ResourceType(  595): No known package when getting name for resource number 0x9c030000
07-14 12:19:52.432 W/ResourceType(  595): No known package when getting name for resource number 0x9c020000
07-14 12:19:52.440 W/ResourceType(  595): No known package when getting name for resource number 0x9c020002
07-14 12:19:52.463 W/ResourceType(  595): No known package when getting name for resource number 0x9c030000
07-14 12:19:52.487 W/ResourceType(  595): No known package when getting name for resource number 0x9c020000
07-14 12:19:52.487 W/ResourceType(  595): No known package when getting name for resource number 0x9c020002
07-14 12:19:52.510 W/ResourceType(  595): No known package when getting name for resource number 0x9c030000
07-14 12:19:52.526 D/dalvikvm( 4683): GC_CONCURRENT freed 421K, 51% free 657K/1332K, paused 2ms+2ms, total 10ms
07-14 12:19:52.533 W/ResourceType(  595): No known package when getting name for resource number 0x9c020000
07-14 12:19:52.533 W/ResourceType(  595): No known package when getting name for resource number 0x9c020002
07-14 12:19:52.557 W/ResourceType(  595): No known package when getting name for resource number 0x9c030000
07-14 12:19:52.580 W/ResourceType(  595): No known package when getting name for resource number 0x9c020000
07-14 12:19:52.580 W/ResourceType(  595): No known package when getting name for resource number 0x9c020002
07-14 12:19:52.604 W/ResourceType(  595): No known package when getting name for resource number 0x9c030000
07-14 12:19:52.635 W/ResourceType(  595): No known package when getting name for resource number 0x9c020000
07-14 12:19:52.635 W/ResourceType(  595): No known package when getting name for resource number 0x9c020002
07-14 12:19:52.658 W/ResourceType(  595): No known package when getting name for resource number 0x9c030000
07-14 12:19:52.682 W/ResourceType(  595): No known package when getting name for resource number 0x9c020000
07-14 12:19:52.682 W/ResourceType(  595): No known package when getting name for resource number 0x9c020002
07-14 12:19:52.705 W/ResourceType(  595): No known package when getting name for resource number 0x9c030000
07-14 12:19:52.729 W/ResourceType(  595): No known package when getting name for resource number 0x9c020000
07-14 12:19:52.729 W/ResourceType(  595): No known package when getting name for resource number 0x9c020002
07-14 12:19:52.744 W/ResourceType(  595): No known package when getting name for resource number 0x9c030000
07-14 12:19:52.760 D/dalvikvm( 4683): GC_CONCURRENT freed 424K, 51% free 657K/1332K, paused 0ms+0ms, total 6ms
07-14 12:19:52.776 W/ResourceType(  595): No known package when getting name for resource number 0x9c020000
07-14 12:19:52.776 W/ResourceType(  595): No known package when getting name for resource number 0x9c020002
07-14 12:19:52.799 W/ResourceType(  595): No known package when getting name for resource number 0x9c030000
07-14 12:19:52.823 W/ResourceType(  595): No known package when getting name for resource number 0x9c020000
