07-14 12:15:09.010 D/PhoneStatusBar(  450): disable: < expand icons alerts ticker system_info BACK HOME recent* CLOCK search >
07-14 12:15:09.143 D/PhoneStatusBar(  450): disable: < expand icons alerts ticker system_info back* home* recent clock* search >
07-14 12:15:23.971 I/PowerManagerService(  374): Going to sleep due to screen timeout...
07-14 12:15:23.979 I/PowerManagerService(  374): Waking up from sleep...
07-14 12:15:24.494 D/PhoneStatusBar(  450): disable: < expand icons alerts ticker system_info back home RECENT* clock search >
07-14 12:15:24.877 D/PhoneStatusBar(  450): disable: < expand icons alerts ticker system_info BACK* HOME* RECENT CLOCK* search >
07-14 12:15:25.033 I/WindowManager(  374): Lock screen displayed!
07-14 12:15:26.862 D/PhoneStatusBar(  450): disable: < expand icons alerts ticker system_info BACK HOME recent* CLOCK search >
07-14 12:15:26.916 D/PhoneStatusBar(  450): disable: < expand icons alerts ticker system_info back* home* recent clock* search >
07-14 12:15:30.088 W/MountService(  374): getVolumeState(/storage/emulated/0/external_sd): Unknown volume
07-14 12:15:30.104 W/MountService(  374): getVolumeState(/mnt/sdcard-ext): Unknown volume
07-14 12:15:30.104 W/MountService(  374): getVolumeState(/mnt/ext_sdcard): Unknown volume
07-14 12:15:30.104 W/MountService(  374): getVolumeState(/mnt/sdcard2): Unknown volume
07-14 12:15:30.112 W/MountService(  374): getVolumeState(/mnt/emmc): Unknown volume
07-14 12:15:30.112 W/MountService(  374): getVolumeState(/mnt/extSdCard): Unknown volume
07-14 12:15:30.119 W/MountService(  374): getVolumeState(/mnt/sdcard/SD_CARD): Unknown volume
07-14 12:15:30.119 W/MountService(  374): getVolumeState(/mnt/sdcard/extra_sd): Unknown volume
07-14 12:15:30.119 W/MountService(  374): getVolumeState(/mnt/extrasd_bind): Unknown volume
07-14 12:15:30.119 W/MountService(  374): getVolumeState(/mnt/sdcard/ext_sd): Unknown volume
07-14 12:15:30.119 W/MountService(  374): getVolumeState(/storage/extSdCard): Unknown volume
07-14 12:15:30.119 W/MountService(  374): getVolumeState(/storage/sdcard1): Unknown volume
07-14 12:15:30.119 W/MountService(  374): getVolumeState(/mnt/sdcard/external_SD): Unknown volume
07-14 12:15:30.127 W/MountService(  374): getVolumeState(/mnt/sdcard/external_sd): Unknown volume
07-14 12:15:30.549 W/MountService(  374): getVolumeState(/storage/emulated/0/external_sd): Unknown volume
07-14 12:15:30.557 W/MountService(  374): getVolumeState(/mnt/sdcard-ext): Unknown volume
07-14 12:15:30.557 W/MountService(  374): getVolumeState(/mnt/ext_sdcard): Unknown volume
07-14 12:15:30.557 W/MountService(  374): getVolumeState(/mnt/sdcard2): Unknown volume
07-14 12:15:30.565 W/MountService(  374): getVolumeState(/mnt/emmc): Unknown volume
07-14 12:15:30.573 W/MountService(  374): getVolumeState(/mnt/extSdCard): Unknown volume
07-14 12:15:30.573 W/MountService(  374): getVolumeState(/mnt/sdcard/SD_CARD): Unknown volume
07-14 12:15:30.588 W/MountService(  374): getVolumeState(/mnt/sdcard/extra_sd): Unknown volume
07-14 12:15:30.596 W/MountService(  374): getVolumeState(/mnt/extrasd_bind): Unknown volume
07-14 12:15:30.596 W/MountService(  374): getVolumeState(/mnt/sdcard/ext_sd): Unknown volume
07-14 12:15:30.596 W/MountService(  374): getVolumeState(/storage/extSdCard): Unknown volume
07-14 12:15:30.596 W/MountService(  374): getVolumeState(/storage/sdcard1): Unknown volume
07-14 12:15:30.596 W/MountService(  374): getVolumeState(/mnt/sdcard/external_SD): Unknown volume
07-14 12:15:30.596 W/MountService(  374): getVolumeState(/mnt/sdcard/external_sd): Unknown volume
07-14 12:15:41.823 I/PowerManagerService(  374): Going to sleep due to screen timeout...
07-14 12:15:41.830 I/PowerManagerService(  374): Waking up from sleep...
07-14 12:15:42.440 D/PhoneStatusBar(  450): disable: < expand icons alerts ticker system_info back home RECENT* clock search >
07-14 12:15:42.815 D/PhoneStatusBar(  450): disable: < expand icons alerts ticker system_info BACK* HOME* RECENT CLOCK* search >
07-14 12:15:42.838 I/WindowManager(  374): Lock screen displayed!
07-14 12:15:44.065 D/PhoneStatusBar(  450): disable: < expand icons alerts ticker system_info BACK HOME recent* CLOCK search >
07-14 12:15:44.135 D/PhoneStatusBar(  450): disable: < expand icons alerts ticker system_info back* home* recent clock* search >
07-14 12:15:59.041 I/PowerManagerService(  374): Going to sleep due to screen timeout...
07-14 12:15:59.041 I/PowerManagerService(  374): Waking up from sleep...
07-14 12:15:59.682 D/PhoneStatusBar(  450): disable: < expand icons alerts ticker system_info back home RECENT* clock search >
07-14 12:16:00.049 I/WindowManager(  374): Lock screen displayed!
07-14 12:16:00.057 D/PhoneStatusBar(  450): disable: < expand icons alerts ticker system_info BACK* HOME* RECENT CLOCK* search >
07-14 12:16:02.190 D/PhoneStatusBar(  450): disable: < expand icons alerts ticker system_info BACK HOME recent* CLOCK search >
07-14 12:16:02.260 D/PhoneStatusBar(  450): disable: < expand icons alerts ticker system_info back* home* recent clock* search >
07-14 12:16:17.174 I/PowerManagerService(  374): Going to sleep due to screen timeout...
07-14 12:16:18.580 D/PhoneStatusBar(  450): disable: < expand icons alerts ticker system_info back home RECENT* clock search >
07-14 12:16:18.721 D/PhoneStatusBar(  450): disable: < expand icons alerts ticker system_info BACK* HOME* RECENT CLOCK* search >
07-14 12:16:18.776 I/PowerManagerService(  374): Waking up from sleep...
07-14 12:16:18.815 I/WindowManager(  374): Lock screen displayed!
07-14 12:16:21.002 D/PhoneStatusBar(  450): disable: < expand icons alerts ticker system_info BACK HOME recent* CLOCK search >
07-14 12:16:21.080 D/PhoneStatusBar(  450): disable: < expand icons alerts ticker system_info back* home* recent clock* search >
07-14 12:16:30.151 W/MountService(  374): getVolumeState(/storage/emulated/0/external_sd): Unknown volume
07-14 12:16:30.151 W/MountService(  374): getVolumeState(/mnt/sdcard-ext): Unknown volume
07-14 12:16:30.151 W/MountService(  374): getVolumeState(/mnt/ext_sdcard): Unknown volume
07-14 12:16:30.151 W/MountService(  374): getVolumeState(/mnt/sdcard2): Unknown volume
07-14 12:16:30.158 W/MountService(  374): getVolumeState(/mnt/emmc): Unknown volume
07-14 12:16:30.158 W/MountService(  374): getVolumeState(/mnt/extSdCard): Unknown volume
07-14 12:16:30.158 W/MountService(  374): getVolumeState(/mnt/sdcard/SD_CARD): Unknown volume
07-14 12:16:30.158 W/MountService(  374): getVolumeState(/mnt/sdcard/extra_sd): Unknown volume
07-14 12:16:30.174 W/MountService(  374): getVolumeState(/mnt/extrasd_bind): Unknown volume
07-14 12:16:30.198 W/MountService(  374): getVolumeState(/mnt/sdcard/ext_sd): Unknown volume
07-14 12:16:30.198 W/MountService(  374): getVolumeState(/storage/extSdCard): Unknown volume
07-14 12:16:30.198 W/MountService(  374): getVolumeState(/storage/sdcard1): Unknown volume
07-14 12:16:30.198 W/MountService(  374): getVolumeState(/mnt/sdcard/external_SD): Unknown volume
07-14 12:16:30.205 W/MountService(  374): getVolumeState(/mnt/sdcard/external_sd): Unknown volume
07-14 12:16:30.557 W/MountService(  374): getVolumeState(/storage/emulated/0/external_sd): Unknown volume
07-14 12:16:30.557 W/MountService(  374): getVolumeState(/mnt/sdcard-ext): Unknown volume
07-14 12:16:30.557 W/MountService(  374): getVolumeState(/mnt/ext_sdcard): Unknown volume
07-14 12:16:30.565 W/MountService(  374): getVolumeState(/mnt/sdcard2): Unknown volume
07-14 12:16:30.573 W/MountService(  374): getVolumeState(/mnt/emmc): Unknown volume
07-14 12:16:30.573 W/MountService(  374): getVolumeState(/mnt/extSdCard): Unknown volume
07-14 12:16:30.573 W/MountService(  374): getVolumeState(/mnt/sdcard/SD_CARD): Unknown volume
07-14 12:16:30.573 W/MountService(  374): getVolumeState(/mnt/sdcard/extra_sd): Unknown volume
07-14 12:16:30.580 W/MountService(  374): getVolumeState(/mnt/extrasd_bind): Unknown volume
07-14 12:16:30.580 W/MountService(  374): getVolumeState(/mnt/sdcard/ext_sd): Unknown volume
07-14 12:16:30.580 W/MountService(  374): getVolumeState(/storage/extSdCard): Unknown volume
07-14 12:16:30.580 W/MountService(  374): getVolumeState(/storage/sdcard1): Unknown volume
07-14 12:16:30.580 W/MountService(  374): getVolumeState(/mnt/sdcard/external_SD): Unknown volume
07-14 12:16:30.588 W/MountService(  374): getVolumeState(/mnt/sdcard/external_sd): Unknown volume
07-14 12:16:35.955 I/PowerManagerService(  374): Going to sleep due to screen timeout...
07-14 12:16:35.963 I/PowerManagerService(  374): Waking up from sleep...
07-14 12:16:36.518 D/PhoneStatusBar(  450): disable: < expand icons alerts ticker system_info back home RECENT* clock search >
07-14 12:16:36.846 D/PhoneStatusBar(  450): disable: < expand icons alerts ticker system_info BACK* HOME* RECENT CLOCK* search >
07-14 12:16:37.002 I/WindowManager(  374): Lock screen displayed!
07-14 12:16:38.877 D/PhoneStatusBar(  450): disable: < expand icons alerts ticker system_info BACK HOME recent* CLOCK search >
07-14 12:16:38.955 D/PhoneStatusBar(  450): disable: < expand icons alerts ticker system_info back* home* recent clock* search >
--------- beginning of /dev/log/main
07-14 12:16:42.291 D/dalvikvm( 4220): GC_CONCURRENT freed 393K, 75% free 604K/2380K, paused 1ms+1ms, total 8ms
07-14 12:16:42.424 D/dalvikvm( 4220): GC_CONCURRENT freed 384K, 75% free 603K/2380K, paused 2ms+1ms, total 8ms
07-14 12:16:42.541 D/dalvikvm( 4220): GC_CONCURRENT freed 392K, 75% free 604K/2380K, paused 1ms+0ms, total 7ms
07-14 12:16:42.666 D/dalvikvm( 4220): GC_CONCURRENT freed 384K, 75% free 604K/2380K, paused 2ms+1ms, total 8ms
07-14 12:16:42.791 D/dalvikvm( 4220): GC_CONCURRENT freed 391K, 75% free 605K/2380K, paused 0ms+0ms, total 7ms
07-14 12:16:42.916 D/dalvikvm( 4220): GC_CONCURRENT freed 385K, 75% free 604K/2380K, paused 2ms+1ms, total 8ms
07-14 12:16:43.041 D/dalvikvm( 4220): GC_CONCURRENT freed 384K, 75% free 612K/2380K, paused 2ms+1ms, total 9ms
07-14 12:16:43.166 D/dalvikvm( 4220): GC_CONCURRENT freed 405K, 75% free 604K/2380K, paused 0ms+1ms, total 7ms
07-14 12:16:43.283 D/dalvikvm( 4220): GC_CONCURRENT freed 398K, 75% free 603K/2380K, paused 1ms+1ms, total 7ms
07-14 12:16:43.408 D/dalvikvm( 4220): GC_CONCURRENT freed 383K, 75% free 604K/2380K, paused 2ms+1ms, total 8ms
07-14 12:16:43.533 D/dalvikvm( 4220): GC_CONCURRENT freed 392K, 75% free 604K/2380K, paused 1ms+1ms, total 7ms
07-14 12:16:43.658 D/dalvikvm( 4220): GC_CONCURRENT freed 385K, 75% free 603K/2380K, paused 2ms+1ms, total 9ms
07-14 12:16:43.776 D/dalvikvm( 4220): GC_CONCURRENT freed 392K, 75% free 604K/2380K, paused 1ms+0ms, total 7ms
07-14 12:16:43.901 D/dalvikvm( 4220): GC_CONCURRENT freed 384K, 75% free 604K/2380K, paused 2ms+1ms, total 8ms
07-14 12:16:44.026 D/dalvikvm( 4220): GC_CONCURRENT freed 392K, 75% free 604K/2380K, paused 1ms+1ms, total 7ms
07-14 12:16:44.151 D/dalvikvm( 4220): GC_CONCURRENT freed 384K, 75% free 604K/2380K, paused 2ms+0ms, total 7ms
07-14 12:16:44.276 D/dalvikvm( 4220): GC_CONCURRENT freed 392K, 75% free 604K/2380K, paused 1ms+1ms, total 7ms
07-14 12:16:44.401 D/dalvikvm( 4220): GC_CONCURRENT freed 384K, 75% free 604K/2380K, paused 2ms+1ms, total 8ms
07-14 12:16:44.518 D/dalvikvm( 4220): GC_CONCURRENT freed 391K, 75% free 610K/2380K, paused 1ms+1ms, total 7ms
07-14 12:16:44.643 D/dalvikvm( 4220): GC_CONCURRENT freed 398K, 75% free 604K/2380K, paused 2ms+1ms, total 8ms
07-14 12:16:44.768 D/dalvikvm( 4220): GC_CONCURRENT freed 384K, 75% free 604K/2380K, paused 2ms+1ms, total 8ms
07-14 12:16:44.893 D/dalvikvm( 4220): GC_CONCURRENT freed 391K, 75% free 605K/2380K, paused 0ms+0ms, total 7ms
07-14 12:16:45.010 D/dalvikvm( 4220): GC_CONCURRENT freed 399K, 75% free 603K/2380K, paused 1ms+1ms, total 7ms
07-14 12:16:45.135 D/dalvikvm( 4220): GC_CONCURRENT freed 396K, 75% free 604K/2380K, paused 0ms+1ms, total 6ms
07-14 12:16:45.252 D/dalvikvm( 4220): GC_CONCURRENT freed 398K, 75% free 603K/2380K, paused 0ms+0ms, total 6ms
07-14 12:16:45.377 D/dalvikvm( 4220): GC_CONCURRENT freed 397K, 75% free 603K/2380K, paused 1ms+1ms, total 7ms
07-14 12:16:45.502 D/dalvikvm( 4220): GC_CONCURRENT freed 398K, 75% free 603K/2380K, paused 1ms+1ms, total 7ms
07-14 12:16:45.596 D/PushService( 1958): [null:-1]->receiver action :com.pekall.mdm.action.PUSH_ALARM
07-14 12:16:45.604 D/PushService( 1958): [null:-1]->keepAliveWithPushServer client is opened:true
07-14 12:16:45.604 D/PushLib : ( 1958): [null:-1]->ping!!!!!!!!!
07-14 12:16:45.604 D/PushLib : ( 1958): [null:-1]->pushClient is :not null
07-14 12:16:45.604 D/PushLib : ( 1958): [null:-1]->pushClient opened : opened
07-14 12:16:45.627 D/dalvikvm( 4220): GC_CONCURRENT freed 397K, 75% free 604K/2380K, paused 1ms+1ms, total 7ms
07-14 12:16:45.760 D/dalvikvm( 4220): GC_CONCURRENT freed 383K, 75% free 605K/2380K, paused 2ms+0ms, total 8ms
07-14 12:16:45.893 D/dalvikvm( 4220): GC_CONCURRENT freed 396K, 75% free 600K/2380K, paused 1ms+1ms, total 7ms
07-14 12:16:45.987 D/dalvikvm(  374): GC_CONCURRENT freed 2977K, 18% free 18945K/22880K, paused 3ms+11ms, total 168ms
07-14 12:16:46.065 D/dalvikvm( 4220): GC_CONCURRENT freed 379K, 75% free 606K/2380K, paused 2ms+1ms, total 8ms
07-14 12:16:46.190 D/dalvikvm( 4220): GC_CONCURRENT freed 392K, 75% free 604K/2380K, paused 2ms+1ms, total 8ms
07-14 12:16:46.315 D/dalvikvm( 4220): GC_CONCURRENT freed 384K, 75% free 603K/2380K, paused 1ms+0ms, total 7ms
07-14 12:16:46.440 D/dalvikvm( 4220): GC_CONCURRENT freed 392K, 75% free 604K/2380K, paused 0ms+0ms, total 6ms
07-14 12:16:46.565 D/dalvikvm( 4220): GC_CONCURRENT freed 384K, 75% free 604K/2380K, paused 2ms+0ms, total 7ms
07-14 12:16:46.690 D/dalvikvm( 4220): GC_CONCURRENT freed 391K, 75% free 604K/2380K, paused 0ms+0ms, total 7ms
07-14 12:16:46.815 D/dalvikvm( 4220): GC_CONCURRENT freed 385K, 75% free 603K/2380K, paused 1ms+0ms, total 7ms
07-14 12:16:46.940 D/dalvikvm( 4220): GC_CONCURRENT freed 392K, 75% free 605K/2380K, paused 0ms+0ms, total 6ms
07-14 12:16:47.065 D/dalvikvm( 4220): GC_CONCURRENT freed 384K, 75% free 605K/2380K, paused 2ms+1ms, total 8ms
07-14 12:16:47.213 D/dalvikvm( 4220): GC_CONCURRENT freed 395K, 75% free 599K/2380K, paused 0ms+1ms, total 6ms
07-14 12:16:47.338 D/dalvikvm( 4220): GC_CONCURRENT freed 380K, 75% free 607K/2380K, paused 2ms+1ms, total 8ms
07-14 12:16:47.463 D/dalvikvm( 4220): GC_CONCURRENT freed 391K, 75% free 602K/2380K, paused 1ms+0ms, total 8ms
07-14 12:16:47.596 D/dalvikvm( 4220): GC_CONCURRENT freed 385K, 75% free 601K/2380K, paused 1ms+0ms, total 8ms
07-14 12:16:47.729 D/dalvikvm( 4220): GC_CONCURRENT freed 392K, 75% free 604K/2380K, paused 0ms+1ms, total 6ms
07-14 12:16:47.862 D/dalvikvm( 4220): GC_CONCURRENT freed 399K, 75% free 603K/2380K, paused 2ms+2ms, total 9ms
07-14 12:16:47.987 D/dalvikvm( 4220): GC_CONCURRENT freed 383K, 75% free 603K/2380K, paused 2ms+1ms, total 7ms
07-14 12:16:48.104 D/dalvikvm( 4220): GC_CONCURRENT freed 391K, 75% free 605K/2380K, paused 1ms+1ms, total 7ms
07-14 12:16:48.237 D/dalvikvm( 4220): GC_CONCURRENT freed 384K, 75% free 605K/2380K, paused 2ms+1ms, total 8ms
07-14 12:16:48.354 D/dalvikvm( 4220): GC_CONCURRENT freed 397K, 75% free 600K/2380K, paused 0ms+0ms, total 6ms
07-14 12:16:48.479 D/dalvikvm( 4220): GC_CONCURRENT freed 379K, 75% free 605K/2380K, paused 2ms+0ms, total 7ms
07-14 12:16:48.604 D/dalvikvm( 4220): GC_CONCURRENT freed 391K, 75% free 604K/2380K, paused 1ms+1ms, total 7ms
07-14 12:16:48.737 D/dalvikvm( 4220): GC_CONCURRENT freed 385K, 75% free 608K/2380K, paused 2ms+0ms, total 8ms
07-14 12:16:50.627 D/PushLib : ( 1958): [null:-1]->MSG_WEBSOCKET_PONG
07-14 12:16:51.026 D/LightsService(  374): Excessive delay setting light: 68ms
07-14 12:16:51.299 D/LightsService(  374): Excessive delay setting light: 67ms
07-14 12:16:51.526 D/dalvikvm( 4220): GC_CONCURRENT freed 376K, 75% free 617K/2380K, paused 1ms+2ms, total 9ms
07-14 12:16:51.541 I/AndroidRuntime( 4220): VM exiting with result code 0.
07-14 12:16:53.846 I/PowerManagerService(  374): Going to sleep due to screen timeout...
07-14 12:16:54.635 D/SurfaceFlinger(  124): Screen released, type=0 flinger=0x41e1a478
07-14 12:16:54.643 D/MdmApplication( 3494): [null:-1]->onActivityPaused ui.MainActivity , mActivityCount = 1
07-14 12:16:54.651 D/MDM :   ( 3494): [null:-1]->query
07-14 12:16:54.651 D/MDM :   ( 3494): [null:-1]->QUERY_PINCODE_CHECK_RESULT
07-14 12:16:54.651 E/Mdm     ( 3494): Call Mdm service's setLastExitTime function
07-14 12:16:54.823 D/dalvikvm(  374): GC_CONCURRENT freed 2135K, 16% free 19322K/22872K, paused 4ms+11ms, total 131ms
07-14 12:16:54.823 D/dalvikvm(  374): WAIT_FOR_CONCURRENT_GC blocked 70ms
07-14 12:16:54.823 D/dalvikvm(  374): WAIT_FOR_CONCURRENT_GC blocked 70ms
07-14 12:16:54.823 D/dalvikvm(  374): WAIT_FOR_CONCURRENT_GC blocked 68ms
07-14 12:16:54.854 D/NfcService(  582): NFC-C OFF, disconnect
07-14 12:16:54.963 D/dalvikvm(  636): GC_FOR_ALLOC freed 1049K, 10% free 12590K/13984K, paused 74ms, total 74ms
07-14 12:16:54.994 D/dalvikvm( 1425): GC_FOR_ALLOC freed 341K, 6% free 9963K/10572K, paused 34ms, total 34ms
07-14 12:16:55.033 V/KeyguardHostView(  374): hide transport, gen:11
07-14 12:16:55.033 V/KeyguardHostView(  374): music state changed: 0
07-14 12:16:55.080 D/MDM :   ( 3494): [null:-1]->query
07-14 12:16:55.080 D/MDM :   ( 3494): [null:-1]->QUERY_SETTING_PIN_ONOFF
07-14 12:16:55.080 D/PhoneStatusBar(  450): disable: < expand icons alerts ticker system_info back home RECENT* clock search >
07-14 12:16:55.112 V/TAG     (  374): bug 7643792: fitSystemWindows([0,50][0,0])
07-14 12:16:55.190 D/dalvikvm( 1146): GC_CONCURRENT freed 454K, 8% free 9265K/10052K, paused 2ms+9ms, total 34ms
07-14 12:16:55.221 D/PhoneStatusBar(  450): disable: < expand icons alerts ticker system_info BACK* HOME* RECENT CLOCK* search >
07-14 12:17:03.963 D/dalvikvm( 2037): GC_CONCURRENT freed 598K, 21% free 9545K/11956K, paused 5ms+3ms, total 33ms
07-14 12:17:14.705 D/MDM :   ( 3494): [null:-1]->MSG_WEBSOCKET_MESSAGE : {"id":-1553519531,"type":0,"command":0,"result":0,"reason":0,"params":{"msgId":"69618ae3-6851-4008-875e-5c64edd2cdce,69618ae368514008875e5c64edd2cdce","device":"ffffffffc539bb10fffffffff7aea961","message":"{\"cmd\":\"10119\"}"}}
07-14 12:17:14.721 D/MdmService( 3494): [null:-1]->push message type :0
07-14 12:17:14.721 D/MdmService( 3494): [null:-1]->cmdMessage : {"cmd":"10119"}
07-14 12:17:14.729 D/MdmService( 3494): [null:-1]->command : PushCommandMsg{cmd='10119', msg='null'}
07-14 12:17:14.729 D/MDM :   ( 3494): [null:-1]->PUSH CMD: 10119
07-14 12:17:14.737 D/MdmStatusManager( 3494): [null:-1]->change status to : Busy
07-14 12:17:14.737 D/DB      ( 3494): query: SQLiteQuery: SELECT content, command_status, status FROM command WHERE status!=2
07-14 12:17:14.737 D/DB      ( 3494): factory null
07-14 12:17:14.737 D/DB      ( 3494): fillWindow: 0
07-14 12:17:14.737 D/DB      ( 3494): cursor 0
07-14 12:17:14.737 D/DB      ( 3494): moveToPos: 0
07-14 12:17:14.737 I/TransInfo( 3494): TransInfo created, id: 3, class: class com.pekall.emdm.transaction.b.c
07-14 12:17:14.737 D/NetworkThread( 3494): [null:-1]->----isRunning-----true
07-14 12:17:14.737 D/NetworkThread( 3494): [null:-1]->----isRunning-----true
07-14 12:17:14.737 D/NetworkThread( 3494): [null:-1]->thread wakeup
07-14 12:17:14.744 D/HttpClient( 3494): enable apache.http debug
07-14 12:17:14.752 V/DEBUG   ( 3494): HTTP 0
07-14 12:17:15.752 V/DEBUG   ( 3494): HTTP 1
07-14 12:17:15.783 D/MDM :   ( 3494): [null:-1]->read network input stream
07-14 12:17:15.791 D/CheckInTransInfo( 3494): [null:-1]->CommandMsg : CommandMsg{CommandUUID='8a80888e4732aed501473316bf090465', Command=CommandInstallDocument{DocumentName='自动化测试txt', DocumentSize=12, DocumentFormat='txt', DownloadURL='http://demo.everknow.cn/resources/api/v1/download/guest?uuid=7a8eeae87fa042b9db4710a94ea9', Auth=null, DocumentUUID='8a80888c46c806620146c86da0e00583', Version='1.0', DocumentDescription='null', DocumentCategory=null, IsCompressed=null, ReadAuthDay=null, RingNotify=null, EncryptLevel=null}}
07-14 12:17:15.791 D/DB      ( 3494): query: SQLiteQuery: SELECT * FROM command WHERE cmd_uuid='8a80888e4732aed501473316bf090465'
07-14 12:17:15.791 D/DB      ( 3494): factory null
07-14 12:17:15.791 D/DB      ( 3494): fillWindow: 0
07-14 12:17:15.791 D/DB      ( 3494): cursor 0
07-14 12:17:15.823 D/NetworkThread( 3494): [null:-1]->queue is empty, thread wait...
07-14 12:17:15.932 D/MdmService( 3494): [null:-1]->handleCheckInResult
07-14 12:17:15.932 D/MdmService( 3494): [null:-1]->handleCheckInResult result keyIndex: 3
07-14 12:17:15.932 D/CommandManager( 3494): [null:-1]->execute command: CommandMsg{CommandUUID='8a80888e4732aed501473316bf090465', Command=CommandInstallDocument{DocumentName='自动化测试txt', DocumentSize=12, DocumentFormat='txt', DownloadURL='http://demo.everknow.cn/resources/api/v1/download/guest?uuid=7a8eeae87fa042b9db4710a94ea9', Auth=null, DocumentUUID='8a80888c46c806620146c86da0e00583', Version='1.0', DocumentDescription='null', DocumentCategory=null, IsCompressed=null, ReadAuthDay=null, RingNotify=null, EncryptLevel=null}}
07-14 12:17:15.932 D/DownLoadDocService( 3494): [null:-1]->action is  com.pekall.emdm.action.DOWNLOADDOC
07-14 12:17:15.940 D/DownLoadDocService( 3494): [null:-1]->uuid is  8a80888c46c806620146c86da0e00583 ,url is http://demo.everknow.cn/resources/api/v1/download/guest?uuid=7a8eeae87fa042b9db4710a94ea9
07-14 12:17:15.940 E/DB      ( 3494): bind, index: 1, value: 8a80888c46c806620146c86da0e00583
07-14 12:17:15.940 D/DB      ( 3494): query: SQLiteQuery: SELECT * FROM doc WHERE uuid=?
07-14 12:17:15.940 D/DB      ( 3494): factory null
07-14 12:17:15.940 D/DB      ( 3494): fillWindow: 0
07-14 12:17:15.940 D/DB      ( 3494): cursor 0
07-14 12:17:15.940 D/DB      ( 3494): moveToPos: 0
07-14 12:17:16.010 D/DB      ( 3494): query: SQLiteQuery: SELECT * FROM doc WHERE browseStatus = 0 AND type = 'Normal'
07-14 12:17:16.010 D/DB      ( 3494): factory null
07-14 12:17:16.010 D/DB      ( 3494): fillWindow: 0
07-14 12:17:16.010 D/DB      ( 3494): cursor 1
07-14 12:17:16.010 E/Mdm     ( 3494): Call Mdm service's recordIconCount function
07-14 12:17:16.033 D/DB      ( 3494): query: SQLiteQuery: SELECT * FROM doc WHERE browseStatus = 0 AND type = 'Normal'
07-14 12:17:16.033 D/DB      ( 3494): factory null
07-14 12:17:16.033 D/DB      ( 3494): fillWindow: 0
07-14 12:17:16.033 D/DB      ( 3494): cursor 1
07-14 12:17:16.080 D/dalvikvm(  450): GC_FOR_ALLOC freed 530K, 11% free 13424K/14936K, paused 30ms, total 31ms
07-14 12:17:16.080 I/TransInfo( 3494): TransInfo created, id: 3, class: class com.pekall.emdm.transaction.b.c
07-14 12:17:16.088 D/NetworkThread( 3494): [null:-1]->----isRunning-----true
07-14 12:17:16.088 D/NetworkThread( 3494): [null:-1]->----isRunning-----true
07-14 12:17:16.088 D/NetworkThread( 3494): [null:-1]->thread wakeup
07-14 12:17:16.088 D/HttpClient( 3494): enable apache.http debug
07-14 12:17:16.096 V/DEBUG   ( 3494): HTTP 0
07-14 12:17:16.143 I/AudioService(  374):  AudioFocus  requestAudioFocus() from android.media.AudioManager@42c40548
07-14 12:17:16.143 V/KeyguardHostView(  374): hide transport, gen:12
07-14 12:17:16.963 V/DEBUG   ( 3494): HTTP 1
07-14 12:17:16.971 D/MdmDatabaseHelper( 3494): [null:-1]->update command 8a80888e4732aed501473316bf090465 to status executed
07-14 12:17:17.002 D/NetworkThread( 3494): [null:-1]->queue is empty, thread wait...
07-14 12:17:17.073 D/MdmService( 3494): [null:-1]->handleCheckInResult
07-14 12:17:17.073 D/MdmService( 3494): [null:-1]->handleCheckInResult result keyIndex: 3
07-14 12:17:17.073 D/HandleCommandTask( 3494): [null:-1]->execute command msg but beanBase is null
07-14 12:17:17.073 D/MdmStatusManager( 3494): [null:-1]->change status to : Idle
07-14 12:17:17.283 I/AudioService(  374):  AudioFocus  abandonAudioFocus() from android.media.AudioManager@42c40548
07-14 12:17:17.283 V/KeyguardHostView(  374): hide transport, gen:13
07-14 12:17:25.705 D/AndroidRuntime( 4539): 
07-14 12:17:25.705 D/AndroidRuntime( 4539): >>>>>> AndroidRuntime START com.android.internal.os.RuntimeInit <<<<<<
07-14 12:17:25.705 D/AndroidRuntime( 4539): CheckJNI is OFF
07-14 12:17:25.721 D/dalvikvm( 4539): Trying to load lib libjavacore.so 0x0
07-14 12:17:25.729 D/dalvikvm( 4539): Added shared lib libjavacore.so 0x0
07-14 12:17:25.744 D/dalvikvm( 4539): Trying to load lib libnativehelper.so 0x0
07-14 12:17:25.744 D/dalvikvm( 4539): Added shared lib libnativehelper.so 0x0
07-14 12:17:25.987 D/AndroidRuntime( 4539): Calling main entry com.android.commands.uiautomator.Launcher
07-14 12:17:26.026 E/UiDevice( 4539): Exceuting watcher: ANRWatcher
07-14 12:17:26.026 E/UiDevice( 4539): java.lang.RuntimeException: UiDevice not initialized
07-14 12:17:26.026 E/UiDevice( 4539): 	at com.android.uiautomator.core.UiDevice.getAutomatorBridge(UiDevice.java:87)
07-14 12:17:26.026 E/UiDevice( 4539): 	at com.android.uiautomator.core.UiDevice.wakeUp(UiDevice.java:719)
07-14 12:17:26.026 E/UiDevice( 4539): 	at com.pekall.test.mdmui.util.UiANRWatcher.checkForCondition(UiANRWatcher.java:23)
07-14 12:17:26.026 E/UiDevice( 4539): 	at com.android.uiautomator.core.UiDevice.runWatchers(UiDevice.java:554)
07-14 12:17:26.026 E/UiDevice( 4539): 	at com.pekall.test.mdmui.util.UiANRWatcher.run(UiANRWatcher.java:41)
07-14 12:17:26.026 E/UiDevice( 4539): 	at com.pekall.test.mdmui.Document.<clinit>(Document.java:25)
07-14 12:17:26.026 E/UiDevice( 4539): 	at java.lang.Class.newInstanceImpl(Native Method)
07-14 12:17:26.026 E/UiDevice( 4539): 	at java.lang.Class.newInstance(Class.java:1130)
07-14 12:17:26.026 E/UiDevice( 4539): 	at com.android.uiautomator.testrunner.TestCaseCollector.addSingleTestMethod(TestCaseCollector.java:110)
07-14 12:17:26.026 E/UiDevice( 4539): 	at com.android.uiautomator.testrunner.TestCaseCollector.addTestClass(TestCaseCollector.java:86)
07-14 12:17:26.026 E/UiDevice( 4539): 	at com.android.uiautomator.testrunner.TestCaseCollector.addTestClass(TestCaseCollector.java:72)
07-14 12:17:26.026 E/UiDevice( 4539): 	at com.android.uiautomator.testrunner.TestCaseCollector.addTestClasses(TestCaseCollector.java:53)
07-14 12:17:26.026 E/UiDevice( 4539): 	at com.android.uiautomator.testrunner.UiAutomatorTestRunner.start(UiAutomatorTestRunner.java:106)
07-14 12:17:26.026 E/UiDevice( 4539): 	at com.android.uiautomator.testrunner.UiAutomatorTestRunner.run(UiAutomatorTestRunner.java:96)
07-14 12:17:26.026 E/UiDevice( 4539): 	at com.android.commands.uiautomator.RunTestCommand.run(RunTestCommand.java:91)
07-14 12:17:26.026 E/UiDevice( 4539): 	at com.android.commands.uiautomator.Launcher.main(Launcher.java:83)
07-14 12:17:26.026 E/UiDevice( 4539): 	at com.android.internal.os.RuntimeInit.nativeFinishInit(Native Method)
07-14 12:17:26.026 E/UiDevice( 4539): 	at com.android.internal.os.RuntimeInit.main(RuntimeInit.java:235)
07-14 12:17:26.026 E/UiDevice( 4539): 	at dalvik.system.NativeStart.main(Native Method)
07-14 12:17:26.041 D/dalvikvm( 4539): Note: class Landroid/app/ActivityManagerNative; has 163 unimplemented (abstract) methods
07-14 12:17:26.096 I/PowerManagerService(  374): Waking up from sleep...
07-14 12:17:26.143 I/WindowManager(  374): Lock screen displayed!
07-14 12:17:26.354 W/System.err( 1990): java.io.FileNotFoundException: /data/data/com.mgyapp.android/files/.cfpaps.i: open failed: ENOENT (No such file or directory)
07-14 12:17:26.354 W/System.err( 1990): 	at libcore.io.IoBridge.open(IoBridge.java:409)
07-14 12:17:26.354 W/System.err( 1990): 	at java.io.FileInputStream.<init>(FileInputStream.java:78)
07-14 12:17:26.354 W/System.err( 1990): 	at android.app.ContextImpl.openFileInput(ContextImpl.java:702)
07-14 12:17:26.354 W/System.err( 1990): 	at android.content.ContextWrapper.openFileInput(ContextWrapper.java:173)
07-14 12:17:26.354 W/System.err( 1990): 	at com.mgyun.shua.jc.service.f.run(Unknown Source)
07-14 12:17:26.354 W/System.err( 1990): 	at com.mgyun.shua.jc.service.CpWorkServer.onHandleIntent(Unknown Source)
07-14 12:17:26.354 W/System.err( 1990): 	at android.app.IntentService$ServiceHandler.handleMessage(IntentService.java:65)
07-14 12:17:26.354 W/System.err( 1990): 	at android.os.Handler.dispatchMessage(Handler.java:99)
07-14 12:17:26.354 W/System.err( 1990): 	at android.os.Looper.loop(Looper.java:137)
07-14 12:17:26.354 W/System.err( 1990): 	at android.os.HandlerThread.run(HandlerThread.java:61)
07-14 12:17:26.354 W/System.err( 1990): Caused by: libcore.io.ErrnoException: open failed: ENOENT (No such file or directory)
07-14 12:17:26.354 W/System.err( 1990): 	at libcore.io.Posix.open(Native Method)
07-14 12:17:26.354 W/System.err( 1990): 	at libcore.io.BlockGuardOs.open(BlockGuardOs.java:110)
07-14 12:17:26.377 W/System.err( 1990): 	at libcore.io.IoBridge.open(IoBridge.java:393)
07-14 12:17:26.377 W/System.err( 1990): 	... 9 more
07-14 12:17:26.455 D/dalvikvm( 2019): GC_FOR_ALLOC freed 337K, 7% free 9925K/10588K, paused 25ms, total 25ms
07-14 12:17:26.463 D/PowerManagerService-JNI(  374): Excessive delay in autosuspend_disable() while turning screen on: 351ms
07-14 12:17:26.463 D/SurfaceFlinger(  124): Screen acquired, type=0 flinger=0x41e1a478
07-14 12:17:26.533 V/DigitalWidgetViewsFactory( 2502): DigitalWidget sets next alarm string to null
07-14 12:17:26.612 D/LightsService(  374): Excessive delay setting light: 147ms
07-14 12:17:26.752 D/LightsService(  374): Excessive delay setting light: 139ms
07-14 12:17:26.791 D/dalvikvm( 3349): GC_CONCURRENT freed 211K, 3% free 9104K/9352K, paused 15ms+3ms, total 336ms
07-14 12:17:26.932 D/AndroidRuntime( 4558): 
07-14 12:17:26.932 D/AndroidRuntime( 4558): >>>>>> AndroidRuntime START com.android.internal.os.RuntimeInit <<<<<<
07-14 12:17:26.932 D/AndroidRuntime( 4558): CheckJNI is OFF
07-14 12:17:26.948 D/dalvikvm( 4558): Trying to load lib libjavacore.so 0x0
07-14 12:17:26.955 D/dalvikvm( 4558): Added shared lib libjavacore.so 0x0
07-14 12:17:26.971 D/dalvikvm( 4558): Trying to load lib libnativehelper.so 0x0
07-14 12:17:26.971 D/dalvikvm( 4558): Added shared lib libnativehelper.so 0x0
07-14 12:17:27.198 D/AndroidRuntime( 4558): Calling main entry com.qihoo360.powerctl.root.app.App
07-14 12:17:27.205 D/AndroidRuntime( 4558): Shutting down VM
07-14 12:17:27.205 I/AndroidRuntime( 4558): NOTE: attach of thread 'Binder_1' failed
07-14 12:17:27.205 D/dalvikvm( 4558): GC_CONCURRENT freed 114K, 22% free 467K/592K, paused 0ms+1ms, total 3ms
07-14 12:17:28.088 I/QueryController( 4539): Matched selector: UiSelector[DESCRIPTION=滑动区域。] <<==>> [android.view.accessibility.AccessibilityNodeInfo@92290; boundsInParent: Rect(0, 0 - 720, 756); boundsInScreen: Rect(0, 547 - 720, 1303); packageName: android; className: android.view.View; text: null; contentDescription: 滑动区域。; viewIdResName: android:id/glow_pad_view; checkable: false; checked: false; focusable: false; focused: false; selected: false; clickable: false; longClickable: false; enabled: true; password: false; scrollable: false; [ACTION_SELECT, ACTION_CLEAR_SELECTION, ACTION_ACCESSIBILITY_FOCUS, ACTION_NEXT_AT_MOVEMENT_GRANULARITY, ACTION_PREVIOUS_AT_MOVEMENT_GRANULARITY, ACTION_SET_SELECTION]]
07-14 12:17:28.104 W/GlowPadView(  374): The number of target drawables must be equal to the number of direction descriptions.
07-14 12:17:28.448 D/MdmApplication( 3494): [null:-1]->onActivityStarted ui.MainActivity , mActivityCount = 0
07-14 12:17:28.448 E/Mdm     ( 3494): Call Mdm service's setLastExitTime function
07-14 12:17:28.455 D/MDM :   ( 3494): [null:-1]->query
07-14 12:17:28.455 D/MDM :   ( 3494): [null:-1]->QUERY_SETTING_PIN_TIMEOUT
07-14 12:17:28.455 D/MDM :   ( 3494): [null:-1]->query
07-14 12:17:28.455 D/MDM :   ( 3494): [null:-1]->QUERY_SETTING_PIN_CODE
07-14 12:17:28.455 D/PhoneStatusBar(  450): disable: < expand icons alerts ticker system_info BACK HOME recent* CLOCK search >
07-14 12:17:28.463 D/MDM :   ( 3494): [null:-1]->query
07-14 12:17:28.471 D/MDM :   ( 3494): [null:-1]->QUERY_PINCODE_CHECK_RESULT
07-14 12:17:28.471 D/NfcService(  582): NFC-C ON
07-14 12:17:28.541 D/PhoneStatusBar(  450): disable: < expand icons alerts ticker system_info back* home* recent clock* search >
07-14 12:17:28.979 V/TAG     (  374): bug 7643792: fitSystemWindows([0,50][0,0])
07-14 12:17:29.033 D/AndroidRuntime( 4580): 
07-14 12:17:29.033 D/AndroidRuntime( 4580): >>>>>> AndroidRuntime START com.android.internal.os.RuntimeInit <<<<<<
07-14 12:17:29.033 D/AndroidRuntime( 4580): CheckJNI is OFF
07-14 12:17:29.049 D/dalvikvm( 4580): Trying to load lib libjavacore.so 0x0
07-14 12:17:29.065 D/dalvikvm( 4580): Added shared lib libjavacore.so 0x0
07-14 12:17:29.080 D/dalvikvm( 4580): Trying to load lib libnativehelper.so 0x0
07-14 12:17:29.080 D/dalvikvm( 4580): Added shared lib libnativehelper.so 0x0
07-14 12:17:29.088 I/ActivityManager(  374): START u0 {act=android.intent.action.MAIN cat=[android.intent.category.HOME] flg=0x10200000 cmp=com.android.launcher/com.android.launcher2.Launcher} from pid 374
07-14 12:17:29.229 D/dalvikvm(  374): GC_FOR_ALLOC freed 1604K, 14% free 19881K/22872K, paused 123ms, total 134ms
07-14 12:17:29.229 I/dalvikvm-heap(  374): Grow heap (frag case) to 19.816MB for 380496-byte allocation
07-14 12:17:29.323 D/dalvikvm(  374): GC_FOR_ALLOC freed 899K, 17% free 19353K/23244K, paused 88ms, total 88ms
07-14 12:17:29.330 D/MdmApplication( 3494): [null:-1]->onActivityPaused ui.MainActivity , mActivityCount = 1
07-14 12:17:29.330 D/MDM :   ( 3494): [null:-1]->query
07-14 12:17:29.346 D/MDM :   ( 3494): [null:-1]->QUERY_PINCODE_CHECK_RESULT
07-14 12:17:29.346 E/Mdm     ( 3494): Call Mdm service's setLastExitTime function
07-14 12:17:29.385 D/AndroidRuntime( 4580): Calling main entry com.qihoo360.powerctl.root.app.App
07-14 12:17:29.385 D/AndroidRuntime( 4580): Shutting down VM
07-14 12:17:29.385 I/AndroidRuntime( 4580): NOTE: attach of thread 'Binder_1' failed
07-14 12:17:29.393 D/dalvikvm( 4580): GC_CONCURRENT freed 114K, 22% free 467K/592K, paused 1ms+0ms, total 5ms
07-14 12:17:30.080 D/dalvikvm( 1052): GC_CONCURRENT freed 495K, 8% free 10283K/11168K, paused 4ms+18ms, total 152ms
07-14 12:17:30.213 W/MountService(  374): getVolumeState(/storage/emulated/0/external_sd): Unknown volume
07-14 12:17:30.213 W/MountService(  374): getVolumeState(/mnt/sdcard-ext): Unknown volume
07-14 12:17:30.213 W/MountService(  374): getVolumeState(/mnt/ext_sdcard): Unknown volume
07-14 12:17:30.221 W/MountService(  374): getVolumeState(/mnt/sdcard2): Unknown volume
07-14 12:17:30.221 W/MountService(  374): getVolumeState(/mnt/emmc): Unknown volume
07-14 12:17:30.221 W/MountService(  374): getVolumeState(/mnt/extSdCard): Unknown volume
07-14 12:17:30.221 W/MountService(  374): getVolumeState(/mnt/sdcard/SD_CARD): Unknown volume
07-14 12:17:30.221 W/MountService(  374): getVolumeState(/mnt/sdcard/extra_sd): Unknown volume
07-14 12:17:30.229 W/MountService(  374): getVolumeState(/mnt/extrasd_bind): Unknown volume
07-14 12:17:30.229 W/MountService(  374): getVolumeState(/mnt/sdcard/ext_sd): Unknown volume
07-14 12:17:30.229 W/MountService(  374): getVolumeState(/storage/extSdCard): Unknown volume
07-14 12:17:30.229 W/MountService(  374): getVolumeState(/storage/sdcard1): Unknown volume
07-14 12:17:30.229 W/MountService(  374): getVolumeState(/mnt/sdcard/external_SD): Unknown volume
07-14 12:17:30.237 W/MountService(  374): getVolumeState(/mnt/sdcard/external_sd): Unknown volume
07-14 12:17:30.323 D/dalvikvm( 2037): GC_CONCURRENT freed 367K, 19% free 9689K/11956K, paused 8ms+4ms, total 45ms
07-14 12:17:30.323 D/dalvikvm( 2037): WAIT_FOR_CONCURRENT_GC blocked 10ms
07-14 12:17:30.330 W/InteractionController( 4539): runAndwaitForEvent timedout waiting for events
07-14 12:17:30.533 W/MountService(  374): getVolumeState(/storage/emulated/0/external_sd): Unknown volume
07-14 12:17:30.541 W/MountService(  374): getVolumeState(/mnt/sdcard-ext): Unknown volume
07-14 12:17:30.541 W/MountService(  374): getVolumeState(/mnt/ext_sdcard): Unknown volume
07-14 12:17:30.541 W/MountService(  374): getVolumeState(/mnt/sdcard2): Unknown volume
07-14 12:17:30.541 W/MountService(  374): getVolumeState(/mnt/emmc): Unknown volume
07-14 12:17:30.541 W/MountService(  374): getVolumeState(/mnt/extSdCard): Unknown volume
07-14 12:17:30.541 W/MountService(  374): getVolumeState(/mnt/sdcard/SD_CARD): Unknown volume
07-14 12:17:30.549 W/MountService(  374): getVolumeState(/mnt/sdcard/extra_sd): Unknown volume
07-14 12:17:30.549 W/MountService(  374): getVolumeState(/mnt/extrasd_bind): Unknown volume
07-14 12:17:30.549 W/MountService(  374): getVolumeState(/mnt/sdcard/ext_sd): Unknown volume
07-14 12:17:30.549 W/MountService(  374): getVolumeState(/storage/extSdCard): Unknown volume
07-14 12:17:30.557 W/MountService(  374): getVolumeState(/storage/sdcard1): Unknown volume
07-14 12:17:30.557 W/MountService(  374): getVolumeState(/mnt/sdcard/external_SD): Unknown volume
07-14 12:17:30.557 W/MountService(  374): getVolumeState(/mnt/sdcard/external_sd): Unknown volume
07-14 12:17:30.596 D/dalvikvm( 2037): GC_CONCURRENT freed 590K, 20% free 9611K/11956K, paused 4ms+4ms, total 37ms
07-14 12:17:30.596 D/dalvikvm( 2037): WAIT_FOR_CONCURRENT_GC blocked 8ms
07-14 12:17:30.596 D/dalvikvm( 2037): WAIT_FOR_CONCURRENT_GC blocked 22ms
07-14 12:17:36.354 W/System.err( 1990): java.io.FileNotFoundException: /data/data/com.mgyapp.android/files/.cfp.i: open failed: ENOENT (No such file or directory)
07-14 12:17:36.354 W/System.err( 1990): 	at libcore.io.IoBridge.open(IoBridge.java:409)
07-14 12:17:36.354 W/System.err( 1990): 	at java.io.FileInputStream.<init>(FileInputStream.java:78)
07-14 12:17:36.354 W/System.err( 1990): 	at android.app.ContextImpl.openFileInput(ContextImpl.java:702)
07-14 12:17:36.354 W/System.err( 1990): 	at android.content.ContextWrapper.openFileInput(ContextWrapper.java:173)
07-14 12:17:36.354 W/System.err( 1990): 	at com.mgyun.shua.jc.c.b(Unknown Source)
07-14 12:17:36.354 W/System.err( 1990): 	at com.mgyun.shua.jc.d.a(Unknown Source)
07-14 12:17:36.354 W/System.err( 1990): 	at com.mgyun.shua.jc.service.CpWorkServer.onHandleIntent(Unknown Source)
07-14 12:17:36.354 W/System.err( 1990): 	at android.app.IntentService$ServiceHandler.handleMessage(IntentService.java:65)
07-14 12:17:36.362 W/System.err( 1990): 	at android.os.Handler.dispatchMessage(Handler.java:99)
07-14 12:17:36.362 W/System.err( 1990): 	at android.os.Looper.loop(Looper.java:137)
07-14 12:17:36.362 W/System.err( 1990): 	at android.os.HandlerThread.run(HandlerThread.java:61)
07-14 12:17:36.362 W/System.err( 1990): Caused by: libcore.io.ErrnoException: open failed: ENOENT (No such file or directory)
07-14 12:17:36.362 W/System.err( 1990): 	at libcore.io.Posix.open(Native Method)
07-14 12:17:36.362 W/System.err( 1990): 	at libcore.io.BlockGuardOs.open(BlockGuardOs.java:110)
07-14 12:17:36.362 W/System.err( 1990): 	at libcore.io.IoBridge.open(IoBridge.java:393)
07-14 12:17:36.362 W/System.err( 1990): 	... 10 more
07-14 12:17:41.283 D/LightsService(  374): Excessive delay setting light: 70ms
07-14 12:17:41.549 D/LightsService(  374): Excessive delay setting light: 68ms
07-14 12:17:43.432 D/LightsService(  374): Excessive delay setting light: 68ms
07-14 12:17:43.705 D/LightsService(  374): Excessive delay setting light: 66ms
07-14 12:17:49.877 D/JOBS    ( 1958): Thread-181: load factor check. true = (0 < 1)|| (0 * 3 < 0 + 0). consumer thread: true
07-14 12:17:49.877 D/JOBS    ( 1958): didn't allow me to die, re-running Thread-181
07-14 12:17:49.877 D/JOBS    ( 1958): re-running consumer Thread-181
07-14 12:17:55.893 D/LightsService(  374): Excessive delay setting light: 67ms
07-14 12:17:56.166 D/LightsService(  374): Excessive delay setting light: 67ms
07-14 12:17:58.315 I/AndroidRuntime( 4539): VM exiting with result code 0.
07-14 12:17:58.713 I/PowerManagerService(  374): Going to sleep due to screen timeout...
07-14 12:17:59.487 D/SurfaceFlinger(  124): Screen released, type=0 flinger=0x41e1a478
07-14 12:17:59.658 D/dalvikvm(  374): GC_FOR_ALLOC freed 934K, 17% free 19518K/23244K, paused 116ms, total 118ms
07-14 12:17:59.783 D/dalvikvm(  374): GC_FOR_ALLOC freed 25K, 15% free 19885K/23244K, paused 100ms, total 101ms
07-14 12:17:59.783 I/dalvikvm-heap(  374): Grow heap (frag case) to 19.820MB for 380496-byte allocation
07-14 12:17:59.893 D/dalvikvm(  374): GC_FOR_ALLOC freed <1K, 15% free 20256K/23616K, paused 104ms, total 104ms
07-14 12:18:00.002 D/dalvikvm(  374): GC_FOR_ALLOC freed 746K, 18% free 19525K/23616K, paused 103ms, total 103ms
07-14 12:18:00.276 V/KeyguardHostView(  374): hide transport, gen:13
07-14 12:18:00.276 V/KeyguardHostView(  374): music state changed: 0
07-14 12:18:00.276 D/NfcService(  582): NFC-C OFF, disconnect
07-14 12:18:00.307 D/PhoneStatusBar(  450): disable: < expand icons alerts ticker system_info back home RECENT* clock search >
07-14 12:18:00.338 D/dalvikvm(  636): GC_FOR_ALLOC freed 1035K, 10% free 12605K/13984K, paused 76ms, total 76ms
07-14 12:18:00.346 V/TAG     (  374): bug 7643792: fitSystemWindows([0,50][0,0])
07-14 12:18:00.416 D/PhoneStatusBar(  450): disable: < expand icons alerts ticker system_info BACK* HOME* RECENT CLOCK* search >
07-14 12:18:00.533 D/MDM :   ( 3494): [null:-1]->query
07-14 12:18:00.533 D/MDM :   ( 3494): [null:-1]->QUERY_SETTING_PIN_ONOFF
07-14 12:18:21.260 D/MDM :   ( 3494): [null:-1]->MSG_WEBSOCKET_MESSAGE : {"id":1684549366,"type":0,"command":0,"result":0,"reason":0,"params":{"msgId":"2c8ff70a-ac12-4560-8fa6-419cf94c89d4,2c8ff70aac1245608fa6419cf94c89d4","device":"ffffffffc539bb10fffffffff7aea961","message":"{\"cmd\":\"10119\"}"}}
07-14 12:18:21.276 D/MdmService( 3494): [null:-1]->push message type :0
07-14 12:18:21.276 D/MdmService( 3494): [null:-1]->cmdMessage : {"cmd":"10119"}
07-14 12:18:21.276 D/MdmService( 3494): [null:-1]->command : PushCommandMsg{cmd='10119', msg='null'}
07-14 12:18:21.276 D/MDM :   ( 3494): [null:-1]->PUSH CMD: 10119
07-14 12:18:21.283 D/MdmStatusManager( 3494): [null:-1]->change status to : Busy
07-14 12:18:21.283 D/DB      ( 3494): query: SQLiteQuery: SELECT content, command_status, status FROM command WHERE status!=2
07-14 12:18:21.283 D/DB      ( 3494): factory null
07-14 12:18:21.283 D/DB      ( 3494): fillWindow: 0
07-14 12:18:21.283 D/DB      ( 3494): cursor 0
07-14 12:18:21.283 D/DB      ( 3494): moveToPos: 0
07-14 12:18:21.283 I/TransInfo( 3494): TransInfo created, id: 3, class: class com.pekall.emdm.transaction.b.c
07-14 12:18:21.283 D/NetworkThread( 3494): [null:-1]->----isRunning-----true
07-14 12:18:21.283 D/NetworkThread( 3494): [null:-1]->----isRunning-----true
07-14 12:18:21.283 D/NetworkThread( 3494): [null:-1]->thread wakeup
07-14 12:18:21.291 D/HttpClient( 3494): enable apache.http debug
07-14 12:18:21.299 V/DEBUG   ( 3494): HTTP 0
07-14 12:18:21.362 D/dalvikvm( 3494): GC_CONCURRENT freed 2416K, 31% free 16527K/23728K, paused 5ms+7ms, total 69ms
07-14 12:18:21.362 D/dalvikvm( 3494): WAIT_FOR_CONCURRENT_GC blocked 35ms
07-14 12:18:22.299 V/DEBUG   ( 3494): HTTP 1
07-14 12:18:22.315 D/MDM :   ( 3494): [null:-1]->read network input stream
07-14 12:18:22.322 D/CheckInTransInfo( 3494): [null:-1]->CommandMsg : CommandMsg{CommandUUID='8a80888e4732aed501473317c2ed046b', Command=CommandInstallDocument{DocumentName='自动化测试通讯录1', DocumentSize=125, DocumentFormat='null', DownloadURL='http://demo.everknow.cn/resources/api/v1/download/guest?uuid=fb43c724a5cb48f1c555a7784d7a', Auth=null, DocumentUUID='8a80888c46c806620146c86fa9e8058f', Version='1.0', DocumentDescription='null', DocumentCategory=null, IsCompressed=null, ReadAuthDay=null, RingNotify=null, EncryptLevel=null}}
07-14 12:18:22.322 D/DB      ( 3494): query: SQLiteQuery: SELECT * FROM command WHERE cmd_uuid='8a80888e4732aed501473317c2ed046b'
07-14 12:18:22.322 D/DB      ( 3494): factory null
07-14 12:18:22.322 D/DB      ( 3494): fillWindow: 0
07-14 12:18:22.322 D/DB      ( 3494): cursor 0
07-14 12:18:22.369 D/NetworkThread( 3494): [null:-1]->queue is empty, thread wait...
07-14 12:18:22.479 D/MdmService( 3494): [null:-1]->handleCheckInResult
07-14 12:18:22.479 D/MdmService( 3494): [null:-1]->handleCheckInResult result keyIndex: 3
07-14 12:18:22.479 D/CommandManager( 3494): [null:-1]->execute command: CommandMsg{CommandUUID='8a80888e4732aed501473317c2ed046b', Command=CommandInstallDocument{DocumentName='自动化测试通讯录1', DocumentSize=125, DocumentFormat='null', DownloadURL='http://demo.everknow.cn/resources/api/v1/download/guest?uuid=fb43c724a5cb48f1c555a7784d7a', Auth=null, DocumentUUID='8a80888c46c806620146c86fa9e8058f', Version='1.0', DocumentDescription='null', DocumentCategory=null, IsCompressed=null, ReadAuthDay=null, RingNotify=null, EncryptLevel=null}}
07-14 12:18:22.479 D/DownLoadDocService( 3494): [null:-1]->action is  com.pekall.emdm.action.DOWNLOADDOC
07-14 12:18:22.479 D/DownLoadDocService( 3494): [null:-1]->uuid is  8a80888c46c806620146c86fa9e8058f ,url is http://demo.everknow.cn/resources/api/v1/download/guest?uuid=fb43c724a5cb48f1c555a7784d7a
07-14 12:18:22.479 E/DB      ( 3494): bind, index: 1, value: 8a80888c46c806620146c86fa9e8058f
07-14 12:18:22.479 D/DB      ( 3494): query: SQLiteQuery: SELECT * FROM doc WHERE uuid=?
07-14 12:18:22.479 D/DB      ( 3494): factory null
07-14 12:18:22.479 D/DB      ( 3494): fillWindow: 0
07-14 12:18:22.479 D/DB      ( 3494): cursor 0
07-14 12:18:22.479 D/DB      ( 3494): moveToPos: 0
07-14 12:18:22.526 D/DB      ( 3494): query: SQLiteQuery: SELECT * FROM doc WHERE browseStatus = 0 AND type = 'Normal'
07-14 12:18:22.526 D/DB      ( 3494): factory null
07-14 12:18:22.526 D/DB      ( 3494): fillWindow: 0
07-14 12:18:22.526 D/DB      ( 3494): cursor 1
07-14 12:18:22.526 E/Mdm     ( 3494): Call Mdm service's recordIconCount function
07-14 12:18:22.533 E/DB      ( 3494): bind, index: 1, value: 8a80888c46c806620146c86fa9e8058f
07-14 12:18:22.533 E/DB      ( 3494): bind, index: 2, value: Contact
07-14 12:18:22.533 D/DB      ( 3494): query: SQLiteQuery: SELECT * FROM doc WHERE uuid=? AND type=?
07-14 12:18:22.533 I/TransInfo( 3494): TransInfo created, id: 3, class: class com.pekall.emdm.transaction.b.c
07-14 12:18:22.533 D/DB      ( 3494): factory null
07-14 12:18:22.533 D/DB      ( 3494): fillWindow: 0
07-14 12:18:22.533 D/NetworkThread( 3494): [null:-1]->----isRunning-----true
07-14 12:18:22.533 D/NetworkThread( 3494): [null:-1]->----isRunning-----true
07-14 12:18:22.533 D/NetworkThread( 3494): [null:-1]->thread wakeup
07-14 12:18:22.533 D/DB      ( 3494): cursor 1
07-14 12:18:22.533 D/DB      ( 3494): moveToPos: 0
07-14 12:18:22.533 D/DB      ( 3494): onMove: 0
07-14 12:18:22.541 D/HttpClient( 3494): enable apache.http debug
07-14 12:18:22.549 V/DEBUG   ( 3494): HTTP 0
07-14 12:18:22.573 D/DB      ( 3494): query: SQLiteQuery: SELECT * FROM doc WHERE browseStatus = 0 AND type = 'Normal'
07-14 12:18:22.573 D/DB      ( 3494): factory null
07-14 12:18:22.573 D/DB      ( 3494): fillWindow: 0
07-14 12:18:22.573 D/DB      ( 3494): cursor 1
07-14 12:18:22.573 E/Mdm     ( 3494): Call Mdm service's recordIconCount function
07-14 12:18:22.666 E/DocDownLoaderManager( 3494): read buffer is -1 , download done
07-14 12:18:22.674 E/DB      ( 3494): bind, index: 1, value: 8a80888c46c806620146c86fa9e8058f
07-14 12:18:22.674 E/DB      ( 3494): bind, index: 2, value: Contact
07-14 12:18:22.674 D/DB      ( 3494): query: SQLiteQuery: SELECT * FROM doc WHERE uuid=? AND type=?
07-14 12:18:22.674 D/DB      ( 3494): factory null
07-14 12:18:22.674 D/DB      ( 3494): fillWindow: 0
07-14 12:18:22.674 D/DB      ( 3494): cursor 1
07-14 12:18:22.674 D/DB      ( 3494): moveToPos: 0
07-14 12:18:22.674 D/DB      ( 3494): onMove: 0
07-14 12:18:22.705 D/DB      ( 3494): query: SQLiteQuery: SELECT * FROM doc WHERE browseStatus = 0 AND type = 'Normal'
07-14 12:18:22.705 D/DB      ( 3494): factory null
07-14 12:18:22.705 D/DB      ( 3494): fillWindow: 0
07-14 12:18:22.705 D/DB      ( 3494): cursor 1
07-14 12:18:22.705 E/Mdm     ( 3494): Call Mdm service's recordIconCount function
07-14 12:18:22.783 D/MONITOR ( 3494): |_UUID -------> 8a80888c46c806620146c86fa9e8058f
07-14 12:18:22.783 D/ContactsProvider( 3494): [Contacts] query 'content://emdmcontacts/contacts', segment size: 1
07-14 12:18:22.783 D/ContactsProvider( 3494): [Contacts] query 'content://emdmcontacts/company_calllogs', segment size: 1
07-14 12:18:22.783 D/MAINTAIN( 3494): ============== Delete form insertCsv ==============
07-14 12:18:22.791 D/MONITOR ( 3494): |_OPEN FILE DONE
07-14 12:18:22.791 D/MONITOR ( 3494): |   |_ BUILD NEW FILE(1)
07-14 12:18:22.799 D/MONITOR ( 3494): |   |_ BUILD NEW FILE(2)
07-14 12:18:22.799 D/MONITOR ( 3494): |   |_ BUILD NEW FILE(3)
07-14 12:18:22.799 D/MONITOR ( 3494): |   |_ BUILD NEW FILE(4 --> OK)
07-14 12:18:22.799 D/MONITOR ( 3494): |_CHECK VERSION BEGIN
07-14 12:18:22.799 D/NEWCSVTEST( 3494):  [CHECKVERSION] 
07-14 12:18:22.799 D/NEWCSVTEST( 3494):   coulmnFirst -->530
07-14 12:18:22.799 D/NEWCSVTEST( 3494): coulmnSecond -->530
07-14 12:18:22.799 D/NEWCSVTEST( 3494): coulmnThrid -->530
07-14 12:18:22.799 D/NEWCSVTEST( 3494): coulmnFourth -->530
07-14 12:18:22.799 D/NEWCSVTEST( 3494): coulmnFiveth -->530
07-14 12:18:22.799 D/MONITOR ( 3494): |   |_READ NEXT
07-14 12:18:22.799 D/MONITOR ( 3494): |       |_GET NEXT LINE
07-14 12:18:22.799 D/MONITOR ( 3494): |       |_PARSE LINE
07-14 12:18:22.799 D/MONITOR ( 3494): |_CHECK VERSION BEGIN tokens --> [Ljava.lang.String;@43554b20
07-14 12:18:22.799 D/NEWCSVTEST( 3494): tokens[0] -->姓名
07-14 12:18:22.799 D/NEWCSVTEST( 3494): tokens[1] -->座机
07-14 12:18:22.799 D/NEWCSVTEST( 3494): coulmnFirst -->530
07-14 12:18:22.799 D/NEWCSVTEST( 3494): coulmnSecond -->530
07-14 12:18:22.799 D/NEWCSVTEST( 3494): coulmnThrid -->0
07-14 12:18:22.799 D/NEWCSVTEST( 3494): coulmnFourth -->530
07-14 12:18:22.799 D/NEWCSVTEST( 3494): coulmnFiveth -->530
07-14 12:18:22.799 D/NEWCSVTEST( 3494): 0
07-14 12:18:22.799 D/NEWCSVTEST( 3494): coulmnFirst -->530
07-14 12:18:22.799 D/NEWCSVTEST( 3494): coulmnSecond -->530
07-14 12:18:22.799 D/NEWCSVTEST( 3494): coulmnThrid -->0
07-14 12:18:22.799 D/NEWCSVTEST( 3494): coulmnFourth -->1
07-14 12:18:22.799 D/NEWCSVTEST( 3494): coulmnFiveth -->530
