07-14 11:53:18.026 W/PowerUI (  450): unknown intent: Intent { act=android.intent.action.ACTION_POWER_CONNECTED flg=0x8000010 }
07-14 11:53:18.127 I/ActivityManager(  374): Start proc com.google.android.apps.maps for broadcast com.google.android.apps.maps/com.google.googlenav.android.MapServiceReceiver: pid=2681 uid=10038 gids={50038, 3003, 1015, 1028}
07-14 11:53:28.307 W/MountService(  374): getVolumeState(/storage/emulated/0/external_sd): Unknown volume
07-14 11:53:28.307 W/MountService(  374): getVolumeState(/mnt/sdcard-ext): Unknown volume
07-14 11:53:28.307 W/MountService(  374): getVolumeState(/mnt/ext_sdcard): Unknown volume
07-14 11:53:28.307 W/MountService(  374): getVolumeState(/mnt/sdcard2): Unknown volume
07-14 11:53:28.307 W/MountService(  374): getVolumeState(/mnt/emmc): Unknown volume
07-14 11:53:28.307 W/MountService(  374): getVolumeState(/mnt/extSdCard): Unknown volume
07-14 11:53:28.307 W/MountService(  374): getVolumeState(/mnt/sdcard/SD_CARD): Unknown volume
07-14 11:53:28.307 W/MountService(  374): getVolumeState(/mnt/sdcard/extra_sd): Unknown volume
07-14 11:53:28.315 W/MountService(  374): getVolumeState(/mnt/extrasd_bind): Unknown volume
07-14 11:53:28.315 W/MountService(  374): getVolumeState(/mnt/sdcard/ext_sd): Unknown volume
07-14 11:53:28.315 W/MountService(  374): getVolumeState(/storage/extSdCard): Unknown volume
07-14 11:53:28.315 W/MountService(  374): getVolumeState(/storage/sdcard1): Unknown volume
07-14 11:53:28.315 W/MountService(  374): getVolumeState(/mnt/sdcard/external_SD): Unknown volume
07-14 11:53:28.315 W/MountService(  374): getVolumeState(/mnt/sdcard/external_sd): Unknown volume
07-14 11:53:28.416 W/MountService(  374): getVolumeState(/storage/emulated/0/external_sd): Unknown volume
07-14 11:53:28.416 W/MountService(  374): getVolumeState(/mnt/sdcard-ext): Unknown volume
07-14 11:53:28.416 W/MountService(  374): getVolumeState(/mnt/ext_sdcard): Unknown volume
07-14 11:53:28.416 W/MountService(  374): getVolumeState(/mnt/sdcard2): Unknown volume
07-14 11:53:28.416 W/MountService(  374): getVolumeState(/mnt/emmc): Unknown volume
07-14 11:53:28.416 W/MountService(  374): getVolumeState(/mnt/extSdCard): Unknown volume
07-14 11:53:28.416 W/MountService(  374): getVolumeState(/mnt/sdcard/SD_CARD): Unknown volume
07-14 11:53:28.424 W/MountService(  374): getVolumeState(/mnt/sdcard/extra_sd): Unknown volume
07-14 11:53:28.424 W/MountService(  374): getVolumeState(/mnt/extrasd_bind): Unknown volume
07-14 11:53:28.424 W/MountService(  374): getVolumeState(/mnt/sdcard/ext_sd): Unknown volume
07-14 11:53:28.424 W/MountService(  374): getVolumeState(/storage/extSdCard): Unknown volume
07-14 11:53:28.424 W/MountService(  374): getVolumeState(/storage/sdcard1): Unknown volume
07-14 11:53:28.424 W/MountService(  374): getVolumeState(/mnt/sdcard/external_SD): Unknown volume
07-14 11:53:28.424 W/MountService(  374): getVolumeState(/mnt/sdcard/external_sd): Unknown volume
07-14 11:53:28.776 I/ActivityManager(  374): START u0 {act=com.qihoo360.daemon.pcdaemon.ACTION_START_OPERATE_AUTHOR flg=0x10000000 cmp=com.qihoo.appstore/com.qihoo.express.mini.activity.PCLinkConfirmDialogActivity (has extras)} from pid 2037
07-14 11:53:28.994 W/MountService(  374): getVolumeState(/storage/emulated/0/external_sd): Unknown volume
07-14 11:53:29.010 W/MountService(  374): getVolumeState(/mnt/sdcard-ext): Unknown volume
07-14 11:53:29.010 W/MountService(  374): getVolumeState(/mnt/ext_sdcard): Unknown volume
07-14 11:53:29.010 W/MountService(  374): getVolumeState(/mnt/sdcard2): Unknown volume
07-14 11:53:29.018 W/MountService(  374): getVolumeState(/mnt/emmc): Unknown volume
07-14 11:53:29.026 W/MountService(  374): getVolumeState(/mnt/extSdCard): Unknown volume
07-14 11:53:29.033 W/MountService(  374): getVolumeState(/mnt/sdcard/SD_CARD): Unknown volume
07-14 11:53:29.033 W/MountService(  374): getVolumeState(/mnt/sdcard/extra_sd): Unknown volume
07-14 11:53:29.033 W/MountService(  374): getVolumeState(/mnt/extrasd_bind): Unknown volume
07-14 11:53:29.041 W/MountService(  374): getVolumeState(/mnt/sdcard/ext_sd): Unknown volume
07-14 11:53:29.041 W/MountService(  374): getVolumeState(/storage/extSdCard): Unknown volume
07-14 11:53:29.041 W/MountService(  374): getVolumeState(/storage/sdcard1): Unknown volume
07-14 11:53:29.041 W/MountService(  374): getVolumeState(/mnt/sdcard/external_SD): Unknown volume
07-14 11:53:29.049 W/MountService(  374): getVolumeState(/mnt/sdcard/external_sd): Unknown volume
07-14 11:53:29.096 W/InputMethodManagerService(  374): Window already focused, ignoring focus gain of: com.android.internal.view.IInputMethodClient$Stub$Proxy@42f3a410 attribute=null, token = android.os.BinderProxy@42ea3d30
07-14 11:53:29.213 I/ActivityManager(  374): Start proc com.android.defcontainer for service com.android.defcontainer/.DefaultContainerService: pid=2914 uid=10012 gids={50012, 1015, 1023, 2001, 1028}
07-14 11:53:29.533 W/ActivityManager(  374): Activity pause timeout for ActivityRecord{43063728 u0 com.qihoo.appstore/com.qihoo.express.mini.activity.PCLinkConfirmDialogActivity}
07-14 11:53:29.627 I/ActivityManager(  374): No longer want com.google.android.gsf.login (pid 1249): empty #17
07-14 11:53:29.744 W/MountService(  374): getVolumeState(/storage/emulated/0/external_sd): Unknown volume
07-14 11:53:29.744 W/MountService(  374): getVolumeState(/mnt/sdcard-ext): Unknown volume
07-14 11:53:29.752 W/MountService(  374): getVolumeState(/mnt/ext_sdcard): Unknown volume
07-14 11:53:29.752 W/MountService(  374): getVolumeState(/mnt/sdcard2): Unknown volume
07-14 11:53:29.752 W/MountService(  374): getVolumeState(/mnt/emmc): Unknown volume
07-14 11:53:29.752 W/MountService(  374): getVolumeState(/mnt/extSdCard): Unknown volume
07-14 11:53:29.752 W/MountService(  374): getVolumeState(/mnt/sdcard/SD_CARD): Unknown volume
07-14 11:53:29.752 W/MountService(  374): getVolumeState(/mnt/sdcard/extra_sd): Unknown volume
07-14 11:53:29.760 W/MountService(  374): getVolumeState(/mnt/extrasd_bind): Unknown volume
07-14 11:53:29.760 W/MountService(  374): getVolumeState(/mnt/sdcard/ext_sd): Unknown volume
07-14 11:53:29.760 W/MountService(  374): getVolumeState(/storage/extSdCard): Unknown volume
07-14 11:53:29.760 W/MountService(  374): getVolumeState(/storage/sdcard1): Unknown volume
07-14 11:53:29.760 W/MountService(  374): getVolumeState(/mnt/sdcard/external_SD): Unknown volume
07-14 11:53:29.768 W/MountService(  374): getVolumeState(/mnt/sdcard/external_sd): Unknown volume
07-14 11:53:33.768 I/ActivityManager(  374): Start proc com.qihoo360.mobilesafe for service com.qihoo360.mobilesafe/.service.ExamService: pid=2937 uid=10072 gids={50072, 3003, 1015, 3001, 3002, 1006, 1028}
07-14 11:53:35.666 I/ActivityManager(  374): Start proc com.qihoo360.mobilesafe:PcDaemon for service com.qihoo360.mobilesafe/.pcdaemon.service.DaemonService: pid=2983 uid=10072 gids={50072, 3003, 1015, 3001, 3002, 1006, 1028}
07-14 11:53:36.705 W/BroadcastQueue(  374): Failure [background] sending broadcast result of Intent { act=com.qihoo360.mobilesafe.NotifyDaemonStart flg=0x10 }
07-14 11:53:36.705 W/BroadcastQueue(  374): android.os.DeadObjectException
07-14 11:53:36.705 W/BroadcastQueue(  374): 	at android.os.BinderProxy.transact(Native Method)
07-14 11:53:36.705 W/BroadcastQueue(  374): 	at android.content.IIntentReceiver$Stub$Proxy.performReceive(IIntentReceiver.java:124)
07-14 11:53:36.705 W/BroadcastQueue(  374): 	at com.android.server.am.BroadcastQueue.performReceiveLocked(BroadcastQueue.java:376)
07-14 11:53:36.705 W/BroadcastQueue(  374): 	at com.android.server.am.BroadcastQueue.processNextBroadcast(BroadcastQueue.java:599)
07-14 11:53:36.705 W/BroadcastQueue(  374): 	at com.android.server.am.ActivityManagerService.finishReceiver(ActivityManagerService.java:12390)
07-14 11:53:36.705 W/BroadcastQueue(  374): 	at android.app.ActivityManagerNative.onTransact(ActivityManagerNative.java:379)
07-14 11:53:36.705 W/BroadcastQueue(  374): 	at com.android.server.am.ActivityManagerService.onTransact(ActivityManagerService.java:1737)
07-14 11:53:36.705 W/BroadcastQueue(  374): 	at android.os.Binder.execTransact(Binder.java:388)
07-14 11:53:36.705 W/BroadcastQueue(  374): 	at com.android.server.SystemServer.init1(Native Method)
07-14 11:53:36.705 W/BroadcastQueue(  374): 	at com.android.server.SystemServer.main(SystemServer.java:1066)
07-14 11:53:36.705 W/BroadcastQueue(  374): 	at java.lang.reflect.Method.invokeNative(Native Method)
07-14 11:53:36.705 W/BroadcastQueue(  374): 	at java.lang.reflect.Method.invoke(Method.java:525)
07-14 11:53:36.705 W/BroadcastQueue(  374): 	at com.android.internal.os.ZygoteInit$MethodAndArgsCaller.run(ZygoteInit.java:737)
07-14 11:53:36.705 W/BroadcastQueue(  374): 	at com.android.internal.os.ZygoteInit.main(ZygoteInit.java:553)
07-14 11:53:36.705 W/BroadcastQueue(  374): 	at dalvik.system.NativeStart.main(Native Method)
07-14 11:53:37.533 W/BroadcastQueue(  374): Failure [background] sending broadcast result of Intent { act=com.qihoo360.mobilesafe.NotifyDaemonStop flg=0x10 }
07-14 11:53:37.533 W/BroadcastQueue(  374): android.os.DeadObjectException
07-14 11:53:37.533 W/BroadcastQueue(  374): 	at android.os.BinderProxy.transact(Native Method)
07-14 11:53:37.533 W/BroadcastQueue(  374): 	at android.content.IIntentReceiver$Stub$Proxy.performReceive(IIntentReceiver.java:124)
07-14 11:53:37.533 W/BroadcastQueue(  374): 	at com.android.server.am.BroadcastQueue.performReceiveLocked(BroadcastQueue.java:376)
07-14 11:53:37.533 W/BroadcastQueue(  374): 	at com.android.server.am.BroadcastQueue.processNextBroadcast(BroadcastQueue.java:599)
07-14 11:53:37.533 W/BroadcastQueue(  374): 	at com.android.server.am.ActivityManagerService.finishReceiver(ActivityManagerService.java:12390)
07-14 11:53:37.533 W/BroadcastQueue(  374): 	at android.app.ActivityManagerNative.onTransact(ActivityManagerNative.java:379)
07-14 11:53:37.533 W/BroadcastQueue(  374): 	at com.android.server.am.ActivityManagerService.onTransact(ActivityManagerService.java:1737)
07-14 11:53:37.533 W/BroadcastQueue(  374): 	at android.os.Binder.execTransact(Binder.java:388)
07-14 11:53:37.533 W/BroadcastQueue(  374): 	at dalvik.system.NativeStart.run(Native Method)
07-14 11:53:37.541 I/ActivityManager(  374): No longer want com.android.mms (pid 1795): empty #17
07-14 11:53:37.549 D/CountryDetector(  374): No listener is left
07-14 11:53:39.565 I/ActivityManager(  374): No longer want com.google.android.apps.maps:LocationFriendService (pid 2264): empty #17
07-14 11:53:42.198 I/ActivityManager(  374): No longer want com.google.android.calendar (pid 1455): empty #17
07-14 11:53:52.776 I/PowerManagerService(  374): Going to sleep due to screen timeout...
07-14 11:53:58.885 D/PhoneStatusBar(  450): disable: < expand icons alerts ticker system_info back home RECENT* clock search >
07-14 11:53:59.088 D/PhoneStatusBar(  450): disable: < expand icons alerts ticker system_info BACK* HOME* RECENT CLOCK* search >
07-14 11:54:28.791 W/MountService(  374): getVolumeState(/storage/emulated/0/external_sd): Unknown volume
07-14 11:54:28.791 W/MountService(  374): getVolumeState(/mnt/sdcard-ext): Unknown volume
07-14 11:54:28.799 W/MountService(  374): getVolumeState(/mnt/ext_sdcard): Unknown volume
07-14 11:54:28.799 W/MountService(  374): getVolumeState(/mnt/sdcard2): Unknown volume
07-14 11:54:28.799 W/MountService(  374): getVolumeState(/mnt/emmc): Unknown volume
07-14 11:54:28.799 W/MountService(  374): getVolumeState(/mnt/extSdCard): Unknown volume
07-14 11:54:28.799 W/MountService(  374): getVolumeState(/mnt/sdcard/SD_CARD): Unknown volume
07-14 11:54:28.799 W/MountService(  374): getVolumeState(/mnt/sdcard/extra_sd): Unknown volume
07-14 11:54:28.799 W/MountService(  374): getVolumeState(/mnt/extrasd_bind): Unknown volume
07-14 11:54:28.799 W/MountService(  374): getVolumeState(/mnt/sdcard/ext_sd): Unknown volume
07-14 11:54:28.799 W/MountService(  374): getVolumeState(/storage/extSdCard): Unknown volume
07-14 11:54:28.807 W/MountService(  374): getVolumeState(/storage/sdcard1): Unknown volume
07-14 11:54:28.807 W/MountService(  374): getVolumeState(/mnt/sdcard/external_SD): Unknown volume
07-14 11:54:28.807 W/MountService(  374): getVolumeState(/mnt/sdcard/external_sd): Unknown volume
07-14 11:54:29.049 W/MountService(  374): getVolumeState(/storage/emulated/0/external_sd): Unknown volume
07-14 11:54:29.049 W/MountService(  374): getVolumeState(/mnt/sdcard-ext): Unknown volume
07-14 11:54:29.057 W/MountService(  374): getVolumeState(/mnt/ext_sdcard): Unknown volume
07-14 11:54:29.057 W/MountService(  374): getVolumeState(/mnt/sdcard2): Unknown volume
07-14 11:54:29.057 W/MountService(  374): getVolumeState(/mnt/emmc): Unknown volume
07-14 11:54:29.057 W/MountService(  374): getVolumeState(/mnt/extSdCard): Unknown volume
07-14 11:54:29.057 W/MountService(  374): getVolumeState(/mnt/sdcard/SD_CARD): Unknown volume
07-14 11:54:29.057 W/MountService(  374): getVolumeState(/mnt/sdcard/extra_sd): Unknown volume
07-14 11:54:29.057 W/MountService(  374): getVolumeState(/mnt/extrasd_bind): Unknown volume
07-14 11:54:29.057 W/MountService(  374): getVolumeState(/mnt/sdcard/ext_sd): Unknown volume
07-14 11:54:29.065 W/MountService(  374): getVolumeState(/storage/extSdCard): Unknown volume
07-14 11:54:29.065 W/MountService(  374): getVolumeState(/storage/sdcard1): Unknown volume
07-14 11:54:29.065 W/MountService(  374): getVolumeState(/mnt/sdcard/external_SD): Unknown volume
07-14 11:54:29.065 W/MountService(  374): getVolumeState(/mnt/sdcard/external_sd): Unknown volume
07-14 11:55:00.299 D/CountryDetector(  374): The first listener is added
07-14 11:55:00.893 W/ActivityManager(  374): Permission denied: checkComponentPermission() owningUid=10066
07-14 11:55:00.893 W/BroadcastQueue(  374): Permission Denial: broadcasting Intent { act=android.provider.Telephony.SMS_RECEIVED flg=0x10 (has extras) } from com.android.phone (pid=577, uid=1001) is not exported from uid 10066 due to receiver com.pekall.emdm/.ApplicationReceiver
07-14 11:55:00.908 I/ActivityManager(  374): Start proc com.android.mms for broadcast com.android.mms/.transaction.PrivilegedSmsReceiver: pid=3070 uid=10040 gids={50040, 3003, 1015, 1028}
07-14 11:55:02.573 W/ActivityManager(  374): Permission denied: checkComponentPermission() owningUid=10066
07-14 11:55:02.573 W/BroadcastQueue(  374): Permission Denial: broadcasting Intent { act=android.provider.Telephony.SMS_RECEIVED flg=0x10 (has extras) } from com.android.phone (pid=577, uid=1001) is not exported from uid 10066 due to receiver com.pekall.emdm/.ApplicationReceiver
07-14 11:55:02.916 I/ActivityManager(  374): No longer want com.google.android.gm (pid 2246): empty #17
07-14 11:55:28.869 W/MountService(  374): getVolumeState(/storage/emulated/0/external_sd): Unknown volume
07-14 11:55:28.869 W/MountService(  374): getVolumeState(/mnt/sdcard-ext): Unknown volume
07-14 11:55:28.869 W/MountService(  374): getVolumeState(/mnt/ext_sdcard): Unknown volume
07-14 11:55:28.869 W/MountService(  374): getVolumeState(/mnt/sdcard2): Unknown volume
07-14 11:55:28.869 W/MountService(  374): getVolumeState(/mnt/emmc): Unknown volume
07-14 11:55:28.869 W/MountService(  374): getVolumeState(/mnt/extSdCard): Unknown volume
07-14 11:55:28.869 W/MountService(  374): getVolumeState(/mnt/sdcard/SD_CARD): Unknown volume
07-14 11:55:28.877 W/MountService(  374): getVolumeState(/mnt/sdcard/extra_sd): Unknown volume
07-14 11:55:28.877 W/MountService(  374): getVolumeState(/mnt/extrasd_bind): Unknown volume
07-14 11:55:28.877 W/MountService(  374): getVolumeState(/mnt/sdcard/ext_sd): Unknown volume
07-14 11:55:28.877 W/MountService(  374): getVolumeState(/storage/extSdCard): Unknown volume
07-14 11:55:28.877 W/MountService(  374): getVolumeState(/storage/sdcard1): Unknown volume
07-14 11:55:28.877 W/MountService(  374): getVolumeState(/mnt/sdcard/external_SD): Unknown volume
07-14 11:55:28.877 W/MountService(  374): getVolumeState(/mnt/sdcard/external_sd): Unknown volume
07-14 11:55:29.104 W/MountService(  374): getVolumeState(/storage/emulated/0/external_sd): Unknown volume
07-14 11:55:29.112 W/MountService(  374): getVolumeState(/mnt/sdcard-ext): Unknown volume
07-14 11:55:29.112 W/MountService(  374): getVolumeState(/mnt/ext_sdcard): Unknown volume
07-14 11:55:29.112 W/MountService(  374): getVolumeState(/mnt/sdcard2): Unknown volume
07-14 11:55:29.112 W/MountService(  374): getVolumeState(/mnt/emmc): Unknown volume
07-14 11:55:29.112 W/MountService(  374): getVolumeState(/mnt/extSdCard): Unknown volume
07-14 11:55:29.112 W/MountService(  374): getVolumeState(/mnt/sdcard/SD_CARD): Unknown volume
07-14 11:55:29.112 W/MountService(  374): getVolumeState(/mnt/sdcard/extra_sd): Unknown volume
07-14 11:55:29.112 W/MountService(  374): getVolumeState(/mnt/extrasd_bind): Unknown volume
07-14 11:55:29.112 W/MountService(  374): getVolumeState(/mnt/sdcard/ext_sd): Unknown volume
07-14 11:55:29.119 W/MountService(  374): getVolumeState(/storage/extSdCard): Unknown volume
07-14 11:55:29.119 W/MountService(  374): getVolumeState(/storage/sdcard1): Unknown volume
07-14 11:55:29.119 W/MountService(  374): getVolumeState(/mnt/sdcard/external_SD): Unknown volume
07-14 11:55:29.119 W/MountService(  374): getVolumeState(/mnt/sdcard/external_sd): Unknown volume
07-14 11:56:29.073 W/MountService(  374): getVolumeState(/storage/emulated/0/external_sd): Unknown volume
07-14 11:56:29.073 W/MountService(  374): getVolumeState(/mnt/sdcard-ext): Unknown volume
07-14 11:56:29.073 W/MountService(  374): getVolumeState(/mnt/ext_sdcard): Unknown volume
07-14 11:56:29.073 W/MountService(  374): getVolumeState(/mnt/sdcard2): Unknown volume
07-14 11:56:29.073 W/MountService(  374): getVolumeState(/mnt/emmc): Unknown volume
07-14 11:56:29.080 W/MountService(  374): getVolumeState(/mnt/extSdCard): Unknown volume
07-14 11:56:29.080 W/MountService(  374): getVolumeState(/mnt/sdcard/SD_CARD): Unknown volume
07-14 11:56:29.080 W/MountService(  374): getVolumeState(/mnt/sdcard/extra_sd): Unknown volume
07-14 11:56:29.080 W/MountService(  374): getVolumeState(/mnt/extrasd_bind): Unknown volume
07-14 11:56:29.080 W/MountService(  374): getVolumeState(/mnt/sdcard/ext_sd): Unknown volume
07-14 11:56:29.088 W/MountService(  374): getVolumeState(/storage/extSdCard): Unknown volume
07-14 11:56:29.088 W/MountService(  374): getVolumeState(/storage/sdcard1): Unknown volume
07-14 11:56:29.088 W/MountService(  374): getVolumeState(/mnt/sdcard/external_SD): Unknown volume
07-14 11:56:29.088 W/MountService(  374): getVolumeState(/mnt/sdcard/external_sd): Unknown volume
07-14 11:56:29.455 W/MountService(  374): getVolumeState(/storage/emulated/0/external_sd): Unknown volume
07-14 11:56:29.455 W/MountService(  374): getVolumeState(/mnt/sdcard-ext): Unknown volume
07-14 11:56:29.455 W/MountService(  374): getVolumeState(/mnt/ext_sdcard): Unknown volume
07-14 11:56:29.455 W/MountService(  374): getVolumeState(/mnt/sdcard2): Unknown volume
07-14 11:56:29.455 W/MountService(  374): getVolumeState(/mnt/emmc): Unknown volume
07-14 11:56:29.455 W/MountService(  374): getVolumeState(/mnt/extSdCard): Unknown volume
07-14 11:56:29.455 W/MountService(  374): getVolumeState(/mnt/sdcard/SD_CARD): Unknown volume
07-14 11:56:29.455 W/MountService(  374): getVolumeState(/mnt/sdcard/extra_sd): Unknown volume
07-14 11:56:29.455 W/MountService(  374): getVolumeState(/mnt/extrasd_bind): Unknown volume
07-14 11:56:29.463 W/MountService(  374): getVolumeState(/mnt/sdcard/ext_sd): Unknown volume
07-14 11:56:29.463 W/MountService(  374): getVolumeState(/storage/extSdCard): Unknown volume
07-14 11:56:29.463 W/MountService(  374): getVolumeState(/storage/sdcard1): Unknown volume
07-14 11:56:29.463 W/MountService(  374): getVolumeState(/mnt/sdcard/external_SD): Unknown volume
07-14 11:56:29.463 W/MountService(  374): getVolumeState(/mnt/sdcard/external_sd): Unknown volume
07-14 11:56:54.448 W/MountService(  374): getVolumeState(/storage/emulated/0/external_sd): Unknown volume
07-14 11:56:54.448 W/MountService(  374): getVolumeState(/mnt/sdcard-ext): Unknown volume
07-14 11:56:54.455 W/MountService(  374): getVolumeState(/mnt/ext_sdcard): Unknown volume
07-14 11:56:54.455 W/MountService(  374): getVolumeState(/mnt/sdcard2): Unknown volume
07-14 11:56:54.455 W/MountService(  374): getVolumeState(/mnt/emmc): Unknown volume
07-14 11:56:54.455 W/MountService(  374): getVolumeState(/mnt/extSdCard): Unknown volume
07-14 11:56:54.455 W/MountService(  374): getVolumeState(/mnt/sdcard/SD_CARD): Unknown volume
07-14 11:56:54.463 W/MountService(  374): getVolumeState(/mnt/sdcard/extra_sd): Unknown volume
07-14 11:56:54.463 W/MountService(  374): getVolumeState(/mnt/extrasd_bind): Unknown volume
07-14 11:56:54.463 W/MountService(  374): getVolumeState(/mnt/sdcard/ext_sd): Unknown volume
07-14 11:56:54.463 W/MountService(  374): getVolumeState(/storage/extSdCard): Unknown volume
07-14 11:56:54.463 W/MountService(  374): getVolumeState(/storage/sdcard1): Unknown volume
07-14 11:56:54.463 W/MountService(  374): getVolumeState(/mnt/sdcard/external_SD): Unknown volume
07-14 11:56:54.463 W/MountService(  374): getVolumeState(/mnt/sdcard/external_sd): Unknown volume
07-14 11:56:54.705 W/PackageParser( 2060): Unknown element under <application>: intent-filter at /storage/emulated/0/360MobileSafe_5.2.3.1061.apk Binary XML file line #1165
07-14 11:56:54.729 W/PackageParser( 2060): Unknown element under <application>: intent-filter at /storage/emulated/0/360MobileSafe_5.2.3.1061.apk Binary XML file line #1423
07-14 11:56:55.010 W/MountService(  374): getVolumeState(/storage/emulated/0/external_sd): Unknown volume
07-14 11:56:55.010 W/MountService(  374): getVolumeState(/mnt/sdcard-ext): Unknown volume
07-14 11:56:55.010 W/MountService(  374): getVolumeState(/mnt/ext_sdcard): Unknown volume
07-14 11:56:55.010 W/MountService(  374): getVolumeState(/mnt/sdcard2): Unknown volume
07-14 11:56:55.010 W/MountService(  374): getVolumeState(/mnt/emmc): Unknown volume
07-14 11:56:55.010 W/MountService(  374): getVolumeState(/mnt/extSdCard): Unknown volume
07-14 11:56:55.010 W/MountService(  374): getVolumeState(/mnt/sdcard/SD_CARD): Unknown volume
07-14 11:56:55.010 W/MountService(  374): getVolumeState(/mnt/sdcard/extra_sd): Unknown volume
07-14 11:56:55.018 W/MountService(  374): getVolumeState(/mnt/extrasd_bind): Unknown volume
07-14 11:56:55.018 W/MountService(  374): getVolumeState(/mnt/sdcard/ext_sd): Unknown volume
07-14 11:56:55.018 W/MountService(  374): getVolumeState(/storage/extSdCard): Unknown volume
07-14 11:56:55.018 W/MountService(  374): getVolumeState(/storage/sdcard1): Unknown volume
07-14 11:56:55.018 W/MountService(  374): getVolumeState(/mnt/sdcard/external_SD): Unknown volume
07-14 11:56:55.018 W/MountService(  374): getVolumeState(/mnt/sdcard/external_sd): Unknown volume
07-14 11:56:55.198 W/PackageParser( 2060): No actions in intent filter at /storage/emulated/0/Download/emmp.apk Binary XML file line #687
07-14 11:56:55.494 W/PackageParser( 2060): No actions in intent filter at /storage/emulated/0/Download/emmp-1.apk Binary XML file line #687
07-14 11:56:55.565 W/MountService(  374): getVolumeState(/storage/emulated/0/external_sd): Unknown volume
07-14 11:56:55.565 W/MountService(  374): getVolumeState(/mnt/sdcard-ext): Unknown volume
07-14 11:56:55.565 W/MountService(  374): getVolumeState(/mnt/ext_sdcard): Unknown volume
07-14 11:56:55.573 W/MountService(  374): getVolumeState(/mnt/sdcard2): Unknown volume
07-14 11:56:55.573 W/MountService(  374): getVolumeState(/mnt/emmc): Unknown volume
07-14 11:56:55.573 W/MountService(  374): getVolumeState(/mnt/extSdCard): Unknown volume
07-14 11:56:55.573 W/MountService(  374): getVolumeState(/mnt/sdcard/SD_CARD): Unknown volume
07-14 11:56:55.573 W/MountService(  374): getVolumeState(/mnt/sdcard/extra_sd): Unknown volume
07-14 11:56:55.573 W/MountService(  374): getVolumeState(/mnt/extrasd_bind): Unknown volume
07-14 11:56:55.573 W/MountService(  374): getVolumeState(/mnt/sdcard/ext_sd): Unknown volume
07-14 11:56:55.573 W/MountService(  374): getVolumeState(/storage/extSdCard): Unknown volume
07-14 11:56:55.573 W/MountService(  374): getVolumeState(/storage/sdcard1): Unknown volume
07-14 11:56:55.573 W/MountService(  374): getVolumeState(/mnt/sdcard/external_SD): Unknown volume
07-14 11:56:55.580 W/MountService(  374): getVolumeState(/mnt/sdcard/external_sd): Unknown volume
07-14 11:56:56.182 W/PackageParser( 2060): No actions in intent filter at /storage/emulated/0/360Download/Pekall.apk Binary XML file line #685
07-14 11:57:29.088 W/MountService(  374): getVolumeState(/storage/emulated/0/external_sd): Unknown volume
07-14 11:57:29.088 W/MountService(  374): getVolumeState(/mnt/sdcard-ext): Unknown volume
07-14 11:57:29.088 W/MountService(  374): getVolumeState(/mnt/ext_sdcard): Unknown volume
07-14 11:57:29.096 W/MountService(  374): getVolumeState(/mnt/sdcard2): Unknown volume
07-14 11:57:29.096 W/MountService(  374): getVolumeState(/mnt/emmc): Unknown volume
07-14 11:57:29.096 W/MountService(  374): getVolumeState(/mnt/extSdCard): Unknown volume
07-14 11:57:29.096 W/MountService(  374): getVolumeState(/mnt/sdcard/SD_CARD): Unknown volume
07-14 11:57:29.104 W/MountService(  374): getVolumeState(/mnt/sdcard/extra_sd): Unknown volume
07-14 11:57:29.104 W/MountService(  374): getVolumeState(/mnt/extrasd_bind): Unknown volume
07-14 11:57:29.104 W/MountService(  374): getVolumeState(/mnt/sdcard/ext_sd): Unknown volume
07-14 11:57:29.104 W/MountService(  374): getVolumeState(/storage/extSdCard): Unknown volume
07-14 11:57:29.104 W/MountService(  374): getVolumeState(/storage/sdcard1): Unknown volume
07-14 11:57:29.104 W/MountService(  374): getVolumeState(/mnt/sdcard/external_SD): Unknown volume
07-14 11:57:29.104 W/MountService(  374): getVolumeState(/mnt/sdcard/external_sd): Unknown volume
07-14 11:57:29.377 W/MountService(  374): getVolumeState(/storage/emulated/0/external_sd): Unknown volume
07-14 11:57:29.377 W/MountService(  374): getVolumeState(/mnt/sdcard-ext): Unknown volume
07-14 11:57:29.385 W/MountService(  374): getVolumeState(/mnt/ext_sdcard): Unknown volume
07-14 11:57:29.385 W/MountService(  374): getVolumeState(/mnt/sdcard2): Unknown volume
07-14 11:57:29.385 W/MountService(  374): getVolumeState(/mnt/emmc): Unknown volume
07-14 11:57:29.385 W/MountService(  374): getVolumeState(/mnt/extSdCard): Unknown volume
07-14 11:57:29.385 W/MountService(  374): getVolumeState(/mnt/sdcard/SD_CARD): Unknown volume
07-14 11:57:29.385 W/MountService(  374): getVolumeState(/mnt/sdcard/extra_sd): Unknown volume
07-14 11:57:29.385 W/MountService(  374): getVolumeState(/mnt/extrasd_bind): Unknown volume
07-14 11:57:29.385 W/MountService(  374): getVolumeState(/mnt/sdcard/ext_sd): Unknown volume
07-14 11:57:29.385 W/MountService(  374): getVolumeState(/storage/extSdCard): Unknown volume
07-14 11:57:29.393 W/MountService(  374): getVolumeState(/storage/sdcard1): Unknown volume
07-14 11:57:29.393 W/MountService(  374): getVolumeState(/mnt/sdcard/external_SD): Unknown volume
07-14 11:57:29.393 W/MountService(  374): getVolumeState(/mnt/sdcard/external_sd): Unknown volume
07-14 11:57:40.096 I/PowerManagerService(  374): Waking up from sleep...
07-14 11:57:40.166 I/WindowManager(  374): Lock screen displayed!
07-14 11:57:41.244 D/PhoneStatusBar(  450): disable: < expand icons alerts ticker system_info BACK HOME recent* CLOCK search >
07-14 11:57:41.448 D/PhoneStatusBar(  450): disable: < expand icons alerts ticker system_info back* home* recent clock* search >
07-14 11:57:41.494 W/InputMethodManagerService(  374): Window already focused, ignoring focus gain of: com.android.internal.view.IInputMethodClient$Stub$Proxy@42d20b38 attribute=android.view.inputmethod.EditorInfo@42d20b48, token = android.os.BinderProxy@42ea3d30
07-14 11:57:51.315 I/ActivityManager(  374): START u0 {act=android.intent.action.MAIN cat=[android.intent.category.LAUNCHER] flg=0x10200000 cmp=com.android.settings/.Settings} from pid 595
07-14 11:57:51.377 I/ActivityManager(  374): Start proc com.android.settings for activity com.android.settings/.Settings: pid=3178 uid=1000 gids={41000, 1015, 1028, 3002, 3001, 3003, 3007}
07-14 11:57:51.815 W/ContextImpl( 3178): Calling a method in the system process without a qualified user: android.app.ContextImpl.bindService:1439 android.content.ContextWrapper.bindService:496 android.bluetooth.BluetoothInputDevice.<init>:240 android.bluetooth.BluetoothAdapter.getProfileProxy:1168 com.android.settings.bluetooth.LocalBluetoothAdapter.getProfileProxy:94 
07-14 11:57:51.823 W/ContextImpl( 3178): Calling a method in the system process without a qualified user: android.app.ContextImpl.bindService:1439 android.content.ContextWrapper.bindService:496 android.bluetooth.BluetoothPan.<init>:141 android.bluetooth.BluetoothAdapter.getProfileProxy:1171 com.android.settings.bluetooth.PanProfile.<init>:73 
07-14 11:57:51.830 W/ContextImpl( 3178): Calling a method in the system process without a qualified user: android.app.ContextImpl.bindService:1439 android.content.ContextWrapper.bindService:496 android.bluetooth.BluetoothPbap.<init>:161 com.android.settings.bluetooth.PbapServerProfile.<init>:68 com.android.settings.bluetooth.LocalBluetoothProfileManager.<init>:124 
07-14 11:57:52.190 D/WifiService(  374): setWifiEnabled: true pid=3178, uid=1000
07-14 11:58:03.244 I/ActivityManager(  374): Start proc com.google.android.configupdater for broadcast com.google.android.configupdater/.CertPin.CertPinUpdateRequestReceiver: pid=3195 uid=10010 gids={50010, 3003, 2001, 1028}
07-14 11:58:03.869 I/ActivityManager(  374): Start proc com.google.android.partnersetup for broadcast com.google.android.partnersetup/.GservicesChangedReceiver: pid=3224 uid=10027 gids={50027, 3003, 1028}
07-14 11:58:03.877 I/ActivityManager(  374): No longer want com.google.android.gms (pid 840): empty #17
07-14 11:58:04.096 I/SystemUpdateService(  624): cancelUpdate (empty URL)
07-14 11:58:04.229 I/ActivityManager(  374): Start proc com.google.android.setupwizard for broadcast com.google.android.setupwizard/.GservicesChangedReceiver: pid=3252 uid=10049 gids={50049, 3003, 1028}
07-14 11:58:04.283 I/SystemUpdateService(  624): cancelUpdate (empty URL)
07-14 11:58:04.338 I/ActivityManager(  374): Start proc com.google.android.gsf.login for service com.google.android.gsf.login/com.google.android.gsf.loginservice.GoogleLoginService: pid=3267 uid=10009 gids={50009, 3003, 1007, 1028, 1015, 1006, 2001, 3006}
07-14 11:58:04.393 I/ActivityManager(  374): Start proc com.google.android.googlequicksearchbox for broadcast com.google.android.googlequicksearchbox/com.google.android.searchcommon.GservicesBroadcastReceiver: pid=3281 uid=10056 gids={50056, 3003, 1028, 1007, 3002, 1015}
07-14 11:58:04.393 I/ActivityManager(  374): No longer want com.qihoo360.mobilesafe:contacts (pid 2443): empty #17
07-14 11:58:04.487 I/ActivityManager(  374): No longer want com.qihoo.root (pid 2304): empty #17
07-14 11:58:04.502 I/ActivityManager(  374): No longer want com.android.providers.calendar (pid 2138): empty #17
07-14 11:58:04.932 I/ActivityManager(  374): No longer want com.google.android.gallery3d (pid 2155): empty #17
07-14 11:58:06.565 I/ConfigUpdateInstallReceiver(  374): Not installing, new version is <= current version
07-14 11:58:09.924 W/ActivityManager(  374): Unable to start service Intent { act=com.google.android.gms.analytics.service.START (has extras) } U=0: not found
07-14 11:58:14.924 W/ActivityManager(  374): Unable to start service Intent { act=com.google.android.gms.analytics.service.START (has extras) } U=0: not found
07-14 11:58:16.432 D/ConnectivityService(  374): handleInetConditionHoldEnd: net=1, condition=0, published condition=100
07-14 11:58:16.940 D/ConnectivityService(  374): handleInetConditionHoldEnd: net=1, condition=100, published condition=0
07-14 11:58:16.948 I/ConfigUpdateInstallReceiver(  374): Not installing, new version is <= current version
07-14 11:58:25.830 I/PowerManagerService(  374): Going to sleep due to screen timeout...
07-14 11:58:29.112 W/MountService(  374): getVolumeState(/storage/emulated/0/external_sd): Unknown volume
07-14 11:58:29.119 W/MountService(  374): getVolumeState(/mnt/sdcard-ext): Unknown volume
07-14 11:58:29.119 W/MountService(  374): getVolumeState(/mnt/ext_sdcard): Unknown volume
07-14 11:58:29.119 W/MountService(  374): getVolumeState(/mnt/sdcard2): Unknown volume
07-14 11:58:29.119 W/MountService(  374): getVolumeState(/mnt/emmc): Unknown volume
07-14 11:58:29.119 W/MountService(  374): getVolumeState(/mnt/extSdCard): Unknown volume
07-14 11:58:29.119 W/MountService(  374): getVolumeState(/mnt/sdcard/SD_CARD): Unknown volume
07-14 11:58:29.119 W/MountService(  374): getVolumeState(/mnt/sdcard/extra_sd): Unknown volume
07-14 11:58:29.127 W/MountService(  374): getVolumeState(/mnt/extrasd_bind): Unknown volume
07-14 11:58:29.127 W/MountService(  374): getVolumeState(/mnt/sdcard/ext_sd): Unknown volume
07-14 11:58:29.127 W/MountService(  374): getVolumeState(/storage/extSdCard): Unknown volume
07-14 11:58:29.135 W/MountService(  374): getVolumeState(/storage/sdcard1): Unknown volume
07-14 11:58:29.135 W/MountService(  374): getVolumeState(/mnt/sdcard/external_SD): Unknown volume
07-14 11:58:29.135 W/MountService(  374): getVolumeState(/mnt/sdcard/external_sd): Unknown volume
07-14 11:58:29.369 W/MountService(  374): getVolumeState(/storage/emulated/0/external_sd): Unknown volume
07-14 11:58:29.377 W/MountService(  374): getVolumeState(/mnt/sdcard-ext): Unknown volume
07-14 11:58:29.377 W/MountService(  374): getVolumeState(/mnt/ext_sdcard): Unknown volume
07-14 11:58:29.377 W/MountService(  374): getVolumeState(/mnt/sdcard2): Unknown volume
07-14 11:58:29.377 W/MountService(  374): getVolumeState(/mnt/emmc): Unknown volume
07-14 11:58:29.377 W/MountService(  374): getVolumeState(/mnt/extSdCard): Unknown volume
07-14 11:58:29.377 W/MountService(  374): getVolumeState(/mnt/sdcard/SD_CARD): Unknown volume
07-14 11:58:29.377 W/MountService(  374): getVolumeState(/mnt/sdcard/extra_sd): Unknown volume
07-14 11:58:29.385 W/MountService(  374): getVolumeState(/mnt/extrasd_bind): Unknown volume
07-14 11:58:29.385 W/MountService(  374): getVolumeState(/mnt/sdcard/ext_sd): Unknown volume
07-14 11:58:29.385 W/MountService(  374): getVolumeState(/storage/extSdCard): Unknown volume
07-14 11:58:29.385 W/MountService(  374): getVolumeState(/storage/sdcard1): Unknown volume
07-14 11:58:29.385 W/MountService(  374): getVolumeState(/mnt/sdcard/external_SD): Unknown volume
07-14 11:58:29.385 W/MountService(  374): getVolumeState(/mnt/sdcard/external_sd): Unknown volume
07-14 11:58:31.924 D/PhoneStatusBar(  450): disable: < expand icons alerts ticker system_info back home RECENT* clock search >
07-14 11:58:32.080 D/PhoneStatusBar(  450): disable: < expand icons alerts ticker system_info BACK* HOME* RECENT CLOCK* search >
07-14 11:58:54.596 I/PowerManagerService(  374): Waking up from sleep...
07-14 11:58:54.705 I/WindowManager(  374): Lock screen displayed!
07-14 11:58:54.838 I/ActivityManager(  374): Start proc com.android.providers.calendar for content provider com.android.providers.calendar/.CalendarProvider2: pid=3349 uid=10007 gids={50007, 3003, 1015, 1028}
07-14 11:58:55.690 D/PhoneStatusBar(  450): disable: < expand icons alerts ticker system_info BACK HOME recent* CLOCK search >
07-14 11:58:55.768 D/PhoneStatusBar(  450): disable: < expand icons alerts ticker system_info back* home* recent clock* search >
07-14 11:58:55.838 W/InputMethodManagerService(  374): Window already focused, ignoring focus gain of: com.android.internal.view.IInputMethodClient$Stub$Proxy@42d89360 attribute=android.view.inputmethod.EditorInfo@42f47fe8, token = android.os.BinderProxy@42d5e760
07-14 11:58:56.791 I/ActivityManager(  374): Start proc com.google.android.calendar for broadcast com.google.android.calendar/com.android.calendar.alerts.AlertReceiver: pid=3403 uid=10006 gids={50006, 3003, 1028}
07-14 11:58:59.658 I/ActivityManager(  374): START u0 {act=android.intent.action.MAIN cmp=com.android.settings/.SubSettings (has extras)} from pid 3178
07-14 11:59:01.994 I/ActivityManager(  374): No longer want com.google.android.apps.maps (pid 2681): empty #17
07-14 11:59:03.002 I/ActivityManager(  374): START u0 {act=android.intent.action.MAIN cmp=com.android.settings/.SubSettings (has extras)} from pid 3178
07-14 11:59:04.612 I/ActivityManager(  374): START u0 {cmp=com.android.settings/.DeviceAdminAdd (has extras)} from pid 3178
07-14 11:59:06.416 W/DevicePolicyManagerService(  374): Previous password owner 10066 no longer active; disabling
07-14 11:59:09.588 I/ActivityManager(  374): START u0 {act=android.intent.action.MAIN cmp=com.android.settings/.SubSettings (has extras)} from pid 3178
07-14 11:59:09.901 W/ContextImpl( 3178): Calling a method in the system process without a qualified user: android.app.ContextImpl.bindService:1439 android.content.ContextWrapper.bindService:496 com.android.settings.applications.ManageApplications.onCreate:861 android.app.Fragment.performCreate:1673 android.app.FragmentManagerImpl.moveToState:854 
07-14 11:59:13.229 I/ActivityManager(  374): START u0 {act=android.intent.action.MAIN cmp=com.android.settings/.SubSettings (has extras)} from pid 3178
07-14 11:59:17.299 I/ActivityManager(  374): Force stopping package com.pekall.emdm appid=10066 user=0
07-14 11:59:17.299 I/ActivityManager(  374): Killing proc 1365:com.pekall.emdm/u0a10066: force stop com.pekall.emdm
07-14 11:59:17.299 W/ActivityManager(  374): Scheduling restart of crashed service com.pekall.emdm/.MdmService in 5000ms
07-14 11:59:17.299 W/ActivityManager(  374): Scheduling restart of crashed service com.pekall.emdm/.document.activity.DownLoadDocService in 15000ms
07-14 11:59:17.299 W/ActivityManager(  374): Scheduling restart of crashed service com.pekall.emdm/.contacts.service.PhoneService in 24999ms
07-14 11:59:17.299 W/ActivityManager(  374): Scheduling restart of crashed service com.pekall.emdm/.messagecenter.controller.MessageCenterService in 34999ms
07-14 11:59:17.299 I/ActivityManager(  374):   Force stopping service ServiceRecord{42d9a610 u0 com.pekall.emdm/.MdmService}
07-14 11:59:17.299 I/ActivityManager(  374):   Force stopping service ServiceRecord{42f4bbd8 u0 com.pekall.emdm/.document.activity.DownLoadDocService}
07-14 11:59:17.299 I/ActivityManager(  374):   Force stopping service ServiceRecord{43180950 u0 com.pekall.emdm/.contacts.service.PhoneService}
07-14 11:59:17.299 I/ActivityManager(  374):   Force stopping service ServiceRecord{42f38328 u0 com.pekall.emdm/.messagecenter.controller.MessageCenterService}
07-14 11:59:17.346 I/ActivityManager(  374): Start proc com.google.android.gms for broadcast com.google.android.gms/.common.receiver.SystemBroadcastReceiver: pid=3453 uid=10009 gids={50009, 3003, 1007, 1028, 1015, 1006, 2001, 3006}
07-14 11:59:17.838 W/InputMethodManagerService(  374): Window already focused, ignoring focus gain of: com.android.internal.view.IInputMethodClient$Stub$Proxy@42e44e40 attribute=null, token = android.os.BinderProxy@42c99068
07-14 11:59:19.190 W/ViewRootImpl( 3178): Dropping event due to no window focus: KeyEvent { action=ACTION_DOWN, keyCode=KEYCODE_BACK, scanCode=0, metaState=0, flags=0x48, repeatCount=0, eventTime=497605, downTime=497605, deviceId=-1, source=0x101 }
07-14 11:59:19.698 W/ActivityManager(  374): Duplicate finish request for ActivityRecord{42bb5950 u0 com.android.settings/.SubSettings}
07-14 11:59:25.877 W/ViewRootImpl(  595): Dropping event due to no window focus: KeyEvent { action=ACTION_DOWN, keyCode=KEYCODE_BACK, scanCode=0, metaState=0, flags=0x48, repeatCount=0, eventTime=504212, downTime=504212, deviceId=-1, source=0x101 }
07-14 11:59:26.393 I/ActivityManager(  374): No longer want com.google.android.apps.uploader (pid 2179): empty #17
07-14 11:59:28.237 I/ActivityManager(  374): START u0 {act=android.intent.action.MAIN cat=[android.intent.category.LAUNCHER] flg=0x10200000 cmp=com.pekall.emdm/.ui.SplashActivity} from pid 595
07-14 11:59:28.549 I/ActivityManager(  374): Start proc com.pekall.emdm for activity com.pekall.emdm/.ui.SplashActivity: pid=3494 uid=10066 gids={50066, 1015, 3002, 3001, 3003, 1028}
07-14 11:59:29.135 W/MountService(  374): getVolumeState(/storage/emulated/0/external_sd): Unknown volume
07-14 11:59:29.135 W/MountService(  374): getVolumeState(/mnt/sdcard-ext): Unknown volume
07-14 11:59:29.135 W/MountService(  374): getVolumeState(/mnt/ext_sdcard): Unknown volume
07-14 11:59:29.135 W/MountService(  374): getVolumeState(/mnt/sdcard2): Unknown volume
07-14 11:59:29.135 W/MountService(  374): getVolumeState(/mnt/emmc): Unknown volume
07-14 11:59:29.135 W/MountService(  374): getVolumeState(/mnt/extSdCard): Unknown volume
07-14 11:59:29.135 W/MountService(  374): getVolumeState(/mnt/sdcard/SD_CARD): Unknown volume
07-14 11:59:29.135 W/MountService(  374): getVolumeState(/mnt/sdcard/extra_sd): Unknown volume
07-14 11:59:29.143 W/MountService(  374): getVolumeState(/mnt/extrasd_bind): Unknown volume
07-14 11:59:29.143 W/MountService(  374): getVolumeState(/mnt/sdcard/ext_sd): Unknown volume
07-14 11:59:29.151 W/MountService(  374): getVolumeState(/storage/extSdCard): Unknown volume
07-14 11:59:29.151 W/MountService(  374): getVolumeState(/storage/sdcard1): Unknown volume
07-14 11:59:29.151 W/MountService(  374): getVolumeState(/mnt/sdcard/external_SD): Unknown volume
07-14 11:59:29.174 W/MountService(  374): getVolumeState(/mnt/sdcard/external_sd): Unknown volume
07-14 11:59:29.643 W/MountService(  374): getVolumeState(/storage/emulated/0/external_sd): Unknown volume
07-14 11:59:29.651 W/MountService(  374): getVolumeState(/mnt/sdcard-ext): Unknown volume
07-14 11:59:29.651 W/MountService(  374): getVolumeState(/mnt/ext_sdcard): Unknown volume
07-14 11:59:29.651 W/MountService(  374): getVolumeState(/mnt/sdcard2): Unknown volume
07-14 11:59:29.651 W/MountService(  374): getVolumeState(/mnt/emmc): Unknown volume
07-14 11:59:29.658 W/MountService(  374): getVolumeState(/mnt/extSdCard): Unknown volume
07-14 11:59:29.658 W/MountService(  374): getVolumeState(/mnt/sdcard/SD_CARD): Unknown volume
07-14 11:59:29.658 W/MountService(  374): getVolumeState(/mnt/sdcard/extra_sd): Unknown volume
07-14 11:59:29.666 W/MountService(  374): getVolumeState(/mnt/extrasd_bind): Unknown volume
07-14 11:59:29.674 W/MountService(  374): getVolumeState(/mnt/sdcard/ext_sd): Unknown volume
07-14 11:59:29.674 W/MountService(  374): getVolumeState(/storage/extSdCard): Unknown volume
07-14 11:59:29.674 W/MountService(  374): getVolumeState(/storage/sdcard1): Unknown volume
07-14 11:59:29.674 W/MountService(  374): getVolumeState(/mnt/sdcard/external_SD): Unknown volume
07-14 11:59:29.682 W/MountService(  374): getVolumeState(/mnt/sdcard/external_sd): Unknown volume
07-14 11:59:30.299 W/ActivityManager(  374): Unable to start service Intent { cmp=com.pekall.emdm/com.pekall.semail.service.AttachmentDownloadService } U=0: not found
07-14 11:59:30.533 I/ActivityManager(  374): No longer want com.google.android.youtube (pid 1904): empty #17
07-14 11:59:31.752 I/ActivityManager(  374): START u0 {cmp=com.pekall.emdm/.ui.AdvActivity} from pid 3494
07-14 11:59:32.057 I/WindowManager(  374): Screenshot max retries 4 of Token{42ea9760 ActivityRecord{42d631c8 u0 com.pekall.emdm/.ui.SplashActivity}} appWin=Window{42baec00 u0 com.pekall.emdm/com.pekall.emdm.ui.SplashActivity} drawState=1
07-14 11:59:32.057 W/WindowManager(  374): Screenshot failure taking screenshot for (720x1280) to layer 21010
07-14 11:59:32.385 W/InputMethodManagerService(  374): Focus gain on non-focused client com.android.internal.view.IInputMethodClient$Stub$Proxy@42d49128 (uid=10066 pid=3494)
07-14 11:59:32.565 W/ActivityManager(  374): Activity pause timeout for ActivityRecord{42d631c8 u0 com.pekall.emdm/.ui.SplashActivity}
07-14 11:59:36.088 I/ActivityManager(  374): START u0 {cmp=com.pekall.emdm/.ui.RegDeviceActivity} from pid 3494
07-14 11:59:45.963 I/ActivityManager(  374): No longer want com.qihoo360.mobilesafe (pid 2937): empty #17
07-14 12:00:17.401 W/InputMethodManagerService(  374): Window already focused, ignoring focus gain of: com.android.internal.view.IInputMethodClient$Stub$Proxy@42d6a048 attribute=android.view.inputmethod.EditorInfo@43073988, token = android.os.BinderProxy@42f5d000
07-14 12:00:29.151 W/MountService(  374): getVolumeState(/storage/emulated/0/external_sd): Unknown volume
07-14 12:00:29.151 W/MountService(  374): getVolumeState(/mnt/sdcard-ext): Unknown volume
07-14 12:00:29.158 W/MountService(  374): getVolumeState(/mnt/ext_sdcard): Unknown volume
07-14 12:00:29.158 W/MountService(  374): getVolumeState(/mnt/sdcard2): Unknown volume
07-14 12:00:29.158 W/MountService(  374): getVolumeState(/mnt/emmc): Unknown volume
07-14 12:00:29.158 W/MountService(  374): getVolumeState(/mnt/extSdCard): Unknown volume
07-14 12:00:29.158 W/MountService(  374): getVolumeState(/mnt/sdcard/SD_CARD): Unknown volume
07-14 12:00:29.158 W/MountService(  374): getVolumeState(/mnt/sdcard/extra_sd): Unknown volume
07-14 12:00:29.158 W/MountService(  374): getVolumeState(/mnt/extrasd_bind): Unknown volume
07-14 12:00:29.158 W/MountService(  374): getVolumeState(/mnt/sdcard/ext_sd): Unknown volume
07-14 12:00:29.166 W/MountService(  374): getVolumeState(/storage/extSdCard): Unknown volume
07-14 12:00:29.166 W/MountService(  374): getVolumeState(/storage/sdcard1): Unknown volume
07-14 12:00:29.166 W/MountService(  374): getVolumeState(/mnt/sdcard/external_SD): Unknown volume
07-14 12:00:29.166 W/MountService(  374): getVolumeState(/mnt/sdcard/external_sd): Unknown volume
07-14 12:00:29.440 W/MountService(  374): getVolumeState(/storage/emulated/0/external_sd): Unknown volume
07-14 12:00:29.440 W/MountService(  374): getVolumeState(/mnt/sdcard-ext): Unknown volume
07-14 12:00:29.440 W/MountService(  374): getVolumeState(/mnt/ext_sdcard): Unknown volume
07-14 12:00:29.440 W/MountService(  374): getVolumeState(/mnt/sdcard2): Unknown volume
07-14 12:00:29.448 W/MountService(  374): getVolumeState(/mnt/emmc): Unknown volume
07-14 12:00:29.448 W/MountService(  374): getVolumeState(/mnt/extSdCard): Unknown volume
07-14 12:00:29.448 W/MountService(  374): getVolumeState(/mnt/sdcard/SD_CARD): Unknown volume
07-14 12:00:29.448 W/MountService(  374): getVolumeState(/mnt/sdcard/extra_sd): Unknown volume
07-14 12:00:29.448 W/MountService(  374): getVolumeState(/mnt/extrasd_bind): Unknown volume
07-14 12:00:29.448 W/MountService(  374): getVolumeState(/mnt/sdcard/ext_sd): Unknown volume
07-14 12:00:29.455 W/MountService(  374): getVolumeState(/storage/extSdCard): Unknown volume
07-14 12:00:29.455 W/MountService(  374): getVolumeState(/storage/sdcard1): Unknown volume
07-14 12:00:29.455 W/MountService(  374): getVolumeState(/mnt/sdcard/external_SD): Unknown volume
07-14 12:00:29.455 W/MountService(  374): getVolumeState(/mnt/sdcard/external_sd): Unknown volume
07-14 12:00:34.010 W/InputMethodManagerService(  374): Window already focused, ignoring focus gain of: com.android.internal.view.IInputMethodClient$Stub$Proxy@42875468 attribute=android.view.inputmethod.EditorInfo@42cf6c50, token = android.os.BinderProxy@42f5d000
07-14 12:00:42.729 I/ActivityManager(  374): START u0 {cmp=com.pekall.emdm/.ui.ActiveDeviceAdminActivity} from pid 3494
07-14 12:00:44.518 I/ActivityManager(  374): Start proc com.pekall.emdm:remote for service com.pekall.emdm/com.baidu.location.f: pid=3709 uid=10066 gids={50066, 1015, 3002, 3001, 3003, 1028}
07-14 12:00:45.041 D/ActivityThread( 3709): Loading provider com.pekall.semail.provider;com.pekall.semail.notifier: com.pekall.semail.provider.EmailProvider
07-14 12:00:45.096 D/ActivityThread( 3709): Loading provider com.pekall.semail.provider;com.pekall.semail.notifier: com.pekall.semail.provider.EmailProvider
07-14 12:00:45.877 W/ActivityManager(  374): Unable to start service Intent { cmp=com.pekall.emdm/com.pekall.semail.service.AttachmentDownloadService } U=0: not found
07-14 12:00:46.518 I/ActivityManager(  374): START u0 {act=android.app.action.ADD_DEVICE_ADMIN cmp=com.android.settings/.DeviceAdminAdd (has extras)} from pid 3494
07-14 12:00:46.791 I/ActivityManager(  374): Process com.pekall.emdm:remote (pid 3709) has died.
07-14 12:00:48.565 I/ActivityManager(  374): START u0 {act=launcher.action.to.setPin cmp=com.pekall.emdm/.setting.SetPasswordActivity (has extras)} from pid 3494
07-14 12:00:50.573 I/ActivityManager(  374): START u0 {cmp=com.pekall.emdm/.ui.MainActivity (has extras)} from pid 3494
07-14 12:00:54.580 I/ActivityManager(  374): START u0 {cmp=com.pekall.emdm/.document.activity.DocMainActivity} from pid 3494
07-14 12:00:55.979 I/ActivityManager(  374): START u0 {cmp=com.pekall.emdm/.document.activity.CompanyDocActivity} from pid 3494
07-14 12:01:04.721 I/ActivityManager(  374): START u0 {cmp=com.pekall.emdm/.messagecenter.activity.MessageMainActivity} from pid 3494
07-14 12:01:09.869 I/ActivityManager(  374): START u0 {cmp=com.pekall.emdm/.document.activity.DocMainActivity} from pid 3494
07-14 12:01:15.432 I/ActivityManager(  374): START u0 {cmp=com.pekall.emdm/.document.activity.CompanyDocActivity} from pid 3494
07-14 12:01:29.198 W/MountService(  374): getVolumeState(/storage/emulated/0/external_sd): Unknown volume
07-14 12:01:29.205 W/MountService(  374): getVolumeState(/mnt/sdcard-ext): Unknown volume
07-14 12:01:29.205 W/MountService(  374): getVolumeState(/mnt/ext_sdcard): Unknown volume
07-14 12:01:29.205 W/MountService(  374): getVolumeState(/mnt/sdcard2): Unknown volume
07-14 12:01:29.213 W/MountService(  374): getVolumeState(/mnt/emmc): Unknown volume
07-14 12:01:29.213 W/MountService(  374): getVolumeState(/mnt/extSdCard): Unknown volume
07-14 12:01:29.213 W/MountService(  374): getVolumeState(/mnt/sdcard/SD_CARD): Unknown volume
07-14 12:01:29.213 W/MountService(  374): getVolumeState(/mnt/sdcard/extra_sd): Unknown volume
