07-14 12:22:36.002 D/DB      ( 3494): factory null
07-14 12:22:36.002 D/DB      ( 3494): fillWindow: 0
07-14 12:22:36.002 D/DB      ( 3494): cursor 1
07-14 12:22:36.002 D/DB      ( 3494): moveToPos: 0
07-14 12:22:36.002 D/DB      ( 3494): onMove: 0
07-14 12:22:36.088 V/AccountService( 3494): [SERVICE] adding new account, type: pop3, result: true
07-14 12:22:36.088 V/h       ( 3494): Task addAccount completed; disconnecting
07-14 12:22:36.088 V/h       ( 3494): Wait for addAccount finished in 153ms
07-14 12:22:36.088 D/DB      ( 3494): query: SQLiteQuery: SELECT _id FROM Account
07-14 12:22:36.088 D/DB      ( 3494): factory null
07-14 12:22:36.088 D/DB      ( 3494): fillWindow: 0
07-14 12:22:36.096 I/AccountProvision( 3494): [C] Add account, result: true
07-14 12:22:36.096 D/DB      ( 3494): cursor 2
07-14 12:22:36.096 D/DB      ( 3494): query: SQLiteQuery: SELECT _id FROM Account
07-14 12:22:36.096 D/DB      ( 3494): factory null
07-14 12:22:36.096 D/DB      ( 3494): fillWindow: 0
07-14 12:22:36.096 D/DB      ( 3494): cursor 2
07-14 12:22:36.104 D/ProfileManager( 3494): [null:-1]->get policy, payloadBase:PayloadPasswordPolicy{allowSimple=null, forcePIN=true, maxFailedAttempts=null, maxInactivity=0.25, maxPINAgeInDays=null, minComplexChars=null, minLength=7, requireAlphanumeric=null, pinHistory=null, maxGracePeriod=null, quality='numeric'}
07-14 12:22:36.104 D/DB      ( 3494): moveToPos: 0
07-14 12:22:36.104 D/DB      ( 3494): onMove: 0
07-14 12:22:36.104 D/DB      ( 3494): moveToPos: 1
07-14 12:22:36.104 D/DB      ( 3494): onMove: 1
07-14 12:22:36.112 D/DB      ( 3494): moveToPos: 2
07-14 12:22:36.112 D/DB      ( 3494): query: SQLiteQuery: SELECT _id FROM HostAuth
07-14 12:22:36.112 D/DB      ( 3494): factory null
07-14 12:22:36.112 D/DB      ( 3494): fillWindow: 0
07-14 12:22:36.119 D/DB      ( 3494): cursor 4
07-14 12:22:36.119 D/DB      ( 3494): moveToPos: 0
07-14 12:22:36.119 D/DB      ( 3494): onMove: 0
07-14 12:22:36.127 D/DB      ( 3494): moveToPos: 1
07-14 12:22:36.127 D/DB      ( 3494): onMove: 1
07-14 12:22:36.127 D/DB      ( 3494): moveToPos: 2
07-14 12:22:36.127 D/DB      ( 3494): onMove: 2
07-14 12:22:36.127 D/DB      ( 3494): moveToPos: 3
07-14 12:22:36.127 D/DB      ( 3494): onMove: 3
07-14 12:22:36.135 D/DB      ( 3494): moveToPos: 4
07-14 12:22:36.135 D/DB      ( 3494): query: SQLiteQuery: SELECT _id FROM Policy
07-14 12:22:36.135 D/DB      ( 3494): factory null
07-14 12:22:36.135 D/DB      ( 3494): fillWindow: 0
07-14 12:22:36.135 D/DB      ( 3494): cursor 0
07-14 12:22:36.135 D/DB      ( 3494): moveToPos: 0
07-14 12:22:36.135 D/DB      ( 3494): query: SQLiteQuery: SELECT _id FROM Mailbox WHERE type IN (0,3,6,5,8,4)
07-14 12:22:36.135 D/DB      ( 3494): factory null
07-14 12:22:36.135 D/DB      ( 3494): fillWindow: 0
07-14 12:22:36.135 D/DB      ( 3494): cursor 0
07-14 12:22:36.143 D/DB      ( 3494): moveToPos: 0
07-14 12:22:36.166 D/ProfileManager( 3494): [null:-1]->get policy, payloadBase:PayloadBase{PayloadType='com.pekall.wifi.setting', PayloadVersion=1, PayloadIdentifier='com.pekall.profile.policy.wifi.setting', PayloadUUID='b5f40348-bd4b-4a1f-ae79-b881a93bdf4b', PayloadDisplayName='wifi设置', PayloadDescription='是否允许用户修改wifi配置', PayloadOrganization='Pekall Capital', PayloadStatus='null'}
07-14 12:22:36.174 E/DB      ( 3494): bind, index: 1, value: 1
07-14 12:22:36.174 D/DB      ( 3494): query: SQLiteQuery: SELECT _id FROM Mailbox WHERE accountKey=?
07-14 12:22:36.174 D/DB      ( 3494): factory null
07-14 12:22:36.174 D/DB      ( 3494): fillWindow: 0
07-14 12:22:36.174 D/DB      ( 3494): cursor 0
07-14 12:22:36.174 E/DB      ( 3494): bind, index: 1, value: 0
07-14 12:22:36.174 E/DB      ( 3494): bind, index: 2, value: 1
07-14 12:22:36.174 D/DB      ( 3494): query: SQLiteQuery: SELECT _id FROM Mailbox WHERE type=? and accountKey=? LIMIT 1
07-14 12:22:36.174 D/DB      ( 3494): factory null
07-14 12:22:36.174 D/DB      ( 3494): fillWindow: 0
07-14 12:22:36.182 D/DB      ( 3494): cursor 0
07-14 12:22:36.182 D/DB      ( 3494): query: SQLiteQuery: SELECT _id FROM Account
07-14 12:22:36.182 D/DB      ( 3494): factory null
07-14 12:22:36.182 D/DB      ( 3494): fillWindow: 0
07-14 12:22:36.182 D/DB      ( 3494): cursor 2
07-14 12:22:36.182 D/DB      ( 3494): moveToPos: 0
07-14 12:22:36.182 D/DB      ( 3494): query: SQLiteQuery: SELECT _id, displayName, emailAddress, syncKey, syncLookback, syncInterval, hostAuthKeyRecv, hostAuthKeySend, flags, isDefault, compatibilityUuid, senderName, ringtoneUri, protocolVersion, newMessageCount, securitySyncKey, signature, policyKey, notifiedMessageId, notifiedMessageCount FROM Account
07-14 12:22:36.182 D/DB      ( 3494): factory null
07-14 12:22:36.182 D/DB      ( 3494): fillWindow: 0
07-14 12:22:36.182 W/Email   ( 3494): Could not load INBOX for account id: 1
07-14 12:22:36.182 D/DB      ( 3494): cursor 2
07-14 12:22:36.190 E/DB      ( 3494): bind, index: 1, value: 6
07-14 12:22:36.190 D/DB      ( 3494): query: SQLiteQuery: SELECT _id FROM Attachment WHERE (flags & ?) != 0
07-14 12:22:36.190 D/DB      ( 3494): factory null
07-14 12:22:36.190 D/DB      ( 3494): fillWindow: 0
07-14 12:22:36.190 D/DB      ( 3494): cursor 0
07-14 12:22:36.190 D/AttachmentService( 3494): Count: 0
07-14 12:22:36.190 D/DB      ( 3494): moveToPos: 0
07-14 12:22:36.198 D/DB      ( 3494): moveToPos: 0
07-14 12:22:36.198 D/DB      ( 3494): onMove: 0
07-14 12:22:36.205 D/DB      ( 3494): moveToPos: 1
07-14 12:22:36.205 D/DB      ( 3494): onMove: 1
07-14 12:22:36.213 D/DB      ( 3494): moveToPos: 2
07-14 12:22:36.237 D/ProfileManager( 3494): [null:-1]->get policy, payloadBase:PayloadSecurityPolicy{enforceEncryption=false, enforceSDCardEncryption=false, allowSDCard=true, allowSDCardWrite=true, disableKeyguardFeatures='none', allowNonGoogleApp='user controlled', enforceAppVerify='user controlled', allowScreenCapture=true, allowClipboard=true, backupMyData='user controlled', automaticRestore='user controlled', visiblePasswords='user controlled', allowUSBDebugging=true, allowGoogleCrashReport=true, allowFactoryReset=true, allowOTAUpgrade=true}
07-14 12:22:36.260 D/DB      ( 3494): moveToPos: 0
07-14 12:22:36.299 D/DB      ( 3494): query: SQLiteQuery: SELECT _id FROM Account WHERE flags&1 != 0
07-14 12:22:36.299 D/DB      ( 3494): factory null
07-14 12:22:36.307 D/DB      ( 3494): fillWindow: 0
07-14 12:22:36.307 D/DB      ( 3494): cursor 2
07-14 12:22:36.307 D/DB      ( 3494): moveToPos: 0
07-14 12:22:36.307 D/DB      ( 3494): onMove: 0
07-14 12:22:36.307 D/DB      ( 3494): moveToPos: 1
07-14 12:22:36.307 D/DB      ( 3494): onMove: 1
07-14 12:22:36.307 D/DB      ( 3494): query: SQLiteQuery: SELECT _id, size, fileName, mimeType, accountKey, flags FROM Attachment WHERE contentUri isnull AND flags=0 AND messageKey IN (SELECT _id FROM Message WHERE mailboxKey IN (SELECT _id FROM Mailbox WHERE type = 0) AND flagLoaded IN (2,1)) ORDER BY _id DESC LIMIT 25
07-14 12:22:36.307 D/DB      ( 3494): moveToPos: 2
07-14 12:22:36.307 D/DB      ( 3494): factory null
07-14 12:22:36.307 D/DB      ( 3494): fillWindow: 0
07-14 12:22:36.307 D/DB      ( 3494): cursor 0
07-14 12:22:36.307 D/DB      ( 3494): moveToPos: 0
07-14 12:22:36.315 D/AttachmentService( 3494): *** All done; shutting down service
07-14 12:22:36.315 D/DB      ( 3494): query: SQLiteQuery: SELECT _id, displayName, emailAddress, syncKey, syncLookback, syncInterval, hostAuthKeyRecv, hostAuthKeySend, flags, isDefault, compatibilityUuid, senderName, ringtoneUri, protocolVersion, newMessageCount, securitySyncKey, signature, policyKey, notifiedMessageId, notifiedMessageCount FROM Account
07-14 12:22:36.315 D/DB      ( 3494): factory null
07-14 12:22:36.315 D/DB      ( 3494): fillWindow: 0
07-14 12:22:36.315 D/ProfileManager( 3494): [null:-1]->get policy, payloadBase:PayloadRestrictionsAndroidPolicy{backgroundDataSync='user controlled', autoSync='user controlled', camera='user controlled', bluetooth='user controlled', allowUSBMassStorage='enabled', allowUsbMediaPlayer=true, useNetworkDateTime='user controlled', allowMicrophone='user controlled', allowNFC='user controlled', useWirelessNetworkForLocation='user controlled', useGPSForLocation='user controlled', useSensorAidingForLocation='user controlled', allowMockLocation='user controlled', allowClipboardShare=null, allowAudioRecord=null}
07-14 12:22:36.315 D/DB      ( 3494): cursor 2
07-14 12:22:36.315 E/DB      ( 3494): bind, index: 1, value: 1
07-14 12:22:36.315 D/DB      ( 3494): query: SQLiteQuery: SELECT _id FROM Account WHERE _id =?
07-14 12:22:36.323 D/DB      ( 3494): moveToPos: 0
07-14 12:22:36.323 D/DB      ( 3494): onMove: 0
07-14 12:22:36.323 D/DB      ( 3494): factory null
07-14 12:22:36.323 D/DB      ( 3494): fillWindow: 0
07-14 12:22:36.323 D/DB      ( 3494): moveToPos: 1
07-14 12:22:36.323 D/DB      ( 3494): onMove: 1
07-14 12:22:36.323 D/DB      ( 3494): moveToPos: 2
07-14 12:22:36.323 D/DB      ( 3494): cursor 1
07-14 12:22:36.346 D/DB      ( 3494): query: SQLiteQuery: SELECT _id FROM Account
07-14 12:22:36.346 D/DB      ( 3494): factory null
07-14 12:22:36.346 D/DB      ( 3494): fillWindow: 0
07-14 12:22:36.346 D/DB      ( 3494): cursor 1
07-14 12:22:36.346 D/DB      ( 3494): moveToPos: 0
07-14 12:22:36.346 W/System.err( 1990): java.io.FileNotFoundException: /data/data/com.mgyapp.android/files/.cfp.i: open failed: ENOENT (No such file or directory)
07-14 12:22:36.346 W/System.err( 1990): 	at libcore.io.IoBridge.open(IoBridge.java:409)
07-14 12:22:36.346 W/System.err( 1990): 	at java.io.FileInputStream.<init>(FileInputStream.java:78)
07-14 12:22:36.354 W/System.err( 1990): 	at android.app.ContextImpl.openFileInput(ContextImpl.java:702)
07-14 12:22:36.354 D/DB      ( 3494): onMove: 0
07-14 12:22:36.354 W/System.err( 1990): 	at android.content.ContextWrapper.openFileInput(ContextWrapper.java:173)
07-14 12:22:36.354 W/System.err( 1990): 	at com.mgyun.shua.jc.c.b(Unknown Source)
07-14 12:22:36.354 W/System.err( 1990): 	at com.mgyun.shua.jc.d.a(Unknown Source)
07-14 12:22:36.354 W/System.err( 1990): 	at com.mgyun.shua.jc.service.CpWorkServer.onHandleIntent(Unknown Source)
07-14 12:22:36.354 W/System.err( 1990): 	at android.app.IntentService$ServiceHandler.handleMessage(IntentService.java:65)
07-14 12:22:36.354 W/System.err( 1990): 	at android.os.Handler.dispatchMessage(Handler.java:99)
07-14 12:22:36.354 W/System.err( 1990): 	at android.os.Looper.loop(Looper.java:137)
07-14 12:22:36.354 W/System.err( 1990): 	at android.os.HandlerThread.run(HandlerThread.java:61)
07-14 12:22:36.354 D/DB      ( 3494): query: SQLiteQuery: SELECT _id, displayName, emailAddress, syncKey, syncLookback, syncInterval, hostAuthKeyRecv, hostAuthKeySend, flags, isDefault, compatibilityUuid, senderName, ringtoneUri, protocolVersion, newMessageCount, securitySyncKey, signature, policyKey, notifiedMessageId, notifiedMessageCount FROM Account WHERE _id=2
07-14 12:22:36.354 D/DB      ( 3494): factory null
07-14 12:22:36.354 D/DB      ( 3494): fillWindow: 0
07-14 12:22:36.354 W/System.err( 1990): Caused by: libcore.io.ErrnoException: open failed: ENOENT (No such file or directory)
07-14 12:22:36.354 D/DB      ( 3494): cursor 1
07-14 12:22:36.354 D/DB      ( 3494): moveToPos: 0
07-14 12:22:36.354 D/DB      ( 3494): onMove: 0
07-14 12:22:36.354 W/System.err( 1990): 	at libcore.io.Posix.open(Native Method)
07-14 12:22:36.354 W/System.err( 1990): 	at libcore.io.BlockGuardOs.open(BlockGuardOs.java:110)
07-14 12:22:36.354 W/System.err( 1990): 	at libcore.io.IoBridge.open(IoBridge.java:393)
07-14 12:22:36.354 D/DB      ( 3494): moveToPos: 1
07-14 12:22:36.354 W/System.err( 1990): 	... 10 more
07-14 12:22:36.362 D/DB      ( 3494): query: SQLiteQuery: SELECT _id FROM HostAuth
07-14 12:22:36.362 D/DB      ( 3494): factory null
07-14 12:22:36.362 D/DB      ( 3494): fillWindow: 0
07-14 12:22:36.362 D/DB      ( 3494): cursor 2
07-14 12:22:36.362 D/DB      ( 3494): moveToPos: 0
07-14 12:22:36.362 D/DB      ( 3494): onMove: 0
07-14 12:22:36.362 D/DB      ( 3494): query: SQLiteQuery: SELECT _id, protocol, address, port, flags, login, password, domain, certAlias FROM HostAuth WHERE _id=3
07-14 12:22:36.362 D/DB      ( 3494): factory null
07-14 12:22:36.362 D/DB      ( 3494): fillWindow: 0
07-14 12:22:36.362 D/DB      ( 3494): cursor 1
07-14 12:22:36.362 D/DB      ( 3494): moveToPos: 0
07-14 12:22:36.362 D/DB      ( 3494): onMove: 0
07-14 12:22:36.369 D/DB      ( 3494): moveToPos: 1
07-14 12:22:36.369 D/DB      ( 3494): onMove: 1
07-14 12:22:36.369 D/DB      ( 3494): query: SQLiteQuery: SELECT _id, protocol, address, port, flags, login, password, domain, certAlias FROM HostAuth WHERE _id=4
07-14 12:22:36.369 D/DB      ( 3494): factory null
07-14 12:22:36.369 D/DB      ( 3494): fillWindow: 0
07-14 12:22:36.369 D/DB      ( 3494): cursor 1
07-14 12:22:36.369 D/DB      ( 3494): moveToPos: 0
07-14 12:22:36.369 D/DB      ( 3494): onMove: 0
07-14 12:22:36.369 D/DB      ( 3494): moveToPos: 2
07-14 12:22:36.377 D/DB      ( 3494): query: SQLiteQuery: SELECT _id FROM Policy
07-14 12:22:36.377 D/DB      ( 3494): factory null
07-14 12:22:36.377 D/DB      ( 3494): fillWindow: 0
07-14 12:22:36.377 D/DB      ( 3494): cursor 0
07-14 12:22:36.377 D/DB      ( 3494): moveToPos: 0
07-14 12:22:36.377 D/DB      ( 3494): query: SQLiteQuery: SELECT _id FROM Mailbox WHERE type IN (0,3,6,5,8,4)
07-14 12:22:36.377 D/DB      ( 3494): factory null
07-14 12:22:36.377 D/DB      ( 3494): fillWindow: 0
07-14 12:22:36.377 D/DB      ( 3494): cursor 0
07-14 12:22:36.385 D/DB      ( 3494): moveToPos: 0
07-14 12:22:36.393 D/ProfileManager( 3494): [null:-1]->get policy, payloadBase:PayloadBase{PayloadType='com.pekall.app.compliance.policy', PayloadVersion=1, PayloadIdentifier='com.pekall.profile.policy.app.compliance', PayloadUUID='170530dc-a27a-4575-afed-ee8bc1afa50f', PayloadDisplayName='应用限制配置', PayloadDescription='应用限制相关配置', PayloadOrganization='Pekall Capital', PayloadStatus='null'}
07-14 12:22:36.393 D/MDM :   ( 3494): [null:-1]->Apply black app: null
07-14 12:22:36.455 D/ProfileManager( 3494): [null:-1]->get policy, payloadBase:PayloadNativeAppCtrlPolicy{googlePlay=true, youtube=true, mail=true, browser=true, settings=true, gallery=true, gmail=true, googleMap=true, voiceDialer=true}
07-14 12:22:36.471 E/DB      ( 3494): bind, index: 1, value: 0
07-14 12:22:36.471 E/DB      ( 3494): bind, index: 2, value: 1
07-14 12:22:36.471 D/DB      ( 3494): query: SQLiteQuery: SELECT _id FROM Mailbox WHERE type=? and accountKey=? LIMIT 1
07-14 12:22:36.471 D/DB      ( 3494): factory null
07-14 12:22:36.471 D/DB      ( 3494): fillWindow: 0
07-14 12:22:36.479 W/SQLiteOpenHelper( 3494): Opened /data/data/com.pekall.emdm/databases/EmailProviderBackup.db
07-14 12:22:36.479 D/DB      ( 3494): cursor 0
07-14 12:22:36.479 D/DB      ( 3494): moveToPos: 0
07-14 12:22:36.479 D/DB      ( 3494): onMove: 0
07-14 12:22:36.479 D/DB      ( 3494): moveToPos: 0
07-14 12:22:36.479 W/Email   ( 3494): Could not load INBOX for account id: 1
07-14 12:22:36.487 D/DB      ( 3494): moveToPos: 1
07-14 12:22:36.510 D/ProfileManager( 3494): [null:-1]->get policy, payloadBase:PayloadBluetoothPolicy{allowDeviceDiscovery=true, allowPairing=true, allowHeadset=true, allowHandsFree=true, allowA2DP=true, allowOutgoingCalls=true, allowDataTransfer=true, allowTethering=true, allow2Desktop=true}
07-14 12:22:36.510 D/MDM :   ( 3494): [null:-1]->setPayload ----  
07-14 12:22:36.510 E/DB      ( 3494): bind, index: 1, value: 0
07-14 12:22:36.510 E/DB      ( 3494): bind, index: 2, value: 2
07-14 12:22:36.518 D/DB      ( 3494): query: SQLiteQuery: SELECT _id FROM Mailbox WHERE type=? and accountKey=? LIMIT 1
07-14 12:22:36.518 D/DB      ( 3494): factory null
07-14 12:22:36.518 D/DB      ( 3494): fillWindow: 0
07-14 12:22:36.518 D/DB      ( 3494): cursor 0
07-14 12:22:36.526 E/DB      ( 3494): bind, index: 1, value: 1
07-14 12:22:36.526 D/DB      ( 3494): query: SQLiteQuery: SELECT _id FROM Mailbox WHERE accountKey=?
07-14 12:22:36.526 D/DB      ( 3494): factory null
07-14 12:22:36.526 D/DB      ( 3494): moveToPos: 0
07-14 12:22:36.526 D/DB      ( 3494): fillWindow: 0
07-14 12:22:36.526 D/DB      ( 3494): cursor 0
07-14 12:22:36.526 D/DB      ( 3494): moveToPos: 0
07-14 12:22:36.526 W/Email   ( 3494): Could not load INBOX for account id: 2
07-14 12:22:36.565 D/DB      ( 3494): query: SQLiteQuery: SELECT _id FROM Account WHERE flags&1 != 0
07-14 12:22:36.565 D/DB      ( 3494): factory null
07-14 12:22:36.565 D/DB      ( 3494): fillWindow: 0
07-14 12:22:36.565 D/DB      ( 3494): cursor 1
07-14 12:22:36.573 D/DB      ( 3494): moveToPos: 0
07-14 12:22:36.573 D/ProfileManager( 3494): [null:-1]->get policy, payloadBase:PayloadNetRestrictPolicy {allowEmgCallOnly=false, allowWifi=true, enforceWiFiAlwaysOn=null, WhitelistedSSIDs=null, BlacklistedSSIDs=null, minSecurityLevel=open, allowUsrAddWifi=true, allowDataNetwork=user controlled, allowAppUseDataNetwork=null, apps=null, mobileAP=user controlled, usbTethering=user controlled, allowMessage=all, allowDataRoaming=user controlled, allowSyncRoaming=true, allowVoiceRoaming=true}
07-14 12:22:36.573 D/DB      ( 3494): onMove: 0
07-14 12:22:36.573 D/MDM :   ( 3494): [null:-1]->setting: MobileAppData{enabled=null, apps=null}
07-14 12:22:36.573 D/DB      ( 3494): moveToPos: 1
07-14 12:22:36.573 I/System.out( 3494): [cjx]sendClientCmd,bytes:1,data:[1]
07-14 12:22:36.573 I/System.out( 3494): [cjx]the server is not available
07-14 12:22:36.580 D/DB      ( 3494): query: SQLiteQuery: SELECT _id, displayName, emailAddress, syncKey, syncLookback, syncInterval, hostAuthKeyRecv, hostAuthKeySend, flags, isDefault, compatibilityUuid, senderName, ringtoneUri, protocolVersion, newMessageCount, securitySyncKey, signature, policyKey, notifiedMessageId, notifiedMessageCount FROM Account
07-14 12:22:36.580 D/DB      ( 3494): factory null
07-14 12:22:36.580 D/DB      ( 3494): fillWindow: 0
07-14 12:22:36.588 D/DB      ( 3494): cursor 1
07-14 12:22:36.588 D/DB      ( 3494): moveToPos: 0
07-14 12:22:36.588 D/DB      ( 3494): onMove: 0
07-14 12:22:36.588 E/DB      ( 3494): bind, index: 1, value: 3
07-14 12:22:36.588 D/DB      ( 3494): query: SQLiteQuery: SELECT _id, protocol, address, port, flags, login, password, domain, certAlias FROM HostAuth WHERE _id=?
07-14 12:22:36.588 D/DB      ( 3494): factory null
07-14 12:22:36.588 D/DB      ( 3494): fillWindow: 0
07-14 12:22:36.588 D/DB      ( 3494): cursor 1
07-14 12:22:36.588 D/DB      ( 3494): moveToPos: 0
07-14 12:22:36.588 D/DB      ( 3494): onMove: 0
07-14 12:22:36.596 E/DB      ( 3494): bind, index: 1, value: 4
07-14 12:22:36.596 D/DB      ( 3494): query: SQLiteQuery: SELECT _id, protocol, address, port, flags, login, password, domain, certAlias FROM HostAuth WHERE _id=?
07-14 12:22:36.596 D/DB      ( 3494): factory null
07-14 12:22:36.596 D/DB      ( 3494): fillWindow: 0
07-14 12:22:36.596 D/DB      ( 3494): cursor 1
07-14 12:22:36.604 D/DB      ( 3494): moveToPos: 0
07-14 12:22:36.604 D/DB      ( 3494): onMove: 0
07-14 12:22:36.604 D/DB      ( 3494): moveToPos: 1
07-14 12:22:36.612 D/DB      ( 3494): query: SQLiteQuery: SELECT _id FROM Account
07-14 12:22:36.612 D/ProfileManager( 3494): [null:-1]->Policy com.apple.mobiledevice.passwordpolicy: Enforced state has changed
07-14 12:22:36.612 D/DB      ( 3494): factory null
07-14 12:22:36.612 D/DB      ( 3494): fillWindow: 0
07-14 12:22:36.612 D/ProfileManager( 3494): [null:-1]->Policy com.apple.mobiledevice.passwordpolicy: Old Enforced Policies: null
07-14 12:22:36.612 D/ProfileManager( 3494): [null:-1]->Policy com.apple.mobiledevice.passwordpolicy: New Enforced Policies: null
07-14 12:22:36.612 D/DB      ( 3494): cursor 1
07-14 12:22:36.612 D/PolicyProvider( 3494): [null:-1]->URI changed: content://com.pekall.emdm.policy/enforced-policy
07-14 12:22:36.619 D/DB      ( 3494): moveToPos: 0
07-14 12:22:36.619 D/DB      ( 3494): onMove: 0
07-14 12:22:36.619 D/DB      ( 3494): query: SQLiteQuery: SELECT _id, displayName, emailAddress, syncKey, syncLookback, syncInterval, hostAuthKeyRecv, hostAuthKeySend, flags, isDefault, compatibilityUuid, senderName, ringtoneUri, protocolVersion, newMessageCount, securitySyncKey, signature, policyKey, notifiedMessageId, notifiedMessageCount FROM Account WHERE _id=2
07-14 12:22:36.619 D/DB      ( 3494): factory null
07-14 12:22:36.619 D/DB      ( 3494): fillWindow: 0
07-14 12:22:36.619 D/DB      ( 3494): cursor 1
07-14 12:22:36.619 D/DB      ( 3494): moveToPos: 0
07-14 12:22:36.619 D/DB      ( 3494): onMove: 0
07-14 12:22:36.619 D/ProfileManager( 3494): [null:-1]->Policy com.apple.mobiledevice.passwordpolicy: OOC state has changed
07-14 12:22:36.619 D/ProfileManager( 3494): [null:-1]->Policy com.apple.mobiledevice.passwordpolicy: Old OOC state: [OocState{type='com.apple.mobiledevice.passwordpolicy', subtype='com.apple.mobiledevice.passwordpolicy', reasons='402002;402001', description='修改设备密码', content='密码质量 数字 长度 7', intentAction='android.app.action.SET_NEW_PASSWORD', intentActionUri='null'}]
07-14 12:22:36.619 D/DB      ( 3494): moveToPos: 1
07-14 12:22:36.619 D/ProfileManager( 3494): [null:-1]->Policy com.apple.mobiledevice.passwordpolicy: New OOC state: [OocState{type='com.apple.mobiledevice.passwordpolicy', subtype='com.apple.mobiledevice.passwordpolicy', reasons='402002;402001', description='修改设备密码', content='密码质量 数字 长度 7', intentAction='android.app.action.SET_NEW_PASSWORD', intentActionUri='null'}]
07-14 12:22:36.619 D/MDM :   ( 3494): [null:-1]->Schedule action on OOC polity type: com.apple.mobiledevice.passwordpolicy
07-14 12:22:36.627 E/MDM :   ( 3494): [null:-1]->There's not action plan to reason: 0
07-14 12:22:36.627 D/DB      ( 3494): query: SQLiteQuery: SELECT _id FROM HostAuth
07-14 12:22:36.627 D/DB      ( 3494): factory null
07-14 12:22:36.627 D/DB      ( 3494): fillWindow: 0
07-14 12:22:36.627 D/MDM :   ( 3494): [null:-1]->There's no next action
07-14 12:22:36.627 D/DB      ( 3494): cursor 2
07-14 12:22:36.627 D/PolicyProvider( 3494): [null:-1]->URI changed: content://com.pekall.emdm.policy/ooc_state_summary
07-14 12:22:36.627 D/DB      ( 3494): moveToPos: 0
07-14 12:22:36.627 D/DB      ( 3494): onMove: 0
07-14 12:22:36.627 D/PolicyProvider( 3494): [null:-1]->URI changed: content://com.pekall.emdm.policy/ooc_state
07-14 12:22:36.627 D/DB      ( 3494): query: SQLiteQuery: SELECT _id, protocol, address, port, flags, login, password, domain, certAlias FROM HostAuth WHERE _id=3
07-14 12:22:36.627 D/DB      ( 3494): factory null
07-14 12:22:36.627 D/DB      ( 3494): fillWindow: 0
07-14 12:22:36.627 D/DB      ( 3494): cursor 1
07-14 12:22:36.627 D/DB      ( 3494): moveToPos: 0
07-14 12:22:36.627 D/DB      ( 3494): onMove: 0
07-14 12:22:36.635 D/PolicyProvider( 3494): [null:-1]->URI changed: content://com.pekall.emdm.policy/ooc_state_summary
07-14 12:22:36.635 D/DB      ( 3494): moveToPos: 1
07-14 12:22:36.635 D/DB      ( 3494): onMove: 1
07-14 12:22:36.635 D/PolicyProvider( 3494): [null:-1]->URI changed: content://com.pekall.emdm.policy/ooc_state
07-14 12:22:36.635 D/ProfileManager( 3494): [null:-1]->get policy, payloadBase:PayloadDeviceManagementPolicy {notAllowDisableDeviceManagement=false, allowPromptAdditionalPermissions=false, warningMessage=, enforcementAction=null, inactivityTimeLimitBeforeOOC=5, actionWhenOOC=null, dataCollectionFrequency=240, deviceHeartbeatFrequency=240, usageDataCollectionFrequency=15, usageDataUploadFrequency=240, locationDataCollectionFrequency=60}
07-14 12:22:36.635 D/DB      ( 3494): query: SQLiteQuery: SELECT _id, protocol, address, port, flags, login, password, domain, certAlias FROM HostAuth WHERE _id=4
07-14 12:22:36.635 D/DB      ( 3494): factory null
07-14 12:22:36.635 D/DB      ( 3494): fillWindow: 0
07-14 12:22:36.635 D/MDM :   ( 3494): [null:-1]->Action Plan for reason: DeviceManagement ActionPlan:null
07-14 12:22:36.643 D/DB      ( 3494): cursor 1
07-14 12:22:36.643 D/DB      ( 3494): moveToPos: 0
07-14 12:22:36.643 D/DB      ( 3494): onMove: 0
07-14 12:22:36.643 D/MDM :   ( 3494): [null:-1]->Action Plan for reason: Policy ActionPlan:null
07-14 12:22:36.643 D/DB      ( 3494): moveToPos: 2
07-14 12:22:36.643 D/MdmService( 3494): [null:-1]->receiver action :com.pekall.mdm.action.OOC_STATE_CHANGED
07-14 12:22:36.651 D/DB      ( 3494): query: SQLiteQuery: SELECT _id FROM Policy
07-14 12:22:36.651 D/DB      ( 3494): factory null
07-14 12:22:36.651 D/DB      ( 3494): fillWindow: 0
07-14 12:22:36.651 D/DB      ( 3494): cursor 0
07-14 12:22:36.651 D/DB      ( 3494): moveToPos: 0
07-14 12:22:36.658 D/DB      ( 3494): query: SQLiteQuery: SELECT _id FROM Mailbox WHERE type IN (0,3,6,5,8,4)
07-14 12:22:36.658 D/DB      ( 3494): factory null
07-14 12:22:36.658 D/DB      ( 3494): fillWindow: 0
07-14 12:22:36.658 D/DB      ( 3494): cursor 0
07-14 12:22:36.658 D/DB      ( 3494): moveToPos: 0
07-14 12:22:36.666 D/ProfileManager( 3494): [null:-1]->Policy com.pekall.wifi.setting: Enforced state has changed
07-14 12:22:36.666 D/ProfileManager( 3494): [null:-1]->Policy com.pekall.wifi.setting: Old Enforced Policies: null
07-14 12:22:36.666 D/ProfileManager( 3494): [null:-1]->Policy com.pekall.wifi.setting: New Enforced Policies: null
07-14 12:22:36.674 D/PolicyProvider( 3494): [null:-1]->URI changed: content://com.pekall.emdm.policy/enforced-policy
07-14 12:22:36.674 D/ProfileManager( 3494): [null:-1]->Policy com.pekall.wifi.setting: OOC state has changed
07-14 12:22:36.674 D/ProfileManager( 3494): [null:-1]->Policy com.pekall.wifi.setting: Old OOC state: null
07-14 12:22:36.674 D/ProfileManager( 3494): [null:-1]->Policy com.pekall.wifi.setting: New OOC state: null
07-14 12:22:36.674 D/PolicyProvider( 3494): [null:-1]->URI changed: content://com.pekall.emdm.policy/ooc_state_summary
07-14 12:22:36.674 D/PolicyProvider( 3494): [null:-1]->URI changed: content://com.pekall.emdm.policy/ooc_state
07-14 12:22:36.698 E/DB      ( 3494): bind, index: 1, value: 0
07-14 12:22:36.698 E/DB      ( 3494): bind, index: 2, value: 2
07-14 12:22:36.698 D/DB      ( 3494): query: SQLiteQuery: SELECT _id FROM Mailbox WHERE type=? and accountKey=? LIMIT 1
07-14 12:22:36.698 D/DB      ( 3494): factory null
07-14 12:22:36.698 D/DB      ( 3494): fillWindow: 0
07-14 12:22:36.705 W/SQLiteOpenHelper( 3494): Opened /data/data/com.pekall.emdm/databases/EmailProviderBackup.db
07-14 12:22:36.705 D/DB      ( 3494): cursor 0
07-14 12:22:36.705 D/DB      ( 3494): query: SQLiteQuery: SELECT _id, passwordMode, passwordMinLength, passwordExpirationDays, passwordHistory, passwordComplexChars, passwordMaxFails, maxScreenLockTime, requireRemoteWipe, requireEncryption, requireEncryptionExternal, requireManualSyncRoaming, dontAllowCamera, dontAllowAttachments, dontAllowHtml, maxAttachmentSize, maxTextTruncationSize, maxHTMLTruncationSize, maxEmailLookback, maxCalendarLookback, passwordRecoveryEnabled FROM Policy
07-14 12:22:36.705 D/DB      ( 3494): factory null
07-14 12:22:36.705 D/DB      ( 3494): fillWindow: 0
07-14 12:22:36.713 D/DB      ( 3494): moveToPos: 0
07-14 12:22:36.713 D/DB      ( 3494): cursor 0
07-14 12:22:36.721 D/DB      ( 3494): moveToPos: 0
07-14 12:22:36.721 D/DB      ( 3494): query: SQLiteQuery: SELECT _id FROM Account
07-14 12:22:36.721 D/DB      ( 3494): factory null
07-14 12:22:36.721 D/DB      ( 3494): fillWindow: 0
07-14 12:22:36.729 W/Email   ( 3494): Could not load INBOX for account id: 2
07-14 12:22:36.729 D/DB      ( 3494): cursor 1
07-14 12:22:36.729 D/DB      ( 3494): query: SQLiteQuery: SELECT _id FROM Account WHERE flags&1 != 0
07-14 12:22:36.729 D/DB      ( 3494): factory null
07-14 12:22:36.729 D/DB      ( 3494): fillWindow: 0
07-14 12:22:36.729 D/DB      ( 3494): cursor 1
07-14 12:22:36.737 D/DB      ( 3494): moveToPos: 0
07-14 12:22:36.737 D/DB      ( 3494): onMove: 0
07-14 12:22:36.737 D/DB      ( 3494): moveToPos: 1
07-14 12:22:36.737 D/ProfileManager( 3494): [null:-1]->Policy com.pekall.security.policy: Enforced state has changed
07-14 12:22:36.737 D/ProfileManager( 3494): [null:-1]->Policy com.pekall.security.policy: Old Enforced Policies: [EnforcedPolicy{type='com.pekall.security.policy', subtype='security.keyguard_feature', description='已启用 锁屏界面上的功能', content='null'}]
07-14 12:22:36.737 D/ProfileManager( 3494): [null:-1]->Policy com.pekall.security.policy: New Enforced Policies: [EnforcedPolicy{type='com.pekall.security.policy', subtype='security.keyguard_feature', description='已启用 锁屏界面上的功能', content='null'}]
07-14 12:22:36.737 D/PolicyProvider( 3494): [null:-1]->URI changed: content://com.pekall.emdm.policy/enforced-policy
07-14 12:22:36.744 D/ProfileManager( 3494): [null:-1]->Policy com.pekall.security.policy: OOC state has changed
07-14 12:22:36.744 D/ProfileManager( 3494): [null:-1]->Policy com.pekall.security.policy: Old OOC state: null
07-14 12:22:36.744 D/ProfileManager( 3494): [null:-1]->Policy com.pekall.security.policy: New OOC state: null
07-14 12:22:36.744 D/PolicyProvider( 3494): [null:-1]->URI changed: content://com.pekall.emdm.policy/ooc_state_summary
07-14 12:22:36.752 D/PolicyProvider( 3494): [null:-1]->URI changed: content://com.pekall.emdm.policy/ooc_state
07-14 12:22:36.752 D/ProfileManager( 3494): [null:-1]->get policy, payloadBase:PayloadBrowserRestrictions{allowPopups=true, allowJavascript=true, acceptCookies=true, rememberFormData=true, showFraudWarningSettings=true}
07-14 12:22:36.760 D/MDM :   ( 3494): [null:-1]->setPayload ----  
07-14 12:22:36.783 E/DB      ( 3494): bind, index: 1, value: 0
07-14 12:22:36.783 E/DB      ( 3494): bind, index: 2, value: 2
07-14 12:22:36.783 D/DB      ( 3494): query: SQLiteQuery: SELECT _id FROM Mailbox WHERE type=? and accountKey=? LIMIT 1
07-14 12:22:36.783 D/DB      ( 3494): factory null
07-14 12:22:36.783 D/DB      ( 3494): fillWindow: 0
07-14 12:22:36.791 D/DB      ( 3494): cursor 0
07-14 12:22:36.791 D/DB      ( 3494): query: SQLiteQuery: SELECT _id, displayName, emailAddress, syncKey, syncLookback, syncInterval, hostAuthKeyRecv, hostAuthKeySend, flags, isDefault, compatibilityUuid, senderName, ringtoneUri, protocolVersion, newMessageCount, securitySyncKey, signature, policyKey, notifiedMessageId, notifiedMessageCount FROM Account
07-14 12:22:36.791 D/DB      ( 3494): factory null
07-14 12:22:36.791 D/DB      ( 3494): fillWindow: 0
07-14 12:22:36.791 D/DB      ( 3494): cursor 1
07-14 12:22:36.791 D/DB      ( 3494): moveToPos: 0
07-14 12:22:36.799 E/DB      ( 3494): bind, index: 1, value: 6
07-14 12:22:36.799 D/DB      ( 3494): query: SQLiteQuery: SELECT _id FROM Attachment WHERE (flags & ?) != 0
07-14 12:22:36.799 D/DB      ( 3494): factory null
07-14 12:22:36.799 D/DB      ( 3494): fillWindow: 0
07-14 12:22:36.799 D/DB      ( 3494): cursor 0
07-14 12:22:36.807 W/Email   ( 3494): Could not load INBOX for account id: 2
07-14 12:22:36.807 D/DB      ( 3494): query: SQLiteQuery: SELECT _id FROM Account WHERE flags&1 != 0
07-14 12:22:36.807 D/DB      ( 3494): factory null
07-14 12:22:36.807 D/DB      ( 3494): fillWindow: 0
07-14 12:22:36.807 D/DB      ( 3494): cursor 1
07-14 12:22:36.823 D/ProfileManager( 3494): [null:-1]->Policy com.pekall.restrictions.policy: Enforced state has changed
07-14 12:22:36.823 D/ProfileManager( 3494): [null:-1]->Policy com.pekall.restrictions.policy: Old Enforced Policies: null
07-14 12:22:36.823 D/ProfileManager( 3494): [null:-1]->Policy com.pekall.restrictions.policy: New Enforced Policies: null
07-14 12:22:36.823 D/PolicyProvider( 3494): [null:-1]->URI changed: content://com.pekall.emdm.policy/enforced-policy
07-14 12:22:36.823 D/ProfileManager( 3494): [null:-1]->Policy com.pekall.restrictions.policy: OOC state has changed
07-14 12:22:36.823 D/ProfileManager( 3494): [null:-1]->Policy com.pekall.restrictions.policy: Old OOC state: null
07-14 12:22:36.823 D/ProfileManager( 3494): [null:-1]->Policy com.pekall.restrictions.policy: New OOC state: null
07-14 12:22:36.823 D/PolicyProvider( 3494): [null:-1]->URI changed: content://com.pekall.emdm.policy/ooc_state_summary
07-14 12:22:36.830 D/PolicyProvider( 3494): [null:-1]->URI changed: content://com.pekall.emdm.policy/ooc_state
07-14 12:22:36.830 I/TransInfo( 3494): TransInfo created, id: 3, class: class com.pekall.emdm.transaction.b.c
07-14 12:22:36.838 D/NetworkThread( 3494): [null:-1]->----isRunning-----true
07-14 12:22:36.838 D/NetworkThread( 3494): [null:-1]->----isRunning-----true
07-14 12:22:36.838 D/NetworkThread( 3494): [null:-1]->thread wakeup
07-14 12:22:36.838 D/HttpClient( 3494): enable apache.http debug
07-14 12:22:36.838 D/DB      ( 3494): query: SQLiteQuery: SELECT _id, displayName, emailAddress, syncKey, syncLookback, syncInterval, hostAuthKeyRecv, hostAuthKeySend, flags, isDefault, compatibilityUuid, senderName, ringtoneUri, protocolVersion, newMessageCount, securitySyncKey, signature, policyKey, notifiedMessageId, notifiedMessageCount FROM Account
07-14 12:22:36.838 D/DB      ( 3494): factory null
07-14 12:22:36.838 D/DB      ( 3494): fillWindow: 0
07-14 12:22:36.838 D/DB      ( 3494): cursor 1
07-14 12:22:36.838 D/DB      ( 3494): moveToPos: 0
07-14 12:22:36.846 D/DB      ( 3494): onMove: 0
07-14 12:22:36.846 E/DB      ( 3494): bind, index: 1, value: 3
07-14 12:22:36.846 D/DB      ( 3494): query: SQLiteQuery: SELECT _id, protocol, address, port, flags, login, password, domain, certAlias FROM HostAuth WHERE _id=?
07-14 12:22:36.846 D/DB      ( 3494): factory null
07-14 12:22:36.846 D/DB      ( 3494): fillWindow: 0
07-14 12:22:36.846 D/DB      ( 3494): cursor 1
07-14 12:22:36.846 D/DB      ( 3494): moveToPos: 0
07-14 12:22:36.846 D/DB      ( 3494): onMove: 0
07-14 12:22:36.846 E/DB      ( 3494): bind, index: 1, value: 4
07-14 12:22:36.846 D/DB      ( 3494): query: SQLiteQuery: SELECT _id, protocol, address, port, flags, login, password, domain, certAlias FROM HostAuth WHERE _id=?
07-14 12:22:36.854 D/DB      ( 3494): factory null
07-14 12:22:36.854 D/DB      ( 3494): fillWindow: 0
07-14 12:22:36.854 V/DEBUG   ( 3494): HTTP 0
07-14 12:22:36.854 D/DB      ( 3494): cursor 1
07-14 12:22:36.869 D/DB      ( 3494): moveToPos: 0
07-14 12:22:36.869 D/DB      ( 3494): onMove: 0
07-14 12:22:36.877 D/DB      ( 3494): moveToPos: 1
07-14 12:22:36.901 D/ProfileManager( 3494): [null:-1]->Policy com.pekall.app.compliance.policy: Enforced state has changed
07-14 12:22:36.901 D/ProfileManager( 3494): [null:-1]->Policy com.pekall.app.compliance.policy: Old Enforced Policies: null
07-14 12:22:36.901 D/ProfileManager( 3494): [null:-1]->Policy com.pekall.app.compliance.policy: New Enforced Policies: null
07-14 12:22:36.901 D/PolicyProvider( 3494): [null:-1]->URI changed: content://com.pekall.emdm.policy/enforced-policy
07-14 12:22:36.901 D/ProfileManager( 3494): [null:-1]->Policy com.pekall.app.compliance.policy: OOC state has changed
07-14 12:22:36.901 D/ProfileManager( 3494): [null:-1]->Policy com.pekall.app.compliance.policy: Old OOC state: null
07-14 12:22:36.901 D/ProfileManager( 3494): [null:-1]->Policy com.pekall.app.compliance.policy: New OOC state: null
07-14 12:22:36.901 D/PolicyProvider( 3494): [null:-1]->URI changed: content://com.pekall.emdm.policy/ooc_state_summary
07-14 12:22:36.901 D/PolicyProvider( 3494): [null:-1]->URI changed: content://com.pekall.emdm.policy/ooc_state
07-14 12:22:36.940 D/dalvikvm(  374): GC_EXPLICIT freed 470K, 21% free 19375K/24360K, paused 3ms+11ms, total 143ms
07-14 12:22:36.948 D/AttachmentService( 3494): Count: 0
07-14 12:22:36.948 D/DB      ( 3494): moveToPos: 0
07-14 12:22:36.955 D/DB      ( 3494): query: SQLiteQuery: SELECT _id, passwordMode, passwordMinLength, passwordExpirationDays, passwordHistory, passwordComplexChars, passwordMaxFails, maxScreenLockTime, requireRemoteWipe, requireEncryption, requireEncryptionExternal, requireManualSyncRoaming, dontAllowCamera, dontAllowAttachments, dontAllowHtml, maxAttachmentSize, maxTextTruncationSize, maxHTMLTruncationSize, maxEmailLookback, maxCalendarLookback, passwordRecoveryEnabled FROM Policy
07-14 12:22:36.955 D/DB      ( 3494): factory null
07-14 12:22:36.955 D/DB      ( 3494): fillWindow: 0
07-14 12:22:36.955 D/DB      ( 3494): cursor 0
07-14 12:22:36.955 D/ProfileManager( 3494): [null:-1]->Policy com.pekall.native.app.control.policy: Enforced state has changed
07-14 12:22:36.955 D/ProfileManager( 3494): [null:-1]->Policy com.pekall.native.app.control.policy: Old Enforced Policies: null
07-14 12:22:36.963 D/ProfileManager( 3494): [null:-1]->Policy com.pekall.native.app.control.policy: New Enforced Policies: null
07-14 12:22:36.963 D/PolicyProvider( 3494): [null:-1]->URI changed: content://com.pekall.emdm.policy/enforced-policy
07-14 12:22:36.987 D/DB      ( 3494): moveToPos: 0
07-14 12:22:36.987 D/DB      ( 3494): onMove: 0
07-14 12:22:36.987 D/ProfileManager( 3494): [null:-1]->Policy com.pekall.native.app.control.policy: OOC state has changed
07-14 12:22:36.987 D/ProfileManager( 3494): [null:-1]->Policy com.pekall.native.app.control.policy: Old OOC state: null
07-14 12:22:36.987 D/ProfileManager( 3494): [null:-1]->Policy com.pekall.native.app.control.policy: New OOC state: null
07-14 12:22:36.987 D/PolicyProvider( 3494): [null:-1]->URI changed: content://com.pekall.emdm.policy/ooc_state_summary
07-14 12:22:36.994 D/PolicyProvider( 3494): [null:-1]->URI changed: content://com.pekall.emdm.policy/ooc_state
07-14 12:22:36.994 D/DB      ( 3494): query: SQLiteQuery: SELECT _id, size, fileName, mimeType, accountKey, flags FROM Attachment WHERE contentUri isnull AND flags=0 AND messageKey IN (SELECT _id FROM Message WHERE mailboxKey IN (SELECT _id FROM Mailbox WHERE type = 0) AND flagLoaded IN (2,1)) ORDER BY _id DESC LIMIT 25
07-14 12:22:36.994 D/DB      ( 3494): factory null
07-14 12:22:36.994 D/DB      ( 3494): fillWindow: 0
07-14 12:22:36.994 D/DB      ( 3494): cursor 0
07-14 12:22:36.994 D/DB      ( 3494): moveToPos: 0
07-14 12:22:36.994 D/DB      ( 3494): onMove: 0
07-14 12:22:36.994 D/DB      ( 3494): moveToPos: 1
07-14 12:22:36.994 D/DB      ( 3494): moveToPos: 0
07-14 12:22:37.002 D/DB      ( 3494): moveToPos: 0
07-14 12:22:37.002 D/DB      ( 3494): moveToPos: 1
07-14 12:22:37.010 D/AttachmentService( 3494): *** All done; shutting down service
07-14 12:22:37.010 D/ProfileManager( 3494): [null:-1]->Policy com.pekall.bluetooth.policy: Enforced state has changed
07-14 12:22:37.010 D/ProfileManager( 3494): [null:-1]->Policy com.pekall.bluetooth.policy: Old Enforced Policies: null
07-14 12:22:37.010 D/ProfileManager( 3494): [null:-1]->Policy com.pekall.bluetooth.policy: New Enforced Policies: null
07-14 12:22:37.010 D/PolicyProvider( 3494): [null:-1]->URI changed: content://com.pekall.emdm.policy/enforced-policy
07-14 12:22:37.018 D/ProfileManager( 3494): [null:-1]->Policy com.pekall.bluetooth.policy: OOC state has changed
07-14 12:22:37.018 D/ProfileManager( 3494): [null:-1]->Policy com.pekall.bluetooth.policy: Old OOC state: null
07-14 12:22:37.018 D/ProfileManager( 3494): [null:-1]->Policy com.pekall.bluetooth.policy: New OOC state: null
07-14 12:22:37.018 D/PolicyProvider( 3494): [null:-1]->URI changed: content://com.pekall.emdm.policy/ooc_state_summary
07-14 12:22:37.018 D/PolicyProvider( 3494): [null:-1]->URI changed: content://com.pekall.emdm.policy/ooc_state
07-14 12:22:37.033 D/DB      ( 3494): query: SQLiteQuery: SELECT _id FROM Account
07-14 12:22:37.033 D/DB      ( 3494): factory null
07-14 12:22:37.033 D/DB      ( 3494): fillWindow: 0
07-14 12:22:37.033 D/DB      ( 3494): cursor 1
07-14 12:22:37.033 D/DB      ( 3494): query: SQLiteQuery: SELECT _id, displayName, emailAddress, syncKey, syncLookback, syncInterval, hostAuthKeyRecv, hostAuthKeySend, flags, isDefault, compatibilityUuid, senderName, ringtoneUri, protocolVersion, newMessageCount, securitySyncKey, signature, policyKey, notifiedMessageId, notifiedMessageCount FROM Account
07-14 12:22:37.033 D/DB      ( 3494): factory null
07-14 12:22:37.033 D/DB      ( 3494): fillWindow: 0
07-14 12:22:37.033 D/DB      ( 3494): cursor 1
07-14 12:22:37.041 D/DB      ( 3494): moveToPos: 0
07-14 12:22:37.041 D/DB      ( 3494): onMove: 0
07-14 12:22:37.049 D/DB      ( 3494): moveToPos: 1
07-14 12:22:37.049 E/DB      ( 3494): bind, index: 1, value: 0
07-14 12:22:37.049 E/DB      ( 3494): bind, index: 2, value: 2
07-14 12:22:37.049 D/DB      ( 3494): query: SQLiteQuery: SELECT _id FROM Mailbox WHERE type=? and accountKey=? LIMIT 1
07-14 12:22:37.049 D/DB      ( 3494): factory null
07-14 12:22:37.049 D/DB      ( 3494): fillWindow: 0
07-14 12:22:37.057 D/DB      ( 3494): cursor 0
07-14 12:22:37.057 D/DB      ( 3494): moveToPos: 0
07-14 12:22:37.057 W/Email   ( 3494): Could not load INBOX for account id: 2
07-14 12:22:37.057 D/DB      ( 3494): query: SQLiteQuery: SELECT _id FROM Account WHERE flags&1 != 0
07-14 12:22:37.057 D/DB      ( 3494): factory null
07-14 12:22:37.057 D/DB      ( 3494): fillWindow: 0
07-14 12:22:37.057 D/DB      ( 3494): cursor 1
07-14 12:22:37.065 D/DB      ( 3494): moveToPos: 0
07-14 12:22:37.065 D/DB      ( 3494): onMove: 0
07-14 12:22:37.065 E/DB      ( 3494): bind, index: 1, value: 6
07-14 12:22:37.065 D/DB      ( 3494): query: SQLiteQuery: SELECT _id FROM Attachment WHERE (flags & ?) != 0
07-14 12:22:37.065 D/DB      ( 3494): factory null
07-14 12:22:37.065 D/DB      ( 3494): fillWindow: 0
07-14 12:22:37.073 D/DB      ( 3494): cursor 0
07-14 12:22:37.073 D/AttachmentService( 3494): Count: 0
07-14 12:22:37.073 D/DB      ( 3494): moveToPos: 0
07-14 12:22:37.073 D/ProfileManager( 3494): [null:-1]->Policy com.pekall.network.restriction.policy: Enforced state has changed
07-14 12:22:37.073 D/ProfileManager( 3494): [null:-1]->Policy com.pekall.network.restriction.policy: Old Enforced Policies: [EnforcedPolicy{type='com.pekall.network.restriction.policy', subtype='net.restriction.data_roaming', description='已禁用 数据漫游', content='null'}, EnforcedPolicy{type='com.pekall.network.restriction.policy', subtype='net.restriction.data_network', description='已禁用 数据网络', content='null'}]
07-14 12:22:37.080 D/DB      ( 3494): query: SQLiteQuery: SELECT _id, size, fileName, mimeType, accountKey, flags FROM Attachment WHERE contentUri isnull AND flags=0 AND messageKey IN (SELECT _id FROM Message WHERE mailboxKey IN (SELECT _id FROM Mailbox WHERE type = 0) AND flagLoaded IN (2,1)) ORDER BY _id DESC LIMIT 25
07-14 12:22:37.080 D/DB      ( 3494): factory null
07-14 12:22:37.080 D/DB      ( 3494): fillWindow: 0
07-14 12:22:37.080 D/ProfileManager( 3494): [null:-1]->Policy com.pekall.network.restriction.policy: New Enforced Policies: [EnforcedPolicy{type='com.pekall.network.restriction.policy', subtype='net.restriction.data_roaming', description='已禁用 数据漫游', content='null'}, EnforcedPolicy{type='com.pekall.network.restriction.policy', subtype='net.restriction.data_network', description='已禁用 数据网络', content='null'}]
07-14 12:22:37.080 D/PolicyProvider( 3494): [null:-1]->URI changed: content://com.pekall.emdm.policy/enforced-policy
07-14 12:22:37.080 D/DB      ( 3494): cursor 0
07-14 12:22:37.080 D/ProfileManager( 3494): [null:-1]->Policy com.pekall.network.restriction.policy: OOC state has changed
07-14 12:22:37.088 D/ProfileManager( 3494): [null:-1]->Policy com.pekall.network.restriction.policy: Old OOC state: null
07-14 12:22:37.088 D/ProfileManager( 3494): [null:-1]->Policy com.pekall.network.restriction.policy: New OOC state: null
07-14 12:22:37.088 D/PolicyProvider( 3494): [null:-1]->URI changed: content://com.pekall.emdm.policy/ooc_state_summary
07-14 12:22:37.088 D/DB      ( 3494): moveToPos: 0
07-14 12:22:37.088 D/AttachmentService( 3494): *** All done; shutting down service
07-14 12:22:37.096 D/PolicyProvider( 3494): [null:-1]->URI changed: content://com.pekall.emdm.policy/ooc_state
07-14 12:22:37.104 D/DB      ( 3494): query: SQLiteQuery: SELECT _id, displayName, emailAddress, syncKey, syncLookback, syncInterval, hostAuthKeyRecv, hostAuthKeySend, flags, isDefault, compatibilityUuid, senderName, ringtoneUri, protocolVersion, newMessageCount, securitySyncKey, signature, policyKey, notifiedMessageId, notifiedMessageCount FROM Account
07-14 12:22:37.104 D/DB      ( 3494): factory null
07-14 12:22:37.104 D/DB      ( 3494): fillWindow: 0
07-14 12:22:37.112 D/DB      ( 3494): cursor 1
07-14 12:22:37.112 D/DB      ( 3494): moveToPos: 0
07-14 12:22:37.112 D/DB      ( 3494): onMove: 0
07-14 12:22:37.112 E/DB      ( 3494): bind, index: 1, value: 0
07-14 12:22:37.112 E/DB      ( 3494): bind, index: 2, value: 2
07-14 12:22:37.112 D/DB      ( 3494): moveToPos: 1
07-14 12:22:37.119 D/DB      ( 3494): query: SQLiteQuery: SELECT _id FROM Mailbox WHERE type=? and accountKey=? LIMIT 1
07-14 12:22:37.119 D/DB      ( 3494): factory null
07-14 12:22:37.119 D/DB      ( 3494): fillWindow: 0
07-14 12:22:37.119 D/DB      ( 3494): cursor 0
07-14 12:22:37.119 D/DB      ( 3494): query: SQLiteQuery: SELECT _id, displayName, emailAddress, syncKey, syncLookback, syncInterval, hostAuthKeyRecv, hostAuthKeySend, flags, isDefault, compatibilityUuid, senderName, ringtoneUri, protocolVersion, newMessageCount, securitySyncKey, signature, policyKey, notifiedMessageId, notifiedMessageCount FROM Account
07-14 12:22:37.119 D/DB      ( 3494): factory null
07-14 12:22:37.119 D/DB      ( 3494): fillWindow: 0
07-14 12:22:37.127 D/DB      ( 3494): moveToPos: 0
07-14 12:22:37.127 D/DB      ( 3494): cursor 1
07-14 12:22:37.127 W/Email   ( 3494): Could not load INBOX for account id: 2
07-14 12:22:37.127 D/DB      ( 3494): moveToPos: 1
07-14 12:22:37.127 D/DB      ( 3494): moveToPos: 0
07-14 12:22:37.127 D/DB      ( 3494): onMove: 0
07-14 12:22:37.127 D/DB      ( 3494): query: SQLiteQuery: SELECT _id FROM Account WHERE flags&1 != 0
07-14 12:22:37.127 D/DB      ( 3494): factory null
07-14 12:22:37.135 D/DB      ( 3494): fillWindow: 0
07-14 12:22:37.135 D/DB      ( 3494): moveToPos: 1
07-14 12:22:37.135 D/DB      ( 3494): cursor 1
07-14 12:22:37.143 D/DB      ( 3494): moveToPos: 0
07-14 12:22:37.143 D/DB      ( 3494): onMove: 0
07-14 12:22:37.143 D/ProfileManager( 3494): [null:-1]->Policy com.pekall.device.management.policy: Enforced state has changed
07-14 12:22:37.143 D/ProfileManager( 3494): [null:-1]->Policy com.pekall.device.management.policy: Old Enforced Policies: null
07-14 12:22:37.143 D/ProfileManager( 3494): [null:-1]->Policy com.pekall.device.management.policy: New Enforced Policies: null
07-14 12:22:37.143 D/PolicyProvider( 3494): [null:-1]->URI changed: content://com.pekall.emdm.policy/enforced-policy
07-14 12:22:37.143 D/ProfileManager( 3494): [null:-1]->Policy com.pekall.device.management.policy: OOC state has changed
07-14 12:22:37.143 E/DB      ( 3494): bind, index: 1, value: 0
07-14 12:22:37.143 E/DB      ( 3494): bind, index: 2, value: 2
07-14 12:22:37.143 D/DB      ( 3494): query: SQLiteQuery: SELECT _id FROM Mailbox WHERE type=? and accountKey=? LIMIT 1
07-14 12:22:37.143 D/DB      ( 3494): factory null
07-14 12:22:37.143 D/DB      ( 3494): fillWindow: 0
07-14 12:22:37.151 D/ProfileManager( 3494): [null:-1]->Policy com.pekall.device.management.policy: Old OOC state: null
07-14 12:22:37.151 D/ProfileManager( 3494): [null:-1]->Policy com.pekall.device.management.policy: New OOC state: null
07-14 12:22:37.151 D/DB      ( 3494): cursor 0
07-14 12:22:37.151 D/PolicyProvider( 3494): [null:-1]->URI changed: content://com.pekall.emdm.policy/ooc_state_summary
07-14 12:22:37.151 D/PolicyProvider( 3494): [null:-1]->URI changed: content://com.pekall.emdm.policy/ooc_state
07-14 12:22:37.151 D/DB      ( 3494): moveToPos: 0
07-14 12:22:37.151 W/Email   ( 3494): Could not load INBOX for account id: 2
07-14 12:22:37.158 D/DB      ( 3494): moveToPos: 1
07-14 12:22:37.158 D/DB      ( 3494): query: SQLiteQuery: SELECT _id FROM Account WHERE flags&1 != 0
07-14 12:22:37.158 D/DB      ( 3494): factory null
07-14 12:22:37.158 D/DB      ( 3494): fillWindow: 0
07-14 12:22:37.158 D/DB      ( 3494): cursor 1
07-14 12:22:37.158 D/DB      ( 3494): moveToPos: 0
07-14 12:22:37.158 D/DB      ( 3494): onMove: 0
07-14 12:22:37.158 D/DB      ( 3494): moveToPos: 1
07-14 12:22:37.166 E/DB      ( 3494): bind, index: 1, value: 0
07-14 12:22:37.166 E/DB      ( 3494): bind, index: 2, value: 2
07-14 12:22:37.166 D/DB      ( 3494): query: SQLiteQuery: SELECT _id FROM Mailbox WHERE type=? and accountKey=? LIMIT 1
07-14 12:22:37.166 D/DB      ( 3494): factory null
07-14 12:22:37.166 D/DB      ( 3494): fillWindow: 0
07-14 12:22:37.166 D/DB      ( 3494): cursor 0
07-14 12:22:37.166 D/DB      ( 3494): moveToPos: 0
07-14 12:22:37.166 W/Email   ( 3494): Could not load INBOX for account id: 2
07-14 12:22:37.166 D/DB      ( 3494): query: SQLiteQuery: SELECT _id FROM Account WHERE flags&1 != 0
07-14 12:22:37.174 D/DB      ( 3494): factory null
07-14 12:22:37.174 D/DB      ( 3494): fillWindow: 0
07-14 12:22:37.174 D/DB      ( 3494): cursor 1
07-14 12:22:37.174 D/DB      ( 3494): moveToPos: 0
07-14 12:22:37.174 D/DB      ( 3494): onMove: 0
07-14 12:22:37.182 D/DB      ( 3494): moveToPos: 1
07-14 12:22:37.182 E/DB      ( 3494): bind, index: 1, value: 0
07-14 12:22:37.182 E/DB      ( 3494): bind, index: 2, value: 2
07-14 12:22:37.182 D/DB      ( 3494): query: SQLiteQuery: SELECT _id FROM Mailbox WHERE type=? and accountKey=? LIMIT 1
07-14 12:22:37.182 D/DB      ( 3494): factory null
07-14 12:22:37.182 D/DB      ( 3494): fillWindow: 0
07-14 12:22:37.182 D/DB      ( 3494): cursor 0
07-14 12:22:37.190 D/DB      ( 3494): moveToPos: 0
07-14 12:22:37.190 W/Email   ( 3494): Could not load INBOX for account id: 2
07-14 12:22:37.190 D/DB      ( 3494): query: SQLiteQuery: SELECT _id FROM Account WHERE flags&1 != 0
07-14 12:22:37.190 D/DB      ( 3494): factory null
07-14 12:22:37.190 D/DB      ( 3494): fillWindow: 0
07-14 12:22:37.190 D/DB      ( 3494): cursor 1
07-14 12:22:37.190 D/DB      ( 3494): moveToPos: 0
07-14 12:22:37.190 D/DB      ( 3494): onMove: 0
07-14 12:22:37.190 D/DB      ( 3494): moveToPos: 1
07-14 12:22:37.198 E/DB      ( 3494): bind, index: 1, value: 0
07-14 12:22:37.198 E/DB      ( 3494): bind, index: 2, value: 2
07-14 12:22:37.198 D/DB      ( 3494): query: SQLiteQuery: SELECT _id FROM Mailbox WHERE type=? and accountKey=? LIMIT 1
07-14 12:22:37.198 D/DB      ( 3494): factory null
07-14 12:22:37.198 D/DB      ( 3494): fillWindow: 0
07-14 12:22:37.198 D/DB      ( 3494): cursor 0
