07-14 12:13:29.971 W/MountService(  374): getVolumeState(/mnt/sdcard/external_sd): Unknown volume
07-14 12:13:30.190 W/MountService(  374): getVolumeState(/storage/emulated/0/external_sd): Unknown volume
07-14 12:13:30.190 W/MountService(  374): getVolumeState(/mnt/sdcard-ext): Unknown volume
07-14 12:13:30.190 W/MountService(  374): getVolumeState(/mnt/ext_sdcard): Unknown volume
07-14 12:13:30.190 W/MountService(  374): getVolumeState(/mnt/sdcard2): Unknown volume
07-14 12:13:30.198 W/MountService(  374): getVolumeState(/mnt/emmc): Unknown volume
07-14 12:13:30.198 W/MountService(  374): getVolumeState(/mnt/extSdCard): Unknown volume
07-14 12:13:30.198 W/MountService(  374): getVolumeState(/mnt/sdcard/SD_CARD): Unknown volume
07-14 12:13:30.198 W/MountService(  374): getVolumeState(/mnt/sdcard/extra_sd): Unknown volume
07-14 12:13:30.205 W/MountService(  374): getVolumeState(/mnt/extrasd_bind): Unknown volume
07-14 12:13:30.205 W/MountService(  374): getVolumeState(/mnt/sdcard/ext_sd): Unknown volume
07-14 12:13:30.205 W/MountService(  374): getVolumeState(/storage/extSdCard): Unknown volume
07-14 12:13:30.205 W/MountService(  374): getVolumeState(/storage/sdcard1): Unknown volume
07-14 12:13:30.205 W/MountService(  374): getVolumeState(/mnt/sdcard/external_SD): Unknown volume
07-14 12:13:30.205 W/MountService(  374): getVolumeState(/mnt/sdcard/external_sd): Unknown volume
07-14 12:13:33.549 I/ActivityManager(  374): Start proc com.google.android.gallery3d for broadcast com.google.android.gallery3d/com.android.gallery3d.app.PackagesMonitor: pid=4088 uid=10019 gids={50019, 1006, 3003, 1015, 1028}
07-14 12:13:34.401 I/ActivityManager(  374): START u0 {act=android.intent.action.MAIN cat=[android.intent.category.HOME] flg=0x10200000 cmp=com.android.launcher/com.android.launcher2.Launcher} from pid 374
07-14 12:13:37.190 I/ActivityManager(  374): START u0 {act=android.intent.action.MAIN cat=[android.intent.category.LAUNCHER] flg=0x10200000 cmp=com.pekall.emdm/.ui.SplashActivity} from pid 595
07-14 12:13:39.221 W/ActivityManager(  374): Unable to start service Intent { act=com.google.android.gms.analytics.service.START (has extras) } U=0: not found
07-14 12:13:40.690 I/ActivityManager(  374): START u0 {cmp=com.pekall.emdm/.setting.SettingActivity} from pid 3494
07-14 12:13:42.143 I/ActivityManager(  374): START u0 {cmp=com.pekall.emdm/.setting.DevicesDetailsActivity} from pid 3494
07-14 12:13:44.229 W/ActivityManager(  374): Unable to start service Intent { act=com.google.android.gms.analytics.service.START (has extras) } U=0: not found
07-14 12:13:57.041 I/PowerManagerService(  374): Going to sleep due to screen timeout...
07-14 12:13:58.346 D/PhoneStatusBar(  450): disable: < expand icons alerts ticker system_info back home RECENT* clock search >
07-14 12:13:58.557 D/PhoneStatusBar(  450): disable: < expand icons alerts ticker system_info BACK* HOME* RECENT CLOCK* search >
07-14 12:14:18.573 I/PowerManagerService(  374): Waking up from sleep...
07-14 12:14:18.690 I/WindowManager(  374): Lock screen displayed!
07-14 12:14:20.877 D/PhoneStatusBar(  450): disable: < expand icons alerts ticker system_info BACK HOME recent* CLOCK search >
07-14 12:14:20.940 D/PhoneStatusBar(  450): disable: < expand icons alerts ticker system_info back* home* recent clock* search >
07-14 12:14:20.948 W/InputMethodManagerService(  374): Window already focused, ignoring focus gain of: com.android.internal.view.IInputMethodClient$Stub$Proxy@42986bc0 attribute=android.view.inputmethod.EditorInfo@42d142e8, token = android.os.BinderProxy@43142bf0
07-14 12:14:21.744 I/ActivityManager(  374): START u0 {act=android.intent.action.MAIN cat=[android.intent.category.HOME] flg=0x10200000 cmp=com.android.launcher/com.android.launcher2.Launcher} from pid 374
07-14 12:14:23.823 I/ActivityManager(  374): START u0 {act=android.intent.action.MAIN cat=[android.intent.category.LAUNCHER] flg=0x10200000 cmp=com.pekall.emdm/.ui.SplashActivity} from pid 595
07-14 12:14:27.526 I/ActivityManager(  374): START u0 {cmp=com.pekall.emdm/.market.activity.AppListActivity} from pid 3494
07-14 12:14:30.065 W/MountService(  374): getVolumeState(/storage/emulated/0/external_sd): Unknown volume
07-14 12:14:30.065 W/MountService(  374): getVolumeState(/mnt/sdcard-ext): Unknown volume
07-14 12:14:30.073 W/MountService(  374): getVolumeState(/mnt/ext_sdcard): Unknown volume
07-14 12:14:30.073 W/MountService(  374): getVolumeState(/mnt/sdcard2): Unknown volume
07-14 12:14:30.073 W/MountService(  374): getVolumeState(/mnt/emmc): Unknown volume
07-14 12:14:30.073 W/MountService(  374): getVolumeState(/mnt/extSdCard): Unknown volume
07-14 12:14:30.073 W/MountService(  374): getVolumeState(/mnt/sdcard/SD_CARD): Unknown volume
07-14 12:14:30.073 W/MountService(  374): getVolumeState(/mnt/sdcard/extra_sd): Unknown volume
07-14 12:14:30.073 W/MountService(  374): getVolumeState(/mnt/extrasd_bind): Unknown volume
07-14 12:14:30.073 W/MountService(  374): getVolumeState(/mnt/sdcard/ext_sd): Unknown volume
07-14 12:14:30.080 W/MountService(  374): getVolumeState(/storage/extSdCard): Unknown volume
07-14 12:14:30.080 W/MountService(  374): getVolumeState(/storage/sdcard1): Unknown volume
07-14 12:14:30.080 W/MountService(  374): getVolumeState(/mnt/sdcard/external_SD): Unknown volume
07-14 12:14:30.080 W/MountService(  374): getVolumeState(/mnt/sdcard/external_sd): Unknown volume
07-14 12:14:30.330 W/MountService(  374): getVolumeState(/storage/emulated/0/external_sd): Unknown volume
07-14 12:14:30.330 W/MountService(  374): getVolumeState(/mnt/sdcard-ext): Unknown volume
07-14 12:14:30.330 W/MountService(  374): getVolumeState(/mnt/ext_sdcard): Unknown volume
07-14 12:14:30.330 W/MountService(  374): getVolumeState(/mnt/sdcard2): Unknown volume
07-14 12:14:30.330 W/MountService(  374): getVolumeState(/mnt/emmc): Unknown volume
07-14 12:14:30.330 W/MountService(  374): getVolumeState(/mnt/extSdCard): Unknown volume
07-14 12:14:30.330 W/MountService(  374): getVolumeState(/mnt/sdcard/SD_CARD): Unknown volume
07-14 12:14:30.338 W/MountService(  374): getVolumeState(/mnt/sdcard/extra_sd): Unknown volume
07-14 12:14:30.338 W/MountService(  374): getVolumeState(/mnt/extrasd_bind): Unknown volume
07-14 12:14:30.338 W/MountService(  374): getVolumeState(/mnt/sdcard/ext_sd): Unknown volume
07-14 12:14:30.338 W/MountService(  374): getVolumeState(/storage/extSdCard): Unknown volume
07-14 12:14:30.338 W/MountService(  374): getVolumeState(/storage/sdcard1): Unknown volume
07-14 12:14:30.338 W/MountService(  374): getVolumeState(/mnt/sdcard/external_SD): Unknown volume
07-14 12:14:30.338 W/MountService(  374): getVolumeState(/mnt/sdcard/external_sd): Unknown volume
07-14 12:14:50.580 I/ActivityManager(  374): START u0 {act=android.intent.action.VIEW dat=file:///storage/emulated/0/MDM/download/bygamebinumbers.apk typ=application/vnd.android.package-archive flg=0x10000000 cmp=com.android.packageinstaller/.PackageInstallerActivity} from pid 3494
07-14 12:14:50.854 I/ActivityManager(  374): Start proc com.android.packageinstaller for activity com.android.packageinstaller/.PackageInstallerActivity: pid=4241 uid=10045 gids={50045, 1028}
07-14 12:14:51.323 E/AndroidRuntime( 4241): FATAL EXCEPTION: main
07-14 12:14:51.323 E/AndroidRuntime( 4241): java.lang.RuntimeException: Unable to start activity ComponentInfo{com.android.packageinstaller/com.android.packageinstaller.PackageInstallerActivity}: java.lang.SecurityException: META-INF/CERT.SF has invalid digest for res/drawable-xhdpi/abc_ic_menu_moreoverflow_normal_holo_light.png in /storage/emulated/0/MDM/download/bygamebinumbers.apk
07-14 12:14:51.323 E/AndroidRuntime( 4241): 	at android.app.ActivityThread.performLaunchActivity(ActivityThread.java:2211)
07-14 12:14:51.323 E/AndroidRuntime( 4241): 	at android.app.ActivityThread.handleLaunchActivity(ActivityThread.java:2261)
07-14 12:14:51.323 E/AndroidRuntime( 4241): 	at android.app.ActivityThread.access$600(ActivityThread.java:141)
07-14 12:14:51.323 E/AndroidRuntime( 4241): 	at android.app.ActivityThread$H.handleMessage(ActivityThread.java:1256)
07-14 12:14:51.323 E/AndroidRuntime( 4241): 	at android.os.Handler.dispatchMessage(Handler.java:99)
07-14 12:14:51.323 E/AndroidRuntime( 4241): 	at android.os.Looper.loop(Looper.java:137)
07-14 12:14:51.323 E/AndroidRuntime( 4241): 	at android.app.ActivityThread.main(ActivityThread.java:5103)
07-14 12:14:51.323 E/AndroidRuntime( 4241): 	at java.lang.reflect.Method.invokeNative(Native Method)
07-14 12:14:51.323 E/AndroidRuntime( 4241): 	at java.lang.reflect.Method.invoke(Method.java:525)
07-14 12:14:51.323 E/AndroidRuntime( 4241): 	at com.android.internal.os.ZygoteInit$MethodAndArgsCaller.run(ZygoteInit.java:737)
07-14 12:14:51.323 E/AndroidRuntime( 4241): 	at com.android.internal.os.ZygoteInit.main(ZygoteInit.java:553)
07-14 12:14:51.323 E/AndroidRuntime( 4241): 	at dalvik.system.NativeStart.main(Native Method)
07-14 12:14:51.323 E/AndroidRuntime( 4241): Caused by: java.lang.SecurityException: META-INF/CERT.SF has invalid digest for res/drawable-xhdpi/abc_ic_menu_moreoverflow_normal_holo_light.png in /storage/emulated/0/MDM/download/bygamebinumbers.apk
07-14 12:14:51.323 E/AndroidRuntime( 4241): 	at java.util.jar.JarVerifier.invalidDigest(JarVerifier.java:141)
07-14 12:14:51.323 E/AndroidRuntime( 4241): 	at java.util.jar.JarVerifier.verifyCertificate(JarVerifier.java:360)
07-14 12:14:51.323 E/AndroidRuntime( 4241): 	at java.util.jar.JarVerifier.readCertificates(JarVerifier.java:263)
07-14 12:14:51.323 E/AndroidRuntime( 4241): 	at java.util.jar.JarFile.getInputStream(JarFile.java:379)
07-14 12:14:51.323 E/AndroidRuntime( 4241): 	at android.content.pm.PackageParser.collectManifestDigest(PackageParser.java:583)
07-14 12:14:51.323 E/AndroidRuntime( 4241): 	at com.android.packageinstaller.PackageUtil.getPackageInfo(PackageUtil.java:78)
07-14 12:14:51.323 E/AndroidRuntime( 4241): 	at com.android.packageinstaller.PackageInstallerActivity.onCreate(PackageInstallerActivity.java:382)
07-14 12:14:51.323 E/AndroidRuntime( 4241): 	at android.app.Activity.performCreate(Activity.java:5133)
07-14 12:14:51.323 E/AndroidRuntime( 4241): 	at android.app.Instrumentation.callActivityOnCreate(Instrumentation.java:1087)
07-14 12:14:51.323 E/AndroidRuntime( 4241): 	at android.app.ActivityThread.performLaunchActivity(ActivityThread.java:2175)
07-14 12:14:51.323 E/AndroidRuntime( 4241): 	... 11 more
07-14 12:14:51.338 W/ActivityManager(  374):   Force finishing activity com.android.packageinstaller/.PackageInstallerActivity
07-14 12:14:51.580 W/ActivityManager(  374):   Force finishing activity com.pekall.emdm/.market.activity.AppListActivity
07-14 12:14:52.080 W/ActivityManager(  374): Activity pause timeout for ActivityRecord{42e8dd90 u0 com.android.packageinstaller/.PackageInstallerActivity}
07-14 12:14:52.463 I/ActivityManager(  374): No longer want com.android.mms (pid 3070): empty #17
07-14 12:15:02.471 W/ActivityManager(  374): Activity destroy timeout for ActivityRecord{42e8dd90 u0 com.android.packageinstaller/.PackageInstallerActivity}
07-14 12:15:05.455 I/PowerManagerService(  374): Going to sleep due to screen timeout...
07-14 12:15:06.494 I/PowerManagerService(  374): Waking up from sleep...
07-14 12:15:06.791 D/PhoneStatusBar(  450): disable: < expand icons alerts ticker system_info back home RECENT* clock search >
07-14 12:15:07.065 D/PhoneStatusBar(  450): disable: < expand icons alerts ticker system_info BACK* HOME* RECENT CLOCK* search >
07-14 12:15:07.182 I/WindowManager(  374): Lock screen displayed!
07-14 12:15:09.010 D/PhoneStatusBar(  450): disable: < expand icons alerts ticker system_info BACK HOME recent* CLOCK search >
07-14 12:15:09.143 D/PhoneStatusBar(  450): disable: < expand icons alerts ticker system_info back* home* recent clock* search >
07-14 12:15:23.971 I/PowerManagerService(  374): Going to sleep due to screen timeout...
07-14 12:15:23.979 I/PowerManagerService(  374): Waking up from sleep...
07-14 12:15:24.494 D/PhoneStatusBar(  450): disable: < expand icons alerts ticker system_info back home RECENT* clock search >
07-14 12:15:24.877 D/PhoneStatusBar(  450): disable: < expand icons alerts ticker system_info BACK* HOME* RECENT CLOCK* search >
07-14 12:15:25.033 I/WindowManager(  374): Lock screen displayed!
07-14 12:15:26.862 D/PhoneStatusBar(  450): disable: < expand icons alerts ticker system_info BACK HOME recent* CLOCK search >
07-14 12:15:26.916 D/PhoneStatusBar(  450): disable: < expand icons alerts ticker system_info back* home* recent clock* search >
07-14 12:15:30.088 W/MountService(  374): getVolumeState(/storage/emulated/0/external_sd): Unknown volume
07-14 12:15:30.104 W/MountService(  374): getVolumeState(/mnt/sdcard-ext): Unknown volume
07-14 12:15:30.104 W/MountService(  374): getVolumeState(/mnt/ext_sdcard): Unknown volume
07-14 12:15:30.104 W/MountService(  374): getVolumeState(/mnt/sdcard2): Unknown volume
07-14 12:15:30.112 W/MountService(  374): getVolumeState(/mnt/emmc): Unknown volume
07-14 12:15:30.112 W/MountService(  374): getVolumeState(/mnt/extSdCard): Unknown volume
07-14 12:15:30.119 W/MountService(  374): getVolumeState(/mnt/sdcard/SD_CARD): Unknown volume
07-14 12:15:30.119 W/MountService(  374): getVolumeState(/mnt/sdcard/extra_sd): Unknown volume
07-14 12:15:30.119 W/MountService(  374): getVolumeState(/mnt/extrasd_bind): Unknown volume
07-14 12:15:30.119 W/MountService(  374): getVolumeState(/mnt/sdcard/ext_sd): Unknown volume
07-14 12:15:30.119 W/MountService(  374): getVolumeState(/storage/extSdCard): Unknown volume
07-14 12:15:30.119 W/MountService(  374): getVolumeState(/storage/sdcard1): Unknown volume
07-14 12:15:30.119 W/MountService(  374): getVolumeState(/mnt/sdcard/external_SD): Unknown volume
07-14 12:15:30.127 W/MountService(  374): getVolumeState(/mnt/sdcard/external_sd): Unknown volume
07-14 12:15:30.549 W/MountService(  374): getVolumeState(/storage/emulated/0/external_sd): Unknown volume
07-14 12:15:30.557 W/MountService(  374): getVolumeState(/mnt/sdcard-ext): Unknown volume
07-14 12:15:30.557 W/MountService(  374): getVolumeState(/mnt/ext_sdcard): Unknown volume
07-14 12:15:30.557 W/MountService(  374): getVolumeState(/mnt/sdcard2): Unknown volume
07-14 12:15:30.565 W/MountService(  374): getVolumeState(/mnt/emmc): Unknown volume
07-14 12:15:30.573 W/MountService(  374): getVolumeState(/mnt/extSdCard): Unknown volume
07-14 12:15:30.573 W/MountService(  374): getVolumeState(/mnt/sdcard/SD_CARD): Unknown volume
07-14 12:15:30.588 W/MountService(  374): getVolumeState(/mnt/sdcard/extra_sd): Unknown volume
07-14 12:15:30.596 W/MountService(  374): getVolumeState(/mnt/extrasd_bind): Unknown volume
07-14 12:15:30.596 W/MountService(  374): getVolumeState(/mnt/sdcard/ext_sd): Unknown volume
07-14 12:15:30.596 W/MountService(  374): getVolumeState(/storage/extSdCard): Unknown volume
07-14 12:15:30.596 W/MountService(  374): getVolumeState(/storage/sdcard1): Unknown volume
07-14 12:15:30.596 W/MountService(  374): getVolumeState(/mnt/sdcard/external_SD): Unknown volume
07-14 12:15:30.596 W/MountService(  374): getVolumeState(/mnt/sdcard/external_sd): Unknown volume
07-14 12:15:41.823 I/PowerManagerService(  374): Going to sleep due to screen timeout...
07-14 12:15:41.830 I/PowerManagerService(  374): Waking up from sleep...
07-14 12:15:42.440 D/PhoneStatusBar(  450): disable: < expand icons alerts ticker system_info back home RECENT* clock search >
07-14 12:15:42.815 D/PhoneStatusBar(  450): disable: < expand icons alerts ticker system_info BACK* HOME* RECENT CLOCK* search >
07-14 12:15:42.838 I/WindowManager(  374): Lock screen displayed!
07-14 12:15:44.065 D/PhoneStatusBar(  450): disable: < expand icons alerts ticker system_info BACK HOME recent* CLOCK search >
07-14 12:15:44.135 D/PhoneStatusBar(  450): disable: < expand icons alerts ticker system_info back* home* recent clock* search >
07-14 12:15:59.041 I/PowerManagerService(  374): Going to sleep due to screen timeout...
07-14 12:15:59.041 I/PowerManagerService(  374): Waking up from sleep...
07-14 12:15:59.682 D/PhoneStatusBar(  450): disable: < expand icons alerts ticker system_info back home RECENT* clock search >
07-14 12:16:00.049 I/WindowManager(  374): Lock screen displayed!
07-14 12:16:00.057 D/PhoneStatusBar(  450): disable: < expand icons alerts ticker system_info BACK* HOME* RECENT CLOCK* search >
07-14 12:16:02.190 D/PhoneStatusBar(  450): disable: < expand icons alerts ticker system_info BACK HOME recent* CLOCK search >
07-14 12:16:02.260 D/PhoneStatusBar(  450): disable: < expand icons alerts ticker system_info back* home* recent clock* search >
07-14 12:16:17.174 I/PowerManagerService(  374): Going to sleep due to screen timeout...
07-14 12:16:18.580 D/PhoneStatusBar(  450): disable: < expand icons alerts ticker system_info back home RECENT* clock search >
07-14 12:16:18.721 D/PhoneStatusBar(  450): disable: < expand icons alerts ticker system_info BACK* HOME* RECENT CLOCK* search >
07-14 12:16:18.776 I/PowerManagerService(  374): Waking up from sleep...
07-14 12:16:18.815 I/WindowManager(  374): Lock screen displayed!
07-14 12:16:21.002 D/PhoneStatusBar(  450): disable: < expand icons alerts ticker system_info BACK HOME recent* CLOCK search >
07-14 12:16:21.080 D/PhoneStatusBar(  450): disable: < expand icons alerts ticker system_info back* home* recent clock* search >
07-14 12:16:30.151 W/MountService(  374): getVolumeState(/storage/emulated/0/external_sd): Unknown volume
07-14 12:16:30.151 W/MountService(  374): getVolumeState(/mnt/sdcard-ext): Unknown volume
07-14 12:16:30.151 W/MountService(  374): getVolumeState(/mnt/ext_sdcard): Unknown volume
07-14 12:16:30.151 W/MountService(  374): getVolumeState(/mnt/sdcard2): Unknown volume
07-14 12:16:30.158 W/MountService(  374): getVolumeState(/mnt/emmc): Unknown volume
07-14 12:16:30.158 W/MountService(  374): getVolumeState(/mnt/extSdCard): Unknown volume
07-14 12:16:30.158 W/MountService(  374): getVolumeState(/mnt/sdcard/SD_CARD): Unknown volume
07-14 12:16:30.158 W/MountService(  374): getVolumeState(/mnt/sdcard/extra_sd): Unknown volume
07-14 12:16:30.174 W/MountService(  374): getVolumeState(/mnt/extrasd_bind): Unknown volume
07-14 12:16:30.198 W/MountService(  374): getVolumeState(/mnt/sdcard/ext_sd): Unknown volume
07-14 12:16:30.198 W/MountService(  374): getVolumeState(/storage/extSdCard): Unknown volume
07-14 12:16:30.198 W/MountService(  374): getVolumeState(/storage/sdcard1): Unknown volume
07-14 12:16:30.198 W/MountService(  374): getVolumeState(/mnt/sdcard/external_SD): Unknown volume
07-14 12:16:30.205 W/MountService(  374): getVolumeState(/mnt/sdcard/external_sd): Unknown volume
07-14 12:16:30.557 W/MountService(  374): getVolumeState(/storage/emulated/0/external_sd): Unknown volume
07-14 12:16:30.557 W/MountService(  374): getVolumeState(/mnt/sdcard-ext): Unknown volume
07-14 12:16:30.557 W/MountService(  374): getVolumeState(/mnt/ext_sdcard): Unknown volume
07-14 12:16:30.565 W/MountService(  374): getVolumeState(/mnt/sdcard2): Unknown volume
07-14 12:16:30.573 W/MountService(  374): getVolumeState(/mnt/emmc): Unknown volume
07-14 12:16:30.573 W/MountService(  374): getVolumeState(/mnt/extSdCard): Unknown volume
07-14 12:16:30.573 W/MountService(  374): getVolumeState(/mnt/sdcard/SD_CARD): Unknown volume
07-14 12:16:30.573 W/MountService(  374): getVolumeState(/mnt/sdcard/extra_sd): Unknown volume
07-14 12:16:30.580 W/MountService(  374): getVolumeState(/mnt/extrasd_bind): Unknown volume
07-14 12:16:30.580 W/MountService(  374): getVolumeState(/mnt/sdcard/ext_sd): Unknown volume
07-14 12:16:30.580 W/MountService(  374): getVolumeState(/storage/extSdCard): Unknown volume
07-14 12:16:30.580 W/MountService(  374): getVolumeState(/storage/sdcard1): Unknown volume
07-14 12:16:30.580 W/MountService(  374): getVolumeState(/mnt/sdcard/external_SD): Unknown volume
07-14 12:16:30.588 W/MountService(  374): getVolumeState(/mnt/sdcard/external_sd): Unknown volume
07-14 12:16:35.955 I/PowerManagerService(  374): Going to sleep due to screen timeout...
07-14 12:16:35.963 I/PowerManagerService(  374): Waking up from sleep...
07-14 12:16:36.518 D/PhoneStatusBar(  450): disable: < expand icons alerts ticker system_info back home RECENT* clock search >
07-14 12:16:36.846 D/PhoneStatusBar(  450): disable: < expand icons alerts ticker system_info BACK* HOME* RECENT CLOCK* search >
07-14 12:16:37.002 I/WindowManager(  374): Lock screen displayed!
07-14 12:16:38.877 D/PhoneStatusBar(  450): disable: < expand icons alerts ticker system_info BACK HOME recent* CLOCK search >
07-14 12:16:38.955 D/PhoneStatusBar(  450): disable: < expand icons alerts ticker system_info back* home* recent clock* search >
07-14 12:16:53.846 I/PowerManagerService(  374): Going to sleep due to screen timeout...
07-14 12:16:55.080 D/PhoneStatusBar(  450): disable: < expand icons alerts ticker system_info back home RECENT* clock search >
07-14 12:16:55.221 D/PhoneStatusBar(  450): disable: < expand icons alerts ticker system_info BACK* HOME* RECENT CLOCK* search >
07-14 12:17:26.096 I/PowerManagerService(  374): Waking up from sleep...
07-14 12:17:26.143 I/WindowManager(  374): Lock screen displayed!
07-14 12:17:28.455 D/PhoneStatusBar(  450): disable: < expand icons alerts ticker system_info BACK HOME recent* CLOCK search >
07-14 12:17:28.541 D/PhoneStatusBar(  450): disable: < expand icons alerts ticker system_info back* home* recent clock* search >
07-14 12:17:29.088 I/ActivityManager(  374): START u0 {act=android.intent.action.MAIN cat=[android.intent.category.HOME] flg=0x10200000 cmp=com.android.launcher/com.android.launcher2.Launcher} from pid 374
07-14 12:17:30.213 W/MountService(  374): getVolumeState(/storage/emulated/0/external_sd): Unknown volume
07-14 12:17:30.213 W/MountService(  374): getVolumeState(/mnt/sdcard-ext): Unknown volume
07-14 12:17:30.213 W/MountService(  374): getVolumeState(/mnt/ext_sdcard): Unknown volume
07-14 12:17:30.221 W/MountService(  374): getVolumeState(/mnt/sdcard2): Unknown volume
07-14 12:17:30.221 W/MountService(  374): getVolumeState(/mnt/emmc): Unknown volume
07-14 12:17:30.221 W/MountService(  374): getVolumeState(/mnt/extSdCard): Unknown volume
07-14 12:17:30.221 W/MountService(  374): getVolumeState(/mnt/sdcard/SD_CARD): Unknown volume
07-14 12:17:30.221 W/MountService(  374): getVolumeState(/mnt/sdcard/extra_sd): Unknown volume
07-14 12:17:30.229 W/MountService(  374): getVolumeState(/mnt/extrasd_bind): Unknown volume
07-14 12:17:30.229 W/MountService(  374): getVolumeState(/mnt/sdcard/ext_sd): Unknown volume
07-14 12:17:30.229 W/MountService(  374): getVolumeState(/storage/extSdCard): Unknown volume
07-14 12:17:30.229 W/MountService(  374): getVolumeState(/storage/sdcard1): Unknown volume
07-14 12:17:30.229 W/MountService(  374): getVolumeState(/mnt/sdcard/external_SD): Unknown volume
07-14 12:17:30.237 W/MountService(  374): getVolumeState(/mnt/sdcard/external_sd): Unknown volume
07-14 12:17:30.533 W/MountService(  374): getVolumeState(/storage/emulated/0/external_sd): Unknown volume
07-14 12:17:30.541 W/MountService(  374): getVolumeState(/mnt/sdcard-ext): Unknown volume
07-14 12:17:30.541 W/MountService(  374): getVolumeState(/mnt/ext_sdcard): Unknown volume
07-14 12:17:30.541 W/MountService(  374): getVolumeState(/mnt/sdcard2): Unknown volume
07-14 12:17:30.541 W/MountService(  374): getVolumeState(/mnt/emmc): Unknown volume
07-14 12:17:30.541 W/MountService(  374): getVolumeState(/mnt/extSdCard): Unknown volume
07-14 12:17:30.541 W/MountService(  374): getVolumeState(/mnt/sdcard/SD_CARD): Unknown volume
07-14 12:17:30.549 W/MountService(  374): getVolumeState(/mnt/sdcard/extra_sd): Unknown volume
07-14 12:17:30.549 W/MountService(  374): getVolumeState(/mnt/extrasd_bind): Unknown volume
07-14 12:17:30.549 W/MountService(  374): getVolumeState(/mnt/sdcard/ext_sd): Unknown volume
07-14 12:17:30.549 W/MountService(  374): getVolumeState(/storage/extSdCard): Unknown volume
07-14 12:17:30.557 W/MountService(  374): getVolumeState(/storage/sdcard1): Unknown volume
07-14 12:17:30.557 W/MountService(  374): getVolumeState(/mnt/sdcard/external_SD): Unknown volume
07-14 12:17:30.557 W/MountService(  374): getVolumeState(/mnt/sdcard/external_sd): Unknown volume
07-14 12:17:58.713 I/PowerManagerService(  374): Going to sleep due to screen timeout...
07-14 12:18:00.307 D/PhoneStatusBar(  450): disable: < expand icons alerts ticker system_info back home RECENT* clock search >
07-14 12:18:00.416 D/PhoneStatusBar(  450): disable: < expand icons alerts ticker system_info BACK* HOME* RECENT CLOCK* search >
07-14 12:18:30.244 W/MountService(  374): getVolumeState(/storage/emulated/0/external_sd): Unknown volume
07-14 12:18:30.244 W/MountService(  374): getVolumeState(/mnt/sdcard-ext): Unknown volume
07-14 12:18:30.244 W/MountService(  374): getVolumeState(/mnt/ext_sdcard): Unknown volume
07-14 12:18:30.252 W/MountService(  374): getVolumeState(/mnt/sdcard2): Unknown volume
07-14 12:18:30.252 W/MountService(  374): getVolumeState(/mnt/emmc): Unknown volume
07-14 12:18:30.252 W/MountService(  374): getVolumeState(/mnt/extSdCard): Unknown volume
07-14 12:18:30.252 W/MountService(  374): getVolumeState(/mnt/sdcard/SD_CARD): Unknown volume
07-14 12:18:30.252 W/MountService(  374): getVolumeState(/mnt/sdcard/extra_sd): Unknown volume
07-14 12:18:30.252 W/MountService(  374): getVolumeState(/mnt/extrasd_bind): Unknown volume
07-14 12:18:30.252 W/MountService(  374): getVolumeState(/mnt/sdcard/ext_sd): Unknown volume
07-14 12:18:30.252 W/MountService(  374): getVolumeState(/storage/extSdCard): Unknown volume
07-14 12:18:30.260 W/MountService(  374): getVolumeState(/storage/sdcard1): Unknown volume
07-14 12:18:30.260 W/MountService(  374): getVolumeState(/mnt/sdcard/external_SD): Unknown volume
07-14 12:18:30.260 W/MountService(  374): getVolumeState(/mnt/sdcard/external_sd): Unknown volume
07-14 12:18:30.487 W/MountService(  374): getVolumeState(/storage/emulated/0/external_sd): Unknown volume
07-14 12:18:30.487 W/MountService(  374): getVolumeState(/mnt/sdcard-ext): Unknown volume
07-14 12:18:30.487 W/MountService(  374): getVolumeState(/mnt/ext_sdcard): Unknown volume
07-14 12:18:30.487 W/MountService(  374): getVolumeState(/mnt/sdcard2): Unknown volume
07-14 12:18:30.487 W/MountService(  374): getVolumeState(/mnt/emmc): Unknown volume
07-14 12:18:30.487 W/MountService(  374): getVolumeState(/mnt/extSdCard): Unknown volume
07-14 12:18:30.487 W/MountService(  374): getVolumeState(/mnt/sdcard/SD_CARD): Unknown volume
07-14 12:18:30.494 W/MountService(  374): getVolumeState(/mnt/sdcard/extra_sd): Unknown volume
07-14 12:18:30.494 W/MountService(  374): getVolumeState(/mnt/extrasd_bind): Unknown volume
07-14 12:18:30.494 W/MountService(  374): getVolumeState(/mnt/sdcard/ext_sd): Unknown volume
07-14 12:18:30.494 W/MountService(  374): getVolumeState(/storage/extSdCard): Unknown volume
07-14 12:18:30.494 W/MountService(  374): getVolumeState(/storage/sdcard1): Unknown volume
07-14 12:18:30.494 W/MountService(  374): getVolumeState(/mnt/sdcard/external_SD): Unknown volume
07-14 12:18:30.494 W/MountService(  374): getVolumeState(/mnt/sdcard/external_sd): Unknown volume
07-14 12:18:32.799 I/PowerManagerService(  374): Waking up from sleep...
07-14 12:18:32.838 I/WindowManager(  374): Lock screen displayed!
07-14 12:18:34.994 D/PhoneStatusBar(  450): disable: < expand icons alerts ticker system_info BACK HOME recent* CLOCK search >
07-14 12:18:35.065 D/PhoneStatusBar(  450): disable: < expand icons alerts ticker system_info back* home* recent clock* search >
07-14 12:18:35.651 I/ActivityManager(  374): START u0 {act=android.intent.action.MAIN cat=[android.intent.category.HOME] flg=0x10200000 cmp=com.android.launcher/com.android.launcher2.Launcher} from pid 374
07-14 12:19:05.026 I/PowerManagerService(  374): Going to sleep due to screen timeout...
07-14 12:19:06.291 D/PhoneStatusBar(  450): disable: < expand icons alerts ticker system_info back home RECENT* clock search >
07-14 12:19:06.565 D/PhoneStatusBar(  450): disable: < expand icons alerts ticker system_info BACK* HOME* RECENT CLOCK* search >
07-14 12:19:30.283 W/MountService(  374): getVolumeState(/storage/emulated/0/external_sd): Unknown volume
07-14 12:19:30.283 W/MountService(  374): getVolumeState(/mnt/sdcard-ext): Unknown volume
07-14 12:19:30.291 W/MountService(  374): getVolumeState(/mnt/ext_sdcard): Unknown volume
07-14 12:19:30.291 W/MountService(  374): getVolumeState(/mnt/sdcard2): Unknown volume
07-14 12:19:30.291 W/MountService(  374): getVolumeState(/mnt/emmc): Unknown volume
07-14 12:19:30.291 W/MountService(  374): getVolumeState(/mnt/extSdCard): Unknown volume
07-14 12:19:30.291 W/MountService(  374): getVolumeState(/mnt/sdcard/SD_CARD): Unknown volume
07-14 12:19:30.291 W/MountService(  374): getVolumeState(/mnt/sdcard/extra_sd): Unknown volume
07-14 12:19:30.291 W/MountService(  374): getVolumeState(/mnt/extrasd_bind): Unknown volume
07-14 12:19:30.299 W/MountService(  374): getVolumeState(/mnt/sdcard/ext_sd): Unknown volume
07-14 12:19:30.299 W/MountService(  374): getVolumeState(/storage/extSdCard): Unknown volume
07-14 12:19:30.299 W/MountService(  374): getVolumeState(/storage/sdcard1): Unknown volume
07-14 12:19:30.299 W/MountService(  374): getVolumeState(/mnt/sdcard/external_SD): Unknown volume
07-14 12:19:30.299 W/MountService(  374): getVolumeState(/mnt/sdcard/external_sd): Unknown volume
07-14 12:19:30.526 W/MountService(  374): getVolumeState(/storage/emulated/0/external_sd): Unknown volume
07-14 12:19:30.526 W/MountService(  374): getVolumeState(/mnt/sdcard-ext): Unknown volume
07-14 12:19:30.526 W/MountService(  374): getVolumeState(/mnt/ext_sdcard): Unknown volume
07-14 12:19:30.526 W/MountService(  374): getVolumeState(/mnt/sdcard2): Unknown volume
07-14 12:19:30.526 W/MountService(  374): getVolumeState(/mnt/emmc): Unknown volume
07-14 12:19:30.526 W/MountService(  374): getVolumeState(/mnt/extSdCard): Unknown volume
07-14 12:19:30.533 W/MountService(  374): getVolumeState(/mnt/sdcard/SD_CARD): Unknown volume
07-14 12:19:30.533 W/MountService(  374): getVolumeState(/mnt/sdcard/extra_sd): Unknown volume
07-14 12:19:30.533 W/MountService(  374): getVolumeState(/mnt/extrasd_bind): Unknown volume
07-14 12:19:30.533 W/MountService(  374): getVolumeState(/mnt/sdcard/ext_sd): Unknown volume
07-14 12:19:30.533 W/MountService(  374): getVolumeState(/storage/extSdCard): Unknown volume
07-14 12:19:30.533 W/MountService(  374): getVolumeState(/storage/sdcard1): Unknown volume
07-14 12:19:30.533 W/MountService(  374): getVolumeState(/mnt/sdcard/external_SD): Unknown volume
07-14 12:19:30.541 W/MountService(  374): getVolumeState(/mnt/sdcard/external_sd): Unknown volume
07-14 12:19:36.705 I/PowerManagerService(  374): Waking up from sleep...
07-14 12:19:36.752 I/WindowManager(  374): Lock screen displayed!
07-14 12:19:38.854 D/PhoneStatusBar(  450): disable: < expand icons alerts ticker system_info BACK HOME recent* CLOCK search >
07-14 12:19:38.924 D/PhoneStatusBar(  450): disable: < expand icons alerts ticker system_info back* home* recent clock* search >
07-14 12:19:51.604 I/ActivityManager(  374): Process com.android.packageinstaller (pid 4241) has died.
07-14 12:19:53.807 I/PowerManagerService(  374): Going to sleep due to screen timeout...
07-14 12:19:53.815 I/PowerManagerService(  374): Waking up from sleep...
07-14 12:19:54.362 D/PhoneStatusBar(  450): disable: < expand icons alerts ticker system_info back home RECENT* clock search >
07-14 12:19:54.830 D/PhoneStatusBar(  450): disable: < expand icons alerts ticker system_info BACK* HOME* RECENT CLOCK* search >
07-14 12:19:54.877 I/WindowManager(  374): Lock screen displayed!
07-14 12:19:56.112 D/PhoneStatusBar(  450): disable: < expand icons alerts ticker system_info BACK HOME recent* CLOCK search >
07-14 12:19:56.205 D/PhoneStatusBar(  450): disable: < expand icons alerts ticker system_info back* home* recent clock* search >
07-14 12:19:56.229 W/InputMethodManagerService(  374): Window already focused, ignoring focus gain of: com.android.internal.view.IInputMethodClient$Stub$Proxy@43148dd8 attribute=android.view.inputmethod.EditorInfo@42f627e0, token = android.os.BinderProxy@42ea3d30
07-14 12:20:11.073 I/PowerManagerService(  374): Going to sleep due to screen timeout...
07-14 12:20:12.057 D/PhoneStatusBar(  450): disable: < expand icons alerts ticker system_info back home RECENT* clock search >
07-14 12:20:12.221 D/PhoneStatusBar(  450): disable: < expand icons alerts ticker system_info BACK* HOME* RECENT CLOCK* search >
07-14 12:20:30.424 W/MountService(  374): getVolumeState(/storage/emulated/0/external_sd): Unknown volume
07-14 12:20:30.424 W/MountService(  374): getVolumeState(/mnt/sdcard-ext): Unknown volume
07-14 12:20:30.424 W/MountService(  374): getVolumeState(/mnt/ext_sdcard): Unknown volume
07-14 12:20:30.424 W/MountService(  374): getVolumeState(/mnt/sdcard2): Unknown volume
07-14 12:20:30.432 W/MountService(  374): getVolumeState(/mnt/emmc): Unknown volume
07-14 12:20:30.432 W/MountService(  374): getVolumeState(/mnt/extSdCard): Unknown volume
07-14 12:20:30.432 W/MountService(  374): getVolumeState(/mnt/sdcard/SD_CARD): Unknown volume
07-14 12:20:30.432 W/MountService(  374): getVolumeState(/mnt/sdcard/extra_sd): Unknown volume
07-14 12:20:30.432 W/MountService(  374): getVolumeState(/mnt/extrasd_bind): Unknown volume
07-14 12:20:30.432 W/MountService(  374): getVolumeState(/mnt/sdcard/ext_sd): Unknown volume
07-14 12:20:30.432 W/MountService(  374): getVolumeState(/storage/extSdCard): Unknown volume
07-14 12:20:30.432 W/MountService(  374): getVolumeState(/storage/sdcard1): Unknown volume
07-14 12:20:30.432 W/MountService(  374): getVolumeState(/mnt/sdcard/external_SD): Unknown volume
07-14 12:20:30.440 W/MountService(  374): getVolumeState(/mnt/sdcard/external_sd): Unknown volume
07-14 12:20:30.674 W/MountService(  374): getVolumeState(/storage/emulated/0/external_sd): Unknown volume
07-14 12:20:30.674 W/MountService(  374): getVolumeState(/mnt/sdcard-ext): Unknown volume
07-14 12:20:30.674 W/MountService(  374): getVolumeState(/mnt/ext_sdcard): Unknown volume
07-14 12:20:30.682 W/MountService(  374): getVolumeState(/mnt/sdcard2): Unknown volume
07-14 12:20:30.682 W/MountService(  374): getVolumeState(/mnt/emmc): Unknown volume
07-14 12:20:30.682 W/MountService(  374): getVolumeState(/mnt/extSdCard): Unknown volume
07-14 12:20:30.682 W/MountService(  374): getVolumeState(/mnt/sdcard/SD_CARD): Unknown volume
07-14 12:20:30.682 W/MountService(  374): getVolumeState(/mnt/sdcard/extra_sd): Unknown volume
07-14 12:20:30.682 W/MountService(  374): getVolumeState(/mnt/extrasd_bind): Unknown volume
07-14 12:20:30.682 W/MountService(  374): getVolumeState(/mnt/sdcard/ext_sd): Unknown volume
07-14 12:20:30.682 W/MountService(  374): getVolumeState(/storage/extSdCard): Unknown volume
07-14 12:20:30.682 W/MountService(  374): getVolumeState(/storage/sdcard1): Unknown volume
07-14 12:20:30.682 W/MountService(  374): getVolumeState(/mnt/sdcard/external_SD): Unknown volume
07-14 12:20:30.690 W/MountService(  374): getVolumeState(/mnt/sdcard/external_sd): Unknown volume
07-14 12:20:43.408 I/PowerManagerService(  374): Waking up from sleep...
07-14 12:20:43.448 I/WindowManager(  374): Lock screen displayed!
07-14 12:20:45.627 D/PhoneStatusBar(  450): disable: < expand icons alerts ticker system_info BACK HOME recent* CLOCK search >
07-14 12:20:45.737 D/PhoneStatusBar(  450): disable: < expand icons alerts ticker system_info back* home* recent clock* search >
07-14 12:20:45.744 W/InputMethodManagerService(  374): Window already focused, ignoring focus gain of: com.android.internal.view.IInputMethodClient$Stub$Proxy@4309f028 attribute=android.view.inputmethod.EditorInfo@4309f088, token = android.os.BinderProxy@42ea3d30
07-14 12:20:46.604 I/ActivityManager(  374): START u0 {act=android.intent.action.MAIN cat=[android.intent.category.HOME] flg=0x10200000 cmp=com.android.launcher/com.android.launcher2.Launcher} from pid 374
07-14 12:20:48.737 I/ActivityManager(  374): START u0 {act=android.intent.action.MAIN cat=[android.intent.category.LAUNCHER] flg=0x10200000 cmp=com.pekall.emdm/.ui.SplashActivity} from pid 595
07-14 12:20:49.901 I/ActivityManager(  374): START u0 {cmp=com.pekall.emdm/.document.activity.DocMainActivity} from pid 3494
07-14 12:20:51.205 I/ActivityManager(  374): START u0 {cmp=com.pekall.emdm/.document.activity.CompanyDocActivity} from pid 3494
07-14 12:21:01.651 I/ActivityManager(  374): Start proc com.google.android.apps.maps for service com.google.android.apps.maps/com.google.googlenav.prefetch.android.PrefetcherService: pid=4865 uid=10038 gids={50038, 3003, 1015, 1028}
07-14 12:21:06.104 I/PowerManagerService(  374): Going to sleep due to screen timeout...
07-14 12:21:07.002 I/WindowManager(  374): Screenshot Window{42cbf220 u0 com.pekall.emdm/com.pekall.emdm.document.activity.CompanyDocActivity} was all black! mSurfaceLayer=21020 minLayer=21000 maxLayer=21020
07-14 12:21:07.401 D/PhoneStatusBar(  450): disable: < expand icons alerts ticker system_info back home RECENT* clock search >
07-14 12:21:07.565 D/PhoneStatusBar(  450): disable: < expand icons alerts ticker system_info BACK* HOME* RECENT CLOCK* search >
07-14 12:21:25.065 I/PowerManagerService(  374): Waking up from sleep...
07-14 12:21:25.174 I/WindowManager(  374): Lock screen displayed!
07-14 12:21:27.307 D/PhoneStatusBar(  450): disable: < expand icons alerts ticker system_info BACK HOME recent* CLOCK search >
07-14 12:21:27.377 D/PhoneStatusBar(  450): disable: < expand icons alerts ticker system_info back* home* recent clock* search >
07-14 12:21:27.471 W/InputMethodManagerService(  374): Window already focused, ignoring focus gain of: com.android.internal.view.IInputMethodClient$Stub$Proxy@42d73f68 attribute=android.view.inputmethod.EditorInfo@42d16fe8, token = android.os.BinderProxy@42fde9e0
07-14 12:21:28.158 I/ActivityManager(  374): START u0 {act=android.intent.action.MAIN cat=[android.intent.category.HOME] flg=0x10200000 cmp=com.android.launcher/com.android.launcher2.Launcher} from pid 374
07-14 12:21:30.377 I/ActivityManager(  374): START u0 {act=android.intent.action.MAIN cat=[android.intent.category.LAUNCHER] flg=0x10200000 cmp=com.pekall.emdm/.ui.SplashActivity} from pid 595
07-14 12:21:30.432 W/MountService(  374): getVolumeState(/storage/emulated/0/external_sd): Unknown volume
07-14 12:21:30.432 W/MountService(  374): getVolumeState(/mnt/sdcard-ext): Unknown volume
07-14 12:21:30.518 W/MountService(  374): getVolumeState(/mnt/ext_sdcard): Unknown volume
07-14 12:21:30.526 W/MountService(  374): getVolumeState(/mnt/sdcard2): Unknown volume
07-14 12:21:30.698 W/MountService(  374): getVolumeState(/mnt/emmc): Unknown volume
07-14 12:21:30.698 W/MountService(  374): getVolumeState(/mnt/extSdCard): Unknown volume
07-14 12:21:30.776 W/MountService(  374): getVolumeState(/mnt/sdcard/SD_CARD): Unknown volume
07-14 12:21:30.783 W/MountService(  374): getVolumeState(/mnt/sdcard/extra_sd): Unknown volume
07-14 12:21:30.783 W/MountService(  374): getVolumeState(/mnt/extrasd_bind): Unknown volume
07-14 12:21:30.783 W/MountService(  374): getVolumeState(/mnt/sdcard/ext_sd): Unknown volume
07-14 12:21:30.783 W/MountService(  374): getVolumeState(/storage/extSdCard): Unknown volume
07-14 12:21:30.783 W/MountService(  374): getVolumeState(/storage/sdcard1): Unknown volume
07-14 12:21:30.783 W/MountService(  374): getVolumeState(/mnt/sdcard/external_SD): Unknown volume
07-14 12:21:30.799 W/MountService(  374): getVolumeState(/mnt/sdcard/external_sd): Unknown volume
07-14 12:21:31.158 W/MountService(  374): getVolumeState(/storage/emulated/0/external_sd): Unknown volume
07-14 12:21:31.158 W/MountService(  374): getVolumeState(/mnt/sdcard-ext): Unknown volume
07-14 12:21:31.166 W/MountService(  374): getVolumeState(/mnt/ext_sdcard): Unknown volume
07-14 12:21:31.166 W/MountService(  374): getVolumeState(/mnt/sdcard2): Unknown volume
07-14 12:21:31.166 W/MountService(  374): getVolumeState(/mnt/emmc): Unknown volume
07-14 12:21:31.166 W/MountService(  374): getVolumeState(/mnt/extSdCard): Unknown volume
07-14 12:21:31.166 W/MountService(  374): getVolumeState(/mnt/sdcard/SD_CARD): Unknown volume
07-14 12:21:31.174 W/MountService(  374): getVolumeState(/mnt/sdcard/extra_sd): Unknown volume
07-14 12:21:31.174 W/MountService(  374): getVolumeState(/mnt/extrasd_bind): Unknown volume
07-14 12:21:31.174 W/MountService(  374): getVolumeState(/mnt/sdcard/ext_sd): Unknown volume
07-14 12:21:31.182 W/MountService(  374): getVolumeState(/storage/extSdCard): Unknown volume
07-14 12:21:31.182 W/MountService(  374): getVolumeState(/storage/sdcard1): Unknown volume
07-14 12:21:31.182 W/MountService(  374): getVolumeState(/mnt/sdcard/external_SD): Unknown volume
07-14 12:21:31.182 W/MountService(  374): getVolumeState(/mnt/sdcard/external_sd): Unknown volume
07-14 12:21:33.533 I/ActivityManager(  374): No longer want com.google.android.apps.currents (pid 1105): empty for 1800s
07-14 12:21:33.549 W/ActivityManager(  374): Scheduling restart of crashed service com.google.android.apps.currents/com.google.apps.dots.android.dotslib.service.AudioPlayerService in 5000ms
07-14 12:21:34.526 I/ActivityManager(  374): START u0 {cmp=com.pekall.emdm/.contacts.activities.PeopleActivity} from pid 3494
07-14 12:21:34.783 I/ActivityManager(  374): START u0 {cmp=com.pekall.emdm/.contacts.activities.DialtactsActivity (has extras)} from pid 3494
07-14 12:21:45.596 I/ActivityManager(  374): No longer want com.pekall.nmefc (pid 1958): empty for 1800s
07-14 12:21:45.612 W/ActivityManager(  374): Scheduling restart of crashed service com.pekall.nmefc/com.pekall.lib.push.PushService in 5000ms
07-14 12:21:48.237 I/ActivityManager(  374): No longer want com.google.android.apps.maps:GoogleLocationService (pid 835): empty for 1822s
07-14 12:21:48.260 W/ActivityManager(  374): Scheduling restart of crashed service com.google.android.apps.maps/com.google.android.location.internal.server.GoogleLocationService in 12353ms
07-14 12:21:50.635 I/ActivityManager(  374): Start proc com.pekall.nmefc for service com.pekall.nmefc/com.pekall.lib.push.PushService: pid=4980 uid=10068 gids={50068, 1015, 1028, 3003}
07-14 12:21:51.627 I/PowerManagerService(  374): Going to sleep due to screen timeout...
07-14 12:21:52.549 I/WindowManager(  374): Screenshot Window{42ba5160 u0 com.pekall.emdm/com.pekall.emdm.contacts.activities.DialtactsActivity} was all black! mSurfaceLayer=21015 minLayer=21000 maxLayer=21015
07-14 12:21:52.776 D/PhoneStatusBar(  450): disable: < expand icons alerts ticker system_info back home RECENT* clock search >
07-14 12:21:52.948 D/PhoneStatusBar(  450): disable: < expand icons alerts ticker system_info BACK* HOME* RECENT CLOCK* search >
07-14 12:21:57.588 I/ActivityManager(  374): No longer want com.google.android.setupwizard (pid 3252): empty #17
07-14 12:21:57.596 I/ActivityManager(  374): No longer want com.google.android.music:main (pid 2282): empty #18
07-14 12:21:57.612 W/ActivityManager(  374): Scheduling restart of crashed service com.google.android.music/.playback.MusicPlaybackService in 13002ms
07-14 12:22:00.635 I/ActivityManager(  374): Start proc com.google.android.apps.maps:GoogleLocationService for service com.google.android.apps.maps/com.google.android.location.internal.server.GoogleLocationService: pid=5005 uid=10038 gids={50038, 3003, 1015, 1028}
07-14 12:22:01.502 I/ActivityManager(  374): Start proc com.google.android.apps.maps:FriendService for broadcast com.google.android.apps.maps/com.google.googlenav.friend.android.ServiceReceiver: pid=5026 uid=10038 gids={50038, 3003, 1015, 1028}
07-14 12:22:01.612 W/ActivityManager(  374): Permission denied: checkComponentPermission() owningUid=10009
07-14 12:22:01.612 W/BroadcastQueue(  374): Permission Denial: broadcasting Intent { act=com.google.android.location.internal.server.ACTION_RESTARTED flg=0x10 } from com.google.android.apps.maps (pid=5005, uid=10038) is not exported from uid 10009 due to receiver com.google.android.gms/com.google.android.location.reporting.service.ExternalChangeReceiver
07-14 12:22:01.619 I/ActivityManager(  374): No longer want com.google.android.partnersetup (pid 3224): empty #17
07-14 12:22:01.627 I/ActivityManager(  374): Start proc com.google.android.apps.maps:LocationFriendService for broadcast com.google.android.apps.maps/com.google.googlenav.friend.reporting.LocationReportingIntentReceiver: pid=5038 uid=10038 gids={50038, 3003, 1015, 1028}
07-14 12:22:01.768 I/ActivityManager(  374): No longer want com.google.android.configupdater (pid 3195): empty #17
07-14 12:22:06.533 I/ActivityManager(  374): No longer want com.dragon.android.pandaspace:bdservice_v1 (pid 1425): empty for 1802s
07-14 12:22:06.541 W/ActivityManager(  374): Scheduling restart of crashed service com.dragon.android.pandaspace/com.baidu.android.moplus.MoPlusService in 14068ms
07-14 12:22:10.635 I/ActivityManager(  374): Start proc com.google.android.music:main for service com.google.android.music/.playback.MusicPlaybackService: pid=5058 uid=10041 gids={50041, 3003, 1015, 1028}
07-14 12:22:20.635 I/ActivityManager(  374): Start proc com.dragon.android.pandaspace:bdservice_v1 for service com.dragon.android.pandaspace/com.baidu.android.moplus.MoPlusService: pid=5090 uid=10081 gids={50081, 1015, 3003, 1006, 1028}
07-14 12:22:30.471 W/MountService(  374): getVolumeState(/storage/emulated/0/external_sd): Unknown volume
07-14 12:22:30.471 W/MountService(  374): getVolumeState(/mnt/sdcard-ext): Unknown volume
07-14 12:22:30.471 W/MountService(  374): getVolumeState(/mnt/ext_sdcard): Unknown volume
07-14 12:22:30.471 W/MountService(  374): getVolumeState(/mnt/sdcard2): Unknown volume
07-14 12:22:30.479 W/MountService(  374): getVolumeState(/mnt/emmc): Unknown volume
07-14 12:22:30.479 W/MountService(  374): getVolumeState(/mnt/extSdCard): Unknown volume
07-14 12:22:30.479 W/MountService(  374): getVolumeState(/mnt/sdcard/SD_CARD): Unknown volume
07-14 12:22:30.479 W/MountService(  374): getVolumeState(/mnt/sdcard/extra_sd): Unknown volume
07-14 12:22:30.479 W/MountService(  374): getVolumeState(/mnt/extrasd_bind): Unknown volume
07-14 12:22:30.479 W/MountService(  374): getVolumeState(/mnt/sdcard/ext_sd): Unknown volume
07-14 12:22:30.479 W/MountService(  374): getVolumeState(/storage/extSdCard): Unknown volume
07-14 12:22:30.479 W/MountService(  374): getVolumeState(/storage/sdcard1): Unknown volume
07-14 12:22:30.487 W/MountService(  374): getVolumeState(/mnt/sdcard/external_SD): Unknown volume
07-14 12:22:30.487 W/MountService(  374): getVolumeState(/mnt/sdcard/external_sd): Unknown volume
07-14 12:22:30.862 W/MountService(  374): getVolumeState(/storage/emulated/0/external_sd): Unknown volume
07-14 12:22:30.862 W/MountService(  374): getVolumeState(/mnt/sdcard-ext): Unknown volume
07-14 12:22:30.862 W/MountService(  374): getVolumeState(/mnt/ext_sdcard): Unknown volume
07-14 12:22:30.862 W/MountService(  374): getVolumeState(/mnt/sdcard2): Unknown volume
07-14 12:22:30.862 W/MountService(  374): getVolumeState(/mnt/emmc): Unknown volume
07-14 12:22:30.862 W/MountService(  374): getVolumeState(/mnt/extSdCard): Unknown volume
07-14 12:22:30.862 W/MountService(  374): getVolumeState(/mnt/sdcard/SD_CARD): Unknown volume
07-14 12:22:30.862 W/MountService(  374): getVolumeState(/mnt/sdcard/extra_sd): Unknown volume
07-14 12:22:30.869 W/MountService(  374): getVolumeState(/mnt/extrasd_bind): Unknown volume
07-14 12:22:30.869 W/MountService(  374): getVolumeState(/mnt/sdcard/ext_sd): Unknown volume
07-14 12:22:30.869 W/MountService(  374): getVolumeState(/storage/extSdCard): Unknown volume
07-14 12:22:30.869 W/MountService(  374): getVolumeState(/storage/sdcard1): Unknown volume
07-14 12:22:30.869 W/MountService(  374): getVolumeState(/mnt/sdcard/external_SD): Unknown volume
07-14 12:22:30.869 W/MountService(  374): getVolumeState(/mnt/sdcard/external_sd): Unknown volume
--------- beginning of /dev/log/main
07-14 12:22:36.823 D/ProfileManager( 3494): [null:-1]->Policy com.pekall.restrictions.policy: OOC state has changed
07-14 12:22:36.823 D/ProfileManager( 3494): [null:-1]->Policy com.pekall.restrictions.policy: Old OOC state: null
07-14 12:22:36.823 D/ProfileManager( 3494): [null:-1]->Policy com.pekall.restrictions.policy: New OOC state: null
07-14 12:22:36.823 D/PolicyProvider( 3494): [null:-1]->URI changed: content://com.pekall.emdm.policy/ooc_state_summary
07-14 12:22:36.830 D/PolicyProvider( 3494): [null:-1]->URI changed: content://com.pekall.emdm.policy/ooc_state
07-14 12:22:36.830 I/TransInfo( 3494): TransInfo created, id: 3, class: class com.pekall.emdm.transaction.b.c
07-14 12:22:36.838 D/NetworkThread( 3494): [null:-1]->----isRunning-----true
07-14 12:22:36.838 D/NetworkThread( 3494): [null:-1]->----isRunning-----true
07-14 12:22:36.838 D/NetworkThread( 3494): [null:-1]->thread wakeup
07-14 12:22:36.838 D/HttpClient( 3494): enable apache.http debug
07-14 12:22:36.838 D/DB      ( 3494): query: SQLiteQuery: SELECT _id, displayName, emailAddress, syncKey, syncLookback, syncInterval, hostAuthKeyRecv, hostAuthKeySend, flags, isDefault, compatibilityUuid, senderName, ringtoneUri, protocolVersion, newMessageCount, securitySyncKey, signature, policyKey, notifiedMessageId, notifiedMessageCount FROM Account
07-14 12:22:36.838 D/DB      ( 3494): factory null
07-14 12:22:36.838 D/DB      ( 3494): fillWindow: 0
07-14 12:22:36.838 D/DB      ( 3494): cursor 1
07-14 12:22:36.838 D/DB      ( 3494): moveToPos: 0
07-14 12:22:36.846 D/DB      ( 3494): onMove: 0
07-14 12:22:36.846 E/DB      ( 3494): bind, index: 1, value: 3
07-14 12:22:36.846 D/DB      ( 3494): query: SQLiteQuery: SELECT _id, protocol, address, port, flags, login, password, domain, certAlias FROM HostAuth WHERE _id=?
07-14 12:22:36.846 D/DB      ( 3494): factory null
07-14 12:22:36.846 D/DB      ( 3494): fillWindow: 0
