07-14 12:22:45.619 D/ContactsProvider( 3494): [Contacts] query 'content://emdmcontacts/contacts', segment size: 1
07-14 12:22:45.635 E/CursorWindow( 3494): Failed to read row 4, column -1 from a CursorWindow which has 38 rows, 9 columns.
07-14 12:22:45.635 D/CallLogAdapter( 3494): java.lang.IllegalStateException: Couldn't read row 4, col -1 from CursorWindow.  Make sure the Cursor is initialized correctly before accessing data from it.
07-14 12:22:45.635 D/CallLogAdapter( 3494): ======no department find======
07-14 12:22:45.635 D/CALLLOGADAPTER( 3494): ++++++++++++++++++================================
07-14 12:22:45.635 D/ContactsProvider( 3494): [Contacts] query 'content://emdmcontacts/company_calllogs', segment size: 1
07-14 12:22:45.651 D/CallLogAdapter( 3494): quickContactView.number=============13263318053
07-14 12:22:45.651 D/CallLogAdapter( 3494): quickContactView.contactUri=============null
07-14 12:22:45.651 D/ContactsProvider( 3494): [Contacts] query 'content://emdmcontacts/contacts', segment size: 1
07-14 12:22:45.666 E/CursorWindow( 3494): Failed to read row 5, column -1 from a CursorWindow which has 38 rows, 9 columns.
07-14 12:22:45.666 D/CallLogAdapter( 3494): java.lang.IllegalStateException: Couldn't read row 5, col -1 from CursorWindow.  Make sure the Cursor is initialized correctly before accessing data from it.
07-14 12:22:45.666 D/CallLogAdapter( 3494): ======no department find======
07-14 12:22:45.666 D/CALLLOGADAPTER( 3494): ++++++++++++++++++================================
07-14 12:22:45.666 D/ContactsProvider( 3494): [Contacts] query 'content://emdmcontacts/company_calllogs', segment size: 1
07-14 12:22:45.682 D/CallLogAdapter( 3494): quickContactView.number=============13522849951
07-14 12:22:45.682 D/CallLogAdapter( 3494): quickContactView.contactUri=============null
07-14 12:22:45.682 D/ContactsProvider( 3494): [Contacts] query 'content://emdmcontacts/contacts', segment size: 1
07-14 12:22:45.698 E/CursorWindow( 3494): Failed to read row 6, column -1 from a CursorWindow which has 38 rows, 9 columns.
07-14 12:22:45.698 D/CallLogAdapter( 3494): java.lang.IllegalStateException: Couldn't read row 6, col -1 from CursorWindow.  Make sure the Cursor is initialized correctly before accessing data from it.
07-14 12:22:45.698 D/CallLogAdapter( 3494): ======no department find======
07-14 12:22:45.698 D/CALLLOGADAPTER( 3494): ++++++++++++++++++================================
07-14 12:22:45.698 D/ContactsProvider( 3494): [Contacts] query 'content://emdmcontacts/company_calllogs', segment size: 1
07-14 12:22:45.705 D/CallLogAdapter( 3494): quickContactView.number=============15010093591
07-14 12:22:45.705 D/CallLogAdapter( 3494): quickContactView.contactUri=============null
07-14 12:22:45.705 D/ContactsProvider( 3494): [Contacts] query 'content://emdmcontacts/contacts', segment size: 1
07-14 12:22:46.330 I/QueryController( 5139): Matched selector: UiSelector[PACKAGE NAME=com.pekall.emdm] <<==>> [android.view.accessibility.AccessibilityNodeInfo@5f42a; boundsInParent: Rect(0, 0 - 720, 1184); boundsInScreen: Rect(0, 0 - 720, 1184); packageName: com.pekall.emdm; className: android.widget.FrameLayout; text: null; contentDescription: null; viewIdResName: null; checkable: false; checked: false; focusable: false; focused: false; selected: false; clickable: false; longClickable: false; enabled: true; password: false; scrollable: false; [ACTION_SELECT, ACTION_CLEAR_SELECTION, ACTION_ACCESSIBILITY_FOCUS]]
07-14 12:22:46.549 D/dalvikvm(  374): GC_FOR_ALLOC freed 1291K, 23% free 18839K/24360K, paused 84ms, total 85ms
07-14 12:22:46.557 D/MdmApplication( 3494): [null:-1]->onActivityPaused contacts.activities.DialtactsActivity , mActivityCount = 1
07-14 12:22:46.557 D/MDM :   ( 3494): [null:-1]->query
07-14 12:22:46.557 D/MDM :   ( 3494): [null:-1]->QUERY_PINCODE_CHECK_RESULT
07-14 12:22:46.557 E/Mdm     ( 3494): Call Mdm service's setLastExitTime function
07-14 12:22:46.580 D/MdmApplication( 3494): [null:-1]->onActivityStarted ui.MainActivity , mActivityCount = 0
07-14 12:22:46.580 E/Mdm     ( 3494): Call Mdm service's setLastExitTime function
07-14 12:22:46.580 D/MDM :   ( 3494): [null:-1]->query
07-14 12:22:46.580 D/MDM :   ( 3494): [null:-1]->QUERY_SETTING_PIN_TIMEOUT
07-14 12:22:46.580 D/MDM :   ( 3494): [null:-1]->query
07-14 12:22:46.580 D/MDM :   ( 3494): [null:-1]->QUERY_PINCODE_CHECK_RESULT
07-14 12:22:47.166 D/AssistantCallLogFragment( 3494): [---null: -1---]onDestroyView==============
07-14 12:22:47.198 D/DefaultContactBrowseListFragment( 3494): onDestroyView==============
07-14 12:22:47.557 W/InteractionController( 5139): runAndwaitForEvent timedout waiting for events
07-14 12:22:47.596 I/QueryController( 5139): Matched selector: UiSelector[TEXT=, CLASS=android.widget.TextView] <<==>> [android.view.accessibility.AccessibilityNodeInfo@115b6; boundsInParent: Rect(0, 0 - 148, 184); boundsInScreen: Rect(376, 572 - 524, 756); packageName: com.pekall.emdm; className: android.widget.TextView; text: ; contentDescription: null; viewIdResName: com.pekall.emdm:id/application_icon_content; checkable: false; checked: false; focusable: true; focused: false; selected: false; clickable: false; longClickable: false; enabled: true; password: false; scrollable: false; [ACTION_FOCUS, ACTION_SELECT, ACTION_CLEAR_SELECTION, ACTION_ACCESSIBILITY_FOCUS, ACTION_NEXT_AT_MOVEMENT_GRANULARITY, ACTION_PREVIOUS_AT_MOVEMENT_GRANULARITY, ACTION_SET_SELECTION]]
07-14 12:22:47.627 I/QueryController( 5139): Matched selector: UiSelector[TEXT=, CLASS=android.widget.TextView] <<==>> [android.view.accessibility.AccessibilityNodeInfo@10a73; boundsInParent: Rect(0, 0 - 148, 184); boundsInScreen: Rect(16, 572 - 164, 756); packageName: com.pekall.emdm; className: android.widget.TextView; text: ; contentDescription: null; viewIdResName: com.pekall.emdm:id/application_icon_content; checkable: false; checked: false; focusable: true; focused: false; selected: false; clickable: false; longClickable: false; enabled: true; password: false; scrollable: false; [ACTION_FOCUS, ACTION_SELECT, ACTION_CLEAR_SELECTION, ACTION_ACCESSIBILITY_FOCUS, ACTION_NEXT_AT_MOVEMENT_GRANULARITY, ACTION_PREVIOUS_AT_MOVEMENT_GRANULARITY, ACTION_SET_SELECTION]]
07-14 12:22:47.658 I/QueryController( 5139): Matched selector: UiSelector[TEXT=, CLASS=android.widget.TextView] <<==>> [android.view.accessibility.AccessibilityNodeInfo@106b2; boundsInParent: Rect(0, 0 - 148, 184); boundsInScreen: Rect(556, 379 - 704, 563); packageName: com.pekall.emdm; className: android.widget.TextView; text: ; contentDescription: null; viewIdResName: com.pekall.emdm:id/application_icon_content; checkable: false; checked: false; focusable: true; focused: false; selected: false; clickable: false; longClickable: false; enabled: true; password: false; scrollable: false; [ACTION_FOCUS, ACTION_SELECT, ACTION_CLEAR_SELECTION, ACTION_ACCESSIBILITY_FOCUS, ACTION_NEXT_AT_MOVEMENT_GRANULARITY, ACTION_PREVIOUS_AT_MOVEMENT_GRANULARITY, ACTION_SET_SELECTION]]
07-14 12:22:47.658 D/InteractionController( 5139): clickAndWaitForNewWindow(630, 471)
07-14 12:22:47.838 I/ActivityManager(  374): START u0 {cmp=com.pekall.emdm/.setting.SettingActivity} from pid 3494
07-14 12:22:47.971 D/dalvikvm(  374): GC_FOR_ALLOC freed 1156K, 23% free 18833K/24360K, paused 82ms, total 83ms
07-14 12:22:47.979 D/MdmApplication( 3494): [null:-1]->onActivityPaused ui.MainActivity , mActivityCount = 1
07-14 12:22:47.979 D/MDM :   ( 3494): [null:-1]->query
07-14 12:22:47.979 D/MDM :   ( 3494): [null:-1]->QUERY_PINCODE_CHECK_RESULT
07-14 12:22:47.979 E/Mdm     ( 3494): Call Mdm service's setLastExitTime function
07-14 12:22:48.104 D/MdmApplication( 3494): [null:-1]->onActivityStarted setting.SettingActivity , mActivityCount = 0
07-14 12:22:48.104 E/Mdm     ( 3494): Call Mdm service's setLastExitTime function
07-14 12:22:48.104 D/MDM :   ( 3494): [null:-1]->query
07-14 12:22:48.112 D/MDM :   ( 3494): [null:-1]->QUERY_SETTING_PIN_TIMEOUT
07-14 12:22:48.112 D/MDM :   ( 3494): [null:-1]->query
07-14 12:22:48.112 D/MDM :   ( 3494): [null:-1]->QUERY_PINCODE_CHECK_RESULT
07-14 12:22:48.315 I/ActivityManager(  374): Displayed com.pekall.emdm/.setting.SettingActivity: +318ms
07-14 12:22:49.033 I/QueryController( 5139): Matched selector: UiSelector[TEXT=, CLASS=android.widget.TextView] <<==>> [android.view.accessibility.AccessibilityNodeInfo@77e57; boundsInParent: Rect(0, 0 - 212, 111); boundsInScreen: Rect(65, 836 - 277, 947); packageName: com.pekall.emdm; className: android.widget.TextView; text: ; contentDescription: null; viewIdResName: com.pekall.emdm:id/equipment_details; checkable: false; checked: false; focusable: false; focused: false; selected: false; clickable: false; longClickable: false; enabled: true; password: false; scrollable: false; [ACTION_SELECT, ACTION_CLEAR_SELECTION, ACTION_ACCESSIBILITY_FOCUS, ACTION_NEXT_AT_MOVEMENT_GRANULARITY, ACTION_PREVIOUS_AT_MOVEMENT_GRANULARITY, ACTION_SET_SELECTION]]
07-14 12:22:49.033 D/InteractionController( 5139): clickAndWaitForNewWindow(171, 891)
07-14 12:22:49.143 I/ActivityManager(  374): START u0 {cmp=com.pekall.emdm/.setting.DevicesDetailsActivity} from pid 3494
07-14 12:22:49.276 D/dalvikvm(  374): GC_FOR_ALLOC freed 1158K, 23% free 18838K/24360K, paused 81ms, total 82ms
07-14 12:22:49.283 D/MdmApplication( 3494): [null:-1]->onActivityPaused setting.SettingActivity , mActivityCount = 1
07-14 12:22:49.283 D/MDM :   ( 3494): [null:-1]->query
07-14 12:22:49.283 D/MDM :   ( 3494): [null:-1]->QUERY_PINCODE_CHECK_RESULT
07-14 12:22:49.283 E/Mdm     ( 3494): Call Mdm service's setLastExitTime function
07-14 12:22:49.416 D/MdmApplication( 3494): [null:-1]->onActivityStarted setting.DevicesDetailsActivity , mActivityCount = 0
07-14 12:22:49.416 E/Mdm     ( 3494): Call Mdm service's setLastExitTime function
07-14 12:22:49.416 D/MDM :   ( 3494): [null:-1]->query
07-14 12:22:49.416 D/MDM :   ( 3494): [null:-1]->QUERY_SETTING_PIN_TIMEOUT
07-14 12:22:49.416 D/MDM :   ( 3494): [null:-1]->query
07-14 12:22:49.416 D/MDM :   ( 3494): [null:-1]->QUERY_PINCODE_CHECK_RESULT
07-14 12:22:49.604 I/ActivityManager(  374): Displayed com.pekall.emdm/.setting.DevicesDetailsActivity: +309ms
07-14 12:22:51.080 I/QueryController( 5139): Matched selector: UiSelector[CONTAINS_TEXT=Android2] <<==>> [android.view.accessibility.AccessibilityNodeInfo@87d9c; boundsInParent: Rect(0, 0 - 341, 66); boundsInScreen: Rect(110, 889 - 451, 955); packageName: com.pekall.emdm; className: android.widget.TextView; text: Android2
07-14 12:22:51.080 I/QueryController( 5139): 7 14   12:22; contentDescription: null; viewIdResName: com.pekall.emdm:id/tv_current_strategy; checkable: false; checked: false; focusable: false; focused: false; selected: false; clickable: false; longClickable: false; enabled: true; password: false; scrollable: false; [ACTION_SELECT, ACTION_CLEAR_SELECTION, ACTION_ACCESSIBILITY_FOCUS, ACTION_NEXT_AT_MOVEMENT_GRANULARITY, ACTION_PREVIOUS_AT_MOVEMENT_GRANULARITY, ACTION_SET_SELECTION]]
07-14 12:22:51.088 I/AndroidRuntime( 5139): VM exiting with result code 0.
07-14 12:23:01.213 D/LightsService(  374): Excessive delay setting light: 68ms
07-14 12:23:01.479 D/LightsService(  374): Excessive delay setting light: 67ms
07-14 12:23:04.041 I/PowerManagerService(  374): Going to sleep due to screen timeout...
07-14 12:23:04.791 D/SurfaceFlinger(  124): Screen released, type=0 flinger=0x41e1a478
07-14 12:23:04.846 I/WindowManager(  374): Screenshot Window{42baf2f8 u0 com.pekall.emdm/com.pekall.emdm.setting.DevicesDetailsActivity} was all black! mSurfaceLayer=21020 minLayer=21000 maxLayer=21020
07-14 12:23:04.932 D/dalvikvm(  374): GC_FOR_ALLOC freed 1352K, 20% free 19491K/24360K, paused 83ms, total 83ms
07-14 12:23:04.948 D/MdmApplication( 3494): [null:-1]->onActivityPaused setting.DevicesDetailsActivity , mActivityCount = 1
07-14 12:23:04.948 D/MDM :   ( 3494): [null:-1]->query
07-14 12:23:04.948 D/MDM :   ( 3494): [null:-1]->QUERY_PINCODE_CHECK_RESULT
07-14 12:23:04.948 E/Mdm     ( 3494): Call Mdm service's setLastExitTime function
07-14 12:23:05.088 D/NfcService(  582): NFC-C OFF, disconnect
07-14 12:23:05.135 D/dalvikvm(  636): GC_FOR_ALLOC freed 1129K, 10% free 12615K/13984K, paused 56ms, total 56ms
07-14 12:23:05.151 V/KeyguardHostView(  374): hide transport, gen:15
07-14 12:23:05.151 V/KeyguardHostView(  374): music state changed: 0
07-14 12:23:05.198 D/PhoneStatusBar(  450): disable: < expand icons alerts ticker system_info back home RECENT* clock search >
07-14 12:23:05.229 V/TAG     (  374): bug 7643792: fitSystemWindows([0,50][0,0])
07-14 12:23:05.299 D/MDM :   ( 3494): [null:-1]->query
07-14 12:23:05.299 D/MDM :   ( 3494): [null:-1]->QUERY_SETTING_PIN_ONOFF
07-14 12:23:05.346 D/PhoneStatusBar(  450): disable: < expand icons alerts ticker system_info BACK* HOME* RECENT CLOCK* search >
07-14 12:23:13.916 D/MDM :   ( 3494): [null:-1]->MSG_WEBSOCKET_MESSAGE : {"id":1945536566,"type":0,"command":0,"result":0,"reason":0,"params":{"msgId":"3d936d45-1580-48f2-818d-c93cc5ce7a9c,3d936d45158048f2818dc93cc5ce7a9c","device":"ffffffffc539bb10fffffffff7aea961","message":"{\"subject\":\"UserGroupPushMessage\",\"content\":\"This is a push message!\"}"}}
07-14 12:23:13.932 D/MdmService( 3494): [null:-1]->push message type :0
07-14 12:23:13.932 D/MdmService( 3494): [null:-1]->cmdMessage : {"subject":"UserGroupPushMessage","content":"This is a push message!"}
07-14 12:23:13.940 D/MDM :   ( 3494): [null:-1]->ContentMessage{subject='UserGroupPushMessage', content='This is a push message!'}
07-14 12:23:13.948 D/mdm_log ( 3494): [null:-1]->action is : com.pekall.mdm.action.SHOWMSG
07-14 12:23:14.026 E/DB      ( 3494): bind, index: 1, value: 0
07-14 12:23:14.026 D/DB      ( 3494): query: SQLiteQuery: SELECT * FROM message WHERE status =?
07-14 12:23:14.026 D/DB      ( 3494): factory null
07-14 12:23:14.026 D/DB      ( 3494): fillWindow: 0
07-14 12:23:14.026 D/DB      ( 3494): cursor 1
07-14 12:23:14.026 E/DB      ( 3494): bind, index: 1, value: 0
07-14 12:23:14.026 E/DB      ( 3494): bind, index: 2, value: 100
07-14 12:23:14.026 D/DB      ( 3494): query: SQLiteQuery: SELECT * FROM message WHERE status=? and type=?
07-14 12:23:14.026 D/DB      ( 3494): factory null
07-14 12:23:14.026 D/DB      ( 3494): fillWindow: 0
07-14 12:23:14.026 D/DB      ( 3494): cursor 1
07-14 12:23:14.033 E/DB      ( 3494): bind, index: 1, value: 0
07-14 12:23:14.033 D/DB      ( 3494): query: SQLiteQuery: SELECT * FROM message WHERE status =?
07-14 12:23:14.033 D/DB      ( 3494): factory null
07-14 12:23:14.033 D/DB      ( 3494): fillWindow: 0
07-14 12:23:14.033 D/DB      ( 3494): cursor 1
07-14 12:23:14.057 E/Mdm     ( 3494): Call Mdm service's recordIconCount function
07-14 12:23:14.073 D/PushMessageWidget( 3494): [null:-1]->action is : com.pekall.emdm.message.UPDATE_MESSAGE
07-14 12:23:14.073 D/PushMessageWidget( 3494): [null:-1]->call onUpdate 
07-14 12:23:14.073 E/DB      ( 3494): bind, index: 1, value: 100
07-14 12:23:14.073 D/DB      ( 3494): query: SQLiteQuery: SELECT subject, msg, date FROM message WHERE type = ?  ORDER BY _id DESC
07-14 12:23:14.073 D/DB      ( 3494): factory null
07-14 12:23:14.073 D/DB      ( 3494): fillWindow: 0
07-14 12:23:14.073 D/DB      ( 3494): cursor 5
07-14 12:23:14.073 D/PushMessageWidget( 3494): cursor count is 5
07-14 12:23:14.073 D/DB      ( 3494): moveToPos: 0
07-14 12:23:14.073 D/DB      ( 3494): onMove: 0
07-14 12:23:14.080 D/PushMessageWidget( 3494): fill data and title is : UserGroupPushMessage , content is : This is a push message!
07-14 12:23:14.127 D/dalvikvm( 3494): GC_CONCURRENT freed 2929K, 20% free 19085K/23728K, paused 6ms+10ms, total 92ms
07-14 12:23:14.135 W/CursorWrapperInner( 3494): Cursor finalized without prior close()
07-14 12:23:14.135 W/CursorWrapperInner( 3494): Cursor finalized without prior close()
07-14 12:23:14.143 I/AudioService(  374):  AudioFocus  requestAudioFocus() from android.media.AudioManager@42c717f0
07-14 12:23:14.143 V/KeyguardHostView(  374): hide transport, gen:16
07-14 12:23:15.291 I/AudioService(  374):  AudioFocus  abandonAudioFocus() from android.media.AudioManager@42c717f0
07-14 12:23:15.291 V/KeyguardHostView(  374): hide transport, gen:17
07-14 12:23:25.283 D/AndroidRuntime( 5223): 
07-14 12:23:25.283 D/AndroidRuntime( 5223): >>>>>> AndroidRuntime START com.android.internal.os.RuntimeInit <<<<<<
07-14 12:23:25.283 D/AndroidRuntime( 5223): CheckJNI is OFF
07-14 12:23:25.299 D/dalvikvm( 5223): Trying to load lib libjavacore.so 0x0
07-14 12:23:25.307 D/dalvikvm( 5223): Added shared lib libjavacore.so 0x0
07-14 12:23:25.323 D/dalvikvm( 5223): Trying to load lib libnativehelper.so 0x0
07-14 12:23:25.323 D/dalvikvm( 5223): Added shared lib libnativehelper.so 0x0
07-14 12:23:25.557 D/AndroidRuntime( 5223): Calling main entry com.android.commands.uiautomator.Launcher
07-14 12:23:25.596 E/UiDevice( 5223): Exceuting watcher: ANRWatcher
07-14 12:23:25.596 E/UiDevice( 5223): java.lang.RuntimeException: UiDevice not initialized
07-14 12:23:25.596 E/UiDevice( 5223): 	at com.android.uiautomator.core.UiDevice.getAutomatorBridge(UiDevice.java:87)
07-14 12:23:25.596 E/UiDevice( 5223): 	at com.android.uiautomator.core.UiDevice.wakeUp(UiDevice.java:719)
07-14 12:23:25.596 E/UiDevice( 5223): 	at com.pekall.test.mdmui.util.UiANRWatcher.checkForCondition(UiANRWatcher.java:23)
07-14 12:23:25.596 E/UiDevice( 5223): 	at com.android.uiautomator.core.UiDevice.runWatchers(UiDevice.java:554)
07-14 12:23:25.596 E/UiDevice( 5223): 	at com.pekall.test.mdmui.util.UiANRWatcher.run(UiANRWatcher.java:41)
07-14 12:23:25.596 E/UiDevice( 5223): 	at com.pekall.test.mdmui.Message.<clinit>(Message.java:23)
07-14 12:23:25.596 E/UiDevice( 5223): 	at java.lang.Class.newInstanceImpl(Native Method)
07-14 12:23:25.596 E/UiDevice( 5223): 	at java.lang.Class.newInstance(Class.java:1130)
07-14 12:23:25.596 E/UiDevice( 5223): 	at com.android.uiautomator.testrunner.TestCaseCollector.addSingleTestMethod(TestCaseCollector.java:110)
07-14 12:23:25.596 E/UiDevice( 5223): 	at com.android.uiautomator.testrunner.TestCaseCollector.addTestClass(TestCaseCollector.java:86)
07-14 12:23:25.596 E/UiDevice( 5223): 	at com.android.uiautomator.testrunner.TestCaseCollector.addTestClass(TestCaseCollector.java:72)
07-14 12:23:25.596 E/UiDevice( 5223): 	at com.android.uiautomator.testrunner.TestCaseCollector.addTestClasses(TestCaseCollector.java:53)
07-14 12:23:25.596 E/UiDevice( 5223): 	at com.android.uiautomator.testrunner.UiAutomatorTestRunner.start(UiAutomatorTestRunner.java:106)
07-14 12:23:25.596 E/UiDevice( 5223): 	at com.android.uiautomator.testrunner.UiAutomatorTestRunner.run(UiAutomatorTestRunner.java:96)
07-14 12:23:25.596 E/UiDevice( 5223): 	at com.android.commands.uiautomator.RunTestCommand.run(RunTestCommand.java:91)
07-14 12:23:25.596 E/UiDevice( 5223): 	at com.android.commands.uiautomator.Launcher.main(Launcher.java:83)
07-14 12:23:25.596 E/UiDevice( 5223): 	at com.android.internal.os.RuntimeInit.nativeFinishInit(Native Method)
07-14 12:23:25.596 E/UiDevice( 5223): 	at com.android.internal.os.RuntimeInit.main(RuntimeInit.java:235)
07-14 12:23:25.596 E/UiDevice( 5223): 	at dalvik.system.NativeStart.main(Native Method)
07-14 12:23:25.604 D/dalvikvm( 5223): Note: class Landroid/app/ActivityManagerNative; has 163 unimplemented (abstract) methods
07-14 12:23:25.666 I/PowerManagerService(  374): Waking up from sleep...
07-14 12:23:25.690 I/ActivityManager(  374): No longer want com.google.android.calendar (pid 3403): empty #17
07-14 12:23:25.705 I/WindowManager(  374): Lock screen displayed!
07-14 12:23:26.002 V/DigitalWidgetViewsFactory( 2502): DigitalWidget sets next alarm string to null
07-14 12:23:26.026 D/PowerManagerService-JNI(  374): Excessive delay in autosuspend_disable() while turning screen on: 349ms
07-14 12:23:26.026 D/SurfaceFlinger(  124): Screen acquired, type=0 flinger=0x41e1a478
07-14 12:23:26.112 D/LightsService(  374): Excessive delay setting light: 80ms
07-14 12:23:26.174 D/LightsService(  374): Excessive delay setting light: 68ms
07-14 12:23:26.369 D/AndroidRuntime( 5241): 
07-14 12:23:26.369 D/AndroidRuntime( 5241): >>>>>> AndroidRuntime START com.android.internal.os.RuntimeInit <<<<<<
07-14 12:23:26.369 D/AndroidRuntime( 5241): CheckJNI is OFF
07-14 12:23:26.385 D/dalvikvm( 5241): Trying to load lib libjavacore.so 0x0
07-14 12:23:26.393 D/dalvikvm( 5241): Added shared lib libjavacore.so 0x0
07-14 12:23:26.408 D/dalvikvm( 5241): Trying to load lib libnativehelper.so 0x0
07-14 12:23:26.408 D/dalvikvm( 5241): Added shared lib libnativehelper.so 0x0
07-14 12:23:26.588 D/AndroidRuntime( 5241): Calling main entry com.qihoo360.powerctl.root.app.App
07-14 12:23:26.588 D/AndroidRuntime( 5241): Shutting down VM
07-14 12:23:26.596 D/dalvikvm( 5241): GC_CONCURRENT freed 114K, 22% free 467K/592K, paused 0ms+1ms, total 3ms
07-14 12:23:26.596 I/AndroidRuntime( 5241): NOTE: attach of thread 'Binder_1' failed
07-14 12:23:27.510 I/QueryController( 5223): Matched selector: UiSelector[DESCRIPTION=] <<==>> [android.view.accessibility.AccessibilityNodeInfo@ffba3; boundsInParent: Rect(0, 0 - 720, 756); boundsInScreen: Rect(0, 547 - 720, 1303); packageName: android; className: android.view.View; text: null; contentDescription: ; viewIdResName: android:id/glow_pad_view; checkable: false; checked: false; focusable: false; focused: false; selected: false; clickable: false; longClickable: false; enabled: true; password: false; scrollable: false; [ACTION_SELECT, ACTION_CLEAR_SELECTION, ACTION_ACCESSIBILITY_FOCUS, ACTION_NEXT_AT_MOVEMENT_GRANULARITY, ACTION_PREVIOUS_AT_MOVEMENT_GRANULARITY, ACTION_SET_SELECTION]]
07-14 12:23:27.518 W/GlowPadView(  374): The number of target drawables must be equal to the number of direction descriptions.
07-14 12:23:27.854 D/MdmApplication( 3494): [null:-1]->onActivityStarted setting.DevicesDetailsActivity , mActivityCount = 0
07-14 12:23:27.854 E/Mdm     ( 3494): Call Mdm service's setLastExitTime function
07-14 12:23:27.854 D/MDM :   ( 3494): [null:-1]->query
07-14 12:23:27.862 D/MDM :   ( 3494): [null:-1]->QUERY_SETTING_PIN_TIMEOUT
07-14 12:23:27.862 D/MDM :   ( 3494): [null:-1]->query
07-14 12:23:27.862 D/MDM :   ( 3494): [null:-1]->QUERY_SETTING_PIN_CODE
07-14 12:23:27.862 D/MDM :   ( 3494): [null:-1]->query
07-14 12:23:27.869 D/MDM :   ( 3494): [null:-1]->QUERY_PINCODE_CHECK_RESULT
07-14 12:23:27.869 D/PhoneStatusBar(  450): disable: < expand icons alerts ticker system_info BACK HOME recent* CLOCK search >
07-14 12:23:27.885 D/NfcService(  582): NFC-C ON
07-14 12:23:27.955 D/PhoneStatusBar(  450): disable: < expand icons alerts ticker system_info back* home* recent clock* search >
07-14 12:23:27.955 W/InputMethodManagerService(  374): Window already focused, ignoring focus gain of: com.android.internal.view.IInputMethodClient$Stub$Proxy@42cca0e8 attribute=android.view.inputmethod.EditorInfo@42cca0f8, token = android.os.BinderProxy@4315b468
07-14 12:23:28.377 V/TAG     (  374): bug 7643792: fitSystemWindows([0,50][0,0])
07-14 12:23:28.432 D/AndroidRuntime( 5262): 
07-14 12:23:28.432 D/AndroidRuntime( 5262): >>>>>> AndroidRuntime START com.android.internal.os.RuntimeInit <<<<<<
07-14 12:23:28.432 D/AndroidRuntime( 5262): CheckJNI is OFF
07-14 12:23:28.448 D/dalvikvm( 5262): Trying to load lib libjavacore.so 0x0
07-14 12:23:28.455 D/dalvikvm( 5262): Added shared lib libjavacore.so 0x0
07-14 12:23:28.471 D/dalvikvm( 5262): Trying to load lib libnativehelper.so 0x0
07-14 12:23:28.471 D/dalvikvm( 5262): Added shared lib libnativehelper.so 0x0
07-14 12:23:28.729 I/ActivityManager(  374): START u0 {act=android.intent.action.MAIN cat=[android.intent.category.HOME] flg=0x10200000 cmp=com.android.launcher/com.android.launcher2.Launcher} from pid 374
07-14 12:23:28.744 D/AndroidRuntime( 5262): Calling main entry com.qihoo360.powerctl.root.app.App
07-14 12:23:28.744 D/AndroidRuntime( 5262): Shutting down VM
07-14 12:23:28.744 I/AndroidRuntime( 5262): NOTE: attach of thread 'Binder_1' failed
07-14 12:23:28.752 D/dalvikvm( 5262): GC_CONCURRENT freed 114K, 22% free 467K/592K, paused 0ms+1ms, total 4ms
07-14 12:23:28.823 D/dalvikvm(  374): GC_FOR_ALLOC freed 1728K, 17% free 20270K/24360K, paused 95ms, total 96ms
07-14 12:23:28.830 D/MdmApplication( 3494): [null:-1]->onActivityPaused setting.DevicesDetailsActivity , mActivityCount = 1
07-14 12:23:28.830 D/MDM :   ( 3494): [null:-1]->query
07-14 12:23:28.830 D/MDM :   ( 3494): [null:-1]->QUERY_PINCODE_CHECK_RESULT
07-14 12:23:28.830 E/Mdm     ( 3494): Call Mdm service's setLastExitTime function
07-14 12:23:28.908 D/dalvikvm(  450): GC_FOR_ALLOC freed 1308K, 15% free 13138K/15348K, paused 47ms, total 51ms
07-14 12:23:28.994 D/dalvikvm(  450): GC_FOR_ALLOC freed 502K, 15% free 13119K/15348K, paused 63ms, total 63ms
07-14 12:23:29.088 D/dalvikvm( 2037): GC_CONCURRENT freed 439K, 20% free 9575K/11956K, paused 6ms+6ms, total 56ms
07-14 12:23:29.643 W/ResourceType(  595): No known package when getting name for resource number 0x9c020000
07-14 12:23:29.643 W/ResourceType(  595): No known package when getting name for resource number 0x9c020002
07-14 12:23:29.682 W/ResourceType(  595): No known package when getting name for resource number 0x9b000000
07-14 12:23:29.682 W/ResourceType(  595): No known package when getting name for resource number 0x9b010100
07-14 12:23:29.682 W/ResourceType(  595): No known package when getting name for resource number 0x9b030300
07-14 12:23:29.682 W/ResourceType(  595): No known package when getting name for resource number 0x9b040400
07-14 12:23:29.690 I/QueryController( 5223): Matched selector: UiSelector[DESCRIPTION=, PACKAGE NAME=com.android.launcher] <<==>> [android.view.accessibility.AccessibilityNodeInfo@1fe6e; boundsInParent: Rect(524232, 0 - 524360, 128); boundsInScreen: Rect(296, 1040 - 424, 1168); packageName: com.android.launcher; className: android.widget.TextView; text: null; contentDescription: ; viewIdResName: null; checkable: false; checked: false; focusable: true; focused: false; selected: false; clickable: true; longClickable: false; enabled: true; password: false; scrollable: false; [ACTION_FOCUS, ACTION_SELECT, ACTION_CLEAR_SELECTION, ACTION_CLICK, ACTION_ACCESSIBILITY_FOCUS]]
07-14 12:23:29.690 D/InteractionController( 5223): clickAndWaitForNewWindow(360, 1104)
07-14 12:23:30.502 W/MountService(  374): getVolumeState(/storage/emulated/0/external_sd): Unknown volume
07-14 12:23:30.502 W/MountService(  374): getVolumeState(/mnt/sdcard-ext): Unknown volume
07-14 12:23:30.502 W/MountService(  374): getVolumeState(/mnt/ext_sdcard): Unknown volume
07-14 12:23:30.502 W/MountService(  374): getVolumeState(/mnt/sdcard2): Unknown volume
07-14 12:23:30.502 W/MountService(  374): getVolumeState(/mnt/emmc): Unknown volume
07-14 12:23:30.502 W/MountService(  374): getVolumeState(/mnt/extSdCard): Unknown volume
07-14 12:23:30.502 W/MountService(  374): getVolumeState(/mnt/sdcard/SD_CARD): Unknown volume
07-14 12:23:30.510 W/MountService(  374): getVolumeState(/mnt/sdcard/extra_sd): Unknown volume
07-14 12:23:30.510 W/MountService(  374): getVolumeState(/mnt/extrasd_bind): Unknown volume
07-14 12:23:30.510 W/MountService(  374): getVolumeState(/mnt/sdcard/ext_sd): Unknown volume
07-14 12:23:30.510 W/MountService(  374): getVolumeState(/storage/extSdCard): Unknown volume
07-14 12:23:30.510 W/MountService(  374): getVolumeState(/storage/sdcard1): Unknown volume
07-14 12:23:30.510 W/MountService(  374): getVolumeState(/mnt/sdcard/external_SD): Unknown volume
07-14 12:23:30.518 W/MountService(  374): getVolumeState(/mnt/sdcard/external_sd): Unknown volume
07-14 12:23:30.580 I/QueryController( 5223): Matched selector: UiSelector[TEXT=] <<==>> [android.view.accessibility.AccessibilityNodeInfo@2fdb2; boundsInParent: Rect(0, 0 - 148, 184); boundsInScreen: Rect(16, 958 - 164, 1142); packageName: com.android.launcher; className: android.widget.TextView; text: ; contentDescription: null; viewIdResName: null; checkable: false; checked: false; focusable: true; focused: false; selected: false; clickable: true; longClickable: true; enabled: true; password: false; scrollable: false; [ACTION_FOCUS, ACTION_SELECT, ACTION_CLEAR_SELECTION, ACTION_CLICK, ACTION_LONG_CLICK, ACTION_ACCESSIBILITY_FOCUS, ACTION_NEXT_AT_MOVEMENT_GRANULARITY, ACTION_PREVIOUS_AT_MOVEMENT_GRANULARITY, ACTION_SET_SELECTION]]
07-14 12:23:30.612 I/QueryController( 5223): Matched selector: UiSelector[TEXT=] <<==>> [android.view.accessibility.AccessibilityNodeInfo@2fdb2; boundsInParent: Rect(0, 0 - 148, 184); boundsInScreen: Rect(16, 958 - 164, 1142); packageName: com.android.launcher; className: android.widget.TextView; text: ; contentDescription: null; viewIdResName: null; checkable: false; checked: false; focusable: true; focused: false; selected: false; clickable: true; longClickable: true; enabled: true; password: false; scrollable: false; [ACTION_FOCUS, ACTION_SELECT, ACTION_CLEAR_SELECTION, ACTION_CLICK, ACTION_LONG_CLICK, ACTION_ACCESSIBILITY_FOCUS, ACTION_NEXT_AT_MOVEMENT_GRANULARITY, ACTION_PREVIOUS_AT_MOVEMENT_GRANULARITY, ACTION_SET_SELECTION]]
07-14 12:23:30.612 D/InteractionController( 5223): clickAndWaitForNewWindow(90, 1050)
07-14 12:23:30.666 D/dalvikvm( 2037): GC_CONCURRENT freed 309K, 19% free 9720K/11956K, paused 9ms+4ms, total 52ms
07-14 12:23:30.744 I/ActivityManager(  374): START u0 {act=android.intent.action.MAIN cat=[android.intent.category.LAUNCHER] flg=0x10200000 cmp=com.pekall.emdm/.ui.SplashActivity} from pid 595
07-14 12:23:30.885 D/dalvikvm(  374): GC_FOR_ALLOC freed 2412K, 22% free 19112K/24360K, paused 85ms, total 86ms
07-14 12:23:30.932 D/MdmApplication( 3494): [null:-1]->onActivityStarted setting.DevicesDetailsActivity , mActivityCount = 0
07-14 12:23:30.932 E/Mdm     ( 3494): Call Mdm service's setLastExitTime function
07-14 12:23:30.932 D/MDM :   ( 3494): [null:-1]->query
07-14 12:23:30.932 D/MDM :   ( 3494): [null:-1]->QUERY_SETTING_PIN_TIMEOUT
07-14 12:23:30.940 D/MDM :   ( 3494): [null:-1]->query
07-14 12:23:30.940 D/MDM :   ( 3494): [null:-1]->QUERY_PINCODE_CHECK_RESULT
07-14 12:23:31.088 W/MountService(  374): getVolumeState(/storage/emulated/0/external_sd): Unknown volume
07-14 12:23:31.088 W/MountService(  374): getVolumeState(/mnt/sdcard-ext): Unknown volume
07-14 12:23:31.096 W/MountService(  374): getVolumeState(/mnt/ext_sdcard): Unknown volume
07-14 12:23:31.096 W/MountService(  374): getVolumeState(/mnt/sdcard2): Unknown volume
07-14 12:23:31.096 W/MountService(  374): getVolumeState(/mnt/emmc): Unknown volume
07-14 12:23:31.096 W/MountService(  374): getVolumeState(/mnt/extSdCard): Unknown volume
07-14 12:23:31.096 W/MountService(  374): getVolumeState(/mnt/sdcard/SD_CARD): Unknown volume
07-14 12:23:31.104 W/MountService(  374): getVolumeState(/mnt/sdcard/extra_sd): Unknown volume
07-14 12:23:31.104 W/MountService(  374): getVolumeState(/mnt/extrasd_bind): Unknown volume
07-14 12:23:31.104 W/MountService(  374): getVolumeState(/mnt/sdcard/ext_sd): Unknown volume
07-14 12:23:31.104 W/MountService(  374): getVolumeState(/storage/extSdCard): Unknown volume
07-14 12:23:31.104 W/MountService(  374): getVolumeState(/storage/sdcard1): Unknown volume
07-14 12:23:31.104 W/MountService(  374): getVolumeState(/mnt/sdcard/external_SD): Unknown volume
07-14 12:23:31.104 W/MountService(  374): getVolumeState(/mnt/sdcard/external_sd): Unknown volume
07-14 12:23:31.166 D/dalvikvm( 2037): GC_CONCURRENT freed 616K, 20% free 9597K/11956K, paused 10ms+3ms, total 50ms
07-14 12:23:31.674 I/QueryController( 5223): Matched selector: UiSelector[PACKAGE NAME=com.pekall.emdm] <<==>> [android.view.accessibility.AccessibilityNodeInfo@7c5ab; boundsInParent: Rect(0, 0 - 720, 1184); boundsInScreen: Rect(0, 0 - 720, 1184); packageName: com.pekall.emdm; className: android.widget.FrameLayout; text: null; contentDescription: null; viewIdResName: null; checkable: false; checked: false; focusable: false; focused: false; selected: false; clickable: false; longClickable: false; enabled: true; password: false; scrollable: false; [ACTION_SELECT, ACTION_CLEAR_SELECTION, ACTION_ACCESSIBILITY_FOCUS]]
07-14 12:23:31.799 D/MdmApplication( 3494): [null:-1]->onActivityPaused setting.DevicesDetailsActivity , mActivityCount = 1
07-14 12:23:31.799 D/MDM :   ( 3494): [null:-1]->query
07-14 12:23:31.807 D/MDM :   ( 3494): [null:-1]->QUERY_PINCODE_CHECK_RESULT
07-14 12:23:31.807 E/Mdm     ( 3494): Call Mdm service's setLastExitTime function
07-14 12:23:31.830 D/MdmApplication( 3494): [null:-1]->onActivityStarted setting.SettingActivity , mActivityCount = 0
07-14 12:23:31.830 E/Mdm     ( 3494): Call Mdm service's setLastExitTime function
07-14 12:23:31.830 D/MDM :   ( 3494): [null:-1]->query
07-14 12:23:31.830 D/MDM :   ( 3494): [null:-1]->QUERY_SETTING_PIN_TIMEOUT
07-14 12:23:31.830 D/MDM :   ( 3494): [null:-1]->query
07-14 12:23:31.830 D/MDM :   ( 3494): [null:-1]->QUERY_PINCODE_CHECK_RESULT
07-14 12:23:32.799 W/InteractionController( 5223): runAndwaitForEvent timedout waiting for events
07-14 12:23:33.018 D/dalvikvm(  374): GC_FOR_ALLOC freed 1578K, 22% free 19104K/24360K, paused 87ms, total 88ms
07-14 12:23:33.033 D/MdmApplication( 3494): [null:-1]->onActivityPaused setting.SettingActivity , mActivityCount = 1
07-14 12:23:33.033 D/MDM :   ( 3494): [null:-1]->query
07-14 12:23:33.033 D/MDM :   ( 3494): [null:-1]->QUERY_PINCODE_CHECK_RESULT
07-14 12:23:33.033 E/Mdm     ( 3494): Call Mdm service's setLastExitTime function
07-14 12:23:33.049 D/MdmApplication( 3494): [null:-1]->onActivityStarted ui.MainActivity , mActivityCount = 0
07-14 12:23:33.049 E/Mdm     ( 3494): Call Mdm service's setLastExitTime function
07-14 12:23:33.049 D/MDM :   ( 3494): [null:-1]->query
07-14 12:23:33.057 D/MDM :   ( 3494): [null:-1]->QUERY_SETTING_PIN_TIMEOUT
07-14 12:23:33.057 D/MDM :   ( 3494): [null:-1]->query
07-14 12:23:33.057 D/MDM :   ( 3494): [null:-1]->QUERY_PINCODE_CHECK_RESULT
07-14 12:23:33.916 I/QueryController( 5223): Matched selector: UiSelector[TEXT=, CLASS=android.widget.TextView] <<==>> [android.view.accessibility.AccessibilityNodeInfo@115b6; boundsInParent: Rect(0, 0 - 148, 184); boundsInScreen: Rect(376, 572 - 524, 756); packageName: com.pekall.emdm; className: android.widget.TextView; text: ; contentDescription: null; viewIdResName: com.pekall.emdm:id/application_icon_content; checkable: false; checked: false; focusable: true; focused: false; selected: false; clickable: false; longClickable: false; enabled: true; password: false; scrollable: false; [ACTION_FOCUS, ACTION_SELECT, ACTION_CLEAR_SELECTION, ACTION_ACCESSIBILITY_FOCUS, ACTION_NEXT_AT_MOVEMENT_GRANULARITY, ACTION_PREVIOUS_AT_MOVEMENT_GRANULARITY, ACTION_SET_SELECTION]]
07-14 12:23:33.940 I/QueryController( 5223): Matched selector: UiSelector[TEXT=, CLASS=android.widget.TextView] <<==>> [android.view.accessibility.AccessibilityNodeInfo@10a73; boundsInParent: Rect(0, 0 - 148, 184); boundsInScreen: Rect(16, 572 - 164, 756); packageName: com.pekall.emdm; className: android.widget.TextView; text: ; contentDescription: null; viewIdResName: com.pekall.emdm:id/application_icon_content; checkable: false; checked: false; focusable: true; focused: false; selected: false; clickable: false; longClickable: false; enabled: true; password: false; scrollable: false; [ACTION_FOCUS, ACTION_SELECT, ACTION_CLEAR_SELECTION, ACTION_ACCESSIBILITY_FOCUS, ACTION_NEXT_AT_MOVEMENT_GRANULARITY, ACTION_PREVIOUS_AT_MOVEMENT_GRANULARITY, ACTION_SET_SELECTION]]
07-14 12:23:33.979 I/QueryController( 5223): Matched selector: UiSelector[TEXT=, CLASS=android.widget.TextView] <<==>> [android.view.accessibility.AccessibilityNodeInfo@10e34; boundsInParent: Rect(0, 0 - 148, 184); boundsInScreen: Rect(196, 572 - 344, 756); packageName: com.pekall.emdm; className: android.widget.TextView; text: ; contentDescription: null; viewIdResName: com.pekall.emdm:id/application_icon_content; checkable: false; checked: false; focusable: true; focused: false; selected: false; clickable: false; longClickable: false; enabled: true; password: false; scrollable: false; [ACTION_FOCUS, ACTION_SELECT, ACTION_CLEAR_SELECTION, ACTION_ACCESSIBILITY_FOCUS, ACTION_NEXT_AT_MOVEMENT_GRANULARITY, ACTION_PREVIOUS_AT_MOVEMENT_GRANULARITY, ACTION_SET_SELECTION]]
07-14 12:23:33.979 D/InteractionController( 5223): clickAndWaitForNewWindow(270, 664)
07-14 12:23:34.112 I/ActivityManager(  374): START u0 {cmp=com.pekall.emdm/.messagecenter.activity.MessageMainActivity} from pid 3494
07-14 12:23:34.182 D/dalvikvm( 1052): GC_CONCURRENT freed 495K, 9% free 10272K/11168K, paused 9ms+10ms, total 71ms
07-14 12:23:34.260 D/dalvikvm(  374): GC_FOR_ALLOC freed 1157K, 21% free 19466K/24360K, paused 92ms, total 93ms
07-14 12:23:34.268 D/MdmApplication( 3494): [null:-1]->onActivityPaused ui.MainActivity , mActivityCount = 1
07-14 12:23:34.268 D/MDM :   ( 3494): [null:-1]->query
07-14 12:23:34.276 D/MDM :   ( 3494): [null:-1]->QUERY_PINCODE_CHECK_RESULT
07-14 12:23:34.276 E/Mdm     ( 3494): Call Mdm service's setLastExitTime function
07-14 12:23:34.346 D/MdmApplication( 3494): [null:-1]->onActivityStarted messagecenter.activity.MessageMainActivity , mActivityCount = 0
07-14 12:23:34.346 E/Mdm     ( 3494): Call Mdm service's setLastExitTime function
07-14 12:23:34.346 D/MDM :   ( 3494): [null:-1]->query
07-14 12:23:34.346 D/MDM :   ( 3494): [null:-1]->QUERY_SETTING_PIN_TIMEOUT
07-14 12:23:34.354 D/MDM :   ( 3494): [null:-1]->query
07-14 12:23:34.354 D/MDM :   ( 3494): [null:-1]->QUERY_PINCODE_CHECK_RESULT
07-14 12:23:34.354 E/DB      ( 3494): bind, index: 1, value: 100
07-14 12:23:34.354 D/DB      ( 3494): query: SQLiteQuery: SELECT * FROM message WHERE type=? ORDER BY date DESC
07-14 12:23:34.354 D/DB      ( 3494): factory null
07-14 12:23:34.354 D/DB      ( 3494): fillWindow: 0
07-14 12:23:34.354 D/DB      ( 3494): cursor 5
07-14 12:23:34.455 D/DB      ( 3494): moveToPos: 0
07-14 12:23:34.455 D/DB      ( 3494): onMove: 0
07-14 12:23:34.471 D/DB      ( 3494): moveToPos: 0
07-14 12:23:34.487 D/DB      ( 3494): moveToPos: 1
07-14 12:23:34.487 D/DB      ( 3494): onMove: 1
07-14 12:23:34.502 D/DB      ( 3494): moveToPos: 1
07-14 12:23:34.510 D/DB      ( 3494): moveToPos: 2
07-14 12:23:34.510 D/DB      ( 3494): onMove: 2
07-14 12:23:34.526 D/DB      ( 3494): moveToPos: 2
07-14 12:23:34.533 D/DB      ( 3494): moveToPos: 3
07-14 12:23:34.533 D/DB      ( 3494): onMove: 3
07-14 12:23:34.549 D/DB      ( 3494): moveToPos: 3
07-14 12:23:34.557 D/DB      ( 3494): moveToPos: 4
07-14 12:23:34.557 D/DB      ( 3494): onMove: 4
07-14 12:23:34.573 D/DB      ( 3494): moveToPos: 4
07-14 12:23:34.674 I/ActivityManager(  374): Displayed com.pekall.emdm/.messagecenter.activity.MessageMainActivity: +382ms
07-14 12:23:37.752 I/QueryController( 5223): Matched selector: UiSelector[TEXT=UserGroupPushMessage] <<==>> [android.view.accessibility.AccessibilityNodeInfo@95399; boundsInParent: Rect(0, 0 - 457, 48); boundsInScreen: Rect(119, 156 - 576, 204); packageName: com.pekall.emdm; className: android.widget.TextView; text: UserGroupPushMessage; contentDescription: null; viewIdResName: com.pekall.emdm:id/message_subject; checkable: false; checked: false; focusable: false; focused: false; selected: false; clickable: false; longClickable: false; enabled: true; password: false; scrollable: false; [ACTION_SELECT, ACTION_CLEAR_SELECTION, ACTION_ACCESSIBILITY_FOCUS, ACTION_NEXT_AT_MOVEMENT_GRANULARITY, ACTION_PREVIOUS_AT_MOVEMENT_GRANULARITY, ACTION_SET_SELECTION]]
07-14 12:23:37.760 I/AndroidRuntime( 5223): VM exiting with result code 0.
07-14 12:23:46.198 D/LightsService(  374): Excessive delay setting light: 67ms
07-14 12:23:46.440 D/LightsService(  374): Excessive delay setting light: 67ms
07-14 12:23:48.987 I/PowerManagerService(  374): Going to sleep due to screen timeout...
07-14 12:23:49.760 D/SurfaceFlinger(  124): Screen released, type=0 flinger=0x41e1a478
07-14 12:23:49.893 D/dalvikvm(  374): GC_FOR_ALLOC freed 1244K, 19% free 19903K/24360K, paused 85ms, total 86ms
07-14 12:23:49.908 D/MdmApplication( 3494): [null:-1]->onActivityPaused messagecenter.activity.MessageMainActivity , mActivityCount = 1
07-14 12:23:49.908 D/MDM :   ( 3494): [null:-1]->query
07-14 12:23:49.908 D/MDM :   ( 3494): [null:-1]->QUERY_PINCODE_CHECK_RESULT
07-14 12:23:49.908 E/Mdm     ( 3494): Call Mdm service's setLastExitTime function
07-14 12:23:49.908 I/WindowManager(  374): Screenshot Window{4313edf0 u0 com.pekall.emdm/com.pekall.emdm.messagecenter.activity.MessageMainActivity} was all black! mSurfaceLayer=21015 minLayer=21000 maxLayer=21015
07-14 12:23:50.080 D/NfcService(  582): NFC-C OFF, disconnect
07-14 12:23:50.104 V/KeyguardHostView(  374): hide transport, gen:17
07-14 12:23:50.104 V/KeyguardHostView(  374): music state changed: 0
07-14 12:23:50.127 D/PhoneStatusBar(  450): disable: < expand icons alerts ticker system_info back home RECENT* clock search >
07-14 12:23:50.158 V/TAG     (  374): bug 7643792: fitSystemWindows([0,50][0,0])
07-14 12:23:50.158 D/dalvikvm( 2019): GC_FOR_ALLOC freed 342K, 7% free 9926K/10588K, paused 51ms, total 52ms
07-14 12:23:50.205 D/dalvikvm(  636): GC_FOR_ALLOC freed 1085K, 10% free 12600K/13984K, paused 125ms, total 127ms
07-14 12:23:50.244 D/dalvikvm( 1146): GC_CONCURRENT freed 458K, 7% free 9202K/9848K, paused 2ms+6ms, total 35ms
07-14 12:23:50.244 D/dalvikvm( 1146): WAIT_FOR_CONCURRENT_GC blocked 33ms
07-14 12:23:50.252 D/MDM :   ( 3494): [null:-1]->query
07-14 12:23:50.260 D/MDM :   ( 3494): [null:-1]->QUERY_SETTING_PIN_ONOFF
07-14 12:23:50.307 D/PhoneStatusBar(  450): disable: < expand icons alerts ticker system_info BACK* HOME* RECENT CLOCK* search >
07-14 12:24:20.885 D/MDM :   ( 3494): [null:-1]->MSG_WEBSOCKET_MESSAGE : {"id":733761245,"type":0,"command":0,"result":0,"reason":0,"params":{"msgId":"67e0a8e0-19ed-4af2-a0df-7e7a440ba392,67e0a8e019ed4af2a0df7e7a440ba392","device":"ffffffffc539bb10fffffffff7aea961","message":"{\"cmd\":\"10119\"}"}}
07-14 12:24:20.901 D/MdmService( 3494): [null:-1]->push message type :0
07-14 12:24:20.901 D/MdmService( 3494): [null:-1]->cmdMessage : {"cmd":"10119"}
07-14 12:24:20.901 D/MdmService( 3494): [null:-1]->command : PushCommandMsg{cmd='10119', msg='null'}
07-14 12:24:20.901 D/MDM :   ( 3494): [null:-1]->PUSH CMD: 10119
07-14 12:24:20.908 D/MdmStatusManager( 3494): [null:-1]->change status to : Busy
07-14 12:24:20.908 D/DB      ( 3494): query: SQLiteQuery: SELECT content, command_status, status FROM command WHERE status!=2
07-14 12:24:20.908 D/DB      ( 3494): factory null
07-14 12:24:20.908 D/DB      ( 3494): fillWindow: 0
07-14 12:24:20.908 D/DB      ( 3494): cursor 0
07-14 12:24:20.908 D/DB      ( 3494): moveToPos: 0
07-14 12:24:20.908 I/TransInfo( 3494): TransInfo created, id: 3, class: class com.pekall.emdm.transaction.b.c
07-14 12:24:20.908 D/NetworkThread( 3494): [null:-1]->----isRunning-----true
07-14 12:24:20.908 D/NetworkThread( 3494): [null:-1]->----isRunning-----true
07-14 12:24:20.908 D/NetworkThread( 3494): [null:-1]->thread wakeup
07-14 12:24:20.916 D/HttpClient( 3494): enable apache.http debug
07-14 12:24:20.924 V/DEBUG   ( 3494): HTTP 0
07-14 12:24:21.721 V/DEBUG   ( 3494): HTTP 1
07-14 12:24:21.744 D/MDM :   ( 3494): [null:-1]->read network input stream
07-14 12:24:21.744 D/MDM :   ( 3494): [null:-1]->read network input stream
07-14 12:24:21.760 D/CheckInTransInfo( 3494): [null:-1]->CommandMsg : CommandMsg{CommandUUID='8a80888e4732aed50147331d3ee5048e', Command=CommandObject{RequestType='InstallApplication'}}
07-14 12:24:21.760 D/DB      ( 3494): query: SQLiteQuery: SELECT * FROM command WHERE cmd_uuid='8a80888e4732aed50147331d3ee5048e'
07-14 12:24:21.760 D/DB      ( 3494): factory null
07-14 12:24:21.760 D/DB      ( 3494): fillWindow: 0
07-14 12:24:21.760 D/DB      ( 3494): cursor 0
07-14 12:24:21.807 D/NetworkThread( 3494): [null:-1]->queue is empty, thread wait...
07-14 12:24:21.908 D/MdmService( 3494): [null:-1]->handleCheckInResult
07-14 12:24:21.908 D/MdmService( 3494): [null:-1]->handleCheckInResult result keyIndex: 3
07-14 12:24:21.908 D/CommandManager( 3494): [null:-1]->execute command: CommandMsg{CommandUUID='8a80888e4732aed50147331d3ee5048e', Command=CommandObject{RequestType='InstallApplication'}}
07-14 12:24:21.908 D/TEST_ALL( 3494): [null:-1]->REQ_TYPE_INST_APP
07-14 12:24:21.916 E/DB      ( 3494): bind, index: 1, value: com.moji.mjweather
07-14 12:24:21.916 D/DB      ( 3494): query: SQLiteQuery: SELECT * FROM app WHERE package=?
07-14 12:24:21.916 D/DB      ( 3494): factory null
07-14 12:24:21.916 D/DB      ( 3494): fillWindow: 0
07-14 12:24:21.916 D/DB      ( 3494): cursor 0
07-14 12:24:21.916 D/DB      ( 3494): moveToPos: 0
07-14 12:24:21.979 D/DB      ( 3494): query: SQLiteQuery: SELECT * FROM app WHERE readStatus =0
07-14 12:24:21.979 D/DB      ( 3494): factory null
07-14 12:24:21.979 D/DB      ( 3494): fillWindow: 0
07-14 12:24:21.979 D/DB      ( 3494): cursor 1
07-14 12:24:21.979 E/Mdm     ( 3494): Call Mdm service's recordIconCount function
07-14 12:24:22.002 D/DB      ( 3494): query: SQLiteQuery: SELECT * FROM app WHERE readStatus =0
07-14 12:24:22.002 D/DB      ( 3494): factory null
07-14 12:24:22.002 D/DB      ( 3494): fillWindow: 0
07-14 12:24:22.002 D/DB      ( 3494): cursor 1
07-14 12:24:22.049 I/AudioService(  374):  AudioFocus  requestAudioFocus() from android.media.AudioManager@42a6e800
07-14 12:24:22.049 V/KeyguardHostView(  374): hide transport, gen:18
07-14 12:24:22.073 I/TransInfo( 3494): TransInfo created, id: 3, class: class com.pekall.emdm.transaction.b.c
07-14 12:24:22.073 D/NetworkThread( 3494): [null:-1]->----isRunning-----true
07-14 12:24:22.073 D/NetworkThread( 3494): [null:-1]->----isRunning-----true
07-14 12:24:22.073 D/NetworkThread( 3494): [null:-1]->thread wakeup
07-14 12:24:22.080 D/HttpClient( 3494): enable apache.http debug
07-14 12:24:22.080 V/DEBUG   ( 3494): HTTP 0
07-14 12:24:22.948 V/DEBUG   ( 3494): HTTP 1
07-14 12:24:22.955 D/MdmDatabaseHelper( 3494): [null:-1]->update command 8a80888e4732aed50147331d3ee5048e to status executed
07-14 12:24:22.987 D/NetworkThread( 3494): [null:-1]->queue is empty, thread wait...
07-14 12:24:23.057 D/MdmService( 3494): [null:-1]->handleCheckInResult
07-14 12:24:23.057 D/MdmService( 3494): [null:-1]->handleCheckInResult result keyIndex: 3
07-14 12:24:23.057 D/HandleCommandTask( 3494): [null:-1]->execute command msg but beanBase is null
07-14 12:24:23.057 D/MdmStatusManager( 3494): [null:-1]->change status to : Idle
07-14 12:24:23.205 I/AudioService(  374):  AudioFocus  abandonAudioFocus() from android.media.AudioManager@42a6e800
07-14 12:24:23.205 V/KeyguardHostView(  374): hide transport, gen:19
07-14 12:24:30.612 W/MountService(  374): getVolumeState(/storage/emulated/0/external_sd): Unknown volume
07-14 12:24:30.612 W/MountService(  374): getVolumeState(/mnt/sdcard-ext): Unknown volume
07-14 12:24:30.612 W/MountService(  374): getVolumeState(/mnt/ext_sdcard): Unknown volume
07-14 12:24:30.612 W/MountService(  374): getVolumeState(/mnt/sdcard2): Unknown volume
07-14 12:24:30.612 W/MountService(  374): getVolumeState(/mnt/emmc): Unknown volume
07-14 12:24:30.619 W/MountService(  374): getVolumeState(/mnt/extSdCard): Unknown volume
07-14 12:24:30.619 W/MountService(  374): getVolumeState(/mnt/sdcard/SD_CARD): Unknown volume
07-14 12:24:30.619 W/MountService(  374): getVolumeState(/mnt/sdcard/extra_sd): Unknown volume
07-14 12:24:30.619 W/MountService(  374): getVolumeState(/mnt/extrasd_bind): Unknown volume
07-14 12:24:30.619 W/MountService(  374): getVolumeState(/mnt/sdcard/ext_sd): Unknown volume
07-14 12:24:30.619 W/MountService(  374): getVolumeState(/storage/extSdCard): Unknown volume
07-14 12:24:30.627 W/MountService(  374): getVolumeState(/storage/sdcard1): Unknown volume
07-14 12:24:30.627 W/MountService(  374): getVolumeState(/mnt/sdcard/external_SD): Unknown volume
07-14 12:24:30.627 W/MountService(  374): getVolumeState(/mnt/sdcard/external_sd): Unknown volume
07-14 12:24:30.682 D/dalvikvm( 2037): GC_CONCURRENT freed 481K, 20% free 9632K/11956K, paused 2ms+17ms, total 52ms
07-14 12:24:30.854 W/MountService(  374): getVolumeState(/storage/emulated/0/external_sd): Unknown volume
07-14 12:24:30.854 W/MountService(  374): getVolumeState(/mnt/sdcard-ext): Unknown volume
07-14 12:24:30.854 W/MountService(  374): getVolumeState(/mnt/ext_sdcard): Unknown volume
07-14 12:24:30.854 W/MountService(  374): getVolumeState(/mnt/sdcard2): Unknown volume
07-14 12:24:30.862 W/MountService(  374): getVolumeState(/mnt/emmc): Unknown volume
07-14 12:24:30.862 W/MountService(  374): getVolumeState(/mnt/extSdCard): Unknown volume
07-14 12:24:30.862 W/MountService(  374): getVolumeState(/mnt/sdcard/SD_CARD): Unknown volume
07-14 12:24:30.862 W/MountService(  374): getVolumeState(/mnt/sdcard/extra_sd): Unknown volume
07-14 12:24:30.862 W/MountService(  374): getVolumeState(/mnt/extrasd_bind): Unknown volume
07-14 12:24:30.869 D/dalvikvm( 2037): GC_CONCURRENT freed 516K, 20% free 9628K/11956K, paused 4ms+4ms, total 39ms
07-14 12:24:30.869 W/MountService(  374): getVolumeState(/mnt/sdcard/ext_sd): Unknown volume
07-14 12:24:30.869 W/MountService(  374): getVolumeState(/storage/extSdCard): Unknown volume
07-14 12:24:30.869 W/MountService(  374): getVolumeState(/storage/sdcard1): Unknown volume
07-14 12:24:30.869 W/MountService(  374): getVolumeState(/mnt/sdcard/external_SD): Unknown volume
07-14 12:24:30.869 W/MountService(  374): getVolumeState(/mnt/sdcard/external_sd): Unknown volume
07-14 12:24:31.838 D/AndroidRuntime( 5309): 
07-14 12:24:31.838 D/AndroidRuntime( 5309): >>>>>> AndroidRuntime START com.android.internal.os.RuntimeInit <<<<<<
07-14 12:24:31.838 D/AndroidRuntime( 5309): CheckJNI is OFF
07-14 12:24:31.854 D/dalvikvm( 5309): Trying to load lib libjavacore.so 0x0
07-14 12:24:31.862 D/dalvikvm( 5309): Added shared lib libjavacore.so 0x0
07-14 12:24:31.877 D/dalvikvm( 5309): Trying to load lib libnativehelper.so 0x0
07-14 12:24:31.877 D/dalvikvm( 5309): Added shared lib libnativehelper.so 0x0
07-14 12:24:32.127 D/AndroidRuntime( 5309): Calling main entry com.android.commands.uiautomator.Launcher
