07-14 12:22:36.846 D/DB      ( 3494): cursor 1
07-14 12:22:36.846 D/DB      ( 3494): moveToPos: 0
07-14 12:22:36.846 D/DB      ( 3494): onMove: 0
07-14 12:22:36.846 E/DB      ( 3494): bind, index: 1, value: 4
07-14 12:22:36.846 D/DB      ( 3494): query: SQLiteQuery: SELECT _id, protocol, address, port, flags, login, password, domain, certAlias FROM HostAuth WHERE _id=?
07-14 12:22:36.854 D/DB      ( 3494): factory null
07-14 12:22:36.854 D/DB      ( 3494): fillWindow: 0
07-14 12:22:36.854 V/DEBUG   ( 3494): HTTP 0
07-14 12:22:36.854 D/DB      ( 3494): cursor 1
07-14 12:22:36.869 D/DB      ( 3494): moveToPos: 0
07-14 12:22:36.869 D/DB      ( 3494): onMove: 0
07-14 12:22:36.877 D/DB      ( 3494): moveToPos: 1
07-14 12:22:36.901 D/ProfileManager( 3494): [null:-1]->Policy com.pekall.app.compliance.policy: Enforced state has changed
07-14 12:22:36.901 D/ProfileManager( 3494): [null:-1]->Policy com.pekall.app.compliance.policy: Old Enforced Policies: null
07-14 12:22:36.901 D/ProfileManager( 3494): [null:-1]->Policy com.pekall.app.compliance.policy: New Enforced Policies: null
07-14 12:22:36.901 D/PolicyProvider( 3494): [null:-1]->URI changed: content://com.pekall.emdm.policy/enforced-policy
07-14 12:22:36.901 D/ProfileManager( 3494): [null:-1]->Policy com.pekall.app.compliance.policy: OOC state has changed
07-14 12:22:36.901 D/ProfileManager( 3494): [null:-1]->Policy com.pekall.app.compliance.policy: Old OOC state: null
07-14 12:22:36.901 D/ProfileManager( 3494): [null:-1]->Policy com.pekall.app.compliance.policy: New OOC state: null
07-14 12:22:36.901 D/PolicyProvider( 3494): [null:-1]->URI changed: content://com.pekall.emdm.policy/ooc_state_summary
07-14 12:22:36.901 D/PolicyProvider( 3494): [null:-1]->URI changed: content://com.pekall.emdm.policy/ooc_state
07-14 12:22:36.940 D/dalvikvm(  374): GC_EXPLICIT freed 470K, 21% free 19375K/24360K, paused 3ms+11ms, total 143ms
07-14 12:22:36.948 D/AttachmentService( 3494): Count: 0
07-14 12:22:36.948 D/DB      ( 3494): moveToPos: 0
07-14 12:22:36.955 D/DB      ( 3494): query: SQLiteQuery: SELECT _id, passwordMode, passwordMinLength, passwordExpirationDays, passwordHistory, passwordComplexChars, passwordMaxFails, maxScreenLockTime, requireRemoteWipe, requireEncryption, requireEncryptionExternal, requireManualSyncRoaming, dontAllowCamera, dontAllowAttachments, dontAllowHtml, maxAttachmentSize, maxTextTruncationSize, maxHTMLTruncationSize, maxEmailLookback, maxCalendarLookback, passwordRecoveryEnabled FROM Policy
07-14 12:22:36.955 D/DB      ( 3494): factory null
07-14 12:22:36.955 D/DB      ( 3494): fillWindow: 0
07-14 12:22:36.955 D/DB      ( 3494): cursor 0
07-14 12:22:36.955 D/ProfileManager( 3494): [null:-1]->Policy com.pekall.native.app.control.policy: Enforced state has changed
07-14 12:22:36.955 D/ProfileManager( 3494): [null:-1]->Policy com.pekall.native.app.control.policy: Old Enforced Policies: null
07-14 12:22:36.963 D/ProfileManager( 3494): [null:-1]->Policy com.pekall.native.app.control.policy: New Enforced Policies: null
07-14 12:22:36.963 D/PolicyProvider( 3494): [null:-1]->URI changed: content://com.pekall.emdm.policy/enforced-policy
07-14 12:22:36.987 D/DB      ( 3494): moveToPos: 0
07-14 12:22:36.987 D/DB      ( 3494): onMove: 0
07-14 12:22:36.987 D/ProfileManager( 3494): [null:-1]->Policy com.pekall.native.app.control.policy: OOC state has changed
07-14 12:22:36.987 D/ProfileManager( 3494): [null:-1]->Policy com.pekall.native.app.control.policy: Old OOC state: null
07-14 12:22:36.987 D/ProfileManager( 3494): [null:-1]->Policy com.pekall.native.app.control.policy: New OOC state: null
07-14 12:22:36.987 D/PolicyProvider( 3494): [null:-1]->URI changed: content://com.pekall.emdm.policy/ooc_state_summary
07-14 12:22:36.994 D/PolicyProvider( 3494): [null:-1]->URI changed: content://com.pekall.emdm.policy/ooc_state
07-14 12:22:36.994 D/DB      ( 3494): query: SQLiteQuery: SELECT _id, size, fileName, mimeType, accountKey, flags FROM Attachment WHERE contentUri isnull AND flags=0 AND messageKey IN (SELECT _id FROM Message WHERE mailboxKey IN (SELECT _id FROM Mailbox WHERE type = 0) AND flagLoaded IN (2,1)) ORDER BY _id DESC LIMIT 25
07-14 12:22:36.994 D/DB      ( 3494): factory null
07-14 12:22:36.994 D/DB      ( 3494): fillWindow: 0
07-14 12:22:36.994 D/DB      ( 3494): cursor 0
07-14 12:22:36.994 D/DB      ( 3494): moveToPos: 0
07-14 12:22:36.994 D/DB      ( 3494): onMove: 0
07-14 12:22:36.994 D/DB      ( 3494): moveToPos: 1
07-14 12:22:36.994 D/DB      ( 3494): moveToPos: 0
07-14 12:22:37.002 D/DB      ( 3494): moveToPos: 0
07-14 12:22:37.002 D/DB      ( 3494): moveToPos: 1
07-14 12:22:37.010 D/AttachmentService( 3494): *** All done; shutting down service
07-14 12:22:37.010 D/ProfileManager( 3494): [null:-1]->Policy com.pekall.bluetooth.policy: Enforced state has changed
07-14 12:22:37.010 D/ProfileManager( 3494): [null:-1]->Policy com.pekall.bluetooth.policy: Old Enforced Policies: null
07-14 12:22:37.010 D/ProfileManager( 3494): [null:-1]->Policy com.pekall.bluetooth.policy: New Enforced Policies: null
07-14 12:22:37.010 D/PolicyProvider( 3494): [null:-1]->URI changed: content://com.pekall.emdm.policy/enforced-policy
07-14 12:22:37.018 D/ProfileManager( 3494): [null:-1]->Policy com.pekall.bluetooth.policy: OOC state has changed
07-14 12:22:37.018 D/ProfileManager( 3494): [null:-1]->Policy com.pekall.bluetooth.policy: Old OOC state: null
07-14 12:22:37.018 D/ProfileManager( 3494): [null:-1]->Policy com.pekall.bluetooth.policy: New OOC state: null
07-14 12:22:37.018 D/PolicyProvider( 3494): [null:-1]->URI changed: content://com.pekall.emdm.policy/ooc_state_summary
07-14 12:22:37.018 D/PolicyProvider( 3494): [null:-1]->URI changed: content://com.pekall.emdm.policy/ooc_state
07-14 12:22:37.033 D/DB      ( 3494): query: SQLiteQuery: SELECT _id FROM Account
07-14 12:22:37.033 D/DB      ( 3494): factory null
07-14 12:22:37.033 D/DB      ( 3494): fillWindow: 0
07-14 12:22:37.033 D/DB      ( 3494): cursor 1
07-14 12:22:37.033 D/DB      ( 3494): query: SQLiteQuery: SELECT _id, displayName, emailAddress, syncKey, syncLookback, syncInterval, hostAuthKeyRecv, hostAuthKeySend, flags, isDefault, compatibilityUuid, senderName, ringtoneUri, protocolVersion, newMessageCount, securitySyncKey, signature, policyKey, notifiedMessageId, notifiedMessageCount FROM Account
07-14 12:22:37.033 D/DB      ( 3494): factory null
07-14 12:22:37.033 D/DB      ( 3494): fillWindow: 0
07-14 12:22:37.033 D/DB      ( 3494): cursor 1
07-14 12:22:37.041 D/DB      ( 3494): moveToPos: 0
07-14 12:22:37.041 D/DB      ( 3494): onMove: 0
07-14 12:22:37.049 D/DB      ( 3494): moveToPos: 1
07-14 12:22:37.049 E/DB      ( 3494): bind, index: 1, value: 0
07-14 12:22:37.049 E/DB      ( 3494): bind, index: 2, value: 2
07-14 12:22:37.049 D/DB      ( 3494): query: SQLiteQuery: SELECT _id FROM Mailbox WHERE type=? and accountKey=? LIMIT 1
07-14 12:22:37.049 D/DB      ( 3494): factory null
07-14 12:22:37.049 D/DB      ( 3494): fillWindow: 0
07-14 12:22:37.057 D/DB      ( 3494): cursor 0
07-14 12:22:37.057 D/DB      ( 3494): moveToPos: 0
07-14 12:22:37.057 W/Email   ( 3494): Could not load INBOX for account id: 2
07-14 12:22:37.057 D/DB      ( 3494): query: SQLiteQuery: SELECT _id FROM Account WHERE flags&1 != 0
07-14 12:22:37.057 D/DB      ( 3494): factory null
07-14 12:22:37.057 D/DB      ( 3494): fillWindow: 0
07-14 12:22:37.057 D/DB      ( 3494): cursor 1
07-14 12:22:37.065 D/DB      ( 3494): moveToPos: 0
07-14 12:22:37.065 D/DB      ( 3494): onMove: 0
07-14 12:22:37.065 E/DB      ( 3494): bind, index: 1, value: 6
07-14 12:22:37.065 D/DB      ( 3494): query: SQLiteQuery: SELECT _id FROM Attachment WHERE (flags & ?) != 0
07-14 12:22:37.065 D/DB      ( 3494): factory null
07-14 12:22:37.065 D/DB      ( 3494): fillWindow: 0
07-14 12:22:37.073 D/DB      ( 3494): cursor 0
07-14 12:22:37.073 D/AttachmentService( 3494): Count: 0
07-14 12:22:37.073 D/DB      ( 3494): moveToPos: 0
07-14 12:22:37.073 D/ProfileManager( 3494): [null:-1]->Policy com.pekall.network.restriction.policy: Enforced state has changed
07-14 12:22:37.073 D/ProfileManager( 3494): [null:-1]->Policy com.pekall.network.restriction.policy: Old Enforced Policies: [EnforcedPolicy{type='com.pekall.network.restriction.policy', subtype='net.restriction.data_roaming', description=' ', content='null'}, EnforcedPolicy{type='com.pekall.network.restriction.policy', subtype='net.restriction.data_network', description=' ', content='null'}]
07-14 12:22:37.080 D/DB      ( 3494): query: SQLiteQuery: SELECT _id, size, fileName, mimeType, accountKey, flags FROM Attachment WHERE contentUri isnull AND flags=0 AND messageKey IN (SELECT _id FROM Message WHERE mailboxKey IN (SELECT _id FROM Mailbox WHERE type = 0) AND flagLoaded IN (2,1)) ORDER BY _id DESC LIMIT 25
07-14 12:22:37.080 D/DB      ( 3494): factory null
07-14 12:22:37.080 D/DB      ( 3494): fillWindow: 0
07-14 12:22:37.080 D/ProfileManager( 3494): [null:-1]->Policy com.pekall.network.restriction.policy: New Enforced Policies: [EnforcedPolicy{type='com.pekall.network.restriction.policy', subtype='net.restriction.data_roaming', description=' ', content='null'}, EnforcedPolicy{type='com.pekall.network.restriction.policy', subtype='net.restriction.data_network', description=' ', content='null'}]
07-14 12:22:37.080 D/PolicyProvider( 3494): [null:-1]->URI changed: content://com.pekall.emdm.policy/enforced-policy
07-14 12:22:37.080 D/DB      ( 3494): cursor 0
07-14 12:22:37.080 D/ProfileManager( 3494): [null:-1]->Policy com.pekall.network.restriction.policy: OOC state has changed
07-14 12:22:37.088 D/ProfileManager( 3494): [null:-1]->Policy com.pekall.network.restriction.policy: Old OOC state: null
07-14 12:22:37.088 D/ProfileManager( 3494): [null:-1]->Policy com.pekall.network.restriction.policy: New OOC state: null
07-14 12:22:37.088 D/PolicyProvider( 3494): [null:-1]->URI changed: content://com.pekall.emdm.policy/ooc_state_summary
07-14 12:22:37.088 D/DB      ( 3494): moveToPos: 0
07-14 12:22:37.088 D/AttachmentService( 3494): *** All done; shutting down service
07-14 12:22:37.096 D/PolicyProvider( 3494): [null:-1]->URI changed: content://com.pekall.emdm.policy/ooc_state
07-14 12:22:37.104 D/DB      ( 3494): query: SQLiteQuery: SELECT _id, displayName, emailAddress, syncKey, syncLookback, syncInterval, hostAuthKeyRecv, hostAuthKeySend, flags, isDefault, compatibilityUuid, senderName, ringtoneUri, protocolVersion, newMessageCount, securitySyncKey, signature, policyKey, notifiedMessageId, notifiedMessageCount FROM Account
07-14 12:22:37.104 D/DB      ( 3494): factory null
07-14 12:22:37.104 D/DB      ( 3494): fillWindow: 0
07-14 12:22:37.112 D/DB      ( 3494): cursor 1
07-14 12:22:37.112 D/DB      ( 3494): moveToPos: 0
07-14 12:22:37.112 D/DB      ( 3494): onMove: 0
07-14 12:22:37.112 E/DB      ( 3494): bind, index: 1, value: 0
07-14 12:22:37.112 E/DB      ( 3494): bind, index: 2, value: 2
07-14 12:22:37.112 D/DB      ( 3494): moveToPos: 1
07-14 12:22:37.119 D/DB      ( 3494): query: SQLiteQuery: SELECT _id FROM Mailbox WHERE type=? and accountKey=? LIMIT 1
07-14 12:22:37.119 D/DB      ( 3494): factory null
07-14 12:22:37.119 D/DB      ( 3494): fillWindow: 0
07-14 12:22:37.119 D/DB      ( 3494): cursor 0
07-14 12:22:37.119 D/DB      ( 3494): query: SQLiteQuery: SELECT _id, displayName, emailAddress, syncKey, syncLookback, syncInterval, hostAuthKeyRecv, hostAuthKeySend, flags, isDefault, compatibilityUuid, senderName, ringtoneUri, protocolVersion, newMessageCount, securitySyncKey, signature, policyKey, notifiedMessageId, notifiedMessageCount FROM Account
07-14 12:22:37.119 D/DB      ( 3494): factory null
07-14 12:22:37.119 D/DB      ( 3494): fillWindow: 0
07-14 12:22:37.127 D/DB      ( 3494): moveToPos: 0
07-14 12:22:37.127 D/DB      ( 3494): cursor 1
07-14 12:22:37.127 W/Email   ( 3494): Could not load INBOX for account id: 2
07-14 12:22:37.127 D/DB      ( 3494): moveToPos: 1
07-14 12:22:37.127 D/DB      ( 3494): moveToPos: 0
07-14 12:22:37.127 D/DB      ( 3494): onMove: 0
07-14 12:22:37.127 D/DB      ( 3494): query: SQLiteQuery: SELECT _id FROM Account WHERE flags&1 != 0
07-14 12:22:37.127 D/DB      ( 3494): factory null
07-14 12:22:37.135 D/DB      ( 3494): fillWindow: 0
07-14 12:22:37.135 D/DB      ( 3494): moveToPos: 1
07-14 12:22:37.135 D/DB      ( 3494): cursor 1
07-14 12:22:37.143 D/DB      ( 3494): moveToPos: 0
07-14 12:22:37.143 D/DB      ( 3494): onMove: 0
07-14 12:22:37.143 D/ProfileManager( 3494): [null:-1]->Policy com.pekall.device.management.policy: Enforced state has changed
07-14 12:22:37.143 D/ProfileManager( 3494): [null:-1]->Policy com.pekall.device.management.policy: Old Enforced Policies: null
07-14 12:22:37.143 D/ProfileManager( 3494): [null:-1]->Policy com.pekall.device.management.policy: New Enforced Policies: null
07-14 12:22:37.143 D/PolicyProvider( 3494): [null:-1]->URI changed: content://com.pekall.emdm.policy/enforced-policy
07-14 12:22:37.143 D/ProfileManager( 3494): [null:-1]->Policy com.pekall.device.management.policy: OOC state has changed
07-14 12:22:37.143 E/DB      ( 3494): bind, index: 1, value: 0
07-14 12:22:37.143 E/DB      ( 3494): bind, index: 2, value: 2
07-14 12:22:37.143 D/DB      ( 3494): query: SQLiteQuery: SELECT _id FROM Mailbox WHERE type=? and accountKey=? LIMIT 1
07-14 12:22:37.143 D/DB      ( 3494): factory null
07-14 12:22:37.143 D/DB      ( 3494): fillWindow: 0
07-14 12:22:37.151 D/ProfileManager( 3494): [null:-1]->Policy com.pekall.device.management.policy: Old OOC state: null
07-14 12:22:37.151 D/ProfileManager( 3494): [null:-1]->Policy com.pekall.device.management.policy: New OOC state: null
07-14 12:22:37.151 D/DB      ( 3494): cursor 0
07-14 12:22:37.151 D/PolicyProvider( 3494): [null:-1]->URI changed: content://com.pekall.emdm.policy/ooc_state_summary
07-14 12:22:37.151 D/PolicyProvider( 3494): [null:-1]->URI changed: content://com.pekall.emdm.policy/ooc_state
07-14 12:22:37.151 D/DB      ( 3494): moveToPos: 0
07-14 12:22:37.151 W/Email   ( 3494): Could not load INBOX for account id: 2
07-14 12:22:37.158 D/DB      ( 3494): moveToPos: 1
07-14 12:22:37.158 D/DB      ( 3494): query: SQLiteQuery: SELECT _id FROM Account WHERE flags&1 != 0
07-14 12:22:37.158 D/DB      ( 3494): factory null
07-14 12:22:37.158 D/DB      ( 3494): fillWindow: 0
07-14 12:22:37.158 D/DB      ( 3494): cursor 1
07-14 12:22:37.158 D/DB      ( 3494): moveToPos: 0
07-14 12:22:37.158 D/DB      ( 3494): onMove: 0
07-14 12:22:37.158 D/DB      ( 3494): moveToPos: 1
07-14 12:22:37.166 E/DB      ( 3494): bind, index: 1, value: 0
07-14 12:22:37.166 E/DB      ( 3494): bind, index: 2, value: 2
07-14 12:22:37.166 D/DB      ( 3494): query: SQLiteQuery: SELECT _id FROM Mailbox WHERE type=? and accountKey=? LIMIT 1
07-14 12:22:37.166 D/DB      ( 3494): factory null
07-14 12:22:37.166 D/DB      ( 3494): fillWindow: 0
07-14 12:22:37.166 D/DB      ( 3494): cursor 0
07-14 12:22:37.166 D/DB      ( 3494): moveToPos: 0
07-14 12:22:37.166 W/Email   ( 3494): Could not load INBOX for account id: 2
07-14 12:22:37.166 D/DB      ( 3494): query: SQLiteQuery: SELECT _id FROM Account WHERE flags&1 != 0
07-14 12:22:37.174 D/DB      ( 3494): factory null
07-14 12:22:37.174 D/DB      ( 3494): fillWindow: 0
07-14 12:22:37.174 D/DB      ( 3494): cursor 1
07-14 12:22:37.174 D/DB      ( 3494): moveToPos: 0
07-14 12:22:37.174 D/DB      ( 3494): onMove: 0
07-14 12:22:37.182 D/DB      ( 3494): moveToPos: 1
07-14 12:22:37.182 E/DB      ( 3494): bind, index: 1, value: 0
07-14 12:22:37.182 E/DB      ( 3494): bind, index: 2, value: 2
07-14 12:22:37.182 D/DB      ( 3494): query: SQLiteQuery: SELECT _id FROM Mailbox WHERE type=? and accountKey=? LIMIT 1
07-14 12:22:37.182 D/DB      ( 3494): factory null
07-14 12:22:37.182 D/DB      ( 3494): fillWindow: 0
07-14 12:22:37.182 D/DB      ( 3494): cursor 0
07-14 12:22:37.190 D/DB      ( 3494): moveToPos: 0
07-14 12:22:37.190 W/Email   ( 3494): Could not load INBOX for account id: 2
07-14 12:22:37.190 D/DB      ( 3494): query: SQLiteQuery: SELECT _id FROM Account WHERE flags&1 != 0
07-14 12:22:37.190 D/DB      ( 3494): factory null
07-14 12:22:37.190 D/DB      ( 3494): fillWindow: 0
07-14 12:22:37.190 D/DB      ( 3494): cursor 1
07-14 12:22:37.190 D/DB      ( 3494): moveToPos: 0
07-14 12:22:37.190 D/DB      ( 3494): onMove: 0
07-14 12:22:37.190 D/DB      ( 3494): moveToPos: 1
07-14 12:22:37.198 E/DB      ( 3494): bind, index: 1, value: 0
07-14 12:22:37.198 E/DB      ( 3494): bind, index: 2, value: 2
07-14 12:22:37.198 D/DB      ( 3494): query: SQLiteQuery: SELECT _id FROM Mailbox WHERE type=? and accountKey=? LIMIT 1
07-14 12:22:37.198 D/DB      ( 3494): factory null
07-14 12:22:37.198 D/DB      ( 3494): fillWindow: 0
07-14 12:22:37.198 D/DB      ( 3494): cursor 0
07-14 12:22:37.198 D/DB      ( 3494): moveToPos: 0
07-14 12:22:37.198 W/Email   ( 3494): Could not load INBOX for account id: 2
07-14 12:22:37.198 D/DB      ( 3494): query: SQLiteQuery: SELECT _id FROM Account WHERE flags&1 != 0
07-14 12:22:37.198 D/DB      ( 3494): factory null
07-14 12:22:37.198 D/DB      ( 3494): fillWindow: 0
07-14 12:22:37.205 D/DB      ( 3494): cursor 1
07-14 12:22:37.205 D/DB      ( 3494): moveToPos: 0
07-14 12:22:37.205 D/DB      ( 3494): onMove: 0
07-14 12:22:37.205 D/DB      ( 3494): moveToPos: 1
07-14 12:22:37.205 E/DB      ( 3494): bind, index: 1, value: 0
07-14 12:22:37.205 E/DB      ( 3494): bind, index: 2, value: 2
07-14 12:22:37.205 D/DB      ( 3494): query: SQLiteQuery: SELECT _id FROM Mailbox WHERE type=? and accountKey=? LIMIT 1
07-14 12:22:37.213 D/DB      ( 3494): factory null
07-14 12:22:37.213 D/DB      ( 3494): fillWindow: 0
07-14 12:22:37.213 D/DB      ( 3494): cursor 0
07-14 12:22:37.213 D/DB      ( 3494): moveToPos: 0
07-14 12:22:37.213 W/Email   ( 3494): Could not load INBOX for account id: 2
07-14 12:22:37.213 D/DB      ( 3494): query: SQLiteQuery: SELECT _id FROM Account WHERE flags&1 != 0
07-14 12:22:37.213 D/DB      ( 3494): factory null
07-14 12:22:37.213 D/DB      ( 3494): fillWindow: 0
07-14 12:22:37.213 D/DB      ( 3494): cursor 1
07-14 12:22:37.213 D/DB      ( 3494): moveToPos: 0
07-14 12:22:37.221 D/DB      ( 3494): onMove: 0
07-14 12:22:37.221 E/DB      ( 3494): bind, index: 1, value: 0
07-14 12:22:37.221 E/DB      ( 3494): bind, index: 2, value: 2
07-14 12:22:37.221 D/DB      ( 3494): query: SQLiteQuery: SELECT _id FROM Mailbox WHERE type=? and accountKey=? LIMIT 1
07-14 12:22:37.221 D/DB      ( 3494): factory null
07-14 12:22:37.221 D/DB      ( 3494): fillWindow: 0
07-14 12:22:37.221 D/DB      ( 3494): cursor 0
07-14 12:22:37.221 D/DB      ( 3494): moveToPos: 0
07-14 12:22:37.221 W/Email   ( 3494): Could not load INBOX for account id: 2
07-14 12:22:37.221 D/DB      ( 3494): moveToPos: 1
07-14 12:22:37.229 D/DB      ( 3494): query: SQLiteQuery: SELECT _id FROM Account WHERE flags&1 != 0
07-14 12:22:37.229 D/DB      ( 3494): factory null
07-14 12:22:37.229 D/DB      ( 3494): fillWindow: 0
07-14 12:22:37.229 D/DB      ( 3494): cursor 1
07-14 12:22:37.229 D/DB      ( 3494): moveToPos: 0
07-14 12:22:37.229 D/DB      ( 3494): onMove: 0
07-14 12:22:37.237 E/DB      ( 3494): bind, index: 1, value: 0
07-14 12:22:37.237 E/DB      ( 3494): bind, index: 2, value: 2
07-14 12:22:37.237 D/DB      ( 3494): query: SQLiteQuery: SELECT _id FROM Mailbox WHERE type=? and accountKey=? LIMIT 1
07-14 12:22:37.237 D/DB      ( 3494): factory null
07-14 12:22:37.237 D/DB      ( 3494): fillWindow: 0
07-14 12:22:37.237 D/DB      ( 3494): cursor 0
07-14 12:22:37.237 D/DB      ( 3494): moveToPos: 0
07-14 12:22:37.237 W/Email   ( 3494): Could not load INBOX for account id: 2
07-14 12:22:37.237 D/DB      ( 3494): moveToPos: 1
07-14 12:22:37.260 D/ProfileManager( 3494): [null:-1]->Policy com.pekall.browser.restrictions: Enforced state has changed
07-14 12:22:37.260 D/ProfileManager( 3494): [null:-1]->Policy com.pekall.browser.restrictions: Old Enforced Policies: null
07-14 12:22:37.260 D/ProfileManager( 3494): [null:-1]->Policy com.pekall.browser.restrictions: New Enforced Policies: null
07-14 12:22:37.260 D/PolicyProvider( 3494): [null:-1]->URI changed: content://com.pekall.emdm.policy/enforced-policy
07-14 12:22:37.260 D/ProfileManager( 3494): [null:-1]->Policy com.pekall.browser.restrictions: OOC state has changed
07-14 12:22:37.260 D/ProfileManager( 3494): [null:-1]->Policy com.pekall.browser.restrictions: Old OOC state: null
07-14 12:22:37.260 D/ProfileManager( 3494): [null:-1]->Policy com.pekall.browser.restrictions: New OOC state: null
07-14 12:22:37.260 D/PolicyProvider( 3494): [null:-1]->URI changed: content://com.pekall.emdm.policy/ooc_state_summary
07-14 12:22:37.260 D/PolicyProvider( 3494): [null:-1]->URI changed: content://com.pekall.emdm.policy/ooc_state
07-14 12:22:37.682 V/DEBUG   ( 3494): HTTP 1
07-14 12:22:37.690 D/MdmDatabaseHelper( 3494): [null:-1]->update command 8a80888e4732aed50147331b876c047f to status executed
07-14 12:22:37.729 D/NetworkThread( 3494): [null:-1]->queue is empty, thread wait...
07-14 12:22:37.791 D/MdmService( 3494): [null:-1]->handleCheckInResult
07-14 12:22:37.791 D/MdmService( 3494): [null:-1]->handleCheckInResult result keyIndex: 3
07-14 12:22:37.791 D/HandleCommandTask( 3494): [null:-1]->execute command msg but beanBase is null
07-14 12:22:37.791 D/MdmStatusManager( 3494): [null:-1]->change status to : Idle
07-14 12:22:38.276 I/TransInfo( 3494): TransInfo created, id: 5, class: class com.pekall.emdm.transaction.b.p
07-14 12:22:38.276 D/NetworkThread( 3494): [null:-1]->----isRunning-----true
07-14 12:22:38.276 D/NetworkThread( 3494): [null:-1]->----isRunning-----true
07-14 12:22:38.276 D/NetworkThread( 3494): [null:-1]->thread wakeup
07-14 12:22:38.276 D/HttpClient( 3494): enable apache.http debug
07-14 12:22:38.291 V/DEBUG   ( 3494): HTTP 0
07-14 12:22:38.541 D/MDM :   ( 3494): [null:-1]->MSG_WEBSOCKET_MESSAGE : {"id":-810272141,"type":0,"command":0,"result":0,"reason":0,"params":{"msgId":"a7558032-86d3-47b5-aec7-a87482233436,a755803286d347b5aec7a87482233436","device":"ffffffffc539bb10fffffffff7aea961","message":"{\"cmd\":\"10119\"}"}}
07-14 12:22:38.549 V/DEBUG   ( 3494): HTTP 1
07-14 12:22:38.549 D/MdmService( 3494): [null:-1]->push message type :0
07-14 12:22:38.549 D/MdmService( 3494): [null:-1]->cmdMessage : {"cmd":"10119"}
07-14 12:22:38.549 D/MdmService( 3494): [null:-1]->command : PushCommandMsg{cmd='10119', msg='null'}
07-14 12:22:38.549 D/MDM :   ( 3494): [null:-1]->PUSH CMD: 10119
07-14 12:22:38.549 D/NetworkThread( 3494): [null:-1]->queue is empty, thread wait...
07-14 12:22:38.557 D/MdmStatusManager( 3494): [null:-1]->change status to : Busy
07-14 12:22:38.557 D/DB      ( 3494): query: SQLiteQuery: SELECT content, command_status, status FROM command WHERE status!=2
07-14 12:22:38.557 D/DB      ( 3494): factory null
07-14 12:22:38.557 D/DB      ( 3494): fillWindow: 0
07-14 12:22:38.557 D/DB      ( 3494): cursor 0
07-14 12:22:38.557 D/DB      ( 3494): moveToPos: 0
07-14 12:22:38.557 I/TransInfo( 3494): TransInfo created, id: 3, class: class com.pekall.emdm.transaction.b.c
07-14 12:22:38.557 D/NetworkThread( 3494): [null:-1]->----isRunning-----true
07-14 12:22:38.557 D/NetworkThread( 3494): [null:-1]->----isRunning-----true
07-14 12:22:38.557 D/NetworkThread( 3494): [null:-1]->thread wakeup
07-14 12:22:38.565 D/HttpClient( 3494): enable apache.http debug
07-14 12:22:38.565 V/DEBUG   ( 3494): HTTP 0
07-14 12:22:38.651 D/dalvikvm( 3494): GC_CONCURRENT freed 2963K, 21% free 18798K/23728K, paused 5ms+7ms, total 72ms
07-14 12:22:39.557 D/AndroidRuntime( 5139): 
07-14 12:22:39.557 D/AndroidRuntime( 5139): >>>>>> AndroidRuntime START com.android.internal.os.RuntimeInit <<<<<<
07-14 12:22:39.557 D/AndroidRuntime( 5139): CheckJNI is OFF
07-14 12:22:39.573 D/dalvikvm( 5139): Trying to load lib libjavacore.so 0x0
07-14 12:22:39.580 D/dalvikvm( 5139): Added shared lib libjavacore.so 0x0
07-14 12:22:39.596 D/dalvikvm( 5139): Trying to load lib libnativehelper.so 0x0
07-14 12:22:39.596 D/dalvikvm( 5139): Added shared lib libnativehelper.so 0x0
07-14 12:22:39.846 D/AndroidRuntime( 5139): Calling main entry com.android.commands.uiautomator.Launcher
07-14 12:22:39.862 E/UiDevice( 5139): Exceuting watcher: ANRWatcher
07-14 12:22:39.862 E/UiDevice( 5139): java.lang.RuntimeException: UiDevice not initialized
07-14 12:22:39.862 E/UiDevice( 5139): 	at com.android.uiautomator.core.UiDevice.getAutomatorBridge(UiDevice.java:87)
07-14 12:22:39.862 E/UiDevice( 5139): 	at com.android.uiautomator.core.UiDevice.wakeUp(UiDevice.java:719)
07-14 12:22:39.862 E/UiDevice( 5139): 	at com.pekall.test.mdmui.util.UiANRWatcher.checkForCondition(UiANRWatcher.java:23)
07-14 12:22:39.862 E/UiDevice( 5139): 	at com.android.uiautomator.core.UiDevice.runWatchers(UiDevice.java:554)
07-14 12:22:39.862 E/UiDevice( 5139): 	at com.pekall.test.mdmui.util.UiANRWatcher.run(UiANRWatcher.java:41)
07-14 12:22:39.862 E/UiDevice( 5139): 	at com.pekall.test.mdmui.PloyAndConfig.<clinit>(PloyAndConfig.java:22)
07-14 12:22:39.862 E/UiDevice( 5139): 	at java.lang.Class.newInstanceImpl(Native Method)
07-14 12:22:39.862 E/UiDevice( 5139): 	at java.lang.Class.newInstance(Class.java:1130)
07-14 12:22:39.862 E/UiDevice( 5139): 	at com.android.uiautomator.testrunner.TestCaseCollector.addSingleTestMethod(TestCaseCollector.java:110)
07-14 12:22:39.862 E/UiDevice( 5139): 	at com.android.uiautomator.testrunner.TestCaseCollector.addTestClass(TestCaseCollector.java:86)
07-14 12:22:39.862 E/UiDevice( 5139): 	at com.android.uiautomator.testrunner.TestCaseCollector.addTestClass(TestCaseCollector.java:72)
07-14 12:22:39.862 E/UiDevice( 5139): 	at com.android.uiautomator.testrunner.TestCaseCollector.addTestClasses(TestCaseCollector.java:53)
07-14 12:22:39.862 E/UiDevice( 5139): 	at com.android.uiautomator.testrunner.UiAutomatorTestRunner.start(UiAutomatorTestRunner.java:106)
07-14 12:22:39.862 E/UiDevice( 5139): 	at com.android.uiautomator.testrunner.UiAutomatorTestRunner.run(UiAutomatorTestRunner.java:96)
07-14 12:22:39.862 E/UiDevice( 5139): 	at com.android.commands.uiautomator.RunTestCommand.run(RunTestCommand.java:91)
07-14 12:22:39.862 E/UiDevice( 5139): 	at com.android.commands.uiautomator.Launcher.main(Launcher.java:83)
07-14 12:22:39.862 E/UiDevice( 5139): 	at com.android.internal.os.RuntimeInit.nativeFinishInit(Native Method)
07-14 12:22:39.862 E/UiDevice( 5139): 	at com.android.internal.os.RuntimeInit.main(RuntimeInit.java:235)
07-14 12:22:39.862 E/UiDevice( 5139): 	at dalvik.system.NativeStart.main(Native Method)
07-14 12:22:39.893 D/dalvikvm( 5139): Note: class Landroid/app/ActivityManagerNative; has 163 unimplemented (abstract) methods
07-14 12:22:39.955 I/PowerManagerService(  374): Waking up from sleep...
07-14 12:22:40.057 I/WindowManager(  374): Lock screen displayed!
07-14 12:22:40.143 V/DEBUG   ( 3494): HTTP 1
07-14 12:22:40.151 D/MDM :   ( 3494): [null:-1]->read network input stream
07-14 12:22:40.158 D/CheckInTransInfo( 3494): [null:-1]->CommandMsg : CommandMsg{CommandUUID='8a80888e4732aed50147331bb07c0481', Command=CommandObject{RequestType='SecurityInfo'}}
07-14 12:22:40.158 D/DB      ( 3494): query: SQLiteQuery: SELECT * FROM command WHERE cmd_uuid='8a80888e4732aed50147331bb07c0481'
07-14 12:22:40.158 D/DB      ( 3494): factory null
07-14 12:22:40.158 D/DB      ( 3494): fillWindow: 0
07-14 12:22:40.158 D/DB      ( 3494): cursor 0
07-14 12:22:40.205 D/NetworkThread( 3494): [null:-1]->queue is empty, thread wait...
07-14 12:22:40.252 D/dalvikvm( 2019): GC_FOR_ALLOC freed 338K, 7% free 9926K/10588K, paused 22ms, total 23ms
07-14 12:22:40.307 D/PowerManagerService-JNI(  374): Excessive delay in autosuspend_disable() while turning screen on: 346ms
07-14 12:22:40.307 D/SurfaceFlinger(  124): Screen acquired, type=0 flinger=0x41e1a478
07-14 12:22:40.307 D/MdmService( 3494): [null:-1]->handleCheckInResult
07-14 12:22:40.307 D/MdmService( 3494): [null:-1]->handleCheckInResult result keyIndex: 3
07-14 12:22:40.338 V/DigitalWidgetViewsFactory( 2502): DigitalWidget sets next alarm string to null
07-14 12:22:40.393 D/LightsService(  374): Excessive delay setting light: 84ms
07-14 12:22:40.479 D/CommandManager( 3494): [null:-1]->execute command: CommandMsg{CommandUUID='8a80888e4732aed50147331bb07c0481', Command=CommandObject{RequestType='SecurityInfo'}}
07-14 12:22:40.487 D/LightsService(  374): Excessive delay setting light: 94ms
07-14 12:22:40.705 D/AndroidRuntime( 5157): 
07-14 12:22:40.705 D/AndroidRuntime( 5157): >>>>>> AndroidRuntime START com.android.internal.os.RuntimeInit <<<<<<
07-14 12:22:40.705 D/AndroidRuntime( 5157): CheckJNI is OFF
07-14 12:22:40.721 D/dalvikvm( 5157): Trying to load lib libjavacore.so 0x0
07-14 12:22:40.729 D/dalvikvm( 5157): Added shared lib libjavacore.so 0x0
07-14 12:22:40.744 D/dalvikvm( 5157): Trying to load lib libnativehelper.so 0x0
07-14 12:22:40.744 D/dalvikvm( 5157): Added shared lib libnativehelper.so 0x0
07-14 12:22:41.018 D/AndroidRuntime( 5157): Calling main entry com.qihoo360.powerctl.root.app.App
07-14 12:22:41.018 D/AndroidRuntime( 5157): Shutting down VM
07-14 12:22:41.026 D/dalvikvm( 5157): GC_CONCURRENT freed 115K, 22% free 467K/592K, paused 1ms+0ms, total 4ms
07-14 12:22:41.073 I/TransInfo( 3494): TransInfo created, id: 3, class: class com.pekall.emdm.transaction.b.c
07-14 12:22:41.073 D/NetworkThread( 3494): [null:-1]->----isRunning-----true
07-14 12:22:41.073 D/NetworkThread( 3494): [null:-1]->----isRunning-----true
07-14 12:22:41.073 D/NetworkThread( 3494): [null:-1]->thread wakeup
07-14 12:22:41.088 D/HttpClient( 3494): enable apache.http debug
07-14 12:22:41.088 V/DEBUG   ( 3494): HTTP 0
07-14 12:22:41.776 V/DEBUG   ( 3494): HTTP 1
07-14 12:22:41.783 D/MdmDatabaseHelper( 3494): [null:-1]->update command 8a80888e4732aed50147331bb07c0481 to status executed
07-14 12:22:41.815 D/NetworkThread( 3494): [null:-1]->queue is empty, thread wait...
07-14 12:22:41.838 I/QueryController( 5139): Matched selector: UiSelector[DESCRIPTION=] <<==>> [android.view.accessibility.AccessibilityNodeInfo@fa90d; boundsInParent: Rect(0, 0 - 720, 756); boundsInScreen: Rect(0, 547 - 720, 1303); packageName: android; className: android.view.View; text: null; contentDescription: ; viewIdResName: android:id/glow_pad_view; checkable: false; checked: false; focusable: false; focused: false; selected: false; clickable: false; longClickable: false; enabled: true; password: false; scrollable: false; [ACTION_SELECT, ACTION_CLEAR_SELECTION, ACTION_ACCESSIBILITY_FOCUS, ACTION_NEXT_AT_MOVEMENT_GRANULARITY, ACTION_PREVIOUS_AT_MOVEMENT_GRANULARITY, ACTION_SET_SELECTION]]
07-14 12:22:41.854 W/GlowPadView(  374): The number of target drawables must be equal to the number of direction descriptions.
07-14 12:22:41.885 D/MdmService( 3494): [null:-1]->handleCheckInResult
07-14 12:22:41.885 D/MdmService( 3494): [null:-1]->handleCheckInResult result keyIndex: 3
07-14 12:22:41.885 D/HandleCommandTask( 3494): [null:-1]->execute command msg but beanBase is null
07-14 12:22:41.885 D/MdmStatusManager( 3494): [null:-1]->change status to : Idle
07-14 12:22:42.213 D/MdmApplication( 3494): [null:-1]->onActivityStarted contacts.activities.DialtactsActivity , mActivityCount = 0
07-14 12:22:42.213 E/Mdm     ( 3494): Call Mdm service's setLastExitTime function
07-14 12:22:42.213 D/MDM :   ( 3494): [null:-1]->query
07-14 12:22:42.213 D/MDM :   ( 3494): [null:-1]->QUERY_SETTING_PIN_TIMEOUT
07-14 12:22:42.213 D/MDM :   ( 3494): [null:-1]->query
07-14 12:22:42.213 D/MDM :   ( 3494): [null:-1]->QUERY_SETTING_PIN_CODE
07-14 12:22:42.221 D/MDM :   ( 3494): [null:-1]->query
07-14 12:22:42.221 D/MDM :   ( 3494): [null:-1]->QUERY_PINCODE_CHECK_RESULT
07-14 12:22:42.229 D/PhoneStatusBar(  450): disable: < expand icons alerts ticker system_info BACK HOME recent* CLOCK search >
07-14 12:22:42.237 E/CursorWindow( 3494): Failed to read row 0, column -1 from a CursorWindow which has 38 rows, 9 columns.
07-14 12:22:42.237 D/CallLogAdapter( 3494): java.lang.IllegalStateException: Couldn't read row 0, col -1 from CursorWindow.  Make sure the Cursor is initialized correctly before accessing data from it.
07-14 12:22:42.237 D/CallLogAdapter( 3494): ======no department find======
07-14 12:22:42.237 D/CALLLOGADAPTER( 3494): ++++++++++++++++++================================
07-14 12:22:42.237 D/ContactsProvider( 3494): [Contacts] query 'content://emdmcontacts/company_calllogs', segment size: 1
07-14 12:22:42.244 D/CallLogAdapter( 3494): quickContactView.number=============13220164537
07-14 12:22:42.244 D/CallLogAdapter( 3494): quickContactView.contactUri=============null
07-14 12:22:42.244 D/ContactsProvider( 3494): [Contacts] query 'content://emdmcontacts/contacts', segment size: 1
07-14 12:22:42.252 E/CursorWindow( 3494): Failed to read row 1, column -1 from a CursorWindow which has 38 rows, 9 columns.
07-14 12:22:42.260 D/CallLogAdapter( 3494): java.lang.IllegalStateException: Couldn't read row 1, col -1 from CursorWindow.  Make sure the Cursor is initialized correctly before accessing data from it.
07-14 12:22:42.260 D/CallLogAdapter( 3494): ======no department find======
07-14 12:22:42.260 D/CALLLOGADAPTER( 3494): ++++++++++++++++++================================
07-14 12:22:42.260 D/ContactsProvider( 3494): [Contacts] query 'content://emdmcontacts/company_calllogs', segment size: 1
07-14 12:22:42.260 D/NfcService(  582): NFC-C ON
07-14 12:22:42.276 D/CallLogAdapter( 3494): quickContactView.number=============01056299605
07-14 12:22:42.276 D/CallLogAdapter( 3494): quickContactView.contactUri=============null
07-14 12:22:42.276 D/ContactsProvider( 3494): [Contacts] query 'content://emdmcontacts/contacts', segment size: 1
07-14 12:22:42.283 E/CursorWindow( 3494): Failed to read row 4, column -1 from a CursorWindow which has 38 rows, 9 columns.
07-14 12:22:42.283 D/CallLogAdapter( 3494): java.lang.IllegalStateException: Couldn't read row 4, col -1 from CursorWindow.  Make sure the Cursor is initialized correctly before accessing data from it.
07-14 12:22:42.283 D/CallLogAdapter( 3494): ======no department find======
07-14 12:22:42.283 D/CALLLOGADAPTER( 3494): ++++++++++++++++++================================
07-14 12:22:42.283 D/ContactsProvider( 3494): [Contacts] query 'content://emdmcontacts/company_calllogs', segment size: 1
07-14 12:22:42.299 D/CallLogAdapter( 3494): quickContactView.number=============13263318053
07-14 12:22:42.299 D/CallLogAdapter( 3494): quickContactView.contactUri=============null
07-14 12:22:42.299 D/ContactsProvider( 3494): [Contacts] query 'content://emdmcontacts/contacts', segment size: 1
07-14 12:22:42.307 E/CursorWindow( 3494): Failed to read row 5, column -1 from a CursorWindow which has 38 rows, 9 columns.
07-14 12:22:42.307 D/CallLogAdapter( 3494): java.lang.IllegalStateException: Couldn't read row 5, col -1 from CursorWindow.  Make sure the Cursor is initialized correctly before accessing data from it.
07-14 12:22:42.307 D/CallLogAdapter( 3494): ======no department find======
07-14 12:22:42.307 D/CALLLOGADAPTER( 3494): ++++++++++++++++++================================
07-14 12:22:42.315 D/ContactsProvider( 3494): [Contacts] query 'content://emdmcontacts/company_calllogs', segment size: 1
07-14 12:22:42.323 D/CallLogAdapter( 3494): quickContactView.number=============13522849951
07-14 12:22:42.323 D/CallLogAdapter( 3494): quickContactView.contactUri=============null
07-14 12:22:42.323 D/ContactsProvider( 3494): [Contacts] query 'content://emdmcontacts/contacts', segment size: 1
07-14 12:22:42.338 E/CursorWindow( 3494): Failed to read row 6, column -1 from a CursorWindow which has 38 rows, 9 columns.
07-14 12:22:42.338 D/CallLogAdapter( 3494): java.lang.IllegalStateException: Couldn't read row 6, col -1 from CursorWindow.  Make sure the Cursor is initialized correctly before accessing data from it.
07-14 12:22:42.338 D/CallLogAdapter( 3494): ======no department find======
07-14 12:22:42.338 D/CALLLOGADAPTER( 3494): ++++++++++++++++++================================
07-14 12:22:42.338 D/ContactsProvider( 3494): [Contacts] query 'content://emdmcontacts/company_calllogs', segment size: 1
07-14 12:22:42.346 D/CallLogAdapter( 3494): quickContactView.number=============15010093591
07-14 12:22:42.346 D/CallLogAdapter( 3494): quickContactView.contactUri=============null
07-14 12:22:42.346 D/ContactsProvider( 3494): [Contacts] query 'content://emdmcontacts/contacts', segment size: 1
07-14 12:22:42.369 V/PhoneStatusBar(  450): setLightsOn(true)
07-14 12:22:42.369 D/PhoneStatusBar(  450): disable: < expand icons alerts ticker system_info back* home* recent clock* search >
07-14 12:22:42.416 W/InputMethodManagerService(  374): Window already focused, ignoring focus gain of: com.android.internal.view.IInputMethodClient$Stub$Proxy@42f71310 attribute=android.view.inputmethod.EditorInfo@42fdb0c0, token = android.os.BinderProxy@42f55040
07-14 12:22:42.424 D/ContactsProvider( 3494): [Contacts] query 'content://emdmcontacts/company_calllogs', segment size: 1
07-14 12:22:42.440 D/Assistant( 3494): [---null: -1---]  changeCursor
07-14 12:22:42.448 D/Assistant( 3494): [---null: -1---]  findGroups
07-14 12:22:42.448 D/Assistant( 3494): [---null: -1---]  addGroup
07-14 12:22:42.455 D/Assistant( 3494): [---null: -1---]  addGroup
07-14 12:22:42.463 D/Assistant( 3494): [---null: -1---]  addGroup
07-14 12:22:42.463 D/Assistant( 3494): [---null: -1---]  addGroup
07-14 12:22:42.463 D/Assistant( 3494): [---null: -1---]  addGroup
07-14 12:22:42.479 E/CursorWindow( 3494): Failed to read row 0, column -1 from a CursorWindow which has 38 rows, 9 columns.
07-14 12:22:42.487 D/CallLogAdapter( 3494): java.lang.IllegalStateException: Couldn't read row 0, col -1 from CursorWindow.  Make sure the Cursor is initialized correctly before accessing data from it.
07-14 12:22:42.487 D/CallLogAdapter( 3494): ======no department find======
07-14 12:22:42.487 D/CALLLOGADAPTER( 3494): ++++++++++++++++++================================
07-14 12:22:42.487 D/ContactsProvider( 3494): [Contacts] query 'content://emdmcontacts/company_calllogs', segment size: 1
07-14 12:22:42.502 D/CallLogAdapter( 3494): quickContactView.number=============13220164537
07-14 12:22:42.502 D/CallLogAdapter( 3494): quickContactView.contactUri=============null
07-14 12:22:42.502 D/ContactsProvider( 3494): [Contacts] query 'content://emdmcontacts/contacts', segment size: 1
07-14 12:22:42.518 E/CursorWindow( 3494): Failed to read row 1, column -1 from a CursorWindow which has 38 rows, 9 columns.
07-14 12:22:42.518 D/CallLogAdapter( 3494): java.lang.IllegalStateException: Couldn't read row 1, col -1 from CursorWindow.  Make sure the Cursor is initialized correctly before accessing data from it.
07-14 12:22:42.518 D/CallLogAdapter( 3494): ======no department find======
07-14 12:22:42.518 D/CALLLOGADAPTER( 3494): ++++++++++++++++++================================
07-14 12:22:42.518 D/ContactsProvider( 3494): [Contacts] query 'content://emdmcontacts/company_calllogs', segment size: 1
07-14 12:22:42.533 D/CallLogAdapter( 3494): quickContactView.number=============01056299605
07-14 12:22:42.533 D/CallLogAdapter( 3494): quickContactView.contactUri=============null
07-14 12:22:42.541 D/ContactsProvider( 3494): [Contacts] query 'content://emdmcontacts/contacts', segment size: 1
07-14 12:22:42.549 E/CursorWindow( 3494): Failed to read row 4, column -1 from a CursorWindow which has 38 rows, 9 columns.
07-14 12:22:42.549 D/CallLogAdapter( 3494): java.lang.IllegalStateException: Couldn't read row 4, col -1 from CursorWindow.  Make sure the Cursor is initialized correctly before accessing data from it.
07-14 12:22:42.549 D/CallLogAdapter( 3494): ======no department find======
07-14 12:22:42.549 D/CALLLOGADAPTER( 3494): ++++++++++++++++++================================
07-14 12:22:42.549 D/ContactsProvider( 3494): [Contacts] query 'content://emdmcontacts/company_calllogs', segment size: 1
07-14 12:22:42.573 D/CallLogAdapter( 3494): quickContactView.number=============13263318053
07-14 12:22:42.573 D/CallLogAdapter( 3494): quickContactView.contactUri=============null
07-14 12:22:42.573 D/ContactsProvider( 3494): [Contacts] query 'content://emdmcontacts/contacts', segment size: 1
07-14 12:22:42.596 E/CursorWindow( 3494): Failed to read row 5, column -1 from a CursorWindow which has 38 rows, 9 columns.
07-14 12:22:42.596 D/CallLogAdapter( 3494): java.lang.IllegalStateException: Couldn't read row 5, col -1 from CursorWindow.  Make sure the Cursor is initialized correctly before accessing data from it.
07-14 12:22:42.596 D/CallLogAdapter( 3494): ======no department find======
07-14 12:22:42.596 D/CALLLOGADAPTER( 3494): ++++++++++++++++++================================
07-14 12:22:42.596 D/ContactsProvider( 3494): [Contacts] query 'content://emdmcontacts/company_calllogs', segment size: 1
07-14 12:22:42.619 D/CallLogAdapter( 3494): quickContactView.number=============13522849951
07-14 12:22:42.619 D/CallLogAdapter( 3494): quickContactView.contactUri=============null
07-14 12:22:42.627 D/ContactsProvider( 3494): [Contacts] query 'content://emdmcontacts/contacts', segment size: 1
07-14 12:22:42.643 E/CursorWindow( 3494): Failed to read row 6, column -1 from a CursorWindow which has 38 rows, 9 columns.
07-14 12:22:42.643 D/CallLogAdapter( 3494): java.lang.IllegalStateException: Couldn't read row 6, col -1 from CursorWindow.  Make sure the Cursor is initialized correctly before accessing data from it.
07-14 12:22:42.643 D/CallLogAdapter( 3494): ======no department find======
07-14 12:22:42.643 D/CALLLOGADAPTER( 3494): ++++++++++++++++++================================
07-14 12:22:42.651 D/ContactsProvider( 3494): [Contacts] query 'content://emdmcontacts/company_calllogs', segment size: 1
07-14 12:22:42.674 D/CallLogAdapter( 3494): quickContactView.number=============15010093591
07-14 12:22:42.674 D/CallLogAdapter( 3494): quickContactView.contactUri=============null
07-14 12:22:42.674 D/ContactsProvider( 3494): [Contacts] query 'content://emdmcontacts/contacts', segment size: 1
07-14 12:22:42.744 V/TAG     (  374): bug 7643792: fitSystemWindows([0,50][0,0])
07-14 12:22:42.932 I/RootJni ( 5181): su: permission denied
07-14 12:22:42.932 D/AndroidRuntime( 5180): 
07-14 12:22:42.932 D/AndroidRuntime( 5180): >>>>>> AndroidRuntime START com.android.internal.os.RuntimeInit <<<<<<
07-14 12:22:42.932 D/AndroidRuntime( 5180): CheckJNI is OFF
07-14 12:22:42.948 D/dalvikvm( 5180): Trying to load lib libjavacore.so 0x0
07-14 12:22:42.955 D/dalvikvm( 5180): Added shared lib libjavacore.so 0x0
07-14 12:22:42.979 D/dalvikvm( 5180): Trying to load lib libnativehelper.so 0x0
07-14 12:22:42.979 D/dalvikvm( 5180): Added shared lib libnativehelper.so 0x0
07-14 12:22:42.994 D/dalvikvm( 1052): GC_CONCURRENT freed 575K, 10% free 10080K/11168K, paused 4ms+3ms, total 55ms
07-14 12:22:43.221 D/AndroidRuntime( 5180): Calling main entry com.qihoo360.powerctl.root.app.App
07-14 12:22:43.229 D/AndroidRuntime( 5180): Shutting down VM
07-14 12:22:43.229 D/dalvikvm( 5180): GC_CONCURRENT freed 115K, 21% free 467K/592K, paused 0ms+0ms, total 3ms
07-14 12:22:43.346 I/ActivityManager(  374): START u0 {act=android.intent.action.MAIN cat=[android.intent.category.HOME] flg=0x10200000 cmp=com.android.launcher/com.android.launcher2.Launcher} from pid 374
07-14 12:22:43.354 D/MdmApplication( 3494): [null:-1]->onActivityPaused contacts.activities.DialtactsActivity , mActivityCount = 1
07-14 12:22:43.362 D/MDM :   ( 3494): [null:-1]->query
07-14 12:22:43.362 D/MDM :   ( 3494): [null:-1]->QUERY_PINCODE_CHECK_RESULT
07-14 12:22:43.362 E/Mdm     ( 3494): Call Mdm service's setLastExitTime function
07-14 12:22:43.424 D/dalvikvm(  450): GC_FOR_ALLOC freed 1207K, 12% free 13595K/15348K, paused 44ms, total 47ms
07-14 12:22:43.588 D/dalvikvm(  595): GC_FOR_ALLOC freed 1622K, 14% free 14806K/17168K, paused 39ms, total 39ms
07-14 12:22:44.158 W/ResourceType(  595): No known package when getting name for resource number 0x9c020000
07-14 12:22:44.158 W/ResourceType(  595): No known package when getting name for resource number 0x9c020002
07-14 12:22:44.221 W/ResourceType(  595): No known package when getting name for resource number 0x9b000000
07-14 12:22:44.221 W/ResourceType(  595): No known package when getting name for resource number 0x9b010100
07-14 12:22:44.221 W/ResourceType(  595): No known package when getting name for resource number 0x9b030300
07-14 12:22:44.221 W/ResourceType(  595): No known package when getting name for resource number 0x9b040400
07-14 12:22:44.229 I/QueryController( 5139): Matched selector: UiSelector[DESCRIPTION=, PACKAGE NAME=com.android.launcher] <<==>> [android.view.accessibility.AccessibilityNodeInfo@1fe6e; boundsInParent: Rect(524232, 0 - 524360, 128); boundsInScreen: Rect(296, 1040 - 424, 1168); packageName: com.android.launcher; className: android.widget.TextView; text: null; contentDescription: ; viewIdResName: null; checkable: false; checked: false; focusable: true; focused: false; selected: false; clickable: true; longClickable: false; enabled: true; password: false; scrollable: false; [ACTION_FOCUS, ACTION_SELECT, ACTION_CLEAR_SELECTION, ACTION_CLICK, ACTION_ACCESSIBILITY_FOCUS]]
07-14 12:22:44.237 D/InteractionController( 5139): clickAndWaitForNewWindow(360, 1104)
07-14 12:22:45.088 I/QueryController( 5139): Matched selector: UiSelector[TEXT=] <<==>> [android.view.accessibility.AccessibilityNodeInfo@2fdb2; boundsInParent: Rect(0, 0 - 148, 184); boundsInScreen: Rect(16, 958 - 164, 1142); packageName: com.android.launcher; className: android.widget.TextView; text: ; contentDescription: null; viewIdResName: null; checkable: false; checked: false; focusable: true; focused: false; selected: false; clickable: true; longClickable: true; enabled: true; password: false; scrollable: false; [ACTION_FOCUS, ACTION_SELECT, ACTION_CLEAR_SELECTION, ACTION_CLICK, ACTION_LONG_CLICK, ACTION_ACCESSIBILITY_FOCUS, ACTION_NEXT_AT_MOVEMENT_GRANULARITY, ACTION_PREVIOUS_AT_MOVEMENT_GRANULARITY, ACTION_SET_SELECTION]]
07-14 12:22:45.119 I/QueryController( 5139): Matched selector: UiSelector[TEXT=] <<==>> [android.view.accessibility.AccessibilityNodeInfo@2fdb2; boundsInParent: Rect(0, 0 - 148, 184); boundsInScreen: Rect(16, 958 - 164, 1142); packageName: com.android.launcher; className: android.widget.TextView; text: ; contentDescription: null; viewIdResName: null; checkable: false; checked: false; focusable: true; focused: false; selected: false; clickable: true; longClickable: true; enabled: true; password: false; scrollable: false; [ACTION_FOCUS, ACTION_SELECT, ACTION_CLEAR_SELECTION, ACTION_CLICK, ACTION_LONG_CLICK, ACTION_ACCESSIBILITY_FOCUS, ACTION_NEXT_AT_MOVEMENT_GRANULARITY, ACTION_PREVIOUS_AT_MOVEMENT_GRANULARITY, ACTION_SET_SELECTION]]
07-14 12:22:45.127 D/InteractionController( 5139): clickAndWaitForNewWindow(90, 1050)
07-14 12:22:45.260 I/ActivityManager(  374): START u0 {act=android.intent.action.MAIN cat=[android.intent.category.LAUNCHER] flg=0x10200000 cmp=com.pekall.emdm/.ui.SplashActivity} from pid 595
07-14 12:22:45.416 D/dalvikvm(  374): GC_FOR_ALLOC freed 2269K, 23% free 18983K/24360K, paused 89ms, total 89ms
07-14 12:22:45.448 D/MdmApplication( 3494): [null:-1]->onActivityStarted contacts.activities.DialtactsActivity , mActivityCount = 0
07-14 12:22:45.448 E/Mdm     ( 3494): Call Mdm service's setLastExitTime function
07-14 12:22:45.455 D/MDM :   ( 3494): [null:-1]->query
07-14 12:22:45.455 D/MDM :   ( 3494): [null:-1]->QUERY_SETTING_PIN_TIMEOUT
07-14 12:22:45.455 D/MDM :   ( 3494): [null:-1]->query
07-14 12:22:45.455 D/MDM :   ( 3494): [null:-1]->QUERY_PINCODE_CHECK_RESULT
07-14 12:22:45.471 D/ContactsProvider( 3494): [Contacts] query 'content://emdmcontacts/company_calllogs', segment size: 1
07-14 12:22:45.479 V/PhoneStatusBar(  450): setLightsOn(true)
07-14 12:22:45.533 D/Assistant( 3494): [---null: -1---]  changeCursor
07-14 12:22:45.541 D/Assistant( 3494): [---null: -1---]  findGroups
07-14 12:22:45.541 D/Assistant( 3494): [---null: -1---]  addGroup
07-14 12:22:45.541 D/Assistant( 3494): [---null: -1---]  addGroup
07-14 12:22:45.541 D/Assistant( 3494): [---null: -1---]  addGroup
07-14 12:22:45.549 D/Assistant( 3494): [---null: -1---]  addGroup
07-14 12:22:45.549 D/Assistant( 3494): [---null: -1---]  addGroup
07-14 12:22:45.573 E/CursorWindow( 3494): Failed to read row 0, column -1 from a CursorWindow which has 38 rows, 9 columns.
07-14 12:22:45.573 D/CallLogAdapter( 3494): java.lang.IllegalStateException: Couldn't read row 0, col -1 from CursorWindow.  Make sure the Cursor is initialized correctly before accessing data from it.
07-14 12:22:45.573 D/CallLogAdapter( 3494): ======no department find======
07-14 12:22:45.573 D/CALLLOGADAPTER( 3494): ++++++++++++++++++================================
07-14 12:22:45.573 D/ContactsProvider( 3494): [Contacts] query 'content://emdmcontacts/company_calllogs', segment size: 1
07-14 12:22:45.588 D/CallLogAdapter( 3494): quickContactView.number=============13220164537
07-14 12:22:45.588 D/CallLogAdapter( 3494): quickContactView.contactUri=============null
07-14 12:22:45.588 D/ContactsProvider( 3494): [Contacts] query 'content://emdmcontacts/contacts', segment size: 1
07-14 12:22:45.596 E/CursorWindow( 3494): Failed to read row 1, column -1 from a CursorWindow which has 38 rows, 9 columns.
07-14 12:22:45.604 D/dalvikvm( 1052): GC_CONCURRENT freed 102K, 8% free 10383K/11168K, paused 4ms+9ms, total 89ms
07-14 12:22:45.604 D/CallLogAdapter( 3494): java.lang.IllegalStateException: Couldn't read row 1, col -1 from CursorWindow.  Make sure the Cursor is initialized correctly before accessing data from it.
07-14 12:22:45.604 D/CallLogAdapter( 3494): ======no department find======
07-14 12:22:45.604 D/CALLLOGADAPTER( 3494): ++++++++++++++++++================================
07-14 12:22:45.604 D/ContactsProvider( 3494): [Contacts] query 'content://emdmcontacts/company_calllogs', segment size: 1
07-14 12:22:45.619 D/CallLogAdapter( 3494): quickContactView.number=============01056299605
07-14 12:22:45.619 D/CallLogAdapter( 3494): quickContactView.contactUri=============null
