07-14 12:22:37.198 D/DB      ( 3494): moveToPos: 0
07-14 12:22:37.198 W/Email   ( 3494): Could not load INBOX for account id: 2
07-14 12:22:37.198 D/DB      ( 3494): query: SQLiteQuery: SELECT _id FROM Account WHERE flags&1 != 0
07-14 12:22:37.198 D/DB      ( 3494): factory null
07-14 12:22:37.198 D/DB      ( 3494): fillWindow: 0
07-14 12:22:37.205 D/DB      ( 3494): cursor 1
07-14 12:22:37.205 D/DB      ( 3494): moveToPos: 0
07-14 12:22:37.205 D/DB      ( 3494): onMove: 0
07-14 12:22:37.205 D/DB      ( 3494): moveToPos: 1
07-14 12:22:37.205 E/DB      ( 3494): bind, index: 1, value: 0
07-14 12:22:37.205 E/DB      ( 3494): bind, index: 2, value: 2
07-14 12:22:37.205 D/DB      ( 3494): query: SQLiteQuery: SELECT _id FROM Mailbox WHERE type=? and accountKey=? LIMIT 1
07-14 12:22:37.213 D/DB      ( 3494): factory null
07-14 12:22:37.213 D/DB      ( 3494): fillWindow: 0
07-14 12:22:37.213 D/DB      ( 3494): cursor 0
07-14 12:22:37.213 D/DB      ( 3494): moveToPos: 0
07-14 12:22:37.213 W/Email   ( 3494): Could not load INBOX for account id: 2
07-14 12:22:37.213 D/DB      ( 3494): query: SQLiteQuery: SELECT _id FROM Account WHERE flags&1 != 0
07-14 12:22:37.213 D/DB      ( 3494): factory null
07-14 12:22:37.213 D/DB      ( 3494): fillWindow: 0
07-14 12:22:37.213 D/DB      ( 3494): cursor 1
07-14 12:22:37.213 D/DB      ( 3494): moveToPos: 0
07-14 12:22:37.221 D/DB      ( 3494): onMove: 0
07-14 12:22:37.221 E/DB      ( 3494): bind, index: 1, value: 0
07-14 12:22:37.221 E/DB      ( 3494): bind, index: 2, value: 2
07-14 12:22:37.221 D/DB      ( 3494): query: SQLiteQuery: SELECT _id FROM Mailbox WHERE type=? and accountKey=? LIMIT 1
07-14 12:22:37.221 D/DB      ( 3494): factory null
07-14 12:22:37.221 D/DB      ( 3494): fillWindow: 0
07-14 12:22:37.221 D/DB      ( 3494): cursor 0
07-14 12:22:37.221 D/DB      ( 3494): moveToPos: 0
07-14 12:22:37.221 W/Email   ( 3494): Could not load INBOX for account id: 2
07-14 12:22:37.221 D/DB      ( 3494): moveToPos: 1
07-14 12:22:37.229 D/DB      ( 3494): query: SQLiteQuery: SELECT _id FROM Account WHERE flags&1 != 0
07-14 12:22:37.229 D/DB      ( 3494): factory null
07-14 12:22:37.229 D/DB      ( 3494): fillWindow: 0
07-14 12:22:37.229 D/DB      ( 3494): cursor 1
07-14 12:22:37.229 D/DB      ( 3494): moveToPos: 0
07-14 12:22:37.229 D/DB      ( 3494): onMove: 0
07-14 12:22:37.237 E/DB      ( 3494): bind, index: 1, value: 0
07-14 12:22:37.237 E/DB      ( 3494): bind, index: 2, value: 2
07-14 12:22:37.237 D/DB      ( 3494): query: SQLiteQuery: SELECT _id FROM Mailbox WHERE type=? and accountKey=? LIMIT 1
07-14 12:22:37.237 D/DB      ( 3494): factory null
07-14 12:22:37.237 D/DB      ( 3494): fillWindow: 0
07-14 12:22:37.237 D/DB      ( 3494): cursor 0
07-14 12:22:37.237 D/DB      ( 3494): moveToPos: 0
07-14 12:22:37.237 W/Email   ( 3494): Could not load INBOX for account id: 2
07-14 12:22:37.237 D/DB      ( 3494): moveToPos: 1
07-14 12:22:37.260 D/ProfileManager( 3494): [null:-1]->Policy com.pekall.browser.restrictions: Enforced state has changed
07-14 12:22:37.260 D/ProfileManager( 3494): [null:-1]->Policy com.pekall.browser.restrictions: Old Enforced Policies: null
07-14 12:22:37.260 D/ProfileManager( 3494): [null:-1]->Policy com.pekall.browser.restrictions: New Enforced Policies: null
07-14 12:22:37.260 D/PolicyProvider( 3494): [null:-1]->URI changed: content://com.pekall.emdm.policy/enforced-policy
07-14 12:22:37.260 D/ProfileManager( 3494): [null:-1]->Policy com.pekall.browser.restrictions: OOC state has changed
07-14 12:22:37.260 D/ProfileManager( 3494): [null:-1]->Policy com.pekall.browser.restrictions: Old OOC state: null
07-14 12:22:37.260 D/ProfileManager( 3494): [null:-1]->Policy com.pekall.browser.restrictions: New OOC state: null
07-14 12:22:37.260 D/PolicyProvider( 3494): [null:-1]->URI changed: content://com.pekall.emdm.policy/ooc_state_summary
07-14 12:22:37.260 D/PolicyProvider( 3494): [null:-1]->URI changed: content://com.pekall.emdm.policy/ooc_state
07-14 12:22:37.682 V/DEBUG   ( 3494): HTTP 1
07-14 12:22:37.690 D/MdmDatabaseHelper( 3494): [null:-1]->update command 8a80888e4732aed50147331b876c047f to status executed
07-14 12:22:37.729 D/NetworkThread( 3494): [null:-1]->queue is empty, thread wait...
07-14 12:22:37.791 D/MdmService( 3494): [null:-1]->handleCheckInResult
07-14 12:22:37.791 D/MdmService( 3494): [null:-1]->handleCheckInResult result keyIndex: 3
07-14 12:22:37.791 D/HandleCommandTask( 3494): [null:-1]->execute command msg but beanBase is null
07-14 12:22:37.791 D/MdmStatusManager( 3494): [null:-1]->change status to : Idle
07-14 12:22:38.276 I/TransInfo( 3494): TransInfo created, id: 5, class: class com.pekall.emdm.transaction.b.p
07-14 12:22:38.276 D/NetworkThread( 3494): [null:-1]->----isRunning-----true
07-14 12:22:38.276 D/NetworkThread( 3494): [null:-1]->----isRunning-----true
07-14 12:22:38.276 D/NetworkThread( 3494): [null:-1]->thread wakeup
07-14 12:22:38.276 D/HttpClient( 3494): enable apache.http debug
07-14 12:22:38.291 V/DEBUG   ( 3494): HTTP 0
07-14 12:22:38.541 D/MDM :   ( 3494): [null:-1]->MSG_WEBSOCKET_MESSAGE : {"id":-810272141,"type":0,"command":0,"result":0,"reason":0,"params":{"msgId":"a7558032-86d3-47b5-aec7-a87482233436,a755803286d347b5aec7a87482233436","device":"ffffffffc539bb10fffffffff7aea961","message":"{\"cmd\":\"10119\"}"}}
07-14 12:22:38.549 V/DEBUG   ( 3494): HTTP 1
07-14 12:22:38.549 D/MdmService( 3494): [null:-1]->push message type :0
07-14 12:22:38.549 D/MdmService( 3494): [null:-1]->cmdMessage : {"cmd":"10119"}
07-14 12:22:38.549 D/MdmService( 3494): [null:-1]->command : PushCommandMsg{cmd='10119', msg='null'}
07-14 12:22:38.549 D/MDM :   ( 3494): [null:-1]->PUSH CMD: 10119
07-14 12:22:38.549 D/NetworkThread( 3494): [null:-1]->queue is empty, thread wait...
07-14 12:22:38.557 D/MdmStatusManager( 3494): [null:-1]->change status to : Busy
07-14 12:22:38.557 D/DB      ( 3494): query: SQLiteQuery: SELECT content, command_status, status FROM command WHERE status!=2
07-14 12:22:38.557 D/DB      ( 3494): factory null
07-14 12:22:38.557 D/DB      ( 3494): fillWindow: 0
07-14 12:22:38.557 D/DB      ( 3494): cursor 0
07-14 12:22:38.557 D/DB      ( 3494): moveToPos: 0
07-14 12:22:38.557 I/TransInfo( 3494): TransInfo created, id: 3, class: class com.pekall.emdm.transaction.b.c
07-14 12:22:38.557 D/NetworkThread( 3494): [null:-1]->----isRunning-----true
07-14 12:22:38.557 D/NetworkThread( 3494): [null:-1]->----isRunning-----true
07-14 12:22:38.557 D/NetworkThread( 3494): [null:-1]->thread wakeup
07-14 12:22:38.565 D/HttpClient( 3494): enable apache.http debug
07-14 12:22:38.565 V/DEBUG   ( 3494): HTTP 0
07-14 12:22:38.651 D/dalvikvm( 3494): GC_CONCURRENT freed 2963K, 21% free 18798K/23728K, paused 5ms+7ms, total 72ms
07-14 12:22:39.557 D/AndroidRuntime( 5139): 
07-14 12:22:39.557 D/AndroidRuntime( 5139): >>>>>> AndroidRuntime START com.android.internal.os.RuntimeInit <<<<<<
07-14 12:22:39.557 D/AndroidRuntime( 5139): CheckJNI is OFF
07-14 12:22:39.573 D/dalvikvm( 5139): Trying to load lib libjavacore.so 0x0
07-14 12:22:39.580 D/dalvikvm( 5139): Added shared lib libjavacore.so 0x0
07-14 12:22:39.596 D/dalvikvm( 5139): Trying to load lib libnativehelper.so 0x0
07-14 12:22:39.596 D/dalvikvm( 5139): Added shared lib libnativehelper.so 0x0
07-14 12:22:39.846 D/AndroidRuntime( 5139): Calling main entry com.android.commands.uiautomator.Launcher
07-14 12:22:39.862 E/UiDevice( 5139): Exceuting watcher: ANRWatcher
07-14 12:22:39.862 E/UiDevice( 5139): java.lang.RuntimeException: UiDevice not initialized
07-14 12:22:39.862 E/UiDevice( 5139): 	at com.android.uiautomator.core.UiDevice.getAutomatorBridge(UiDevice.java:87)
07-14 12:22:39.862 E/UiDevice( 5139): 	at com.android.uiautomator.core.UiDevice.wakeUp(UiDevice.java:719)
07-14 12:22:39.862 E/UiDevice( 5139): 	at com.pekall.test.mdmui.util.UiANRWatcher.checkForCondition(UiANRWatcher.java:23)
07-14 12:22:39.862 E/UiDevice( 5139): 	at com.android.uiautomator.core.UiDevice.runWatchers(UiDevice.java:554)
07-14 12:22:39.862 E/UiDevice( 5139): 	at com.pekall.test.mdmui.util.UiANRWatcher.run(UiANRWatcher.java:41)
07-14 12:22:39.862 E/UiDevice( 5139): 	at com.pekall.test.mdmui.PloyAndConfig.<clinit>(PloyAndConfig.java:22)
07-14 12:22:39.862 E/UiDevice( 5139): 	at java.lang.Class.newInstanceImpl(Native Method)
07-14 12:22:39.862 E/UiDevice( 5139): 	at java.lang.Class.newInstance(Class.java:1130)
07-14 12:22:39.862 E/UiDevice( 5139): 	at com.android.uiautomator.testrunner.TestCaseCollector.addSingleTestMethod(TestCaseCollector.java:110)
07-14 12:22:39.862 E/UiDevice( 5139): 	at com.android.uiautomator.testrunner.TestCaseCollector.addTestClass(TestCaseCollector.java:86)
07-14 12:22:39.862 E/UiDevice( 5139): 	at com.android.uiautomator.testrunner.TestCaseCollector.addTestClass(TestCaseCollector.java:72)
07-14 12:22:39.862 E/UiDevice( 5139): 	at com.android.uiautomator.testrunner.TestCaseCollector.addTestClasses(TestCaseCollector.java:53)
07-14 12:22:39.862 E/UiDevice( 5139): 	at com.android.uiautomator.testrunner.UiAutomatorTestRunner.start(UiAutomatorTestRunner.java:106)
07-14 12:22:39.862 E/UiDevice( 5139): 	at com.android.uiautomator.testrunner.UiAutomatorTestRunner.run(UiAutomatorTestRunner.java:96)
07-14 12:22:39.862 E/UiDevice( 5139): 	at com.android.commands.uiautomator.RunTestCommand.run(RunTestCommand.java:91)
07-14 12:22:39.862 E/UiDevice( 5139): 	at com.android.commands.uiautomator.Launcher.main(Launcher.java:83)
07-14 12:22:39.862 E/UiDevice( 5139): 	at com.android.internal.os.RuntimeInit.nativeFinishInit(Native Method)
07-14 12:22:39.862 E/UiDevice( 5139): 	at com.android.internal.os.RuntimeInit.main(RuntimeInit.java:235)
07-14 12:22:39.862 E/UiDevice( 5139): 	at dalvik.system.NativeStart.main(Native Method)
07-14 12:22:39.893 D/dalvikvm( 5139): Note: class Landroid/app/ActivityManagerNative; has 163 unimplemented (abstract) methods
07-14 12:22:39.955 I/PowerManagerService(  374): Waking up from sleep...
07-14 12:22:40.057 I/WindowManager(  374): Lock screen displayed!
07-14 12:22:40.143 V/DEBUG   ( 3494): HTTP 1
07-14 12:22:40.151 D/MDM :   ( 3494): [null:-1]->read network input stream
07-14 12:22:40.158 D/CheckInTransInfo( 3494): [null:-1]->CommandMsg : CommandMsg{CommandUUID='8a80888e4732aed50147331bb07c0481', Command=CommandObject{RequestType='SecurityInfo'}}
07-14 12:22:40.158 D/DB      ( 3494): query: SQLiteQuery: SELECT * FROM command WHERE cmd_uuid='8a80888e4732aed50147331bb07c0481'
07-14 12:22:40.158 D/DB      ( 3494): factory null
07-14 12:22:40.158 D/DB      ( 3494): fillWindow: 0
07-14 12:22:40.158 D/DB      ( 3494): cursor 0
07-14 12:22:40.205 D/NetworkThread( 3494): [null:-1]->queue is empty, thread wait...
07-14 12:22:40.252 D/dalvikvm( 2019): GC_FOR_ALLOC freed 338K, 7% free 9926K/10588K, paused 22ms, total 23ms
07-14 12:22:40.307 D/PowerManagerService-JNI(  374): Excessive delay in autosuspend_disable() while turning screen on: 346ms
07-14 12:22:40.307 D/SurfaceFlinger(  124): Screen acquired, type=0 flinger=0x41e1a478
07-14 12:22:40.307 D/MdmService( 3494): [null:-1]->handleCheckInResult
07-14 12:22:40.307 D/MdmService( 3494): [null:-1]->handleCheckInResult result keyIndex: 3
07-14 12:22:40.338 V/DigitalWidgetViewsFactory( 2502): DigitalWidget sets next alarm string to null
07-14 12:22:40.393 D/LightsService(  374): Excessive delay setting light: 84ms
07-14 12:22:40.479 D/CommandManager( 3494): [null:-1]->execute command: CommandMsg{CommandUUID='8a80888e4732aed50147331bb07c0481', Command=CommandObject{RequestType='SecurityInfo'}}
07-14 12:22:40.487 D/LightsService(  374): Excessive delay setting light: 94ms
07-14 12:22:40.705 D/AndroidRuntime( 5157): 
07-14 12:22:40.705 D/AndroidRuntime( 5157): >>>>>> AndroidRuntime START com.android.internal.os.RuntimeInit <<<<<<
07-14 12:22:40.705 D/AndroidRuntime( 5157): CheckJNI is OFF
07-14 12:22:40.721 D/dalvikvm( 5157): Trying to load lib libjavacore.so 0x0
07-14 12:22:40.729 D/dalvikvm( 5157): Added shared lib libjavacore.so 0x0
07-14 12:22:40.744 D/dalvikvm( 5157): Trying to load lib libnativehelper.so 0x0
07-14 12:22:40.744 D/dalvikvm( 5157): Added shared lib libnativehelper.so 0x0
07-14 12:22:41.018 D/AndroidRuntime( 5157): Calling main entry com.qihoo360.powerctl.root.app.App
07-14 12:22:41.018 D/AndroidRuntime( 5157): Shutting down VM
07-14 12:22:41.026 D/dalvikvm( 5157): GC_CONCURRENT freed 115K, 22% free 467K/592K, paused 1ms+0ms, total 4ms
07-14 12:22:41.073 I/TransInfo( 3494): TransInfo created, id: 3, class: class com.pekall.emdm.transaction.b.c
07-14 12:22:41.073 D/NetworkThread( 3494): [null:-1]->----isRunning-----true
07-14 12:22:41.073 D/NetworkThread( 3494): [null:-1]->----isRunning-----true
07-14 12:22:41.073 D/NetworkThread( 3494): [null:-1]->thread wakeup
07-14 12:22:41.088 D/HttpClient( 3494): enable apache.http debug
07-14 12:22:41.088 V/DEBUG   ( 3494): HTTP 0
07-14 12:22:41.776 V/DEBUG   ( 3494): HTTP 1
07-14 12:22:41.783 D/MdmDatabaseHelper( 3494): [null:-1]->update command 8a80888e4732aed50147331bb07c0481 to status executed
07-14 12:22:41.815 D/NetworkThread( 3494): [null:-1]->queue is empty, thread wait...
07-14 12:22:41.838 I/QueryController( 5139): Matched selector: UiSelector[DESCRIPTION=滑动区域。] <<==>> [android.view.accessibility.AccessibilityNodeInfo@fa90d; boundsInParent: Rect(0, 0 - 720, 756); boundsInScreen: Rect(0, 547 - 720, 1303); packageName: android; className: android.view.View; text: null; contentDescription: 滑动区域。; viewIdResName: android:id/glow_pad_view; checkable: false; checked: false; focusable: false; focused: false; selected: false; clickable: false; longClickable: false; enabled: true; password: false; scrollable: false; [ACTION_SELECT, ACTION_CLEAR_SELECTION, ACTION_ACCESSIBILITY_FOCUS, ACTION_NEXT_AT_MOVEMENT_GRANULARITY, ACTION_PREVIOUS_AT_MOVEMENT_GRANULARITY, ACTION_SET_SELECTION]]
07-14 12:22:41.854 W/GlowPadView(  374): The number of target drawables must be equal to the number of direction descriptions.
07-14 12:22:41.885 D/MdmService( 3494): [null:-1]->handleCheckInResult
07-14 12:22:41.885 D/MdmService( 3494): [null:-1]->handleCheckInResult result keyIndex: 3
07-14 12:22:41.885 D/HandleCommandTask( 3494): [null:-1]->execute command msg but beanBase is null
07-14 12:22:41.885 D/MdmStatusManager( 3494): [null:-1]->change status to : Idle
07-14 12:22:42.213 D/MdmApplication( 3494): [null:-1]->onActivityStarted contacts.activities.DialtactsActivity , mActivityCount = 0
07-14 12:22:42.213 E/Mdm     ( 3494): Call Mdm service's setLastExitTime function
07-14 12:22:42.213 D/MDM :   ( 3494): [null:-1]->query
07-14 12:22:42.213 D/MDM :   ( 3494): [null:-1]->QUERY_SETTING_PIN_TIMEOUT
07-14 12:22:42.213 D/MDM :   ( 3494): [null:-1]->query
07-14 12:22:42.213 D/MDM :   ( 3494): [null:-1]->QUERY_SETTING_PIN_CODE
07-14 12:22:42.221 D/MDM :   ( 3494): [null:-1]->query
07-14 12:22:42.221 D/MDM :   ( 3494): [null:-1]->QUERY_PINCODE_CHECK_RESULT
07-14 12:22:42.229 D/PhoneStatusBar(  450): disable: < expand icons alerts ticker system_info BACK HOME recent* CLOCK search >
07-14 12:22:42.237 E/CursorWindow( 3494): Failed to read row 0, column -1 from a CursorWindow which has 38 rows, 9 columns.
07-14 12:22:42.237 D/CallLogAdapter( 3494): java.lang.IllegalStateException: Couldn't read row 0, col -1 from CursorWindow.  Make sure the Cursor is initialized correctly before accessing data from it.
07-14 12:22:42.237 D/CallLogAdapter( 3494): ======no department find======
07-14 12:22:42.237 D/CALLLOGADAPTER( 3494): ++++++++++++++++++================================
07-14 12:22:42.237 D/ContactsProvider( 3494): [Contacts] query 'content://emdmcontacts/company_calllogs', segment size: 1
07-14 12:22:42.244 D/CallLogAdapter( 3494): quickContactView.number=============13220164537
07-14 12:22:42.244 D/CallLogAdapter( 3494): quickContactView.contactUri=============null
07-14 12:22:42.244 D/ContactsProvider( 3494): [Contacts] query 'content://emdmcontacts/contacts', segment size: 1
07-14 12:22:42.252 E/CursorWindow( 3494): Failed to read row 1, column -1 from a CursorWindow which has 38 rows, 9 columns.
07-14 12:22:42.260 D/CallLogAdapter( 3494): java.lang.IllegalStateException: Couldn't read row 1, col -1 from CursorWindow.  Make sure the Cursor is initialized correctly before accessing data from it.
07-14 12:22:42.260 D/CallLogAdapter( 3494): ======no department find======
07-14 12:22:42.260 D/CALLLOGADAPTER( 3494): ++++++++++++++++++================================
07-14 12:22:42.260 D/ContactsProvider( 3494): [Contacts] query 'content://emdmcontacts/company_calllogs', segment size: 1
07-14 12:22:42.260 D/NfcService(  582): NFC-C ON
07-14 12:22:42.276 D/CallLogAdapter( 3494): quickContactView.number=============01056299605
07-14 12:22:42.276 D/CallLogAdapter( 3494): quickContactView.contactUri=============null
07-14 12:22:42.276 D/ContactsProvider( 3494): [Contacts] query 'content://emdmcontacts/contacts', segment size: 1
07-14 12:22:42.283 E/CursorWindow( 3494): Failed to read row 4, column -1 from a CursorWindow which has 38 rows, 9 columns.
07-14 12:22:42.283 D/CallLogAdapter( 3494): java.lang.IllegalStateException: Couldn't read row 4, col -1 from CursorWindow.  Make sure the Cursor is initialized correctly before accessing data from it.
07-14 12:22:42.283 D/CallLogAdapter( 3494): ======no department find======
07-14 12:22:42.283 D/CALLLOGADAPTER( 3494): ++++++++++++++++++================================
07-14 12:22:42.283 D/ContactsProvider( 3494): [Contacts] query 'content://emdmcontacts/company_calllogs', segment size: 1
07-14 12:22:42.299 D/CallLogAdapter( 3494): quickContactView.number=============13263318053
07-14 12:22:42.299 D/CallLogAdapter( 3494): quickContactView.contactUri=============null
07-14 12:22:42.299 D/ContactsProvider( 3494): [Contacts] query 'content://emdmcontacts/contacts', segment size: 1
07-14 12:22:42.307 E/CursorWindow( 3494): Failed to read row 5, column -1 from a CursorWindow which has 38 rows, 9 columns.
07-14 12:22:42.307 D/CallLogAdapter( 3494): java.lang.IllegalStateException: Couldn't read row 5, col -1 from CursorWindow.  Make sure the Cursor is initialized correctly before accessing data from it.
07-14 12:22:42.307 D/CallLogAdapter( 3494): ======no department find======
07-14 12:22:42.307 D/CALLLOGADAPTER( 3494): ++++++++++++++++++================================
07-14 12:22:42.315 D/ContactsProvider( 3494): [Contacts] query 'content://emdmcontacts/company_calllogs', segment size: 1
07-14 12:22:42.323 D/CallLogAdapter( 3494): quickContactView.number=============13522849951
07-14 12:22:42.323 D/CallLogAdapter( 3494): quickContactView.contactUri=============null
07-14 12:22:42.323 D/ContactsProvider( 3494): [Contacts] query 'content://emdmcontacts/contacts', segment size: 1
07-14 12:22:42.338 E/CursorWindow( 3494): Failed to read row 6, column -1 from a CursorWindow which has 38 rows, 9 columns.
07-14 12:22:42.338 D/CallLogAdapter( 3494): java.lang.IllegalStateException: Couldn't read row 6, col -1 from CursorWindow.  Make sure the Cursor is initialized correctly before accessing data from it.
07-14 12:22:42.338 D/CallLogAdapter( 3494): ======no department find======
07-14 12:22:42.338 D/CALLLOGADAPTER( 3494): ++++++++++++++++++================================
07-14 12:22:42.338 D/ContactsProvider( 3494): [Contacts] query 'content://emdmcontacts/company_calllogs', segment size: 1
07-14 12:22:42.346 D/CallLogAdapter( 3494): quickContactView.number=============15010093591
07-14 12:22:42.346 D/CallLogAdapter( 3494): quickContactView.contactUri=============null
07-14 12:22:42.346 D/ContactsProvider( 3494): [Contacts] query 'content://emdmcontacts/contacts', segment size: 1
07-14 12:22:42.369 V/PhoneStatusBar(  450): setLightsOn(true)
07-14 12:22:42.369 D/PhoneStatusBar(  450): disable: < expand icons alerts ticker system_info back* home* recent clock* search >
07-14 12:22:42.416 W/InputMethodManagerService(  374): Window already focused, ignoring focus gain of: com.android.internal.view.IInputMethodClient$Stub$Proxy@42f71310 attribute=android.view.inputmethod.EditorInfo@42fdb0c0, token = android.os.BinderProxy@42f55040
07-14 12:22:42.424 D/ContactsProvider( 3494): [Contacts] query 'content://emdmcontacts/company_calllogs', segment size: 1
07-14 12:22:42.440 D/Assistant( 3494): [---null: -1---]  changeCursor
07-14 12:22:42.448 D/Assistant( 3494): [---null: -1---]  findGroups
07-14 12:22:42.448 D/Assistant( 3494): [---null: -1---]  addGroup
07-14 12:22:42.455 D/Assistant( 3494): [---null: -1---]  addGroup
07-14 12:22:42.463 D/Assistant( 3494): [---null: -1---]  addGroup
07-14 12:22:42.463 D/Assistant( 3494): [---null: -1---]  addGroup
07-14 12:22:42.463 D/Assistant( 3494): [---null: -1---]  addGroup
07-14 12:22:42.479 E/CursorWindow( 3494): Failed to read row 0, column -1 from a CursorWindow which has 38 rows, 9 columns.
07-14 12:22:42.487 D/CallLogAdapter( 3494): java.lang.IllegalStateException: Couldn't read row 0, col -1 from CursorWindow.  Make sure the Cursor is initialized correctly before accessing data from it.
07-14 12:22:42.487 D/CallLogAdapter( 3494): ======no department find======
07-14 12:22:42.487 D/CALLLOGADAPTER( 3494): ++++++++++++++++++================================
07-14 12:22:42.487 D/ContactsProvider( 3494): [Contacts] query 'content://emdmcontacts/company_calllogs', segment size: 1
07-14 12:22:42.502 D/CallLogAdapter( 3494): quickContactView.number=============13220164537
07-14 12:22:42.502 D/CallLogAdapter( 3494): quickContactView.contactUri=============null
07-14 12:22:42.502 D/ContactsProvider( 3494): [Contacts] query 'content://emdmcontacts/contacts', segment size: 1
07-14 12:22:42.518 E/CursorWindow( 3494): Failed to read row 1, column -1 from a CursorWindow which has 38 rows, 9 columns.
07-14 12:22:42.518 D/CallLogAdapter( 3494): java.lang.IllegalStateException: Couldn't read row 1, col -1 from CursorWindow.  Make sure the Cursor is initialized correctly before accessing data from it.
07-14 12:22:42.518 D/CallLogAdapter( 3494): ======no department find======
07-14 12:22:42.518 D/CALLLOGADAPTER( 3494): ++++++++++++++++++================================
07-14 12:22:42.518 D/ContactsProvider( 3494): [Contacts] query 'content://emdmcontacts/company_calllogs', segment size: 1
07-14 12:22:42.533 D/CallLogAdapter( 3494): quickContactView.number=============01056299605
07-14 12:22:42.533 D/CallLogAdapter( 3494): quickContactView.contactUri=============null
07-14 12:22:42.541 D/ContactsProvider( 3494): [Contacts] query 'content://emdmcontacts/contacts', segment size: 1
07-14 12:22:42.549 E/CursorWindow( 3494): Failed to read row 4, column -1 from a CursorWindow which has 38 rows, 9 columns.
07-14 12:22:42.549 D/CallLogAdapter( 3494): java.lang.IllegalStateException: Couldn't read row 4, col -1 from CursorWindow.  Make sure the Cursor is initialized correctly before accessing data from it.
07-14 12:22:42.549 D/CallLogAdapter( 3494): ======no department find======
07-14 12:22:42.549 D/CALLLOGADAPTER( 3494): ++++++++++++++++++================================
07-14 12:22:42.549 D/ContactsProvider( 3494): [Contacts] query 'content://emdmcontacts/company_calllogs', segment size: 1
07-14 12:22:42.573 D/CallLogAdapter( 3494): quickContactView.number=============13263318053
07-14 12:22:42.573 D/CallLogAdapter( 3494): quickContactView.contactUri=============null
07-14 12:22:42.573 D/ContactsProvider( 3494): [Contacts] query 'content://emdmcontacts/contacts', segment size: 1
07-14 12:22:42.596 E/CursorWindow( 3494): Failed to read row 5, column -1 from a CursorWindow which has 38 rows, 9 columns.
07-14 12:22:42.596 D/CallLogAdapter( 3494): java.lang.IllegalStateException: Couldn't read row 5, col -1 from CursorWindow.  Make sure the Cursor is initialized correctly before accessing data from it.
07-14 12:22:42.596 D/CallLogAdapter( 3494): ======no department find======
07-14 12:22:42.596 D/CALLLOGADAPTER( 3494): ++++++++++++++++++================================
07-14 12:22:42.596 D/ContactsProvider( 3494): [Contacts] query 'content://emdmcontacts/company_calllogs', segment size: 1
07-14 12:22:42.619 D/CallLogAdapter( 3494): quickContactView.number=============13522849951
07-14 12:22:42.619 D/CallLogAdapter( 3494): quickContactView.contactUri=============null
07-14 12:22:42.627 D/ContactsProvider( 3494): [Contacts] query 'content://emdmcontacts/contacts', segment size: 1
07-14 12:22:42.643 E/CursorWindow( 3494): Failed to read row 6, column -1 from a CursorWindow which has 38 rows, 9 columns.
07-14 12:22:42.643 D/CallLogAdapter( 3494): java.lang.IllegalStateException: Couldn't read row 6, col -1 from CursorWindow.  Make sure the Cursor is initialized correctly before accessing data from it.
07-14 12:22:42.643 D/CallLogAdapter( 3494): ======no department find======
07-14 12:22:42.643 D/CALLLOGADAPTER( 3494): ++++++++++++++++++================================
07-14 12:22:42.651 D/ContactsProvider( 3494): [Contacts] query 'content://emdmcontacts/company_calllogs', segment size: 1
07-14 12:22:42.674 D/CallLogAdapter( 3494): quickContactView.number=============15010093591
07-14 12:22:42.674 D/CallLogAdapter( 3494): quickContactView.contactUri=============null
07-14 12:22:42.674 D/ContactsProvider( 3494): [Contacts] query 'content://emdmcontacts/contacts', segment size: 1
07-14 12:22:42.744 V/TAG     (  374): bug 7643792: fitSystemWindows([0,50][0,0])
07-14 12:22:42.932 I/RootJni ( 5181): su: permission denied
07-14 12:22:42.932 D/AndroidRuntime( 5180): 
07-14 12:22:42.932 D/AndroidRuntime( 5180): >>>>>> AndroidRuntime START com.android.internal.os.RuntimeInit <<<<<<
07-14 12:22:42.932 D/AndroidRuntime( 5180): CheckJNI is OFF
07-14 12:22:42.948 D/dalvikvm( 5180): Trying to load lib libjavacore.so 0x0
07-14 12:22:42.955 D/dalvikvm( 5180): Added shared lib libjavacore.so 0x0
07-14 12:22:42.979 D/dalvikvm( 5180): Trying to load lib libnativehelper.so 0x0
07-14 12:22:42.979 D/dalvikvm( 5180): Added shared lib libnativehelper.so 0x0
07-14 12:22:42.994 D/dalvikvm( 1052): GC_CONCURRENT freed 575K, 10% free 10080K/11168K, paused 4ms+3ms, total 55ms
07-14 12:22:43.221 D/AndroidRuntime( 5180): Calling main entry com.qihoo360.powerctl.root.app.App
07-14 12:22:43.229 D/AndroidRuntime( 5180): Shutting down VM
07-14 12:22:43.229 D/dalvikvm( 5180): GC_CONCURRENT freed 115K, 21% free 467K/592K, paused 0ms+0ms, total 3ms
07-14 12:22:43.346 I/ActivityManager(  374): START u0 {act=android.intent.action.MAIN cat=[android.intent.category.HOME] flg=0x10200000 cmp=com.android.launcher/com.android.launcher2.Launcher} from pid 374
07-14 12:22:43.354 D/MdmApplication( 3494): [null:-1]->onActivityPaused contacts.activities.DialtactsActivity , mActivityCount = 1
07-14 12:22:43.362 D/MDM :   ( 3494): [null:-1]->query
07-14 12:22:43.362 D/MDM :   ( 3494): [null:-1]->QUERY_PINCODE_CHECK_RESULT
07-14 12:22:43.362 E/Mdm     ( 3494): Call Mdm service's setLastExitTime function
07-14 12:22:43.424 D/dalvikvm(  450): GC_FOR_ALLOC freed 1207K, 12% free 13595K/15348K, paused 44ms, total 47ms
07-14 12:22:43.588 D/dalvikvm(  595): GC_FOR_ALLOC freed 1622K, 14% free 14806K/17168K, paused 39ms, total 39ms
07-14 12:22:44.158 W/ResourceType(  595): No known package when getting name for resource number 0x9c020000
07-14 12:22:44.158 W/ResourceType(  595): No known package when getting name for resource number 0x9c020002
07-14 12:22:44.221 W/ResourceType(  595): No known package when getting name for resource number 0x9b000000
07-14 12:22:44.221 W/ResourceType(  595): No known package when getting name for resource number 0x9b010100
07-14 12:22:44.221 W/ResourceType(  595): No known package when getting name for resource number 0x9b030300
07-14 12:22:44.221 W/ResourceType(  595): No known package when getting name for resource number 0x9b040400
07-14 12:22:44.229 I/QueryController( 5139): Matched selector: UiSelector[DESCRIPTION=应用, PACKAGE NAME=com.android.launcher] <<==>> [android.view.accessibility.AccessibilityNodeInfo@1fe6e; boundsInParent: Rect(524232, 0 - 524360, 128); boundsInScreen: Rect(296, 1040 - 424, 1168); packageName: com.android.launcher; className: android.widget.TextView; text: null; contentDescription: 应用; viewIdResName: null; checkable: false; checked: false; focusable: true; focused: false; selected: false; clickable: true; longClickable: false; enabled: true; password: false; scrollable: false; [ACTION_FOCUS, ACTION_SELECT, ACTION_CLEAR_SELECTION, ACTION_CLICK, ACTION_ACCESSIBILITY_FOCUS]]
07-14 12:22:44.237 D/InteractionController( 5139): clickAndWaitForNewWindow(360, 1104)
07-14 12:22:45.088 I/QueryController( 5139): Matched selector: UiSelector[TEXT=京联云企业移动办公] <<==>> [android.view.accessibility.AccessibilityNodeInfo@2fdb2; boundsInParent: Rect(0, 0 - 148, 184); boundsInScreen: Rect(16, 958 - 164, 1142); packageName: com.android.launcher; className: android.widget.TextView; text: 京联云企业移动办公; contentDescription: null; viewIdResName: null; checkable: false; checked: false; focusable: true; focused: false; selected: false; clickable: true; longClickable: true; enabled: true; password: false; scrollable: false; [ACTION_FOCUS, ACTION_SELECT, ACTION_CLEAR_SELECTION, ACTION_CLICK, ACTION_LONG_CLICK, ACTION_ACCESSIBILITY_FOCUS, ACTION_NEXT_AT_MOVEMENT_GRANULARITY, ACTION_PREVIOUS_AT_MOVEMENT_GRANULARITY, ACTION_SET_SELECTION]]
07-14 12:22:45.119 I/QueryController( 5139): Matched selector: UiSelector[TEXT=京联云企业移动办公] <<==>> [android.view.accessibility.AccessibilityNodeInfo@2fdb2; boundsInParent: Rect(0, 0 - 148, 184); boundsInScreen: Rect(16, 958 - 164, 1142); packageName: com.android.launcher; className: android.widget.TextView; text: 京联云企业移动办公; contentDescription: null; viewIdResName: null; checkable: false; checked: false; focusable: true; focused: false; selected: false; clickable: true; longClickable: true; enabled: true; password: false; scrollable: false; [ACTION_FOCUS, ACTION_SELECT, ACTION_CLEAR_SELECTION, ACTION_CLICK, ACTION_LONG_CLICK, ACTION_ACCESSIBILITY_FOCUS, ACTION_NEXT_AT_MOVEMENT_GRANULARITY, ACTION_PREVIOUS_AT_MOVEMENT_GRANULARITY, ACTION_SET_SELECTION]]
07-14 12:22:45.127 D/InteractionController( 5139): clickAndWaitForNewWindow(90, 1050)
07-14 12:22:45.260 I/ActivityManager(  374): START u0 {act=android.intent.action.MAIN cat=[android.intent.category.LAUNCHER] flg=0x10200000 cmp=com.pekall.emdm/.ui.SplashActivity} from pid 595
07-14 12:22:45.416 D/dalvikvm(  374): GC_FOR_ALLOC freed 2269K, 23% free 18983K/24360K, paused 89ms, total 89ms
07-14 12:22:45.448 D/MdmApplication( 3494): [null:-1]->onActivityStarted contacts.activities.DialtactsActivity , mActivityCount = 0
07-14 12:22:45.448 E/Mdm     ( 3494): Call Mdm service's setLastExitTime function
07-14 12:22:45.455 D/MDM :   ( 3494): [null:-1]->query
07-14 12:22:45.455 D/MDM :   ( 3494): [null:-1]->QUERY_SETTING_PIN_TIMEOUT
07-14 12:22:45.455 D/MDM :   ( 3494): [null:-1]->query
07-14 12:22:45.455 D/MDM :   ( 3494): [null:-1]->QUERY_PINCODE_CHECK_RESULT
07-14 12:22:45.471 D/ContactsProvider( 3494): [Contacts] query 'content://emdmcontacts/company_calllogs', segment size: 1
07-14 12:22:45.479 V/PhoneStatusBar(  450): setLightsOn(true)
07-14 12:22:45.533 D/Assistant( 3494): [---null: -1---]  changeCursor
07-14 12:22:45.541 D/Assistant( 3494): [---null: -1---]  findGroups
07-14 12:22:45.541 D/Assistant( 3494): [---null: -1---]  addGroup
07-14 12:22:45.541 D/Assistant( 3494): [---null: -1---]  addGroup
07-14 12:22:45.541 D/Assistant( 3494): [---null: -1---]  addGroup
07-14 12:22:45.549 D/Assistant( 3494): [---null: -1---]  addGroup
07-14 12:22:45.549 D/Assistant( 3494): [---null: -1---]  addGroup
07-14 12:22:45.573 E/CursorWindow( 3494): Failed to read row 0, column -1 from a CursorWindow which has 38 rows, 9 columns.
07-14 12:22:45.573 D/CallLogAdapter( 3494): java.lang.IllegalStateException: Couldn't read row 0, col -1 from CursorWindow.  Make sure the Cursor is initialized correctly before accessing data from it.
07-14 12:22:45.573 D/CallLogAdapter( 3494): ======no department find======
07-14 12:22:45.573 D/CALLLOGADAPTER( 3494): ++++++++++++++++++================================
07-14 12:22:45.573 D/ContactsProvider( 3494): [Contacts] query 'content://emdmcontacts/company_calllogs', segment size: 1
07-14 12:22:45.588 D/CallLogAdapter( 3494): quickContactView.number=============13220164537
07-14 12:22:45.588 D/CallLogAdapter( 3494): quickContactView.contactUri=============null
07-14 12:22:45.588 D/ContactsProvider( 3494): [Contacts] query 'content://emdmcontacts/contacts', segment size: 1
07-14 12:22:45.596 E/CursorWindow( 3494): Failed to read row 1, column -1 from a CursorWindow which has 38 rows, 9 columns.
07-14 12:22:45.604 D/dalvikvm( 1052): GC_CONCURRENT freed 102K, 8% free 10383K/11168K, paused 4ms+9ms, total 89ms
07-14 12:22:45.604 D/CallLogAdapter( 3494): java.lang.IllegalStateException: Couldn't read row 1, col -1 from CursorWindow.  Make sure the Cursor is initialized correctly before accessing data from it.
07-14 12:22:45.604 D/CallLogAdapter( 3494): ======no department find======
07-14 12:22:45.604 D/CALLLOGADAPTER( 3494): ++++++++++++++++++================================
07-14 12:22:45.604 D/ContactsProvider( 3494): [Contacts] query 'content://emdmcontacts/company_calllogs', segment size: 1
07-14 12:22:45.619 D/CallLogAdapter( 3494): quickContactView.number=============01056299605
07-14 12:22:45.619 D/CallLogAdapter( 3494): quickContactView.contactUri=============null
07-14 12:22:45.619 D/ContactsProvider( 3494): [Contacts] query 'content://emdmcontacts/contacts', segment size: 1
07-14 12:22:45.635 E/CursorWindow( 3494): Failed to read row 4, column -1 from a CursorWindow which has 38 rows, 9 columns.
07-14 12:22:45.635 D/CallLogAdapter( 3494): java.lang.IllegalStateException: Couldn't read row 4, col -1 from CursorWindow.  Make sure the Cursor is initialized correctly before accessing data from it.
07-14 12:22:45.635 D/CallLogAdapter( 3494): ======no department find======
07-14 12:22:45.635 D/CALLLOGADAPTER( 3494): ++++++++++++++++++================================
07-14 12:22:45.635 D/ContactsProvider( 3494): [Contacts] query 'content://emdmcontacts/company_calllogs', segment size: 1
07-14 12:22:45.651 D/CallLogAdapter( 3494): quickContactView.number=============13263318053
07-14 12:22:45.651 D/CallLogAdapter( 3494): quickContactView.contactUri=============null
07-14 12:22:45.651 D/ContactsProvider( 3494): [Contacts] query 'content://emdmcontacts/contacts', segment size: 1
07-14 12:22:45.666 E/CursorWindow( 3494): Failed to read row 5, column -1 from a CursorWindow which has 38 rows, 9 columns.
07-14 12:22:45.666 D/CallLogAdapter( 3494): java.lang.IllegalStateException: Couldn't read row 5, col -1 from CursorWindow.  Make sure the Cursor is initialized correctly before accessing data from it.
07-14 12:22:45.666 D/CallLogAdapter( 3494): ======no department find======
07-14 12:22:45.666 D/CALLLOGADAPTER( 3494): ++++++++++++++++++================================
07-14 12:22:45.666 D/ContactsProvider( 3494): [Contacts] query 'content://emdmcontacts/company_calllogs', segment size: 1
07-14 12:22:45.682 D/CallLogAdapter( 3494): quickContactView.number=============13522849951
07-14 12:22:45.682 D/CallLogAdapter( 3494): quickContactView.contactUri=============null
07-14 12:22:45.682 D/ContactsProvider( 3494): [Contacts] query 'content://emdmcontacts/contacts', segment size: 1
07-14 12:22:45.698 E/CursorWindow( 3494): Failed to read row 6, column -1 from a CursorWindow which has 38 rows, 9 columns.
07-14 12:22:45.698 D/CallLogAdapter( 3494): java.lang.IllegalStateException: Couldn't read row 6, col -1 from CursorWindow.  Make sure the Cursor is initialized correctly before accessing data from it.
07-14 12:22:45.698 D/CallLogAdapter( 3494): ======no department find======
07-14 12:22:45.698 D/CALLLOGADAPTER( 3494): ++++++++++++++++++================================
07-14 12:22:45.698 D/ContactsProvider( 3494): [Contacts] query 'content://emdmcontacts/company_calllogs', segment size: 1
07-14 12:22:45.705 D/CallLogAdapter( 3494): quickContactView.number=============15010093591
07-14 12:22:45.705 D/CallLogAdapter( 3494): quickContactView.contactUri=============null
07-14 12:22:45.705 D/ContactsProvider( 3494): [Contacts] query 'content://emdmcontacts/contacts', segment size: 1
07-14 12:22:46.330 I/QueryController( 5139): Matched selector: UiSelector[PACKAGE NAME=com.pekall.emdm] <<==>> [android.view.accessibility.AccessibilityNodeInfo@5f42a; boundsInParent: Rect(0, 0 - 720, 1184); boundsInScreen: Rect(0, 0 - 720, 1184); packageName: com.pekall.emdm; className: android.widget.FrameLayout; text: null; contentDescription: null; viewIdResName: null; checkable: false; checked: false; focusable: false; focused: false; selected: false; clickable: false; longClickable: false; enabled: true; password: false; scrollable: false; [ACTION_SELECT, ACTION_CLEAR_SELECTION, ACTION_ACCESSIBILITY_FOCUS]]
07-14 12:22:46.549 D/dalvikvm(  374): GC_FOR_ALLOC freed 1291K, 23% free 18839K/24360K, paused 84ms, total 85ms
07-14 12:22:46.557 D/MdmApplication( 3494): [null:-1]->onActivityPaused contacts.activities.DialtactsActivity , mActivityCount = 1
07-14 12:22:46.557 D/MDM :   ( 3494): [null:-1]->query
07-14 12:22:46.557 D/MDM :   ( 3494): [null:-1]->QUERY_PINCODE_CHECK_RESULT
07-14 12:22:46.557 E/Mdm     ( 3494): Call Mdm service's setLastExitTime function
07-14 12:22:46.580 D/MdmApplication( 3494): [null:-1]->onActivityStarted ui.MainActivity , mActivityCount = 0
07-14 12:22:46.580 E/Mdm     ( 3494): Call Mdm service's setLastExitTime function
07-14 12:22:46.580 D/MDM :   ( 3494): [null:-1]->query
07-14 12:22:46.580 D/MDM :   ( 3494): [null:-1]->QUERY_SETTING_PIN_TIMEOUT
07-14 12:22:46.580 D/MDM :   ( 3494): [null:-1]->query
07-14 12:22:46.580 D/MDM :   ( 3494): [null:-1]->QUERY_PINCODE_CHECK_RESULT
07-14 12:22:47.166 D/AssistantCallLogFragment( 3494): [---null: -1---]onDestroyView==============
07-14 12:22:47.198 D/DefaultContactBrowseListFragment( 3494): onDestroyView==============
07-14 12:22:47.557 W/InteractionController( 5139): runAndwaitForEvent timedout waiting for events
07-14 12:22:47.596 I/QueryController( 5139): Matched selector: UiSelector[TEXT=应用列表, CLASS=android.widget.TextView] <<==>> [android.view.accessibility.AccessibilityNodeInfo@115b6; boundsInParent: Rect(0, 0 - 148, 184); boundsInScreen: Rect(376, 572 - 524, 756); packageName: com.pekall.emdm; className: android.widget.TextView; text: 应用列表; contentDescription: null; viewIdResName: com.pekall.emdm:id/application_icon_content; checkable: false; checked: false; focusable: true; focused: false; selected: false; clickable: false; longClickable: false; enabled: true; password: false; scrollable: false; [ACTION_FOCUS, ACTION_SELECT, ACTION_CLEAR_SELECTION, ACTION_ACCESSIBILITY_FOCUS, ACTION_NEXT_AT_MOVEMENT_GRANULARITY, ACTION_PREVIOUS_AT_MOVEMENT_GRANULARITY, ACTION_SET_SELECTION]]
07-14 12:22:47.627 I/QueryController( 5139): Matched selector: UiSelector[TEXT=文档中心, CLASS=android.widget.TextView] <<==>> [android.view.accessibility.AccessibilityNodeInfo@10a73; boundsInParent: Rect(0, 0 - 148, 184); boundsInScreen: Rect(16, 572 - 164, 756); packageName: com.pekall.emdm; className: android.widget.TextView; text: 文档中心; contentDescription: null; viewIdResName: com.pekall.emdm:id/application_icon_content; checkable: false; checked: false; focusable: true; focused: false; selected: false; clickable: false; longClickable: false; enabled: true; password: false; scrollable: false; [ACTION_FOCUS, ACTION_SELECT, ACTION_CLEAR_SELECTION, ACTION_ACCESSIBILITY_FOCUS, ACTION_NEXT_AT_MOVEMENT_GRANULARITY, ACTION_PREVIOUS_AT_MOVEMENT_GRANULARITY, ACTION_SET_SELECTION]]
07-14 12:22:47.658 I/QueryController( 5139): Matched selector: UiSelector[TEXT=设置, CLASS=android.widget.TextView] <<==>> [android.view.accessibility.AccessibilityNodeInfo@106b2; boundsInParent: Rect(0, 0 - 148, 184); boundsInScreen: Rect(556, 379 - 704, 563); packageName: com.pekall.emdm; className: android.widget.TextView; text: 设置; contentDescription: null; viewIdResName: com.pekall.emdm:id/application_icon_content; checkable: false; checked: false; focusable: true; focused: false; selected: false; clickable: false; longClickable: false; enabled: true; password: false; scrollable: false; [ACTION_FOCUS, ACTION_SELECT, ACTION_CLEAR_SELECTION, ACTION_ACCESSIBILITY_FOCUS, ACTION_NEXT_AT_MOVEMENT_GRANULARITY, ACTION_PREVIOUS_AT_MOVEMENT_GRANULARITY, ACTION_SET_SELECTION]]
07-14 12:22:47.658 D/InteractionController( 5139): clickAndWaitForNewWindow(630, 471)
07-14 12:22:47.838 I/ActivityManager(  374): START u0 {cmp=com.pekall.emdm/.setting.SettingActivity} from pid 3494
07-14 12:22:47.971 D/dalvikvm(  374): GC_FOR_ALLOC freed 1156K, 23% free 18833K/24360K, paused 82ms, total 83ms
07-14 12:22:47.979 D/MdmApplication( 3494): [null:-1]->onActivityPaused ui.MainActivity , mActivityCount = 1
07-14 12:22:47.979 D/MDM :   ( 3494): [null:-1]->query
07-14 12:22:47.979 D/MDM :   ( 3494): [null:-1]->QUERY_PINCODE_CHECK_RESULT
07-14 12:22:47.979 E/Mdm     ( 3494): Call Mdm service's setLastExitTime function
07-14 12:22:48.104 D/MdmApplication( 3494): [null:-1]->onActivityStarted setting.SettingActivity , mActivityCount = 0
07-14 12:22:48.104 E/Mdm     ( 3494): Call Mdm service's setLastExitTime function
07-14 12:22:48.104 D/MDM :   ( 3494): [null:-1]->query
07-14 12:22:48.112 D/MDM :   ( 3494): [null:-1]->QUERY_SETTING_PIN_TIMEOUT
07-14 12:22:48.112 D/MDM :   ( 3494): [null:-1]->query
07-14 12:22:48.112 D/MDM :   ( 3494): [null:-1]->QUERY_PINCODE_CHECK_RESULT
07-14 12:22:48.315 I/ActivityManager(  374): Displayed com.pekall.emdm/.setting.SettingActivity: +318ms
07-14 12:22:49.033 I/QueryController( 5139): Matched selector: UiSelector[TEXT=我的设备, CLASS=android.widget.TextView] <<==>> [android.view.accessibility.AccessibilityNodeInfo@77e57; boundsInParent: Rect(0, 0 - 212, 111); boundsInScreen: Rect(65, 836 - 277, 947); packageName: com.pekall.emdm; className: android.widget.TextView; text: 我的设备; contentDescription: null; viewIdResName: com.pekall.emdm:id/equipment_details; checkable: false; checked: false; focusable: false; focused: false; selected: false; clickable: false; longClickable: false; enabled: true; password: false; scrollable: false; [ACTION_SELECT, ACTION_CLEAR_SELECTION, ACTION_ACCESSIBILITY_FOCUS, ACTION_NEXT_AT_MOVEMENT_GRANULARITY, ACTION_PREVIOUS_AT_MOVEMENT_GRANULARITY, ACTION_SET_SELECTION]]
07-14 12:22:49.033 D/InteractionController( 5139): clickAndWaitForNewWindow(171, 891)
07-14 12:22:49.143 I/ActivityManager(  374): START u0 {cmp=com.pekall.emdm/.setting.DevicesDetailsActivity} from pid 3494
07-14 12:22:49.276 D/dalvikvm(  374): GC_FOR_ALLOC freed 1158K, 23% free 18838K/24360K, paused 81ms, total 82ms
07-14 12:22:49.283 D/MdmApplication( 3494): [null:-1]->onActivityPaused setting.SettingActivity , mActivityCount = 1
07-14 12:22:49.283 D/MDM :   ( 3494): [null:-1]->query
07-14 12:22:49.283 D/MDM :   ( 3494): [null:-1]->QUERY_PINCODE_CHECK_RESULT
07-14 12:22:49.283 E/Mdm     ( 3494): Call Mdm service's setLastExitTime function
07-14 12:22:49.416 D/MdmApplication( 3494): [null:-1]->onActivityStarted setting.DevicesDetailsActivity , mActivityCount = 0
07-14 12:22:49.416 E/Mdm     ( 3494): Call Mdm service's setLastExitTime function
07-14 12:22:49.416 D/MDM :   ( 3494): [null:-1]->query
07-14 12:22:49.416 D/MDM :   ( 3494): [null:-1]->QUERY_SETTING_PIN_TIMEOUT
07-14 12:22:49.416 D/MDM :   ( 3494): [null:-1]->query
07-14 12:22:49.416 D/MDM :   ( 3494): [null:-1]->QUERY_PINCODE_CHECK_RESULT
07-14 12:22:49.604 I/ActivityManager(  374): Displayed com.pekall.emdm/.setting.DevicesDetailsActivity: +309ms
07-14 12:22:51.080 I/QueryController( 5139): Matched selector: UiSelector[CONTAINS_TEXT=自动化测试Android密码策略2] <<==>> [android.view.accessibility.AccessibilityNodeInfo@87d9c; boundsInParent: Rect(0, 0 - 341, 66); boundsInScreen: Rect(110, 889 - 451, 955); packageName: com.pekall.emdm; className: android.widget.TextView; text: 自动化测试Android密码策略2
07-14 12:22:51.080 I/QueryController( 5139): 7月 14 日 下午 12:22; contentDescription: null; viewIdResName: com.pekall.emdm:id/tv_current_strategy; checkable: false; checked: false; focusable: false; focused: false; selected: false; clickable: false; longClickable: false; enabled: true; password: false; scrollable: false; [ACTION_SELECT, ACTION_CLEAR_SELECTION, ACTION_ACCESSIBILITY_FOCUS, ACTION_NEXT_AT_MOVEMENT_GRANULARITY, ACTION_PREVIOUS_AT_MOVEMENT_GRANULARITY, ACTION_SET_SELECTION]]
07-14 12:22:51.088 I/AndroidRuntime( 5139): VM exiting with result code 0.
07-14 12:23:01.213 D/LightsService(  374): Excessive delay setting light: 68ms
07-14 12:23:01.479 D/LightsService(  374): Excessive delay setting light: 67ms
07-14 12:23:04.041 I/PowerManagerService(  374): Going to sleep due to screen timeout...
07-14 12:23:04.791 D/SurfaceFlinger(  124): Screen released, type=0 flinger=0x41e1a478
07-14 12:23:04.846 I/WindowManager(  374): Screenshot Window{42baf2f8 u0 com.pekall.emdm/com.pekall.emdm.setting.DevicesDetailsActivity} was all black! mSurfaceLayer=21020 minLayer=21000 maxLayer=21020
07-14 12:23:04.932 D/dalvikvm(  374): GC_FOR_ALLOC freed 1352K, 20% free 19491K/24360K, paused 83ms, total 83ms
07-14 12:23:04.948 D/MdmApplication( 3494): [null:-1]->onActivityPaused setting.DevicesDetailsActivity , mActivityCount = 1
07-14 12:23:04.948 D/MDM :   ( 3494): [null:-1]->query
07-14 12:23:04.948 D/MDM :   ( 3494): [null:-1]->QUERY_PINCODE_CHECK_RESULT
07-14 12:23:04.948 E/Mdm     ( 3494): Call Mdm service's setLastExitTime function
07-14 12:23:05.088 D/NfcService(  582): NFC-C OFF, disconnect
07-14 12:23:05.135 D/dalvikvm(  636): GC_FOR_ALLOC freed 1129K, 10% free 12615K/13984K, paused 56ms, total 56ms
07-14 12:23:05.151 V/KeyguardHostView(  374): hide transport, gen:15
07-14 12:23:05.151 V/KeyguardHostView(  374): music state changed: 0
07-14 12:23:05.198 D/PhoneStatusBar(  450): disable: < expand icons alerts ticker system_info back home RECENT* clock search >
07-14 12:23:05.229 V/TAG     (  374): bug 7643792: fitSystemWindows([0,50][0,0])
07-14 12:23:05.299 D/MDM :   ( 3494): [null:-1]->query
07-14 12:23:05.299 D/MDM :   ( 3494): [null:-1]->QUERY_SETTING_PIN_ONOFF
07-14 12:23:05.346 D/PhoneStatusBar(  450): disable: < expand icons alerts ticker system_info BACK* HOME* RECENT CLOCK* search >
07-14 12:23:13.916 D/MDM :   ( 3494): [null:-1]->MSG_WEBSOCKET_MESSAGE : {"id":1945536566,"type":0,"command":0,"result":0,"reason":0,"params":{"msgId":"3d936d45-1580-48f2-818d-c93cc5ce7a9c,3d936d45158048f2818dc93cc5ce7a9c","device":"ffffffffc539bb10fffffffff7aea961","message":"{\"subject\":\"UserGroupPushMessage\",\"content\":\"This is a push message!\"}"}}
07-14 12:23:13.932 D/MdmService( 3494): [null:-1]->push message type :0
07-14 12:23:13.932 