07-14 12:12:30.166 W/MountService(  374): getVolumeState(/storage/sdcard1): Unknown volume
07-14 12:12:30.166 W/MountService(  374): getVolumeState(/mnt/sdcard/external_SD): Unknown volume
07-14 12:12:30.166 W/MountService(  374): getVolumeState(/mnt/sdcard/external_sd): Unknown volume
07-14 12:12:30.182 D/dalvikvm( 2037): GC_CONCURRENT freed 492K, 20% free 9649K/11956K, paused 3ms+3ms, total 38ms
07-14 12:12:30.182 D/dalvikvm( 2037): WAIT_FOR_CONCURRENT_GC blocked 7ms
07-14 12:12:30.182 D/dalvikvm( 2037): WAIT_FOR_CONCURRENT_GC blocked 11ms
07-14 12:12:33.924 D/MDM :   ( 3494): [null:-1]->MSG_WEBSOCKET_MESSAGE : {"id":1861742308,"type":0,"command":0,"result":0,"reason":0,"params":{"msgId":"92f0b5ec-36d2-4cef-a443-62065bf50f23,92f0b5ec36d24cefa44362065bf50f23","device":"ffffffffc539bb10fffffffff7aea961","message":"{\"subject\":\"UserPushMessage\",\"content\":\"This is a push message!\"}"}}
07-14 12:12:33.948 D/MdmService( 3494): [null:-1]->push message type :0
07-14 12:12:33.948 D/MdmService( 3494): [null:-1]->cmdMessage : {"subject":"UserPushMessage","content":"This is a push message!"}
07-14 12:12:33.948 D/MDM :   ( 3494): [null:-1]->ContentMessage{subject='UserPushMessage', content='This is a push message!'}
07-14 12:12:33.955 D/mdm_log ( 3494): [null:-1]->action is : com.pekall.mdm.action.SHOWMSG
07-14 12:12:34.018 E/DB      ( 3494): bind, index: 1, value: 0
07-14 12:12:34.018 D/DB      ( 3494): query: SQLiteQuery: SELECT * FROM message WHERE status =?
07-14 12:12:34.018 D/DB      ( 3494): factory null
07-14 12:12:34.018 D/DB      ( 3494): fillWindow: 0
07-14 12:12:34.018 D/DB      ( 3494): cursor 1
07-14 12:12:34.026 E/DB      ( 3494): bind, index: 1, value: 0
07-14 12:12:34.026 E/DB      ( 3494): bind, index: 2, value: 100
07-14 12:12:34.026 D/DB      ( 3494): query: SQLiteQuery: SELECT * FROM message WHERE status=? and type=?
07-14 12:12:34.026 D/DB      ( 3494): factory null
07-14 12:12:34.026 D/DB      ( 3494): fillWindow: 0
07-14 12:12:34.026 D/DB      ( 3494): cursor 1
07-14 12:12:34.026 E/DB      ( 3494): bind, index: 1, value: 0
07-14 12:12:34.026 D/DB      ( 3494): query: SQLiteQuery: SELECT * FROM message WHERE status =?
07-14 12:12:34.026 D/DB      ( 3494): factory null
07-14 12:12:34.026 D/DB      ( 3494): fillWindow: 0
07-14 12:12:34.026 D/DB      ( 3494): cursor 1
07-14 12:12:34.088 E/Mdm     ( 3494): Call Mdm service's recordIconCount function
07-14 12:12:34.158 D/PushMessageWidget( 3494): [null:-1]->action is : com.pekall.emdm.message.UPDATE_MESSAGE
07-14 12:12:34.166 D/PushMessageWidget( 3494): [null:-1]->call onUpdate 
07-14 12:12:34.166 E/DB      ( 3494): bind, index: 1, value: 100
07-14 12:12:34.166 D/DB      ( 3494): query: SQLiteQuery: SELECT subject, msg, date FROM message WHERE type = ?  ORDER BY _id DESC
07-14 12:12:34.166 D/DB      ( 3494): factory null
07-14 12:12:34.166 D/DB      ( 3494): fillWindow: 0
07-14 12:12:34.166 D/DB      ( 3494): cursor 4
07-14 12:12:34.166 D/PushMessageWidget( 3494): cursor count is 4
07-14 12:12:34.166 D/DB      ( 3494): moveToPos: 0
07-14 12:12:34.166 D/DB      ( 3494): onMove: 0
07-14 12:12:34.174 D/PushMessageWidget( 3494): fill data and title is : UserPushMessage , content is : This is a push message!
07-14 12:12:34.260 D/dalvikvm(  450): GC_EXPLICIT freed 1075K, 13% free 12629K/14408K, paused 9ms+4ms, total 54ms
07-14 12:12:34.260 I/AudioService(  374):  AudioFocus  requestAudioFocus() from android.media.AudioManager@42ba2678
07-14 12:12:34.260 V/KeyguardHostView(  374): hide transport, gen:8
07-14 12:12:35.393 I/AudioService(  374):  AudioFocus  abandonAudioFocus() from android.media.AudioManager@42ba2678
07-14 12:12:35.393 V/KeyguardHostView(  374): hide transport, gen:9
07-14 12:12:36.354 W/System.err( 1990): java.io.FileNotFoundException: /data/data/com.mgyapp.android/files/.cfp.i: open failed: ENOENT (No such file or directory)
07-14 12:12:36.354 W/System.err( 1990): 	at libcore.io.IoBridge.open(IoBridge.java:409)
07-14 12:12:36.354 W/System.err( 1990): 	at java.io.FileInputStream.<init>(FileInputStream.java:78)
07-14 12:12:36.354 W/System.err( 1990): 	at android.app.ContextImpl.openFileInput(ContextImpl.java:702)
07-14 12:12:36.354 W/System.err( 1990): 	at android.content.ContextWrapper.openFileInput(ContextWrapper.java:173)
07-14 12:12:36.354 W/System.err( 1990): 	at com.mgyun.shua.jc.c.b(Unknown Source)
07-14 12:12:36.354 W/System.err( 1990): 	at com.mgyun.shua.jc.d.a(Unknown Source)
07-14 12:12:36.354 W/System.err( 1990): 	at com.mgyun.shua.jc.service.CpWorkServer.onHandleIntent(Unknown Source)
07-14 12:12:36.354 W/System.err( 1990): 	at android.app.IntentService$ServiceHandler.handleMessage(IntentService.java:65)
07-14 12:12:36.354 W/System.err( 1990): 	at android.os.Handler.dispatchMessage(Handler.java:99)
07-14 12:12:36.354 W/System.err( 1990): 	at android.os.Looper.loop(Looper.java:137)
07-14 12:12:36.354 W/System.err( 1990): 	at android.os.HandlerThread.run(HandlerThread.java:61)
07-14 12:12:36.354 W/System.err( 1990): Caused by: libcore.io.ErrnoException: open failed: ENOENT (No such file or directory)
07-14 12:12:36.362 W/System.err( 1990): 	at libcore.io.Posix.open(Native Method)
07-14 12:12:36.362 W/System.err( 1990): 	at libcore.io.BlockGuardOs.open(BlockGuardOs.java:110)
07-14 12:12:36.362 W/System.err( 1990): 	at libcore.io.IoBridge.open(IoBridge.java:393)
07-14 12:12:36.362 W/System.err( 1990): 	... 10 more
07-14 12:12:42.619 D/MdmService( 3494): [null:-1]->receiver action :com.pekall.mdm.action.MDM_ALARM
07-14 12:12:42.627 D/MdmStatusManager( 3494): [null:-1]->change status to : Busy
07-14 12:12:42.627 D/DB      ( 3494): query: SQLiteQuery: SELECT content, command_status, status FROM command WHERE status!=2
07-14 12:12:42.627 D/DB      ( 3494): factory null
07-14 12:12:42.627 D/DB      ( 3494): fillWindow: 0
07-14 12:12:42.627 D/DB      ( 3494): cursor 0
07-14 12:12:42.627 D/DB      ( 3494): moveToPos: 0
07-14 12:12:42.627 I/TransInfo( 3494): TransInfo created, id: 3, class: class com.pekall.emdm.transaction.b.c
07-14 12:12:42.635 D/NetworkThread( 3494): [null:-1]->----isRunning-----true
07-14 12:12:42.635 D/NetworkThread( 3494): [null:-1]->----isRunning-----true
07-14 12:12:42.635 D/NetworkThread( 3494): [null:-1]->thread wakeup
07-14 12:12:42.643 D/HttpClient( 3494): enable apache.http debug
07-14 12:12:42.643 V/DEBUG   ( 3494): HTTP 0
07-14 12:12:43.065 V/DEBUG   ( 3494): HTTP 1
07-14 12:12:43.065 D/NetworkThread( 3494): [null:-1]->queue is empty, thread wait...
07-14 12:12:43.174 D/MdmService( 3494): [null:-1]->handleCheckInResult
07-14 12:12:43.174 D/MdmService( 3494): [null:-1]->handleCheckInResult result keyIndex: 3
07-14 12:12:43.174 D/HandleCommandTask( 3494): [null:-1]->execute command msg but beanBase is null
07-14 12:12:43.182 D/MdmStatusManager( 3494): [null:-1]->change status to : Idle
07-14 12:12:45.174 D/AndroidRuntime( 3991): 
07-14 12:12:45.174 D/AndroidRuntime( 3991): >>>>>> AndroidRuntime START com.android.internal.os.RuntimeInit <<<<<<
07-14 12:12:45.174 D/AndroidRuntime( 3991): CheckJNI is OFF
07-14 12:12:45.190 D/dalvikvm( 3991): Trying to load lib libjavacore.so 0x0
07-14 12:12:45.198 D/dalvikvm( 3991): Added shared lib libjavacore.so 0x0
07-14 12:12:45.213 D/dalvikvm( 3991): Trying to load lib libnativehelper.so 0x0
07-14 12:12:45.213 D/dalvikvm( 3991): Added shared lib libnativehelper.so 0x0
07-14 12:12:45.252 I/dalvikvm( 3991): DexOpt: source file mod time mismatch (44eb9882 vs 44ee6039)
07-14 12:12:45.252 D/dalvikvm( 3991): ODEX file is stale or bad; removing and retrying (/data/local/tmp/dalvik-cache/data@local@tmp@MDMMobileTest.jar@classes.dex)
07-14 12:12:45.252 D/dalvikvm( 3991): DexOpt: --- BEGIN 'MDMMobileTest.jar' (bootstrap=0) ---
07-14 12:12:45.315 D/dalvikvm( 3992): DexOpt: load 11ms, verify+opt 4ms, 124100 bytes
07-14 12:12:45.330 D/dalvikvm( 3991): DexOpt: --- END 'MDMMobileTest.jar' (success) ---
07-14 12:12:45.330 D/dalvikvm( 3991): DEX prep '/data/local/tmp/MDMMobileTest.jar': unzip in 2ms, rewrite 79ms
07-14 12:12:45.565 D/AndroidRuntime( 3991): Calling main entry com.android.commands.uiautomator.Launcher
07-14 12:12:45.604 E/UiDevice( 3991): Exceuting watcher: ANRWatcher
07-14 12:12:45.604 E/UiDevice( 3991): java.lang.RuntimeException: UiDevice not initialized
07-14 12:12:45.604 E/UiDevice( 3991): 	at com.android.uiautomator.core.UiDevice.getAutomatorBridge(UiDevice.java:87)
07-14 12:12:45.604 E/UiDevice( 3991): 	at com.android.uiautomator.core.UiDevice.wakeUp(UiDevice.java:719)
07-14 12:12:45.604 E/UiDevice( 3991): 	at com.pekall.test.mdmui.util.UiANRWatcher.checkForCondition(UiANRWatcher.java:23)
07-14 12:12:45.604 E/UiDevice( 3991): 	at com.android.uiautomator.core.UiDevice.runWatchers(UiDevice.java:554)
07-14 12:12:45.604 E/UiDevice( 3991): 	at com.pekall.test.mdmui.util.UiANRWatcher.run(UiANRWatcher.java:41)
07-14 12:12:45.604 E/UiDevice( 3991): 	at com.pekall.test.mdmui.Message.<clinit>(Message.java:23)
07-14 12:12:45.604 E/UiDevice( 3991): 	at java.lang.Class.newInstanceImpl(Native Method)
07-14 12:12:45.604 E/UiDevice( 3991): 	at java.lang.Class.newInstance(Class.java:1130)
07-14 12:12:45.604 E/UiDevice( 3991): 	at com.android.uiautomator.testrunner.TestCaseCollector.addSingleTestMethod(TestCaseCollector.java:110)
07-14 12:12:45.604 E/UiDevice( 3991): 	at com.android.uiautomator.testrunner.TestCaseCollector.addTestClass(TestCaseCollector.java:86)
07-14 12:12:45.604 E/UiDevice( 3991): 	at com.android.uiautomator.testrunner.TestCaseCollector.addTestClass(TestCaseCollector.java:72)
07-14 12:12:45.604 E/UiDevice( 3991): 	at com.android.uiautomator.testrunner.TestCaseCollector.addTestClasses(TestCaseCollector.java:53)
07-14 12:12:45.604 E/UiDevice( 3991): 	at com.android.uiautomator.testrunner.UiAutomatorTestRunner.start(UiAutomatorTestRunner.java:106)
07-14 12:12:45.604 E/UiDevice( 3991): 	at com.android.uiautomator.testrunner.UiAutomatorTestRunner.run(UiAutomatorTestRunner.java:96)
07-14 12:12:45.604 E/UiDevice( 3991): 	at com.android.commands.uiautomator.RunTestCommand.run(RunTestCommand.java:91)
07-14 12:12:45.604 E/UiDevice( 3991): 	at com.android.commands.uiautomator.Launcher.main(Launcher.java:83)
07-14 12:12:45.604 E/UiDevice( 3991): 	at com.android.internal.os.RuntimeInit.nativeFinishInit(Native Method)
07-14 12:12:45.604 E/UiDevice( 3991): 	at com.android.internal.os.RuntimeInit.main(RuntimeInit.java:235)
07-14 12:12:45.604 E/UiDevice( 3991): 	at dalvik.system.NativeStart.main(Native Method)
07-14 12:12:45.651 D/dalvikvm( 3991): Note: class Landroid/app/ActivityManagerNative; has 163 unimplemented (abstract) methods
07-14 12:12:45.752 I/PowerManagerService(  374): Waking up from sleep...
07-14 12:12:45.783 I/WindowManager(  374): Lock screen displayed!
07-14 12:12:46.112 D/PowerManagerService-JNI(  374): Excessive delay in autosuspend_disable() while turning screen on: 349ms
07-14 12:12:46.112 D/SurfaceFlinger(  124): Screen acquired, type=0 flinger=0x41e1a478
07-14 12:12:46.174 D/dalvikvm(  636): GC_FOR_ALLOC freed 970K, 10% free 12601K/13984K, paused 121ms, total 121ms
07-14 12:12:46.182 V/DigitalWidgetViewsFactory( 2502): DigitalWidget sets next alarm string to null
07-14 12:12:46.190 D/LightsService(  374): Excessive delay setting light: 83ms
07-14 12:12:46.260 D/LightsService(  374): Excessive delay setting light: 67ms
07-14 12:12:46.463 D/AndroidRuntime( 4014): 
07-14 12:12:46.463 D/AndroidRuntime( 4014): >>>>>> AndroidRuntime START com.android.internal.os.RuntimeInit <<<<<<
07-14 12:12:46.463 D/AndroidRuntime( 4014): CheckJNI is OFF
07-14 12:12:46.479 D/dalvikvm( 4014): Trying to load lib libjavacore.so 0x0
07-14 12:12:46.479 D/dalvikvm( 4014): Added shared lib libjavacore.so 0x0
07-14 12:12:46.487 D/dalvikvm( 4014): Trying to load lib libnativehelper.so 0x0
07-14 12:12:46.487 D/dalvikvm( 4014): Added shared lib libnativehelper.so 0x0
07-14 12:12:46.651 D/AndroidRuntime( 4014): Calling main entry com.qihoo360.powerctl.root.app.App
07-14 12:12:46.658 D/AndroidRuntime( 4014): Shutting down VM
07-14 12:12:46.658 D/dalvikvm( 4014): GC_CONCURRENT freed 114K, 22% free 467K/592K, paused 0ms+1ms, total 4ms
07-14 12:12:46.658 I/AndroidRuntime( 4014): NOTE: attach of thread 'Binder_1' failed
07-14 12:12:47.705 I/QueryController( 3991): Matched selector: UiSelector[DESCRIPTION=滑动区域。] <<==>> [android.view.accessibility.AccessibilityNodeInfo@17745; boundsInParent: Rect(0, 0 - 720, 756); boundsInScreen: Rect(0, 547 - 720, 1303); packageName: android; className: android.view.View; text: null; contentDescription: 滑动区域。; viewIdResName: android:id/glow_pad_view; checkable: false; checked: false; focusable: false; focused: false; selected: false; clickable: false; longClickable: false; enabled: true; password: false; scrollable: false; [ACTION_SELECT, ACTION_CLEAR_SELECTION, ACTION_ACCESSIBILITY_FOCUS, ACTION_NEXT_AT_MOVEMENT_GRANULARITY, ACTION_PREVIOUS_AT_MOVEMENT_GRANULARITY, ACTION_SET_SELECTION]]
07-14 12:12:47.721 W/GlowPadView(  374): The number of target drawables must be equal to the number of direction descriptions.
07-14 12:12:48.041 D/PhoneStatusBar(  450): disable: < expand icons alerts ticker system_info BACK HOME recent* CLOCK search >
07-14 12:12:48.088 D/NfcService(  582): NFC-C ON
07-14 12:12:48.151 D/PhoneStatusBar(  450): disable: < expand icons alerts ticker system_info back* home* recent clock* search >
07-14 12:12:48.166 W/InputMethodManagerService(  374): Window already focused, ignoring focus gain of: com.android.internal.view.IInputMethodClient$Stub$Proxy@42d5cd80 attribute=android.view.inputmethod.EditorInfo@42d7b328, token = android.os.BinderProxy@42ea3d30
07-14 12:12:48.565 V/TAG     (  374): bug 7643792: fitSystemWindows([0,50][0,0])
07-14 12:12:48.619 D/AndroidRuntime( 4035): 
07-14 12:12:48.619 D/AndroidRuntime( 4035): >>>>>> AndroidRuntime START com.android.internal.os.RuntimeInit <<<<<<
07-14 12:12:48.619 D/AndroidRuntime( 4035): CheckJNI is OFF
07-14 12:12:48.635 D/dalvikvm( 4035): Trying to load lib libjavacore.so 0x0
07-14 12:12:48.643 D/dalvikvm( 4035): Added shared lib libjavacore.so 0x0
07-14 12:12:48.658 D/dalvikvm( 4035): Trying to load lib libnativehelper.so 0x0
07-14 12:12:48.658 D/dalvikvm( 4035): Added shared lib libnativehelper.so 0x0
07-14 12:12:48.658 D/dalvikvm( 1052): GC_CONCURRENT freed 403K, 7% free 10397K/11168K, paused 14ms+5ms, total 148ms
07-14 12:12:48.737 I/RootJni ( 4043): su: permission denied
07-14 12:12:48.768 W/ResourceType(  595): No known package when getting name for resource number 0x9c020000
07-14 12:12:48.768 W/ResourceType(  595): No known package when getting name for resource number 0x9c020002
07-14 12:12:48.862 W/ResourceType(  595): No known package when getting name for resource number 0x9c030000
07-14 12:12:48.955 D/AndroidRuntime( 4035): Calling main entry com.qihoo360.powerctl.root.app.App
07-14 12:12:48.963 D/AndroidRuntime( 4035): Shutting down VM
07-14 12:12:48.963 I/AndroidRuntime( 4035): NOTE: attach of thread 'Binder_1' failed
07-14 12:12:48.963 D/dalvikvm( 4035): GC_CONCURRENT freed 114K, 22% free 467K/592K, paused 0ms+1ms, total 4ms
07-14 12:12:48.979 W/ResourceType(  595): No known package when getting name for resource number 0x9b000000
07-14 12:12:48.987 W/ResourceType(  595): No known package when getting name for resource number 0x9b010100
07-14 12:12:48.994 W/ResourceType(  595): No known package when getting name for resource number 0x9b030300
07-14 12:12:48.994 W/ResourceType(  595): No known package when getting name for resource number 0x9b040400
07-14 12:12:49.026 W/ResourceType(  595): No known package when getting name for resource number 0x9c020000
07-14 12:12:49.026 W/ResourceType(  595): No known package when getting name for resource number 0x9c020002
07-14 12:12:49.057 W/ResourceType(  595): No known package when getting name for resource number 0x9c030000
07-14 12:12:49.096 W/ResourceType(  595): No known package when getting name for resource number 0x9b000000
07-14 12:12:49.096 W/ResourceType(  595): No known package when getting name for resource number 0x9b010100
07-14 12:12:49.096 W/ResourceType(  595): No known package when getting name for resource number 0x9b030300
07-14 12:12:49.096 W/ResourceType(  595): No known package when getting name for resource number 0x9b040400
07-14 12:12:49.588 W/ResourceType(  595): No known package when getting name for resource number 0x9c020000
07-14 12:12:49.588 W/ResourceType(  595): No known package when getting name for resource number 0x9c020002
07-14 12:12:49.612 W/ResourceType(  595): No known package when getting name for resource number 0x9c030000
07-14 12:12:49.658 W/ResourceType(  595): No known package when getting name for resource number 0x9c020000
07-14 12:12:49.658 W/ResourceType(  595): No known package when getting name for resource number 0x9c020002
07-14 12:12:49.690 W/ResourceType(  595): No known package when getting name for resource number 0x9c030000
07-14 12:12:49.729 I/ActivityManager(  374): START u0 {act=android.intent.action.MAIN cat=[android.intent.category.HOME] flg=0x10200000 cmp=com.android.launcher/com.android.launcher2.Launcher} from pid 374
07-14 12:12:49.760 D/dalvikvm(  450): GC_FOR_ALLOC freed 147K, 12% free 12709K/14408K, paused 42ms, total 42ms
07-14 12:12:49.760 I/dalvikvm-heap(  450): Grow heap (frag case) to 12.808MB for 380496-byte allocation
07-14 12:12:49.815 D/dalvikvm(  450): GC_FOR_ALLOC freed 50K, 12% free 13030K/14780K, paused 53ms, total 53ms
07-14 12:12:49.830 V/RenderScript(  595): 0x5d153008 Launching thread(s), CPUs 2
07-14 12:12:50.729 W/InteractionController( 3991): runAndwaitForEvent timedout waiting for events
07-14 12:12:50.846 W/ResourceType(  595): No known package when getting name for resource number 0x9c020000
07-14 12:12:50.846 W/ResourceType(  595): No known package when getting name for resource number 0x9c020002
07-14 12:12:50.908 W/ResourceType(  595): No known package when getting name for resource number 0x9b000000
07-14 12:12:50.908 W/ResourceType(  595): No known package when getting name for resource number 0x9b010100
07-14 12:12:50.908 W/ResourceType(  595): No known package when getting name for resource number 0x9b030300
07-14 12:12:50.908 W/ResourceType(  595): No known package when getting name for resource number 0x9b040400
07-14 12:12:50.916 I/QueryController( 3991): Matched selector: UiSelector[DESCRIPTION=应用, PACKAGE NAME=com.android.launcher] <<==>> [android.view.accessibility.AccessibilityNodeInfo@1fe6e; boundsInParent: Rect(524232, 0 - 524360, 128); boundsInScreen: Rect(296, 1040 - 424, 1168); packageName: com.android.launcher; className: android.widget.TextView; text: null; contentDescription: 应用; viewIdResName: null; checkable: false; checked: false; focusable: true; focused: false; selected: false; clickable: true; longClickable: false; enabled: true; password: false; scrollable: false; [ACTION_FOCUS, ACTION_SELECT, ACTION_CLEAR_SELECTION, ACTION_CLICK, ACTION_ACCESSIBILITY_FOCUS]]
07-14 12:12:50.916 D/InteractionController( 3991): clickAndWaitForNewWindow(360, 1104)
07-14 12:12:51.776 I/QueryController( 3991): Matched selector: UiSelector[TEXT=京联云企业移动办公] <<==>> [android.view.accessibility.AccessibilityNodeInfo@2ab1c; boundsInParent: Rect(0, 0 - 148, 184); boundsInScreen: Rect(16, 958 - 164, 1142); packageName: com.android.launcher; className: android.widget.TextView; text: 京联云企业移动办公; contentDescription: null; viewIdResName: null; checkable: false; checked: false; focusable: true; focused: false; selected: false; clickable: true; longClickable: true; enabled: true; password: false; scrollable: false; [ACTION_FOCUS, ACTION_SELECT, ACTION_CLEAR_SELECTION, ACTION_CLICK, ACTION_LONG_CLICK, ACTION_ACCESSIBILITY_FOCUS, ACTION_NEXT_AT_MOVEMENT_GRANULARITY, ACTION_PREVIOUS_AT_MOVEMENT_GRANULARITY, ACTION_SET_SELECTION]]
07-14 12:12:51.908 I/QueryController( 3991): Matched selector: UiSelector[TEXT=京联云企业移动办公] <<==>> [android.view.accessibility.AccessibilityNodeInfo@2ab1c; boundsInParent: Rect(0, 0 - 148, 184); boundsInScreen: Rect(16, 958 - 164, 1142); packageName: com.android.launcher; className: android.widget.TextView; text: 京联云企业移动办公; contentDescription: null; viewIdResName: null; checkable: false; checked: false; focusable: true; focused: false; selected: false; clickable: true; longClickable: true; enabled: true; password: false; scrollable: false; [ACTION_FOCUS, ACTION_SELECT, ACTION_CLEAR_SELECTION, ACTION_CLICK, ACTION_LONG_CLICK, ACTION_ACCESSIBILITY_FOCUS, ACTION_NEXT_AT_MOVEMENT_GRANULARITY, ACTION_PREVIOUS_AT_MOVEMENT_GRANULARITY, ACTION_SET_SELECTION]]
07-14 12:12:51.908 D/InteractionController( 3991): clickAndWaitForNewWindow(90, 1050)
07-14 12:12:52.049 I/ActivityManager(  374): START u0 {act=android.intent.action.MAIN cat=[android.intent.category.LAUNCHER] flg=0x10200000 cmp=com.pekall.emdm/.ui.SplashActivity} from pid 595
07-14 12:12:52.127 E/Mdm     ( 3494): Call Mdm service's setLastExitTime function
07-14 12:12:52.135 D/MDM :   ( 3494): [null:-1]->query
07-14 12:12:52.135 D/MDM :   ( 3494): [null:-1]->QUERY_SETTING_PIN_TIMEOUT
07-14 12:12:52.135 D/MDM :   ( 3494): [null:-1]->query
07-14 12:12:52.143 D/MDM :   ( 3494): [null:-1]->QUERY_SETTING_PIN_CODE
07-14 12:12:52.143 D/MdmApplication( 3494): [null:-1]->onActivityStarted ui.SplashActivity , mActivityCount = 0
07-14 12:12:52.338 I/ActivityManager(  374): Displayed com.pekall.emdm/.ui.SplashActivity: +249ms
07-14 12:12:52.901 I/QueryController( 3991): Matched selector: UiSelector[PACKAGE NAME=com.pekall.emdm] <<==>> [android.view.accessibility.AccessibilityNodeInfo@744a; boundsInParent: Rect(0, 0 - 720, 1184); boundsInScreen: Rect(0, 0 - 720, 1184); packageName: com.pekall.emdm; className: android.widget.FrameLayout; text: null; contentDescription: null; viewIdResName: null; checkable: false; checked: false; focusable: false; focused: false; selected: false; clickable: false; longClickable: false; enabled: true; password: false; scrollable: false; [ACTION_SELECT, ACTION_CLEAR_SELECTION, ACTION_ACCESSIBILITY_FOCUS]]
07-14 12:12:53.643 I/ActivityManager(  374): START u0 {cmp=com.pekall.emdm/.ui.MainActivity} from pid 3494
07-14 12:12:53.783 D/dalvikvm(  374): JIT code cache reset in 9 ms (1048552 bytes 2/0)
07-14 12:12:53.791 D/dalvikvm(  374): GC_FOR_ALLOC freed 2196K, 19% free 18170K/22308K, paused 98ms, total 98ms
07-14 12:12:53.885 D/dalvikvm(  374): GC_FOR_ALLOC freed 848K, 20% free 18066K/22308K, paused 81ms, total 81ms
07-14 12:12:53.901 D/MdmApplication( 3494): [null:-1]->onActivityPaused ui.SplashActivity , mActivityCount = 0
07-14 12:12:53.955 D/MdmApplication( 3494): [null:-1]->onActivityStarted ui.MainActivity , mActivityCount = 0
07-14 12:12:53.955 E/Mdm     ( 3494): Call Mdm service's setLastExitTime function
07-14 12:12:53.955 D/MDM :   ( 3494): [null:-1]->query
07-14 12:12:53.955 D/MDM :   ( 3494): [null:-1]->QUERY_SETTING_PIN_TIMEOUT
07-14 12:12:53.955 D/MDM :   ( 3494): [null:-1]->query
07-14 12:12:53.955 D/MDM :   ( 3494): [null:-1]->QUERY_SETTING_PIN_CODE
07-14 12:12:53.955 D/MDM :   ( 3494): [null:-1]->query
07-14 12:12:53.955 D/MDM :   ( 3494): [null:-1]->QUERY_PINCODE_CHECK_RESULT
07-14 12:12:54.190 I/ActivityManager(  374): Displayed com.pekall.emdm/.ui.MainActivity: +285ms
07-14 12:12:54.244 D/dalvikvm( 3494): GC_CONCURRENT freed 2560K, 29% free 17056K/23728K, paused 7ms+9ms, total 110ms
07-14 12:12:54.244 D/dalvikvm( 3494): WAIT_FOR_CONCURRENT_GC blocked 50ms
07-14 12:12:55.041 I/QueryController( 3991): Matched selector: UiSelector[TEXT=应用列表, CLASS=android.widget.TextView] <<==>> [android.view.accessibility.AccessibilityNodeInfo@115b6; boundsInParent: Rect(0, 0 - 148, 184); boundsInScreen: Rect(376, 572 - 524, 756); packageName: com.pekall.emdm; className: android.widget.TextView; text: 应用列表; contentDescription: null; viewIdResName: com.pekall.emdm:id/application_icon_content; checkable: false; checked: false; focusable: true; focused: false; selected: false; clickable: false; longClickable: false; enabled: true; password: false; scrollable: false; [ACTION_FOCUS, ACTION_SELECT, ACTION_CLEAR_SELECTION, ACTION_ACCESSIBILITY_FOCUS, ACTION_NEXT_AT_MOVEMENT_GRANULARITY, ACTION_PREVIOUS_AT_MOVEMENT_GRANULARITY, ACTION_SET_SELECTION]]
07-14 12:12:55.104 I/QueryController( 3991): Matched selector: UiSelector[TEXT=文档中心, CLASS=android.widget.TextView] <<==>> [android.view.accessibility.AccessibilityNodeInfo@10a73; boundsInParent: Rect(0, 0 - 148, 184); boundsInScreen: Rect(16, 572 - 164, 756); packageName: com.pekall.emdm; className: android.widget.TextView; text: 文档中心; contentDescription: null; viewIdResName: com.pekall.emdm:id/application_icon_content; checkable: false; checked: false; focusable: true; focused: false; selected: false; clickable: false; longClickable: false; enabled: true; password: false; scrollable: false; [ACTION_FOCUS, ACTION_SELECT, ACTION_CLEAR_SELECTION, ACTION_ACCESSIBILITY_FOCUS, ACTION_NEXT_AT_MOVEMENT_GRANULARITY, ACTION_PREVIOUS_AT_MOVEMENT_GRANULARITY, ACTION_SET_SELECTION]]
07-14 12:12:55.143 I/QueryController( 3991): Matched selector: UiSelector[TEXT=消息中心, CLASS=android.widget.TextView] <<==>> [android.view.accessibility.AccessibilityNodeInfo@10e34; boundsInParent: Rect(0, 0 - 148, 184); boundsInScreen: Rect(196, 572 - 344, 756); packageName: com.pekall.emdm; className: android.widget.TextView; text: 消息中心; contentDescription: null; viewIdResName: com.pekall.emdm:id/application_icon_content; checkable: false; checked: false; focusable: true; focused: false; selected: false; clickable: false; longClickable: false; enabled: true; password: false; scrollable: false; [ACTION_FOCUS, ACTION_SELECT, ACTION_CLEAR_SELECTION, ACTION_ACCESSIBILITY_FOCUS, ACTION_NEXT_AT_MOVEMENT_GRANULARITY, ACTION_PREVIOUS_AT_MOVEMENT_GRANULARITY, ACTION_SET_SELECTION]]
07-14 12:12:55.143 D/InteractionController( 3991): clickAndWaitForNewWindow(270, 664)
07-14 12:12:55.283 I/ActivityManager(  374): START u0 {cmp=com.pekall.emdm/.messagecenter.activity.MessageMainActivity} from pid 3494
07-14 12:12:55.401 D/dalvikvm(  374): GC_FOR_ALLOC freed 102K, 16% free 18765K/22308K, paused 80ms, total 80ms
07-14 12:12:55.408 I/dalvikvm-heap(  374): Grow heap (frag case) to 18.726MB for 380496-byte allocation
07-14 12:12:55.494 D/dalvikvm(  374): GC_FOR_ALLOC freed 2K, 16% free 19134K/22680K, paused 82ms, total 82ms
07-14 12:12:55.573 D/dalvikvm(  374): GC_FOR_ALLOC freed 746K, 19% free 18388K/22680K, paused 81ms, total 81ms
07-14 12:12:55.580 D/MdmApplication( 3494): [null:-1]->onActivityPaused ui.MainActivity , mActivityCount = 1
07-14 12:12:55.580 D/MDM :   ( 3494): [null:-1]->query
07-14 12:12:55.580 D/MDM :   ( 3494): [null:-1]->QUERY_PINCODE_CHECK_RESULT
07-14 12:12:55.580 E/Mdm     ( 3494): Call Mdm service's setLastExitTime function
07-14 12:12:55.658 D/MdmApplication( 3494): [null:-1]->onActivityStarted messagecenter.activity.MessageMainActivity , mActivityCount = 0
07-14 12:12:55.658 E/Mdm     ( 3494): Call Mdm service's setLastExitTime function
07-14 12:12:55.658 D/MDM :   ( 3494): [null:-1]->query
07-14 12:12:55.658 D/MDM :   ( 3494): [null:-1]->QUERY_SETTING_PIN_TIMEOUT
07-14 12:12:55.658 D/MDM :   ( 3494): [null:-1]->query
07-14 12:12:55.658 D/MDM :   ( 3494): [null:-1]->QUERY_PINCODE_CHECK_RESULT
07-14 12:12:55.666 E/DB      ( 3494): bind, index: 1, value: 100
07-14 12:12:55.666 D/DB      ( 3494): query: SQLiteQuery: SELECT * FROM message WHERE type=? ORDER BY date DESC
07-14 12:12:55.666 D/DB      ( 3494): factory null
07-14 12:12:55.666 D/DB      ( 3494): fillWindow: 0
07-14 12:12:55.666 D/DB      ( 3494): cursor 4
07-14 12:12:55.744 D/DB      ( 3494): moveToPos: 0
07-14 12:12:55.744 D/DB      ( 3494): onMove: 0
07-14 12:12:55.768 D/DB      ( 3494): moveToPos: 0
07-14 12:12:55.815 D/DB      ( 3494): moveToPos: 1
07-14 12:12:55.815 D/DB      ( 3494): onMove: 1
07-14 12:12:55.838 D/DB      ( 3494): moveToPos: 1
07-14 12:12:55.846 D/DB      ( 3494): moveToPos: 2
07-14 12:12:55.846 D/DB      ( 3494): onMove: 2
07-14 12:12:55.862 D/DB      ( 3494): moveToPos: 2
07-14 12:12:55.869 D/DB      ( 3494): moveToPos: 3
07-14 12:12:55.869 D/DB      ( 3494): onMove: 3
07-14 12:12:55.885 D/DB      ( 3494): moveToPos: 3
07-14 12:12:55.979 I/ActivityManager(  374): Displayed com.pekall.emdm/.messagecenter.activity.MessageMainActivity: +381ms
07-14 12:12:58.924 I/QueryController( 3991): Matched selector: UiSelector[TEXT=UserPushMessage] <<==>> [android.view.accessibility.AccessibilityNodeInfo@1b722; boundsInParent: Rect(0, 0 - 457, 48); boundsInScreen: Rect(119, 156 - 576, 204); packageName: com.pekall.emdm; className: android.widget.TextView; text: UserPushMessage; contentDescription: null; viewIdResName: com.pekall.emdm:id/message_subject; checkable: false; checked: false; focusable: false; focused: false; selected: false; clickable: false; longClickable: false; enabled: true; password: false; scrollable: false; [ACTION_SELECT, ACTION_CLEAR_SELECTION, ACTION_ACCESSIBILITY_FOCUS, ACTION_NEXT_AT_MOVEMENT_GRANULARITY, ACTION_PREVIOUS_AT_MOVEMENT_GRANULARITY, ACTION_SET_SELECTION]]
07-14 12:12:58.940 I/AndroidRuntime( 3991): VM exiting with result code 0.
07-14 12:13:03.791 D/dalvikvm( 2037): GC_CONCURRENT freed 517K, 20% free 9589K/11956K, paused 5ms+3ms, total 31ms
07-14 12:13:19.104 D/dalvikvm( 1052): GC_CONCURRENT freed 564K, 9% free 10221K/11168K, paused 6ms+3ms, total 41ms
07-14 12:13:19.362 D/LightsService(  374): Excessive delay setting light: 67ms
07-14 12:13:19.596 D/LightsService(  374): Excessive delay setting light: 67ms
07-14 12:13:21.643 D/MDM :   ( 3494): [null:-1]->MSG_WEBSOCKET_MESSAGE : {"id":1089716158,"type":0,"command":0,"result":0,"reason":0,"params":{"msgId":"c8b48e73-b716-41e8-8a47-d6c6e854d8ce,c8b48e73b71641e88a47d6c6e854d8ce","device":"ffffffffc539bb10fffffffff7aea961","message":"{\"cmd\":\"10119\"}"}}
07-14 12:13:21.651 D/MdmService( 3494): [null:-1]->push message type :0
07-14 12:13:21.658 D/MdmService( 3494): [null:-1]->cmdMessage : {"cmd":"10119"}
07-14 12:13:21.658 D/MdmService( 3494): [null:-1]->command : PushCommandMsg{cmd='10119', msg='null'}
07-14 12:13:21.658 D/MDM :   ( 3494): [null:-1]->PUSH CMD: 10119
07-14 12:13:21.658 D/MdmStatusManager( 3494): [null:-1]->change status to : Busy
07-14 12:13:21.658 D/DB      ( 3494): query: SQLiteQuery: SELECT content, command_status, status FROM command WHERE status!=2
07-14 12:13:21.658 D/DB      ( 3494): factory null
07-14 12:13:21.658 D/DB      ( 3494): fillWindow: 0
07-14 12:13:21.658 D/DB      ( 3494): cursor 0
07-14 12:13:21.658 D/DB      ( 3494): moveToPos: 0
07-14 12:13:21.658 I/TransInfo( 3494): TransInfo created, id: 3, class: class com.pekall.emdm.transaction.b.c
07-14 12:13:21.658 D/NetworkThread( 3494): [null:-1]->----isRunning-----true
07-14 12:13:21.658 D/NetworkThread( 3494): [null:-1]->----isRunning-----true
07-14 12:13:21.658 D/NetworkThread( 3494): [null:-1]->thread wakeup
07-14 12:13:21.666 D/HttpClient( 3494): enable apache.http debug
07-14 12:13:21.674 V/DEBUG   ( 3494): HTTP 0
07-14 12:13:22.276 V/DEBUG   ( 3494): HTTP 1
07-14 12:13:22.291 D/MDM :   ( 3494): [null:-1]->read network input stream
07-14 12:13:22.291 D/MDM :   ( 3494): [null:-1]->read network input stream
07-14 12:13:22.291 D/MDM :   ( 3494): [null:-1]->read network input stream
07-14 12:13:22.291 D/MDM :   ( 3494): [null:-1]->read network input stream
07-14 12:13:22.291 D/MDM :   ( 3494): [null:-1]->read network input stream
07-14 12:13:22.291 D/MDM :   ( 3494): [null:-1]->read network input stream
07-14 12:13:22.291 D/MDM :   ( 3494): [null:-1]->read network input stream
07-14 12:13:22.291 D/MDM :   ( 3494): [null:-1]->read network input stream
07-14 12:13:22.291 D/MDM :   ( 3494): [null:-1]->read network input stream
07-14 12:13:22.299 D/MDM :   ( 3494): [null:-1]->read network input stream
07-14 12:13:22.299 D/MDM :   ( 3494): [null:-1]->read network input stream
07-14 12:13:22.299 D/MDM :   ( 3494): [null:-1]->read network input stream
07-14 12:13:22.299 D/MDM :   ( 3494): [null:-1]->read network input stream
07-14 12:13:22.299 D/MDM :   ( 3494): [null:-1]->read network input stream
07-14 12:13:22.299 D/MDM :   ( 3494): [null:-1]->read network input stream
07-14 12:13:22.299 D/MDM :   ( 3494): [null:-1]->read network input stream
07-14 12:13:22.299 D/MDM :   ( 3494): [null:-1]->read network input stream
07-14 12:13:22.307 D/MDM :   ( 3494): [null:-1]->read network input stream
07-14 12:13:22.307 D/MDM :   ( 3494): [null:-1]->read network input stream
07-14 12:13:22.307 D/MDM :   ( 3494): [null:-1]->read network input stream
07-14 12:13:22.432 D/dalvikvm( 3494): GC_FOR_ALLOC freed 2454K, 28% free 17175K/23728K, paused 51ms, total 51ms
07-14 12:13:22.440 D/CheckInTransInfo( 3494): [null:-1]->CommandMsg : CommandMsg{CommandUUID='8a80888e4732aed50147331330570458', Command=CommandInstallProfile{super=CommandObject{RequestType='InstallProfile'}Payload=[60, 63, 120, 109, 108, 32, 118, 101, 114, 115, 105, 111, 110, 61, 34, 49, 46, 48, 34, 32, 101, 110, 99, 111, 100, 105, 110, 103, 61, 34, 85, 84, 70, 45, 56, 34, 63, 62, 10, 60, 33, 68, 79, 67, 84, 89, 80, 69, 32, 112, 108, 105, 115, 116, 32, 80, 85, 66, 76, 73, 67, 32, 34, 45, 47, 47, 65, 112, 112, 108, 101, 47, 47, 68, 84, 68, 32, 80, 76, 73, 83, 84, 32, 49, 46, 48, 47, 47, 69, 78, 34, 32, 34, 104, 116, 116, 112, 58, 47, 47, 119, 119, 119, 46, 97, 112, 112, 108, 101, 46, 99, 111, 109, 47, 68, 84, 68, 115, 47, 80, 114, 111, 112, 101, 114, 116, 121, 76, 105, 115, 116, 45, 49, 46, 48, 46, 100, 116, 100, 34, 62, 10, 60, 112, 108, 105, 115, 116, 32, 118, 101, 114, 115, 105, 111, 110, 61, 34, 49, 46, 48, 34, 62, 10, 60, 100, 105, 99, 116, 62, 10, 9, 60, 107, 101, 121, 62, 80, 97, 121, 108, 111, 97, 100, 67, 111, 110, 116, 101, 110, 116, 60, 47, 107, 101, 121, 62, 10, 9, 60, 97, 114, 114, 97, 121, 62, 10, 9, 9, 60, 100, 105, 99, 116, 62, 10, 9, 9, 9, 60, 107, 101, 121, 62, 69, 109, 97, 105, 108, 65, 99, 99, 111, 117, 110, 116, 84, 121, 112, 101, 60, 47, 107, 101, 121, 62, 10, 9, 9, 9, 60, 115, 116, 114, 105, 110, 103, 62, 69, 109, 97, 105, 108, 84, 121, 112, 101, 80, 79, 80, 60, 47, 115, 116, 114, 105, 110, 103, 62, 10, 9, 9, 9, 60, 107, 101, 121, 62, 65, 99, 99, 111, 117, 110, 116, 68, 105, 115, 112, 108, 97, 121, 78, 97, 109, 101, 60, 47, 107, 101, 121, 62, 10, 9, 9, 9, 60, 115, 116, 114, 105, 110, 103, 62, -28, -70, -84, -24, -127, -108, -28, -70, -111, 60, 47, 115, 116, 114, 105, 110, 103, 62, 10, 9, 9, 9, 60, 107, 101, 121, 62, 69, 109, 97, 105, 108, 65, 99, 99, 111, 117, 110, 116, 60, 47, 107, 101, 121, 62, 10, 9, 9, 9, 60, 115, 116, 114, 105, 110, 103, 62, 85, 115, 101, 32, 68, 101, 118, 105, 99, 101, 32, 69, 110, 114, 111, 108, 108, 109, 101, 110, 116, 32, 99, 114, 101, 100, 101, 110, 116, 105, 97, 108, 115, 60, 47, 115, 116, 114, 105, 110, 103, 62, 10, 9, 9, 9, 60, 107, 101, 121, 62, 100, 101, 102, 97, 117, 108, 116, 65, 99, 99, 111, 117, 110, 116, 60, 47, 107, 101, 121, 62, 10, 9, 9, 9, 60, 116, 114, 117, 101, 47, 62, 10, 9, 9, 9, 60, 107, 101, 121, 62, 73, 110, 99, 111, 109, 105, 110, 103, 77, 97, 105, 108, 83, 101, 114, 118, 101, 114, 72, 111, 115, 116, 78, 97, 109, 101, 60, 47, 107, 101, 121, 62, 10, 9, 9, 9, 60, 115, 116, 114, 105, 110, 103, 62, 109, 97, 105, 108, 46, 112, 101, 107, 97, 108, 108, 46, 99, 111, 109, 60, 47, 115, 116, 114, 105, 110, 103, 62, 10, 9, 9, 9, 60, 107, 101, 121, 62, 73, 110, 99, 111, 109, 105, 110, 103, 77, 97, 105, 108, 83, 101, 114, 118, 101, 114, 80, 111, 114, 116, 78, 117, 109, 98, 101, 114, 60, 47, 107, 101, 121, 62, 10, 9, 9, 9, 60, 105, 110, 116, 101, 103, 101, 114, 62, 57, 57, 53, 60, 47, 105, 110, 116, 101, 103, 101, 114, 62, 10, 9, 9, 9, 60, 107, 101, 121, 62, 73, 110, 99, 111, 109, 105, 110, 103, 77, 97, 105, 108, 83, 101, 114, 118, 101, 114, 85, 115, 101, 83, 83, 76, 60, 47, 107, 101, 121, 62, 10, 9, 9, 9, 60, 116, 114, 117, 101, 47, 62, 10, 9, 9, 9, 60, 107, 101, 121, 62, 97, 99, 99, 101, 112, 116, 65, 108, 108, 67, 101, 114, 116, 70, 111, 114, 73, 110, 99, 111, 109, 105, 110, 103, 77, 97, 105, 108, 60, 47, 107, 101, 121, 62, 10, 9, 9, 9, 60, 116, 114, 117, 101, 47, 62, 10, 9, 9, 9, 60, 107, 101, 121, 62, 97, 99, 99, 101, 112, 116, 84, 76, 83, 67, 101, 114, 116, 70, 111, 114, 73, 110, 99, 111, 109, 105, 110, 103, 77, 97, 105, 108, 60, 47, 107, 101, 121, 62, 10, 9, 9, 9, 60, 116, 114, 117, 101, 47, 62, 10, 9, 9, 9, 60, 107, 101, 121, 62, 79, 117, 116, 103, 111, 105, 110, 103, 77, 97, 105, 108, 83, 101, 114, 118, 101, 114, 72, 111, 115, 116, 78, 97, 109, 101, 60, 47, 107, 101, 121, 62, 10, 9, 9, 9, 60, 115, 116, 114, 105, 110, 103, 62, 109, 97, 105, 108, 46, 112, 101, 107, 97, 108, 108, 46, 99, 111, 109, 60, 47, 115, 116, 114, 105, 110, 103, 62, 10, 9, 9, 9, 60, 107, 101, 121, 62, 79, 117, 116, 103, 111, 105, 110, 103, 77, 97, 105, 108, 83, 101, 114, 118, 101, 114, 80, 11
07-14 12:13:22.440 D/DB      ( 3494): query: SQLiteQuery: SELECT * FROM command WHERE cmd_uuid='8a80888e4732aed50147331330570458'
07-14 12:13:22.440 D/DB      ( 3494): factory null
07-14 12:13:22.440 D/DB      ( 3494): fillWindow: 0
07-14 12:13:22.440 D/DB      ( 3494): cursor 0
07-14 12:13:22.487 D/NetworkThread( 3494): [null:-1]->queue is empty, thread wait...
07-14 12:13:22.588 D/MdmService( 3494): [null:-1]->handleCheckInResult
07-14 12:13:22.588 D/MdmService( 3494): [null:-1]->handleCheckInResult result keyIndex: 3
07-14 12:13:22.627 D/CommandManager( 3494): [null:-1]->execute command: CommandMsg{CommandUUID='8a80888e4732aed50147331330570458', Command=CommandInstallProfile{super=CommandObject{RequestType='InstallProfile'}Payload=[60, 63, 120, 109, 108, 32, 118, 101, 114, 115, 105, 111, 110, 61, 34, 49, 46, 48, 34, 32, 101, 110, 99, 111, 100, 105, 110, 103, 61, 34, 85, 84, 70, 45, 56, 34, 63, 62, 10, 60, 33, 68, 79, 67, 84, 89, 80, 69, 32, 112, 108, 105, 115, 116, 32, 80, 85, 66, 76, 73, 67, 32, 34, 45, 47, 47, 65, 112, 112, 108, 101, 47, 47, 68, 84, 68, 32, 80, 76, 73, 83, 84, 32, 49, 46, 48, 47, 47, 69, 78, 34, 32, 34, 104, 116, 116, 112, 58, 47, 47, 119, 119, 119, 46, 97, 112, 112, 108, 101, 46, 99, 111, 109, 47, 68, 84, 68, 115, 47, 80, 114, 111, 112, 101, 114, 116, 121, 76, 105, 115, 116, 45, 49, 46, 48, 46, 100, 116, 100, 34, 62, 10, 60, 112, 108, 105, 115, 116, 32, 118, 101, 114, 115, 105, 111, 110, 61, 34, 49, 46, 48, 34, 62, 10, 60, 100, 105, 99, 116, 62, 10, 9, 60, 107, 101, 121, 62, 80, 97, 121, 108, 111, 97, 100, 67, 111, 110, 116, 101, 110, 116, 60, 47, 107, 101, 121, 62, 10, 9, 60, 97, 114, 114, 97, 121, 62, 10, 9, 9, 60, 100, 105, 99, 116, 62, 10, 9, 9, 9, 60, 107, 101, 121, 62, 69, 109, 97, 105, 108, 65, 99, 99, 111, 117, 110, 116, 84, 121, 112, 101, 60, 47, 107, 101, 121, 62, 10, 9, 9, 9, 60, 115, 116, 114, 105, 110, 103, 62, 69, 109, 97, 105, 108, 84, 121, 112, 101, 80, 79, 80, 60, 47, 115, 116, 114, 105, 110, 103, 62, 10, 9, 9, 9, 60, 107, 101, 121, 62, 65, 99, 99, 111, 117, 110, 116, 68, 105, 115, 112, 108, 97, 121, 78, 97, 109, 101, 60, 47, 107, 101, 121, 62, 10, 9, 9, 9, 60, 115, 116, 114, 105, 110, 103, 62, -28, -70, -84, -24, -127, -108, -28, -70, -111, 60, 47, 115, 116, 114, 105, 110, 103, 62, 10, 9, 9, 9, 60, 107, 101, 121, 62, 69, 109, 97, 105, 108, 65, 99, 99, 111, 117, 110, 116, 60, 47, 107, 101, 121, 62, 10, 9, 9, 9, 60, 115, 116, 114, 105, 110, 103, 62, 85, 115, 101, 32, 68, 101, 118, 105, 99, 101, 32, 69, 110, 114, 111, 108, 108, 109, 101, 110, 116, 32, 99, 114, 101, 100, 101, 110, 116, 105, 97, 108, 115, 60, 47, 115, 116, 114, 105, 110, 103, 62, 10, 9, 9, 9, 60, 107, 101, 121, 62, 100, 101, 102, 97, 117, 108, 116, 65, 99, 99, 111, 117, 110, 116, 60, 47, 107, 101, 121, 62, 10, 9, 9, 9, 60, 116, 114, 117, 101, 47, 62, 10, 9, 9, 9, 60, 107, 101, 121, 62, 73, 110, 99, 111, 109, 105, 110, 103, 77, 97, 105, 108, 83, 101, 114, 118, 101, 114, 72, 111, 115, 116, 78, 97, 109, 101, 60, 47, 107, 101, 121, 62, 10, 9, 9, 9, 60, 115, 116, 114, 105, 110, 103, 62, 109, 97, 105, 108, 46, 112, 101, 107, 97, 108, 108, 46, 99, 111, 109, 60, 47, 115, 116, 114, 105, 110, 103, 62, 10, 9, 9, 9, 60, 107, 101, 121, 62, 73, 110, 99, 111, 109, 105, 110, 103, 77, 97, 105, 108, 83, 101, 114, 118, 101, 114, 80, 111, 114, 116, 78, 117, 109, 98, 101, 114, 60, 47, 107, 101, 121, 62, 10, 9, 9, 9, 60, 105, 110, 116, 101, 103, 101, 114, 62, 57, 57, 53, 60, 47, 105, 110, 116, 101, 103, 101, 114, 62, 10, 9, 9, 9, 60, 107, 101, 121, 62, 73, 110, 99, 111, 109, 105, 110, 103, 77, 97, 105, 108, 83, 101, 114, 118, 101, 114, 85, 115, 101, 83, 83, 76, 60, 47, 107, 101, 121, 62, 10, 9, 9, 9, 60, 116, 114, 117, 101, 47, 62, 10, 9, 9, 9, 60, 107, 101, 121, 62, 97, 99, 99, 101, 112, 116, 65, 108, 108, 67, 101, 114, 116, 70, 111, 114, 73, 110, 99, 111, 109, 105, 110, 103, 77, 97, 105, 108, 60, 47, 107, 101, 121, 62, 10, 9, 9, 9, 60, 116, 114, 117, 101, 47, 62, 10, 9, 9, 9, 60, 107, 101, 121, 62, 97, 99, 99, 101, 112, 116, 84, 76, 83, 67, 101, 114, 116, 70, 111, 114, 73, 110, 99, 111, 109, 105, 110, 103, 77, 97, 105, 108, 60, 47, 107, 101, 121, 62, 10, 9, 9, 9, 60, 116, 114, 117, 101, 47, 62, 10, 9, 9, 9, 60, 107, 101, 121, 62, 79, 117, 116, 103, 111, 105, 110, 103, 77, 97, 105, 108, 83, 101, 114, 118, 101, 114, 72, 111, 115, 116, 78, 97, 109, 101, 60, 47, 107, 101, 121, 62, 10, 9, 9, 9, 60, 115, 116, 114, 105, 110, 103, 62, 109, 97, 105, 108, 46, 112, 101, 107, 97, 108, 108, 46, 99, 111, 109, 60, 47, 115, 116, 114, 105, 110, 103, 62, 10, 9, 9, 9, 60, 107, 101, 121, 62, 79, 117, 116, 103, 111, 105, 110, 103, 77, 97, 105, 108, 83, 101, 114, 118, 101, 114, 80, 
07-14 12:13:22.713 D/dalvikvm( 3494): GC_CONCURRENT freed 3361K, 31% free 16568K/23728K, paused 4ms+7ms, total 52ms
07-14 12:13:22.713 D/dalvikvm( 3494): WAIT_FOR_CONCURRENT_GC blocked 27ms
07-14 12:13:22.752 D/ProfileManager( 3494): [null:-1]->saveProfile payloadIdentifier: com.pekall.profile.policy
07-14 12:13:22.752 D/ProfileManager( 3494): [null:-1]->saveProfile path: /data/data/com.pekall.emdm/cache/com.pekall.profile.policy
07-14 12:13:22.760 D/CmdInstallProfile( 3494): [null:-1]->save profile success
07-14 12:13:22.760 D/TEST_ALL( 3494): [null:-1]->PAYLOAD_POLICY_IDENTIFIER
07-14 12:13:22.799 D/TEST_ALL( 3494): [null:-1]->POLICY_DOWN_LOAD
07-14 12:13:22.869 D/MDM :   ( 3494): [null:-1]->Apply Email
07-14 12:13:22.869 D/DB      ( 3494): query: SQLiteQuery: SELECT is_current FROM account_settings WHERE is_current=1
07-14 12:13:22.869 D/DB      ( 3494): factory null
07-14 12:13:22.869 D/DB      ( 3494): fillWindow: 0
07-14 12:13:22.869 D/DB      ( 3494): cursor 0
07-14 12:13:22.869 E/EmailProvider( 3494): selection 'is_current=1', args 'null'
07-14 12:13:22.869 D/DB      ( 3494): moveToPos: 0
07-14 12:13:22.869 D/AccountProvision( 3494): Process delete email account: false
07-14 12:13:22.893 D/MDM :   ( 3494): [null:-1]->email_address:zhenhua.sang@pekall.com
07-14 12:13:22.893 D/MDM :   ( 3494): [null:-1]->account_name:zhenhua.sang@pekall.com
07-14 12:13:22.940 D/AccountProvision( 3494): Process add new email account: 1
07-14 12:13:22.940 V/AccountProvision( 3494): command add new, add new account.
07-14 12:13:22.963 D/Policy  ( 3494): [null:-1]->Insert new email account item at 'content://com.pekall.semail.provider/accountSettings/1'.
07-14 12:13:22.963 D/Policy  ( 3494): [null:-1]->Insert new email account item at 'PayloadEmail {EmailAccountType=EmailTypePOP, AccountDisplayName=京联云, EmailAccount=Use Device Enrollment credentials, defaultAccount=true, IncomingMailServerHostName=mail.pekall.com, IncomingMailServerPortNumber=995, IncomingMailServerUseSSL=true, acceptAllCertForIncomingMail=true, acceptTLSCertForIncomingMail=true, OutgoingMailServerHostName=mail.pekall.com, OutgoingMailServerPortNumber=25, OutgoingMailServerUseSSL=true, acceptAllCertForOutgoingMail=true, acceptTLSCertForOutgoingMail=true, senderName=京联云, signature=京联云_测试部, PreventMove=true, vibrateOnNewEmail=false, vibrateOnNewEmailIfSilent=false, IncomingPassword=null, OutgoingPassword=null, OutgoingPasswordSameAsIncomingPassword=null, OutgoingMailServerAuthentication=null, OutgoingMailServerUsername=null, PreventAppSheet=null, SMIMEEnabled=null, SMIMESigningCertificateUUID=null, SMIMEEncryptionCertificateUUID=null, disableMailRecentsSyncing=null, IncomingMailServerIMAPPathPrefix=null, EmailAccountDescription=null, EmailAccountName=null, EmailAddress=null, IncomingMailServerAuthentication=null, IncomingMailServerUsername=null}
07-14 12:13:23.033 D/WifiSetting( 3494): [null:-1]->exist wifiConfig : ID: 1 SSID: "cmcc-tttt" BSSID: null PRIO: 2
07-14 12:13:23.033 D/WifiSetting( 3494):  KeyMgmt: WPA_PSK Protocols: WPA RSN
07-14 12:13:23.033 D/WifiSetting( 3494):  AuthAlgorithms:
07-14 12:13:23.033 D/WifiSetting( 3494):  PairwiseCiphers: TKIP CCMP
07-14 12:13:23.033 D/WifiSetting( 3494):  GroupCiphers: WEP40 WEP104 TKIP CCMP
07-14 12:13:23.033 D/WifiSetting( 3494):  PSK: *anonymous_identity NULL
07-14 12:13:23.033 D/WifiSetting( 3494): ca_cert NULL
07-14 12:13:23.033 D/WifiSetting( 3494): identity NULL
07-14 12:13:23.033 D/WifiSetting( 3494): phase2 NULL
07-14 12:13:23.033 D/WifiSetting( 3494): engine 0
07-14 12:13:23.033 D/WifiSetting( 3494): client_cert NULL
07-14 12:13:23.033 D/WifiSetting( 3494): eap NULL
07-14 12:13:23.033 D/WifiSetting( 3494): engine_id NULL
07-14 12:13:23.033 D/WifiSetting( 3494): subject_match NULL
07-14 12:13:23.033 D/WifiSetting( 3494): password NULL
07-14 12:13:23.033 D/WifiSetting( 3494): key_id NULL
07-14 12:13:23.033 D/WifiSetting( 3494): 
07-14 12:13:23.033 D/WifiSetting( 3494): IP assignment: DHCP
07-14 12:13:23.033 D/WifiSetting( 3494): Proxy settings: NONE
07-14 12:13:23.033 D/WifiSetting( 3494): {LinkAddresses: []  Routes: [] DnsAddresses: [] Domains: null}
07-14 12:13:23.057 D/WifiSetting( 3494): [null:-1]->wifi config is :ID: -1 SSID: "cmcc-tttt" BSSID: null PRIO: 0
07-14 12:13:23.057 D/WifiSetting( 3494):  KeyMgmt: WPA_PSK Protocols:
07-14 12:13:23.057 D/WifiSetting( 3494):  AuthAlgorithms:
07-14 12:13:23.057 D/WifiSetting( 3494):  PairwiseCiphers:
07-14 12:13:23.057 D/WifiSetting( 3494):  GroupCiphers:
07-14 12:13:23.057 D/WifiSetting( 3494):  PSK: *
07-14 12:13:23.057 D/WifiSetting( 3494): IP assignment: UNASSIGNED
07-14 12:13:23.057 D/WifiSetting( 3494): Proxy settings: UNASSIGNED
07-14 12:13:23.057 D/WifiSetting( 3494): {LinkAddresses: []  Routes: [] DnsAddresses: [] Domains: null}
07-14 12:13:23.057 D/DB      ( 3494): query: SQLiteQuery: SELECT account_name, account_type, email_address, sender_name, incoming_host_name, incoming_port, incoming_use_ssl, outgoing_host_name, outgoing_port, outgoing_use_ssl FROM account_settings WHERE _id=1
07-14 12:13:23.057 D/DB      ( 3494): factory null
07-14 12:13:23.057 D/DB      ( 3494): fillWindow: 0
07-14 12:13:23.057 D/DB      ( 3494): cursor 1
07-14 12:13:23.057 D/DB      ( 3494): moveToPos: 0
07-14 12:13:23.057 D/DB      ( 3494): onMove: 0
07-14 12:13:23.057 I/AccountProvision( 3494): email address: zhenhua.sang@pekall.com, account type: pop3, display name: zhenhua.sang, sender name: 京联云
07-14 12:13:23.057 D/AccountProvision( 3494): Account type: pop3
07-14 12:13:23.057 V/AccountProvision( 3494): Email protocol: pop3
07-14 12:13:23.065 I/AccountProvision( 3494): incoming server: mail.pekall.com, port: 995, security type: 9, use SSL: true
07-14 12:13:23.065 I/AccountProvision( 3494): outgoing server: mail.pekall.com, port: 25, security type: 0, use SSL: true
07-14 12:13:23.065 I/AccountProvision( 3494): is default: true
07-14 12:13:23.065 I/AccountProvision( 3494): [C] Add account, email: zhenhua.sang@pekall.com, protocol: pop3
07-14 12:13:23.065 I/AccountProvision( 3494): [C] Add account, rece server: mail.pekall.com, port: 995, security type: 9
07-14 12:13:23.065 I/AccountProvision( 3494): [C] Add account, send server: mail.pekall.com, port: 25, security type: 0
07-14 12:13:23.065 V/h       ( 3494): Bind requested for task addAccount
07-14 12:13:23.073 V/h       ( 3494): Connected: com.pekall.semail.service.AccountService
07-14 12:13:23.073 V/h       ( 3494): Waiting for task addAccount to complete...
07-14 12:13:23.073 I/AccountService( 3494): [S] Add account, email: zhenhua.sang@pekall.com, protocol: pop3
07-14 12:13:23.073 I/AccountService( 3494): [S] Add account, rece server: mail.pekall.com, port: 995, security type: 9
07-14 12:13:23.073 I/AccountService( 3494): [S] Add account, send server: mail.pekall.com, port: 25, security type: 0
07-14 12:13:23.073 D/Email   ( 3494): Host auth recv id: 0
07-14 12:13:23.073 D/Email   ( 3494): Valid Host auth recv? true
07-14 12:13:23.073 D/AccountService( 3494): Set receiving login account: pekall_login_user_holder_to_be_updated/pekall_login_password_holder_to_be_updated
07-14 12:13:23.073 W/AccountService( 3494): Smtp port should be: 587
07-14 12:13:23.080 D/Email   ( 3494): Host auth send id: 0
07-14 12:13:23.080 D/Email   ( 3494): Valid Host auth send? true
07-14 12:13:23.080 D/AccountService( 3494): Set sending login account: pekall_login_user_holder_to_be_updated/pekall_login_password_holder_to_be_updated
07-14 12:13:23.088 D/DB      ( 3494): query: SQLiteQuery: SELECT _id, protocol, address, port, flags, login, password, domain, certAlias FROM HostAuth WHERE _id=1
07-14 12:13:23.088 D/DB      ( 3494): factory null
07-14 12:13:23.088 D/DB      ( 3494): fillWindow: 0
07-14 12:13:23.088 D/DB      ( 3494): cursor 1
07-14 12:13:23.096 D/DB      ( 3494): moveToPos: 0
07-14 12:13:23.096 D/DB      ( 3494): onMove: 0
07-14 12:13:23.096 D/DB      ( 3494): query: SQLiteQuery: SELECT _id, protocol, address, port, flags, login, password, domain, certAlias FROM HostAuth WHERE _id=2
07-14 12:13:23.096 D/DB      ( 3494): factory null
07-14 12:13:23.096 D/DB      ( 3494): fillWindow: 0
07-14 12:13:23.096 D/DB      ( 3494): cursor 1
07-14 12:13:23.096 D/DB      ( 3494): moveToPos: 0
07-14 12:13:23.096 D/DB      ( 3494): onMove: 0
07-14 12:13:23.104 D/DB      ( 3494): query: SQLiteQuery: SELECT _id FROM Account
07-14 12:13:23.104 D/DB      ( 3494): factory null
07-14 12:13:23.104 D/DB      ( 3494): fillWindow: 0
07-14 12:13:23.104 D/DB      ( 3494): cursor 0
07-14 12:13:23.104 D/DB      ( 3494): moveToPos: 0
