07-14 12:13:23.112 D/DB      ( 3494): query: SQLiteQuery: SELECT _id, displayName, emailAddress, syncKey, syncLookback, syncInterval, hostAuthKeyRecv, hostAuthKeySend, flags, isDefault, compatibilityUuid, senderName, ringtoneUri, protocolVersion, newMessageCount, securitySyncKey, signature, policyKey, notifiedMessageId, notifiedMessageCount FROM Account WHERE _id=1
07-14 12:13:23.112 D/DB      ( 3494): factory null
07-14 12:13:23.112 D/DB      ( 3494): fillWindow: 0
07-14 12:13:23.112 D/DB      ( 3494): cursor 1
07-14 12:13:23.112 D/DB      ( 3494): moveToPos: 0
07-14 12:13:23.112 D/DB      ( 3494): onMove: 0
07-14 12:13:23.166 V/AccountService( 3494): [SERVICE] adding new account, type: pop3, result: true
07-14 12:13:23.166 D/DB      ( 3494): query: SQLiteQuery: SELECT _id FROM Account
07-14 12:13:23.174 V/h       ( 3494): Task addAccount completed; disconnecting
07-14 12:13:23.174 V/h       ( 3494): Wait for addAccount finished in 100ms
07-14 12:13:23.174 I/AccountProvision( 3494): [C] Add account, result: true
07-14 12:13:23.182 D/DB      ( 3494): factory null
07-14 12:13:23.182 D/DB      ( 3494): fillWindow: 0
07-14 12:13:23.190 D/DB      ( 3494): cursor 1
07-14 12:13:23.260 D/WifiSetting( 3494): [null:-1]->add netId : 1, autoJoin:false, result : true
07-14 12:13:23.299 D/DB      ( 3494): query: SQLiteQuery: SELECT _id, displayName, emailAddress, syncKey, syncLookback, syncInterval, hostAuthKeyRecv, hostAuthKeySend, flags, isDefault, compatibilityUuid, senderName, ringtoneUri, protocolVersion, newMessageCount, securitySyncKey, signature, policyKey, notifiedMessageId, notifiedMessageCount FROM Account
07-14 12:13:23.299 D/DB      ( 3494): factory null
07-14 12:13:23.299 D/DB      ( 3494): fillWindow: 0
07-14 12:13:23.299 D/DB      ( 3494): cursor 1
07-14 12:13:23.307 D/DB      ( 3494): moveToPos: 0
07-14 12:13:23.307 D/DB      ( 3494): onMove: 0
07-14 12:13:23.307 D/DB      ( 3494): query: SQLiteQuery: SELECT _id FROM Account WHERE flags&1 != 0
07-14 12:13:23.307 D/DB      ( 3494): factory null
07-14 12:13:23.307 D/DB      ( 3494): fillWindow: 0
07-14 12:13:23.307 D/DB      ( 3494): cursor 1
07-14 12:13:23.315 E/DB      ( 3494): bind, index: 1, value: 6
07-14 12:13:23.315 D/DB      ( 3494): query: SQLiteQuery: SELECT _id FROM Attachment WHERE (flags & ?) != 0
07-14 12:13:23.315 D/DB      ( 3494): factory null
07-14 12:13:23.315 D/DB      ( 3494): fillWindow: 0
07-14 12:13:23.315 D/DB      ( 3494): moveToPos: 0
07-14 12:13:23.315 D/DB      ( 3494): cursor 0
07-14 12:13:23.315 D/DB      ( 3494): onMove: 0
07-14 12:13:23.315 D/AttachmentService( 3494): Count: 0
07-14 12:13:23.315 D/DB      ( 3494): moveToPos: 0
07-14 12:13:23.323 E/DB      ( 3494): bind, index: 1, value: 0
07-14 12:13:23.323 D/DB      ( 3494): moveToPos: 1
07-14 12:13:23.323 E/DB      ( 3494): bind, index: 2, value: 1
07-14 12:13:23.323 D/DB      ( 3494): query: SQLiteQuery: SELECT _id FROM Mailbox WHERE type=? and accountKey=? LIMIT 1
07-14 12:13:23.323 D/DB      ( 3494): factory null
07-14 12:13:23.323 D/DB      ( 3494): fillWindow: 0
07-14 12:13:23.346 D/DB      ( 3494): cursor 0
07-14 12:13:23.346 D/DB      ( 3494): query: SQLiteQuery: SELECT _id, size, fileName, mimeType, accountKey, flags FROM Attachment WHERE contentUri isnull AND flags=0 AND messageKey IN (SELECT _id FROM Message WHERE mailboxKey IN (SELECT _id FROM Mailbox WHERE type = 0) AND flagLoaded IN (2,1)) ORDER BY _id DESC LIMIT 25
07-14 12:13:23.346 D/DB      ( 3494): factory null
07-14 12:13:23.346 D/DB      ( 3494): fillWindow: 0
07-14 12:13:23.346 D/DB      ( 3494): cursor 0
07-14 12:13:23.354 D/DB      ( 3494): moveToPos: 0
07-14 12:13:23.354 D/AttachmentService( 3494): *** All done; shutting down service
07-14 12:13:23.354 D/DB      ( 3494): moveToPos: 0
07-14 12:13:23.354 W/Email   ( 3494): Could not load INBOX for account id: 1
07-14 12:13:23.354 D/DB      ( 3494): moveToPos: 1
07-14 12:13:23.393 D/ProfileManager( 3494): [null:-1]->get policy, payloadBase:PayloadPasswordPolicy{allowSimple=null, forcePIN=true, maxFailedAttempts=null, maxInactivity=0.25, maxPINAgeInDays=null, minComplexChars=null, minLength=7, requireAlphanumeric=null, pinHistory=null, maxGracePeriod=null, quality='numeric'}
07-14 12:13:23.440 D/ProfileManager( 3494): [null:-1]->get policy, payloadBase:PayloadBase{PayloadType='com.pekall.wifi.setting', PayloadVersion=1, PayloadIdentifier='com.pekall.profile.policy.wifi.setting', PayloadUUID='3408e489-433b-4bca-94de-2d30808afb5b', PayloadDisplayName='wifi设置', PayloadDescription='是否允许用户修改wifi配置', PayloadOrganization='Pekall Capital', PayloadStatus='null'}
07-14 12:13:23.479 D/ProfileManager( 3494): [null:-1]->get policy, payloadBase:PayloadSecurityPolicy{enforceEncryption=false, enforceSDCardEncryption=false, allowSDCard=true, allowSDCardWrite=true, disableKeyguardFeatures='none', allowNonGoogleApp='user controlled', enforceAppVerify='user controlled', allowScreenCapture=true, allowClipboard=true, backupMyData='user controlled', automaticRestore='user controlled', visiblePasswords='user controlled', allowUSBDebugging=true, allowGoogleCrashReport=true, allowFactoryReset=true, allowOTAUpgrade=true}
07-14 12:13:23.510 D/ProfileManager( 3494): [null:-1]->get policy, payloadBase:PayloadRestrictionsAndroidPolicy{backgroundDataSync='user controlled', autoSync='user controlled', camera='user controlled', bluetooth='user controlled', allowUSBMassStorage='enabled', allowUsbMediaPlayer=true, useNetworkDateTime='user controlled', allowMicrophone='user controlled', allowNFC='user controlled', useWirelessNetworkForLocation='user controlled', useGPSForLocation='user controlled', useSensorAidingForLocation='user controlled', allowMockLocation='user controlled', allowClipboardShare=null, allowAudioRecord=null}
07-14 12:13:23.549 D/ProfileManager( 3494): [null:-1]->get policy, payloadBase:PayloadBase{PayloadType='com.pekall.app.compliance.policy', PayloadVersion=1, PayloadIdentifier='com.pekall.profile.policy.app.compliance', PayloadUUID='d87dd38e-6ae9-41f4-a08a-1da34d7675ca', PayloadDisplayName='应用限制配置', PayloadDescription='应用限制相关配置', PayloadOrganization='Pekall Capital', PayloadStatus='null'}
07-14 12:13:23.549 D/MDM :   ( 3494): [null:-1]->Apply black app: null
07-14 12:13:23.580 D/ProfileManager( 3494): [null:-1]->get policy, payloadBase:PayloadNativeAppCtrlPolicy{googlePlay=true, youtube=true, mail=true, browser=true, settings=true, gallery=true, gmail=true, googleMap=true, voiceDialer=true}
07-14 12:13:23.627 D/ProfileManager( 3494): [null:-1]->get policy, payloadBase:PayloadBluetoothPolicy{allowDeviceDiscovery=true, allowPairing=true, allowHeadset=true, allowHandsFree=true, allowA2DP=true, allowOutgoingCalls=true, allowDataTransfer=true, allowTethering=true, allow2Desktop=true}
07-14 12:13:23.627 D/MDM :   ( 3494): [null:-1]->setPayload ----  
07-14 12:13:23.658 D/ProfileManager( 3494): [null:-1]->get policy, payloadBase:PayloadNetRestrictPolicy {allowEmgCallOnly=false, allowWifi=true, enforceWiFiAlwaysOn=null, WhitelistedSSIDs=null, BlacklistedSSIDs=null, minSecurityLevel=open, allowUsrAddWifi=true, allowDataNetwork=user controlled, allowAppUseDataNetwork=null, apps=null, mobileAP=user controlled, usbTethering=user controlled, allowMessage=all, allowDataRoaming=user controlled, allowSyncRoaming=true, allowVoiceRoaming=true}
07-14 12:13:23.658 D/MDM :   ( 3494): [null:-1]->setting: MobileAppData{enabled=null, apps=null}
07-14 12:13:23.658 I/System.out( 3494): [cjx]sendClientCmd,bytes:1,data:[1]
07-14 12:13:23.658 I/System.out( 3494): [cjx]the server is not available
07-14 12:13:23.698 D/ProfileManager( 3494): [null:-1]->get policy, payloadBase:PayloadDeviceManagementPolicy {notAllowDisableDeviceManagement=false, allowPromptAdditionalPermissions=false, warningMessage=, enforcementAction=null, inactivityTimeLimitBeforeOOC=5, actionWhenOOC=null, dataCollectionFrequency=240, deviceHeartbeatFrequency=240, usageDataCollectionFrequency=15, usageDataUploadFrequency=240, locationDataCollectionFrequency=60}
07-14 12:13:23.698 D/MDM :   ( 3494): [null:-1]->Action Plan for reason: DeviceManagement ActionPlan:null
07-14 12:13:23.698 D/MDM :   ( 3494): [null:-1]->Action Plan for reason: Policy ActionPlan:null
07-14 12:13:23.729 D/ProfileManager( 3494): [null:-1]->get policy, payloadBase:PayloadBrowserRestrictions{allowPopups=true, allowJavascript=true, acceptCookies=true, rememberFormData=true, showFraudWarningSettings=true}
07-14 12:13:23.729 D/MDM :   ( 3494): [null:-1]->setPayload ----  
07-14 12:13:23.776 I/TransInfo( 3494): TransInfo created, id: 3, class: class com.pekall.emdm.transaction.b.c
07-14 12:13:23.776 D/NetworkThread( 3494): [null:-1]->----isRunning-----true
07-14 12:13:23.776 D/NetworkThread( 3494): [null:-1]->----isRunning-----true
07-14 12:13:23.776 D/NetworkThread( 3494): [null:-1]->thread wakeup
07-14 12:13:23.776 D/HttpClient( 3494): enable apache.http debug
07-14 12:13:23.783 V/DEBUG   ( 3494): HTTP 0
07-14 12:13:23.901 D/ProfileManager( 3494): [null:-1]->Policy com.apple.mobiledevice.passwordpolicy: Enforced state has changed
07-14 12:13:23.901 D/ProfileManager( 3494): [null:-1]->Policy com.apple.mobiledevice.passwordpolicy: Old Enforced Policies: null
07-14 12:13:23.901 D/ProfileManager( 3494): [null:-1]->Policy com.apple.mobiledevice.passwordpolicy: New Enforced Policies: null
07-14 12:13:23.901 D/PolicyProvider( 3494): [null:-1]->URI changed: content://com.pekall.emdm.policy/enforced-policy
07-14 12:13:23.908 D/ProfileManager( 3494): [null:-1]->Policy com.apple.mobiledevice.passwordpolicy: OOC state has changed
07-14 12:13:23.908 D/ProfileManager( 3494): [null:-1]->Policy com.apple.mobiledevice.passwordpolicy: Old OOC state: null
07-14 12:13:23.908 D/ProfileManager( 3494): [null:-1]->Policy com.apple.mobiledevice.passwordpolicy: New OOC state: [OocState{type='com.apple.mobiledevice.passwordpolicy', subtype='com.apple.mobiledevice.passwordpolicy', reasons='402002;402001', description='修改设备密码', content='密码质量 数字 长度 7', intentAction='android.app.action.SET_NEW_PASSWORD', intentActionUri='null'}]
07-14 12:13:23.908 D/MDM :   ( 3494): [null:-1]->Schedule action on OOC polity type: com.apple.mobiledevice.passwordpolicy
07-14 12:13:23.908 E/MDM :   ( 3494): [null:-1]->There's not action plan to reason: 0
07-14 12:13:23.908 D/MDM :   ( 3494): [null:-1]->There's no next action
07-14 12:13:23.908 D/PolicyProvider( 3494): [null:-1]->URI changed: content://com.pekall.emdm.policy/ooc_state_summary
07-14 12:13:23.916 D/PolicyProvider( 3494): [null:-1]->URI changed: content://com.pekall.emdm.policy/ooc_state
07-14 12:13:23.916 D/PolicyProvider( 3494): [null:-1]->URI changed: content://com.pekall.emdm.policy/ooc_state_summary
07-14 12:13:23.916 D/PolicyProvider( 3494): [null:-1]->URI changed: content://com.pekall.emdm.policy/ooc_state
07-14 12:13:23.924 D/MdmService( 3494): [null:-1]->receiver action :com.pekall.mdm.action.OOC_STATE_CHANGED
07-14 12:13:23.940 D/ProfileManager( 3494): [null:-1]->Policy com.pekall.wifi.setting: Enforced state has changed
07-14 12:13:23.948 D/ProfileManager( 3494): [null:-1]->Policy com.pekall.wifi.setting: Old Enforced Policies: null
07-14 12:13:23.948 D/ProfileManager( 3494): [null:-1]->Policy com.pekall.wifi.setting: New Enforced Policies: null
07-14 12:13:23.948 D/PolicyProvider( 3494): [null:-1]->URI changed: content://com.pekall.emdm.policy/enforced-policy
07-14 12:13:23.948 D/ProfileManager( 3494): [null:-1]->Policy com.pekall.wifi.setting: OOC state has changed
07-14 12:13:23.948 D/ProfileManager( 3494): [null:-1]->Policy com.pekall.wifi.setting: Old OOC state: null
07-14 12:13:23.948 D/ProfileManager( 3494): [null:-1]->Policy com.pekall.wifi.setting: New OOC state: null
07-14 12:13:23.948 D/PolicyProvider( 3494): [null:-1]->URI changed: content://com.pekall.emdm.policy/ooc_state_summary
07-14 12:13:23.948 D/PolicyProvider( 3494): [null:-1]->URI changed: content://com.pekall.emdm.policy/ooc_state
07-14 12:13:23.979 D/ProfileManager( 3494): [null:-1]->Policy com.pekall.security.policy: Enforced state has changed
07-14 12:13:23.979 D/ProfileManager( 3494): [null:-1]->Policy com.pekall.security.policy: Old Enforced Policies: [EnforcedPolicy{type='com.pekall.security.policy', subtype='security.keyguard_feature', description='已启用 锁屏界面上的功能', content='null'}]
07-14 12:13:23.979 D/ProfileManager( 3494): [null:-1]->Policy com.pekall.security.policy: New Enforced Policies: [EnforcedPolicy{type='com.pekall.security.policy', subtype='security.keyguard_feature', description='已启用 锁屏界面上的功能', content='null'}]
07-14 12:13:23.979 D/PolicyProvider( 3494): [null:-1]->URI changed: content://com.pekall.emdm.policy/enforced-policy
07-14 12:13:23.987 D/ProfileManager( 3494): [null:-1]->Policy com.pekall.security.policy: OOC state has changed
07-14 12:13:23.987 D/ProfileManager( 3494): [null:-1]->Policy com.pekall.security.policy: Old OOC state: null
07-14 12:13:23.987 D/ProfileManager( 3494): [null:-1]->Policy com.pekall.security.policy: New OOC state: null
07-14 12:13:23.987 D/PolicyProvider( 3494): [null:-1]->URI changed: content://com.pekall.emdm.policy/ooc_state_summary
07-14 12:13:23.987 D/PolicyProvider( 3494): [null:-1]->URI changed: content://com.pekall.emdm.policy/ooc_state
07-14 12:13:24.018 D/ProfileManager( 3494): [null:-1]->Policy com.pekall.restrictions.policy: Enforced state has changed
07-14 12:13:24.018 D/ProfileManager( 3494): [null:-1]->Policy com.pekall.restrictions.policy: Old Enforced Policies: null
07-14 12:13:24.018 D/ProfileManager( 3494): [null:-1]->Policy com.pekall.restrictions.policy: New Enforced Policies: null
07-14 12:13:24.018 D/PolicyProvider( 3494): [null:-1]->URI changed: content://com.pekall.emdm.policy/enforced-policy
07-14 12:13:24.018 D/ProfileManager( 3494): [null:-1]->Policy com.pekall.restrictions.policy: OOC state has changed
07-14 12:13:24.018 D/ProfileManager( 3494): [null:-1]->Policy com.pekall.restrictions.policy: Old OOC state: null
07-14 12:13:24.018 D/ProfileManager( 3494): [null:-1]->Policy com.pekall.restrictions.policy: New OOC state: null
07-14 12:13:24.018 D/PolicyProvider( 3494): [null:-1]->URI changed: content://com.pekall.emdm.policy/ooc_state_summary
07-14 12:13:24.018 D/PolicyProvider( 3494): [null:-1]->URI changed: content://com.pekall.emdm.policy/ooc_state
07-14 12:13:24.049 D/ProfileManager( 3494): [null:-1]->Policy com.pekall.app.compliance.policy: Enforced state has changed
07-14 12:13:24.049 D/ProfileManager( 3494): [null:-1]->Policy com.pekall.app.compliance.policy: Old Enforced Policies: null
07-14 12:13:24.049 D/ProfileManager( 3494): [null:-1]->Policy com.pekall.app.compliance.policy: New Enforced Policies: null
07-14 12:13:24.049 D/PolicyProvider( 3494): [null:-1]->URI changed: content://com.pekall.emdm.policy/enforced-policy
07-14 12:13:24.049 D/ProfileManager( 3494): [null:-1]->Policy com.pekall.app.compliance.policy: OOC state has changed
07-14 12:13:24.057 D/ProfileManager( 3494): [null:-1]->Policy com.pekall.app.compliance.policy: Old OOC state: null
07-14 12:13:24.057 D/ProfileManager( 3494): [null:-1]->Policy com.pekall.app.compliance.policy: New OOC state: null
07-14 12:13:24.057 D/PolicyProvider( 3494): [null:-1]->URI changed: content://com.pekall.emdm.policy/ooc_state_summary
07-14 12:13:24.057 D/PolicyProvider( 3494): [null:-1]->URI changed: content://com.pekall.emdm.policy/ooc_state
07-14 12:13:24.088 D/ProfileManager( 3494): [null:-1]->Policy com.pekall.native.app.control.policy: Enforced state has changed
07-14 12:13:24.088 D/ProfileManager( 3494): [null:-1]->Policy com.pekall.native.app.control.policy: Old Enforced Policies: null
07-14 12:13:24.088 D/ProfileManager( 3494): [null:-1]->Policy com.pekall.native.app.control.policy: New Enforced Policies: null
07-14 12:13:24.088 D/PolicyProvider( 3494): [null:-1]->URI changed: content://com.pekall.emdm.policy/enforced-policy
07-14 12:13:24.088 D/ProfileManager( 3494): [null:-1]->Policy com.pekall.native.app.control.policy: OOC state has changed
07-14 12:13:24.088 D/ProfileManager( 3494): [null:-1]->Policy com.pekall.native.app.control.policy: Old OOC state: null
07-14 12:13:24.096 D/ProfileManager( 3494): [null:-1]->Policy com.pekall.native.app.control.policy: New OOC state: null
07-14 12:13:24.096 D/PolicyProvider( 3494): [null:-1]->URI changed: content://com.pekall.emdm.policy/ooc_state_summary
07-14 12:13:24.096 D/PolicyProvider( 3494): [null:-1]->URI changed: content://com.pekall.emdm.policy/ooc_state
07-14 12:13:24.127 D/ProfileManager( 3494): [null:-1]->Policy com.pekall.bluetooth.policy: Enforced state has changed
07-14 12:13:24.127 D/ProfileManager( 3494): [null:-1]->Policy com.pekall.bluetooth.policy: Old Enforced Policies: null
07-14 12:13:24.127 D/ProfileManager( 3494): [null:-1]->Policy com.pekall.bluetooth.policy: New Enforced Policies: null
07-14 12:13:24.127 D/PolicyProvider( 3494): [null:-1]->URI changed: content://com.pekall.emdm.policy/enforced-policy
07-14 12:13:24.135 D/ProfileManager( 3494): [null:-1]->Policy com.pekall.bluetooth.policy: OOC state has changed
07-14 12:13:24.135 D/ProfileManager( 3494): [null:-1]->Policy com.pekall.bluetooth.policy: Old OOC state: null
07-14 12:13:24.135 D/ProfileManager( 3494): [null:-1]->Policy com.pekall.bluetooth.policy: New OOC state: null
07-14 12:13:24.135 D/PolicyProvider( 3494): [null:-1]->URI changed: content://com.pekall.emdm.policy/ooc_state_summary
07-14 12:13:24.135 D/PolicyProvider( 3494): [null:-1]->URI changed: content://com.pekall.emdm.policy/ooc_state
07-14 12:13:24.166 D/ProfileManager( 3494): [null:-1]->Policy com.pekall.network.restriction.policy: Enforced state has changed
07-14 12:13:24.166 D/ProfileManager( 3494): [null:-1]->Policy com.pekall.network.restriction.policy: Old Enforced Policies: [EnforcedPolicy{type='com.pekall.network.restriction.policy', subtype='net.restriction.data_roaming', description='已禁用 数据漫游', content='null'}, EnforcedPolicy{type='com.pekall.network.restriction.policy', subtype='net.restriction.data_network', description='已禁用 数据网络', content='null'}]
07-14 12:13:24.166 D/ProfileManager( 3494): [null:-1]->Policy com.pekall.network.restriction.policy: New Enforced Policies: [EnforcedPolicy{type='com.pekall.network.restriction.policy', subtype='net.restriction.data_roaming', description='已禁用 数据漫游', content='null'}, EnforcedPolicy{type='com.pekall.network.restriction.policy', subtype='net.restriction.data_network', description='已禁用 数据网络', content='null'}]
07-14 12:13:24.166 D/PolicyProvider( 3494): [null:-1]->URI changed: content://com.pekall.emdm.policy/enforced-policy
07-14 12:13:24.174 D/ProfileManager( 3494): [null:-1]->Policy com.pekall.network.restriction.policy: OOC state has changed
07-14 12:13:24.174 D/ProfileManager( 3494): [null:-1]->Policy com.pekall.network.restriction.policy: Old OOC state: null
07-14 12:13:24.182 D/ProfileManager( 3494): [null:-1]->Policy com.pekall.network.restriction.policy: New OOC state: null
07-14 12:13:24.182 D/PolicyProvider( 3494): [null:-1]->URI changed: content://com.pekall.emdm.policy/ooc_state_summary
07-14 12:13:24.182 D/PolicyProvider( 3494): [null:-1]->URI changed: content://com.pekall.emdm.policy/ooc_state
07-14 12:13:24.198 D/ProfileManager( 3494): [null:-1]->Policy com.pekall.device.management.policy: Enforced state has changed
07-14 12:13:24.198 D/ProfileManager( 3494): [null:-1]->Policy com.pekall.device.management.policy: Old Enforced Policies: null
07-14 12:13:24.198 D/ProfileManager( 3494): [null:-1]->Policy com.pekall.device.management.policy: New Enforced Policies: null
07-14 12:13:24.198 D/PolicyProvider( 3494): [null:-1]->URI changed: content://com.pekall.emdm.policy/enforced-policy
07-14 12:13:24.205 D/ProfileManager( 3494): [null:-1]->Policy com.pekall.device.management.policy: OOC state has changed
07-14 12:13:24.213 D/ProfileManager( 3494): [null:-1]->Policy com.pekall.device.management.policy: Old OOC state: null
07-14 12:13:24.213 D/ProfileManager( 3494): [null:-1]->Policy com.pekall.device.management.policy: New OOC state: null
07-14 12:13:24.213 D/PolicyProvider( 3494): [null:-1]->URI changed: content://com.pekall.emdm.policy/ooc_state_summary
07-14 12:13:24.221 D/PolicyProvider( 3494): [null:-1]->URI changed: content://com.pekall.emdm.policy/ooc_state
07-14 12:13:24.229 D/ProfileManager( 3494): [null:-1]->Policy com.pekall.browser.restrictions: Enforced state has changed
07-14 12:13:24.237 D/ProfileManager( 3494): [null:-1]->Policy com.pekall.browser.restrictions: Old Enforced Policies: null
07-14 12:13:24.252 D/ProfileManager( 3494): [null:-1]->Policy com.pekall.browser.restrictions: New Enforced Policies: null
07-14 12:13:24.260 D/dalvikvm( 3494): GC_CONCURRENT freed 2683K, 31% free 16399K/23728K, paused 4ms+8ms, total 91ms
07-14 12:13:24.260 D/PolicyProvider( 3494): [null:-1]->URI changed: content://com.pekall.emdm.policy/enforced-policy
07-14 12:13:24.260 D/ProfileManager( 3494): [null:-1]->Policy com.pekall.browser.restrictions: OOC state has changed
07-14 12:13:24.260 D/ProfileManager( 3494): [null:-1]->Policy com.pekall.browser.restrictions: Old OOC state: null
07-14 12:13:24.260 D/ProfileManager( 3494): [null:-1]->Policy com.pekall.browser.restrictions: New OOC state: null
07-14 12:13:24.260 D/PolicyProvider( 3494): [null:-1]->URI changed: content://com.pekall.emdm.policy/ooc_state_summary
07-14 12:13:24.268 D/PolicyProvider( 3494): [null:-1]->URI changed: content://com.pekall.emdm.policy/ooc_state
07-14 12:13:24.315 V/DEBUG   ( 3494): HTTP 1
07-14 12:13:24.323 D/MdmDatabaseHelper( 3494): [null:-1]->update command 8a80888e4732aed50147331330570458 to status executed
07-14 12:13:24.362 D/NetworkThread( 3494): [null:-1]->queue is empty, thread wait...
07-14 12:13:24.424 D/MdmService( 3494): [null:-1]->handleCheckInResult
07-14 12:13:24.424 D/MdmService( 3494): [null:-1]->handleCheckInResult result keyIndex: 3
07-14 12:13:24.424 D/HandleCommandTask( 3494): [null:-1]->execute command msg but beanBase is null
07-14 12:13:24.424 D/MdmStatusManager( 3494): [null:-1]->change status to : Idle
07-14 12:13:25.276 I/TransInfo( 3494): TransInfo created, id: 5, class: class com.pekall.emdm.transaction.b.p
07-14 12:13:25.276 D/NetworkThread( 3494): [null:-1]->----isRunning-----true
07-14 12:13:25.276 D/NetworkThread( 3494): [null:-1]->----isRunning-----true
07-14 12:13:25.276 D/NetworkThread( 3494): [null:-1]->thread wakeup
07-14 12:13:25.283 D/HttpClient( 3494): enable apache.http debug
07-14 12:13:25.291 V/DEBUG   ( 3494): HTTP 0
07-14 12:13:25.955 D/MDM :   ( 3494): [null:-1]->MSG_WEBSOCKET_MESSAGE : {"id":-1257473591,"type":0,"command":0,"result":0,"reason":0,"params":{"msgId":"4afafbfa-9e28-4780-b770-98b974a5397a,4afafbfa9e284780b77098b974a5397a","device":"ffffffffc539bb10fffffffff7aea961","message":"{\"cmd\":\"10119\"}"}}
07-14 12:13:25.963 V/DEBUG   ( 3494): HTTP 1
07-14 12:13:25.963 D/NetworkThread( 3494): [null:-1]->queue is empty, thread wait...
07-14 12:13:25.963 D/MdmService( 3494): [null:-1]->push message type :0
07-14 12:13:25.963 D/MdmService( 3494): [null:-1]->cmdMessage : {"cmd":"10119"}
07-14 12:13:25.963 D/MdmService( 3494): [null:-1]->command : PushCommandMsg{cmd='10119', msg='null'}
07-14 12:13:25.971 D/MDM :   ( 3494): [null:-1]->PUSH CMD: 10119
07-14 12:13:25.971 D/MdmStatusManager( 3494): [null:-1]->change status to : Busy
07-14 12:13:25.971 D/DB      ( 3494): query: SQLiteQuery: SELECT content, command_status, status FROM command WHERE status!=2
07-14 12:13:25.971 D/DB      ( 3494): factory null
07-14 12:13:25.971 D/DB      ( 3494): fillWindow: 0
07-14 12:13:25.971 D/DB      ( 3494): cursor 0
07-14 12:13:25.971 D/DB      ( 3494): moveToPos: 0
07-14 12:13:25.971 I/TransInfo( 3494): TransInfo created, id: 3, class: class com.pekall.emdm.transaction.b.c
07-14 12:13:25.971 D/NetworkThread( 3494): [null:-1]->----isRunning-----true
07-14 12:13:25.979 D/NetworkThread( 3494): [null:-1]->----isRunning-----true
07-14 12:13:25.979 D/NetworkThread( 3494): [null:-1]->thread wakeup
07-14 12:13:25.979 D/HttpClient( 3494): enable apache.http debug
07-14 12:13:25.987 V/DEBUG   ( 3494): HTTP 0
07-14 12:13:26.369 V/DEBUG   ( 3494): HTTP 1
07-14 12:13:26.377 D/MDM :   ( 3494): [null:-1]->read network input stream
07-14 12:13:26.377 D/CheckInTransInfo( 3494): [null:-1]->CommandMsg : CommandMsg{CommandUUID='8a80888e4732aed5014733134051045a', Command=CommandObject{RequestType='SecurityInfo'}}
07-14 12:13:26.377 D/DB      ( 3494): query: SQLiteQuery: SELECT * FROM command WHERE cmd_uuid='8a80888e4732aed5014733134051045a'
07-14 12:13:26.377 D/DB      ( 3494): factory null
07-14 12:13:26.377 D/DB      ( 3494): fillWindow: 0
07-14 12:13:26.377 D/DB      ( 3494): cursor 0
07-14 12:13:26.408 D/NetworkThread( 3494): [null:-1]->queue is empty, thread wait...
07-14 12:13:26.518 D/MdmService( 3494): [null:-1]->handleCheckInResult
07-14 12:13:26.518 D/MdmService( 3494): [null:-1]->handleCheckInResult result keyIndex: 3
07-14 12:13:26.518 D/CommandManager( 3494): [null:-1]->execute command: CommandMsg{CommandUUID='8a80888e4732aed5014733134051045a', Command=CommandObject{RequestType='SecurityInfo'}}
07-14 12:13:26.573 I/TransInfo( 3494): TransInfo created, id: 3, class: class com.pekall.emdm.transaction.b.c
07-14 12:13:26.573 D/NetworkThread( 3494): [null:-1]->----isRunning-----true
07-14 12:13:26.573 D/NetworkThread( 3494): [null:-1]->----isRunning-----true
07-14 12:13:26.573 D/NetworkThread( 3494): [null:-1]->thread wakeup
07-14 12:13:26.580 D/HttpClient( 3494): enable apache.http debug
07-14 12:13:26.588 V/DEBUG   ( 3494): HTTP 0
07-14 12:13:26.994 V/DEBUG   ( 3494): HTTP 1
07-14 12:13:27.002 D/MdmDatabaseHelper( 3494): [null:-1]->update command 8a80888e4732aed5014733134051045a to status executed
07-14 12:13:27.033 D/NetworkThread( 3494): [null:-1]->queue is empty, thread wait...
07-14 12:13:27.104 D/MdmService( 3494): [null:-1]->handleCheckInResult
07-14 12:13:27.104 D/MdmService( 3494): [null:-1]->handleCheckInResult result keyIndex: 3
07-14 12:13:27.127 D/HandleCommandTask( 3494): [null:-1]->execute command msg but beanBase is null
07-14 12:13:27.127 D/MdmStatusManager( 3494): [null:-1]->change status to : Idle
07-14 12:13:27.174 D/dalvikvm( 3494): GC_CONCURRENT freed 2329K, 31% free 16470K/23728K, paused 9ms+6ms, total 74ms
07-14 12:13:28.221 W/Settings( 2019): Setting airplane_mode_on has moved from android.provider.Settings.System to android.provider.Settings.Global, returning read-only value.
07-14 12:13:28.221 W/Settings( 2019): Setting mobile_data has moved from android.provider.Settings.Secure to android.provider.Settings.Global.
07-14 12:13:28.221 D/BluetoothAdapter( 2019): 1116407520: getState() :  mService = null. Returning STATE_OFF
07-14 12:13:28.221 W/Settings( 2019): Setting airplane_mode_on has moved from android.provider.Settings.System to android.provider.Settings.Global, returning read-only value.
07-14 12:13:28.244 W/Settings( 2019): Setting airplane_mode_on has moved from android.provider.Settings.System to android.provider.Settings.Global, returning read-only value.
07-14 12:13:28.244 W/Settings( 2019): Setting mobile_data has moved from android.provider.Settings.Secure to android.provider.Settings.Global.
07-14 12:13:28.244 D/BluetoothAdapter( 2019): 1116407520: getState() :  mService = null. Returning STATE_OFF
07-14 12:13:28.244 W/Settings( 2019): Setting airplane_mode_on has moved from android.provider.Settings.System to android.provider.Settings.Global, returning read-only value.
07-14 12:13:28.268 D/dalvikvm( 2019): GC_FOR_ALLOC freed 304K, 7% free 9924K/10588K, paused 23ms, total 23ms
07-14 12:13:29.955 W/MountService(  374): getVolumeState(/storage/emulated/0/external_sd): Unknown volume
07-14 12:13:29.955 W/MountService(  374): getVolumeState(/mnt/sdcard-ext): Unknown volume
07-14 12:13:29.963 W/MountService(  374): getVolumeState(/mnt/ext_sdcard): Unknown volume
07-14 12:13:29.963 W/MountService(  374): getVolumeState(/mnt/sdcard2): Unknown volume
07-14 12:13:29.963 W/MountService(  374): getVolumeState(/mnt/emmc): Unknown volume
07-14 12:13:29.963 W/MountService(  374): getVolumeState(/mnt/extSdCard): Unknown volume
07-14 12:13:29.963 W/MountService(  374): getVolumeState(/mnt/sdcard/SD_CARD): Unknown volume
07-14 12:13:29.963 W/MountService(  374): getVolumeState(/mnt/sdcard/extra_sd): Unknown volume
07-14 12:13:29.963 W/MountService(  374): getVolumeState(/mnt/extrasd_bind): Unknown volume
07-14 12:13:29.963 W/MountService(  374): getVolumeState(/mnt/sdcard/ext_sd): Unknown volume
07-14 12:13:29.971 W/MountService(  374): getVolumeState(/storage/extSdCard): Unknown volume
07-14 12:13:29.971 W/MountService(  374): getVolumeState(/storage/sdcard1): Unknown volume
07-14 12:13:29.971 W/MountService(  374): getVolumeState(/mnt/sdcard/external_SD): Unknown volume
07-14 12:13:29.971 W/MountService(  374): getVolumeState(/mnt/sdcard/external_sd): Unknown volume
07-14 12:13:30.065 D/dalvikvm( 2037): GC_CONCURRENT freed 338K, 19% free 9711K/11956K, paused 3ms+3ms, total 32ms
07-14 12:13:30.190 W/MountService(  374): getVolumeState(/storage/emulated/0/external_sd): Unknown volume
07-14 12:13:30.190 W/MountService(  374): getVolumeState(/mnt/sdcard-ext): Unknown volume
07-14 12:13:30.190 W/MountService(  374): getVolumeState(/mnt/ext_sdcard): Unknown volume
07-14 12:13:30.190 W/MountService(  374): getVolumeState(/mnt/sdcard2): Unknown volume
07-14 12:13:30.198 W/MountService(  374): getVolumeState(/mnt/emmc): Unknown volume
07-14 12:13:30.198 W/MountService(  374): getVolumeState(/mnt/extSdCard): Unknown volume
07-14 12:13:30.198 W/MountService(  374): getVolumeState(/mnt/sdcard/SD_CARD): Unknown volume
07-14 12:13:30.198 W/MountService(  374): getVolumeState(/mnt/sdcard/extra_sd): Unknown volume
07-14 12:13:30.205 W/MountService(  374): getVolumeState(/mnt/extrasd_bind): Unknown volume
07-14 12:13:30.205 W/MountService(  374): getVolumeState(/mnt/sdcard/ext_sd): Unknown volume
07-14 12:13:30.205 W/MountService(  374): getVolumeState(/storage/extSdCard): Unknown volume
07-14 12:13:30.205 W/MountService(  374): getVolumeState(/storage/sdcard1): Unknown volume
07-14 12:13:30.205 W/MountService(  374): getVolumeState(/mnt/sdcard/external_SD): Unknown volume
07-14 12:13:30.205 W/MountService(  374): getVolumeState(/mnt/sdcard/external_sd): Unknown volume
07-14 12:13:30.244 D/dalvikvm( 2037): GC_CONCURRENT freed 619K, 20% free 9587K/11956K, paused 5ms+3ms, total 30ms
07-14 12:13:32.994 D/AndroidRuntime( 4076): 
07-14 12:13:32.994 D/AndroidRuntime( 4076): >>>>>> AndroidRuntime START com.android.internal.os.RuntimeInit <<<<<<
07-14 12:13:32.994 D/AndroidRuntime( 4076): CheckJNI is OFF
07-14 12:13:33.010 D/dalvikvm( 4076): Trying to load lib libjavacore.so 0x0
07-14 12:13:33.018 D/dalvikvm( 4076): Added shared lib libjavacore.so 0x0
07-14 12:13:33.033 D/dalvikvm( 4076): Trying to load lib libnativehelper.so 0x0
07-14 12:13:33.033 D/dalvikvm( 4076): Added shared lib libnativehelper.so 0x0
07-14 12:13:33.252 D/AndroidRuntime( 4076): Calling main entry com.android.commands.uiautomator.Launcher
07-14 12:13:33.276 E/UiDevice( 4076): Exceuting watcher: ANRWatcher
07-14 12:13:33.276 E/UiDevice( 4076): java.lang.RuntimeException: UiDevice not initialized
07-14 12:13:33.276 E/UiDevice( 4076): 	at com.android.uiautomator.core.UiDevice.getAutomatorBridge(UiDevice.java:87)
07-14 12:13:33.276 E/UiDevice( 4076): 	at com.android.uiautomator.core.UiDevice.wakeUp(UiDevice.java:719)
07-14 12:13:33.276 E/UiDevice( 4076): 	at com.pekall.test.mdmui.util.UiANRWatcher.checkForCondition(UiANRWatcher.java:23)
07-14 12:13:33.276 E/UiDevice( 4076): 	at com.android.uiautomator.core.UiDevice.runWatchers(UiDevice.java:554)
07-14 12:13:33.276 E/UiDevice( 4076): 	at com.pekall.test.mdmui.util.UiANRWatcher.run(UiANRWatcher.java:41)
07-14 12:13:33.276 E/UiDevice( 4076): 	at com.pekall.test.mdmui.PloyAndConfig.<clinit>(PloyAndConfig.java:22)
07-14 12:13:33.276 E/UiDevice( 4076): 	at java.lang.Class.newInstanceImpl(Native Method)
07-14 12:13:33.276 E/UiDevice( 4076): 	at java.lang.Class.newInstance(Class.java:1130)
07-14 12:13:33.276 E/UiDevice( 4076): 	at com.android.uiautomator.testrunner.TestCaseCollector.addSingleTestMethod(TestCaseCollector.java:110)
07-14 12:13:33.276 E/UiDevice( 4076): 	at com.android.uiautomator.testrunner.TestCaseCollector.addTestClass(TestCaseCollector.java:86)
07-14 12:13:33.276 E/UiDevice( 4076): 	at com.android.uiautomator.testrunner.TestCaseCollector.addTestClass(TestCaseCollector.java:72)
07-14 12:13:33.276 E/UiDevice( 4076): 	at com.android.uiautomator.testrunner.TestCaseCollector.addTestClasses(TestCaseCollector.java:53)
07-14 12:13:33.276 E/UiDevice( 4076): 	at com.android.uiautomator.testrunner.UiAutomatorTestRunner.start(UiAutomatorTestRunner.java:106)
07-14 12:13:33.276 E/UiDevice( 4076): 	at com.android.uiautomator.testrunner.UiAutomatorTestRunner.run(UiAutomatorTestRunner.java:96)
07-14 12:13:33.276 E/UiDevice( 4076): 	at com.android.commands.uiautomator.RunTestCommand.run(RunTestCommand.java:91)
07-14 12:13:33.276 E/UiDevice( 4076): 	at com.android.commands.uiautomator.Launcher.main(Launcher.java:83)
07-14 12:13:33.276 E/UiDevice( 4076): 	at com.android.internal.os.RuntimeInit.nativeFinishInit(Native Method)
07-14 12:13:33.276 E/UiDevice( 4076): 	at com.android.internal.os.RuntimeInit.main(RuntimeInit.java:235)
07-14 12:13:33.276 E/UiDevice( 4076): 	at dalvik.system.NativeStart.main(Native Method)
07-14 12:13:33.315 D/dalvikvm( 4076): Note: class Landroid/app/ActivityManagerNative; has 163 unimplemented (abstract) methods
07-14 12:13:33.338 I/InputReader(  374): Reconfiguring input devices.  changes=0x00000010
07-14 12:13:33.385 I/Launcher(  595): Deferring update until onResume
07-14 12:13:33.549 I/ActivityManager(  374): Start proc com.google.android.gallery3d for broadcast com.google.android.gallery3d/com.android.gallery3d.app.PackagesMonitor: pid=4088 uid=10019 gids={50019, 1006, 3003, 1015, 1028}
07-14 12:13:33.838 D/dalvikvm( 1990): GC_CONCURRENT freed 436K, 15% free 9270K/10828K, paused 11ms+10ms, total 111ms
07-14 12:13:33.924 I/Launcher(  595): Deferring update until onResume
07-14 12:13:34.158 D/dalvikvm( 4088): GC_CONCURRENT freed 311K, 4% free 9074K/9420K, paused 22ms+43ms, total 110ms
07-14 12:13:34.393 D/dalvikvm( 1990): GC_CONCURRENT freed 443K, 15% free 9298K/10828K, paused 6ms+9ms, total 90ms
07-14 12:13:34.401 I/ActivityManager(  374): START u0 {act=android.intent.action.MAIN cat=[android.intent.category.HOME] flg=0x10200000 cmp=com.android.launcher/com.android.launcher2.Launcher} from pid 374
07-14 12:13:34.580 D/dalvikvm(  374): GC_FOR_ALLOC freed 1420K, 17% free 18922K/22680K, paused 134ms, total 134ms
07-14 12:13:34.651 D/LightsService(  374): Excessive delay setting light: 67ms
07-14 12:13:34.674 D/dalvikvm(  374): GC_FOR_ALLOC freed 767K, 19% free 18528K/22680K, paused 84ms, total 84ms
07-14 12:13:34.682 D/MdmApplication( 3494): [null:-1]->onActivityPaused messagecenter.activity.MessageMainActivity , mActivityCount = 1
07-14 12:13:34.682 D/MDM :   ( 3494): [null:-1]->query
07-14 12:13:34.690 D/MDM :   ( 3494): [null:-1]->QUERY_PINCODE_CHECK_RESULT
07-14 12:13:34.690 E/Mdm     ( 3494): Call Mdm service's setLastExitTime function
07-14 12:13:34.776 E/AppsCustomizePagedView(  595): Widget ComponentInfo{com.pekall.emdm/com.pekall.emdm.messagecenter.view.PushMessageWidget} has invalid dimensions (480, 0)
07-14 12:13:34.869 D/LightsService(  374): Excessive delay setting light: 66ms
07-14 12:13:34.932 D/dalvikvm( 1990): GC_CONCURRENT freed 289K, 13% free 9427K/10828K, paused 5ms+7ms, total 42ms
07-14 12:13:35.002 W/GCoreUlr(  563): sending intent to update reporting state
07-14 12:13:35.119 W/PeopleReceiver( 3453): Received unexcepted broadcast: android.intent.action.PACKAGE_CHANGED
07-14 12:13:35.174 D/dalvikvm(  563): GC_CONCURRENT freed 382K, 6% free 10079K/10716K, paused 2ms+30ms, total 102ms
07-14 12:13:35.205 I/GCoreUlr(  563): Ensuring that reporting is stopped because of reasons: (no Google accounts)
07-14 12:13:35.205 D/GCoreFlp(  563): Unknown pending intent to remove.
07-14 12:13:35.205 I/GCoreUlr(  563): Unbound from all location providers
07-14 12:13:35.213 I/GCoreUlr(  563): Ensuring that reporting is stopped because of reasons: (no Google accounts)
07-14 12:13:35.221 D/GCoreFlp(  563): Unknown pending intent to remove.
07-14 12:13:35.221 I/GCoreUlr(  563): Unbound from all location providers
07-14 12:13:35.393 D/dalvikvm( 1146): GC_CONCURRENT freed 126K, 3% free 9529K/9800K, paused 4ms+7ms, total 58ms
07-14 12:13:35.698 W/InteractionController( 4076): runAndwaitForEvent timedout waiting for events
07-14 12:13:35.768 W/ResourceType(  595): No known package when getting name for resource number 0x9c020000
07-14 12:13:35.768 W/ResourceType(  595): No known package when getting name for resource number 0x9c020002
07-14 12:13:35.885 W/ResourceType(  595): No known package when getting name for resource number 0x9b000000
07-14 12:13:35.885 W/ResourceType(  595): No known package when getting name for resource number 0x9b010100
07-14 12:13:35.885 W/ResourceType(  595): No known package when getting name for resource number 0x9b030300
07-14 12:13:35.885 W/ResourceType(  595): No known package when getting name for resource number 0x9b040400
07-14 12:13:35.893 I/QueryController( 4076): Matched selector: UiSelector[DESCRIPTION=应用, PACKAGE NAME=com.android.launcher] <<==>> [android.view.accessibility.AccessibilityNodeInfo@1fe6e; boundsInParent: Rect(524232, 0 - 524360, 128); boundsInScreen: Rect(296, 1040 - 424, 1168); packageName: com.android.launcher; className: android.widget.TextView; text: null; contentDescription: 应用; viewIdResName: null; checkable: false; checked: false; focusable: true; focused: false; selected: false; clickable: true; longClickable: false; enabled: true; password: false; scrollable: false; [ACTION_FOCUS, ACTION_SELECT, ACTION_CLEAR_SELECTION, ACTION_CLICK, ACTION_ACCESSIBILITY_FOCUS]]
07-14 12:13:35.893 D/InteractionController( 4076): clickAndWaitForNewWindow(360, 1104)
07-14 12:13:35.948 D/dalvikvm(  595): GC_CONCURRENT freed 2428K, 17% free 14290K/17168K, paused 4ms+6ms, total 42ms
07-14 12:13:35.948 D/dalvikvm(  595): WAIT_FOR_CONCURRENT_GC blocked 30ms
07-14 12:13:36.869 I/QueryController( 4076): Matched selector: UiSelector[TEXT=京联云企业移动办公] <<==>> [android.view.accessibility.AccessibilityNodeInfo@2fdb2; boundsInParent: Rect(0, 0 - 148, 184); boundsInScreen: Rect(16, 958 - 164, 1142); packageName: com.android.launcher; className: android.widget.TextView; text: 京联云企业移动办公; contentDescription: null; viewIdResName: null; checkable: false; checked: false; focusable: true; focused: false; selected: false; clickable: true; longClickable: true; enabled: true; password: false; scrollable: false; [ACTION_FOCUS, ACTION_SELECT, ACTION_CLEAR_SELECTION, ACTION_CLICK, ACTION_LONG_CLICK, ACTION_ACCESSIBILITY_FOCUS, ACTION_NEXT_AT_MOVEMENT_GRANULARITY, ACTION_PREVIOUS_AT_MOVEMENT_GRANULARITY, ACTION_SET_SELECTION]]
07-14 12:13:36.987 I/QueryController( 4076): Matched selector: UiSelector[TEXT=京联云企业移动办公] <<==>> [android.view.accessibility.AccessibilityNodeInfo@2fdb2; boundsInParent: Rect(0, 0 - 148, 184); boundsInScreen: Rect(16, 958 - 164, 1142); packageName: com.android.launcher; className: android.widget.TextView; text: 京联云企业移动办公; contentDescription: null; viewIdResName: null; checkable: false; checked: false; focusable: true; focused: false; selected: false; clickable: true; longClickable: true; enabled: true; password: false; scrollable: false; [ACTION_FOCUS, ACTION_SELECT, ACTION_CLEAR_SELECTION, ACTION_CLICK, ACTION_LONG_CLICK, ACTION_ACCESSIBILITY_FOCUS, ACTION_NEXT_AT_MOVEMENT_GRANULARITY, ACTION_PREVIOUS_AT_MOVEMENT_GRANULARITY, ACTION_SET_SELECTION]]
07-14 12:13:36.987 D/InteractionController( 4076): clickAndWaitForNewWindow(90, 1050)
07-14 12:13:37.190 I/ActivityManager(  374): START u0 {act=android.intent.action.MAIN cat=[android.intent.category.LAUNCHER] flg=0x10200000 cmp=com.pekall.emdm/.ui.SplashActivity} from pid 595
07-14 12:13:37.338 D/dalvikvm(  374): GC_FOR_ALLOC freed 742K, 18% free 18822K/22680K, paused 96ms, total 97ms
07-14 12:13:37.424 D/dalvikvm(  374): GC_FOR_ALLOC freed 761K, 19% free 18432K/22680K, paused 80ms, total 80ms
07-14 12:13:37.471 D/MdmApplication( 3494): [null:-1]->onActivityStarted messagecenter.activity.MessageMainActivity , mActivityCount = 0
07-14 12:13:37.471 E/Mdm     ( 3494): Call Mdm service's setLastExitTime function
07-14 12:13:37.471 D/MDM :   ( 3494): [null:-1]->query
07-14 12:13:37.471 D/MDM :   ( 3494): [null:-1]->QUERY_SETTING_PIN_TIMEOUT
07-14 12:13:37.479 D/MDM :   ( 3494): [null:-1]->query
07-14 12:13:37.479 D/MDM :   ( 3494): [null:-1]->QUERY_PINCODE_CHECK_RESULT
07-14 12:13:37.479 E/DB      ( 3494): bind, index: 1, value: 100
07-14 12:13:37.479 D/DB      ( 3494): query: SQLiteQuery: SELECT * FROM message WHERE type=? ORDER BY date DESC
07-14 12:13:37.479 D/DB      ( 3494): factory null
07-14 12:13:37.479 D/DB      ( 3494): fillWindow: 0
07-14 12:13:37.479 D/DB      ( 3494): cursor 4
07-14 12:13:37.549 D/DB      ( 3494): moveToPos: 0
07-14 12:13:37.549 D/DB      ( 3494): onMove: 0
07-14 12:13:37.565 D/DB      ( 3494): moveToPos: 0
07-14 12:13:37.573 D/DB      ( 3494): moveToPos: 1
07-14 12:13:37.573 D/DB      ( 3494): onMove: 1
07-14 12:13:37.588 D/DB      ( 3494): moveToPos: 1
07-14 12:13:37.596 D/DB      ( 3494): moveToPos: 2
07-14 12:13:37.596 D/DB      ( 3494): onMove: 2
07-14 12:13:37.612 D/DB      ( 3494): moveToPos: 2
07-14 12:13:37.627 D/DB      ( 3494): moveToPos: 3
07-14 12:13:37.627 D/DB      ( 3494): onMove: 3
07-14 12:13:37.643 D/DB      ( 3494): moveToPos: 3
07-14 12:13:38.299 I/QueryController( 4076): Matched selector: UiSelector[PACKAGE NAME=com.pekall.emdm] <<==>> [android.view.accessibility.AccessibilityNodeInfo@1287c; boundsInParent: Rect(0, 0 - 720, 1184); boundsInScreen: Rect(0, 0 - 720, 1184); packageName: com.pekall.emdm; className: android.widget.FrameLayout; text: null; contentDescription: null; viewIdResName: null; checkable: false; checked: false; focusable: false; focused: false; selected: false; clickable: false; longClickable: false; enabled: true; password: false; scrollable: false; [ACTION_SELECT, ACTION_CLEAR_SELECTION, ACTION_ACCESSIBILITY_FOCUS]]
07-14 12:13:39.065 D/dalvikvm(  374): GC_FOR_ALLOC freed 406K, 18% free 18805K/22680K, paused 86ms, total 86ms
07-14 12:13:39.158 D/dalvikvm(  374): GC_FOR_ALLOC freed 751K, 19% free 18425K/22680K, paused 87ms, total 87ms
07-14 12:13:39.174 D/MdmApplication( 3494): [null:-1]->onActivityPaused messagecenter.activity.MessageMainActivity , mActivityCount = 1
07-14 12:13:39.174 D/MDM :   ( 3494): [null:-1]->query
07-14 12:13:39.174 D/MDM :   ( 3494): [null:-1]->QUERY_PINCODE_CHECK_RESULT
07-14 12:13:39.174 E/Mdm     ( 3494): Call Mdm service's setLastExitTime function
07-14 12:13:39.198 D/MdmApplication( 3494): [null:-1]->onActivityStarted ui.MainActivity , mActivityCount = 0
07-14 12:13:39.198 E/Mdm     ( 3494): Call Mdm service's setLastExitTime function
07-14 12:13:39.198 D/MDM :   ( 3494): [null:-1]->query
07-14 12:13:39.198 D/MDM :   ( 3494): [null:-1]->QUERY_SETTING_PIN_TIMEOUT
07-14 12:13:39.198 D/MDM :   ( 3494): [null:-1]->query
07-14 12:13:39.198 D/MDM :   ( 3494): [null:-1]->QUERY_PINCODE_CHECK_RESULT
07-14 12:13:39.221 W/GAV2    ( 4088): Thread[GAThread,5,main]: Service unavailable (code=1), will retry.
07-14 12:13:39.221 W/ActivityManager(  374): Unable to start service Intent { act=com.google.android.gms.analytics.service.START (has extras) } U=0: not found
07-14 12:13:39.237 I/GAV2    ( 4088): Thread[GAThread,5,main]: No campaign data found.
07-14 12:13:39.815 E/DB      ( 3494): bind, index: 1, value: 0
07-14 12:13:39.815 D/DB      ( 3494): query: SQLiteQuery: SELECT * FROM message WHERE status =?
07-14 12:13:39.815 D/DB      ( 3494): factory null
07-14 12:13:39.815 D/DB      ( 3494): fillWindow: 0
07-14 12:13:39.815 D/DB      ( 3494): cursor 0
07-14 12:13:39.815 E/DB      ( 3494): bind, index: 1, value: 0
07-14 12:13:39.815 E/DB      ( 3494): bind, index: 2, value: 100
07-14 12:13:39.815 D/DB      ( 3494): query: SQLiteQuery: SELECT * FROM message WHERE status=? and type=?
07-14 12:13:39.815 D/DB      ( 3494): factory null
07-14 12:13:39.815 D/DB      ( 3494): fillWindow: 0
07-14 12:13:39.823 D/DB      ( 3494): cursor 0
07-14 12:13:39.830 E/Mdm     ( 3494): Call Mdm service's recordIconCount function
07-14 12:13:40.502 I/QueryController( 4076): Matched selector: UiSelector[TEXT=应用列表, CLASS=android.widget.TextView] <<==>> [android.view.accessibility.AccessibilityNodeInfo@115b6; boundsInParent: Rect(0, 0 - 148, 184); boundsInScreen: Rect(376, 572 - 524, 756); packageName: com.pekall.emdm; className: android.widget.TextView; text: 应用列表; contentDescription: null; viewIdResName: com.pekall.emdm:id/application_icon_content; checkable: false; checked: false; focusable: true; focused: false; selected: false; clickable: false; longClickable: false; enabled: true; password: false; scrollable: false; [ACTION_FOCUS, ACTION_SELECT, ACTION_CLEAR_SELECTION, ACTION_ACCESSIBILITY_FOCUS, ACTION_NEXT_AT_MOVEMENT_GRANULARITY, ACTION_PREVIOUS_AT_MOVEMENT_GRANULARITY, ACTION_SET_SELECTION]]
07-14 12:13:40.526 I/QueryController( 4076): Matched selector: UiSelector[TEXT=文档中心, CLASS=android.widget.TextView] <<==>> [android.view.accessibility.AccessibilityNodeInfo@10a73; boundsInParent: Rect(0, 0 - 148, 184); boundsInScreen: Rect(16, 572 - 164, 756); packageName: com.pekall.emdm; className: android.widget.TextView; text: 文档中心; contentDescription: null; viewIdResName: com.pekall.emdm:id/application_icon_content; checkable: false; checked: false; focusable: true; focused: false; selected: false; clickable: false; longClickable: false; enabled: true; password: false; scrollable: false; [ACTION_FOCUS, ACTION_SELECT, ACTION_CLEAR_SELECTION, ACTION_ACCESSIBILITY_FOCUS, ACTION_NEXT_AT_MOVEMENT_GRANULARITY, ACTION_PREVIOUS_AT_MOVEMENT_GRANULARITY, ACTION_SET_SELECTION]]
07-14 12:13:40.557 I/QueryController( 4076): Matched selector: UiSelector[TEXT=设置, CLASS=android.widget.TextView] <<==>> [android.view.accessibility.AccessibilityNodeInfo@106b2; boundsInParent: Rect(0, 0 - 148, 184); boundsInScreen: Rect(556, 379 - 704, 563); packageName: com.pekall.emdm; className: android.widget.TextView; text: 设置; contentDescription: null; viewIdResName: com.pekall.emdm:id/application_icon_content; checkable: false; checked: false; focusable: true; focused: false; selected: false; clickable: false; longClickable: false; enabled: true; password: false; scrollable: false; [ACTION_FOCUS, ACTION_SELECT, ACTION_CLEAR_SELECTION, ACTION_ACCESSIBILITY_FOCUS, ACTION_NEXT_AT_MOVEMENT_GRANULARITY, ACTION_PREVIOUS_AT_MOVEMENT_GRANULARITY, ACTION_SET_SELECTION]]
07-14 12:13:40.557 D/InteractionController( 4076): clickAndWaitForNewWindow(630, 471)
07-14 12:13:40.690 I/ActivityManager(  374): START u0 {cmp=com.pekall.emdm/.setting.SettingActivity} from pid 3494
07-14 12:13:40.838 D/dalvikvm(  374): GC_FOR_ALLOC freed 415K, 18% free 18801K/22680K, paused 88ms, total 88ms
07-14 12:13:40.932 D/dalvikvm(  374): GC_FOR_ALLOC freed 749K, 19% free 18423K/22680K, paused 86ms, total 86ms
07-14 12:13:40.940 D/MdmApplication( 3494): [null:-1]->onActivityPaused ui.MainActivity , mActivityCount = 1
07-14 12:13:40.940 D/MDM :   ( 3494): [null:-1]->query
07-14 12:13:40.940 D/MDM :   ( 3494): [null:-1]->QUERY_PINCODE_CHECK_RESULT
07-14 12:13:40.940 E/Mdm     ( 3494): Call Mdm service's setLastExitTime function
07-14 12:13:41.033 I/dalvikvm( 3494): Jit: resizing JitTable from 8192 to 16384
07-14 12:13:41.080 D/MdmApplication( 3494): [null:-1]->onActivityStarted setting.SettingActivity , mActivityCount = 0
07-14 12:13:41.080 E/Mdm     ( 3494): Call Mdm service's setLastExitTime function
07-14 12:13:41.080 D/MDM :   ( 3494): [null:-1]->query
07-14 12:13:41.080 D/MDM :   ( 3494): [null:-1]->QUERY_SETTING_PIN_TIMEOUT
07-14 12:13:41.080 D/MDM :   ( 3494): [null:-1]->query
07-14 12:13:41.080 D/MDM :   ( 3494): [null:-1]->QUERY_PINCODE_CHECK_RESULT
07-14 12:13:41.291 I/ActivityManager(  374): Displayed com.pekall.emdm/.setting.SettingActivity: +337ms
07-14 12:13:42.033 I/QueryController( 4076): Matched selector: UiSelector[TEXT=我的设备, CLASS=android.widget.TextView] <<==>> [android.view.accessibility.AccessibilityNodeInfo@3360b; boundsInParent: Rect(0, 0 - 212, 111); boundsInScreen: Rect(65, 836 - 277, 947); packageName: com.pekall.emdm; className: android.widget.TextView; text: 我的设备; contentDescription: null; viewIdResName: com.pekall.emdm:id/equipment_details; checkable: false; checked: false; focusable: false; focused: false; selected: false; clickable: false; longClickable: false; enabled: true; password: false; scrollable: false; [ACTION_SELECT, ACTION_CLEAR_SELECTION, ACTION_ACCESSIBILITY_FOCUS, ACTION_NEXT_AT_MOVEMENT_GRANULARITY, ACTION_PREVIOUS_AT_MOVEMENT_GRANULARITY, ACTION_SET_SELECTION]]
07-14 12:13:42.033 D/InteractionController( 4076): clickAndWaitForNewWindow(171, 891)
07-14 12:13:42.143 I/ActivityManager(  374): START u0 {cmp=com.pekall.emdm/.setting.DevicesDetailsActivity} from pid 3494
07-14 12:13:42.276 D/dalvikvm(  374): GC_FOR_ALLOC freed 407K, 18% free 18805K/22680K, paused 85ms, total 85ms
07-14 12:13:42.369 D/dalvikvm(  374): GC_FOR_ALLOC freed 752K, 19% free 18424K/22680K, paused 87ms, total 87ms
07-14 12:13:42.377 D/MdmApplication( 3494): [null:-1]->onActivityPaused setting.SettingActivity , mActivityCount = 1
07-14 12:13:42.377 D/MDM :   ( 3494): [null:-1]->query
07-14 12:13:42.377 D/MDM :   ( 3494): [null:-1]->QUERY_PINCODE_CHECK_RESULT
07-14 12:13:42.377 E/Mdm     ( 3494): Call Mdm service's setLastExitTime function
07-14 12:13:42.541 D/MdmApplication( 3494): [null:-1]->onActivityStarted setting.DevicesDetailsActivity , mActivityCount = 0
07-14 12:13:42.541 E/Mdm     ( 3494): Call Mdm service's setLastExitTime function
07-14 12:13:42.541 D/MDM :   ( 3494): [null:-1]->query
07-14 12:13:42.541 D/MDM :   ( 3494): [null:-1]->QUERY_SETTING_PIN_TIMEOUT
07-14 12:13:42.541 D/MDM :   ( 3494): [null:-1]->query
