07-14 12:01:29.213 W/MountService(  374): getVolumeState(/mnt/extrasd_bind): Unknown volume
07-14 12:01:29.213 W/MountService(  374): getVolumeState(/mnt/sdcard/ext_sd): Unknown volume
07-14 12:01:29.221 W/MountService(  374): getVolumeState(/storage/extSdCard): Unknown volume
07-14 12:01:29.221 W/MountService(  374): getVolumeState(/storage/sdcard1): Unknown volume
07-14 12:01:29.221 W/MountService(  374): getVolumeState(/mnt/sdcard/external_SD): Unknown volume
07-14 12:01:29.229 W/MountService(  374): getVolumeState(/mnt/sdcard/external_sd): Unknown volume
07-14 12:01:29.440 W/MountService(  374): getVolumeState(/storage/emulated/0/external_sd): Unknown volume
07-14 12:01:29.440 W/MountService(  374): getVolumeState(/mnt/sdcard-ext): Unknown volume
07-14 12:01:29.440 W/MountService(  374): getVolumeState(/mnt/ext_sdcard): Unknown volume
07-14 12:01:29.448 W/MountService(  374): getVolumeState(/mnt/sdcard2): Unknown volume
07-14 12:01:29.448 W/MountService(  374): getVolumeState(/mnt/emmc): Unknown volume
07-14 12:01:29.448 W/MountService(  374): getVolumeState(/mnt/extSdCard): Unknown volume
07-14 12:01:29.448 W/MountService(  374): getVolumeState(/mnt/sdcard/SD_CARD): Unknown volume
07-14 12:01:29.448 W/MountService(  374): getVolumeState(/mnt/sdcard/extra_sd): Unknown volume
07-14 12:01:29.448 W/MountService(  374): getVolumeState(/mnt/extrasd_bind): Unknown volume
07-14 12:01:29.448 W/MountService(  374): getVolumeState(/mnt/sdcard/ext_sd): Unknown volume
07-14 12:01:29.448 W/MountService(  374): getVolumeState(/storage/extSdCard): Unknown volume
07-14 12:01:29.448 W/MountService(  374): getVolumeState(/storage/sdcard1): Unknown volume
07-14 12:01:29.448 W/MountService(  374): getVolumeState(/mnt/sdcard/external_SD): Unknown volume
07-14 12:01:29.455 W/MountService(  374): getVolumeState(/mnt/sdcard/external_sd): Unknown volume
07-14 12:01:45.369 I/PowerManagerService(  374): Going to sleep due to screen timeout...
07-14 12:01:51.393 D/PhoneStatusBar(  450): disable: < expand icons alerts ticker system_info back home RECENT* clock search >
07-14 12:01:51.565 D/PhoneStatusBar(  450): disable: < expand icons alerts ticker system_info BACK* HOME* RECENT CLOCK* search >
07-14 12:01:55.237 I/PowerManagerService(  374): Waking up from sleep...
07-14 12:01:55.346 I/WindowManager(  374): Lock screen displayed!
07-14 12:01:56.393 D/PhoneStatusBar(  450): disable: < expand icons alerts ticker system_info BACK HOME recent* CLOCK search >
07-14 12:01:56.463 D/PhoneStatusBar(  450): disable: < expand icons alerts ticker system_info back* home* recent clock* search >
07-14 12:01:56.471 W/InputMethodManagerService(  374): Window already focused, ignoring focus gain of: com.android.internal.view.IInputMethodClient$Stub$Proxy@42e96770 attribute=android.view.inputmethod.EditorInfo@42deb188, token = android.os.BinderProxy@4315d190
07-14 12:01:57.721 W/ViewRootImpl( 3494): Dropping event due to no window focus: KeyEvent { action=ACTION_DOWN, keyCode=KEYCODE_BACK, scanCode=0, metaState=0, flags=0x48, repeatCount=0, eventTime=656072, downTime=656072, deviceId=-1, source=0x101 }
07-14 12:01:58.252 W/ActivityManager(  374): Duplicate finish request for ActivityRecord{42f72148 u0 com.pekall.emdm/.document.activity.DocMainActivity}
07-14 12:01:58.768 W/ActivityManager(  374): Duplicate finish request for ActivityRecord{42e21bf0 u0 com.pekall.emdm/.ui.MainActivity}
07-14 12:01:59.393 I/ActivityManager(  374): No longer want com.qihoo360.mobilesafe:PcDaemon (pid 2983): empty #17
07-14 12:02:28.619 I/PowerManagerService(  374): Going to sleep due to screen timeout...
07-14 12:02:29.283 W/MountService(  374): getVolumeState(/storage/emulated/0/external_sd): Unknown volume
07-14 12:02:29.291 W/MountService(  374): getVolumeState(/mnt/sdcard-ext): Unknown volume
07-14 12:02:29.291 W/MountService(  374): getVolumeState(/mnt/ext_sdcard): Unknown volume
07-14 12:02:29.291 W/MountService(  374): getVolumeState(/mnt/sdcard2): Unknown volume
07-14 12:02:29.291 W/MountService(  374): getVolumeState(/mnt/emmc): Unknown volume
07-14 12:02:29.291 W/MountService(  374): getVolumeState(/mnt/extSdCard): Unknown volume
07-14 12:02:29.291 W/MountService(  374): getVolumeState(/mnt/sdcard/SD_CARD): Unknown volume
07-14 12:02:29.291 W/MountService(  374): getVolumeState(/mnt/sdcard/extra_sd): Unknown volume
07-14 12:02:29.299 W/MountService(  374): getVolumeState(/mnt/extrasd_bind): Unknown volume
07-14 12:02:29.299 W/MountService(  374): getVolumeState(/mnt/sdcard/ext_sd): Unknown volume
07-14 12:02:29.299 W/MountService(  374): getVolumeState(/storage/extSdCard): Unknown volume
07-14 12:02:29.299 W/MountService(  374): getVolumeState(/storage/sdcard1): Unknown volume
07-14 12:02:29.299 W/MountService(  374): getVolumeState(/mnt/sdcard/external_SD): Unknown volume
07-14 12:02:29.299 W/MountService(  374): getVolumeState(/mnt/sdcard/external_sd): Unknown volume
07-14 12:02:29.908 W/MountService(  374): getVolumeState(/storage/emulated/0/external_sd): Unknown volume
07-14 12:02:29.908 W/MountService(  374): getVolumeState(/mnt/sdcard-ext): Unknown volume
07-14 12:02:29.908 W/MountService(  374): getVolumeState(/mnt/ext_sdcard): Unknown volume
07-14 12:02:29.908 W/MountService(  374): getVolumeState(/mnt/sdcard2): Unknown volume
07-14 12:02:29.908 W/MountService(  374): getVolumeState(/mnt/emmc): Unknown volume
07-14 12:02:29.908 W/MountService(  374): getVolumeState(/mnt/extSdCard): Unknown volume
07-14 12:02:29.908 W/MountService(  374): getVolumeState(/mnt/sdcard/SD_CARD): Unknown volume
07-14 12:02:29.916 W/MountService(  374): getVolumeState(/mnt/sdcard/extra_sd): Unknown volume
07-14 12:02:29.916 W/MountService(  374): getVolumeState(/mnt/extrasd_bind): Unknown volume
07-14 12:02:29.916 W/MountService(  374): getVolumeState(/mnt/sdcard/ext_sd): Unknown volume
07-14 12:02:29.916 W/MountService(  374): getVolumeState(/storage/extSdCard): Unknown volume
07-14 12:02:29.916 W/MountService(  374): getVolumeState(/storage/sdcard1): Unknown volume
07-14 12:02:29.916 W/MountService(  374): getVolumeState(/mnt/sdcard/external_SD): Unknown volume
07-14 12:02:29.916 W/MountService(  374): getVolumeState(/mnt/sdcard/external_sd): Unknown volume
07-14 12:02:34.674 D/PhoneStatusBar(  450): disable: < expand icons alerts ticker system_info back home RECENT* clock search >
07-14 12:02:34.846 D/PhoneStatusBar(  450): disable: < expand icons alerts ticker system_info BACK* HOME* RECENT CLOCK* search >
07-14 12:03:29.408 W/MountService(  374): getVolumeState(/storage/emulated/0/external_sd): Unknown volume
07-14 12:03:29.408 W/MountService(  374): getVolumeState(/mnt/sdcard-ext): Unknown volume
07-14 12:03:29.408 W/MountService(  374): getVolumeState(/mnt/ext_sdcard): Unknown volume
07-14 12:03:29.408 W/MountService(  374): getVolumeState(/mnt/sdcard2): Unknown volume
07-14 12:03:29.408 W/MountService(  374): getVolumeState(/mnt/emmc): Unknown volume
07-14 12:03:29.408 W/MountService(  374): getVolumeState(/mnt/extSdCard): Unknown volume
07-14 12:03:29.408 W/MountService(  374): getVolumeState(/mnt/sdcard/SD_CARD): Unknown volume
07-14 12:03:29.416 W/MountService(  374): getVolumeState(/mnt/sdcard/extra_sd): Unknown volume
07-14 12:03:29.416 W/MountService(  374): getVolumeState(/mnt/extrasd_bind): Unknown volume
07-14 12:03:29.416 W/MountService(  374): getVolumeState(/mnt/sdcard/ext_sd): Unknown volume
07-14 12:03:29.416 W/MountService(  374): getVolumeState(/storage/extSdCard): Unknown volume
07-14 12:03:29.416 W/MountService(  374): getVolumeState(/storage/sdcard1): Unknown volume
07-14 12:03:29.416 W/MountService(  374): getVolumeState(/mnt/sdcard/external_SD): Unknown volume
07-14 12:03:29.416 W/MountService(  374): getVolumeState(/mnt/sdcard/external_sd): Unknown volume
07-14 12:03:29.643 W/MountService(  374): getVolumeState(/storage/emulated/0/external_sd): Unknown volume
07-14 12:03:29.651 W/MountService(  374): getVolumeState(/mnt/sdcard-ext): Unknown volume
07-14 12:03:29.651 W/MountService(  374): getVolumeState(/mnt/ext_sdcard): Unknown volume
07-14 12:03:29.651 W/MountService(  374): getVolumeState(/mnt/sdcard2): Unknown volume
07-14 12:03:29.651 W/MountService(  374): getVolumeState(/mnt/emmc): Unknown volume
07-14 12:03:29.651 W/MountService(  374): getVolumeState(/mnt/extSdCard): Unknown volume
07-14 12:03:29.651 W/MountService(  374): getVolumeState(/mnt/sdcard/SD_CARD): Unknown volume
07-14 12:03:29.651 W/MountService(  374): getVolumeState(/mnt/sdcard/extra_sd): Unknown volume
07-14 12:03:29.651 W/MountService(  374): getVolumeState(/mnt/extrasd_bind): Unknown volume
07-14 12:03:29.651 W/MountService(  374): getVolumeState(/mnt/sdcard/ext_sd): Unknown volume
07-14 12:03:29.651 W/MountService(  374): getVolumeState(/storage/extSdCard): Unknown volume
07-14 12:03:29.651 W/MountService(  374): getVolumeState(/storage/sdcard1): Unknown volume
07-14 12:03:29.658 W/MountService(  374): getVolumeState(/mnt/sdcard/external_SD): Unknown volume
07-14 12:03:29.658 W/MountService(  374): getVolumeState(/mnt/sdcard/external_sd): Unknown volume
07-14 12:04:29.455 W/MountService(  374): getVolumeState(/storage/emulated/0/external_sd): Unknown volume
07-14 12:04:29.463 W/MountService(  374): getVolumeState(/mnt/sdcard-ext): Unknown volume
07-14 12:04:29.463 W/MountService(  374): getVolumeState(/mnt/ext_sdcard): Unknown volume
07-14 12:04:29.463 W/MountService(  374): getVolumeState(/mnt/sdcard2): Unknown volume
07-14 12:04:29.463 W/MountService(  374): getVolumeState(/mnt/emmc): Unknown volume
07-14 12:04:29.463 W/MountService(  374): getVolumeState(/mnt/extSdCard): Unknown volume
07-14 12:04:29.463 W/MountService(  374): getVolumeState(/mnt/sdcard/SD_CARD): Unknown volume
07-14 12:04:29.463 W/MountService(  374): getVolumeState(/mnt/sdcard/extra_sd): Unknown volume
07-14 12:04:29.463 W/MountService(  374): getVolumeState(/mnt/extrasd_bind): Unknown volume
07-14 12:04:29.471 W/MountService(  374): getVolumeState(/mnt/sdcard/ext_sd): Unknown volume
07-14 12:04:29.471 W/MountService(  374): getVolumeState(/storage/extSdCard): Unknown volume
07-14 12:04:29.471 W/MountService(  374): getVolumeState(/storage/sdcard1): Unknown volume
07-14 12:04:29.471 W/MountService(  374): getVolumeState(/mnt/sdcard/external_SD): Unknown volume
07-14 12:04:29.471 W/MountService(  374): getVolumeState(/mnt/sdcard/external_sd): Unknown volume
07-14 12:04:29.682 W/MountService(  374): getVolumeState(/storage/emulated/0/external_sd): Unknown volume
07-14 12:04:29.682 W/MountService(  374): getVolumeState(/mnt/sdcard-ext): Unknown volume
07-14 12:04:29.682 W/MountService(  374): getVolumeState(/mnt/ext_sdcard): Unknown volume
07-14 12:04:29.682 W/MountService(  374): getVolumeState(/mnt/sdcard2): Unknown volume
07-14 12:04:29.690 W/MountService(  374): getVolumeState(/mnt/emmc): Unknown volume
07-14 12:04:29.690 W/MountService(  374): getVolumeState(/mnt/extSdCard): Unknown volume
07-14 12:04:29.690 W/MountService(  374): getVolumeState(/mnt/sdcard/SD_CARD): Unknown volume
07-14 12:04:29.690 W/MountService(  374): getVolumeState(/mnt/sdcard/extra_sd): Unknown volume
07-14 12:04:29.690 W/MountService(  374): getVolumeState(/mnt/extrasd_bind): Unknown volume
07-14 12:04:29.690 W/MountService(  374): getVolumeState(/mnt/sdcard/ext_sd): Unknown volume
07-14 12:04:29.698 W/MountService(  374): getVolumeState(/storage/extSdCard): Unknown volume
07-14 12:04:29.698 W/MountService(  374): getVolumeState(/storage/sdcard1): Unknown volume
07-14 12:04:29.698 W/MountService(  374): getVolumeState(/mnt/sdcard/external_SD): Unknown volume
07-14 12:04:29.698 W/MountService(  374): getVolumeState(/mnt/sdcard/external_sd): Unknown volume
07-14 12:05:29.557 W/MountService(  374): getVolumeState(/storage/emulated/0/external_sd): Unknown volume
07-14 12:05:29.557 W/MountService(  374): getVolumeState(/mnt/sdcard-ext): Unknown volume
07-14 12:05:29.557 W/MountService(  374): getVolumeState(/mnt/ext_sdcard): Unknown volume
07-14 12:05:29.557 W/MountService(  374): getVolumeState(/mnt/sdcard2): Unknown volume
07-14 12:05:29.557 W/MountService(  374): getVolumeState(/mnt/emmc): Unknown volume
07-14 12:05:29.557 W/MountService(  374): getVolumeState(/mnt/extSdCard): Unknown volume
07-14 12:05:29.557 W/MountService(  374): getVolumeState(/mnt/sdcard/SD_CARD): Unknown volume
07-14 12:05:29.557 W/MountService(  374): getVolumeState(/mnt/sdcard/extra_sd): Unknown volume
07-14 12:05:29.565 W/MountService(  374): getVolumeState(/mnt/extrasd_bind): Unknown volume
07-14 12:05:29.565 W/MountService(  374): getVolumeState(/mnt/sdcard/ext_sd): Unknown volume
07-14 12:05:29.565 W/MountService(  374): getVolumeState(/storage/extSdCard): Unknown volume
07-14 12:05:29.565 W/MountService(  374): getVolumeState(/storage/sdcard1): Unknown volume
07-14 12:05:29.565 W/MountService(  374): getVolumeState(/mnt/sdcard/external_SD): Unknown volume
07-14 12:05:29.565 W/MountService(  374): getVolumeState(/mnt/sdcard/external_sd): Unknown volume
07-14 12:05:29.815 W/MountService(  374): getVolumeState(/storage/emulated/0/external_sd): Unknown volume
07-14 12:05:29.823 W/MountService(  374): getVolumeState(/mnt/sdcard-ext): Unknown volume
07-14 12:05:29.823 W/MountService(  374): getVolumeState(/mnt/ext_sdcard): Unknown volume
07-14 12:05:29.823 W/MountService(  374): getVolumeState(/mnt/sdcard2): Unknown volume
07-14 12:05:29.823 W/MountService(  374): getVolumeState(/mnt/emmc): Unknown volume
07-14 12:05:29.823 W/MountService(  374): getVolumeState(/mnt/extSdCard): Unknown volume
07-14 12:05:29.830 W/MountService(  374): getVolumeState(/mnt/sdcard/SD_CARD): Unknown volume
07-14 12:05:29.830 W/MountService(  374): getVolumeState(/mnt/sdcard/extra_sd): Unknown volume
07-14 12:05:29.830 W/MountService(  374): getVolumeState(/mnt/extrasd_bind): Unknown volume
07-14 12:05:29.830 W/MountService(  374): getVolumeState(/mnt/sdcard/ext_sd): Unknown volume
07-14 12:05:29.830 W/MountService(  374): getVolumeState(/storage/extSdCard): Unknown volume
07-14 12:05:29.830 W/MountService(  374): getVolumeState(/storage/sdcard1): Unknown volume
07-14 12:05:29.830 W/MountService(  374): getVolumeState(/mnt/sdcard/external_SD): Unknown volume
07-14 12:05:29.838 W/MountService(  374): getVolumeState(/mnt/sdcard/external_sd): Unknown volume
07-14 12:05:30.127 W/MountService(  374): getVolumeState(/storage/emulated/0/external_sd): Unknown volume
07-14 12:05:30.127 W/MountService(  374): getVolumeState(/mnt/sdcard-ext): Unknown volume
07-14 12:05:30.127 W/MountService(  374): getVolumeState(/mnt/ext_sdcard): Unknown volume
07-14 12:05:30.127 W/MountService(  374): getVolumeState(/mnt/sdcard2): Unknown volume
07-14 12:05:30.127 W/MountService(  374): getVolumeState(/mnt/emmc): Unknown volume
07-14 12:05:30.127 W/MountService(  374): getVolumeState(/mnt/extSdCard): Unknown volume
07-14 12:05:30.127 W/MountService(  374): getVolumeState(/mnt/sdcard/SD_CARD): Unknown volume
07-14 12:05:30.135 W/MountService(  374): getVolumeState(/mnt/sdcard/extra_sd): Unknown volume
07-14 12:05:30.135 W/MountService(  374): getVolumeState(/mnt/extrasd_bind): Unknown volume
07-14 12:05:30.135 W/MountService(  374): getVolumeState(/mnt/sdcard/ext_sd): Unknown volume
07-14 12:05:30.135 W/MountService(  374): getVolumeState(/storage/extSdCard): Unknown volume
07-14 12:05:30.135 W/MountService(  374): getVolumeState(/storage/sdcard1): Unknown volume
07-14 12:05:30.143 W/MountService(  374): getVolumeState(/mnt/sdcard/external_SD): Unknown volume
07-14 12:05:30.143 W/MountService(  374): getVolumeState(/mnt/sdcard/external_sd): Unknown volume
07-14 12:05:30.323 W/PackageParser( 2060): Unknown element under <application>: intent-filter at /storage/emulated/0/360MobileSafe_5.2.3.1061.apk Binary XML file line #1165
07-14 12:05:30.330 W/PackageParser( 2060): Unknown element under <application>: intent-filter at /storage/emulated/0/360MobileSafe_5.2.3.1061.apk Binary XML file line #1423
07-14 12:05:30.658 W/PackageParser( 2060): No actions in intent filter at /storage/emulated/0/Download/emmp.apk Binary XML file line #687
07-14 12:05:30.862 W/PackageParser( 2060): No actions in intent filter at /storage/emulated/0/Download/emmp-1.apk Binary XML file line #687
07-14 12:05:31.401 W/PackageParser( 2060): No actions in intent filter at /storage/emulated/0/360Download/Pekall.apk Binary XML file line #685
07-14 12:05:31.612 W/MountService(  374): getVolumeState(/storage/emulated/0/external_sd): Unknown volume
07-14 12:05:31.612 W/MountService(  374): getVolumeState(/mnt/sdcard-ext): Unknown volume
07-14 12:05:31.612 W/MountService(  374): getVolumeState(/mnt/ext_sdcard): Unknown volume
07-14 12:05:31.612 W/MountService(  374): getVolumeState(/mnt/sdcard2): Unknown volume
07-14 12:05:31.612 W/MountService(  374): getVolumeState(/mnt/emmc): Unknown volume
07-14 12:05:31.619 W/MountService(  374): getVolumeState(/mnt/extSdCard): Unknown volume
07-14 12:05:31.619 W/MountService(  374): getVolumeState(/mnt/sdcard/SD_CARD): Unknown volume
07-14 12:05:31.619 W/MountService(  374): getVolumeState(/mnt/sdcard/extra_sd): Unknown volume
07-14 12:05:31.619 W/MountService(  374): getVolumeState(/mnt/extrasd_bind): Unknown volume
07-14 12:05:31.619 W/MountService(  374): getVolumeState(/mnt/sdcard/ext_sd): Unknown volume
07-14 12:05:31.627 W/MountService(  374): getVolumeState(/storage/extSdCard): Unknown volume
07-14 12:05:31.627 W/MountService(  374): getVolumeState(/storage/sdcard1): Unknown volume
07-14 12:05:31.627 W/MountService(  374): getVolumeState(/mnt/sdcard/external_SD): Unknown volume
07-14 12:05:31.627 W/MountService(  374): getVolumeState(/mnt/sdcard/external_sd): Unknown volume
--------- beginning of /dev/log/main
07-14 12:05:33.174 D/dalvikvm( 2060): GC_CONCURRENT freed 1272K, 16% free 13714K/16172K, paused 7ms+4ms, total 91ms
07-14 12:05:33.174 D/dalvikvm( 2060): WAIT_FOR_CONCURRENT_GC blocked 38ms
07-14 12:05:33.182 D/dalvikvm( 2060): WAIT_FOR_CONCURRENT_GC blocked 44ms
07-14 12:05:33.721 D/dalvikvm( 2060): GC_CONCURRENT freed 1400K, 14% free 13915K/16172K, paused 4ms+5ms, total 72ms
07-14 12:05:33.721 D/dalvikvm( 2060): WAIT_FOR_CONCURRENT_GC blocked 21ms
07-14 12:05:33.721 D/dalvikvm( 2060): WAIT_FOR_CONCURRENT_GC blocked 22ms
07-14 12:05:34.252 D/dalvikvm( 2060): GC_CONCURRENT freed 2188K, 18% free 13393K/16172K, paused 4ms+4ms, total 65ms
07-14 12:05:34.252 D/dalvikvm( 2060): WAIT_FOR_CONCURRENT_GC blocked 25ms
07-14 12:05:34.252 D/dalvikvm( 2060): WAIT_FOR_CONCURRENT_GC blocked 50ms
07-14 12:05:34.924 D/dalvikvm( 2060): GC_CONCURRENT freed 1359K, 17% free 13432K/16172K, paused 3ms+7ms, total 89ms
07-14 12:05:35.729 D/dalvikvm( 2060): GC_CONCURRENT freed 1624K, 19% free 13213K/16172K, paused 4ms+5ms, total 65ms
07-14 12:05:49.846 D/JOBS    ( 1958): Thread-181: load factor check. true = (0 < 1)|| (0 * 3 < 0 + 0). consumer thread: true
07-14 12:05:49.846 D/JOBS    ( 1958): didn't allow me to die, re-running Thread-181
07-14 12:05:49.846 D/JOBS    ( 1958): re-running consumer Thread-181
07-14 12:06:16.237 D/GCM     (  624): Ignoring attempt to send heartbeat on dead connection.
07-14 12:06:29.612 W/MountService(  374): getVolumeState(/storage/emulated/0/external_sd): Unknown volume
07-14 12:06:29.612 W/MountService(  374): getVolumeState(/mnt/sdcard-ext): Unknown volume
07-14 12:06:29.612 W/MountService(  374): getVolumeState(/mnt/ext_sdcard): Unknown volume
07-14 12:06:29.612 W/MountService(  374): getVolumeState(/mnt/sdcard2): Unknown volume
07-14 12:06:29.612 W/MountService(  374): getVolumeState(/mnt/emmc): Unknown volume
07-14 12:06:29.619 W/MountService(  374): getVolumeState(/mnt/extSdCard): Unknown volume
07-14 12:06:29.619 W/MountService(  374): getVolumeState(/mnt/sdcard/SD_CARD): Unknown volume
07-14 12:06:29.619 W/MountService(  374): getVolumeState(/mnt/sdcard/extra_sd): Unknown volume
07-14 12:06:29.619 W/MountService(  374): getVolumeState(/mnt/extrasd_bind): Unknown volume
07-14 12:06:29.619 W/MountService(  374): getVolumeState(/mnt/sdcard/ext_sd): Unknown volume
07-14 12:06:29.619 W/MountService(  374): getVolumeState(/storage/extSdCard): Unknown volume
07-14 12:06:29.619 W/MountService(  374): getVolumeState(/storage/sdcard1): Unknown volume
07-14 12:06:29.619 W/MountService(  374): getVolumeState(/mnt/sdcard/external_SD): Unknown volume
07-14 12:06:29.619 W/MountService(  374): getVolumeState(/mnt/sdcard/external_sd): Unknown volume
07-14 12:06:29.752 D/dalvikvm( 2037): GC_CONCURRENT freed 309K, 19% free 9704K/11956K, paused 7ms+4ms, total 47ms
07-14 12:06:29.924 D/dalvikvm(  504): GC_EXPLICIT freed 255K, 5% free 9309K/9724K, paused 5ms+5ms, total 37ms
07-14 12:06:29.948 W/MountService(  374): getVolumeState(/storage/emulated/0/external_sd): Unknown volume
07-14 12:06:29.948 W/MountService(  374): getVolumeState(/mnt/sdcard-ext): Unknown volume
07-14 12:06:29.948 W/MountService(  374): getVolumeState(/mnt/ext_sdcard): Unknown volume
07-14 12:06:29.948 W/MountService(  374): getVolumeState(/mnt/sdcard2): Unknown volume
07-14 12:06:29.955 W/MountService(  374): getVolumeState(/mnt/emmc): Unknown volume
07-14 12:06:29.955 W/MountService(  374): getVolumeState(/mnt/extSdCard): Unknown volume
07-14 12:06:29.955 W/MountService(  374): getVolumeState(/mnt/sdcard/SD_CARD): Unknown volume
07-14 12:06:29.955 W/MountService(  374): getVolumeState(/mnt/sdcard/extra_sd): Unknown volume
07-14 12:06:29.955 W/MountService(  374): getVolumeState(/mnt/extrasd_bind): Unknown volume
07-14 12:06:29.955 W/MountService(  374): getVolumeState(/mnt/sdcard/ext_sd): Unknown volume
07-14 12:06:29.955 W/MountService(  374): getVolumeState(/storage/extSdCard): Unknown volume
07-14 12:06:29.955 W/MountService(  374): getVolumeState(/storage/sdcard1): Unknown volume
07-14 12:06:29.955 W/MountService(  374): getVolumeState(/mnt/sdcard/external_SD): Unknown volume
07-14 12:06:29.955 W/MountService(  374): getVolumeState(/mnt/sdcard/external_sd): Unknown volume
07-14 12:06:29.979 D/dalvikvm( 2037): GC_CONCURRENT freed 594K, 20% free 9621K/11956K, paused 2ms+3ms, total 35ms
07-14 12:06:29.979 D/dalvikvm( 2037): WAIT_FOR_CONCURRENT_GC blocked 11ms
07-14 12:06:42.612 D/MdmService( 3494): [null:-1]->receiver action :com.pekall.mdm.action.MDM_ALARM
07-14 12:06:45.612 D/PushService( 1958): [null:-1]->receiver action :com.pekall.mdm.action.PUSH_ALARM
07-14 12:06:45.627 D/PushService( 1958): [null:-1]->keepAliveWithPushServer client is opened:true
07-14 12:06:45.651 D/PushLib : ( 1958): [null:-1]->ping!!!!!!!!!
07-14 12:06:45.651 D/PushLib : ( 1958): [null:-1]->pushClient is :not null
07-14 12:06:45.651 D/PushLib : ( 1958): [null:-1]->pushClient opened : opened
07-14 12:06:45.682 D/dalvikvm( 1958): GC_CONCURRENT freed 415K, 5% free 9292K/9744K, paused 15ms+2ms, total 59ms
07-14 12:06:50.666 D/PushLib : ( 1958): [null:-1]->MSG_WEBSOCKET_PONG
07-14 12:07:26.354 W/System.err( 1990): java.io.FileNotFoundException: /data/data/com.mgyapp.android/files/.cfpaps.i: open failed: ENOENT (No such file or directory)
07-14 12:07:26.354 W/System.err( 1990): 	at libcore.io.IoBridge.open(IoBridge.java:409)
07-14 12:07:26.354 W/System.err( 1990): 	at java.io.FileInputStream.<init>(FileInputStream.java:78)
07-14 12:07:26.354 W/System.err( 1990): 	at android.app.ContextImpl.openFileInput(ContextImpl.java:702)
07-14 12:07:26.354 W/System.err( 1990): 	at android.content.ContextWrapper.openFileInput(ContextWrapper.java:173)
07-14 12:07:26.362 W/System.err( 1990): 	at com.mgyun.shua.jc.service.f.run(Unknown Source)
07-14 12:07:26.362 W/System.err( 1990): 	at com.mgyun.shua.jc.service.CpWorkServer.onHandleIntent(Unknown Source)
07-14 12:07:26.362 W/System.err( 1990): 	at android.app.IntentService$ServiceHandler.handleMessage(IntentService.java:65)
07-14 12:07:26.362 W/System.err( 1990): 	at android.os.Handler.dispatchMessage(Handler.java:99)
07-14 12:07:26.362 W/System.err( 1990): 	at android.os.Looper.loop(Looper.java:137)
07-14 12:07:26.362 W/System.err( 1990): 	at android.os.HandlerThread.run(HandlerThread.java:61)
07-14 12:07:26.362 W/System.err( 1990): Caused by: libcore.io.ErrnoException: open failed: ENOENT (No such file or directory)
07-14 12:07:26.369 W/System.err( 1990): 	at libcore.io.Posix.open(Native Method)
07-14 12:07:26.369 W/System.err( 1990): 	at libcore.io.BlockGuardOs.open(BlockGuardOs.java:110)
07-14 12:07:26.369 W/System.err( 1990): 	at libcore.io.IoBridge.open(IoBridge.java:393)
07-14 12:07:26.369 W/System.err( 1990): 	... 9 more
07-14 12:07:29.627 W/MountService(  374): getVolumeState(/storage/emulated/0/external_sd): Unknown volume
07-14 12:07:29.635 W/MountService(  374): getVolumeState(/mnt/sdcard-ext): Unknown volume
07-14 12:07:29.635 W/MountService(  374): getVolumeState(/mnt/ext_sdcard): Unknown volume
07-14 12:07:29.635 W/MountService(  374): getVolumeState(/mnt/sdcard2): Unknown volume
07-14 12:07:29.643 W/MountService(  374): getVolumeState(/mnt/emmc): Unknown volume
07-14 12:07:29.643 W/MountService(  374): getVolumeState(/mnt/extSdCard): Unknown volume
07-14 12:07:29.643 W/MountService(  374): getVolumeState(/mnt/sdcard/SD_CARD): Unknown volume
07-14 12:07:29.643 W/MountService(  374): getVolumeState(/mnt/sdcard/extra_sd): Unknown volume
07-14 12:07:29.643 W/MountService(  374): getVolumeState(/mnt/extrasd_bind): Unknown volume
07-14 12:07:29.651 W/MountService(  374): getVolumeState(/mnt/sdcard/ext_sd): Unknown volume
07-14 12:07:29.651 W/MountService(  374): getVolumeState(/storage/extSdCard): Unknown volume
07-14 12:07:29.651 W/MountService(  374): getVolumeState(/storage/sdcard1): Unknown volume
07-14 12:07:29.651 W/MountService(  374): getVolumeState(/mnt/sdcard/external_SD): Unknown volume
07-14 12:07:29.651 W/MountService(  374): getVolumeState(/mnt/sdcard/external_sd): Unknown volume
07-14 12:07:29.674 D/dalvikvm( 2037): GC_CONCURRENT freed 554K, 20% free 9578K/11956K, paused 3ms+3ms, total 35ms
07-14 12:07:29.674 D/dalvikvm( 2037): WAIT_FOR_CONCURRENT_GC blocked 10ms
07-14 12:07:29.674 D/dalvikvm( 2037): WAIT_FOR_CONCURRENT_GC blocked 8ms
07-14 12:07:29.885 D/dalvikvm( 2037): GC_CONCURRENT freed 474K, 20% free 9616K/11956K, paused 3ms+4ms, total 34ms
07-14 12:07:29.885 D/dalvikvm( 2037): WAIT_FOR_CONCURRENT_GC blocked 7ms
07-14 12:07:29.885 W/MountService(  374): getVolumeState(/storage/emulated/0/external_sd): Unknown volume
07-14 12:07:29.885 W/MountService(  374): getVolumeState(/mnt/sdcard-ext): Unknown volume
07-14 12:07:29.893 W/MountService(  374): getVolumeState(/mnt/ext_sdcard): Unknown volume
07-14 12:07:29.893 W/MountService(  374): getVolumeState(/mnt/sdcard2): Unknown volume
07-14 12:07:29.893 W/MountService(  374): getVolumeState(/mnt/emmc): Unknown volume
07-14 12:07:29.893 W/MountService(  374): getVolumeState(/mnt/extSdCard): Unknown volume
07-14 12:07:29.893 W/MountService(  374): getVolumeState(/mnt/sdcard/SD_CARD): Unknown volume
07-14 12:07:29.893 W/MountService(  374): getVolumeState(/mnt/sdcard/extra_sd): Unknown volume
07-14 12:07:29.893 W/MountService(  374): getVolumeState(/mnt/extrasd_bind): Unknown volume
07-14 12:07:29.893 W/MountService(  374): getVolumeState(/mnt/sdcard/ext_sd): Unknown volume
07-14 12:07:29.893 W/MountService(  374): getVolumeState(/storage/extSdCard): Unknown volume
07-14 12:07:29.893 W/MountService(  374): getVolumeState(/storage/sdcard1): Unknown volume
07-14 12:07:29.893 W/MountService(  374): getVolumeState(/mnt/sdcard/external_SD): Unknown volume
07-14 12:07:29.901 W/MountService(  374): getVolumeState(/mnt/sdcard/external_sd): Unknown volume
07-14 12:07:36.354 W/System.err( 1990): java.io.FileNotFoundException: /data/data/com.mgyapp.android/files/.cfp.i: open failed: ENOENT (No such file or directory)
07-14 12:07:36.354 W/System.err( 1990): 	at libcore.io.IoBridge.open(IoBridge.java:409)
07-14 12:07:36.354 W/System.err( 1990): 	at java.io.FileInputStream.<init>(FileInputStream.java:78)
07-14 12:07:36.354 W/System.err( 1990): 	at android.app.ContextImpl.openFileInput(ContextImpl.java:702)
07-14 12:07:36.354 W/System.err( 1990): 	at android.content.ContextWrapper.openFileInput(ContextWrapper.java:173)
07-14 12:07:36.354 W/System.err( 1990): 	at com.mgyun.shua.jc.c.b(Unknown Source)
07-14 12:07:36.354 W/System.err( 1990): 	at com.mgyun.shua.jc.d.a(Unknown Source)
07-14 12:07:36.354 W/System.err( 1990): 	at com.mgyun.shua.jc.service.CpWorkServer.onHandleIntent(Unknown Source)
07-14 12:07:36.354 W/System.err( 1990): 	at android.app.IntentService$ServiceHandler.handleMessage(IntentService.java:65)
07-14 12:07:36.354 W/System.err( 1990): 	at android.os.Handler.dispatchMessage(Handler.java:99)
07-14 12:07:36.362 W/System.err( 1990): 	at android.os.Looper.loop(Looper.java:137)
07-14 12:07:36.362 W/System.err( 1990): 	at android.os.HandlerThread.run(HandlerThread.java:61)
07-14 12:07:36.362 W/System.err( 1990): Caused by: libcore.io.ErrnoException: open failed: ENOENT (No such file or directory)
07-14 12:07:36.362 W/System.err( 1990): 	at libcore.io.Posix.open(Native Method)
07-14 12:07:36.362 W/System.err( 1990): 	at libcore.io.BlockGuardOs.open(BlockGuardOs.java:110)
07-14 12:07:36.362 W/System.err( 1990): 	at libcore.io.IoBridge.open(IoBridge.java:393)
07-14 12:07:36.362 W/System.err( 1990): 	... 10 more
07-14 12:07:49.854 D/JOBS    ( 1958): Thread-181: load factor check. true = (0 < 1)|| (0 * 3 < 0 + 0). consumer thread: true
07-14 12:07:49.854 D/JOBS    ( 1958): didn't allow me to die, re-running Thread-181
07-14 12:07:49.854 D/JOBS    ( 1958): re-running consumer Thread-181
07-14 12:08:14.612 W/Settings( 2019): Setting airplane_mode_on has moved from android.provider.Settings.System to android.provider.Settings.Global, returning read-only value.
07-14 12:08:14.612 W/Settings( 2019): Setting mobile_data has moved from android.provider.Settings.Secure to android.provider.Settings.Global.
07-14 12:08:14.612 D/BluetoothAdapter( 2019): 1116407520: getState() :  mService = null. Returning STATE_OFF
07-14 12:08:14.612 W/Settings( 2019): Setting airplane_mode_on has moved from android.provider.Settings.System to android.provider.Settings.Global, returning read-only value.
07-14 12:08:14.643 D/dalvikvm( 2019): GC_FOR_ALLOC freed 263K, 7% free 9923K/10588K, paused 26ms, total 26ms
07-14 12:08:14.651 D/dalvikvm( 1052): GC_CONCURRENT freed 707K, 9% free 10390K/11336K, paused 10ms+4ms, total 66ms
07-14 12:08:14.658 W/Settings( 2019): Setting airplane_mode_on has moved from android.provider.Settings.System to android.provider.Settings.Global, returning read-only value.
07-14 12:08:14.658 W/Settings( 2019): Setting mobile_data has moved from android.provider.Settings.Secure to android.provider.Settings.Global.
07-14 12:08:14.658 D/BluetoothAdapter( 2019): 1116407520: getState() :  mService = null. Returning STATE_OFF
07-14 12:08:14.666 W/Settings( 2019): Setting airplane_mode_on has moved from android.provider.Settings.System to android.provider.Settings.Global, returning read-only value.
07-14 12:08:14.666 W/Settings( 2019): Setting airplane_mode_on has moved from android.provider.Settings.System to android.provider.Settings.Global, returning read-only value.
07-14 12:08:14.666 W/Settings( 2019): Setting mobile_data has moved from android.provider.Settings.Secure to android.provider.Settings.Global.
07-14 12:08:14.666 D/BluetoothAdapter( 2019): 1116407520: getState() :  mService = null. Returning STATE_OFF
07-14 12:08:14.666 W/Settings( 2019): Setting airplane_mode_on has moved from android.provider.Settings.System to android.provider.Settings.Global, returning read-only value.
07-14 12:08:29.697 W/MountService(  374): getVolumeState(/storage/emulated/0/external_sd): Unknown volume
07-14 12:08:29.705 W/MountService(  374): getVolumeState(/mnt/sdcard-ext): Unknown volume
07-14 12:08:29.705 W/MountService(  374): getVolumeState(/mnt/ext_sdcard): Unknown volume
07-14 12:08:29.705 W/MountService(  374): getVolumeState(/mnt/sdcard2): Unknown volume
07-14 12:08:29.705 W/MountService(  374): getVolumeState(/mnt/emmc): Unknown volume
07-14 12:08:29.705 W/MountService(  374): getVolumeState(/mnt/extSdCard): Unknown volume
07-14 12:08:29.705 W/MountService(  374): getVolumeState(/mnt/sdcard/SD_CARD): Unknown volume
07-14 12:08:29.705 W/MountService(  374): getVolumeState(/mnt/sdcard/extra_sd): Unknown volume
07-14 12:08:29.713 D/dalvikvm( 2037): GC_CONCURRENT freed 546K, 20% free 9570K/11956K, paused 6ms+4ms, total 41ms
07-14 12:08:29.713 W/MountService(  374): getVolumeState(/mnt/extrasd_bind): Unknown volume
07-14 12:08:29.713 W/MountService(  374): getVolumeState(/mnt/sdcard/ext_sd): Unknown volume
07-14 12:08:29.721 W/MountService(  374): getVolumeState(/storage/extSdCard): Unknown volume
07-14 12:08:29.721 W/MountService(  374): getVolumeState(/storage/sdcard1): Unknown volume
07-14 12:08:29.721 W/MountService(  374): getVolumeState(/mnt/sdcard/external_SD): Unknown volume
07-14 12:08:29.721 W/MountService(  374): getVolumeState(/mnt/sdcard/external_sd): Unknown volume
07-14 12:08:29.916 D/dalvikvm( 2037): GC_CONCURRENT freed 428K, 20% free 9620K/11956K, paused 4ms+5ms, total 36ms
07-14 12:08:29.940 W/MountService(  374): getVolumeState(/storage/emulated/0/external_sd): Unknown volume
07-14 12:08:29.940 W/MountService(  374): getVolumeState(/mnt/sdcard-ext): Unknown volume
07-14 12:08:29.940 W/MountService(  374): getVolumeState(/mnt/ext_sdcard): Unknown volume
07-14 12:08:29.940 W/MountService(  374): getVolumeState(/mnt/sdcard2): Unknown volume
07-14 12:08:29.940 W/MountService(  374): getVolumeState(/mnt/emmc): Unknown volume
07-14 12:08:29.948 W/MountService(  374): getVolumeState(/mnt/extSdCard): Unknown volume
07-14 12:08:29.948 W/MountService(  374): getVolumeState(/mnt/sdcard/SD_CARD): Unknown volume
07-14 12:08:29.948 W/MountService(  374): getVolumeState(/mnt/sdcard/extra_sd): Unknown volume
07-14 12:08:29.948 W/MountService(  374): getVolumeState(/mnt/extrasd_bind): Unknown volume
07-14 12:08:29.948 W/MountService(  374): getVolumeState(/mnt/sdcard/ext_sd): Unknown volume
07-14 12:08:29.948 W/MountService(  374): getVolumeState(/storage/extSdCard): Unknown volume
07-14 12:08:29.948 W/MountService(  374): getVolumeState(/storage/sdcard1): Unknown volume
07-14 12:08:29.948 W/MountService(  374): getVolumeState(/mnt/sdcard/external_SD): Unknown volume
07-14 12:08:29.948 W/MountService(  374): getVolumeState(/mnt/sdcard/external_sd): Unknown volume
07-14 12:08:30.033 D/dalvikvm( 2037): GC_CONCURRENT freed 488K, 21% free 9561K/11956K, paused 4ms+3ms, total 31ms
07-14 12:09:18.565 D/dalvikvm( 1425): GC_CONCURRENT freed 369K, 6% free 9949K/10572K, paused 10ms+3ms, total 42ms
07-14 12:09:29.721 W/MountService(  374): getVolumeState(/storage/emulated/0/external_sd): Unknown volume
07-14 12:09:29.721 W/MountService(  374): getVolumeState(/mnt/sdcard-ext): Unknown volume
07-14 12:09:29.721 W/MountService(  374): getVolumeState(/mnt/ext_sdcard): Unknown volume
07-14 12:09:29.729 W/MountService(  374): getVolumeState(/mnt/sdcard2): Unknown volume
07-14 12:09:29.729 W/MountService(  374): getVolumeState(/mnt/emmc): Unknown volume
07-14 12:09:29.729 W/MountService(  374): getVolumeState(/mnt/extSdCard): Unknown volume
07-14 12:09:29.729 W/MountService(  374): getVolumeState(/mnt/sdcard/SD_CARD): Unknown volume
07-14 12:09:29.729 W/MountService(  374): getVolumeState(/mnt/sdcard/extra_sd): Unknown volume
07-14 12:09:29.729 W/MountService(  374): getVolumeState(/mnt/extrasd_bind): Unknown volume
07-14 12:09:29.729 W/MountService(  374): getVolumeState(/mnt/sdcard/ext_sd): Unknown volume
07-14 12:09:29.729 W/MountService(  374): getVolumeState(/storage/extSdCard): Unknown volume
07-14 12:09:29.729 W/MountService(  374): getVolumeState(/storage/sdcard1): Unknown volume
07-14 12:09:29.737 W/MountService(  374): getVolumeState(/mnt/sdcard/external_SD): Unknown volume
07-14 12:09:29.737 W/MountService(  374): getVolumeState(/mnt/sdcard/external_sd): Unknown volume
07-14 12:09:29.783 D/dalvikvm( 2037): GC_CONCURRENT freed 467K, 20% free 9570K/11956K, paused 3ms+3ms, total 45ms
07-14 12:09:29.940 W/MountService(  374): getVolumeState(/storage/emulated/0/external_sd): Unknown volume
07-14 12:09:29.948 W/MountService(  374): getVolumeState(/mnt/sdcard-ext): Unknown volume
07-14 12:09:29.948 W/MountService(  374): getVolumeState(/mnt/ext_sdcard): Unknown volume
07-14 12:09:29.948 W/MountService(  374): getVolumeState(/mnt/sdcard2): Unknown volume
07-14 12:09:29.948 W/MountService(  374): getVolumeState(/mnt/emmc): Unknown volume
07-14 12:09:29.948 W/MountService(  374): getVolumeState(/mnt/extSdCard): Unknown volume
07-14 12:09:29.948 W/MountService(  374): getVolumeState(/mnt/sdcard/SD_CARD): Unknown volume
07-14 12:09:29.948 W/MountService(  374): getVolumeState(/mnt/sdcard/extra_sd): Unknown volume
07-14 12:09:29.955 W/MountService(  374): getVolumeState(/mnt/extrasd_bind): Unknown volume
07-14 12:09:29.955 W/MountService(  374): getVolumeState(/mnt/sdcard/ext_sd): Unknown volume
07-14 12:09:29.955 W/MountService(  374): getVolumeState(/storage/extSdCard): Unknown volume
07-14 12:09:29.955 W/MountService(  374): getVolumeState(/storage/sdcard1): Unknown volume
07-14 12:09:29.955 W/MountService(  374): getVolumeState(/mnt/sdcard/external_SD): Unknown volume
07-14 12:09:29.955 W/MountService(  374): getVolumeState(/mnt/sdcard/external_sd): Unknown volume
07-14 12:09:29.971 D/dalvikvm( 2037): GC_CONCURRENT freed 475K, 20% free 9606K/11956K, paused 4ms+4ms, total 37ms
07-14 12:09:29.971 D/dalvikvm( 2037): WAIT_FOR_CONCURRENT_GC blocked 3ms
07-14 12:09:29.971 D/dalvikvm( 2037): WAIT_FOR_CONCURRENT_GC blocked 13ms
07-14 12:09:34.549 E/CheckinTask(  624): Checkin failed: https://android.clients.google.com/checkin (request #0): org.apache.http.conn.ConnectTimeoutException: Connect to /74.125.235.195:443 timed out
07-14 12:09:42.612 D/MdmService( 3494): [null:-1]->receiver action :com.pekall.mdm.action.MDM_ALARM
07-14 12:09:42.612 D/MdmService( 3494): [null:-1]->keepAliveWithPushServer client is opened:true
07-14 12:09:42.612 D/MDM :   ( 3494): [null:-1]->ping!!!!!!!!!
07-14 12:09:42.619 D/MdmService( 3494): [null:-1]->pushUrl : ws://demo.everknow.cn:9030/websocket
07-14 12:09:42.619 D/MDM :   ( 3494): [null:-1]->mMdmPushClient is :not null
07-14 12:09:42.619 D/MDM :   ( 3494): [null:-1]->mMdmPushClient opened : opened
07-14 12:09:42.627 D/MDM :   ( 3494): [null:-1]->MSG_WEBSOCKET_PONG
07-14 12:09:44.573 I/CheckinService(  624): Preparing to send checkin request
07-14 12:09:44.573 I/EventLogService(  624): Accumulating logs since 1405310313638
07-14 12:09:44.635 D/dalvikvm(  624): GC_CONCURRENT freed 447K, 6% free 9624K/10232K, paused 3ms+5ms, total 38ms
07-14 12:09:44.705 I/CheckinTask(  624): Sending checkin request (1879 bytes)
07-14 12:09:49.862 D/JOBS    ( 1958): Thread-181: load factor check. true = (0 < 1)|| (0 * 3 < 0 + 0). consumer thread: true
07-14 12:09:49.862 D/JOBS    ( 1958): didn't allow me to die, re-running Thread-181
07-14 12:09:49.862 D/JOBS    ( 1958): re-running consumer Thread-181
07-14 12:10:29.760 W/MountService(  374): getVolumeState(/storage/emulated/0/external_sd): Unknown volume
07-14 12:10:29.768 W/MountService(  374): getVolumeState(/mnt/sdcard-ext): Unknown volume
07-14 12:10:29.768 W/MountService(  374): getVolumeState(/mnt/ext_sdcard): Unknown volume
07-14 12:10:29.768 W/MountService(  374): getVolumeState(/mnt/sdcard2): Unknown volume
07-14 12:10:29.776 W/MountService(  374): getVolumeState(/mnt/emmc): Unknown volume
07-14 12:10:29.776 W/MountService(  374): getVolumeState(/mnt/extSdCard): Unknown volume
07-14 12:10:29.776 W/MountService(  374): getVolumeState(/mnt/sdcard/SD_CARD): Unknown volume
07-14 12:10:29.783 W/MountService(  374): getVolumeState(/mnt/sdcard/extra_sd): Unknown volume
07-14 12:10:29.783 W/MountService(  374): getVolumeState(/mnt/extrasd_bind): Unknown volume
07-14 12:10:29.783 W/MountService(  374): getVolumeState(/mnt/sdcard/ext_sd): Unknown volume
07-14 12:10:29.783 W/MountService(  374): getVolumeState(/storage/extSdCard): Unknown volume
07-14 12:10:29.783 W/MountService(  374): getVolumeState(/storage/sdcard1): Unknown volume
07-14 12:10:29.783 W/MountService(  374): getVolumeState(/mnt/sdcard/external_SD): Unknown volume
07-14 12:10:29.783 W/MountService(  374): getVolumeState(/mnt/sdcard/external_sd): Unknown volume
07-14 12:10:29.815 D/dalvikvm( 2037): GC_CONCURRENT freed 534K, 20% free 9580K/11956K, paused 3ms+4ms, total 48ms
07-14 12:10:29.815 D/dalvikvm( 2037): WAIT_FOR_CONCURRENT_GC blocked 9ms
07-14 12:10:29.987 W/MountService(  374): getVolumeState(/storage/emulated/0/external_sd): Unknown volume
07-14 12:10:29.987 W/MountService(  374): getVolumeState(/mnt/sdcard-ext): Unknown volume
07-14 12:10:29.987 W/MountService(  374): getVolumeState(/mnt/ext_sdcard): Unknown volume
07-14 12:10:29.987 W/MountService(  374): getVolumeState(/mnt/sdcard2): Unknown volume
07-14 12:10:29.994 W/MountService(  374): getVolumeState(/mnt/emmc): Unknown volume
07-14 12:10:29.994 W/MountService(  374): getVolumeState(/mnt/extSdCard): Unknown volume
07-14 12:10:29.994 W/MountService(  374): getVolumeState(/mnt/sdcard/SD_CARD): Unknown volume
07-14 12:10:29.994 W/MountService(  374): getVolumeState(/mnt/sdcard/extra_sd): Unknown volume
07-14 12:10:30.002 D/dalvikvm( 2037): GC_CONCURRENT freed 506K, 20% free 9584K/11956K, paused 3ms+3ms, total 37ms
07-14 12:10:30.002 D/dalvikvm( 2037): WAIT_FOR_CONCURRENT_GC blocked 12ms
07-14 12:10:30.002 W/MountService(  374): getVolumeState(/mnt/extrasd_bind): Unknown volume
07-14 12:10:30.002 W/MountService(  374): getVolumeState(/mnt/sdcard/ext_sd): Unknown volume
07-14 12:10:30.002 W/MountService(  374): getVolumeState(/storage/extSdCard): Unknown volume
07-14 12:10:30.002 W/MountService(  374): getVolumeState(/storage/sdcard1): Unknown volume
07-14 12:10:30.002 W/MountService(  374): getVolumeState(/mnt/sdcard/external_SD): Unknown volume
07-14 12:10:30.002 W/MountService(  374): getVolumeState(/mnt/sdcard/external_sd): Unknown volume
07-14 12:10:55.955 D/dalvikvm(  874): GC_CONCURRENT freed 446K, 17% free 9643K/11548K, paused 7ms+2ms, total 40ms
07-14 12:11:03.635 D/dalvikvm( 2037): GC_CONCURRENT freed 484K, 21% free 9547K/11956K, paused 6ms+3ms, total 34ms
07-14 12:11:29.838 W/MountService(  374): getVolumeState(/storage/emulated/0/external_sd): Unknown volume
07-14 12:11:29.838 W/MountService(  374): getVolumeState(/mnt/sdcard-ext): Unknown volume
07-14 12:11:29.838 W/MountService(  374): getVolumeState(/mnt/ext_sdcard): Unknown volume
07-14 12:11:29.838 W/MountService(  374): getVolumeState(/mnt/sdcard2): Unknown volume
07-14 12:11:29.838 W/MountService(  374): getVolumeState(/mnt/emmc): Unknown volume
07-14 12:11:29.838 W/MountService(  374): getVolumeState(/mnt/extSdCard): Unknown volume
07-14 12:11:29.838 W/MountService(  374): getVolumeState(/mnt/sdcard/SD_CARD): Unknown volume
07-14 12:11:29.838 W/MountService(  374): getVolumeState(/mnt/sdcard/extra_sd): Unknown volume
07-14 12:11:29.846 W/MountService(  374): getVolumeState(/mnt/extrasd_bind): Unknown volume
07-14 12:11:29.846 W/MountService(  374): getVolumeState(/mnt/sdcard/ext_sd): Unknown volume
07-14 12:11:29.846 W/MountService(  374): getVolumeState(/storage/extSdCard): Unknown volume
07-14 12:11:29.846 W/MountService(  374): getVolumeState(/storage/sdcard1): Unknown volume
07-14 12:11:29.846 W/MountService(  374): getVolumeState(/mnt/sdcard/external_SD): Unknown volume
07-14 12:11:29.846 W/MountService(  374): getVolumeState(/mnt/sdcard/external_sd): Unknown volume
07-14 12:11:29.932 D/dalvikvm( 2037): GC_CONCURRENT freed 345K, 19% free 9707K/11956K, paused 3ms+4ms, total 39ms
07-14 12:11:30.080 D/dalvikvm(  374): GC_EXPLICIT freed 2774K, 16% free 18873K/22308K, paused 4ms+9ms, total 108ms
07-14 12:11:30.190 W/MountService(  374): getVolumeState(/storage/emulated/0/external_sd): Unknown volume
07-14 12:11:30.190 W/MountService(  374): getVolumeState(/mnt/sdcard-ext): Unknown volume
07-14 12:11:30.190 W/MountService(  374): getVolumeState(/mnt/ext_sdcard): Unknown volume
07-14 12:11:30.198 W/MountService(  374): getVolumeState(/mnt/sdcard2): Unknown volume
07-14 12:11:30.198 W/MountService(  374): getVolumeState(/mnt/emmc): Unknown volume
07-14 12:11:30.198 W/MountService(  374): getVolumeState(/mnt/extSdCard): Unknown volume
07-14 12:11:30.198 W/MountService(  374): getVolumeState(/mnt/sdcard/SD_CARD): Unknown volume
07-14 12:11:30.198 W/MountService(  374): getVolumeState(/mnt/sdcard/extra_sd): Unknown volume
07-14 12:11:30.198 W/MountService(  374): getVolumeState(/mnt/extrasd_bind): Unknown volume
07-14 12:11:30.198 W/MountService(  374): getVolumeState(/mnt/sdcard/ext_sd): Unknown volume
07-14 12:11:30.205 W/MountService(  374): getVolumeState(/storage/extSdCard): Unknown volume
07-14 12:11:30.205 W/MountService(  374): getVolumeState(/storage/sdcard1): Unknown volume
07-14 12:11:30.221 W/MountService(  374): getVolumeState(/mnt/sdcard/external_SD): Unknown volume
07-14 12:11:30.221 W/MountService(  374): getVolumeState(/mnt/sdcard/external_sd): Unknown volume
07-14 12:11:30.244 D/dalvikvm( 2037): GC_CONCURRENT freed 637K, 20% free 9580K/11956K, paused 12ms+3ms, total 39ms
07-14 12:11:30.244 D/dalvikvm( 2037): WAIT_FOR_CONCURRENT_GC blocked 12ms
07-14 12:11:45.596 D/PushService( 1958): [null:-1]->receiver action :com.pekall.mdm.action.PUSH_ALARM
07-14 12:11:45.604 D/PushService( 1958): [null:-1]->keepAliveWithPushServer client is opened:true
07-14 12:11:45.604 D/PushLib : ( 1958): [null:-1]->ping!!!!!!!!!
07-14 12:11:45.604 D/PushLib : ( 1958): [null:-1]->pushClient is :not null
07-14 12:11:45.612 D/PushLib : ( 1958): [null:-1]->pushClient opened : opened
07-14 12:11:49.862 D/JOBS    ( 1958): Thread-181: load factor check. true = (0 < 1)|| (0 * 3 < 0 + 0). consumer thread: true
07-14 12:11:49.862 D/JOBS    ( 1958): didn't allow me to die, re-running Thread-181
07-14 12:11:49.862 D/JOBS    ( 1958): re-running consumer Thread-181
07-14 12:11:50.619 D/PushLib : ( 1958): [null:-1]->MSG_WEBSOCKET_PONG
07-14 12:12:00.033 I/dalvikvm(  595): Jit: resizing JitTable from 4096 to 8192
07-14 12:12:26.354 W/System.err( 1990): java.io.FileNotFoundException: /data/data/com.mgyapp.android/files/.cfpaps.i: open failed: ENOENT (No such file or directory)
07-14 12:12:26.354 W/System.err( 1990): 	at libcore.io.IoBridge.open(IoBridge.java:409)
07-14 12:12:26.354 W/System.err( 1990): 	at java.io.FileInputStream.<init>(FileInputStream.java:78)
07-14 12:12:26.354 W/System.err( 1990): 	at android.app.ContextImpl.openFileInput(ContextImpl.java:702)
07-14 12:12:26.354 W/System.err( 1990): 	at android.content.ContextWrapper.openFileInput(ContextWrapper.java:173)
07-14 12:12:26.354 W/System.err( 1990): 	at com.mgyun.shua.jc.service.f.run(Unknown Source)
07-14 12:12:26.362 W/System.err( 1990): 	at com.mgyun.shua.jc.service.CpWorkServer.onHandleIntent(Unknown Source)
07-14 12:12:26.362 W/System.err( 1990): 	at android.app.IntentService$ServiceHandler.handleMessage(IntentService.java:65)
07-14 12:12:26.362 W/System.err( 1990): 	at android.os.Handler.dispatchMessage(Handler.java:99)
07-14 12:12:26.362 W/System.err( 1990): 	at android.os.Looper.loop(Looper.java:137)
07-14 12:12:26.362 W/System.err( 1990): 	at android.os.HandlerThread.run(HandlerThread.java:61)
07-14 12:12:26.362 W/System.err( 1990): Caused by: libcore.io.ErrnoException: open failed: ENOENT (No such file or directory)
07-14 12:12:26.362 W/System.err( 1990): 	at libcore.io.Posix.open(Native Method)
07-14 12:12:26.362 W/System.err( 1990): 	at libcore.io.BlockGuardOs.open(BlockGuardOs.java:110)
07-14 12:12:26.362 W/System.err( 1990): 	at libcore.io.IoBridge.open(IoBridge.java:393)
07-14 12:12:26.362 W/System.err( 1990): 	... 9 more
07-14 12:12:29.932 W/MountService(  374): getVolumeState(/storage/emulated/0/external_sd): Unknown volume
07-14 12:12:29.932 W/MountService(  374): getVolumeState(/mnt/sdcard-ext): Unknown volume
07-14 12:12:29.932 W/MountService(  374): getVolumeState(/mnt/ext_sdcard): Unknown volume
07-14 12:12:29.940 W/MountService(  374): getVolumeState(/mnt/sdcard2): Unknown volume
07-14 12:12:29.940 W/MountService(  374): getVolumeState(/mnt/emmc): Unknown volume
07-14 12:12:29.940 W/MountService(  374): getVolumeState(/mnt/extSdCard): Unknown volume
07-14 12:12:29.940 W/MountService(  374): getVolumeState(/mnt/sdcard/SD_CARD): Unknown volume
07-14 12:12:29.940 W/MountService(  374): getVolumeState(/mnt/sdcard/extra_sd): Unknown volume
07-14 12:12:29.940 W/MountService(  374): getVolumeState(/mnt/extrasd_bind): Unknown volume
07-14 12:12:29.940 W/MountService(  374): getVolumeState(/mnt/sdcard/ext_sd): Unknown volume
07-14 12:12:29.940 W/MountService(  374): getVolumeState(/storage/extSdCard): Unknown volume
07-14 12:12:29.940 W/MountService(  374): getVolumeState(/storage/sdcard1): Unknown volume
07-14 12:12:29.940 W/MountService(  374): getVolumeState(/mnt/sdcard/external_SD): Unknown volume
07-14 12:12:29.940 W/MountService(  374): getVolumeState(/mnt/sdcard/external_sd): Unknown volume
07-14 12:12:30.002 D/dalvikvm( 2037): GC_CONCURRENT freed 420K, 20% free 9639K/11956K, paused 3ms+6ms, total 36ms
07-14 12:12:30.151 W/MountService(  374): getVolumeState(/storage/emulated/0/external_sd): Unknown volume
07-14 12:12:30.151 W/MountService(  374): getVolumeState(/mnt/sdcard-ext): Unknown volume
07-14 12:12:30.158 W/MountService(  374): getVolumeState(/mnt/ext_sdcard): Unknown volume
07-14 12:12:30.158 W/MountService(  374): getVolumeState(/mnt/sdcard2): Unknown volume
07-14 12:12:30.158 W/MountService(  374): getVolumeState(/mnt/emmc): Unknown volume
07-14 12:12:30.158 W/MountService(  374): getVolumeState(/mnt/extSdCard): Unknown volume
07-14 12:12:30.158 W/MountService(  374): getVolumeState(/mnt/sdcard/SD_CARD): Unknown volume
07-14 12:12:30.158 W/MountService(  374): getVolumeState(/mnt/sdcard/extra_sd): Unknown volume
07-14 12:12:30.158 W/MountService(  374): getVolumeState(/mnt/extrasd_bind): Unknown volume
07-14 12:12:30.166 W/MountService(  374): getVolumeState(/mnt/sdcard/ext_sd): Unknown volume
07-14 12:12:30.166 W/MountService(  374): getVolumeState(/storage/extSdCard): Unknown volume
