07-14 12:20:48.580 I/QueryController( 4801): Matched selector: UiSelector[TEXT=京联云企业移动办公] <<==>> [android.view.accessibility.AccessibilityNodeInfo@2fdb2; boundsInParent: Rect(0, 0 - 148, 184); boundsInScreen: Rect(16, 958 - 164, 1142); packageName: com.android.launcher; className: android.widget.TextView; text: 京联云企业移动办公; contentDescription: null; viewIdResName: null; checkable: false; checked: false; focusable: true; focused: false; selected: false; clickable: true; longClickable: true; enabled: true; password: false; scrollable: false; [ACTION_FOCUS, ACTION_SELECT, ACTION_CLEAR_SELECTION, ACTION_CLICK, ACTION_LONG_CLICK, ACTION_ACCESSIBILITY_FOCUS, ACTION_NEXT_AT_MOVEMENT_GRANULARITY, ACTION_PREVIOUS_AT_MOVEMENT_GRANULARITY, ACTION_SET_SELECTION]]
07-14 12:20:48.588 D/InteractionController( 4801): clickAndWaitForNewWindow(90, 1050)
07-14 12:20:48.737 I/ActivityManager(  374): START u0 {act=android.intent.action.MAIN cat=[android.intent.category.LAUNCHER] flg=0x10200000 cmp=com.pekall.emdm/.ui.SplashActivity} from pid 595
07-14 12:20:48.783 D/MdmApplication( 3494): [null:-1]->onActivityStarted ui.MainActivity , mActivityCount = 0
07-14 12:20:48.783 E/Mdm     ( 3494): Call Mdm service's setLastExitTime function
07-14 12:20:48.783 D/MDM :   ( 3494): [null:-1]->query
07-14 12:20:48.783 D/MDM :   ( 3494): [null:-1]->QUERY_SETTING_PIN_TIMEOUT
07-14 12:20:48.791 D/MDM :   ( 3494): [null:-1]->query
07-14 12:20:48.791 D/MDM :   ( 3494): [null:-1]->QUERY_SETTING_PIN_CODE
07-14 12:20:48.799 D/MDM :   ( 3494): [null:-1]->query
07-14 12:20:48.799 D/MDM :   ( 3494): [null:-1]->QUERY_PINCODE_CHECK_RESULT
07-14 12:20:48.838 D/dalvikvm( 1052): GC_FOR_ALLOC freed 553K, 9% free 10171K/11168K, paused 48ms, total 49ms
07-14 12:20:49.674 I/QueryController( 4801): Matched selector: UiSelector[PACKAGE NAME=com.pekall.emdm] <<==>> [android.view.accessibility.AccessibilityNodeInfo@9253; boundsInParent: Rect(0, 0 - 720, 1184); boundsInScreen: Rect(0, 0 - 720, 1184); packageName: com.pekall.emdm; className: android.widget.FrameLayout; text: null; contentDescription: null; viewIdResName: null; checkable: false; checked: false; focusable: false; focused: false; selected: false; clickable: false; longClickable: false; enabled: true; password: false; scrollable: false; [ACTION_SELECT, ACTION_CLEAR_SELECTION, ACTION_ACCESSIBILITY_FOCUS]]
07-14 12:20:49.698 I/QueryController( 4801): Matched selector: UiSelector[TEXT=应用列表, CLASS=android.widget.TextView] <<==>> [android.view.accessibility.AccessibilityNodeInfo@115b6; boundsInParent: Rect(0, 0 - 148, 184); boundsInScreen: Rect(376, 572 - 524, 756); packageName: com.pekall.emdm; className: android.widget.TextView; text: 应用列表; contentDescription: null; viewIdResName: com.pekall.emdm:id/application_icon_content; checkable: false; checked: false; focusable: true; focused: false; selected: false; clickable: false; longClickable: false; enabled: true; password: false; scrollable: false; [ACTION_FOCUS, ACTION_SELECT, ACTION_CLEAR_SELECTION, ACTION_ACCESSIBILITY_FOCUS, ACTION_NEXT_AT_MOVEMENT_GRANULARITY, ACTION_PREVIOUS_AT_MOVEMENT_GRANULARITY, ACTION_SET_SELECTION]]
07-14 12:20:49.721 I/QueryController( 4801): Matched selector: UiSelector[TEXT=文档中心, CLASS=android.widget.TextView] <<==>> [android.view.accessibility.AccessibilityNodeInfo@10a73; boundsInParent: Rect(0, 0 - 148, 184); boundsInScreen: Rect(16, 572 - 164, 756); packageName: com.pekall.emdm; className: android.widget.TextView; text: 文档中心; contentDescription: null; viewIdResName: com.pekall.emdm:id/application_icon_content; checkable: false; checked: false; focusable: true; focused: false; selected: false; clickable: false; longClickable: false; enabled: true; password: false; scrollable: false; [ACTION_FOCUS, ACTION_SELECT, ACTION_CLEAR_SELECTION, ACTION_ACCESSIBILITY_FOCUS, ACTION_NEXT_AT_MOVEMENT_GRANULARITY, ACTION_PREVIOUS_AT_MOVEMENT_GRANULARITY, ACTION_SET_SELECTION]]
07-14 12:20:49.744 I/QueryController( 4801): Matched selector: UiSelector[TEXT=文档中心, CLASS=android.widget.TextView] <<==>> [android.view.accessibility.AccessibilityNodeInfo@10a73; boundsInParent: Rect(0, 0 - 148, 184); boundsInScreen: Rect(16, 572 - 164, 756); packageName: com.pekall.emdm; className: android.widget.TextView; text: 文档中心; contentDescription: null; viewIdResName: com.pekall.emdm:id/application_icon_content; checkable: false; checked: false; focusable: true; focused: false; selected: false; clickable: false; longClickable: false; enabled: true; password: false; scrollable: false; [ACTION_FOCUS, ACTION_SELECT, ACTION_CLEAR_SELECTION, ACTION_ACCESSIBILITY_FOCUS, ACTION_NEXT_AT_MOVEMENT_GRANULARITY, ACTION_PREVIOUS_AT_MOVEMENT_GRANULARITY, ACTION_SET_SELECTION]]
07-14 12:20:49.744 D/InteractionController( 4801): clickAndWaitForNewWindow(90, 664)
07-14 12:20:49.901 I/ActivityManager(  374): START u0 {cmp=com.pekall.emdm/.document.activity.DocMainActivity} from pid 3494
07-14 12:20:50.033 D/dalvikvm(  374): GC_FOR_ALLOC freed 1412K, 18% free 19092K/23244K, paused 86ms, total 86ms
07-14 12:20:50.119 D/dalvikvm(  374): GC_FOR_ALLOC freed 20K, 17% free 19443K/23244K, paused 81ms, total 82ms
07-14 12:20:50.119 I/dalvikvm-heap(  374): Grow heap (frag case) to 19.388MB for 380496-byte allocation
07-14 12:20:50.205 D/dalvikvm(  374): GC_FOR_ALLOC freed 0K, 17% free 19815K/23616K, paused 90ms, total 90ms
07-14 12:20:50.291 D/dalvikvm(  374): GC_FOR_ALLOC freed 743K, 20% free 19072K/23616K, paused 85ms, total 85ms
07-14 12:20:50.299 D/MdmApplication( 3494): [null:-1]->onActivityPaused ui.MainActivity , mActivityCount = 1
07-14 12:20:50.299 D/MDM :   ( 3494): [null:-1]->query
07-14 12:20:50.299 D/MDM :   ( 3494): [null:-1]->QUERY_PINCODE_CHECK_RESULT
07-14 12:20:50.299 E/Mdm     ( 3494): Call Mdm service's setLastExitTime function
07-14 12:20:50.377 D/MdmApplication( 3494): [null:-1]->onActivityStarted document.activity.DocMainActivity , mActivityCount = 0
07-14 12:20:50.377 E/Mdm     ( 3494): Call Mdm service's setLastExitTime function
07-14 12:20:50.385 D/MDM :   ( 3494): [null:-1]->query
07-14 12:20:50.385 D/MDM :   ( 3494): [null:-1]->QUERY_SETTING_PIN_TIMEOUT
07-14 12:20:50.385 D/MDM :   ( 3494): [null:-1]->query
07-14 12:20:50.385 D/MDM :   ( 3494): [null:-1]->QUERY_PINCODE_CHECK_RESULT
07-14 12:20:50.385 D/DB      ( 3494): query: SQLiteQuery: SELECT * FROM doc WHERE browseStatus = 0 AND type = 'Normal'
07-14 12:20:50.385 D/DB      ( 3494): factory null
07-14 12:20:50.385 D/DB      ( 3494): fillWindow: 0
07-14 12:20:50.385 D/DB      ( 3494): cursor 0
07-14 12:20:50.541 I/ActivityManager(  374): Displayed com.pekall.emdm/.document.activity.DocMainActivity: +224ms (total +5m59s699ms)
07-14 12:20:51.057 I/QueryController( 4801): Matched selector: UiSelector[TEXT=企业文档, CLASS=android.widget.TextView] <<==>> [android.view.accessibility.AccessibilityNodeInfo@5296f; boundsInParent: Rect(0, 0 - 612, 83); boundsInScreen: Rect(108, 158 - 720, 241); packageName: com.pekall.emdm; className: android.widget.TextView; text: 企业文档; contentDescription: null; viewIdResName: null; checkable: false; checked: false; focusable: false; focused: false; selected: false; clickable: false; longClickable: false; enabled: true; password: false; scrollable: false; [ACTION_SELECT, ACTION_CLEAR_SELECTION, ACTION_ACCESSIBILITY_FOCUS, ACTION_NEXT_AT_MOVEMENT_GRANULARITY, ACTION_PREVIOUS_AT_MOVEMENT_GRANULARITY, ACTION_SET_SELECTION]]
07-14 12:20:51.096 D/InteractionController( 4801): clickAndWaitForNewWindow(414, 199)
07-14 12:20:51.205 I/ActivityManager(  374): START u0 {cmp=com.pekall.emdm/.document.activity.CompanyDocActivity} from pid 3494
07-14 12:20:51.338 D/dalvikvm(  374): GC_FOR_ALLOC freed 408K, 18% free 19454K/23616K, paused 81ms, total 81ms
07-14 12:20:51.424 D/dalvikvm(  374): GC_FOR_ALLOC freed 748K, 20% free 19077K/23616K, paused 82ms, total 82ms
07-14 12:20:51.424 D/MdmApplication( 3494): [null:-1]->onActivityPaused document.activity.DocMainActivity , mActivityCount = 1
07-14 12:20:51.432 D/MDM :   ( 3494): [null:-1]->query
07-14 12:20:51.432 D/MDM :   ( 3494): [null:-1]->QUERY_PINCODE_CHECK_RESULT
07-14 12:20:51.432 E/Mdm     ( 3494): Call Mdm service's setLastExitTime function
07-14 12:20:51.479 D/MdmApplication( 3494): [null:-1]->onActivityStarted document.activity.CompanyDocActivity , mActivityCount = 0
07-14 12:20:51.479 E/Mdm     ( 3494): Call Mdm service's setLastExitTime function
07-14 12:20:51.479 D/MDM :   ( 3494): [null:-1]->query
07-14 12:20:51.479 D/MDM :   ( 3494): [null:-1]->QUERY_SETTING_PIN_TIMEOUT
07-14 12:20:51.479 D/MDM :   ( 3494): [null:-1]->query
07-14 12:20:51.479 D/MDM :   ( 3494): [null:-1]->QUERY_PINCODE_CHECK_RESULT
07-14 12:20:51.494 D/BaseFragment( 3494): [null:-1]->mSelection is type = 'Normal' ,mSort is _id DESC
07-14 12:20:51.494 D/DB      ( 3494): query: SQLiteQuery: SELECT * FROM doc WHERE type = 'Normal'
07-14 12:20:51.494 D/DB      ( 3494): factory null
07-14 12:20:51.494 D/DB      ( 3494): fillWindow: 0
07-14 12:20:51.494 D/DB      ( 3494): cursor 1
07-14 12:20:51.502 D/DB      ( 3494): moveToPos: 0
07-14 12:20:51.502 D/DB      ( 3494): onMove: 0
07-14 12:20:51.502 D/DB      ( 3494): moveToPos: 1
07-14 12:20:51.791 I/ActivityManager(  374): Displayed com.pekall.emdm/.document.activity.CompanyDocActivity: +347ms
07-14 12:20:52.979 D/dalvikvm( 2037): GC_CONCURRENT freed 438K, 21% free 9550K/11956K, paused 8ms+3ms, total 58ms
07-14 12:20:53.119 I/AndroidRuntime( 4801): VM exiting with result code 0.
07-14 12:21:01.651 I/ActivityManager(  374): Start proc com.google.android.apps.maps for service com.google.android.apps.maps/com.google.googlenav.prefetch.android.PrefetcherService: pid=4865 uid=10038 gids={50038, 3003, 1015, 1028}
07-14 12:21:02.018 D/dalvikvm( 4865): GC_CONCURRENT freed 225K, 3% free 9201K/9464K, paused 4ms+3ms, total 33ms
07-14 12:21:02.096 D/dalvikvm( 4865): GC_CONCURRENT freed 155K, 3% free 9510K/9748K, paused 4ms+3ms, total 31ms
07-14 12:21:02.096 D/dalvikvm( 4865): WAIT_FOR_CONCURRENT_GC blocked 12ms
07-14 12:21:02.096 D/dalvikvm( 4865): WAIT_FOR_CONCURRENT_GC blocked 24ms
07-14 12:21:02.096 D/dalvikvm( 4865): WAIT_FOR_CONCURRENT_GC blocked 11ms
07-14 12:21:02.104 D/dalvikvm( 4865): WAIT_FOR_CONCURRENT_GC blocked 9ms
07-14 12:21:02.104 D/dalvikvm( 4865): WAIT_FOR_CONCURRENT_GC blocked 7ms
07-14 12:21:02.104 D/dalvikvm( 4865): WAIT_FOR_CONCURRENT_GC blocked 12ms
07-14 12:21:02.104 D/dalvikvm( 4865): WAIT_FOR_CONCURRENT_GC blocked 15ms
07-14 12:21:02.143 D/dalvikvm( 4865): GC_FOR_ALLOC freed 84K, 3% free 9765K/9976K, paused 23ms, total 24ms
07-14 12:21:02.174 D/dalvikvm( 4865): GC_FOR_ALLOC freed 74K, 3% free 9989K/10204K, paused 20ms, total 20ms
07-14 12:21:02.198 W/dashclock_WeatherExten( 1146): Stale or missing last-known location; requesting single coarse location update.
07-14 12:21:02.760 D/dalvikvm(  450): GC_FOR_ALLOC freed 561K, 9% free 13610K/14936K, paused 38ms, total 38ms
07-14 12:21:03.323 D/LightsService(  374): Excessive delay setting light: 67ms
07-14 12:21:03.549 D/LightsService(  374): Excessive delay setting light: 68ms
07-14 12:21:03.682 D/dalvikvm(  563): GC_CONCURRENT freed 459K, 7% free 10058K/10716K, paused 2ms+5ms, total 44ms
07-14 12:21:03.698 D/dalvikvm( 1146): GC_CONCURRENT freed 483K, 8% free 9169K/9892K, paused 4ms+2ms, total 41ms
07-14 12:21:05.276 D/dalvikvm( 1052): GC_CONCURRENT freed 297K, 9% free 10261K/11168K, paused 11ms+2ms, total 36ms
07-14 12:21:05.479 D/dalvikvm( 1146): GC_CONCURRENT freed 390K, 7% free 9274K/9892K, paused 3ms+6ms, total 51ms
07-14 12:21:06.104 I/PowerManagerService(  374): Going to sleep due to screen timeout...
07-14 12:21:06.838 D/SurfaceFlinger(  124): Screen released, type=0 flinger=0x41e1a478
07-14 12:21:06.979 D/dalvikvm(  374): GC_FOR_ALLOC freed 1678K, 17% free 19784K/23616K, paused 92ms, total 93ms
07-14 12:21:07.002 I/WindowManager(  374): Screenshot Window{42cbf220 u0 com.pekall.emdm/com.pekall.emdm.document.activity.CompanyDocActivity} was all black! mSurfaceLayer=21020 minLayer=21000 maxLayer=21020
07-14 12:21:07.088 D/dalvikvm(  374): GC_FOR_ALLOC freed 789K, 17% free 19761K/23616K, paused 84ms, total 84ms
07-14 12:21:07.088 D/MdmApplication( 3494): [null:-1]->onActivityPaused document.activity.CompanyDocActivity , mActivityCount = 1
07-14 12:21:07.088 D/MDM :   ( 3494): [null:-1]->query
07-14 12:21:07.088 D/MDM :   ( 3494): [null:-1]->QUERY_PINCODE_CHECK_RESULT
07-14 12:21:07.088 E/Mdm     ( 3494): Call Mdm service's setLastExitTime function
07-14 12:21:07.112 D/BaseFragment( 3494): [null:-1]->fragment is on stop 
07-14 12:21:07.205 D/NfcService(  582): NFC-C OFF, disconnect
07-14 12:21:07.307 D/dalvikvm(  374): GC_FOR_ALLOC freed 570K, 14% free 20496K/23616K, paused 88ms, total 88ms
07-14 12:21:07.377 V/KeyguardHostView(  374): hide transport, gen:15
07-14 12:21:07.377 V/KeyguardHostView(  374): music state changed: 0
07-14 12:21:07.401 D/PhoneStatusBar(  450): disable: < expand icons alerts ticker system_info back home RECENT* clock search >
07-14 12:21:07.416 D/dalvikvm( 1425): GC_FOR_ALLOC freed 319K, 6% free 9962K/10572K, paused 39ms, total 39ms
07-14 12:21:07.432 V/TAG     (  374): bug 7643792: fitSystemWindows([0,50][0,0])
07-14 12:21:07.557 D/MDM :   ( 3494): [null:-1]->query
07-14 12:21:07.557 D/MDM :   ( 3494): [null:-1]->QUERY_SETTING_PIN_ONOFF
07-14 12:21:07.565 D/PhoneStatusBar(  450): disable: < expand icons alerts ticker system_info BACK* HOME* RECENT CLOCK* search >
07-14 12:21:07.612 D/dalvikvm( 2060): GC_CONCURRENT freed 1422K, 19% free 13101K/16172K, paused 24ms+4ms, total 119ms
07-14 12:21:13.096 D/MDM :   ( 3494): [null:-1]->MSG_WEBSOCKET_MESSAGE : {"id":1388819680,"type":0,"command":0,"result":0,"reason":0,"params":{"msgId":"d3264582-0d6a-4e1b-90b7-c49afa67a0f6,d32645820d6a4e1b90b7c49afa67a0f6","device":"ffffffffc539bb10fffffffff7aea961","message":"{\"cmd\":\"10119\"}"}}
07-14 12:21:13.096 D/MdmService( 3494): [null:-1]->push message type :0
07-14 12:21:13.104 D/MdmService( 3494): [null:-1]->cmdMessage : {"cmd":"10119"}
07-14 12:21:13.104 D/MdmService( 3494): [null:-1]->command : PushCommandMsg{cmd='10119', msg='null'}
07-14 12:21:13.104 D/MDM :   ( 3494): [null:-1]->PUSH CMD: 10119
07-14 12:21:13.104 D/MdmStatusManager( 3494): [null:-1]->change status to : Busy
07-14 12:21:13.104 D/DB      ( 3494): query: SQLiteQuery: SELECT content, command_status, status FROM command WHERE status!=2
07-14 12:21:13.104 D/DB      ( 3494): factory null
07-14 12:21:13.104 D/DB      ( 3494): fillWindow: 0
07-14 12:21:13.104 D/DB      ( 3494): cursor 0
07-14 12:21:13.104 D/DB      ( 3494): moveToPos: 0
07-14 12:21:13.104 I/TransInfo( 3494): TransInfo created, id: 3, class: class com.pekall.emdm.transaction.b.c
07-14 12:21:13.104 D/NetworkThread( 3494): [null:-1]->----isRunning-----true
07-14 12:21:13.112 D/NetworkThread( 3494): [null:-1]->----isRunning-----true
07-14 12:21:13.112 D/NetworkThread( 3494): [null:-1]->thread wakeup
07-14 12:21:13.119 D/HttpClient( 3494): enable apache.http debug
07-14 12:21:13.127 V/DEBUG   ( 3494): HTTP 0
07-14 12:21:13.440 V/DEBUG   ( 3494): HTTP 1
07-14 12:21:13.455 D/MDM :   ( 3494): [null:-1]->read network input stream
07-14 12:21:13.463 D/CheckInTransInfo( 3494): [null:-1]->CommandMsg : CommandMsg{CommandUUID='8a80888e4732aed50147331a6285047a', Command=CommandRemoveDocument{DocumentType='Contact', DocumentUUID='8a80888c46c806620146c86fa9e8058f'} CommandObject{RequestType='RemoveDocument'}}
07-14 12:21:13.463 D/DB      ( 3494): query: SQLiteQuery: SELECT * FROM command WHERE cmd_uuid='8a80888e4732aed50147331a6285047a'
07-14 12:21:13.463 D/DB      ( 3494): factory null
07-14 12:21:13.463 D/DB      ( 3494): fillWindow: 0
07-14 12:21:13.463 D/DB      ( 3494): cursor 0
07-14 12:21:13.502 D/NetworkThread( 3494): [null:-1]->queue is empty, thread wait...
07-14 12:21:13.604 D/MdmService( 3494): [null:-1]->handleCheckInResult
07-14 12:21:13.604 D/MdmService( 3494): [null:-1]->handleCheckInResult result keyIndex: 3
07-14 12:21:13.604 D/CommandManager( 3494): [null:-1]->execute command: CommandMsg{CommandUUID='8a80888e4732aed50147331a6285047a', Command=CommandRemoveDocument{DocumentType='Contact', DocumentUUID='8a80888c46c806620146c86fa9e8058f'} CommandObject{RequestType='RemoveDocument'}}
07-14 12:21:13.612 D/DownLoadDocService( 3494): [null:-1]->action is  com.pekall.emdm.action.DELETEDOC
07-14 12:21:13.612 D/MAINTAIN( 3494): ============== Delete form delete Uri = COMPANIES ==============
07-14 12:21:13.612 D/DB      ( 3494): query: SQLiteQuery: SELECT _id, name, display_name, description, version, extension, mime_type, size, created_date, modified_date, accessed_date, valid_date, encrypted, read, allow_unauthorized, reported, server_url, auto_sync, is_favorite, is_locked, is_visible, is_deleted, sort, source, storage_key, path FROM contents WHERE (server_url='8a80888c46c806620146c86fa9e8058f')
07-14 12:21:13.612 D/DB      ( 3494): factory null
07-14 12:21:13.612 D/DB      ( 3494): fillWindow: 0
07-14 12:21:13.612 D/DB      ( 3494): cursor 0
07-14 12:21:13.674 I/TransInfo( 3494): TransInfo created, id: 3, class: class com.pekall.emdm.transaction.b.c
07-14 12:21:13.674 D/NetworkThread( 3494): [null:-1]->----isRunning-----true
07-14 12:21:13.674 D/NetworkThread( 3494): [null:-1]->----isRunning-----true
07-14 12:21:13.674 D/NetworkThread( 3494): [null:-1]->thread wakeup
07-14 12:21:13.682 D/HttpClient( 3494): enable apache.http debug
07-14 12:21:13.690 V/DEBUG   ( 3494): HTTP 0
07-14 12:21:13.854 D/dalvikvm( 3494): JIT code cache reset in 10 ms (1048576 bytes 1/0)
07-14 12:21:13.862 D/dalvikvm( 3494): GC_CONCURRENT freed 2183K, 29% free 16998K/23728K, paused 5ms+17ms, total 74ms
07-14 12:21:14.533 V/DEBUG   ( 3494): HTTP 1
07-14 12:21:14.541 D/MdmDatabaseHelper( 3494): [null:-1]->update command 8a80888e4732aed50147331a6285047a to status executed
07-14 12:21:14.573 D/NetworkThread( 3494): [null:-1]->queue is empty, thread wait...
07-14 12:21:14.643 D/MdmService( 3494): [null:-1]->handleCheckInResult
07-14 12:21:14.643 D/MdmService( 3494): [null:-1]->handleCheckInResult result keyIndex: 3
07-14 12:21:14.643 D/HandleCommandTask( 3494): [null:-1]->execute command msg but beanBase is null
07-14 12:21:14.643 D/MdmStatusManager( 3494): [null:-1]->change status to : Idle
07-14 12:21:24.674 D/AndroidRuntime( 4911): 
07-14 12:21:24.674 D/AndroidRuntime( 4911): >>>>>> AndroidRuntime START com.android.internal.os.RuntimeInit <<<<<<
07-14 12:21:24.674 D/AndroidRuntime( 4911): CheckJNI is OFF
07-14 12:21:24.690 D/dalvikvm( 4911): Trying to load lib libjavacore.so 0x0
07-14 12:21:24.698 D/dalvikvm( 4911): Added shared lib libjavacore.so 0x0
07-14 12:21:24.713 D/dalvikvm( 4911): Trying to load lib libnativehelper.so 0x0
07-14 12:21:24.713 D/dalvikvm( 4911): Added shared lib libnativehelper.so 0x0
07-14 12:21:24.955 D/AndroidRuntime( 4911): Calling main entry com.android.commands.uiautomator.Launcher
07-14 12:21:24.987 E/UiDevice( 4911): Exceuting watcher: ANRWatcher
07-14 12:21:24.987 E/UiDevice( 4911): java.lang.RuntimeException: UiDevice not initialized
07-14 12:21:24.987 E/UiDevice( 4911): 	at com.android.uiautomator.core.UiDevice.getAutomatorBridge(UiDevice.java:87)
07-14 12:21:24.987 E/UiDevice( 4911): 	at com.android.uiautomator.core.UiDevice.wakeUp(UiDevice.java:719)
07-14 12:21:24.987 E/UiDevice( 4911): 	at com.pekall.test.mdmui.util.UiANRWatcher.checkForCondition(UiANRWatcher.java:23)
07-14 12:21:24.987 E/UiDevice( 4911): 	at com.android.uiautomator.core.UiDevice.runWatchers(UiDevice.java:554)
07-14 12:21:24.987 E/UiDevice( 4911): 	at com.pekall.test.mdmui.util.UiANRWatcher.run(UiANRWatcher.java:41)
07-14 12:21:24.987 E/UiDevice( 4911): 	at com.pekall.test.mdmui.Contacts.<clinit>(Contacts.java:21)
07-14 12:21:24.987 E/UiDevice( 4911): 	at java.lang.Class.newInstanceImpl(Native Method)
07-14 12:21:24.987 E/UiDevice( 4911): 	at java.lang.Class.newInstance(Class.java:1130)
07-14 12:21:24.987 E/UiDevice( 4911): 	at com.android.uiautomator.testrunner.TestCaseCollector.addSingleTestMethod(TestCaseCollector.java:110)
07-14 12:21:24.987 E/UiDevice( 4911): 	at com.android.uiautomator.testrunner.TestCaseCollector.addTestClass(TestCaseCollector.java:86)
07-14 12:21:24.987 E/UiDevice( 4911): 	at com.android.uiautomator.testrunner.TestCaseCollector.addTestClass(TestCaseCollector.java:72)
07-14 12:21:24.987 E/UiDevice( 4911): 	at com.android.uiautomator.testrunner.TestCaseCollector.addTestClasses(TestCaseCollector.java:53)
07-14 12:21:24.987 E/UiDevice( 4911): 	at com.android.uiautomator.testrunner.UiAutomatorTestRunner.start(UiAutomatorTestRunner.java:106)
07-14 12:21:24.987 E/UiDevice( 4911): 	at com.android.uiautomator.testrunner.UiAutomatorTestRunner.run(UiAutomatorTestRunner.java:96)
07-14 12:21:24.987 E/UiDevice( 4911): 	at com.android.commands.uiautomator.RunTestCommand.run(RunTestCommand.java:91)
07-14 12:21:24.987 E/UiDevice( 4911): 	at com.android.commands.uiautomator.Launcher.main(Launcher.java:83)
07-14 12:21:24.987 E/UiDevice( 4911): 	at com.android.internal.os.RuntimeInit.nativeFinishInit(Native Method)
07-14 12:21:24.987 E/UiDevice( 4911): 	at com.android.internal.os.RuntimeInit.main(RuntimeInit.java:235)
07-14 12:21:24.987 E/UiDevice( 4911): 	at dalvik.system.NativeStart.main(Native Method)
07-14 12:21:25.002 D/dalvikvm( 4911): Note: class Landroid/app/ActivityManagerNative; has 163 unimplemented (abstract) methods
07-14 12:21:25.065 I/PowerManagerService(  374): Waking up from sleep...
07-14 12:21:25.174 I/WindowManager(  374): Lock screen displayed!
07-14 12:21:25.401 V/DigitalWidgetViewsFactory( 2502): DigitalWidget sets next alarm string to null
07-14 12:21:25.432 D/PowerManagerService-JNI(  374): Excessive delay in autosuspend_disable() while turning screen on: 361ms
07-14 12:21:25.432 D/SurfaceFlinger(  124): Screen acquired, type=0 flinger=0x41e1a478
07-14 12:21:25.510 D/LightsService(  374): Excessive delay setting light: 76ms
07-14 12:21:25.573 D/LightsService(  374): Excessive delay setting light: 65ms
07-14 12:21:25.744 D/AndroidRuntime( 4929): 
07-14 12:21:25.744 D/AndroidRuntime( 4929): >>>>>> AndroidRuntime START com.android.internal.os.RuntimeInit <<<<<<
07-14 12:21:25.744 D/AndroidRuntime( 4929): CheckJNI is OFF
07-14 12:21:25.760 D/dalvikvm( 4929): Trying to load lib libjavacore.so 0x0
07-14 12:21:25.760 D/dalvikvm( 4929): Added shared lib libjavacore.so 0x0
07-14 12:21:25.776 D/dalvikvm( 4929): Trying to load lib libnativehelper.so 0x0
07-14 12:21:25.776 D/dalvikvm( 4929): Added shared lib libnativehelper.so 0x0
07-14 12:21:25.924 D/AndroidRuntime( 4929): Calling main entry com.qihoo360.powerctl.root.app.App
07-14 12:21:25.932 D/AndroidRuntime( 4929): Shutting down VM
07-14 12:21:25.940 D/dalvikvm( 4929): GC_CONCURRENT freed 115K, 21% free 467K/592K, paused 1ms+1ms, total 5ms
07-14 12:21:26.940 I/QueryController( 4911): Matched selector: UiSelector[DESCRIPTION=滑动区域。] <<==>> [android.view.accessibility.AccessibilityNodeInfo@e22a5; boundsInParent: Rect(0, 0 - 720, 756); boundsInScreen: Rect(0, 547 - 720, 1303); packageName: android; className: android.view.View; text: null; contentDescription: 滑动区域。; viewIdResName: android:id/glow_pad_view; checkable: false; checked: false; focusable: false; focused: false; selected: false; clickable: false; longClickable: false; enabled: true; password: false; scrollable: false; [ACTION_SELECT, ACTION_CLEAR_SELECTION, ACTION_ACCESSIBILITY_FOCUS, ACTION_NEXT_AT_MOVEMENT_GRANULARITY, ACTION_PREVIOUS_AT_MOVEMENT_GRANULARITY, ACTION_SET_SELECTION]]
07-14 12:21:26.948 W/GlowPadView(  374): The number of target drawables must be equal to the number of direction descriptions.
07-14 12:21:27.283 D/MdmApplication( 3494): [null:-1]->onActivityStarted document.activity.CompanyDocActivity , mActivityCount = 0
07-14 12:21:27.283 E/Mdm     ( 3494): Call Mdm service's setLastExitTime function
07-14 12:21:27.291 D/MDM :   ( 3494): [null:-1]->query
07-14 12:21:27.291 D/MDM :   ( 3494): [null:-1]->QUERY_SETTING_PIN_TIMEOUT
07-14 12:21:27.291 D/MDM :   ( 3494): [null:-1]->query
07-14 12:21:27.291 D/MDM :   ( 3494): [null:-1]->QUERY_SETTING_PIN_CODE
07-14 12:21:27.299 D/MDM :   ( 3494): [null:-1]->query
07-14 12:21:27.307 D/MDM :   ( 3494): [null:-1]->QUERY_PINCODE_CHECK_RESULT
07-14 12:21:27.307 D/BaseFragment( 3494): [null:-1]->mSelection is type = 'Normal' ,mSort is _id DESC
07-14 12:21:27.307 D/PhoneStatusBar(  450): disable: < expand icons alerts ticker system_info BACK HOME recent* CLOCK search >
07-14 12:21:27.315 D/DB      ( 3494): query: SQLiteQuery: SELECT * FROM doc WHERE type = 'Normal'
07-14 12:21:27.315 D/DB      ( 3494): factory null
07-14 12:21:27.315 D/DB      ( 3494): fillWindow: 0
07-14 12:21:27.315 D/DB      ( 3494): cursor 1
07-14 12:21:27.315 D/DB      ( 3494): moveToPos: 0
07-14 12:21:27.315 D/DB      ( 3494): onMove: 0
07-14 12:21:27.315 D/DB      ( 3494): moveToPos: 1
07-14 12:21:27.338 D/NfcService(  582): NFC-C ON
07-14 12:21:27.377 D/PhoneStatusBar(  450): disable: < expand icons alerts ticker system_info back* home* recent clock* search >
07-14 12:21:27.448 D/dalvikvm(  874): GC_CONCURRENT freed 391K, 17% free 9638K/11548K, paused 22ms+3ms, total 82ms
07-14 12:21:27.471 W/InputMethodManagerService(  374): Window already focused, ignoring focus gain of: com.android.internal.view.IInputMethodClient$Stub$Proxy@42d73f68 attribute=android.view.inputmethod.EditorInfo@42d16fe8, token = android.os.BinderProxy@42fde9e0
07-14 12:21:27.807 V/TAG     (  374): bug 7643792: fitSystemWindows([0,50][0,0])
07-14 12:21:27.994 D/AndroidRuntime( 4952): 
07-14 12:21:27.994 D/AndroidRuntime( 4952): >>>>>> AndroidRuntime START com.android.internal.os.RuntimeInit <<<<<<
07-14 12:21:27.994 D/AndroidRuntime( 4952): CheckJNI is OFF
07-14 12:21:28.010 D/dalvikvm( 4952): Trying to load lib libjavacore.so 0x0
07-14 12:21:28.018 D/dalvikvm( 4952): Added shared lib libjavacore.so 0x0
07-14 12:21:28.033 D/dalvikvm( 4952): Trying to load lib libnativehelper.so 0x0
07-14 12:21:28.033 D/dalvikvm( 4952): Added shared lib libnativehelper.so 0x0
07-14 12:21:28.158 I/ActivityManager(  374): START u0 {act=android.intent.action.MAIN cat=[android.intent.category.HOME] flg=0x10200000 cmp=com.android.launcher/com.android.launcher2.Launcher} from pid 374
07-14 12:21:28.268 D/dalvikvm(  374): GC_FOR_ALLOC freed 1529K, 15% free 20173K/23616K, paused 97ms, total 105ms
07-14 12:21:28.268 I/dalvikvm-heap(  374): Grow heap (frag case) to 20.101MB for 380496-byte allocation
07-14 12:21:28.323 D/AndroidRuntime( 4952): Calling main entry com.qihoo360.powerctl.root.app.App
07-14 12:21:28.323 D/AndroidRuntime( 4952): Shutting down VM
07-14 12:21:28.323 I/AndroidRuntime( 4952): NOTE: attach of thread 'Binder_1' failed
07-14 12:21:28.330 D/dalvikvm( 4952): GC_CONCURRENT freed 114K, 22% free 467K/592K, paused 0ms+0ms, total 4ms
07-14 12:21:28.362 D/dalvikvm(  374): GC_FOR_ALLOC freed 91K, 15% free 20453K/23988K, paused 95ms, total 95ms
07-14 12:21:28.362 D/MdmApplication( 3494): [null:-1]->onActivityPaused document.activity.CompanyDocActivity , mActivityCount = 1
07-14 12:21:28.369 D/MDM :   ( 3494): [null:-1]->query
07-14 12:21:28.369 D/MDM :   ( 3494): [null:-1]->QUERY_PINCODE_CHECK_RESULT
07-14 12:21:28.369 E/Mdm     ( 3494): Call Mdm service's setLastExitTime function
07-14 12:21:28.502 D/dalvikvm(  450): GC_FOR_ALLOC freed 943K, 12% free 13239K/14976K, paused 42ms, total 47ms
07-14 12:21:28.502 I/dalvikvm-heap(  450): Grow heap (frag case) to 13.326MB for 380496-byte allocation
07-14 12:21:28.565 D/dalvikvm(  450): GC_FOR_ALLOC freed 59K, 12% free 13550K/15348K, paused 65ms, total 65ms
07-14 12:21:28.588 D/dalvikvm(  636): GC_FOR_ALLOC freed 1064K, 10% free 12621K/13984K, paused 119ms, total 119ms
07-14 12:21:29.151 D/BaseFragment( 3494): [null:-1]->fragment is on stop 
07-14 12:21:29.244 W/ResourceType(  595): No known package when getting name for resource number 0x9c020000
07-14 12:21:29.244 W/ResourceType(  595): No known package when getting name for resource number 0x9c020002
07-14 12:21:29.323 W/ResourceType(  595): No known package when getting name for resource number 0x9b000000
07-14 12:21:29.323 W/ResourceType(  595): No known package when getting name for resource number 0x9b010100
07-14 12:21:29.323 W/ResourceType(  595): No known package when getting name for resource number 0x9b030300
07-14 12:21:29.323 W/ResourceType(  595): No known package when getting name for resource number 0x9b040400
07-14 12:21:29.330 I/QueryController( 4911): Matched selector: UiSelector[DESCRIPTION=应用, PACKAGE NAME=com.android.launcher] <<==>> [android.view.accessibility.AccessibilityNodeInfo@1fe6e; boundsInParent: Rect(524232, 0 - 524360, 128); boundsInScreen: Rect(296, 1040 - 424, 1168); packageName: com.android.launcher; className: android.widget.TextView; text: null; contentDescription: 应用; viewIdResName: null; checkable: false; checked: false; focusable: true; focused: false; selected: false; clickable: true; longClickable: false; enabled: true; password: false; scrollable: false; [ACTION_FOCUS, ACTION_SELECT, ACTION_CLEAR_SELECTION, ACTION_CLICK, ACTION_ACCESSIBILITY_FOCUS]]
07-14 12:21:29.330 D/InteractionController( 4911): clickAndWaitForNewWindow(360, 1104)
07-14 12:21:30.158 I/QueryController( 4911): Matched selector: UiSelector[TEXT=京联云企业移动办公] <<==>> [android.view.accessibility.AccessibilityNodeInfo@2fdb2; boundsInParent: Rect(0, 0 - 148, 184); boundsInScreen: Rect(16, 958 - 164, 1142); packageName: com.android.launcher; className: android.widget.TextView; text: 京联云企业移动办公; contentDescription: null; viewIdResName: null; checkable: false; checked: false; focusable: true; focused: false; selected: false; clickable: true; longClickable: true; enabled: true; password: false; scrollable: false; [ACTION_FOCUS, ACTION_SELECT, ACTION_CLEAR_SELECTION, ACTION_CLICK, ACTION_LONG_CLICK, ACTION_ACCESSIBILITY_FOCUS, ACTION_NEXT_AT_MOVEMENT_GRANULARITY, ACTION_PREVIOUS_AT_MOVEMENT_GRANULARITY, ACTION_SET_SELECTION]]
07-14 12:21:30.190 I/QueryController( 4911): Matched selector: UiSelector[TEXT=京联云企业移动办公] <<==>> [android.view.accessibility.AccessibilityNodeInfo@2fdb2; boundsInParent: Rect(0, 0 - 148, 184); boundsInScreen: Rect(16, 958 - 164, 1142); packageName: com.android.launcher; className: android.widget.TextView; text: 京联云企业移动办公; contentDescription: null; viewIdResName: null; checkable: false; checked: false; focusable: true; focused: false; selected: false; clickable: true; longClickable: true; enabled: true; password: false; scrollable: false; [ACTION_FOCUS, ACTION_SELECT, ACTION_CLEAR_SELECTION, ACTION_CLICK, ACTION_LONG_CLICK, ACTION_ACCESSIBILITY_FOCUS, ACTION_NEXT_AT_MOVEMENT_GRANULARITY, ACTION_PREVIOUS_AT_MOVEMENT_GRANULARITY, ACTION_SET_SELECTION]]
07-14 12:21:30.244 D/InteractionController( 4911): clickAndWaitForNewWindow(90, 1050)
07-14 12:21:30.377 I/ActivityManager(  374): START u0 {act=android.intent.action.MAIN cat=[android.intent.category.LAUNCHER] flg=0x10200000 cmp=com.pekall.emdm/.ui.SplashActivity} from pid 595
07-14 12:21:30.432 W/MountService(  374): getVolumeState(/storage/emulated/0/external_sd): Unknown volume
07-14 12:21:30.432 W/MountService(  374): getVolumeState(/mnt/sdcard-ext): Unknown volume
07-14 12:21:30.502 D/dalvikvm( 2037): GC_CONCURRENT freed 396K, 20% free 9596K/11956K, paused 4ms+3ms, total 38ms
07-14 12:21:30.518 D/dalvikvm(  374): GC_FOR_ALLOC freed 598K, 17% free 19965K/23988K, paused 89ms, total 89ms
07-14 12:21:30.518 W/MountService(  374): getVolumeState(/mnt/ext_sdcard): Unknown volume
07-14 12:21:30.526 W/MountService(  374): getVolumeState(/mnt/sdcard2): Unknown volume
07-14 12:21:30.604 D/dalvikvm(  374): GC_FOR_ALLOC freed 11K, 16% free 20327K/23988K, paused 83ms, total 83ms
07-14 12:21:30.604 I/dalvikvm-heap(  374): Grow heap (frag case) to 20.251MB for 380496-byte allocation
07-14 12:21:30.698 D/dalvikvm(  374): GC_FOR_ALLOC freed 0K, 16% free 20699K/24360K, paused 86ms, total 86ms
07-14 12:21:30.698 W/MountService(  374): getVolumeState(/mnt/emmc): Unknown volume
07-14 12:21:30.698 W/MountService(  374): getVolumeState(/mnt/extSdCard): Unknown volume
07-14 12:21:30.776 D/dalvikvm(  374): GC_FOR_ALLOC freed 744K, 19% free 19955K/24360K, paused 81ms, total 81ms
07-14 12:21:30.776 W/MountService(  374): getVolumeState(/mnt/sdcard/SD_CARD): Unknown volume
07-14 12:21:30.783 W/MountService(  374): getVolumeState(/mnt/sdcard/extra_sd): Unknown volume
07-14 12:21:30.783 W/MountService(  374): getVolumeState(/mnt/extrasd_bind): Unknown volume
07-14 12:21:30.783 W/MountService(  374): getVolumeState(/mnt/sdcard/ext_sd): Unknown volume
07-14 12:21:30.783 W/MountService(  374): getVolumeState(/storage/extSdCard): Unknown volume
07-14 12:21:30.783 W/MountService(  374): getVolumeState(/storage/sdcard1): Unknown volume
07-14 12:21:30.783 W/MountService(  374): getVolumeState(/mnt/sdcard/external_SD): Unknown volume
07-14 12:21:30.799 W/MountService(  374): getVolumeState(/mnt/sdcard/external_sd): Unknown volume
07-14 12:21:30.823 D/MdmApplication( 3494): [null:-1]->onActivityStarted document.activity.CompanyDocActivity , mActivityCount = 0
07-14 12:21:30.823 E/Mdm     ( 3494): Call Mdm service's setLastExitTime function
07-14 12:21:30.823 D/MDM :   ( 3494): [null:-1]->query
07-14 12:21:30.823 D/MDM :   ( 3494): [null:-1]->QUERY_SETTING_PIN_TIMEOUT
07-14 12:21:30.830 D/MDM :   ( 3494): [null:-1]->query
07-14 12:21:30.830 D/MDM :   ( 3494): [null:-1]->QUERY_PINCODE_CHECK_RESULT
07-14 12:21:30.846 D/BaseFragment( 3494): [null:-1]->mSelection is type = 'Normal' ,mSort is _id DESC
07-14 12:21:30.846 D/DB      ( 3494): query: SQLiteQuery: SELECT * FROM doc WHERE type = 'Normal'
07-14 12:21:30.846 D/DB      ( 3494): factory null
07-14 12:21:30.846 D/DB      ( 3494): fillWindow: 0
07-14 12:21:30.854 D/DB      ( 3494): cursor 1
07-14 12:21:30.854 D/DB      ( 3494): moveToPos: 0
07-14 12:21:30.854 D/DB      ( 3494): onMove: 0
07-14 12:21:30.854 D/DB      ( 3494): moveToPos: 1
07-14 12:21:31.151 D/dalvikvm( 2037): GC_CONCURRENT freed 440K, 20% free 9667K/11956K, paused 5ms+4ms, total 55ms
07-14 12:21:31.151 D/dalvikvm( 2037): WAIT_FOR_CONCURRENT_GC blocked 24ms
07-14 12:21:31.151 D/dalvikvm( 2037): WAIT_FOR_CONCURRENT_GC blocked 24ms
07-14 12:21:31.151 D/dalvikvm( 2037): WAIT_FOR_CONCURRENT_GC blocked 24ms
07-14 12:21:31.158 W/MountService(  374): getVolumeState(/storage/emulated/0/external_sd): Unknown volume
07-14 12:21:31.158 W/MountService(  374): getVolumeState(/mnt/sdcard-ext): Unknown volume
07-14 12:21:31.166 W/MountService(  374): getVolumeState(/mnt/ext_sdcard): Unknown volume
07-14 12:21:31.166 W/MountService(  374): getVolumeState(/mnt/sdcard2): Unknown volume
07-14 12:21:31.166 W/MountService(  374): getVolumeState(/mnt/emmc): Unknown volume
07-14 12:21:31.166 W/MountService(  374): getVolumeState(/mnt/extSdCard): Unknown volume
07-14 12:21:31.166 W/MountService(  374): getVolumeState(/mnt/sdcard/SD_CARD): Unknown volume
07-14 12:21:31.174 W/MountService(  374): getVolumeState(/mnt/sdcard/extra_sd): Unknown volume
07-14 12:21:31.174 W/MountService(  374): getVolumeState(/mnt/extrasd_bind): Unknown volume
07-14 12:21:31.174 W/MountService(  374): getVolumeState(/mnt/sdcard/ext_sd): Unknown volume
07-14 12:21:31.182 W/MountService(  374): getVolumeState(/storage/extSdCard): Unknown volume
07-14 12:21:31.182 W/MountService(  374): getVolumeState(/storage/sdcard1): Unknown volume
07-14 12:21:31.182 W/MountService(  374): getVolumeState(/mnt/sdcard/external_SD): Unknown volume
07-14 12:21:31.182 W/MountService(  374): getVolumeState(/mnt/sdcard/external_sd): Unknown volume
07-14 12:21:31.698 I/QueryController( 4911): Matched selector: UiSelector[PACKAGE NAME=com.pekall.emdm] <<==>> [android.view.accessibility.AccessibilityNodeInfo@55dfe; boundsInParent: Rect(0, 0 - 720, 1184); boundsInScreen: Rect(0, 0 - 720, 1184); packageName: com.pekall.emdm; className: android.widget.FrameLayout; text: null; contentDescription: null; viewIdResName: null; checkable: false; checked: false; focusable: false; focused: false; selected: false; clickable: false; longClickable: false; enabled: true; password: false; scrollable: false; [ACTION_SELECT, ACTION_CLEAR_SELECTION, ACTION_ACCESSIBILITY_FOCUS]]
07-14 12:21:31.713 D/dalvikvm( 2037): GC_CONCURRENT freed 486K, 20% free 9579K/11956K, paused 7ms+5ms, total 51ms
07-14 12:21:31.893 D/dalvikvm(  374): GC_FOR_ALLOC freed 470K, 17% free 20331K/24360K, paused 82ms, total 83ms
07-14 12:21:31.979 D/dalvikvm(  374): GC_FOR_ALLOC freed 753K, 19% free 19949K/24360K, paused 82ms, total 82ms
07-14 12:21:31.987 D/MdmApplication( 3494): [null:-1]->onActivityPaused document.activity.CompanyDocActivity , mActivityCount = 1
07-14 12:21:31.987 D/MDM :   ( 3494): [null:-1]->query
07-14 12:21:31.987 D/MDM :   ( 3494): [null:-1]->QUERY_PINCODE_CHECK_RESULT
07-14 12:21:31.987 E/Mdm     ( 3494): Call Mdm service's setLastExitTime function
07-14 12:21:32.010 D/MdmApplication( 3494): [null:-1]->onActivityStarted document.activity.DocMainActivity , mActivityCount = 0
07-14 12:21:32.010 E/Mdm     ( 3494): Call Mdm service's setLastExitTime function
07-14 12:21:32.010 D/MDM :   ( 3494): [null:-1]->query
07-14 12:21:32.010 D/MDM :   ( 3494): [null:-1]->QUERY_SETTING_PIN_TIMEOUT
07-14 12:21:32.018 D/MDM :   ( 3494): [null:-1]->query
07-14 12:21:32.018 D/MDM :   ( 3494): [null:-1]->QUERY_PINCODE_CHECK_RESULT
07-14 12:21:32.018 D/DB      ( 3494): query: SQLiteQuery: SELECT * FROM doc WHERE browseStatus = 0 AND type = 'Normal'
07-14 12:21:32.018 D/DB      ( 3494): factory null
07-14 12:21:32.018 D/DB      ( 3494): fillWindow: 0
07-14 12:21:32.018 D/DB      ( 3494): cursor 0
07-14 12:21:32.463 D/BaseFragment( 3494): [null:-1]->fragment is on stop 
07-14 12:21:32.502 D/DB      ( 3494): query: SQLiteQuery: SELECT * FROM doc WHERE browseStatus = 0 AND type = 'Normal'
07-14 12:21:32.502 D/DB      ( 3494): factory null
07-14 12:21:32.502 D/DB      ( 3494): fillWindow: 0
07-14 12:21:32.502 D/DB      ( 3494): cursor 0
07-14 12:21:32.502 D/DB      ( 3494): query: SQLiteQuery: SELECT * FROM doc WHERE browseStatus = 0 AND type = 'Normal'
07-14 12:21:32.502 D/DB      ( 3494): factory null
07-14 12:21:32.502 D/DB      ( 3494): fillWindow: 0
07-14 12:21:32.502 D/DB      ( 3494): cursor 0
07-14 12:21:32.502 E/Mdm     ( 3494): Call Mdm service's recordIconCount function
07-14 12:21:32.987 W/InteractionController( 4911): runAndwaitForEvent timedout waiting for events
07-14 12:21:33.166 D/dalvikvm(  374): GC_FOR_ALLOC freed 399K, 17% free 20323K/24360K, paused 84ms, total 85ms
07-14 12:21:33.252 D/dalvikvm(  374): GC_FOR_ALLOC freed 748K, 19% free 19946K/24360K, paused 82ms, total 82ms
07-14 12:21:33.260 D/MdmApplication( 3494): [null:-1]->onActivityPaused document.activity.DocMainActivity , mActivityCount = 1
07-14 12:21:33.260 D/MDM :   ( 3494): [null:-1]->query
07-14 12:21:33.260 D/MDM :   ( 3494): [null:-1]->QUERY_PINCODE_CHECK_RESULT
07-14 12:21:33.260 E/Mdm     ( 3494): Call Mdm service's setLastExitTime function
07-14 12:21:33.283 D/MdmApplication( 3494): [null:-1]->onActivityStarted ui.MainActivity , mActivityCount = 0
07-14 12:21:33.283 E/Mdm     ( 3494): Call Mdm service's setLastExitTime function
07-14 12:21:33.283 D/MDM :   ( 3494): [null:-1]->query
07-14 12:21:33.283 D/MDM :   ( 3494): [null:-1]->QUERY_SETTING_PIN_TIMEOUT
07-14 12:21:33.283 D/MDM :   ( 3494): [null:-1]->query
07-14 12:21:33.283 D/MDM :   ( 3494): [null:-1]->QUERY_PINCODE_CHECK_RESULT
07-14 12:21:33.533 I/ActivityManager(  374): No longer want com.google.android.apps.currents (pid 1105): empty for 1800s
07-14 12:21:33.549 W/ActivityManager(  374): Scheduling restart of crashed service com.google.android.apps.currents/com.google.apps.dots.android.dotslib.service.AudioPlayerService in 5000ms
07-14 12:21:34.260 W/InteractionController( 4911): runAndwaitForEvent timedout waiting for events
07-14 12:21:34.307 I/QueryController( 4911): Matched selector: UiSelector[TEXT=应用列表, CLASS=android.widget.TextView] <<==>> [android.view.accessibility.AccessibilityNodeInfo@115b6; boundsInParent: Rect(0, 0 - 148, 184); boundsInScreen: Rect(376, 572 - 524, 756); packageName: com.pekall.emdm; className: android.widget.TextView; text: 应用列表; contentDescription: null; viewIdResName: com.pekall.emdm:id/application_icon_content; checkable: false; checked: false; focusable: true; focused: false; selected: false; clickable: false; longClickable: false; enabled: true; password: false; scrollable: false; [ACTION_FOCUS, ACTION_SELECT, ACTION_CLEAR_SELECTION, ACTION_ACCESSIBILITY_FOCUS, ACTION_NEXT_AT_MOVEMENT_GRANULARITY, ACTION_PREVIOUS_AT_MOVEMENT_GRANULARITY, ACTION_SET_SELECTION]]
07-14 12:21:34.338 I/QueryController( 4911): Matched selector: UiSelector[TEXT=文档中心, CLASS=android.widget.TextView] <<==>> [android.view.accessibility.AccessibilityNodeInfo@10a73; boundsInParent: Rect(0, 0 - 148, 184); boundsInScreen: Rect(16, 572 - 164, 756); packageName: com.pekall.emdm; className: android.widget.TextView; text: 文档中心; contentDescription: null; viewIdResName: com.pekall.emdm:id/application_icon_content; checkable: false; checked: false; focusable: true; focused: false; selected: false; clickable: false; longClickable: false; enabled: true; password: false; scrollable: false; [ACTION_FOCUS, ACTION_SELECT, ACTION_CLEAR_SELECTION, ACTION_ACCESSIBILITY_FOCUS, ACTION_NEXT_AT_MOVEMENT_GRANULARITY, ACTION_PREVIOUS_AT_MOVEMENT_GRANULARITY, ACTION_SET_SELECTION]]
07-14 12:21:34.362 I/QueryController( 4911): Matched selector: UiSelector[TEXT=企业通讯录, CLASS=android.widget.TextView] <<==>> [android.view.accessibility.AccessibilityNodeInfo@102f1; boundsInParent: Rect(0, 0 - 148, 184); boundsInScreen: Rect(376, 379 - 524, 563); packageName: com.pekall.emdm; className: android.widget.TextView; text: 企业通讯录; contentDescription: null; viewIdResName: com.pekall.emdm:id/application_icon_content; checkable: false; checked: false; focusable: true; focused: false; selected: false; clickable: false; longClickable: false; enabled: true; password: false; scrollable: false; [ACTION_FOCUS, ACTION_SELECT, ACTION_CLEAR_SELECTION, ACTION_ACCESSIBILITY_FOCUS, ACTION_NEXT_AT_MOVEMENT_GRANULARITY, ACTION_PREVIOUS_AT_MOVEMENT_GRANULARITY, ACTION_SET_SELECTION]]
07-14 12:21:34.362 D/InteractionController( 4911): clickAndWaitForNewWindow(450, 471)
07-14 12:21:34.526 I/ActivityManager(  374): START u0 {cmp=com.pekall.emdm/.contacts.activities.PeopleActivity} from pid 3494
07-14 12:21:34.658 D/dalvikvm(  374): GC_FOR_ALLOC freed 405K, 17% free 20320K/24360K, paused 82ms, total 83ms
07-14 12:21:34.744 D/dalvikvm(  374): GC_FOR_ALLOC freed 751K, 19% free 19940K/24360K, paused 82ms, total 83ms
07-14 12:21:34.752 D/MdmApplication( 3494): [null:-1]->onActivityPaused ui.MainActivity , mActivityCount = 1
07-14 12:21:34.752 D/MDM :   ( 3494): [null:-1]->query
07-14 12:21:34.752 D/MDM :   ( 3494): [null:-1]->QUERY_PINCODE_CHECK_RESULT
07-14 12:21:34.752 E/Mdm     ( 3494): Call Mdm service's setLastExitTime function
07-14 12:21:34.783 I/ActivityManager(  374): START u0 {cmp=com.pekall.emdm/.contacts.activities.DialtactsActivity (has extras)} from pid 3494
07-14 12:21:34.830 D/MdmApplication( 3494): [null:-1]->onActivityStarted contacts.activities.DialtactsActivity , mActivityCount = 0
07-14 12:21:34.830 E/Mdm     ( 3494): Call Mdm service's setLastExitTime function
07-14 12:21:34.830 D/MDM :   ( 3494): [null:-1]->query
07-14 12:21:34.830 D/MDM :   ( 3494): [null:-1]->QUERY_SETTING_PIN_TIMEOUT
07-14 12:21:34.830 D/MDM :   ( 3494): [null:-1]->query
07-14 12:21:34.838 D/MDM :   ( 3494): [null:-1]->QUERY_PINCODE_CHECK_RESULT
07-14 12:21:34.924 D/ContactsProvider( 3494): [Contacts] query 'content://emdmcontacts/contacts', segment size: 1
07-14 12:21:34.932 D/Assistant( 3494): [---null: -1---]  changeCursor
07-14 12:21:34.932 D/Assistant( 3494): [---null: -1---]  findGroups
07-14 12:21:34.932 D/ContactsProvider( 3494): [Contacts] query 'content://emdmcontacts/contacts', segment size: 1
07-14 12:21:34.932 D/Assistant( 3494): [---null: -1---]  changeCursor
07-14 12:21:34.940 D/Assistant( 3494): [---null: -1---]  findGroups
07-14 12:21:34.940 D/Assistant( 3494): [---null: -1---]  OncreatTIME
07-14 12:21:35.002 I/ContactPhotoManager( 3494): Cache adj: 0.5
07-14 12:21:35.002 E/ContactPhotoManager( 3494): No contact photo service in context: com.pekall.emdm.MdmApplication@42817d40
07-14 12:21:35.158 D/ContactsProvider( 3494): [Contacts] query 'content://emdmcontacts/contacts', segment size: 1
07-14 12:21:35.158 D/Assistant( 3494): [---null: -1---]  changeCursor
07-14 12:21:35.158 D/Assistant( 3494): [---null: -1---]  findGroups
07-14 12:21:35.166 D/ContactsProvider( 3494): [Contacts] query 'content://emdmcontacts/contacts', segment size: 1
07-14 12:21:35.190 D/Assistant( 3494): [---null: -1---]  changeCursor
07-14 12:21:35.190 D/Assistant( 3494): [---null: -1---]  findGroups
07-14 12:21:35.198 D/ContactsProvider( 3494): [Contacts] query 'content://emdmcontacts/frequently_contacts', segment size: 1
07-14 12:21:35.205 D/dalvikvm( 3494): GC_CONCURRENT freed 1166K, 22% free 18530K/23728K, paused 5ms+16ms, total 100ms
07-14 12:21:35.213 D/ContactsProvider( 3494): [Contacts] query 'content://emdmcontacts/company_calllogs', segment size: 1
07-14 12:21:35.229 D/ContactsProvider( 3494): [Contacts] query 'content://emdmcontacts/contacts', segment size: 1
07-14 12:21:35.229 D/ContactsProvider( 3494): [Contacts] query 'content://emdmcontacts/contacts', segment size: 1
07-14 12:21:35.260 V/PhoneStatusBar(  450): setLightsOn(true)
07-14 12:21:35.416 I/ActivityManager(  374): Displayed com.pekall.emdm/.contacts.activities.DialtactsActivity: +625ms (total +649ms)
07-14 12:21:35.416 D/ContactsProvider( 3494): [Contacts] query 'content://emdmcontacts/company_calllogs', segment size: 1
07-14 12:21:35.541 D/Assistant( 3494): [---null: -1---]  changeCursor
07-14 12:21:35.541 D/Assistant( 3494): [---null: -1---]  findGroups
07-14 12:21:35.549 D/Assistant( 3494): [---null: -1---]  addGroup
07-14 12:21:35.557 D/Assistant( 3494): [---null: -1---]  addGroup
07-14 12:21:35.565 D/Assistant( 3494): [---null: -1---]  addGroup
07-14 12:21:35.565 D/Assistant( 3494): [---null: -1---]  addGroup
07-14 12:21:35.565 D/Assistant( 3494): [---null: -1---]  addGroup
07-14 12:21:35.635 E/CursorWindow( 3494): Failed to read row 0, column -1 from a CursorWindow which has 38 rows, 9 columns.
07-14 12:21:35.635 D/CallLogAdapter( 3494): java.lang.IllegalStateException: Couldn't read row 0, col -1 from CursorWindow.  Make sure the Cursor is initialized correctly before accessing data from it.
07-14 12:21:35.643 D/CallLogAdapter( 3494): ======no department find======
07-14 12:21:35.643 D/CALLLOGADAPTER( 3494): ++++++++++++++++++================================
07-14 12:21:35.643 D/ContactsProvider( 3494): [Contacts] query 'content://emdmcontacts/company_calllogs', segment size: 1
07-14 12:21:35.651 D/CallLogAdapter( 3494): quickContactView.number=============13220164537
07-14 12:21:35.651 D/CallLogAdapter( 3494): quickContactView.contactUri=============null
07-14 12:21:35.651 D/ContactsProvider( 3494): [Contacts] query 'content://emdmcontacts/contacts', segment size: 1
07-14 12:21:35.698 E/CursorWindow( 3494): Failed to read row 1, column -1 from a CursorWindow which has 38 rows, 9 columns.
07-14 12:21:35.698 D/CallLogAdapter( 3494): java.lang.IllegalStateException: Couldn't read row 1, col -1 from CursorWindow.  Make sure the Cursor is initialized correctly before accessing data from it.
07-14 12:21:35.698 D/CallLogAdapter( 3494): ======no department find======
07-14 12:21:35.705 D/CALLLOGADAPTER( 3494): ++++++++++++++++++================================
07-14 12:21:35.705 D/ContactsProvider( 3494): [Contacts] query 'content://emdmcontacts/company_calllogs', segment size: 1
07-14 12:21:35.721 D/CallLogAdapter( 3494): quickContactView.number=============01056299605
07-14 12:21:35.721 D/CallLogAdapter( 3494): quickContactView.contactUri=============null
07-14 12:21:35.721 D/ContactsProvider( 3494): [Contacts] query 'content://emdmcontacts/contacts', segment size: 1
07-14 12:21:35.768 E/CursorWindow( 3494): Failed to read row 4, column -1 from a CursorWindow which has 38 rows, 9 columns.
07-14 12:21:35.768 D/CallLogAdapter( 3494): java.lang.IllegalStateException: Couldn't read row 4, col -1 from CursorWindow.  Make sure the Cursor is initialized correctly before accessing data from it.
07-14 12:21:35.768 D/CallLogAdapter( 3494): ======no department find======
07-14 12:21:35.776 D/CALLLOGADAPTER( 3494): ++++++++++++++++++================================
07-14 12:21:35.776 D/ContactsProvider( 3494): [Contacts] query 'content://emdmcontacts/company_calllogs', segment size: 1
07-14 12:21:35.783 D/CallLogAdapter( 3494): quickContactView.number=============13263318053
07-14 12:21:35.783 D/CallLogAdapter( 3494): quickContactView.contactUri=============null
07-14 12:21:35.791 D/ContactsProvider( 3494): [Contacts] query 'content://emdmcontacts/contacts', segment size: 1
07-14 12:21:35.823 E/CursorWindow( 3494): Failed to read row 5, column -1 from a CursorWindow which has 38 rows, 9 columns.
07-14 12:21:35.823 D/CallLogAdapter( 3494): java.lang.IllegalStateException: Couldn't read row 5, col -1 from CursorWindow.  Make sure the Cursor is initialized correctly before accessing data from it.
07-14 12:21:35.823 D/CallLogAdapter( 3494): ======no department find======
07-14 12:21:35.823 D/CALLLOGADAPTER( 3494): ++++++++++++++++++================================
07-14 12:21:35.823 D/ContactsProvider( 3494): [Contacts] query 'content://emdmcontacts/company_calllogs', segment size: 1
07-14 12:21:35.830 D/CallLogAdapter( 3494): quickContactView.number=============13522849951
07-14 12:21:35.830 D/CallLogAdapter( 3494): quickContactView.contactUri=============null
07-14 12:21:35.838 D/ContactsProvider( 3494): [Contacts] query 'content://emdmcontacts/contacts', segment size: 1
07-14 12:21:35.862 E/CursorWindow( 3494): Failed to read row 6, column -1 from a CursorWindow which has 38 rows, 9 columns.
