07-14 12:15:09.010 D/PhoneStatusBar(  450): disable: < expand icons alerts ticker system_info BACK HOME recent* CLOCK search >
07-14 12:15:09.143 D/PhoneStatusBar(  450): disable: < expand icons alerts ticker system_info back* home* recent clock* search >
07-14 12:15:23.971 I/PowerManagerService(  374): Going to sleep due to screen timeout...
07-14 12:15:23.979 I/PowerManagerService(  374): Waking up from sleep...
07-14 12:15:24.494 D/PhoneStatusBar(  450): disable: < expand icons alerts ticker system_info back home RECENT* clock search >
07-14 12:15:24.877 D/PhoneStatusBar(  450): disable: < expand icons alerts ticker system_info BACK* HOME* RECENT CLOCK* search >
07-14 12:15:25.033 I/WindowManager(  374): Lock screen displayed!
07-14 12:15:26.862 D/PhoneStatusBar(  450): disable: < expand icons alerts ticker system_info BACK HOME recent* CLOCK search >
07-14 12:15:26.916 D/PhoneStatusBar(  450): disable: < expand icons alerts ticker system_info back* home* recent clock* search >
07-14 12:15:30.088 W/MountService(  374): getVolumeState(/storage/emulated/0/external_sd): Unknown volume
07-14 12:15:30.104 W/MountService(  374): getVolumeState(/mnt/sdcard-ext): Unknown volume
07-14 12:15:30.104 W/MountService(  374): getVolumeState(/mnt/ext_sdcard): Unknown volume
07-14 12:15:30.104 W/MountService(  374): getVolumeState(/mnt/sdcard2): Unknown volume
07-14 12:15:30.112 W/MountService(  374): getVolumeState(/mnt/emmc): Unknown volume
07-14 12:15:30.112 W/MountService(  374): getVolumeState(/mnt/extSdCard): Unknown volume
07-14 12:15:30.119 W/MountService(  374): getVolumeState(/mnt/sdcard/SD_CARD): Unknown volume
07-14 12:15:30.119 W/MountService(  374): getVolumeState(/mnt/sdcard/extra_sd): Unknown volume
07-14 12:15:30.119 W/MountService(  374): getVolumeState(/mnt/extrasd_bind): Unknown volume
07-14 12:15:30.119 W/MountService(  374): getVolumeState(/mnt/sdcard/ext_sd): Unknown volume
07-14 12:15:30.119 W/MountService(  374): getVolumeState(/storage/extSdCard): Unknown volume
07-14 12:15:30.119 W/MountService(  374): getVolumeState(/storage/sdcard1): Unknown volume
07-14 12:15:30.119 W/MountService(  374): getVolumeState(/mnt/sdcard/external_SD): Unknown volume
07-14 12:15:30.127 W/MountService(  374): getVolumeState(/mnt/sdcard/external_sd): Unknown volume
07-14 12:15:30.549 W/MountService(  374): getVolumeState(/storage/emulated/0/external_sd): Unknown volume
07-14 12:15:30.557 W/MountService(  374): getVolumeState(/mnt/sdcard-ext): Unknown volume
07-14 12:15:30.557 W/MountService(  374): getVolumeState(/mnt/ext_sdcard): Unknown volume
07-14 12:15:30.557 W/MountService(  374): getVolumeState(/mnt/sdcard2): Unknown volume
07-14 12:15:30.565 W/MountService(  374): getVolumeState(/mnt/emmc): Unknown volume
07-14 12:15:30.573 W/MountService(  374): getVolumeState(/mnt/extSdCard): Unknown volume
07-14 12:15:30.573 W/MountService(  374): getVolumeState(/mnt/sdcard/SD_CARD): Unknown volume
07-14 12:15:30.588 W/MountService(  374): getVolumeState(/mnt/sdcard/extra_sd): Unknown volume
07-14 12:15:30.596 W/MountService(  374): getVolumeState(/mnt/extrasd_bind): Unknown volume
07-14 12:15:30.596 W/MountService(  374): getVolumeState(/mnt/sdcard/ext_sd): Unknown volume
07-14 12:15:30.596 W/MountService(  374): getVolumeState(/storage/extSdCard): Unknown volume
07-14 12:15:30.596 W/MountService(  374): getVolumeState(/storage/sdcard1): Unknown volume
07-14 12:15:30.596 W/MountService(  374): getVolumeState(/mnt/sdcard/external_SD): Unknown volume
07-14 12:15:30.596 W/MountService(  374): getVolumeState(/mnt/sdcard/external_sd): Unknown volume
07-14 12:15:41.823 I/PowerManagerService(  374): Going to sleep due to screen timeout...
07-14 12:15:41.830 I/PowerManagerService(  374): Waking up from sleep...
07-14 12:15:42.440 D/PhoneStatusBar(  450): disable: < expand icons alerts ticker system_info back home RECENT* clock search >
07-14 12:15:42.815 D/PhoneStatusBar(  450): disable: < expand icons alerts ticker system_info BACK* HOME* RECENT CLOCK* search >
07-14 12:15:42.838 I/WindowManager(  374): Lock screen displayed!
07-14 12:15:44.065 D/PhoneStatusBar(  450): disable: < expand icons alerts ticker system_info BACK HOME recent* CLOCK search >
07-14 12:15:44.135 D/PhoneStatusBar(  450): disable: < expand icons alerts ticker system_info back* home* recent clock* search >
07-14 12:15:59.041 I/PowerManagerService(  374): Going to sleep due to screen timeout...
07-14 12:15:59.041 I/PowerManagerService(  374): Waking up from sleep...
07-14 12:15:59.682 D/PhoneStatusBar(  450): disable: < expand icons alerts ticker system_info back home RECENT* clock search >
07-14 12:16:00.049 I/WindowManager(  374): Lock screen displayed!
07-14 12:16:00.057 D/PhoneStatusBar(  450): disable: < expand icons alerts ticker system_info BACK* HOME* RECENT CLOCK* search >
07-14 12:16:02.190 D/PhoneStatusBar(  450): disable: < expand icons alerts ticker system_info BACK HOME recent* CLOCK search >
07-14 12:16:02.260 D/PhoneStatusBar(  450): disable: < expand icons alerts ticker system_info back* home* recent clock* search >
07-14 12:16:17.174 I/PowerManagerService(  374): Going to sleep due to screen timeout...
07-14 12:16:18.580 D/PhoneStatusBar(  450): disable: < expand icons alerts ticker system_info back home RECENT* clock search >
07-14 12:16:18.721 D/PhoneStatusBar(  450): disable: < expand icons alerts ticker system_info BACK* HOME* RECENT CLOCK* search >
07-14 12:16:18.776 I/PowerManagerService(  374): Waking up from sleep...
07-14 12:16:18.815 I/WindowManager(  374): Lock screen displayed!
07-14 12:16:21.002 D/PhoneStatusBar(  450): disable: < expand icons alerts ticker system_info BACK HOME recent* CLOCK search >
07-14 12:16:21.080 D/PhoneStatusBar(  450): disable: < expand icons alerts ticker system_info back* home* recent clock* search >
07-14 12:16:30.151 W/MountService(  374): getVolumeState(/storage/emulated/0/external_sd): Unknown volume
07-14 12:16:30.151 W/MountService(  374): getVolumeState(/mnt/sdcard-ext): Unknown volume
07-14 12:16:30.151 W/MountService(  374): getVolumeState(/mnt/ext_sdcard): Unknown volume
07-14 12:16:30.151 W/MountService(  374): getVolumeState(/mnt/sdcard2): Unknown volume
07-14 12:16:30.158 W/MountService(  374): getVolumeState(/mnt/emmc): Unknown volume
07-14 12:16:30.158 W/MountService(  374): getVolumeState(/mnt/extSdCard): Unknown volume
07-14 12:16:30.158 W/MountService(  374): getVolumeState(/mnt/sdcard/SD_CARD): Unknown volume
07-14 12:16:30.158 W/MountService(  374): getVolumeState(/mnt/sdcard/extra_sd): Unknown volume
07-14 12:16:30.174 W/MountService(  374): getVolumeState(/mnt/extrasd_bind): Unknown volume
07-14 12:16:30.198 W/MountService(  374): getVolumeState(/mnt/sdcard/ext_sd): Unknown volume
07-14 12:16:30.198 W/MountService(  374): getVolumeState(/storage/extSdCard): Unknown volume
07-14 12:16:30.198 W/MountService(  374): getVolumeState(/storage/sdcard1): Unknown volume
07-14 12:16:30.198 W/MountService(  374): getVolumeState(/mnt/sdcard/external_SD): Unknown volume
07-14 12:16:30.205 W/MountService(  374): getVolumeState(/mnt/sdcard/external_sd): Unknown volume
07-14 12:16:30.557 W/MountService(  374): getVolumeState(/storage/emulated/0/external_sd): Unknown volume
07-14 12:16:30.557 W/MountService(  374): getVolumeState(/mnt/sdcard-ext): Unknown volume
07-14 12:16:30.557 W/MountService(  374): getVolumeState(/mnt/ext_sdcard): Unknown volume
07-14 12:16:30.565 W/MountService(  374): getVolumeState(/mnt/sdcard2): Unknown volume
07-14 12:16:30.573 W/MountService(  374): getVolumeState(/mnt/emmc): Unknown volume
07-14 12:16:30.573 W/MountService(  374): getVolumeState(/mnt/extSdCard): Unknown volume
07-14 12:16:30.573 W/MountService(  374): getVolumeState(/mnt/sdcard/SD_CARD): Unknown volume
07-14 12:16:30.573 W/MountService(  374): getVolumeState(/mnt/sdcard/extra_sd): Unknown volume
07-14 12:16:30.580 W/MountService(  374): getVolumeState(/mnt/extrasd_bind): Unknown volume
07-14 12:16:30.580 W/MountService(  374): getVolumeState(/mnt/sdcard/ext_sd): Unknown volume
07-14 12:16:30.580 W/MountService(  374): getVolumeState(/storage/extSdCard): Unknown volume
07-14 12:16:30.580 W/MountService(  374): getVolumeState(/storage/sdcard1): Unknown volume
07-14 12:16:30.580 W/MountService(  374): getVolumeState(/mnt/sdcard/external_SD): Unknown volume
07-14 12:16:30.588 W/MountService(  374): getVolumeState(/mnt/sdcard/external_sd): Unknown volume
07-14 12:16:35.955 I/PowerManagerService(  374): Going to sleep due to screen timeout...
07-14 12:16:35.963 I/PowerManagerService(  374): Waking up from sleep...
07-14 12:16:36.518 D/PhoneStatusBar(  450): disable: < expand icons alerts ticker system_info back home RECENT* clock search >
07-14 12:16:36.846 D/PhoneStatusBar(  450): disable: < expand icons alerts ticker system_info BACK* HOME* RECENT CLOCK* search >
07-14 12:16:37.002 I/WindowManager(  374): Lock screen displayed!
07-14 12:16:38.877 D/PhoneStatusBar(  450): disable: < expand icons alerts ticker system_info BACK HOME recent* CLOCK search >
07-14 12:16:38.955 D/PhoneStatusBar(  450): disable: < expand icons alerts ticker system_info back* home* recent clock* search >
07-14 12:16:53.846 I/PowerManagerService(  374): Going to sleep due to screen timeout...
07-14 12:16:55.080 D/PhoneStatusBar(  450): disable: < expand icons alerts ticker system_info back home RECENT* clock search >
07-14 12:16:55.221 D/PhoneStatusBar(  450): disable: < expand icons alerts ticker system_info BACK* HOME* RECENT CLOCK* search >
07-14 12:17:26.096 I/PowerManagerService(  374): Waking up from sleep...
07-14 12:17:26.143 I/WindowManager(  374): Lock screen displayed!
07-14 12:17:28.455 D/PhoneStatusBar(  450): disable: < expand icons alerts ticker system_info BACK HOME recent* CLOCK search >
07-14 12:17:28.541 D/PhoneStatusBar(  450): disable: < expand icons alerts ticker system_info back* home* recent clock* search >
07-14 12:17:29.088 I/ActivityManager(  374): START u0 {act=android.intent.action.MAIN cat=[android.intent.category.HOME] flg=0x10200000 cmp=com.android.launcher/com.android.launcher2.Launcher} from pid 374
07-14 12:17:30.213 W/MountService(  374): getVolumeState(/storage/emulated/0/external_sd): Unknown volume
07-14 12:17:30.213 W/MountService(  374): getVolumeState(/mnt/sdcard-ext): Unknown volume
07-14 12:17:30.213 W/MountService(  374): getVolumeState(/mnt/ext_sdcard): Unknown volume
07-14 12:17:30.221 W/MountService(  374): getVolumeState(/mnt/sdcard2): Unknown volume
07-14 12:17:30.221 W/MountService(  374): getVolumeState(/mnt/emmc): Unknown volume
07-14 12:17:30.221 W/MountService(  374): getVolumeState(/mnt/extSdCard): Unknown volume
07-14 12:17:30.221 W/MountService(  374): getVolumeState(/mnt/sdcard/SD_CARD): Unknown volume
07-14 12:17:30.221 W/MountService(  374): getVolumeState(/mnt/sdcard/extra_sd): Unknown volume
07-14 12:17:30.229 W/MountService(  374): getVolumeState(/mnt/extrasd_bind): Unknown volume
07-14 12:17:30.229 W/MountService(  374): getVolumeState(/mnt/sdcard/ext_sd): Unknown volume
07-14 12:17:30.229 W/MountService(  374): getVolumeState(/storage/extSdCard): Unknown volume
07-14 12:17:30.229 W/MountService(  374): getVolumeState(/storage/sdcard1): Unknown volume
07-14 12:17:30.229 W/MountService(  374): getVolumeState(/mnt/sdcard/external_SD): Unknown volume
07-14 12:17:30.237 W/MountService(  374): getVolumeState(/mnt/sdcard/external_sd): Unknown volume
07-14 12:17:30.533 W/MountService(  374): getVolumeState(/storage/emulated/0/external_sd): Unknown volume
07-14 12:17:30.541 W/MountService(  374): getVolumeState(/mnt/sdcard-ext): Unknown volume
07-14 12:17:30.541 W/MountService(  374): getVolumeState(/mnt/ext_sdcard): Unknown volume
07-14 12:17:30.541 W/MountService(  374): getVolumeState(/mnt/sdcard2): Unknown volume
07-14 12:17:30.541 W/MountService(  374): getVolumeState(/mnt/emmc): Unknown volume
07-14 12:17:30.541 W/MountService(  374): getVolumeState(/mnt/extSdCard): Unknown volume
07-14 12:17:30.541 W/MountService(  374): getVolumeState(/mnt/sdcard/SD_CARD): Unknown volume
07-14 12:17:30.549 W/MountService(  374): getVolumeState(/mnt/sdcard/extra_sd): Unknown volume
07-14 12:17:30.549 W/MountService(  374): getVolumeState(/mnt/extrasd_bind): Unknown volume
07-14 12:17:30.549 W/MountService(  374): getVolumeState(/mnt/sdcard/ext_sd): Unknown volume
07-14 12:17:30.549 W/MountService(  374): getVolumeState(/storage/extSdCard): Unknown volume
07-14 12:17:30.557 W/MountService(  374): getVolumeState(/storage/sdcard1): Unknown volume
07-14 12:17:30.557 W/MountService(  374): getVolumeState(/mnt/sdcard/external_SD): Unknown volume
07-14 12:17:30.557 W/MountService(  374): getVolumeState(/mnt/sdcard/external_sd): Unknown volume
07-14 12:17:58.713 I/PowerManagerService(  374): Going to sleep due to screen timeout...
07-14 12:18:00.307 D/PhoneStatusBar(  450): disable: < expand icons alerts ticker system_info back home RECENT* clock search >
07-14 12:18:00.416 D/PhoneStatusBar(  450): disable: < expand icons alerts ticker system_info BACK* HOME* RECENT CLOCK* search >
07-14 12:18:30.244 W/MountService(  374): getVolumeState(/storage/emulated/0/external_sd): Unknown volume
07-14 12:18:30.244 W/MountService(  374): getVolumeState(/mnt/sdcard-ext): Unknown volume
07-14 12:18:30.244 W/MountService(  374): getVolumeState(/mnt/ext_sdcard): Unknown volume
07-14 12:18:30.252 W/MountService(  374): getVolumeState(/mnt/sdcard2): Unknown volume
07-14 12:18:30.252 W/MountService(  374): getVolumeState(/mnt/emmc): Unknown volume
07-14 12:18:30.252 W/MountService(  374): getVolumeState(/mnt/extSdCard): Unknown volume
07-14 12:18:30.252 W/MountService(  374): getVolumeState(/mnt/sdcard/SD_CARD): Unknown volume
07-14 12:18:30.252 W/MountService(  374): getVolumeState(/mnt/sdcard/extra_sd): Unknown volume
07-14 12:18:30.252 W/MountService(  374): getVolumeState(/mnt/extrasd_bind): Unknown volume
07-14 12:18:30.252 W/MountService(  374): getVolumeState(/mnt/sdcard/ext_sd): Unknown volume
07-14 12:18:30.252 W/MountService(  374): getVolumeState(/storage/extSdCard): Unknown volume
07-14 12:18:30.260 W/MountService(  374): getVolumeState(/storage/sdcard1): Unknown volume
07-14 12:18:30.260 W/MountService(  374): getVolumeState(/mnt/sdcard/external_SD): Unknown volume
07-14 12:18:30.260 W/MountService(  374): getVolumeState(/mnt/sdcard/external_sd): Unknown volume
07-14 12:18:30.487 W/MountService(  374): getVolumeState(/storage/emulated/0/external_sd): Unknown volume
07-14 12:18:30.487 W/MountService(  374): getVolumeState(/mnt/sdcard-ext): Unknown volume
07-14 12:18:30.487 W/MountService(  374): getVolumeState(/mnt/ext_sdcard): Unknown volume
07-14 12:18:30.487 W/MountService(  374): getVolumeState(/mnt/sdcard2): Unknown volume
07-14 12:18:30.487 W/MountService(  374): getVolumeState(/mnt/emmc): Unknown volume
07-14 12:18:30.487 W/MountService(  374): getVolumeState(/mnt/extSdCard): Unknown volume
07-14 12:18:30.487 W/MountService(  374): getVolumeState(/mnt/sdcard/SD_CARD): Unknown volume
07-14 12:18:30.494 W/MountService(  374): getVolumeState(/mnt/sdcard/extra_sd): Unknown volume
07-14 12:18:30.494 W/MountService(  374): getVolumeState(/mnt/extrasd_bind): Unknown volume
07-14 12:18:30.494 W/MountService(  374): getVolumeState(/mnt/sdcard/ext_sd): Unknown volume
07-14 12:18:30.494 W/MountService(  374): getVolumeState(/storage/extSdCard): Unknown volume
07-14 12:18:30.494 W/MountService(  374): getVolumeState(/storage/sdcard1): Unknown volume
07-14 12:18:30.494 W/MountService(  374): getVolumeState(/mnt/sdcard/external_SD): Unknown volume
07-14 12:18:30.494 W/MountService(  374): getVolumeState(/mnt/sdcard/external_sd): Unknown volume
07-14 12:18:32.799 I/PowerManagerService(  374): Waking up from sleep...
07-14 12:18:32.838 I/WindowManager(  374): Lock screen displayed!
07-14 12:18:34.994 D/PhoneStatusBar(  450): disable: < expand icons alerts ticker system_info BACK HOME recent* CLOCK search >
07-14 12:18:35.065 D/PhoneStatusBar(  450): disable: < expand icons alerts ticker system_info back* home* recent clock* search >
07-14 12:18:35.651 I/ActivityManager(  374): START u0 {act=android.intent.action.MAIN cat=[android.intent.category.HOME] flg=0x10200000 cmp=com.android.launcher/com.android.launcher2.Launcher} from pid 374
07-14 12:19:05.026 I/PowerManagerService(  374): Going to sleep due to screen timeout...
07-14 12:19:06.291 D/PhoneStatusBar(  450): disable: < expand icons alerts ticker system_info back home RECENT* clock search >
07-14 12:19:06.565 D/PhoneStatusBar(  450): disable: < expand icons alerts ticker system_info BACK* HOME* RECENT CLOCK* search >
07-14 12:19:30.283 W/MountService(  374): getVolumeState(/storage/emulated/0/external_sd): Unknown volume
07-14 12:19:30.283 W/MountService(  374): getVolumeState(/mnt/sdcard-ext): Unknown volume
07-14 12:19:30.291 W/MountService(  374): getVolumeState(/mnt/ext_sdcard): Unknown volume
07-14 12:19:30.291 W/MountService(  374): getVolumeState(/mnt/sdcard2): Unknown volume
07-14 12:19:30.291 W/MountService(  374): getVolumeState(/mnt/emmc): Unknown volume
07-14 12:19:30.291 W/MountService(  374): getVolumeState(/mnt/extSdCard): Unknown volume
07-14 12:19:30.291 W/MountService(  374): getVolumeState(/mnt/sdcard/SD_CARD): Unknown volume
07-14 12:19:30.291 W/MountService(  374): getVolumeState(/mnt/sdcard/extra_sd): Unknown volume
07-14 12:19:30.291 W/MountService(  374): getVolumeState(/mnt/extrasd_bind): Unknown volume
07-14 12:19:30.299 W/MountService(  374): getVolumeState(/mnt/sdcard/ext_sd): Unknown volume
07-14 12:19:30.299 W/MountService(  374): getVolumeState(/storage/extSdCard): Unknown volume
07-14 12:19:30.299 W/MountService(  374): getVolumeState(/storage/sdcard1): Unknown volume
07-14 12:19:30.299 W/MountService(  374): getVolumeState(/mnt/sdcard/external_SD): Unknown volume
07-14 12:19:30.299 W/MountService(  374): getVolumeState(/mnt/sdcard/external_sd): Unknown volume
07-14 12:19:30.526 W/MountService(  374): getVolumeState(/storage/emulated/0/external_sd): Unknown volume
07-14 12:19:30.526 W/MountService(  374): getVolumeState(/mnt/sdcard-ext): Unknown volume
07-14 12:19:30.526 W/MountService(  374): getVolumeState(/mnt/ext_sdcard): Unknown volume
07-14 12:19:30.526 W/MountService(  374): getVolumeState(/mnt/sdcard2): Unknown volume
07-14 12:19:30.526 W/MountService(  374): getVolumeState(/mnt/emmc): Unknown volume
07-14 12:19:30.526 W/MountService(  374): getVolumeState(/mnt/extSdCard): Unknown volume
07-14 12:19:30.533 W/MountService(  374): getVolumeState(/mnt/sdcard/SD_CARD): Unknown volume
07-14 12:19:30.533 W/MountService(  374): getVolumeState(/mnt/sdcard/extra_sd): Unknown volume
07-14 12:19:30.533 W/MountService(  374): getVolumeState(/mnt/extrasd_bind): Unknown volume
07-14 12:19:30.533 W/MountService(  374): getVolumeState(/mnt/sdcard/ext_sd): Unknown volume
07-14 12:19:30.533 W/MountService(  374): getVolumeState(/storage/extSdCard): Unknown volume
07-14 12:19:30.533 W/MountService(  374): getVolumeState(/storage/sdcard1): Unknown volume
07-14 12:19:30.533 W/MountService(  374): getVolumeState(/mnt/sdcard/external_SD): Unknown volume
07-14 12:19:30.541 W/MountService(  374): getVolumeState(/mnt/sdcard/external_sd): Unknown volume
07-14 12:19:36.705 I/PowerManagerService(  374): Waking up from sleep...
07-14 12:19:36.752 I/WindowManager(  374): Lock screen displayed!
07-14 12:19:38.854 D/PhoneStatusBar(  450): disable: < expand icons alerts ticker system_info BACK HOME recent* CLOCK search >
07-14 12:19:38.924 D/PhoneStatusBar(  450): disable: < expand icons alerts ticker system_info back* home* recent clock* search >
07-14 12:19:51.604 I/ActivityManager(  374): Process com.android.packageinstaller (pid 4241) has died.
07-14 12:19:53.807 I/PowerManagerService(  374): Going to sleep due to screen timeout...
07-14 12:19:53.815 I/PowerManagerService(  374): Waking up from sleep...
07-14 12:19:54.362 D/PhoneStatusBar(  450): disable: < expand icons alerts ticker system_info back home RECENT* clock search >
07-14 12:19:54.830 D/PhoneStatusBar(  450): disable: < expand icons alerts ticker system_info BACK* HOME* RECENT CLOCK* search >
07-14 12:19:54.877 I/WindowManager(  374): Lock screen displayed!
07-14 12:19:56.112 D/PhoneStatusBar(  450): disable: < expand icons alerts ticker system_info BACK HOME recent* CLOCK search >
07-14 12:19:56.205 D/PhoneStatusBar(  450): disable: < expand icons alerts ticker system_info back* home* recent clock* search >
07-14 12:19:56.229 W/InputMethodManagerService(  374): Window already focused, ignoring focus gain of: com.android.internal.view.IInputMethodClient$Stub$Proxy@43148dd8 attribute=android.view.inputmethod.EditorInfo@42f627e0, token = android.os.BinderProxy@42ea3d30
--------- beginning of /dev/log/main
07-14 12:20:04.065 W/ResourceType(  595): No known package when getting name for resource number 0x9c020002
07-14 12:20:04.080 W/ResourceType(  595): No known package when getting name for resource number 0x9c030000
07-14 12:20:04.096 W/ResourceType(  595): No known package when getting name for resource number 0x9c020000
07-14 12:20:04.096 W/ResourceType(  595): No known package when getting name for resource number 0x9c020002
07-14 12:20:04.112 W/ResourceType(  595): No known package when getting name for resource number 0x9c030000
07-14 12:20:04.127 D/dalvikvm( 4683): GC_CONCURRENT freed 425K, 51% free 658K/1332K, paused 1ms+0ms, total 7ms
07-14 12:20:04.135 W/ResourceType(  595): No known package when getting name for resource number 0x9c020000
07-14 12:20:04.135 W/ResourceType(  595): No known package when getting name for resource number 0x9c020002
07-14 12:20:04.151 W/ResourceType(  595): No known package when getting name for resource number 0x9c030000
07-14 12:20:04.166 W/ResourceType(  595): No known package when getting name for resource number 0x9c020000
07-14 12:20:04.166 W/ResourceType(  595): No known package when getting name for resource number 0x9c020002
07-14 12:20:04.182 W/ResourceType(  595): No known package when getting name for resource number 0x9c030000
07-14 12:20:04.205 W/ResourceType(  595): No known package when getting name for resource number 0x9c020000
07-14 12:20:04.205 W/ResourceType(  595): No known package when getting name for resource number 0x9c020002
07-14 12:20:04.221 W/ResourceType(  595): No known package when getting name for resource number 0x9c030000
07-14 12:20:04.237 W/ResourceType(  595): No known package when getting name for resource number 0x9c020000
07-14 12:20:04.237 W/ResourceType(  595): No known package when getting name for resource number 0x9c020002
07-14 12:20:04.252 W/ResourceType(  595): No known package when getting name for resource number 0x9c030000
07-14 12:20:04.268 W/ResourceType(  595): No known package when getting name for resource number 0x9c020000
07-14 12:20:04.268 W/ResourceType(  595): No known package when getting name for resource number 0x9c020002
07-14 12:20:04.283 W/ResourceType(  595): No known package when getting name for resource number 0x9c030000
07-14 12:20:04.299 D/dalvikvm( 4683): GC_CONCURRENT freed 427K, 51% free 658K/1332K, paused 0ms+0ms, total 7ms
07-14 12:20:04.307 W/ResourceType(  595): No known package when getting name for resource number 0x9c020000
07-14 12:20:04.307 W/ResourceType(  595): No known package when getting name for resource number 0x9c020002
07-14 12:20:04.323 W/ResourceType(  595): No known package when getting name for resource number 0x9c030000
07-14 12:20:04.338 W/ResourceType(  595): No known package when getting name for resource number 0x9c020000
07-14 12:20:04.338 W/ResourceType(  595): No known package when getting name for resource number 0x9c020002
07-14 12:20:04.354 W/ResourceType(  595): No known package when getting name for resource number 0x9c030000
07-14 12:20:04.377 W/ResourceType(  595): No known package when getting name for resource number 0x9c020000
07-14 12:20:04.377 W/ResourceType(  595): No known package when getting name for resource number 0x9c020002
07-14 12:20:04.385 W/ResourceType(  595): No known package when getting name for resource number 0x9c030000
07-14 12:20:04.408 W/ResourceType(  595): No known package when getting name for resource number 0x9c020000
07-14 12:20:04.408 W/ResourceType(  595): No known package when getting name for resource number 0x9c020002
07-14 12:20:04.424 W/ResourceType(  595): No known package when getting name for resource number 0x9c030000
07-14 12:20:04.440 W/ResourceType(  595): No known package when getting name for resource number 0x9c020000
07-14 12:20:04.440 W/ResourceType(  595): No known package when getting name for resource number 0x9c020002
07-14 12:20:04.455 W/ResourceType(  595): No known package when getting name for resource number 0x9c030000
07-14 12:20:04.471 D/dalvikvm( 4683): GC_CONCURRENT freed 425K, 51% free 658K/1332K, paused 0ms+0ms, total 7ms
07-14 12:20:04.479 W/ResourceType(  595): No known package when getting name for resource number 0x9c020000
07-14 12:20:04.479 W/ResourceType(  595): No known package when getting name for resource number 0x9c020002
07-14 12:20:04.494 W/ResourceType(  595): No known package when getting name for resource number 0x9c030000
07-14 12:20:04.510 W/ResourceType(  595): No known package when getting name for resource number 0x9c020000
07-14 12:20:04.510 W/ResourceType(  595): No known package when getting name for resource number 0x9c020002
07-14 12:20:04.526 W/ResourceType(  595): No known package when getting name for resource number 0x9c030000
07-14 12:20:04.541 W/ResourceType(  595): No known package when getting name for resource number 0x9c020000
07-14 12:20:04.541 W/ResourceType(  595): No known package when getting name for resource number 0x9c020002
07-14 12:20:04.557 W/ResourceType(  595): No known package when getting name for resource number 0x9c030000
07-14 12:20:04.580 W/ResourceType(  595): No known package when getting name for resource number 0x9c020000
07-14 12:20:04.580 W/ResourceType(  595): No known package when getting name for resource number 0x9c020002
07-14 12:20:04.596 W/ResourceType(  595): No known package when getting name for resource number 0x9c030000
07-14 12:20:04.612 W/ResourceType(  595): No known package when getting name for resource number 0x9c020000
07-14 12:20:04.612 W/ResourceType(  595): No known package when getting name for resource number 0x9c020002
07-14 12:20:04.627 W/ResourceType(  595): No known package when getting name for resource number 0x9c030000
07-14 12:20:04.643 D/dalvikvm( 4683): GC_CONCURRENT freed 427K, 51% free 657K/1332K, paused 0ms+1ms, total 7ms
07-14 12:20:04.651 W/ResourceType(  595): No known package when getting name for resource number 0x9c020000
07-14 12:20:04.651 W/ResourceType(  595): No known package when getting name for resource number 0x9c020002
07-14 12:20:04.666 W/ResourceType(  595): No known package when getting name for resource number 0x9c030000
07-14 12:20:04.682 W/ResourceType(  595): No known package when getting name for resource number 0x9c020000
07-14 12:20:04.682 W/ResourceType(  595): No known package when getting name for resource number 0x9c020002
07-14 12:20:04.698 W/ResourceType(  595): No known package when getting name for resource number 0x9c030000
07-14 12:20:04.721 W/ResourceType(  595): No known package when getting name for resource number 0x9c020000
07-14 12:20:04.721 W/ResourceType(  595): No known package when getting name for resource number 0x9c020002
07-14 12:20:04.729 W/ResourceType(  595): No known package when getting name for resource number 0x9c030000
07-14 12:20:04.752 W/ResourceType(  595): No known package when getting name for resource number 0x9c020000
07-14 12:20:04.752 W/ResourceType(  595): No known package when getting name for resource number 0x9c020002
07-14 12:20:04.760 W/ResourceType(  595): No known package when getting name for resource number 0x9c030000
07-14 12:20:04.783 W/ResourceType(  595): No known package when getting name for resource number 0x9c020000
07-14 12:20:04.783 W/ResourceType(  595): No known package when getting name for resource number 0x9c020002
07-14 12:20:04.799 W/ResourceType(  595): No known package when getting name for resource number 0x9c030000
07-14 12:20:04.815 D/dalvikvm( 4683): GC_CONCURRENT freed 425K, 51% free 658K/1332K, paused 0ms+1ms, total 7ms
07-14 12:20:04.815 W/ResourceType(  595): No known package when getting name for resource number 0x9c020000
07-14 12:20:04.815 W/ResourceType(  595): No known package when getting name for resource number 0x9c020002
07-14 12:20:04.830 W/ResourceType(  595): No known package when getting name for resource number 0x9c030000
07-14 12:20:04.854 W/ResourceType(  595): No known package when getting name for resource number 0x9c020000
07-14 12:20:04.854 W/ResourceType(  595): No known package when getting name for resource number 0x9c020002
07-14 12:20:04.869 W/ResourceType(  595): No known package when getting name for resource number 0x9c030000
07-14 12:20:04.893 W/ResourceType(  595): No known package when getting name for resource number 0x9c020000
07-14 12:20:04.893 W/ResourceType(  595): No known package when getting name for resource number 0x9c020002
07-14 12:20:04.908 W/ResourceType(  595): No known package when getting name for resource number 0x9c030000
07-14 12:20:04.924 W/ResourceType(  595): No known package when getting name for resource number 0x9c020000
07-14 12:20:04.924 W/ResourceType(  595): No known package when getting name for resource number 0x9c020002
07-14 12:20:04.940 W/ResourceType(  595): No known package when getting name for resource number 0x9c030000
07-14 12:20:04.955 W/ResourceType(  595): No known package when getting name for resource number 0x9c020000
07-14 12:20:04.955 W/ResourceType(  595): No known package when getting name for resource number 0x9c020002
07-14 12:20:04.971 W/ResourceType(  595): No known package when getting name for resource number 0x9c030000
07-14 12:20:04.987 D/dalvikvm( 4683): GC_CONCURRENT freed 427K, 51% free 657K/1332K, paused 0ms+1ms, total 7ms
07-14 12:20:04.994 W/ResourceType(  595): No known package when getting name for resource number 0x9c020000
07-14 12:20:04.994 W/ResourceType(  595): No known package when getting name for resource number 0x9c020002
07-14 12:20:05.010 W/ResourceType(  595): No known package when getting name for resource number 0x9c030000
07-14 12:20:05.033 W/ResourceType(  595): No known package when getting name for resource number 0x9c020000
07-14 12:20:05.033 W/ResourceType(  595): No known package when getting name for resource number 0x9c020002
07-14 12:20:05.049 W/ResourceType(  595): No known package when getting name for resource number 0x9c030000
07-14 12:20:05.065 W/ResourceType(  595): No known package when getting name for resource number 0x9c020000
07-14 12:20:05.065 W/ResourceType(  595): No known package when getting name for resource number 0x9c020002
07-14 12:20:05.080 W/ResourceType(  595): No known package when getting name for resource number 0x9c030000
07-14 12:20:05.096 W/ResourceType(  595): No known package when getting name for resource number 0x9c020000
07-14 12:20:05.096 W/ResourceType(  595): No known package when getting name for resource number 0x9c020002
07-14 12:20:05.112 W/ResourceType(  595): No known package when getting name for resource number 0x9c030000
07-14 12:20:05.127 W/ResourceType(  595): No known package when getting name for resource number 0x9c020000
07-14 12:20:05.135 W/ResourceType(  595): No known package when getting name for resource number 0x9c020002
07-14 12:20:05.151 W/ResourceType(  595): No known package when getting name for resource number 0x9c030000
07-14 12:20:05.158 D/dalvikvm( 4683): GC_CONCURRENT freed 425K, 51% free 658K/1332K, paused 0ms+1ms, total 7ms
07-14 12:20:05.166 W/ResourceType(  595): No known package when getting name for resource number 0x9c020000
07-14 12:20:05.166 W/ResourceType(  595): No known package when getting name for resource number 0x9c020002
07-14 12:20:05.182 W/ResourceType(  595): No known package when getting name for resource number 0x9c030000
07-14 12:20:05.205 W/ResourceType(  595): No known package when getting name for resource number 0x9c020000
07-14 12:20:05.205 W/ResourceType(  595): No known package when getting name for resource number 0x9c020002
07-14 12:20:05.221 W/ResourceType(  595): No known package when getting name for resource number 0x9c030000
07-14 12:20:05.237 W/ResourceType(  595): No known package when getting name for resource number 0x9c020000
07-14 12:20:05.237 W/ResourceType(  595): No known package when getting name for resource number 0x9c020002
07-14 12:20:05.252 W/ResourceType(  595): No known package when getting name for resource number 0x9c030000
07-14 12:20:05.268 W/ResourceType(  595): No known package when getting name for resource number 0x9c020000
07-14 12:20:05.276 W/ResourceType(  595): No known package when getting name for resource number 0x9c020002
07-14 12:20:05.283 W/ResourceType(  595): No known package when getting name for resource number 0x9c030000
07-14 12:20:05.307 W/ResourceType(  595): No known package when getting name for resource number 0x9c020000
07-14 12:20:05.307 W/ResourceType(  595): No known package when getting name for resource number 0x9c020002
07-14 12:20:05.323 W/ResourceType(  595): No known package when getting name for resource number 0x9c030000
07-14 12:20:05.338 D/dalvikvm( 4683): GC_CONCURRENT freed 427K, 51% free 657K/1332K, paused 1ms+1ms, total 9ms
07-14 12:20:05.338 W/ResourceType(  595): No known package when getting name for resource number 0x9c020000
07-14 12:20:05.338 W/ResourceType(  595): No known package when getting name for resource number 0x9c020002
07-14 12:20:05.354 W/ResourceType(  595): No known package when getting name for resource number 0x9c030000
07-14 12:20:05.377 W/ResourceType(  595): No known package when getting name for resource number 0x9c020000
07-14 12:20:05.377 W/ResourceType(  595): No known package when getting name for resource number 0x9c020002
07-14 12:20:05.393 W/ResourceType(  595): No known package when getting name for resource number 0x9c030000
07-14 12:20:05.408 W/ResourceType(  595): No known package when getting name for resource number 0x9c020000
07-14 12:20:05.408 W/ResourceType(  595): No known package when getting name for resource number 0x9c020002
07-14 12:20:05.424 W/ResourceType(  595): No known package when getting name for resource number 0x9c030000
07-14 12:20:05.440 W/ResourceType(  595): No known package when getting name for resource number 0x9c020000
07-14 12:20:05.448 W/ResourceType(  595): No known package when getting name for resource number 0x9c020002
07-14 12:20:05.455 W/ResourceType(  595): No known package when getting name for resource number 0x9c030000
07-14 12:20:05.479 W/ResourceType(  595): No known package when getting name for resource number 0x9c020000
07-14 12:20:05.479 W/ResourceType(  595): No known package when getting name for resource number 0x9c020002
07-14 12:20:05.494 W/ResourceType(  595): No known package when getting name for resource number 0x9c030000
07-14 12:20:05.510 D/dalvikvm( 4683): GC_CONCURRENT freed 425K, 51% free 658K/1332K, paused 1ms+1ms, total 10ms
07-14 12:20:05.510 W/ResourceType(  595): No known package when getting name for resource number 0x9c020000
07-14 12:20:05.510 W/ResourceType(  595): No known package when getting name for resource number 0x9c020002
07-14 12:20:05.526 W/ResourceType(  595): No known package when getting name for resource number 0x9c030000
07-14 12:20:05.549 W/ResourceType(  595): No known package when getting name for resource number 0x9c020000
07-14 12:20:05.549 W/ResourceType(  595): No known package when getting name for resource number 0x9c020002
07-14 12:20:05.565 W/ResourceType(  595): No known package when getting name for resource number 0x9c030000
07-14 12:20:05.580 W/ResourceType(  595): No known package when getting name for resource number 0x9c020000
07-14 12:20:05.580 W/ResourceType(  595): No known package when getting name for resource number 0x9c020002
07-14 12:20:05.596 W/ResourceType(  595): No known package when getting name for resource number 0x9c030000
07-14 12:20:05.612 W/ResourceType(  595): No known package when getting name for resource number 0x9c020000
07-14 12:20:05.612 W/ResourceType(  595): No known package when getting name for resource number 0x9c020002
07-14 12:20:05.627 W/ResourceType(  595): No known package when getting name for resource number 0x9c030000
07-14 12:20:05.651 W/ResourceType(  595): No known package when getting name for resource number 0x9c020000
07-14 12:20:05.651 W/ResourceType(  595): No known package when getting name for resource number 0x9c020002
07-14 12:20:05.658 W/ResourceType(  595): No known package when getting name for resource number 0x9c030000
07-14 12:20:05.674 D/dalvikvm( 4683): GC_CONCURRENT freed 427K, 51% free 657K/1332K, paused 1ms+1ms, total 8ms
07-14 12:20:05.682 W/ResourceType(  595): No known package when getting name for resource number 0x9c020000
07-14 12:20:05.682 W/ResourceType(  595): No known package when getting name for resource number 0x9c020002
07-14 12:20:05.698 W/ResourceType(  595): No known package when getting name for resource number 0x9c030000
07-14 12:20:05.721 W/ResourceType(  595): No known package when getting name for resource number 0x9c020000
07-14 12:20:05.721 W/ResourceType(  595): No known package when getting name for resource number 0x9c020002
07-14 12:20:05.737 W/ResourceType(  595): No known package when getting name for resource number 0x9c030000
07-14 12:20:05.752 W/ResourceType(  595): No known package when getting name for resource number 0x9c020000
07-14 12:20:05.752 W/ResourceType(  595): No known package when getting name for resource number 0x9c020002
07-14 12:20:05.768 W/ResourceType(  595): No known package when getting name for resource number 0x9c030000
07-14 12:20:05.783 W/ResourceType(  595): No known package when getting name for resource number 0x9c020000
07-14 12:20:05.791 W/ResourceType(  595): No known package when getting name for resource number 0x9c020002
07-14 12:20:05.799 W/ResourceType(  595): No known package when getting name for resource number 0x9c030000
07-14 12:20:05.823 W/ResourceType(  595): No known package when getting name for resource number 0x9c020000
07-14 12:20:05.823 W/ResourceType(  595): No known package when getting name for resource number 0x9c020002
07-14 12:20:05.838 W/ResourceType(  595): No known package when getting name for resource number 0x9c030000
07-14 12:20:05.846 D/dalvikvm( 4683): GC_CONCURRENT freed 425K, 51% free 658K/1332K, paused 1ms+1ms, total 9ms
07-14 12:20:05.854 W/ResourceType(  595): No known package when getting name for resource number 0x9c020000
07-14 12:20:05.854 W/ResourceType(  595): No known package when getting name for resource number 0x9c020002
07-14 12:20:05.869 W/ResourceType(  595): No known package when getting name for resource number 0x9c030000
07-14 12:20:05.885 W/ResourceType(  595): No known package when getting name for resource number 0x9c020000
07-14 12:20:05.893 W/ResourceType(  595): No known package when getting name for resource number 0x9c020002
07-14 12:20:05.901 W/ResourceType(  595): No known package when getting name for resource number 0x9c030000
07-14 12:20:05.924 W/ResourceType(  595): No known package when getting name for resource number 0x9c020000
07-14 12:20:05.924 W/ResourceType(  595): No known package when getting name for resource number 0x9c020002
07-14 12:20:05.940 W/ResourceType(  595): No known package when getting name for resource number 0x9c030000
07-14 12:20:05.955 W/ResourceType(  595): No known package when getting name for resource number 0x9c020000
07-14 12:20:05.963 W/ResourceType(  595): No known package when getting name for resource number 0x9c020002
07-14 12:20:05.971 W/ResourceType(  595): No known package when getting name for resource number 0x9c030000
07-14 12:20:05.994 W/ResourceType(  595): No known package when getting name for resource number 0x9c020000
07-14 12:20:05.994 W/ResourceType(  595): No known package when getting name for resource number 0x9c020002
07-14 12:20:06.010 W/ResourceType(  595): No known package when getting name for resource number 0x9c030000
07-14 12:20:06.026 D/dalvikvm( 4683): GC_CONCURRENT freed 427K, 51% free 657K/1332K, paused 1ms+2ms, total 9ms
07-14 12:20:06.033 W/ResourceType(  595): No known package when getting name for resource number 0x9c020000
07-14 12:20:06.033 W/ResourceType(  595): No known package when getting name for resource number 0x9c020002
07-14 12:20:06.057 D/dalvikvm(  595): GC_CONCURRENT freed 1868K, 14% free 14809K/17168K, paused 3ms+7ms, total 67ms
07-14 12:20:06.065 W/ResourceType(  595): No known package when getting name for resource number 0x9c030000
07-14 12:20:06.088 W/ResourceType(  595): No known package when getting name for resource number 0x9c020000
07-14 12:20:06.088 W/ResourceType(  595): No known package when getting name for resource number 0x9c020002
07-14 12:20:06.104 W/ResourceType(  595): No known package when getting name for resource number 0x9c030000
07-14 12:20:06.119 W/ResourceType(  595): No known package when getting name for resource number 0x9c020000
07-14 12:20:06.119 W/ResourceType(  595): No known package when getting name for resource number 0x9c020002
07-14 12:20:06.135 W/ResourceType(  595): No known package when getting name for resource number 0x9c030000
07-14 12:20:06.158 W/ResourceType(  595): No known package when getting name for resource number 0x9c020000
07-14 12:20:06.158 W/ResourceType(  595): No known package when getting name for resource number 0x9c020002
07-14 12:20:06.174 W/ResourceType(  595): No known package when getting name for resource number 0x9c030000
07-14 12:20:06.190 W/ResourceType(  595): No known package when getting name for resource number 0x9c020000
07-14 12:20:06.190 W/ResourceType(  595): No known package when getting name for resource number 0x9c020002
07-14 12:20:06.205 W/ResourceType(  595): No known package when getting name for resource number 0x9c030000
07-14 12:20:06.221 D/dalvikvm( 4683): GC_CONCURRENT freed 425K, 51% free 658K/1332K, paused 0ms+1ms, total 7ms
07-14 12:20:06.229 W/ResourceType(  595): No known package when getting name for resource number 0x9c020000
07-14 12:20:06.229 W/ResourceType(  595): No known package when getting name for resource number 0x9c020002
07-14 12:20:06.244 W/ResourceType(  595): No known package when getting name for resource number 0x9c030000
07-14 12:20:06.260 W/ResourceType(  595): No known package when getting name for resource number 0x9c020000
07-14 12:20:06.260 W/ResourceType(  595): No known package when getting name for resource number 0x9c020002
07-14 12:20:06.276 W/ResourceType(  595): No known package when getting name for resource number 0x9c030000
07-14 12:20:06.299 W/ResourceType(  595): No known package when getting name for resource number 0x9c020000
07-14 12:20:06.299 W/ResourceType(  595): No known package when getting name for resource number 0x9c020002
07-14 12:20:06.315 W/ResourceType(  595): No known package when getting name for resource number 0x9c030000
07-14 12:20:06.330 W/ResourceType(  595): No known package when getting name for resource number 0x9c020000
07-14 12:20:06.330 W/ResourceType(  595): No known package when getting name for resource number 0x9c020002
07-14 12:20:06.346 W/ResourceType(  595): No known package when getting name for resource number 0x9c030000
07-14 12:20:06.362 W/ResourceType(  595): No known package when getting name for resource number 0x9c020000
07-14 12:20:06.362 W/ResourceType(  595): No known package when getting name for resource number 0x9c020002
07-14 12:20:06.377 W/ResourceType(  595): No known package when getting name for resource number 0x9c030000
07-14 12:20:06.393 D/dalvikvm( 4683): GC_CONCURRENT freed 427K, 51% free 657K/1332K, paused 1ms+1ms, total 9ms
07-14 12:20:06.393 W/ResourceType(  595): No known package when getting name for resource number 0x9c020000
07-14 12:20:06.401 W/ResourceType(  595): No known package when getting name for resource number 0x9c020002
07-14 12:20:06.408 W/ResourceType(  595): No known package when getting name for resource number 0x9c030000
07-14 12:20:06.432 W/ResourceType(  595): No known package when getting name for resource number 0x9c020000
07-14 12:20:06.432 W/ResourceType(  595): No known package when getting name for resource number 0x9c020002
07-14 12:20:06.448 W/ResourceType(  595): No known package when getting name for resource number 0x9c030000
07-14 12:20:06.463 W/ResourceType(  595): No known package when getting name for resource number 0x9c020000
07-14 12:20:06.463 W/ResourceType(  595): No known package when getting name for resource number 0x9c020002
07-14 12:20:06.479 W/ResourceType(  595): No known package when getting name for resource number 0x9c030000
07-14 12:20:06.502 W/ResourceType(  595): No known package when getting name for resource number 0x9c020000
07-14 12:20:06.502 W/ResourceType(  595): No known package when getting name for resource number 0x9c020002
07-14 12:20:06.518 W/ResourceType(  595): No known package when getting name for resource number 0x9c030000
07-14 12:20:06.533 W/ResourceType(  595): No known package when getting name for resource number 0x9c020000
07-14 12:20:06.533 W/ResourceType(  595): No known package when getting name for resource number 0x9c020002
07-14 12:20:06.549 W/ResourceType(  595): No known package when getting name for resource number 0x9c030000
07-14 12:20:06.565 D/dalvikvm( 4683): GC_CONCURRENT freed 425K, 51% free 658K/1332K, paused 0ms+0ms, total 7ms
07-14 12:20:06.565 W/ResourceType(  595): No known package when getting name for resource number 0x9c020000
07-14 12:20:06.573 W/ResourceType(  595): No known package when getting name for resource number 0x9c020002
07-14 12:20:06.580 W/ResourceType(  595): No known package when getting name for resource number 0x9c030000
07-14 12:20:06.604 W/ResourceType(  595): No known package when getting name for resource number 0x9c020000
07-14 12:20:06.604 W/ResourceType(  595): No known package when getting name for resource number 0x9c020002
07-14 12:20:06.619 W/ResourceType(  595): No known package when getting name for resource number 0x9c030000
07-14 12:20:06.635 W/ResourceType(  595): No known package when getting name for resource number 0x9c020000
07-14 12:20:06.635 W/ResourceType(  595): No known package when getting name for resource number 0x9c020002
07-14 12:20:06.651 W/ResourceType(  595): No known package when getting name for resource number 0x9c030000
07-14 12:20:06.666 W/ResourceType(  595): No known package when getting name for resource number 0x9c020000
07-14 12:20:06.674 W/ResourceType(  595): No known package when getting name for resource number 0x9c020002
07-14 12:20:06.690 W/ResourceType(  595): No known package when getting name for resource number 0x9c030000
07-14 12:20:06.705 W/ResourceType(  595): No known package when getting name for resource number 0x9c020000
07-14 12:20:06.705 W/ResourceType(  595): No known package when getting name for resource number 0x9c020002
07-14 12:20:06.729 W/ResourceType(  595): No known package when getting name for resource number 0x9c030000
07-14 12:20:06.744 D/dalvikvm( 4683): GC_CONCURRENT freed 427K, 51% free 657K/1332K, paused 1ms+1ms, total 8ms
07-14 12:20:06.744 W/ResourceType(  595): No known package when getting name for resource number 0x9c020000
07-14 12:20:06.744 W/ResourceType(  595): No known package when getting name for resource number 0x9c020002
07-14 12:20:06.760 W/ResourceType(  595): No known package when getting name for resource number 0x9c030000
07-14 12:20:06.783 W/ResourceType(  595): No known package when getting name for resource number 0x9c020000
07-14 12:20:06.783 W/ResourceType(  595): No known package when getting name for resource number 0x9c020002
07-14 12:20:06.799 W/ResourceType(  595): No known package when getting name for resource number 0x9c030000
07-14 12:20:06.815 W/ResourceType(  595): No known package when getting name for resource number 0x9c020000
07-14 12:20:06.815 W/ResourceType(  595): No known package when getting name for resource number 0x9c020002
07-14 12:20:06.838 W/ResourceType(  595): No known package when getting name for resource number 0x9c030000
07-14 12:20:06.854 W/ResourceType(  595): No known package when getting name for resource number 0x9c020000
07-14 12:20:06.854 W/ResourceType(  595): No known package when getting name for resource number 0x9c020002
07-14 12:20:06.869 W/ResourceType(  595): No known package when getting name for resource number 0x9c030000
07-14 12:20:06.885 W/ResourceType(  595): No known package when getting name for resource number 0x9c020000
07-14 12:20:06.885 W/ResourceType(  595): No known package when getting name for resource number 0x9c020002
07-14 12:20:06.901 W/ResourceType(  595): No known package when getting name for resource number 0x9c030000
07-14 12:20:06.916 D/dalvikvm( 4683): GC_CONCURRENT freed 425K, 51% free 658K/1332K, paused 2ms+1ms, total 9ms
07-14 12:20:06.924 W/ResourceType(  595): No known package when getting name for resource number 0x9c020000
07-14 12:20:06.924 W/ResourceType(  595): No known package when getting name for resource number 0x9c020002
07-14 12:20:06.940 W/ResourceType(  595): No known package when getting name for resource number 0x9c030000
07-14 12:20:06.955 W/ResourceType(  595): No known package when getting name for resource number 0x9c020000
07-14 12:20:06.955 W/ResourceType(  595): No known package when getting name for resource number 0x9c020002
07-14 12:20:06.971 W/ResourceType(  595): No known package when getting name for resource number 0x9c030000
07-14 12:20:06.994 W/ResourceType(  595): No known package when getting name for resource number 0x9c020000
