07-14 11:59:17.299 I/ActivityManager(  374):   Force stopping service ServiceRecord{43180950 u0 com.pekall.emdm/.contacts.service.PhoneService}
07-14 11:59:17.299 I/ActivityManager(  374):   Force stopping service ServiceRecord{42f38328 u0 com.pekall.emdm/.messagecenter.controller.MessageCenterService}
07-14 11:59:17.346 I/ActivityManager(  374): Start proc com.google.android.gms for broadcast com.google.android.gms/.common.receiver.SystemBroadcastReceiver: pid=3453 uid=10009 gids={50009, 3003, 1007, 1028, 1015, 1006, 2001, 3006}
07-14 11:59:17.838 W/InputMethodManagerService(  374): Window already focused, ignoring focus gain of: com.android.internal.view.IInputMethodClient$Stub$Proxy@42e44e40 attribute=null, token = android.os.BinderProxy@42c99068
07-14 11:59:19.190 W/ViewRootImpl( 3178): Dropping event due to no window focus: KeyEvent { action=ACTION_DOWN, keyCode=KEYCODE_BACK, scanCode=0, metaState=0, flags=0x48, repeatCount=0, eventTime=497605, downTime=497605, deviceId=-1, source=0x101 }
07-14 11:59:19.698 W/ActivityManager(  374): Duplicate finish request for ActivityRecord{42bb5950 u0 com.android.settings/.SubSettings}
07-14 11:59:25.877 W/ViewRootImpl(  595): Dropping event due to no window focus: KeyEvent { action=ACTION_DOWN, keyCode=KEYCODE_BACK, scanCode=0, metaState=0, flags=0x48, repeatCount=0, eventTime=504212, downTime=504212, deviceId=-1, source=0x101 }
07-14 11:59:26.393 I/ActivityManager(  374): No longer want com.google.android.apps.uploader (pid 2179): empty #17
07-14 11:59:28.237 I/ActivityManager(  374): START u0 {act=android.intent.action.MAIN cat=[android.intent.category.LAUNCHER] flg=0x10200000 cmp=com.pekall.emdm/.ui.SplashActivity} from pid 595
07-14 11:59:28.549 I/ActivityManager(  374): Start proc com.pekall.emdm for activity com.pekall.emdm/.ui.SplashActivity: pid=3494 uid=10066 gids={50066, 1015, 3002, 3001, 3003, 1028}
07-14 11:59:29.135 W/MountService(  374): getVolumeState(/storage/emulated/0/external_sd): Unknown volume
07-14 11:59:29.135 W/MountService(  374): getVolumeState(/mnt/sdcard-ext): Unknown volume
07-14 11:59:29.135 W/MountService(  374): getVolumeState(/mnt/ext_sdcard): Unknown volume
07-14 11:59:29.135 W/MountService(  374): getVolumeState(/mnt/sdcard2): Unknown volume
07-14 11:59:29.135 W/MountService(  374): getVolumeState(/mnt/emmc): Unknown volume
07-14 11:59:29.135 W/MountService(  374): getVolumeState(/mnt/extSdCard): Unknown volume
07-14 11:59:29.135 W/MountService(  374): getVolumeState(/mnt/sdcard/SD_CARD): Unknown volume
07-14 11:59:29.135 W/MountService(  374): getVolumeState(/mnt/sdcard/extra_sd): Unknown volume
07-14 11:59:29.143 W/MountService(  374): getVolumeState(/mnt/extrasd_bind): Unknown volume
07-14 11:59:29.143 W/MountService(  374): getVolumeState(/mnt/sdcard/ext_sd): Unknown volume
07-14 11:59:29.151 W/MountService(  374): getVolumeState(/storage/extSdCard): Unknown volume
07-14 11:59:29.151 W/MountService(  374): getVolumeState(/storage/sdcard1): Unknown volume
07-14 11:59:29.151 W/MountService(  374): getVolumeState(/mnt/sdcard/external_SD): Unknown volume
07-14 11:59:29.174 W/MountService(  374): getVolumeState(/mnt/sdcard/external_sd): Unknown volume
07-14 11:59:29.643 W/MountService(  374): getVolumeState(/storage/emulated/0/external_sd): Unknown volume
07-14 11:59:29.651 W/MountService(  374): getVolumeState(/mnt/sdcard-ext): Unknown volume
07-14 11:59:29.651 W/MountService(  374): getVolumeState(/mnt/ext_sdcard): Unknown volume
07-14 11:59:29.651 W/MountService(  374): getVolumeState(/mnt/sdcard2): Unknown volume
07-14 11:59:29.651 W/MountService(  374): getVolumeState(/mnt/emmc): Unknown volume
07-14 11:59:29.658 W/MountService(  374): getVolumeState(/mnt/extSdCard): Unknown volume
07-14 11:59:29.658 W/MountService(  374): getVolumeState(/mnt/sdcard/SD_CARD): Unknown volume
07-14 11:59:29.658 W/MountService(  374): getVolumeState(/mnt/sdcard/extra_sd): Unknown volume
07-14 11:59:29.666 W/MountService(  374): getVolumeState(/mnt/extrasd_bind): Unknown volume
07-14 11:59:29.674 W/MountService(  374): getVolumeState(/mnt/sdcard/ext_sd): Unknown volume
07-14 11:59:29.674 W/MountService(  374): getVolumeState(/storage/extSdCard): Unknown volume
07-14 11:59:29.674 W/MountService(  374): getVolumeState(/storage/sdcard1): Unknown volume
07-14 11:59:29.674 W/MountService(  374): getVolumeState(/mnt/sdcard/external_SD): Unknown volume
07-14 11:59:29.682 W/MountService(  374): getVolumeState(/mnt/sdcard/external_sd): Unknown volume
07-14 11:59:30.299 W/ActivityManager(  374): Unable to start service Intent { cmp=com.pekall.emdm/com.pekall.semail.service.AttachmentDownloadService } U=0: not found
07-14 11:59:30.533 I/ActivityManager(  374): No longer want com.google.android.youtube (pid 1904): empty #17
07-14 11:59:31.752 I/ActivityManager(  374): START u0 {cmp=com.pekall.emdm/.ui.AdvActivity} from pid 3494
07-14 11:59:32.057 I/WindowManager(  374): Screenshot max retries 4 of Token{42ea9760 ActivityRecord{42d631c8 u0 com.pekall.emdm/.ui.SplashActivity}} appWin=Window{42baec00 u0 com.pekall.emdm/com.pekall.emdm.ui.SplashActivity} drawState=1
07-14 11:59:32.057 W/WindowManager(  374): Screenshot failure taking screenshot for (720x1280) to layer 21010
07-14 11:59:32.385 W/InputMethodManagerService(  374): Focus gain on non-focused client com.android.internal.view.IInputMethodClient$Stub$Proxy@42d49128 (uid=10066 pid=3494)
07-14 11:59:32.565 W/ActivityManager(  374): Activity pause timeout for ActivityRecord{42d631c8 u0 com.pekall.emdm/.ui.SplashActivity}
07-14 11:59:36.088 I/ActivityManager(  374): START u0 {cmp=com.pekall.emdm/.ui.RegDeviceActivity} from pid 3494
07-14 11:59:45.963 I/ActivityManager(  374): No longer want com.qihoo360.mobilesafe (pid 2937): empty #17
07-14 12:00:17.401 W/InputMethodManagerService(  374): Window already focused, ignoring focus gain of: com.android.internal.view.IInputMethodClient$Stub$Proxy@42d6a048 attribute=android.view.inputmethod.EditorInfo@43073988, token = android.os.BinderProxy@42f5d000
07-14 12:00:29.151 W/MountService(  374): getVolumeState(/storage/emulated/0/external_sd): Unknown volume
07-14 12:00:29.151 W/MountService(  374): getVolumeState(/mnt/sdcard-ext): Unknown volume
07-14 12:00:29.158 W/MountService(  374): getVolumeState(/mnt/ext_sdcard): Unknown volume
07-14 12:00:29.158 W/MountService(  374): getVolumeState(/mnt/sdcard2): Unknown volume
07-14 12:00:29.158 W/MountService(  374): getVolumeState(/mnt/emmc): Unknown volume
07-14 12:00:29.158 W/MountService(  374): getVolumeState(/mnt/extSdCard): Unknown volume
07-14 12:00:29.158 W/MountService(  374): getVolumeState(/mnt/sdcard/SD_CARD): Unknown volume
07-14 12:00:29.158 W/MountService(  374): getVolumeState(/mnt/sdcard/extra_sd): Unknown volume
07-14 12:00:29.158 W/MountService(  374): getVolumeState(/mnt/extrasd_bind): Unknown volume
07-14 12:00:29.158 W/MountService(  374): getVolumeState(/mnt/sdcard/ext_sd): Unknown volume
07-14 12:00:29.166 W/MountService(  374): getVolumeState(/storage/extSdCard): Unknown volume
07-14 12:00:29.166 W/MountService(  374): getVolumeState(/storage/sdcard1): Unknown volume
07-14 12:00:29.166 W/MountService(  374): getVolumeState(/mnt/sdcard/external_SD): Unknown volume
07-14 12:00:29.166 W/MountService(  374): getVolumeState(/mnt/sdcard/external_sd): Unknown volume
07-14 12:00:29.440 W/MountService(  374): getVolumeState(/storage/emulated/0/external_sd): Unknown volume
07-14 12:00:29.440 W/MountService(  374): getVolumeState(/mnt/sdcard-ext): Unknown volume
07-14 12:00:29.440 W/MountService(  374): getVolumeState(/mnt/ext_sdcard): Unknown volume
07-14 12:00:29.440 W/MountService(  374): getVolumeState(/mnt/sdcard2): Unknown volume
07-14 12:00:29.448 W/MountService(  374): getVolumeState(/mnt/emmc): Unknown volume
07-14 12:00:29.448 W/MountService(  374): getVolumeState(/mnt/extSdCard): Unknown volume
07-14 12:00:29.448 W/MountService(  374): getVolumeState(/mnt/sdcard/SD_CARD): Unknown volume
07-14 12:00:29.448 W/MountService(  374): getVolumeState(/mnt/sdcard/extra_sd): Unknown volume
07-14 12:00:29.448 W/MountService(  374): getVolumeState(/mnt/extrasd_bind): Unknown volume
07-14 12:00:29.448 W/MountService(  374): getVolumeState(/mnt/sdcard/ext_sd): Unknown volume
07-14 12:00:29.455 W/MountService(  374): getVolumeState(/storage/extSdCard): Unknown volume
07-14 12:00:29.455 W/MountService(  374): getVolumeState(/storage/sdcard1): Unknown volume
07-14 12:00:29.455 W/MountService(  374): getVolumeState(/mnt/sdcard/external_SD): Unknown volume
07-14 12:00:29.455 W/MountService(  374): getVolumeState(/mnt/sdcard/external_sd): Unknown volume
07-14 12:00:34.010 W/InputMethodManagerService(  374): Window already focused, ignoring focus gain of: com.android.internal.view.IInputMethodClient$Stub$Proxy@42875468 attribute=android.view.inputmethod.EditorInfo@42cf6c50, token = android.os.BinderProxy@42f5d000
07-14 12:00:42.729 I/ActivityManager(  374): START u0 {cmp=com.pekall.emdm/.ui.ActiveDeviceAdminActivity} from pid 3494
07-14 12:00:44.518 I/ActivityManager(  374): Start proc com.pekall.emdm:remote for service com.pekall.emdm/com.baidu.location.f: pid=3709 uid=10066 gids={50066, 1015, 3002, 3001, 3003, 1028}
07-14 12:00:45.041 D/ActivityThread( 3709): Loading provider com.pekall.semail.provider;com.pekall.semail.notifier: com.pekall.semail.provider.EmailProvider
07-14 12:00:45.096 D/ActivityThread( 3709): Loading provider com.pekall.semail.provider;com.pekall.semail.notifier: com.pekall.semail.provider.EmailProvider
07-14 12:00:45.877 W/ActivityManager(  374): Unable to start service Intent { cmp=com.pekall.emdm/com.pekall.semail.service.AttachmentDownloadService } U=0: not found
07-14 12:00:46.518 I/ActivityManager(  374): START u0 {act=android.app.action.ADD_DEVICE_ADMIN cmp=com.android.settings/.DeviceAdminAdd (has extras)} from pid 3494
07-14 12:00:46.791 I/ActivityManager(  374): Process com.pekall.emdm:remote (pid 3709) has died.
07-14 12:00:48.565 I/ActivityManager(  374): START u0 {act=launcher.action.to.setPin cmp=com.pekall.emdm/.setting.SetPasswordActivity (has extras)} from pid 3494
07-14 12:00:50.573 I/ActivityManager(  374): START u0 {cmp=com.pekall.emdm/.ui.MainActivity (has extras)} from pid 3494
07-14 12:00:54.580 I/ActivityManager(  374): START u0 {cmp=com.pekall.emdm/.document.activity.DocMainActivity} from pid 3494
07-14 12:00:55.979 I/ActivityManager(  374): START u0 {cmp=com.pekall.emdm/.document.activity.CompanyDocActivity} from pid 3494
07-14 12:01:04.721 I/ActivityManager(  374): START u0 {cmp=com.pekall.emdm/.messagecenter.activity.MessageMainActivity} from pid 3494
07-14 12:01:09.869 I/ActivityManager(  374): START u0 {cmp=com.pekall.emdm/.document.activity.DocMainActivity} from pid 3494
07-14 12:01:15.432 I/ActivityManager(  374): START u0 {cmp=com.pekall.emdm/.document.activity.CompanyDocActivity} from pid 3494
07-14 12:01:29.198 W/MountService(  374): getVolumeState(/storage/emulated/0/external_sd): Unknown volume
07-14 12:01:29.205 W/MountService(  374): getVolumeState(/mnt/sdcard-ext): Unknown volume
07-14 12:01:29.205 W/MountService(  374): getVolumeState(/mnt/ext_sdcard): Unknown volume
07-14 12:01:29.205 W/MountService(  374): getVolumeState(/mnt/sdcard2): Unknown volume
07-14 12:01:29.213 W/MountService(  374): getVolumeState(/mnt/emmc): Unknown volume
07-14 12:01:29.213 W/MountService(  374): getVolumeState(/mnt/extSdCard): Unknown volume
07-14 12:01:29.213 W/MountService(  374): getVolumeState(/mnt/sdcard/SD_CARD): Unknown volume
07-14 12:01:29.213 W/MountService(  374): getVolumeState(/mnt/sdcard/extra_sd): Unknown volume
07-14 12:01:29.213 W/MountService(  374): getVolumeState(/mnt/extrasd_bind): Unknown volume
07-14 12:01:29.213 W/MountService(  374): getVolumeState(/mnt/sdcard/ext_sd): Unknown volume
07-14 12:01:29.221 W/MountService(  374): getVolumeState(/storage/extSdCard): Unknown volume
07-14 12:01:29.221 W/MountService(  374): getVolumeState(/storage/sdcard1): Unknown volume
07-14 12:01:29.221 W/MountService(  374): getVolumeState(/mnt/sdcard/external_SD): Unknown volume
07-14 12:01:29.229 W/MountService(  374): getVolumeState(/mnt/sdcard/external_sd): Unknown volume
07-14 12:01:29.440 W/MountService(  374): getVolumeState(/storage/emulated/0/external_sd): Unknown volume
07-14 12:01:29.440 W/MountService(  374): getVolumeState(/mnt/sdcard-ext): Unknown volume
07-14 12:01:29.440 W/MountService(  374): getVolumeState(/mnt/ext_sdcard): Unknown volume
07-14 12:01:29.448 W/MountService(  374): getVolumeState(/mnt/sdcard2): Unknown volume
07-14 12:01:29.448 W/MountService(  374): getVolumeState(/mnt/emmc): Unknown volume
07-14 12:01:29.448 W/MountService(  374): getVolumeState(/mnt/extSdCard): Unknown volume
07-14 12:01:29.448 W/MountService(  374): getVolumeState(/mnt/sdcard/SD_CARD): Unknown volume
07-14 12:01:29.448 W/MountService(  374): getVolumeState(/mnt/sdcard/extra_sd): Unknown volume
07-14 12:01:29.448 W/MountService(  374): getVolumeState(/mnt/extrasd_bind): Unknown volume
07-14 12:01:29.448 W/MountService(  374): getVolumeState(/mnt/sdcard/ext_sd): Unknown volume
07-14 12:01:29.448 W/MountService(  374): getVolumeState(/storage/extSdCard): Unknown volume
07-14 12:01:29.448 W/MountService(  374): getVolumeState(/storage/sdcard1): Unknown volume
07-14 12:01:29.448 W/MountService(  374): getVolumeState(/mnt/sdcard/external_SD): Unknown volume
07-14 12:01:29.455 W/MountService(  374): getVolumeState(/mnt/sdcard/external_sd): Unknown volume
07-14 12:01:45.369 I/PowerManagerService(  374): Going to sleep due to screen timeout...
07-14 12:01:51.393 D/PhoneStatusBar(  450): disable: < expand icons alerts ticker system_info back home RECENT* clock search >
07-14 12:01:51.565 D/PhoneStatusBar(  450): disable: < expand icons alerts ticker system_info BACK* HOME* RECENT CLOCK* search >
07-14 12:01:55.237 I/PowerManagerService(  374): Waking up from sleep...
07-14 12:01:55.346 I/WindowManager(  374): Lock screen displayed!
07-14 12:01:56.393 D/PhoneStatusBar(  450): disable: < expand icons alerts ticker system_info BACK HOME recent* CLOCK search >
07-14 12:01:56.463 D/PhoneStatusBar(  450): disable: < expand icons alerts ticker system_info back* home* recent clock* search >
07-14 12:01:56.471 W/InputMethodManagerService(  374): Window already focused, ignoring focus gain of: com.android.internal.view.IInputMethodClient$Stub$Proxy@42e96770 attribute=android.view.inputmethod.EditorInfo@42deb188, token = android.os.BinderProxy@4315d190
07-14 12:01:57.721 W/ViewRootImpl( 3494): Dropping event due to no window focus: KeyEvent { action=ACTION_DOWN, keyCode=KEYCODE_BACK, scanCode=0, metaState=0, flags=0x48, repeatCount=0, eventTime=656072, downTime=656072, deviceId=-1, source=0x101 }
07-14 12:01:58.252 W/ActivityManager(  374): Duplicate finish request for ActivityRecord{42f72148 u0 com.pekall.emdm/.document.activity.DocMainActivity}
07-14 12:01:58.768 W/ActivityManager(  374): Duplicate finish request for ActivityRecord{42e21bf0 u0 com.pekall.emdm/.ui.MainActivity}
07-14 12:01:59.393 I/ActivityManager(  374): No longer want com.qihoo360.mobilesafe:PcDaemon (pid 2983): empty #17
07-14 12:02:28.619 I/PowerManagerService(  374): Going to sleep due to screen timeout...
07-14 12:02:29.283 W/MountService(  374): getVolumeState(/storage/emulated/0/external_sd): Unknown volume
07-14 12:02:29.291 W/MountService(  374): getVolumeState(/mnt/sdcard-ext): Unknown volume
07-14 12:02:29.291 W/MountService(  374): getVolumeState(/mnt/ext_sdcard): Unknown volume
07-14 12:02:29.291 W/MountService(  374): getVolumeState(/mnt/sdcard2): Unknown volume
07-14 12:02:29.291 W/MountService(  374): getVolumeState(/mnt/emmc): Unknown volume
07-14 12:02:29.291 W/MountService(  374): getVolumeState(/mnt/extSdCard): Unknown volume
07-14 12:02:29.291 W/MountService(  374): getVolumeState(/mnt/sdcard/SD_CARD): Unknown volume
07-14 12:02:29.291 W/MountService(  374): getVolumeState(/mnt/sdcard/extra_sd): Unknown volume
07-14 12:02:29.299 W/MountService(  374): getVolumeState(/mnt/extrasd_bind): Unknown volume
07-14 12:02:29.299 W/MountService(  374): getVolumeState(/mnt/sdcard/ext_sd): Unknown volume
07-14 12:02:29.299 W/MountService(  374): getVolumeState(/storage/extSdCard): Unknown volume
07-14 12:02:29.299 W/MountService(  374): getVolumeState(/storage/sdcard1): Unknown volume
07-14 12:02:29.299 W/MountService(  374): getVolumeState(/mnt/sdcard/external_SD): Unknown volume
07-14 12:02:29.299 W/MountService(  374): getVolumeState(/mnt/sdcard/external_sd): Unknown volume
07-14 12:02:29.908 W/MountService(  374): getVolumeState(/storage/emulated/0/external_sd): Unknown volume
07-14 12:02:29.908 W/MountService(  374): getVolumeState(/mnt/sdcard-ext): Unknown volume
07-14 12:02:29.908 W/MountService(  374): getVolumeState(/mnt/ext_sdcard): Unknown volume
07-14 12:02:29.908 W/MountService(  374): getVolumeState(/mnt/sdcard2): Unknown volume
07-14 12:02:29.908 W/MountService(  374): getVolumeState(/mnt/emmc): Unknown volume
07-14 12:02:29.908 W/MountService(  374): getVolumeState(/mnt/extSdCard): Unknown volume
07-14 12:02:29.908 W/MountService(  374): getVolumeState(/mnt/sdcard/SD_CARD): Unknown volume
07-14 12:02:29.916 W/MountService(  374): getVolumeState(/mnt/sdcard/extra_sd): Unknown volume
07-14 12:02:29.916 W/MountService(  374): getVolumeState(/mnt/extrasd_bind): Unknown volume
07-14 12:02:29.916 W/MountService(  374): getVolumeState(/mnt/sdcard/ext_sd): Unknown volume
07-14 12:02:29.916 W/MountService(  374): getVolumeState(/storage/extSdCard): Unknown volume
07-14 12:02:29.916 W/MountService(  374): getVolumeState(/storage/sdcard1): Unknown volume
07-14 12:02:29.916 W/MountService(  374): getVolumeState(/mnt/sdcard/external_SD): Unknown volume
07-14 12:02:29.916 W/MountService(  374): getVolumeState(/mnt/sdcard/external_sd): Unknown volume
07-14 12:02:34.674 D/PhoneStatusBar(  450): disable: < expand icons alerts ticker system_info back home RECENT* clock search >
07-14 12:02:34.846 D/PhoneStatusBar(  450): disable: < expand icons alerts ticker system_info BACK* HOME* RECENT CLOCK* search >
07-14 12:03:29.408 W/MountService(  374): getVolumeState(/storage/emulated/0/external_sd): Unknown volume
07-14 12:03:29.408 W/MountService(  374): getVolumeState(/mnt/sdcard-ext): Unknown volume
07-14 12:03:29.408 W/MountService(  374): getVolumeState(/mnt/ext_sdcard): Unknown volume
07-14 12:03:29.408 W/MountService(  374): getVolumeState(/mnt/sdcard2): Unknown volume
07-14 12:03:29.408 W/MountService(  374): getVolumeState(/mnt/emmc): Unknown volume
07-14 12:03:29.408 W/MountService(  374): getVolumeState(/mnt/extSdCard): Unknown volume
07-14 12:03:29.408 W/MountService(  374): getVolumeState(/mnt/sdcard/SD_CARD): Unknown volume
07-14 12:03:29.416 W/MountService(  374): getVolumeState(/mnt/sdcard/extra_sd): Unknown volume
07-14 12:03:29.416 W/MountService(  374): getVolumeState(/mnt/extrasd_bind): Unknown volume
07-14 12:03:29.416 W/MountService(  374): getVolumeState(/mnt/sdcard/ext_sd): Unknown volume
07-14 12:03:29.416 W/MountService(  374): getVolumeState(/storage/extSdCard): Unknown volume
07-14 12:03:29.416 W/MountService(  374): getVolumeState(/storage/sdcard1): Unknown volume
07-14 12:03:29.416 W/MountService(  374): getVolumeState(/mnt/sdcard/external_SD): Unknown volume
07-14 12:03:29.416 W/MountService(  374): getVolumeState(/mnt/sdcard/external_sd): Unknown volume
07-14 12:03:29.643 W/MountService(  374): getVolumeState(/storage/emulated/0/external_sd): Unknown volume
07-14 12:03:29.651 W/MountService(  374): getVolumeState(/mnt/sdcard-ext): Unknown volume
07-14 12:03:29.651 W/MountService(  374): getVolumeState(/mnt/ext_sdcard): Unknown volume
07-14 12:03:29.651 W/MountService(  374): getVolumeState(/mnt/sdcard2): Unknown volume
07-14 12:03:29.651 W/MountService(  374): getVolumeState(/mnt/emmc): Unknown volume
07-14 12:03:29.651 W/MountService(  374): getVolumeState(/mnt/extSdCard): Unknown volume
07-14 12:03:29.651 W/MountService(  374): getVolumeState(/mnt/sdcard/SD_CARD): Unknown volume
07-14 12:03:29.651 W/MountService(  374): getVolumeState(/mnt/sdcard/extra_sd): Unknown volume
07-14 12:03:29.651 W/MountService(  374): getVolumeState(/mnt/extrasd_bind): Unknown volume
07-14 12:03:29.651 W/MountService(  374): getVolumeState(/mnt/sdcard/ext_sd): Unknown volume
07-14 12:03:29.651 W/MountService(  374): getVolumeState(/storage/extSdCard): Unknown volume
07-14 12:03:29.651 W/MountService(  374): getVolumeState(/storage/sdcard1): Unknown volume
07-14 12:03:29.658 W/MountService(  374): getVolumeState(/mnt/sdcard/external_SD): Unknown volume
07-14 12:03:29.658 W/MountService(  374): getVolumeState(/mnt/sdcard/external_sd): Unknown volume
07-14 12:04:29.455 W/MountService(  374): getVolumeState(/storage/emulated/0/external_sd): Unknown volume
07-14 12:04:29.463 W/MountService(  374): getVolumeState(/mnt/sdcard-ext): Unknown volume
07-14 12:04:29.463 W/MountService(  374): getVolumeState(/mnt/ext_sdcard): Unknown volume
07-14 12:04:29.463 W/MountService(  374): getVolumeState(/mnt/sdcard2): Unknown volume
07-14 12:04:29.463 W/MountService(  374): getVolumeState(/mnt/emmc): Unknown volume
07-14 12:04:29.463 W/MountService(  374): getVolumeState(/mnt/extSdCard): Unknown volume
07-14 12:04:29.463 W/MountService(  374): getVolumeState(/mnt/sdcard/SD_CARD): Unknown volume
07-14 12:04:29.463 W/MountService(  374): getVolumeState(/mnt/sdcard/extra_sd): Unknown volume
07-14 12:04:29.463 W/MountService(  374): getVolumeState(/mnt/extrasd_bind): Unknown volume
07-14 12:04:29.471 W/MountService(  374): getVolumeState(/mnt/sdcard/ext_sd): Unknown volume
07-14 12:04:29.471 W/MountService(  374): getVolumeState(/storage/extSdCard): Unknown volume
07-14 12:04:29.471 W/MountService(  374): getVolumeState(/storage/sdcard1): Unknown volume
07-14 12:04:29.471 W/MountService(  374): getVolumeState(/mnt/sdcard/external_SD): Unknown volume
07-14 12:04:29.471 W/MountService(  374): getVolumeState(/mnt/sdcard/external_sd): Unknown volume
07-14 12:04:29.682 W/MountService(  374): getVolumeState(/storage/emulated/0/external_sd): Unknown volume
07-14 12:04:29.682 W/MountService(  374): getVolumeState(/mnt/sdcard-ext): Unknown volume
07-14 12:04:29.682 W/MountService(  374): getVolumeState(/mnt/ext_sdcard): Unknown volume
07-14 12:04:29.682 W/MountService(  374): getVolumeState(/mnt/sdcard2): Unknown volume
07-14 12:04:29.690 W/MountService(  374): getVolumeState(/mnt/emmc): Unknown volume
07-14 12:04:29.690 W/MountService(  374): getVolumeState(/mnt/extSdCard): Unknown volume
07-14 12:04:29.690 W/MountService(  374): getVolumeState(/mnt/sdcard/SD_CARD): Unknown volume
07-14 12:04:29.690 W/MountService(  374): getVolumeState(/mnt/sdcard/extra_sd): Unknown volume
07-14 12:04:29.690 W/MountService(  374): getVolumeState(/mnt/extrasd_bind): Unknown volume
07-14 12:04:29.690 W/MountService(  374): getVolumeState(/mnt/sdcard/ext_sd): Unknown volume
07-14 12:04:29.698 W/MountService(  374): getVolumeState(/storage/extSdCard): Unknown volume
07-14 12:04:29.698 W/MountService(  374): getVolumeState(/storage/sdcard1): Unknown volume
07-14 12:04:29.698 W/MountService(  374): getVolumeState(/mnt/sdcard/external_SD): Unknown volume
07-14 12:04:29.698 W/MountService(  374): getVolumeState(/mnt/sdcard/external_sd): Unknown volume
07-14 12:05:29.557 W/MountService(  374): getVolumeState(/storage/emulated/0/external_sd): Unknown volume
07-14 12:05:29.557 W/MountService(  374): getVolumeState(/mnt/sdcard-ext): Unknown volume
07-14 12:05:29.557 W/MountService(  374): getVolumeState(/mnt/ext_sdcard): Unknown volume
07-14 12:05:29.557 W/MountService(  374): getVolumeState(/mnt/sdcard2): Unknown volume
07-14 12:05:29.557 W/MountService(  374): getVolumeState(/mnt/emmc): Unknown volume
07-14 12:05:29.557 W/MountService(  374): getVolumeState(/mnt/extSdCard): Unknown volume
07-14 12:05:29.557 W/MountService(  374): getVolumeState(/mnt/sdcard/SD_CARD): Unknown volume
07-14 12:05:29.557 W/MountService(  374): getVolumeState(/mnt/sdcard/extra_sd): Unknown volume
07-14 12:05:29.565 W/MountService(  374): getVolumeState(/mnt/extrasd_bind): Unknown volume
07-14 12:05:29.565 W/MountService(  374): getVolumeState(/mnt/sdcard/ext_sd): Unknown volume
07-14 12:05:29.565 W/MountService(  374): getVolumeState(/storage/extSdCard): Unknown volume
07-14 12:05:29.565 W/MountService(  374): getVolumeState(/storage/sdcard1): Unknown volume
07-14 12:05:29.565 W/MountService(  374): getVolumeState(/mnt/sdcard/external_SD): Unknown volume
07-14 12:05:29.565 W/MountService(  374): getVolumeState(/mnt/sdcard/external_sd): Unknown volume
07-14 12:05:29.815 W/MountService(  374): getVolumeState(/storage/emulated/0/external_sd): Unknown volume
07-14 12:05:29.823 W/MountService(  374): getVolumeState(/mnt/sdcard-ext): Unknown volume
07-14 12:05:29.823 W/MountService(  374): getVolumeState(/mnt/ext_sdcard): Unknown volume
07-14 12:05:29.823 W/MountService(  374): getVolumeState(/mnt/sdcard2): Unknown volume
07-14 12:05:29.823 W/MountService(  374): getVolumeState(/mnt/emmc): Unknown volume
07-14 12:05:29.823 W/MountService(  374): getVolumeState(/mnt/extSdCard): Unknown volume
07-14 12:05:29.830 W/MountService(  374): getVolumeState(/mnt/sdcard/SD_CARD): Unknown volume
07-14 12:05:29.830 W/MountService(  374): getVolumeState(/mnt/sdcard/extra_sd): Unknown volume
07-14 12:05:29.830 W/MountService(  374): getVolumeState(/mnt/extrasd_bind): Unknown volume
07-14 12:05:29.830 W/MountService(  374): getVolumeState(/mnt/sdcard/ext_sd): Unknown volume
07-14 12:05:29.830 W/MountService(  374): getVolumeState(/storage/extSdCard): Unknown volume
07-14 12:05:29.830 W/MountService(  374): getVolumeState(/storage/sdcard1): Unknown volume
07-14 12:05:29.830 W/MountService(  374): getVolumeState(/mnt/sdcard/external_SD): Unknown volume
07-14 12:05:29.838 W/MountService(  374): getVolumeState(/mnt/sdcard/external_sd): Unknown volume
07-14 12:05:30.127 W/MountService(  374): getVolumeState(/storage/emulated/0/external_sd): Unknown volume
07-14 12:05:30.127 W/MountService(  374): getVolumeState(/mnt/sdcard-ext): Unknown volume
07-14 12:05:30.127 W/MountService(  374): getVolumeState(/mnt/ext_sdcard): Unknown volume
07-14 12:05:30.127 W/MountService(  374): getVolumeState(/mnt/sdcard2): Unknown volume
07-14 12:05:30.127 W/MountService(  374): getVolumeState(/mnt/emmc): Unknown volume
07-14 12:05:30.127 W/MountService(  374): getVolumeState(/mnt/extSdCard): Unknown volume
07-14 12:05:30.127 W/MountService(  374): getVolumeState(/mnt/sdcard/SD_CARD): Unknown volume
07-14 12:05:30.135 W/MountService(  374): getVolumeState(/mnt/sdcard/extra_sd): Unknown volume
07-14 12:05:30.135 W/MountService(  374): getVolumeState(/mnt/extrasd_bind): Unknown volume
07-14 12:05:30.135 W/MountService(  374): getVolumeState(/mnt/sdcard/ext_sd): Unknown volume
07-14 12:05:30.135 W/MountService(  374): getVolumeState(/storage/extSdCard): Unknown volume
07-14 12:05:30.135 W/MountService(  374): getVolumeState(/storage/sdcard1): Unknown volume
07-14 12:05:30.143 W/MountService(  374): getVolumeState(/mnt/sdcard/external_SD): Unknown volume
07-14 12:05:30.143 W/MountService(  374): getVolumeState(/mnt/sdcard/external_sd): Unknown volume
07-14 12:05:30.323 W/PackageParser( 2060): Unknown element under <application>: intent-filter at /storage/emulated/0/360MobileSafe_5.2.3.1061.apk Binary XML file line #1165
07-14 12:05:30.330 W/PackageParser( 2060): Unknown element under <application>: intent-filter at /storage/emulated/0/360MobileSafe_5.2.3.1061.apk Binary XML file line #1423
07-14 12:05:30.658 W/PackageParser( 2060): No actions in intent filter at /storage/emulated/0/Download/emmp.apk Binary XML file line #687
07-14 12:05:30.862 W/PackageParser( 2060): No actions in intent filter at /storage/emulated/0/Download/emmp-1.apk Binary XML file line #687
07-14 12:05:31.401 W/PackageParser( 2060): No actions in intent filter at /storage/emulated/0/360Download/Pekall.apk Binary XML file line #685
07-14 12:05:31.612 W/MountService(  374): getVolumeState(/storage/emulated/0/external_sd): Unknown volume
07-14 12:05:31.612 W/MountService(  374): getVolumeState(/mnt/sdcard-ext): Unknown volume
07-14 12:05:31.612 W/MountService(  374): getVolumeState(/mnt/ext_sdcard): Unknown volume
07-14 12:05:31.612 W/MountService(  374): getVolumeState(/mnt/sdcard2): Unknown volume
07-14 12:05:31.612 W/MountService(  374): getVolumeState(/mnt/emmc): Unknown volume
07-14 12:05:31.619 W/MountService(  374): getVolumeState(/mnt/extSdCard): Unknown volume
07-14 12:05:31.619 W/MountService(  374): getVolumeState(/mnt/sdcard/SD_CARD): Unknown volume
07-14 12:05:31.619 W/MountService(  374): getVolumeState(/mnt/sdcard/extra_sd): Unknown volume
07-14 12:05:31.619 W/MountService(  374): getVolumeState(/mnt/extrasd_bind): Unknown volume
07-14 12:05:31.619 W/MountService(  374): getVolumeState(/mnt/sdcard/ext_sd): Unknown volume
07-14 12:05:31.627 W/MountService(  374): getVolumeState(/storage/extSdCard): Unknown volume
07-14 12:05:31.627 W/MountService(  374): getVolumeState(/storage/sdcard1): Unknown volume
07-14 12:05:31.627 W/MountService(  374): getVolumeState(/mnt/sdcard/external_SD): Unknown volume
07-14 12:05:31.627 W/MountService(  374): getVolumeState(/mnt/sdcard/external_sd): Unknown volume
07-14 12:06:29.612 W/MountService(  374): getVolumeState(/storage/emulated/0/external_sd): Unknown volume
07-14 12:06:29.612 W/MountService(  374): getVolumeState(/mnt/sdcard-ext): Unknown volume
07-14 12:06:29.612 W/MountService(  374): getVolumeState(/mnt/ext_sdcard): Unknown volume
07-14 12:06:29.612 W/MountService(  374): getVolumeState(/mnt/sdcard2): Unknown volume
07-14 12:06:29.612 W/MountService(  374): getVolumeState(/mnt/emmc): Unknown volume
07-14 12:06:29.619 W/MountService(  374): getVolumeState(/mnt/extSdCard): Unknown volume
07-14 12:06:29.619 W/MountService(  374): getVolumeState(/mnt/sdcard/SD_CARD): Unknown volume
07-14 12:06:29.619 W/MountService(  374): getVolumeState(/mnt/sdcard/extra_sd): Unknown volume
07-14 12:06:29.619 W/MountService(  374): getVolumeState(/mnt/extrasd_bind): Unknown volume
07-14 12:06:29.619 W/MountService(  374): getVolumeState(/mnt/sdcard/ext_sd): Unknown volume
07-14 12:06:29.619 W/MountService(  374): getVolumeState(/storage/extSdCard): Unknown volume
07-14 12:06:29.619 W/MountService(  374): getVolumeState(/storage/sdcard1): Unknown volume
07-14 12:06:29.619 W/MountService(  374): getVolumeState(/mnt/sdcard/external_SD): Unknown volume
07-14 12:06:29.619 W/MountService(  374): getVolumeState(/mnt/sdcard/external_sd): Unknown volume
07-14 12:06:29.948 W/MountService(  374): getVolumeState(/storage/emulated/0/external_sd): Unknown volume
07-14 12:06:29.948 W/MountService(  374): getVolumeState(/mnt/sdcard-ext): Unknown volume
07-14 12:06:29.948 W/MountService(  374): getVolumeState(/mnt/ext_sdcard): Unknown volume
07-14 12:06:29.948 W/MountService(  374): getVolumeState(/mnt/sdcard2): Unknown volume
07-14 12:06:29.955 W/MountService(  374): getVolumeState(/mnt/emmc): Unknown volume
07-14 12:06:29.955 W/MountService(  374): getVolumeState(/mnt/extSdCard): Unknown volume
07-14 12:06:29.955 W/MountService(  374): getVolumeState(/mnt/sdcard/SD_CARD): Unknown volume
07-14 12:06:29.955 W/MountService(  374): getVolumeState(/mnt/sdcard/extra_sd): Unknown volume
07-14 12:06:29.955 W/MountService(  374): getVolumeState(/mnt/extrasd_bind): Unknown volume
07-14 12:06:29.955 W/MountService(  374): getVolumeState(/mnt/sdcard/ext_sd): Unknown volume
07-14 12:06:29.955 W/MountService(  374): getVolumeState(/storage/extSdCard): Unknown volume
07-14 12:06:29.955 W/MountService(  374): getVolumeState(/storage/sdcard1): Unknown volume
07-14 12:06:29.955 W/MountService(  374): getVolumeState(/mnt/sdcard/external_SD): Unknown volume
07-14 12:06:29.955 W/MountService(  374): getVolumeState(/mnt/sdcard/external_sd): Unknown volume
07-14 12:07:29.627 W/MountService(  374): getVolumeState(/storage/emulated/0/external_sd): Unknown volume
07-14 12:07:29.635 W/MountService(  374): getVolumeState(/mnt/sdcard-ext): Unknown volume
07-14 12:07:29.635 W/MountService(  374): getVolumeState(/mnt/ext_sdcard): Unknown volume
07-14 12:07:29.635 W/MountService(  374): getVolumeState(/mnt/sdcard2): Unknown volume
07-14 12:07:29.643 W/MountService(  374): getVolumeState(/mnt/emmc): Unknown volume
07-14 12:07:29.643 W/MountService(  374): getVolumeState(/mnt/extSdCard): Unknown volume
07-14 12:07:29.643 W/MountService(  374): getVolumeState(/mnt/sdcard/SD_CARD): Unknown volume
07-14 12:07:29.643 W/MountService(  374): getVolumeState(/mnt/sdcard/extra_sd): Unknown volume
07-14 12:07:29.643 W/MountService(  374): getVolumeState(/mnt/extrasd_bind): Unknown volume
07-14 12:07:29.651 W/MountService(  374): getVolumeState(/mnt/sdcard/ext_sd): Unknown volume
07-14 12:07:29.651 W/MountService(  374): getVolumeState(/storage/extSdCard): Unknown volume
07-14 12:07:29.651 W/MountService(  374): getVolumeState(/storage/sdcard1): Unknown volume
07-14 12:07:29.651 W/MountService(  374): getVolumeState(/mnt/sdcard/external_SD): Unknown volume
07-14 12:07:29.651 W/MountService(  374): getVolumeState(/mnt/sdcard/external_sd): Unknown volume
07-14 12:07:29.885 W/MountService(  374): getVolumeState(/storage/emulated/0/external_sd): Unknown volume
07-14 12:07:29.885 W/MountService(  374): getVolumeState(/mnt/sdcard-ext): Unknown volume
07-14 12:07:29.893 W/MountService(  374): getVolumeState(/mnt/ext_sdcard): Unknown volume
07-14 12:07:29.893 W/MountService(  374): getVolumeState(/mnt/sdcard2): Unknown volume
07-14 12:07:29.893 W/MountService(  374): getVolumeState(/mnt/emmc): Unknown volume
07-14 12:07:29.893 W/MountService(  374): getVolumeState(/mnt/extSdCard): Unknown volume
07-14 12:07:29.893 W/MountService(  374): getVolumeState(/mnt/sdcard/SD_CARD): Unknown volume
07-14 12:07:29.893 W/MountService(  374): getVolumeState(/mnt/sdcard/extra_sd): Unknown volume
07-14 12:07:29.893 W/MountService(  374): getVolumeState(/mnt/extrasd_bind): Unknown volume
07-14 12:07:29.893 W/MountService(  374): getVolumeState(/mnt/sdcard/ext_sd): Unknown volume
07-14 12:07:29.893 W/MountService(  374): getVolumeState(/storage/extSdCard): Unknown volume
07-14 12:07:29.893 W/MountService(  374): getVolumeState(/storage/sdcard1): Unknown volume
07-14 12:07:29.893 W/MountService(  374): getVolumeState(/mnt/sdcard/external_SD): Unknown volume
07-14 12:07:29.901 W/MountService(  374): getVolumeState(/mnt/sdcard/external_sd): Unknown volume
07-14 12:08:29.697 W/MountService(  374): getVolumeState(/storage/emulated/0/external_sd): Unknown volume
07-14 12:08:29.705 W/MountService(  374): getVolumeState(/mnt/sdcard-ext): Unknown volume
07-14 12:08:29.705 W/MountService(  374): getVolumeState(/mnt/ext_sdcard): Unknown volume
07-14 12:08:29.705 W/MountService(  374): getVolumeState(/mnt/sdcard2): Unknown volume
07-14 12:08:29.705 W/MountService(  374): getVolumeState(/mnt/emmc): Unknown volume
07-14 12:08:29.705 W/MountService(  374): getVolumeState(/mnt/extSdCard): Unknown volume
07-14 12:08:29.705 W/MountService(  374): getVolumeState(/mnt/sdcard/SD_CARD): Unknown volume
07-14 12:08:29.705 W/MountService(  374): getVolumeState(/mnt/sdcard/extra_sd): Unknown volume
07-14 12:08:29.713 W/MountService(  374): getVolumeState(/mnt/extrasd_bind): Unknown volume
07-14 12:08:29.713 W/MountService(  374): getVolumeState(/mnt/sdcard/ext_sd): Unknown volume
07-14 12:08:29.721 W/MountService(  374): getVolumeState(/storage/extSdCard): Unknown volume
07-14 12:08:29.721 W/MountService(  374): getVolumeState(/storage/sdcard1): Unknown volume
07-14 12:08:29.721 W/MountService(  374): getVolumeState(/mnt/sdcard/external_SD): Unknown volume
07-14 12:08:29.721 W/MountService(  374): getVolumeState(/mnt/sdcard/external_sd): Unknown volume
07-14 12:08:29.940 W/MountService(  374): getVolumeState(/storage/emulated/0/external_sd): Unknown volume
07-14 12:08:29.940 W/MountService(  374): getVolumeState(/mnt/sdcard-ext): Unknown volume
07-14 12:08:29.940 W/MountService(  374): getVolumeState(/mnt/ext_sdcard): Unknown volume
07-14 12:08:29.940 W/MountService(  374): getVolumeState(/mnt/sdcard2): Unknown volume
07-14 12:08:29.940 W/MountService(  374): getVolumeState(/mnt/emmc): Unknown volume
07-14 12:08:29.948 W/MountService(  374): getVolumeState(/mnt/extSdCard): Unknown volume
07-14 12:08:29.948 W/MountService(  374): getVolumeState(/mnt/sdcard/SD_CARD): Unknown volume
07-14 12:08:29.948 W/MountService(  374): getVolumeState(/mnt/sdcard/extra_sd): Unknown volume
07-14 12:08:29.948 W/MountService(  374): getVolumeState(/mnt/extrasd_bind): Unknown volume
07-14 12:08:29.948 W/MountService(  374): getVolumeState(/mnt/sdcard/ext_sd): Unknown volume
07-14 12:08:29.948 W/MountService(  374): getVolumeState(/storage/extSdCard): Unknown volume
07-14 12:08:29.948 W/MountService(  374): getVolumeState(/storage/sdcard1): Unknown volume
07-14 12:08:29.948 W/MountService(  374): getVolumeState(/mnt/sdcard/external_SD): Unknown volume
07-14 12:08:29.948 W/MountService(  374): getVolumeState(/mnt/sdcard/external_sd): Unknown volume
07-14 12:09:29.721 W/MountService(  374): getVolumeState(/storage/emulated/0/external_sd): Unknown volume
07-14 12:09:29.721 W/MountService(  374): getVolumeState(/mnt/sdcard-ext): Unknown volume
07-14 12:09:29.721 W/MountService(  374): getVolumeState(/mnt/ext_sdcard): Unknown volume
07-14 12:09:29.729 W/MountService(  374): getVolumeState(/mnt/sdcard2): Unknown volume
07-14 12:09:29.729 W/MountService(  374): getVolumeState(/mnt/emmc): Unknown volume
07-14 12:09:29.729 W/MountService(  374): getVolumeState(/mnt/extSdCard): Unknown volume
07-14 12:09:29.729 W/MountService(  374): getVolumeState(/mnt/sdcard/SD_CARD): Unknown volume
07-14 12:09:29.729 W/MountService(  374): getVolumeState(/mnt/sdcard/extra_sd): Unknown volume
07-14 12:09:29.729 W/MountService(  374): getVolumeState(/mnt/extrasd_bind): Unknown volume
07-14 12:09:29.729 W/MountService(  374): getVolumeState(/mnt/sdcard/ext_sd): Unknown volume
07-14 12:09:29.729 W/MountService(  374): getVolumeState(/storage/extSdCard): Unknown volume
07-14 12:09:29.729 W/MountService(  374): getVolumeState(/storage/sdcard1): Unknown volume
07-14 12:09:29.737 W/MountService(  374): getVolumeState(/mnt/sdcard/external_SD): Unknown volume
07-14 12:09:29.737 W/MountService(  374): getVolumeState(/mnt/sdcard/external_sd): Unknown volume
07-14 12:09:29.940 W/MountService(  374): getVolumeState(/storage/emulated/0/external_sd): Unknown volume
07-14 12:09:29.948 W/MountService(  374): getVolumeState(/mnt/sdcard-ext): Unknown volume
07-14 12:09:29.948 W/MountService(  374): getVolumeState(/mnt/ext_sdcard): Unknown volume
07-14 12:09:29.948 W/MountService(  374): getVolumeState(/mnt/sdcard2): Unknown volume
07-14 12:09:29.948 W/MountService(  374): getVolumeState(/mnt/emmc): Unknown volume
07-14 12:09:29.948 W/MountService(  374): getVolumeState(/mnt/extSdCard): Unknown volume
07-14 12:09:29.948 W/MountService(  374): getVolumeState(/mnt/sdcard/SD_CARD): Unknown volume
07-14 12:09:29.948 W/MountService(  374): getVolumeState(/mnt/sdcard/extra_sd): Unknown volume
07-14 12:09:29.955 W/MountService(  374): getVolumeState(/mnt/extrasd_bind): Unknown volume
07-14 12:09:29.955 W/MountService(  374): getVolumeState(/mnt/sdcard/ext_sd): Unknown volume
07-14 12:09:29.955 W/MountService(  374): getVolumeState(/storage/extSdCard): Unknown volume
07-14 12:09:29.955 W/MountService(  374): getVolumeState(/storage/sdcard1): Unknown volume
07-14 12:09:29.955 W/MountService(  374): getVolumeState(/mnt/sdcard/external_SD): Unknown volume
07-14 12:09:29.955 W/MountService(  374): getVolumeState(/mnt/sdcard/external_sd): Unknown volume
07-14 12:10:29.760 W/MountService(  374): getVolumeState(/storage/emulated/0/external_sd): Unknown volume
07-14 12:10:29.768 W/MountService(  374): getVolumeState(/mnt/sdcard-ext): Unknown volume
07-14 12:10:29.768 W/MountService(  374): getVolumeState(/mnt/ext_sdcard): Unknown volume
07-14 12:10:29.768 W/MountService(  374): getVolumeState(/mnt/sdcard2): Unknown volume
07-14 12:10:29.776 W/MountService(  374): getVolumeState(/mnt/emmc): Unknown volume
07-14 12:10:29.776 W/MountService(  374): getVolumeState(/mnt/extSdCard): Unknown volume
07-14 12:10:29.776 W/MountService(  374): getVolumeState(/mnt/sdcard/SD_CARD): Unknown volume
07-14 12:10:29.783 W/MountService(  374): getVolumeState(/mnt/sdcard/extra_sd): Unknown volume
07-14 12:10:29.783 W/MountService(  374): getVolumeState(/mnt/extrasd_bind): Unknown volume
07-14 12:10:29.783 W/MountService(  374): getVolumeState(/mnt/sdcard/ext_sd): Unknown volume
07-14 12:10:29.783 W/MountService(  374): getVolumeState(/storage/extSdCard): Unknown volume
07-14 12:10:29.783 W/MountService(  374): getVolumeState(/storage/sdcard1): Unknown volume
07-14 12:10:29.783 W/MountService(  374): getVolumeState(/mnt/sdcard/external_SD): Unknown volume
07-14 12:10:29.783 W/MountService(  374): getVolumeState(/mnt/sdcard/external_sd): Unknown volume
07-14 12:10:29.987 W/MountService(  374): getVolumeState(/storage/emulated/0/external_sd): Unknown volume
07-14 12:10:29.987 W/MountService(  374): getVolumeState(/mnt/sdcard-ext): Unknown volume
07-14 12:10:29.987 W/MountService(  374): getVolumeState(/mnt/ext_sdcard): Unknown volume
07-14 12:10:29.987 W/MountService(  374): getVolumeState(/mnt/sdcard2): Unknown volume
07-14 12:10:29.994 W/MountService(  374): getVolumeState(/mnt/emmc): Unknown volume
07-14 12:10:29.994 W/MountService(  374): getVolumeState(/mnt/extSdCard): Unknown volume
07-14 12:10:29.994 W/MountService(  374): getVolumeState(/mnt/sdcard/SD_CARD): Unknown volume
07-14 12:10:29.994 W/MountService(  374): getVolumeState(/mnt/sdcard/extra_sd): Unknown volume
07-14 12:10:30.002 W/MountService(  374): getVolumeState(/mnt/extrasd_bind): Unknown volume
07-14 12:10:30.002 W/MountService(  374): getVolumeState(/mnt/sdcard/ext_sd): Unknown volume
07-14 12:10:30.002 W/MountService(  374): getVolumeState(/storage/extSdCard): Unknown volume
07-14 12:10:30.002 W/MountService(  374): getVolumeState(/storage/sdcard1): Unknown volume
07-14 12:10:30.002 W/MountService(  374): getVolumeState(/mnt/sdcard/external_SD): Unknown volume
07-14 12:10:30.002 W/MountService(  374): getVolumeState(/mnt/sdcard/external_sd): Unknown volume
07-14 12:11:29.838 W/MountService(  374): getVolumeState(/storage/emulated/0/external_sd): Unknown volume
07-14 12:11:29.838 W/MountService(  374): getVolumeState(/mnt/sdcard-ext): Unknown volume
07-14 12:11:29.838 W/MountService(  374): getVolumeState(/mnt/ext_sdcard): Unknown volume
07-14 12:11:29.838 W/MountService(  374): getVolumeState(/mnt/sdcard2): Unknown volume
07-14 12:11:29.838 W/MountService(  374): getVolumeState(/mnt/emmc): Unknown volume
07-14 12:11:29.838 W/MountService(  374): getVolumeState(/mnt/extSdCard): Unknown volume
07-14 12:11:29.838 W/MountService(  374): getVolumeState(/mnt/sdcard/SD_CARD): Unknown volume
07-14 12:11:29.838 W/MountService(  374): getVolumeState(/mnt/sdcard/extra_sd): Unknown volume
07-14 12:11:29.846 W/MountService(  374): getVolumeState(/mnt/extrasd_bind): Unknown volume
07-14 12:11:29.846 W/MountService(  374): getVolumeState(/mnt/sdcard/ext_sd): Unknown volume
07-14 12:11:29.846 W/MountService(  374): getVolumeState(/storage/extSdCard): Unknown volume
07-14 12:11:29.846 W/MountService(  374): getVolumeState(/storage/sdcard1): Unknown volume
07-14 12:11:29.846 W/MountService(  374): getVolumeState(/mnt/sdcard/external_SD): Unknown volume
07-14 12:11:29.846 W/MountService(  374): getVolumeState(/mnt/sdcard/external_sd): Unknown volume
07-14 12:11:30.190 W/MountService(  374): getVolumeState(/storage/emulated/0/external_sd): Unknown volume
07-14 12:11:30.190 W/MountService(  374): getVolumeState(/mnt/sdcard-ext): Unknown volume
07-14 12:11:30.190 W/MountService(  374): getVolumeState(/mnt/ext_sdcard): Unknown volume
07-14 12:11:30.198 W/MountService(  374): getVolumeState(/mnt/sdcard2): Unknown volume
07-14 12:11:30.198 W/MountService(  374): getVolumeState(/mnt/emmc): Unknown volume
07-14 12:11:30.198 W/MountService(  374): getVolumeState(/mnt/extSdCard): Unknown volume
07-14 12:11:30.198 W/MountService(  374): getVolumeState(/mnt/sdcard/SD_CARD): Unknown volume
07-14 12:11:30.198 W/MountService(  374): getVolumeState(/mnt/sdcard/extra_sd): Unknown volume
07-14 12:11:30.198 W/MountService(  374): getVolumeState(/mnt/extrasd_bind): Unknown volume
07-14 12:11:30.198 W/MountService(  374): getVolumeState(/mnt/sdcard/ext_sd): Unknown volume
07-14 12:11:30.205 W/MountService(  374): getVolumeState(/storage/extSdCard): Unknown volume
07-14 12:11:30.205 W/MountService(  374): getVolumeState(/storage/sdcard1): Unknown volume
07-14 12:11:30.221 W/MountService(  374): getVolumeState(/mnt/sdcard/external_SD): Unknown volume
07-14 12:11:30.221 W/MountService(  374): getVolumeState(/mnt/sdcard/external_sd): Unknown volume
07-14 12:12:29.932 W/MountService(  374): getVolumeState(/storage/emulated/0/external_sd): Unknown volume
07-14 12:12:29.932 W/MountService(  374): getVolumeState(/mnt/sdcard-ext): Unknown volume
07-14 12:12:29.932 W/MountService(  374): getVolumeState(/mnt/ext_sdcard): Unknown volume
07-14 12:12:29.940 W/MountService(  374): getVolumeState(/mnt/sdcard2): Unknown volume
07-14 12:12:29.940 W/MountService(  374): getVolumeState(/mnt/emmc): Unknown volume
07-14 12:12:29.940 W/MountService(  374): getVolumeState(/mnt/extSdCard): Unknown volume
07-14 12:12:29.940 W/MountService(  374): getVolumeState(/mnt/sdcard/SD_CARD): Unknown volume
07-14 12:12:29.940 W/MountService(  374): getVolumeState(/mnt/sdcard/extra_sd): Unknown volume
07-14 12:12:29.940 W/MountService(  374): getVolumeState(/mnt/extrasd_bind): Unknown volume
07-14 12:12:29.940 W/MountService(  374): getVolumeState(/mnt/sdcard/ext_sd): Unknown volume
07-14 12:12:29.940 W/MountService(  374): getVolumeState(/storage/extSdCard): Unknown volume
07-14 12:12:29.940 W/MountService(  374): getVolumeState(/storage/sdcard1): Unknown volume
07-14 12:12:29.940 W/MountService(  374): getVolumeState(/mnt/sdcard/external_SD): Unknown volume
07-14 12:12:29.940 W/MountService(  374): getVolumeState(/mnt/sdcard/external_sd): Unknown volume
07-14 12:12:30.151 W/MountService(  374): getVolumeState(/storage/emulated/0/external_sd): Unknown volume
07-14 12:12:30.151 W/MountService(  374): getVolumeState(/mnt/sdcard-ext): Unknown volume
07-14 12:12:30.158 W/MountService(  374): getVolumeState(/mnt/ext_sdcard): Unknown volume
07-14 12:12:30.158 W/MountService(  374): getVolumeState(/mnt/sdcard2): Unknown volume
07-14 12:12:30.158 W/MountService(  374): getVolumeState(/mnt/emmc): Unknown volume
07-14 12:12:30.158 W/MountService(  374): getVolumeState(/mnt/extSdCard): Unknown volume
07-14 12:12:30.158 W/MountService(  374): getVolumeState(/mnt/sdcard/SD_CARD): Unknown volume
07-14 12:12:30.158 W/MountService(  374): getVolumeState(/mnt/sdcard/extra_sd): Unknown volume
07-14 12:12:30.158 W/MountService(  374): getVolumeState(/mnt/extrasd_bind): Unknown volume
07-14 12:12:30.166 W/MountService(  374): getVolumeState(/mnt/sdcard/ext_sd): Unknown volume
07-14 12:12:30.166 W/MountService(  374): getVolumeState(/storage/extSdCard): Unknown volume
07-14 12:12:30.166 W/MountService(  374): getVolumeState(/storage/sdcard1): Unknown volume
07-14 12:12:30.166 W/MountService(  374): getVolumeState(/mnt/sdcard/external_SD): Unknown volume
07-14 12:12:30.166 W/MountService(  374): getVolumeState(/mnt/sdcard/external_sd): Unknown volume
07-14 12:12:45.752 I/PowerManagerService(  374): Waking up from sleep...
07-14 12:12:45.783 I/WindowManager(  374): Lock screen displayed!
07-14 12:12:48.041 D/PhoneStatusBar(  450): disable: < expand icons alerts ticker system_info BACK HOME recent* CLOCK search >
07-14 12:12:48.151 D/PhoneStatusBar(  450): disable: < expand icons alerts ticker system_info back* home* recent clock* search >
07-14 12:12:48.166 W/InputMethodManagerService(  374): Window already focused, ignoring focus gain of: com.android.internal.view.IInputMethodClient$Stub$Proxy@42d5cd80 attribute=android.view.inputmethod.EditorInfo@42d7b328, token = android.os.BinderProxy@42ea3d30
07-14 12:12:49.729 I/ActivityManager(  374): START u0 {act=android.intent.action.MAIN cat=[android.intent.category.HOME] flg=0x10200000 cmp=com.android.launcher/com.android.launcher2.Launcher} from pid 374
07-14 12:12:52.049 I/ActivityManager(  374): START u0 {act=android.intent.action.MAIN cat=[android.intent.category.LAUNCHER] flg=0x10200000 cmp=com.pekall.emdm/.ui.SplashActivity} from pid 595
07-14 12:12:53.643 I/ActivityManager(  374): START u0 {cmp=com.pekall.emdm/.ui.MainActivity} from pid 3494
07-14 12:12:55.283 I/ActivityManager(  374): START u0 {cmp=com.pekall.emdm/.messagecenter.activity.MessageMainActivity} from pid 3494
07-14 12:13:29.955 W/MountService(  374): getVolumeState(/storage/emulated/0/external_sd): Unknown volume
07-14 12:13:29.955 W/MountService(  374): getVolumeState(/mnt/sdcard-ext): Unknown volume
07-14 12:13:29.963 W/MountService(  374): getVolumeState(/mnt/ext_sdcard): Unknown volume
07-14 12:13:29.963 W/MountService(  374): getVolumeState(/mnt/sdcard2): Unknown volume
07-14 12:13:29.963 W/MountService(  374): getVolumeState(/mnt/emmc): Unknown volume
07-14 12:13:29.963 W/MountService(  374): getVolumeState(/mnt/extSdCard): Unknown volume
07-14 12:13:29.963 W/MountService(  374): getVolumeState(/mnt/sdcard/SD_CARD): Unknown volume
07-14 12:13:29.963 W/MountService(  374): getVolumeState(/mnt/sdcard/extra_sd): Unknown volume
07-14 12:13:29.963 W/MountService(  374): getVolumeState(/mnt/extrasd_bind): Unknown volume
07-14 12:13:29.963 W/MountService(  374): getVolumeState(/mnt/sdcard/ext_sd): Unknown volume
07-14 12:13:29.971 W/MountService(  374): getVolumeState(/storage/extSdCard): Unknown volume
07-14 12:13:29.971 W/MountService(  374): getVolumeState(/storage/sdcard1): Unknown volume
07-14 12:13:29.971 W/MountService(  374): getVolumeState(/mnt/sdcard/external_SD): Unknown volume
