07-14 12:14:46.869 D/dalvikvm( 4220): GC_CONCURRENT freed 401K, 73% free 655K/2380K, paused 1ms+2ms, total 10ms
07-14 12:14:47.041 D/dalvikvm( 4220): GC_CONCURRENT freed 424K, 74% free 635K/2380K, paused 1ms+0ms, total 10ms
07-14 12:14:47.244 D/dalvikvm( 4220): GC_CONCURRENT freed 398K, 73% free 665K/2380K, paused 2ms+3ms, total 10ms
07-14 12:14:47.416 D/dalvikvm( 4220): GC_CONCURRENT freed 428K, 74% free 620K/2380K, paused 2ms+1ms, total 8ms
07-14 12:14:47.635 D/dalvikvm( 4220): GC_CONCURRENT freed 382K, 74% free 640K/2380K, paused 1ms+2ms, total 10ms
07-14 12:14:47.791 D/dalvikvm( 4220): GC_CONCURRENT freed 441K, 75% free 618K/2380K, paused 1ms+1ms, total 7ms
07-14 12:14:47.987 D/dalvikvm( 4220): GC_CONCURRENT freed 383K, 73% free 662K/2380K, paused 1ms+2ms, total 9ms
07-14 12:14:48.182 D/dalvikvm( 4220): GC_CONCURRENT freed 429K, 74% free 621K/2380K, paused 1ms+1ms, total 7ms
07-14 12:14:48.416 D/dalvikvm( 4220): GC_CONCURRENT freed 379K, 74% free 634K/2380K, paused 2ms+1ms, total 9ms
07-14 12:14:48.588 D/dalvikvm( 4220): GC_CONCURRENT freed 423K, 74% free 634K/2380K, paused 1ms+1ms, total 10ms
07-14 12:14:48.783 D/dalvikvm( 4220): GC_CONCURRENT freed 404K, 72% free 673K/2380K, paused 1ms+2ms, total 10ms
07-14 12:14:48.979 D/dalvikvm( 4220): GC_CONCURRENT freed 433K, 72% free 688K/2380K, paused 2ms+2ms, total 14ms
07-14 12:14:49.190 D/dalvikvm( 4220): GC_CONCURRENT freed 445K, 73% free 644K/2380K, paused 2ms+1ms, total 8ms
07-14 12:14:49.338 D/dalvikvm( 4220): GC_CONCURRENT freed 424K, 74% free 635K/2380K, paused 1ms+1ms, total 8ms
07-14 12:14:49.533 D/dalvikvm( 4220): GC_CONCURRENT freed 391K, 74% free 627K/2380K, paused 2ms+1ms, total 8ms
07-14 12:14:49.690 D/mdm_log ( 3494): [null:-1]->read buffer is -1 , download done
07-14 12:14:49.705 D/dalvikvm( 4220): GC_CONCURRENT freed 425K, 74% free 634K/2380K, paused 1ms+2ms, total 10ms
07-14 12:14:49.721 D/mdm_log ( 3494): [null:-1]->file download complete! url is/storage/emulated/0/MDM/download/bygamebinumbers.apk
07-14 12:14:49.768 D/mdm_log ( 3494): [null:-1]->call  refresh in onDownLoadComplete
07-14 12:14:49.768 D/mdm_log ( 3494): [null:-1]->call  refresh in onDownLoadComplete
07-14 12:14:49.893 D/dalvikvm( 4220): GC_CONCURRENT freed 383K, 74% free 635K/2380K, paused 2ms+1ms, total 9ms
07-14 12:14:50.432 I/QueryController( 4220): Matched selector: UiSelector[TEXT=安装] <<==>> [android.view.accessibility.AccessibilityNodeInfo@4bc78; boundsInParent: Rect(0, 0 - 120, 52); boundsInScreen: Rect(580, 307 - 700, 359); packageName: com.pekall.emdm; className: android.widget.Button; text: 安装; contentDescription: null; viewIdResName: com.pekall.emdm:id/market_item_function_bt; checkable: false; checked: false; focusable: false; focused: false; selected: false; clickable: true; longClickable: false; enabled: true; password: false; scrollable: false; [ACTION_SELECT, ACTION_CLEAR_SELECTION, ACTION_CLICK, ACTION_ACCESSIBILITY_FOCUS, ACTION_NEXT_AT_MOVEMENT_GRANULARITY, ACTION_PREVIOUS_AT_MOVEMENT_GRANULARITY, ACTION_SET_SELECTION]]
07-14 12:14:50.455 I/QueryController( 4220): Matched selector: UiSelector[TEXT=安装, CLASS=android.widget.Button] <<==>> [android.view.accessibility.AccessibilityNodeInfo@4bc78; boundsInParent: Rect(0, 0 - 120, 52); boundsInScreen: Rect(580, 307 - 700, 359); packageName: com.pekall.emdm; className: android.widget.Button; text: 安装; contentDescription: null; viewIdResName: com.pekall.emdm:id/market_item_function_bt; checkable: false; checked: false; focusable: false; focused: false; selected: false; clickable: true; longClickable: false; enabled: true; password: false; scrollable: false; [ACTION_SELECT, ACTION_CLEAR_SELECTION, ACTION_CLICK, ACTION_ACCESSIBILITY_FOCUS, ACTION_NEXT_AT_MOVEMENT_GRANULARITY, ACTION_PREVIOUS_AT_MOVEMENT_GRANULARITY, ACTION_SET_SELECTION]]
07-14 12:14:50.455 D/InteractionController( 4220): clickAndWaitForNewWindow(640, 333)
07-14 12:14:50.580 I/ActivityManager(  374): START u0 {act=android.intent.action.VIEW dat=file:///storage/emulated/0/MDM/download/bygamebinumbers.apk typ=application/vnd.android.package-archive flg=0x10000000 cmp=com.android.packageinstaller/.PackageInstallerActivity} from pid 3494
07-14 12:14:50.729 D/dalvikvm(  374): GC_FOR_ALLOC freed 757K, 17% free 18857K/22680K, paused 89ms, total 89ms
07-14 12:14:50.815 D/dalvikvm(  374): GC_FOR_ALLOC freed 758K, 19% free 18470K/22680K, paused 83ms, total 83ms
07-14 12:14:50.830 D/MdmApplication( 3494): [null:-1]->onActivityPaused market.activity.AppListActivity , mActivityCount = 1
07-14 12:14:50.830 D/MDM :   ( 3494): [null:-1]->query
07-14 12:14:50.830 D/MDM :   ( 3494): [null:-1]->QUERY_PINCODE_CHECK_RESULT
07-14 12:14:50.830 E/Mdm     ( 3494): Call Mdm service's setLastExitTime function
07-14 12:14:50.854 I/ActivityManager(  374): Start proc com.android.packageinstaller for activity com.android.packageinstaller/.PackageInstallerActivity: pid=4241 uid=10045 gids={50045, 1028}
07-14 12:14:51.057 D/dalvikvm( 4241): GC_CONCURRENT freed 196K, 3% free 9210K/9448K, paused 5ms+2ms, total 32ms
07-14 12:14:51.057 D/dalvikvm( 4241): WAIT_FOR_CONCURRENT_GC blocked 22ms
07-14 12:14:51.104 D/dalvikvm( 4241): GC_CONCURRENT freed 329K, 4% free 9373K/9740K, paused 2ms+3ms, total 27ms
07-14 12:14:51.237 D/dalvikvm( 4241): GC_CONCURRENT freed 191K, 3% free 9655K/9884K, paused 3ms+6ms, total 31ms
07-14 12:14:51.315 D/AndroidRuntime( 4241): Shutting down VM
07-14 12:14:51.315 W/dalvikvm( 4241): threadid=1: thread exiting with uncaught exception (group=0x41f53700)
07-14 12:14:51.323 E/AndroidRuntime( 4241): FATAL EXCEPTION: main
07-14 12:14:51.323 E/AndroidRuntime( 4241): java.lang.RuntimeException: Unable to start activity ComponentInfo{com.android.packageinstaller/com.android.packageinstaller.PackageInstallerActivity}: java.lang.SecurityException: META-INF/CERT.SF has invalid digest for res/drawable-xhdpi/abc_ic_menu_moreoverflow_normal_holo_light.png in /storage/emulated/0/MDM/download/bygamebinumbers.apk
07-14 12:14:51.323 E/AndroidRuntime( 4241): 	at android.app.ActivityThread.performLaunchActivity(ActivityThread.java:2211)
07-14 12:14:51.323 E/AndroidRuntime( 4241): 	at android.app.ActivityThread.handleLaunchActivity(ActivityThread.java:2261)
07-14 12:14:51.323 E/AndroidRuntime( 4241): 	at android.app.ActivityThread.access$600(ActivityThread.java:141)
07-14 12:14:51.323 E/AndroidRuntime( 4241): 	at android.app.ActivityThread$H.handleMessage(ActivityThread.java:1256)
07-14 12:14:51.323 E/AndroidRuntime( 4241): 	at android.os.Handler.dispatchMessage(Handler.java:99)
07-14 12:14:51.323 E/AndroidRuntime( 4241): 	at android.os.Looper.loop(Looper.java:137)
07-14 12:14:51.323 E/AndroidRuntime( 4241): 	at android.app.ActivityThread.main(ActivityThread.java:5103)
07-14 12:14:51.323 E/AndroidRuntime( 4241): 	at java.lang.reflect.Method.invokeNative(Native Method)
07-14 12:14:51.323 E/AndroidRuntime( 4241): 	at java.lang.reflect.Method.invoke(Method.java:525)
07-14 12:14:51.323 E/AndroidRuntime( 4241): 	at com.android.internal.os.ZygoteInit$MethodAndArgsCaller.run(ZygoteInit.java:737)
07-14 12:14:51.323 E/AndroidRuntime( 4241): 	at com.android.internal.os.ZygoteInit.main(ZygoteInit.java:553)
07-14 12:14:51.323 E/AndroidRuntime( 4241): 	at dalvik.system.NativeStart.main(Native Method)
07-14 12:14:51.323 E/AndroidRuntime( 4241): Caused by: java.lang.SecurityException: META-INF/CERT.SF has invalid digest for res/drawable-xhdpi/abc_ic_menu_moreoverflow_normal_holo_light.png in /storage/emulated/0/MDM/download/bygamebinumbers.apk
07-14 12:14:51.323 E/AndroidRuntime( 4241): 	at java.util.jar.JarVerifier.invalidDigest(JarVerifier.java:141)
07-14 12:14:51.323 E/AndroidRuntime( 4241): 	at java.util.jar.JarVerifier.verifyCertificate(JarVerifier.java:360)
07-14 12:14:51.323 E/AndroidRuntime( 4241): 	at java.util.jar.JarVerifier.readCertificates(JarVerifier.java:263)
07-14 12:14:51.323 E/AndroidRuntime( 4241): 	at java.util.jar.JarFile.getInputStream(JarFile.java:379)
07-14 12:14:51.323 E/AndroidRuntime( 4241): 	at android.content.pm.PackageParser.collectManifestDigest(PackageParser.java:583)
07-14 12:14:51.323 E/AndroidRuntime( 4241): 	at com.android.packageinstaller.PackageUtil.getPackageInfo(PackageUtil.java:78)
07-14 12:14:51.323 E/AndroidRuntime( 4241): 	at com.android.packageinstaller.PackageInstallerActivity.onCreate(PackageInstallerActivity.java:382)
07-14 12:14:51.323 E/AndroidRuntime( 4241): 	at android.app.Activity.performCreate(Activity.java:5133)
07-14 12:14:51.323 E/AndroidRuntime( 4241): 	at android.app.Instrumentation.callActivityOnCreate(Instrumentation.java:1087)
07-14 12:14:51.323 E/AndroidRuntime( 4241): 	at android.app.ActivityThread.performLaunchActivity(ActivityThread.java:2175)
07-14 12:14:51.323 E/AndroidRuntime( 4241): 	... 11 more
07-14 12:14:51.338 W/ActivityManager(  374):   Force finishing activity com.android.packageinstaller/.PackageInstallerActivity
07-14 12:14:51.369 D/dalvikvm( 4241): GC_CONCURRENT freed 500K, 6% free 9567K/10108K, paused 2ms+11ms, total 48ms
07-14 12:14:51.487 D/dalvikvm(  374): GC_FOR_ALLOC freed 420K, 17% free 18852K/22680K, paused 95ms, total 96ms
07-14 12:14:51.580 D/dalvikvm(  374): GC_FOR_ALLOC freed 750K, 19% free 18473K/22680K, paused 87ms, total 88ms
07-14 12:14:51.580 W/ActivityManager(  374):   Force finishing activity com.pekall.emdm/.market.activity.AppListActivity
07-14 12:14:52.080 W/ActivityManager(  374): Activity pause timeout for ActivityRecord{42e8dd90 u0 com.android.packageinstaller/.PackageInstallerActivity}
07-14 12:14:52.112 D/MdmApplication( 3494): [null:-1]->onActivityStarted ui.MainActivity , mActivityCount = 0
07-14 12:14:52.112 E/Mdm     ( 3494): Call Mdm service's setLastExitTime function
07-14 12:14:52.112 D/MDM :   ( 3494): [null:-1]->query
07-14 12:14:52.112 D/MDM :   ( 3494): [null:-1]->QUERY_SETTING_PIN_TIMEOUT
07-14 12:14:52.112 D/MDM :   ( 3494): [null:-1]->query
07-14 12:14:52.112 D/MDM :   ( 3494): [null:-1]->QUERY_PINCODE_CHECK_RESULT
07-14 12:14:52.463 I/ActivityManager(  374): No longer want com.android.mms (pid 3070): empty #17
07-14 12:14:52.502 D/DB      ( 3494): query: SQLiteQuery: SELECT * FROM app WHERE readStatus =0
07-14 12:14:52.502 D/DB      ( 3494): factory null
07-14 12:14:52.502 D/DB      ( 3494): fillWindow: 0
07-14 12:14:52.510 D/DB      ( 3494): cursor 0
07-14 12:14:52.510 E/Mdm     ( 3494): Call Mdm service's recordIconCount function
07-14 12:14:55.401 D/dalvikvm( 4220): GC_CONCURRENT freed 432K, 76% free 591K/2380K, paused 3ms+1ms, total 10ms
07-14 12:15:01.018 W/Settings( 2019): Setting airplane_mode_on has moved from android.provider.Settings.System to android.provider.Settings.Global, returning read-only value.
07-14 12:15:01.018 W/Settings( 2019): Setting mobile_data has moved from android.provider.Settings.Secure to android.provider.Settings.Global.
07-14 12:15:01.018 D/BluetoothAdapter( 2019): 1116407520: getState() :  mService = null. Returning STATE_OFF
07-14 12:15:01.018 W/Settings( 2019): Setting airplane_mode_on has moved from android.provider.Settings.System to android.provider.Settings.Global, returning read-only value.
07-14 12:15:01.049 W/Settings( 2019): Setting airplane_mode_on has moved from android.provider.Settings.System to android.provider.Settings.Global, returning read-only value.
07-14 12:15:01.049 W/Settings( 2019): Setting mobile_data has moved from android.provider.Settings.Secure to android.provider.Settings.Global.
07-14 12:15:01.049 D/BluetoothAdapter( 2019): 1116407520: getState() :  mService = null. Returning STATE_OFF
07-14 12:15:01.049 W/Settings( 2019): Setting airplane_mode_on has moved from android.provider.Settings.System to android.provider.Settings.Global, returning read-only value.
07-14 12:15:01.143 V/DigitalWidgetViewsFactory( 2502): DigitalWidget sets next alarm string to null
07-14 12:15:02.471 W/ActivityManager(  374): Activity destroy timeout for ActivityRecord{42e8dd90 u0 com.android.packageinstaller/.PackageInstallerActivity}
07-14 12:15:02.674 D/LightsService(  374): Excessive delay setting light: 68ms
07-14 12:15:02.948 D/LightsService(  374): Excessive delay setting light: 67ms
07-14 12:15:03.627 D/PermissionCache(  124): checking android.permission.READ_FRAME_BUFFER for uid=2000 => granted (457 us)
07-14 12:15:04.502 D/dalvikvm( 2037): GC_CONCURRENT freed 446K, 20% free 9567K/11956K, paused 4ms+2ms, total 27ms
07-14 12:15:05.455 I/PowerManagerService(  374): Going to sleep due to screen timeout...
07-14 12:15:06.166 D/SurfaceFlinger(  124): Screen released, type=0 flinger=0x41e1a478
07-14 12:15:06.307 D/dalvikvm(  374): GC_FOR_ALLOC freed 361K, 14% free 19684K/22680K, paused 90ms, total 94ms
07-14 12:15:06.307 I/dalvikvm-heap(  374): Grow heap (frag case) to 19.624MB for 380496-byte allocation
07-14 12:15:06.401 D/dalvikvm(  374): GC_FOR_ALLOC freed 33K, 14% free 20023K/23052K, paused 89ms, total 89ms
07-14 12:15:06.494 D/dalvikvm(  374): GC_FOR_ALLOC freed 764K, 17% free 19267K/23052K, paused 84ms, total 85ms
07-14 12:15:06.494 I/PowerManagerService(  374): Waking up from sleep...
07-14 12:15:06.502 D/MdmApplication( 3494): [null:-1]->onActivityPaused ui.MainActivity , mActivityCount = 1
07-14 12:15:06.502 D/MDM :   ( 3494): [null:-1]->query
07-14 12:15:06.502 D/MDM :   ( 3494): [null:-1]->QUERY_PINCODE_CHECK_RESULT
07-14 12:15:06.502 E/Mdm     ( 3494): Call Mdm service's setLastExitTime function
07-14 12:15:06.612 D/NfcService(  582): NFC-C OFF, disconnect
07-14 12:15:06.752 V/KeyguardHostView(  374): hide transport, gen:11
07-14 12:15:06.752 V/KeyguardHostView(  374): music state changed: 0
07-14 12:15:06.760 D/dalvikvm( 2019): GC_FOR_ALLOC freed 302K, 7% free 9924K/10588K, paused 30ms, total 30ms
07-14 12:15:06.791 D/PhoneStatusBar(  450): disable: < expand icons alerts ticker system_info back home RECENT* clock search >
07-14 12:15:06.823 D/MDM :   ( 3494): [null:-1]->query
07-14 12:15:06.823 D/MDM :   ( 3494): [null:-1]->QUERY_SETTING_PIN_ONOFF
07-14 12:15:06.838 V/TAG     (  374): bug 7643792: fitSystemWindows([0,50][0,0])
07-14 12:15:06.862 D/PowerManagerService-JNI(  374): Excessive delay in autosuspend_disable() while turning screen on: 350ms
07-14 12:15:06.901 D/SurfaceFlinger(  124): Screen acquired, type=0 flinger=0x41e1a478
07-14 12:15:07.065 D/PhoneStatusBar(  450): disable: < expand icons alerts ticker system_info BACK* HOME* RECENT CLOCK* search >
07-14 12:15:07.182 I/WindowManager(  374): Lock screen displayed!
07-14 12:15:07.198 V/DigitalWidgetViewsFactory( 2502): DigitalWidget sets next alarm string to null
07-14 12:15:07.299 D/LightsService(  374): Excessive delay setting light: 88ms
07-14 12:15:07.432 D/AndroidRuntime( 4266): 
07-14 12:15:07.432 D/AndroidRuntime( 4266): >>>>>> AndroidRuntime START com.android.internal.os.RuntimeInit <<<<<<
07-14 12:15:07.432 D/AndroidRuntime( 4266): CheckJNI is OFF
07-14 12:15:07.440 D/dalvikvm( 4266): Trying to load lib libjavacore.so 0x0
07-14 12:15:07.448 D/dalvikvm( 4266): Added shared lib libjavacore.so 0x0
07-14 12:15:07.463 D/dalvikvm( 4266): Trying to load lib libnativehelper.so 0x0
07-14 12:15:07.463 D/dalvikvm( 4266): Added shared lib libnativehelper.so 0x0
07-14 12:15:07.627 D/AndroidRuntime( 4266): Calling main entry com.qihoo360.powerctl.root.app.App
07-14 12:15:07.627 D/AndroidRuntime( 4266): Shutting down VM
07-14 12:15:07.635 D/dalvikvm( 4266): GC_CONCURRENT freed 114K, 22% free 467K/592K, paused 0ms+1ms, total 3ms
07-14 12:15:07.635 I/AndroidRuntime( 4266): NOTE: attach of thread 'Binder_1' failed
07-14 12:15:07.799 D/dalvikvm( 4220): GC_CONCURRENT freed 353K, 74% free 621K/2380K, paused 2ms+1ms, total 8ms
07-14 12:15:08.690 I/QueryController( 4220): Matched selector: UiSelector[DESCRIPTION=滑动区域。] <<==>> [android.view.accessibility.AccessibilityNodeInfo@30cb1; boundsInParent: Rect(0, 0 - 720, 756); boundsInScreen: Rect(0, 547 - 720, 1303); packageName: android; className: android.view.View; text: null; contentDescription: 滑动区域。; viewIdResName: android:id/glow_pad_view; checkable: false; checked: false; focusable: false; focused: false; selected: false; clickable: false; longClickable: false; enabled: true; password: false; scrollable: false; [ACTION_SELECT, ACTION_CLEAR_SELECTION, ACTION_ACCESSIBILITY_FOCUS, ACTION_NEXT_AT_MOVEMENT_GRANULARITY, ACTION_PREVIOUS_AT_MOVEMENT_GRANULARITY, ACTION_SET_SELECTION]]
07-14 12:15:08.698 W/GlowPadView(  374): The number of target drawables must be equal to the number of direction descriptions.
07-14 12:15:09.002 D/MdmApplication( 3494): [null:-1]->onActivityStarted ui.MainActivity , mActivityCount = 0
07-14 12:15:09.002 E/Mdm     ( 3494): Call Mdm service's setLastExitTime function
07-14 12:15:09.002 D/MDM :   ( 3494): [null:-1]->query
07-14 12:15:09.002 D/MDM :   ( 3494): [null:-1]->QUERY_SETTING_PIN_TIMEOUT
07-14 12:15:09.002 D/MDM :   ( 3494): [null:-1]->query
07-14 12:15:09.010 D/MDM :   ( 3494): [null:-1]->QUERY_PINCODE_CHECK_RESULT
07-14 12:15:09.010 D/PhoneStatusBar(  450): disable: < expand icons alerts ticker system_info BACK HOME recent* CLOCK search >
07-14 12:15:09.057 D/NfcService(  582): NFC-C ON
07-14 12:15:09.143 D/PhoneStatusBar(  450): disable: < expand icons alerts ticker system_info back* home* recent clock* search >
07-14 12:15:09.526 V/TAG     (  374): bug 7643792: fitSystemWindows([0,50][0,0])
07-14 12:15:09.651 D/AndroidRuntime( 4290): 
07-14 12:15:09.651 D/AndroidRuntime( 4290): >>>>>> AndroidRuntime START com.android.internal.os.RuntimeInit <<<<<<
07-14 12:15:09.651 D/AndroidRuntime( 4290): CheckJNI is OFF
07-14 12:15:09.666 D/dalvikvm( 4290): Trying to load lib libjavacore.so 0x0
07-14 12:15:09.682 D/dalvikvm( 4290): Added shared lib libjavacore.so 0x0
07-14 12:15:09.698 D/dalvikvm( 4290): Trying to load lib libnativehelper.so 0x0
07-14 12:15:09.698 D/dalvikvm( 4290): Added shared lib libnativehelper.so 0x0
07-14 12:15:09.744 D/dalvikvm( 4220): GC_CONCURRENT freed 409K, 75% free 605K/2380K, paused 2ms+1ms, total 11ms
07-14 12:15:10.026 D/AndroidRuntime( 4290): Calling main entry com.qihoo360.powerctl.root.app.App
07-14 12:15:10.026 D/AndroidRuntime( 4290): Shutting down VM
07-14 12:15:10.026 D/dalvikvm( 4290): GC_CONCURRENT freed 114K, 22% free 467K/592K, paused 0ms+0ms, total 4ms
07-14 12:15:10.033 I/AndroidRuntime( 4290): NOTE: attach of thread 'Binder_1' failed
07-14 12:15:10.033 D/dalvikvm( 4220): GC_CONCURRENT freed 386K, 75% free 603K/2380K, paused 1ms+0ms, total 11ms
07-14 12:15:10.057 D/dalvikvm(  374): GC_CONCURRENT freed 1741K, 13% free 20062K/23052K, paused 10ms+23ms, total 349ms
07-14 12:15:10.244 D/dalvikvm( 4220): GC_CONCURRENT freed 402K, 75% free 612K/2380K, paused 0ms+2ms, total 17ms
07-14 12:15:10.424 D/dalvikvm( 4220): GC_CONCURRENT freed 393K, 75% free 603K/2380K, paused 2ms+1ms, total 8ms
07-14 12:15:10.588 D/dalvikvm( 4220): GC_CONCURRENT freed 392K, 75% free 603K/2380K, paused 0ms+0ms, total 7ms
07-14 12:15:10.666 D/dalvikvm( 1052): GC_CONCURRENT freed 393K, 9% free 10220K/11168K, paused 6ms+2ms, total 51ms
07-14 12:15:10.783 D/dalvikvm( 4220): GC_CONCURRENT freed 397K, 75% free 604K/2380K, paused 1ms+0ms, total 8ms
07-14 12:15:10.948 D/dalvikvm( 4220): GC_CONCURRENT freed 384K, 75% free 603K/2380K, paused 1ms+1ms, total 8ms
07-14 12:15:11.104 D/dalvikvm( 4220): GC_CONCURRENT freed 392K, 75% free 604K/2380K, paused 0ms+1ms, total 8ms
07-14 12:15:11.291 D/dalvikvm( 4220): GC_CONCURRENT freed 396K, 75% free 604K/2380K, paused 1ms+1ms, total 11ms
07-14 12:15:11.448 D/dalvikvm( 4220): GC_CONCURRENT freed 384K, 75% free 603K/2380K, paused 2ms+1ms, total 8ms
07-14 12:15:11.588 D/dalvikvm( 4220): GC_CONCURRENT freed 392K, 75% free 604K/2380K, paused 2ms+0ms, total 9ms
07-14 12:15:11.737 D/dalvikvm( 4220): GC_CONCURRENT freed 384K, 75% free 604K/2380K, paused 2ms+1ms, total 8ms
07-14 12:15:11.877 D/dalvikvm( 4220): GC_CONCURRENT freed 398K, 75% free 597K/2380K, paused 0ms+0ms, total 6ms
07-14 12:15:12.018 D/dalvikvm( 4220): GC_CONCURRENT freed 393K, 75% free 602K/2380K, paused 1ms+1ms, total 6ms
07-14 12:15:12.166 D/dalvikvm( 4220): GC_CONCURRENT freed 397K, 75% free 603K/2380K, paused 0ms+0ms, total 6ms
07-14 12:15:12.307 D/dalvikvm( 4220): GC_CONCURRENT freed 398K, 75% free 602K/2380K, paused 0ms+1ms, total 6ms
07-14 12:15:12.440 D/dalvikvm( 4220): GC_CONCURRENT freed 383K, 75% free 603K/2380K, paused 1ms+0ms, total 7ms
07-14 12:15:12.573 D/dalvikvm( 4220): GC_CONCURRENT freed 391K, 75% free 605K/2380K, paused 1ms+1ms, total 8ms
07-14 12:15:12.705 D/dalvikvm( 4220): GC_CONCURRENT freed 385K, 75% free 604K/2380K, paused 1ms+1ms, total 7ms
07-14 12:15:12.838 D/dalvikvm( 4220): GC_CONCURRENT freed 384K, 75% free 609K/2380K, paused 2ms+1ms, total 9ms
07-14 12:15:12.971 D/dalvikvm( 4220): GC_CONCURRENT freed 405K, 75% free 603K/2380K, paused 1ms+1ms, total 7ms
07-14 12:15:13.096 D/dalvikvm( 4220): GC_CONCURRENT freed 398K, 75% free 603K/2380K, paused 0ms+0ms, total 6ms
07-14 12:15:13.229 D/dalvikvm( 4220): GC_CONCURRENT freed 396K, 75% free 604K/2380K, paused 1ms+1ms, total 8ms
07-14 12:15:13.362 D/dalvikvm( 4220): GC_CONCURRENT freed 384K, 75% free 604K/2380K, paused 2ms+1ms, total 8ms
07-14 12:15:13.494 D/dalvikvm( 4220): GC_CONCURRENT freed 392K, 75% free 604K/2380K, paused 0ms+1ms, total 7ms
07-14 12:15:13.619 D/dalvikvm( 4220): GC_CONCURRENT freed 384K, 75% free 604K/2380K, paused 1ms+1ms, total 7ms
07-14 12:15:13.752 D/dalvikvm( 4220): GC_CONCURRENT freed 392K, 75% free 604K/2380K, paused 1ms+1ms, total 8ms
07-14 12:15:13.877 D/dalvikvm( 4220): GC_CONCURRENT freed 385K, 75% free 603K/2380K, paused 2ms+1ms, total 8ms
07-14 12:15:14.010 D/dalvikvm( 4220): GC_CONCURRENT freed 392K, 75% free 604K/2380K, paused 1ms+0ms, total 7ms
07-14 12:15:14.135 D/dalvikvm( 4220): GC_CONCURRENT freed 384K, 75% free 604K/2380K, paused 1ms+1ms, total 7ms
07-14 12:15:14.268 D/dalvikvm( 4220): GC_CONCURRENT freed 391K, 75% free 604K/2380K, paused 0ms+0ms, total 7ms
07-14 12:15:14.401 D/dalvikvm( 4220): GC_CONCURRENT freed 385K, 75% free 603K/2380K, paused 2ms+0ms, total 7ms
07-14 12:15:14.526 D/dalvikvm( 4220): GC_CONCURRENT freed 392K, 75% free 604K/2380K, paused 0ms+1ms, total 6ms
07-14 12:15:14.658 D/dalvikvm( 4220): GC_CONCURRENT freed 384K, 75% free 604K/2380K, paused 2ms+1ms, total 8ms
07-14 12:15:14.783 D/dalvikvm( 4220): GC_CONCURRENT freed 391K, 75% free 605K/2380K, paused 1ms+1ms, total 7ms
07-14 12:15:14.908 D/dalvikvm( 4220): GC_CONCURRENT freed 399K, 75% free 603K/2380K, paused 1ms+1ms, total 7ms
07-14 12:15:15.041 D/dalvikvm( 4220): GC_CONCURRENT freed 383K, 75% free 604K/2380K, paused 1ms+0ms, total 7ms
07-14 12:15:15.205 D/dalvikvm( 4220): GC_CONCURRENT freed 391K, 75% free 605K/2380K, paused 1ms+1ms, total 7ms
07-14 12:15:15.346 D/dalvikvm( 4220): GC_CONCURRENT freed 385K, 75% free 604K/2380K, paused 2ms+1ms, total 8ms
07-14 12:15:15.487 D/dalvikvm( 4220): GC_CONCURRENT freed 390K, 75% free 603K/2380K, paused 1ms+0ms, total 7ms
07-14 12:15:15.643 D/dalvikvm( 4220): GC_CONCURRENT freed 386K, 75% free 601K/2380K, paused 2ms+1ms, total 18ms
07-14 12:15:15.737 D/dalvikvm(  374): GC_CONCURRENT freed 3620K, 17% free 19163K/22856K, paused 5ms+9ms, total 151ms
07-14 12:15:15.791 D/dalvikvm( 4220): GC_CONCURRENT freed 379K, 75% free 606K/2380K, paused 1ms+0ms, total 7ms
07-14 12:15:15.924 D/dalvikvm( 4220): GC_CONCURRENT freed 394K, 75% free 600K/2380K, paused 1ms+0ms, total 8ms
07-14 12:15:16.057 D/dalvikvm( 4220): GC_CONCURRENT freed 395K, 75% free 602K/2380K, paused 0ms+0ms, total 6ms
07-14 12:15:16.182 D/dalvikvm( 4220): GC_CONCURRENT freed 397K, 75% free 603K/2380K, paused 0ms+1ms, total 6ms
07-14 12:15:16.315 D/dalvikvm( 4220): GC_CONCURRENT freed 398K, 75% free 603K/2380K, paused 1ms+1ms, total 7ms
07-14 12:15:16.440 D/dalvikvm( 4220): GC_CONCURRENT freed 397K, 75% free 603K/2380K, paused 1ms+1ms, total 7ms
07-14 12:15:16.573 D/dalvikvm( 4220): GC_CONCURRENT freed 398K, 75% free 604K/2380K, paused 0ms+0ms, total 6ms
07-14 12:15:16.698 D/dalvikvm( 4220): GC_CONCURRENT freed 396K, 75% free 603K/2380K, paused 0ms+1ms, total 6ms
07-14 12:15:16.823 D/dalvikvm( 4220): GC_CONCURRENT freed 397K, 75% free 603K/2380K, paused 2ms+1ms, total 8ms
07-14 12:15:16.955 D/dalvikvm( 4220): GC_CONCURRENT freed 384K, 75% free 603K/2380K, paused 2ms+0ms, total 8ms
07-14 12:15:17.080 D/dalvikvm( 4220): GC_CONCURRENT freed 391K, 75% free 605K/2380K, paused 0ms+0ms, total 8ms
07-14 12:15:17.205 D/dalvikvm( 4220): GC_CONCURRENT freed 385K, 75% free 604K/2380K, paused 2ms+1ms, total 8ms
07-14 12:15:17.354 D/dalvikvm( 4220): GC_CONCURRENT freed 392K, 75% free 604K/2380K, paused 1ms+1ms, total 7ms
07-14 12:15:17.479 D/dalvikvm( 4220): GC_CONCURRENT freed 397K, 75% free 603K/2380K, paused 0ms+0ms, total 7ms
07-14 12:15:17.604 D/dalvikvm( 4220): GC_CONCURRENT freed 398K, 75% free 602K/2380K, paused 1ms+1ms, total 7ms
07-14 12:15:17.729 D/dalvikvm( 4220): GC_CONCURRENT freed 397K, 75% free 603K/2380K, paused 1ms+1ms, total 7ms
07-14 12:15:17.854 D/dalvikvm( 4220): GC_CONCURRENT freed 398K, 75% free 602K/2380K, paused 1ms+1ms, total 7ms
07-14 12:15:17.979 D/dalvikvm( 4220): GC_CONCURRENT freed 397K, 75% free 603K/2380K, paused 1ms+1ms, total 7ms
07-14 12:15:18.112 D/dalvikvm( 4220): GC_CONCURRENT freed 384K, 75% free 603K/2380K, paused 2ms+0ms, total 8ms
07-14 12:15:18.237 D/dalvikvm( 4220): GC_CONCURRENT freed 392K, 75% free 603K/2380K, paused 1ms+1ms, total 7ms
07-14 12:15:18.362 D/dalvikvm( 4220): GC_CONCURRENT freed 384K, 75% free 603K/2380K, paused 1ms+1ms, total 7ms
07-14 12:15:18.487 D/dalvikvm( 4220): GC_CONCURRENT freed 397K, 75% free 599K/2380K, paused 0ms+0ms, total 7ms
07-14 12:15:18.612 D/dalvikvm( 4220): GC_CONCURRENT freed 378K, 75% free 604K/2380K, paused 1ms+0ms, total 7ms
07-14 12:15:18.737 D/dalvikvm( 4220): GC_CONCURRENT freed 392K, 75% free 604K/2380K, paused 1ms+1ms, total 7ms
07-14 12:15:18.869 D/dalvikvm( 4220): GC_CONCURRENT freed 384K, 75% free 604K/2380K, paused 1ms+0ms, total 7ms
07-14 12:15:18.994 D/dalvikvm( 4220): GC_CONCURRENT freed 397K, 75% free 597K/2380K, paused 1ms+0ms, total 7ms
07-14 12:15:19.119 D/dalvikvm( 4220): GC_CONCURRENT freed 378K, 75% free 603K/2380K, paused 2ms+1ms, total 8ms
07-14 12:15:19.244 D/dalvikvm( 4220): GC_CONCURRENT freed 392K, 75% free 604K/2380K, paused 1ms+1ms, total 7ms
07-14 12:15:19.377 D/dalvikvm( 4220): GC_CONCURRENT freed 384K, 75% free 604K/2380K, paused 1ms+1ms, total 7ms
07-14 12:15:19.502 D/dalvikvm( 4220): GC_CONCURRENT freed 390K, 75% free 605K/2380K, paused 1ms+1ms, total 8ms
07-14 12:15:19.627 D/dalvikvm( 4220): GC_CONCURRENT freed 385K, 75% free 604K/2380K, paused 1ms+0ms, total 7ms
07-14 12:15:19.752 D/dalvikvm( 4220): GC_CONCURRENT freed 397K, 75% free 599K/2380K, paused 1ms+1ms, total 7ms
07-14 12:15:19.877 D/dalvikvm( 4220): GC_CONCURRENT freed 379K, 75% free 604K/2380K, paused 2ms+1ms, total 7ms
07-14 12:15:20.002 D/dalvikvm( 4220): GC_CONCURRENT freed 392K, 75% free 604K/2380K, paused 0ms+1ms, total 6ms
07-14 12:15:20.127 D/dalvikvm( 4220): GC_CONCURRENT freed 385K, 75% free 604K/2380K, paused 2ms+1ms, total 8ms
07-14 12:15:20.252 D/dalvikvm( 4220): GC_CONCURRENT freed 397K, 75% free 599K/2380K, paused 1ms+1ms, total 7ms
07-14 12:15:20.401 D/dalvikvm(  374): GC_CONCURRENT freed 2519K, 17% free 19141K/22856K, paused 4ms+9ms, total 133ms
07-14 12:15:20.416 D/dalvikvm( 4220): GC_CONCURRENT freed 379K, 75% free 604K/2380K, paused 2ms+1ms, total 7ms
07-14 12:15:20.541 D/dalvikvm( 4220): GC_CONCURRENT freed 391K, 75% free 605K/2380K, paused 0ms+0ms, total 6ms
07-14 12:15:20.666 D/dalvikvm( 4220): GC_CONCURRENT freed 384K, 75% free 604K/2380K, paused 2ms+0ms, total 7ms
07-14 12:15:20.791 D/dalvikvm( 4220): GC_CONCURRENT freed 392K, 75% free 604K/2380K, paused 1ms+1ms, total 7ms
07-14 12:15:20.924 D/dalvikvm( 4220): GC_CONCURRENT freed 384K, 75% free 607K/2380K, paused 2ms+1ms, total 8ms
07-14 12:15:21.049 D/dalvikvm( 4220): GC_CONCURRENT freed 394K, 75% free 601K/2380K, paused 1ms+1ms, total 7ms
07-14 12:15:21.182 D/LightsService(  374): Excessive delay setting light: 67ms
07-14 12:15:21.190 D/dalvikvm( 4220): GC_CONCURRENT freed 382K, 75% free 603K/2380K, paused 1ms+1ms, total 8ms
07-14 12:15:21.323 D/dalvikvm( 4220): GC_CONCURRENT freed 392K, 75% free 604K/2380K, paused 1ms+1ms, total 7ms
07-14 12:15:21.424 D/LightsService(  374): Excessive delay setting light: 67ms
07-14 12:15:21.455 D/dalvikvm( 4220): GC_CONCURRENT freed 384K, 75% free 605K/2380K, paused 2ms+1ms, total 8ms
07-14 12:15:21.580 D/dalvikvm( 4220): GC_CONCURRENT freed 391K, 75% free 605K/2380K, paused 1ms+1ms, total 7ms
07-14 12:15:21.705 D/dalvikvm( 4220): GC_CONCURRENT freed 385K, 75% free 614K/2380K, paused 2ms+2ms, total 9ms
07-14 12:15:21.838 D/dalvikvm( 4220): GC_CONCURRENT freed 397K, 75% free 600K/2380K, paused 1ms+0ms, total 7ms
07-14 12:15:21.963 D/dalvikvm( 4220): GC_CONCURRENT freed 391K, 75% free 603K/2380K, paused 2ms+2ms, total 9ms
07-14 12:15:22.096 D/dalvikvm( 4220): GC_CONCURRENT freed 398K, 75% free 603K/2380K, paused 2ms+1ms, total 8ms
07-14 12:15:22.221 D/dalvikvm( 4220): GC_CONCURRENT freed 383K, 75% free 605K/2380K, paused 0ms+1ms, total 6ms
07-14 12:15:22.346 D/dalvikvm( 4220): GC_CONCURRENT freed 396K, 75% free 600K/2380K, paused 1ms+1ms, total 7ms
07-14 12:15:22.479 D/dalvikvm( 4220): GC_CONCURRENT freed 394K, 75% free 603K/2380K, paused 1ms+1ms, total 7ms
07-14 12:15:22.604 D/dalvikvm( 4220): GC_CONCURRENT freed 383K, 75% free 603K/2380K, paused 2ms+1ms, total 8ms
07-14 12:15:22.721 D/dalvikvm( 4220): GC_CONCURRENT freed 391K, 75% free 603K/2380K, paused 1ms+0ms, total 7ms
07-14 12:15:22.846 D/dalvikvm( 4220): GC_CONCURRENT freed 399K, 75% free 603K/2380K, paused 1ms+1ms, total 7ms
07-14 12:15:22.971 D/dalvikvm( 4220): GC_CONCURRENT freed 396K, 75% free 603K/2380K, paused 1ms+1ms, total 7ms
07-14 12:15:23.096 D/dalvikvm( 4220): GC_CONCURRENT freed 398K, 75% free 604K/2380K, paused 1ms+1ms, total 7ms
07-14 12:15:23.221 D/dalvikvm( 4220): GC_CONCURRENT freed 383K, 75% free 604K/2380K, paused 2ms+1ms, total 8ms
07-14 12:15:23.346 D/dalvikvm( 4220): GC_CONCURRENT freed 391K, 75% free 604K/2380K, paused 1ms+1ms, total 7ms
07-14 12:15:23.479 D/dalvikvm( 4220): GC_CONCURRENT freed 385K, 75% free 603K/2380K, paused 2ms+1ms, total 8ms
07-14 12:15:23.604 D/dalvikvm( 4220): GC_CONCURRENT freed 392K, 75% free 605K/2380K, paused 1ms+1ms, total 7ms
07-14 12:15:23.729 D/dalvikvm( 4220): GC_CONCURRENT freed 384K, 75% free 604K/2380K, paused 1ms+0ms, total 7ms
07-14 12:15:23.854 D/dalvikvm( 4220): GC_CONCURRENT freed 391K, 75% free 603K/2380K, paused 2ms+1ms, total 8ms
07-14 12:15:23.971 I/PowerManagerService(  374): Going to sleep due to screen timeout...
07-14 12:15:23.979 I/PowerManagerService(  374): Waking up from sleep...
07-14 12:15:23.987 D/dalvikvm( 4220): GC_CONCURRENT freed 397K, 75% free 602K/2380K, paused 1ms+2ms, total 11ms
07-14 12:15:24.112 D/dalvikvm(  374): GC_FOR_ALLOC freed 1933K, 15% free 19429K/22856K, paused 106ms, total 106ms
07-14 12:15:24.119 D/MdmApplication( 3494): [null:-1]->onActivityPaused ui.MainActivity , mActivityCount = 1
07-14 12:15:24.119 D/MDM :   ( 3494): [null:-1]->query
07-14 12:15:24.119 D/MDM :   ( 3494): [null:-1]->QUERY_PINCODE_CHECK_RESULT
07-14 12:15:24.119 E/Mdm     ( 3494): Call Mdm service's setLastExitTime function
07-14 12:15:24.283 D/NfcService(  582): NFC-C OFF, disconnect
07-14 12:15:24.393 D/dalvikvm(  636): GC_FOR_ALLOC freed 1110K, 10% free 12611K/13984K, paused 112ms, total 113ms
07-14 12:15:24.424 V/KeyguardHostView(  374): hide transport, gen:11
07-14 12:15:24.440 V/KeyguardHostView(  374): music state changed: 0
07-14 12:15:24.494 D/PhoneStatusBar(  450): disable: < expand icons alerts ticker system_info back home RECENT* clock search >
07-14 12:15:24.588 D/MDM :   ( 3494): [null:-1]->query
07-14 12:15:24.596 D/MDM :   ( 3494): [null:-1]->QUERY_SETTING_PIN_ONOFF
07-14 12:15:24.604 V/TAG     (  374): bug 7643792: fitSystemWindows([0,50][0,0])
07-14 12:15:24.744 D/LightsService(  374): Excessive delay setting light: 53ms
07-14 12:15:24.799 D/dalvikvm( 4220): GC_CONCURRENT freed 388K, 75% free 598K/2380K, paused 0ms+1ms, total 11ms
07-14 12:15:24.877 D/PhoneStatusBar(  450): disable: < expand icons alerts ticker system_info BACK* HOME* RECENT CLOCK* search >
07-14 12:15:24.948 D/LightsService(  374): Excessive delay setting light: 67ms
07-14 12:15:25.033 I/WindowManager(  374): Lock screen displayed!
07-14 12:15:25.041 V/DigitalWidgetViewsFactory( 2502): DigitalWidget sets next alarm string to null
07-14 12:15:25.088 D/LightsService(  374): Excessive delay setting light: 133ms
07-14 12:15:25.190 D/LightsService(  374): Excessive delay setting light: 88ms
07-14 12:15:25.455 D/AndroidRuntime( 4310): 
07-14 12:15:25.455 D/AndroidRuntime( 4310): >>>>>> AndroidRuntime START com.android.internal.os.RuntimeInit <<<<<<
07-14 12:15:25.455 D/AndroidRuntime( 4310): CheckJNI is OFF
07-14 12:15:25.471 D/dalvikvm( 4310): Trying to load lib libjavacore.so 0x0
07-14 12:15:25.479 D/dalvikvm( 4310): Added shared lib libjavacore.so 0x0
07-14 12:15:25.487 D/dalvikvm( 4310): Trying to load lib libnativehelper.so 0x0
07-14 12:15:25.487 D/dalvikvm( 4310): Added shared lib libnativehelper.so 0x0
07-14 12:15:25.752 D/AndroidRuntime( 4310): Calling main entry com.qihoo360.powerctl.root.app.App
07-14 12:15:25.760 D/AndroidRuntime( 4310): Shutting down VM
07-14 12:15:25.760 D/dalvikvm( 4310): GC_CONCURRENT freed 114K, 22% free 467K/592K, paused 0ms+1ms, total 4ms
07-14 12:15:25.760 I/AndroidRuntime( 4310): NOTE: attach of thread 'Binder_1' failed
07-14 12:15:26.526 D/dalvikvm( 4220): GC_CONCURRENT freed 354K, 74% free 640K/2380K, paused 1ms+1ms, total 7ms
07-14 12:15:26.549 I/QueryController( 4220): Matched selector: UiSelector[DESCRIPTION=滑动区域。] <<==>> [android.view.accessibility.AccessibilityNodeInfo@4d6ab; boundsInParent: Rect(0, 0 - 720, 756); boundsInScreen: Rect(0, 547 - 720, 1303); packageName: android; className: android.view.View; text: null; contentDescription: 滑动区域。; viewIdResName: android:id/glow_pad_view; checkable: false; checked: false; focusable: false; focused: false; selected: false; clickable: false; longClickable: false; enabled: true; password: false; scrollable: false; [ACTION_SELECT, ACTION_CLEAR_SELECTION, ACTION_ACCESSIBILITY_FOCUS, ACTION_NEXT_AT_MOVEMENT_GRANULARITY, ACTION_PREVIOUS_AT_MOVEMENT_GRANULARITY, ACTION_SET_SELECTION]]
07-14 12:15:26.557 W/GlowPadView(  374): The number of target drawables must be equal to the number of direction descriptions.
07-14 12:15:26.838 D/MdmApplication( 3494): [null:-1]->onActivityStarted ui.MainActivity , mActivityCount = 0
07-14 12:15:26.838 E/Mdm     ( 3494): Call Mdm service's setLastExitTime function
07-14 12:15:26.846 D/MDM :   ( 3494): [null:-1]->query
07-14 12:15:26.846 D/MDM :   ( 3494): [null:-1]->QUERY_SETTING_PIN_TIMEOUT
07-14 12:15:26.846 D/MDM :   ( 3494): [null:-1]->query
07-14 12:15:26.846 D/MDM :   ( 3494): [null:-1]->QUERY_PINCODE_CHECK_RESULT
07-14 12:15:26.862 D/PhoneStatusBar(  450): disable: < expand icons alerts ticker system_info BACK HOME recent* CLOCK search >
07-14 12:15:26.877 D/NfcService(  582): NFC-C ON
07-14 12:15:26.916 D/PhoneStatusBar(  450): disable: < expand icons alerts ticker system_info back* home* recent clock* search >
07-14 12:15:27.182 D/dalvikvm( 1052): GC_CONCURRENT freed 302K, 8% free 10325K/11168K, paused 5ms+6ms, total 56ms
07-14 12:15:27.229 I/RootJni ( 4334): su: permission denied
07-14 12:15:27.377 V/TAG     (  374): bug 7643792: fitSystemWindows([0,50][0,0])
07-14 12:15:27.455 D/AndroidRuntime( 4333): 
07-14 12:15:27.455 D/AndroidRuntime( 4333): >>>>>> AndroidRuntime START com.android.internal.os.RuntimeInit <<<<<<
07-14 12:15:27.455 D/AndroidRuntime( 4333): CheckJNI is OFF
07-14 12:15:27.471 D/dalvikvm( 4333): Trying to load lib libjavacore.so 0x0
07-14 12:15:27.479 D/dalvikvm( 4333): Added shared lib libjavacore.so 0x0
07-14 12:15:27.494 D/dalvikvm( 4333): Trying to load lib libnativehelper.so 0x0
07-14 12:15:27.494 D/dalvikvm( 4333): Added shared lib libnativehelper.so 0x0
07-14 12:15:27.604 D/dalvikvm( 4220): GC_CONCURRENT freed 425K, 75% free 603K/2380K, paused 1ms+1ms, total 12ms
07-14 12:15:27.752 D/dalvikvm( 4220): GC_CONCURRENT freed 384K, 75% free 603K/2380K, paused 1ms+1ms, total 9ms
07-14 12:15:27.776 D/AndroidRuntime( 4333): Calling main entry com.qihoo360.powerctl.root.app.App
07-14 12:15:27.783 D/AndroidRuntime( 4333): Shutting down VM
07-14 12:15:27.783 D/dalvikvm( 4333): GC_CONCURRENT freed 114K, 22% free 467K/592K, paused 1ms+0ms, total 4ms
07-14 12:15:27.791 I/AndroidRuntime( 4333): NOTE: attach of thread 'Binder_1' failed
07-14 12:15:27.908 D/dalvikvm( 4220): GC_CONCURRENT freed 391K, 75% free 604K/2380K, paused 1ms+1ms, total 8ms
07-14 12:15:28.049 D/dalvikvm( 4220): GC_CONCURRENT freed 399K, 75% free 602K/2380K, paused 1ms+1ms, total 7ms
07-14 12:15:28.190 D/dalvikvm( 4220): GC_CONCURRENT freed 396K, 75% free 603K/2380K, paused 1ms+1ms, total 8ms
07-14 12:15:28.330 D/dalvikvm( 4220): GC_CONCURRENT freed 384K, 75% free 603K/2380K, paused 2ms+1ms, total 8ms
07-14 12:15:28.401 D/dalvikvm(  374): GC_CONCURRENT freed 2517K, 15% free 19470K/22856K, paused 5ms+14ms, total 142ms
07-14 12:15:28.494 D/dalvikvm( 4220): GC_CONCURRENT freed 392K, 75% free 603K/2380K, paused 2ms+1ms, total 8ms
07-14 12:15:28.635 D/dalvikvm( 4220): GC_CONCURRENT freed 396K, 75% free 603K/2380K, paused 1ms+0ms, total 7ms
07-14 12:15:28.768 D/dalvikvm( 4220): GC_CONCURRENT freed 384K, 75% free 606K/2380K, paused 0ms+0ms, total 6ms
07-14 12:15:28.908 D/dalvikvm( 4220): GC_CONCURRENT freed 393K, 75% free 603K/2380K, paused 2ms+1ms, total 8ms
07-14 12:15:29.041 D/dalvikvm( 4220): GC_CONCURRENT freed 397K, 75% free 603K/2380K, paused 0ms+0ms, total 7ms
07-14 12:15:29.174 D/dalvikvm( 4220): GC_CONCURRENT freed 384K, 75% free 607K/2380K, paused 0ms+0ms, total 6ms
07-14 12:15:29.307 D/dalvikvm( 4220): GC_CONCURRENT freed 395K, 75% free 600K/2380K, paused 2ms+1ms, total 8ms
07-14 12:15:29.448 D/dalvikvm( 4220): GC_CONCURRENT freed 380K, 75% free 604K/2380K, paused 1ms+1ms, total 7ms
07-14 12:15:29.580 D/dalvikvm( 4220): GC_CONCURRENT freed 391K, 75% free 604K/2380K, paused 0ms+1ms, total 7ms
07-14 12:15:29.705 D/dalvikvm( 4220): GC_CONCURRENT freed 384K, 75% free 603K/2380K, paused 2ms+1ms, total 8ms
07-14 12:15:29.846 D/dalvikvm( 4220): GC_CONCURRENT freed 392K, 75% free 604K/2380K, paused 0ms+1ms, total 7ms
07-14 12:15:29.971 D/dalvikvm( 4220): GC_CONCURRENT freed 384K, 75% free 607K/2380K, paused 2ms+1ms, total 8ms
07-14 12:15:30.088 W/MountService(  374): getVolumeState(/storage/emulated/0/external_sd): Unknown volume
07-14 12:15:30.104 W/MountService(  374): getVolumeState(/mnt/sdcard-ext): Unknown volume
07-14 12:15:30.104 W/MountService(  374): getVolumeState(/mnt/ext_sdcard): Unknown volume
07-14 12:15:30.104 W/MountService(  374): getVolumeState(/mnt/sdcard2): Unknown volume
07-14 12:15:30.112 D/dalvikvm( 4220): GC_CONCURRENT freed 394K, 75% free 602K/2380K, paused 1ms+0ms, total 8ms
07-14 12:15:30.112 W/MountService(  374): getVolumeState(/mnt/emmc): Unknown volume
07-14 12:15:30.112 W/MountService(  374): getVolumeState(/mnt/extSdCard): Unknown volume
07-14 12:15:30.119 W/MountService(  374): getVolumeState(/mnt/sdcard/SD_CARD): Unknown volume
07-14 12:15:30.119 W/MountService(  374): getVolumeState(/mnt/sdcard/extra_sd): Unknown volume
07-14 12:15:30.119 W/MountService(  374): getVolumeState(/mnt/extrasd_bind): Unknown volume
07-14 12:15:30.119 W/MountService(  374): getVolumeState(/mnt/sdcard/ext_sd): Unknown volume
07-14 12:15:30.119 W/MountService(  374): getVolumeState(/storage/extSdCard): Unknown volume
07-14 12:15:30.119 W/MountService(  374): getVolumeState(/storage/sdcard1): Unknown volume
07-14 12:15:30.119 W/MountService(  374): getVolumeState(/mnt/sdcard/external_SD): Unknown volume
07-14 12:15:30.127 W/MountService(  374): getVolumeState(/mnt/sdcard/external_sd): Unknown volume
07-14 12:15:30.221 D/dalvikvm( 2037): GC_CONCURRENT freed 381K, 20% free 9589K/11956K, paused 9ms+2ms, total 44ms
07-14 12:15:30.252 D/dalvikvm( 4220): GC_CONCURRENT freed 396K, 75% free 604K/2380K, paused 0ms+4ms, total 10ms
07-14 12:15:30.346 D/dalvikvm(  504): GC_EXPLICIT freed 248K, 5% free 9309K/9724K, paused 4ms+6ms, total 39ms
07-14 12:15:30.393 D/dalvikvm( 4220): GC_CONCURRENT freed 396K, 75% free 604K/2380K, paused 0ms+1ms, total 7ms
07-14 12:15:30.533 D/dalvikvm( 4220): GC_CONCURRENT freed 384K, 75% free 605K/2380K, paused 1ms+1ms, total 7ms
07-14 12:15:30.549 W/MountService(  374): getVolumeState(/storage/emulated/0/external_sd): Unknown volume
07-14 12:15:30.557 W/MountService(  374): getVolumeState(/mnt/sdcard-ext): Unknown volume
07-14 12:15:30.557 W/MountService(  374): getVolumeState(/mnt/ext_sdcard): Unknown volume
07-14 12:15:30.557 W/MountService(  374): getVolumeState(/mnt/sdcard2): Unknown volume
07-14 12:15:30.565 W/MountService(  374): getVolumeState(/mnt/emmc): Unknown volume
07-14 12:15:30.573 W/MountService(  374): getVolumeState(/mnt/extSdCard): Unknown volume
07-14 12:15:30.573 W/MountService(  374): getVolumeState(/mnt/sdcard/SD_CARD): Unknown volume
07-14 12:15:30.588 W/MountService(  374): getVolumeState(/mnt/sdcard/extra_sd): Unknown volume
07-14 12:15:30.596 W/MountService(  374): getVolumeState(/mnt/extrasd_bind): Unknown volume
07-14 12:15:30.596 W/MountService(  374): getVolumeState(/mnt/sdcard/ext_sd): Unknown volume
07-14 12:15:30.596 W/MountService(  374): getVolumeState(/storage/extSdCard): Unknown volume
07-14 12:15:30.596 W/MountService(  374): getVolumeState(/storage/sdcard1): Unknown volume
07-14 12:15:30.596 W/MountService(  374): getVolumeState(/mnt/sdcard/external_SD): Unknown volume
07-14 12:15:30.596 W/MountService(  374): getVolumeState(/mnt/sdcard/external_sd): Unknown volume
07-14 12:15:30.619 D/dalvikvm( 2037): GC_CONCURRENT freed 433K, 19% free 9750K/11956K, paused 12ms+9ms, total 79ms
07-14 12:15:30.690 D/dalvikvm( 4220): GC_CONCURRENT freed 396K, 75% free 600K/2380K, paused 2ms+1ms, total 9ms
07-14 12:15:30.815 D/dalvikvm( 4220): GC_CONCURRENT freed 379K, 75% free 604K/2380K, paused 2ms+1ms, total 7ms
07-14 12:15:30.940 D/dalvikvm( 4220): GC_CONCURRENT freed 391K, 75% free 604K/2380K, paused 0ms+0ms, total 6ms
07-14 12:15:31.065 D/dalvikvm( 4220): GC_CONCURRENT freed 385K, 75% free 603K/2380K, paused 1ms+0ms, total 7ms
07-14 12:15:31.190 D/dalvikvm( 4220): GC_CONCURRENT freed 392K, 75% free 604K/2380K, paused 0ms+0ms, total 6ms
07-14 12:15:31.315 D/dalvikvm( 4220): GC_CONCURRENT freed 384K, 75% free 604K/2380K, paused 2ms+0ms, total 7ms
07-14 12:15:31.440 D/dalvikvm( 4220): GC_CONCURRENT freed 392K, 75% free 604K/2380K, paused 0ms+0ms, total 6ms
07-14 12:15:31.565 D/dalvikvm( 4220): GC_CONCURRENT freed 384K, 75% free 603K/2380K, paused 1ms+0ms, total 7ms
07-14 12:15:31.698 D/dalvikvm( 4220): GC_CONCURRENT freed 392K, 75% free 603K/2380K, paused 2ms+1ms, total 8ms
07-14 12:15:31.823 D/dalvikvm( 4220): GC_CONCURRENT freed 384K, 75% free 603K/2380K, paused 1ms+1ms, total 7ms
07-14 12:15:31.948 D/dalvikvm( 4220): GC_CONCURRENT freed 391K, 75% free 604K/2380K, paused 1ms+1ms, total 7ms
07-14 12:15:32.073 D/dalvikvm( 4220): GC_CONCURRENT freed 397K, 75% free 603K/2380K, paused 2ms+0ms, total 8ms
07-14 12:15:32.198 D/dalvikvm( 4220): GC_CONCURRENT freed 398K, 75% free 603K/2380K, paused 2ms+1ms, total 8ms
07-14 12:15:32.323 D/dalvikvm( 4220): GC_CONCURRENT freed 384K, 75% free 603K/2380K, paused 2ms+1ms, total 8ms
07-14 12:15:32.448 D/dalvikvm( 4220): GC_CONCURRENT freed 392K, 75% free 603K/2380K, paused 1ms+1ms, total 7ms
07-14 12:15:32.573 D/dalvikvm( 4220): GC_CONCURRENT freed 384K, 75% free 603K/2380K, paused 2ms+1ms, total 8ms
07-14 12:15:32.690 D/dalvikvm( 4220): GC_CONCURRENT freed 391K, 75% free 605K/2380K, paused 0ms+0ms, total 6ms
07-14 12:15:32.815 D/dalvikvm( 4220): GC_CONCURRENT freed 385K, 75% free 604K/2380K, paused 1ms+0ms, total 7ms
07-14 12:15:32.940 D/dalvikvm( 4220): GC_CONCURRENT freed 392K, 75% free 604K/2380K, paused 0ms+0ms, total 6ms
07-14 12:15:33.073 D/dalvikvm( 4220): GC_CONCURRENT freed 384K, 75% free 604K/2380K, paused 2ms+1ms, total 8ms
07-14 12:15:33.182 D/dalvikvm(  374): GC_CONCURRENT freed 3070K, 18% free 18965K/22856K, paused 4ms+8ms, total 140ms
07-14 12:15:33.237 D/dalvikvm( 4220): GC_CONCURRENT freed 390K, 75% free 604K/2380K, paused 1ms+1ms, total 7ms
07-14 12:15:33.362 D/dalvikvm( 4220): GC_CONCURRENT freed 385K, 75% free 603K/2380K, paused 2ms+1ms, total 7ms
07-14 12:15:33.487 D/dalvikvm( 4220): GC_CONCURRENT freed 392K, 75% free 603K/2380K, paused 0ms+1ms, total 6ms
07-14 12:15:33.612 D/dalvikvm( 4220): GC_CONCURRENT freed 384K, 75% free 603K/2380K, paused 2ms+0ms, total 7ms
07-14 12:15:33.737 D/dalvikvm( 4220): GC_CONCURRENT freed 392K, 75% free 604K/2380K, paused 0ms+0ms, total 6ms
07-14 12:15:33.862 D/dalvikvm( 4220): GC_CONCURRENT freed 385K, 75% free 603K/2380K, paused 1ms+1ms, total 7ms
07-14 12:15:33.987 D/dalvikvm( 4220): GC_CONCURRENT freed 392K, 75% free 604K/2380K, paused 0ms+0ms, total 7ms
07-14 12:15:34.112 D/dalvikvm( 4220): GC_CONCURRENT freed 383K, 75% free 604K/2380K, paused 1ms+0ms, total 7ms
07-14 12:15:34.237 D/dalvikvm( 4220): GC_CONCURRENT freed 391K, 75% free 605K/2380K, paused 0ms+1ms, total 6ms
07-14 12:15:34.362 D/dalvikvm( 4220): GC_CONCURRENT freed 384K, 75% free 604K/2380K, paused 1ms+0ms, total 7ms
07-14 12:15:34.487 D/dalvikvm( 4220): GC_CONCURRENT freed 396K, 75% free 599K/2380K, paused 1ms+1ms, total 7ms
07-14 12:15:34.612 D/dalvikvm( 4220): GC_CONCURRENT freed 379K, 75% free 603K/2380K, paused 2ms+1ms, total 8ms
07-14 12:15:34.737 D/dalvikvm( 4220): GC_CONCURRENT freed 391K, 75% free 605K/2380K, paused 0ms+1ms, total 7ms
07-14 12:15:34.862 D/dalvikvm( 4220): GC_CONCURRENT freed 385K, 75% free 604K/2380K, paused 2ms+1ms, total 8ms
07-14 12:15:34.987 D/dalvikvm( 4220): GC_CONCURRENT freed 392K, 75% free 604K/2380K, paused 0ms+1ms, total 6ms
07-14 12:15:35.104 D/dalvikvm( 4220): GC_CONCURRENT freed 384K, 75% free 604K/2380K, paused 2ms+1ms, total 8ms
07-14 12:15:35.252 D/dalvikvm( 4220): GC_CONCURRENT freed 391K, 75% free 605K/2380K, paused 1ms+1ms, total 7ms
07-14 12:15:35.377 D/dalvikvm( 4220): GC_CONCURRENT freed 384K, 75% free 606K/2380K, paused 2ms+0ms, total 8ms
07-14 12:15:35.494 D/dalvikvm( 4220): GC_CONCURRENT freed 395K, 75% free 600K/2380K, paused 0ms+0ms, total 6ms
07-14 12:15:35.619 D/dalvikvm( 4220): GC_CONCURRENT freed 381K, 75% free 603K/2380K, paused 2ms+1ms, total 8ms
07-14 12:15:35.744 D/dalvikvm( 4220): GC_CONCURRENT freed 391K, 75% free 605K/2380K, paused 0ms+0ms, total 6ms
07-14 12:15:35.869 D/dalvikvm( 4220): GC_CONCURRENT freed 385K, 75% free 603K/2380K, paused 1ms+0ms, total 7ms
07-14 12:15:36.002 D/dalvikvm( 4220): GC_CONCURRENT freed 391K, 75% free 602K/2380K, paused 2ms+1ms, total 8ms
07-14 12:15:36.041 D/dalvikvm(  874): GC_CONCURRENT freed 460K, 17% free 9643K/11548K, paused 6ms+6ms, total 83ms
07-14 12:15:36.135 D/dalvikvm( 4220): GC_CONCURRENT freed 399K, 75% free 603K/2380K, paused 0ms+1ms, total 7ms
07-14 12:15:36.260 D/dalvikvm( 4220): GC_CONCURRENT freed 384K, 75% free 602K/2380K, paused 1ms+0ms, total 7ms
07-14 12:15:36.385 D/dalvikvm( 4220): GC_CONCURRENT freed 392K, 75% free 604K/2380K, paused 1ms+1ms, total 7ms
07-14 12:15:36.510 D/dalvikvm( 4220): GC_CONCURRENT freed 384K, 75% free 606K/2380K, paused 2ms+0ms, total 8ms
07-14 12:15:36.627 D/dalvikvm( 4220): GC_CONCURRENT freed 395K, 75% free 602K/2380K, paused 1ms+1ms, total 7ms
07-14 12:15:36.768 D/dalvikvm( 4220): GC_CONCURRENT freed 381K, 75% free 605K/2380K, paused 2ms+1ms, total 8ms
07-14 12:15:36.885 D/dalvikvm( 4220): GC_CONCURRENT freed 397K, 75% free 599K/2380K, paused 1ms+1ms, total 7ms
07-14 12:15:37.010 D/dalvikvm( 4220): GC_CONCURRENT freed 379K, 75% free 604K/2380K, paused 1ms+0ms, total 7ms
07-14 12:15:37.135 D/dalvikvm( 4220): GC_CONCURRENT freed 391K, 75% free 605K/2380K, paused 0ms+1ms, total 7ms
07-14 12:15:37.260 D/dalvikvm( 4220): GC_CONCURRENT freed 385K, 75% free 603K/2380K, paused 2ms+1ms, total 8ms
07-14 12:15:37.385 D/dalvikvm( 4220): GC_CONCURRENT freed 392K, 75% free 604K/2380K, paused 1ms+1ms, total 7ms
07-14 12:15:37.502 D/dalvikvm( 4220): GC_CONCURRENT freed 397K, 75% free 604K/2380K, paused 1ms+1ms, total 7ms
07-14 12:15:37.635 D/dalvikvm(  374): GC_CONCURRENT freed 2531K, 18% free 18874K/22856K, paused 5ms+9ms, total 131ms
07-14 12:15:37.674 D/dalvikvm( 4220): GC_CONCURRENT freed 398K, 75% free 602K/2380K, paused 2ms+1ms, total 8ms
07-14 12:15:37.807 D/dalvikvm( 4220): GC_CONCURRENT freed 383K, 75% free 603K/2380K, paused 1ms+0ms, total 7ms
07-14 12:15:37.932 D/dalvikvm( 4220): GC_CONCURRENT freed 392K, 75% free 611K/2380K, paused 2ms+1ms, total 8ms
07-14 12:15:38.057 D/dalvikvm( 4220): GC_CONCURRENT freed 400K, 75% free 600K/2380K, paused 1ms+1ms, total 7ms
07-14 12:15:38.182 D/dalvikvm( 4220): GC_CONCURRENT freed 380K, 75% free 604K/2380K, paused 1ms+1ms, total 7ms
07-14 12:15:38.307 D/dalvikvm( 4220): GC_CONCURRENT freed 392K, 75% free 603K/2380K, paused 0ms+0ms, total 6ms
07-14 12:15:38.432 D/dalvikvm( 4220): GC_CONCURRENT freed 384K, 75% free 603K/2380K, paused 2ms+1ms, total 8ms
07-14 12:15:38.557 D/dalvikvm( 4220): GC_CONCURRENT freed 383K, 75% free 604K/2380K, paused 1ms+1ms, total 7ms
07-14 12:15:38.682 D/dalvikvm( 4220): GC_CONCURRENT freed 390K, 75% free 601K/2380K, paused 2ms+1ms, total 8ms
07-14 12:15:38.807 D/dalvikvm( 4220): GC_CONCURRENT freed 395K, 75% free 603K/2380K, paused 1ms+1ms, total 7ms
07-14 12:15:38.940 D/dalvikvm( 4220): GC_CONCURRENT freed 398K, 75% free 602K/2380K, paused 1ms+1ms, total 8ms
07-14 12:15:39.041 D/LightsService(  374): Excessive delay setting light: 67ms
07-14 12:15:39.073 D/dalvikvm( 4220): GC_CONCURRENT freed 383K, 75% free 603K/2380K, paused 2ms+1ms, total 8ms
07-14 12:15:39.198 D/dalvikvm( 4220): GC_CONCURRENT freed 391K, 75% free 604K/2380K, paused 1ms+1ms, total 8ms
07-14 12:15:39.307 D/LightsService(  374): Excessive delay setting light: 68ms
07-14 12:15:39.330 D/dalvikvm( 4220): GC_CONCURRENT freed 385K, 75% free 603K/2380K, paused 1ms+0ms, total 8ms
07-14 12:15:39.448 D/dalvikvm( 4220): GC_CONCURRENT freed 392K, 75% free 604K/2380K, paused 1ms+1ms, total 7ms
