07-14 12:30:57.354 I/ActivityManager(  374): START u0 {act=android.intent.action.MAIN cat=[android.intent.category.LAUNCHER] flg=0x10200000 cmp=com.pekall.emdm/.ui.SplashActivity} from pid 595
07-14 12:30:57.510 D/dalvikvm(  374): GC_FOR_ALLOC freed 2313K, 30% free 19732K/28080K, paused 103ms, total 103ms
07-14 12:30:57.612 D/dalvikvm(  374): GC_FOR_ALLOC freed 1231K, 32% free 19244K/28080K, paused 92ms, total 92ms
07-14 12:30:57.658 D/MdmApplication( 3494): [null:-1]->onActivityStarted document.activity.CompanyDocActivity , mActivityCount = 1
07-14 12:30:57.658 D/MDM :   ( 3494): [null:-1]->query
07-14 12:30:57.666 D/MDM :   ( 3494): [null:-1]->QUERY_PINCODE_CHECK_RESULT
07-14 12:30:57.666 D/BaseFragment( 3494): [null:-1]->mSelection is type = 'Normal' ,mSort is _id DESC
07-14 12:30:57.674 D/DB      ( 3494): query: SQLiteQuery: SELECT * FROM doc WHERE type = 'Normal'
07-14 12:30:57.674 D/DB      ( 3494): factory null
07-14 12:30:57.674 D/DB      ( 3494): fillWindow: 0
07-14 12:30:57.682 D/DB      ( 3494): cursor 1
07-14 12:30:57.682 D/DB      ( 3494): moveToPos: 0
07-14 12:30:57.682 D/DB      ( 3494): onMove: 0
07-14 12:30:57.690 D/DB      ( 3494): moveToPos: 1
07-14 12:30:58.518 I/QueryController( 7148): Matched selector: UiSelector[PACKAGE NAME=com.pekall.emdm] <<==>> [android.view.accessibility.AccessibilityNodeInfo@10dd41; boundsInParent: Rect(0, 0 - 720, 1184); boundsInScreen: Rect(0, 0 - 720, 1184); packageName: com.pekall.emdm; className: android.widget.FrameLayout; text: null; contentDescription: null; viewIdResName: null; checkable: false; checked: false; focusable: false; focused: false; selected: false; clickable: false; longClickable: false; enabled: true; password: false; scrollable: false; [ACTION_SELECT, ACTION_CLEAR_SELECTION, ACTION_ACCESSIBILITY_FOCUS]]
07-14 12:30:58.729 D/dalvikvm(  374): GC_FOR_ALLOC freed 1198K, 32% free 19200K/28080K, paused 89ms, total 89ms
07-14 12:30:58.737 D/MdmApplication( 3494): [null:-1]->onActivityPaused document.activity.CompanyDocActivity , mActivityCount = 2
07-14 12:30:58.737 D/MDM :   ( 3494): [null:-1]->query
07-14 12:30:58.744 D/MDM :   ( 3494): [null:-1]->QUERY_PINCODE_CHECK_RESULT
07-14 12:30:58.744 E/Mdm     ( 3494): Call Mdm service's setLastExitTime function
07-14 12:30:58.768 D/MdmApplication( 3494): [null:-1]->onActivityStarted document.activity.DocMainActivity , mActivityCount = 1
07-14 12:30:58.768 D/MDM :   ( 3494): [null:-1]->query
07-14 12:30:58.768 D/MDM :   ( 3494): [null:-1]->QUERY_PINCODE_CHECK_RESULT
07-14 12:30:58.768 D/DB      ( 3494): query: SQLiteQuery: SELECT * FROM doc WHERE browseStatus = 0 AND type = 'Normal'
07-14 12:30:58.768 D/DB      ( 3494): factory null
07-14 12:30:58.768 D/DB      ( 3494): fillWindow: 0
07-14 12:30:58.768 D/DB      ( 3494): cursor 0
07-14 12:30:59.221 D/BaseFragment( 3494): [null:-1]->fragment is on stop 
07-14 12:30:59.268 D/DB      ( 3494): query: SQLiteQuery: SELECT * FROM doc WHERE browseStatus = 0 AND type = 'Normal'
07-14 12:30:59.268 D/DB      ( 3494): factory null
07-14 12:30:59.268 D/DB      ( 3494): fillWindow: 0
07-14 12:30:59.268 D/DB      ( 3494): cursor 0
07-14 12:30:59.268 D/DB      ( 3494): query: SQLiteQuery: SELECT * FROM doc WHERE browseStatus = 0 AND type = 'Normal'
07-14 12:30:59.268 D/DB      ( 3494): factory null
07-14 12:30:59.268 D/DB      ( 3494): fillWindow: 0
07-14 12:30:59.268 D/DB      ( 3494): cursor 0
07-14 12:30:59.268 E/Mdm     ( 3494): Call Mdm service's recordIconCount function
07-14 12:30:59.737 W/InteractionController( 7148): runAndwaitForEvent timedout waiting for events
07-14 12:30:59.940 D/dalvikvm(  374): GC_FOR_ALLOC freed 1152K, 32% free 19194K/28080K, paused 85ms, total 85ms
07-14 12:30:59.940 D/MdmApplication( 3494): [null:-1]->onActivityPaused document.activity.DocMainActivity , mActivityCount = 2
07-14 12:30:59.940 D/MDM :   ( 3494): [null:-1]->query
07-14 12:30:59.940 D/MDM :   ( 3494): [null:-1]->QUERY_PINCODE_CHECK_RESULT
07-14 12:30:59.940 E/Mdm     ( 3494): Call Mdm service's setLastExitTime function
07-14 12:30:59.963 D/MdmApplication( 3494): [null:-1]->onActivityStarted ui.MainActivity , mActivityCount = 1
07-14 12:30:59.963 D/MDM :   ( 3494): [null:-1]->query
07-14 12:30:59.963 D/MDM :   ( 3494): [null:-1]->QUERY_PINCODE_CHECK_RESULT
07-14 12:31:00.947 W/InteractionController( 7148): runAndwaitForEvent timedout waiting for events
07-14 12:31:00.979 I/QueryController( 7148): Matched selector: UiSelector[TEXT=, CLASS=android.widget.TextView] <<==>> [android.view.accessibility.AccessibilityNodeInfo@fecaa; boundsInParent: Rect(0, 0 - 148, 184); boundsInScreen: Rect(376, 572 - 524, 756); packageName: com.pekall.emdm; className: android.widget.TextView; text: ; contentDescription: null; viewIdResName: com.pekall.emdm:id/application_icon_content; checkable: false; checked: false; focusable: true; focused: false; selected: false; clickable: false; longClickable: false; enabled: true; password: false; scrollable: false; [ACTION_FOCUS, ACTION_SELECT, ACTION_CLEAR_SELECTION, ACTION_ACCESSIBILITY_FOCUS, ACTION_NEXT_AT_MOVEMENT_GRANULARITY, ACTION_PREVIOUS_AT_MOVEMENT_GRANULARITY, ACTION_SET_SELECTION]]
07-14 12:31:01.010 I/QueryController( 7148): Matched selector: UiSelector[TEXT=, CLASS=android.widget.TextView] <<==>> [android.view.accessibility.AccessibilityNodeInfo@fe528; boundsInParent: Rect(0, 0 - 148, 184); boundsInScreen: Rect(16, 572 - 164, 756); packageName: com.pekall.emdm; className: android.widget.TextView; text: ; contentDescription: null; viewIdResName: com.pekall.emdm:id/application_icon_content; checkable: false; checked: false; focusable: true; focused: false; selected: false; clickable: false; longClickable: false; enabled: true; password: false; scrollable: false; [ACTION_FOCUS, ACTION_SELECT, ACTION_CLEAR_SELECTION, ACTION_ACCESSIBILITY_FOCUS, ACTION_NEXT_AT_MOVEMENT_GRANULARITY, ACTION_PREVIOUS_AT_MOVEMENT_GRANULARITY, ACTION_SET_SELECTION]]
07-14 12:31:01.049 I/QueryController( 7148): Matched selector: UiSelector[TEXT=, CLASS=android.widget.TextView] <<==>> [android.view.accessibility.AccessibilityNodeInfo@fdda6; boundsInParent: Rect(0, 0 - 148, 184); boundsInScreen: Rect(376, 379 - 524, 563); packageName: com.pekall.emdm; className: android.widget.TextView; text: ; contentDescription: null; viewIdResName: com.pekall.emdm:id/application_icon_content; checkable: false; checked: false; focusable: true; focused: false; selected: false; clickable: false; longClickable: false; enabled: true; password: false; scrollable: false; [ACTION_FOCUS, ACTION_SELECT, ACTION_CLEAR_SELECTION, ACTION_ACCESSIBILITY_FOCUS, ACTION_NEXT_AT_MOVEMENT_GRANULARITY, ACTION_PREVIOUS_AT_MOVEMENT_GRANULARITY, ACTION_SET_SELECTION]]
07-14 12:31:01.049 D/InteractionController( 7148): clickAndWaitForNewWindow(450, 471)
07-14 12:31:01.213 I/ActivityManager(  374): START u0 {cmp=com.pekall.emdm/.contacts.activities.PeopleActivity} from pid 3494
07-14 12:31:01.362 D/dalvikvm(  374): GC_FOR_ALLOC freed 1256K, 32% free 19194K/28080K, paused 85ms, total 85ms
07-14 12:31:01.362 D/MdmApplication( 3494): [null:-1]->onActivityPaused ui.MainActivity , mActivityCount = 2
07-14 12:31:01.369 D/MDM :   ( 3494): [null:-1]->query
07-14 12:31:01.369 D/MDM :   ( 3494): [null:-1]->QUERY_PINCODE_CHECK_RESULT
07-14 12:31:01.369 E/Mdm     ( 3494): Call Mdm service's setLastExitTime function
07-14 12:31:01.393 I/ActivityManager(  374): START u0 {cmp=com.pekall.emdm/.contacts.activities.DialtactsActivity (has extras)} from pid 3494
07-14 12:31:01.424 D/MdmApplication( 3494): [null:-1]->onActivityStarted contacts.activities.DialtactsActivity , mActivityCount = 1
07-14 12:31:01.424 D/MDM :   ( 3494): [null:-1]->query
07-14 12:31:01.424 D/MDM :   ( 3494): [null:-1]->QUERY_PINCODE_CHECK_RESULT
07-14 12:31:01.455 D/ContactsProvider( 3494): [Contacts] query 'content://emdmcontacts/contacts', segment size: 1
07-14 12:31:01.463 D/Assistant( 3494): [---null: -1---]  changeCursor
07-14 12:31:01.463 D/Assistant( 3494): [---null: -1---]  findGroups
07-14 12:31:01.463 D/ContactsProvider( 3494): [Contacts] query 'content://emdmcontacts/contacts', segment size: 1
07-14 12:31:01.463 D/Assistant( 3494): [---null: -1---]  changeCursor
07-14 12:31:01.471 D/Assistant( 3494): [---null: -1---]  findGroups
07-14 12:31:01.471 D/Assistant( 3494): [---null: -1---]  OncreatTIME
07-14 12:31:01.487 I/ContactPhotoManager( 3494): Cache adj: 0.5
07-14 12:31:01.487 E/ContactPhotoManager( 3494): No contact photo service in context: com.pekall.emdm.MdmApplication@42817d40
07-14 12:31:01.541 D/ContactsProvider( 3494): [Contacts] query 'content://emdmcontacts/frequently_contacts', segment size: 1
07-14 12:31:01.541 D/ContactsProvider( 3494): [Contacts] query 'content://emdmcontacts/contacts', segment size: 1
07-14 12:31:01.541 D/ContactsProvider( 3494): [Contacts] query 'content://emdmcontacts/contacts', segment size: 1
07-14 12:31:01.549 D/ContactsProvider( 3494): [Contacts] query 'content://emdmcontacts/contacts', segment size: 1
07-14 12:31:01.549 D/Assistant( 3494): [---null: -1---]  changeCursor
07-14 12:31:01.557 D/Assistant( 3494): [---null: -1---]  findGroups
07-14 12:31:01.557 D/ContactsProvider( 3494): [Contacts] query 'content://emdmcontacts/contacts', segment size: 1
07-14 12:31:01.557 D/Assistant( 3494): [---null: -1---]  changeCursor
07-14 12:31:01.557 D/Assistant( 3494): [---null: -1---]  findGroups
07-14 12:31:01.573 D/ContactsProvider( 3494): [Contacts] query 'content://emdmcontacts/company_calllogs', segment size: 1
07-14 12:31:01.588 V/PhoneStatusBar(  450): setLightsOn(true)
07-14 12:31:01.744 I/ActivityManager(  374): Displayed com.pekall.emdm/.contacts.activities.DialtactsActivity: +341ms (total +363ms)
07-14 12:31:01.744 D/ContactsProvider( 3494): [Contacts] query 'content://emdmcontacts/company_calllogs', segment size: 1
07-14 12:31:01.768 D/Assistant( 3494): [---null: -1---]  changeCursor
07-14 12:31:01.768 D/Assistant( 3494): [---null: -1---]  findGroups
07-14 12:31:01.768 D/Assistant( 3494): [---null: -1---]  addGroup
07-14 12:31:01.783 D/Assistant( 3494): [---null: -1---]  addGroup
07-14 12:31:01.783 D/Assistant( 3494): [---null: -1---]  addGroup
07-14 12:31:01.783 D/Assistant( 3494): [---null: -1---]  addGroup
07-14 12:31:01.791 D/Assistant( 3494): [---null: -1---]  addGroup
07-14 12:31:01.838 E/CursorWindow( 3494): Failed to read row 0, column -1 from a CursorWindow which has 38 rows, 9 columns.
07-14 12:31:01.838 D/CallLogAdapter( 3494): java.lang.IllegalStateException: Couldn't read row 0, col -1 from CursorWindow.  Make sure the Cursor is initialized correctly before accessing data from it.
07-14 12:31:01.838 D/CallLogAdapter( 3494): ======no department find======
07-14 12:31:01.838 D/CALLLOGADAPTER( 3494): ++++++++++++++++++================================
07-14 12:31:01.838 D/ContactsProvider( 3494): [Contacts] query 'content://emdmcontacts/company_calllogs', segment size: 1
07-14 12:31:01.846 D/CallLogAdapter( 3494): quickContactView.number=============13220164537
07-14 12:31:01.846 D/CallLogAdapter( 3494): quickContactView.contactUri=============null
07-14 12:31:01.846 D/ContactsProvider( 3494): [Contacts] query 'content://emdmcontacts/contacts', segment size: 1
07-14 12:31:01.877 E/CursorWindow( 3494): Failed to read row 1, column -1 from a CursorWindow which has 38 rows, 9 columns.
07-14 12:31:01.877 D/CallLogAdapter( 3494): java.lang.IllegalStateException: Couldn't read row 1, col -1 from CursorWindow.  Make sure the Cursor is initialized correctly before accessing data from it.
07-14 12:31:01.877 D/CallLogAdapter( 3494): ======no department find======
07-14 12:31:01.877 D/CALLLOGADAPTER( 3494): ++++++++++++++++++================================
07-14 12:31:01.877 D/ContactsProvider( 3494): [Contacts] query 'content://emdmcontacts/company_calllogs', segment size: 1
07-14 12:31:01.893 D/CallLogAdapter( 3494): quickContactView.number=============01056299605
07-14 12:31:01.893 D/CallLogAdapter( 3494): quickContactView.contactUri=============null
07-14 12:31:01.893 D/ContactsProvider( 3494): [Contacts] query 'content://emdmcontacts/contacts', segment size: 1
07-14 12:31:01.932 E/CursorWindow( 3494): Failed to read row 4, column -1 from a CursorWindow which has 38 rows, 9 columns.
07-14 12:31:01.932 D/CallLogAdapter( 3494): java.lang.IllegalStateException: Couldn't read row 4, col -1 from CursorWindow.  Make sure the Cursor is initialized correctly before accessing data from it.
07-14 12:31:01.932 D/CallLogAdapter( 3494): ======no department find======
07-14 12:31:01.932 D/CALLLOGADAPTER( 3494): ++++++++++++++++++================================
07-14 12:31:01.932 D/ContactsProvider( 3494): [Contacts] query 'content://emdmcontacts/company_calllogs', segment size: 1
07-14 12:31:01.948 D/CallLogAdapter( 3494): quickContactView.number=============13263318053
07-14 12:31:01.948 D/CallLogAdapter( 3494): quickContactView.contactUri=============null
07-14 12:31:01.948 D/ContactsProvider( 3494): [Contacts] query 'content://emdmcontacts/contacts', segment size: 1
07-14 12:31:01.971 E/CursorWindow( 3494): Failed to read row 5, column -1 from a CursorWindow which has 38 rows, 9 columns.
07-14 12:31:01.979 D/CallLogAdapter( 3494): java.lang.IllegalStateException: Couldn't read row 5, col -1 from CursorWindow.  Make sure the Cursor is initialized correctly before accessing data from it.
07-14 12:31:01.979 D/CallLogAdapter( 3494): ======no department find======
07-14 12:31:01.979 D/CALLLOGADAPTER( 3494): ++++++++++++++++++================================
07-14 12:31:01.979 D/ContactsProvider( 3494): [Contacts] query 'content://emdmcontacts/company_calllogs', segment size: 1
07-14 12:31:01.994 D/CallLogAdapter( 3494): quickContactView.number=============13522849951
07-14 12:31:01.994 D/CallLogAdapter( 3494): quickContactView.contactUri=============null
07-14 12:31:01.994 D/ContactsProvider( 3494): [Contacts] query 'content://emdmcontacts/contacts', segment size: 1
07-14 12:31:02.033 E/CursorWindow( 3494): Failed to read row 6, column -1 from a CursorWindow which has 38 rows, 9 columns.
07-14 12:31:02.033 D/CallLogAdapter( 3494): java.lang.IllegalStateException: Couldn't read row 6, col -1 from CursorWindow.  Make sure the Cursor is initialized correctly before accessing data from it.
07-14 12:31:02.033 D/CallLogAdapter( 3494): ======no department find======
07-14 12:31:02.033 D/CALLLOGADAPTER( 3494): ++++++++++++++++++================================
07-14 12:31:02.033 D/ContactsProvider( 3494): [Contacts] query 'content://emdmcontacts/company_calllogs', segment size: 1
07-14 12:31:02.049 D/CallLogAdapter( 3494): quickContactView.number=============15010093591
07-14 12:31:02.049 D/CallLogAdapter( 3494): quickContactView.contactUri=============null
07-14 12:31:02.049 D/ContactsProvider( 3494): [Contacts] query 'content://emdmcontacts/contacts', segment size: 1
07-14 12:31:02.432 D/JOBS    ( 4980): Thread-292: load factor check. true = (0 < 1)|| (0 * 3 < 0 + 0). consumer thread: true
07-14 12:31:02.432 D/JOBS    ( 4980): didn't allow me to die, re-running Thread-292
07-14 12:31:02.432 D/JOBS    ( 4980): re-running consumer Thread-292
07-14 12:31:02.737 I/QueryController( 7148): Matched selector: UiSelector[RESOURCE_ID=com.pekall.emdm:id/thrid] <<==>> [android.view.accessibility.AccessibilityNodeInfo@11b33e; boundsInParent: Rect(0, 0 - 180, 50); boundsInScreen: Rect(360, 73 - 540, 123); packageName: com.pekall.emdm; className: android.widget.ImageView; text: null; contentDescription: null; viewIdResName: com.pekall.emdm:id/thrid; checkable: false; checked: false; focusable: false; focused: false; selected: false; clickable: true; longClickable: false; enabled: true; password: false; scrollable: false; [ACTION_SELECT, ACTION_CLEAR_SELECTION, ACTION_CLICK, ACTION_ACCESSIBILITY_FOCUS]]
07-14 12:31:02.838 I/QueryController( 7148): Matched selector: UiSelector[RESOURCE_ID=com.pekall.emdm:id/thrid] <<==>> [android.view.accessibility.AccessibilityNodeInfo@11b33e; boundsInParent: Rect(0, 0 - 180, 50); boundsInScreen: Rect(360, 73 - 540, 123); packageName: com.pekall.emdm; className: android.widget.ImageView; text: null; contentDescription: null; viewIdResName: com.pekall.emdm:id/thrid; checkable: false; checked: false; focusable: false; focused: false; selected: false; clickable: true; longClickable: false; enabled: true; password: false; scrollable: false; [ACTION_SELECT, ACTION_CLEAR_SELECTION, ACTION_CLICK, ACTION_ACCESSIBILITY_FOCUS]]
07-14 12:31:02.838 D/InteractionController( 7148): clickAndSync(450, 98)
07-14 12:31:05.948 W/InteractionController( 7148): runAndwaitForEvent timedout waiting for events
07-14 12:31:06.346 I/AndroidRuntime( 7148): VM exiting with result code 0.
07-14 12:31:15.018 D/LightsService(  374): Excessive delay setting light: 67ms
07-14 12:31:15.252 D/LightsService(  374): Excessive delay setting light: 66ms
07-14 12:31:16.682 D/dalvikvm( 1052): GC_CONCURRENT freed 377K, 9% free 10213K/11168K, paused 5ms+3ms, total 40ms
07-14 12:31:17.846 I/PowerManagerService(  374): Going to sleep due to screen timeout...
07-14 12:31:18.596 D/SurfaceFlinger(  124): Screen released, type=0 flinger=0x41e1a478
07-14 12:31:18.651 I/WindowManager(  374): Screenshot Window{42ba5160 u0 com.pekall.emdm/com.pekall.emdm.contacts.activities.DialtactsActivity} was all black! mSurfaceLayer=21015 minLayer=21000 maxLayer=21015
07-14 12:31:18.744 D/dalvikvm(  374): GC_FOR_ALLOC freed 1274K, 31% free 19634K/28080K, paused 85ms, total 86ms
07-14 12:31:18.744 D/MdmApplication( 3494): [null:-1]->onActivityPaused contacts.activities.DialtactsActivity , mActivityCount = 2
07-14 12:31:18.744 D/MDM :   ( 3494): [null:-1]->query
07-14 12:31:18.744 D/MDM :   ( 3494): [null:-1]->QUERY_PINCODE_CHECK_RESULT
07-14 12:31:18.744 E/Mdm     ( 3494): Call Mdm service's setLastExitTime function
07-14 12:31:18.862 D/NfcService(  582): NFC-C OFF, disconnect
07-14 12:31:18.932 D/dalvikvm(  636): GC_FOR_ALLOC freed 985K, 11% free 12681K/14092K, paused 59ms, total 59ms
07-14 12:31:18.955 V/KeyguardHostView(  374): hide transport, gen:23
07-14 12:31:18.955 V/KeyguardHostView(  374): music state changed: 0
07-14 12:31:18.994 D/PhoneStatusBar(  450): disable: < expand icons alerts ticker system_info back home RECENT* clock search >
07-14 12:31:19.033 V/TAG     (  374): bug 7643792: fitSystemWindows([0,50][0,0])
07-14 12:31:19.065 D/MDM :   ( 3494): [null:-1]->query
07-14 12:31:19.065 D/MDM :   ( 3494): [null:-1]->QUERY_SETTING_PIN_ONOFF
07-14 12:31:19.143 D/PhoneStatusBar(  450): disable: < expand icons alerts ticker system_info BACK* HOME* RECENT CLOCK* search >
07-14 12:31:30.987 W/MountService(  374): getVolumeState(/storage/emulated/0/external_sd): Unknown volume
07-14 12:31:30.987 W/MountService(  374): getVolumeState(/mnt/sdcard-ext): Unknown volume
07-14 12:31:30.987 W/MountService(  374): getVolumeState(/mnt/ext_sdcard): Unknown volume
07-14 12:31:30.987 W/MountService(  374): getVolumeState(/mnt/sdcard2): Unknown volume
07-14 12:31:30.994 W/MountService(  374): getVolumeState(/mnt/emmc): Unknown volume
07-14 12:31:30.994 W/MountService(  374): getVolumeState(/mnt/extSdCard): Unknown volume
07-14 12:31:30.994 W/MountService(  374): getVolumeState(/mnt/sdcard/SD_CARD): Unknown volume
07-14 12:31:30.994 W/MountService(  374): getVolumeState(/mnt/sdcard/extra_sd): Unknown volume
07-14 12:31:30.994 W/MountService(  374): getVolumeState(/mnt/extrasd_bind): Unknown volume
07-14 12:31:30.994 W/MountService(  374): getVolumeState(/mnt/sdcard/ext_sd): Unknown volume
07-14 12:31:30.994 W/MountService(  374): getVolumeState(/storage/extSdCard): Unknown volume
07-14 12:31:30.994 W/MountService(  374): getVolumeState(/storage/sdcard1): Unknown volume
07-14 12:31:30.994 W/MountService(  374): getVolumeState(/mnt/sdcard/external_SD): Unknown volume
07-14 12:31:30.994 W/MountService(  374): getVolumeState(/mnt/sdcard/external_sd): Unknown volume
07-14 12:31:31.041 D/dalvikvm( 6152): GC_CONCURRENT freed 400K, 7% free 9383K/10072K, paused 3ms+2ms, total 37ms
07-14 12:31:31.182 D/dalvikvm( 2221): GC_CONCURRENT freed 346K, 6% free 9584K/10108K, paused 2ms+4ms, total 33ms
07-14 12:31:31.229 D/dalvikvm( 6152): GC_CONCURRENT freed 465K, 8% free 9362K/10072K, paused 2ms+3ms, total 45ms
07-14 12:31:31.237 W/MountService(  374): getVolumeState(/storage/emulated/0/external_sd): Unknown volume
07-14 12:31:31.237 W/MountService(  374): getVolumeState(/mnt/sdcard-ext): Unknown volume
07-14 12:31:31.237 W/MountService(  374): getVolumeState(/mnt/ext_sdcard): Unknown volume
07-14 12:31:31.237 W/MountService(  374): getVolumeState(/mnt/sdcard2): Unknown volume
07-14 12:31:31.237 W/MountService(  374): getVolumeState(/mnt/emmc): Unknown volume
07-14 12:31:31.237 W/MountService(  374): getVolumeState(/mnt/extSdCard): Unknown volume
07-14 12:31:31.237 W/MountService(  374): getVolumeState(/mnt/sdcard/SD_CARD): Unknown volume
07-14 12:31:31.244 W/MountService(  374): getVolumeState(/mnt/sdcard/extra_sd): Unknown volume
07-14 12:31:31.244 W/MountService(  374): getVolumeState(/mnt/extrasd_bind): Unknown volume
07-14 12:31:31.244 W/MountService(  374): getVolumeState(/mnt/sdcard/ext_sd): Unknown volume
07-14 12:31:31.244 W/MountService(  374): getVolumeState(/storage/extSdCard): Unknown volume
07-14 12:31:31.244 W/MountService(  374): getVolumeState(/storage/sdcard1): Unknown volume
07-14 12:31:31.244 W/MountService(  374): getVolumeState(/mnt/sdcard/external_SD): Unknown volume
07-14 12:31:31.244 W/MountService(  374): getVolumeState(/mnt/sdcard/external_sd): Unknown volume
07-14 12:31:31.354 D/dalvikvm( 6152): GC_CONCURRENT freed 442K, 8% free 9353K/10072K, paused 4ms+3ms, total 37ms
07-14 12:31:31.752 D/ContactsProvider( 3494): [Contacts] query 'content://emdmcontacts/company_calllogs', segment size: 1
07-14 12:31:31.752 D/Assistant( 3494): [---null: -1---]  changeCursor
07-14 12:31:31.752 D/Assistant( 3494): [---null: -1---]  findGroups
07-14 12:31:31.752 D/Assistant( 3494): [---null: -1---]  addGroup
07-14 12:31:31.760 D/Assistant( 3494): [---null: -1---]  addGroup
07-14 12:31:31.768 D/Assistant( 3494): [---null: -1---]  addGroup
07-14 12:31:31.768 D/Assistant( 3494): [---null: -1---]  addGroup
07-14 12:31:31.776 D/Assistant( 3494): [---null: -1---]  addGroup
07-14 12:31:48.979 D/MDM :   ( 3494): [null:-1]->MSG_WEBSOCKET_MESSAGE : {"id":-954581427,"type":0,"command":0,"result":0,"reason":0,"params":{"msgId":"1d072a18-0404-4d1d-9110-4309e27db4cf,1d072a1804044d1d91104309e27db4cf","device":"ffffffffc539bb10fffffffff7aea961","message":"{\"cmd\":\"10119\"}"}}
07-14 12:31:49.002 D/MdmService( 3494): [null:-1]->push message type :0
07-14 12:31:49.002 D/MdmService( 3494): [null:-1]->cmdMessage : {"cmd":"10119"}
07-14 12:31:49.010 D/MdmService( 3494): [null:-1]->command : PushCommandMsg{cmd='10119', msg='null'}
07-14 12:31:49.010 D/MDM :   ( 3494): [null:-1]->PUSH CMD: 10119
07-14 12:31:49.010 D/MdmStatusManager( 3494): [null:-1]->change status to : Busy
07-14 12:31:49.010 D/DB      ( 3494): query: SQLiteQuery: SELECT content, command_status, status FROM command WHERE status!=2
07-14 12:31:49.010 D/DB      ( 3494): factory null
07-14 12:31:49.010 D/DB      ( 3494): fillWindow: 0
07-14 12:31:49.010 D/DB      ( 3494): cursor 0
07-14 12:31:49.010 D/DB      ( 3494): moveToPos: 0
07-14 12:31:49.010 I/TransInfo( 3494): TransInfo created, id: 3, class: class com.pekall.emdm.transaction.b.c
07-14 12:31:49.010 D/NetworkThread( 3494): [null:-1]->----isRunning-----true
07-14 12:31:49.018 D/NetworkThread( 3494): [null:-1]->----isRunning-----true
07-14 12:31:49.018 D/NetworkThread( 3494): [null:-1]->thread wakeup
07-14 12:31:49.018 D/HttpClient( 3494): enable apache.http debug
07-14 12:31:49.026 V/DEBUG   ( 3494): HTTP 0
07-14 12:31:49.815 V/DEBUG   ( 3494): HTTP 1
07-14 12:31:49.822 D/MDM :   ( 3494): [null:-1]->read network input stream
07-14 12:31:49.830 D/CheckInTransInfo( 3494): [null:-1]->CommandMsg : CommandMsg{CommandUUID='8a80888e4732aed501473324156f06d5', Command=CommandObject{RequestType='Location'}}
07-14 12:31:49.830 D/DB      ( 3494): query: SQLiteQuery: SELECT * FROM command WHERE cmd_uuid='8a80888e4732aed501473324156f06d5'
07-14 12:31:49.830 D/DB      ( 3494): factory null
07-14 12:31:49.830 D/DB      ( 3494): fillWindow: 0
07-14 12:31:49.830 D/DB      ( 3494): cursor 0
07-14 12:31:49.862 D/NetworkThread( 3494): [null:-1]->queue is empty, thread wait...
07-14 12:31:49.971 D/MdmService( 3494): [null:-1]->handleCheckInResult
07-14 12:31:49.971 D/MdmService( 3494): [null:-1]->handleCheckInResult result keyIndex: 3
07-14 12:31:49.971 D/CommandManager( 3494): [null:-1]->execute command: CommandMsg{CommandUUID='8a80888e4732aed501473324156f06d5', Command=CommandObject{RequestType='Location'}}
07-14 12:31:49.971 D/MdmService( 3494): [null:-1]->receiver action :com.pekall.mdm.action.LOCATION
07-14 12:31:49.994 D/dalvikvm( 7224): Late-enabling CheckJNI
07-14 12:31:50.002 I/ActivityManager(  374): Start proc com.pekall.emdm:remote for service com.pekall.emdm/com.baidu.location.f: pid=7224 uid=10066 gids={50066, 1015, 3002, 3001, 3003, 1028}
07-14 12:31:50.026 D/dalvikvm(  125): GC_EXPLICIT freed 41K, 1% free 8921K/9000K, paused 3ms+3ms, total 35ms
07-14 12:31:50.057 D/dalvikvm(  125): GC_EXPLICIT freed <1K, 1% free 8921K/9000K, paused 1ms+4ms, total 27ms
07-14 12:31:50.057 I/TransInfo( 3494): TransInfo created, id: 3, class: class com.pekall.emdm.transaction.b.c
07-14 12:31:50.057 D/NetworkThread( 3494): [null:-1]->----isRunning-----true
07-14 12:31:50.065 D/NetworkThread( 3494): [null:-1]->----isRunning-----true
07-14 12:31:50.065 D/NetworkThread( 3494): [null:-1]->thread wakeup
07-14 12:31:50.073 V/MyServiceConnection( 7224): [MConnection] mdm service is NOT installed.
07-14 12:31:50.073 D/HttpClient( 3494): enable apache.http debug
07-14 12:31:50.073 V/MyServiceConnection( 7224): [MConnection] binding service: pekall.intent.action.MDM_SERVICE
07-14 12:31:50.080 D/dalvikvm(  125): GC_EXPLICIT freed <1K, 1% free 8921K/9000K, paused 2ms+4ms, total 26ms
07-14 12:31:50.088 V/DEBUG   ( 3494): HTTP 0
07-14 12:31:50.088 V/SandboxConnection( 7224): [SConnection] sandbox service is NOT installed.
07-14 12:31:50.088 D/ScClassLoader( 7224): >> SOURCE FILE: /data/data/com.pekall.emdm/app_jars/sc-jdk15on-1.47.0.2.dex.jar
07-14 12:31:50.088 V/SandboxConnection( 7224): [SConnection] binding service: pekall.intent.action.SANDBOX_SERVICE
07-14 12:31:50.096 D/MDM :   ( 7224): [null:-1]->SettingApplication
07-14 12:31:50.135 D/dalvikvm( 7224): Trying to load lib /data/app-lib/com.pekall.emdm-1/libsandbox_database_jni.so 0x42811d88
07-14 12:31:50.143 D/dalvikvm( 7224): Added shared lib /data/app-lib/com.pekall.emdm-1/libsandbox_database_jni.so 0x42811d88
07-14 12:31:50.158 I/Sandbox ( 7224): [Sandbox] initForTest, modified on 6.3
07-14 12:31:50.158 V/SandboxConnection( 7224): [SConnection] retry to bind service
07-14 12:31:50.166 V/SandboxConnection( 7224): [SConnection] sandbox service is NOT installed.
07-14 12:31:50.166 V/SandboxConnection( 7224): [SConnection] binding service: pekall.intent.action.SANDBOX_SERVICE
07-14 12:31:50.182 D/dalvikvm( 7224): GC_CONCURRENT freed 155K, 3% free 9253K/9444K, paused 4ms+4ms, total 56ms
07-14 12:31:50.198 D/Email   ( 7224): Email: init sandbox at the beginning.
07-14 12:31:50.198 I/Sandbox ( 7224): [Sandbox] init
07-14 12:31:50.198 V/SandboxConnection( 7224): [SConnection] retry to bind service
07-14 12:31:50.198 V/SandboxConnection( 7224): [SConnection] sandbox service is NOT installed.
07-14 12:31:50.198 V/SandboxConnection( 7224): [SConnection] binding service: pekall.intent.action.SANDBOX_SERVICE
07-14 12:31:50.229 V/SandboxConnection( 7224): [SConnection] retry to bind service
07-14 12:31:50.229 V/SandboxConnection( 7224): [SConnection] sandbox service is NOT installed.
07-14 12:31:50.229 V/SandboxConnection( 7224): [SConnection] binding service: pekall.intent.action.SANDBOX_SERVICE
07-14 12:31:50.237 V/l       ( 7224): Bind requested for task setLogging
07-14 12:31:50.252 D/ExchangeService( 3494): !!! EAS ExchangeService, onCreate
07-14 12:31:50.252 D/ExchangeService( 3494): !!! EAS ExchangeService, onStartCommand, startingUp = false, running = false
07-14 12:31:50.252 D/ExchangeService( 3494): to start secureStorageService now
07-14 12:31:50.252 V/a       ( 3494): Bind requested for task test
07-14 12:31:50.260 V/browser ( 7224): Browser.onCreate: this=com.pekall.emdm.browser.at@4281a328
07-14 12:31:50.260 D/ExchangeService( 3494): Reconciling accounts...
07-14 12:31:50.260 V/a       ( 3494): Bind requested for task reconcileAccounts
07-14 12:31:50.260 V/a       ( 3494): Connected: com.pekall.semail.service.AccountServiceInternal
07-14 12:31:50.260 D/ActivityThread( 7224): Loading provider com.pekall.semail.provider;com.pekall.semail.notifier: com.pekall.semail.provider.EmailProvider
07-14 12:31:50.268 V/a       ( 3494): Connection test succeeded in 14ms
07-14 12:31:50.268 V/a       ( 3494): Connected: com.pekall.semail.service.AccountServiceInternal
07-14 12:31:50.268 V/a       ( 3494): Task test completed; disconnecting
07-14 12:31:50.268 V/a       ( 3494): Waiting for task reconcileAccounts to complete...
07-14 12:31:50.268 D/DB      ( 3494): query: SQLiteQuery: SELECT _id FROM Account
07-14 12:31:50.268 D/DB      ( 3494): factory null
07-14 12:31:50.276 D/DB      ( 3494): fillWindow: 0
07-14 12:31:50.276 D/ActivityThread( 7224): Loading provider com.pekall.semail.provider;com.pekall.semail.notifier: com.pekall.semail.provider.EmailProvider
07-14 12:31:50.283 D/DB      ( 3494): cursor 1
07-14 12:31:50.283 D/DB      ( 3494): moveToPos: 0
07-14 12:31:50.283 D/DB      ( 3494): onMove: 0
07-14 12:31:50.291 D/DB      ( 3494): moveToPos: 1
07-14 12:31:50.291 V/a       ( 3494): Task reconcileAccounts completed; disconnecting
07-14 12:31:50.291 V/a       ( 3494): Wait for reconcileAccounts finished in 22ms
07-14 12:31:50.291 D/DB      ( 3494): query: SQLiteQuery: SELECT count(*) FROM HostAuth WHERE protocol="eas" LIMIT 1
07-14 12:31:50.291 D/DB      ( 3494): factory null
07-14 12:31:50.291 D/DB      ( 3494): fillWindow: 0
07-14 12:31:50.291 D/DB      ( 3494): cursor 1
07-14 12:31:50.299 D/DB      ( 3494): moveToPos: 0
07-14 12:31:50.299 D/DB      ( 3494): onMove: 0
07-14 12:31:50.299 D/ExchangeService( 3494): !!! EAS ExchangeService, stopping self
07-14 12:31:50.354 I/Sandbox ( 7224): [Sandbox] initForTest, modified on 6.3
07-14 12:31:50.354 D/dalvikvm( 7224): GC_CONCURRENT freed 231K, 3% free 9560K/9788K, paused 6ms+10ms, total 52ms
07-14 12:31:50.354 V/SandboxConnection( 7224): [SConnection] retry to bind service
07-14 12:31:50.354 V/SandboxConnection( 7224): [SConnection] sandbox service is NOT installed.
07-14 12:31:50.354 V/SandboxConnection( 7224): [SConnection] binding service: pekall.intent.action.SANDBOX_SERVICE
07-14 12:31:50.354 W/SQLiteOpenHelper( 7224): Opened /data/data/com.pekall.emdm/databases/message.db
07-14 12:31:50.416 E/DB      ( 7224): bind, index: 1, value: 0
07-14 12:31:50.424 D/DB      ( 7224): query: SQLiteQuery: SELECT * FROM message WHERE status =?
07-14 12:31:50.424 D/DB      ( 7224): factory null
07-14 12:31:50.432 D/DB      ( 7224): fillWindow: 0
07-14 12:31:50.432 W/SQLiteOpenHelper( 7224): Opened /data/data/com.pekall.emdm/databases/EmailProvider.db
07-14 12:31:50.440 D/DB      ( 7224): cursor 0
07-14 12:31:50.440 E/Mdm     ( 3494): Call Mdm service's recordIconCount function
07-14 12:31:50.448 E/DB      ( 7224): bind, index: 1, value: 0
07-14 12:31:50.448 E/DB      ( 7224): bind, index: 2, value: 100
07-14 12:31:50.448 D/DB      ( 7224): query: SQLiteQuery: SELECT * FROM message WHERE status=? and type=?
07-14 12:31:50.448 D/DB      ( 7224): factory null
07-14 12:31:50.448 D/DB      ( 7224): fillWindow: 0
07-14 12:31:50.448 D/DB      ( 7224): cursor 0
07-14 12:31:50.455 V/SettingApplication( 7224): SettingApplication.onCreate: this=com.pekall.emdm.setting.ai@4281aab8
07-14 12:31:50.471 D/dalvikvm( 7224): GC_CONCURRENT freed 229K, 3% free 9732K/9996K, paused 3ms+2ms, total 29ms
07-14 12:31:50.494 W/SQLiteOpenHelper( 7224): Opened /data/data/com.pekall.emdm/databases/EmailProviderBody.db
07-14 12:31:50.526 D/DB      ( 7224): query: SQLiteQuery: SELECT _id FROM Account
07-14 12:31:50.526 D/DB      ( 7224): factory null
07-14 12:31:50.526 D/DB      ( 7224): fillWindow: 0
07-14 12:31:50.526 D/DB      ( 7224): cursor 1
07-14 12:31:50.526 D/DB      ( 7224): moveToPos: 0
07-14 12:31:50.526 D/DB      ( 7224): onMove: 0
07-14 12:31:50.526 D/DB      ( 7224): query: SQLiteQuery: SELECT _id, mailboxKey FROM Message_Updates
07-14 12:31:50.526 D/DB      ( 7224): factory null
07-14 12:31:50.526 D/DB      ( 7224): fillWindow: 0
07-14 12:31:50.533 D/DB      ( 7224): cursor 0
07-14 12:31:50.533 D/DB      ( 7224): query: SQLiteQuery: SELECT _id, mailboxKey FROM Message_Deletes
07-14 12:31:50.533 D/DB      ( 7224): factory null
07-14 12:31:50.533 D/DB      ( 7224): fillWindow: 0
07-14 12:31:50.533 D/DB      ( 7224): cursor 0
07-14 12:31:50.557 W/System.err( 7224): java.lang.NoSuchMethodException: startScan [boolean]
07-14 12:31:50.557 W/System.err( 7224): 	at java.lang.Class.getConstructorOrMethod(Class.java:423)
07-14 12:31:50.557 W/System.err( 7224): 	at java.lang.Class.getDeclaredMethod(Class.java:589)
07-14 12:31:50.557 W/System.err( 7224): 	at com.baidu.location.e.try(Unknown Source)
07-14 12:31:50.557 W/System.err( 7224): 	at com.baidu.location.f.onCreate(Unknown Source)
07-14 12:31:50.565 W/System.err( 7224): 	at android.app.ActivityThread.handleCreateService(ActivityThread.java:2577)
07-14 12:31:50.565 W/System.err( 7224): 	at android.app.ActivityThread.access$1600(ActivityThread.java:141)
07-14 12:31:50.565 W/System.err( 7224): 	at android.app.ActivityThread$H.handleMessage(ActivityThread.java:1338)
07-14 12:31:50.565 W/System.err( 7224): 	at android.os.Handler.dispatchMessage(Handler.java:99)
07-14 12:31:50.565 W/System.err( 7224): 	at android.os.Looper.loop(Looper.java:137)
07-14 12:31:50.565 W/System.err( 7224): 	at android.app.ActivityThread.main(ActivityThread.java:5103)
07-14 12:31:50.565 W/System.err( 7224): 	at java.lang.reflect.Method.invokeNative(Native Method)
07-14 12:31:50.565 W/System.err( 7224): 	at java.lang.reflect.Method.invoke(Method.java:525)
07-14 12:31:50.565 W/System.err( 7224): 	at com.android.internal.os.ZygoteInit$MethodAndArgsCaller.run(ZygoteInit.java:737)
07-14 12:31:50.565 W/System.err( 7224): 	at com.android.internal.os.ZygoteInit.main(ZygoteInit.java:553)
07-14 12:31:50.565 W/System.err( 7224): 	at dalvik.system.NativeStart.main(Native Method)
07-14 12:31:50.573 D/dalvikvm( 7224): GC_CONCURRENT freed 451K, 5% free 9697K/10188K, paused 3ms+2ms, total 29ms
07-14 12:31:50.588 D/baidu_location_service( 7224): baidu location service start1 ...7224
07-14 12:31:50.588 D/baidu_location_client( 3494): baidu location connected ...
07-14 12:31:50.588 V/MyServiceConnection( 7224): [MConnection] onServiceConnected, comp: com.pekall.emdm.service.MdmProxy
07-14 12:31:50.596 V/SandboxConnection( 7224): [SConnection] onServiceConnected, comp: com.pekall.sandbox.service.SandboxService
07-14 12:31:50.596 D/AuthenticationManager( 3494): [7224] binder package: com.pekall.emdm:remote
07-14 12:31:50.604 I/Sandbox ( 7224): [Sandbox] initUserSecret, from: 1405312310610, to: 1407904310610
07-14 12:31:50.612 D/DB      ( 7224): query: SQLiteQuery: SELECT _id FROM Account
07-14 12:31:50.612 D/DB      ( 7224): factory null
07-14 12:31:50.612 D/DB      ( 7224): fillWindow: 0
07-14 12:31:50.612 D/DB      ( 7224): cursor 1
07-14 12:31:50.612 D/DB      ( 7224): moveToPos: 0
07-14 12:31:50.612 D/DB      ( 7224): onMove: 0
07-14 12:31:50.619 D/DB      ( 7224): query: SQLiteQuery: SELECT _id, displayName, emailAddress, syncKey, syncLookback, syncInterval, hostAuthKeyRecv, hostAuthKeySend, flags, isDefault, compatibilityUuid, senderName, ringtoneUri, protocolVersion, newMessageCount, securitySyncKey, signature, policyKey, notifiedMessageId, notifiedMessageCount FROM Account WHERE _id=2
07-14 12:31:50.619 D/DB      ( 7224): factory null
07-14 12:31:50.619 D/DB      ( 7224): fillWindow: 0
07-14 12:31:50.619 D/DB      ( 7224): cursor 1
07-14 12:31:50.619 D/DB      ( 7224): moveToPos: 0
07-14 12:31:50.619 D/DB      ( 7224): onMove: 0
07-14 12:31:50.619 D/DB      ( 7224): moveToPos: 1
07-14 12:31:50.627 D/DB      ( 7224): query: SQLiteQuery: SELECT _id FROM HostAuth
07-14 12:31:50.627 D/DB      ( 7224): factory null
07-14 12:31:50.627 D/DB      ( 7224): fillWindow: 0
07-14 12:31:50.627 D/DB      ( 7224): cursor 2
07-14 12:31:50.627 D/DB      ( 7224): moveToPos: 0
07-14 12:31:50.627 D/DB      ( 7224): onMove: 0
07-14 12:31:50.627 D/DB      ( 7224): query: SQLiteQuery: SELECT _id, protocol, address, port, flags, login, password, domain, certAlias FROM HostAuth WHERE _id=3
07-14 12:31:50.627 D/DB      ( 7224): factory null
07-14 12:31:50.627 D/DB      ( 7224): fillWindow: 0
07-14 12:31:50.627 D/DB      ( 7224): cursor 1
07-14 12:31:50.627 D/DB      ( 7224): moveToPos: 0
07-14 12:31:50.627 D/DB      ( 7224): onMove: 0
07-14 12:31:50.635 D/DB      ( 7224): moveToPos: 1
07-14 12:31:50.635 D/DB      ( 7224): onMove: 1
07-14 12:31:50.635 D/DB      ( 7224): query: SQLiteQuery: SELECT _id, protocol, address, port, flags, login, password, domain, certAlias FROM HostAuth WHERE _id=4
07-14 12:31:50.635 D/DB      ( 7224): factory null
07-14 12:31:50.635 D/DB      ( 7224): fillWindow: 0
07-14 12:31:50.635 D/DB      ( 7224): cursor 1
07-14 12:31:50.635 D/DB      ( 7224): moveToPos: 0
07-14 12:31:50.635 D/DB      ( 7224): onMove: 0
07-14 12:31:50.635 D/DB      ( 7224): moveToPos: 2
07-14 12:31:50.643 D/DB      ( 7224): query: SQLiteQuery: SELECT _id FROM Policy
07-14 12:31:50.643 D/DB      ( 7224): factory null
07-14 12:31:50.643 D/DB      ( 7224): fillWindow: 0
07-14 12:31:50.643 D/DB      ( 7224): cursor 0
07-14 12:31:50.643 D/DB      ( 7224): moveToPos: 0
07-14 12:31:50.643 D/DB      ( 7224): query: SQLiteQuery: SELECT _id FROM Mailbox WHERE type IN (0,3,6,5,8,4)
07-14 12:31:50.643 D/DB      ( 7224): factory null
07-14 12:31:50.643 D/DB      ( 7224): fillWindow: 0
07-14 12:31:50.643 D/DB      ( 7224): cursor 0
07-14 12:31:50.651 D/DB      ( 7224): moveToPos: 0
07-14 12:31:50.651 D/DB      ( 7224): query: SQLiteQuery: SELECT _id FROM Account
07-14 12:31:50.651 D/DB      ( 7224): factory null
07-14 12:31:50.651 D/DB      ( 7224): fillWindow: 0
07-14 12:31:50.651 D/DB      ( 7224): cursor 1
07-14 12:31:50.651 D/DB      ( 7224): moveToPos: 0
07-14 12:31:50.651 D/DB      ( 7224): onMove: 0
07-14 12:31:50.658 E/DB      ( 7224): bind, index: 1, value: 2
07-14 12:31:50.658 D/DB      ( 7224): query: SQLiteQuery: SELECT _id FROM Mailbox WHERE accountKey=?
07-14 12:31:50.658 D/DB      ( 7224): factory null
07-14 12:31:50.658 D/DB      ( 7224): fillWindow: 0
07-14 12:31:50.658 D/DB      ( 7224): cursor 0
07-14 12:31:50.658 D/DB      ( 7224): moveToPos: 0
07-14 12:31:50.682 D/DB      ( 7224): moveToPos: 1
07-14 12:31:50.737 D/DB      ( 7224): query: SQLiteQuery: SELECT _id FROM Account
07-14 12:31:50.737 D/DB      ( 7224): factory null
07-14 12:31:50.737 D/DB      ( 7224): fillWindow: 0
07-14 12:31:50.737 D/DB      ( 7224): cursor 1
07-14 12:31:50.744 D/DB      ( 3494): query: SQLiteQuery: SELECT _id, displayName, emailAddress, syncKey, syncLookback, syncInterval, hostAuthKeyRecv, hostAuthKeySend, flags, isDefault, compatibilityUuid, senderName, ringtoneUri, protocolVersion, newMessageCount, securitySyncKey, signature, policyKey, notifiedMessageId, notifiedMessageCount FROM Account
07-14 12:31:50.752 D/DB      ( 3494): factory null
07-14 12:31:50.752 D/DB      ( 3494): fillWindow: 0
07-14 12:31:50.760 D/DB      ( 3494): cursor 1
07-14 12:31:50.760 E/DB      ( 3494): bind, index: 1, value: 6
07-14 12:31:50.768 D/DB      ( 3494): query: SQLiteQuery: SELECT _id FROM Attachment WHERE (flags & ?) != 0
07-14 12:31:50.768 D/DB      ( 3494): factory null
07-14 12:31:50.768 D/DB      ( 3494): fillWindow: 0
07-14 12:31:50.768 D/DB      ( 3494): cursor 0
07-14 12:31:50.768 D/AttachmentService( 3494): Count: 0
07-14 12:31:50.768 D/DB      ( 3494): moveToPos: 0
07-14 12:31:50.776 D/DB      ( 3494): query: SQLiteQuery: SELECT _id, size, fileName, mimeType, accountKey, flags FROM Attachment WHERE contentUri isnull AND flags=0 AND messageKey IN (SELECT _id FROM Message WHERE mailboxKey IN (SELECT _id FROM Mailbox WHERE type = 0) AND flagLoaded IN (2,1)) ORDER BY _id DESC LIMIT 25
07-14 12:31:50.776 D/DB      ( 3494): factory null
07-14 12:31:50.776 D/DB      ( 3494): fillWindow: 0
07-14 12:31:50.776 D/DB      ( 3494): cursor 0
07-14 12:31:50.776 D/DB      ( 3494): moveToPos: 0
07-14 12:31:50.776 D/AttachmentService( 3494): *** All done; shutting down service
07-14 12:31:50.783 D/DB      ( 3494): moveToPos: 0
07-14 12:31:50.783 D/DB      ( 3494): onMove: 0
07-14 12:31:50.783 D/DB      ( 3494): moveToPos: 1
07-14 12:31:50.783 D/DB      ( 7224): query: SQLiteQuery: SELECT _id FROM Account WHERE flags&1 != 0
07-14 12:31:50.791 D/DB      ( 7224): factory null
07-14 12:31:50.791 D/DB      ( 7224): fillWindow: 0
07-14 12:31:50.791 D/DB      ( 7224): cursor 1
07-14 12:31:50.791 D/DB      ( 7224): moveToPos: 0
07-14 12:31:50.791 D/DB      ( 7224): onMove: 0
07-14 12:31:50.799 E/DB      ( 7224): bind, index: 1, value: 0
07-14 12:31:50.799 E/DB      ( 7224): bind, index: 2, value: 2
07-14 12:31:50.799 D/DB      ( 7224): query: SQLiteQuery: SELECT _id FROM Mailbox WHERE type=? and accountKey=? LIMIT 1
07-14 12:31:50.799 D/DB      ( 7224): factory null
07-14 12:31:50.799 D/DB      ( 7224): fillWindow: 0
07-14 12:31:50.799 D/DB      ( 7224): cursor 0
07-14 12:31:50.799 D/DB      ( 7224): moveToPos: 0
07-14 12:31:50.799 W/Email   ( 7224): Could not load INBOX for account id: 2
07-14 12:31:50.799 D/DB      ( 7224): moveToPos: 1
07-14 12:31:50.830 I/Sandbox ( 7224): [Sandbox] init
07-14 12:31:50.846 V/l       ( 7224): Connected: com.pekall.exchange.ExchangeService
07-14 12:31:50.862 D/ExchangeService( 3494): !!! EAS ExchangeService, onDestroy
07-14 12:31:50.862 V/l       ( 7224): Task setLogging completed; disconnecting
07-14 12:31:50.862 D/dalvikvm( 7224): Trying to load lib /data/app-lib/com.pekall.emdm-1/liblocSDK3.so 0x42811d88
07-14 12:31:50.869 D/dalvikvm( 7224): Added shared lib /data/app-lib/com.pekall.emdm-1/liblocSDK3.so 0x42811d88
07-14 12:31:50.869 D/dalvikvm( 7224): No JNI_OnLoad found in /data/app-lib/com.pekall.emdm-1/liblocSDK3.so 0x42811d88, skipping init
07-14 12:31:50.916 D/dalvikvm( 3494): GC_CONCURRENT freed 3679K, 16% free 20619K/24516K, paused 12ms+10ms, total 157ms
07-14 12:31:50.916 D/dalvikvm( 3494): WAIT_FOR_CONCURRENT_GC blocked 52ms
07-14 12:31:50.932 V/DEBUG   ( 3494): HTTP 1
07-14 12:31:50.932 D/MdmDatabaseHelper( 3494): [null:-1]->update command 8a80888e4732aed501473324156f06d5 to status executed
07-14 12:31:50.948 W/CursorWrapperInner( 3494): Cursor finalized without prior close()
07-14 12:31:50.948 W/CursorWrapperInner( 3494): Cursor finalized without prior close()
07-14 12:31:50.948 W/CursorWrapperInner( 3494): Cursor finalized without prior close()
07-14 12:31:50.948 W/CursorWrapperInner( 3494): Cursor finalized without prior close()
07-14 12:31:50.971 D/NetworkThread( 3494): [null:-1]->queue is empty, thread wait...
07-14 12:31:51.002 D/PushService( 4980): [null:-1]->receiver action :com.pekall.mdm.action.PUSH_ALARM
07-14 12:31:51.010 D/PushService( 4980): [null:-1]->keepAliveWithPushServer client is opened:true
07-14 12:31:51.010 D/PushLib : ( 4980): [null:-1]->ping!!!!!!!!!
07-14 12:31:51.010 D/PushLib : ( 4980): [null:-1]->pushClient is :not null
07-14 12:31:51.010 D/PushLib : ( 4980): [null:-1]->pushClient opened : opened
07-14 12:31:51.033 D/MdmService( 3494): [null:-1]->handleCheckInResult
07-14 12:31:51.033 D/MdmService( 3494): [null:-1]->handleCheckInResult result keyIndex: 3
07-14 12:31:51.033 D/HandleCommandTask( 3494): [null:-1]->execute command msg but beanBase is null
07-14 12:31:51.033 D/MdmStatusManager( 3494): [null:-1]->change status to : Idle
07-14 12:31:51.088 D/dalvikvm( 7224): GC_CONCURRENT freed 197K, 3% free 9898K/10188K, paused 7ms+3ms, total 31ms
07-14 12:31:51.213 D/LocationUtil( 3494): [null:-1]->the LocType is 161
07-14 12:31:51.213 D/LocationUtil( 3494): [null:-1]->the Latitude is 39.99126
07-14 12:31:51.213 D/LocationUtil( 3494): [null:-1]->the lontitude is 116.476749
07-14 12:31:51.268 D/baidu_location_service( 7224): baidu location service stop ...
07-14 12:31:51.268 I/Process ( 7224): Sending signal. PID: 7224 SIG: 9
07-14 12:31:51.276 I/ActivityManager(  374): Process com.pekall.emdm:remote (pid 7224) has died.
07-14 12:31:56.791 D/PushLib : ( 4980): [null:-1]->MSG_WEBSOCKET_PONG
07-14 12:32:01.768 D/ContactsProvider( 3494): [Contacts] query 'content://emdmcontacts/company_calllogs', segment size: 1
07-14 12:32:01.768 D/Assistant( 3494): [---null: -1---]  changeCursor
07-14 12:32:01.776 D/Assistant( 3494): [---null: -1---]  findGroups
07-14 12:32:01.776 D/Assistant( 3494): [---null: -1---]  addGroup
07-14 12:32:01.783 D/Assistant( 3494): [---null: -1---]  addGroup
07-14 12:32:01.783 D/Assistant( 3494): [---null: -1---]  addGroup
07-14 12:32:01.791 D/Assistant( 3494): [---null: -1---]  addGroup
07-14 12:32:01.791 D/Assistant( 3494): [---null: -1---]  addGroup
07-14 12:32:14.604 D/MDM :   ( 3494): [null:-1]->MSG_WEBSOCKET_MESSAGE : {"id":777160486,"type":0,"command":0,"result":0,"reason":0,"params":{"msgId":"4f778f3f-53f3-4eb9-aba5-f15fb4c35678,4f778f3f53f34eb9aba5f15fb4c35678","device":"ffffffffc539bb10fffffffff7aea961","message":"{\"cmd\":\"10119\"}"}}
07-14 12:32:14.619 D/MdmService( 3494): [null:-1]->push message type :0
07-14 12:32:14.619 D/MdmService( 3494): [null:-1]->cmdMessage : {"cmd":"10119"}
07-14 12:32:14.619 D/MdmService( 3494): [null:-1]->command : PushCommandMsg{cmd='10119', msg='null'}
07-14 12:32:14.619 D/MDM :   ( 3494): [null:-1]->PUSH CMD: 10119
07-14 12:32:14.627 D/MdmStatusManager( 3494): [null:-1]->change status to : Busy
07-14 12:32:14.627 D/DB      ( 3494): query: SQLiteQuery: SELECT content, command_status, status FROM command WHERE status!=2
07-14 12:32:14.627 D/DB      ( 3494): factory null
07-14 12:32:14.627 D/DB      ( 3494): fillWindow: 0
07-14 12:32:14.627 D/DB      ( 3494): cursor 0
07-14 12:32:14.627 D/DB      ( 3494): moveToPos: 0
07-14 12:32:14.627 I/TransInfo( 3494): TransInfo created, id: 3, class: class com.pekall.emdm.transaction.b.c
07-14 12:32:14.627 D/NetworkThread( 3494): [null:-1]->----isRunning-----true
07-14 12:32:14.627 D/NetworkThread( 3494): [null:-1]->----isRunning-----true
07-14 12:32:14.627 D/NetworkThread( 3494): [null:-1]->thread wakeup
07-14 12:32:14.635 D/HttpClient( 3494): enable apache.http debug
07-14 12:32:14.643 V/DEBUG   ( 3494): HTTP 0
07-14 12:32:15.432 V/DEBUG   ( 3494): HTTP 1
07-14 12:32:15.440 D/MDM :   ( 3494): [null:-1]->read network input stream
07-14 12:32:15.448 D/CheckInTransInfo( 3494): [null:-1]->CommandMsg : CommandMsg{CommandUUID='8a80888e4732aed50147332479a606da', Command=CommandObject{RequestType='DeviceLock'}}
07-14 12:32:15.448 D/DB      ( 3494): query: SQLiteQuery: SELECT * FROM command WHERE cmd_uuid='8a80888e4732aed50147332479a606da'
07-14 12:32:15.448 D/DB      ( 3494): factory null
07-14 12:32:15.448 D/DB      ( 3494): fillWindow: 0
07-14 12:32:15.448 D/DB      ( 3494): cursor 0
07-14 12:32:15.479 D/NetworkThread( 3494): [null:-1]->queue is empty, thread wait...
07-14 12:32:15.580 D/MdmService( 3494): [null:-1]->handleCheckInResult
07-14 12:32:15.580 D/MdmService( 3494): [null:-1]->handleCheckInResult result keyIndex: 3
07-14 12:32:15.580 D/CommandManager( 3494): [null:-1]->execute command: CommandMsg{CommandUUID='8a80888e4732aed50147332479a606da', Command=CommandObject{RequestType='DeviceLock'}}
07-14 12:32:15.580 D/TEST_ALL( 3494): [null:-1]->REQ_TYPE_DEVICE_LOCK
07-14 12:32:15.627 I/TransInfo( 3494): TransInfo created, id: 3, class: class com.pekall.emdm.transaction.b.c
07-14 12:32:15.627 D/NetworkThread( 3494): [null:-1]->----isRunning-----true
07-14 12:32:15.627 D/NetworkThread( 3494): [null:-1]->----isRunning-----true
07-14 12:32:15.627 D/NetworkThread( 3494): [null:-1]->thread wakeup
07-14 12:32:15.635 D/HttpClient( 3494): enable apache.http debug
07-14 12:32:15.651 V/DEBUG   ( 3494): HTTP 0
07-14 12:32:16.440 V/DEBUG   ( 3494): HTTP 1
07-14 12:32:16.447 D/MdmDatabaseHelper( 3494): [null:-1]->update command 8a80888e4732aed50147332479a606da to status executed
07-14 12:32:16.479 D/NetworkThread( 3494): [null:-1]->queue is empty, thread wait...
07-14 12:32:16.541 D/MdmService( 3494): [null:-1]->handleCheckInResult
07-14 12:32:16.549 D/MdmService( 3494): [null:-1]->handleCheckInResult result keyIndex: 3
07-14 12:32:16.549 D/HandleCommandTask( 3494): [null:-1]->execute command msg but beanBase is null
07-14 12:32:16.549 D/MdmStatusManager( 3494): [null:-1]->change status to : Idle
07-14 12:32:18.854 D/AndroidRuntime( 7276): 
07-14 12:32:18.854 D/AndroidRuntime( 7276): >>>>>> AndroidRuntime START com.android.internal.os.RuntimeInit <<<<<<
07-14 12:32:18.854 D/AndroidRuntime( 7276): CheckJNI is OFF
07-14 12:32:18.869 D/dalvikvm( 7276): Trying to load lib libjavacore.so 0x0
07-14 12:32:18.877 D/dalvikvm( 7276): Added shared lib libjavacore.so 0x0
07-14 12:32:18.893 D/dalvikvm( 7276): Trying to load lib libnativehelper.so 0x0
07-14 12:32:18.893 D/dalvikvm( 7276): Added shared lib libnativehelper.so 0x0
07-14 12:32:19.143 D/AndroidRuntime( 7276): Calling main entry com.android.commands.uiautomator.Launcher
07-14 12:32:19.174 E/UiDevice( 7276): Exceuting watcher: ANRWatcher
07-14 12:32:19.174 E/UiDevice( 7276): java.lang.RuntimeException: UiDevice not initialized
07-14 12:32:19.174 E/UiDevice( 7276): 	at com.android.uiautomator.core.UiDevice.getAutomatorBridge(UiDevice.java:87)
07-14 12:32:19.174 E/UiDevice( 7276): 	at com.android.uiautomator.core.UiDevice.wakeUp(UiDevice.java:719)
07-14 12:32:19.174 E/UiDevice( 7276): 	at com.pekall.test.mdmui.util.UiANRWatcher.checkForCondition(UiANRWatcher.java:23)
