07-14 12:32:19.174 E/UiDevice( 7276): 	at com.android.uiautomator.core.UiDevice.runWatchers(UiDevice.java:554)
07-14 12:32:19.174 E/UiDevice( 7276): 	at com.pekall.test.mdmui.util.UiANRWatcher.run(UiANRWatcher.java:41)
07-14 12:32:19.174 E/UiDevice( 7276): 	at com.pekall.test.mdmui.Device.<clinit>(Device.java:21)
07-14 12:32:19.174 E/UiDevice( 7276): 	at java.lang.Class.newInstanceImpl(Native Method)
07-14 12:32:19.174 E/UiDevice( 7276): 	at java.lang.Class.newInstance(Class.java:1130)
07-14 12:32:19.174 E/UiDevice( 7276): 	at com.android.uiautomator.testrunner.TestCaseCollector.addSingleTestMethod(TestCaseCollector.java:110)
07-14 12:32:19.174 E/UiDevice( 7276): 	at com.android.uiautomator.testrunner.TestCaseCollector.addTestClass(TestCaseCollector.java:86)
07-14 12:32:19.174 E/UiDevice( 7276): 	at com.android.uiautomator.testrunner.TestCaseCollector.addTestClass(TestCaseCollector.java:72)
07-14 12:32:19.174 E/UiDevice( 7276): 	at com.android.uiautomator.testrunner.TestCaseCollector.addTestClasses(TestCaseCollector.java:53)
07-14 12:32:19.174 E/UiDevice( 7276): 	at com.android.uiautomator.testrunner.UiAutomatorTestRunner.start(UiAutomatorTestRunner.java:106)
07-14 12:32:19.174 E/UiDevice( 7276): 	at com.android.uiautomator.testrunner.UiAutomatorTestRunner.run(UiAutomatorTestRunner.java:96)
07-14 12:32:19.174 E/UiDevice( 7276): 	at com.android.commands.uiautomator.RunTestCommand.run(RunTestCommand.java:91)
07-14 12:32:19.174 E/UiDevice( 7276): 	at com.android.commands.uiautomator.Launcher.main(Launcher.java:83)
07-14 12:32:19.174 E/UiDevice( 7276): 	at com.android.internal.os.RuntimeInit.nativeFinishInit(Native Method)
07-14 12:32:19.174 E/UiDevice( 7276): 	at com.android.internal.os.RuntimeInit.main(RuntimeInit.java:235)
07-14 12:32:19.174 E/UiDevice( 7276): 	at dalvik.system.NativeStart.main(Native Method)
07-14 12:32:19.190 D/dalvikvm( 7276): Note: class Landroid/app/ActivityManagerNative; has 163 unimplemented (abstract) methods
07-14 12:32:22.252 I/PowerManagerService(  374): Waking up from sleep...
07-14 12:32:22.299 I/WindowManager(  374): Lock screen displayed!
07-14 12:32:22.541 D/dalvikvm( 2019): GC_FOR_ALLOC freed 301K, 7% free 9927K/10588K, paused 21ms, total 22ms
07-14 12:32:22.557 V/DigitalWidgetViewsFactory( 2502): DigitalWidget sets next alarm string to null
07-14 12:32:22.619 D/PowerManagerService-JNI(  374): Excessive delay in autosuspend_disable() while turning screen on: 355ms
07-14 12:32:22.619 D/SurfaceFlinger(  124): Screen acquired, type=0 flinger=0x41e1a478
07-14 12:32:22.698 D/LightsService(  374): Excessive delay setting light: 77ms
07-14 12:32:22.760 D/LightsService(  374): Excessive delay setting light: 66ms
07-14 12:32:22.901 D/AndroidRuntime( 7294): 
07-14 12:32:22.901 D/AndroidRuntime( 7294): >>>>>> AndroidRuntime START com.android.internal.os.RuntimeInit <<<<<<
07-14 12:32:22.901 D/AndroidRuntime( 7294): CheckJNI is OFF
07-14 12:32:22.908 D/dalvikvm( 7294): Trying to load lib libjavacore.so 0x0
07-14 12:32:22.916 D/dalvikvm( 7294): Added shared lib libjavacore.so 0x0
07-14 12:32:22.924 D/dalvikvm( 7294): Trying to load lib libnativehelper.so 0x0
07-14 12:32:22.924 D/dalvikvm( 7294): Added shared lib libnativehelper.so 0x0
07-14 12:32:22.948 D/dalvikvm(  374): GC_CONCURRENT freed 1759K, 28% free 20449K/28080K, paused 20ms+27ms, total 235ms
07-14 12:32:23.041 I/QueryController( 7276): Matched selector: UiSelector[DESCRIPTION=] <<==>> [android.view.accessibility.AccessibilityNodeInfo@1b7ab3; boundsInParent: Rect(0, 0 - 720, 756); boundsInScreen: Rect(0, 547 - 720, 1303); packageName: android; className: android.view.View; text: null; contentDescription: ; viewIdResName: android:id/glow_pad_view; checkable: false; checked: false; focusable: false; focused: false; selected: false; clickable: false; longClickable: false; enabled: true; password: false; scrollable: false; [ACTION_SELECT, ACTION_CLEAR_SELECTION, ACTION_ACCESSIBILITY_FOCUS, ACTION_NEXT_AT_MOVEMENT_GRANULARITY, ACTION_PREVIOUS_AT_MOVEMENT_GRANULARITY, ACTION_SET_SELECTION]]
07-14 12:32:23.049 I/AndroidRuntime( 7276): VM exiting with result code 0.
07-14 12:32:23.096 D/AndroidRuntime( 7294): Calling main entry com.qihoo360.powerctl.root.app.App
07-14 12:32:23.096 D/AndroidRuntime( 7294): Shutting down VM
07-14 12:32:23.104 D/dalvikvm( 7294): GC_CONCURRENT freed 114K, 22% free 467K/592K, paused 0ms+0ms, total 4ms
07-14 12:32:23.104 I/AndroidRuntime( 7294): NOTE: attach of thread 'Binder_1' failed
07-14 12:32:31.041 W/MountService(  374): getVolumeState(/storage/emulated/0/external_sd): Unknown volume
07-14 12:32:31.041 W/MountService(  374): getVolumeState(/mnt/sdcard-ext): Unknown volume
07-14 12:32:31.041 W/MountService(  374): getVolumeState(/mnt/ext_sdcard): Unknown volume
07-14 12:32:31.041 W/MountService(  374): getVolumeState(/mnt/sdcard2): Unknown volume
07-14 12:32:31.049 W/MountService(  374): getVolumeState(/mnt/emmc): Unknown volume
07-14 12:32:31.049 W/MountService(  374): getVolumeState(/mnt/extSdCard): Unknown volume
07-14 12:32:31.049 W/MountService(  374): getVolumeState(/mnt/sdcard/SD_CARD): Unknown volume
07-14 12:32:31.049 W/MountService(  374): getVolumeState(/mnt/sdcard/extra_sd): Unknown volume
07-14 12:32:31.049 W/MountService(  374): getVolumeState(/mnt/extrasd_bind): Unknown volume
07-14 12:32:31.049 W/MountService(  374): getVolumeState(/mnt/sdcard/ext_sd): Unknown volume
07-14 12:32:31.049 W/MountService(  374): getVolumeState(/storage/extSdCard): Unknown volume
07-14 12:32:31.057 W/MountService(  374): getVolumeState(/storage/sdcard1): Unknown volume
07-14 12:32:31.057 W/MountService(  374): getVolumeState(/mnt/sdcard/external_SD): Unknown volume
07-14 12:32:31.057 W/MountService(  374): getVolumeState(/mnt/sdcard/external_sd): Unknown volume
07-14 12:32:31.143 D/dalvikvm( 6152): GC_CONCURRENT freed 312K, 6% free 9501K/10072K, paused 3ms+4ms, total 33ms
07-14 12:32:31.268 W/MountService(  374): getVolumeState(/storage/emulated/0/external_sd): Unknown volume
07-14 12:32:31.268 W/MountService(  374): getVolumeState(/mnt/sdcard-ext): Unknown volume
07-14 12:32:31.268 W/MountService(  374): getVolumeState(/mnt/ext_sdcard): Unknown volume
07-14 12:32:31.268 W/MountService(  374): getVolumeState(/mnt/sdcard2): Unknown volume
07-14 12:32:31.268 W/MountService(  374): getVolumeState(/mnt/emmc): Unknown volume
07-14 12:32:31.268 W/MountService(  374): getVolumeState(/mnt/extSdCard): Unknown volume
07-14 12:32:31.268 W/MountService(  374): getVolumeState(/mnt/sdcard/SD_CARD): Unknown volume
07-14 12:32:31.268 W/MountService(  374): getVolumeState(/mnt/sdcard/extra_sd): Unknown volume
07-14 12:32:31.268 W/MountService(  374): getVolumeState(/mnt/extrasd_bind): Unknown volume
07-14 12:32:31.276 W/MountService(  374): getVolumeState(/mnt/sdcard/ext_sd): Unknown volume
07-14 12:32:31.276 W/MountService(  374): getVolumeState(/storage/extSdCard): Unknown volume
07-14 12:32:31.276 W/MountService(  374): getVolumeState(/storage/sdcard1): Unknown volume
07-14 12:32:31.276 W/MountService(  374): getVolumeState(/mnt/sdcard/external_SD): Unknown volume
07-14 12:32:31.276 W/MountService(  374): getVolumeState(/mnt/sdcard/external_sd): Unknown volume
07-14 12:32:31.315 D/dalvikvm( 6152): GC_CONCURRENT freed 591K, 7% free 9402K/10072K, paused 4ms+4ms, total 32ms
07-14 12:32:31.776 D/ContactsProvider( 3494): [Contacts] query 'content://emdmcontacts/company_calllogs', segment size: 1
07-14 12:32:31.783 D/Assistant( 3494): [---null: -1---]  changeCursor
07-14 12:32:31.783 D/Assistant( 3494): [---null: -1---]  findGroups
07-14 12:32:31.783 D/Assistant( 3494): [---null: -1---]  addGroup
07-14 12:32:31.791 D/Assistant( 3494): [---null: -1---]  addGroup
07-14 12:32:31.791 D/Assistant( 3494): [---null: -1---]  addGroup
07-14 12:32:31.791 D/Assistant( 3494): [---null: -1---]  addGroup
07-14 12:32:31.791 D/Assistant( 3494): [---null: -1---]  addGroup
07-14 12:32:34.377 D/LightsService(  374): Excessive delay setting light: 67ms
07-14 12:32:34.612 D/LightsService(  374): Excessive delay setting light: 65ms
07-14 12:32:37.252 I/PowerManagerService(  374): Going to sleep due to screen timeout...
07-14 12:32:38.073 D/SurfaceFlinger(  124): Screen released, type=0 flinger=0x41e1a478
07-14 12:32:38.260 D/MDM :   ( 3494): [null:-1]->query
07-14 12:32:38.260 D/MDM :   ( 3494): [null:-1]->QUERY_SETTING_PIN_ONOFF
07-14 12:32:38.283 D/dalvikvm(  636): GC_FOR_ALLOC freed 969K, 11% free 12665K/14092K, paused 99ms, total 99ms
07-14 12:32:38.338 V/KeyguardHostView(  374): hide transport, gen:23
07-14 12:32:38.338 V/KeyguardHostView(  374): music state changed: 0
07-14 12:32:42.908 W/System.err( 6203): java.io.FileNotFoundException: /data/data/com.mgyapp.android/files/.cfpaps.i: open failed: ENOENT (No such file or directory)
07-14 12:32:42.908 W/System.err( 6203): 	at libcore.io.IoBridge.open(IoBridge.java:409)
07-14 12:32:42.908 W/System.err( 6203): 	at java.io.FileInputStream.<init>(FileInputStream.java:78)
07-14 12:32:42.908 W/System.err( 6203): 	at android.app.ContextImpl.openFileInput(ContextImpl.java:702)
07-14 12:32:42.908 W/System.err( 6203): 	at android.content.ContextWrapper.openFileInput(ContextWrapper.java:173)
07-14 12:32:42.908 W/System.err( 6203): 	at com.mgyun.shua.jc.service.f.run(Unknown Source)
07-14 12:32:42.916 W/System.err( 6203): 	at com.mgyun.shua.jc.service.CpWorkServer.onHandleIntent(Unknown Source)
07-14 12:32:42.916 W/System.err( 6203): 	at android.app.IntentService$ServiceHandler.handleMessage(IntentService.java:65)
07-14 12:32:42.916 W/System.err( 6203): 	at android.os.Handler.dispatchMessage(Handler.java:99)
07-14 12:32:42.916 W/System.err( 6203): 	at android.os.Looper.loop(Looper.java:137)
07-14 12:32:42.916 W/System.err( 6203): 	at android.os.HandlerThread.run(HandlerThread.java:61)
07-14 12:32:42.916 W/System.err( 6203): Caused by: libcore.io.ErrnoException: open failed: ENOENT (No such file or directory)
07-14 12:32:42.916 W/System.err( 6203): 	at libcore.io.Posix.open(Native Method)
07-14 12:32:42.916 W/System.err( 6203): 	at libcore.io.BlockGuardOs.open(BlockGuardOs.java:110)
07-14 12:32:42.916 W/System.err( 6203): 	at libcore.io.IoBridge.open(IoBridge.java:393)
07-14 12:32:42.924 W/System.err( 6203): 	... 9 more
07-14 12:32:43.862 D/MDM :   ( 3494): [null:-1]->MSG_WEBSOCKET_MESSAGE : {"id":1540293822,"type":0,"command":0,"result":0,"reason":0,"params":{"msgId":"6671689b-639d-4b67-af78-ca76cd7d72dc,6671689b639d4b67af78ca76cd7d72dc","device":"ffffffffc539bb10fffffffff7aea961","message":"{\"cmd\":\"10119\"}"}}
07-14 12:32:43.877 D/MdmService( 3494): [null:-1]->push message type :0
07-14 12:32:43.877 D/MdmService( 3494): [null:-1]->cmdMessage : {"cmd":"10119"}
07-14 12:32:43.877 D/MdmService( 3494): [null:-1]->command : PushCommandMsg{cmd='10119', msg='null'}
07-14 12:32:43.877 D/MDM :   ( 3494): [null:-1]->PUSH CMD: 10119
07-14 12:32:43.885 D/MdmStatusManager( 3494): [null:-1]->change status to : Busy
07-14 12:32:43.885 D/DB      ( 3494): query: SQLiteQuery: SELECT content, command_status, status FROM command WHERE status!=2
07-14 12:32:43.885 D/DB      ( 3494): factory null
07-14 12:32:43.885 D/DB      ( 3494): fillWindow: 0
07-14 12:32:43.885 D/DB      ( 3494): cursor 0
07-14 12:32:43.885 D/DB      ( 3494): moveToPos: 0
07-14 12:32:43.885 I/TransInfo( 3494): TransInfo created, id: 3, class: class com.pekall.emdm.transaction.b.c
07-14 12:32:43.885 D/NetworkThread( 3494): [null:-1]->----isRunning-----true
07-14 12:32:43.885 D/NetworkThread( 3494): [null:-1]->----isRunning-----true
07-14 12:32:43.885 D/NetworkThread( 3494): [null:-1]->thread wakeup
07-14 12:32:43.885 D/HttpClient( 3494): enable apache.http debug
07-14 12:32:43.901 V/DEBUG   ( 3494): HTTP 0
07-14 12:32:44.705 V/DEBUG   ( 3494): HTTP 1
07-14 12:32:44.721 D/MDM :   ( 3494): [null:-1]->read network input stream
07-14 12:32:44.729 D/CheckInTransInfo( 3494): [null:-1]->CommandMsg : CommandMsg{CommandUUID='8a80888e4732aed501473324eadc06de', Command=CommandClearPasscode{super=CommandObject{RequestType='ClearPasscode'}UnlockToken=[]}}
07-14 12:32:44.729 D/DB      ( 3494): query: SQLiteQuery: SELECT * FROM command WHERE cmd_uuid='8a80888e4732aed501473324eadc06de'
07-14 12:32:44.729 D/DB      ( 3494): factory null
07-14 12:32:44.729 D/DB      ( 3494): fillWindow: 0
07-14 12:32:44.729 D/DB      ( 3494): cursor 0
07-14 12:32:44.783 D/NetworkThread( 3494): [null:-1]->queue is empty, thread wait...
07-14 12:32:44.893 D/MdmService( 3494): [null:-1]->handleCheckInResult
07-14 12:32:44.893 D/MdmService( 3494): [null:-1]->handleCheckInResult result keyIndex: 3
07-14 12:32:44.893 D/CommandManager( 3494): [null:-1]->execute command: CommandMsg{CommandUUID='8a80888e4732aed501473324eadc06de', Command=CommandClearPasscode{super=CommandObject{RequestType='ClearPasscode'}UnlockToken=[]}}
07-14 12:32:44.893 D/TEST_ALL( 3494): [null:-1]->REQ_TYPE_CLEAR_PASSCODE
07-14 12:32:45.127 D/TEST_ALL( 3494): [null:-1]->REQ_TYPE_CLEAR_PASSCODE_LOCK
07-14 12:32:45.166 I/TransInfo( 3494): TransInfo created, id: 3, class: class com.pekall.emdm.transaction.b.c
07-14 12:32:45.166 D/NetworkThread( 3494): [null:-1]->----isRunning-----true
07-14 12:32:45.166 D/NetworkThread( 3494): [null:-1]->----isRunning-----true
07-14 12:32:45.166 D/NetworkThread( 3494): [null:-1]->thread wakeup
07-14 12:32:45.174 D/HttpClient( 3494): enable apache.http debug
07-14 12:32:45.174 V/DEBUG   ( 3494): HTTP 0
07-14 12:32:45.619 D/ProfileManager( 3494): [null:-1]->Policy com.apple.mobiledevice.passwordpolicy: Enforced state has changed
07-14 12:32:45.619 D/ProfileManager( 3494): [null:-1]->Policy com.apple.mobiledevice.passwordpolicy: Old Enforced Policies: null
07-14 12:32:45.619 D/ProfileManager( 3494): [null:-1]->Policy com.apple.mobiledevice.passwordpolicy: New Enforced Policies: null
07-14 12:32:45.619 D/PolicyProvider( 3494): [null:-1]->URI changed: content://com.pekall.emdm.policy/enforced-policy
07-14 12:32:45.924 V/DEBUG   ( 3494): HTTP 1
07-14 12:32:45.932 D/MdmDatabaseHelper( 3494): [null:-1]->update command 8a80888e4732aed501473324eadc06de to status executed
07-14 12:32:45.963 D/NetworkThread( 3494): [null:-1]->queue is empty, thread wait...
07-14 12:32:46.033 D/MdmService( 3494): [null:-1]->handleCheckInResult
07-14 12:32:46.033 D/MdmService( 3494): [null:-1]->handleCheckInResult result keyIndex: 3
07-14 12:32:46.033 D/HandleCommandTask( 3494): [null:-1]->execute command msg but beanBase is null
07-14 12:32:46.033 D/MdmStatusManager( 3494): [null:-1]->change status to : Idle
07-14 12:32:49.815 D/AndroidRuntime( 7323): 
07-14 12:32:49.815 D/AndroidRuntime( 7323): >>>>>> AndroidRuntime START com.android.internal.os.RuntimeInit <<<<<<
07-14 12:32:49.815 D/AndroidRuntime( 7323): CheckJNI is OFF
07-14 12:32:49.830 D/dalvikvm( 7323): Trying to load lib libjavacore.so 0x0
07-14 12:32:49.838 D/dalvikvm( 7323): Added shared lib libjavacore.so 0x0
07-14 12:32:49.854 D/dalvikvm( 7323): Trying to load lib libnativehelper.so 0x0
07-14 12:32:49.854 D/dalvikvm( 7323): Added shared lib libnativehelper.so 0x0
07-14 12:32:50.073 D/AndroidRuntime( 7323): Calling main entry com.android.commands.uiautomator.Launcher
07-14 12:32:50.112 E/UiDevice( 7323): Exceuting watcher: ANRWatcher
07-14 12:32:50.112 E/UiDevice( 7323): java.lang.RuntimeException: UiDevice not initialized
07-14 12:32:50.112 E/UiDevice( 7323): 	at com.android.uiautomator.core.UiDevice.getAutomatorBridge(UiDevice.java:87)
07-14 12:32:50.112 E/UiDevice( 7323): 	at com.android.uiautomator.core.UiDevice.wakeUp(UiDevice.java:719)
07-14 12:32:50.112 E/UiDevice( 7323): 	at com.pekall.test.mdmui.util.UiANRWatcher.checkForCondition(UiANRWatcher.java:23)
07-14 12:32:50.112 E/UiDevice( 7323): 	at com.android.uiautomator.core.UiDevice.runWatchers(UiDevice.java:554)
07-14 12:32:50.112 E/UiDevice( 7323): 	at com.pekall.test.mdmui.util.UiANRWatcher.run(UiANRWatcher.java:41)
07-14 12:32:50.112 E/UiDevice( 7323): 	at com.pekall.test.mdmui.Device.<clinit>(Device.java:21)
07-14 12:32:50.112 E/UiDevice( 7323): 	at java.lang.Class.newInstanceImpl(Native Method)
07-14 12:32:50.112 E/UiDevice( 7323): 	at java.lang.Class.newInstance(Class.java:1130)
07-14 12:32:50.112 E/UiDevice( 7323): 	at com.android.uiautomator.testrunner.TestCaseCollector.addSingleTestMethod(TestCaseCollector.java:110)
07-14 12:32:50.112 E/UiDevice( 7323): 	at com.android.uiautomator.testrunner.TestCaseCollector.addTestClass(TestCaseCollector.java:86)
07-14 12:32:50.112 E/UiDevice( 7323): 	at com.android.uiautomator.testrunner.TestCaseCollector.addTestClass(TestCaseCollector.java:72)
07-14 12:32:50.112 E/UiDevice( 7323): 	at com.android.uiautomator.testrunner.TestCaseCollector.addTestClasses(TestCaseCollector.java:53)
07-14 12:32:50.112 E/UiDevice( 7323): 	at com.android.uiautomator.testrunner.UiAutomatorTestRunner.start(UiAutomatorTestRunner.java:106)
07-14 12:32:50.112 E/UiDevice( 7323): 	at com.android.uiautomator.testrunner.UiAutomatorTestRunner.run(UiAutomatorTestRunner.java:96)
07-14 12:32:50.112 E/UiDevice( 7323): 	at com.android.commands.uiautomator.RunTestCommand.run(RunTestCommand.java:91)
07-14 12:32:50.112 E/UiDevice( 7323): 	at com.android.commands.uiautomator.Launcher.main(Launcher.java:83)
07-14 12:32:50.112 E/UiDevice( 7323): 	at com.android.internal.os.RuntimeInit.nativeFinishInit(Native Method)
07-14 12:32:50.112 E/UiDevice( 7323): 	at com.android.internal.os.RuntimeInit.main(RuntimeInit.java:235)
07-14 12:32:50.112 E/UiDevice( 7323): 	at dalvik.system.NativeStart.main(Native Method)
07-14 12:32:50.119 D/dalvikvm( 7323): Note: class Landroid/app/ActivityManagerNative; has 163 unimplemented (abstract) methods
07-14 12:32:52.908 W/System.err( 6203): java.io.FileNotFoundException: /data/data/com.mgyapp.android/files/.cfp.i: open failed: ENOENT (No such file or directory)
07-14 12:32:52.908 W/System.err( 6203): 	at libcore.io.IoBridge.open(IoBridge.java:409)
07-14 12:32:52.908 W/System.err( 6203): 	at java.io.FileInputStream.<init>(FileInputStream.java:78)
07-14 12:32:52.908 W/System.err( 6203): 	at android.app.ContextImpl.openFileInput(ContextImpl.java:702)
07-14 12:32:52.908 W/System.err( 6203): 	at android.content.ContextWrapper.openFileInput(ContextWrapper.java:173)
07-14 12:32:52.908 W/System.err( 6203): 	at com.mgyun.shua.jc.c.b(Unknown Source)
07-14 12:32:52.908 W/System.err( 6203): 	at com.mgyun.shua.jc.d.a(Unknown Source)
07-14 12:32:52.908 W/System.err( 6203): 	at com.mgyun.shua.jc.service.CpWorkServer.onHandleIntent(Unknown Source)
07-14 12:32:52.908 W/System.err( 6203): 	at android.app.IntentService$ServiceHandler.handleMessage(IntentService.java:65)
07-14 12:32:52.908 W/System.err( 6203): 	at android.os.Handler.dispatchMessage(Handler.java:99)
07-14 12:32:52.916 W/System.err( 6203): 	at android.os.Looper.loop(Looper.java:137)
07-14 12:32:52.916 W/System.err( 6203): 	at android.os.HandlerThread.run(HandlerThread.java:61)
07-14 12:32:52.916 W/System.err( 6203): Caused by: libcore.io.ErrnoException: open failed: ENOENT (No such file or directory)
07-14 12:32:52.916 W/System.err( 6203): 	at libcore.io.Posix.open(Native Method)
07-14 12:32:52.916 W/System.err( 6203): 	at libcore.io.BlockGuardOs.open(BlockGuardOs.java:110)
07-14 12:32:52.916 W/System.err( 6203): 	at libcore.io.IoBridge.open(IoBridge.java:393)
07-14 12:32:52.916 W/System.err( 6203): 	... 10 more
07-14 12:32:53.182 I/PowerManagerService(  374): Waking up from sleep...
07-14 12:32:53.448 V/DigitalWidgetViewsFactory( 2502): DigitalWidget sets next alarm string to null
07-14 12:32:53.448 I/WindowManager(  374): Lock screen displayed!
07-14 12:32:53.541 D/PowerManagerService-JNI(  374): Excessive delay in autosuspend_disable() while turning screen on: 347ms
07-14 12:32:53.541 D/SurfaceFlinger(  124): Screen acquired, type=0 flinger=0x41e1a478
07-14 12:32:53.619 D/dalvikvm(  450): GC_CONCURRENT freed 1034K, 12% free 13812K/15544K, paused 2ms+48ms, total 157ms
07-14 12:32:53.627 D/LightsService(  374): Excessive delay setting light: 84ms
07-14 12:32:53.690 D/LightsService(  374): Excessive delay setting light: 68ms
07-14 12:32:53.916 D/AndroidRuntime( 7343): 
07-14 12:32:53.916 D/AndroidRuntime( 7343): >>>>>> AndroidRuntime START com.android.internal.os.RuntimeInit <<<<<<
07-14 12:32:53.916 D/AndroidRuntime( 7343): CheckJNI is OFF
07-14 12:32:53.932 D/dalvikvm( 7343): Trying to load lib libjavacore.so 0x0
07-14 12:32:53.932 D/dalvikvm( 7343): Added shared lib libjavacore.so 0x0
07-14 12:32:53.955 D/dalvikvm( 7343): Trying to load lib libnativehelper.so 0x0
07-14 12:32:53.955 D/dalvikvm( 7343): Added shared lib libnativehelper.so 0x0
07-14 12:32:54.135 D/AndroidRuntime( 7343): Calling main entry com.qihoo360.powerctl.root.app.App
07-14 12:32:54.143 D/AndroidRuntime( 7343): Shutting down VM
07-14 12:32:54.143 D/dalvikvm( 7343): GC_CONCURRENT freed 115K, 21% free 467K/592K, paused 0ms+1ms, total 3ms
07-14 12:32:54.330 I/QueryController( 7323): Matched selector: UiSelector[DESCRIPTION=] <<==>> [android.view.accessibility.AccessibilityNodeInfo@1c50ac; boundsInParent: Rect(0, 0 - 208, 123); boundsInScreen: Rect(48, 569 - 256, 692); packageName: android; className: android.widget.Button; text: 1; contentDescription: ; viewIdResName: android:id/key1; checkable: false; checked: false; focusable: true; focused: false; selected: false; clickable: true; longClickable: false; enabled: true; password: false; scrollable: false; [ACTION_FOCUS, ACTION_SELECT, ACTION_CLEAR_SELECTION, ACTION_CLICK, ACTION_ACCESSIBILITY_FOCUS, ACTION_NEXT_AT_MOVEMENT_GRANULARITY, ACTION_PREVIOUS_AT_MOVEMENT_GRANULARITY, ACTION_SET_SELECTION]]
07-14 12:32:54.338 I/AndroidRuntime( 7323): VM exiting with result code 0.
07-14 12:33:01.783 D/ContactsProvider( 3494): [Contacts] query 'content://emdmcontacts/company_calllogs', segment size: 1
07-14 12:33:01.791 D/Assistant( 3494): [---null: -1---]  changeCursor
07-14 12:33:01.799 D/Assistant( 3494): [---null: -1---]  findGroups
07-14 12:33:01.799 D/Assistant( 3494): [---null: -1---]  addGroup
07-14 12:33:01.807 D/Assistant( 3494): [---null: -1---]  addGroup
07-14 12:33:01.807 D/Assistant( 3494): [---null: -1---]  addGroup
07-14 12:33:01.807 D/Assistant( 3494): [---null: -1---]  addGroup
07-14 12:33:01.807 D/Assistant( 3494): [---null: -1---]  addGroup
07-14 12:33:02.440 D/JOBS    ( 4980): Thread-292: load factor check. true = (0 < 1)|| (0 * 3 < 0 + 0). consumer thread: true
07-14 12:33:02.440 D/JOBS    ( 4980): didn't allow me to die, re-running Thread-292
07-14 12:33:02.440 D/JOBS    ( 4980): re-running consumer Thread-292
07-14 12:33:05.596 D/LightsService(  374): Excessive delay setting light: 67ms
07-14 12:33:05.869 D/LightsService(  374): Excessive delay setting light: 69ms
07-14 12:33:08.377 I/PowerManagerService(  374): Going to sleep due to screen timeout...
07-14 12:33:09.174 D/SurfaceFlinger(  124): Screen released, type=0 flinger=0x41e1a478
07-14 12:33:09.369 D/MDM :   ( 3494): [null:-1]->query
07-14 12:33:09.369 D/MDM :   ( 3494): [null:-1]->QUERY_SETTING_PIN_ONOFF
07-14 12:33:09.377 V/KeyguardHostView(  374): hide transport, gen:23
07-14 12:33:09.377 V/KeyguardHostView(  374): music state changed: 0
07-14 12:33:13.573 D/MDM :   ( 3494): [null:-1]->MSG_WEBSOCKET_MESSAGE : {"id":2091143332,"type":0,"command":0,"result":0,"reason":0,"params":{"msgId":"dbc6f75d-e49c-4d2a-b3e6-66b67383835d,dbc6f75de49c4d2ab3e666b67383835d","device":"ffffffffc539bb10fffffffff7aea961","message":"{\"cmd\":\"10119\"}"}}
07-14 12:33:13.588 D/MdmService( 3494): [null:-1]->push message type :0
07-14 12:33:13.588 D/MdmService( 3494): [null:-1]->cmdMessage : {"cmd":"10119"}
07-14 12:33:13.588 D/MdmService( 3494): [null:-1]->command : PushCommandMsg{cmd='10119', msg='null'}
07-14 12:33:13.588 D/MDM :   ( 3494): [null:-1]->PUSH CMD: 10119
07-14 12:33:13.596 D/MdmStatusManager( 3494): [null:-1]->change status to : Busy
07-14 12:33:13.596 D/DB      ( 3494): query: SQLiteQuery: SELECT content, command_status, status FROM command WHERE status!=2
07-14 12:33:13.596 D/DB      ( 3494): factory null
07-14 12:33:13.596 D/DB      ( 3494): fillWindow: 0
07-14 12:33:13.596 D/DB      ( 3494): cursor 0
07-14 12:33:13.596 D/DB      ( 3494): moveToPos: 0
07-14 12:33:13.596 I/TransInfo( 3494): TransInfo created, id: 3, class: class com.pekall.emdm.transaction.b.c
07-14 12:33:13.596 D/NetworkThread( 3494): [null:-1]->----isRunning-----true
07-14 12:33:13.596 D/NetworkThread( 3494): [null:-1]->----isRunning-----true
07-14 12:33:13.596 D/NetworkThread( 3494): [null:-1]->thread wakeup
07-14 12:33:13.604 D/HttpClient( 3494): enable apache.http debug
07-14 12:33:13.612 V/DEBUG   ( 3494): HTTP 0
07-14 12:33:13.776 D/dalvikvm( 3494): GC_CONCURRENT freed 4177K, 18% free 20326K/24612K, paused 5ms+7ms, total 94ms
07-14 12:33:13.783 W/CursorWrapperInner( 3494): Cursor finalized without prior close()
07-14 12:33:13.783 W/CursorWrapperInner( 3494): Cursor finalized without prior close()
07-14 12:33:13.791 W/CursorWrapperInner( 3494): Cursor finalized without prior close()
07-14 12:33:14.604 V/DEBUG   ( 3494): HTTP 1
07-14 12:33:14.612 D/MDM :   ( 3494): [null:-1]->read network input stream
07-14 12:33:14.619 D/CheckInTransInfo( 3494): [null:-1]->CommandMsg : CommandMsg{CommandUUID='8a80888e4732aed5014733255f0d06e2', Command=CommandClearPasscode{super=CommandObject{RequestType='ClearPasscode'}UnlockToken=[]}}
07-14 12:33:14.619 D/DB      ( 3494): query: SQLiteQuery: SELECT * FROM command WHERE cmd_uuid='8a80888e4732aed5014733255f0d06e2'
07-14 12:33:14.619 D/DB      ( 3494): factory null
07-14 12:33:14.619 D/DB      ( 3494): fillWindow: 0
07-14 12:33:14.619 D/DB      ( 3494): cursor 0
07-14 12:33:14.658 D/NetworkThread( 3494): [null:-1]->queue is empty, thread wait...
07-14 12:33:14.760 D/MdmService( 3494): [null:-1]->handleCheckInResult
07-14 12:33:14.760 D/MdmService( 3494): [null:-1]->handleCheckInResult result keyIndex: 3
07-14 12:33:14.760 D/CommandManager( 3494): [null:-1]->execute command: CommandMsg{CommandUUID='8a80888e4732aed5014733255f0d06e2', Command=CommandClearPasscode{super=CommandObject{RequestType='ClearPasscode'}UnlockToken=[]}}
07-14 12:33:14.760 D/TEST_ALL( 3494): [null:-1]->REQ_TYPE_CLEAR_PASSCODE
07-14 12:33:14.783 D/TEST_ALL( 3494): [null:-1]->REQ_TYPE_CLEAR_PASSCODE_UNLOCK
07-14 12:33:14.893 D/dalvikvm(  374): GC_CONCURRENT freed 2780K, 26% free 20497K/27344K, paused 13ms+18ms, total 123ms
07-14 12:33:14.963 V/KeyguardDisableHandler(  374): Not disabling keyguard since device policy is enforced
07-14 12:33:14.963 I/PowerManagerService(  374): Waking up from sleep...
07-14 12:33:15.096 I/TransInfo( 3494): TransInfo created, id: 3, class: class com.pekall.emdm.transaction.b.c
07-14 12:33:15.096 D/NetworkThread( 3494): [null:-1]->----isRunning-----true
07-14 12:33:15.096 I/WindowManager(  374): Lock screen displayed!
07-14 12:33:15.104 D/NetworkThread( 3494): [null:-1]->----isRunning-----true
07-14 12:33:15.104 D/NetworkThread( 3494): [null:-1]->thread wakeup
07-14 12:33:15.104 D/HttpClient( 3494): enable apache.http debug
07-14 12:33:15.119 V/DEBUG   ( 3494): HTTP 0
07-14 12:33:15.213 D/dalvikvm(  577): GC_CONCURRENT freed 374K, 5% free 9563K/10024K, paused 9ms+4ms, total 109ms
07-14 12:33:15.323 D/PowerManagerService-JNI(  374): Excessive delay in autosuspend_disable() while turning screen on: 357ms
07-14 12:33:15.330 D/SurfaceFlinger(  124): Screen acquired, type=0 flinger=0x41e1a478
07-14 12:33:15.362 D/dalvikvm( 2019): GC_FOR_ALLOC freed 294K, 7% free 9926K/10588K, paused 55ms, total 55ms
07-14 12:33:15.377 V/DigitalWidgetViewsFactory( 2502): DigitalWidget sets next alarm string to null
07-14 12:33:15.424 D/dalvikvm(  636): GC_FOR_ALLOC freed 1046K, 11% free 12673K/14092K, paused 148ms, total 149ms
07-14 12:33:15.612 D/LightsService(  374): Excessive delay setting light: 232ms
07-14 12:33:15.776 D/AndroidRuntime( 7373): 
07-14 12:33:15.776 D/AndroidRuntime( 7373): >>>>>> AndroidRuntime START com.android.internal.os.RuntimeInit <<<<<<
07-14 12:33:15.776 D/AndroidRuntime( 7373): CheckJNI is OFF
07-14 12:33:15.783 D/dalvikvm( 7373): Trying to load lib libjavacore.so 0x0
07-14 12:33:15.791 D/dalvikvm( 7373): Added shared lib libjavacore.so 0x0
07-14 12:33:15.799 D/dalvikvm( 7373): Trying to load lib libnativehelper.so 0x0
07-14 12:33:15.799 D/dalvikvm( 7373): Added shared lib libnativehelper.so 0x0
07-14 12:33:15.948 D/AndroidRuntime( 7373): Calling main entry com.qihoo360.powerctl.root.app.App
07-14 12:33:15.948 D/AndroidRuntime( 7373): Shutting down VM
07-14 12:33:15.955 D/dalvikvm( 7373): GC_CONCURRENT freed 114K, 22% free 467K/592K, paused 1ms+0ms, total 4ms
07-14 12:33:15.955 I/AndroidRuntime( 7373): NOTE: attach of thread 'Binder_1' failed
07-14 12:33:16.026 V/DEBUG   ( 3494): HTTP 1
07-14 12:33:16.026 D/MdmDatabaseHelper( 3494): [null:-1]->update command 8a80888e4732aed5014733255f0d06e2 to status executed
07-14 12:33:16.080 D/NetworkThread( 3494): [null:-1]->queue is empty, thread wait...
07-14 12:33:16.127 D/MdmService( 3494): [null:-1]->handleCheckInResult
07-14 12:33:16.127 D/MdmService( 3494): [null:-1]->handleCheckInResult result keyIndex: 3
07-14 12:33:16.127 D/HandleCommandTask( 3494): [null:-1]->execute command msg but beanBase is null
07-14 12:33:16.127 D/MdmStatusManager( 3494): [null:-1]->change status to : Idle
07-14 12:33:16.604 D/AndroidRuntime( 7386): 
07-14 12:33:16.604 D/AndroidRuntime( 7386): >>>>>> AndroidRuntime START com.android.internal.os.RuntimeInit <<<<<<
07-14 12:33:16.604 D/AndroidRuntime( 7386): CheckJNI is OFF
07-14 12:33:16.619 D/dalvikvm( 7386): Trying to load lib libjavacore.so 0x0
07-14 12:33:16.627 D/dalvikvm( 7386): Added shared lib libjavacore.so 0x0
07-14 12:33:16.643 D/dalvikvm( 7386): Trying to load lib libnativehelper.so 0x0
07-14 12:33:16.643 D/dalvikvm( 7386): Added shared lib libnativehelper.so 0x0
07-14 12:33:16.908 D/AndroidRuntime( 7386): Calling main entry com.android.commands.uiautomator.Launcher
07-14 12:33:16.955 E/UiDevice( 7386): Exceuting watcher: ANRWatcher
07-14 12:33:16.955 E/UiDevice( 7386): java.lang.RuntimeException: UiDevice not initialized
07-14 12:33:16.955 E/UiDevice( 7386): 	at com.android.uiautomator.core.UiDevice.getAutomatorBridge(UiDevice.java:87)
07-14 12:33:16.955 E/UiDevice( 7386): 	at com.android.uiautomator.core.UiDevice.wakeUp(UiDevice.java:719)
07-14 12:33:16.955 E/UiDevice( 7386): 	at com.pekall.test.mdmui.util.UiANRWatcher.checkForCondition(UiANRWatcher.java:23)
07-14 12:33:16.955 E/UiDevice( 7386): 	at com.android.uiautomator.core.UiDevice.runWatchers(UiDevice.java:554)
07-14 12:33:16.955 E/UiDevice( 7386): 	at com.pekall.test.mdmui.util.UiANRWatcher.run(UiANRWatcher.java:41)
07-14 12:33:16.955 E/UiDevice( 7386): 	at com.pekall.test.mdmui.Device.<clinit>(Device.java:21)
07-14 12:33:16.955 E/UiDevice( 7386): 	at java.lang.Class.newInstanceImpl(Native Method)
07-14 12:33:16.955 E/UiDevice( 7386): 	at java.lang.Class.newInstance(Class.java:1130)
07-14 12:33:16.955 E/UiDevice( 7386): 	at com.android.uiautomator.testrunner.TestCaseCollector.addSingleTestMethod(TestCaseCollector.java:110)
07-14 12:33:16.955 E/UiDevice( 7386): 	at com.android.uiautomator.testrunner.TestCaseCollector.addTestClass(TestCaseCollector.java:86)
07-14 12:33:16.955 E/UiDevice( 7386): 	at com.android.uiautomator.testrunner.TestCaseCollector.addTestClass(TestCaseCollector.java:72)
07-14 12:33:16.955 E/UiDevice( 7386): 	at com.android.uiautomator.testrunner.TestCaseCollector.addTestClasses(TestCaseCollector.java:53)
07-14 12:33:16.955 E/UiDevice( 7386): 	at com.android.uiautomator.testrunner.UiAutomatorTestRunner.start(UiAutomatorTestRunner.java:106)
07-14 12:33:16.955 E/UiDevice( 7386): 	at com.android.uiautomator.testrunner.UiAutomatorTestRunner.run(UiAutomatorTestRunner.java:96)
07-14 12:33:16.955 E/UiDevice( 7386): 	at com.android.commands.uiautomator.RunTestCommand.run(RunTestCommand.java:91)
07-14 12:33:16.955 E/UiDevice( 7386): 	at com.android.commands.uiautomator.Launcher.main(Launcher.java:83)
07-14 12:33:16.955 E/UiDevice( 7386): 	at com.android.internal.os.RuntimeInit.nativeFinishInit(Native Method)
07-14 12:33:16.955 E/UiDevice( 7386): 	at com.android.internal.os.RuntimeInit.main(RuntimeInit.java:235)
07-14 12:33:16.955 E/UiDevice( 7386): 	at dalvik.system.NativeStart.main(Native Method)
07-14 12:33:16.971 D/dalvikvm( 7386): Note: class Landroid/app/ActivityManagerNative; has 163 unimplemented (abstract) methods
07-14 12:33:17.041 I/PowerManagerService(  374): Going to sleep by user request...
07-14 12:33:17.049 I/AndroidRuntime( 7386): VM exiting with result code 0.
07-14 12:33:17.877 D/LightsService(  374): Excessive delay setting light: 93ms
07-14 12:33:17.885 D/SurfaceFlinger(  124): Screen released, type=0 flinger=0x41e1a478
07-14 12:33:18.033 V/KeyguardHostView(  374): hide transport, gen:23
07-14 12:33:18.033 V/KeyguardHostView(  374): music state changed: 0
07-14 12:33:18.057 D/MDM :   ( 3494): [null:-1]->query
07-14 12:33:18.057 D/MDM :   ( 3494): [null:-1]->QUERY_SETTING_PIN_ONOFF
07-14 12:33:18.807 D/AndroidRuntime( 7406): 
07-14 12:33:18.807 D/AndroidRuntime( 7406): >>>>>> AndroidRuntime START com.android.internal.os.RuntimeInit <<<<<<
07-14 12:33:18.807 D/AndroidRuntime( 7406): CheckJNI is OFF
07-14 12:33:18.823 D/dalvikvm( 7406): Trying to load lib libjavacore.so 0x0
07-14 12:33:18.830 D/dalvikvm( 7406): Added shared lib libjavacore.so 0x0
07-14 12:33:18.846 D/dalvikvm( 7406): Trying to load lib libnativehelper.so 0x0
07-14 12:33:18.846 D/dalvikvm( 7406): Added shared lib libnativehelper.so 0x0
07-14 12:33:19.065 D/AndroidRuntime( 7406): Calling main entry com.android.commands.uiautomator.Launcher
07-14 12:33:19.104 E/UiDevice( 7406): Exceuting watcher: ANRWatcher
07-14 12:33:19.104 E/UiDevice( 7406): java.lang.RuntimeException: UiDevice not initialized
07-14 12:33:19.104 E/UiDevice( 7406): 	at com.android.uiautomator.core.UiDevice.getAutomatorBridge(UiDevice.java:87)
07-14 12:33:19.104 E/UiDevice( 7406): 	at com.android.uiautomator.core.UiDevice.wakeUp(UiDevice.java:719)
07-14 12:33:19.104 E/UiDevice( 7406): 	at com.pekall.test.mdmui.util.UiANRWatcher.checkForCondition(UiANRWatcher.java:23)
07-14 12:33:19.104 E/UiDevice( 7406): 	at com.android.uiautomator.core.UiDevice.runWatchers(UiDevice.java:554)
07-14 12:33:19.104 E/UiDevice( 7406): 	at com.pekall.test.mdmui.util.UiANRWatcher.run(UiANRWatcher.java:41)
07-14 12:33:19.104 E/UiDevice( 7406): 	at com.pekall.test.mdmui.Device.<clinit>(Device.java:21)
07-14 12:33:19.104 E/UiDevice( 7406): 	at java.lang.Class.newInstanceImpl(Native Method)
07-14 12:33:19.104 E/UiDevice( 7406): 	at java.lang.Class.newInstance(Class.java:1130)
07-14 12:33:19.104 E/UiDevice( 7406): 	at com.android.uiautomator.testrunner.TestCaseCollector.addSingleTestMethod(TestCaseCollector.java:110)
07-14 12:33:19.104 E/UiDevice( 7406): 	at com.android.uiautomator.testrunner.TestCaseCollector.addTestClass(TestCaseCollector.java:86)
07-14 12:33:19.104 E/UiDevice( 7406): 	at com.android.uiautomator.testrunner.TestCaseCollector.addTestClass(TestCaseCollector.java:72)
07-14 12:33:19.104 E/UiDevice( 7406): 	at com.android.uiautomator.testrunner.TestCaseCollector.addTestClasses(TestCaseCollector.java:53)
07-14 12:33:19.104 E/UiDevice( 7406): 	at com.android.uiautomator.testrunner.UiAutomatorTestRunner.start(UiAutomatorTestRunner.java:106)
07-14 12:33:19.104 E/UiDevice( 7406): 	at com.android.uiautomator.testrunner.UiAutomatorTestRunner.run(UiAutomatorTestRunner.java:96)
07-14 12:33:19.104 E/UiDevice( 7406): 	at com.android.commands.uiautomator.RunTestCommand.run(RunTestCommand.java:91)
07-14 12:33:19.104 E/UiDevice( 7406): 	at com.android.commands.uiautomator.Launcher.main(Launcher.java:83)
07-14 12:33:19.104 E/UiDevice( 7406): 	at com.android.internal.os.RuntimeInit.nativeFinishInit(Native Method)
07-14 12:33:19.104 E/UiDevice( 7406): 	at com.android.internal.os.RuntimeInit.main(RuntimeInit.java:235)
07-14 12:33:19.104 E/UiDevice( 7406): 	at dalvik.system.NativeStart.main(Native Method)
07-14 12:33:19.112 D/dalvikvm( 7406): Note: class Landroid/app/ActivityManagerNative; has 163 unimplemented (abstract) methods
07-14 12:33:19.174 I/PowerManagerService(  374): Waking up from sleep...
07-14 12:33:19.244 I/WindowManager(  374): Lock screen displayed!
07-14 12:33:19.408 V/DigitalWidgetViewsFactory( 2502): DigitalWidget sets next alarm string to null
07-14 12:33:19.487 D/dalvikvm(  636): GC_FOR_ALLOC freed 932K, 11% free 12662K/14092K, paused 109ms, total 110ms
07-14 12:33:19.541 D/PowerManagerService-JNI(  374): Excessive delay in autosuspend_disable() while turning screen on: 358ms
07-14 12:33:19.541 D/SurfaceFlinger(  124): Screen acquired, type=0 flinger=0x41e1a478
07-14 12:33:19.658 D/LightsService(  374): Excessive delay setting light: 112ms
07-14 12:33:19.908 D/dalvikvm(  374): GC_CONCURRENT freed 2822K, 26% free 20461K/27344K, paused 10ms+25ms, total 325ms
07-14 12:33:19.940 D/AndroidRuntime( 7427): 
07-14 12:33:19.940 D/AndroidRuntime( 7427): >>>>>> AndroidRuntime START com.android.internal.os.RuntimeInit <<<<<<
07-14 12:33:19.940 D/AndroidRuntime( 7427): CheckJNI is OFF
07-14 12:33:19.955 D/dalvikvm( 7427): Trying to load lib libjavacore.so 0x0
07-14 12:33:19.963 D/dalvikvm( 7427): Added shared lib libjavacore.so 0x0
07-14 12:33:19.979 D/dalvikvm( 7427): Trying to load lib libnativehelper.so 0x0
07-14 12:33:19.979 D/dalvikvm( 7427): Added shared lib libnativehelper.so 0x0
07-14 12:33:20.166 D/AndroidRuntime( 7427): Calling main entry com.qihoo360.powerctl.root.app.App
07-14 12:33:20.174 D/AndroidRuntime( 7427): Shutting down VM
07-14 12:33:20.174 I/AndroidRuntime( 7427): NOTE: attach of thread 'Binder_1' failed
07-14 12:33:20.174 D/dalvikvm( 7427): GC_CONCURRENT freed 114K, 22% free 467K/592K, paused 1ms+1ms, total 5ms
07-14 12:33:21.002 I/QueryController( 7406): Matched selector: UiSelector[DESCRIPTION=] <<==>> [android.view.accessibility.AccessibilityNodeInfo@1d7cfc; boundsInParent: Rect(0, 0 - 720, 756); boundsInScreen: Rect(0, 547 - 720, 1303); packageName: android; className: android.view.View; text: null; contentDescription: ; viewIdResName: android:id/glow_pad_view; checkable: false; checked: false; focusable: false; focused: false; selected: false; clickable: false; longClickable: false; enabled: true; password: false; scrollable: false; [ACTION_SELECT, ACTION_CLEAR_SELECTION, ACTION_ACCESSIBILITY_FOCUS, ACTION_NEXT_AT_MOVEMENT_GRANULARITY, ACTION_PREVIOUS_AT_MOVEMENT_GRANULARITY, ACTION_SET_SELECTION]]
07-14 12:33:21.010 W/GlowPadView(  374): The number of target drawables must be equal to the number of direction descriptions.
07-14 12:33:21.323 D/MdmApplication( 3494): [null:-1]->onActivityStarted contacts.activities.DialtactsActivity , mActivityCount = 1
07-14 12:33:21.323 D/MDM :   ( 3494): [null:-1]->query
07-14 12:33:21.330 D/MDM :   ( 3494): [null:-1]->QUERY_PINCODE_CHECK_RESULT
07-14 12:33:21.330 D/PhoneStatusBar(  450): disable: < expand icons alerts ticker system_info BACK HOME recent* CLOCK search >
07-14 12:33:21.346 E/CursorWindow( 3494): Failed to read row 0, column -1 from a CursorWindow which has 38 rows, 9 columns.
07-14 12:33:21.346 D/CallLogAdapter( 3494): java.lang.IllegalStateException: Couldn't read row 0, col -1 from CursorWindow.  Make sure the Cursor is initialized correctly before accessing data from it.
07-14 12:33:21.346 D/CallLogAdapter( 3494): ======no department find======
07-14 12:33:21.346 D/CALLLOGADAPTER( 3494): ++++++++++++++++++================================
07-14 12:33:21.354 D/ContactsProvider( 3494): [Contacts] query 'content://emdmcontacts/company_calllogs', segment size: 1
07-14 12:33:21.369 D/CallLogAdapter( 3494): quickContactView.number=============13220164537
07-14 12:33:21.369 D/CallLogAdapter( 3494): quickContactView.contactUri=============null
07-14 12:33:21.369 D/ContactsProvider( 3494): [Contacts] query 'content://emdmcontacts/contacts', segment size: 1
07-14 12:33:21.385 E/CursorWindow( 3494): Failed to read row 1, column -1 from a CursorWindow which has 38 rows, 9 columns.
07-14 12:33:21.385 D/CallLogAdapter( 3494): java.lang.IllegalStateException: Couldn't read row 1, col -1 from CursorWindow.  Make sure the Cursor is initialized correctly before accessing data from it.
07-14 12:33:21.385 D/CallLogAdapter( 3494): ======no department find======
07-14 12:33:21.393 D/CALLLOGADAPTER( 3494): ++++++++++++++++++================================
07-14 12:33:21.393 D/ContactsProvider( 3494): [Contacts] query 'content://emdmcontacts/company_calllogs', segment size: 1
07-14 12:33:21.408 D/CallLogAdapter( 3494): quickContactView.number=============01056299605
07-14 12:33:21.408 D/CallLogAdapter( 3494): quickContactView.contactUri=============null
07-14 12:33:21.408 D/ContactsProvider( 3494): [Contacts] query 'content://emdmcontacts/contacts', segment size: 1
07-14 12:33:21.408 D/PhoneStatusBar(  450): disable: < expand icons alerts ticker system_info back* home* recent clock* search >
07-14 12:33:21.416 V/PhoneStatusBar(  450): setLightsOn(true)
07-14 12:33:21.424 E/CursorWindow( 3494): Failed to read row 4, column -1 from a CursorWindow which has 38 rows, 9 columns.
07-14 12:33:21.424 D/CallLogAdapter( 3494): java.lang.IllegalStateException: Couldn't read row 4, col -1 from CursorWindow.  Make sure the Cursor is initialized correctly before accessing data from it.
07-14 12:33:21.424 D/CallLogAdapter( 3494): ======no department find======
07-14 12:33:21.424 D/CALLLOGADAPTER( 3494): ++++++++++++++++++================================
07-14 12:33:21.424 D/ContactsProvider( 3494): [Contacts] query 'content://emdmcontacts/company_calllogs', segment size: 1
07-14 12:33:21.432 D/CallLogAdapter( 3494): quickContactView.number=============13263318053
07-14 12:33:21.432 D/CallLogAdapter( 3494): quickContactView.contactUri=============null
07-14 12:33:21.432 D/ContactsProvider( 3494): [Contacts] query 'content://emdmcontacts/contacts', segment size: 1
07-14 12:33:21.448 E/CursorWindow( 3494): Failed to read row 5, column -1 from a CursorWindow which has 38 rows, 9 columns.
07-14 12:33:21.448 D/CallLogAdapter( 3494): java.lang.IllegalStateException: Couldn't read row 5, col -1 from CursorWindow.  Make sure the Cursor is initialized correctly before accessing data from it.
07-14 12:33:21.448 D/CallLogAdapter( 3494): ======no department find======
07-14 12:33:21.448 D/CALLLOGADAPTER( 3494): ++++++++++++++++++================================
07-14 12:33:21.448 D/ContactsProvider( 3494): [Contacts] query 'content://emdmcontacts/company_calllogs', segment size: 1
07-14 12:33:21.463 D/CallLogAdapter( 3494): quickContactView.number=============13522849951
07-14 12:33:21.463 D/CallLogAdapter( 3494): quickContactView.contactUri=============null
07-14 12:33:21.463 D/ContactsProvider( 3494): [Contacts] query 'content://emdmcontacts/contacts', segment size: 1
07-14 12:33:21.479 E/CursorWindow( 3494): Failed to read row 6, column -1 from a CursorWindow which has 38 rows, 9 columns.
07-14 12:33:21.479 D/CallLogAdapter( 3494): java.lang.IllegalStateException: Couldn't read row 6, col -1 from CursorWindow.  Make sure the Cursor is initialized correctly before accessing data from it.
07-14 12:33:21.479 D/CallLogAdapter( 3494): ======no department find======
07-14 12:33:21.479 D/CALLLOGADAPTER( 3494): ++++++++++++++++++================================
07-14 12:33:21.479 D/ContactsProvider( 3494): [Contacts] query 'content://emdmcontacts/company_calllogs', segment size: 1
07-14 12:33:21.494 D/CallLogAdapter( 3494): quickContactView.number=============15010093591
07-14 12:33:21.494 D/CallLogAdapter( 3494): quickContactView.contactUri=============null
07-14 12:33:21.494 D/ContactsProvider( 3494): [Contacts] query 'content://emdmcontacts/contacts', segment size: 1
07-14 12:33:21.502 D/NfcService(  582): NFC-C ON
07-14 12:33:21.541 W/InputMethodManagerService(  374): Window already focused, ignoring focus gain of: com.android.internal.view.IInputMethodClient$Stub$Proxy@42cab330 attribute=android.view.inputmethod.EditorInfo@42d4db40, token = android.os.BinderProxy@42be1d88
07-14 12:33:21.557 D/ContactsProvider( 3494): [Contacts] query 'content://emdmcontacts/company_calllogs', segment size: 1
07-14 12:33:21.573 D/Assistant( 3494): [---null: -1---]  changeCursor
07-14 12:33:21.580 D/Assistant( 3494): [---null: -1---]  findGroups
07-14 12:33:21.580 D/Assistant( 3494): [---null: -1---]  addGroup
07-14 12:33:21.588 D/Assistant( 3494): [---null: -1---]  addGroup
07-14 12:33:21.596 D/Assistant( 3494): [---null: -1---]  addGroup
07-14 12:33:21.596 D/Assistant( 3494): [---null: -1---]  addGroup
07-14 12:33:21.604 D/Assistant( 3494): [---null: -1---]  addGroup
07-14 12:33:21.619 E/CursorWindow( 3494): Failed to read row 0, column -1 from a CursorWindow which has 38 rows, 9 columns.
07-14 12:33:21.619 D/CallLogAdapter( 3494): java.lang.IllegalStateException: Couldn't read row 0, col -1 from CursorWindow.  Make sure the Cursor is initialized correctly before accessing data from it.
07-14 12:33:21.619 D/CallLogAdapter( 3494): ======no department find======
07-14 12:33:21.619 D/CALLLOGADAPTER( 3494): ++++++++++++++++++================================
07-14 12:33:21.619 D/ContactsProvider( 3494): [Contacts] query 'content://emdmcontacts/company_calllogs', segment size: 1
07-14 12:33:21.627 D/CallLogAdapter( 3494): quickContactView.number=============13220164537
07-14 12:33:21.627 D/CallLogAdapter( 3494): quickContactView.contactUri=============null
07-14 12:33:21.627 D/ContactsProvider( 3494): [Contacts] query 'content://emdmcontacts/contacts', segment size: 1
07-14 12:33:21.643 E/CursorWindow( 3494): Failed to read row 1, column -1 from a CursorWindow which has 38 rows, 9 columns.
07-14 12:33:21.643 D/CallLogAdapter( 3494): java.lang.IllegalStateException: Couldn't read row 1, col -1 from CursorWindow.  Make sure the Cursor is initialized correctly before accessing data from it.
07-14 12:33:21.643 D/CallLogAdapter( 3494): ======no department find======
07-14 12:33:21.643 D/CALLLOGADAPTER( 3494): ++++++++++++++++++================================
07-14 12:33:21.643 D/ContactsProvider( 3494): [Contacts] query 'content://emdmcontacts/company_calllogs', segment size: 1
07-14 12:33:21.658 D/CallLogAdapter( 3494): quickContactView.number=============01056299605
07-14 12:33:21.658 D/CallLogAdapter( 3494): quickContactView.contactUri=============null
07-14 12:33:21.666 D/ContactsProvider( 3494): [Contacts] query 'content://emdmcontacts/contacts', segment size: 1
07-14 12:33:21.674 E/CursorWindow( 3494): Failed to read row 4, column -1 from a CursorWindow which has 38 rows, 9 columns.
07-14 12:33:21.674 D/CallLogAdapter( 3494): java.lang.IllegalStateException: Couldn't read row 4, col -1 from CursorWindow.  Make sure the Cursor is initialized correctly before accessing data from it.
07-14 12:33:21.674 D/CallLogAdapter( 3494): ======no department find======
07-14 12:33:21.674 D/CALLLOGADAPTER( 3494): ++++++++++++++++++================================
07-14 12:33:21.674 D/ContactsProvider( 3494): [Contacts] query 'content://emdmcontacts/company_calllogs', segment size: 1
07-14 12:33:21.682 D/CallLogAdapter( 3494): quickContactView.number=============13263318053
07-14 12:33:21.690 D/CallLogAdapter( 3494): quickContactView.contactUri=============null
07-14 12:33:21.690 D/ContactsProvider( 3494): [Contacts] query 'content://emdmcontacts/contacts', segment size: 1
07-14 12:33:21.698 E/CursorWindow( 3494): Failed to read row 5, column -1 from a CursorWindow which has 38 rows, 9 columns.
07-14 12:33:21.698 D/CallLogAdapter( 3494): java.lang.IllegalStateException: Couldn't read row 5, col -1 from CursorWindow.  Make sure the Cursor is initialized correctly before accessing data from it.
07-14 12:33:21.698 D/CallLogAdapter( 3494): ======no department find======
07-14 12:33:21.698 D/CALLLOGADAPTER( 3494): ++++++++++++++++++================================
07-14 12:33:21.698 D/ContactsProvider( 3494): [Contacts] query 'content://emdmcontacts/company_calllogs', segment size: 1
07-14 12:33:21.721 D/CallLogAdapter( 3494): quickContactView.number=============13522849951
07-14 12:33:21.721 D/CallLogAdapter( 3494): quickContactView.contactUri=============null
07-14 12:33:21.721 D/ContactsProvider( 3494): [Contacts] query 'content://emdmcontacts/contacts', segment size: 1
07-14 12:33:21.744 E/CursorWindow( 3494): Failed to read row 6, column -1 from a CursorWindow which has 38 rows, 9 columns.
07-14 12:33:21.744 D/CallLogAdapter( 3494): java.lang.IllegalStateException: Couldn't read row 6, col -1 from CursorWindow.  Make sure the Cursor is initialized correctly before accessing data from it.
07-14 12:33:21.744 D/CallLogAdapter( 3494): ======no department find======
07-14 12:33:21.744 D/CALLLOGADAPTER( 3494): ++++++++++++++++++================================
07-14 12:33:21.744 D/ContactsProvider( 3494): [Contacts] query 'content://emdmcontacts/company_calllogs', segment size: 1
07-14 12:33:21.760 D/CallLogAdapter( 3494): quickContactView.number=============15010093591
07-14 12:33:21.760 D/CallLogAdapter( 3494): quickContactView.contactUri=============null
07-14 12:33:21.760 D/ContactsProvider( 3494): [Contacts] query 'content://emdmcontacts/contacts', segment size: 1
07-14 12:33:21.862 V/TAG     (  374): bug 7643792: fitSystemWindows([0,50][0,0])
07-14 12:33:21.885 D/dalvikvm(  874): GC_CONCURRENT freed 424K, 17% free 9641K/11548K, paused 3ms+2ms, total 508ms
07-14 12:33:22.010 D/AndroidRuntime( 7446): 
07-14 12:33:22.010 D/AndroidRuntime( 7446): >>>>>> AndroidRuntime START com.android.internal.os.RuntimeInit <<<<<<
07-14 12:33:22.010 D/AndroidRuntime( 7446): CheckJNI is OFF
07-14 12:33:22.026 D/dalvikvm( 7446): Trying to load lib libjavacore.so 0x0
07-14 12:33:22.033 D/dalvikvm( 1052): GC_CONCURRENT freed 522K, 10% free 10130K/11168K, paused 10ms+26ms, total 85ms
07-14 12:33:22.033 D/dalvikvm( 7446): Added shared lib libjavacore.so 0x0
07-14 12:33:22.049 D/dalvikvm( 7446): Trying to load lib libnativehelper.so 0x0
07-14 12:33:22.049 D/dalvikvm( 7446): Added shared lib libnativehelper.so 0x0
07-14 12:33:22.073 I/RootJni ( 7447): su: permission denied
