07-14 12:33:22.338 D/AndroidRuntime( 7446): Calling main entry com.qihoo360.powerctl.root.app.App
07-14 12:33:22.338 D/AndroidRuntime( 7446): Shutting down VM
07-14 12:33:22.346 D/dalvikvm( 7446): GC_CONCURRENT freed 114K, 22% free 467K/592K, paused 0ms+0ms, total 3ms
07-14 12:33:22.346 I/AndroidRuntime( 7446): NOTE: attach of thread 'Binder_1' failed
07-14 12:33:22.471 I/AndroidRuntime( 7406): VM exiting with result code 0.
07-14 12:33:25.565 D/dalvikvm( 6152): GC_CONCURRENT freed 445K, 8% free 9358K/10072K, paused 7ms+3ms, total 44ms
07-14 12:33:31.065 W/MountService(  374): getVolumeState(/storage/emulated/0/external_sd): Unknown volume
07-14 12:33:31.065 W/MountService(  374): getVolumeState(/mnt/sdcard-ext): Unknown volume
07-14 12:33:31.065 W/MountService(  374): getVolumeState(/mnt/ext_sdcard): Unknown volume
07-14 12:33:31.065 W/MountService(  374): getVolumeState(/mnt/sdcard2): Unknown volume
07-14 12:33:31.073 W/MountService(  374): getVolumeState(/mnt/emmc): Unknown volume
07-14 12:33:31.073 W/MountService(  374): getVolumeState(/mnt/extSdCard): Unknown volume
07-14 12:33:31.073 W/MountService(  374): getVolumeState(/mnt/sdcard/SD_CARD): Unknown volume
07-14 12:33:31.073 W/MountService(  374): getVolumeState(/mnt/sdcard/extra_sd): Unknown volume
07-14 12:33:31.073 W/MountService(  374): getVolumeState(/mnt/extrasd_bind): Unknown volume
07-14 12:33:31.073 W/MountService(  374): getVolumeState(/mnt/sdcard/ext_sd): Unknown volume
07-14 12:33:31.080 W/MountService(  374): getVolumeState(/storage/extSdCard): Unknown volume
07-14 12:33:31.080 W/MountService(  374): getVolumeState(/storage/sdcard1): Unknown volume
07-14 12:33:31.080 W/MountService(  374): getVolumeState(/mnt/sdcard/external_SD): Unknown volume
07-14 12:33:31.080 W/MountService(  374): getVolumeState(/mnt/sdcard/external_sd): Unknown volume
07-14 12:33:31.174 D/dalvikvm( 6152): GC_CONCURRENT freed 314K, 6% free 9499K/10072K, paused 3ms+3ms, total 39ms
07-14 12:33:31.291 W/MountService(  374): getVolumeState(/storage/emulated/0/external_sd): Unknown volume
07-14 12:33:31.291 W/MountService(  374): getVolumeState(/mnt/sdcard-ext): Unknown volume
07-14 12:33:31.291 W/MountService(  374): getVolumeState(/mnt/ext_sdcard): Unknown volume
07-14 12:33:31.291 W/MountService(  374): getVolumeState(/mnt/sdcard2): Unknown volume
07-14 12:33:31.291 W/MountService(  374): getVolumeState(/mnt/emmc): Unknown volume
07-14 12:33:31.291 W/MountService(  374): getVolumeState(/mnt/extSdCard): Unknown volume
07-14 12:33:31.291 W/MountService(  374): getVolumeState(/mnt/sdcard/SD_CARD): Unknown volume
07-14 12:33:31.291 W/MountService(  374): getVolumeState(/mnt/sdcard/extra_sd): Unknown volume
07-14 12:33:31.291 W/MountService(  374): getVolumeState(/mnt/extrasd_bind): Unknown volume
07-14 12:33:31.291 W/MountService(  374): getVolumeState(/mnt/sdcard/ext_sd): Unknown volume
07-14 12:33:31.299 W/MountService(  374): getVolumeState(/storage/extSdCard): Unknown volume
07-14 12:33:31.299 W/MountService(  374): getVolumeState(/storage/sdcard1): Unknown volume
07-14 12:33:31.299 W/MountService(  374): getVolumeState(/mnt/sdcard/external_SD): Unknown volume
07-14 12:33:31.299 W/MountService(  374): getVolumeState(/mnt/sdcard/external_sd): Unknown volume
07-14 12:33:31.330 D/dalvikvm( 6152): GC_CONCURRENT freed 572K, 7% free 9393K/10072K, paused 3ms+3ms, total 25ms
07-14 12:33:31.799 D/ContactsProvider( 3494): [Contacts] query 'content://emdmcontacts/company_calllogs', segment size: 1
07-14 12:33:31.799 D/Assistant( 3494): [---null: -1---]  changeCursor
07-14 12:33:31.807 D/Assistant( 3494): [---null: -1---]  findGroups
07-14 12:33:31.807 D/Assistant( 3494): [---null: -1---]  addGroup
07-14 12:33:31.815 D/Assistant( 3494): [---null: -1---]  addGroup
07-14 12:33:31.815 D/Assistant( 3494): [---null: -1---]  addGroup
07-14 12:33:31.823 D/Assistant( 3494): [---null: -1---]  addGroup
07-14 12:33:31.823 D/Assistant( 3494): [---null: -1---]  addGroup
07-14 12:33:31.838 E/CursorWindow( 3494): Failed to read row 0, column -1 from a CursorWindow which has 38 rows, 9 columns.
07-14 12:33:31.838 D/CallLogAdapter( 3494): java.lang.IllegalStateException: Couldn't read row 0, col -1 from CursorWindow.  Make sure the Cursor is initialized correctly before accessing data from it.
07-14 12:33:31.838 D/CallLogAdapter( 3494): ======no department find======
07-14 12:33:31.838 D/CALLLOGADAPTER( 3494): ++++++++++++++++++================================
07-14 12:33:31.838 D/ContactsProvider( 3494): [Contacts] query 'content://emdmcontacts/company_calllogs', segment size: 1
07-14 12:33:31.846 D/CallLogAdapter( 3494): quickContactView.number=============13220164537
07-14 12:33:31.846 D/CallLogAdapter( 3494): quickContactView.contactUri=============null
07-14 12:33:31.846 D/ContactsProvider( 3494): [Contacts] query 'content://emdmcontacts/contacts', segment size: 1
07-14 12:33:31.854 E/CursorWindow( 3494): Failed to read row 1, column -1 from a CursorWindow which has 38 rows, 9 columns.
07-14 12:33:31.854 D/CallLogAdapter( 3494): java.lang.IllegalStateException: Couldn't read row 1, col -1 from CursorWindow.  Make sure the Cursor is initialized correctly before accessing data from it.
07-14 12:33:31.854 D/CallLogAdapter( 3494): ======no department find======
07-14 12:33:31.854 D/CALLLOGADAPTER( 3494): ++++++++++++++++++================================
07-14 12:33:31.854 D/ContactsProvider( 3494): [Contacts] query 'content://emdmcontacts/company_calllogs', segment size: 1
07-14 12:33:31.869 D/CallLogAdapter( 3494): quickContactView.number=============01056299605
07-14 12:33:31.869 D/CallLogAdapter( 3494): quickContactView.contactUri=============null
07-14 12:33:31.869 D/ContactsProvider( 3494): [Contacts] query 'content://emdmcontacts/contacts', segment size: 1
07-14 12:33:31.877 E/CursorWindow( 3494): Failed to read row 4, column -1 from a CursorWindow which has 38 rows, 9 columns.
07-14 12:33:31.877 D/CallLogAdapter( 3494): java.lang.IllegalStateException: Couldn't read row 4, col -1 from CursorWindow.  Make sure the Cursor is initialized correctly before accessing data from it.
07-14 12:33:31.877 D/CallLogAdapter( 3494): ======no department find======
07-14 12:33:31.877 D/CALLLOGADAPTER( 3494): ++++++++++++++++++================================
07-14 12:33:31.877 D/ContactsProvider( 3494): [Contacts] query 'content://emdmcontacts/company_calllogs', segment size: 1
07-14 12:33:31.885 D/CallLogAdapter( 3494): quickContactView.number=============13263318053
07-14 12:33:31.885 D/CallLogAdapter( 3494): quickContactView.contactUri=============null
07-14 12:33:31.885 D/ContactsProvider( 3494): [Contacts] query 'content://emdmcontacts/contacts', segment size: 1
07-14 12:33:31.893 E/CursorWindow( 3494): Failed to read row 5, column -1 from a CursorWindow which has 38 rows, 9 columns.
07-14 12:33:31.893 D/CallLogAdapter( 3494): java.lang.IllegalStateException: Couldn't read row 5, col -1 from CursorWindow.  Make sure the Cursor is initialized correctly before accessing data from it.
07-14 12:33:31.893 D/CallLogAdapter( 3494): ======no department find======
07-14 12:33:31.893 D/CALLLOGADAPTER( 3494): ++++++++++++++++++================================
07-14 12:33:31.893 D/ContactsProvider( 3494): [Contacts] query 'content://emdmcontacts/company_calllogs', segment size: 1
07-14 12:33:31.901 D/CallLogAdapter( 3494): quickContactView.number=============13522849951
07-14 12:33:31.901 D/CallLogAdapter( 3494): quickContactView.contactUri=============null
07-14 12:33:31.901 D/ContactsProvider( 3494): [Contacts] query 'content://emdmcontacts/contacts', segment size: 1
07-14 12:33:31.908 E/CursorWindow( 3494): Failed to read row 6, column -1 from a CursorWindow which has 38 rows, 9 columns.
07-14 12:33:31.908 D/CallLogAdapter( 3494): java.lang.IllegalStateException: Couldn't read row 6, col -1 from CursorWindow.  Make sure the Cursor is initialized correctly before accessing data from it.
07-14 12:33:31.908 D/CallLogAdapter( 3494): ======no department find======
07-14 12:33:31.908 D/CALLLOGADAPTER( 3494): ++++++++++++++++++================================
07-14 12:33:31.908 D/ContactsProvider( 3494): [Contacts] query 'content://emdmcontacts/company_calllogs', segment size: 1
07-14 12:33:31.916 D/CallLogAdapter( 3494): quickContactView.number=============15010093591
07-14 12:33:31.916 D/CallLogAdapter( 3494): quickContactView.contactUri=============null
07-14 12:33:31.924 D/ContactsProvider( 3494): [Contacts] query 'content://emdmcontacts/contacts', segment size: 1
07-14 12:33:33.479 D/LightsService(  374): Excessive delay setting light: 68ms
07-14 12:33:33.744 D/LightsService(  374): Excessive delay setting light: 67ms
07-14 12:33:36.291 I/PowerManagerService(  374): Going to sleep due to screen timeout...
07-14 12:33:37.073 D/SurfaceFlinger(  124): Screen released, type=0 flinger=0x41e1a478
07-14 12:33:37.174 D/dalvikvm(  374): GC_FOR_ALLOC freed 531K, 26% free 20417K/27344K, paused 95ms, total 95ms
07-14 12:33:37.174 I/dalvikvm-heap(  374): Grow heap (frag case) to 20.340MB for 380496-byte allocation
07-14 12:33:37.260 D/dalvikvm(  374): GC_FOR_ALLOC freed 0K, 25% free 20789K/27716K, paused 88ms, total 88ms
07-14 12:33:37.268 D/MdmApplication( 3494): [null:-1]->onActivityPaused contacts.activities.DialtactsActivity , mActivityCount = 2
07-14 12:33:37.268 D/MDM :   ( 3494): [null:-1]->query
07-14 12:33:37.268 D/MDM :   ( 3494): [null:-1]->QUERY_PINCODE_CHECK_RESULT
07-14 12:33:37.268 E/Mdm     ( 3494): Call Mdm service's setLastExitTime function
07-14 12:33:37.377 D/NfcService(  582): NFC-C OFF, disconnect
07-14 12:33:37.510 V/KeyguardHostView(  374): hide transport, gen:23
07-14 12:33:37.510 V/KeyguardHostView(  374): music state changed: 0
07-14 12:33:37.526 D/MDM :   ( 3494): [null:-1]->query
07-14 12:33:37.526 D/MDM :   ( 3494): [null:-1]->QUERY_SETTING_PIN_ONOFF
07-14 12:33:37.557 D/PhoneStatusBar(  450): disable: < expand icons alerts ticker system_info back home RECENT* clock search >
07-14 12:33:37.588 V/TAG     (  374): bug 7643792: fitSystemWindows([0,50][0,0])
07-14 12:33:37.658 D/dalvikvm( 1146): GC_FOR_ALLOC freed 345K, 6% free 9201K/9780K, paused 17ms, total 17ms
07-14 12:33:37.705 D/PhoneStatusBar(  450): disable: < expand icons alerts ticker system_info BACK* HOME* RECENT CLOCK* search >
07-14 12:33:42.612 D/MdmService( 3494): [null:-1]->receiver action :com.pekall.mdm.action.MDM_ALARM
07-14 12:33:42.612 D/MdmService( 3494): [null:-1]->keepAliveWithPushServer client is opened:true
07-14 12:33:42.619 D/MDM :   ( 3494): [null:-1]->ping!!!!!!!!!
07-14 12:33:42.627 D/MdmService( 3494): [null:-1]->pushUrl : ws://demo.everknow.cn:9030/websocket
07-14 12:33:42.627 D/MDM :   ( 3494): [null:-1]->mMdmPushClient is :not null
07-14 12:33:42.627 D/MDM :   ( 3494): [null:-1]->mMdmPushClient opened : opened
07-14 12:33:42.643 D/MDM :   ( 3494): [null:-1]->MSG_WEBSOCKET_PONG
07-14 12:33:44.072 D/MDM :   ( 3494): [null:-1]->MSG_WEBSOCKET_MESSAGE : {"id":-1415082408,"type":0,"command":0,"result":0,"reason":0,"params":{"msgId":"d25631e7-89b2-48e5-b4ab-5c38792f6c35,d25631e789b248e5b4ab5c38792f6c35","device":"ffffffffc539bb10fffffffff7aea961","message":"{\"cmd\":\"10119\"}"}}
07-14 12:33:44.088 D/MdmService( 3494): [null:-1]->push message type :0
07-14 12:33:44.088 D/MdmService( 3494): [null:-1]->cmdMessage : {"cmd":"10119"}
07-14 12:33:44.088 D/MdmService( 3494): [null:-1]->command : PushCommandMsg{cmd='10119', msg='null'}
07-14 12:33:44.088 D/MDM :   ( 3494): [null:-1]->PUSH CMD: 10119
07-14 12:33:44.096 D/MdmStatusManager( 3494): [null:-1]->change status to : Busy
07-14 12:33:44.096 D/DB      ( 3494): query: SQLiteQuery: SELECT content, command_status, status FROM command WHERE status!=2
07-14 12:33:44.096 D/DB      ( 3494): factory null
07-14 12:33:44.096 D/DB      ( 3494): fillWindow: 0
07-14 12:33:44.096 D/DB      ( 3494): cursor 0
07-14 12:33:44.096 D/DB      ( 3494): moveToPos: 0
07-14 12:33:44.096 I/TransInfo( 3494): TransInfo created, id: 3, class: class com.pekall.emdm.transaction.b.c
07-14 12:33:44.096 D/NetworkThread( 3494): [null:-1]->----isRunning-----true
07-14 12:33:44.096 D/NetworkThread( 3494): [null:-1]->----isRunning-----true
07-14 12:33:44.104 D/NetworkThread( 3494): [null:-1]->thread wakeup
07-14 12:33:44.104 D/HttpClient( 3494): enable apache.http debug
07-14 12:33:44.112 V/DEBUG   ( 3494): HTTP 0
07-14 12:33:44.971 V/DEBUG   ( 3494): HTTP 1
07-14 12:33:44.979 D/MDM :   ( 3494): [null:-1]->read network input stream
07-14 12:33:44.979 D/MDM :   ( 3494): [null:-1]->read network input stream
07-14 12:33:44.979 D/MDM :   ( 3494): [null:-1]->read network input stream
07-14 12:33:44.979 D/MDM :   ( 3494): [null:-1]->read network input stream
07-14 12:33:44.979 D/MDM :   ( 3494): [null:-1]->read network input stream
07-14 12:33:44.979 D/MDM :   ( 3494): [null:-1]->read network input stream
07-14 12:33:44.979 D/MDM :   ( 3494): [null:-1]->read network input stream
07-14 12:33:44.979 D/MDM :   ( 3494): [null:-1]->read network input stream
07-14 12:33:44.979 D/MDM :   ( 3494): [null:-1]->read network input stream
07-14 12:33:44.987 D/MDM :   ( 3494): [null:-1]->read network input stream
07-14 12:33:44.987 D/MDM :   ( 3494): [null:-1]->read network input stream
07-14 12:33:44.987 D/MDM :   ( 3494): [null:-1]->read network input stream
07-14 12:33:44.987 D/MDM :   ( 3494): [null:-1]->read network input stream
07-14 12:33:44.987 D/MDM :   ( 3494): [null:-1]->read network input stream
07-14 12:33:44.987 D/MDM :   ( 3494): [null:-1]->read network input stream
07-14 12:33:44.987 D/MDM :   ( 3494): [null:-1]->read network input stream
07-14 12:33:44.987 D/MDM :   ( 3494): [null:-1]->read network input stream
07-14 12:33:44.994 D/MDM :   ( 3494): [null:-1]->read network input stream
07-14 12:33:44.994 D/MDM :   ( 3494): [null:-1]->read network input stream
07-14 12:33:44.994 D/MDM :   ( 3494): [null:-1]->read network input stream
07-14 12:33:45.080 D/dalvikvm( 3494): GC_FOR_ALLOC freed 2660K, 18% free 20377K/24568K, paused 67ms, total 70ms
07-14 12:33:45.135 D/dalvikvm( 3494): GC_FOR_ALLOC freed 143K, 18% free 20322K/24568K, paused 58ms, total 58ms
07-14 12:33:45.190 D/dalvikvm( 3494): GC_FOR_ALLOC freed 95K, 18% free 20302K/24568K, paused 54ms, total 54ms
07-14 12:33:45.198 W/CursorWrapperInner( 3494): Cursor finalized without prior close()
07-14 12:33:45.198 W/CursorWrapperInner( 3494): Cursor finalized without prior close()
07-14 12:33:45.268 D/dalvikvm( 3494): GC_FOR_ALLOC freed 243K, 18% free 20166K/24568K, paused 54ms, total 54ms
07-14 12:33:45.268 I/dalvikvm-heap( 3494): Grow heap (frag case) to 19.944MB for 160516-byte allocation
07-14 12:33:45.323 D/dalvikvm( 3494): GC_FOR_ALLOC freed 45K, 18% free 20276K/24728K, paused 55ms, total 55ms
07-14 12:33:45.416 D/dalvikvm( 3494): GC_FOR_ALLOC freed <1K, 18% free 20277K/24728K, paused 52ms, total 52ms
07-14 12:33:45.416 I/dalvikvm-heap( 3494): Grow heap (frag case) to 20.013MB for 119650-byte allocation
07-14 12:33:45.471 D/dalvikvm( 3494): GC_FOR_ALLOC freed 0K, 18% free 20393K/24848K, paused 53ms, total 53ms
07-14 12:33:45.518 D/dalvikvm( 3494): GC_FOR_ALLOC freed 156K, 19% free 20237K/24848K, paused 54ms, total 54ms
07-14 12:33:45.573 D/dalvikvm( 3494): GC_FOR_ALLOC freed 117K, 19% free 20236K/24848K, paused 53ms, total 53ms
07-14 12:33:45.573 I/dalvikvm-heap( 3494): Grow heap (frag case) to 20.032MB for 179708-byte allocation
07-14 12:33:45.627 D/dalvikvm( 3494): GC_FOR_ALLOC freed 117K, 19% free 20295K/25024K, paused 53ms, total 53ms
07-14 12:33:45.682 D/dalvikvm( 3494): GC_FOR_ALLOC freed 292K, 20% free 20236K/25024K, paused 52ms, total 53ms
07-14 12:33:45.737 D/dalvikvm( 3494): GC_FOR_ALLOC freed 117K, 19% free 20295K/25024K, paused 53ms, total 53ms
07-14 12:33:45.791 D/dalvikvm( 3494): GC_FOR_ALLOC freed 177K, 19% free 20354K/25024K, paused 54ms, total 54ms
07-14 12:33:45.791 D/CheckInTransInfo( 3494): [null:-1]->CommandMsg : CommandMsg{CommandUUID='8a80888e4732aed501473325d6a506e6', Command=CommandInstallProfile{super=CommandObject{RequestType='InstallProfile'}Payload=[60, 63, 120, 109, 108, 32, 118, 101, 114, 115, 105, 111, 110, 61, 34, 49, 46, 48, 34, 32, 101, 110, 99, 111, 100, 105, 110, 103, 61, 34, 85, 84, 70, 45, 56, 34, 63, 62, 10, 60, 33, 68, 79, 67, 84, 89, 80, 69, 32, 112, 108, 105, 115, 116, 32, 80, 85, 66, 76, 73, 67, 32, 34, 45, 47, 47, 65, 112, 112, 108, 101, 47, 47, 68, 84, 68, 32, 80, 76, 73, 83, 84, 32, 49, 46, 48, 47, 47, 69, 78, 34, 32, 34, 104, 116, 116, 112, 58, 47, 47, 119, 119, 119, 46, 97, 112, 112, 108, 101, 46, 99, 111, 109, 47, 68, 84, 68, 115, 47, 80, 114, 111, 112, 101, 114, 116, 121, 76, 105, 115, 116, 45, 49, 46, 48, 46, 100, 116, 100, 34, 62, 10, 60, 112, 108, 105, 115, 116, 32, 118, 101, 114, 115, 105, 111, 110, 61, 34, 49, 46, 48, 34, 62, 10, 60, 100, 105, 99, 116, 62, 10, 9, 60, 107, 101, 121, 62, 80, 97, 121, 108, 111, 97, 100, 67, 111, 110, 116, 101, 110, 116, 60, 47, 107, 101, 121, 62, 10, 9, 60, 97, 114, 114, 97, 121, 62, 10, 9, 9, 60, 100, 105, 99, 116, 62, 10, 9, 9, 9, 60, 107, 101, 121, 62, 69, 109, 97, 105, 108, 65, 99, 99, 111, 117, 110, 116, 84, 121, 112, 101, 60, 47, 107, 101, 121, 62, 10, 9, 9, 9, 60, 115, 116, 114, 105, 110, 103, 62, 69, 109, 97, 105, 108, 84, 121, 112, 101, 80, 79, 80, 60, 47, 115, 116, 114, 105, 110, 103, 62, 10, 9, 9, 9, 60, 107, 101, 121, 62, 65, 99, 99, 111, 117, 110, 116, 68, 105, 115, 112, 108, 97, 121, 78, 97, 109, 101, 60, 47, 107, 101, 121, 62, 10, 9, 9, 9, 60, 115, 116, 114, 105, 110, 103, 62, -28, -70, -84, -24, -127, -108, -28, -70, -111, 60, 47, 115, 116, 114, 105, 110, 103, 62, 10, 9, 9, 9, 60, 107, 101, 121, 62, 69, 109, 97, 105, 108, 65, 99, 99, 111, 117, 110, 116, 60, 47, 107, 101, 121, 62, 10, 9, 9, 9, 60, 115, 116, 114, 105, 110, 103, 62, 85, 115, 101, 32, 68, 101, 118, 105, 99, 101, 32, 69, 110, 114, 111, 108, 108, 109, 101, 110, 116, 32, 99, 114, 101, 100, 101, 110, 116, 105, 97, 108, 115, 60, 47, 115, 116, 114, 105, 110, 103, 62, 10, 9, 9, 9, 60, 107, 101, 121, 62, 100, 101, 102, 97, 117, 108, 116, 65, 99, 99, 111, 117, 110, 116, 60, 47, 107, 101, 121, 62, 10, 9, 9, 9, 60, 116, 114, 117, 101, 47, 62, 10, 9, 9, 9, 60, 107, 101, 121, 62, 73, 110, 99, 111, 109, 105, 110, 103, 77, 97, 105, 108, 83, 101, 114, 118, 101, 114, 72, 111, 115, 116, 78, 97, 109, 101, 60, 47, 107, 101, 121, 62, 10, 9, 9, 9, 60, 115, 116, 114, 105, 110, 103, 62, 109, 97, 105, 108, 46, 112, 101, 107, 97, 108, 108, 46, 99, 111, 109, 60, 47, 115, 116, 114, 105, 110, 103, 62, 10, 9, 9, 9, 60, 107, 101, 121, 62, 73, 110, 99, 111, 109, 105, 110, 103, 77, 97, 105, 108, 83, 101, 114, 118, 101, 114, 80, 111, 114, 116, 78, 117, 109, 98, 101, 114, 60, 47, 107, 101, 121, 62, 10, 9, 9, 9, 60, 105, 110, 116, 101, 103, 101, 114, 62, 57, 57, 53, 60, 47, 105, 110, 116, 101, 103, 101, 114, 62, 10, 9, 9, 9, 60, 107, 101, 121, 62, 73, 110, 99, 111, 109, 105, 110, 103, 77, 97, 105, 108, 83, 101, 114, 118, 101, 114, 85, 115, 101, 83, 83, 76, 60, 47, 107, 101, 121, 62, 10, 9, 9, 9, 60, 116, 114, 117, 101, 47, 62, 10, 9, 9, 9, 60, 107, 101, 121, 62, 97, 99, 99, 101, 112, 116, 65, 108, 108, 67, 101, 114, 116, 70, 111, 114, 73, 110, 99, 111, 109, 105, 110, 103, 77, 97, 105, 108, 60, 47, 107, 101, 121, 62, 10, 9, 9, 9, 60, 116, 114, 117, 101, 47, 62, 10, 9, 9, 9, 60, 107, 101, 121, 62, 97, 99, 99, 101, 112, 116, 84, 76, 83, 67, 101, 114, 116, 70, 111, 114, 73, 110, 99, 111, 109, 105, 110, 103, 77, 97, 105, 108, 60, 47, 107, 101, 121, 62, 10, 9, 9, 9, 60, 116, 114, 117, 101, 47, 62, 10, 9, 9, 9, 60, 107, 101, 121, 62, 79, 117, 116, 103, 111, 105, 110, 103, 77, 97, 105, 108, 83, 101, 114, 118, 101, 114, 72, 111, 115, 116, 78, 97, 109, 101, 60, 47, 107, 101, 121, 62, 10, 9, 9, 9, 60, 115, 116, 114, 105, 110, 103, 62, 109, 97, 105, 108, 46, 112, 101, 107, 97, 108, 108, 46, 99, 111, 109, 60, 47, 115, 116, 114, 105, 110, 103, 62, 10, 9, 9, 9, 60, 107, 101, 121, 62, 79, 117, 116, 103, 111, 105, 110, 103, 77, 97, 105, 108, 83, 101, 114, 118, 101, 114, 80, 11
07-14 12:33:45.791 D/DB      ( 3494): query: SQLiteQuery: SELECT * FROM command WHERE cmd_uuid='8a80888e4732aed501473325d6a506e6'
07-14 12:33:45.791 D/DB      ( 3494): factory null
07-14 12:33:45.791 D/DB      ( 3494): fillWindow: 0
07-14 12:33:45.799 D/DB      ( 3494): cursor 0
07-14 12:33:45.846 D/NetworkThread( 3494): [null:-1]->queue is empty, thread wait...
07-14 12:33:45.948 D/MdmService( 3494): [null:-1]->handleCheckInResult
07-14 12:33:45.948 D/MdmService( 3494): [null:-1]->handleCheckInResult result keyIndex: 3
07-14 12:33:46.010 D/dalvikvm( 3494): GC_FOR_ALLOC freed 422K, 20% free 20067K/25024K, paused 59ms, total 59ms
07-14 12:33:46.088 D/dalvikvm( 3494): GC_FOR_ALLOC freed 286K, 20% free 20171K/25024K, paused 53ms, total 53ms
07-14 12:33:46.143 D/dalvikvm( 3494): GC_FOR_ALLOC freed 292K, 20% free 20171K/25024K, paused 53ms, total 53ms
07-14 12:33:46.198 D/dalvikvm( 3494): GC_FOR_ALLOC freed 234K, 20% free 20230K/25024K, paused 53ms, total 53ms
07-14 12:33:46.252 D/dalvikvm( 3494): GC_FOR_ALLOC freed 179K, 19% free 20288K/25024K, paused 53ms, total 53ms
07-14 12:33:46.260 D/CommandManager( 3494): [null:-1]->execute command: CommandMsg{CommandUUID='8a80888e4732aed501473325d6a506e6', Command=CommandInstallProfile{super=CommandObject{RequestType='InstallProfile'}Payload=[60, 63, 120, 109, 108, 32, 118, 101, 114, 115, 105, 111, 110, 61, 34, 49, 46, 48, 34, 32, 101, 110, 99, 111, 100, 105, 110, 103, 61, 34, 85, 84, 70, 45, 56, 34, 63, 62, 10, 60, 33, 68, 79, 67, 84, 89, 80, 69, 32, 112, 108, 105, 115, 116, 32, 80, 85, 66, 76, 73, 67, 32, 34, 45, 47, 47, 65, 112, 112, 108, 101, 47, 47, 68, 84, 68, 32, 80, 76, 73, 83, 84, 32, 49, 46, 48, 47, 47, 69, 78, 34, 32, 34, 104, 116, 116, 112, 58, 47, 47, 119, 119, 119, 46, 97, 112, 112, 108, 101, 46, 99, 111, 109, 47, 68, 84, 68, 115, 47, 80, 114, 111, 112, 101, 114, 116, 121, 76, 105, 115, 116, 45, 49, 46, 48, 46, 100, 116, 100, 34, 62, 10, 60, 112, 108, 105, 115, 116, 32, 118, 101, 114, 115, 105, 111, 110, 61, 34, 49, 46, 48, 34, 62, 10, 60, 100, 105, 99, 116, 62, 10, 9, 60, 107, 101, 121, 62, 80, 97, 121, 108, 111, 97, 100, 67, 111, 110, 116, 101, 110, 116, 60, 47, 107, 101, 121, 62, 10, 9, 60, 97, 114, 114, 97, 121, 62, 10, 9, 9, 60, 100, 105, 99, 116, 62, 10, 9, 9, 9, 60, 107, 101, 121, 62, 69, 109, 97, 105, 108, 65, 99, 99, 111, 117, 110, 116, 84, 121, 112, 101, 60, 47, 107, 101, 121, 62, 10, 9, 9, 9, 60, 115, 116, 114, 105, 110, 103, 62, 69, 109, 97, 105, 108, 84, 121, 112, 101, 80, 79, 80, 60, 47, 115, 116, 114, 105, 110, 103, 62, 10, 9, 9, 9, 60, 107, 101, 121, 62, 65, 99, 99, 111, 117, 110, 116, 68, 105, 115, 112, 108, 97, 121, 78, 97, 109, 101, 60, 47, 107, 101, 121, 62, 10, 9, 9, 9, 60, 115, 116, 114, 105, 110, 103, 62, -28, -70, -84, -24, -127, -108, -28, -70, -111, 60, 47, 115, 116, 114, 105, 110, 103, 62, 10, 9, 9, 9, 60, 107, 101, 121, 62, 69, 109, 97, 105, 108, 65, 99, 99, 111, 117, 110, 116, 60, 47, 107, 101, 121, 62, 10, 9, 9, 9, 60, 115, 116, 114, 105, 110, 103, 62, 85, 115, 101, 32, 68, 101, 118, 105, 99, 101, 32, 69, 110, 114, 111, 108, 108, 109, 101, 110, 116, 32, 99, 114, 101, 100, 101, 110, 116, 105, 97, 108, 115, 60, 47, 115, 116, 114, 105, 110, 103, 62, 10, 9, 9, 9, 60, 107, 101, 121, 62, 100, 101, 102, 97, 117, 108, 116, 65, 99, 99, 111, 117, 110, 116, 60, 47, 107, 101, 121, 62, 10, 9, 9, 9, 60, 116, 114, 117, 101, 47, 62, 10, 9, 9, 9, 60, 107, 101, 121, 62, 73, 110, 99, 111, 109, 105, 110, 103, 77, 97, 105, 108, 83, 101, 114, 118, 101, 114, 72, 111, 115, 116, 78, 97, 109, 101, 60, 47, 107, 101, 121, 62, 10, 9, 9, 9, 60, 115, 116, 114, 105, 110, 103, 62, 109, 97, 105, 108, 46, 112, 101, 107, 97, 108, 108, 46, 99, 111, 109, 60, 47, 115, 116, 114, 105, 110, 103, 62, 10, 9, 9, 9, 60, 107, 101, 121, 62, 73, 110, 99, 111, 109, 105, 110, 103, 77, 97, 105, 108, 83, 101, 114, 118, 101, 114, 80, 111, 114, 116, 78, 117, 109, 98, 101, 114, 60, 47, 107, 101, 121, 62, 10, 9, 9, 9, 60, 105, 110, 116, 101, 103, 101, 114, 62, 57, 57, 53, 60, 47, 105, 110, 116, 101, 103, 101, 114, 62, 10, 9, 9, 9, 60, 107, 101, 121, 62, 73, 110, 99, 111, 109, 105, 110, 103, 77, 97, 105, 108, 83, 101, 114, 118, 101, 114, 85, 115, 101, 83, 83, 76, 60, 47, 107, 101, 121, 62, 10, 9, 9, 9, 60, 116, 114, 117, 101, 47, 62, 10, 9, 9, 9, 60, 107, 101, 121, 62, 97, 99, 99, 101, 112, 116, 65, 108, 108, 67, 101, 114, 116, 70, 111, 114, 73, 110, 99, 111, 109, 105, 110, 103, 77, 97, 105, 108, 60, 47, 107, 101, 121, 62, 10, 9, 9, 9, 60, 116, 114, 117, 101, 47, 62, 10, 9, 9, 9, 60, 107, 101, 121, 62, 97, 99, 99, 101, 112, 116, 84, 76, 83, 67, 101, 114, 116, 70, 111, 114, 73, 110, 99, 111, 109, 105, 110, 103, 77, 97, 105, 108, 60, 47, 107, 101, 121, 62, 10, 9, 9, 9, 60, 116, 114, 117, 101, 47, 62, 10, 9, 9, 9, 60, 107, 101, 121, 62, 79, 117, 116, 103, 111, 105, 110, 103, 77, 97, 105, 108, 83, 101, 114, 118, 101, 114, 72, 111, 115, 116, 78, 97, 109, 101, 60, 47, 107, 101, 121, 62, 10, 9, 9, 9, 60, 115, 116, 114, 105, 110, 103, 62, 109, 97, 105, 108, 46, 112, 101, 107, 97, 108, 108, 46, 99, 111, 109, 60, 47, 115, 116, 114, 105, 110, 103, 62, 10, 9, 9, 9, 60, 107, 101, 121, 62, 79, 117, 116, 103, 111, 105, 110, 103, 77, 97, 105, 108, 83, 101, 114, 118, 101, 114, 80, 
07-14 12:33:46.573 D/ProfileManager( 3494): [null:-1]->saveProfile payloadIdentifier: com.pekall.profile.policy
07-14 12:33:46.573 D/ProfileManager( 3494): [null:-1]->saveProfile path: /data/data/com.pekall.emdm/cache/com.pekall.profile.policy
07-14 12:33:46.573 D/CmdInstallProfile( 3494): [null:-1]->save profile success
07-14 12:33:46.573 D/TEST_ALL( 3494): [null:-1]->PAYLOAD_POLICY_IDENTIFIER
07-14 12:33:46.619 D/TEST_ALL( 3494): [null:-1]->POLICY_DOWN_LOAD
07-14 12:33:46.690 D/MDM :   ( 3494): [null:-1]->Apply Email
07-14 12:33:46.690 D/DB      ( 3494): query: SQLiteQuery: SELECT is_current FROM account_settings WHERE is_current=1
07-14 12:33:46.690 D/DB      ( 3494): factory null
07-14 12:33:46.690 D/DB      ( 3494): fillWindow: 0
07-14 12:33:46.690 D/DB      ( 3494): cursor 1
07-14 12:33:46.690 E/EmailProvider( 3494): selection 'is_current=1', args 'null'
07-14 12:33:46.690 D/DB      ( 3494): moveToPos: 0
07-14 12:33:46.690 D/DB      ( 3494): onMove: 0
07-14 12:33:46.690 D/AccountProvision( 3494): Process delete email account: true
07-14 12:33:46.698 V/AccountProvision( 3494): command delete, delete account.
07-14 12:33:46.698 I/AccountProvision( 3494): [C] delete account
07-14 12:33:46.698 V/h       ( 3494): Bind requested for task deleteAccount
07-14 12:33:46.698 V/h       ( 3494): Waiting for task deleteAccount to complete...
07-14 12:33:46.698 V/h       ( 3494): Connected: com.pekall.semail.service.AccountService
07-14 12:33:46.698 D/DB      ( 3494): moveToPos: 0
07-14 12:33:46.705 V/h       ( 3494): Task deleteAccount completed; disconnecting
07-14 12:33:46.705 V/h       ( 3494): Wait for deleteAccount finished in 7ms
07-14 12:33:46.737 D/DB      ( 3494): query: SQLiteQuery: SELECT _id FROM Account
07-14 12:33:46.737 D/DB      ( 3494): factory null
07-14 12:33:46.737 D/DB      ( 3494): fillWindow: 0
07-14 12:33:46.737 D/DB      ( 3494): cursor 1
07-14 12:33:46.744 D/DB      ( 3494): query: SQLiteQuery: SELECT _id FROM Account
07-14 12:33:46.744 D/DB      ( 3494): factory null
07-14 12:33:46.744 D/DB      ( 3494): fillWindow: 0
07-14 12:33:46.744 D/DB      ( 3494): cursor 1
07-14 12:33:46.744 D/DB      ( 3494): moveToPos: 0
07-14 12:33:46.744 D/DB      ( 3494): onMove: 0
07-14 12:33:46.752 D/DB      ( 3494): moveToPos: 1
07-14 12:33:46.752 D/DB      ( 3494): query: SQLiteQuery: SELECT _id FROM HostAuth
07-14 12:33:46.752 D/DB      ( 3494): factory null
07-14 12:33:46.752 D/DB      ( 3494): fillWindow: 0
07-14 12:33:46.752 D/DB      ( 3494): cursor 2
07-14 12:33:46.760 D/DB      ( 3494): moveToPos: 0
07-14 12:33:46.760 D/DB      ( 3494): onMove: 0
07-14 12:33:46.760 D/MDM :   ( 3494): [null:-1]->email_address:zhenhua.sang@pekall.com
07-14 12:33:46.760 D/MDM :   ( 3494): [null:-1]->account_name:zhenhua.sang@pekall.com
07-14 12:33:46.760 D/DB      ( 3494): moveToPos: 1
07-14 12:33:46.760 D/DB      ( 3494): onMove: 1
07-14 12:33:46.768 D/DB      ( 3494): moveToPos: 2
07-14 12:33:46.768 D/DB      ( 3494): query: SQLiteQuery: SELECT _id FROM Policy
07-14 12:33:46.768 D/DB      ( 3494): factory null
07-14 12:33:46.768 D/DB      ( 3494): fillWindow: 0
07-14 12:33:46.768 D/DB      ( 3494): cursor 0
07-14 12:33:46.768 D/DB      ( 3494): moveToPos: 0
07-14 12:33:46.776 D/DB      ( 3494): query: SQLiteQuery: SELECT _id FROM Mailbox WHERE type IN (0,3,6,5,8,4)
07-14 12:33:46.776 D/DB      ( 3494): factory null
07-14 12:33:46.776 D/DB      ( 3494): fillWindow: 0
07-14 12:33:46.776 D/DB      ( 3494): cursor 0
07-14 12:33:46.776 D/DB      ( 3494): moveToPos: 0
07-14 12:33:46.799 D/DB      ( 3494): query: SQLiteQuery: SELECT _id, displayName, emailAddress, syncKey, syncLookback, syncInterval, hostAuthKeyRecv, hostAuthKeySend, flags, isDefault, compatibilityUuid, senderName, ringtoneUri, protocolVersion, newMessageCount, securitySyncKey, signature, policyKey, notifiedMessageId, notifiedMessageCount FROM Account
07-14 12:33:46.799 D/DB      ( 3494): factory null
07-14 12:33:46.799 D/DB      ( 3494): fillWindow: 0
07-14 12:33:46.799 D/DB      ( 3494): cursor 1
07-14 12:33:46.799 E/DB      ( 3494): bind, index: 1, value: 6
07-14 12:33:46.799 D/DB      ( 3494): query: SQLiteQuery: SELECT _id FROM Attachment WHERE (flags & ?) != 0
07-14 12:33:46.799 D/DB      ( 3494): factory null
07-14 12:33:46.799 D/DB      ( 3494): fillWindow: 0
07-14 12:33:46.799 D/DB      ( 3494): cursor 0
07-14 12:33:46.799 D/DB      ( 3494): moveToPos: 0
07-14 12:33:46.799 D/DB      ( 3494): onMove: 0
07-14 12:33:46.799 D/AttachmentService( 3494): Count: 0
07-14 12:33:46.799 D/DB      ( 3494): moveToPos: 0
07-14 12:33:46.807 D/DB      ( 3494): query: SQLiteQuery: SELECT _id FROM Account WHERE flags&1 != 0
07-14 12:33:46.807 D/DB      ( 3494): factory null
07-14 12:33:46.807 D/DB      ( 3494): fillWindow: 0
07-14 12:33:46.807 D/DB      ( 3494): cursor 1
07-14 12:33:46.807 D/DB      ( 3494): moveToPos: 0
07-14 12:33:46.807 D/DB      ( 3494): onMove: 0
07-14 12:33:46.815 D/DB      ( 3494): moveToPos: 1
07-14 12:33:46.854 D/AccountProvision( 3494): Process add new email account: 3
07-14 12:33:46.854 V/AccountProvision( 3494): command add new, add new account.
07-14 12:33:46.869 D/Policy  ( 3494): [null:-1]->Insert new email account item at 'content://com.pekall.semail.provider/accountSettings/3'.
07-14 12:33:46.869 D/Policy  ( 3494): [null:-1]->Insert new email account item at 'PayloadEmail {EmailAccountType=EmailTypePOP, AccountDisplayName=, EmailAccount=Use Device Enrollment credentials, defaultAccount=true, IncomingMailServerHostName=mail.pekall.com, IncomingMailServerPortNumber=995, IncomingMailServerUseSSL=true, acceptAllCertForIncomingMail=true, acceptTLSCertForIncomingMail=true, OutgoingMailServerHostName=mail.pekall.com, OutgoingMailServerPortNumber=25, OutgoingMailServerUseSSL=true, acceptAllCertForOutgoingMail=true, acceptTLSCertForOutgoingMail=true, senderName=, signature=_, PreventMove=true, vibrateOnNewEmail=false, vibrateOnNewEmailIfSilent=false, IncomingPassword=null, OutgoingPassword=null, OutgoingPasswordSameAsIncomingPassword=null, OutgoingMailServerAuthentication=null, OutgoingMailServerUsername=null, PreventAppSheet=null, SMIMEEnabled=null, SMIMESigningCertificateUUID=null, SMIMEEncryptionCertificateUUID=null, disableMailRecentsSyncing=null, IncomingMailServerIMAPPathPrefix=null, EmailAccountDescription=null, EmailAccountName=null, EmailAddress=null, IncomingMailServerAuthentication=null, IncomingMailServerUsername=null}
07-14 12:33:46.885 D/DB      ( 3494): query: SQLiteQuery: SELECT _id, size, fileName, mimeType, accountKey, flags FROM Attachment WHERE contentUri isnull AND flags=0 AND messageKey IN (SELECT _id FROM Message WHERE mailboxKey IN (SELECT _id FROM Mailbox WHERE type = 0) AND flagLoaded IN (2,1)) ORDER BY _id DESC LIMIT 25
07-14 12:33:46.885 D/DB      ( 3494): factory null
07-14 12:33:46.885 D/DB      ( 3494): fillWindow: 0
07-14 12:33:46.893 D/DB      ( 3494): cursor 0
07-14 12:33:46.893 E/DB      ( 3494): bind, index: 1, value: 0
07-14 12:33:46.893 E/DB      ( 3494): bind, index: 2, value: 2
07-14 12:33:46.893 D/DB      ( 3494): moveToPos: 0
07-14 12:33:46.893 D/DB      ( 3494): query: SQLiteQuery: SELECT _id FROM Mailbox WHERE type=? and accountKey=? LIMIT 1
07-14 12:33:46.893 D/DB      ( 3494): factory null
07-14 12:33:46.893 D/DB      ( 3494): fillWindow: 0
07-14 12:33:46.893 D/AttachmentService( 3494): *** All done; shutting down service
07-14 12:33:46.893 D/DB      ( 3494): cursor 0
07-14 12:33:46.901 D/DB      ( 3494): moveToPos: 0
07-14 12:33:46.901 W/Email   ( 3494): Could not load INBOX for account id: 2
07-14 12:33:46.901 D/DB      ( 3494): moveToPos: 1
07-14 12:33:46.940 E/DB      ( 3494): bind, index: 1, value: 2
07-14 12:33:46.940 D/DB      ( 3494): query: SQLiteQuery: SELECT _id FROM Account WHERE _id =?
07-14 12:33:46.940 D/DB      ( 3494): factory null
07-14 12:33:46.940 D/DB      ( 3494): fillWindow: 0
07-14 12:33:46.940 D/DB      ( 3494): cursor 1
07-14 12:33:46.971 D/WifiSetting( 3494): [null:-1]->exist wifiConfig : * ID: 1 SSID: "cmcc-tttt" BSSID: null PRIO: 0
07-14 12:33:46.971 D/WifiSetting( 3494):  KeyMgmt: WPA_PSK Protocols: WPA RSN
07-14 12:33:46.971 D/WifiSetting( 3494):  AuthAlgorithms:
07-14 12:33:46.971 D/WifiSetting( 3494):  PairwiseCiphers: TKIP CCMP
07-14 12:33:46.971 D/WifiSetting( 3494):  GroupCiphers: WEP40 WEP104 TKIP CCMP
07-14 12:33:46.971 D/WifiSetting( 3494):  PSK: *anonymous_identity NULL
07-14 12:33:46.971 D/WifiSetting( 3494): ca_cert NULL
07-14 12:33:46.971 D/WifiSetting( 3494): identity NULL
07-14 12:33:46.971 D/WifiSetting( 3494): phase2 NULL
07-14 12:33:46.971 D/WifiSetting( 3494): engine 0
07-14 12:33:46.971 D/WifiSetting( 3494): client_cert NULL
07-14 12:33:46.971 D/WifiSetting( 3494): eap NULL
07-14 12:33:46.971 D/WifiSetting( 3494): engine_id NULL
07-14 12:33:46.971 D/WifiSetting( 3494): subject_match NULL
07-14 12:33:46.971 D/WifiSetting( 3494): password NULL
07-14 12:33:46.971 D/WifiSetting( 3494): key_id NULL
07-14 12:33:46.971 D/WifiSetting( 3494): 
07-14 12:33:46.971 D/WifiSetting( 3494): IP assignment: DHCP
07-14 12:33:46.971 D/WifiSetting( 3494): Proxy settings: NONE
07-14 12:33:46.971 D/WifiSetting( 3494): {LinkAddresses: []  Routes: [] DnsAddresses: [] Domains: null}
07-14 12:33:46.994 D/WifiSetting( 3494): [null:-1]->wifi config is :ID: -1 SSID: "cmcc-tttt" BSSID: null PRIO: 0
07-14 12:33:46.994 D/WifiSetting( 3494):  KeyMgmt: WPA_PSK Protocols:
07-14 12:33:46.994 D/WifiSetting( 3494):  AuthAlgorithms:
07-14 12:33:46.994 D/WifiSetting( 3494):  PairwiseCiphers:
07-14 12:33:46.994 D/WifiSetting( 3494):  GroupCiphers:
07-14 12:33:46.994 D/WifiSetting( 3494):  PSK: *
07-14 12:33:46.994 D/WifiSetting( 3494): IP assignment: UNASSIGNED
07-14 12:33:46.994 D/WifiSetting( 3494): Proxy settings: UNASSIGNED
07-14 12:33:46.994 D/WifiSetting( 3494): {LinkAddresses: []  Routes: [] DnsAddresses: [] Domains: null}
07-14 12:33:47.002 D/DB      ( 3494): moveToPos: 0
07-14 12:33:47.002 D/DB      ( 3494): onMove: 0
07-14 12:33:47.010 D/DB      ( 3494): moveToPos: 1
07-14 12:33:47.065 D/DB      ( 3494): query: SQLiteQuery: SELECT account_name, account_type, email_address, sender_name, incoming_host_name, incoming_port, incoming_use_ssl, outgoing_host_name, outgoing_port, outgoing_use_ssl FROM account_settings WHERE _id=3
07-14 12:33:47.065 D/DB      ( 3494): factory null
07-14 12:33:47.065 D/DB      ( 3494): fillWindow: 0
07-14 12:33:47.065 D/DB      ( 3494): cursor 1
07-14 12:33:47.065 D/DB      ( 3494): moveToPos: 0
07-14 12:33:47.065 D/DB      ( 3494): onMove: 0
07-14 12:33:47.065 I/AccountProvision( 3494): email address: zhenhua.sang@pekall.com, account type: pop3, display name: zhenhua.sang, sender name: 
07-14 12:33:47.065 D/AccountProvision( 3494): Account type: pop3
07-14 12:33:47.065 V/AccountProvision( 3494): Email protocol: pop3
07-14 12:33:47.073 I/AccountProvision( 3494): incoming server: mail.pekall.com, port: 995, security type: 9, use SSL: true
07-14 12:33:47.073 I/AccountProvision( 3494): outgoing server: mail.pekall.com, port: 25, security type: 0, use SSL: true
07-14 12:33:47.073 I/AccountProvision( 3494): is default: true
07-14 12:33:47.073 I/AccountProvision( 3494): [C] Add account, email: zhenhua.sang@pekall.com, protocol: pop3
07-14 12:33:47.073 I/AccountProvision( 3494): [C] Add account, rece server: mail.pekall.com, port: 995, security type: 9
07-14 12:33:47.073 I/AccountProvision( 3494): [C] Add account, send server: mail.pekall.com, port: 25, security type: 0
07-14 12:33:47.073 V/h       ( 3494): Bind requested for task addAccount
07-14 12:33:47.073 V/h       ( 3494): Connected: com.pekall.semail.service.AccountService
07-14 12:33:47.080 V/h       ( 3494): Waiting for task addAccount to complete...
07-14 12:33:47.080 D/DB      ( 3494): query: SQLiteQuery: SELECT _id FROM Account WHERE flags&1 != 0
07-14 12:33:47.080 D/DB      ( 3494): factory null
07-14 12:33:47.080 I/AccountService( 3494): [S] Add account, email: zhenhua.sang@pekall.com, protocol: pop3
07-14 12:33:47.080 I/AccountService( 3494): [S] Add account, rece server: mail.pekall.com, port: 995, security type: 9
07-14 12:33:47.080 I/AccountService( 3494): [S] Add account, send server: mail.pekall.com, port: 25, security type: 0
07-14 12:33:47.080 D/Email   ( 3494): Host auth recv id: 0
07-14 12:33:47.080 D/Email   ( 3494): Valid Host auth recv? true
07-14 12:33:47.080 D/AccountService( 3494): Set receiving login account: pekall_login_user_holder_to_be_updated/pekall_login_password_holder_to_be_updated
07-14 12:33:47.080 W/AccountService( 3494): Smtp port should be: 587
07-14 12:33:47.080 D/Email   ( 3494): Host auth send id: 0
07-14 12:33:47.080 D/Email   ( 3494): Valid Host auth send? true
07-14 12:33:47.080 D/AccountService( 3494): Set sending login account: pekall_login_user_holder_to_be_updated/pekall_login_password_holder_to_be_updated
07-14 12:33:47.080 D/DB      ( 3494): fillWindow: 0
07-14 12:33:47.088 W/AccountService( 3494): There's already one account provisioned.
07-14 12:33:47.088 D/Email   ( 3494): Valid Host auth recv? true
07-14 12:33:47.088 D/Email   ( 3494): Host auth recv id: 3
07-14 12:33:47.088 D/DB      ( 3494): cursor 1
07-14 12:33:47.096 D/Email   ( 3494): Valid Host auth recv? true
07-14 12:33:47.096 D/Email   ( 3494): Valid Host auth send? true
07-14 12:33:47.096 D/Email   ( 3494): Host auth send id: 4
07-14 12:33:47.096 D/Email   ( 3494): Valid Host auth send? true
07-14 12:33:47.096 V/AccountService( 3494): Compare exist account and new account, name equals? true, recv equals? true, send equals? true
07-14 12:33:47.096 V/AccountService( 3494): New account is same with the exist one, do not change.
07-14 12:33:47.112 D/DB      ( 3494): moveToPos: 0
07-14 12:33:47.112 D/DB      ( 3494): query: SQLiteQuery: SELECT _id, protocol, address, port, flags, login, password, domain, certAlias FROM HostAuth WHERE _id=5
07-14 12:33:47.112 D/DB      ( 3494): factory null
07-14 12:33:47.112 D/DB      ( 3494): fillWindow: 0
07-14 12:33:47.112 D/DB      ( 3494): cursor 1
07-14 12:33:47.112 D/DB      ( 3494): moveToPos: 0
07-14 12:33:47.119 D/DB      ( 3494): onMove: 0
07-14 12:33:47.119 D/DB      ( 3494): query: SQLiteQuery: SELECT _id, protocol, address, port, flags, login, password, domain, certAlias FROM HostAuth WHERE _id=6
07-14 12:33:47.119 D/DB      ( 3494): factory null
07-14 12:33:47.127 D/DB      ( 3494): fillWindow: 0
07-14 12:33:47.127 D/DB      ( 3494): cursor 1
07-14 12:33:47.127 D/DB      ( 3494): moveToPos: 0
07-14 12:33:47.127 D/DB      ( 3494): onMove: 0
07-14 12:33:47.127 D/DB      ( 3494): query: SQLiteQuery: SELECT _id FROM Account
07-14 12:33:47.127 D/DB      ( 3494): factory null
07-14 12:33:47.127 D/DB      ( 3494): fillWindow: 0
07-14 12:33:47.127 D/DB      ( 3494): cursor 1
07-14 12:33:47.135 D/DB      ( 3494): onMove: 0
07-14 12:33:47.135 D/DB      ( 3494): moveToPos: 0
07-14 12:33:47.135 D/DB      ( 3494): onMove: 0
07-14 12:33:47.143 D/DB      ( 3494): moveToPos: 1
07-14 12:33:47.143 D/DB      ( 3494): moveToPos: 1
07-14 12:33:47.151 D/DB      ( 3494): query: SQLiteQuery: SELECT _id, displayName, emailAddress, syncKey, syncLookback, syncInterval, hostAuthKeyRecv, hostAuthKeySend, flags, isDefault, compatibilityUuid, senderName, ringtoneUri, protocolVersion, newMessageCount, securitySyncKey, signature, policyKey, notifiedMessageId, notifiedMessageCount FROM Account WHERE _id=3
07-14 12:33:47.151 D/DB      ( 3494): factory null
07-14 12:33:47.151 D/DB      ( 3494): fillWindow: 0
07-14 12:33:47.151 D/DB      ( 3494): cursor 1
07-14 12:33:47.151 D/DB      ( 3494): moveToPos: 0
07-14 12:33:47.151 D/DB      ( 3494): onMove: 0
07-14 12:33:47.182 D/WifiSetting( 3494): [null:-1]->add netId : 1, autoJoin:false, result : true
07-14 12:33:47.221 V/AccountService( 3494): [SERVICE] adding new account, type: pop3, result: true
07-14 12:33:47.229 D/DB      ( 3494): query: SQLiteQuery: SELECT _id FROM Account
07-14 12:33:47.229 D/DB      ( 3494): factory null
07-14 12:33:47.229 V/h       ( 3494): Task addAccount completed; disconnecting
07-14 12:33:47.229 D/DB      ( 3494): fillWindow: 0
07-14 12:33:47.229 V/h       ( 3494): Wait for addAccount finished in 151ms
07-14 12:33:47.229 I/AccountProvision( 3494): [C] Add account, result: true
07-14 12:33:47.229 D/DB      ( 3494): cursor 2
07-14 12:33:47.237 E/DB      ( 3494): bind, index: 1, value: 2
07-14 12:33:47.237 D/DB      ( 3494): query: SQLiteQuery: SELECT _id FROM Mailbox WHERE accountKey=?
07-14 12:33:47.237 D/DB      ( 3494): factory null
07-14 12:33:47.237 D/DB      ( 3494): fillWindow: 0
07-14 12:33:47.237 D/DB      ( 3494): cursor 0
07-14 12:33:47.244 D/DB      ( 3494): query: SQLiteQuery: SELECT _id FROM Account
07-14 12:33:47.244 D/DB      ( 3494): factory null
07-14 12:33:47.244 D/DB      ( 3494): fillWindow: 0
07-14 12:33:47.252 D/DB      ( 3494): cursor 2
07-14 12:33:47.252 D/DB      ( 3494): moveToPos: 0
07-14 12:33:47.252 D/DB      ( 3494): onMove: 0
07-14 12:33:47.252 D/DB      ( 3494): moveToPos: 1
07-14 12:33:47.252 D/DB      ( 3494): onMove: 1
07-14 12:33:47.252 D/DB      ( 3494): moveToPos: 2
07-14 12:33:47.260 D/DB      ( 3494): query: SQLiteQuery: SELECT _id FROM HostAuth
07-14 12:33:47.260 D/DB      ( 3494): factory null
07-14 12:33:47.260 D/DB      ( 3494): fillWindow: 0
07-14 12:33:47.260 D/DB      ( 3494): cursor 4
07-14 12:33:47.260 D/DB      ( 3494): moveToPos: 0
07-14 12:33:47.260 D/DB      ( 3494): onMove: 0
07-14 12:33:47.260 D/DB      ( 3494): moveToPos: 1
07-14 12:33:47.260 D/DB      ( 3494): onMove: 1
07-14 12:33:47.268 D/DB      ( 3494): moveToPos: 2
07-14 12:33:47.268 D/DB      ( 3494): onMove: 2
07-14 12:33:47.268 D/DB      ( 3494): moveToPos: 3
07-14 12:33:47.268 D/DB      ( 3494): onMove: 3
07-14 12:33:47.268 D/DB      ( 3494): moveToPos: 4
07-14 12:33:47.276 D/DB      ( 3494): query: SQLiteQuery: SELECT _id FROM Policy
07-14 12:33:47.276 D/DB      ( 3494): factory null
07-14 12:33:47.276 D/DB      ( 3494): fillWindow: 0
07-14 12:33:47.276 D/DB      ( 3494): cursor 0
07-14 12:33:47.276 D/DB      ( 3494): moveToPos: 0
07-14 12:33:47.276 D/DB      ( 3494): query: SQLiteQuery: SELECT _id FROM Mailbox WHERE type IN (0,3,6,5,8,4)
07-14 12:33:47.276 D/DB      ( 3494): factory null
07-14 12:33:47.276 D/DB      ( 3494): fillWindow: 0
07-14 12:33:47.276 D/DB      ( 3494): cursor 0
07-14 12:33:47.283 D/DB      ( 3494): moveToPos: 0
07-14 12:33:47.307 D/ProfileManager( 3494): [null:-1]->get policy, payloadBase:PayloadPasswordPolicy{allowSimple=null, forcePIN=true, maxFailedAttempts=null, maxInactivity=0.25, maxPINAgeInDays=null, minComplexChars=null, minLength=7, requireAlphanumeric=null, pinHistory=null, maxGracePeriod=null, quality='numeric'}
07-14 12:33:47.323 E/DB      ( 3494): bind, index: 1, value: 0
07-14 12:33:47.323 E/DB      ( 3494): bind, index: 2, value: 2
07-14 12:33:47.323 D/DB      ( 3494): query: SQLiteQuery: SELECT _id FROM Mailbox WHERE type=? and accountKey=? LIMIT 1
07-14 12:33:47.323 D/DB      ( 3494): factory null
07-14 12:33:47.323 D/DB      ( 3494): fillWindow: 0
07-14 12:33:47.323 D/DB      ( 3494): cursor 0
07-14 12:33:47.323 D/DB      ( 3494): query: SQLiteQuery: SELECT _id FROM Account
07-14 12:33:47.330 D/DB      ( 3494): factory null
07-14 12:33:47.330 D/DB      ( 3494): fillWindow: 0
07-14 12:33:47.330 D/DB      ( 3494): moveToPos: 0
07-14 12:33:47.330 D/DB      ( 3494): cursor 2
07-14 12:33:47.330 D/DB      ( 3494): moveToPos: 0
07-14 12:33:47.330 W/Email   ( 3494): Could not load INBOX for account id: 2
07-14 12:33:47.354 D/ProfileManager( 3494): [null:-1]->get policy, payloadBase:PayloadBase{PayloadType='com.pekall.wifi.setting', PayloadVersion=1, PayloadIdentifier='com.pekall.profile.policy.wifi.setting', PayloadUUID='9ddbd581-ab14-45b1-8939-40e3717a07ba', PayloadDisplayName='wifi', PayloadDescription='wifi', PayloadOrganization='Pekall Capital', PayloadStatus='null'}
07-14 12:33:47.362 D/DB      ( 3494): query: SQLiteQuery: SELECT _id, displayName, emailAddress, syncKey, syncLookback, syncInterval, hostAuthKeyRecv, hostAuthKeySend, flags, isDefault, compatibilityUuid, senderName, ringtoneUri, protocolVersion, newMessageCount, securitySyncKey, signature, policyKey, notifiedMessageId, notifiedMessageCount FROM Account
07-14 12:33:47.362 D/DB      ( 3494): factory null
07-14 12:33:47.362 D/DB      ( 3494): fillWindow: 0
07-14 12:33:47.362 D/DB      ( 3494): cursor 2
07-14 12:33:47.369 E/DB      ( 3494): bind, index: 1, value: 6
07-14 12:33:47.369 D/DB      ( 3494): query: SQLiteQuery: SELECT _id FROM Attachment WHERE (flags & ?) != 0
07-14 12:33:47.369 D/DB      ( 3494): factory null
07-14 12:33:47.369 D/DB      ( 3494): fillWindow: 0
07-14 12:33:47.369 D/DB      ( 3494): cursor 0
07-14 12:33:47.369 D/AttachmentService( 3494): Count: 0
07-14 12:33:47.369 D/DB      ( 3494): moveToPos: 0
07-14 12:33:47.377 D/DB      ( 3494): moveToPos: 0
07-14 12:33:47.377 D/DB      ( 3494): onMove: 0
07-14 12:33:47.377 D/DB      ( 3494): moveToPos: 1
07-14 12:33:47.377 D/DB      ( 3494): onMove: 1
07-14 12:33:47.385 D/DB      ( 3494): moveToPos: 2
07-14 12:33:47.416 D/DB      ( 3494): query: SQLiteQuery: SELECT _id FROM Account WHERE flags&1 != 0
07-14 12:33:47.416 D/DB      ( 3494): factory null
07-14 12:33:47.416 D/DB      ( 3494): fillWindow: 0
07-14 12:33:47.416 D/ProfileManager( 3494): [null:-1]->get policy, payloadBase:PayloadSecurityPolicy{enforceEncryption=false, enforceSDCardEncryption=false, allowSDCard=true, allowSDCardWrite=true, disableKeyguardFeatures='none', allowNonGoogleApp='user controlled', enforceAppVerify='user controlled', allowScreenCapture=true, allowClipboard=true, backupMyData='user controlled', automaticRestore='user controlled', visiblePasswords='user controlled', allowUSBDebugging=true, allowGoogleCrashReport=true, allowFactoryReset=true, allowOTAUpgrade=true}
07-14 12:33:47.416 D/DB      ( 3494): cursor 2
07-14 12:33:47.424 D/DB      ( 3494): moveToPos: 0
07-14 12:33:47.424 D/DB      ( 3494): onMove: 0
07-14 12:33:47.424 D/DB      ( 3494): moveToPos: 1
07-14 12:33:47.424 D/DB      ( 3494): onMove: 1
07-14 12:33:47.424 D/DB      ( 3494): moveToPos: 2
07-14 12:33:47.440 D/DB      ( 3494): query: SQLiteQuery: SELECT _id FROM Account
07-14 12:33:47.440 D/DB      ( 3494): factory null
07-14 12:33:47.440 D/DB      ( 3494): fillWindow: 0
07-14 12:33:47.440 D/DB      ( 3494): cursor 1
07-14 12:33:47.440 D/DB      ( 3494): moveToPos: 0
07-14 12:33:47.440 D/DB      ( 3494): onMove: 0
07-14 12:33:47.440 D/DB      ( 3494): query: SQLiteQuery: SELECT _id, displayName, emailAddress, syncKey, syncLookback, syncInterval, hostAuthKeyRecv, hostAuthKeySend, flags, isDefault, compatibilityUuid, senderName, ringtoneUri, protocolVersion, newMessageCount, securitySyncKey, signature, policyKey, notifiedMessageId, notifiedMessageCount FROM Account WHERE _id=3
07-14 12:33:47.440 D/DB      ( 3494): factory null
07-14 12:33:47.440 D/DB      ( 3494): fillWindow: 0
07-14 12:33:47.440 D/DB      ( 3494): cursor 1
07-14 12:33:47.440 D/DB      ( 3494): moveToPos: 0
07-14 12:33:47.440 D/DB      ( 3494): onMove: 0
07-14 12:33:47.440 D/DB      ( 3494): moveToPos: 1
07-14 12:33:47.448 D/DB      ( 3494): query: SQLiteQuery: SELECT _id FROM HostAuth
07-14 12:33:47.448 D/DB      ( 3494): factory null
07-14 12:33:47.448 D/DB      ( 3494): fillWindow: 0
07-14 12:33:47.448 D/DB      ( 3494): cursor 2
07-14 12:33:47.448 D/DB      ( 3494): moveToPos: 0
07-14 12:33:47.448 D/DB      ( 3494): onMove: 0
07-14 12:33:47.448 D/DB      ( 3494): query: SQLiteQuery: SELECT _id, protocol, address, port, flags, login, password, domain, certAlias FROM HostAuth WHERE _id=5
07-14 12:33:47.448 D/DB      ( 3494): factory null
07-14 12:33:47.448 D/DB      ( 3494): fillWindow: 0
07-14 12:33:47.448 D/DB      ( 3494): cursor 1
07-14 12:33:47.448 D/DB      ( 3494): moveToPos: 0
07-14 12:33:47.448 D/DB      ( 3494): onMove: 0
07-14 12:33:47.455 D/DB      ( 3494): moveToPos: 1
07-14 12:33:47.455 D/DB      ( 3494): onMove: 1
07-14 12:33:47.455 D/DB      ( 3494): query: SQLiteQuery: SELECT _id, protocol, address, port, flags, login, password, domain, certAlias FROM HostAuth WHERE _id=6
07-14 12:33:47.455 D/DB      ( 3494): factory null
07-14 12:33:47.455 D/DB      ( 3494): fillWindow: 0
07-14 12:33:47.455 D/DB      ( 3494): cursor 1
07-14 12:33:47.455 D/DB      ( 3494): moveToPos: 0
07-14 12:33:47.455 D/DB      ( 3494): onMove: 0
07-14 12:33:47.455 D/DB      ( 3494): moveToPos: 2
07-14 12:33:47.463 D/DB      ( 3494): query: SQLiteQuery: SELECT _id FROM Policy
07-14 12:33:47.463 D/DB      ( 3494): factory null
07-14 12:33:47.463 D/DB      ( 3494): fillWindow: 0
07-14 12:33:47.463 D/DB      ( 3494): cursor 0
07-14 12:33:47.463 D/DB      ( 3494): moveToPos: 0
07-14 12:33:47.463 D/DB      ( 3494): query: SQLiteQuery: SELECT _id FROM Mailbox WHERE type IN (0,3,6,5,8,4)
07-14 12:33:47.471 D/DB      ( 3494): factory null
07-14 12:33:47.471 D/DB      ( 3494): fillWindow: 0
07-14 12:33:47.471 D/DB      ( 3494): cursor 0
