07-14 12:29:31.369 W/MountService(  374): getVolumeState(/mnt/extSdCard): Unknown volume
07-14 12:29:31.369 W/MountService(  374): getVolumeState(/mnt/sdcard/SD_CARD): Unknown volume
07-14 12:29:31.377 W/MountService(  374): getVolumeState(/mnt/sdcard/extra_sd): Unknown volume
07-14 12:29:31.377 W/MountService(  374): getVolumeState(/mnt/extrasd_bind): Unknown volume
07-14 12:29:31.385 W/MountService(  374): getVolumeState(/mnt/sdcard/ext_sd): Unknown volume
07-14 12:29:31.393 W/MountService(  374): getVolumeState(/storage/extSdCard): Unknown volume
07-14 12:29:31.393 W/MountService(  374): getVolumeState(/storage/sdcard1): Unknown volume
07-14 12:29:31.393 W/MountService(  374): getVolumeState(/mnt/sdcard/external_SD): Unknown volume
07-14 12:29:31.393 W/MountService(  374): getVolumeState(/mnt/sdcard/external_sd): Unknown volume
07-14 12:29:31.963 I/ActivityManager(  374): START u0 {cmp=com.pekall.emdm/.market.activity.AppListActivity} from pid 3494
07-14 12:29:32.119 W/ActivityManager(  374): Unable to start service Intent { act=com.google.android.gms.analytics.service.START (has extras) } U=0: not found
07-14 12:29:37.119 W/ActivityManager(  374): Unable to start service Intent { act=com.google.android.gms.analytics.service.START (has extras) } U=0: not found
07-14 12:29:46.744 W/PackageManager(  374): Invalid verification token 1 received
07-14 12:29:48.119 I/PowerManagerService(  374): Going to sleep due to screen timeout...
07-14 12:29:49.026 I/WindowManager(  374): Screenshot Window{42ba5160 u0 com.pekall.emdm/com.pekall.emdm.market.activity.AppListActivity} was all black! mSurfaceLayer=21015 minLayer=21000 maxLayer=21015
07-14 12:29:49.424 D/PhoneStatusBar(  450): disable: < expand icons alerts ticker system_info back home RECENT* clock search >
07-14 12:29:49.588 D/PhoneStatusBar(  450): disable: < expand icons alerts ticker system_info BACK* HOME* RECENT CLOCK* search >
--------- beginning of /dev/log/main
07-14 12:29:57.799 D/DB      ( 3494): query: SQLiteQuery: SELECT content, command_status, status FROM command WHERE status!=2
07-14 12:29:57.807 D/DB      ( 3494): factory null
07-14 12:29:57.807 D/DB      ( 3494): fillWindow: 0
07-14 12:29:57.807 D/DB      ( 3494): cursor 0
07-14 12:29:57.807 D/DB      ( 3494): moveToPos: 0
07-14 12:29:57.807 I/TransInfo( 3494): TransInfo created, id: 3, class: class com.pekall.emdm.transaction.b.c
07-14 12:29:57.807 D/NetworkThread( 3494): [null:-1]->----isRunning-----true
07-14 12:29:57.807 D/NetworkThread( 3494): [null:-1]->----isRunning-----true
07-14 12:29:57.807 D/NetworkThread( 3494): [null:-1]->thread wakeup
07-14 12:29:57.823 D/HttpClient( 3494): enable apache.http debug
07-14 12:29:57.830 V/DEBUG   ( 3494): HTTP 0
07-14 12:29:58.619 V/DEBUG   ( 3494): HTTP 1
07-14 12:29:58.635 D/MDM :   ( 3494): [null:-1]->read network input stream
07-14 12:29:58.643 D/CheckInTransInfo( 3494): [null:-1]->CommandMsg : CommandMsg{CommandUUID='8a80888e4732aed501473322629306cb', Command=CommandRemoveDocument{DocumentType='Normal', DocumentUUID='8a80888c46c806620146c86dfaab0585'} CommandObject{RequestType='RemoveDocument'}}
07-14 12:29:58.643 D/DB      ( 3494): query: SQLiteQuery: SELECT * FROM command WHERE cmd_uuid='8a80888e4732aed501473322629306cb'
07-14 12:29:58.643 D/DB      ( 3494): factory null
07-14 12:29:58.643 D/DB      ( 3494): fillWindow: 0
07-14 12:29:58.651 D/DB      ( 3494): cursor 0
07-14 12:29:58.690 D/NetworkThread( 3494): [null:-1]->queue is empty, thread wait...
07-14 12:29:58.799 D/MdmService( 3494): [null:-1]->handleCheckInResult
07-14 12:29:58.799 D/MdmService( 3494): [null:-1]->handleCheckInResult result keyIndex: 3
07-14 12:29:58.799 D/CommandManager( 3494): [null:-1]->execute command: CommandMsg{CommandUUID='8a80888e4732aed501473322629306cb', Command=CommandRemoveDocument{DocumentType='Normal', DocumentUUID='8a80888c46c806620146c86dfaab0585'} CommandObject{RequestType='RemoveDocument'}}
07-14 12:29:58.799 D/DownLoadDocService( 3494): [null:-1]->action is  com.pekall.emdm.action.DELETEDOC
07-14 12:29:58.807 D/DB      ( 3494): query: SQLiteQuery: SELECT _id, name, display_name, description, version, extension, mime_type, size, created_date, modified_date, accessed_date, valid_date, encrypted, read, allow_unauthorized, reported, server_url, auto_sync, is_favorite, is_locked, is_visible, is_deleted, sort, source, storage_key, path FROM contents WHERE (server_url='8a80888c46c806620146c86dfaab0585')
07-14 12:29:58.807 D/DB      ( 3494): factory null
07-14 12:29:58.807 D/DB      ( 3494): fillWindow: 0
07-14 12:29:58.823 D/DB      ( 3494): cursor 0
07-14 12:29:58.862 D/DB      ( 3494): query: SQLiteQuery: SELECT * FROM doc WHERE browseStatus = 0 AND type = 'Normal'
07-14 12:29:58.862 D/DB      ( 3494): factory null
07-14 12:29:58.862 D/DB      ( 3494): fillWindow: 0
07-14 12:29:58.862 D/DB      ( 3494): cursor 0
07-14 12:29:58.862 E/Mdm     ( 3494): Call Mdm service's recordIconCount function
07-14 12:29:58.869 I/TransInfo( 3494): TransInfo created, id: 3, class: class com.pekall.emdm.transaction.b.c
07-14 12:29:58.869 D/NetworkThread( 3494): [null:-1]->----isRunning-----true
07-14 12:29:58.869 D/NetworkThread( 3494): [null:-1]->----isRunning-----true
07-14 12:29:58.869 D/NetworkThread( 3494): [null:-1]->thread wakeup
07-14 12:29:58.869 D/HttpClient( 3494): enable apache.http debug
07-14 12:29:58.877 V/DEBUG   ( 3494): HTTP 0
07-14 12:29:59.838 V/DEBUG   ( 3494): HTTP 1
07-14 12:29:59.838 D/MdmDatabaseHelper( 3494): [null:-1]->update command 8a80888e4732aed501473322629306cb to status executed
07-14 12:29:59.869 D/NetworkThread( 3494): [null:-1]->queue is empty, thread wait...
07-14 12:29:59.940 D/MdmService( 3494): [null:-1]->handleCheckInResult
07-14 12:29:59.940 D/MdmService( 3494): [null:-1]->handleCheckInResult result keyIndex: 3
07-14 12:29:59.948 D/HandleCommandTask( 3494): [null:-1]->execute command msg but beanBase is null
07-14 12:29:59.948 D/MdmStatusManager( 3494): [null:-1]->change status to : Idle
07-14 12:30:01.166 V/DigitalWidgetViewsFactory( 2502): DigitalWidget sets next alarm string to null
07-14 12:30:08.807 D/AndroidRuntime( 7068): 
07-14 12:30:08.807 D/AndroidRuntime( 7068): >>>>>> AndroidRuntime START com.android.internal.os.RuntimeInit <<<<<<
07-14 12:30:08.807 D/AndroidRuntime( 7068): CheckJNI is OFF
07-14 12:30:08.823 D/dalvikvm( 7068): Trying to load lib libjavacore.so 0x0
07-14 12:30:08.838 D/dalvikvm( 7068): Added shared lib libjavacore.so 0x0
07-14 12:30:08.854 D/dalvikvm( 7068): Trying to load lib libnativehelper.so 0x0
07-14 12:30:08.854 D/dalvikvm( 7068): Added shared lib libnativehelper.so 0x0
07-14 12:30:09.073 D/AndroidRuntime( 7068): Calling main entry com.android.commands.uiautomator.Launcher
07-14 12:30:09.112 E/UiDevice( 7068): Exceuting watcher: ANRWatcher
07-14 12:30:09.112 E/UiDevice( 7068): java.lang.RuntimeException: UiDevice not initialized
07-14 12:30:09.112 E/UiDevice( 7068): 	at com.android.uiautomator.core.UiDevice.getAutomatorBridge(UiDevice.java:87)
07-14 12:30:09.112 E/UiDevice( 7068): 	at com.android.uiautomator.core.UiDevice.wakeUp(UiDevice.java:719)
07-14 12:30:09.112 E/UiDevice( 7068): 	at com.pekall.test.mdmui.util.UiANRWatcher.checkForCondition(UiANRWatcher.java:23)
07-14 12:30:09.112 E/UiDevice( 7068): 	at com.android.uiautomator.core.UiDevice.runWatchers(UiDevice.java:554)
07-14 12:30:09.112 E/UiDevice( 7068): 	at com.pekall.test.mdmui.util.UiANRWatcher.run(UiANRWatcher.java:41)
07-14 12:30:09.112 E/UiDevice( 7068): 	at com.pekall.test.mdmui.Document.<clinit>(Document.java:25)
07-14 12:30:09.112 E/UiDevice( 7068): 	at java.lang.Class.newInstanceImpl(Native Method)
07-14 12:30:09.112 E/UiDevice( 7068): 	at java.lang.Class.newInstance(Class.java:1130)
07-14 12:30:09.112 E/UiDevice( 7068): 	at com.android.uiautomator.testrunner.TestCaseCollector.addSingleTestMethod(TestCaseCollector.java:110)
07-14 12:30:09.112 E/UiDevice( 7068): 	at com.android.uiautomator.testrunner.TestCaseCollector.addTestClass(TestCaseCollector.java:86)
07-14 12:30:09.112 E/UiDevice( 7068): 	at com.android.uiautomator.testrunner.TestCaseCollector.addTestClass(TestCaseCollector.java:72)
07-14 12:30:09.112 E/UiDevice( 7068): 	at com.android.uiautomator.testrunner.TestCaseCollector.addTestClasses(TestCaseCollector.java:53)
07-14 12:30:09.112 E/UiDevice( 7068): 	at com.android.uiautomator.testrunner.UiAutomatorTestRunner.start(UiAutomatorTestRunner.java:106)
07-14 12:30:09.112 E/UiDevice( 7068): 	at com.android.uiautomator.testrunner.UiAutomatorTestRunner.run(UiAutomatorTestRunner.java:96)
07-14 12:30:09.112 E/UiDevice( 7068): 	at com.android.commands.uiautomator.RunTestCommand.run(RunTestCommand.java:91)
07-14 12:30:09.112 E/UiDevice( 7068): 	at com.android.commands.uiautomator.Launcher.main(Launcher.java:83)
07-14 12:30:09.112 E/UiDevice( 7068): 	at com.android.internal.os.RuntimeInit.nativeFinishInit(Native Method)
07-14 12:30:09.112 E/UiDevice( 7068): 	at com.android.internal.os.RuntimeInit.main(RuntimeInit.java:235)
07-14 12:30:09.112 E/UiDevice( 7068): 	at dalvik.system.NativeStart.main(Native Method)
07-14 12:30:09.127 D/dalvikvm( 7068): Note: class Landroid/app/ActivityManagerNative; has 163 unimplemented (abstract) methods
07-14 12:30:09.182 I/PowerManagerService(  374): Waking up from sleep...
07-14 12:30:09.291 I/WindowManager(  374): Lock screen displayed!
07-14 12:30:09.455 V/DigitalWidgetViewsFactory( 2502): DigitalWidget sets next alarm string to null
07-14 12:30:09.580 D/PowerManagerService-JNI(  374): Excessive delay in autosuspend_disable() while turning screen on: 375ms
07-14 12:30:09.604 D/SurfaceFlinger(  124): Screen acquired, type=0 flinger=0x41e1a478
07-14 12:30:09.737 D/SurfaceControl(  374): Excessive delay in unblankDisplay() while turning screen on: 152ms
07-14 12:30:09.862 D/AndroidRuntime( 7086): 
07-14 12:30:09.862 D/AndroidRuntime( 7086): >>>>>> AndroidRuntime START com.android.internal.os.RuntimeInit <<<<<<
07-14 12:30:09.862 D/AndroidRuntime( 7086): CheckJNI is OFF
07-14 12:30:09.869 D/dalvikvm( 7086): Trying to load lib libjavacore.so 0x0
07-14 12:30:09.877 D/dalvikvm( 7086): Added shared lib libjavacore.so 0x0
07-14 12:30:09.901 D/dalvikvm( 7086): Trying to load lib libnativehelper.so 0x0
07-14 12:30:09.901 D/dalvikvm( 7086): Added shared lib libnativehelper.so 0x0
07-14 12:30:09.932 D/dalvikvm( 5782): GC_CONCURRENT freed 476K, 7% free 9112K/9712K, paused 13ms+3ms, total 388ms
07-14 12:30:09.994 D/LightsService(  374): Excessive delay setting light: 151ms
07-14 12:30:10.174 D/AndroidRuntime( 7086): Calling main entry com.qihoo360.powerctl.root.app.App
07-14 12:30:10.174 D/AndroidRuntime( 7086): Shutting down VM
07-14 12:30:10.182 D/dalvikvm( 7086): GC_CONCURRENT freed 114K, 22% free 467K/592K, paused 0ms+0ms, total 4ms
07-14 12:30:10.182 I/AndroidRuntime( 7086): NOTE: attach of thread 'Binder_1' failed
07-14 12:30:11.018 I/QueryController( 7068): Matched selector: UiSelector[DESCRIPTION=] <<==>> [android.view.accessibility.AccessibilityNodeInfo@1965a5; boundsInParent: Rect(0, 0 - 720, 756); boundsInScreen: Rect(0, 547 - 720, 1303); packageName: android; className: android.view.View; text: null; contentDescription: ; viewIdResName: android:id/glow_pad_view; checkable: false; checked: false; focusable: false; focused: false; selected: false; clickable: false; longClickable: false; enabled: true; password: false; scrollable: false; [ACTION_SELECT, ACTION_CLEAR_SELECTION, ACTION_ACCESSIBILITY_FOCUS, ACTION_NEXT_AT_MOVEMENT_GRANULARITY, ACTION_PREVIOUS_AT_MOVEMENT_GRANULARITY, ACTION_SET_SELECTION]]
07-14 12:30:11.033 W/GlowPadView(  374): The number of target drawables must be equal to the number of direction descriptions.
07-14 12:30:11.338 D/MdmApplication( 3494): [null:-1]->onActivityStarted market.activity.AppListActivity , mActivityCount = 1
07-14 12:30:11.338 D/MDM :   ( 3494): [null:-1]->query
07-14 12:30:11.338 D/MDM :   ( 3494): [null:-1]->QUERY_PINCODE_CHECK_RESULT
07-14 12:30:11.346 D/PhoneStatusBar(  450): disable: < expand icons alerts ticker system_info BACK HOME recent* CLOCK search >
07-14 12:30:11.362 D/NfcService(  582): NFC-C ON
07-14 12:30:11.432 D/PhoneStatusBar(  450): disable: < expand icons alerts ticker system_info back* home* recent clock* search >
07-14 12:30:11.432 W/InputMethodManagerService(  374): Window already focused, ignoring focus gain of: com.android.internal.view.IInputMethodClient$Stub$Proxy@42ba2730 attribute=android.view.inputmethod.EditorInfo@4313fce8, token = android.os.BinderProxy@430708b8
07-14 12:30:11.682 D/dalvikvm( 1052): GC_CONCURRENT freed 718K, 11% free 10000K/11168K, paused 11ms+10ms, total 114ms
07-14 12:30:11.768 I/RootJni ( 7109): su: permission denied
07-14 12:30:11.869 V/TAG     (  374): bug 7643792: fitSystemWindows([0,50][0,0])
07-14 12:30:11.932 D/AndroidRuntime( 7108): 
07-14 12:30:11.932 D/AndroidRuntime( 7108): >>>>>> AndroidRuntime START com.android.internal.os.RuntimeInit <<<<<<
07-14 12:30:11.932 D/AndroidRuntime( 7108): CheckJNI is OFF
07-14 12:30:11.940 D/dalvikvm( 7108): Trying to load lib libjavacore.so 0x0
07-14 12:30:11.948 D/dalvikvm( 7108): Added shared lib libjavacore.so 0x0
07-14 12:30:11.963 D/dalvikvm( 7108): Trying to load lib libnativehelper.so 0x0
07-14 12:30:11.963 D/dalvikvm( 7108): Added shared lib libnativehelper.so 0x0
07-14 12:30:12.158 I/ActivityManager(  374): START u0 {act=android.intent.action.MAIN cat=[android.intent.category.HOME] flg=0x10200000 cmp=com.android.launcher/com.android.launcher2.Launcher} from pid 374
07-14 12:30:12.166 D/MdmApplication( 3494): [null:-1]->onActivityPaused market.activity.AppListActivity , mActivityCount = 2
07-14 12:30:12.166 D/MDM :   ( 3494): [null:-1]->query
07-14 12:30:12.166 D/MDM :   ( 3494): [null:-1]->QUERY_PINCODE_CHECK_RESULT
07-14 12:30:12.174 E/Mdm     ( 3494): Call Mdm service's setLastExitTime function
07-14 12:30:12.276 D/AndroidRuntime( 7108): Calling main entry com.qihoo360.powerctl.root.app.App
07-14 12:30:12.283 D/AndroidRuntime( 7108): Shutting down VM
07-14 12:30:12.291 D/dalvikvm( 7108): GC_CONCURRENT freed 115K, 22% free 467K/592K, paused 0ms+0ms, total 4ms
07-14 12:30:12.307 D/dalvikvm(  450): GC_FOR_ALLOC freed 644K, 9% free 13877K/15172K, paused 68ms, total 68ms
07-14 12:30:12.549 D/dalvikvm(  636): GC_CONCURRENT freed 1118K, 11% free 12702K/14220K, paused 4ms+6ms, total 97ms
07-14 12:30:12.979 W/ResourceType(  595): No known package when getting name for resource number 0x9c020000
07-14 12:30:12.979 W/ResourceType(  595): No known package when getting name for resource number 0x9c020002
07-14 12:30:13.026 W/ResourceType(  595): No known package when getting name for resource number 0x9b000000
07-14 12:30:13.026 W/ResourceType(  595): No known package when getting name for resource number 0x9b010100
07-14 12:30:13.026 W/ResourceType(  595): No known package when getting name for resource number 0x9b030300
07-14 12:30:13.026 W/ResourceType(  595): No known package when getting name for resource number 0x9b040400
07-14 12:30:13.026 I/QueryController( 7068): Matched selector: UiSelector[DESCRIPTION=, PACKAGE NAME=com.android.launcher] <<==>> [android.view.accessibility.AccessibilityNodeInfo@1fe6e; boundsInParent: Rect(524232, 0 - 524360, 128); boundsInScreen: Rect(296, 1040 - 424, 1168); packageName: com.android.launcher; className: android.widget.TextView; text: null; contentDescription: ; viewIdResName: null; checkable: false; checked: false; focusable: true; focused: false; selected: false; clickable: true; longClickable: false; enabled: true; password: false; scrollable: false; [ACTION_FOCUS, ACTION_SELECT, ACTION_CLEAR_SELECTION, ACTION_CLICK, ACTION_ACCESSIBILITY_FOCUS]]
07-14 12:30:13.033 D/InteractionController( 7068): clickAndWaitForNewWindow(360, 1104)
07-14 12:30:13.104 D/dalvikvm(  595): GC_CONCURRENT freed 1809K, 16% free 15015K/17872K, paused 5ms+8ms, total 52ms
07-14 12:30:13.893 I/QueryController( 7068): Matched selector: UiSelector[TEXT=] <<==>> [android.view.accessibility.AccessibilityNodeInfo@6c634; boundsInParent: Rect(0, 0 - 148, 184); boundsInScreen: Rect(16, 958 - 164, 1142); packageName: com.android.launcher; className: android.widget.TextView; text: ; contentDescription: null; viewIdResName: null; checkable: false; checked: false; focusable: true; focused: false; selected: false; clickable: true; longClickable: true; enabled: true; password: false; scrollable: false; [ACTION_FOCUS, ACTION_SELECT, ACTION_CLEAR_SELECTION, ACTION_CLICK, ACTION_LONG_CLICK, ACTION_ACCESSIBILITY_FOCUS, ACTION_NEXT_AT_MOVEMENT_GRANULARITY, ACTION_PREVIOUS_AT_MOVEMENT_GRANULARITY, ACTION_SET_SELECTION]]
07-14 12:30:13.924 I/QueryController( 7068): Matched selector: UiSelector[TEXT=] <<==>> [android.view.accessibility.AccessibilityNodeInfo@6c634; boundsInParent: Rect(0, 0 - 148, 184); boundsInScreen: Rect(16, 958 - 164, 1142); packageName: com.android.launcher; className: android.widget.TextView; text: ; contentDescription: null; viewIdResName: null; checkable: false; checked: false; focusable: true; focused: false; selected: false; clickable: true; longClickable: true; enabled: true; password: false; scrollable: false; [ACTION_FOCUS, ACTION_SELECT, ACTION_CLEAR_SELECTION, ACTION_CLICK, ACTION_LONG_CLICK, ACTION_ACCESSIBILITY_FOCUS, ACTION_NEXT_AT_MOVEMENT_GRANULARITY, ACTION_PREVIOUS_AT_MOVEMENT_GRANULARITY, ACTION_SET_SELECTION]]
07-14 12:30:13.979 D/InteractionController( 7068): clickAndWaitForNewWindow(90, 1050)
07-14 12:30:14.182 I/ActivityManager(  374): START u0 {act=android.intent.action.MAIN cat=[android.intent.category.LAUNCHER] flg=0x10200000 cmp=com.pekall.emdm/.ui.SplashActivity} from pid 595
07-14 12:30:14.338 D/dalvikvm(  374): GC_FOR_ALLOC freed 1715K, 26% free 20520K/27708K, paused 96ms, total 98ms
07-14 12:30:14.440 D/dalvikvm(  374): GC_FOR_ALLOC freed 1654K, 31% free 19238K/27708K, paused 92ms, total 93ms
07-14 12:30:14.479 D/MdmApplication( 3494): [null:-1]->onActivityStarted market.activity.AppListActivity , mActivityCount = 1
07-14 12:30:14.479 D/MDM :   ( 3494): [null:-1]->query
07-14 12:30:14.479 D/MDM :   ( 3494): [null:-1]->QUERY_PINCODE_CHECK_RESULT
07-14 12:30:14.596 D/dalvikvm( 1052): GC_CONCURRENT freed 287K, 10% free 10112K/11168K, paused 9ms+3ms, total 71ms
07-14 12:30:14.596 D/dalvikvm( 1052): WAIT_FOR_CONCURRENT_GC blocked 30ms
07-14 12:30:15.174 I/QueryController( 7068): Matched selector: UiSelector[PACKAGE NAME=com.pekall.emdm] <<==>> [android.view.accessibility.AccessibilityNodeInfo@ffc00; boundsInParent: Rect(0, 0 - 720, 1184); boundsInScreen: Rect(0, 0 - 720, 1184); packageName: com.pekall.emdm; className: android.widget.FrameLayout; text: null; contentDescription: null; viewIdResName: null; checkable: false; checked: false; focusable: false; focused: false; selected: false; clickable: false; longClickable: false; enabled: true; password: false; scrollable: false; [ACTION_SELECT, ACTION_CLEAR_SELECTION, ACTION_ACCESSIBILITY_FOCUS]]
07-14 12:30:15.205 I/QueryController( 7068): Matched selector: UiSelector[TEXT=, CLASS=android.widget.TextView] <<==>> [android.view.accessibility.AccessibilityNodeInfo@10344f; boundsInParent: Rect(0, 0 - 144, 48); boundsInScreen: Rect(97, 74 - 241, 122); packageName: com.pekall.emdm; className: android.widget.TextView; text: ; contentDescription: null; viewIdResName: android:id/action_bar_title; checkable: false; checked: false; focusable: false; focused: false; selected: false; clickable: false; longClickable: false; enabled: true; password: false; scrollable: false; [ACTION_SELECT, ACTION_CLEAR_SELECTION, ACTION_ACCESSIBILITY_FOCUS, ACTION_NEXT_AT_MOVEMENT_GRANULARITY, ACTION_PREVIOUS_AT_MOVEMENT_GRANULARITY, ACTION_SET_SELECTION]]
07-14 12:30:15.416 D/dalvikvm(  374): GC_FOR_ALLOC freed 413K, 30% free 19601K/27708K, paused 84ms, total 86ms
07-14 12:30:15.518 D/dalvikvm(  374): GC_FOR_ALLOC freed 752K, 31% free 19220K/27708K, paused 95ms, total 95ms
07-14 12:30:15.518 D/MdmApplication( 3494): [null:-1]->onActivityPaused market.activity.AppListActivity , mActivityCount = 2
07-14 12:30:15.526 D/MDM :   ( 3494): [null:-1]->query
07-14 12:30:15.526 D/MDM :   ( 3494): [null:-1]->QUERY_PINCODE_CHECK_RESULT
07-14 12:30:15.526 E/Mdm     ( 3494): Call Mdm service's setLastExitTime function
07-14 12:30:15.549 D/MdmApplication( 3494): [null:-1]->onActivityStarted ui.MainActivity , mActivityCount = 1
07-14 12:30:15.549 D/MDM :   ( 3494): [null:-1]->query
07-14 12:30:15.549 D/MDM :   ( 3494): [null:-1]->QUERY_PINCODE_CHECK_RESULT
07-14 12:30:16.526 W/InteractionController( 7068): runAndwaitForEvent timedout waiting for events
07-14 12:30:16.565 I/QueryController( 7068): Matched selector: UiSelector[TEXT=, CLASS=android.widget.TextView] <<==>> [android.view.accessibility.AccessibilityNodeInfo@fecaa; boundsInParent: Rect(0, 0 - 148, 184); boundsInScreen: Rect(376, 572 - 524, 756); packageName: com.pekall.emdm; className: android.widget.TextView; text: ; contentDescription: null; viewIdResName: com.pekall.emdm:id/application_icon_content; checkable: false; checked: false; focusable: true; focused: false; selected: false; clickable: false; longClickable: false; enabled: true; password: false; scrollable: false; [ACTION_FOCUS, ACTION_SELECT, ACTION_CLEAR_SELECTION, ACTION_ACCESSIBILITY_FOCUS, ACTION_NEXT_AT_MOVEMENT_GRANULARITY, ACTION_PREVIOUS_AT_MOVEMENT_GRANULARITY, ACTION_SET_SELECTION]]
07-14 12:30:16.596 I/QueryController( 7068): Matched selector: UiSelector[TEXT=, CLASS=android.widget.TextView] <<==>> [android.view.accessibility.AccessibilityNodeInfo@fe528; boundsInParent: Rect(0, 0 - 148, 184); boundsInScreen: Rect(16, 572 - 164, 756); packageName: com.pekall.emdm; className: android.widget.TextView; text: ; contentDescription: null; viewIdResName: com.pekall.emdm:id/application_icon_content; checkable: false; checked: false; focusable: true; focused: false; selected: false; clickable: false; longClickable: false; enabled: true; password: false; scrollable: false; [ACTION_FOCUS, ACTION_SELECT, ACTION_CLEAR_SELECTION, ACTION_ACCESSIBILITY_FOCUS, ACTION_NEXT_AT_MOVEMENT_GRANULARITY, ACTION_PREVIOUS_AT_MOVEMENT_GRANULARITY, ACTION_SET_SELECTION]]
07-14 12:30:16.627 I/QueryController( 7068): Matched selector: UiSelector[TEXT=, CLASS=android.widget.TextView] <<==>> [android.view.accessibility.AccessibilityNodeInfo@fe528; boundsInParent: Rect(0, 0 - 148, 184); boundsInScreen: Rect(16, 572 - 164, 756); packageName: com.pekall.emdm; className: android.widget.TextView; text: ; contentDescription: null; viewIdResName: com.pekall.emdm:id/application_icon_content; checkable: false; checked: false; focusable: true; focused: false; selected: false; clickable: false; longClickable: false; enabled: true; password: false; scrollable: false; [ACTION_FOCUS, ACTION_SELECT, ACTION_CLEAR_SELECTION, ACTION_ACCESSIBILITY_FOCUS, ACTION_NEXT_AT_MOVEMENT_GRANULARITY, ACTION_PREVIOUS_AT_MOVEMENT_GRANULARITY, ACTION_SET_SELECTION]]
07-14 12:30:16.635 D/InteractionController( 7068): clickAndWaitForNewWindow(90, 664)
07-14 12:30:16.799 I/ActivityManager(  374): START u0 {cmp=com.pekall.emdm/.document.activity.DocMainActivity} from pid 3494
07-14 12:30:16.924 D/dalvikvm(  374): GC_FOR_ALLOC freed 406K, 30% free 19598K/27708K, paused 84ms, total 85ms
07-14 12:30:17.010 D/dalvikvm(  374): GC_FOR_ALLOC freed 748K, 31% free 19221K/27708K, paused 84ms, total 84ms
07-14 12:30:17.018 D/MdmApplication( 3494): [null:-1]->onActivityPaused ui.MainActivity , mActivityCount = 2
07-14 12:30:17.018 D/MDM :   ( 3494): [null:-1]->query
07-14 12:30:17.018 D/MDM :   ( 3494): [null:-1]->QUERY_PINCODE_CHECK_RESULT
07-14 12:30:17.018 E/Mdm     ( 3494): Call Mdm service's setLastExitTime function
07-14 12:30:17.112 D/MdmApplication( 3494): [null:-1]->onActivityStarted document.activity.DocMainActivity , mActivityCount = 1
07-14 12:30:17.112 D/MDM :   ( 3494): [null:-1]->query
07-14 12:30:17.112 D/MDM :   ( 3494): [null:-1]->QUERY_PINCODE_CHECK_RESULT
07-14 12:30:17.119 D/DB      ( 3494): query: SQLiteQuery: SELECT * FROM doc WHERE browseStatus = 0 AND type = 'Normal'
07-14 12:30:17.119 D/DB      ( 3494): factory null
07-14 12:30:17.119 D/DB      ( 3494): fillWindow: 0
07-14 12:30:17.119 D/DB      ( 3494): cursor 0
07-14 12:30:17.307 I/ActivityManager(  374): Displayed com.pekall.emdm/.document.activity.DocMainActivity: +272ms
07-14 12:30:17.815 I/QueryController( 7068): Matched selector: UiSelector[TEXT=, CLASS=android.widget.TextView] <<==>> [android.view.accessibility.AccessibilityNodeInfo@10ca7b; boundsInParent: Rect(0, 0 - 612, 83); boundsInScreen: Rect(108, 158 - 720, 241); packageName: com.pekall.emdm; className: android.widget.TextView; text: ; contentDescription: null; viewIdResName: null; checkable: false; checked: false; focusable: false; focused: false; selected: false; clickable: false; longClickable: false; enabled: true; password: false; scrollable: false; [ACTION_SELECT, ACTION_CLEAR_SELECTION, ACTION_ACCESSIBILITY_FOCUS, ACTION_NEXT_AT_MOVEMENT_GRANULARITY, ACTION_PREVIOUS_AT_MOVEMENT_GRANULARITY, ACTION_SET_SELECTION]]
07-14 12:30:17.823 D/InteractionController( 7068): clickAndWaitForNewWindow(414, 199)
07-14 12:30:17.963 I/ActivityManager(  374): START u0 {cmp=com.pekall.emdm/.document.activity.CompanyDocActivity} from pid 3494
07-14 12:30:18.096 D/dalvikvm(  374): GC_FOR_ALLOC freed 404K, 30% free 19602K/27708K, paused 84ms, total 84ms
07-14 12:30:18.190 D/dalvikvm(  374): GC_FOR_ALLOC freed 751K, 31% free 19222K/27708K, paused 84ms, total 85ms
07-14 12:30:18.190 D/MdmApplication( 3494): [null:-1]->onActivityPaused document.activity.DocMainActivity , mActivityCount = 2
07-14 12:30:18.190 D/MDM :   ( 3494): [null:-1]->query
07-14 12:30:18.198 D/MDM :   ( 3494): [null:-1]->QUERY_PINCODE_CHECK_RESULT
07-14 12:30:18.198 E/Mdm     ( 3494): Call Mdm service's setLastExitTime function
07-14 12:30:18.244 D/MdmApplication( 3494): [null:-1]->onActivityStarted document.activity.CompanyDocActivity , mActivityCount = 1
07-14 12:30:18.244 D/MDM :   ( 3494): [null:-1]->query
07-14 12:30:18.244 D/MDM :   ( 3494): [null:-1]->QUERY_PINCODE_CHECK_RESULT
07-14 12:30:18.260 D/BaseFragment( 3494): [null:-1]->mSelection is type = 'Normal' ,mSort is _id DESC
07-14 12:30:18.260 D/DB      ( 3494): query: SQLiteQuery: SELECT * FROM doc WHERE type = 'Normal'
07-14 12:30:18.260 D/DB      ( 3494): factory null
07-14 12:30:18.260 D/DB      ( 3494): fillWindow: 0
07-14 12:30:18.260 D/DB      ( 3494): cursor 1
07-14 12:30:18.260 D/DB      ( 3494): moveToPos: 0
07-14 12:30:18.260 D/DB      ( 3494): onMove: 0
07-14 12:30:18.260 D/DB      ( 3494): moveToPos: 1
07-14 12:30:18.565 I/ActivityManager(  374): Displayed com.pekall.emdm/.document.activity.CompanyDocActivity: +354ms
07-14 12:30:19.940 I/AndroidRuntime( 7068): VM exiting with result code 0.
07-14 12:30:25.323 D/dalvikvm(  636): GC_EXPLICIT freed 86K, 11% free 12646K/14092K, paused 6ms+6ms, total 73ms
07-14 12:30:25.323 D/dalvikvm(  636): WAIT_FOR_CONCURRENT_GC blocked 67ms
07-14 12:30:25.385 D/dalvikvm(  636): GC_EXPLICIT freed 12K, 11% free 12634K/14092K, paused 4ms+5ms, total 61ms
07-14 12:30:25.385 D/dalvikvm(  636): WAIT_FOR_CONCURRENT_GC blocked 64ms
07-14 12:30:25.448 D/dalvikvm(  636): GC_EXPLICIT freed <1K, 11% free 12634K/14092K, paused 4ms+5ms, total 61ms
07-14 12:30:25.698 W/ResponseProcessCookies( 5090): Invalid cookie header: "Set-Cookie: BAIDUID=7FBBB140D95A2F14F6F21F6C92D6EE59:FG=1; max-age=31536000; expires=Tue, 14-Jul-15 04:30:25 GMT; domain=.baidu.com; path=/; version=1". Unable to parse expires attribute: Tue
07-14 12:30:25.705 W/ResponseProcessCookies( 5090): Invalid cookie header: "Set-Cookie: NBID=7FBBB140D95A2F14B9F9319A95BBC3DE:FG=1; max-age=2592000; expires=Wed, 13-Aug-14 04:30:25 GMT; domain=.baidu.com; path=/; version=1". Unable to parse expires attribute: Wed
07-14 12:30:25.807 W/ResponseProcessCookies( 5090): Invalid cookie header: "Set-Cookie: BAIDUID=7FBBB140D95A2F140B5D54864CD8DF21:FG=1; max-age=31536000; expires=Tue, 14-Jul-15 04:30:25 GMT; domain=.baidu.com; path=/; version=1". Unable to parse expires attribute: Tue
07-14 12:30:25.815 W/ResponseProcessCookies( 5090): Invalid cookie header: "Set-Cookie: NBID=7FBBB140D95A2F14E40C9BBA69040737:FG=1; max-age=2592000; expires=Wed, 13-Aug-14 04:30:25 GMT; domain=.baidu.com; path=/; version=1". Unable to parse expires attribute: Wed
07-14 12:30:25.908 D/dalvikvm( 5090): GC_CONCURRENT freed 357K, 6% free 10105K/10676K, paused 3ms+3ms, total 31ms
07-14 12:30:25.908 D/dalvikvm( 5090): WAIT_FOR_CONCURRENT_GC blocked 17ms
07-14 12:30:30.002 D/LightsService(  374): Excessive delay setting light: 66ms
07-14 12:30:30.276 D/LightsService(  374): Excessive delay setting light: 66ms
07-14 12:30:30.908 W/MountService(  374): getVolumeState(/storage/emulated/0/external_sd): Unknown volume
07-14 12:30:30.908 W/MountService(  374): getVolumeState(/mnt/sdcard-ext): Unknown volume
07-14 12:30:30.916 W/MountService(  374): getVolumeState(/mnt/ext_sdcard): Unknown volume
07-14 12:30:30.924 W/MountService(  374): getVolumeState(/mnt/sdcard2): Unknown volume
07-14 12:30:30.924 W/MountService(  374): getVolumeState(/mnt/emmc): Unknown volume
07-14 12:30:30.924 W/MountService(  374): getVolumeState(/mnt/extSdCard): Unknown volume
07-14 12:30:30.924 W/MountService(  374): getVolumeState(/mnt/sdcard/SD_CARD): Unknown volume
07-14 12:30:30.932 W/MountService(  374): getVolumeState(/mnt/sdcard/extra_sd): Unknown volume
07-14 12:30:30.932 W/MountService(  374): getVolumeState(/mnt/extrasd_bind): Unknown volume
07-14 12:30:30.932 W/MountService(  374): getVolumeState(/mnt/sdcard/ext_sd): Unknown volume
07-14 12:30:30.932 W/MountService(  374): getVolumeState(/storage/extSdCard): Unknown volume
07-14 12:30:30.932 W/MountService(  374): getVolumeState(/storage/sdcard1): Unknown volume
07-14 12:30:30.932 W/MountService(  374): getVolumeState(/mnt/sdcard/external_SD): Unknown volume
07-14 12:30:30.940 W/MountService(  374): getVolumeState(/mnt/sdcard/external_sd): Unknown volume
07-14 12:30:30.979 D/dalvikvm( 1052): GC_CONCURRENT freed 294K, 9% free 10202K/11168K, paused 3ms+11ms, total 60ms
07-14 12:30:30.979 D/dalvikvm( 6152): GC_CONCURRENT freed 373K, 7% free 9392K/10072K, paused 4ms+5ms, total 30ms
07-14 12:30:31.158 W/MountService(  374): getVolumeState(/storage/emulated/0/external_sd): Unknown volume
07-14 12:30:31.158 W/MountService(  374): getVolumeState(/mnt/sdcard-ext): Unknown volume
07-14 12:30:31.158 W/MountService(  374): getVolumeState(/mnt/ext_sdcard): Unknown volume
07-14 12:30:31.158 W/MountService(  374): getVolumeState(/mnt/sdcard2): Unknown volume
07-14 12:30:31.158 W/MountService(  374): getVolumeState(/mnt/emmc): Unknown volume
07-14 12:30:31.158 W/MountService(  374): getVolumeState(/mnt/extSdCard): Unknown volume
07-14 12:30:31.158 W/MountService(  374): getVolumeState(/mnt/sdcard/SD_CARD): Unknown volume
07-14 12:30:31.158 W/MountService(  374): getVolumeState(/mnt/sdcard/extra_sd): Unknown volume
07-14 12:30:31.158 W/MountService(  374): getVolumeState(/mnt/extrasd_bind): Unknown volume
07-14 12:30:31.166 W/MountService(  374): getVolumeState(/mnt/sdcard/ext_sd): Unknown volume
07-14 12:30:31.166 W/MountService(  374): getVolumeState(/storage/extSdCard): Unknown volume
07-14 12:30:31.166 W/MountService(  374): getVolumeState(/storage/sdcard1): Unknown volume
07-14 12:30:31.166 W/MountService(  374): getVolumeState(/mnt/sdcard/external_SD): Unknown volume
07-14 12:30:31.166 W/MountService(  374): getVolumeState(/mnt/sdcard/external_sd): Unknown volume
07-14 12:30:31.174 D/dalvikvm( 6152): GC_CONCURRENT freed 510K, 7% free 9369K/10072K, paused 3ms+4ms, total 36ms
07-14 12:30:32.830 I/PowerManagerService(  374): Going to sleep due to screen timeout...
07-14 12:30:33.580 D/SurfaceFlinger(  124): Screen released, type=0 flinger=0x41e1a478
07-14 12:30:33.721 D/dalvikvm(  374): GC_FOR_ALLOC freed 567K, 29% free 19888K/27708K, paused 92ms, total 92ms
07-14 12:30:33.807 D/dalvikvm(  374): GC_FOR_ALLOC freed 17K, 27% free 20243K/27708K, paused 84ms, total 84ms
07-14 12:30:33.807 I/dalvikvm-heap(  374): Grow heap (frag case) to 20.169MB for 380496-byte allocation
07-14 12:30:33.901 D/dalvikvm(  374): GC_FOR_ALLOC freed 0K, 27% free 20614K/28080K, paused 92ms, total 92ms
07-14 12:30:33.901 I/WindowManager(  374): Screenshot Window{42d9d7c8 u0 com.pekall.emdm/com.pekall.emdm.document.activity.CompanyDocActivity} was all black! mSurfaceLayer=21020 minLayer=21000 maxLayer=21020
07-14 12:30:33.987 D/dalvikvm(  374): GC_FOR_ALLOC freed 745K, 30% free 19872K/28080K, paused 84ms, total 84ms
07-14 12:30:33.987 D/MdmApplication( 3494): [null:-1]->onActivityPaused document.activity.CompanyDocActivity , mActivityCount = 2
07-14 12:30:33.994 D/MDM :   ( 3494): [null:-1]->query
07-14 12:30:33.994 D/MDM :   ( 3494): [null:-1]->QUERY_PINCODE_CHECK_RESULT
07-14 12:30:33.994 E/Mdm     ( 3494): Call Mdm service's setLastExitTime function
07-14 12:30:34.026 D/BaseFragment( 3494): [null:-1]->fragment is on stop 
07-14 12:30:34.112 D/NfcService(  582): NFC-C OFF, disconnect
07-14 12:30:34.174 V/KeyguardHostView(  374): hide transport, gen:23
07-14 12:30:34.174 V/KeyguardHostView(  374): music state changed: 0
07-14 12:30:34.205 D/dalvikvm( 2019): GC_FOR_ALLOC freed 363K, 7% free 9927K/10588K, paused 20ms, total 21ms
07-14 12:30:34.213 D/PhoneStatusBar(  450): disable: < expand icons alerts ticker system_info back home RECENT* clock search >
07-14 12:30:34.252 D/MDM :   ( 3494): [null:-1]->query
07-14 12:30:34.260 D/MDM :   ( 3494): [null:-1]->QUERY_SETTING_PIN_ONOFF
07-14 12:30:34.260 V/TAG     (  374): bug 7643792: fitSystemWindows([0,50][0,0])
07-14 12:30:34.401 D/PhoneStatusBar(  450): disable: < expand icons alerts ticker system_info BACK* HOME* RECENT CLOCK* search >
07-14 12:30:40.783 D/MDM :   ( 3494): [null:-1]->MSG_WEBSOCKET_MESSAGE : {"id":990325456,"type":0,"command":0,"result":0,"reason":0,"params":{"msgId":"0e25c9f0-672b-4c61-870f-26979d09367e,0e25c9f0672b4c61870f26979d09367e","device":"ffffffffc539bb10fffffffff7aea961","message":"{\"cmd\":\"10119\"}"}}
07-14 12:30:40.791 D/MdmService( 3494): [null:-1]->push message type :0
07-14 12:30:40.799 D/MdmService( 3494): [null:-1]->cmdMessage : {"cmd":"10119"}
07-14 12:30:40.799 D/MdmService( 3494): [null:-1]->command : PushCommandMsg{cmd='10119', msg='null'}
07-14 12:30:40.799 D/MDM :   ( 3494): [null:-1]->PUSH CMD: 10119
07-14 12:30:40.799 D/MdmStatusManager( 3494): [null:-1]->change status to : Busy
07-14 12:30:40.799 D/DB      ( 3494): query: SQLiteQuery: SELECT content, command_status, status FROM command WHERE status!=2
07-14 12:30:40.799 D/DB      ( 3494): factory null
07-14 12:30:40.799 D/DB      ( 3494): fillWindow: 0
07-14 12:30:40.799 D/DB      ( 3494): cursor 0
07-14 12:30:40.799 D/DB      ( 3494): moveToPos: 0
07-14 12:30:40.799 I/TransInfo( 3494): TransInfo created, id: 3, class: class com.pekall.emdm.transaction.b.c
07-14 12:30:40.807 D/NetworkThread( 3494): [null:-1]->----isRunning-----true
07-14 12:30:40.807 D/NetworkThread( 3494): [null:-1]->----isRunning-----true
07-14 12:30:40.807 D/NetworkThread( 3494): [null:-1]->thread wakeup
07-14 12:30:40.807 D/HttpClient( 3494): enable apache.http debug
07-14 12:30:40.815 V/DEBUG   ( 3494): HTTP 0
07-14 12:30:41.619 V/DEBUG   ( 3494): HTTP 1
07-14 12:30:41.627 D/MDM :   ( 3494): [null:-1]->read network input stream
07-14 12:30:41.651 D/CheckInTransInfo( 3494): [null:-1]->CommandMsg : CommandMsg{CommandUUID='8a80888e4732aed5014733230c2406cf', Command=CommandRemoveDocument{DocumentType='Contact', DocumentUUID='8a80888c46c806620146c86ff32f0591'} CommandObject{RequestType='RemoveDocument'}}
07-14 12:30:41.651 D/DB      ( 3494): query: SQLiteQuery: SELECT * FROM command WHERE cmd_uuid='8a80888e4732aed5014733230c2406cf'
07-14 12:30:41.651 D/DB      ( 3494): factory null
07-14 12:30:41.651 D/DB      ( 3494): fillWindow: 0
07-14 12:30:41.651 D/DB      ( 3494): cursor 0
07-14 12:30:41.705 D/NetworkThread( 3494): [null:-1]->queue is empty, thread wait...
07-14 12:30:41.713 D/dalvikvm( 3494): GC_CONCURRENT freed 3892K, 19% free 20435K/25144K, paused 4ms+14ms, total 87ms
07-14 12:30:41.807 D/MdmService( 3494): [null:-1]->handleCheckInResult
07-14 12:30:41.807 D/MdmService( 3494): [null:-1]->handleCheckInResult result keyIndex: 3
07-14 12:30:41.807 D/CommandManager( 3494): [null:-1]->execute command: CommandMsg{CommandUUID='8a80888e4732aed5014733230c2406cf', Command=CommandRemoveDocument{DocumentType='Contact', DocumentUUID='8a80888c46c806620146c86ff32f0591'} CommandObject{RequestType='RemoveDocument'}}
07-14 12:30:41.815 D/MAINTAIN( 3494): ============== Delete form delete Uri = COMPANIES ==============
07-14 12:30:41.815 D/DownLoadDocService( 3494): [null:-1]->action is  com.pekall.emdm.action.DELETEDOC
07-14 12:30:41.823 D/DB      ( 3494): query: SQLiteQuery: SELECT _id, name, display_name, description, version, extension, mime_type, size, created_date, modified_date, accessed_date, valid_date, encrypted, read, allow_unauthorized, reported, server_url, auto_sync, is_favorite, is_locked, is_visible, is_deleted, sort, source, storage_key, path FROM contents WHERE (server_url='8a80888c46c806620146c86ff32f0591')
07-14 12:30:41.823 D/DB      ( 3494): factory null
07-14 12:30:41.823 D/DB      ( 3494): fillWindow: 0
07-14 12:30:41.823 D/DB      ( 3494): cursor 0
07-14 12:30:41.885 I/TransInfo( 3494): TransInfo created, id: 3, class: class com.pekall.emdm.transaction.b.c
07-14 12:30:41.885 D/NetworkThread( 3494): [null:-1]->----isRunning-----true
07-14 12:30:41.885 D/NetworkThread( 3494): [null:-1]->----isRunning-----true
07-14 12:30:41.885 D/NetworkThread( 3494): [null:-1]->thread wakeup
07-14 12:30:41.885 D/HttpClient( 3494): enable apache.http debug
07-14 12:30:41.893 V/DEBUG   ( 3494): HTTP 0
07-14 12:30:42.612 D/MdmService( 3494): [null:-1]->receiver action :com.pekall.mdm.action.MDM_ALARM
07-14 12:30:42.635 V/DEBUG   ( 3494): HTTP 1
07-14 12:30:42.635 D/MdmDatabaseHelper( 3494): [null:-1]->update command 8a80888e4732aed5014733230c2406cf to status executed
07-14 12:30:42.666 D/NetworkThread( 3494): [null:-1]->queue is empty, thread wait...
07-14 12:30:42.737 D/MdmService( 3494): [null:-1]->handleCheckInResult
07-14 12:30:42.737 D/MdmService( 3494): [null:-1]->handleCheckInResult result keyIndex: 3
07-14 12:30:42.744 D/HandleCommandTask( 3494): [null:-1]->execute command msg but beanBase is null
07-14 12:30:42.744 D/MdmStatusManager( 3494): [null:-1]->change status to : Idle
07-14 12:30:52.174 D/AndroidRuntime( 7148): 
07-14 12:30:52.174 D/AndroidRuntime( 7148): >>>>>> AndroidRuntime START com.android.internal.os.RuntimeInit <<<<<<
07-14 12:30:52.174 D/AndroidRuntime( 7148): CheckJNI is OFF
07-14 12:30:52.190 D/dalvikvm( 7148): Trying to load lib libjavacore.so 0x0
07-14 12:30:52.198 D/dalvikvm( 7148): Added shared lib libjavacore.so 0x0
07-14 12:30:52.213 D/dalvikvm( 7148): Trying to load lib libnativehelper.so 0x0
07-14 12:30:52.213 D/dalvikvm( 7148): Added shared lib libnativehelper.so 0x0
07-14 12:30:52.432 D/AndroidRuntime( 7148): Calling main entry com.android.commands.uiautomator.Launcher
07-14 12:30:52.463 E/UiDevice( 7148): Exceuting watcher: ANRWatcher
07-14 12:30:52.463 E/UiDevice( 7148): java.lang.RuntimeException: UiDevice not initialized
07-14 12:30:52.463 E/UiDevice( 7148): 	at com.android.uiautomator.core.UiDevice.getAutomatorBridge(UiDevice.java:87)
07-14 12:30:52.463 E/UiDevice( 7148): 	at com.android.uiautomator.core.UiDevice.wakeUp(UiDevice.java:719)
07-14 12:30:52.463 E/UiDevice( 7148): 	at com.pekall.test.mdmui.util.UiANRWatcher.checkForCondition(UiANRWatcher.java:23)
07-14 12:30:52.463 E/UiDevice( 7148): 	at com.android.uiautomator.core.UiDevice.runWatchers(UiDevice.java:554)
07-14 12:30:52.463 E/UiDevice( 7148): 	at com.pekall.test.mdmui.util.UiANRWatcher.run(UiANRWatcher.java:41)
07-14 12:30:52.463 E/UiDevice( 7148): 	at com.pekall.test.mdmui.Contacts.<clinit>(Contacts.java:21)
07-14 12:30:52.463 E/UiDevice( 7148): 	at java.lang.Class.newInstanceImpl(Native Method)
07-14 12:30:52.463 E/UiDevice( 7148): 	at java.lang.Class.newInstance(Class.java:1130)
07-14 12:30:52.463 E/UiDevice( 7148): 	at com.android.uiautomator.testrunner.TestCaseCollector.addSingleTestMethod(TestCaseCollector.java:110)
07-14 12:30:52.463 E/UiDevice( 7148): 	at com.android.uiautomator.testrunner.TestCaseCollector.addTestClass(TestCaseCollector.java:86)
07-14 12:30:52.463 E/UiDevice( 7148): 	at com.android.uiautomator.testrunner.TestCaseCollector.addTestClass(TestCaseCollector.java:72)
07-14 12:30:52.463 E/UiDevice( 7148): 	at com.android.uiautomator.testrunner.TestCaseCollector.addTestClasses(TestCaseCollector.java:53)
07-14 12:30:52.463 E/UiDevice( 7148): 	at com.android.uiautomator.testrunner.UiAutomatorTestRunner.start(UiAutomatorTestRunner.java:106)
07-14 12:30:52.463 E/UiDevice( 7148): 	at com.android.uiautomator.testrunner.UiAutomatorTestRunner.run(UiAutomatorTestRunner.java:96)
07-14 12:30:52.463 E/UiDevice( 7148): 	at com.android.commands.uiautomator.RunTestCommand.run(RunTestCommand.java:91)
07-14 12:30:52.463 E/UiDevice( 7148): 	at com.android.commands.uiautomator.Launcher.main(Launcher.java:83)
07-14 12:30:52.463 E/UiDevice( 7148): 	at com.android.internal.os.RuntimeInit.nativeFinishInit(Native Method)
07-14 12:30:52.463 E/UiDevice( 7148): 	at com.android.internal.os.RuntimeInit.main(RuntimeInit.java:235)
07-14 12:30:52.463 E/UiDevice( 7148): 	at dalvik.system.NativeStart.main(Native Method)
07-14 12:30:52.479 D/dalvikvm( 7148): Note: class Landroid/app/ActivityManagerNative; has 163 unimplemented (abstract) methods
07-14 12:30:52.541 I/PowerManagerService(  374): Waking up from sleep...
07-14 12:30:52.580 I/WindowManager(  374): Lock screen displayed!
07-14 12:30:52.799 V/DigitalWidgetViewsFactory( 2502): DigitalWidget sets next alarm string to null
07-14 12:30:52.908 D/PowerManagerService-JNI(  374): Excessive delay in autosuspend_disable() while turning screen on: 359ms
07-14 12:30:52.908 D/SurfaceFlinger(  124): Screen acquired, type=0 flinger=0x41e1a478
07-14 12:30:52.994 D/LightsService(  374): Excessive delay setting light: 84ms
07-14 12:30:53.057 D/LightsService(  374): Excessive delay setting light: 65ms
07-14 12:30:53.182 D/AndroidRuntime( 7166): 
07-14 12:30:53.182 D/AndroidRuntime( 7166): >>>>>> AndroidRuntime START com.android.internal.os.RuntimeInit <<<<<<
07-14 12:30:53.182 D/AndroidRuntime( 7166): CheckJNI is OFF
07-14 12:30:53.198 D/dalvikvm( 7166): Trying to load lib libjavacore.so 0x0
07-14 12:30:53.205 D/dalvikvm( 7166): Added shared lib libjavacore.so 0x0
07-14 12:30:53.221 D/dalvikvm( 7166): Trying to load lib libnativehelper.so 0x0
07-14 12:30:53.221 D/dalvikvm( 7166): Added shared lib libnativehelper.so 0x0
07-14 12:30:53.432 D/AndroidRuntime( 7166): Calling main entry com.qihoo360.powerctl.root.app.App
07-14 12:30:53.432 D/AndroidRuntime( 7166): Shutting down VM
07-14 12:30:53.432 I/AndroidRuntime( 7166): NOTE: attach of thread 'Binder_1' failed
07-14 12:30:53.432 D/dalvikvm( 7166): GC_CONCURRENT freed 114K, 22% free 467K/592K, paused 1ms+0ms, total 4ms
07-14 12:30:54.385 I/QueryController( 7148): Matched selector: UiSelector[DESCRIPTION=] <<==>> [android.view.accessibility.AccessibilityNodeInfo@1a702c; boundsInParent: Rect(0, 0 - 720, 756); boundsInScreen: Rect(0, 547 - 720, 1303); packageName: android; className: android.view.View; text: null; contentDescription: ; viewIdResName: android:id/glow_pad_view; checkable: false; checked: false; focusable: false; focused: false; selected: false; clickable: false; longClickable: false; enabled: true; password: false; scrollable: false; [ACTION_SELECT, ACTION_CLEAR_SELECTION, ACTION_ACCESSIBILITY_FOCUS, ACTION_NEXT_AT_MOVEMENT_GRANULARITY, ACTION_PREVIOUS_AT_MOVEMENT_GRANULARITY, ACTION_SET_SELECTION]]
07-14 12:30:54.401 W/GlowPadView(  374): The number of target drawables must be equal to the number of direction descriptions.
07-14 12:30:54.682 D/MdmApplication( 3494): [null:-1]->onActivityStarted document.activity.CompanyDocActivity , mActivityCount = 1
07-14 12:30:54.682 D/MDM :   ( 3494): [null:-1]->query
07-14 12:30:54.682 D/MDM :   ( 3494): [null:-1]->QUERY_PINCODE_CHECK_RESULT
07-14 12:30:54.698 D/PhoneStatusBar(  450): disable: < expand icons alerts ticker system_info BACK HOME recent* CLOCK search >
07-14 12:30:54.705 D/BaseFragment( 3494): [null:-1]->mSelection is type = 'Normal' ,mSort is _id DESC
07-14 12:30:54.713 D/NfcService(  582): NFC-C ON
07-14 12:30:54.713 D/DB      ( 3494): query: SQLiteQuery: SELECT * FROM doc WHERE type = 'Normal'
07-14 12:30:54.713 D/DB      ( 3494): factory null
07-14 12:30:54.713 D/DB      ( 3494): fillWindow: 0
07-14 12:30:54.721 D/DB      ( 3494): cursor 1
07-14 12:30:54.721 D/DB      ( 3494): moveToPos: 0
07-14 12:30:54.721 D/DB      ( 3494): onMove: 0
07-14 12:30:54.721 D/DB      ( 3494): moveToPos: 1
07-14 12:30:54.752 D/PhoneStatusBar(  450): disable: < expand icons alerts ticker system_info back* home* recent clock* search >
07-14 12:30:54.838 W/InputMethodManagerService(  374): Window already focused, ignoring focus gain of: com.android.internal.view.IInputMethodClient$Stub$Proxy@42b7e5d0 attribute=android.view.inputmethod.EditorInfo@42e447a0, token = android.os.BinderProxy@4302def8
07-14 12:30:55.205 V/TAG     (  374): bug 7643792: fitSystemWindows([0,50][0,0])
07-14 12:30:55.354 D/AndroidRuntime( 7188): 
07-14 12:30:55.354 D/AndroidRuntime( 7188): >>>>>> AndroidRuntime START com.android.internal.os.RuntimeInit <<<<<<
07-14 12:30:55.354 D/AndroidRuntime( 7188): CheckJNI is OFF
07-14 12:30:55.369 D/dalvikvm( 7188): Trying to load lib libjavacore.so 0x0
07-14 12:30:55.377 D/dalvikvm( 7188): Added shared lib libjavacore.so 0x0
07-14 12:30:55.393 D/dalvikvm( 7188): Trying to load lib libnativehelper.so 0x0
07-14 12:30:55.393 D/dalvikvm( 7188): Added shared lib libnativehelper.so 0x0
07-14 12:30:55.455 I/ActivityManager(  374): START u0 {act=android.intent.action.MAIN cat=[android.intent.category.HOME] flg=0x10200000 cmp=com.android.launcher/com.android.launcher2.Launcher} from pid 374
07-14 12:30:55.463 D/MdmApplication( 3494): [null:-1]->onActivityPaused document.activity.CompanyDocActivity , mActivityCount = 2
07-14 12:30:55.463 D/MDM :   ( 3494): [null:-1]->query
07-14 12:30:55.479 D/MDM :   ( 3494): [null:-1]->QUERY_PINCODE_CHECK_RESULT
07-14 12:30:55.479 E/Mdm     ( 3494): Call Mdm service's setLastExitTime function
07-14 12:30:55.596 D/dalvikvm(  450): GC_FOR_ALLOC freed 1176K, 14% free 13456K/15544K, paused 113ms, total 115ms
07-14 12:30:55.698 D/AndroidRuntime( 7188): Calling main entry com.qihoo360.powerctl.root.app.App
07-14 12:30:55.705 D/AndroidRuntime( 7188): Shutting down VM
07-14 12:30:55.713 D/dalvikvm( 7188): GC_CONCURRENT freed 115K, 21% free 467K/592K, paused 1ms+1ms, total 4ms
07-14 12:30:56.018 D/dalvikvm( 6152): GC_CONCURRENT freed 430K, 8% free 9351K/10072K, paused 4ms+3ms, total 38ms
07-14 12:30:56.229 D/BaseFragment( 3494): [null:-1]->fragment is on stop 
07-14 12:30:56.283 W/ResourceType(  595): No known package when getting name for resource number 0x9c020000
07-14 12:30:56.291 W/ResourceType(  595): No known package when getting name for resource number 0x9c020002
07-14 12:30:56.338 W/ResourceType(  595): No known package when getting name for resource number 0x9b000000
07-14 12:30:56.338 W/ResourceType(  595): No known package when getting name for resource number 0x9b010100
07-14 12:30:56.338 W/ResourceType(  595): No known package when getting name for resource number 0x9b030300
07-14 12:30:56.338 W/ResourceType(  595): No known package when getting name for resource number 0x9b040400
07-14 12:30:56.338 I/QueryController( 7148): Matched selector: UiSelector[DESCRIPTION=, PACKAGE NAME=com.android.launcher] <<==>> [android.view.accessibility.AccessibilityNodeInfo@1fe6e; boundsInParent: Rect(524232, 0 - 524360, 128); boundsInScreen: Rect(296, 1040 - 424, 1168); packageName: com.android.launcher; className: android.widget.TextView; text: null; contentDescription: ; viewIdResName: null; checkable: false; checked: false; focusable: true; focused: false; selected: false; clickable: true; longClickable: false; enabled: true; password: false; scrollable: false; [ACTION_FOCUS, ACTION_SELECT, ACTION_CLEAR_SELECTION, ACTION_CLICK, ACTION_ACCESSIBILITY_FOCUS]]
07-14 12:30:56.346 D/InteractionController( 7148): clickAndWaitForNewWindow(360, 1104)
07-14 12:30:57.182 I/QueryController( 7148): Matched selector: UiSelector[TEXT=] <<==>> [android.view.accessibility.AccessibilityNodeInfo@6c634; boundsInParent: Rect(0, 0 - 148, 184); boundsInScreen: Rect(16, 958 - 164, 1142); packageName: com.android.launcher; className: android.widget.TextView; text: ; contentDescription: null; viewIdResName: null; checkable: false; checked: false; focusable: true; focused: false; selected: false; clickable: true; longClickable: true; enabled: true; password: false; scrollable: false; [ACTION_FOCUS, ACTION_SELECT, ACTION_CLEAR_SELECTION, ACTION_CLICK, ACTION_LONG_CLICK, ACTION_ACCESSIBILITY_FOCUS, ACTION_NEXT_AT_MOVEMENT_GRANULARITY, ACTION_PREVIOUS_AT_MOVEMENT_GRANULARITY, ACTION_SET_SELECTION]]
07-14 12:30:57.221 I/QueryController( 7148): Matched selector: UiSelector[TEXT=] <<==>> [android.view.accessibility.AccessibilityNodeInfo@6c634; boundsInParent: Rect(0, 0 - 148, 184); boundsInScreen: Rect(16, 958 - 164, 1142); packageName: com.android.launcher; className: android.widget.TextView; text: ; contentDescription: null; viewIdResName: null; checkable: false; checked: false; focusable: true; focused: false; selected: false; clickable: true; longClickable: true; enabled: true; password: false; scrollable: false; [ACTION_FOCUS, ACTION_SELECT, ACTION_CLEAR_SELECTION, ACTION_CLICK, ACTION_LONG_CLICK, ACTION_ACCESSIBILITY_FOCUS, ACTION_NEXT_AT_MOVEMENT_GRANULARITY, ACTION_PREVIOUS_AT_MOVEMENT_GRANULARITY, ACTION_SET_SELECTION]]
07-14 12:30:57.221 D/InteractionController( 7148): clickAndWaitForNewWindow(90, 1050)
