07-14 12:29:24.533 W/PackageManager(  374): Not granting permission android.permission.READ_LOGS to package com.qihoo360.mobilesafe.opti.powerctl (protectionLevel=50 flags=0x80be44)
07-14 12:29:24.533 W/PackageManager(  374): Not granting permission android.permission.STATUS_BAR to package com.qihoo360.mobilesafe.opti.powerctl (protectionLevel=18 flags=0x80be44)
07-14 12:29:24.533 W/PackageManager(  374): Unknown permission android.permission.ADD_SYSTEM_SERVICE in package com.android.phone
07-14 12:29:24.541 W/PackageManager(  374): Unknown permission com.android.smspush.WAPPUSH_MANAGER_BIND in package com.android.phone
07-14 12:29:24.549 W/PackageManager(  374): Not granting permission android.permission.READ_LOGS to package com.qihoo.root (protectionLevel=50 flags=0x80be44)
07-14 12:29:24.549 W/PackageManager(  374): Not granting permission android.permission.INSTALL_PACKAGES to package com.qihoo.root (protectionLevel=18 flags=0x80be44)
07-14 12:29:24.557 W/PackageManager(  374): Not granting permission android.permission.DELETE_PACKAGES to package com.qihoo.root (protectionLevel=18 flags=0x80be44)
07-14 12:29:24.565 W/PackageManager(  374): Unknown permission com.android.vending.billing.IBillingAccountService.BIND2 in package com.google.android.gsf.login
07-14 12:29:24.565 W/PackageManager(  374): Unknown permission com.android.chrome.TOS_ACKED in package com.google.android.gsf.login
07-14 12:29:24.573 W/PackageManager(  374): Unknown permission com.android.gallery3d.permission.GALLERY_PROVIDER in package com.android.bluetooth
07-14 12:29:24.573 W/PackageManager(  374): Not granting permission android.permission.INSTALL_PACKAGES to package com.mgyapp.android (protectionLevel=18 flags=0x88be44)
07-14 12:29:24.573 W/PackageManager(  374): Not granting permission android.permission.DELETE_PACKAGES to package com.mgyapp.android (protectionLevel=18 flags=0x88be44)
07-14 12:29:24.573 W/PackageManager(  374): Not granting permission android.permission.FORCE_STOP_PACKAGES to package com.mgyapp.android (protectionLevel=2 flags=0x88be44)
07-14 12:29:24.573 W/PackageManager(  374): Not granting permission android.permission.DELETE_CACHE_FILES to package com.mgyapp.android (protectionLevel=18 flags=0x88be44)
07-14 12:29:24.573 W/PackageManager(  374): Not granting permission android.permission.READ_LOGS to package com.mgyapp.android (protectionLevel=50 flags=0x88be44)
07-14 12:29:24.580 W/PackageManager(  374): Not granting permission android.permission.WRITE_SECURE_SETTINGS to package com.mgyapp.android (protectionLevel=50 flags=0x88be44)
07-14 12:29:24.580 W/PackageManager(  374): Unknown permission android.permission.READ_OWNER_DATA in package com.mgyapp.android
07-14 12:29:24.580 W/PackageManager(  374): Unknown permission android.permission.WRITE_OWNER_DATA in package com.mgyapp.android
07-14 12:29:24.580 W/PackageManager(  374): Not granting permission android.permission.ACCESS_CACHE_FILESYSTEM to package com.mgyapp.android (protectionLevel=18 flags=0x88be44)
07-14 12:29:24.580 W/PackageManager(  374): Not granting permission android.permission.WRITE_APN_SETTINGS to package com.mgyapp.android (protectionLevel=18 flags=0x88be44)
07-14 12:29:24.580 W/PackageManager(  374): Not granting permission android.permission.MOUNT_UNMOUNT_FILESYSTEMS to package com.mgyapp.android (protectionLevel=18 flags=0x88be44)
07-14 12:29:24.588 W/PackageManager(  374): Unknown permission android.permission.RECEIVE_USER_PRESENT in package com.mgyapp.android
07-14 12:29:24.588 W/PackageManager(  374): Not granting permission android.permission.MODIFY_PHONE_STATE to package com.qihoo360.mobilesafe (protectionLevel=18 flags=0x88be44)
07-14 12:29:24.588 W/PackageManager(  374): Not granting permission android.permission.WRITE_SECURE_SETTINGS to package com.qihoo360.mobilesafe (protectionLevel=50 flags=0x88be44)
07-14 12:29:24.588 W/PackageManager(  374): Not granting permission android.permission.WRITE_APN_SETTINGS to package com.qihoo360.mobilesafe (protectionLevel=18 flags=0x88be44)
07-14 12:29:24.596 W/PackageManager(  374): Not granting permission android.permission.READ_LOGS to package com.qihoo360.mobilesafe (protectionLevel=50 flags=0x88be44)
07-14 12:29:24.596 W/PackageManager(  374): Unknown permission com.qihoo360.mobilesafe_lite.permission.FORCE_CLOSE in package com.qihoo360.mobilesafe
07-14 12:29:24.596 W/PackageManager(  374): Unknown permission telecom.mdesk.permission.FORCE_CLOSE in package com.qihoo360.mobilesafe
07-14 12:29:24.596 W/PackageManager(  374): Not granting permission android.permission.INSTALL_PACKAGES to package com.qihoo360.mobilesafe (protectionLevel=18 flags=0x88be44)
07-14 12:29:24.596 W/PackageManager(  374): Not granting permission android.permission.SET_ALWAYS_FINISH to package com.qihoo360.mobilesafe (protectionLevel=50 flags=0x88be44)
07-14 12:29:24.596 W/PackageManager(  374): Unknown permission android.permission.ACCESS_SUPERUSER in package com.qihoo360.mobilesafe
07-14 12:29:24.596 W/PackageManager(  374): Unknown permission com.qihoo360.mobilesafe.shield.permission.broadcast in package com.qihoo360.mobilesafe
07-14 12:29:24.596 W/PackageManager(  374): Unknown permission com.qihoo360.contacts.permission.broadcast in package com.qihoo360.mobilesafe
07-14 12:29:24.596 W/PackageManager(  374): Unknown permission com.qihoo360.privatehome.permission.openAppActivity in package com.qihoo360.mobilesafe
07-14 12:29:24.604 W/PackageManager(  374): Not granting permission android.permission.INSTALL_PACKAGES to package com.qihoo.appstore (protectionLevel=18 flags=0x88be44)
07-14 12:29:24.604 W/PackageManager(  374): Not granting permission android.permission.DELETE_PACKAGES to package com.qihoo.appstore (protectionLevel=18 flags=0x88be44)
07-14 12:29:24.612 W/PackageManager(  374): Not granting permission android.permission.CLEAR_APP_USER_DATA to package com.qihoo.appstore (protectionLevel=2 flags=0x88be44)
07-14 12:29:24.612 W/PackageManager(  374): Not granting permission android.permission.WRITE_MEDIA_STORAGE to package com.qihoo.appstore (protectionLevel=18 flags=0x88be44)
07-14 12:29:24.612 W/PackageManager(  374): Not granting permission android.permission.ACCESS_CACHE_FILESYSTEM to package com.qihoo.appstore (protectionLevel=18 flags=0x88be44)
07-14 12:29:24.612 W/PackageManager(  374): Unknown permission android.permission.READ_OWNER_DATA in package com.qihoo.appstore
07-14 12:29:24.612 W/PackageManager(  374): Unknown permission android.permission.WRITE_OWNER_DATA in package com.qihoo.appstore
07-14 12:29:24.612 W/PackageManager(  374): Not granting permission android.permission.CHANGE_CONFIGURATION to package com.qihoo.appstore (protectionLevel=50 flags=0x88be44)
07-14 12:29:24.612 W/PackageManager(  374): Unknown permission com.htc.launcher.permission.READ_SETTINGS in package com.qihoo.appstore
07-14 12:29:24.612 W/PackageManager(  374): Not granting permission android.permission.DEVICE_POWER to package com.qihoo.appstore (protectionLevel=2 flags=0x88be44)
07-14 12:29:24.619 W/PackageManager(  374): Not granting permission android.permission.MOUNT_UNMOUNT_FILESYSTEMS to package com.qihoo.appstore (protectionLevel=18 flags=0x88be44)
07-14 12:29:24.619 W/PackageManager(  374): Unknown permission com.huaqin.launcherEx.permission.READ_SETTINGS in package com.qihoo.appstore
07-14 12:29:24.619 W/PackageManager(  374): Unknown permission com.huaqin.launcherEx.permission.WRITE_SETTINGS in package com.qihoo.appstore
07-14 12:29:24.619 W/PackageManager(  374): Unknown permission com.android.launcher.permission.READ_PHONE_STATE in package com.qihoo.appstore
07-14 12:29:24.619 W/PackageManager(  374): Unknown permission com.huawei.launcher3.permission.READ_SETTINGS in package com.qihoo.appstore
07-14 12:29:24.619 W/PackageManager(  374): Unknown permission com.qihoo360.launcher.permission.WRITE_SETTINGS in package com.qihoo.appstore
07-14 12:29:24.619 W/PackageManager(  374): Unknown permission com.qihoo360.launcher.permission.READ_SETTINGS in package com.qihoo.appstore
07-14 12:29:24.627 W/PackageManager(  374): Not granting permission android.permission.DEVICE_POWER to package com.google.android.deskclock (protectionLevel=2 flags=0xc8be45)
07-14 12:29:24.658 W/PackageManager(  374): Unknown permission android.permission.READ_OWNER_DATA in package com.google.android.setupwizard
07-14 12:29:24.658 W/PackageManager(  374): Unknown permission android.permission.WRITE_OWNER_DATA in package com.google.android.setupwizard
07-14 12:29:24.666 W/PackageManager(  374): Unknown permission android.permission.ACCESS_MTK_MMHW in package com.qihoo.permroot
07-14 12:29:24.666 W/PackageManager(  374): Unknown permission com.google.android.voicesearch.SHORTCUTS_ACCESS in package com.google.android.googlequicksearchbox
07-14 12:29:24.674 W/PackageManager(  374): Not granting permission android.permission.ACCOUNT_MANAGER to package com.google.android.music (protectionLevel=2 flags=0x88be65)
07-14 12:29:24.682 W/PackageManager(  374): Unknown permission android.permission.READ_OWNER_DATA in package com.nd.assistance
07-14 12:29:24.682 W/PackageManager(  374): Unknown permission android.permission.WRITE_OWNER_DATA in package com.nd.assistance
07-14 12:29:24.682 W/PackageManager(  374): Not granting permission android.permission.DEVICE_POWER to package com.nd.assistance (protectionLevel=2 flags=0x80ae46)
07-14 12:29:24.682 W/PackageManager(  374): Unknown permission com.android.providers.im.permission.READ_ONLY in package com.google.android.apps.maps
07-14 12:29:24.682 W/PackageManager(  374): Unknown permission android.permission.ACCESS_SUPERUSER in package com.jrummy.root.browser
07-14 12:29:24.690 W/PackageManager(  374): Not granting permission android.permission.ACCESS_CHECKIN_PROPERTIES to package com.google.android.apps.googlevoice (protectionLevel=18 flags=0x8be44)
07-14 12:29:24.690 W/PackageManager(  374): Unknown permission com.google.android.apps.googlevoice.REMOTE_INTENT in package com.google.android.apps.googlevoice
07-14 12:29:24.690 W/PackageManager(  374): Unknown permission com.google.android.permission.RECEIVE_DATA_MESSAGE in package com.google.android.apps.googlevoice
07-14 12:29:24.690 W/PackageManager(  374): Unknown permission com.google.android.permission.SEND_DATA_MESSAGE in package com.google.android.apps.googlevoice
07-14 12:29:24.690 W/PackageManager(  374): Unknown permission com.android.providers.voicemail.permission.READ_WRITE_ALL_VOICEMAIL in package com.google.android.apps.googlevoice
07-14 12:29:24.690 W/PackageManager(  374): Unknown permission com.android.providers.voicemail.permission.READ_WRITE_OWN_VOICEMAIL in package com.google.android.apps.googlevoice
07-14 12:29:24.690 W/PackageManager(  374): Not granting permission com.google.android.apps.dashclock.permission.READ_EXTENSION_DATA to package com.betterapps.dashclock (protectionLevel=2 flags=0x8bbe44)
07-14 12:29:24.690 W/PackageManager(  374): Not granting permission android.permission.READ_LOGS to package com.pekall.emdm (protectionLevel=50 flags=0x88be46)
07-14 12:29:24.690 W/PackageManager(  374): Not granting permission android.permission.BIND_APPWIDGET to package com.pekall.emdm (protectionLevel=18 flags=0x88be46)
07-14 12:29:24.698 W/PackageManager(  374): Unknown permission com.pekall.emdm.launcher.permission.READ_SETTINGS in package com.pekall.emdm
07-14 12:29:24.698 W/PackageManager(  374): Unknown permission com.pekall.emdm.launcher.permission.WRITE_SETTINGS in package com.pekall.emdm
07-14 12:29:24.698 W/PackageManager(  374): Not granting permission android.permission.CHANGE_CONFIGURATION to package com.pekall.emdm (protectionLevel=50 flags=0x88be46)
07-14 12:29:24.698 W/PackageManager(  374): Not granting permission android.permission.INSTALL_PACKAGES to package com.pekall.emdm (protectionLevel=18 flags=0x88be46)
07-14 12:29:24.698 W/PackageManager(  374): Unknown permission android.permission.sec.ENTERPRISE_DEVICE_ADMIN in package com.pekall.emdm
07-14 12:29:24.698 W/PackageManager(  374): Unknown permission android.permission.sec.MDM_APP_MGMT in package com.pekall.emdm
07-14 12:29:24.698 W/PackageManager(  374): Unknown permission android.permission.sec.MDM_BLUETOOTH in package com.pekall.emdm
07-14 12:29:24.698 W/PackageManager(  374): Unknown permission android.permission.sec.MDM_INVENTORY in package com.pekall.emdm
07-14 12:29:24.698 W/PackageManager(  374): Unknown permission android.permission.sec.MDM_EXCHANGE in package com.pekall.emdm
07-14 12:29:24.698 W/PackageManager(  374): Unknown permission android.permission.sec.MDM_ROAMING in package com.pekall.emdm
07-14 12:29:24.698 W/PackageManager(  374): Unknown permission android.permission.sec.MDM_WIFI in package com.pekall.emdm
07-14 12:29:24.698 W/PackageManager(  374): Unknown permission android.permission.sec.MDM_SECURITY in package com.pekall.emdm
07-14 12:29:24.698 W/PackageManager(  374): Unknown permission android.permission.sec.MDM_HW_CONTROL in package com.pekall.emdm
07-14 12:29:24.698 W/PackageManager(  374): Unknown permission android.permission.sec.MDM_RESTRICTION in package com.pekall.emdm
07-14 12:29:24.698 W/PackageManager(  374): Unknown permission android.permission.sec.MDM_LOCATION in package com.pekall.emdm
07-14 12:29:24.698 W/PackageManager(  374): Not granting permission android.permission.INTERACT_ACROSS_USERS_FULL to package com.pekall.emdm (protectionLevel=2 flags=0x88be46)
07-14 12:29:24.698 W/PackageManager(  374): Unknown permission android.permission.sec.MDM_CALLING in package com.pekall.emdm
07-14 12:29:24.698 W/PackageManager(  374): Unknown permission android.permission.sec.MDM_EMAIL in package com.pekall.emdm
07-14 12:29:24.705 W/PackageManager(  374): Unknown permission android.permission.sec.MDM_VPN in package com.pekall.emdm
07-14 12:29:24.705 W/PackageManager(  374): Unknown permission android.permission.sec.MDM_APN in package com.pekall.emdm
07-14 12:29:24.705 W/PackageManager(  374): Unknown permission android.permission.sec.MDM_PHONE_RESTRICTION in package com.pekall.emdm
07-14 12:29:24.705 W/PackageManager(  374): Unknown permission android.permission.sec.MDM_BROWSER_SETTINGS in package com.pekall.emdm
07-14 12:29:24.705 W/PackageManager(  374): Unknown permission android.permission.sec.MDM_DATE_TIME in package com.pekall.emdm
07-14 12:29:24.705 W/PackageManager(  374): Unknown permission android.permission.sec.MDM_ENTERPRISE_VPN in package com.pekall.emdm
07-14 12:29:24.705 W/PackageManager(  374): Unknown permission android.permission.sec.MDM_FIREWALL in package com.pekall.emdm
07-14 12:29:24.705 W/PackageManager(  374): Unknown permission android.permission.sec.MDM_APP_PERMISSION_MGMT in package com.pekall.emdm
07-14 12:29:24.705 W/PackageManager(  374): Unknown permission android.permission.sec.MDM_KIOSK_MODE in package com.pekall.emdm
07-14 12:29:24.705 W/PackageManager(  374): Not granting permission android.permission.ACCESS_DOWNLOAD_MANAGER to package com.pekall.emdm (protectionLevel=18 flags=0x88be46)
07-14 12:29:24.705 W/PackageManager(  374): Not granting permission android.permission.SEND_DOWNLOAD_COMPLETED_INTENTS to package com.pekall.emdm (protectionLevel=2 flags=0x88be46)
07-14 12:29:24.705 W/PackageManager(  374): Unknown permission com.pekall.emdm.browser.permission.READ_HISTORY_BOOKMARKS in package com.pekall.emdm
07-14 12:29:24.705 W/PackageManager(  374): Unknown permission com.pekall.emdm.browser.permission.WRITE_HISTORY_BOOKMARKS in package com.pekall.emdm
07-14 12:29:24.705 W/PackageManager(  374): Unknown permission com.pekall.semail.permission.READ_ATTACHMENT in package com.pekall.emdm
07-14 12:29:24.705 W/PackageManager(  374): Unknown permission com.pekall.semail.permission.ACCESS_PROVIDER in package com.pekall.emdm
07-14 12:29:24.713 W/PackageManager(  374): Not granting permission android.permission.WRITE_APN_SETTINGS to package com.dragon.android.pandaspace (protectionLevel=18 flags=0x80be44)
07-14 12:29:24.713 W/PackageManager(  374): Not granting permission android.permission.INSTALL_PACKAGES to package com.dragon.android.pandaspace (protectionLevel=18 flags=0x80be44)
07-14 12:29:24.713 W/PackageManager(  374): Not granting permission android.permission.CHANGE_CONFIGURATION to package com.dragon.android.pandaspace (protectionLevel=50 flags=0x80be44)
07-14 12:29:24.713 W/PackageManager(  374): Not granting permission android.permission.READ_LOGS to package com.dragon.android.pandaspace (protectionLevel=50 flags=0x80be44)
07-14 12:29:24.713 W/PackageManager(  374): Not granting permission android.permission.PACKAGE_USAGE_STATS to package com.dragon.android.pandaspace (protectionLevel=18 flags=0x80be44)
07-14 12:29:24.713 W/PackageManager(  374): Not granting permission android.permission.MOUNT_UNMOUNT_FILESYSTEMS to package com.dragon.android.pandaspace (protectionLevel=18 flags=0x80be44)
07-14 12:29:24.713 W/PackageManager(  374): Not granting permission android.permission.SET_ACTIVITY_WATCHER to package com.dragon.android.pandaspace (protectionLevel=2 flags=0x80be44)
07-14 12:29:24.713 W/PackageManager(  374): Not granting permission android.permission.DELETE_PACKAGES to package com.dragon.android.pandaspace (protectionLevel=18 flags=0x80be44)
07-14 12:29:24.713 W/PackageManager(  374): Not granting permission android.permission.CHANGE_COMPONENT_ENABLED_STATE to package com.dragon.android.pandaspace (protectionLevel=18 flags=0x80be44)
07-14 12:29:24.721 W/PackageManager(  374): Not granting permission android.permission.SEND_DOWNLOAD_COMPLETED_INTENTS to package com.android.vending (protectionLevel=2 flags=0x8abe45)
07-14 12:29:24.721 W/PackageManager(  374): Unknown permission android.permission.SEND_SMS_NO_CONFIRMATION in package com.android.vending
07-14 12:29:24.721 W/PackageManager(  374): Unknown permission android.permission.ACCESS_SUPERUSER in package com.speedsoftware.rootexplorer
07-14 12:29:24.721 W/PackageManager(  374): Not granting permission android.permission.WRITE_SECURE_SETTINGS to package com.pekall.nmefc (protectionLevel=50 flags=0x88be44)
07-14 12:29:24.721 W/PackageManager(  374): Unknown permission android.permission.ACCESS_GPS in package com.pekall.nmefc
07-14 12:29:24.721 W/PackageManager(  374): Unknown permission android.permission.BAIDU_LOCATION_SERVICE in package com.pekall.nmefc
07-14 12:29:24.721 W/PackageManager(  374): Not granting permission android.permission.MOUNT_UNMOUNT_FILESYSTEMS to package com.pekall.nmefc (protectionLevel=18 flags=0x88be44)
07-14 12:29:24.729 W/PackageManager(  374): Not granting permission android.permission.READ_DREAM_STATE to package com.google.android.gsf (protectionLevel=2 flags=0x883e45)
07-14 12:29:24.932 I/ActivityManager(  374): Displayed com.android.packageinstaller/.UninstallAppProgress: +517ms
07-14 12:29:24.948 D/keystore(  130): calling clear_uid in state: 2
07-14 12:29:24.955 I/ActivityManager(  374): Force stopping package com.moji.mjweather appid=10082 user=0
07-14 12:29:25.026 D/dalvikvm( 6774): GC_EXPLICIT freed 126K, 2% free 9141K/9304K, paused 3ms+5ms, total 50ms
07-14 12:29:25.065 D/dalvikvm(  636): GC_EXPLICIT freed 813K, 12% free 12654K/14220K, paused 7ms+7ms, total 90ms
07-14 12:29:25.135 D/dalvikvm( 2221): GC_EXPLICIT freed 50K, 6% free 9541K/10108K, paused 2ms+6ms, total 82ms
07-14 12:29:25.174 D/dalvikvm(  595): GC_EXPLICIT freed 1322K, 17% free 14927K/17872K, paused 3ms+7ms, total 85ms
07-14 12:29:25.252 D/dalvikvm( 1052): GC_EXPLICIT freed 713K, 11% free 9993K/11168K, paused 4ms+10ms, total 283ms
07-14 12:29:25.260 I/Launcher(  595): Deferring update until onResume
07-14 12:29:25.393 I/InputReader(  374): Reconfiguring input devices.  changes=0x00000010
07-14 12:29:25.487 D/dalvikvm( 5090): GC_EXPLICIT freed 82K, 6% free 10056K/10676K, paused 3ms+12ms, total 326ms
07-14 12:29:25.549 D/dalvikvm( 6152): GC_FOR_ALLOC freed 361K, 7% free 9312K/9956K, paused 135ms, total 136ms
07-14 12:29:25.612 I/Launcher(  595): Deferring update until onResume
07-14 12:29:25.619 D/dalvikvm( 3494): GC_EXPLICIT freed 2590K, 19% free 20082K/24516K, paused 9ms+143ms, total 550ms
07-14 12:29:25.619 W/PluginManager( 3494): Can't find plugin: com.moji.mjweather
07-14 12:29:25.619 W/CursorWrapperInner( 3494): Cursor finalized without prior close()
07-14 12:29:25.619 W/CursorWrapperInner( 3494): Cursor finalized without prior close()
07-14 12:29:25.627 W/CursorWrapperInner( 3494): Cursor finalized without prior close()
07-14 12:29:25.635 W/CursorWrapperInner( 3494): Cursor finalized without prior close()
07-14 12:29:25.651 W/BackupManagerService(  374): dataChanged but no participant pkg='com.android.providers.settings' uid=10079
07-14 12:29:25.682 I/ActivityManager(  374): START u0 {act=android.intent.action.MAIN cat=[android.intent.category.HOME] flg=0x10200000 cmp=com.android.launcher/com.android.launcher2.Launcher} from pid 374
07-14 12:29:25.768 W/MountService(  374): getVolumeState(/storage/emulated/0/external_sd): Unknown volume
07-14 12:29:25.768 W/MountService(  374): getVolumeState(/mnt/sdcard-ext): Unknown volume
07-14 12:29:25.768 W/MountService(  374): getVolumeState(/mnt/ext_sdcard): Unknown volume
07-14 12:29:25.783 D/dalvikvm( 2060): GC_EXPLICIT freed 476K, 11% free 14494K/16172K, paused 10ms+50ms, total 592ms
07-14 12:29:25.783 W/MountService(  374): getVolumeState(/mnt/sdcard2): Unknown volume
07-14 12:29:25.783 W/MountService(  374): getVolumeState(/mnt/emmc): Unknown volume
07-14 12:29:25.783 W/MountService(  374): getVolumeState(/mnt/extSdCard): Unknown volume
07-14 12:29:25.783 W/MountService(  374): getVolumeState(/mnt/sdcard/SD_CARD): Unknown volume
07-14 12:29:25.783 W/MountService(  374): getVolumeState(/mnt/sdcard/extra_sd): Unknown volume
07-14 12:29:25.791 W/MountService(  374): getVolumeState(/mnt/extrasd_bind): Unknown volume
07-14 12:29:25.791 W/MountService(  374): getVolumeState(/mnt/sdcard/ext_sd): Unknown volume
07-14 12:29:25.791 W/MountService(  374): getVolumeState(/storage/extSdCard): Unknown volume
07-14 12:29:25.791 W/MountService(  374): getVolumeState(/storage/sdcard1): Unknown volume
07-14 12:29:25.791 W/MountService(  374): getVolumeState(/mnt/sdcard/external_SD): Unknown volume
07-14 12:29:25.799 W/MountService(  374): getVolumeState(/mnt/sdcard/external_sd): Unknown volume
07-14 12:29:25.807 D/BackupManagerService(  374): Received broadcast Intent { act=android.intent.action.PACKAGE_REMOVED dat=package:com.moji.mjweather flg=0x8000010 (has extras) }
07-14 12:29:25.815 V/BackupManagerService(  374): removePackageParticipantsLocked: uid=10082 #1
07-14 12:29:25.885 D/dalvikvm(  874): GC_CONCURRENT freed 1732K, 17% free 9663K/11548K, paused 9ms+6ms, total 186ms
07-14 12:29:25.908 W/BackupManagerService(  374): dataChanged but no participant pkg='com.android.providers.settings' uid=10079
07-14 12:29:25.924 I/Launcher(  595): Deferring update until onResume
07-14 12:29:26.088 D/dalvikvm( 6152): GC_CONCURRENT freed 294K, 5% free 9530K/9956K, paused 17ms+4ms, total 62ms
07-14 12:29:26.088 D/dalvikvm( 6152): WAIT_FOR_CONCURRENT_GC blocked 15ms
07-14 12:29:26.096 D/dalvikvm( 6152): WAIT_FOR_CONCURRENT_GC blocked 17ms
07-14 12:29:26.112 D/dalvikvm(  374): GC_EXPLICIT freed 2191K, 30% free 19583K/27708K, paused 53ms+17ms, total 488ms
07-14 12:29:26.112 D/dalvikvm(  374): WAIT_FOR_CONCURRENT_GC blocked 341ms
07-14 12:29:26.112 D/dalvikvm(  374): WAIT_FOR_CONCURRENT_GC blocked 11ms
07-14 12:29:26.127 D/dalvikvm(  374): WAIT_FOR_CONCURRENT_GC blocked 126ms
07-14 12:29:26.205 E/AppsCustomizePagedView(  595): Widget ComponentInfo{com.pekall.emdm/com.pekall.emdm.messagecenter.view.PushMessageWidget} has invalid dimensions (480, 0)
07-14 12:29:26.479 I/ActivityManager(  374): Start proc com.google.android.gallery3d for broadcast com.google.android.gallery3d/com.android.gallery3d.app.PackagesMonitor: pid=6854 uid=10019 gids={50019, 1006, 3003, 1015, 1028}
07-14 12:29:26.510 D/VoicemailCleanupService( 2221): Cleaning up data for package: com.moji.mjweather
07-14 12:29:26.830 D/dalvikvm( 6412): GC_CONCURRENT freed 205K, 3% free 9106K/9348K, paused 9ms+3ms, total 178ms
07-14 12:29:26.924 D/dalvikvm( 6854): GC_CONCURRENT freed 336K, 4% free 9066K/9436K, paused 11ms+3ms, total 97ms
07-14 12:29:27.041 I/ActivityManager(  374): Start proc com.android.keychain for broadcast com.android.keychain/.KeyChainBroadcastReceiver: pid=6877 uid=1000 gids={41000, 1015, 1028, 3002, 3001, 3003, 3007}
07-14 12:29:27.127 W/ContextImpl( 6877): Calling a method in the system process without a qualified user: android.app.ContextImpl.startService:1385 android.content.ContextWrapper.startService:473 android.content.ContextWrapper.startService:473 com.android.keychain.KeyChainBroadcastReceiver.onReceive:12 android.app.ActivityThread.handleReceiver:2424 
07-14 12:29:27.174 D/dalvikvm( 6152): GC_CONCURRENT freed 484K, 6% free 9560K/10076K, paused 28ms+12ms, total 230ms
07-14 12:29:27.174 D/dalvikvm( 6152): WAIT_FOR_CONCURRENT_GC blocked 8ms
07-14 12:29:27.174 D/dalvikvm( 6152): WAIT_FOR_CONCURRENT_GC blocked 8ms
07-14 12:29:27.252 W/MountService(  374): getVolumeState(/storage/emulated/0/external_sd): Unknown volume
07-14 12:29:27.252 W/MountService(  374): getVolumeState(/mnt/sdcard-ext): Unknown volume
07-14 12:29:27.252 W/MountService(  374): getVolumeState(/mnt/ext_sdcard): Unknown volume
07-14 12:29:27.252 W/MountService(  374): getVolumeState(/mnt/sdcard2): Unknown volume
07-14 12:29:27.260 W/MountService(  374): getVolumeState(/mnt/emmc): Unknown volume
07-14 12:29:27.260 W/MountService(  374): getVolumeState(/mnt/extSdCard): Unknown volume
07-14 12:29:27.260 W/MountService(  374): getVolumeState(/mnt/sdcard/SD_CARD): Unknown volume
07-14 12:29:27.260 W/MountService(  374): getVolumeState(/mnt/sdcard/extra_sd): Unknown volume
07-14 12:29:27.260 W/MountService(  374): getVolumeState(/mnt/extrasd_bind): Unknown volume
07-14 12:29:27.260 W/MountService(  374): getVolumeState(/mnt/sdcard/ext_sd): Unknown volume
07-14 12:29:27.276 W/MountService(  374): getVolumeState(/storage/extSdCard): Unknown volume
07-14 12:29:27.283 W/MountService(  374): getVolumeState(/storage/sdcard1): Unknown volume
07-14 12:29:27.283 W/MountService(  374): getVolumeState(/mnt/sdcard/external_SD): Unknown volume
07-14 12:29:27.283 W/MountService(  374): getVolumeState(/mnt/sdcard/external_sd): Unknown volume
07-14 12:29:27.323 D/dalvikvm( 6152): GC_CONCURRENT freed 363K, 5% free 9682K/10108K, paused 4ms+4ms, total 45ms
07-14 12:29:27.323 D/dalvikvm( 6152): WAIT_FOR_CONCURRENT_GC blocked 26ms
07-14 12:29:27.323 D/dalvikvm( 6152): WAIT_FOR_CONCURRENT_GC blocked 24ms
07-14 12:29:27.448 I/Choreographer(  595): Skipped 74 frames!  The application may be doing too much work on its main thread.
07-14 12:29:27.510 D/dalvikvm(  450): GC_CONCURRENT freed 1525K, 11% free 13608K/15172K, paused 3ms+23ms, total 132ms
07-14 12:29:27.955 D/dalvikvm( 3453): GC_CONCURRENT freed 283K, 4% free 9268K/9588K, paused 29ms+6ms, total 99ms
07-14 12:29:28.057 D/dalvikvm(  624): null clazz in OP_INSTANCE_OF, single-stepping
07-14 12:29:28.057 D/mdm_log ( 3494): [null:-1]->action is : android.intent.action.PACKAGE_REMOVED
07-14 12:29:28.096 D/DB      ( 3494): query: SQLiteQuery: SELECT * FROM app WHERE readStatus =0
07-14 12:29:28.096 D/DB      ( 3494): factory null
07-14 12:29:28.096 D/DB      ( 3494): fillWindow: 0
07-14 12:29:28.104 D/DB      ( 3494): cursor 0
07-14 12:29:28.104 E/Mdm     ( 3494): Call Mdm service's recordIconCount function
07-14 12:29:28.213 W/ResourceType(  595): No known package when getting name for resource number 0x9c020000
07-14 12:29:28.213 W/ResourceType(  595): No known package when getting name for resource number 0x9c020002
07-14 12:29:28.221 D/dalvikvm( 1146): GC_CONCURRENT freed 360K, 6% free 9271K/9804K, paused 9ms+5ms, total 45ms
07-14 12:29:28.221 D/dalvikvm( 1146): WAIT_FOR_CONCURRENT_GC blocked 24ms
07-14 12:29:28.260 W/ResourceType(  595): No known package when getting name for resource number 0x9b000000
07-14 12:29:28.260 W/ResourceType(  595): No known package when getting name for resource number 0x9b010100
07-14 12:29:28.260 W/ResourceType(  595): No known package when getting name for resource number 0x9b030300
07-14 12:29:28.260 W/ResourceType(  595): No known package when getting name for resource number 0x9b040400
07-14 12:29:28.268 I/QueryController( 6792): Matched selector: UiSelector[DESCRIPTION=, PACKAGE NAME=com.android.launcher] <<==>> [android.view.accessibility.AccessibilityNodeInfo@1fe6e; boundsInParent: Rect(524232, 0 - 524360, 128); boundsInScreen: Rect(296, 1040 - 424, 1168); packageName: com.android.launcher; className: android.widget.TextView; text: null; contentDescription: ; viewIdResName: null; checkable: false; checked: false; focusable: true; focused: false; selected: false; clickable: true; longClickable: false; enabled: true; password: false; scrollable: false; [ACTION_FOCUS, ACTION_SELECT, ACTION_CLEAR_SELECTION, ACTION_CLICK, ACTION_ACCESSIBILITY_FOCUS]]
07-14 12:29:28.268 D/InteractionController( 6792): clickAndWaitForNewWindow(360, 1104)
07-14 12:29:28.338 I/ActivityManager(  374): Start proc com.qihoo.root for broadcast com.qihoo.root/.UninstallReceiver: pid=6911 uid=10078 gids={50078, 1015, 3003, 1028}
07-14 12:29:28.354 I/dalvikvm( 6911): Turning on JNI app bug workarounds for target SDK version 7...
07-14 12:29:28.440 D/dalvikvm( 6911): Trying to load lib /data/data/com.qihoo.root/lib/libnativeutil.so 0x42811418
07-14 12:29:28.448 D/dalvikvm( 6911): Added shared lib /data/data/com.qihoo.root/lib/libnativeutil.so 0x42811418
07-14 12:29:28.455 I/ActivityManager(  374): No longer want com.google.android.talk (pid 6069): empty #17
07-14 12:29:29.237 I/QueryController( 6792): Matched selector: UiSelector[TEXT=] <<==>> [android.view.accessibility.AccessibilityNodeInfo@6c634; boundsInParent: Rect(0, 0 - 148, 184); boundsInScreen: Rect(16, 958 - 164, 1142); packageName: com.android.launcher; className: android.widget.TextView; text: ; contentDescription: null; viewIdResName: null; checkable: false; checked: false; focusable: true; focused: false; selected: false; clickable: true; longClickable: true; enabled: true; password: false; scrollable: false; [ACTION_FOCUS, ACTION_SELECT, ACTION_CLEAR_SELECTION, ACTION_CLICK, ACTION_LONG_CLICK, ACTION_ACCESSIBILITY_FOCUS, ACTION_NEXT_AT_MOVEMENT_GRANULARITY, ACTION_PREVIOUS_AT_MOVEMENT_GRANULARITY, ACTION_SET_SELECTION]]
07-14 12:29:29.330 I/QueryController( 6792): Matched selector: UiSelector[TEXT=] <<==>> [android.view.accessibility.AccessibilityNodeInfo@6c634; boundsInParent: Rect(0, 0 - 148, 184); boundsInScreen: Rect(16, 958 - 164, 1142); packageName: com.android.launcher; className: android.widget.TextView; text: ; contentDescription: null; viewIdResName: null; checkable: false; checked: false; focusable: true; focused: false; selected: false; clickable: true; longClickable: true; enabled: true; password: false; scrollable: false; [ACTION_FOCUS, ACTION_SELECT, ACTION_CLEAR_SELECTION, ACTION_CLICK, ACTION_LONG_CLICK, ACTION_ACCESSIBILITY_FOCUS, ACTION_NEXT_AT_MOVEMENT_GRANULARITY, ACTION_PREVIOUS_AT_MOVEMENT_GRANULARITY, ACTION_SET_SELECTION]]
07-14 12:29:29.338 D/InteractionController( 6792): clickAndWaitForNewWindow(90, 1050)
07-14 12:29:29.510 I/ActivityManager(  374): START u0 {act=android.intent.action.MAIN cat=[android.intent.category.LAUNCHER] flg=0x10200000 cmp=com.pekall.emdm/.ui.SplashActivity} from pid 595
07-14 12:29:29.666 D/dalvikvm(  374): GC_FOR_ALLOC freed 2663K, 32% free 19059K/27708K, paused 96ms, total 98ms
07-14 12:29:29.721 D/MdmApplication( 3494): [null:-1]->onActivityStarted contacts.activities.DialtactsActivity , mActivityCount = 1
07-14 12:29:29.721 D/MDM :   ( 3494): [null:-1]->query
07-14 12:29:29.721 D/MDM :   ( 3494): [null:-1]->QUERY_PINCODE_CHECK_RESULT
07-14 12:29:29.729 D/ContactsProvider( 3494): [Contacts] query 'content://emdmcontacts/company_calllogs', segment size: 1
07-14 12:29:29.760 V/PhoneStatusBar(  450): setLightsOn(true)
07-14 12:29:29.815 D/Assistant( 3494): [---null: -1---]  changeCursor
07-14 12:29:29.815 D/Assistant( 3494): [---null: -1---]  findGroups
07-14 12:29:29.815 D/Assistant( 3494): [---null: -1---]  addGroup
07-14 12:29:29.823 D/Assistant( 3494): [---null: -1---]  addGroup
07-14 12:29:29.823 D/Assistant( 3494): [---null: -1---]  addGroup
07-14 12:29:29.823 D/Assistant( 3494): [---null: -1---]  addGroup
07-14 12:29:29.823 D/Assistant( 3494): [---null: -1---]  addGroup
07-14 12:29:29.838 E/CursorWindow( 3494): Failed to read row 0, column -1 from a CursorWindow which has 38 rows, 9 columns.
07-14 12:29:29.838 D/CallLogAdapter( 3494): java.lang.IllegalStateException: Couldn't read row 0, col -1 from CursorWindow.  Make sure the Cursor is initialized correctly before accessing data from it.
07-14 12:29:29.838 D/CallLogAdapter( 3494): ======no department find======
07-14 12:29:29.838 D/CALLLOGADAPTER( 3494): ++++++++++++++++++================================
07-14 12:29:29.838 D/ContactsProvider( 3494): [Contacts] query 'content://emdmcontacts/company_calllogs', segment size: 1
07-14 12:29:29.854 D/CallLogAdapter( 3494): quickContactView.number=============13220164537
07-14 12:29:29.854 D/CallLogAdapter( 3494): quickContactView.contactUri=============null
07-14 12:29:29.854 D/ContactsProvider( 3494): [Contacts] query 'content://emdmcontacts/contacts', segment size: 1
07-14 12:29:29.862 E/CursorWindow( 3494): Failed to read row 1, column -1 from a CursorWindow which has 38 rows, 9 columns.
07-14 12:29:29.862 D/CallLogAdapter( 3494): java.lang.IllegalStateException: Couldn't read row 1, col -1 from CursorWindow.  Make sure the Cursor is initialized correctly before accessing data from it.
07-14 12:29:29.862 D/CallLogAdapter( 3494): ======no department find======
07-14 12:29:29.869 D/CALLLOGADAPTER( 3494): ++++++++++++++++++================================
07-14 12:29:29.869 D/ContactsProvider( 3494): [Contacts] query 'content://emdmcontacts/company_calllogs', segment size: 1
07-14 12:29:29.885 D/CallLogAdapter( 3494): quickContactView.number=============01056299605
07-14 12:29:29.885 D/CallLogAdapter( 3494): quickContactView.contactUri=============null
07-14 12:29:29.885 D/ContactsProvider( 3494): [Contacts] query 'content://emdmcontacts/contacts', segment size: 1
07-14 12:29:29.901 E/CursorWindow( 3494): Failed to read row 4, column -1 from a CursorWindow which has 38 rows, 9 columns.
07-14 12:29:29.901 D/CallLogAdapter( 3494): java.lang.IllegalStateException: Couldn't read row 4, col -1 from CursorWindow.  Make sure the Cursor is initialized correctly before accessing data from it.
07-14 12:29:29.901 D/CallLogAdapter( 3494): ======no department find======
07-14 12:29:29.908 D/CALLLOGADAPTER( 3494): ++++++++++++++++++================================
07-14 12:29:29.908 D/ContactsProvider( 3494): [Contacts] query 'content://emdmcontacts/company_calllogs', segment size: 1
07-14 12:29:29.916 D/CallLogAdapter( 3494): quickContactView.number=============13263318053
07-14 12:29:29.916 D/CallLogAdapter( 3494): quickContactView.contactUri=============null
07-14 12:29:29.924 D/ContactsProvider( 3494): [Contacts] query 'content://emdmcontacts/contacts', segment size: 1
07-14 12:29:29.924 D/dalvikvm( 1052): GC_CONCURRENT freed 108K, 8% free 10331K/11168K, paused 26ms+3ms, total 82ms
07-14 12:29:29.932 E/CursorWindow( 3494): Failed to read row 5, column -1 from a CursorWindow which has 38 rows, 9 columns.
07-14 12:29:29.932 D/CallLogAdapter( 3494): java.lang.IllegalStateException: Couldn't read row 5, col -1 from CursorWindow.  Make sure the Cursor is initialized correctly before accessing data from it.
07-14 12:29:29.932 D/CallLogAdapter( 3494): ======no department find======
07-14 12:29:29.932 D/CALLLOGADAPTER( 3494): ++++++++++++++++++================================
07-14 12:29:29.932 D/ContactsProvider( 3494): [Contacts] query 'content://emdmcontacts/company_calllogs', segment size: 1
07-14 12:29:29.948 D/CallLogAdapter( 3494): quickContactView.number=============13522849951
07-14 12:29:29.948 D/CallLogAdapter( 3494): quickContactView.contactUri=============null
07-14 12:29:29.948 D/ContactsProvider( 3494): [Contacts] query 'content://emdmcontacts/contacts', segment size: 1
07-14 12:29:29.955 E/CursorWindow( 3494): Failed to read row 6, column -1 from a CursorWindow which has 38 rows, 9 columns.
07-14 12:29:29.955 D/CallLogAdapter( 3494): java.lang.IllegalStateException: Couldn't read row 6, col -1 from CursorWindow.  Make sure the Cursor is initialized correctly before accessing data from it.
07-14 12:29:29.955 D/CallLogAdapter( 3494): ======no department find======
07-14 12:29:29.955 D/CALLLOGADAPTER( 3494): ++++++++++++++++++================================
07-14 12:29:29.955 D/ContactsProvider( 3494): [Contacts] query 'content://emdmcontacts/company_calllogs', segment size: 1
07-14 12:29:29.971 D/CallLogAdapter( 3494): quickContactView.number=============15010093591
07-14 12:29:29.971 D/CallLogAdapter( 3494): quickContactView.contactUri=============null
07-14 12:29:29.971 D/ContactsProvider( 3494): [Contacts] query 'content://emdmcontacts/contacts', segment size: 1
07-14 12:29:30.252 I/ActivityManager(  374): No longer want com.google.android.apps.maps:FriendService (pid 6092): empty #17
07-14 12:29:30.588 I/QueryController( 6792): Matched selector: UiSelector[PACKAGE NAME=com.pekall.emdm] <<==>> [android.view.accessibility.AccessibilityNodeInfo@e17b8; boundsInParent: Rect(0, 0 - 720, 1184); boundsInScreen: Rect(0, 0 - 720, 1184); packageName: com.pekall.emdm; className: android.widget.FrameLayout; text: null; contentDescription: null; viewIdResName: null; checkable: false; checked: false; focusable: false; focused: false; selected: false; clickable: false; longClickable: false; enabled: true; password: false; scrollable: false; [ACTION_SELECT, ACTION_CLEAR_SELECTION, ACTION_ACCESSIBILITY_FOCUS]]
07-14 12:29:30.854 D/dalvikvm(  374): GC_FOR_ALLOC freed 1270K, 32% free 18946K/27708K, paused 95ms, total 95ms
07-14 12:29:30.869 D/MdmApplication( 3494): [null:-1]->onActivityPaused contacts.activities.DialtactsActivity , mActivityCount = 2
07-14 12:29:30.877 D/MDM :   ( 3494): [null:-1]->query
07-14 12:29:30.877 D/MDM :   ( 3494): [null:-1]->QUERY_PINCODE_CHECK_RESULT
07-14 12:29:30.877 E/Mdm     ( 3494): Call Mdm service's setLastExitTime function
07-14 12:29:30.901 W/MountService(  374): getVolumeState(/storage/emulated/0/external_sd): Unknown volume
07-14 12:29:30.901 W/MountService(  374): getVolumeState(/mnt/sdcard-ext): Unknown volume
07-14 12:29:30.901 W/MountService(  374): getVolumeState(/mnt/ext_sdcard): Unknown volume
07-14 12:29:30.901 W/MountService(  374): getVolumeState(/mnt/sdcard2): Unknown volume
07-14 12:29:30.901 W/MountService(  374): getVolumeState(/mnt/emmc): Unknown volume
07-14 12:29:30.901 W/MountService(  374): getVolumeState(/mnt/extSdCard): Unknown volume
07-14 12:29:30.908 D/MdmApplication( 3494): [null:-1]->onActivityStarted ui.MainActivity , mActivityCount = 1
07-14 12:29:30.908 D/MDM :   ( 3494): [null:-1]->query
07-14 12:29:30.908 D/MDM :   ( 3494): [null:-1]->QUERY_PINCODE_CHECK_RESULT
07-14 12:29:30.908 W/MountService(  374): getVolumeState(/mnt/sdcard/SD_CARD): Unknown volume
07-14 12:29:30.908 W/MountService(  374): getVolumeState(/mnt/sdcard/extra_sd): Unknown volume
07-14 12:29:30.908 W/MountService(  374): getVolumeState(/mnt/extrasd_bind): Unknown volume
07-14 12:29:30.908 W/MountService(  374): getVolumeState(/mnt/sdcard/ext_sd): Unknown volume
07-14 12:29:30.908 W/MountService(  374): getVolumeState(/storage/extSdCard): Unknown volume
07-14 12:29:30.908 W/MountService(  374): getVolumeState(/storage/sdcard1): Unknown volume
07-14 12:29:30.908 W/MountService(  374): getVolumeState(/mnt/sdcard/external_SD): Unknown volume
07-14 12:29:30.916 W/MountService(  374): getVolumeState(/mnt/sdcard/external_sd): Unknown volume
07-14 12:29:30.955 D/dalvikvm( 6152): GC_FOR_ALLOC freed 745K, 9% free 9350K/10212K, paused 30ms, total 31ms
07-14 12:29:31.026 D/dalvikvm( 6152): GC_CONCURRENT freed 101K, 9% free 9356K/10212K, paused 9ms+3ms, total 72ms
07-14 12:29:31.221 I/TransInfo( 3494): TransInfo created, id: 5, class: class com.pekall.emdm.transaction.b.p
07-14 12:29:31.221 D/NetworkThread( 3494): [null:-1]->----isRunning-----true
07-14 12:29:31.221 D/NetworkThread( 3494): [null:-1]->----isRunning-----true
07-14 12:29:31.221 D/NetworkThread( 3494): [null:-1]->thread wakeup
07-14 12:29:31.221 D/HttpClient( 3494): enable apache.http debug
07-14 12:29:31.229 V/DEBUG   ( 3494): HTTP 0
07-14 12:29:31.362 W/MountService(  374): getVolumeState(/storage/emulated/0/external_sd): Unknown volume
07-14 12:29:31.362 W/MountService(  374): getVolumeState(/mnt/sdcard-ext): Unknown volume
07-14 12:29:31.369 W/MountService(  374): getVolumeState(/mnt/ext_sdcard): Unknown volume
07-14 12:29:31.369 W/MountService(  374): getVolumeState(/mnt/sdcard2): Unknown volume
07-14 12:29:31.369 W/MountService(  374): getVolumeState(/mnt/emmc): Unknown volume
07-14 12:29:31.369 W/MountService(  374): getVolumeState(/mnt/extSdCard): Unknown volume
07-14 12:29:31.369 W/MountService(  374): getVolumeState(/mnt/sdcard/SD_CARD): Unknown volume
07-14 12:29:31.377 W/MountService(  374): getVolumeState(/mnt/sdcard/extra_sd): Unknown volume
07-14 12:29:31.377 W/MountService(  374): getVolumeState(/mnt/extrasd_bind): Unknown volume
07-14 12:29:31.385 D/dalvikvm( 6152): GC_CONCURRENT freed 496K, 9% free 9371K/10212K, paused 16ms+4ms, total 60ms
07-14 12:29:31.385 D/dalvikvm( 6152): WAIT_FOR_CONCURRENT_GC blocked 10ms
07-14 12:29:31.385 D/dalvikvm( 6152): WAIT_FOR_CONCURRENT_GC blocked 9ms
07-14 12:29:31.385 W/MountService(  374): getVolumeState(/mnt/sdcard/ext_sd): Unknown volume
07-14 12:29:31.393 W/MountService(  374): getVolumeState(/storage/extSdCard): Unknown volume
07-14 12:29:31.393 W/MountService(  374): getVolumeState(/storage/sdcard1): Unknown volume
07-14 12:29:31.393 W/MountService(  374): getVolumeState(/mnt/sdcard/external_SD): Unknown volume
07-14 12:29:31.393 W/MountService(  374): getVolumeState(/mnt/sdcard/external_sd): Unknown volume
07-14 12:29:31.580 D/AssistantCallLogFragment( 3494): [---null: -1---]onDestroyView==============
07-14 12:29:31.588 D/DefaultContactBrowseListFragment( 3494): onDestroyView==============
07-14 12:29:31.588 V/DEBUG   ( 3494): HTTP 1
07-14 12:29:31.596 D/MDM :   ( 3494): [null:-1]->MSG_WEBSOCKET_MESSAGE : {"id":-595844100,"type":0,"command":0,"result":0,"reason":0,"params":{"msgId":"346fd470-227c-4770-bf6e-f46698379610,346fd470227c4770bf6ef46698379610","device":"ffffffffc539bb10fffffffff7aea961","message":"{\"cmd\":\"10119\"}"}}
07-14 12:29:31.596 D/NetworkThread( 3494): [null:-1]->queue is empty, thread wait...
07-14 12:29:31.604 D/MdmService( 3494): [null:-1]->push message type :0
07-14 12:29:31.604 D/MdmService( 3494): [null:-1]->cmdMessage : {"cmd":"10119"}
07-14 12:29:31.604 D/MdmService( 3494): [null:-1]->command : PushCommandMsg{cmd='10119', msg='null'}
07-14 12:29:31.604 D/MDM :   ( 3494): [null:-1]->PUSH CMD: 10119
07-14 12:29:31.604 D/MdmStatusManager( 3494): [null:-1]->change status to : Busy
07-14 12:29:31.604 D/DB      ( 3494): query: SQLiteQuery: SELECT content, command_status, status FROM command WHERE status!=2
07-14 12:29:31.604 D/DB      ( 3494): factory null
07-14 12:29:31.604 D/DB      ( 3494): fillWindow: 0
07-14 12:29:31.612 D/DB      ( 3494): cursor 0
07-14 12:29:31.612 D/DB      ( 3494): moveToPos: 0
07-14 12:29:31.612 I/TransInfo( 3494): TransInfo created, id: 3, class: class com.pekall.emdm.transaction.b.c
07-14 12:29:31.612 D/NetworkThread( 3494): [null:-1]->----isRunning-----true
07-14 12:29:31.612 D/NetworkThread( 3494): [null:-1]->----isRunning-----true
07-14 12:29:31.612 D/NetworkThread( 3494): [null:-1]->thread wakeup
07-14 12:29:31.619 D/HttpClient( 3494): enable apache.http debug
07-14 12:29:31.627 V/DEBUG   ( 3494): HTTP 0
07-14 12:29:31.760 I/QueryController( 6792): Matched selector: UiSelector[TEXT=, CLASS=android.widget.TextView] <<==>> [android.view.accessibility.AccessibilityNodeInfo@fecaa; boundsInParent: Rect(0, 0 - 148, 184); boundsInScreen: Rect(376, 572 - 524, 756); packageName: com.pekall.emdm; className: android.widget.TextView; text: ; contentDescription: null; viewIdResName: com.pekall.emdm:id/application_icon_content; checkable: false; checked: false; focusable: true; focused: false; selected: false; clickable: false; longClickable: false; enabled: true; password: false; scrollable: false; [ACTION_FOCUS, ACTION_SELECT, ACTION_CLEAR_SELECTION, ACTION_ACCESSIBILITY_FOCUS, ACTION_NEXT_AT_MOVEMENT_GRANULARITY, ACTION_PREVIOUS_AT_MOVEMENT_GRANULARITY, ACTION_SET_SELECTION]]
07-14 12:29:31.799 I/QueryController( 6792): Matched selector: UiSelector[TEXT=, CLASS=android.widget.TextView] <<==>> [android.view.accessibility.AccessibilityNodeInfo@fe528; boundsInParent: Rect(0, 0 - 148, 184); boundsInScreen: Rect(16, 572 - 164, 756); packageName: com.pekall.emdm; className: android.widget.TextView; text: ; contentDescription: null; viewIdResName: com.pekall.emdm:id/application_icon_content; checkable: false; checked: false; focusable: true; focused: false; selected: false; clickable: false; longClickable: false; enabled: true; password: false; scrollable: false; [ACTION_FOCUS, ACTION_SELECT, ACTION_CLEAR_SELECTION, ACTION_ACCESSIBILITY_FOCUS, ACTION_NEXT_AT_MOVEMENT_GRANULARITY, ACTION_PREVIOUS_AT_MOVEMENT_GRANULARITY, ACTION_SET_SELECTION]]
07-14 12:29:31.830 I/QueryController( 6792): Matched selector: UiSelector[TEXT=, CLASS=android.widget.TextView] <<==>> [android.view.accessibility.AccessibilityNodeInfo@fecaa; boundsInParent: Rect(0, 0 - 148, 184); boundsInScreen: Rect(376, 572 - 524, 756); packageName: com.pekall.emdm; className: android.widget.TextView; text: ; contentDescription: null; viewIdResName: com.pekall.emdm:id/application_icon_content; checkable: false; checked: false; focusable: true; focused: false; selected: false; clickable: false; longClickable: false; enabled: true; password: false; scrollable: false; [ACTION_FOCUS, ACTION_SELECT, ACTION_CLEAR_SELECTION, ACTION_ACCESSIBILITY_FOCUS, ACTION_NEXT_AT_MOVEMENT_GRANULARITY, ACTION_PREVIOUS_AT_MOVEMENT_GRANULARITY, ACTION_SET_SELECTION]]
07-14 12:29:31.830 D/InteractionController( 6792): clickAndWaitForNewWindow(450, 664)
07-14 12:29:31.963 I/ActivityManager(  374): START u0 {cmp=com.pekall.emdm/.market.activity.AppListActivity} from pid 3494
07-14 12:29:31.979 V/DEBUG   ( 3494): HTTP 1
07-14 12:29:32.002 D/MDM :   ( 3494): [null:-1]->read network input stream
07-14 12:29:32.010 D/MDM :   ( 3494): [null:-1]->read network input stream
07-14 12:29:32.026 D/CheckInTransInfo( 3494): [null:-1]->CommandMsg : CommandMsg{CommandUUID='8a80888e4732aed501473321fd8f0640', Command=CommandObject{RequestType='DeviceInformation'}}
07-14 12:29:32.026 D/DB      ( 3494): query: SQLiteQuery: SELECT * FROM command WHERE cmd_uuid='8a80888e4732aed501473321fd8f0640'
07-14 12:29:32.026 D/DB      ( 3494): factory null
07-14 12:29:32.026 D/DB      ( 3494): fillWindow: 0
07-14 12:29:32.026 D/DB      ( 3494): cursor 0
07-14 12:29:32.080 D/NetworkThread( 3494): [null:-1]->queue is empty, thread wait...
07-14 12:29:32.104 D/dalvikvm(  374): GC_FOR_ALLOC freed 1241K, 32% free 18935K/27708K, paused 99ms, total 99ms
07-14 12:29:32.119 W/GAV2    ( 6854): Thread[GAThread,5,main]: Service unavailable (code=1), will retry.
07-14 12:29:32.119 D/MdmApplication( 3494): [null:-1]->onActivityPaused ui.MainActivity , mActivityCount = 2
07-14 12:29:32.119 D/MDM :   ( 3494): [null:-1]->query
07-14 12:29:32.119 D/MDM :   ( 3494): [null:-1]->QUERY_PINCODE_CHECK_RESULT
07-14 12:29:32.119 E/Mdm     ( 3494): Call Mdm service's setLastExitTime function
07-14 12:29:32.119 W/ActivityManager(  374): Unable to start service Intent { act=com.google.android.gms.analytics.service.START (has extras) } U=0: not found
07-14 12:29:32.143 I/GAV2    ( 6854): Thread[GAThread,5,main]: No campaign data found.
07-14 12:29:32.190 D/MdmApplication( 3494): [null:-1]->onActivityStarted market.activity.AppListActivity , mActivityCount = 1
07-14 12:29:32.190 D/MDM :   ( 3494): [null:-1]->query
07-14 12:29:32.190 D/MDM :   ( 3494): [null:-1]->QUERY_PINCODE_CHECK_RESULT
07-14 12:29:32.205 D/MdmService( 3494): [null:-1]->handleCheckInResult
07-14 12:29:32.205 D/MdmService( 3494): [null:-1]->handleCheckInResult result keyIndex: 3
07-14 12:29:32.205 D/CommandManager( 3494): [null:-1]->execute command: CommandMsg{CommandUUID='8a80888e4732aed501473321fd8f0640', Command=CommandObject{RequestType='DeviceInformation'}}
07-14 12:29:32.221 D/DB      ( 3494): query: SQLiteQuery: SELECT * FROM app WHERE type = 51107
07-14 12:29:32.221 D/DB      ( 3494): factory null
07-14 12:29:32.221 D/DB      ( 3494): fillWindow: 0
07-14 12:29:32.221 D/DB      ( 3494): cursor 0
07-14 12:29:32.244 D/DB      ( 3494): query: SQLiteQuery: SELECT * FROM app WHERE type = 51106
07-14 12:29:32.244 D/DB      ( 3494): factory null
07-14 12:29:32.244 D/DB      ( 3494): fillWindow: 0
07-14 12:29:32.244 D/DB      ( 3494): cursor 0
07-14 12:29:32.323 D/BluetoothManagerService(  374): checkIfCallerIsForegroundUser: valid=true callingUser=0 foregroundUser=0
07-14 12:29:32.455 I/ActivityManager(  374): Displayed com.pekall.emdm/.market.activity.AppListActivity: +321ms
07-14 12:29:33.112 I/QueryController( 6792): Matched selector: UiSelector[TEXT=, CLASS=android.widget.TextView] <<==>> [android.view.accessibility.AccessibilityNodeInfo@105618; boundsInParent: Rect(0, 0 - 144, 48); boundsInScreen: Rect(108, 170 - 252, 218); packageName: com.pekall.emdm; className: android.widget.TextView; text: ; contentDescription: null; viewIdResName: com.pekall.emdm:id/market_tab_text; checkable: false; checked: false; focusable: false; focused: false; selected: true; clickable: false; longClickable: false; enabled: true; password: false; scrollable: false; [ACTION_SELECT, ACTION_CLEAR_SELECTION, ACTION_ACCESSIBILITY_FOCUS, ACTION_NEXT_AT_MOVEMENT_GRANULARITY, ACTION_PREVIOUS_AT_MOVEMENT_GRANULARITY, ACTION_SET_SELECTION]]
