07-14 12:27:49.932 I/QueryController( 6559): Matched selector: UiSelector[TEXT=] <<==>> [android.view.accessibility.AccessibilityNodeInfo@4fc3a; boundsInParent: Rect(0, 0 - 148, 184); boundsInScreen: Rect(16, 958 - 164, 1142); packageName: com.android.launcher; className: android.widget.TextView; text: ; contentDescription: null; viewIdResName: null; checkable: false; checked: false; focusable: true; focused: false; selected: false; clickable: true; longClickable: true; enabled: true; password: false; scrollable: false; [ACTION_FOCUS, ACTION_SELECT, ACTION_CLEAR_SELECTION, ACTION_CLICK, ACTION_LONG_CLICK, ACTION_ACCESSIBILITY_FOCUS, ACTION_NEXT_AT_MOVEMENT_GRANULARITY, ACTION_PREVIOUS_AT_MOVEMENT_GRANULARITY, ACTION_SET_SELECTION]]
07-14 12:27:49.994 D/dalvikvm(  595): GC_FOR_ALLOC freed 377K, 18% free 14294K/17404K, paused 33ms, total 33ms
07-14 12:27:49.994 I/dalvikvm-heap(  595): Grow heap (frag case) to 14.447MB for 476304-byte allocation
07-14 12:27:50.026 D/dalvikvm(  595): GC_FOR_ALLOC freed <1K, 18% free 14759K/17872K, paused 30ms, total 30ms
07-14 12:27:50.112 I/QueryController( 6559): Matched selector: UiSelector[TEXT=] <<==>> [android.view.accessibility.AccessibilityNodeInfo@4fc3a; boundsInParent: Rect(0, 0 - 148, 184); boundsInScreen: Rect(16, 958 - 164, 1142); packageName: com.android.launcher; className: android.widget.TextView; text: ; contentDescription: null; viewIdResName: null; checkable: false; checked: false; focusable: true; focused: false; selected: false; clickable: true; longClickable: true; enabled: true; password: false; scrollable: false; [ACTION_FOCUS, ACTION_SELECT, ACTION_CLEAR_SELECTION, ACTION_CLICK, ACTION_LONG_CLICK, ACTION_ACCESSIBILITY_FOCUS, ACTION_NEXT_AT_MOVEMENT_GRANULARITY, ACTION_PREVIOUS_AT_MOVEMENT_GRANULARITY, ACTION_SET_SELECTION]]
07-14 12:27:50.112 D/InteractionController( 6559): clickAndWaitForNewWindow(90, 1050)
07-14 12:27:50.291 I/ActivityManager(  374): START u0 {act=android.intent.action.MAIN cat=[android.intent.category.LAUNCHER] flg=0x10200000 cmp=com.pekall.emdm/.ui.SplashActivity} from pid 595
07-14 12:27:50.448 D/dalvikvm(  374): JIT code cache reset in 10 ms (1048468 bytes 5/0)
07-14 12:27:50.463 D/dalvikvm(  374): GC_FOR_ALLOC freed 1648K, 30% free 19606K/27716K, paused 113ms, total 115ms
07-14 12:27:50.588 D/dalvikvm(  374): GC_FOR_ALLOC freed 859K, 32% free 19118K/27716K, paused 93ms, total 93ms
07-14 12:27:50.666 D/MdmApplication( 3494): [null:-1]->onActivityStarted market.activity.AppDetailActivity , mActivityCount = 0
07-14 12:27:50.666 E/Mdm     ( 3494): Call Mdm service's setLastExitTime function
07-14 12:27:50.666 D/MDM :   ( 3494): [null:-1]->query
07-14 12:27:50.674 D/MDM :   ( 3494): [null:-1]->QUERY_SETTING_PIN_TIMEOUT
07-14 12:27:50.674 D/MDM :   ( 3494): [null:-1]->query
07-14 12:27:50.674 D/MDM :   ( 3494): [null:-1]->QUERY_PINCODE_CHECK_RESULT
07-14 12:27:50.682 D/ypy     ( 3494): [null:-1]-> ================ checkDownLoadStatus status is 4
07-14 12:27:50.729 D/dalvikvm( 1052): GC_FOR_ALLOC freed 206K, 9% free 10202K/11168K, paused 57ms, total 60ms
07-14 12:27:51.377 I/QueryController( 6559): Matched selector: UiSelector[PACKAGE NAME=com.pekall.emdm] <<==>> [android.view.accessibility.AccessibilityNodeInfo@b19d5; boundsInParent: Rect(0, 0 - 720, 1184); boundsInScreen: Rect(0, 0 - 720, 1184); packageName: com.pekall.emdm; className: android.widget.FrameLayout; text: null; contentDescription: null; viewIdResName: null; checkable: false; checked: false; focusable: false; focused: false; selected: false; clickable: false; longClickable: false; enabled: true; password: false; scrollable: false; [ACTION_SELECT, ACTION_CLEAR_SELECTION, ACTION_ACCESSIBILITY_FOCUS]]
07-14 12:27:51.393 I/QueryController( 6559): Matched selector: UiSelector[TEXT=, CLASS=android.widget.TextView] <<==>> [android.view.accessibility.AccessibilityNodeInfo@ba0f9; boundsInParent: Rect(0, 0 - 144, 48); boundsInScreen: Rect(97, 74 - 241, 122); packageName: com.pekall.emdm; className: android.widget.TextView; text: ; contentDescription: null; viewIdResName: android:id/action_bar_title; checkable: false; checked: false; focusable: false; focused: false; selected: false; clickable: false; longClickable: false; enabled: true; password: false; scrollable: false; [ACTION_SELECT, ACTION_CLEAR_SELECTION, ACTION_ACCESSIBILITY_FOCUS, ACTION_NEXT_AT_MOVEMENT_GRANULARITY, ACTION_PREVIOUS_AT_MOVEMENT_GRANULARITY, ACTION_SET_SELECTION]]
07-14 12:27:51.580 D/dalvikvm(  374): GC_FOR_ALLOC freed 421K, 30% free 19478K/27716K, paused 93ms, total 93ms
07-14 12:27:51.682 D/dalvikvm(  374): GC_FOR_ALLOC freed 756K, 32% free 19093K/27716K, paused 91ms, total 91ms
07-14 12:27:51.690 D/MdmApplication( 3494): [null:-1]->onActivityPaused market.activity.AppDetailActivity , mActivityCount = 1
07-14 12:27:51.690 D/MDM :   ( 3494): [null:-1]->query
07-14 12:27:51.690 D/MDM :   ( 3494): [null:-1]->QUERY_PINCODE_CHECK_RESULT
07-14 12:27:51.690 E/Mdm     ( 3494): Call Mdm service's setLastExitTime function
07-14 12:27:51.705 D/AlertService( 6603): Beginning updateAlertNotification
07-14 12:27:51.729 D/MdmApplication( 3494): [null:-1]->onActivityStarted market.activity.AppListActivity , mActivityCount = 0
07-14 12:27:51.729 E/Mdm     ( 3494): Call Mdm service's setLastExitTime function
07-14 12:27:51.729 D/MDM :   ( 3494): [null:-1]->query
07-14 12:27:51.737 D/MDM :   ( 3494): [null:-1]->QUERY_SETTING_PIN_TIMEOUT
07-14 12:27:51.737 D/AlertService( 6603): No fired or scheduled alerts
07-14 12:27:51.737 D/MDM :   ( 3494): [null:-1]->query
07-14 12:27:51.737 D/MDM :   ( 3494): [null:-1]->QUERY_PINCODE_CHECK_RESULT
07-14 12:27:51.737 D/mdm_log ( 3494): [null:-1]->has installed com.moji.mjweather
07-14 12:27:51.760 D/AlertService( 6603): Scheduling next alarm with AlarmScheduler. sEventReminderReceived: null
07-14 12:27:51.791 D/AlarmScheduler( 6603): No events found starting within 1 week.
07-14 12:27:51.815 I/ActivityManager(  374): No longer want com.qihoo.root (pid 6039): empty #17
07-14 12:27:52.494 I/QueryController( 6559): Matched selector: UiSelector[TEXT=, CLASS=android.widget.TextView] <<==>> [android.view.accessibility.AccessibilityNodeInfo@ae907; boundsInParent: Rect(0, 0 - 144, 48); boundsInScreen: Rect(97, 74 - 241, 122); packageName: com.pekall.emdm; className: android.widget.TextView; text: ; contentDescription: null; viewIdResName: android:id/action_bar_title; checkable: false; checked: false; focusable: false; focused: false; selected: false; clickable: false; longClickable: false; enabled: true; password: false; scrollable: false; [ACTION_SELECT, ACTION_CLEAR_SELECTION, ACTION_ACCESSIBILITY_FOCUS, ACTION_NEXT_AT_MOVEMENT_GRANULARITY, ACTION_PREVIOUS_AT_MOVEMENT_GRANULARITY, ACTION_SET_SELECTION]]
07-14 12:27:52.682 D/dalvikvm(  374): GC_FOR_ALLOC freed 420K, 30% free 19467K/27716K, paused 86ms, total 88ms
07-14 12:27:52.791 D/dalvikvm(  374): GC_FOR_ALLOC freed 749K, 32% free 19089K/27716K, paused 92ms, total 92ms
07-14 12:27:52.791 D/MdmApplication( 3494): [null:-1]->onActivityPaused market.activity.AppListActivity , mActivityCount = 1
07-14 12:27:52.791 D/MDM :   ( 3494): [null:-1]->query
07-14 12:27:52.799 D/MDM :   ( 3494): [null:-1]->QUERY_PINCODE_CHECK_RESULT
07-14 12:27:52.799 E/Mdm     ( 3494): Call Mdm service's setLastExitTime function
07-14 12:27:52.823 D/MdmApplication( 3494): [null:-1]->onActivityStarted messagecenter.activity.MessageMainActivity , mActivityCount = 0
07-14 12:27:52.823 E/Mdm     ( 3494): Call Mdm service's setLastExitTime function
07-14 12:27:52.823 D/MDM :   ( 3494): [null:-1]->query
07-14 12:27:52.823 D/MDM :   ( 3494): [null:-1]->QUERY_SETTING_PIN_TIMEOUT
07-14 12:27:52.823 D/MDM :   ( 3494): [null:-1]->query
07-14 12:27:52.823 D/MDM :   ( 3494): [null:-1]->QUERY_PINCODE_CHECK_RESULT
07-14 12:27:52.823 E/DB      ( 3494): bind, index: 1, value: 100
07-14 12:27:52.830 D/DB      ( 3494): query: SQLiteQuery: SELECT * FROM message WHERE type=? ORDER BY date DESC
07-14 12:27:52.830 D/DB      ( 3494): factory null
07-14 12:27:52.830 D/DB      ( 3494): fillWindow: 0
07-14 12:27:52.830 D/DB      ( 3494): cursor 5
07-14 12:27:52.893 D/DB      ( 3494): moveToPos: 0
07-14 12:27:52.893 D/DB      ( 3494): onMove: 0
07-14 12:27:52.908 W/System.err( 6203): java.io.FileNotFoundException: /data/data/com.mgyapp.android/files/.cfp.i: open failed: ENOENT (No such file or directory)
07-14 12:27:52.908 W/System.err( 6203): 	at libcore.io.IoBridge.open(IoBridge.java:409)
07-14 12:27:52.908 W/System.err( 6203): 	at java.io.FileInputStream.<init>(FileInputStream.java:78)
07-14 12:27:52.908 W/System.err( 6203): 	at android.app.ContextImpl.openFileInput(ContextImpl.java:702)
07-14 12:27:52.908 W/System.err( 6203): 	at android.content.ContextWrapper.openFileInput(ContextWrapper.java:173)
07-14 12:27:52.908 W/System.err( 6203): 	at com.mgyun.shua.jc.c.b(Unknown Source)
07-14 12:27:52.908 W/System.err( 6203): 	at com.mgyun.shua.jc.d.a(Unknown Source)
07-14 12:27:52.908 W/System.err( 6203): 	at com.mgyun.shua.jc.service.CpWorkServer.onHandleIntent(Unknown Source)
07-14 12:27:52.908 W/System.err( 6203): 	at android.app.IntentService$ServiceHandler.handleMessage(IntentService.java:65)
07-14 12:27:52.908 W/System.err( 6203): 	at android.os.Handler.dispatchMessage(Handler.java:99)
07-14 12:27:52.908 W/System.err( 6203): 	at android.os.Looper.loop(Looper.java:137)
07-14 12:27:52.908 W/System.err( 6203): 	at android.os.HandlerThread.run(HandlerThread.java:61)
07-14 12:27:52.908 W/System.err( 6203): Caused by: libcore.io.ErrnoException: open failed: ENOENT (No such file or directory)
07-14 12:27:52.916 W/System.err( 6203): 	at libcore.io.Posix.open(Native Method)
07-14 12:27:52.916 W/System.err( 6203): 	at libcore.io.BlockGuardOs.open(BlockGuardOs.java:110)
07-14 12:27:52.916 W/System.err( 6203): 	at libcore.io.IoBridge.open(IoBridge.java:393)
07-14 12:27:52.916 W/System.err( 6203): 	... 10 more
07-14 12:27:52.924 D/DB      ( 3494): moveToPos: 0
07-14 12:27:52.924 D/DB      ( 3494): moveToPos: 1
07-14 12:27:52.924 D/DB      ( 3494): onMove: 1
07-14 12:27:52.948 D/DB      ( 3494): moveToPos: 1
07-14 12:27:52.955 D/DB      ( 3494): moveToPos: 2
07-14 12:27:52.955 D/DB      ( 3494): onMove: 2
07-14 12:27:52.971 D/DB      ( 3494): moveToPos: 2
07-14 12:27:52.979 D/DB      ( 3494): moveToPos: 3
07-14 12:27:52.979 D/DB      ( 3494): onMove: 3
07-14 12:27:52.994 D/DB      ( 3494): moveToPos: 3
07-14 12:27:53.002 D/DB      ( 3494): moveToPos: 4
07-14 12:27:53.002 D/DB      ( 3494): onMove: 4
07-14 12:27:53.018 D/DB      ( 3494): moveToPos: 4
07-14 12:27:53.471 D/DB      ( 3494): query: SQLiteQuery: SELECT * FROM app WHERE readStatus =0
07-14 12:27:53.471 D/DB      ( 3494): factory null
07-14 12:27:53.471 D/DB      ( 3494): fillWindow: 0
07-14 12:27:53.471 D/DB      ( 3494): cursor 0
07-14 12:27:53.471 E/Mdm     ( 3494): Call Mdm service's recordIconCount function
07-14 12:27:53.940 D/dalvikvm(  374): GC_FOR_ALLOC freed 404K, 30% free 19466K/27716K, paused 84ms, total 84ms
07-14 12:27:54.033 D/dalvikvm(  374): GC_FOR_ALLOC freed 747K, 32% free 19090K/27716K, paused 87ms, total 87ms
07-14 12:27:54.049 D/MdmApplication( 3494): [null:-1]->onActivityPaused messagecenter.activity.MessageMainActivity , mActivityCount = 1
07-14 12:27:54.049 D/MDM :   ( 3494): [null:-1]->query
07-14 12:27:54.049 D/MDM :   ( 3494): [null:-1]->QUERY_PINCODE_CHECK_RESULT
07-14 12:27:54.049 E/Mdm     ( 3494): Call Mdm service's setLastExitTime function
07-14 12:27:54.065 D/MdmApplication( 3494): [null:-1]->onActivityStarted ui.MainActivity , mActivityCount = 0
07-14 12:27:54.065 E/Mdm     ( 3494): Call Mdm service's setLastExitTime function
07-14 12:27:54.065 D/MDM :   ( 3494): [null:-1]->query
07-14 12:27:54.073 D/MDM :   ( 3494): [null:-1]->QUERY_SETTING_PIN_TIMEOUT
07-14 12:27:54.073 D/MDM :   ( 3494): [null:-1]->query
07-14 12:27:54.073 D/MDM :   ( 3494): [null:-1]->QUERY_PINCODE_CHECK_RESULT
07-14 12:27:54.744 E/DB      ( 3494): bind, index: 1, value: 0
07-14 12:27:54.744 D/DB      ( 3494): query: SQLiteQuery: SELECT * FROM message WHERE status =?
07-14 12:27:54.744 D/DB      ( 3494): factory null
07-14 12:27:54.744 D/DB      ( 3494): fillWindow: 0
07-14 12:27:54.744 D/DB      ( 3494): cursor 0
07-14 12:27:54.752 E/DB      ( 3494): bind, index: 1, value: 0
07-14 12:27:54.752 E/DB      ( 3494): bind, index: 2, value: 100
07-14 12:27:54.752 D/DB      ( 3494): query: SQLiteQuery: SELECT * FROM message WHERE status=? and type=?
07-14 12:27:54.752 D/DB      ( 3494): factory null
07-14 12:27:54.752 D/DB      ( 3494): fillWindow: 0
07-14 12:27:54.752 D/DB      ( 3494): cursor 0
07-14 12:27:54.807 E/Mdm     ( 3494): Call Mdm service's recordIconCount function
07-14 12:27:54.963 I/QueryController( 6559): Matched selector: UiSelector[TEXT=, CLASS=android.widget.TextView] <<==>> [android.view.accessibility.AccessibilityNodeInfo@cbe11; boundsInParent: Rect(0, 0 - 148, 184); boundsInScreen: Rect(376, 572 - 524, 756); packageName: com.pekall.emdm; className: android.widget.TextView; text: ; contentDescription: null; viewIdResName: com.pekall.emdm:id/application_icon_content; checkable: false; checked: false; focusable: true; focused: false; selected: false; clickable: false; longClickable: false; enabled: true; password: false; scrollable: false; [ACTION_FOCUS, ACTION_SELECT, ACTION_CLEAR_SELECTION, ACTION_ACCESSIBILITY_FOCUS, ACTION_NEXT_AT_MOVEMENT_GRANULARITY, ACTION_PREVIOUS_AT_MOVEMENT_GRANULARITY, ACTION_SET_SELECTION]]
07-14 12:27:55.010 I/QueryController( 6559): Matched selector: UiSelector[TEXT=, CLASS=android.widget.TextView] <<==>> [android.view.accessibility.AccessibilityNodeInfo@cb2ce; boundsInParent: Rect(0, 0 - 148, 184); boundsInScreen: Rect(16, 572 - 164, 756); packageName: com.pekall.emdm; className: android.widget.TextView; text: ; contentDescription: null; viewIdResName: com.pekall.emdm:id/application_icon_content; checkable: false; checked: false; focusable: true; focused: false; selected: false; clickable: false; longClickable: false; enabled: true; password: false; scrollable: false; [ACTION_FOCUS, ACTION_SELECT, ACTION_CLEAR_SELECTION, ACTION_ACCESSIBILITY_FOCUS, ACTION_NEXT_AT_MOVEMENT_GRANULARITY, ACTION_PREVIOUS_AT_MOVEMENT_GRANULARITY, ACTION_SET_SELECTION]]
07-14 12:27:55.518 I/QueryController( 6559): Matched selector: UiSelector[TEXT=, CLASS=android.widget.TextView] <<==>> [android.view.accessibility.AccessibilityNodeInfo@cb2ce; boundsInParent: Rect(0, 0 - 148, 184); boundsInScreen: Rect(16, 572 - 164, 756); packageName: com.pekall.emdm; className: android.widget.TextView; text: ; contentDescription: null; viewIdResName: com.pekall.emdm:id/application_icon_content; checkable: false; checked: false; focusable: true; focused: false; selected: false; clickable: false; longClickable: false; enabled: true; password: false; scrollable: false; [ACTION_FOCUS, ACTION_SELECT, ACTION_CLEAR_SELECTION, ACTION_ACCESSIBILITY_FOCUS, ACTION_NEXT_AT_MOVEMENT_GRANULARITY, ACTION_PREVIOUS_AT_MOVEMENT_GRANULARITY, ACTION_SET_SELECTION]]
07-14 12:27:55.518 D/InteractionController( 6559): clickAndWaitForNewWindow(90, 664)
07-14 12:27:55.658 I/ActivityManager(  374): START u0 {cmp=com.pekall.emdm/.document.activity.DocMainActivity} from pid 3494
07-14 12:27:55.823 D/dalvikvm(  374): GC_FOR_ALLOC freed 410K, 30% free 19464K/27716K, paused 90ms, total 90ms
07-14 12:27:55.932 D/Finsky  ( 1174): [1] 3.onErrorResponse: Verification id=0 error response com.android.volley.TimeoutError
07-14 12:27:55.940 D/dalvikvm(  374): GC_FOR_ALLOC freed 747K, 32% free 19088K/27716K, paused 111ms, total 111ms
07-14 12:27:55.940 D/MdmApplication( 3494): [null:-1]->onActivityPaused ui.MainActivity , mActivityCount = 1
07-14 12:27:55.948 D/MDM :   ( 3494): [null:-1]->query
07-14 12:27:55.948 D/MDM :   ( 3494): [null:-1]->QUERY_PINCODE_CHECK_RESULT
07-14 12:27:55.948 E/Mdm     ( 3494): Call Mdm service's setLastExitTime function
07-14 12:27:55.955 D/Volley  ( 1174): [1] Request.finish: 111496 ms: [ ] https://safebrowsing.google.com/safebrowsing/clientreport/download 0xc9395b26 NORMAL 1
07-14 12:27:55.955 W/PackageManager(  374): Invalid verification token 0 received
07-14 12:27:56.057 D/MdmApplication( 3494): [null:-1]->onActivityStarted document.activity.DocMainActivity , mActivityCount = 0
07-14 12:27:56.057 E/Mdm     ( 3494): Call Mdm service's setLastExitTime function
07-14 12:27:56.057 D/MDM :   ( 3494): [null:-1]->query
07-14 12:27:56.057 D/MDM :   ( 3494): [null:-1]->QUERY_SETTING_PIN_TIMEOUT
07-14 12:27:56.057 D/MDM :   ( 3494): [null:-1]->query
07-14 12:27:56.057 D/MDM :   ( 3494): [null:-1]->QUERY_PINCODE_CHECK_RESULT
07-14 12:27:56.065 D/DB      ( 3494): query: SQLiteQuery: SELECT * FROM doc WHERE browseStatus = 0 AND type = 'Normal'
07-14 12:27:56.065 D/DB      ( 3494): factory null
07-14 12:27:56.065 D/DB      ( 3494): fillWindow: 0
07-14 12:27:56.065 D/DB      ( 3494): cursor 1
07-14 12:27:56.237 I/ActivityManager(  374): Displayed com.pekall.emdm/.document.activity.DocMainActivity: +271ms (total +40s668ms)
07-14 12:27:56.729 I/QueryController( 6559): Matched selector: UiSelector[TEXT=, CLASS=android.widget.TextView] <<==>> [android.view.accessibility.AccessibilityNodeInfo@d1c30; boundsInParent: Rect(0, 0 - 612, 83); boundsInScreen: Rect(108, 158 - 720, 241); packageName: com.pekall.emdm; className: android.widget.TextView; text: ; contentDescription: null; viewIdResName: null; checkable: false; checked: false; focusable: false; focused: false; selected: false; clickable: false; longClickable: false; enabled: true; password: false; scrollable: false; [ACTION_SELECT, ACTION_CLEAR_SELECTION, ACTION_ACCESSIBILITY_FOCUS, ACTION_NEXT_AT_MOVEMENT_GRANULARITY, ACTION_PREVIOUS_AT_MOVEMENT_GRANULARITY, ACTION_SET_SELECTION]]
07-14 12:27:56.729 D/InteractionController( 6559): clickAndWaitForNewWindow(414, 199)
07-14 12:27:56.885 I/ActivityManager(  374): START u0 {cmp=com.pekall.emdm/.document.activity.CompanyDocActivity} from pid 3494
07-14 12:27:57.026 D/dalvikvm(  374): GC_FOR_ALLOC freed 414K, 30% free 19471K/27716K, paused 95ms, total 95ms
07-14 12:27:57.127 D/dalvikvm(  374): GC_FOR_ALLOC freed 753K, 32% free 19090K/27716K, paused 92ms, total 92ms
07-14 12:27:57.135 D/MdmApplication( 3494): [null:-1]->onActivityPaused document.activity.DocMainActivity , mActivityCount = 1
07-14 12:27:57.135 D/MDM :   ( 3494): [null:-1]->query
07-14 12:27:57.135 D/MDM :   ( 3494): [null:-1]->QUERY_PINCODE_CHECK_RESULT
07-14 12:27:57.135 E/Mdm     ( 3494): Call Mdm service's setLastExitTime function
07-14 12:27:57.182 D/MdmApplication( 3494): [null:-1]->onActivityStarted document.activity.CompanyDocActivity , mActivityCount = 0
07-14 12:27:57.182 E/Mdm     ( 3494): Call Mdm service's setLastExitTime function
07-14 12:27:57.190 D/MDM :   ( 3494): [null:-1]->query
07-14 12:27:57.190 D/MDM :   ( 3494): [null:-1]->QUERY_SETTING_PIN_TIMEOUT
07-14 12:27:57.190 D/MDM :   ( 3494): [null:-1]->query
07-14 12:27:57.190 D/MDM :   ( 3494): [null:-1]->QUERY_PINCODE_CHECK_RESULT
07-14 12:27:57.205 D/BaseFragment( 3494): [null:-1]->mSelection is type = 'Normal' ,mSort is _id DESC
07-14 12:27:57.205 D/DB      ( 3494): query: SQLiteQuery: SELECT * FROM doc WHERE type = 'Normal'
07-14 12:27:57.205 D/DB      ( 3494): factory null
07-14 12:27:57.205 D/DB      ( 3494): fillWindow: 0
07-14 12:27:57.205 D/DB      ( 3494): cursor 2
07-14 12:27:57.205 D/DB      ( 3494): moveToPos: 0
07-14 12:27:57.205 D/DB      ( 3494): onMove: 0
07-14 12:27:57.205 D/DB      ( 3494): moveToPos: 1
07-14 12:27:57.205 D/DB      ( 3494): onMove: 1
07-14 12:27:57.213 D/DB      ( 3494): moveToPos: 2
07-14 12:27:57.619 I/ActivityManager(  374): Displayed com.pekall.emdm/.document.activity.CompanyDocActivity: +472ms
07-14 12:27:58.080 D/dalvikvm(  636): GC_EXPLICIT freed 838K, 11% free 12733K/14220K, paused 9ms+7ms, total 80ms
07-14 12:27:58.385 D/dalvikvm( 3494): GC_CONCURRENT freed 3811K, 18% free 20409K/24888K, paused 4ms+14ms, total 118ms
07-14 12:27:59.041 I/QueryController( 6559): Matched selector: UiSelector[TEXT=jpg.jpg] <<==>> [android.view.accessibility.AccessibilityNodeInfo@db259; boundsInParent: Rect(0, 0 - 402, 43); boundsInScreen: Rect(130, 236 - 532, 279); packageName: com.pekall.emdm; className: android.widget.TextView; text: jpg.jpg; contentDescription: null; viewIdResName: com.pekall.emdm:id/doc_name; checkable: false; checked: false; focusable: false; focused: false; selected: false; clickable: false; longClickable: false; enabled: true; password: false; scrollable: false; [ACTION_SELECT, ACTION_CLEAR_SELECTION, ACTION_ACCESSIBILITY_FOCUS, ACTION_NEXT_AT_MOVEMENT_GRANULARITY, ACTION_PREVIOUS_AT_MOVEMENT_GRANULARITY, ACTION_SET_SELECTION]]
07-14 12:27:59.049 I/AndroidRuntime( 6559): VM exiting with result code 0.
07-14 12:28:00.291 W/ResponseProcessCookies( 5090): Invalid cookie header: "Set-Cookie: BAIDUID=D8DEA0C97B23CAFC12FA3498F8FA2937:FG=1; max-age=31536000; expires=Tue, 14-Jul-15 04:28:00 GMT; domain=.baidu.com; path=/; version=1". Unable to parse expires attribute: Tue
07-14 12:28:00.291 W/ResponseProcessCookies( 5090): Invalid cookie header: "Set-Cookie: NBID=D8DEA0C97B23CAFC2F33B78140EFEAEF:FG=1; max-age=2592000; expires=Wed, 13-Aug-14 04:28:00 GMT; domain=.baidu.com; path=/; version=1". Unable to parse expires attribute: Wed
07-14 12:28:00.338 D/dalvikvm( 5090): GC_CONCURRENT freed 348K, 6% free 10066K/10692K, paused 3ms+3ms, total 29ms
07-14 12:28:00.401 W/ResponseProcessCookies( 5090): Invalid cookie header: "Set-Cookie: BAIDUID=D8DEA0C97B23CAFC95462F486D0CCEC8:FG=1; max-age=31536000; expires=Tue, 14-Jul-15 04:28:00 GMT; domain=.baidu.com; path=/; version=1". Unable to parse expires attribute: Tue
07-14 12:28:00.408 W/ResponseProcessCookies( 5090): Invalid cookie header: "Set-Cookie: NBID=D8DEA0C97B23CAFC063673FFFD30DEAB:FG=1; max-age=2592000; expires=Wed, 13-Aug-14 04:28:00 GMT; domain=.baidu.com; path=/; version=1". Unable to parse expires attribute: Wed
07-14 12:28:03.815 I/EventLogService(  624): Aggregate from 1405310984583 (log), 1405310283654 (data)
07-14 12:28:03.901 I/ServiceDumpSys(  624): dumping service [account]
07-14 12:28:07.354 D/dalvikvm( 1052): GC_CONCURRENT freed 306K, 8% free 10283K/11168K, paused 6ms+2ms, total 39ms
07-14 12:28:08.791 I/ActivityManager(  374): No longer want com.google.android.gallery3d (pid 4088): empty #17
07-14 12:28:08.815 I/ActivityManager(  374): No longer want com.google.android.partnersetup (pid 5650): empty #17
07-14 12:28:08.838 D/dalvikvm( 5612): GC_CONCURRENT freed 203K, 3% free 9104K/9344K, paused 7ms+2ms, total 34ms
07-14 12:28:08.846 D/LightsService(  374): Excessive delay setting light: 65ms
07-14 12:28:09.119 D/LightsService(  374): Excessive delay setting light: 67ms
07-14 12:28:10.807 I/AndroidRuntime( 5627): VM exiting with result code 0, cleanup skipped.
07-14 12:28:10.815 I/AndroidRuntime( 5612): VM exiting with result code 0, cleanup skipped.
07-14 12:28:10.823 I/ActivityManager(  374): Process com.qihoo360.mobilesafe:engine (pid 5627) has died.
07-14 12:28:10.823 I/ActivityManager(  374): Process com.qihoo360.mobilesafe:scan (pid 5612) has died.
07-14 12:28:11.729 I/PowerManagerService(  374): Going to sleep due to screen timeout...
07-14 12:28:12.494 D/SurfaceFlinger(  124): Screen released, type=0 flinger=0x41e1a478
07-14 12:28:12.635 D/dalvikvm(  374): GC_FOR_ALLOC freed 705K, 29% free 19896K/27716K, paused 92ms, total 92ms
07-14 12:28:12.737 D/dalvikvm(  374): GC_FOR_ALLOC freed 774K, 30% free 19509K/27716K, paused 87ms, total 87ms
07-14 12:28:12.737 D/MdmApplication( 3494): [null:-1]->onActivityPaused document.activity.CompanyDocActivity , mActivityCount = 1
07-14 12:28:12.737 D/MDM :   ( 3494): [null:-1]->query
07-14 12:28:12.737 D/MDM :   ( 3494): [null:-1]->QUERY_PINCODE_CHECK_RESULT
07-14 12:28:12.737 E/Mdm     ( 3494): Call Mdm service's setLastExitTime function
07-14 12:28:12.768 D/BaseFragment( 3494): [null:-1]->fragment is on stop 
07-14 12:28:12.854 D/NfcService(  582): NFC-C OFF, disconnect
07-14 12:28:12.979 V/KeyguardHostView(  374): hide transport, gen:21
07-14 12:28:12.979 V/KeyguardHostView(  374): music state changed: 0
07-14 12:28:13.026 D/MDM :   ( 3494): [null:-1]->query
07-14 12:28:13.026 D/MDM :   ( 3494): [null:-1]->QUERY_SETTING_PIN_ONOFF
07-14 12:28:13.026 D/PhoneStatusBar(  450): disable: < expand icons alerts ticker system_info back home RECENT* clock search >
07-14 12:28:13.073 V/TAG     (  374): bug 7643792: fitSystemWindows([0,50][0,0])
07-14 12:28:13.221 D/PhoneStatusBar(  450): disable: < expand icons alerts ticker system_info BACK* HOME* RECENT CLOCK* search >
07-14 12:28:22.752 D/MDM :   ( 3494): [null:-1]->MSG_WEBSOCKET_MESSAGE : {"id":992755346,"type":0,"command":0,"result":0,"reason":0,"params":{"msgId":"612b6ba0-c83e-41c7-95db-eab0a0712966,612b6ba0c83e41c795dbeab0a0712966","device":"ffffffffc539bb10fffffffff7aea961","message":"{\"cmd\":\"10119\"}"}}
07-14 12:28:22.768 D/MdmService( 3494): [null:-1]->push message type :0
07-14 12:28:22.768 D/MdmService( 3494): [null:-1]->cmdMessage : {"cmd":"10119"}
07-14 12:28:22.768 D/MdmService( 3494): [null:-1]->command : PushCommandMsg{cmd='10119', msg='null'}
07-14 12:28:22.768 D/MDM :   ( 3494): [null:-1]->PUSH CMD: 10119
07-14 12:28:22.776 D/MdmStatusManager( 3494): [null:-1]->change status to : Busy
07-14 12:28:22.776 D/DB      ( 3494): query: SQLiteQuery: SELECT content, command_status, status FROM command WHERE status!=2
07-14 12:28:22.776 D/DB      ( 3494): factory null
07-14 12:28:22.776 D/DB      ( 3494): fillWindow: 0
07-14 12:28:22.776 D/DB      ( 3494): cursor 0
07-14 12:28:22.776 D/DB      ( 3494): moveToPos: 0
07-14 12:28:22.776 I/TransInfo( 3494): TransInfo created, id: 3, class: class com.pekall.emdm.transaction.b.c
07-14 12:28:22.776 D/NetworkThread( 3494): [null:-1]->----isRunning-----true
07-14 12:28:22.776 D/NetworkThread( 3494): [null:-1]->----isRunning-----true
07-14 12:28:22.776 D/NetworkThread( 3494): [null:-1]->thread wakeup
07-14 12:28:22.776 D/HttpClient( 3494): enable apache.http debug
07-14 12:28:22.791 V/DEBUG   ( 3494): HTTP 0
07-14 12:28:23.580 V/DEBUG   ( 3494): HTTP 1
07-14 12:28:23.596 D/MDM :   ( 3494): [null:-1]->read network input stream
07-14 12:28:23.604 D/CheckInTransInfo( 3494): [null:-1]->CommandMsg : CommandMsg{CommandUUID='8a80888e4732aed501473320f103063a', Command=CommandInstallDocument{DocumentName='2', DocumentSize=125, DocumentFormat='null', DownloadURL='http://demo.everknow.cn/resources/api/v1/download/guest?uuid=1ba71d5faf02449e280da6a44f67', Auth=null, DocumentUUID='8a80888c46c806620146c86ff32f0591', Version='1.0', DocumentDescription='null', DocumentCategory=null, IsCompressed=null, ReadAuthDay=null, RingNotify=null, EncryptLevel=null}}
07-14 12:28:23.612 D/DB      ( 3494): query: SQLiteQuery: SELECT * FROM command WHERE cmd_uuid='8a80888e4732aed501473320f103063a'
07-14 12:28:23.612 D/DB      ( 3494): factory null
07-14 12:28:23.612 D/DB      ( 3494): fillWindow: 0
07-14 12:28:23.612 D/DB      ( 3494): cursor 0
07-14 12:28:23.643 D/NetworkThread( 3494): [null:-1]->queue is empty, thread wait...
07-14 12:28:23.744 D/MdmService( 3494): [null:-1]->handleCheckInResult
07-14 12:28:23.744 D/MdmService( 3494): [null:-1]->handleCheckInResult result keyIndex: 3
07-14 12:28:23.752 D/CommandManager( 3494): [null:-1]->execute command: CommandMsg{CommandUUID='8a80888e4732aed501473320f103063a', Command=CommandInstallDocument{DocumentName='2', DocumentSize=125, DocumentFormat='null', DownloadURL='http://demo.everknow.cn/resources/api/v1/download/guest?uuid=1ba71d5faf02449e280da6a44f67', Auth=null, DocumentUUID='8a80888c46c806620146c86ff32f0591', Version='1.0', DocumentDescription='null', DocumentCategory=null, IsCompressed=null, ReadAuthDay=null, RingNotify=null, EncryptLevel=null}}
07-14 12:28:23.752 D/DownLoadDocService( 3494): [null:-1]->action is  com.pekall.emdm.action.DOWNLOADDOC
07-14 12:28:23.760 D/DownLoadDocService( 3494): [null:-1]->uuid is  8a80888c46c806620146c86ff32f0591 ,url is http://demo.everknow.cn/resources/api/v1/download/guest?uuid=1ba71d5faf02449e280da6a44f67
07-14 12:28:23.768 E/DB      ( 3494): bind, index: 1, value: 8a80888c46c806620146c86ff32f0591
07-14 12:28:23.768 D/DB      ( 3494): query: SQLiteQuery: SELECT * FROM doc WHERE uuid=?
07-14 12:28:23.768 D/DB      ( 3494): factory null
07-14 12:28:23.768 D/DB      ( 3494): fillWindow: 0
07-14 12:28:23.768 D/DB      ( 3494): cursor 0
07-14 12:28:23.768 D/DB      ( 3494): moveToPos: 0
07-14 12:28:23.815 D/DB      ( 3494): query: SQLiteQuery: SELECT * FROM doc WHERE browseStatus = 0 AND type = 'Normal'
07-14 12:28:23.815 D/DB      ( 3494): factory null
07-14 12:28:23.815 D/DB      ( 3494): fillWindow: 0
07-14 12:28:23.815 D/DB      ( 3494): cursor 1
07-14 12:28:23.815 D/DB      ( 3494): query: SQLiteQuery: SELECT * FROM doc WHERE browseStatus = 0 AND type = 'Normal'
07-14 12:28:23.815 D/DB      ( 3494): factory null
07-14 12:28:23.815 D/DB      ( 3494): fillWindow: 0
07-14 12:28:23.815 D/DB      ( 3494): cursor 1
07-14 12:28:23.815 E/Mdm     ( 3494): Call Mdm service's recordIconCount function
07-14 12:28:23.823 I/TransInfo( 3494): TransInfo created, id: 3, class: class com.pekall.emdm.transaction.b.c
07-14 12:28:23.823 E/DB      ( 3494): bind, index: 1, value: 8a80888c46c806620146c86ff32f0591
07-14 12:28:23.823 D/NetworkThread( 3494): [null:-1]->----isRunning-----true
07-14 12:28:23.823 E/DB      ( 3494): bind, index: 2, value: Contact
07-14 12:28:23.823 D/NetworkThread( 3494): [null:-1]->----isRunning-----true
07-14 12:28:23.823 D/NetworkThread( 3494): [null:-1]->thread wakeup
07-14 12:28:23.823 D/DB      ( 3494): query: SQLiteQuery: SELECT * FROM doc WHERE uuid=? AND type=?
07-14 12:28:23.823 D/DB      ( 3494): factory null
07-14 12:28:23.823 D/DB      ( 3494): fillWindow: 0
07-14 12:28:23.823 D/DB      ( 3494): cursor 1
07-14 12:28:23.823 D/DB      ( 3494): moveToPos: 0
07-14 12:28:23.823 D/DB      ( 3494): onMove: 0
07-14 12:28:23.823 D/HttpClient( 3494): enable apache.http debug
07-14 12:28:23.830 V/DEBUG   ( 3494): HTTP 0
07-14 12:28:23.862 D/DB      ( 3494): query: SQLiteQuery: SELECT * FROM doc WHERE browseStatus = 0 AND type = 'Normal'
07-14 12:28:23.862 D/DB      ( 3494): factory null
07-14 12:28:23.862 D/DB      ( 3494): fillWindow: 0
07-14 12:28:23.862 D/DB      ( 3494): cursor 1
07-14 12:28:23.862 D/DB      ( 3494): query: SQLiteQuery: SELECT * FROM doc WHERE browseStatus = 0 AND type = 'Normal'
07-14 12:28:23.862 D/DB      ( 3494): factory null
07-14 12:28:23.862 D/DB      ( 3494): fillWindow: 0
07-14 12:28:23.862 D/DB      ( 3494): cursor 1
07-14 12:28:23.862 E/Mdm     ( 3494): Call Mdm service's recordIconCount function
07-14 12:28:24.104 E/DocDownLoaderManager( 3494): read buffer is -1 , download done
07-14 12:28:24.104 E/DB      ( 3494): bind, index: 1, value: 8a80888c46c806620146c86ff32f0591
07-14 12:28:24.104 E/DB      ( 3494): bind, index: 2, value: Contact
07-14 12:28:24.104 D/DB      ( 3494): query: SQLiteQuery: SELECT * FROM doc WHERE uuid=? AND type=?
07-14 12:28:24.104 D/DB      ( 3494): factory null
07-14 12:28:24.104 D/DB      ( 3494): fillWindow: 0
07-14 12:28:24.112 D/DB      ( 3494): cursor 1
07-14 12:28:24.112 D/DB      ( 3494): moveToPos: 0
07-14 12:28:24.112 D/DB      ( 3494): onMove: 0
07-14 12:28:24.143 D/DB      ( 3494): query: SQLiteQuery: SELECT * FROM doc WHERE browseStatus = 0 AND type = 'Normal'
07-14 12:28:24.143 D/DB      ( 3494): factory null
07-14 12:28:24.143 D/DB      ( 3494): fillWindow: 0
07-14 12:28:24.143 D/DB      ( 3494): cursor 1
07-14 12:28:24.143 D/DB      ( 3494): query: SQLiteQuery: SELECT * FROM doc WHERE browseStatus = 0 AND type = 'Normal'
07-14 12:28:24.151 D/DB      ( 3494): factory null
07-14 12:28:24.151 D/DB      ( 3494): fillWindow: 0
07-14 12:28:24.151 D/DB      ( 3494): cursor 1
07-14 12:28:24.151 E/Mdm     ( 3494): Call Mdm service's recordIconCount function
07-14 12:28:24.151 D/MONITOR ( 3494): |_UUID -------> 8a80888c46c806620146c86ff32f0591
07-14 12:28:24.151 D/ContactsProvider( 3494): [Contacts] query 'content://emdmcontacts/contacts', segment size: 1
07-14 12:28:24.158 D/ContactsProvider( 3494): [Contacts] query 'content://emdmcontacts/company_calllogs', segment size: 1
07-14 12:28:24.158 D/MAINTAIN( 3494): ============== Delete form insertCsv ==============
07-14 12:28:24.166 D/MONITOR ( 3494): |_OPEN FILE DONE
07-14 12:28:24.166 D/MONITOR ( 3494): |   |_ BUILD NEW FILE(1)
07-14 12:28:24.166 D/MONITOR ( 3494): |   |_ BUILD NEW FILE(2)
07-14 12:28:24.166 D/MONITOR ( 3494): |   |_ BUILD NEW FILE(3)
07-14 12:28:24.166 D/MONITOR ( 3494): |   |_ BUILD NEW FILE(4 --> OK)
07-14 12:28:24.166 D/MONITOR ( 3494): |_CHECK VERSION BEGIN
07-14 12:28:24.166 D/NEWCSVTEST( 3494):  [CHECKVERSION] 
07-14 12:28:24.166 D/NEWCSVTEST( 3494):   coulmnFirst -->530
07-14 12:28:24.166 D/NEWCSVTEST( 3494): coulmnSecond -->530
07-14 12:28:24.166 D/NEWCSVTEST( 3494): coulmnThrid -->530
07-14 12:28:24.166 D/NEWCSVTEST( 3494): coulmnFourth -->530
07-14 12:28:24.166 D/NEWCSVTEST( 3494): coulmnFiveth -->530
07-14 12:28:24.166 D/MONITOR ( 3494): |   |_READ NEXT
07-14 12:28:24.166 D/MONITOR ( 3494): |       |_GET NEXT LINE
07-14 12:28:24.166 D/MONITOR ( 3494): |       |_PARSE LINE
07-14 12:28:24.166 D/MONITOR ( 3494): |_CHECK VERSION BEGIN tokens --> [Ljava.lang.String;@4326a5c8
07-14 12:28:24.166 D/NEWCSVTEST( 3494): tokens[0] -->
07-14 12:28:24.166 D/NEWCSVTEST( 3494): tokens[1] -->
07-14 12:28:24.166 D/NEWCSVTEST( 3494): coulmnFirst -->530
07-14 12:28:24.166 D/NEWCSVTEST( 3494): coulmnSecond -->530
07-14 12:28:24.166 D/NEWCSVTEST( 3494): coulmnThrid -->0
07-14 12:28:24.166 D/NEWCSVTEST( 3494): coulmnFourth -->530
07-14 12:28:24.166 D/NEWCSVTEST( 3494): coulmnFiveth -->530
07-14 12:28:24.166 D/NEWCSVTEST( 3494): 0
07-14 12:28:24.166 D/NEWCSVTEST( 3494): coulmnFirst -->530
07-14 12:28:24.166 D/NEWCSVTEST( 3494): coulmnSecond -->530
07-14 12:28:24.166 D/NEWCSVTEST( 3494): coulmnThrid -->0
07-14 12:28:24.166 D/NEWCSVTEST( 3494): coulmnFourth -->1
07-14 12:28:24.166 D/NEWCSVTEST( 3494): coulmnFiveth -->530
07-14 12:28:24.166 D/NEWCSVTEST( 3494): 1
07-14 12:28:24.166 D/NEWCSVTEST( 3494): coulmnFirst -->530
07-14 12:28:24.166 D/NEWCSVTEST( 3494): coulmnSecond -->530
07-14 12:28:24.166 D/NEWCSVTEST( 3494): coulmnThrid -->0
07-14 12:28:24.166 D/NEWCSVTEST( 3494): coulmnFourth -->1
07-14 12:28:24.166 D/NEWCSVTEST( 3494): coulmnFiveth -->2
07-14 12:28:24.166 D/NEWCSVTEST( 3494): 2
07-14 12:28:24.166 D/NEWCSVTEST( 3494): coulmnFirst -->530
07-14 12:28:24.166 D/NEWCSVTEST( 3494): coulmnSecond -->3
07-14 12:28:24.166 D/NEWCSVTEST( 3494): coulmnThrid -->0
07-14 12:28:24.166 D/NEWCSVTEST( 3494): coulmnFourth -->1
07-14 12:28:24.166 D/NEWCSVTEST( 3494): coulmnFiveth -->2
07-14 12:28:24.166 D/NEWCSVTEST( 3494): 3
07-14 12:28:24.166 D/MONITOR ( 3494): |   |_THE 1.th CHECK VERSION
07-14 12:28:24.166 D/CsvFile ( 3494): Checking version: 1
07-14 12:28:24.166 D/MONITOR ( 3494): |   |_[ + 1] match title ''? false
07-14 12:28:24.166 D/CsvFile ( 3494): [ + 1] match title ''? false
07-14 12:28:24.174 D/MONITOR ( 3494): |   |_[ + 1] match title ''? false
07-14 12:28:24.174 D/CsvFile ( 3494): [ + 1] match title ''? false
07-14 12:28:24.174 D/MONITOR ( 3494): |   |_[ + 1] match title ''? false
07-14 12:28:24.174 D/CsvFile ( 3494): [ + 1] match title ''? false
07-14 12:28:24.174 D/MONITOR ( 3494): |   |_[ + 1] match title ''? false
07-14 12:28:24.174 D/CsvFile ( 3494): [ + 1] match title ''? false
07-14 12:28:24.174 D/MONITOR ( 3494): |   |_[ + 1] match title ''? false
07-14 12:28:24.174 D/CsvFile ( 3494): [ + 1] match title ''? false
07-14 12:28:24.174 D/MONITOR ( 3494): |   |_THE 2.th CHECK VERSION
07-14 12:28:24.174 D/CsvFile ( 3494): Checking version: 2
07-14 12:28:24.174 D/MONITOR ( 3494): |   |_[ + 1] match title ''? false
07-14 12:28:24.174 D/CsvFile ( 3494): [ + 1] match title ''? false
07-14 12:28:24.174 D/MONITOR ( 3494): |   |_[ + 1] match title ''? true
07-14 12:28:24.174 D/CsvFile ( 3494): [ + 1] match title ''? true
07-14 12:28:24.174 D/MONITOR ( 3494): |   |_[ + 1] match title ''? true
07-14 12:28:24.174 D/CsvFile ( 3494): [ + 1] match title ''? true
07-14 12:28:24.174 D/MONITOR ( 3494): |   |_[ + 1] match title ''? true
07-14 12:28:24.174 D/CsvFile ( 3494): [ + 1] match title ''? true
07-14 12:28:24.174 D/MONITOR ( 3494): |   |_[ + 1] match title ''? true
07-14 12:28:24.174 D/CsvFile ( 3494): [ + 1] match title ''? true
07-14 12:28:24.174 D/CsvFile ( 3494): Confirm csv file version: 2
07-14 12:28:24.174 D/MONITOR ( 3494): |_CHECK VERSION 2 =
07-14 12:28:24.174 D/MONITOR ( 3494): |   |_READ NEXT
07-14 12:28:24.174 D/MONITOR ( 3494): |       |_GET NEXT LINE
07-14 12:28:24.174 D/MONITOR ( 3494): |       |_PARSE LINE
07-14 12:28:24.174 D/MONITOR ( 3494): |_PARSEV2 READNEXT --> [Ljava.lang.String;@435a8bd8
07-14 12:28:24.174 D/MONITOR ( 3494): |_CREATE A NEW LINE OF 'CsvContactLine'
07-14 12:28:24.174 D/MONITOR ( 3494): |_NAME = ccc
07-14 12:28:24.174 D/MONITOR ( 3494): |_DEPARTMENT = NULL
07-14 12:28:24.174 D/MONITOR ( 3494): |_EMAIL = zhansan@company.com
07-14 12:28:24.174 D/MONITOR ( 3494): |_MOBILE = 18980886890
07-14 12:28:24.174 D/MONITOR ( 3494): |_LANDLINE = 010-84130019
07-14 12:28:24.174 D/CsvFile ( 3494): [V2][ + 2] Add contact: contact={name 'ccc', department ', office address 'null', land line '010-84130019', mobile '18980886890', email 'zhansan@company.com', msn 'null'}
07-14 12:28:24.174 D/MONITOR ( 3494): |   |_READ NEXT
07-14 12:28:24.174 D/MONITOR ( 3494): |       |_GET NEXT LINE
07-14 12:28:24.174 D/MONITOR ( 3494): |       |_PARSE LINE
07-14 12:28:24.182 D/MONITOR ( 3494): |_PARSEV2 READNEXT --> [Ljava.lang.String;@43215188
07-14 12:28:24.182 D/MONITOR ( 3494): |_CREATE A NEW LINE OF 'CsvContactLine'
07-14 12:28:24.182 D/MONITOR ( 3494): |_NAME = ddd
07-14 12:28:24.182 D/MONITOR ( 3494): |_DEPARTMENT = NULL
07-14 12:28:24.182 D/MONITOR ( 3494): |_EMAIL = zhansan@company.com
07-14 12:28:24.182 D/MONITOR ( 3494): |_MOBILE = 12345787545
07-14 12:28:24.182 D/MONITOR ( 3494): |_LANDLINE = 010-54545446
07-14 12:28:24.182 D/CsvFile ( 3494): [V2][ + 3] Add contact: contact={name 'ddd', department ', office address 'null', land line '010-54545446', mobile '12345787545', email 'zhansan@company.com', msn 'null'}
07-14 12:28:24.182 D/MONITOR ( 3494): |   |_READ NEXT
07-14 12:28:24.182 D/MONITOR ( 3494): |       |_GET NEXT LINE
07-14 12:28:24.182 D/MONITOR ( 3494): = Close File =
07-14 12:28:24.205 D/ContactsProvider( 3494): Insert new company , id: 2, uuid: 8a80888c46c806620146c86ff32f0591
07-14 12:28:24.205 D/ContactsProvider( 3494): [Contacts] query 'content://emdmcontacts/contacts', segment size: 1
07-14 12:28:24.205 D/ContactsProvider( 3494): 18980886890++ccc++zhansan@company.com++010-84130019
07-14 12:28:24.205 D/ContactsProvider( 3494): Insert new contact 'ccc'
07-14 12:28:24.205 D/TEST_ALL( 3494): CONTACT_INSERT
07-14 12:28:24.221 D/ContactsProvider( 3494): 12345787545++ddd++zhansan@company.com++010-54545446
07-14 12:28:24.221 D/ContactsProvider( 3494): Insert new contact 'ddd'
07-14 12:28:24.221 D/TEST_ALL( 3494): CONTACT_INSERT
07-14 12:28:24.260 D/ContactsProvider( 3494): [Contacts] query 'content://emdmcontacts/contacts', segment size: 1
07-14 12:28:24.260 D/ContactsProvider( 3494): = Opened the file! =
07-14 12:28:24.291 D/ContactsProvider( 3494): [{"contactId":"8a80888c46c806620146c86ff32f0591","status":"57604"}]
07-14 12:28:24.291 E/Mdm     ( 3494): Call Mdm service's upLoadDocStatus function, request id: 2
07-14 12:28:24.291 I/TransInfo( 3494): TransInfo created, id: 22, class: class com.pekall.emdm.transaction.b.r
07-14 12:28:24.291 D/NetworkThread( 3494): [null:-1]->----isRunning-----true
07-14 12:28:24.299 D/DB      ( 3494): query: SQLiteQuery: SELECT uuid, status FROM doc WHERE uploadStatus =0 AND type ='Normal'
07-14 12:28:24.299 D/DB      ( 3494): factory null
07-14 12:28:24.299 D/DB      ( 3494): fillWindow: 0
07-14 12:28:24.299 D/DB      ( 3494): cursor 2
07-14 12:28:24.299 D/DB      ( 3494): moveToPos: 0
07-14 12:28:24.299 D/DB      ( 3494): onMove: 0
07-14 12:28:24.299 D/DB      ( 3494): moveToPos: 1
07-14 12:28:24.299 I/AudioService(  374):  AudioFocus  requestAudioFocus() from android.media.AudioManager@42c98d40
07-14 12:28:24.299 D/DB      ( 3494): onMove: 1
07-14 12:28:24.299 D/DB      ( 3494): moveToPos: 2
07-14 12:28:24.299 V/KeyguardHostView(  374): hide transport, gen:22
07-14 12:28:24.557 V/DEBUG   ( 3494): HTTP 1
07-14 12:28:24.565 D/MdmDatabaseHelper( 3494): [null:-1]->update command 8a80888e4732aed501473320f103063a to status executed
07-14 12:28:24.596 D/HttpClient( 3494): enable apache.http debug
07-14 12:28:24.604 V/DEBUG   ( 3494): HTTP 0
07-14 12:28:24.658 D/MdmService( 3494): [null:-1]->handleCheckInResult
07-14 12:28:24.666 D/MdmService( 3494): [null:-1]->handleCheckInResult result keyIndex: 3
07-14 12:28:24.666 D/HandleCommandTask( 3494): [null:-1]->execute command msg but beanBase is null
07-14 12:28:24.666 D/MdmStatusManager( 3494): [null:-1]->change status to : Idle
07-14 12:28:24.877 V/DEBUG   ( 3494): HTTP 1
07-14 12:28:24.885 D/NetworkThread( 3494): [null:-1]->queue is empty, thread wait...
07-14 12:28:24.987 D/MDM :   ( 3494): [null:-1]->Got trans result.
07-14 12:28:24.987 D/MDM :   ( 3494): [null:-1]->Trigger client's callback, request id: 2
07-14 12:28:24.987 D/Mdm     ( 3494): Receive trans result, request id: 2
07-14 12:28:24.987 V/Assistant( 3494): Got response from server.
07-14 12:28:24.987 D/ContactsProvider( 3494): RESULT_DONE
07-14 12:28:25.432 I/AudioService(  374):  AudioFocus  abandonAudioFocus() from android.media.AudioManager@42c98d40
07-14 12:28:25.432 V/KeyguardHostView(  374): hide transport, gen:23
07-14 12:28:30.893 D/dalvikvm( 6152): GC_FOR_ALLOC freed 342K, 6% free 9322K/9892K, paused 40ms, total 40ms
07-14 12:28:30.901 W/MountService(  374): getVolumeState(/storage/emulated/0/external_sd): Unknown volume
07-14 12:28:30.901 W/MountService(  374): getVolumeState(/mnt/sdcard-ext): Unknown volume
07-14 12:28:30.901 W/MountService(  374): getVolumeState(/mnt/ext_sdcard): Unknown volume
07-14 12:28:30.901 W/MountService(  374): getVolumeState(/mnt/sdcard2): Unknown volume
07-14 12:28:30.901 W/MountService(  374): getVolumeState(/mnt/emmc): Unknown volume
07-14 12:28:30.901 W/MountService(  374): getVolumeState(/mnt/extSdCard): Unknown volume
07-14 12:28:30.901 W/MountService(  374): getVolumeState(/mnt/sdcard/SD_CARD): Unknown volume
07-14 12:28:30.901 W/MountService(  374): getVolumeState(/mnt/sdcard/extra_sd): Unknown volume
07-14 12:28:30.901 W/MountService(  374): getVolumeState(/mnt/extrasd_bind): Unknown volume
07-14 12:28:30.908 W/MountService(  374): getVolumeState(/mnt/sdcard/ext_sd): Unknown volume
07-14 12:28:30.908 W/MountService(  374): getVolumeState(/storage/extSdCard): Unknown volume
07-14 12:28:30.908 W/MountService(  374): getVolumeState(/storage/sdcard1): Unknown volume
07-14 12:28:30.908 W/MountService(  374): getVolumeState(/mnt/sdcard/external_SD): Unknown volume
07-14 12:28:30.908 W/MountService(  374): getVolumeState(/mnt/sdcard/external_sd): Unknown volume
07-14 12:28:31.010 D/dalvikvm( 6152): GC_CONCURRENT freed 278K, 5% free 9473K/9892K, paused 2ms+3ms, total 27ms
07-14 12:28:31.026 D/dalvikvm( 2221): GC_CONCURRENT freed 385K, 6% free 9559K/10108K, paused 2ms+3ms, total 37ms
07-14 12:28:31.166 W/MountService(  374): getVolumeState(/storage/emulated/0/external_sd): Unknown volume
07-14 12:28:31.166 W/MountService(  374): getVolumeState(/mnt/sdcard-ext): Unknown volume
07-14 12:28:31.166 W/MountService(  374): getVolumeState(/mnt/ext_sdcard): Unknown volume
07-14 12:28:31.166 W/MountService(  374): getVolumeState(/mnt/sdcard2): Unknown volume
07-14 12:28:31.166 W/MountService(  374): getVolumeState(/mnt/emmc): Unknown volume
07-14 12:28:31.166 W/MountService(  374): getVolumeState(/mnt/extSdCard): Unknown volume
07-14 12:28:31.166 W/MountService(  374): getVolumeState(/mnt/sdcard/SD_CARD): Unknown volume
07-14 12:28:31.174 W/MountService(  374): getVolumeState(/mnt/sdcard/extra_sd): Unknown volume
07-14 12:28:31.174 W/MountService(  374): getVolumeState(/mnt/extrasd_bind): Unknown volume
07-14 12:28:31.174 W/MountService(  374): getVolumeState(/mnt/sdcard/ext_sd): Unknown volume
07-14 12:28:31.174 W/MountService(  374): getVolumeState(/storage/extSdCard): Unknown volume
07-14 12:28:31.174 W/MountService(  374): getVolumeState(/storage/sdcard1): Unknown volume
07-14 12:28:31.174 W/MountService(  374): getVolumeState(/mnt/sdcard/external_SD): Unknown volume
07-14 12:28:31.182 W/MountService(  374): getVolumeState(/mnt/sdcard/external_sd): Unknown volume
07-14 12:28:31.213 D/dalvikvm( 6152): GC_CONCURRENT freed 525K, 6% free 9394K/9956K, paused 4ms+3ms, total 34ms
07-14 12:28:34.080 D/AndroidRuntime( 6697): 
07-14 12:28:34.080 D/AndroidRuntime( 6697): >>>>>> AndroidRuntime START com.android.internal.os.RuntimeInit <<<<<<
07-14 12:28:34.080 D/AndroidRuntime( 6697): CheckJNI is OFF
07-14 12:28:34.096 D/dalvikvm( 6697): Trying to load lib libjavacore.so 0x0
07-14 12:28:34.104 D/dalvikvm( 6697): Added shared lib libjavacore.so 0x0
07-14 12:28:34.119 D/dalvikvm( 6697): Trying to load lib libnativehelper.so 0x0
07-14 12:28:34.119 D/dalvikvm( 6697): Added shared lib libnativehelper.so 0x0
07-14 12:28:34.346 D/AndroidRuntime( 6697): Calling main entry com.android.commands.uiautomator.Launcher
07-14 12:28:34.377 E/UiDevice( 6697): Exceuting watcher: ANRWatcher
07-14 12:28:34.377 E/UiDevice( 6697): java.lang.RuntimeException: UiDevice not initialized
07-14 12:28:34.377 E/UiDevice( 6697): 	at com.android.uiautomator.core.UiDevice.getAutomatorBridge(UiDevice.java:87)
07-14 12:28:34.377 E/UiDevice( 6697): 	at com.android.uiautomator.core.UiDevice.wakeUp(UiDevice.java:719)
07-14 12:28:34.377 E/UiDevice( 6697): 	at com.pekall.test.mdmui.util.UiANRWatcher.checkForCondition(UiANRWatcher.java:23)
07-14 12:28:34.377 E/UiDevice( 6697): 	at com.android.uiautomator.core.UiDevice.runWatchers(UiDevice.java:554)
07-14 12:28:34.377 E/UiDevice( 6697): 	at com.pekall.test.mdmui.util.UiANRWatcher.run(UiANRWatcher.java:41)
07-14 12:28:34.377 E/UiDevice( 6697): 	at com.pekall.test.mdmui.Contacts.<clinit>(Contacts.java:21)
07-14 12:28:34.377 E/UiDevice( 6697): 	at java.lang.Class.newInstanceImpl(Native Method)
07-14 12:28:34.377 E/UiDevice( 6697): 	at java.lang.Class.newInstance(Class.java:1130)
07-14 12:28:34.377 E/UiDevice( 6697): 	at com.android.uiautomator.testrunner.TestCaseCollector.addSingleTestMethod(TestCaseCollector.java:110)
07-14 12:28:34.377 E/UiDevice( 6697): 	at com.android.uiautomator.testrunner.TestCaseCollector.addTestClass(TestCaseCollector.java:86)
07-14 12:28:34.377 E/UiDevice( 6697): 	at com.android.uiautomator.testrunner.TestCaseCollector.addTestClass(TestCaseCollector.java:72)
07-14 12:28:34.377 E/UiDevice( 6697): 	at com.android.uiautomator.testrunner.TestCaseCollector.addTestClasses(TestCaseCollector.java:53)
07-14 12:28:34.377 E/UiDevice( 6697): 	at com.android.uiautomator.testrunner.UiAutomatorTestRunner.start(UiAutomatorTestRunner.java:106)
07-14 12:28:34.377 E/UiDevice( 6697): 	at com.android.uiautomator.testrunner.UiAutomatorTestRunner.run(UiAutomatorTestRunner.java:96)
07-14 12:28:34.377 E/UiDevice( 6697): 	at com.android.commands.uiautomator.RunTestCommand.run(RunTestCommand.java:91)
07-14 12:28:34.377 E/UiDevice( 6697): 	at com.android.commands.uiautomator.Launcher.main(Launcher.java:83)
07-14 12:28:34.377 E/UiDevice( 6697): 	at com.android.internal.os.RuntimeInit.nativeFinishInit(Native Method)
07-14 12:28:34.377 E/UiDevice( 6697): 	at com.android.internal.os.RuntimeInit.main(RuntimeInit.java:235)
07-14 12:28:34.377 E/UiDevice( 6697): 	at dalvik.system.NativeStart.main(Native Method)
07-14 12:28:34.393 D/dalvikvm( 6697): Note: class Landroid/app/ActivityManagerNative; has 163 unimplemented (abstract) methods
07-14 12:28:34.455 I/PowerManagerService(  374): Waking up from sleep...
07-14 12:28:34.573 I/WindowManager(  374): Lock screen displayed!
07-14 12:28:34.737 D/dalvikvm( 2019): GC_FOR_ALLOC freed 338K, 7% free 9926K/10588K, paused 31ms, total 32ms
07-14 12:28:34.768 V/DigitalWidgetViewsFactory( 2502): DigitalWidget sets next alarm string to null
07-14 12:28:34.815 D/PowerManagerService-JNI(  374): Excessive delay in autosuspend_disable() while turning screen on: 353ms
07-14 12:28:34.823 D/SurfaceFlinger(  124): Screen acquired, type=0 flinger=0x41e1a478
07-14 12:28:34.901 D/LightsService(  374): Excessive delay setting light: 77ms
07-14 12:28:34.963 D/LightsService(  374): Excessive delay setting light: 67ms
07-14 12:28:35.182 D/AndroidRuntime( 6715): 
07-14 12:28:35.182 D/AndroidRuntime( 6715): >>>>>> AndroidRuntime START com.android.internal.os.RuntimeInit <<<<<<
07-14 12:28:35.182 D/AndroidRuntime( 6715): CheckJNI is OFF
07-14 12:28:35.198 D/dalvikvm( 6715): Trying to load lib libjavacore.so 0x0
07-14 12:28:35.198 D/dalvikvm( 6715): Added shared lib libjavacore.so 0x0
07-14 12:28:35.213 D/dalvikvm( 6715): Trying to load lib libnativehelper.so 0x0
07-14 12:28:35.213 D/dalvikvm( 6715): Added shared lib libnativehelper.so 0x0
07-14 12:28:35.377 D/AndroidRuntime( 6715): Calling main entry com.qihoo360.powerctl.root.app.App
07-14 12:28:35.385 D/AndroidRuntime( 6715): Shutting down VM
07-14 12:28:35.385 D/dalvikvm( 6715): GC_CONCURRENT freed 114K, 22% free 467K/592K, paused 0ms+0ms, total 4ms
07-14 12:28:35.385 I/AndroidRuntime( 6715): NOTE: attach of thread 'Binder_1' failed
