07-14 12:26:57.104 W/PackageManager(  374): Unknown permission com.htc.launcher.permission.READ_SETTINGS in package com.qihoo.appstore
07-14 12:26:57.104 W/PackageManager(  374): Not granting permission android.permission.DEVICE_POWER to package com.qihoo.appstore (protectionLevel=2 flags=0x88be44)
07-14 12:26:57.104 W/PackageManager(  374): Not granting permission android.permission.MOUNT_UNMOUNT_FILESYSTEMS to package com.qihoo.appstore (protectionLevel=18 flags=0x88be44)
07-14 12:26:57.104 W/PackageManager(  374): Unknown permission com.huaqin.launcherEx.permission.READ_SETTINGS in package com.qihoo.appstore
07-14 12:26:57.104 W/PackageManager(  374): Unknown permission com.huaqin.launcherEx.permission.WRITE_SETTINGS in package com.qihoo.appstore
07-14 12:26:57.104 W/PackageManager(  374): Unknown permission com.android.launcher.permission.READ_PHONE_STATE in package com.qihoo.appstore
07-14 12:26:57.104 W/PackageManager(  374): Unknown permission com.huawei.launcher3.permission.READ_SETTINGS in package com.qihoo.appstore
07-14 12:26:57.104 W/PackageManager(  374): Unknown permission com.qihoo360.launcher.permission.WRITE_SETTINGS in package com.qihoo.appstore
07-14 12:26:57.104 W/PackageManager(  374): Unknown permission com.qihoo360.launcher.permission.READ_SETTINGS in package com.qihoo.appstore
07-14 12:26:57.104 W/PackageManager(  374): Not granting permission android.permission.DEVICE_POWER to package com.google.android.deskclock (protectionLevel=2 flags=0xc8be45)
07-14 12:26:57.104 W/PackageManager(  374): Unknown permission android.permission.READ_OWNER_DATA in package com.google.android.setupwizard
07-14 12:26:57.104 W/PackageManager(  374): Unknown permission android.permission.WRITE_OWNER_DATA in package com.google.android.setupwizard
07-14 12:26:57.112 W/PackageManager(  374): Unknown permission android.permission.ACCESS_MTK_MMHW in package com.qihoo.permroot
07-14 12:26:57.112 W/PackageManager(  374): Unknown permission com.google.android.voicesearch.SHORTCUTS_ACCESS in package com.google.android.googlequicksearchbox
07-14 12:26:57.112 W/PackageManager(  374): Not granting permission android.permission.ACCOUNT_MANAGER to package com.google.android.music (protectionLevel=2 flags=0x88be65)
07-14 12:26:57.112 W/PackageManager(  374): Unknown permission android.permission.READ_OWNER_DATA in package com.nd.assistance
07-14 12:26:57.112 W/PackageManager(  374): Unknown permission android.permission.WRITE_OWNER_DATA in package com.nd.assistance
07-14 12:26:57.112 W/PackageManager(  374): Not granting permission android.permission.DEVICE_POWER to package com.nd.assistance (protectionLevel=2 flags=0x80ae46)
07-14 12:26:57.112 W/PackageManager(  374): Unknown permission com.android.providers.im.permission.READ_ONLY in package com.google.android.apps.maps
07-14 12:26:57.112 W/PackageManager(  374): Unknown permission android.permission.ACCESS_SUPERUSER in package com.jrummy.root.browser
07-14 12:26:57.112 W/PackageManager(  374): Not granting permission android.permission.ACCESS_CHECKIN_PROPERTIES to package com.google.android.apps.googlevoice (protectionLevel=18 flags=0x8be44)
07-14 12:26:57.112 W/PackageManager(  374): Unknown permission com.google.android.apps.googlevoice.REMOTE_INTENT in package com.google.android.apps.googlevoice
07-14 12:26:57.112 W/PackageManager(  374): Unknown permission com.google.android.permission.RECEIVE_DATA_MESSAGE in package com.google.android.apps.googlevoice
07-14 12:26:57.112 W/PackageManager(  374): Unknown permission com.google.android.permission.SEND_DATA_MESSAGE in package com.google.android.apps.googlevoice
07-14 12:26:57.112 W/PackageManager(  374): Unknown permission com.android.providers.voicemail.permission.READ_WRITE_ALL_VOICEMAIL in package com.google.android.apps.googlevoice
07-14 12:26:57.112 W/PackageManager(  374): Unknown permission com.android.providers.voicemail.permission.READ_WRITE_OWN_VOICEMAIL in package com.google.android.apps.googlevoice
07-14 12:26:57.119 W/PackageManager(  374): Not granting permission com.google.android.apps.dashclock.permission.READ_EXTENSION_DATA to package com.betterapps.dashclock (protectionLevel=2 flags=0x8bbe44)
07-14 12:26:57.119 W/PackageManager(  374): Not granting permission android.permission.READ_LOGS to package com.pekall.emdm (protectionLevel=50 flags=0x88be46)
07-14 12:26:57.119 W/PackageManager(  374): Not granting permission android.permission.BIND_APPWIDGET to package com.pekall.emdm (protectionLevel=18 flags=0x88be46)
07-14 12:26:57.119 W/PackageManager(  374): Unknown permission com.pekall.emdm.launcher.permission.READ_SETTINGS in package com.pekall.emdm
07-14 12:26:57.119 W/PackageManager(  374): Unknown permission com.pekall.emdm.launcher.permission.WRITE_SETTINGS in package com.pekall.emdm
07-14 12:26:57.119 W/PackageManager(  374): Not granting permission android.permission.CHANGE_CONFIGURATION to package com.pekall.emdm (protectionLevel=50 flags=0x88be46)
07-14 12:26:57.119 W/PackageManager(  374): Not granting permission android.permission.INSTALL_PACKAGES to package com.pekall.emdm (protectionLevel=18 flags=0x88be46)
07-14 12:26:57.119 W/PackageManager(  374): Unknown permission android.permission.sec.ENTERPRISE_DEVICE_ADMIN in package com.pekall.emdm
07-14 12:26:57.119 W/PackageManager(  374): Unknown permission android.permission.sec.MDM_APP_MGMT in package com.pekall.emdm
07-14 12:26:57.119 W/PackageManager(  374): Unknown permission android.permission.sec.MDM_BLUETOOTH in package com.pekall.emdm
07-14 12:26:57.119 W/PackageManager(  374): Unknown permission android.permission.sec.MDM_INVENTORY in package com.pekall.emdm
07-14 12:26:57.119 W/PackageManager(  374): Unknown permission android.permission.sec.MDM_EXCHANGE in package com.pekall.emdm
07-14 12:26:57.119 W/PackageManager(  374): Unknown permission android.permission.sec.MDM_ROAMING in package com.pekall.emdm
07-14 12:26:57.119 W/PackageManager(  374): Unknown permission android.permission.sec.MDM_WIFI in package com.pekall.emdm
07-14 12:26:57.119 W/PackageManager(  374): Unknown permission android.permission.sec.MDM_SECURITY in package com.pekall.emdm
07-14 12:26:57.119 W/PackageManager(  374): Unknown permission android.permission.sec.MDM_HW_CONTROL in package com.pekall.emdm
07-14 12:26:57.119 W/PackageManager(  374): Unknown permission android.permission.sec.MDM_RESTRICTION in package com.pekall.emdm
07-14 12:26:57.119 W/PackageManager(  374): Unknown permission android.permission.sec.MDM_LOCATION in package com.pekall.emdm
07-14 12:26:57.119 W/PackageManager(  374): Not granting permission android.permission.INTERACT_ACROSS_USERS_FULL to package com.pekall.emdm (protectionLevel=2 flags=0x88be46)
07-14 12:26:57.119 W/PackageManager(  374): Unknown permission android.permission.sec.MDM_CALLING in package com.pekall.emdm
07-14 12:26:57.119 W/PackageManager(  374): Unknown permission android.permission.sec.MDM_EMAIL in package com.pekall.emdm
07-14 12:26:57.119 W/PackageManager(  374): Unknown permission android.permission.sec.MDM_VPN in package com.pekall.emdm
07-14 12:26:57.119 W/PackageManager(  374): Unknown permission android.permission.sec.MDM_APN in package com.pekall.emdm
07-14 12:26:57.127 W/PackageManager(  374): Unknown permission android.permission.sec.MDM_PHONE_RESTRICTION in package com.pekall.emdm
07-14 12:26:57.127 W/PackageManager(  374): Unknown permission android.permission.sec.MDM_BROWSER_SETTINGS in package com.pekall.emdm
07-14 12:26:57.127 W/PackageManager(  374): Unknown permission android.permission.sec.MDM_DATE_TIME in package com.pekall.emdm
07-14 12:26:57.127 W/PackageManager(  374): Unknown permission android.permission.sec.MDM_ENTERPRISE_VPN in package com.pekall.emdm
07-14 12:26:57.127 W/PackageManager(  374): Unknown permission android.permission.sec.MDM_FIREWALL in package com.pekall.emdm
07-14 12:26:57.127 W/PackageManager(  374): Unknown permission android.permission.sec.MDM_APP_PERMISSION_MGMT in package com.pekall.emdm
07-14 12:26:57.127 W/PackageManager(  374): Unknown permission android.permission.sec.MDM_KIOSK_MODE in package com.pekall.emdm
07-14 12:26:57.127 W/PackageManager(  374): Not granting permission android.permission.ACCESS_DOWNLOAD_MANAGER to package com.pekall.emdm (protectionLevel=18 flags=0x88be46)
07-14 12:26:57.127 W/PackageManager(  374): Not granting permission android.permission.SEND_DOWNLOAD_COMPLETED_INTENTS to package com.pekall.emdm (protectionLevel=2 flags=0x88be46)
07-14 12:26:57.127 W/PackageManager(  374): Unknown permission com.pekall.emdm.browser.permission.READ_HISTORY_BOOKMARKS in package com.pekall.emdm
07-14 12:26:57.127 W/PackageManager(  374): Unknown permission com.pekall.emdm.browser.permission.WRITE_HISTORY_BOOKMARKS in package com.pekall.emdm
07-14 12:26:57.127 W/PackageManager(  374): Unknown permission com.pekall.semail.permission.READ_ATTACHMENT in package com.pekall.emdm
07-14 12:26:57.127 W/PackageManager(  374): Unknown permission com.pekall.semail.permission.ACCESS_PROVIDER in package com.pekall.emdm
07-14 12:26:57.127 W/PackageManager(  374): Not granting permission android.permission.WRITE_APN_SETTINGS to package com.dragon.android.pandaspace (protectionLevel=18 flags=0x80be44)
07-14 12:26:57.127 W/PackageManager(  374): Not granting permission android.permission.INSTALL_PACKAGES to package com.dragon.android.pandaspace (protectionLevel=18 flags=0x80be44)
07-14 12:26:57.127 W/PackageManager(  374): Not granting permission android.permission.CHANGE_CONFIGURATION to package com.dragon.android.pandaspace (protectionLevel=50 flags=0x80be44)
07-14 12:26:57.127 W/PackageManager(  374): Not granting permission android.permission.READ_LOGS to package com.dragon.android.pandaspace (protectionLevel=50 flags=0x80be44)
07-14 12:26:57.127 W/PackageManager(  374): Not granting permission android.permission.PACKAGE_USAGE_STATS to package com.dragon.android.pandaspace (protectionLevel=18 flags=0x80be44)
07-14 12:26:57.127 W/PackageManager(  374): Not granting permission android.permission.MOUNT_UNMOUNT_FILESYSTEMS to package com.dragon.android.pandaspace (protectionLevel=18 flags=0x80be44)
07-14 12:26:57.135 W/PackageManager(  374): Not granting permission android.permission.SET_ACTIVITY_WATCHER to package com.dragon.android.pandaspace (protectionLevel=2 flags=0x80be44)
07-14 12:26:57.135 W/PackageManager(  374): Not granting permission android.permission.DELETE_PACKAGES to package com.dragon.android.pandaspace (protectionLevel=18 flags=0x80be44)
07-14 12:26:57.135 W/PackageManager(  374): Not granting permission android.permission.CHANGE_COMPONENT_ENABLED_STATE to package com.dragon.android.pandaspace (protectionLevel=18 flags=0x80be44)
07-14 12:26:57.135 W/PackageManager(  374): Not granting permission android.permission.SEND_DOWNLOAD_COMPLETED_INTENTS to package com.android.vending (protectionLevel=2 flags=0x8abe45)
07-14 12:26:57.135 W/PackageManager(  374): Unknown permission android.permission.SEND_SMS_NO_CONFIRMATION in package com.android.vending
07-14 12:26:57.135 W/PackageManager(  374): Unknown permission android.permission.ACCESS_SUPERUSER in package com.speedsoftware.rootexplorer
07-14 12:26:57.135 W/PackageManager(  374): Not granting permission android.permission.WRITE_SECURE_SETTINGS to package com.pekall.nmefc (protectionLevel=50 flags=0x88be44)
07-14 12:26:57.135 W/PackageManager(  374): Unknown permission android.permission.ACCESS_GPS in package com.pekall.nmefc
07-14 12:26:57.135 W/PackageManager(  374): Unknown permission android.permission.BAIDU_LOCATION_SERVICE in package com.pekall.nmefc
07-14 12:26:57.135 W/PackageManager(  374): Not granting permission android.permission.MOUNT_UNMOUNT_FILESYSTEMS to package com.pekall.nmefc (protectionLevel=18 flags=0x88be44)
07-14 12:26:57.158 W/PackageManager(  374): Not granting permission android.permission.READ_DREAM_STATE to package com.google.android.gsf (protectionLevel=2 flags=0x883e45)
07-14 12:26:57.158 W/PackageManager(  374): Unknown permission android.permission.RECEIVE_USER_PRESENT in package com.moji.mjweather
07-14 12:26:57.158 W/PackageManager(  374): Not granting permission android.permission.INTERACT_ACROSS_USERS_FULL to package com.moji.mjweather (protectionLevel=2 flags=0x18be44)
07-14 12:26:57.166 W/PackageManager(  374): Not granting permission android.permission.MOUNT_UNMOUNT_FILESYSTEMS to package com.moji.mjweather (protectionLevel=18 flags=0x18be44)
07-14 12:26:57.166 W/PackageManager(  374): Not granting permission android.permission.READ_LOGS to package com.moji.mjweather (protectionLevel=50 flags=0x18be44)
07-14 12:26:57.315 I/ActivityManager(  374): Force stopping package com.moji.mjweather appid=10082 user=0
07-14 12:26:58.096 I/ActivityManager(  374): Start proc com.qihoo360.mobilesafe for service com.qihoo360.mobilesafe/.service.GuardDelegateService: pid=5981 uid=10072 gids={50072, 3003, 1015, 3001, 3002, 1006, 1028}
07-14 12:26:58.377 D/BackupManagerService(  374): Received broadcast Intent { act=android.intent.action.PACKAGE_REMOVED dat=package:com.moji.mjweather flg=0x8000010 (has extras) }
07-14 12:26:58.401 W/BackupManagerService(  374): dataChanged but no participant pkg='com.android.providers.settings' uid=10079
07-14 12:26:58.455 D/BackupManagerService(  374): Received broadcast Intent { act=android.intent.action.PACKAGE_ADDED dat=package:com.moji.mjweather flg=0x8000010 (has extras) }
07-14 12:26:58.455 V/BackupManagerService(  374): removePackageParticipantsLocked: uid=10082 #1
07-14 12:26:58.463 V/BackupManagerService(  374): addPackageParticipantsLocked: #1
07-14 12:26:58.658 W/BackupManagerService(  374): dataChanged but no participant pkg='com.android.providers.settings' uid=10079
07-14 12:26:59.573 I/ActivityManager(  374): Start proc com.android.keychain for broadcast com.android.keychain/.KeyChainBroadcastReceiver: pid=6000 uid=1000 gids={41000, 1015, 1028, 3002, 3001, 3003, 3007}
07-14 12:26:59.674 W/ContextImpl( 6000): Calling a method in the system process without a qualified user: android.app.ContextImpl.startService:1385 android.content.ContextWrapper.startService:473 android.content.ContextWrapper.startService:473 com.android.keychain.KeyChainBroadcastReceiver.onReceive:12 android.app.ActivityThread.handleReceiver:2424 
07-14 12:26:59.916 W/MountService(  374): getVolumeState(/storage/emulated/0/external_sd): Unknown volume
07-14 12:26:59.924 W/MountService(  374): getVolumeState(/mnt/sdcard-ext): Unknown volume
07-14 12:26:59.924 W/MountService(  374): getVolumeState(/mnt/ext_sdcard): Unknown volume
07-14 12:26:59.955 W/MountService(  374): getVolumeState(/mnt/sdcard2): Unknown volume
07-14 12:26:59.955 W/MountService(  374): getVolumeState(/mnt/emmc): Unknown volume
07-14 12:26:59.955 W/MountService(  374): getVolumeState(/mnt/extSdCard): Unknown volume
07-14 12:26:59.955 W/MountService(  374): getVolumeState(/mnt/sdcard/SD_CARD): Unknown volume
07-14 12:26:59.963 W/MountService(  374): getVolumeState(/mnt/sdcard/extra_sd): Unknown volume
07-14 12:26:59.963 W/MountService(  374): getVolumeState(/mnt/extrasd_bind): Unknown volume
07-14 12:26:59.963 W/MountService(  374): getVolumeState(/mnt/sdcard/ext_sd): Unknown volume
07-14 12:26:59.971 W/MountService(  374): getVolumeState(/storage/extSdCard): Unknown volume
07-14 12:26:59.971 W/MountService(  374): getVolumeState(/storage/sdcard1): Unknown volume
07-14 12:26:59.971 W/MountService(  374): getVolumeState(/mnt/sdcard/external_SD): Unknown volume
07-14 12:26:59.979 W/MountService(  374): getVolumeState(/mnt/sdcard/external_sd): Unknown volume
07-14 12:27:02.518 W/MountService(  374): getVolumeState(/storage/emulated/0/external_sd): Unknown volume
07-14 12:27:02.518 W/MountService(  374): getVolumeState(/mnt/sdcard-ext): Unknown volume
07-14 12:27:02.518 W/MountService(  374): getVolumeState(/mnt/ext_sdcard): Unknown volume
07-14 12:27:02.518 W/MountService(  374): getVolumeState(/mnt/sdcard2): Unknown volume
07-14 12:27:02.526 W/MountService(  374): getVolumeState(/mnt/emmc): Unknown volume
07-14 12:27:02.526 W/MountService(  374): getVolumeState(/mnt/extSdCard): Unknown volume
07-14 12:27:02.526 W/MountService(  374): getVolumeState(/mnt/sdcard/SD_CARD): Unknown volume
07-14 12:27:02.526 W/MountService(  374): getVolumeState(/mnt/sdcard/extra_sd): Unknown volume
07-14 12:27:02.533 W/MountService(  374): getVolumeState(/mnt/extrasd_bind): Unknown volume
07-14 12:27:02.533 W/MountService(  374): getVolumeState(/mnt/sdcard/ext_sd): Unknown volume
07-14 12:27:02.533 W/MountService(  374): getVolumeState(/storage/extSdCard): Unknown volume
07-14 12:27:02.541 W/MountService(  374): getVolumeState(/storage/sdcard1): Unknown volume
07-14 12:27:02.541 W/MountService(  374): getVolumeState(/mnt/sdcard/external_SD): Unknown volume
07-14 12:27:02.549 W/MountService(  374): getVolumeState(/mnt/sdcard/external_sd): Unknown volume
07-14 12:27:02.674 I/ActivityManager(  374): Start proc com.qihoo.root for broadcast com.qihoo.root/.UninstallReceiver: pid=6039 uid=10078 gids={50078, 1015, 3003, 1028}
07-14 12:27:03.510 W/PackageParser(  636): No actions in intent filter at /storage/emulated/0/Download/emmp.apk Binary XML file line #687
07-14 12:27:03.744 W/PackageParser(  636): No actions in intent filter at /storage/emulated/0/Download/emmp-1.apk Binary XML file line #687
07-14 12:27:04.041 W/PackageParser(  636): No actions in intent filter at /storage/emulated/0/360Download/Pekall.apk Binary XML file line #685
07-14 12:27:04.330 W/PackageParser(  636): Unknown element under <application>: intent-filter at /storage/emulated/0/360MobileSafe_5.2.3.1061.apk Binary XML file line #1165
07-14 12:27:04.338 W/PackageParser(  636): Unknown element under <application>: intent-filter at /storage/emulated/0/360MobileSafe_5.2.3.1061.apk Binary XML file line #1423
07-14 12:27:05.276 I/ActivityManager(  374): No longer want com.mgyapp.android (pid 1990): empty #17
07-14 12:27:05.307 I/ActivityManager(  374): Start proc com.google.android.talk for broadcast com.google.android.talk/com.google.android.apps.babel.phone.PackageReplacedReceiver: pid=6069 uid=10030 gids={50030, 3003, 1015, 1006, 3002, 1028}
07-14 12:27:05.354 W/ActivityManager(  374): Scheduling restart of crashed service com.mgyapp.android/.service.AppService in 5000ms
07-14 12:27:06.143 I/ActivityManager(  374): Start proc com.google.android.apps.maps:FriendService for broadcast com.google.android.apps.maps/com.google.googlenav.friend.android.ServiceReceiver: pid=6092 uid=10038 gids={50038, 3003, 1015, 1028}
07-14 12:27:06.315 I/ActivityManager(  374): No longer want android.process.media (pid 504): empty #17
07-14 12:27:06.338 W/ActivityManager(  374): Scheduling restart of crashed service com.android.providers.media/.MtpService in 14019ms
07-14 12:27:06.416 I/ActivityManager(  374): Process com.qihoo360.mobilesafe (pid 5981) has died.
07-14 12:27:07.377 I/ActivityManager(  374): Start proc com.google.android.apps.maps:LocationFriendService for broadcast com.google.android.apps.maps/com.google.googlenav.friend.reporting.LocationReportingIntentReceiver: pid=6118 uid=10038 gids={50038, 3003, 1015, 1028}
07-14 12:27:07.643 I/ActivityManager(  374): No longer want com.qihoo.daemon (pid 2037): empty #17
07-14 12:27:07.682 W/ActivityManager(  374): Scheduling restart of crashed service com.qihoo.appstore/com.qihoo.express.mini.service.DaemonCoreService in 22671ms
07-14 12:27:07.682 W/ActivityManager(  374): Scheduling restart of crashed service com.qihoo.appstore/com.qihoo360.mobilesafe.pcdaemon.service.DaemonService in 32670ms
07-14 12:27:08.987 I/ActivityManager(  374): Start proc com.qihoo.daemon for service com.qihoo.appstore/com.qihoo360.mobilesafe.pcdaemon.service.DaemonService: pid=6152 uid=10064 gids={50064, 3003, 1015, 3002, 1006, 3001, 1028}
07-14 12:27:10.635 I/ActivityManager(  374): Start proc com.mgyapp.android for service com.mgyapp.android/.service.AppService: pid=6203 uid=10079 gids={50079, 3003, 1015, 1028, 3002, 1006}
07-14 12:27:14.026 W/BackupManagerService(  374): dataChanged but no participant pkg='com.android.providers.settings' uid=10079
07-14 12:27:15.229 I/ActivityManager(  374): START u0 {act=com.qihoo360.daemon.pcdaemon.ACTION_START_OPERATE_AUTHOR flg=0x10000000 cmp=com.qihoo.appstore/com.qihoo.express.mini.activity.PCLinkConfirmDialogActivity (has extras)} from pid 6152
07-14 12:27:15.580 W/InputMethodManagerService(  374): Window already focused, ignoring focus gain of: com.android.internal.view.IInputMethodClient$Stub$Proxy@431636d0 attribute=null, token = android.os.BinderProxy@42b11120
07-14 12:27:15.651 I/ActivityManager(  374): No longer want com.android.providers.calendar (pid 3349): empty #17
07-14 12:27:20.377 I/ActivityManager(  374): Start proc android.process.media for service com.android.providers.media/.MtpService: pid=6412 uid=10015 gids={50015, 1015, 1023, 1024, 1028, 2001, 3003, 3007}
07-14 12:27:20.455 I/PowerManagerService(  374): Going to sleep due to screen timeout...
07-14 12:27:21.971 D/PhoneStatusBar(  450): disable: < expand icons alerts ticker system_info back home RECENT* clock search >
--------- beginning of /dev/log/main
07-14 12:27:22.119 D/dalvikvm( 5090): GC_CONCURRENT freed 330K, 5% free 10121K/10560K, paused 8ms+16ms, total 77ms
07-14 12:27:22.158 D/dalvikvm( 1146): GC_FOR_ALLOC freed 438K, 7% free 9205K/9804K, paused 66ms, total 67ms
07-14 12:27:22.205 D/PhoneStatusBar(  450): disable: < expand icons alerts ticker system_info BACK* HOME* RECENT CLOCK* search >
07-14 12:27:22.276 D/dalvikvm( 2914): GC_CONCURRENT freed 395K, 5% free 8950K/9384K, paused 2ms+2ms, total 21ms
07-14 12:27:22.315 D/dalvikvm( 5090): Trying to load lib /data/app-lib/com.dragon.android.pandaspace-1/libBdMoplusMD5_V1.so 0x4280fe88
07-14 12:27:22.315 D/dalvikvm( 5090): Added shared lib /data/app-lib/com.dragon.android.pandaspace-1/libBdMoplusMD5_V1.so 0x4280fe88
07-14 12:27:22.323 D/dalvikvm( 5090): No JNI_OnLoad found in /data/app-lib/com.dragon.android.pandaspace-1/libBdMoplusMD5_V1.so 0x4280fe88, skipping init
07-14 12:27:22.596 D/dalvikvm( 5090): GC_FOR_ALLOC freed 334K, 7% free 10021K/10696K, paused 24ms, total 24ms
07-14 12:27:22.776 D/dalvikvm( 3494): GC_FOR_ALLOC freed 3058K, 19% free 20285K/24888K, paused 79ms, total 79ms
07-14 12:27:22.948 I/TransInfo( 3494): TransInfo created, id: 3, class: class com.pekall.emdm.transaction.b.c
07-14 12:27:22.948 D/NetworkThread( 3494): [null:-1]->----isRunning-----true
07-14 12:27:22.948 D/NetworkThread( 3494): [null:-1]->----isRunning-----true
07-14 12:27:22.948 D/NetworkThread( 3494): [null:-1]->thread wakeup
07-14 12:27:23.018 D/dalvikvm( 5090): GC_FOR_ALLOC freed 174K, 7% free 10012K/10696K, paused 25ms, total 26ms
07-14 12:27:23.190 D/dalvikvm( 3494): GC_FOR_ALLOC freed 1669K, 19% free 20226K/24888K, paused 81ms, total 81ms
07-14 12:27:23.198 D/HttpClient( 3494): enable apache.http debug
07-14 12:27:23.205 D/dalvikvm( 5090): GC_FOR_ALLOC freed 159K, 7% free 10012K/10696K, paused 26ms, total 27ms
07-14 12:27:23.205 V/DEBUG   ( 3494): HTTP 0
07-14 12:27:23.487 D/dalvikvm( 3494): GC_FOR_ALLOC freed 2198K, 19% free 20190K/24888K, paused 83ms, total 84ms
07-14 12:27:23.596 D/dalvikvm( 3494): GC_FOR_ALLOC freed 403K, 19% free 20275K/24888K, paused 71ms, total 72ms
07-14 12:27:23.666 D/dalvikvm( 3494): GC_FOR_ALLOC freed 255K, 19% free 20221K/24888K, paused 70ms, total 71ms
07-14 12:27:23.901 D/dalvikvm( 3494): GC_FOR_ALLOC freed 997K, 19% free 20286K/24888K, paused 58ms, total 58ms
07-14 12:27:23.979 D/dalvikvm( 3494): GC_FOR_ALLOC freed 319K, 18% free 20446K/24888K, paused 57ms, total 57ms
07-14 12:27:24.080 D/dalvikvm( 5090): GC_FOR_ALLOC freed 156K, 7% free 10013K/10696K, paused 23ms, total 23ms
07-14 12:27:24.346 D/dalvikvm( 5090): GC_FOR_ALLOC freed 151K, 7% free 10013K/10696K, paused 24ms, total 24ms
07-14 12:27:24.487 D/dalvikvm( 5090): GC_FOR_ALLOC freed 159K, 7% free 10013K/10696K, paused 23ms, total 23ms
07-14 12:27:24.596 V/DEBUG   ( 3494): HTTP 1
07-14 12:27:24.604 D/MdmDatabaseHelper( 3494): [null:-1]->update command 8a80888e4732aed50147331fce6a051d to status executed
07-14 12:27:24.698 D/MdmService( 3494): [null:-1]->handleCheckInResult
07-14 12:27:24.698 D/MdmService( 3494): [null:-1]->handleCheckInResult result keyIndex: 3
07-14 12:27:24.698 D/HandleCommandTask( 3494): [null:-1]->execute command msg but beanBase is null
07-14 12:27:24.705 D/MdmStatusManager( 3494): [null:-1]->change status to : Idle
07-14 12:27:24.721 D/dalvikvm( 5090): GC_FOR_ALLOC freed 152K, 7% free 10014K/10696K, paused 34ms, total 34ms
07-14 12:27:24.807 D/NetworkThread( 3494): [null:-1]->queue is empty, thread wait...
07-14 12:27:25.002 D/dalvikvm( 5090): GC_FOR_ALLOC freed 158K, 7% free 10014K/10696K, paused 24ms, total 24ms
07-14 12:27:25.174 D/dalvikvm( 5090): GC_FOR_ALLOC freed 153K, 7% free 10015K/10696K, paused 23ms, total 23ms
07-14 12:27:25.651 D/dalvikvm( 5090): GC_FOR_ALLOC freed 153K, 7% free 10015K/10696K, paused 22ms, total 23ms
07-14 12:27:25.760 D/dalvikvm( 5090): GC_FOR_ALLOC freed 158K, 7% free 10015K/10696K, paused 23ms, total 24ms
07-14 12:27:26.377 D/dalvikvm( 5090): GC_FOR_ALLOC freed 147K, 7% free 10016K/10696K, paused 24ms, total 24ms
07-14 12:27:26.682 D/dalvikvm( 5090): GC_FOR_ALLOC freed 154K, 7% free 10016K/10696K, paused 23ms, total 23ms
07-14 12:27:26.979 D/dalvikvm( 5090): GC_FOR_ALLOC freed 153K, 7% free 10017K/10696K, paused 24ms, total 24ms
07-14 12:27:27.526 D/dalvikvm( 5090): GC_FOR_ALLOC freed 147K, 7% free 10017K/10692K, paused 23ms, total 23ms
07-14 12:27:27.752 D/dalvikvm( 5090): GC_FOR_ALLOC freed 149K, 7% free 10017K/10692K, paused 23ms, total 23ms
07-14 12:27:28.151 D/dalvikvm( 5090): GC_FOR_ALLOC freed 153K, 7% free 10018K/10692K, paused 23ms, total 23ms
07-14 12:27:28.565 D/dalvikvm( 5090): GC_FOR_ALLOC freed 159K, 7% free 10018K/10692K, paused 22ms, total 23ms
07-14 12:27:29.315 D/dalvikvm( 5090): GC_FOR_ALLOC freed 153K, 7% free 10019K/10692K, paused 23ms, total 24ms
07-14 12:27:29.502 D/dalvikvm( 5090): GC_FOR_ALLOC freed 159K, 7% free 10019K/10692K, paused 24ms, total 24ms
07-14 12:27:29.963 D/dalvikvm( 5090): GC_FOR_ALLOC freed 153K, 7% free 10019K/10692K, paused 22ms, total 23ms
07-14 12:27:30.205 W/dalvikvm( 5090): VFY: unable to find class referenced in signature (Lcom/baidu/location/LocationClient;)
07-14 12:27:30.205 W/dalvikvm( 5090): VFY: unable to find class referenced in signature (Lcom/baidu/location/LocationClient;)
07-14 12:27:30.205 I/dalvikvm( 5090): Could not find method com.baidu.location.LocationClient.isStarted, referenced from method com.baidu.android.nebula.util.a.run
07-14 12:27:30.205 W/dalvikvm( 5090): VFY: unable to resolve virtual method 7869: Lcom/baidu/location/LocationClient;.isStarted ()Z
07-14 12:27:30.205 D/dalvikvm( 5090): VFY: replacing opcode 0x6e at 0x000f
07-14 12:27:30.987 D/dalvikvm( 6152): GC_CONCURRENT freed 455K, 6% free 9321K/9848K, paused 6ms+4ms, total 68ms
07-14 12:27:30.987 D/dalvikvm( 6152): WAIT_FOR_CONCURRENT_GC blocked 11ms
07-14 12:27:30.987 W/MountService(  374): getVolumeState(/storage/emulated/0/external_sd): Unknown volume
07-14 12:27:30.987 W/MountService(  374): getVolumeState(/mnt/sdcard-ext): Unknown volume
07-14 12:27:30.994 W/MountService(  374): getVolumeState(/mnt/ext_sdcard): Unknown volume
07-14 12:27:30.994 W/MountService(  374): getVolumeState(/mnt/sdcard2): Unknown volume
07-14 12:27:30.994 W/MountService(  374): getVolumeState(/mnt/emmc): Unknown volume
07-14 12:27:30.994 W/MountService(  374): getVolumeState(/mnt/extSdCard): Unknown volume
07-14 12:27:30.994 W/MountService(  374): getVolumeState(/mnt/sdcard/SD_CARD): Unknown volume
07-14 12:27:30.994 W/MountService(  374): getVolumeState(/mnt/sdcard/extra_sd): Unknown volume
07-14 12:27:30.994 W/MountService(  374): getVolumeState(/mnt/extrasd_bind): Unknown volume
07-14 12:27:30.994 W/MountService(  374): getVolumeState(/mnt/sdcard/ext_sd): Unknown volume
07-14 12:27:30.994 W/MountService(  374): getVolumeState(/storage/extSdCard): Unknown volume
07-14 12:27:30.994 W/MountService(  374): getVolumeState(/storage/sdcard1): Unknown volume
07-14 12:27:30.994 W/MountService(  374): getVolumeState(/mnt/sdcard/external_SD): Unknown volume
07-14 12:27:30.994 W/MountService(  374): getVolumeState(/mnt/sdcard/external_sd): Unknown volume
07-14 12:27:31.393 D/dalvikvm( 6152): GC_CONCURRENT freed 394K, 5% free 9369K/9848K, paused 4ms+8ms, total 38ms
07-14 12:27:31.432 W/MountService(  374): getVolumeState(/storage/emulated/0/external_sd): Unknown volume
07-14 12:27:31.432 W/MountService(  374): getVolumeState(/mnt/sdcard-ext): Unknown volume
07-14 12:27:31.432 W/MountService(  374): getVolumeState(/mnt/ext_sdcard): Unknown volume
07-14 12:27:31.432 W/MountService(  374): getVolumeState(/mnt/sdcard2): Unknown volume
07-14 12:27:31.432 W/MountService(  374): getVolumeState(/mnt/emmc): Unknown volume
07-14 12:27:31.432 W/MountService(  374): getVolumeState(/mnt/extSdCard): Unknown volume
07-14 12:27:31.432 W/MountService(  374): getVolumeState(/mnt/sdcard/SD_CARD): Unknown volume
07-14 12:27:31.432 W/MountService(  374): getVolumeState(/mnt/sdcard/extra_sd): Unknown volume
07-14 12:27:31.440 W/MountService(  374): getVolumeState(/mnt/extrasd_bind): Unknown volume
07-14 12:27:31.440 W/MountService(  374): getVolumeState(/mnt/sdcard/ext_sd): Unknown volume
07-14 12:27:31.440 W/MountService(  374): getVolumeState(/storage/extSdCard): Unknown volume
07-14 12:27:31.440 W/MountService(  374): getVolumeState(/storage/sdcard1): Unknown volume
07-14 12:27:31.440 W/MountService(  374): getVolumeState(/mnt/sdcard/external_SD): Unknown volume
07-14 12:27:31.440 W/MountService(  374): getVolumeState(/mnt/sdcard/external_sd): Unknown volume
07-14 12:27:31.494 D/dalvikvm( 6152): GC_FOR_ALLOC freed 417K, 6% free 9308K/9900K, paused 19ms, total 19ms
07-14 12:27:32.588 I/ActivityManager(  374): No longer want com.android.packageinstaller (pid 5527): empty #17
07-14 12:27:32.776 D/MDM :   ( 3494): [null:-1]->MSG_WEBSOCKET_MESSAGE : {"id":-1360553495,"type":0,"command":0,"result":0,"reason":0,"params":{"msgId":"16d43f37-aa50-4450-9d8f-bdf46577037a,16d43f37aa5044509d8fbdf46577037a","device":"ffffffffc539bb10fffffffff7aea961","message":"{\"cmd\":\"10119\"}"}}
07-14 12:27:32.846 D/MdmService( 3494): [null:-1]->push message type :0
07-14 12:27:32.846 D/MdmService( 3494): [null:-1]->cmdMessage : {"cmd":"10119"}
07-14 12:27:32.846 D/MdmService( 3494): [null:-1]->command : PushCommandMsg{cmd='10119', msg='null'}
07-14 12:27:32.846 D/MDM :   ( 3494): [null:-1]->PUSH CMD: 10119
07-14 12:27:32.854 D/MdmStatusManager( 3494): [null:-1]->change status to : Busy
07-14 12:27:32.854 D/DB      ( 3494): query: SQLiteQuery: SELECT content, command_status, status FROM command WHERE status!=2
07-14 12:27:32.854 D/DB      ( 3494): factory null
07-14 12:27:32.854 D/DB      ( 3494): fillWindow: 0
07-14 12:27:32.862 D/DB      ( 3494): cursor 0
07-14 12:27:32.862 D/DB      ( 3494): moveToPos: 0
07-14 12:27:32.862 I/TransInfo( 3494): TransInfo created, id: 3, class: class com.pekall.emdm.transaction.b.c
07-14 12:27:32.862 D/NetworkThread( 3494): [null:-1]->----isRunning-----true
07-14 12:27:32.862 D/NetworkThread( 3494): [null:-1]->----isRunning-----true
07-14 12:27:32.862 D/NetworkThread( 3494): [null:-1]->thread wakeup
07-14 12:27:32.869 D/HttpClient( 3494): enable apache.http debug
07-14 12:27:32.877 V/DEBUG   ( 3494): HTTP 0
07-14 12:27:33.783 V/DEBUG   ( 3494): HTTP 1
07-14 12:27:33.807 D/MDM :   ( 3494): [null:-1]->read network input stream
07-14 12:27:33.830 D/CheckInTransInfo( 3494): [null:-1]->CommandMsg : CommandMsg{CommandUUID='8a80888e4732aed5014733202be70634', Command=CommandInstallDocument{DocumentName='jpg', DocumentSize=9225, DocumentFormat='jpg', DownloadURL='http://demo.everknow.cn/resources/api/v1/download/guest?uuid=ac44bcc311784272b82334c9ec35', Auth=null, DocumentUUID='8a80888c46c806620146c86dfaab0585', Version='1.0', DocumentDescription='null', DocumentCategory=null, IsCompressed=null, ReadAuthDay=null, RingNotify=null, EncryptLevel=null}}
07-14 12:27:33.830 D/DB      ( 3494): query: SQLiteQuery: SELECT * FROM command WHERE cmd_uuid='8a80888e4732aed5014733202be70634'
07-14 12:27:33.830 D/DB      ( 3494): factory null
07-14 12:27:33.830 D/DB      ( 3494): fillWindow: 0
07-14 12:27:33.830 D/DB      ( 3494): cursor 0
07-14 12:27:33.877 D/NetworkThread( 3494): [null:-1]->queue is empty, thread wait...
07-14 12:27:33.979 D/MdmService( 3494): [null:-1]->handleCheckInResult
07-14 12:27:33.979 D/MdmService( 3494): [null:-1]->handleCheckInResult result keyIndex: 3
07-14 12:27:33.979 D/CommandManager( 3494): [null:-1]->execute command: CommandMsg{CommandUUID='8a80888e4732aed5014733202be70634', Command=CommandInstallDocument{DocumentName='jpg', DocumentSize=9225, DocumentFormat='jpg', DownloadURL='http://demo.everknow.cn/resources/api/v1/download/guest?uuid=ac44bcc311784272b82334c9ec35', Auth=null, DocumentUUID='8a80888c46c806620146c86dfaab0585', Version='1.0', DocumentDescription='null', DocumentCategory=null, IsCompressed=null, ReadAuthDay=null, RingNotify=null, EncryptLevel=null}}
07-14 12:27:33.987 D/DownLoadDocService( 3494): [null:-1]->action is  com.pekall.emdm.action.DOWNLOADDOC
07-14 12:27:33.987 D/DownLoadDocService( 3494): [null:-1]->uuid is  8a80888c46c806620146c86dfaab0585 ,url is http://demo.everknow.cn/resources/api/v1/download/guest?uuid=ac44bcc311784272b82334c9ec35
07-14 12:27:33.994 E/DB      ( 3494): bind, index: 1, value: 8a80888c46c806620146c86dfaab0585
07-14 12:27:33.994 D/DB      ( 3494): query: SQLiteQuery: SELECT * FROM doc WHERE uuid=?
07-14 12:27:33.994 D/DB      ( 3494): factory null
07-14 12:27:33.994 D/DB      ( 3494): fillWindow: 0
07-14 12:27:34.049 D/DB      ( 3494): cursor 0
07-14 12:27:34.049 D/DB      ( 3494): moveToPos: 0
07-14 12:27:34.088 D/DB      ( 3494): query: SQLiteQuery: SELECT * FROM doc WHERE browseStatus = 0 AND type = 'Normal'
07-14 12:27:34.088 D/DB      ( 3494): factory null
07-14 12:27:34.088 D/DB      ( 3494): fillWindow: 0
07-14 12:27:34.088 D/DB      ( 3494): cursor 1
07-14 12:27:34.096 E/Mdm     ( 3494): Call Mdm service's recordIconCount function
07-14 12:27:34.112 D/DB      ( 3494): query: SQLiteQuery: SELECT * FROM doc WHERE browseStatus = 0 AND type = 'Normal'
07-14 12:27:34.112 D/DB      ( 3494): factory null
07-14 12:27:34.112 D/DB      ( 3494): fillWindow: 0
07-14 12:27:34.119 D/DB      ( 3494): cursor 1
07-14 12:27:34.229 D/dalvikvm(  450): GC_FOR_ALLOC freed 618K, 10% free 13611K/15036K, paused 46ms, total 46ms
07-14 12:27:34.237 I/TransInfo( 3494): TransInfo created, id: 3, class: class com.pekall.emdm.transaction.b.c
07-14 12:27:34.237 D/NetworkThread( 3494): [null:-1]->----isRunning-----true
07-14 12:27:34.237 D/NetworkThread( 3494): [null:-1]->----isRunning-----true
07-14 12:27:34.237 D/NetworkThread( 3494): [null:-1]->thread wakeup
07-14 12:27:34.237 D/HttpClient( 3494): enable apache.http debug
07-14 12:27:34.244 V/DEBUG   ( 3494): HTTP 0
07-14 12:27:34.401 I/AudioService(  374):  AudioFocus  requestAudioFocus() from android.media.AudioManager@42d00610
07-14 12:27:34.416 V/KeyguardHostView(  374): hide transport, gen:20
07-14 12:27:35.580 I/AudioService(  374):  AudioFocus  abandonAudioFocus() from android.media.AudioManager@42d00610
07-14 12:27:35.580 V/KeyguardHostView(  374): hide transport, gen:21
07-14 12:27:35.658 V/DEBUG   ( 3494): HTTP 1
07-14 12:27:35.666 D/MdmDatabaseHelper( 3494): [null:-1]->update command 8a80888e4732aed5014733202be70634 to status executed
07-14 12:27:35.705 D/NetworkThread( 3494): [null:-1]->queue is empty, thread wait...
07-14 12:27:35.760 D/MdmService( 3494): [null:-1]->handleCheckInResult
07-14 12:27:35.768 D/MdmService( 3494): [null:-1]->handleCheckInResult result keyIndex: 3
07-14 12:27:35.768 D/HandleCommandTask( 3494): [null:-1]->execute command msg but beanBase is null
07-14 12:27:35.768 D/MdmStatusManager( 3494): [null:-1]->change status to : Idle
07-14 12:27:42.627 D/MdmService( 3494): [null:-1]->receiver action :com.pekall.mdm.action.MDM_ALARM
07-14 12:27:42.627 D/MdmService( 3494): [null:-1]->keepAliveWithPushServer client is opened:true
07-14 12:27:42.627 D/MDM :   ( 3494): [null:-1]->ping!!!!!!!!!
07-14 12:27:42.635 D/MdmService( 3494): [null:-1]->pushUrl : ws://demo.everknow.cn:9030/websocket
07-14 12:27:42.635 D/MDM :   ( 3494): [null:-1]->mMdmPushClient is :not null
07-14 12:27:42.635 D/MDM :   ( 3494): [null:-1]->mMdmPushClient opened : opened
07-14 12:27:42.666 D/MDM :   ( 3494): [null:-1]->MSG_WEBSOCKET_PONG
07-14 12:27:42.971 W/System.err( 6203): java.io.FileNotFoundException: /data/data/com.mgyapp.android/files/.cfpaps.i: open failed: ENOENT (No such file or directory)
07-14 12:27:42.979 W/System.err( 6203): 	at libcore.io.IoBridge.open(IoBridge.java:409)
07-14 12:27:42.979 W/System.err( 6203): 	at java.io.FileInputStream.<init>(FileInputStream.java:78)
07-14 12:27:42.979 W/System.err( 6203): 	at android.app.ContextImpl.openFileInput(ContextImpl.java:702)
07-14 12:27:42.987 W/System.err( 6203): 	at android.content.ContextWrapper.openFileInput(ContextWrapper.java:173)
07-14 12:27:42.987 W/System.err( 6203): 	at com.mgyun.shua.jc.service.f.run(Unknown Source)
07-14 12:27:42.987 W/System.err( 6203): 	at com.mgyun.shua.jc.service.CpWorkServer.onHandleIntent(Unknown Source)
07-14 12:27:42.987 W/System.err( 6203): 	at android.app.IntentService$ServiceHandler.handleMessage(IntentService.java:65)
07-14 12:27:42.987 W/System.err( 6203): 	at android.os.Handler.dispatchMessage(Handler.java:99)
07-14 12:27:42.987 W/System.err( 6203): 	at android.os.Looper.loop(Looper.java:137)
07-14 12:27:42.987 W/System.err( 6203): 	at android.os.HandlerThread.run(HandlerThread.java:61)
07-14 12:27:42.987 W/System.err( 6203): Caused by: libcore.io.ErrnoException: open failed: ENOENT (No such file or directory)
07-14 12:27:42.987 W/System.err( 6203): 	at libcore.io.Posix.open(Native Method)
07-14 12:27:42.987 W/System.err( 6203): 	at libcore.io.BlockGuardOs.open(BlockGuardOs.java:110)
07-14 12:27:42.987 W/System.err( 6203): 	at libcore.io.IoBridge.open(IoBridge.java:393)
07-14 12:27:42.987 W/System.err( 6203): 	... 9 more
07-14 12:27:43.987 D/AndroidRuntime( 6559): 
07-14 12:27:43.987 D/AndroidRuntime( 6559): >>>>>> AndroidRuntime START com.android.internal.os.RuntimeInit <<<<<<
07-14 12:27:43.987 D/AndroidRuntime( 6559): CheckJNI is OFF
07-14 12:27:44.002 D/dalvikvm( 6559): Trying to load lib libjavacore.so 0x0
07-14 12:27:44.018 D/dalvikvm( 6559): Added shared lib libjavacore.so 0x0
07-14 12:27:44.033 D/dalvikvm( 6559): Trying to load lib libnativehelper.so 0x0
07-14 12:27:44.033 D/dalvikvm( 6559): Added shared lib libnativehelper.so 0x0
07-14 12:27:44.330 D/AndroidRuntime( 6559): Calling main entry com.android.commands.uiautomator.Launcher
07-14 12:27:44.377 E/UiDevice( 6559): Exceuting watcher: ANRWatcher
07-14 12:27:44.377 E/UiDevice( 6559): java.lang.RuntimeException: UiDevice not initialized
07-14 12:27:44.377 E/UiDevice( 6559): 	at com.android.uiautomator.core.UiDevice.getAutomatorBridge(UiDevice.java:87)
07-14 12:27:44.377 E/UiDevice( 6559): 	at com.android.uiautomator.core.UiDevice.wakeUp(UiDevice.java:719)
07-14 12:27:44.377 E/UiDevice( 6559): 	at com.pekall.test.mdmui.util.UiANRWatcher.checkForCondition(UiANRWatcher.java:23)
07-14 12:27:44.377 E/UiDevice( 6559): 	at com.android.uiautomator.core.UiDevice.runWatchers(UiDevice.java:554)
07-14 12:27:44.377 E/UiDevice( 6559): 	at com.pekall.test.mdmui.util.UiANRWatcher.run(UiANRWatcher.java:41)
07-14 12:27:44.377 E/UiDevice( 6559): 	at com.pekall.test.mdmui.Document.<clinit>(Document.java:25)
07-14 12:27:44.377 E/UiDevice( 6559): 	at java.lang.Class.newInstanceImpl(Native Method)
07-14 12:27:44.377 E/UiDevice( 6559): 	at java.lang.Class.newInstance(Class.java:1130)
07-14 12:27:44.377 E/UiDevice( 6559): 	at com.android.uiautomator.testrunner.TestCaseCollector.addSingleTestMethod(TestCaseCollector.java:110)
07-14 12:27:44.377 E/UiDevice( 6559): 	at com.android.uiautomator.testrunner.TestCaseCollector.addTestClass(TestCaseCollector.java:86)
07-14 12:27:44.377 E/UiDevice( 6559): 	at com.android.uiautomator.testrunner.TestCaseCollector.addTestClass(TestCaseCollector.java:72)
07-14 12:27:44.377 E/UiDevice( 6559): 	at com.android.uiautomator.testrunner.TestCaseCollector.addTestClasses(TestCaseCollector.java:53)
07-14 12:27:44.377 E/UiDevice( 6559): 	at com.android.uiautomator.testrunner.UiAutomatorTestRunner.start(UiAutomatorTestRunner.java:106)
07-14 12:27:44.377 E/UiDevice( 6559): 	at com.android.uiautomator.testrunner.UiAutomatorTestRunner.run(UiAutomatorTestRunner.java:96)
07-14 12:27:44.377 E/UiDevice( 6559): 	at com.android.commands.uiautomator.RunTestCommand.run(RunTestCommand.java:91)
07-14 12:27:44.377 E/UiDevice( 6559): 	at com.android.commands.uiautomator.Launcher.main(Launcher.java:83)
07-14 12:27:44.377 E/UiDevice( 6559): 	at com.android.internal.os.RuntimeInit.nativeFinishInit(Native Method)
07-14 12:27:44.377 E/UiDevice( 6559): 	at com.android.internal.os.RuntimeInit.main(RuntimeInit.java:235)
07-14 12:27:44.377 E/UiDevice( 6559): 	at dalvik.system.NativeStart.main(Native Method)
07-14 12:27:44.401 D/dalvikvm( 6559): Note: class Landroid/app/ActivityManagerNative; has 163 unimplemented (abstract) methods
07-14 12:27:44.494 I/PowerManagerService(  374): Waking up from sleep...
07-14 12:27:44.541 I/WindowManager(  374): Lock screen displayed!
07-14 12:27:44.877 D/PowerManagerService-JNI(  374): Excessive delay in autosuspend_disable() while turning screen on: 361ms
07-14 12:27:44.877 D/SurfaceFlinger(  124): Screen acquired, type=0 flinger=0x41e1a478
07-14 12:27:44.940 V/DigitalWidgetViewsFactory( 2502): DigitalWidget sets next alarm string to null
07-14 12:27:44.955 D/LightsService(  374): Excessive delay setting light: 82ms
07-14 12:27:45.033 D/LightsService(  374): Excessive delay setting light: 72ms
07-14 12:27:45.041 I/ActivityManager(  374): Start proc com.android.providers.calendar for content provider com.android.providers.calendar/.CalendarProvider2: pid=6579 uid=10007 gids={50007, 3003, 1015, 1028}
07-14 12:27:45.291 D/AndroidRuntime( 6578): 
07-14 12:27:45.291 D/AndroidRuntime( 6578): >>>>>> AndroidRuntime START com.android.internal.os.RuntimeInit <<<<<<
07-14 12:27:45.291 D/AndroidRuntime( 6578): CheckJNI is OFF
07-14 12:27:45.299 D/dalvikvm( 6578): Trying to load lib libjavacore.so 0x0
07-14 12:27:45.307 D/dalvikvm( 6578): Added shared lib libjavacore.so 0x0
07-14 12:27:45.315 D/dalvikvm( 6578): Trying to load lib libnativehelper.so 0x0
07-14 12:27:45.315 D/dalvikvm( 6578): Added shared lib libnativehelper.so 0x0
07-14 12:27:45.385 D/dalvikvm(  374): GC_CONCURRENT freed 2061K, 28% free 20062K/27716K, paused 11ms+39ms, total 335ms
07-14 12:27:45.440 I/ActivityManager(  374): No longer want com.android.keychain (pid 6000): empty #17
07-14 12:27:45.487 D/AndroidRuntime( 6578): Calling main entry com.qihoo360.powerctl.root.app.App
07-14 12:27:45.487 D/AndroidRuntime( 6578): Shutting down VM
07-14 12:27:45.487 I/AndroidRuntime( 6578): NOTE: attach of thread 'Binder_1' failed
07-14 12:27:45.494 D/dalvikvm( 6578): GC_CONCURRENT freed 114K, 22% free 467K/592K, paused 0ms+0ms, total 4ms
07-14 12:27:46.487 I/QueryController( 6559): Matched selector: UiSelector[DESCRIPTION=] <<==>> [android.view.accessibility.AccessibilityNodeInfo@167e5f; boundsInParent: Rect(0, 0 - 720, 756); boundsInScreen: Rect(0, 547 - 720, 1303); packageName: android; className: android.view.View; text: null; contentDescription: ; viewIdResName: android:id/glow_pad_view; checkable: false; checked: false; focusable: false; focused: false; selected: false; clickable: false; longClickable: false; enabled: true; password: false; scrollable: false; [ACTION_SELECT, ACTION_CLEAR_SELECTION, ACTION_ACCESSIBILITY_FOCUS, ACTION_NEXT_AT_MOVEMENT_GRANULARITY, ACTION_PREVIOUS_AT_MOVEMENT_GRANULARITY, ACTION_SET_SELECTION]]
07-14 12:27:46.502 W/GlowPadView(  374): The number of target drawables must be equal to the number of direction descriptions.
07-14 12:27:46.533 I/CalendarProvider2( 6579): Sending notification intent: Intent { act=android.intent.action.PROVIDER_CHANGED dat=content://com.android.calendar }
07-14 12:27:46.541 W/ContentResolver( 6579): Failed to get type for: content://com.android.calendar (Unknown URL content://com.android.calendar)
07-14 12:27:46.549 I/ActivityManager(  374): Start proc com.google.android.calendar for broadcast com.google.android.calendar/com.android.calendar.alerts.AlertReceiver: pid=6603 uid=10006 gids={50006, 3003, 1028}
07-14 12:27:46.682 D/AlertReceiver( 6603): onReceive: a=android.intent.action.PROVIDER_CHANGED Intent { act=android.intent.action.PROVIDER_CHANGED dat=content://com.android.calendar flg=0x10 cmp=com.google.android.calendar/com.android.calendar.alerts.AlertReceiver }
07-14 12:27:46.705 D/AlertService( 6603): 0 Action = android.intent.action.PROVIDER_CHANGED
07-14 12:27:46.869 D/MdmApplication( 3494): [null:-1]->onActivityStarted market.activity.AppDetailActivity , mActivityCount = 0
07-14 12:27:46.869 E/Mdm     ( 3494): Call Mdm service's setLastExitTime function
07-14 12:27:46.877 D/MDM :   ( 3494): [null:-1]->query
07-14 12:27:46.877 D/MDM :   ( 3494): [null:-1]->QUERY_SETTING_PIN_TIMEOUT
07-14 12:27:46.877 D/MDM :   ( 3494): [null:-1]->query
07-14 12:27:46.877 D/MDM :   ( 3494): [null:-1]->QUERY_SETTING_PIN_CODE
07-14 12:27:46.885 D/MDM :   ( 3494): [null:-1]->query
07-14 12:27:46.885 D/MDM :   ( 3494): [null:-1]->QUERY_PINCODE_CHECK_RESULT
07-14 12:27:46.885 D/ypy     ( 3494): [null:-1]-> ================ checkDownLoadStatus status is 4
07-14 12:27:46.893 D/PhoneStatusBar(  450): disable: < expand icons alerts ticker system_info BACK HOME recent* CLOCK search >
07-14 12:27:46.908 D/NfcService(  582): NFC-C ON
07-14 12:27:46.987 D/PhoneStatusBar(  450): disable: < expand icons alerts ticker system_info back* home* recent clock* search >
07-14 12:27:46.987 W/InputMethodManagerService(  374): Window already focused, ignoring focus gain of: com.android.internal.view.IInputMethodClient$Stub$Proxy@42c7d848 attribute=android.view.inputmethod.EditorInfo@42858cb8, token = android.os.BinderProxy@42b11120
07-14 12:27:47.401 V/TAG     (  374): bug 7643792: fitSystemWindows([0,50][0,0])
07-14 12:27:47.448 D/AndroidRuntime( 6634): 
07-14 12:27:47.448 D/AndroidRuntime( 6634): >>>>>> AndroidRuntime START com.android.internal.os.RuntimeInit <<<<<<
07-14 12:27:47.448 D/AndroidRuntime( 6634): CheckJNI is OFF
07-14 12:27:47.463 D/dalvikvm( 6634): Trying to load lib libjavacore.so 0x0
07-14 12:27:47.471 D/dalvikvm( 6634): Added shared lib libjavacore.so 0x0
07-14 12:27:47.479 D/dalvikvm( 6634): Trying to load lib libnativehelper.so 0x0
07-14 12:27:47.487 D/dalvikvm( 6634): Added shared lib libnativehelper.so 0x0
07-14 12:27:47.658 I/ActivityManager(  374): START u0 {act=android.intent.action.MAIN cat=[android.intent.category.HOME] flg=0x10200000 cmp=com.android.launcher/com.android.launcher2.Launcher} from pid 374
07-14 12:27:47.666 D/MdmApplication( 3494): [null:-1]->onActivityPaused market.activity.AppDetailActivity , mActivityCount = 1
07-14 12:27:47.674 D/MDM :   ( 3494): [null:-1]->query
07-14 12:27:47.674 D/MDM :   ( 3494): [null:-1]->QUERY_PINCODE_CHECK_RESULT
07-14 12:27:47.674 E/Mdm     ( 3494): Call Mdm service's setLastExitTime function
07-14 12:27:47.760 D/AndroidRuntime( 6634): Calling main entry com.qihoo360.powerctl.root.app.App
07-14 12:27:47.768 D/AndroidRuntime( 6634): Shutting down VM
07-14 12:27:47.768 I/AndroidRuntime( 6634): NOTE: attach of thread 'Binder_1' failed
07-14 12:27:47.768 D/dalvikvm( 6634): GC_CONCURRENT freed 114K, 22% free 467K/592K, paused 1ms+0ms, total 4ms
07-14 12:27:47.783 E/AppsCustomizePagedView(  595): Widget ComponentInfo{com.moji.mjweather/com.moji.mjweather.CMojiWidget5x1} can not fit on this device (642, 80)
07-14 12:27:47.791 E/AppsCustomizePagedView(  595): Widget ComponentInfo{com.moji.mjweather/com.moji.mjweather.CMojiWidget5x2} can not fit on this device (642, 220)
07-14 12:27:47.799 E/AppsCustomizePagedView(  595): Widget ComponentInfo{com.pekall.emdm/com.pekall.emdm.messagecenter.view.PushMessageWidget} has invalid dimensions (480, 0)
07-14 12:27:48.760 W/ResourceType(  595): No known package when getting name for resource number 0x9c020000
07-14 12:27:48.760 W/ResourceType(  595): No known package when getting name for resource number 0x9c020002
07-14 12:27:48.846 W/ResourceType(  595): No known package when getting name for resource number 0x9b000000
07-14 12:27:48.846 W/ResourceType(  595): No known package when getting name for resource number 0x9b010100
07-14 12:27:48.846 W/ResourceType(  595): No known package when getting name for resource number 0x9b030300
07-14 12:27:48.846 W/ResourceType(  595): No known package when getting name for resource number 0x9b040400
07-14 12:27:48.854 I/QueryController( 6559): Matched selector: UiSelector[DESCRIPTION=, PACKAGE NAME=com.android.launcher] <<==>> [android.view.accessibility.AccessibilityNodeInfo@1fe6e; boundsInParent: Rect(524232, 0 - 524360, 128); boundsInScreen: Rect(296, 1040 - 424, 1168); packageName: com.android.launcher; className: android.widget.TextView; text: null; contentDescription: ; viewIdResName: null; checkable: false; checked: false; focusable: true; focused: false; selected: false; clickable: true; longClickable: false; enabled: true; password: false; scrollable: false; [ACTION_FOCUS, ACTION_SELECT, ACTION_CLEAR_SELECTION, ACTION_CLICK, ACTION_ACCESSIBILITY_FOCUS]]
07-14 12:27:48.854 D/InteractionController( 6559): clickAndWaitForNewWindow(360, 1104)
07-14 12:27:49.885 D/dalvikvm(  595): GC_FOR_ALLOC freed 1797K, 16% free 14523K/17168K, paused 35ms, total 36ms
07-14 12:27:49.885 I/dalvikvm-heap(  595): Grow heap (frag case) to 14.444MB for 238160-byte allocation
07-14 12:27:49.916 D/dalvikvm(  595): GC_FOR_ALLOC freed 172K, 17% free 14584K/17404K, paused 31ms, total 31ms
