07-14 12:26:56.901 D/dalvikvm( 5781): GC_CONCURRENT freed 383K, 44% free 599K/1060K, paused 1ms+1ms, total 7ms
07-14 12:26:56.994 D/dalvikvm( 4980): GC_CONCURRENT freed 307K, 4% free 9241K/9584K, paused 7ms+28ms, total 116ms
07-14 12:26:57.002 D/JOBS    ( 4980): added job id: -2147483647 class: PushMessageJob priority: 0 delay: 0 group : fetch-push persistent: false requires network: true
07-14 12:26:57.049 D/dalvikvm( 5781): GC_CONCURRENT freed 385K, 44% free 602K/1060K, paused 1ms+0ms, total 7ms
07-14 12:26:57.065 W/PackageManager(  374): Not granting permission android.permission.SEND_DOWNLOAD_COMPLETED_INTENTS to package com.google.android.browser (protectionLevel=2 flags=0x89be45)
07-14 12:26:57.065 W/PackageManager(  374): Not granting permission android.permission.WRITE_SECURE_SETTINGS to package com.qihoo360.mobilesafe.opti.powerctl (protectionLevel=50 flags=0x80be44)
07-14 12:26:57.065 W/PackageManager(  374): Unknown permission android.permission.READ_SETTINGS in package com.qihoo360.mobilesafe.opti.powerctl
07-14 12:26:57.073 W/PackageManager(  374): Not granting permission android.permission.READ_LOGS to package com.qihoo360.mobilesafe.opti.powerctl (protectionLevel=50 flags=0x80be44)
07-14 12:26:57.073 W/PackageManager(  374): Not granting permission android.permission.STATUS_BAR to package com.qihoo360.mobilesafe.opti.powerctl (protectionLevel=18 flags=0x80be44)
07-14 12:26:57.073 W/PackageManager(  374): Unknown permission android.permission.ADD_SYSTEM_SERVICE in package com.android.phone
07-14 12:26:57.080 D/JOBS    ( 4980): pool-4-thread-1: load factor check. true = (0 < 1)|| (0 * 3 < 1 + 0). consumer thread: false
07-14 12:26:57.080 D/JOBS    ( 4980): adding another consumer
07-14 12:26:57.080 D/JOBS    ( 4980): starting consumer Thread-292
07-14 12:26:57.080 W/PackageManager(  374): Unknown permission com.android.smspush.WAPPUSH_MANAGER_BIND in package com.android.phone
07-14 12:26:57.080 W/PackageManager(  374): Not granting permission android.permission.READ_LOGS to package com.qihoo.root (protectionLevel=50 flags=0x80be44)
07-14 12:26:57.080 W/PackageManager(  374): Not granting permission android.permission.INSTALL_PACKAGES to package com.qihoo.root (protectionLevel=18 flags=0x80be44)
07-14 12:26:57.080 W/PackageManager(  374): Not granting permission android.permission.DELETE_PACKAGES to package com.qihoo.root (protectionLevel=18 flags=0x80be44)
07-14 12:26:57.080 W/PackageManager(  374): Unknown permission com.android.vending.billing.IBillingAccountService.BIND2 in package com.google.android.gsf.login
07-14 12:26:57.080 W/PackageManager(  374): Unknown permission com.android.chrome.TOS_ACKED in package com.google.android.gsf.login
07-14 12:26:57.088 W/PackageManager(  374): Unknown permission com.android.gallery3d.permission.GALLERY_PROVIDER in package com.android.bluetooth
07-14 12:26:57.088 W/PackageManager(  374): Not granting permission android.permission.INSTALL_PACKAGES to package com.mgyapp.android (protectionLevel=18 flags=0x88be44)
07-14 12:26:57.088 W/PackageManager(  374): Not granting permission android.permission.DELETE_PACKAGES to package com.mgyapp.android (protectionLevel=18 flags=0x88be44)
07-14 12:26:57.088 W/PackageManager(  374): Not granting permission android.permission.FORCE_STOP_PACKAGES to package com.mgyapp.android (protectionLevel=2 flags=0x88be44)
07-14 12:26:57.088 W/PackageManager(  374): Not granting permission android.permission.DELETE_CACHE_FILES to package com.mgyapp.android (protectionLevel=18 flags=0x88be44)
07-14 12:26:57.088 W/PackageManager(  374): Not granting permission android.permission.READ_LOGS to package com.mgyapp.android (protectionLevel=50 flags=0x88be44)
07-14 12:26:57.088 W/PackageManager(  374): Not granting permission android.permission.WRITE_SECURE_SETTINGS to package com.mgyapp.android (protectionLevel=50 flags=0x88be44)
07-14 12:26:57.088 W/PackageManager(  374): Unknown permission android.permission.READ_OWNER_DATA in package com.mgyapp.android
07-14 12:26:57.088 W/PackageManager(  374): Unknown permission android.permission.WRITE_OWNER_DATA in package com.mgyapp.android
07-14 12:26:57.088 W/PackageManager(  374): Not granting permission android.permission.ACCESS_CACHE_FILESYSTEM to package com.mgyapp.android (protectionLevel=18 flags=0x88be44)
07-14 12:26:57.088 W/PackageManager(  374): Not granting permission android.permission.WRITE_APN_SETTINGS to package com.mgyapp.android (protectionLevel=18 flags=0x88be44)
07-14 12:26:57.088 W/PackageManager(  374): Not granting permission android.permission.MOUNT_UNMOUNT_FILESYSTEMS to package com.mgyapp.android (protectionLevel=18 flags=0x88be44)
07-14 12:26:57.088 W/PackageManager(  374): Unknown permission android.permission.RECEIVE_USER_PRESENT in package com.mgyapp.android
07-14 12:26:57.096 W/PackageManager(  374): Not granting permission android.permission.MODIFY_PHONE_STATE to package com.qihoo360.mobilesafe (protectionLevel=18 flags=0x88be44)
07-14 12:26:57.096 W/PackageManager(  374): Not granting permission android.permission.WRITE_SECURE_SETTINGS to package com.qihoo360.mobilesafe (protectionLevel=50 flags=0x88be44)
07-14 12:26:57.096 W/PackageManager(  374): Not granting permission android.permission.WRITE_APN_SETTINGS to package com.qihoo360.mobilesafe (protectionLevel=18 flags=0x88be44)
07-14 12:26:57.096 W/PackageManager(  374): Not granting permission android.permission.READ_LOGS to package com.qihoo360.mobilesafe (protectionLevel=50 flags=0x88be44)
07-14 12:26:57.096 W/PackageManager(  374): Unknown permission com.qihoo360.mobilesafe_lite.permission.FORCE_CLOSE in package com.qihoo360.mobilesafe
07-14 12:26:57.096 W/PackageManager(  374): Unknown permission telecom.mdesk.permission.FORCE_CLOSE in package com.qihoo360.mobilesafe
07-14 12:26:57.096 W/PackageManager(  374): Not granting permission android.permission.INSTALL_PACKAGES to package com.qihoo360.mobilesafe (protectionLevel=18 flags=0x88be44)
07-14 12:26:57.096 W/PackageManager(  374): Not granting permission android.permission.SET_ALWAYS_FINISH to package com.qihoo360.mobilesafe (protectionLevel=50 flags=0x88be44)
07-14 12:26:57.096 W/PackageManager(  374): Unknown permission android.permission.ACCESS_SUPERUSER in package com.qihoo360.mobilesafe
07-14 12:26:57.096 W/PackageManager(  374): Unknown permission com.qihoo360.mobilesafe.shield.permission.broadcast in package com.qihoo360.mobilesafe
07-14 12:26:57.096 W/PackageManager(  374): Unknown permission com.qihoo360.contacts.permission.broadcast in package com.qihoo360.mobilesafe
07-14 12:26:57.096 W/PackageManager(  374): Unknown permission com.qihoo360.privatehome.permission.openAppActivity in package com.qihoo360.mobilesafe
07-14 12:26:57.096 W/PackageManager(  374): Not granting permission android.permission.INSTALL_PACKAGES to package com.qihoo.appstore (protectionLevel=18 flags=0x88be44)
07-14 12:26:57.104 W/PackageManager(  374): Not granting permission android.permission.DELETE_PACKAGES to package com.qihoo.appstore (protectionLevel=18 flags=0x88be44)
07-14 12:26:57.104 W/PackageManager(  374): Not granting permission android.permission.CLEAR_APP_USER_DATA to package com.qihoo.appstore (protectionLevel=2 flags=0x88be44)
07-14 12:26:57.104 W/PackageManager(  374): Not granting permission android.permission.WRITE_MEDIA_STORAGE to package com.qihoo.appstore (protectionLevel=18 flags=0x88be44)
07-14 12:26:57.104 W/PackageManager(  374): Not granting permission android.permission.ACCESS_CACHE_FILESYSTEM to package com.qihoo.appstore (protectionLevel=18 flags=0x88be44)
07-14 12:26:57.104 W/PackageManager(  374): Unknown permission android.permission.READ_OWNER_DATA in package com.qihoo.appstore
07-14 12:26:57.104 W/PackageManager(  374): Unknown permission android.permission.WRITE_OWNER_DATA in package com.qihoo.appstore
07-14 12:26:57.104 W/PackageManager(  374): Not granting permission android.permission.CHANGE_CONFIGURATION to package com.qihoo.appstore (protectionLevel=50 flags=0x88be44)
07-14 12:26:57.104 W/PackageManager(  374): Unknown permission com.htc.launcher.permission.READ_SETTINGS in package com.qihoo.appstore
07-14 12:26:57.104 W/PackageManager(  374): Not granting permission android.permission.DEVICE_POWER to package com.qihoo.appstore (protectionLevel=2 flags=0x88be44)
07-14 12:26:57.104 W/PackageManager(  374): Not granting permission android.permission.MOUNT_UNMOUNT_FILESYSTEMS to package com.qihoo.appstore (protectionLevel=18 flags=0x88be44)
07-14 12:26:57.104 W/PackageManager(  374): Unknown permission com.huaqin.launcherEx.permission.READ_SETTINGS in package com.qihoo.appstore
07-14 12:26:57.104 W/PackageManager(  374): Unknown permission com.huaqin.launcherEx.permission.WRITE_SETTINGS in package com.qihoo.appstore
07-14 12:26:57.104 W/PackageManager(  374): Unknown permission com.android.launcher.permission.READ_PHONE_STATE in package com.qihoo.appstore
07-14 12:26:57.104 W/PackageManager(  374): Unknown permission com.huawei.launcher3.permission.READ_SETTINGS in package com.qihoo.appstore
07-14 12:26:57.104 W/PackageManager(  374): Unknown permission com.qihoo360.launcher.permission.WRITE_SETTINGS in package com.qihoo.appstore
07-14 12:26:57.104 W/PackageManager(  374): Unknown permission com.qihoo360.launcher.permission.READ_SETTINGS in package com.qihoo.appstore
07-14 12:26:57.104 W/PackageManager(  374): Not granting permission android.permission.DEVICE_POWER to package com.google.android.deskclock (protectionLevel=2 flags=0xc8be45)
07-14 12:26:57.104 W/PackageManager(  374): Unknown permission android.permission.READ_OWNER_DATA in package com.google.android.setupwizard
07-14 12:26:57.104 W/PackageManager(  374): Unknown permission android.permission.WRITE_OWNER_DATA in package com.google.android.setupwizard
07-14 12:26:57.112 W/PackageManager(  374): Unknown permission android.permission.ACCESS_MTK_MMHW in package com.qihoo.permroot
07-14 12:26:57.112 W/PackageManager(  374): Unknown permission com.google.android.voicesearch.SHORTCUTS_ACCESS in package com.google.android.googlequicksearchbox
07-14 12:26:57.112 W/PackageManager(  374): Not granting permission android.permission.ACCOUNT_MANAGER to package com.google.android.music (protectionLevel=2 flags=0x88be65)
07-14 12:26:57.112 W/PackageManager(  374): Unknown permission android.permission.READ_OWNER_DATA in package com.nd.assistance
07-14 12:26:57.112 W/PackageManager(  374): Unknown permission android.permission.WRITE_OWNER_DATA in package com.nd.assistance
07-14 12:26:57.112 W/PackageManager(  374): Not granting permission android.permission.DEVICE_POWER to package com.nd.assistance (protectionLevel=2 flags=0x80ae46)
07-14 12:26:57.112 W/PackageManager(  374): Unknown permission com.android.providers.im.permission.READ_ONLY in package com.google.android.apps.maps
07-14 12:26:57.112 W/PackageManager(  374): Unknown permission android.permission.ACCESS_SUPERUSER in package com.jrummy.root.browser
07-14 12:26:57.112 W/PackageManager(  374): Not granting permission android.permission.ACCESS_CHECKIN_PROPERTIES to package com.google.android.apps.googlevoice (protectionLevel=18 flags=0x8be44)
07-14 12:26:57.112 W/PackageManager(  374): Unknown permission com.google.android.apps.googlevoice.REMOTE_INTENT in package com.google.android.apps.googlevoice
07-14 12:26:57.112 W/PackageManager(  374): Unknown permission com.google.android.permission.RECEIVE_DATA_MESSAGE in package com.google.android.apps.googlevoice
07-14 12:26:57.112 W/PackageManager(  374): Unknown permission com.google.android.permission.SEND_DATA_MESSAGE in package com.google.android.apps.googlevoice
07-14 12:26:57.112 W/PackageManager(  374): Unknown permission com.android.providers.voicemail.permission.READ_WRITE_ALL_VOICEMAIL in package com.google.android.apps.googlevoice
07-14 12:26:57.112 W/PackageManager(  374): Unknown permission com.android.providers.voicemail.permission.READ_WRITE_OWN_VOICEMAIL in package com.google.android.apps.googlevoice
07-14 12:26:57.119 W/PackageManager(  374): Not granting permission com.google.android.apps.dashclock.permission.READ_EXTENSION_DATA to package com.betterapps.dashclock (protectionLevel=2 flags=0x8bbe44)
07-14 12:26:57.119 W/PackageManager(  374): Not granting permission android.permission.READ_LOGS to package com.pekall.emdm (protectionLevel=50 flags=0x88be46)
07-14 12:26:57.119 W/PackageManager(  374): Not granting permission android.permission.BIND_APPWIDGET to package com.pekall.emdm (protectionLevel=18 flags=0x88be46)
07-14 12:26:57.119 W/PackageManager(  374): Unknown permission com.pekall.emdm.launcher.permission.READ_SETTINGS in package com.pekall.emdm
07-14 12:26:57.119 W/PackageManager(  374): Unknown permission com.pekall.emdm.launcher.permission.WRITE_SETTINGS in package com.pekall.emdm
07-14 12:26:57.119 W/PackageManager(  374): Not granting permission android.permission.CHANGE_CONFIGURATION to package com.pekall.emdm (protectionLevel=50 flags=0x88be46)
07-14 12:26:57.119 W/PackageManager(  374): Not granting permission android.permission.INSTALL_PACKAGES to package com.pekall.emdm (protectionLevel=18 flags=0x88be46)
07-14 12:26:57.119 W/PackageManager(  374): Unknown permission android.permission.sec.ENTERPRISE_DEVICE_ADMIN in package com.pekall.emdm
07-14 12:26:57.119 W/PackageManager(  374): Unknown permission android.permission.sec.MDM_APP_MGMT in package com.pekall.emdm
07-14 12:26:57.119 W/PackageManager(  374): Unknown permission android.permission.sec.MDM_BLUETOOTH in package com.pekall.emdm
07-14 12:26:57.119 W/PackageManager(  374): Unknown permission android.permission.sec.MDM_INVENTORY in package com.pekall.emdm
07-14 12:26:57.119 W/PackageManager(  374): Unknown permission android.permission.sec.MDM_EXCHANGE in package com.pekall.emdm
07-14 12:26:57.119 W/PackageManager(  374): Unknown permission android.permission.sec.MDM_ROAMING in package com.pekall.emdm
07-14 12:26:57.119 W/PackageManager(  374): Unknown permission android.permission.sec.MDM_WIFI in package com.pekall.emdm
07-14 12:26:57.119 W/PackageManager(  374): Unknown permission android.permission.sec.MDM_SECURITY in package com.pekall.emdm
07-14 12:26:57.119 W/PackageManager(  374): Unknown permission android.permission.sec.MDM_HW_CONTROL in package com.pekall.emdm
07-14 12:26:57.119 W/PackageManager(  374): Unknown permission android.permission.sec.MDM_RESTRICTION in package com.pekall.emdm
07-14 12:26:57.119 W/PackageManager(  374): Unknown permission android.permission.sec.MDM_LOCATION in package com.pekall.emdm
07-14 12:26:57.119 W/PackageManager(  374): Not granting permission android.permission.INTERACT_ACROSS_USERS_FULL to package com.pekall.emdm (protectionLevel=2 flags=0x88be46)
07-14 12:26:57.119 W/PackageManager(  374): Unknown permission android.permission.sec.MDM_CALLING in package com.pekall.emdm
07-14 12:26:57.119 W/PackageManager(  374): Unknown permission android.permission.sec.MDM_EMAIL in package com.pekall.emdm
07-14 12:26:57.119 W/PackageManager(  374): Unknown permission android.permission.sec.MDM_VPN in package com.pekall.emdm
07-14 12:26:57.119 W/PackageManager(  374): Unknown permission android.permission.sec.MDM_APN in package com.pekall.emdm
07-14 12:26:57.127 W/PackageManager(  374): Unknown permission android.permission.sec.MDM_PHONE_RESTRICTION in package com.pekall.emdm
07-14 12:26:57.127 W/PackageManager(  374): Unknown permission android.permission.sec.MDM_BROWSER_SETTINGS in package com.pekall.emdm
07-14 12:26:57.127 W/PackageManager(  374): Unknown permission android.permission.sec.MDM_DATE_TIME in package com.pekall.emdm
07-14 12:26:57.127 W/PackageManager(  374): Unknown permission android.permission.sec.MDM_ENTERPRISE_VPN in package com.pekall.emdm
07-14 12:26:57.127 W/PackageManager(  374): Unknown permission android.permission.sec.MDM_FIREWALL in package com.pekall.emdm
07-14 12:26:57.127 W/PackageManager(  374): Unknown permission android.permission.sec.MDM_APP_PERMISSION_MGMT in package com.pekall.emdm
07-14 12:26:57.127 W/PackageManager(  374): Unknown permission android.permission.sec.MDM_KIOSK_MODE in package com.pekall.emdm
07-14 12:26:57.127 W/PackageManager(  374): Not granting permission android.permission.ACCESS_DOWNLOAD_MANAGER to package com.pekall.emdm (protectionLevel=18 flags=0x88be46)
07-14 12:26:57.127 W/PackageManager(  374): Not granting permission android.permission.SEND_DOWNLOAD_COMPLETED_INTENTS to package com.pekall.emdm (protectionLevel=2 flags=0x88be46)
07-14 12:26:57.127 W/PackageManager(  374): Unknown permission com.pekall.emdm.browser.permission.READ_HISTORY_BOOKMARKS in package com.pekall.emdm
07-14 12:26:57.127 W/PackageManager(  374): Unknown permission com.pekall.emdm.browser.permission.WRITE_HISTORY_BOOKMARKS in package com.pekall.emdm
07-14 12:26:57.127 W/PackageManager(  374): Unknown permission com.pekall.semail.permission.READ_ATTACHMENT in package com.pekall.emdm
07-14 12:26:57.127 W/PackageManager(  374): Unknown permission com.pekall.semail.permission.ACCESS_PROVIDER in package com.pekall.emdm
07-14 12:26:57.127 W/PackageManager(  374): Not granting permission android.permission.WRITE_APN_SETTINGS to package com.dragon.android.pandaspace (protectionLevel=18 flags=0x80be44)
07-14 12:26:57.127 W/PackageManager(  374): Not granting permission android.permission.INSTALL_PACKAGES to package com.dragon.android.pandaspace (protectionLevel=18 flags=0x80be44)
07-14 12:26:57.127 W/PackageManager(  374): Not granting permission android.permission.CHANGE_CONFIGURATION to package com.dragon.android.pandaspace (protectionLevel=50 flags=0x80be44)
07-14 12:26:57.127 W/PackageManager(  374): Not granting permission android.permission.READ_LOGS to package com.dragon.android.pandaspace (protectionLevel=50 flags=0x80be44)
07-14 12:26:57.127 W/PackageManager(  374): Not granting permission android.permission.PACKAGE_USAGE_STATS to package com.dragon.android.pandaspace (protectionLevel=18 flags=0x80be44)
07-14 12:26:57.127 W/PackageManager(  374): Not granting permission android.permission.MOUNT_UNMOUNT_FILESYSTEMS to package com.dragon.android.pandaspace (protectionLevel=18 flags=0x80be44)
07-14 12:26:57.135 W/PackageManager(  374): Not granting permission android.permission.SET_ACTIVITY_WATCHER to package com.dragon.android.pandaspace (protectionLevel=2 flags=0x80be44)
07-14 12:26:57.135 W/PackageManager(  374): Not granting permission android.permission.DELETE_PACKAGES to package com.dragon.android.pandaspace (protectionLevel=18 flags=0x80be44)
07-14 12:26:57.135 W/PackageManager(  374): Not granting permission android.permission.CHANGE_COMPONENT_ENABLED_STATE to package com.dragon.android.pandaspace (protectionLevel=18 flags=0x80be44)
07-14 12:26:57.135 W/PackageManager(  374): Not granting permission android.permission.SEND_DOWNLOAD_COMPLETED_INTENTS to package com.android.vending (protectionLevel=2 flags=0x8abe45)
07-14 12:26:57.135 W/PackageManager(  374): Unknown permission android.permission.SEND_SMS_NO_CONFIRMATION in package com.android.vending
07-14 12:26:57.135 W/PackageManager(  374): Unknown permission android.permission.ACCESS_SUPERUSER in package com.speedsoftware.rootexplorer
07-14 12:26:57.135 W/PackageManager(  374): Not granting permission android.permission.WRITE_SECURE_SETTINGS to package com.pekall.nmefc (protectionLevel=50 flags=0x88be44)
07-14 12:26:57.135 W/PackageManager(  374): Unknown permission android.permission.ACCESS_GPS in package com.pekall.nmefc
07-14 12:26:57.135 W/PackageManager(  374): Unknown permission android.permission.BAIDU_LOCATION_SERVICE in package com.pekall.nmefc
07-14 12:26:57.135 W/PackageManager(  374): Not granting permission android.permission.MOUNT_UNMOUNT_FILESYSTEMS to package com.pekall.nmefc (protectionLevel=18 flags=0x88be44)
07-14 12:26:57.158 W/PackageManager(  374): Not granting permission android.permission.READ_DREAM_STATE to package com.google.android.gsf (protectionLevel=2 flags=0x883e45)
07-14 12:26:57.158 W/PackageManager(  374): Unknown permission android.permission.RECEIVE_USER_PRESENT in package com.moji.mjweather
07-14 12:26:57.158 W/PackageManager(  374): Not granting permission android.permission.INTERACT_ACROSS_USERS_FULL to package com.moji.mjweather (protectionLevel=2 flags=0x18be44)
07-14 12:26:57.166 W/PackageManager(  374): Not granting permission android.permission.MOUNT_UNMOUNT_FILESYSTEMS to package com.moji.mjweather (protectionLevel=18 flags=0x18be44)
07-14 12:26:57.166 W/PackageManager(  374): Not granting permission android.permission.READ_LOGS to package com.moji.mjweather (protectionLevel=50 flags=0x18be44)
07-14 12:26:57.198 D/dalvikvm( 5781): GC_CONCURRENT freed 391K, 44% free 599K/1060K, paused 1ms+0ms, total 7ms
07-14 12:26:57.291 D/JOBS    ( 4980): running job PushMessageJob
07-14 12:26:57.291 D/JOBS    ( 4980): main: load factor check. false = (1 < 1)|| (1 * 3 < 0 + 1). consumer thread: false
07-14 12:26:57.315 I/ActivityManager(  374): Force stopping package com.moji.mjweather appid=10082 user=0
07-14 12:26:57.385 D/dalvikvm( 5781): GC_CONCURRENT freed 388K, 44% free 599K/1060K, paused 2ms+1ms, total 8ms
07-14 12:26:57.471 D/dalvikvm(  636): GC_EXPLICIT freed 1561K, 12% free 12842K/14536K, paused 8ms+13ms, total 131ms
07-14 12:26:57.588 D/dalvikvm( 5781): GC_CONCURRENT freed 387K, 44% free 599K/1060K, paused 4ms+1ms, total 10ms
07-14 12:26:57.783 D/dalvikvm( 3494): GC_EXPLICIT freed 1057K, 21% free 19869K/25060K, paused 105ms+15ms, total 429ms
07-14 12:26:57.791 D/dalvikvm( 5781): GC_CONCURRENT freed 388K, 44% free 599K/1060K, paused 1ms+0ms, total 7ms
07-14 12:26:57.940 I/InputReader(  374): Reconfiguring input devices.  changes=0x00000010
07-14 12:26:57.963 I/InputReader(  374): Reconfiguring input devices.  changes=0x00000010
07-14 12:26:58.002 D/dalvikvm( 5781): GC_CONCURRENT freed 384K, 44% free 602K/1060K, paused 2ms+1ms, total 8ms
07-14 12:26:58.096 I/ActivityManager(  374): Start proc com.qihoo360.mobilesafe for service com.qihoo360.mobilesafe/.service.GuardDelegateService: pid=5981 uid=10072 gids={50072, 3003, 1015, 3001, 3002, 1006, 1028}
07-14 12:26:58.151 D/dalvikvm( 5527): GC_CONCURRENT freed 403K, 33% free 9226K/13676K, paused 12ms+3ms, total 131ms
07-14 12:26:58.268 D/dalvikvm( 5781): GC_CONCURRENT freed 391K, 44% free 599K/1060K, paused 2ms+1ms, total 10ms
07-14 12:26:58.268 D/dalvikvm(  595): GC_EXPLICIT freed 1447K, 14% free 14903K/17168K, paused 4ms+74ms, total 720ms
07-14 12:26:58.283 D/dalvikvm( 2037): GC_EXPLICIT freed 142K, 21% free 9485K/11956K, paused 81ms+405ms, total 914ms
07-14 12:26:58.338 D/dalvikvm( 2221): GC_EXPLICIT freed 445K, 6% free 9560K/10108K, paused 2ms+346ms, total 968ms
07-14 12:26:58.377 D/BackupManagerService(  374): Received broadcast Intent { act=android.intent.action.PACKAGE_REMOVED dat=package:com.moji.mjweather flg=0x8000010 (has extras) }
07-14 12:26:58.401 W/BackupManagerService(  374): dataChanged but no participant pkg='com.android.providers.settings' uid=10079
07-14 12:26:58.455 D/BackupManagerService(  374): Received broadcast Intent { act=android.intent.action.PACKAGE_ADDED dat=package:com.moji.mjweather flg=0x8000010 (has extras) }
07-14 12:26:58.455 V/BackupManagerService(  374): removePackageParticipantsLocked: uid=10082 #1
07-14 12:26:58.463 V/BackupManagerService(  374): addPackageParticipantsLocked: #1
07-14 12:26:58.580 D/dalvikvm( 5781): GC_CONCURRENT freed 388K, 44% free 599K/1060K, paused 2ms+0ms, total 7ms
07-14 12:26:58.658 W/BackupManagerService(  374): dataChanged but no participant pkg='com.android.providers.settings' uid=10079
07-14 12:26:58.830 D/dalvikvm(  874): GC_CONCURRENT freed 443K, 17% free 9645K/11548K, paused 23ms+4ms, total 337ms
07-14 12:26:58.846 D/dalvikvm( 5090): GC_EXPLICIT freed 252K, 4% free 10014K/10388K, paused 15ms+71ms, total 1263ms
07-14 12:26:58.885 I/MobileSafeApplication( 5981): runtime.process.name=com.qihoo360.mobilesafe
07-14 12:26:58.885 I/MobileSafeApplication( 5981): process ui=true persist=false crash=false contact=false barcode=false permm=false
07-14 12:26:58.908 D/dalvikvm(  582): GC_CONCURRENT freed 242K, 3% free 9332K/9608K, paused 48ms+4ms, total 103ms
07-14 12:26:58.916 I/Launcher(  595): Deferring update until onResume
07-14 12:26:58.963 I/MobileSafeApplication( 5981): use ipc_pref, try load
07-14 12:26:58.971 D/dalvikvm( 5981): Trying to load lib /data/data/com.qihoo360.mobilesafe/files/so_libs/libipc_pref.520.1.so 0x4280f4d0
07-14 12:26:58.979 I/ipc_pref( 5981): [RegisterJniFunctions:19]	RegisterJniFunction methods count: 10
07-14 12:26:58.979 I/ipc_pref( 5981): 
07-14 12:26:58.979 D/dalvikvm( 5981): Added shared lib /data/data/com.qihoo360.mobilesafe/files/so_libs/libipc_pref.520.1.so 0x4280f4d0
07-14 12:26:58.979 I/ipc_pref( 5981): [JNI_OnLoad:43]	JNI_OnLoad
07-14 12:26:58.979 I/ipc_pref( 5981): 
07-14 12:26:58.979 I/ipc_pref( 5981): [init:19]	init /data/data/com.qihoo360.mobilesafe/shared_prefs/ipc_pref
07-14 12:26:58.979 I/ipc_pref( 5981): 
07-14 12:26:58.979 I/ipc_pref( 5981): [init:45]	/data/data/com.qihoo360.mobilesafe/shared_prefs/ipc_pref
07-14 12:26:58.979 I/ipc_pref( 5981): 
07-14 12:26:59.026 I/MobileSafeApplication( 5981): use ipc_pref, loaded
07-14 12:26:59.057 D/dalvikvm( 1174): GC_EXPLICIT freed 932K, 12% free 12085K/13624K, paused 2ms+1162ms, total 1713ms
07-14 12:26:59.221 D/dalvikvm(  374): GC_CONCURRENT freed 4772K, 18% free 22156K/26972K, paused 31ms+55ms, total 240ms
07-14 12:26:59.276 D/dalvikvm(  374): WAIT_FOR_CONCURRENT_GC blocked 176ms
07-14 12:26:59.377 I/Launcher(  595): Deferring update until onResume
07-14 12:26:59.401 D/dalvikvm( 2060): GC_EXPLICIT freed 462K, 11% free 14461K/16172K, paused 80ms+304ms, total 2039ms
07-14 12:26:59.502 D/dalvikvm( 1052): GC_CONCURRENT freed 396K, 10% free 10068K/11168K, paused 7ms+9ms, total 364ms
07-14 12:26:59.549 D/dalvikvm( 5981): Trying to load lib /data/data/com.qihoo360.mobilesafe/files/so_libs/libbreakpad-jni-1.0.so 0x4280f4d0
07-14 12:26:59.549 D/dalvikvm( 5981): Added shared lib /data/data/com.qihoo360.mobilesafe/files/so_libs/libbreakpad-jni-1.0.so 0x4280f4d0
07-14 12:26:59.549 D/dalvikvm( 5981): No JNI_OnLoad found in /data/data/com.qihoo360.mobilesafe/files/so_libs/libbreakpad-jni-1.0.so 0x4280f4d0, skipping init
07-14 12:26:59.565 D/dalvikvm( 5781): GC_CONCURRENT freed 389K, 44% free 601K/1060K, paused 1ms+1ms, total 8ms
07-14 12:26:59.573 D/CrashHandler( 5981): path = /data/data/com.qihoo360.mobilesafe/files/native_crash
07-14 12:26:59.573 I/ActivityManager(  374): Start proc com.android.keychain for broadcast com.android.keychain/.KeyChainBroadcastReceiver: pid=6000 uid=1000 gids={41000, 1015, 1028, 3002, 3001, 3003, 3007}
07-14 12:26:59.604 I/NativeManager( 5981): wait native manager ...
07-14 12:26:59.604 D/dalvikvm( 5981): Trying to load lib /data/data/com.qihoo360.mobilesafe/files/so_libs/libmobilesafe360-jni-520.2.so 0x4280f4d0
07-14 12:26:59.612 D/dalvikvm( 5981): Added shared lib /data/data/com.qihoo360.mobilesafe/files/so_libs/libmobilesafe360-jni-520.2.so 0x4280f4d0
07-14 12:26:59.612 D/MobileSafeApplication( 5981): -- not cold launch...
07-14 12:26:59.627 I/ipc_pref( 5981): [open:30]	open /data/data/com.qihoo360.mobilesafe/shared_prefs/com.qihoo360.mobilesafe_preferences.xml
07-14 12:26:59.627 I/ipc_pref( 5981): 
07-14 12:26:59.666 D/dalvikvm( 5981): GC_CONCURRENT freed 262K, 4% free 9131K/9432K, paused 8ms+3ms, total 90ms
07-14 12:26:59.674 W/ContextImpl( 6000): Calling a method in the system process without a qualified user: android.app.ContextImpl.startService:1385 android.content.ContextWrapper.startService:473 android.content.ContextWrapper.startService:473 com.android.keychain.KeyChainBroadcastReceiver.onReceive:12 android.app.ActivityThread.handleReceiver:2424 
07-14 12:26:59.705 W/Settings( 5981): Setting always_finish_activities has moved from android.provider.Settings.System to android.provider.Settings.Global, returning read-only value.
07-14 12:26:59.729 I/ipc_pref( 5981): [open:30]	open /data/data/com.qihoo360.mobilesafe/shared_prefs/upgrade_pref.xml
07-14 12:26:59.729 I/ipc_pref( 5981): 
07-14 12:26:59.846 D/dalvikvm( 2037): GC_CONCURRENT freed 270K, 19% free 9762K/11956K, paused 206ms+184ms, total 730ms
07-14 12:26:59.877 D/dalvikvm( 2037): WAIT_FOR_CONCURRENT_GC blocked 28ms
07-14 12:26:59.916 W/MountService(  374): getVolumeState(/storage/emulated/0/external_sd): Unknown volume
07-14 12:26:59.924 W/MountService(  374): getVolumeState(/mnt/sdcard-ext): Unknown volume
07-14 12:26:59.924 W/MountService(  374): getVolumeState(/mnt/ext_sdcard): Unknown volume
07-14 12:26:59.955 W/MountService(  374): getVolumeState(/mnt/sdcard2): Unknown volume
07-14 12:26:59.955 W/MountService(  374): getVolumeState(/mnt/emmc): Unknown volume
07-14 12:26:59.955 W/MountService(  374): getVolumeState(/mnt/extSdCard): Unknown volume
07-14 12:26:59.955 W/MountService(  374): getVolumeState(/mnt/sdcard/SD_CARD): Unknown volume
07-14 12:26:59.963 W/MountService(  374): getVolumeState(/mnt/sdcard/extra_sd): Unknown volume
07-14 12:26:59.963 W/MountService(  374): getVolumeState(/mnt/extrasd_bind): Unknown volume
07-14 12:26:59.963 W/MountService(  374): getVolumeState(/mnt/sdcard/ext_sd): Unknown volume
07-14 12:26:59.971 W/MountService(  374): getVolumeState(/storage/extSdCard): Unknown volume
07-14 12:26:59.971 W/MountService(  374): getVolumeState(/storage/sdcard1): Unknown volume
07-14 12:26:59.971 W/MountService(  374): getVolumeState(/mnt/sdcard/external_SD): Unknown volume
07-14 12:26:59.979 W/MountService(  374): getVolumeState(/mnt/sdcard/external_sd): Unknown volume
07-14 12:27:00.151 D/dalvikvm( 5981): GC_CONCURRENT freed 321K, 4% free 9234K/9592K, paused 109ms+10ms, total 162ms
07-14 12:27:00.369 D/dalvikvm( 5781): GC_CONCURRENT freed 396K, 44% free 599K/1060K, paused 2ms+1ms, total 10ms
07-14 12:27:00.377 D/dalvikvm( 5981): TRACE stop requested, but not running
07-14 12:27:00.494 I/ipc_pref( 5981): [open:30]	open /data/data/com.qihoo360.mobilesafe/shared_prefs/shield_pref.xml
07-14 12:27:00.494 I/ipc_pref( 5981): 
07-14 12:27:00.502 D/dalvikvm( 2037): GC_CONCURRENT freed 539K, 19% free 9735K/11956K, paused 4ms+48ms, total 281ms
07-14 12:27:00.510 D/dalvikvm( 2037): WAIT_FOR_CONCURRENT_GC blocked 192ms
07-14 12:27:00.510 D/dalvikvm( 2037): WAIT_FOR_CONCURRENT_GC blocked 108ms
07-14 12:27:00.518 D/dalvikvm( 2037): WAIT_FOR_CONCURRENT_GC blocked 101ms
07-14 12:27:00.533 I/FWL.PkgCoreBase( 5981): loading /data/data/com.qihoo360.mobilesafe/files/appmgr.apk ...
07-14 12:27:00.807 D/dalvikvm( 1990): GC_CONCURRENT freed 434K, 15% free 9257K/10828K, paused 5ms+2ms, total 97ms
07-14 12:27:00.823 I/dex     ( 5981): load /data/data/com.qihoo360.mobilesafe/files/appmgr.apk ...
07-14 12:27:00.885 I/dex     ( 5981): load /data/data/com.qihoo360.mobilesafe/files/appmgr.apk = dalvik.system.DexClassLoader[DexPathList[[zip file "/data/data/com.qihoo360.mobilesafe/files/appmgr.apk"],nativeLibraryDirectories=[/vendor/lib, /system/lib]]]
07-14 12:27:01.018 D/mdm_log ( 3494): [null:-1]->action is : android.intent.action.PACKAGE_REMOVED
07-14 12:27:01.033 D/dalvikvm( 5981): GC_CONCURRENT freed 196K, 3% free 9552K/9784K, paused 31ms+44ms, total 128ms
07-14 12:27:01.033 D/dalvikvm( 5981): WAIT_FOR_CONCURRENT_GC blocked 73ms
07-14 12:27:01.041 D/dalvikvm( 5981): WAIT_FOR_CONCURRENT_GC blocked 77ms
07-14 12:27:01.041 D/dalvikvm( 5981): WAIT_FOR_CONCURRENT_GC blocked 77ms
07-14 12:27:01.041 D/dalvikvm( 5981): WAIT_FOR_CONCURRENT_GC blocked 53ms
07-14 12:27:01.057 I/FWL.PkgCoreBase( 5981): loading ok
07-14 12:27:01.213 D/dalvikvm( 5981): GC_CONCURRENT freed 312K, 4% free 9653K/10004K, paused 3ms+2ms, total 44ms
07-14 12:27:01.315 D/dalvikvm( 5781): GC_CONCURRENT freed 393K, 44% free 594K/1060K, paused 0ms+0ms, total 7ms
07-14 12:27:01.330 D/dalvikvm( 2037): GC_CONCURRENT freed 483K, 19% free 9722K/11956K, paused 8ms+74ms, total 479ms
07-14 12:27:01.471 W/Settings( 5981): Setting android_id has moved from android.provider.Settings.System to android.provider.Settings.Secure, returning read-only value.
07-14 12:27:01.580 D/dalvikvm( 5981): GC_CONCURRENT freed 269K, 4% free 9777K/10084K, paused 8ms+6ms, total 44ms
07-14 12:27:01.643 D/dalvikvm( 5781): GC_CONCURRENT freed 384K, 44% free 598K/1060K, paused 1ms+1ms, total 9ms
07-14 12:27:01.666 D/DB      ( 3494): query: SQLiteQuery: SELECT * FROM app WHERE readStatus =0
07-14 12:27:01.674 D/DB      ( 3494): factory null
07-14 12:27:01.674 D/DB      ( 3494): fillWindow: 0
07-14 12:27:01.674 D/DB      ( 3494): cursor 0
07-14 12:27:01.674 D/DB      ( 3494): query: SQLiteQuery: SELECT * FROM app WHERE type = 51107
07-14 12:27:01.674 D/DB      ( 3494): factory null
07-14 12:27:01.674 D/DB      ( 3494): fillWindow: 0
07-14 12:27:01.674 D/DB      ( 3494): cursor 1
07-14 12:27:01.674 E/Mdm     ( 3494): Call Mdm service's recordIconCount function
07-14 12:27:01.783 D/DB      ( 3494): moveToPos: 0
07-14 12:27:01.783 D/dalvikvm( 5527): GC_CONCURRENT freed 392K, 33% free 9225K/13676K, paused 6ms+2ms, total 40ms
07-14 12:27:01.783 D/DB      ( 3494): onMove: 0
07-14 12:27:01.791 D/DB      ( 3494): moveToPos: 1
07-14 12:27:01.924 D/dalvikvm( 5781): GC_CONCURRENT freed 387K, 44% free 599K/1060K, paused 0ms+0ms, total 7ms
07-14 12:27:01.955 D/LightsService(  374): Excessive delay setting light: 56ms
07-14 12:27:02.104 D/LightsService(  374): Excessive delay setting light: 124ms
07-14 12:27:02.166 D/dalvikvm( 5781): GC_CONCURRENT freed 388K, 44% free 598K/1060K, paused 0ms+0ms, total 7ms
07-14 12:27:02.198 D/PushLib : ( 4980): [null:-1]->MSG_WEBSOCKET_MESSAGE : {"id":2,"type":1,"command":0,"result":0,"reason":0}
07-14 12:27:02.369 D/dalvikvm( 5781): GC_CONCURRENT freed 386K, 44% free 599K/1060K, paused 1ms+0ms, total 10ms
07-14 12:27:02.408 D/JOBS    ( 4980): finished job PushMessageJob
07-14 12:27:02.455 D/PushService( 4980): [null:-1]->push message type :1
07-14 12:27:02.518 W/MountService(  374): getVolumeState(/storage/emulated/0/external_sd): Unknown volume
07-14 12:27:02.518 W/MountService(  374): getVolumeState(/mnt/sdcard-ext): Unknown volume
07-14 12:27:02.518 W/MountService(  374): getVolumeState(/mnt/ext_sdcard): Unknown volume
07-14 12:27:02.518 W/MountService(  374): getVolumeState(/mnt/sdcard2): Unknown volume
07-14 12:27:02.526 W/MountService(  374): getVolumeState(/mnt/emmc): Unknown volume
07-14 12:27:02.526 W/MountService(  374): getVolumeState(/mnt/extSdCard): Unknown volume
07-14 12:27:02.526 W/MountService(  374): getVolumeState(/mnt/sdcard/SD_CARD): Unknown volume
07-14 12:27:02.526 W/MountService(  374): getVolumeState(/mnt/sdcard/extra_sd): Unknown volume
07-14 12:27:02.533 W/MountService(  374): getVolumeState(/mnt/extrasd_bind): Unknown volume
07-14 12:27:02.533 W/MountService(  374): getVolumeState(/mnt/sdcard/ext_sd): Unknown volume
07-14 12:27:02.533 W/MountService(  374): getVolumeState(/storage/extSdCard): Unknown volume
07-14 12:27:02.541 W/MountService(  374): getVolumeState(/storage/sdcard1): Unknown volume
07-14 12:27:02.541 W/MountService(  374): getVolumeState(/mnt/sdcard/external_SD): Unknown volume
07-14 12:27:02.549 W/MountService(  374): getVolumeState(/mnt/sdcard/external_sd): Unknown volume
07-14 12:27:02.573 D/dalvikvm( 1146): GC_FOR_ALLOC freed 358K, 6% free 9271K/9804K, paused 301ms, total 302ms
07-14 12:27:02.604 D/dalvikvm( 5781): GC_CONCURRENT freed 392K, 44% free 594K/1060K, paused 0ms+1ms, total 7ms
07-14 12:27:02.674 I/ActivityManager(  374): Start proc com.qihoo.root for broadcast com.qihoo.root/.UninstallReceiver: pid=6039 uid=10078 gids={50078, 1015, 3003, 1028}
07-14 12:27:02.713 I/dalvikvm( 6039): Turning on JNI app bug workarounds for target SDK version 7...
07-14 12:27:02.713 D/dalvikvm( 4980): GC_CONCURRENT freed 377K, 5% free 9250K/9664K, paused 6ms+2ms, total 251ms
07-14 12:27:02.760 D/dalvikvm( 2037): GC_CONCURRENT freed 327K, 18% free 9906K/11956K, paused 45ms+122ms, total 201ms
07-14 12:27:02.760 D/dalvikvm( 2037): WAIT_FOR_CONCURRENT_GC blocked 18ms
07-14 12:27:02.776 D/dalvikvm( 2037): WAIT_FOR_CONCURRENT_GC blocked 30ms
07-14 12:27:02.783 D/dalvikvm( 2037): WAIT_FOR_CONCURRENT_GC blocked 36ms
07-14 12:27:02.783 D/dalvikvm( 2037): WAIT_FOR_CONCURRENT_GC blocked 36ms
07-14 12:27:02.807 D/dalvikvm( 5781): GC_CONCURRENT freed 388K, 44% free 594K/1060K, paused 0ms+0ms, total 8ms
07-14 12:27:02.869 D/dalvikvm( 6039): Trying to load lib /data/data/com.qihoo.root/lib/libnativeutil.so 0x428104b8
07-14 12:27:02.869 D/dalvikvm( 6039): Added shared lib /data/data/com.qihoo.root/lib/libnativeutil.so 0x428104b8
07-14 12:27:03.010 D/dalvikvm( 5781): GC_CONCURRENT freed 388K, 44% free 594K/1060K, paused 0ms+1ms, total 8ms
07-14 12:27:03.354 D/dalvikvm( 5527): GC_CONCURRENT freed 388K, 33% free 9225K/13676K, paused 3ms+2ms, total 36ms
07-14 12:27:03.455 D/dalvikvm( 5781): GC_CONCURRENT freed 380K, 44% free 602K/1060K, paused 2ms+1ms, total 12ms
07-14 12:27:03.510 W/PackageParser(  636): No actions in intent filter at /storage/emulated/0/Download/emmp.apk Binary XML file line #687
07-14 12:27:03.541 D/dalvikvm( 4088): GC_CONCURRENT freed 231K, 3% free 9243K/9528K, paused 74ms+6ms, total 251ms
07-14 12:27:03.744 W/PackageParser(  636): No actions in intent filter at /storage/emulated/0/Download/emmp-1.apk Binary XML file line #687
07-14 12:27:03.760 D/dalvikvm( 5781): GC_CONCURRENT freed 390K, 44% free 599K/1060K, paused 1ms+0ms, total 11ms
07-14 12:27:04.041 W/PackageParser(  636): No actions in intent filter at /storage/emulated/0/360Download/Pekall.apk Binary XML file line #685
07-14 12:27:04.080 D/dalvikvm( 5781): GC_CONCURRENT freed 384K, 44% free 602K/1060K, paused 2ms+1ms, total 9ms
07-14 12:27:04.190 D/dalvikvm(  636): GC_CONCURRENT freed 1154K, 11% free 12965K/14536K, paused 5ms+8ms, total 191ms
07-14 12:27:04.260 D/dalvikvm(  374): GC_EXPLICIT freed 3822K, 29% free 19292K/26972K, paused 219ms+155ms, total 4976ms
07-14 12:27:04.299 I/TransInfo( 3494): TransInfo created, id: 5, class: class com.pekall.emdm.transaction.b.p
07-14 12:27:04.299 D/NetworkThread( 3494): [null:-1]->----isRunning-----true
07-14 12:27:04.307 D/NetworkThread( 3494): [null:-1]->----isRunning-----true
07-14 12:27:04.307 D/NetworkThread( 3494): [null:-1]->thread wakeup
07-14 12:27:04.307 D/dalvikvm( 5781): GC_CONCURRENT freed 388K, 44% free 602K/1060K, paused 1ms+1ms, total 12ms
07-14 12:27:04.330 W/PackageParser(  636): Unknown element under <application>: intent-filter at /storage/emulated/0/360MobileSafe_5.2.3.1061.apk Binary XML file line #1165
07-14 12:27:04.338 W/PackageParser(  636): Unknown element under <application>: intent-filter at /storage/emulated/0/360MobileSafe_5.2.3.1061.apk Binary XML file line #1423
07-14 12:27:04.362 D/HttpClient( 3494): enable apache.http debug
07-14 12:27:04.369 V/DEBUG   ( 3494): HTTP 0
07-14 12:27:04.494 D/dalvikvm( 5781): GC_CONCURRENT freed 387K, 44% free 602K/1060K, paused 0ms+0ms, total 7ms
07-14 12:27:04.674 D/dalvikvm( 5781): GC_CONCURRENT freed 388K, 44% free 602K/1060K, paused 2ms+0ms, total 9ms
07-14 12:27:04.682 D/dalvikvm( 1990): GC_CONCURRENT freed 373K, 15% free 9297K/10828K, paused 3ms+63ms, total 165ms
07-14 12:27:04.737 D/mdm_log ( 3494): [null:-1]->action is : android.intent.action.PACKAGE_ADDED
07-14 12:27:04.869 D/dalvikvm( 5527): GC_CONCURRENT freed 388K, 33% free 9248K/13676K, paused 2ms+32ms, total 66ms
07-14 12:27:04.932 D/dalvikvm( 5781): GC_CONCURRENT freed 397K, 44% free 604K/1060K, paused 2ms+1ms, total 8ms
07-14 12:27:04.948 I/QueryController( 5781): Matched selector: UiSelector[TEXT=] <<==>> [android.view.accessibility.AccessibilityNodeInfo@3db73; boundsInParent: Rect(0, 0 - 359, 96); boundsInScreen: Rect(0, 1088 - 359, 1184); packageName: com.android.packageinstaller; className: android.widget.Button; text: ; contentDescription: null; viewIdResName: com.android.packageinstaller:id/done_button; checkable: false; checked: false; focusable: true; focused: false; selected: false; clickable: true; longClickable: false; enabled: true; password: false; scrollable: false; [ACTION_FOCUS, ACTION_SELECT, ACTION_CLEAR_SELECTION, ACTION_CLICK, ACTION_ACCESSIBILITY_FOCUS, ACTION_NEXT_AT_MOVEMENT_GRANULARITY, ACTION_PREVIOUS_AT_MOVEMENT_GRANULARITY, ACTION_SET_SELECTION]]
07-14 12:27:05.041 D/dalvikvm( 1990): GC_CONCURRENT freed 262K, 13% free 9429K/10828K, paused 4ms+9ms, total 45ms
07-14 12:27:05.049 I/ipc_pref( 5981): [open:30]	open /data/data/com.qihoo360.mobilesafe/shared_prefs/adblock_pref.xml
07-14 12:27:05.049 I/ipc_pref( 5981): 
07-14 12:27:05.213 D/dalvikvm( 5981): GC_CONCURRENT freed 436K, 5% free 9745K/10216K, paused 13ms+3ms, total 64ms
07-14 12:27:05.221 D/DB      ( 3494): query: SQLiteQuery: SELECT * FROM app WHERE readStatus =0
07-14 12:27:05.221 D/DB      ( 3494): factory null
07-14 12:27:05.221 D/DB      ( 3494): fillWindow: 0
07-14 12:27:05.221 D/DB      ( 3494): cursor 0
07-14 12:27:05.221 E/Mdm     ( 3494): Call Mdm service's recordIconCount function
07-14 12:27:05.221 D/DB      ( 3494): query: SQLiteQuery: SELECT * FROM app WHERE type = 51107
07-14 12:27:05.221 D/DB      ( 3494): factory null
07-14 12:27:05.221 D/DB      ( 3494): fillWindow: 0
07-14 12:27:05.221 D/DB      ( 3494): cursor 1
07-14 12:27:05.229 D/DB      ( 3494): query: SQLiteQuery: SELECT appUUID, status FROM app WHERE status=4 AND uploadStatus=0
07-14 12:27:05.229 D/DB      ( 3494): factory null
07-14 12:27:05.229 D/DB      ( 3494): fillWindow: 0
07-14 12:27:05.229 D/DB      ( 3494): cursor 0
07-14 12:27:05.229 D/DB      ( 3494): moveToPos: 0
07-14 12:27:05.244 D/DB      ( 3494): moveToPos: 0
07-14 12:27:05.244 D/DB      ( 3494): onMove: 0
07-14 12:27:05.244 D/DB      ( 3494): moveToPos: 1
07-14 12:27:05.276 I/ActivityManager(  374): No longer want com.mgyapp.android (pid 1990): empty #17
07-14 12:27:05.307 I/ActivityManager(  374): Start proc com.google.android.talk for broadcast com.google.android.talk/com.google.android.apps.babel.phone.PackageReplacedReceiver: pid=6069 uid=10030 gids={50030, 3003, 1015, 1006, 3002, 1028}
07-14 12:27:05.354 W/ActivityManager(  374): Scheduling restart of crashed service com.mgyapp.android/.service.AppService in 5000ms
07-14 12:27:05.448 I/QueryController( 5781): Matched selector: UiSelector[TEXT=, CLASS=android.widget.Button] <<==>> [android.view.accessibility.AccessibilityNodeInfo@3db73; boundsInParent: Rect(0, 0 - 359, 96); boundsInScreen: Rect(0, 1088 - 359, 1184); packageName: com.android.packageinstaller; className: android.widget.Button; text: ; contentDescription: null; viewIdResName: com.android.packageinstaller:id/done_button; checkable: false; checked: false; focusable: true; focused: false; selected: false; clickable: true; longClickable: false; enabled: true; password: false; scrollable: false; [ACTION_FOCUS, ACTION_SELECT, ACTION_CLEAR_SELECTION, ACTION_CLICK, ACTION_ACCESSIBILITY_FOCUS, ACTION_NEXT_AT_MOVEMENT_GRANULARITY, ACTION_PREVIOUS_AT_MOVEMENT_GRANULARITY, ACTION_SET_SELECTION]]
07-14 12:27:05.455 D/InteractionController( 5781): clickAndWaitForNewWindow(179, 1136)
07-14 12:27:05.565 I/InstallAppProgress( 5527): Finished installing com.moji.mjweather
07-14 12:27:05.573 V/DEBUG   ( 3494): HTTP 1
07-14 12:27:05.580 D/MDM :   ( 3494): [null:-1]->MSG_WEBSOCKET_MESSAGE : {"id":398802539,"type":0,"command":0,"result":0,"reason":0,"params":{"msgId":"17a6adc4-22a8-4dfb-86d5-00a45a7e4723,17a6adc422a84dfb86d500a45a7e4723","device":"ffffffffc539bb10fffffffff7aea961","message":"{\"cmd\":\"10119\"}"}}
07-14 12:27:05.604 D/NetworkThread( 3494): [null:-1]->queue is empty, thread wait...
07-14 12:27:05.658 D/MdmService( 3494): [null:-1]->push message type :0
07-14 12:27:05.658 D/MdmService( 3494): [null:-1]->cmdMessage : {"cmd":"10119"}
07-14 12:27:05.658 D/MdmService( 3494): [null:-1]->command : PushCommandMsg{cmd='10119', msg='null'}
07-14 12:27:05.658 D/MDM :   ( 3494): [null:-1]->PUSH CMD: 10119
07-14 12:27:05.666 D/MdmStatusManager( 3494): [null:-1]->change status to : Busy
07-14 12:27:05.666 D/DB      ( 3494): query: SQLiteQuery: SELECT content, command_status, status FROM command WHERE status!=2
07-14 12:27:05.666 D/DB      ( 3494): factory null
07-14 12:27:05.666 D/DB      ( 3494): fillWindow: 0
07-14 12:27:05.666 D/DB      ( 3494): cursor 0
07-14 12:27:05.666 D/DB      ( 3494): moveToPos: 0
07-14 12:27:05.674 I/TransInfo( 3494): TransInfo created, id: 3, class: class com.pekall.emdm.transaction.b.c
07-14 12:27:05.682 D/NetworkThread( 3494): [null:-1]->----isRunning-----true
07-14 12:27:05.682 D/NetworkThread( 3494): [null:-1]->----isRunning-----true
07-14 12:27:05.682 D/NetworkThread( 3494): [null:-1]->thread wakeup
07-14 12:27:05.682 D/HttpClient( 3494): enable apache.http debug
07-14 12:27:05.690 V/DEBUG   ( 3494): HTTP 0
07-14 12:27:05.776 D/dalvikvm(  374): GC_FOR_ALLOC freed 445K, 30% free 19109K/26972K, paused 209ms, total 209ms
07-14 12:27:05.776 I/dalvikvm-heap(  374): Grow heap (frag case) to 19.062MB for 380496-byte allocation
07-14 12:27:05.877 D/dalvikvm(  374): GC_FOR_ALLOC freed 18K, 29% free 19462K/27344K, paused 98ms, total 98ms
07-14 12:27:06.018 D/MdmApplication( 3494): [null:-1]->onActivityStarted market.activity.AppDetailActivity , mActivityCount = 0
07-14 12:27:06.018 E/Mdm     ( 3494): Call Mdm service's setLastExitTime function
07-14 12:27:06.033 D/MDM :   ( 3494): [null:-1]->query
07-14 12:27:06.033 D/MDM :   ( 3494): [null:-1]->QUERY_SETTING_PIN_TIMEOUT
07-14 12:27:06.033 D/MDM :   ( 3494): [null:-1]->query
07-14 12:27:06.033 D/MDM :   ( 3494): [null:-1]->QUERY_SETTING_PIN_CODE
07-14 12:27:06.033 D/MDM :   ( 3494): [null:-1]->query
07-14 12:27:06.033 D/dalvikvm( 6069): GC_CONCURRENT freed 277K, 4% free 9093K/9412K, paused 10ms+3ms, total 75ms
07-14 12:27:06.033 D/MDM :   ( 3494): [null:-1]->QUERY_PINCODE_CHECK_RESULT
07-14 12:27:06.041 D/ypy     ( 3494): [null:-1]-> ================ checkDownLoadStatus status is 4
07-14 12:27:06.065 W/Settings( 6069): Setting airplane_mode_on has moved from android.provider.Settings.System to android.provider.Settings.Global, returning read-only value.
07-14 12:27:06.143 I/ActivityManager(  374): Start proc com.google.android.apps.maps:FriendService for broadcast com.google.android.apps.maps/com.google.googlenav.friend.android.ServiceReceiver: pid=6092 uid=10038 gids={50038, 3003, 1015, 1028}
07-14 12:27:06.182 D/dalvikvm(  125): GC_EXPLICIT freed 40K, 1% free 8921K/9000K, paused 3ms+4ms, total 51ms
07-14 12:27:06.213 D/dalvikvm(  125): GC_EXPLICIT freed <1K, 1% free 8921K/9000K, paused 2ms+4ms, total 29ms
07-14 12:27:06.252 D/dalvikvm(  125): GC_EXPLICIT freed <1K, 1% free 8921K/9000K, paused 11ms+3ms, total 41ms
07-14 12:27:06.315 I/ActivityManager(  374): No longer want android.process.media (pid 504): empty #17
07-14 12:27:06.338 W/ActivityManager(  374): Scheduling restart of crashed service com.android.providers.media/.MtpService in 14019ms
07-14 12:27:06.416 I/ActivityManager(  374): Process com.qihoo360.mobilesafe (pid 5981) has died.
07-14 12:27:06.424 D/dalvikvm(  624): WAIT_FOR_CONCURRENT_GC blocked 1ms
07-14 12:27:06.768 D/dalvikvm(  624): GC_EXPLICIT freed 269K, 6% free 9687K/10232K, paused 32ms+13ms, total 338ms
07-14 12:27:06.783 V/DEBUG   ( 3494): HTTP 1
07-14 12:27:06.823 D/MDM :   ( 3494): [null:-1]->read network input stream
07-14 12:27:06.823 D/MDM :   ( 3494): [null:-1]->read network input stream
07-14 12:27:06.877 D/CheckInTransInfo( 3494): [null:-1]->CommandMsg : CommandMsg{CommandUUID='8a80888e4732aed50147331fc37d051c', Command=CommandObject{RequestType='DeviceInformation'}}
07-14 12:27:06.877 D/DB      ( 3494): query: SQLiteQuery: SELECT * FROM command WHERE cmd_uuid='8a80888e4732aed50147331fc37d051c'
07-14 12:27:06.877 D/DB      ( 3494): factory null
07-14 12:27:06.877 D/DB      ( 3494): fillWindow: 0
07-14 12:27:06.877 D/DB      ( 3494): cursor 0
07-14 12:27:06.940 D/NetworkThread( 3494): [null:-1]->queue is empty, thread wait...
07-14 12:27:06.955 W/GCoreUlr(  563): sending intent to update reporting state
07-14 12:27:06.987 D/dalvikvm( 1052): GC_CONCURRENT freed 492K, 10% free 10087K/11168K, paused 5ms+6ms, total 135ms
07-14 12:27:06.987 D/dalvikvm( 1052): WAIT_FOR_CONCURRENT_GC blocked 108ms
07-14 12:27:07.041 D/MdmService( 3494): [null:-1]->handleCheckInResult
07-14 12:27:07.041 D/MdmService( 3494): [null:-1]->handleCheckInResult result keyIndex: 3
07-14 12:27:07.057 D/CommandManager( 3494): [null:-1]->execute command: CommandMsg{CommandUUID='8a80888e4732aed50147331fc37d051c', Command=CommandObject{RequestType='DeviceInformation'}}
07-14 12:27:07.119 D/dalvikvm( 6069): GC_CONCURRENT freed 406K, 5% free 9073K/9516K, paused 5ms+2ms, total 42ms
07-14 12:27:07.190 I/GCoreUlr(  563): Ensuring that reporting is stopped because of reasons: (no Google accounts)
07-14 12:27:07.213 I/GCoreUlr(  563): Ensuring that reporting is stopped because of reasons: (no Google accounts)
07-14 12:27:07.213 D/GCoreFlp(  563): Unknown pending intent to remove.
07-14 12:27:07.213 D/GCoreFlp(  563): Unknown pending intent to remove.
07-14 12:27:07.221 I/GCoreUlr(  563): Unbound from all location providers
07-14 12:27:07.229 I/GCoreUlr(  563): Unbound from all location providers
07-14 12:27:07.377 I/ActivityManager(  374): Start proc com.google.android.apps.maps:LocationFriendService for broadcast com.google.android.apps.maps/com.google.googlenav.friend.reporting.LocationReportingIntentReceiver: pid=6118 uid=10038 gids={50038, 3003, 1015, 1028}
07-14 12:27:07.401 D/BluetoothManagerService(  374): checkIfCallerIsForegroundUser: valid=true callingUser=0 foregroundUser=0
07-14 12:27:07.643 I/ActivityManager(  374): No longer want com.qihoo.daemon (pid 2037): empty #17
07-14 12:27:07.682 W/ActivityManager(  374): Scheduling restart of crashed service com.qihoo.appstore/com.qihoo.express.mini.service.DaemonCoreService in 22671ms
07-14 12:27:07.682 W/ActivityManager(  374): Scheduling restart of crashed service com.qihoo.appstore/com.qihoo360.mobilesafe.pcdaemon.service.DaemonService in 32670ms
07-14 12:27:08.041 I/TransInfo( 3494): TransInfo created, id: 5, class: class com.pekall.emdm.transaction.b.p
07-14 12:27:08.041 D/NetworkThread( 3494): [null:-1]->----isRunning-----true
