07-14 12:27:08.041 D/NetworkThread( 3494): [null:-1]->----isRunning-----true
07-14 12:27:08.041 D/NetworkThread( 3494): [null:-1]->thread wakeup
07-14 12:27:08.041 D/HttpClient( 3494): enable apache.http debug
07-14 12:27:08.065 V/DEBUG   ( 3494): HTTP 0
07-14 12:27:08.338 D/MDM :   ( 3494): [null:-1]->MSG_WEBSOCKET_MESSAGE : {"id":1524575820,"type":0,"command":0,"result":0,"reason":0,"params":{"msgId":"e1c733b2-e60c-420d-b984-324e8fbf1971,e1c733b2e60c420db984324e8fbf1971","device":"ffffffffc539bb10fffffffff7aea961","message":"{\"cmd\":\"10119\"}"}}
07-14 12:27:08.346 D/MdmService( 3494): [null:-1]->push message type :0
07-14 12:27:08.354 V/DEBUG   ( 3494): HTTP 1
07-14 12:27:08.354 D/MdmService( 3494): [null:-1]->cmdMessage : {"cmd":"10119"}
07-14 12:27:08.354 D/NetworkThread( 3494): [null:-1]->queue is empty, thread wait...
07-14 12:27:08.354 D/MdmService( 3494): [null:-1]->command : PushCommandMsg{cmd='10119', msg='null'}
07-14 12:27:08.354 D/MDM :   ( 3494): [null:-1]->PUSH CMD: 10119
07-14 12:27:08.354 D/MdmService( 3494): [null:-1]->MdmStatusManager is busy , wait......
07-14 12:27:08.565 W/InteractionController( 5781): runAndwaitForEvent timedout waiting for events
07-14 12:27:08.580 D/AndroidRuntime( 6138): 
07-14 12:27:08.580 D/AndroidRuntime( 6138): >>>>>> AndroidRuntime START com.android.internal.os.RuntimeInit <<<<<<
07-14 12:27:08.580 D/AndroidRuntime( 6138): CheckJNI is OFF
07-14 12:27:08.596 I/QueryController( 5781): Matched selector: UiSelector[TEXT=, CLASS=android.widget.Button] <<==>> [android.view.accessibility.AccessibilityNodeInfo@b3f5f; boundsInParent: Rect(0, 0 - 640, 76); boundsInScreen: Rect(40, 1068 - 680, 1144); packageName: com.pekall.emdm; className: android.widget.Button; text: ; contentDescription: null; viewIdResName: com.pekall.emdm:id/market_app_detail_download_btn; checkable: false; checked: false; focusable: true; focused: false; selected: false; clickable: true; longClickable: false; enabled: true; password: false; scrollable: false; [ACTION_FOCUS, ACTION_SELECT, ACTION_CLEAR_SELECTION, ACTION_CLICK, ACTION_ACCESSIBILITY_FOCUS, ACTION_NEXT_AT_MOVEMENT_GRANULARITY, ACTION_PREVIOUS_AT_MOVEMENT_GRANULARITY, ACTION_SET_SELECTION]]
07-14 12:27:08.612 D/dalvikvm( 6138): Trying to load lib libjavacore.so 0x0
07-14 12:27:08.619 D/dalvikvm( 6138): Added shared lib libjavacore.so 0x0
07-14 12:27:08.643 D/dalvikvm( 6138): Trying to load lib libnativehelper.so 0x0
07-14 12:27:08.643 D/dalvikvm( 6138): Added shared lib libnativehelper.so 0x0
07-14 12:27:08.651 I/AndroidRuntime( 5781): VM exiting with result code 0.
07-14 12:27:08.955 D/AndroidRuntime( 6138): Calling main entry com.android.commands.am.Am
07-14 12:27:08.955 D/dalvikvm( 6138): Note: class Landroid/app/ActivityManagerNative; has 163 unimplemented (abstract) methods
07-14 12:27:08.987 D/AndroidRuntime( 6138): Shutting down VM
07-14 12:27:08.987 I/ActivityManager(  374): Start proc com.qihoo.daemon for service com.qihoo.appstore/com.qihoo360.mobilesafe.pcdaemon.service.DaemonService: pid=6152 uid=10064 gids={50064, 3003, 1015, 3002, 1006, 3001, 1028}
07-14 12:27:08.994 D/dalvikvm( 6138): GC_CONCURRENT freed 91K, 16% free 514K/608K, paused 0ms+1ms, total 4ms
07-14 12:27:09.010 I/dalvikvm( 6152): Turning on JNI app bug workarounds for target SDK version 10...
07-14 12:27:09.158 D/ProxyApplication( 6152): attachBaseContext mCurrentProcessName : com.qihoo.daemon
07-14 12:27:09.158 D/ProxyApplication( 6152): attachBaseContext mIsConfigProcesso : false
07-14 12:27:09.291 E/MyLog   ( 6152): ZY>>LOGD=false
07-14 12:27:09.385 D/dalvikvm( 6152): GC_CONCURRENT freed 269K, 4% free 9139K/9444K, paused 4ms+12ms, total 75ms
07-14 12:27:09.471 D/dalvikvm( 6152): Trying to load lib /data/data/com.qihoo.appstore/files/baohecachefileaV2 0x4280a4b8
07-14 12:27:09.479 D/dalvikvm( 6152): Added shared lib /data/data/com.qihoo.appstore/files/baohecachefileaV2 0x4280a4b8
07-14 12:27:09.479 D/dalvikvm( 6152): No JNI_OnLoad found in /data/data/com.qihoo.appstore/files/baohecachefileaV2 0x4280a4b8, skipping init
07-14 12:27:09.580 W/dalvikvm( 6152): Unable to resolve superclass of Lcom/qihoo/appstore/clear/g; (44)
07-14 12:27:09.580 W/dalvikvm( 6152): Link of class 'Lcom/qihoo/appstore/clear/g;' failed
07-14 12:27:09.580 E/dalvikvm( 6152): Could not find class 'com.qihoo.appstore.clear.g', referenced from method com.qihoo.appstore.clear.d.a
07-14 12:27:09.580 W/dalvikvm( 6152): VFY: unable to resolve new-instance 1669 (Lcom/qihoo/appstore/clear/g;) in Lcom/qihoo/appstore/clear/d;
07-14 12:27:09.580 D/dalvikvm( 6152): VFY: replacing opcode 0x22 at 0x0011
07-14 12:27:09.580 I/dalvikvm( 6152): Could not find method android.app.IActivityManager.unregisterActivityWatcher, referenced from method com.qihoo.appstore.clear.d.b
07-14 12:27:09.580 W/dalvikvm( 6152): VFY: unable to resolve interface method 210: Landroid/app/IActivityManager;.unregisterActivityWatcher (Landroid/app/IActivityWatcher;)V
07-14 12:27:09.580 D/dalvikvm( 6152): VFY: replacing opcode 0x72 at 0x0011
07-14 12:27:09.596 W/dalvikvm( 6152): Unable to resolve superclass of Lcom/qihoo/appstore/clear/g; (44)
07-14 12:27:09.596 W/dalvikvm( 6152): Link of class 'Lcom/qihoo/appstore/clear/g;' failed
07-14 12:27:09.596 D/dalvikvm( 6152): DexOpt: unable to opt direct call 0x242a at 0x14 in Lcom/qihoo/appstore/clear/d;.a
07-14 12:27:09.705 D/dalvikvm( 6152): GC_CONCURRENT freed 457K, 6% free 9174K/9676K, paused 30ms+4ms, total 93ms
07-14 12:27:09.744 D/AndroidRuntime( 6171): 
07-14 12:27:09.744 D/AndroidRuntime( 6171): >>>>>> AndroidRuntime START com.android.internal.os.RuntimeInit <<<<<<
07-14 12:27:09.744 D/AndroidRuntime( 6171): CheckJNI is OFF
07-14 12:27:09.760 D/dalvikvm( 6171): Trying to load lib libjavacore.so 0x0
07-14 12:27:09.768 D/dalvikvm( 6171): Added shared lib libjavacore.so 0x0
07-14 12:27:09.783 D/dalvikvm( 6171): Trying to load lib libnativehelper.so 0x0
07-14 12:27:09.783 D/dalvikvm( 6171): Added shared lib libnativehelper.so 0x0
07-14 12:27:10.096 D/AndroidRuntime( 6171): Calling main entry com.android.commands.pm.Pm
07-14 12:27:10.198 D/AndroidRuntime( 6171): Shutting down VM
07-14 12:27:10.205 D/dalvikvm( 6171): GC_CONCURRENT freed 249K, 35% free 481K/732K, paused 0ms+0ms, total 5ms
07-14 12:27:10.237 D/dalvikvm( 6152): GC_FOR_ALLOC freed 109K, 6% free 9154K/9676K, paused 41ms, total 47ms
07-14 12:27:10.237 I/dalvikvm-heap( 6152): Grow heap (frag case) to 9.034MB for 65552-byte allocation
07-14 12:27:10.268 D/dalvikvm( 6152): GC_FOR_ALLOC freed 5K, 6% free 9212K/9744K, paused 34ms, total 34ms
07-14 12:27:10.635 I/ActivityManager(  374): Start proc com.mgyapp.android for service com.mgyapp.android/.service.AppService: pid=6203 uid=10079 gids={50079, 3003, 1015, 1028, 3002, 1006}
07-14 12:27:11.057 D/dalvikvm( 6203): Trying to load lib /data/app-lib/com.mgyapp.android-1/libtpnsSecurity.so 0x4280a4f8
07-14 12:27:11.057 D/dalvikvm( 6203): Added shared lib /data/app-lib/com.mgyapp.android-1/libtpnsSecurity.so 0x4280a4f8
07-14 12:27:11.057 I/TpnsSecurity( 6203): JNI_OnLoad
07-14 12:27:11.213 D/AndroidRuntime( 6219): 
07-14 12:27:11.213 D/AndroidRuntime( 6219): >>>>>> AndroidRuntime START com.android.internal.os.RuntimeInit <<<<<<
07-14 12:27:11.213 D/AndroidRuntime( 6219): CheckJNI is OFF
07-14 12:27:11.213 D/dalvikvm( 6203): GC_CONCURRENT freed 224K, 3% free 9209K/9468K, paused 16ms+4ms, total 60ms
07-14 12:27:11.213 D/dalvikvm( 6203): WAIT_FOR_CONCURRENT_GC blocked 12ms
07-14 12:27:11.229 D/dalvikvm( 6219): Trying to load lib libjavacore.so 0x0
07-14 12:27:11.237 D/dalvikvm( 6219): Added shared lib libjavacore.so 0x0
07-14 12:27:11.244 D/dalvikvm( 6219): Trying to load lib libnativehelper.so 0x0
07-14 12:27:11.244 D/dalvikvm( 6219): Added shared lib libnativehelper.so 0x0
07-14 12:27:11.268 D/dalvikvm( 6203): GC_CONCURRENT freed 223K, 4% free 9390K/9708K, paused 3ms+2ms, total 26ms
07-14 12:27:11.268 D/dalvikvm( 6203): WAIT_FOR_CONCURRENT_GC blocked 21ms
07-14 12:27:11.299 D/dalvikvm( 6203): GC_FOR_ALLOC freed 247K, 5% free 9476K/9932K, paused 21ms, total 21ms
07-14 12:27:11.330 D/dalvikvm( 6203): GC_FOR_ALLOC freed 179K, 5% free 9493K/9932K, paused 18ms, total 21ms
07-14 12:27:11.463 D/dalvikvm( 6203): GC_CONCURRENT freed 245K, 3% free 9741K/10024K, paused 3ms+13ms, total 70ms
07-14 12:27:11.510 D/AndroidRuntime( 6219): Calling main entry com.android.commands.am.Am
07-14 12:27:11.510 D/dalvikvm( 6219): Note: class Landroid/app/ActivityManagerNative; has 163 unimplemented (abstract) methods
07-14 12:27:11.518 D/AndroidRuntime( 6219): Shutting down VM
07-14 12:27:11.526 D/dalvikvm( 6219): GC_CONCURRENT freed 91K, 16% free 514K/608K, paused 1ms+1ms, total 4ms
07-14 12:27:11.619 D/dalvikvm( 6152): GC_CONCURRENT freed 439K, 5% free 9268K/9744K, paused 13ms+3ms, total 92ms
07-14 12:27:11.619 D/dalvikvm( 6152): WAIT_FOR_CONCURRENT_GC blocked 9ms
07-14 12:27:11.627 D/dalvikvm( 6203): GC_CONCURRENT freed 105K, 2% free 10081K/10224K, paused 2ms+3ms, total 48ms
07-14 12:27:11.627 D/dalvikvm( 6203): WAIT_FOR_CONCURRENT_GC blocked 34ms
07-14 12:27:11.737 D/dalvikvm( 6203): GC_CONCURRENT freed 279K, 3% free 10314K/10628K, paused 3ms+4ms, total 44ms
07-14 12:27:11.737 D/dalvikvm( 6203): WAIT_FOR_CONCURRENT_GC blocked 9ms
07-14 12:27:11.830 I/XGService( 6203): checkNativeMethod passed.
07-14 12:27:11.979 D/dalvikvm( 3494): GC_CONCURRENT freed 3208K, 20% free 20207K/25060K, paused 38ms+20ms, total 169ms
07-14 12:27:12.073 D/dalvikvm( 6203): GC_CONCURRENT freed 486K, 5% free 10323K/10832K, paused 4ms+14ms, total 71ms
07-14 12:27:12.174 D/dalvikvm( 6152): GC_CONCURRENT freed 428K, 5% free 9333K/9808K, paused 63ms+319ms, total 408ms
07-14 12:27:12.182 D/dalvikvm( 6152): WAIT_FOR_CONCURRENT_GC blocked 9ms
07-14 12:27:12.244 D/AndroidRuntime( 6239): 
07-14 12:27:12.244 D/AndroidRuntime( 6239): >>>>>> AndroidRuntime START com.android.internal.os.RuntimeInit <<<<<<
07-14 12:27:12.244 D/AndroidRuntime( 6239): CheckJNI is OFF
07-14 12:27:12.260 D/dalvikvm( 6239): Trying to load lib libjavacore.so 0x0
07-14 12:27:12.268 D/dalvikvm( 6239): Added shared lib libjavacore.so 0x0
07-14 12:27:12.283 D/dalvikvm( 6239): Trying to load lib libnativehelper.so 0x0
07-14 12:27:12.283 D/dalvikvm( 6239): Added shared lib libnativehelper.so 0x0
07-14 12:27:12.323 D/dalvikvm( 6152): GC_CONCURRENT freed 588K, 7% free 9238K/9872K, paused 3ms+2ms, total 36ms
07-14 12:27:12.323 D/dalvikvm( 6152): WAIT_FOR_CONCURRENT_GC blocked 14ms
07-14 12:27:12.448 D/dalvikvm( 6152): GC_CONCURRENT freed 496K, 7% free 9254K/9872K, paused 11ms+11ms, total 84ms
07-14 12:27:12.448 D/dalvikvm( 6152): WAIT_FOR_CONCURRENT_GC blocked 59ms
07-14 12:27:12.479 D/dalvikvm(  874): GC_CONCURRENT freed 270K, 15% free 9881K/11548K, paused 3ms+41ms, total 112ms
07-14 12:27:12.479 D/dalvikvm(  874): WAIT_FOR_CONCURRENT_GC blocked 64ms
07-14 12:27:12.541 D/dalvikvm(  874): GC_FOR_ALLOC freed 48K, 15% free 9925K/11548K, paused 62ms, total 62ms
07-14 12:27:12.549 I/dalvikvm-heap(  874): Grow heap (frag case) to 9.847MB for 129040-byte allocation
07-14 12:27:12.557 D/AndroidRuntime( 6239): Calling main entry com.android.commands.pm.Pm
07-14 12:27:12.612 D/dalvikvm( 6152): GC_CONCURRENT freed 526K, 7% free 9238K/9872K, paused 9ms+5ms, total 80ms
07-14 12:27:12.612 D/dalvikvm( 6152): WAIT_FOR_CONCURRENT_GC blocked 15ms
07-14 12:27:12.674 D/AndroidRuntime( 6239): Shutting down VM
07-14 12:27:12.682 D/dalvikvm( 6239): GC_CONCURRENT freed 249K, 35% free 481K/732K, paused 0ms+0ms, total 4ms
07-14 12:27:12.690 D/dalvikvm(  874): GC_FOR_ALLOC freed 62K, 15% free 9989K/11676K, paused 136ms, total 136ms
07-14 12:27:12.705 D/dalvikvm( 6152): GC_CONCURRENT freed 437K, 7% free 9254K/9872K, paused 3ms+5ms, total 42ms
07-14 12:27:12.721 D/dalvikvm(  874): GC_FOR_ALLOC freed 152K, 15% free 9981K/11676K, paused 27ms, total 27ms
07-14 12:27:12.744 D/dalvikvm(  874): GC_FOR_ALLOC freed 30K, 15% free 10013K/11676K, paused 24ms, total 25ms
07-14 12:27:12.744 I/dalvikvm-heap(  874): Grow heap (frag case) to 9.934MB for 129040-byte allocation
07-14 12:27:12.783 D/dalvikvm(  874): GC_FOR_ALLOC freed 62K, 15% free 10077K/11804K, paused 38ms, total 38ms
07-14 12:27:12.791 D/dalvikvm( 6152): GC_CONCURRENT freed 511K, 7% free 9254K/9872K, paused 8ms+2ms, total 39ms
07-14 12:27:12.791 D/dalvikvm( 6152): WAIT_FOR_CONCURRENT_GC blocked 20ms
07-14 12:27:12.823 D/dalvikvm(  874): GC_FOR_ALLOC freed 0K, 15% free 10077K/11804K, paused 37ms, total 37ms
07-14 12:27:12.823 I/dalvikvm-heap(  874): Grow heap (frag case) to 9.952MB for 81878-byte allocation
07-14 12:27:12.862 D/dalvikvm( 6203): GC_CONCURRENT freed 1563K, 16% free 9157K/10832K, paused 9ms+6ms, total 43ms
07-14 12:27:12.901 D/dalvikvm(  874): GC_FOR_ALLOC freed 0K, 15% free 10157K/11888K, paused 83ms, total 83ms
07-14 12:27:12.908 D/dalvikvm( 6152): GC_CONCURRENT freed 510K, 7% free 9255K/9872K, paused 3ms+8ms, total 70ms
07-14 12:27:12.908 D/dalvikvm( 6152): WAIT_FOR_CONCURRENT_GC blocked 27ms
07-14 12:27:12.955 D/dalvikvm(  874): GC_FOR_ALLOC freed 179K, 16% free 10093K/11888K, paused 39ms, total 39ms
07-14 12:27:12.979 D/dalvikvm(  874): GC_FOR_ALLOC freed 62K, 15% free 10157K/11888K, paused 24ms, total 24ms
07-14 12:27:12.979 I/dalvikvm-heap(  874): Grow heap (frag case) to 10.030MB for 81878-byte allocation
07-14 12:27:13.033 D/dalvikvm(  874): GC_FOR_ALLOC freed 0K, 15% free 10237K/11972K, paused 59ms, total 59ms
07-14 12:27:13.151 D/dalvikvm( 6152): GC_CONCURRENT freed 515K, 7% free 9238K/9872K, paused 3ms+3ms, total 62ms
07-14 12:27:13.151 D/dalvikvm( 6152): WAIT_FOR_CONCURRENT_GC blocked 37ms
07-14 12:27:13.283 D/dalvikvm( 6152): GC_CONCURRENT freed 520K, 7% free 9230K/9872K, paused 3ms+2ms, total 61ms
07-14 12:27:13.283 D/dalvikvm( 6152): WAIT_FOR_CONCURRENT_GC blocked 19ms
07-14 12:27:13.401 D/dalvikvm(  874): GC_CONCURRENT freed 236K, 13% free 10513K/11972K, paused 3ms+20ms, total 195ms
07-14 12:27:13.401 D/dalvikvm(  874): WAIT_FOR_CONCURRENT_GC blocked 131ms
07-14 12:27:13.424 D/dalvikvm( 6152): GC_CONCURRENT freed 497K, 7% free 9241K/9872K, paused 8ms+2ms, total 71ms
07-14 12:27:13.424 D/dalvikvm( 6152): WAIT_FOR_CONCURRENT_GC blocked 50ms
07-14 12:27:13.479 D/AndroidRuntime( 6266): 
07-14 12:27:13.479 D/AndroidRuntime( 6266): >>>>>> AndroidRuntime START com.android.internal.os.RuntimeInit <<<<<<
07-14 12:27:13.479 D/AndroidRuntime( 6266): CheckJNI is OFF
07-14 12:27:13.494 D/dalvikvm( 6266): Trying to load lib libjavacore.so 0x0
07-14 12:27:13.502 D/dalvikvm( 6266): Added shared lib libjavacore.so 0x0
07-14 12:27:13.518 D/dalvikvm( 6266): Trying to load lib libnativehelper.so 0x0
07-14 12:27:13.518 D/dalvikvm( 6266): Added shared lib libnativehelper.so 0x0
07-14 12:27:13.557 D/dalvikvm( 6152): GC_CONCURRENT freed 504K, 7% free 9248K/9872K, paused 3ms+2ms, total 56ms
07-14 12:27:13.557 D/dalvikvm( 6152): WAIT_FOR_CONCURRENT_GC blocked 11ms
07-14 12:27:13.635 D/dalvikvm(  874): GC_CONCURRENT freed 287K, 11% free 10760K/11972K, paused 8ms+4ms, total 80ms
07-14 12:27:13.635 D/dalvikvm(  874): WAIT_FOR_CONCURRENT_GC blocked 19ms
07-14 12:27:13.776 D/AndroidRuntime( 6266): Calling main entry com.android.commands.am.Am
07-14 12:27:13.776 D/dalvikvm( 6266): Note: class Landroid/app/ActivityManagerNative; has 163 unimplemented (abstract) methods
07-14 12:27:13.791 D/AndroidRuntime( 6266): Shutting down VM
07-14 12:27:13.791 D/dalvikvm( 6266): GC_CONCURRENT freed 91K, 16% free 514K/608K, paused 0ms+1ms, total 4ms
07-14 12:27:13.869 D/dalvikvm(  874): GC_CONCURRENT freed 484K, 10% free 10848K/11972K, paused 3ms+21ms, total 103ms
07-14 12:27:14.026 W/BackupManagerService(  374): dataChanged but no participant pkg='com.android.providers.settings' uid=10079
07-14 12:27:14.033 D/dalvikvm( 6203): GC_CONCURRENT freed 403K, 15% free 9221K/10832K, paused 4ms+18ms, total 66ms
07-14 12:27:14.096 I/XGPushMessage( 6203): >>TPushBaseReceiver receiver msg>>
07-14 12:27:14.096 I/TPush   ( 6203): >>TPushBaseReceiver receiver msg>>Intent { act=com.tencent.android.tpush.action.FEEDBACK flg=0x10 pkg=com.mgyapp.android cmp=com.mgyapp.android/com.mgyun.general.push.XGPushActionRecevier (has extras) },Bundle[mParcelledData.dataSize=348]
07-14 12:27:14.096 I/XGPushMessage( 6203): >>XGPushBaseReceiver receiver feedbackHandler>>@feedbackType:1 ,@errorCode:0
07-14 12:27:14.479 D/AndroidRuntime( 6294): 
07-14 12:27:14.479 D/AndroidRuntime( 6294): >>>>>> AndroidRuntime START com.android.internal.os.RuntimeInit <<<<<<
07-14 12:27:14.479 D/AndroidRuntime( 6294): CheckJNI is OFF
07-14 12:27:14.494 D/dalvikvm( 6294): Trying to load lib libjavacore.so 0x0
07-14 12:27:14.502 D/dalvikvm( 6294): Added shared lib libjavacore.so 0x0
07-14 12:27:14.510 D/dalvikvm( 6294): Trying to load lib libnativehelper.so 0x0
07-14 12:27:14.510 D/dalvikvm( 6294): Added shared lib libnativehelper.so 0x0
07-14 12:27:14.768 D/AndroidRuntime( 6294): Calling main entry com.android.commands.pm.Pm
07-14 12:27:14.815 D/dalvikvm( 2914): GC_CONCURRENT freed 384K, 5% free 8954K/9380K, paused 3ms+2ms, total 22ms
07-14 12:27:14.885 D/AndroidRuntime( 6294): Shutting down VM
07-14 12:27:14.893 D/dalvikvm( 6294): GC_CONCURRENT freed 249K, 35% free 481K/732K, paused 1ms+0ms, total 5ms
07-14 12:27:15.104 D/dalvikvm(  374): GC_EXPLICIT freed 2058K, 31% free 19108K/27344K, paused 5ms+11ms, total 125ms
07-14 12:27:15.229 I/ActivityManager(  374): START u0 {act=com.qihoo360.daemon.pcdaemon.ACTION_START_OPERATE_AUTHOR flg=0x10000000 cmp=com.qihoo.appstore/com.qihoo.express.mini.activity.PCLinkConfirmDialogActivity (has extras)} from pid 6152
07-14 12:27:15.369 D/dalvikvm(  374): GC_FOR_ALLOC freed 234K, 29% free 19440K/27344K, paused 92ms, total 93ms
07-14 12:27:15.369 I/dalvikvm-heap(  374): Grow heap (frag case) to 19.386MB for 380496-byte allocation
07-14 12:27:15.455 D/dalvikvm(  374): GC_FOR_ALLOC freed <1K, 29% free 19811K/27716K, paused 85ms, total 85ms
07-14 12:27:15.541 D/dalvikvm(  374): GC_FOR_ALLOC freed 744K, 32% free 19067K/27716K, paused 85ms, total 85ms
07-14 12:27:15.549 D/MdmApplication( 3494): [null:-1]->onActivityPaused market.activity.AppDetailActivity , mActivityCount = 1
07-14 12:27:15.549 D/MDM :   ( 3494): [null:-1]->query
07-14 12:27:15.549 D/MDM :   ( 3494): [null:-1]->QUERY_PINCODE_CHECK_RESULT
07-14 12:27:15.549 E/Mdm     ( 3494): Call Mdm service's setLastExitTime function
07-14 12:27:15.580 W/InputMethodManagerService(  374): Window already focused, ignoring focus gain of: com.android.internal.view.IInputMethodClient$Stub$Proxy@431636d0 attribute=null, token = android.os.BinderProxy@42b11120
07-14 12:27:15.596 D/ypy     ( 3494): [null:-1]-> ================ checkDownLoadStatus status is 4
07-14 12:27:15.651 I/ActivityManager(  374): No longer want com.android.providers.calendar (pid 3349): empty #17
07-14 12:27:16.401 I/TransInfo( 3494): TransInfo created, id: 3, class: class com.pekall.emdm.transaction.b.c
07-14 12:27:16.401 D/NetworkThread( 3494): [null:-1]->----isRunning-----true
07-14 12:27:16.401 D/NetworkThread( 3494): [null:-1]->----isRunning-----true
07-14 12:27:16.401 D/NetworkThread( 3494): [null:-1]->thread wakeup
07-14 12:27:16.573 D/dalvikvm( 3494): GC_FOR_ALLOC freed 3101K, 20% free 20293K/25060K, paused 64ms, total 64ms
07-14 12:27:16.588 D/HttpClient( 3494): enable apache.http debug
07-14 12:27:16.588 V/DEBUG   ( 3494): HTTP 0
07-14 12:27:16.815 D/dalvikvm( 3494): GC_FOR_ALLOC freed 2280K, 20% free 20179K/25060K, paused 66ms, total 66ms
07-14 12:27:16.901 D/dalvikvm( 3494): GC_FOR_ALLOC freed 659K, 20% free 20209K/25060K, paused 54ms, total 54ms
07-14 12:27:17.166 D/dalvikvm( 3494): GC_FOR_ALLOC freed 997K, 19% free 20275K/24888K, paused 65ms, total 65ms
07-14 12:27:17.174 D/dalvikvm( 1052): GC_CONCURRENT freed 396K, 10% free 10078K/11168K, paused 3ms+3ms, total 32ms
07-14 12:27:17.229 D/dalvikvm( 3494): GC_FOR_ALLOC freed 128K, 19% free 20338K/24888K, paused 50ms, total 50ms
07-14 12:27:17.291 D/dalvikvm( 3494): GC_FOR_ALLOC freed 191K, 18% free 20434K/24888K, paused 52ms, total 52ms
07-14 12:27:17.682 D/LightsService(  374): Excessive delay setting light: 67ms
07-14 12:27:17.854 V/DEBUG   ( 3494): HTTP 1
07-14 12:27:17.885 D/MDM :   ( 3494): [null:-1]->read network input stream
07-14 12:27:17.885 D/MDM :   ( 3494): [null:-1]->read network input stream
07-14 12:27:17.901 D/MdmDatabaseHelper( 3494): [null:-1]->update command 8a80888e4732aed50147331fc37d051c to status executed
07-14 12:27:17.948 D/LightsService(  374): Excessive delay setting light: 68ms
07-14 12:27:17.994 D/CheckInTransInfo( 3494): [null:-1]->CommandMsg : CommandMsg{CommandUUID='8a80888e4732aed50147331fce6a051d', Command=CommandObject{RequestType='DeviceInformation'}}
07-14 12:27:17.994 D/DB      ( 3494): query: SQLiteQuery: SELECT * FROM command WHERE cmd_uuid='8a80888e4732aed50147331fce6a051d'
07-14 12:27:17.994 D/DB      ( 3494): factory null
07-14 12:27:17.994 D/DB      ( 3494): fillWindow: 0
07-14 12:27:17.994 D/DB      ( 3494): cursor 0
07-14 12:27:18.033 D/NetworkThread( 3494): [null:-1]->queue is empty, thread wait...
07-14 12:27:18.135 D/MdmService( 3494): [null:-1]->handleCheckInResult
07-14 12:27:18.135 D/MdmService( 3494): [null:-1]->handleCheckInResult result keyIndex: 3
07-14 12:27:18.135 D/CommandManager( 3494): [null:-1]->execute command: CommandMsg{CommandUUID='8a80888e4732aed50147331fce6a051d', Command=CommandObject{RequestType='DeviceInformation'}}
07-14 12:27:18.205 D/BluetoothManagerService(  374): checkIfCallerIsForegroundUser: valid=true callingUser=0 foregroundUser=0
07-14 12:27:19.049 D/Finsky  ( 1174): [1] 5.onFinished: Installation state replication succeeded.
07-14 12:27:20.377 I/ActivityManager(  374): Start proc android.process.media for service com.android.providers.media/.MtpService: pid=6412 uid=10015 gids={50015, 1015, 1023, 1024, 1028, 2001, 3003, 3007}
07-14 12:27:20.408 D/dalvikvm(  636): GC_EXPLICIT freed 647K, 10% free 12867K/14220K, paused 4ms+9ms, total 101ms
07-14 12:27:20.455 I/PowerManagerService(  374): Going to sleep due to screen timeout...
07-14 12:27:20.463 D/dalvikvm( 2914): GC_CONCURRENT freed 397K, 5% free 8950K/9384K, paused 2ms+2ms, total 29ms
07-14 12:27:20.643 D/MtpService( 6412): updating state; isCurrentUser=true, mMtpLocked=false
07-14 12:27:20.651 D/MtpService( 6412): addStorageLocked 65537 /storage/emulated/0
07-14 12:27:20.651 D/MtpService( 6412): updating state; isCurrentUser=true, mMtpLocked=false
07-14 12:27:20.698 D/MtpService( 6412): starting MTP server in MTP mode
07-14 12:27:20.698 D/MtpService( 6412): addStorageLocked 65537 /storage/emulated/0
07-14 12:27:20.776 D/dalvikvm(  636): GC_EXPLICIT freed 171K, 11% free 12696K/14220K, paused 4ms+33ms, total 172ms
07-14 12:27:21.369 D/SurfaceFlinger(  124): Screen released, type=0 flinger=0x41e1a478
07-14 12:27:21.471 D/dalvikvm(  374): GC_FOR_ALLOC freed 1919K, 30% free 19562K/27716K, paused 101ms, total 102ms
07-14 12:27:21.494 D/MdmApplication( 3494): [null:-1]->onActivityPaused market.activity.AppDetailActivity , mActivityCount = 0
07-14 12:27:21.494 D/MDM :   ( 3494): [null:-1]->query
07-14 12:27:21.494 D/MDM :   ( 3494): [null:-1]->QUERY_PINCODE_CHECK_RESULT
07-14 12:27:21.494 E/Mdm     ( 3494): Call Mdm service's setLastExitTime function
07-14 12:27:21.682 D/NfcService(  582): NFC-C OFF, disconnect
07-14 12:27:21.940 V/KeyguardHostView(  374): hide transport, gen:19
07-14 12:27:21.940 V/KeyguardHostView(  374): music state changed: 0
07-14 12:27:21.971 D/PhoneStatusBar(  450): disable: < expand icons alerts ticker system_info back home RECENT* clock search >
07-14 12:27:21.994 D/MDM :   ( 3494): [null:-1]->query
07-14 12:27:21.994 D/MDM :   ( 3494): [null:-1]->QUERY_SETTING_PIN_ONOFF
07-14 12:27:22.018 V/TAG     (  374): bug 7643792: fitSystemWindows([0,50][0,0])
07-14 12:27:22.119 D/dalvikvm( 5090): GC_CONCURRENT freed 330K, 5% free 10121K/10560K, paused 8ms+16ms, total 77ms
07-14 12:27:22.158 D/dalvikvm( 1146): GC_FOR_ALLOC freed 438K, 7% free 9205K/9804K, paused 66ms, total 67ms
07-14 12:27:22.205 D/PhoneStatusBar(  450): disable: < expand icons alerts ticker system_info BACK* HOME* RECENT CLOCK* search >
07-14 12:27:22.276 D/dalvikvm( 2914): GC_CONCURRENT freed 395K, 5% free 8950K/9384K, paused 2ms+2ms, total 21ms
07-14 12:27:22.315 D/dalvikvm( 5090): Trying to load lib /data/app-lib/com.dragon.android.pandaspace-1/libBdMoplusMD5_V1.so 0x4280fe88
07-14 12:27:22.315 D/dalvikvm( 5090): Added shared lib /data/app-lib/com.dragon.android.pandaspace-1/libBdMoplusMD5_V1.so 0x4280fe88
07-14 12:27:22.323 D/dalvikvm( 5090): No JNI_OnLoad found in /data/app-lib/com.dragon.android.pandaspace-1/libBdMoplusMD5_V1.so 0x4280fe88, skipping init
07-14 12:27:22.596 D/dalvikvm( 5090): GC_FOR_ALLOC freed 334K, 7% free 10021K/10696K, paused 24ms, total 24ms
07-14 12:27:22.776 D/dalvikvm( 3494): GC_FOR_ALLOC freed 3058K, 19% free 20285K/24888K, paused 79ms, total 79ms
07-14 12:27:22.948 I/TransInfo( 3494): TransInfo created, id: 3, class: class com.pekall.emdm.transaction.b.c
07-14 12:27:22.948 D/NetworkThread( 3494): [null:-1]->----isRunning-----true
07-14 12:27:22.948 D/NetworkThread( 3494): [null:-1]->----isRunning-----true
07-14 12:27:22.948 D/NetworkThread( 3494): [null:-1]->thread wakeup
07-14 12:27:23.018 D/dalvikvm( 5090): GC_FOR_ALLOC freed 174K, 7% free 10012K/10696K, paused 25ms, total 26ms
07-14 12:27:23.190 D/dalvikvm( 3494): GC_FOR_ALLOC freed 1669K, 19% free 20226K/24888K, paused 81ms, total 81ms
07-14 12:27:23.198 D/HttpClient( 3494): enable apache.http debug
07-14 12:27:23.205 D/dalvikvm( 5090): GC_FOR_ALLOC freed 159K, 7% free 10012K/10696K, paused 26ms, total 27ms
07-14 12:27:23.205 V/DEBUG   ( 3494): HTTP 0
07-14 12:27:23.487 D/dalvikvm( 3494): GC_FOR_ALLOC freed 2198K, 19% free 20190K/24888K, paused 83ms, total 84ms
07-14 12:27:23.596 D/dalvikvm( 3494): GC_FOR_ALLOC freed 403K, 19% free 20275K/24888K, paused 71ms, total 72ms
07-14 12:27:23.666 D/dalvikvm( 3494): GC_FOR_ALLOC freed 255K, 19% free 20221K/24888K, paused 70ms, total 71ms
07-14 12:27:23.901 D/dalvikvm( 3494): GC_FOR_ALLOC freed 997K, 19% free 20286K/24888K, paused 58ms, total 58ms
07-14 12:27:23.979 D/dalvikvm( 3494): GC_FOR_ALLOC freed 319K, 18% free 20446K/24888K, paused 57ms, total 57ms
07-14 12:27:24.080 D/dalvikvm( 5090): GC_FOR_ALLOC freed 156K, 7% free 10013K/10696K, paused 23ms, total 23ms
07-14 12:27:24.346 D/dalvikvm( 5090): GC_FOR_ALLOC freed 151K, 7% free 10013K/10696K, paused 24ms, total 24ms
07-14 12:27:24.487 D/dalvikvm( 5090): GC_FOR_ALLOC freed 159K, 7% free 10013K/10696K, paused 23ms, total 23ms
07-14 12:27:24.596 V/DEBUG   ( 3494): HTTP 1
07-14 12:27:24.604 D/MdmDatabaseHelper( 3494): [null:-1]->update command 8a80888e4732aed50147331fce6a051d to status executed
07-14 12:27:24.698 D/MdmService( 3494): [null:-1]->handleCheckInResult
07-14 12:27:24.698 D/MdmService( 3494): [null:-1]->handleCheckInResult result keyIndex: 3
07-14 12:27:24.698 D/HandleCommandTask( 3494): [null:-1]->execute command msg but beanBase is null
07-14 12:27:24.705 D/MdmStatusManager( 3494): [null:-1]->change status to : Idle
07-14 12:27:24.721 D/dalvikvm( 5090): GC_FOR_ALLOC freed 152K, 7% free 10014K/10696K, paused 34ms, total 34ms
07-14 12:27:24.807 D/NetworkThread( 3494): [null:-1]->queue is empty, thread wait...
07-14 12:27:25.002 D/dalvikvm( 5090): GC_FOR_ALLOC freed 158K, 7% free 10014K/10696K, paused 24ms, total 24ms
07-14 12:27:25.174 D/dalvikvm( 5090): GC_FOR_ALLOC freed 153K, 7% free 10015K/10696K, paused 23ms, total 23ms
07-14 12:27:25.651 D/dalvikvm( 5090): GC_FOR_ALLOC freed 153K, 7% free 10015K/10696K, paused 22ms, total 23ms
07-14 12:27:25.760 D/dalvikvm( 5090): GC_FOR_ALLOC freed 158K, 7% free 10015K/10696K, paused 23ms, total 24ms
07-14 12:27:26.377 D/dalvikvm( 5090): GC_FOR_ALLOC freed 147K, 7% free 10016K/10696K, paused 24ms, total 24ms
07-14 12:27:26.682 D/dalvikvm( 5090): GC_FOR_ALLOC freed 154K, 7% free 10016K/10696K, paused 23ms, total 23ms
07-14 12:27:26.979 D/dalvikvm( 5090): GC_FOR_ALLOC freed 153K, 7% free 10017K/10696K, paused 24ms, total 24ms
07-14 12:27:27.526 D/dalvikvm( 5090): GC_FOR_ALLOC freed 147K, 7% free 10017K/10692K, paused 23ms, total 23ms
07-14 12:27:27.752 D/dalvikvm( 5090): GC_FOR_ALLOC freed 149K, 7% free 10017K/10692K, paused 23ms, total 23ms
07-14 12:27:28.151 D/dalvikvm( 5090): GC_FOR_ALLOC freed 153K, 7% free 10018K/10692K, paused 23ms, total 23ms
07-14 12:27:28.565 D/dalvikvm( 5090): GC_FOR_ALLOC freed 159K, 7% free 10018K/10692K, paused 22ms, total 23ms
07-14 12:27:29.315 D/dalvikvm( 5090): GC_FOR_ALLOC freed 153K, 7% free 10019K/10692K, paused 23ms, total 24ms
07-14 12:27:29.502 D/dalvikvm( 5090): GC_FOR_ALLOC freed 159K, 7% free 10019K/10692K, paused 24ms, total 24ms
07-14 12:27:29.963 D/dalvikvm( 5090): GC_FOR_ALLOC freed 153K, 7% free 10019K/10692K, paused 22ms, total 23ms
07-14 12:27:30.205 W/dalvikvm( 5090): VFY: unable to find class referenced in signature (Lcom/baidu/location/LocationClient;)
07-14 12:27:30.205 W/dalvikvm( 5090): VFY: unable to find class referenced in signature (Lcom/baidu/location/LocationClient;)
07-14 12:27:30.205 I/dalvikvm( 5090): Could not find method com.baidu.location.LocationClient.isStarted, referenced from method com.baidu.android.nebula.util.a.run
07-14 12:27:30.205 W/dalvikvm( 5090): VFY: unable to resolve virtual method 7869: Lcom/baidu/location/LocationClient;.isStarted ()Z
07-14 12:27:30.205 D/dalvikvm( 5090): VFY: replacing opcode 0x6e at 0x000f
07-14 12:27:30.987 D/dalvikvm( 6152): GC_CONCURRENT freed 455K, 6% free 9321K/9848K, paused 6ms+4ms, total 68ms
07-14 12:27:30.987 D/dalvikvm( 6152): WAIT_FOR_CONCURRENT_GC blocked 11ms
07-14 12:27:30.987 W/MountService(  374): getVolumeState(/storage/emulated/0/external_sd): Unknown volume
07-14 12:27:30.987 W/MountService(  374): getVolumeState(/mnt/sdcard-ext): Unknown volume
07-14 12:27:30.994 W/MountService(  374): getVolumeState(/mnt/ext_sdcard): Unknown volume
07-14 12:27:30.994 W/MountService(  374): getVolumeState(/mnt/sdcard2): Unknown volume
07-14 12:27:30.994 W/MountService(  374): getVolumeState(/mnt/emmc): Unknown volume
07-14 12:27:30.994 W/MountService(  374): getVolumeState(/mnt/extSdCard): Unknown volume
07-14 12:27:30.994 W/MountService(  374): getVolumeState(/mnt/sdcard/SD_CARD): Unknown volume
07-14 12:27:30.994 W/MountService(  374): getVolumeState(/mnt/sdcard/extra_sd): Unknown volume
07-14 12:27:30.994 W/MountService(  374): getVolumeState(/mnt/extrasd_bind): Unknown volume
07-14 12:27:30.994 W/MountService(  374): getVolumeState(/mnt/sdcard/ext_sd): Unknown volume
07-14 12:27:30.994 W/MountService(  374): getVolumeState(/storage/extSdCard): Unknown volume
07-14 12:27:30.994 W/MountService(  374): getVolumeState(/storage/sdcard1): Unknown volume
07-14 12:27:30.994 W/MountService(  374): getVolumeState(/mnt/sdcard/external_SD): Unknown volume
07-14 12:27:30.994 W/MountService(  374): getVolumeState(/mnt/sdcard/external_sd): Unknown volume
07-14 12:27:31.393 D/dalvikvm( 6152): GC_CONCURRENT freed 394K, 5% free 9369K/9848K, paused 4ms+8ms, total 38ms
07-14 12:27:31.432 W/MountService(  374): getVolumeState(/storage/emulated/0/external_sd): Unknown volume
07-14 12:27:31.432 W/MountService(  374): getVolumeState(/mnt/sdcard-ext): Unknown volume
07-14 12:27:31.432 W/MountService(  374): getVolumeState(/mnt/ext_sdcard): Unknown volume
07-14 12:27:31.432 W/MountService(  374): getVolumeState(/mnt/sdcard2): Unknown volume
07-14 12:27:31.432 W/MountService(  374): getVolumeState(/mnt/emmc): Unknown volume
07-14 12:27:31.432 W/MountService(  374): getVolumeState(/mnt/extSdCard): Unknown volume
07-14 12:27:31.432 W/MountService(  374): getVolumeState(/mnt/sdcard/SD_CARD): Unknown volume
07-14 12:27:31.432 W/MountService(  374): getVolumeState(/mnt/sdcard/extra_sd): Unknown volume
07-14 12:27:31.440 W/MountService(  374): getVolumeState(/mnt/extrasd_bind): Unknown volume
07-14 12:27:31.440 W/MountService(  374): getVolumeState(/mnt/sdcard/ext_sd): Unknown volume
07-14 12:27:31.440 W/MountService(  374): getVolumeState(/storage/extSdCard): Unknown volume
07-14 12:27:31.440 W/MountService(  374): getVolumeState(/storage/sdcard1): Unknown volume
07-14 12:27:31.440 W/MountService(  374): getVolumeState(/mnt/sdcard/external_SD): Unknown volume
07-14 12:27:31.440 W/MountService(  374): getVolumeState(/mnt/sdcard/external_sd): Unknown volume
07-14 12:27:31.494 D/dalvikvm( 6152): GC_FOR_ALLOC freed 417K, 6% free 9308K/9900K, paused 19ms, total 19ms
07-14 12:27:32.588 I/ActivityManager(  374): No longer want com.android.packageinstaller (pid 5527): empty #17
07-14 12:27:32.776 D/MDM :   ( 3494): [null:-1]->MSG_WEBSOCKET_MESSAGE : {"id":-1360553495,"type":0,"command":0,"result":0,"reason":0,"params":{"msgId":"16d43f37-aa50-4450-9d8f-bdf46577037a,16d43f37aa5044509d8fbdf46577037a","device":"ffffffffc539bb10fffffffff7aea961","message":"{\"cmd\":\"10119\"}"}}
07-14 12:27:32.846 D/MdmService( 3494): [null:-1]->push message type :0
07-14 12:27:32.846 D/MdmService( 3494): [null:-1]->cmdMessage : {"cmd":"10119"}
07-14 12:27:32.846 D/MdmService( 3494): [null:-1]->command : PushCommandMsg{cmd='10119', msg='null'}
07-14 12:27:32.846 D/MDM :   ( 3494): [null:-1]->PUSH CMD: 10119
07-14 12:27:32.854 D/MdmStatusManager( 3494): [null:-1]->change status to : Busy
07-14 12:27:32.854 D/DB      ( 3494): query: SQLiteQuery: SELECT content, command_status, status FROM command WHERE status!=2
07-14 12:27:32.854 D/DB      ( 3494): factory null
07-14 12:27:32.854 D/DB      ( 3494): fillWindow: 0
07-14 12:27:32.862 D/DB      ( 3494): cursor 0
07-14 12:27:32.862 D/DB      ( 3494): moveToPos: 0
07-14 12:27:32.862 I/TransInfo( 3494): TransInfo created, id: 3, class: class com.pekall.emdm.transaction.b.c
07-14 12:27:32.862 D/NetworkThread( 3494): [null:-1]->----isRunning-----true
07-14 12:27:32.862 D/NetworkThread( 3494): [null:-1]->----isRunning-----true
07-14 12:27:32.862 D/NetworkThread( 3494): [null:-1]->thread wakeup
07-14 12:27:32.869 D/HttpClient( 3494): enable apache.http debug
07-14 12:27:32.877 V/DEBUG   ( 3494): HTTP 0
07-14 12:27:33.783 V/DEBUG   ( 3494): HTTP 1
07-14 12:27:33.807 D/MDM :   ( 3494): [null:-1]->read network input stream
07-14 12:27:33.830 D/CheckInTransInfo( 3494): [null:-1]->CommandMsg : CommandMsg{CommandUUID='8a80888e4732aed5014733202be70634', Command=CommandInstallDocument{DocumentName='jpg', DocumentSize=9225, DocumentFormat='jpg', DownloadURL='http://demo.everknow.cn/resources/api/v1/download/guest?uuid=ac44bcc311784272b82334c9ec35', Auth=null, DocumentUUID='8a80888c46c806620146c86dfaab0585', Version='1.0', DocumentDescription='null', DocumentCategory=null, IsCompressed=null, ReadAuthDay=null, RingNotify=null, EncryptLevel=null}}
07-14 12:27:33.830 D/DB      ( 3494): query: SQLiteQuery: SELECT * FROM command WHERE cmd_uuid='8a80888e4732aed5014733202be70634'
07-14 12:27:33.830 D/DB      ( 3494): factory null
07-14 12:27:33.830 D/DB      ( 3494): fillWindow: 0
07-14 12:27:33.830 D/DB      ( 3494): cursor 0
07-14 12:27:33.877 D/NetworkThread( 3494): [null:-1]->queue is empty, thread wait...
07-14 12:27:33.979 D/MdmService( 3494): [null:-1]->handleCheckInResult
07-14 12:27:33.979 D/MdmService( 3494): [null:-1]->handleCheckInResult result keyIndex: 3
07-14 12:27:33.979 D/CommandManager( 3494): [null:-1]->execute command: CommandMsg{CommandUUID='8a80888e4732aed5014733202be70634', Command=CommandInstallDocument{DocumentName='jpg', DocumentSize=9225, DocumentFormat='jpg', DownloadURL='http://demo.everknow.cn/resources/api/v1/download/guest?uuid=ac44bcc311784272b82334c9ec35', Auth=null, DocumentUUID='8a80888c46c806620146c86dfaab0585', Version='1.0', DocumentDescription='null', DocumentCategory=null, IsCompressed=null, ReadAuthDay=null, RingNotify=null, EncryptLevel=null}}
07-14 12:27:33.987 D/DownLoadDocService( 3494): [null:-1]->action is  com.pekall.emdm.action.DOWNLOADDOC
07-14 12:27:33.987 D/DownLoadDocService( 3494): [null:-1]->uuid is  8a80888c46c806620146c86dfaab0585 ,url is http://demo.everknow.cn/resources/api/v1/download/guest?uuid=ac44bcc311784272b82334c9ec35
07-14 12:27:33.994 E/DB      ( 3494): bind, index: 1, value: 8a80888c46c806620146c86dfaab0585
07-14 12:27:33.994 D/DB      ( 3494): query: SQLiteQuery: SELECT * FROM doc WHERE uuid=?
07-14 12:27:33.994 D/DB      ( 3494): factory null
07-14 12:27:33.994 D/DB      ( 3494): fillWindow: 0
07-14 12:27:34.049 D/DB      ( 3494): cursor 0
07-14 12:27:34.049 D/DB      ( 3494): moveToPos: 0
07-14 12:27:34.088 D/DB      ( 3494): query: SQLiteQuery: SELECT * FROM doc WHERE browseStatus = 0 AND type = 'Normal'
07-14 12:27:34.088 D/DB      ( 3494): factory null
07-14 12:27:34.088 D/DB      ( 3494): fillWindow: 0
07-14 12:27:34.088 D/DB      ( 3494): cursor 1
07-14 12:27:34.096 E/Mdm     ( 3494): Call Mdm service's recordIconCount function
07-14 12:27:34.112 D/DB      ( 3494): query: SQLiteQuery: SELECT * FROM doc WHERE browseStatus = 0 AND type = 'Normal'
07-14 12:27:34.112 D/DB      ( 3494): factory null
07-14 12:27:34.112 D/DB      ( 3494): fillWindow: 0
07-14 12:27:34.119 D/DB      ( 3494): cursor 1
07-14 12:27:34.229 D/dalvikvm(  450): GC_FOR_ALLOC freed 618K, 10% free 13611K/15036K, paused 46ms, total 46ms
07-14 12:27:34.237 I/TransInfo( 3494): TransInfo created, id: 3, class: class com.pekall.emdm.transaction.b.c
07-14 12:27:34.237 D/NetworkThread( 3494): [null:-1]->----isRunning-----true
07-14 12:27:34.237 D/NetworkThread( 3494): [null:-1]->----isRunning-----true
07-14 12:27:34.237 D/NetworkThread( 3494): [null:-1]->thread wakeup
07-14 12:27:34.237 D/HttpClient( 3494): enable apache.http debug
07-14 12:27:34.244 V/DEBUG   ( 3494): HTTP 0
07-14 12:27:34.401 I/AudioService(  374):  AudioFocus  requestAudioFocus() from android.media.AudioManager@42d00610
07-14 12:27:34.416 V/KeyguardHostView(  374): hide transport, gen:20
07-14 12:27:35.580 I/AudioService(  374):  AudioFocus  abandonAudioFocus() from android.media.AudioManager@42d00610
07-14 12:27:35.580 V/KeyguardHostView(  374): hide transport, gen:21
07-14 12:27:35.658 V/DEBUG   ( 3494): HTTP 1
07-14 12:27:35.666 D/MdmDatabaseHelper( 3494): [null:-1]->update command 8a80888e4732aed5014733202be70634 to status executed
07-14 12:27:35.705 D/NetworkThread( 3494): [null:-1]->queue is empty, thread wait...
07-14 12:27:35.760 D/MdmService( 3494): [null:-1]->handleCheckInResult
07-14 12:27:35.768 D/MdmService( 3494): [null:-1]->handleCheckInResult result keyIndex: 3
07-14 12:27:35.768 D/HandleCommandTask( 3494): [null:-1]->execute command msg but beanBase is null
07-14 12:27:35.768 D/MdmStatusManager( 3494): [null:-1]->change status to : Idle
07-14 12:27:42.627 D/MdmService( 3494): [null:-1]->receiver action :com.pekall.mdm.action.MDM_ALARM
07-14 12:27:42.627 D/MdmService( 3494): [null:-1]->keepAliveWithPushServer client is opened:true
07-14 12:27:42.627 D/MDM :   ( 3494): [null:-1]->ping!!!!!!!!!
07-14 12:27:42.635 D/MdmService( 3494): [null:-1]->pushUrl : ws://demo.everknow.cn:9030/websocket
07-14 12:27:42.635 D/MDM :   ( 3494): [null:-1]->mMdmPushClient is :not null
07-14 12:27:42.635 D/MDM :   ( 3494): [null:-1]->mMdmPushClient opened : opened
07-14 12:27:42.666 D/MDM :   ( 3494): [null:-1]->MSG_WEBSOCKET_PONG
07-14 12:27:42.971 W/System.err( 6203): java.io.FileNotFoundException: /data/data/com.mgyapp.android/files/.cfpaps.i: open failed: ENOENT (No such file or directory)
07-14 12:27:42.979 W/System.err( 6203): 	at libcore.io.IoBridge.open(IoBridge.java:409)
07-14 12:27:42.979 W/System.err( 6203): 	at java.io.FileInputStream.<init>(FileInputStream.java:78)
07-14 12:27:42.979 W/System.err( 6203): 	at android.app.ContextImpl.openFileInput(ContextImpl.java:702)
07-14 12:27:42.987 W/System.err( 6203): 	at android.content.ContextWrapper.openFileInput(ContextWrapper.java:173)
07-14 12:27:42.987 W/System.err( 6203): 	at com.mgyun.shua.jc.service.f.run(Unknown Source)
07-14 12:27:42.987 W/System.err( 6203): 	at com.mgyun.shua.jc.service.CpWorkServer.onHandleIntent(Unknown Source)
07-14 12:27:42.987 W/System.err( 6203): 	at android.app.IntentService$ServiceHandler.handleMessage(IntentService.java:65)
07-14 12:27:42.987 W/System.err( 6203): 	at android.os.Handler.dispatchMessage(Handler.java:99)
07-14 12:27:42.987 W/System.err( 6203): 	at android.os.Looper.loop(Looper.java:137)
07-14 12:27:42.987 W/System.err( 6203): 	at android.os.HandlerThread.run(HandlerThread.java:61)
07-14 12:27:42.987 W/System.err( 6203): Caused by: libcore.io.ErrnoException: open failed: ENOENT (No such file or directory)
07-14 12:27:42.987 W/System.err( 6203): 	at libcore.io.Posix.open(Native Method)
07-14 12:27:42.987 W/System.err( 6203): 	at libcore.io.BlockGuardOs.open(BlockGuardOs.java:110)
07-14 12:27:42.987 W/System.err( 6203): 	at libcore.io.IoBridge.open(IoBridge.java:393)
07-14 12:27:42.987 W/System.err( 6203): 	... 9 more
07-14 12:27:43.987 D/AndroidRuntime( 6559): 
07-14 12:27:43.987 D/AndroidRuntime( 6559): >>>>>> AndroidRuntime START com.android.internal.os.RuntimeInit <<<<<<
07-14 12:27:43.987 D/AndroidRuntime( 6559): CheckJNI is OFF
07-14 12:27:44.002 D/dalvikvm( 6559): Trying to load lib libjavacore.so 0x0
07-14 12:27:44.018 D/dalvikvm( 6559): Added shared lib libjavacore.so 0x0
07-14 12:27:44.033 D/dalvikvm( 6559): Trying to load lib libnativehelper.so 0x0
07-14 12:27:44.033 D/dalvikvm( 6559): Added shared lib libnativehelper.so 0x0
07-14 12:27:44.330 D/AndroidRuntime( 6559): Calling main entry com.android.commands.uiautomator.Launcher
07-14 12:27:44.377 E/UiDevice( 6559): Exceuting watcher: ANRWatcher
07-14 12:27:44.377 E/UiDevice( 6559): java.lang.RuntimeException: UiDevice not initialized
07-14 12:27:44.377 E/UiDevice( 6559): 	at com.android.uiautomator.core.UiDevice.getAutomatorBridge(UiDevice.java:87)
07-14 12:27:44.377 E/UiDevice( 6559): 	at com.android.uiautomator.core.UiDevice.wakeUp(UiDevice.java:719)
07-14 12:27:44.377 E/UiDevice( 6559): 	at com.pekall.test.mdmui.util.UiANRWatcher.checkForCondition(UiANRWatcher.java:23)
07-14 12:27:44.377 E/UiDevice( 6559): 	at com.android.uiautomator.core.UiDevice.runWatchers(UiDevice.java:554)
07-14 12:27:44.377 E/UiDevice( 6559): 	at com.pekall.test.mdmui.util.UiANRWatcher.run(UiANRWatcher.java:41)
07-14 12:27:44.377 E/UiDevice( 6559): 	at com.pekall.test.mdmui.Document.<clinit>(Document.java:25)
07-14 12:27:44.377 E/UiDevice( 6559): 	at java.lang.Class.newInstanceImpl(Native Method)
07-14 12:27:44.377 E/UiDevice( 6559): 	at java.lang.Class.newInstance(Class.java:1130)
07-14 12:27:44.377 E/UiDevice( 6559): 	at com.android.uiautomator.testrunner.TestCaseCollector.addSingleTestMethod(TestCaseCollector.java:110)
07-14 12:27:44.377 E/UiDevice( 6559): 	at com.android.uiautomator.testrunner.TestCaseCollector.addTestClass(TestCaseCollector.java:86)
07-14 12:27:44.377 E/UiDevice( 6559): 	at com.android.uiautomator.testrunner.TestCaseCollector.addTestClass(TestCaseCollector.java:72)
07-14 12:27:44.377 E/UiDevice( 6559): 	at com.android.uiautomator.testrunner.TestCaseCollector.addTestClasses(TestCaseCollector.java:53)
07-14 12:27:44.377 E/UiDevice( 6559): 	at com.android.uiautomator.testrunner.UiAutomatorTestRunner.start(UiAutomatorTestRunner.java:106)
07-14 12:27:44.377 E/UiDevice( 6559): 	at com.android.uiautomator.testrunner.UiAutomatorTestRunner.run(UiAutomatorTestRunner.java:96)
07-14 12:27:44.377 E/UiDevice( 6559): 	at com.android.commands.uiautomator.RunTestCommand.run(RunTestCommand.java:91)
07-14 12:27:44.377 E/UiDevice( 6559): 	at com.android.commands.uiautomator.Launcher.main(Launcher.java:83)
07-14 12:27:44.377 E/UiDevice( 6559): 	at com.android.internal.os.RuntimeInit.nativeFinishInit(Native Method)
07-14 12:27:44.377 E/UiDevice( 6559): 	at com.android.internal.os.RuntimeInit.main(RuntimeInit.java:235)
07-14 12:27:44.377 E/UiDevice( 6559): 	at dalvik.system.NativeStart.main(Native Method)
07-14 12:27:44.401 D/dalvikvm( 6559): Note: class Landroid/app/ActivityManagerNative; has 163 unimplemented (abstract) methods
07-14 12:27:44.494 I/PowerManagerService(  374): Waking up from sleep...
07-14 12:27:44.541 I/WindowManager(  374): Lock screen displayed!
07-14 12:27:44.877 D/PowerManagerService-JNI(  374): Excessive delay in autosuspend_disable() while turning screen on: 361ms
07-14 12:27:44.877 D/SurfaceFlinger(  124): Screen acquired, type=0 flinger=0x41e1a478
07-14 12:27:44.940 V/DigitalWidgetViewsFactory( 2502): DigitalWidget sets next alarm string to null
07-14 12:27:44.955 D/LightsService(  374): Excessive delay setting light: 82ms
07-14 12:27:45.033 D/LightsService(  374): Excessive delay setting light: 72ms
07-14 12:27:45.041 I/ActivityManager(  374): Start proc com.android.providers.calendar for content provider com.android.providers.calendar/.CalendarProvider2: pid=6579 uid=10007 gids={50007, 3003, 1015, 1028}
07-14 12:27:45.291 D/AndroidRuntime( 6578): 
07-14 12:27:45.291 D/AndroidRuntime( 6578): >>>>>> AndroidRuntime START com.android.internal.os.RuntimeInit <<<<<<
07-14 12:27:45.291 D/AndroidRuntime( 6578): CheckJNI is OFF
07-14 12:27:45.299 D/dalvikvm( 6578): Trying to load lib libjavacore.so 0x0
07-14 12:27:45.307 D/dalvikvm( 6578): Added shared lib libjavacore.so 0x0
07-14 12:27:45.315 D/dalvikvm( 6578): Trying to load lib libnativehelper.so 0x0
07-14 12:27:45.315 D/dalvikvm( 6578): Added shared lib libnativehelper.so 0x0
07-14 12:27:45.385 D/dalvikvm(  374): GC_CONCURRENT freed 2061K, 28% free 20062K/27716K, paused 11ms+39ms, total 335ms
07-14 12:27:45.440 I/ActivityManager(  374): No longer want com.android.keychain (pid 6000): empty #17
07-14 12:27:45.487 D/AndroidRuntime( 6578): Calling main entry com.qihoo360.powerctl.root.app.App
07-14 12:27:45.487 D/AndroidRuntime( 6578): Shutting down VM
07-14 12:27:45.487 I/AndroidRuntime( 6578): NOTE: attach of thread 'Binder_1' failed
07-14 12:27:45.494 D/dalvikvm( 6578): GC_CONCURRENT freed 114K, 22% free 467K/592K, paused 0ms+0ms, total 4ms
07-14 12:27:46.487 I/QueryController( 6559): Matched selector: UiSelector[DESCRIPTION=] <<==>> [android.view.accessibility.AccessibilityNodeInfo@167e5f; boundsInParent: Rect(0, 0 - 720, 756); boundsInScreen: Rect(0, 547 - 720, 1303); packageName: android; className: android.view.View; text: null; contentDescription: ; viewIdResName: android:id/glow_pad_view; checkable: false; checked: false; focusable: false; focused: false; selected: false; clickable: false; longClickable: false; enabled: true; password: false; scrollable: false; [ACTION_SELECT, ACTION_CLEAR_SELECTION, ACTION_ACCESSIBILITY_FOCUS, ACTION_NEXT_AT_MOVEMENT_GRANULARITY, ACTION_PREVIOUS_AT_MOVEMENT_GRANULARITY, ACTION_SET_SELECTION]]
07-14 12:27:46.502 W/GlowPadView(  374): The number of target drawables must be equal to the number of direction descriptions.
07-14 12:27:46.533 I/CalendarProvider2( 6579): Sending notification intent: Intent { act=android.intent.action.PROVIDER_CHANGED dat=content://com.android.calendar }
07-14 12:27:46.541 W/ContentResolver( 6579): Failed to get type for: content://com.android.calendar (Unknown URL content://com.android.calendar)
07-14 12:27:46.549 I/ActivityManager(  374): Start proc com.google.android.calendar for broadcast com.google.android.calendar/com.android.calendar.alerts.AlertReceiver: pid=6603 uid=10006 gids={50006, 3003, 1028}
07-14 12:27:46.682 D/AlertReceiver( 6603): onReceive: a=android.intent.action.PROVIDER_CHANGED Intent { act=android.intent.action.PROVIDER_CHANGED dat=content://com.android.calendar flg=0x10 cmp=com.google.android.calendar/com.android.calendar.alerts.AlertReceiver }
07-14 12:27:46.705 D/AlertService( 6603): 0 Action = android.intent.action.PROVIDER_CHANGED
07-14 12:27:46.869 D/MdmApplication( 3494): [null:-1]->onActivityStarted market.activity.AppDetailActivity , mActivityCount = 0
07-14 12:27:46.869 E/Mdm     ( 3494): Call Mdm service's setLastExitTime function
07-14 12:27:46.877 D/MDM :   ( 3494): [null:-1]->query
07-14 12:27:46.877 D/MDM :   ( 3494): [null:-1]->QUERY_SETTING_PIN_TIMEOUT
07-14 12:27:46.877 D/MDM :   ( 3494): [null:-1]->query
07-14 12:27:46.877 D/MDM :   ( 3494): [null:-1]->QUERY_SETTING_PIN_CODE
07-14 12:27:46.885 D/MDM :   ( 3494): [null:-1]->query
07-14 12:27:46.885 D/MDM :   ( 3494): [null:-1]->QUERY_PINCODE_CHECK_RESULT
07-14 12:27:46.885 D/ypy     ( 3494): [null:-1]-> ================ checkDownLoadStatus status is 4
07-14 12:27:46.893 D/PhoneStatusBar(  450): disable: < expand icons alerts ticker system_info BACK HOME recent* CLOCK search >
07-14 12:27:46.908 D/NfcService(  582): NFC-C ON
07-14 12:27:46.987 D/PhoneStatusBar(  450): disable: < expand icons alerts ticker system_info back* home* recent clock* search >
07-14 12:27:46.987 W/InputMethodManagerService(  374): Window already focused, ignoring focus gain of: com.android.internal.view.IInputMethodClient$Stub$Proxy@42c7d848 attribute=android.view.inputmethod.EditorInfo@42858cb8, token = android.os.BinderProxy@42b11120
07-14 12:27:47.401 V/TAG     (  374): bug 7643792: fitSystemWindows([0,50][0,0])
07-14 12:27:47.448 D/AndroidRuntime( 6634): 
07-14 12:27:47.448 D/AndroidRuntime( 6634): >>>>>> AndroidRuntime START com.android.internal.os.RuntimeInit <<<<<<
07-14 12:27:47.448 D/AndroidRuntime( 6634): CheckJNI is OFF
07-14 12:27:47.463 D/dalvikvm( 6634): Trying to load lib libjavacore.so 0x0
07-14 12:27:47.471 D/dalvikvm( 6634): Added shared lib libjavacore.so 0x0
07-14 12:27:47.479 D/dalvikvm( 6634): Trying to load lib libnativehelper.so 0x0
07-14 12:27:47.487 D/dalvikvm( 6634): Added shared lib libnativehelper.so 0x0
07-14 12:27:47.658 I/ActivityManager(  374): START u0 {act=android.intent.action.MAIN cat=[android.intent.category.HOME] flg=0x10200000 cmp=com.android.launcher/com.android.launcher2.Launcher} from pid 374
07-14 12:27:47.666 D/MdmApplication( 3494): [null:-1]->onActivityPaused market.activity.AppDetailActivity , mActivityCount = 1
07-14 12:27:47.674 D/MDM :   ( 3494): [null:-1]->query
07-14 12:27:47.674 D/MDM :   ( 3494): [null:-1]->QUERY_PINCODE_CHECK_RESULT
07-14 12:27:47.674 E/Mdm     ( 3494): Call Mdm service's setLastExitTime function
07-14 12:27:47.760 D/AndroidRuntime( 6634): Calling main entry com.qihoo360.powerctl.root.app.App
07-14 12:27:47.768 D/AndroidRuntime( 6634): Shutting down VM
