07-14 12:28:34.377 E/UiDevice( 6697): 	at dalvik.system.NativeStart.main(Native Method)
07-14 12:28:34.393 D/dalvikvm( 6697): Note: class Landroid/app/ActivityManagerNative; has 163 unimplemented (abstract) methods
07-14 12:28:34.455 I/PowerManagerService(  374): Waking up from sleep...
07-14 12:28:34.573 I/WindowManager(  374): Lock screen displayed!
07-14 12:28:34.737 D/dalvikvm( 2019): GC_FOR_ALLOC freed 338K, 7% free 9926K/10588K, paused 31ms, total 32ms
07-14 12:28:34.768 V/DigitalWidgetViewsFactory( 2502): DigitalWidget sets next alarm string to null
07-14 12:28:34.815 D/PowerManagerService-JNI(  374): Excessive delay in autosuspend_disable() while turning screen on: 353ms
07-14 12:28:34.823 D/SurfaceFlinger(  124): Screen acquired, type=0 flinger=0x41e1a478
07-14 12:28:34.901 D/LightsService(  374): Excessive delay setting light: 77ms
07-14 12:28:34.963 D/LightsService(  374): Excessive delay setting light: 67ms
07-14 12:28:35.182 D/AndroidRuntime( 6715): 
07-14 12:28:35.182 D/AndroidRuntime( 6715): >>>>>> AndroidRuntime START com.android.internal.os.RuntimeInit <<<<<<
07-14 12:28:35.182 D/AndroidRuntime( 6715): CheckJNI is OFF
07-14 12:28:35.198 D/dalvikvm( 6715): Trying to load lib libjavacore.so 0x0
07-14 12:28:35.198 D/dalvikvm( 6715): Added shared lib libjavacore.so 0x0
07-14 12:28:35.213 D/dalvikvm( 6715): Trying to load lib libnativehelper.so 0x0
07-14 12:28:35.213 D/dalvikvm( 6715): Added shared lib libnativehelper.so 0x0
07-14 12:28:35.377 D/AndroidRuntime( 6715): Calling main entry com.qihoo360.powerctl.root.app.App
07-14 12:28:35.385 D/AndroidRuntime( 6715): Shutting down VM
07-14 12:28:35.385 D/dalvikvm( 6715): GC_CONCURRENT freed 114K, 22% free 467K/592K, paused 0ms+0ms, total 4ms
07-14 12:28:35.385 I/AndroidRuntime( 6715): NOTE: attach of thread 'Binder_1' failed
07-14 12:28:36.346 I/QueryController( 6697): Matched selector: UiSelector[DESCRIPTION=] <<==>> [android.view.accessibility.AccessibilityNodeInfo@180106; boundsInParent: Rect(0, 0 - 720, 756); boundsInScreen: Rect(0, 547 - 720, 1303); packageName: android; className: android.view.View; text: null; contentDescription: ; viewIdResName: android:id/glow_pad_view; checkable: false; checked: false; focusable: false; focused: false; selected: false; clickable: false; longClickable: false; enabled: true; password: false; scrollable: false; [ACTION_SELECT, ACTION_CLEAR_SELECTION, ACTION_ACCESSIBILITY_FOCUS, ACTION_NEXT_AT_MOVEMENT_GRANULARITY, ACTION_PREVIOUS_AT_MOVEMENT_GRANULARITY, ACTION_SET_SELECTION]]
07-14 12:28:36.354 W/GlowPadView(  374): The number of target drawables must be equal to the number of direction descriptions.
07-14 12:28:36.705 D/MdmApplication( 3494): [null:-1]->onActivityStarted document.activity.CompanyDocActivity , mActivityCount = 0
07-14 12:28:36.705 E/Mdm     ( 3494): Call Mdm service's setLastExitTime function
07-14 12:28:36.705 D/MDM :   ( 3494): [null:-1]->query
07-14 12:28:36.713 D/MDM :   ( 3494): [null:-1]->QUERY_SETTING_PIN_TIMEOUT
07-14 12:28:36.713 D/PhoneStatusBar(  450): disable: < expand icons alerts ticker system_info BACK HOME recent* CLOCK search >
07-14 12:28:36.721 D/MDM :   ( 3494): [null:-1]->query
07-14 12:28:36.721 D/MDM :   ( 3494): [null:-1]->QUERY_SETTING_PIN_CODE
07-14 12:28:36.721 D/MDM :   ( 3494): [null:-1]->query
07-14 12:28:36.721 D/MDM :   ( 3494): [null:-1]->QUERY_PINCODE_CHECK_RESULT
07-14 12:28:36.721 D/BaseFragment( 3494): [null:-1]->mSelection is type = 'Normal' ,mSort is _id DESC
07-14 12:28:36.729 D/DB      ( 3494): query: SQLiteQuery: SELECT * FROM doc WHERE type = 'Normal'
07-14 12:28:36.729 D/DB      ( 3494): factory null
07-14 12:28:36.729 D/DB      ( 3494): fillWindow: 0
07-14 12:28:36.729 D/DB      ( 3494): cursor 2
07-14 12:28:36.729 D/DB      ( 3494): moveToPos: 0
07-14 12:28:36.729 D/DB      ( 3494): onMove: 0
07-14 12:28:36.729 D/DB      ( 3494): moveToPos: 1
07-14 12:28:36.729 D/DB      ( 3494): onMove: 1
07-14 12:28:36.729 D/DB      ( 3494): moveToPos: 2
07-14 12:28:36.744 D/NfcService(  582): NFC-C ON
07-14 12:28:36.807 D/PhoneStatusBar(  450): disable: < expand icons alerts ticker system_info back* home* recent clock* search >
07-14 12:28:36.916 W/InputMethodManagerService(  374): Window already focused, ignoring focus gain of: com.android.internal.view.IInputMethodClient$Stub$Proxy@42afcca8 attribute=android.view.inputmethod.EditorInfo@4302c0f8, token = android.os.BinderProxy@42feb068
07-14 12:28:37.260 V/TAG     (  374): bug 7643792: fitSystemWindows([0,50][0,0])
07-14 12:28:37.338 D/dalvikvm(  374): GC_CONCURRENT freed 1514K, 26% free 20528K/27716K, paused 33ms+20ms, total 307ms
07-14 12:28:37.377 D/AndroidRuntime( 6736): 
07-14 12:28:37.377 D/AndroidRuntime( 6736): >>>>>> AndroidRuntime START com.android.internal.os.RuntimeInit <<<<<<
07-14 12:28:37.377 D/AndroidRuntime( 6736): CheckJNI is OFF
07-14 12:28:37.393 D/dalvikvm( 6736): Trying to load lib libjavacore.so 0x0
07-14 12:28:37.401 D/dalvikvm( 6736): Added shared lib libjavacore.so 0x0
07-14 12:28:37.416 D/dalvikvm( 6736): Trying to load lib libnativehelper.so 0x0
07-14 12:28:37.416 D/dalvikvm( 6736): Added shared lib libnativehelper.so 0x0
07-14 12:28:37.487 I/RootJni ( 6737): su: permission denied
07-14 12:28:37.526 I/ActivityManager(  374): START u0 {act=android.intent.action.MAIN cat=[android.intent.category.HOME] flg=0x10200000 cmp=com.android.launcher/com.android.launcher2.Launcher} from pid 374
07-14 12:28:37.533 D/MdmApplication( 3494): [null:-1]->onActivityPaused document.activity.CompanyDocActivity , mActivityCount = 1
07-14 12:28:37.533 D/MDM :   ( 3494): [null:-1]->query
07-14 12:28:37.533 D/MDM :   ( 3494): [null:-1]->QUERY_PINCODE_CHECK_RESULT
07-14 12:28:37.533 E/Mdm     ( 3494): Call Mdm service's setLastExitTime function
07-14 12:28:37.651 D/dalvikvm( 1052): GC_CONCURRENT freed 480K, 9% free 10211K/11168K, paused 8ms+106ms, total 257ms
07-14 12:28:37.729 D/AndroidRuntime( 6736): Calling main entry com.qihoo360.powerctl.root.app.App
07-14 12:28:37.729 D/AndroidRuntime( 6736): Shutting down VM
07-14 12:28:37.737 I/AndroidRuntime( 6736): NOTE: attach of thread 'Binder_1' failed
07-14 12:28:37.737 D/dalvikvm( 6736): GC_CONCURRENT freed 114K, 22% free 467K/592K, paused 0ms+0ms, total 4ms
07-14 12:28:37.987 D/dalvikvm( 6152): GC_FOR_ALLOC freed 328K, 7% free 9305K/9956K, paused 35ms, total 35ms
07-14 12:28:38.338 D/BaseFragment( 3494): [null:-1]->fragment is on stop 
07-14 12:28:38.401 W/ResourceType(  595): No known package when getting name for resource number 0x9c020000
07-14 12:28:38.401 W/ResourceType(  595): No known package when getting name for resource number 0x9c020002
07-14 12:28:38.448 W/ResourceType(  595): No known package when getting name for resource number 0x9b000000
07-14 12:28:38.448 W/ResourceType(  595): No known package when getting name for resource number 0x9b010100
07-14 12:28:38.448 W/ResourceType(  595): No known package when getting name for resource number 0x9b030300
07-14 12:28:38.448 W/ResourceType(  595): No known package when getting name for resource number 0x9b040400
07-14 12:28:38.455 I/QueryController( 6697): Matched selector: UiSelector[DESCRIPTION=, PACKAGE NAME=com.android.launcher] <<==>> [android.view.accessibility.AccessibilityNodeInfo@1fe6e; boundsInParent: Rect(524232, 0 - 524360, 128); boundsInScreen: Rect(296, 1040 - 424, 1168); packageName: com.android.launcher; className: android.widget.TextView; text: null; contentDescription: ; viewIdResName: null; checkable: false; checked: false; focusable: true; focused: false; selected: false; clickable: true; longClickable: false; enabled: true; password: false; scrollable: false; [ACTION_FOCUS, ACTION_SELECT, ACTION_CLEAR_SELECTION, ACTION_CLICK, ACTION_ACCESSIBILITY_FOCUS]]
07-14 12:28:38.455 D/InteractionController( 6697): clickAndWaitForNewWindow(360, 1104)
07-14 12:28:39.291 I/QueryController( 6697): Matched selector: UiSelector[TEXT=] <<==>> [android.view.accessibility.AccessibilityNodeInfo@4fc3a; boundsInParent: Rect(0, 0 - 148, 184); boundsInScreen: Rect(16, 958 - 164, 1142); packageName: com.android.launcher; className: android.widget.TextView; text: ; contentDescription: null; viewIdResName: null; checkable: false; checked: false; focusable: true; focused: false; selected: false; clickable: true; longClickable: true; enabled: true; password: false; scrollable: false; [ACTION_FOCUS, ACTION_SELECT, ACTION_CLEAR_SELECTION, ACTION_CLICK, ACTION_LONG_CLICK, ACTION_ACCESSIBILITY_FOCUS, ACTION_NEXT_AT_MOVEMENT_GRANULARITY, ACTION_PREVIOUS_AT_MOVEMENT_GRANULARITY, ACTION_SET_SELECTION]]
07-14 12:28:39.330 I/QueryController( 6697): Matched selector: UiSelector[TEXT=] <<==>> [android.view.accessibility.AccessibilityNodeInfo@4fc3a; boundsInParent: Rect(0, 0 - 148, 184); boundsInScreen: Rect(16, 958 - 164, 1142); packageName: com.android.launcher; className: android.widget.TextView; text: ; contentDescription: null; viewIdResName: null; checkable: false; checked: false; focusable: true; focused: false; selected: false; clickable: true; longClickable: true; enabled: true; password: false; scrollable: false; [ACTION_FOCUS, ACTION_SELECT, ACTION_CLEAR_SELECTION, ACTION_CLICK, ACTION_LONG_CLICK, ACTION_ACCESSIBILITY_FOCUS, ACTION_NEXT_AT_MOVEMENT_GRANULARITY, ACTION_PREVIOUS_AT_MOVEMENT_GRANULARITY, ACTION_SET_SELECTION]]
07-14 12:28:39.385 D/InteractionController( 6697): clickAndWaitForNewWindow(90, 1050)
07-14 12:28:39.573 I/ActivityManager(  374): START u0 {act=android.intent.action.MAIN cat=[android.intent.category.LAUNCHER] flg=0x10200000 cmp=com.pekall.emdm/.ui.SplashActivity} from pid 595
07-14 12:28:39.713 D/dalvikvm(  374): GC_FOR_ALLOC freed 1848K, 31% free 19152K/27716K, paused 89ms, total 90ms
07-14 12:28:39.768 D/MdmApplication( 3494): [null:-1]->onActivityStarted document.activity.CompanyDocActivity , mActivityCount = 0
07-14 12:28:39.768 E/Mdm     ( 3494): Call Mdm service's setLastExitTime function
07-14 12:28:39.768 D/MDM :   ( 3494): [null:-1]->query
07-14 12:28:39.776 D/MDM :   ( 3494): [null:-1]->QUERY_SETTING_PIN_TIMEOUT
07-14 12:28:39.776 D/MDM :   ( 3494): [null:-1]->query
07-14 12:28:39.776 D/MDM :   ( 3494): [null:-1]->QUERY_PINCODE_CHECK_RESULT
07-14 12:28:39.776 D/BaseFragment( 3494): [null:-1]->mSelection is type = 'Normal' ,mSort is _id DESC
07-14 12:28:39.783 D/DB      ( 3494): query: SQLiteQuery: SELECT * FROM doc WHERE type = 'Normal'
07-14 12:28:39.783 D/DB      ( 3494): factory null
07-14 12:28:39.783 D/DB      ( 3494): fillWindow: 0
07-14 12:28:39.783 D/DB      ( 3494): cursor 2
07-14 12:28:39.783 D/DB      ( 3494): moveToPos: 0
07-14 12:28:39.783 D/DB      ( 3494): onMove: 0
07-14 12:28:39.791 D/DB      ( 3494): moveToPos: 1
07-14 12:28:39.791 D/DB      ( 3494): onMove: 1
07-14 12:28:39.791 D/DB      ( 3494): moveToPos: 2
07-14 12:28:40.018 D/dalvikvm( 1052): GC_CONCURRENT freed 246K, 7% free 10399K/11168K, paused 7ms+3ms, total 66ms
07-14 12:28:40.549 I/QueryController( 6697): Matched selector: UiSelector[PACKAGE NAME=com.pekall.emdm] <<==>> [android.view.accessibility.AccessibilityNodeInfo@d32b7; boundsInParent: Rect(0, 0 - 720, 1184); boundsInScreen: Rect(0, 0 - 720, 1184); packageName: com.pekall.emdm; className: android.widget.FrameLayout; text: null; contentDescription: null; viewIdResName: null; checkable: false; checked: false; focusable: false; focused: false; selected: false; clickable: false; longClickable: false; enabled: true; password: false; scrollable: false; [ACTION_SELECT, ACTION_CLEAR_SELECTION, ACTION_ACCESSIBILITY_FOCUS]]
07-14 12:28:40.744 D/dalvikvm(  374): GC_FOR_ALLOC freed 1260K, 32% free 19042K/27716K, paused 85ms, total 86ms
07-14 12:28:40.760 D/MdmApplication( 3494): [null:-1]->onActivityPaused document.activity.CompanyDocActivity , mActivityCount = 1
07-14 12:28:40.760 D/MDM :   ( 3494): [null:-1]->query
07-14 12:28:40.760 D/MDM :   ( 3494): [null:-1]->QUERY_PINCODE_CHECK_RESULT
07-14 12:28:40.760 E/Mdm     ( 3494): Call Mdm service's setLastExitTime function
07-14 12:28:40.783 D/MdmApplication( 3494): [null:-1]->onActivityStarted document.activity.DocMainActivity , mActivityCount = 0
07-14 12:28:40.783 E/Mdm     ( 3494): Call Mdm service's setLastExitTime function
07-14 12:28:40.783 D/MDM :   ( 3494): [null:-1]->query
07-14 12:28:40.783 D/MDM :   ( 3494): [null:-1]->QUERY_SETTING_PIN_TIMEOUT
07-14 12:28:40.783 D/MDM :   ( 3494): [null:-1]->query
07-14 12:28:40.783 D/MDM :   ( 3494): [null:-1]->QUERY_PINCODE_CHECK_RESULT
07-14 12:28:40.791 D/DB      ( 3494): query: SQLiteQuery: SELECT * FROM doc WHERE browseStatus = 0 AND type = 'Normal'
07-14 12:28:40.791 D/DB      ( 3494): factory null
07-14 12:28:40.791 D/DB      ( 3494): fillWindow: 0
07-14 12:28:40.791 D/DB      ( 3494): cursor 1
07-14 12:28:41.244 D/BaseFragment( 3494): [null:-1]->fragment is on stop 
07-14 12:28:41.291 D/DB      ( 3494): query: SQLiteQuery: SELECT * FROM doc WHERE browseStatus = 0 AND type = 'Normal'
07-14 12:28:41.291 D/DB      ( 3494): factory null
07-14 12:28:41.291 D/DB      ( 3494): fillWindow: 0
07-14 12:28:41.291 D/DB      ( 3494): cursor 0
07-14 12:28:41.291 D/DB      ( 3494): query: SQLiteQuery: SELECT * FROM doc WHERE browseStatus = 0 AND type = 'Normal'
07-14 12:28:41.291 D/DB      ( 3494): factory null
07-14 12:28:41.291 D/DB      ( 3494): fillWindow: 0
07-14 12:28:41.291 D/DB      ( 3494): cursor 0
07-14 12:28:41.291 E/Mdm     ( 3494): Call Mdm service's recordIconCount function
07-14 12:28:42.088 D/dalvikvm(  374): GC_FOR_ALLOC freed 1150K, 32% free 19036K/27716K, paused 91ms, total 91ms
07-14 12:28:42.104 D/MdmApplication( 3494): [null:-1]->onActivityPaused document.activity.DocMainActivity , mActivityCount = 1
07-14 12:28:42.104 D/MDM :   ( 3494): [null:-1]->query
07-14 12:28:42.104 D/MDM :   ( 3494): [null:-1]->QUERY_PINCODE_CHECK_RESULT
07-14 12:28:42.104 E/Mdm     ( 3494): Call Mdm service's setLastExitTime function
07-14 12:28:42.119 D/MdmApplication( 3494): [null:-1]->onActivityStarted ui.MainActivity , mActivityCount = 0
07-14 12:28:42.119 E/Mdm     ( 3494): Call Mdm service's setLastExitTime function
07-14 12:28:42.127 D/MDM :   ( 3494): [null:-1]->query
07-14 12:28:42.127 D/MDM :   ( 3494): [null:-1]->QUERY_SETTING_PIN_TIMEOUT
07-14 12:28:42.127 D/MDM :   ( 3494): [null:-1]->query
07-14 12:28:42.127 D/MDM :   ( 3494): [null:-1]->QUERY_PINCODE_CHECK_RESULT
07-14 12:28:42.908 I/QueryController( 6697): Matched selector: UiSelector[TEXT=, CLASS=android.widget.TextView] <<==>> [android.view.accessibility.AccessibilityNodeInfo@cbe11; boundsInParent: Rect(0, 0 - 148, 184); boundsInScreen: Rect(376, 572 - 524, 756); packageName: com.pekall.emdm; className: android.widget.TextView; text: ; contentDescription: null; viewIdResName: com.pekall.emdm:id/application_icon_content; checkable: false; checked: false; focusable: true; focused: false; selected: false; clickable: false; longClickable: false; enabled: true; password: false; scrollable: false; [ACTION_FOCUS, ACTION_SELECT, ACTION_CLEAR_SELECTION, ACTION_ACCESSIBILITY_FOCUS, ACTION_NEXT_AT_MOVEMENT_GRANULARITY, ACTION_PREVIOUS_AT_MOVEMENT_GRANULARITY, ACTION_SET_SELECTION]]
07-14 12:28:42.924 I/QueryController( 6697): Matched selector: UiSelector[TEXT=, CLASS=android.widget.TextView] <<==>> [android.view.accessibility.AccessibilityNodeInfo@cb2ce; boundsInParent: Rect(0, 0 - 148, 184); boundsInScreen: Rect(16, 572 - 164, 756); packageName: com.pekall.emdm; className: android.widget.TextView; text: ; contentDescription: null; viewIdResName: com.pekall.emdm:id/application_icon_content; checkable: false; checked: false; focusable: true; focused: false; selected: false; clickable: false; longClickable: false; enabled: true; password: false; scrollable: false; [ACTION_FOCUS, ACTION_SELECT, ACTION_CLEAR_SELECTION, ACTION_ACCESSIBILITY_FOCUS, ACTION_NEXT_AT_MOVEMENT_GRANULARITY, ACTION_PREVIOUS_AT_MOVEMENT_GRANULARITY, ACTION_SET_SELECTION]]
07-14 12:28:42.948 I/QueryController( 6697): Matched selector: UiSelector[TEXT=, CLASS=android.widget.TextView] <<==>> [android.view.accessibility.AccessibilityNodeInfo@cab4c; boundsInParent: Rect(0, 0 - 148, 184); boundsInScreen: Rect(376, 379 - 524, 563); packageName: com.pekall.emdm; className: android.widget.TextView; text: ; contentDescription: null; viewIdResName: com.pekall.emdm:id/application_icon_content; checkable: false; checked: false; focusable: true; focused: false; selected: false; clickable: false; longClickable: false; enabled: true; password: false; scrollable: false; [ACTION_FOCUS, ACTION_SELECT, ACTION_CLEAR_SELECTION, ACTION_ACCESSIBILITY_FOCUS, ACTION_NEXT_AT_MOVEMENT_GRANULARITY, ACTION_PREVIOUS_AT_MOVEMENT_GRANULARITY, ACTION_SET_SELECTION]]
07-14 12:28:42.948 D/InteractionController( 6697): clickAndWaitForNewWindow(450, 471)
07-14 12:28:43.049 W/Settings( 2019): Setting airplane_mode_on has moved from android.provider.Settings.System to android.provider.Settings.Global, returning read-only value.
07-14 12:28:43.049 W/Settings( 2019): Setting mobile_data has moved from android.provider.Settings.Secure to android.provider.Settings.Global.
07-14 12:28:43.049 D/BluetoothAdapter( 2019): 1116407520: getState() :  mService = null. Returning STATE_OFF
07-14 12:28:43.057 W/Settings( 2019): Setting airplane_mode_on has moved from android.provider.Settings.System to android.provider.Settings.Global, returning read-only value.
07-14 12:28:43.080 W/Settings( 2019): Setting airplane_mode_on has moved from android.provider.Settings.System to android.provider.Settings.Global, returning read-only value.
07-14 12:28:43.080 W/Settings( 2019): Setting mobile_data has moved from android.provider.Settings.Secure to android.provider.Settings.Global.
07-14 12:28:43.080 D/BluetoothAdapter( 2019): 1116407520: getState() :  mService = null. Returning STATE_OFF
07-14 12:28:43.080 W/Settings( 2019): Setting airplane_mode_on has moved from android.provider.Settings.System to android.provider.Settings.Global, returning read-only value.
07-14 12:28:43.104 W/Settings( 2019): Setting airplane_mode_on has moved from android.provider.Settings.System to android.provider.Settings.Global, returning read-only value.
07-14 12:28:43.104 W/Settings( 2019): Setting mobile_data has moved from android.provider.Settings.Secure to android.provider.Settings.Global.
07-14 12:28:43.104 D/BluetoothAdapter( 2019): 1116407520: getState() :  mService = null. Returning STATE_OFF
07-14 12:28:43.112 W/Settings( 2019): Setting airplane_mode_on has moved from android.provider.Settings.System to android.provider.Settings.Global, returning read-only value.
07-14 12:28:43.127 I/ActivityManager(  374): START u0 {cmp=com.pekall.emdm/.contacts.activities.PeopleActivity} from pid 3494
07-14 12:28:43.260 D/dalvikvm(  374): GC_FOR_ALLOC freed 1215K, 32% free 19041K/27708K, paused 87ms, total 87ms
07-14 12:28:43.276 D/MdmApplication( 3494): [null:-1]->onActivityPaused ui.MainActivity , mActivityCount = 1
07-14 12:28:43.276 D/MDM :   ( 3494): [null:-1]->query
07-14 12:28:43.276 D/MDM :   ( 3494): [null:-1]->QUERY_PINCODE_CHECK_RESULT
07-14 12:28:43.276 E/Mdm     ( 3494): Call Mdm service's setLastExitTime function
07-14 12:28:43.307 I/ActivityManager(  374): START u0 {cmp=com.pekall.emdm/.contacts.activities.DialtactsActivity (has extras)} from pid 3494
07-14 12:28:43.346 D/MdmApplication( 3494): [null:-1]->onActivityStarted contacts.activities.DialtactsActivity , mActivityCount = 0
07-14 12:28:43.346 E/Mdm     ( 3494): Call Mdm service's setLastExitTime function
07-14 12:28:43.346 D/MDM :   ( 3494): [null:-1]->query
07-14 12:28:43.346 D/MDM :   ( 3494): [null:-1]->QUERY_SETTING_PIN_TIMEOUT
07-14 12:28:43.346 D/MDM :   ( 3494): [null:-1]->query
07-14 12:28:43.346 D/MDM :   ( 3494): [null:-1]->QUERY_PINCODE_CHECK_RESULT
07-14 12:28:43.377 D/ContactsProvider( 3494): [Contacts] query 'content://emdmcontacts/contacts', segment size: 1
07-14 12:28:43.393 D/Assistant( 3494): [---null: -1---]  changeCursor
07-14 12:28:43.393 D/Assistant( 3494): [---null: -1---]  findGroups
07-14 12:28:43.393 D/ContactsProvider( 3494): [Contacts] query 'content://emdmcontacts/contacts', segment size: 1
07-14 12:28:43.401 D/Assistant( 3494): [---null: -1---]  changeCursor
07-14 12:28:43.401 D/Assistant( 3494): [---null: -1---]  findGroups
07-14 12:28:43.401 D/Assistant( 3494): [---null: -1---]  OncreatTIME
07-14 12:28:43.424 I/ContactPhotoManager( 3494): Cache adj: 0.5
07-14 12:28:43.424 E/ContactPhotoManager( 3494): No contact photo service in context: com.pekall.emdm.MdmApplication@42817d40
07-14 12:28:43.471 D/ContactsProvider( 3494): [Contacts] query 'content://emdmcontacts/frequently_contacts', segment size: 1
07-14 12:28:43.479 D/ContactsProvider( 3494): [Contacts] query 'content://emdmcontacts/contacts', segment size: 1
07-14 12:28:43.479 D/ContactsProvider( 3494): [Contacts] query 'content://emdmcontacts/contacts', segment size: 1
07-14 12:28:43.487 D/Assistant( 3494): [---null: -1---]  changeCursor
07-14 12:28:43.487 D/Assistant( 3494): [---null: -1---]  findGroups
07-14 12:28:43.487 D/ContactsProvider( 3494): [Contacts] query 'content://emdmcontacts/contacts', segment size: 1
07-14 12:28:43.494 D/Assistant( 3494): [---null: -1---]  changeCursor
07-14 12:28:43.502 D/Assistant( 3494): [---null: -1---]  findGroups
07-14 12:28:43.502 D/ContactsProvider( 3494): [Contacts] query 'content://emdmcontacts/contacts', segment size: 1
07-14 12:28:43.510 D/ContactsProvider( 3494): [Contacts] query 'content://emdmcontacts/company_calllogs', segment size: 1
07-14 12:28:43.533 V/PhoneStatusBar(  450): setLightsOn(true)
07-14 12:28:43.776 D/dalvikvm( 3494): GC_CONCURRENT freed 4000K, 18% free 20162K/24516K, paused 6ms+13ms, total 120ms
07-14 12:28:43.783 D/ContactsProvider( 3494): [Contacts] query 'content://emdmcontacts/company_calllogs', segment size: 1
07-14 12:28:43.791 I/ActivityManager(  374): Displayed com.pekall.emdm/.contacts.activities.DialtactsActivity: +473ms (total +495ms)
07-14 12:28:43.807 D/Assistant( 3494): [---null: -1---]  changeCursor
07-14 12:28:43.807 D/Assistant( 3494): [---null: -1---]  findGroups
07-14 12:28:43.815 D/Assistant( 3494): [---null: -1---]  addGroup
07-14 12:28:43.815 D/Assistant( 3494): [---null: -1---]  addGroup
07-14 12:28:43.823 D/Assistant( 3494): [---null: -1---]  addGroup
07-14 12:28:43.823 D/Assistant( 3494): [---null: -1---]  addGroup
07-14 12:28:43.823 D/Assistant( 3494): [---null: -1---]  addGroup
07-14 12:28:43.869 E/CursorWindow( 3494): Failed to read row 0, column -1 from a CursorWindow which has 38 rows, 9 columns.
07-14 12:28:43.869 D/CallLogAdapter( 3494): java.lang.IllegalStateException: Couldn't read row 0, col -1 from CursorWindow.  Make sure the Cursor is initialized correctly before accessing data from it.
07-14 12:28:43.869 D/CallLogAdapter( 3494): ======no department find======
07-14 12:28:43.869 D/CALLLOGADAPTER( 3494): ++++++++++++++++++================================
07-14 12:28:43.869 D/ContactsProvider( 3494): [Contacts] query 'content://emdmcontacts/company_calllogs', segment size: 1
07-14 12:28:43.877 D/CallLogAdapter( 3494): quickContactView.number=============13220164537
07-14 12:28:43.877 D/CallLogAdapter( 3494): quickContactView.contactUri=============null
07-14 12:28:43.877 D/ContactsProvider( 3494): [Contacts] query 'content://emdmcontacts/contacts', segment size: 1
07-14 12:28:43.908 E/CursorWindow( 3494): Failed to read row 1, column -1 from a CursorWindow which has 38 rows, 9 columns.
07-14 12:28:43.908 D/CallLogAdapter( 3494): java.lang.IllegalStateException: Couldn't read row 1, col -1 from CursorWindow.  Make sure the Cursor is initialized correctly before accessing data from it.
07-14 12:28:43.908 D/CallLogAdapter( 3494): ======no department find======
07-14 12:28:43.908 D/CALLLOGADAPTER( 3494): ++++++++++++++++++================================
07-14 12:28:43.908 D/ContactsProvider( 3494): [Contacts] query 'content://emdmcontacts/company_calllogs', segment size: 1
07-14 12:28:43.924 D/CallLogAdapter( 3494): quickContactView.number=============01056299605
07-14 12:28:43.924 D/CallLogAdapter( 3494): quickContactView.contactUri=============null
07-14 12:28:43.924 D/ContactsProvider( 3494): [Contacts] query 'content://emdmcontacts/contacts', segment size: 1
07-14 12:28:43.955 E/CursorWindow( 3494): Failed to read row 4, column -1 from a CursorWindow which has 38 rows, 9 columns.
07-14 12:28:43.955 D/CallLogAdapter( 3494): java.lang.IllegalStateException: Couldn't read row 4, col -1 from CursorWindow.  Make sure the Cursor is initialized correctly before accessing data from it.
07-14 12:28:43.955 D/CallLogAdapter( 3494): ======no department find======
07-14 12:28:43.955 D/CALLLOGADAPTER( 3494): ++++++++++++++++++================================
07-14 12:28:43.955 D/ContactsProvider( 3494): [Contacts] query 'content://emdmcontacts/company_calllogs', segment size: 1
07-14 12:28:43.963 D/CallLogAdapter( 3494): quickContactView.number=============13263318053
07-14 12:28:43.963 D/CallLogAdapter( 3494): quickContactView.contactUri=============null
07-14 12:28:43.971 D/ContactsProvider( 3494): [Contacts] query 'content://emdmcontacts/contacts', segment size: 1
07-14 12:28:43.994 E/CursorWindow( 3494): Failed to read row 5, column -1 from a CursorWindow which has 38 rows, 9 columns.
07-14 12:28:44.002 D/CallLogAdapter( 3494): java.lang.IllegalStateException: Couldn't read row 5, col -1 from CursorWindow.  Make sure the Cursor is initialized correctly before accessing data from it.
07-14 12:28:44.002 D/CallLogAdapter( 3494): ======no department find======
07-14 12:28:44.002 D/CALLLOGADAPTER( 3494): ++++++++++++++++++================================
07-14 12:28:44.002 D/ContactsProvider( 3494): [Contacts] query 'content://emdmcontacts/company_calllogs', segment size: 1
07-14 12:28:44.010 D/CallLogAdapter( 3494): quickContactView.number=============13522849951
07-14 12:28:44.010 D/CallLogAdapter( 3494): quickContactView.contactUri=============null
07-14 12:28:44.010 D/ContactsProvider( 3494): [Contacts] query 'content://emdmcontacts/contacts', segment size: 1
07-14 12:28:44.041 E/CursorWindow( 3494): Failed to read row 6, column -1 from a CursorWindow which has 38 rows, 9 columns.
07-14 12:28:44.041 D/CallLogAdapter( 3494): java.lang.IllegalStateException: Couldn't read row 6, col -1 from CursorWindow.  Make sure the Cursor is initialized correctly before accessing data from it.
07-14 12:28:44.041 D/CallLogAdapter( 3494): ======no department find======
07-14 12:28:44.041 D/CALLLOGADAPTER( 3494): ++++++++++++++++++================================
07-14 12:28:44.041 D/ContactsProvider( 3494): [Contacts] query 'content://emdmcontacts/company_calllogs', segment size: 1
07-14 12:28:44.057 D/CallLogAdapter( 3494): quickContactView.number=============15010093591
07-14 12:28:44.057 D/CallLogAdapter( 3494): quickContactView.contactUri=============null
07-14 12:28:44.057 D/ContactsProvider( 3494): [Contacts] query 'content://emdmcontacts/contacts', segment size: 1
07-14 12:28:44.416 D/GCM     (  624): Ignoring attempt to send heartbeat on dead connection.
07-14 12:28:44.791 I/QueryController( 6697): Matched selector: UiSelector[RESOURCE_ID=com.pekall.emdm:id/thrid] <<==>> [android.view.accessibility.AccessibilityNodeInfo@f223f; boundsInParent: Rect(0, 0 - 180, 50); boundsInScreen: Rect(360, 73 - 540, 123); packageName: com.pekall.emdm; className: android.widget.ImageView; text: null; contentDescription: null; viewIdResName: com.pekall.emdm:id/thrid; checkable: false; checked: false; focusable: false; focused: false; selected: false; clickable: true; longClickable: false; enabled: true; password: false; scrollable: false; [ACTION_SELECT, ACTION_CLEAR_SELECTION, ACTION_CLICK, ACTION_ACCESSIBILITY_FOCUS]]
07-14 12:28:44.830 I/QueryController( 6697): Matched selector: UiSelector[RESOURCE_ID=com.pekall.emdm:id/thrid] <<==>> [android.view.accessibility.AccessibilityNodeInfo@f223f; boundsInParent: Rect(0, 0 - 180, 50); boundsInScreen: Rect(360, 73 - 540, 123); packageName: com.pekall.emdm; className: android.widget.ImageView; text: null; contentDescription: null; viewIdResName: com.pekall.emdm:id/thrid; checkable: false; checked: false; focusable: false; focused: false; selected: false; clickable: true; longClickable: false; enabled: true; password: false; scrollable: false; [ACTION_SELECT, ACTION_CLEAR_SELECTION, ACTION_CLICK, ACTION_ACCESSIBILITY_FOCUS]]
07-14 12:28:44.830 D/InteractionController( 6697): clickAndSync(450, 98)
07-14 12:28:47.940 W/InteractionController( 6697): runAndwaitForEvent timedout waiting for events
07-14 12:28:48.760 I/QueryController( 6697): Matched selector: UiSelector[TEXT=ccc] <<==>> [android.view.accessibility.AccessibilityNodeInfo@f83d9; boundsInParent: Rect(0, 0 - 57, 48); boundsInScreen: Rect(194, 239 - 251, 287); packageName: com.pekall.emdm; className: android.widget.TextView; text: ccc; contentDescription: null; viewIdResName: com.pekall.emdm:id/name; checkable: false; checked: false; focusable: false; focused: false; selected: false; clickable: false; longClickable: false; enabled: true; password: false; scrollable: false; [ACTION_SELECT, ACTION_CLEAR_SELECTION, ACTION_ACCESSIBILITY_FOCUS, ACTION_NEXT_AT_MOVEMENT_GRANULARITY, ACTION_PREVIOUS_AT_MOVEMENT_GRANULARITY, ACTION_SET_SELECTION]]
07-14 12:28:48.768 I/AndroidRuntime( 6697): VM exiting with result code 0.
07-14 12:28:56.987 D/LightsService(  374): Excessive delay setting light: 67ms
07-14 12:28:57.229 D/LightsService(  374): Excessive delay setting light: 67ms
07-14 12:28:59.838 I/PowerManagerService(  374): Going to sleep due to screen timeout...
07-14 12:29:00.619 D/SurfaceFlinger(  124): Screen released, type=0 flinger=0x41e1a478
07-14 12:29:00.752 D/dalvikvm(  374): GC_FOR_ALLOC freed 1779K, 31% free 19333K/27708K, paused 89ms, total 90ms
07-14 12:29:00.776 D/MdmApplication( 3494): [null:-1]->onActivityPaused contacts.activities.DialtactsActivity , mActivityCount = 1
07-14 12:29:00.776 D/MDM :   ( 3494): [null:-1]->query
07-14 12:29:00.776 D/MDM :   ( 3494): [null:-1]->QUERY_PINCODE_CHECK_RESULT
07-14 12:29:00.776 E/Mdm     ( 3494): Call Mdm service's setLastExitTime function
07-14 12:29:00.776 I/WindowManager(  374): Screenshot Window{42d4e568 u0 com.pekall.emdm/com.pekall.emdm.contacts.activities.DialtactsActivity} was all black! mSurfaceLayer=21015 minLayer=21000 maxLayer=21015
07-14 12:29:00.955 D/NfcService(  582): NFC-C OFF, disconnect
07-14 12:29:00.971 V/KeyguardHostView(  374): hide transport, gen:23
07-14 12:29:00.971 V/KeyguardHostView(  374): music state changed: 0
07-14 12:29:00.979 D/dalvikvm(  636): GC_FOR_ALLOC freed 992K, 11% free 12740K/14220K, paused 80ms, total 80ms
07-14 12:29:01.018 D/PhoneStatusBar(  450): disable: < expand icons alerts ticker system_info back home RECENT* clock search >
07-14 12:29:01.073 V/TAG     (  374): bug 7643792: fitSystemWindows([0,50][0,0])
07-14 12:29:01.088 D/MDM :   ( 3494): [null:-1]->query
07-14 12:29:01.088 D/MDM :   ( 3494): [null:-1]->QUERY_SETTING_PIN_ONOFF
07-14 12:29:01.135 D/dalvikvm( 5090): GC_FOR_ALLOC freed 329K, 6% free 10059K/10676K, paused 27ms, total 27ms
07-14 12:29:01.198 D/PhoneStatusBar(  450): disable: < expand icons alerts ticker system_info BACK* HOME* RECENT CLOCK* search >
07-14 12:29:02.432 D/JOBS    ( 4980): Thread-292: load factor check. true = (0 < 1)|| (0 * 3 < 0 + 0). consumer thread: true
07-14 12:29:02.432 D/JOBS    ( 4980): didn't allow me to die, re-running Thread-292
07-14 12:29:02.432 D/JOBS    ( 4980): re-running consumer Thread-292
07-14 12:29:10.268 D/MDM :   ( 3494): [null:-1]->MSG_WEBSOCKET_MESSAGE : {"id":-1893488366,"type":0,"command":0,"result":0,"reason":0,"params":{"msgId":"5c516868-58e6-49a7-963a-ab8598c54066,5c51686858e649a7963aab8598c54066","device":"ffffffffc539bb10fffffffff7aea961","message":"{\"cmd\":\"10119\"}"}}
07-14 12:29:10.283 D/MdmService( 3494): [null:-1]->push message type :0
07-14 12:29:10.283 D/MdmService( 3494): [null:-1]->cmdMessage : {"cmd":"10119"}
07-14 12:29:10.283 D/MdmService( 3494): [null:-1]->command : PushCommandMsg{cmd='10119', msg='null'}
07-14 12:29:10.291 D/MDM :   ( 3494): [null:-1]->PUSH CMD: 10119
07-14 12:29:10.291 D/MdmStatusManager( 3494): [null:-1]->change status to : Busy
07-14 12:29:10.291 D/DB      ( 3494): query: SQLiteQuery: SELECT content, command_status, status FROM command WHERE status!=2
07-14 12:29:10.291 D/DB      ( 3494): factory null
07-14 12:29:10.291 D/DB      ( 3494): fillWindow: 0
07-14 12:29:10.291 D/DB      ( 3494): cursor 0
07-14 12:29:10.291 D/DB      ( 3494): moveToPos: 0
07-14 12:29:10.291 I/TransInfo( 3494): TransInfo created, id: 3, class: class com.pekall.emdm.transaction.b.c
07-14 12:29:10.299 D/NetworkThread( 3494): [null:-1]->----isRunning-----true
07-14 12:29:10.299 D/NetworkThread( 3494): [null:-1]->----isRunning-----true
07-14 12:29:10.299 D/NetworkThread( 3494): [null:-1]->thread wakeup
07-14 12:29:10.299 D/HttpClient( 3494): enable apache.http debug
07-14 12:29:10.307 V/DEBUG   ( 3494): HTTP 0
07-14 12:29:11.112 V/DEBUG   ( 3494): HTTP 1
07-14 12:29:11.119 D/MDM :   ( 3494): [null:-1]->read network input stream
07-14 12:29:11.127 D/CheckInTransInfo( 3494): [null:-1]->CommandMsg : CommandMsg{CommandUUID='8a80888e4732aed501473321a861063e', Command=CommandRemoveApp{Identifier='com.moji.mjweather', fromMarket=true}}
07-14 12:29:11.127 D/DB      ( 3494): query: SQLiteQuery: SELECT * FROM command WHERE cmd_uuid='8a80888e4732aed501473321a861063e'
07-14 12:29:11.127 D/DB      ( 3494): factory null
07-14 12:29:11.127 D/DB      ( 3494): fillWindow: 0
07-14 12:29:11.127 D/DB      ( 3494): cursor 0
07-14 12:29:11.158 D/NetworkThread( 3494): [null:-1]->queue is empty, thread wait...
07-14 12:29:11.260 D/MdmService( 3494): [null:-1]->handleCheckInResult
07-14 12:29:11.260 D/MdmService( 3494): [null:-1]->handleCheckInResult result keyIndex: 3
07-14 12:29:11.260 D/CommandManager( 3494): [null:-1]->execute command: CommandMsg{CommandUUID='8a80888e4732aed501473321a861063e', Command=CommandRemoveApp{Identifier='com.moji.mjweather', fromMarket=true}}
07-14 12:29:11.260 D/TEST_ALL( 3494): [null:-1]->REQ_TYPE_RM_APP
07-14 12:29:11.315 I/ActivityManager(  374): START u0 {act=android.intent.action.DELETE dat=package:com.moji.mjweather flg=0x10000000 cmp=com.android.packageinstaller/.UninstallerActivity} from pid 3494
07-14 12:29:11.330 I/ActivityManager(  374): Start proc com.android.packageinstaller for activity com.android.packageinstaller/.UninstallerActivity: pid=6774 uid=10045 gids={50045, 1028}
07-14 12:29:11.377 D/DB      ( 3494): query: SQLiteQuery: SELECT * FROM app WHERE readStatus =0
07-14 12:29:11.377 D/DB      ( 3494): factory null
07-14 12:29:11.377 D/DB      ( 3494): fillWindow: 0
07-14 12:29:11.377 D/DB      ( 3494): cursor 0
07-14 12:29:11.377 E/Mdm     ( 3494): Call Mdm service's recordIconCount function
07-14 12:29:11.448 I/TransInfo( 3494): TransInfo created, id: 3, class: class com.pekall.emdm.transaction.b.c
07-14 12:29:11.455 D/NetworkThread( 3494): [null:-1]->----isRunning-----true
07-14 12:29:11.455 D/NetworkThread( 3494): [null:-1]->----isRunning-----true
07-14 12:29:11.455 D/NetworkThread( 3494): [null:-1]->thread wakeup
07-14 12:29:11.455 D/HttpClient( 3494): enable apache.http debug
07-14 12:29:11.463 V/DEBUG   ( 3494): HTTP 0
07-14 12:29:11.612 D/libEGL  ( 6774): loaded /vendor/lib/egl/libEGL_POWERVR_SGX540_120.so
07-14 12:29:11.643 D/libEGL  ( 6774): loaded /vendor/lib/egl/libGLESv1_CM_POWERVR_SGX540_120.so
07-14 12:29:11.651 D/libEGL  ( 6774): loaded /vendor/lib/egl/libGLESv2_POWERVR_SGX540_120.so
07-14 12:29:11.752 D/OpenGLRenderer( 6774): Enabling debug mode 0
07-14 12:29:11.815 V/RenderScript( 6774): 0x5bbe06c8 Launching thread(s), CPUs 2
07-14 12:29:11.854 I/ActivityManager(  374): Displayed com.android.packageinstaller/.UninstallerActivity: +535ms
07-14 12:29:12.346 V/DEBUG   ( 3494): HTTP 1
07-14 12:29:12.346 D/MdmDatabaseHelper( 3494): [null:-1]->update command 8a80888e4732aed501473321a861063e to status executed
07-14 12:29:12.377 D/NetworkThread( 3494): [null:-1]->queue is empty, thread wait...
07-14 12:29:12.448 D/MdmService( 3494): [null:-1]->handleCheckInResult
07-14 12:29:12.448 D/MdmService( 3494): [null:-1]->handleCheckInResult result keyIndex: 3
07-14 12:29:12.448 D/HandleCommandTask( 3494): [null:-1]->execute command msg but beanBase is null
07-14 12:29:12.448 D/MdmStatusManager( 3494): [null:-1]->change status to : Idle
07-14 12:29:13.791 D/ContactsProvider( 3494): [Contacts] query 'content://emdmcontacts/company_calllogs', segment size: 1
07-14 12:29:13.791 D/Assistant( 3494): [---null: -1---]  changeCursor
07-14 12:29:13.799 D/Assistant( 3494): [---null: -1---]  findGroups
07-14 12:29:13.799 D/Assistant( 3494): [---null: -1---]  addGroup
07-14 12:29:13.799 D/Assistant( 3494): [---null: -1---]  addGroup
07-14 12:29:13.807 D/Assistant( 3494): [---null: -1---]  addGroup
07-14 12:29:13.807 D/Assistant( 3494): [---null: -1---]  addGroup
07-14 12:29:13.807 D/Assistant( 3494): [---null: -1---]  addGroup
07-14 12:29:20.916 D/AndroidRuntime( 6792): 
07-14 12:29:20.916 D/AndroidRuntime( 6792): >>>>>> AndroidRuntime START com.android.internal.os.RuntimeInit <<<<<<
07-14 12:29:20.916 D/AndroidRuntime( 6792): CheckJNI is OFF
07-14 12:29:20.932 D/dalvikvm( 6792): Trying to load lib libjavacore.so 0x0
07-14 12:29:20.940 D/dalvikvm( 6792): Added shared lib libjavacore.so 0x0
07-14 12:29:20.955 D/dalvikvm( 6792): Trying to load lib libnativehelper.so 0x0
07-14 12:29:20.955 D/dalvikvm( 6792): Added shared lib libnativehelper.so 0x0
07-14 12:29:21.182 D/AndroidRuntime( 6792): Calling main entry com.android.commands.uiautomator.Launcher
07-14 12:29:21.213 E/UiDevice( 6792): Exceuting watcher: ANRWatcher
07-14 12:29:21.213 E/UiDevice( 6792): java.lang.RuntimeException: UiDevice not initialized
07-14 12:29:21.213 E/UiDevice( 6792): 	at com.android.uiautomator.core.UiDevice.getAutomatorBridge(UiDevice.java:87)
07-14 12:29:21.213 E/UiDevice( 6792): 	at com.android.uiautomator.core.UiDevice.wakeUp(UiDevice.java:719)
07-14 12:29:21.213 E/UiDevice( 6792): 	at com.pekall.test.mdmui.util.UiANRWatcher.checkForCondition(UiANRWatcher.java:23)
07-14 12:29:21.213 E/UiDevice( 6792): 	at com.android.uiautomator.core.UiDevice.runWatchers(UiDevice.java:554)
07-14 12:29:21.213 E/UiDevice( 6792): 	at com.pekall.test.mdmui.util.UiANRWatcher.run(UiANRWatcher.java:41)
07-14 12:29:21.213 E/UiDevice( 6792): 	at com.pekall.test.mdmui.App.<clinit>(App.java:24)
07-14 12:29:21.213 E/UiDevice( 6792): 	at java.lang.Class.newInstanceImpl(Native Method)
07-14 12:29:21.213 E/UiDevice( 6792): 	at java.lang.Class.newInstance(Class.java:1130)
07-14 12:29:21.213 E/UiDevice( 6792): 	at com.android.uiautomator.testrunner.TestCaseCollector.addSingleTestMethod(TestCaseCollector.java:110)
07-14 12:29:21.213 E/UiDevice( 6792): 	at com.android.uiautomator.testrunner.TestCaseCollector.addTestClass(TestCaseCollector.java:86)
07-14 12:29:21.213 E/UiDevice( 6792): 	at com.android.uiautomator.testrunner.TestCaseCollector.addTestClass(TestCaseCollector.java:72)
07-14 12:29:21.213 E/UiDevice( 6792): 	at com.android.uiautomator.testrunner.TestCaseCollector.addTestClasses(TestCaseCollector.java:53)
07-14 12:29:21.213 E/UiDevice( 6792): 	at com.android.uiautomator.testrunner.UiAutomatorTestRunner.start(UiAutomatorTestRunner.java:106)
07-14 12:29:21.213 E/UiDevice( 6792): 	at com.android.uiautomator.testrunner.UiAutomatorTestRunner.run(UiAutomatorTestRunner.java:96)
07-14 12:29:21.213 E/UiDevice( 6792): 	at com.android.commands.uiautomator.RunTestCommand.run(RunTestCommand.java:91)
07-14 12:29:21.213 E/UiDevice( 6792): 	at com.android.commands.uiautomator.Launcher.main(Launcher.java:83)
07-14 12:29:21.213 E/UiDevice( 6792): 	at com.android.internal.os.RuntimeInit.nativeFinishInit(Native Method)
07-14 12:29:21.213 E/UiDevice( 6792): 	at com.android.internal.os.RuntimeInit.main(RuntimeInit.java:235)
07-14 12:29:21.213 E/UiDevice( 6792): 	at dalvik.system.NativeStart.main(Native Method)
07-14 12:29:21.229 D/dalvikvm( 6792): Note: class Landroid/app/ActivityManagerNative; has 163 unimplemented (abstract) methods
07-14 12:29:21.291 I/PowerManagerService(  374): Waking up from sleep...
07-14 12:29:21.401 I/WindowManager(  374): Lock screen displayed!
07-14 12:29:21.580 D/dalvikvm( 2019): GC_FOR_ALLOC freed 317K, 7% free 9927K/10588K, paused 23ms, total 23ms
07-14 12:29:21.596 V/DigitalWidgetViewsFactory( 2502): DigitalWidget sets next alarm string to null
07-14 12:29:21.658 D/PowerManagerService-JNI(  374): Excessive delay in autosuspend_disable() while turning screen on: 352ms
07-14 12:29:21.713 D/PowerManagerService-JNI(  374): Excessive delay in setInteractive(true) while turning screen on: 26ms
07-14 12:29:21.807 D/SurfaceFlinger(  124): Screen acquired, type=0 flinger=0x41e1a478
07-14 12:29:22.010 D/AndroidRuntime( 6810): 
07-14 12:29:22.010 D/AndroidRuntime( 6810): >>>>>> AndroidRuntime START com.android.internal.os.RuntimeInit <<<<<<
07-14 12:29:22.010 D/AndroidRuntime( 6810): CheckJNI is OFF
07-14 12:29:22.018 D/dalvikvm( 6810): Trying to load lib libjavacore.so 0x0
07-14 12:29:22.026 D/dalvikvm( 6810): Added shared lib libjavacore.so 0x0
07-14 12:29:22.041 D/dalvikvm( 6810): Trying to load lib libnativehelper.so 0x0
07-14 12:29:22.041 D/dalvikvm( 6810): Added shared lib libnativehelper.so 0x0
07-14 12:29:22.049 D/LightsService(  374): Excessive delay setting light: 197ms
07-14 12:29:22.213 D/AndroidRuntime( 6810): Calling main entry com.qihoo360.powerctl.root.app.App
07-14 12:29:22.221 D/AndroidRuntime( 6810): Shutting down VM
07-14 12:29:22.221 D/dalvikvm( 6810): GC_CONCURRENT freed 114K, 22% free 467K/592K, paused 1ms+0ms, total 4ms
07-14 12:29:22.221 I/AndroidRuntime( 6810): NOTE: attach of thread 'Binder_1' failed
07-14 12:29:23.112 I/QueryController( 6792): Matched selector: UiSelector[DESCRIPTION=] <<==>> [android.view.accessibility.AccessibilityNodeInfo@19130f; boundsInParent: Rect(0, 0 - 720, 756); boundsInScreen: Rect(0, 547 - 720, 1303); packageName: android; className: android.view.View; text: null; contentDescription: ; viewIdResName: android:id/glow_pad_view; checkable: false; checked: false; focusable: false; focused: false; selected: false; clickable: false; longClickable: false; enabled: true; password: false; scrollable: false; [ACTION_SELECT, ACTION_CLEAR_SELECTION, ACTION_ACCESSIBILITY_FOCUS, ACTION_NEXT_AT_MOVEMENT_GRANULARITY, ACTION_PREVIOUS_AT_MOVEMENT_GRANULARITY, ACTION_SET_SELECTION]]
07-14 12:29:23.127 W/GlowPadView(  374): The number of target drawables must be equal to the number of direction descriptions.
07-14 12:29:23.408 D/MdmApplication( 3494): [null:-1]->onActivityStarted contacts.activities.DialtactsActivity , mActivityCount = 0
07-14 12:29:23.408 E/Mdm     ( 3494): Call Mdm service's setLastExitTime function
07-14 12:29:23.408 D/MDM :   ( 3494): [null:-1]->query
07-14 12:29:23.416 D/MDM :   ( 3494): [null:-1]->QUERY_SETTING_PIN_TIMEOUT
07-14 12:29:23.416 D/MDM :   ( 3494): [null:-1]->query
07-14 12:29:23.416 D/MDM :   ( 3494): [null:-1]->QUERY_SETTING_PIN_CODE
07-14 12:29:23.432 D/MDM :   ( 3494): [null:-1]->query
07-14 12:29:23.432 D/MDM :   ( 3494): [null:-1]->QUERY_PINCODE_CHECK_RESULT
07-14 12:29:23.432 E/CursorWindow( 3494): Failed to read row 0, column -1 from a CursorWindow which has 38 rows, 9 columns.
07-14 12:29:23.432 D/CallLogAdapter( 3494): java.lang.IllegalStateException: Couldn't read row 0, col -1 from CursorWindow.  Make sure the Cursor is initialized correctly before accessing data from it.
07-14 12:29:23.432 D/CallLogAdapter( 3494): ======no department find======
07-14 12:29:23.432 D/CALLLOGADAPTER( 3494): ++++++++++++++++++================================
07-14 12:29:23.440 D/ContactsProvider( 3494): [Contacts] query 'content://emdmcontacts/company_calllogs', segment size: 1
07-14 12:29:23.440 D/CallLogAdapter( 3494): quickContactView.number=============13220164537
07-14 12:29:23.440 D/CallLogAdapter( 3494): quickContactView.contactUri=============null
07-14 12:29:23.440 D/ContactsProvider( 3494): [Contacts] query 'content://emdmcontacts/contacts', segment size: 1
07-14 12:29:23.440 D/PhoneStatusBar(  450): disable: < expand icons alerts ticker system_info BACK HOME recent* CLOCK search >
07-14 12:29:23.448 E/CursorWindow( 3494): Failed to read row 1, column -1 from a CursorWindow which has 38 rows, 9 columns.
07-14 12:29:23.455 D/CallLogAdapter( 3494): java.lang.IllegalStateException: Couldn't read row 1, col -1 from CursorWindow.  Make sure the Cursor is initialized correctly before accessing data from it.
07-14 12:29:23.455 D/CallLogAdapter( 3494): ======no department find======
07-14 12:29:23.455 D/CALLLOGADAPTER( 3494): ++++++++++++++++++================================
07-14 12:29:23.455 D/ContactsProvider( 3494): [Contacts] query 'content://emdmcontacts/company_calllogs', segment size: 1
07-14 12:29:23.463 D/NfcService(  582): NFC-C ON
07-14 12:29:23.487 D/CallLogAdapter( 3494): quickContactView.number=============01056299605
07-14 12:29:23.487 D/CallLogAdapter( 3494): quickContactView.contactUri=============null
07-14 12:29:23.487 D/ContactsProvider( 3494): [Contacts] query 'content://emdmcontacts/contacts', segment size: 1
07-14 12:29:23.510 E/CursorWindow( 3494): Failed to read row 4, column -1 from a CursorWindow which has 38 rows, 9 columns.
07-14 12:29:23.510 D/CallLogAdapter( 3494): java.lang.IllegalStateException: Couldn't read row 4, col -1 from CursorWindow.  Make sure the Cursor is initialized correctly before accessing data from it.
07-14 12:29:23.510 D/CallLogAdapter( 3494): ======no department find======
07-14 12:29:23.510 D/CALLLOGADAPTER( 3494): ++++++++++++++++++================================
07-14 12:29:23.510 D/ContactsProvider( 3494): [Contacts] query 'content://emdmcontacts/company_calllogs', segment size: 1
07-14 12:29:23.518 D/CallLogAdapter( 3494): quickContactView.number=============13263318053
07-14 12:29:23.518 D/CallLogAdapter( 3494): quickContactView.contactUri=============null
07-14 12:29:23.526 D/PhoneStatusBar(  450): disable: < expand icons alerts ticker system_info back* home* recent clock* search >
07-14 12:29:23.533 D/ContactsProvider( 3494): [Contacts] query 'content://emdmcontacts/contacts', segment size: 1
07-14 12:29:23.549 E/CursorWindow( 3494): Failed to read row 5, column -1 from a CursorWindow which has 38 rows, 9 columns.
07-14 12:29:23.549 D/CallLogAdapter( 3494): java.lang.IllegalStateException: Couldn't read row 5, col -1 from CursorWindow.  Make sure the Cursor is initialized correctly before accessing data from it.
07-14 12:29:23.549 D/CallLogAdapter( 3494): ======no department find======
07-14 12:29:23.549 D/CALLLOGADAPTER( 3494): ++++++++++++++++++================================
07-14 12:29:23.549 D/ContactsProvider( 3494): [Contacts] query 'content://emdmcontacts/company_calllogs', segment size: 1
07-14 12:29:23.565 D/CallLogAdapter( 3494): quickContactView.number=============13522849951
07-14 12:29:23.565 D/CallLogAdapter( 3494): quickContactView.contactUri=============null
07-14 12:29:23.565 D/ContactsProvider( 3494): [Contacts] query 'content://emdmcontacts/contacts', segment size: 1
07-14 12:29:23.588 E/CursorWindow( 3494): Failed to read row 6, column -1 from a CursorWindow which has 38 rows, 9 columns.
07-14 12:29:23.588 D/CallLogAdapter( 3494): java.lang.IllegalStateException: Couldn't read row 6, col -1 from CursorWindow.  Make sure the Cursor is initialized correctly before accessing data from it.
07-14 12:29:23.596 D/CallLogAdapter( 3494): ======no department find======
07-14 12:29:23.596 D/CALLLOGADAPTER( 3494): ++++++++++++++++++================================
07-14 12:29:23.596 D/ContactsProvider( 3494): [Contacts] query 'content://emdmcontacts/company_calllogs', segment size: 1
07-14 12:29:23.604 D/CallLogAdapter( 3494): quickContactView.number=============15010093591
07-14 12:29:23.604 D/CallLogAdapter( 3494): quickContactView.contactUri=============null
07-14 12:29:23.604 D/ContactsProvider( 3494): [Contacts] query 'content://emdmcontacts/contacts', segment size: 1
07-14 12:29:23.768 D/dalvikvm(  374): GC_CONCURRENT freed 2627K, 31% free 19199K/27708K, paused 6ms+17ms, total 156ms
07-14 12:29:23.932 V/TAG     (  374): bug 7643792: fitSystemWindows([0,50][0,0])
07-14 12:29:24.112 D/AndroidRuntime( 6831): 
07-14 12:29:24.112 D/AndroidRuntime( 6831): >>>>>> AndroidRuntime START com.android.internal.os.RuntimeInit <<<<<<
07-14 12:29:24.112 D/AndroidRuntime( 6831): CheckJNI is OFF
07-14 12:29:24.119 D/dalvikvm( 6831): Trying to load lib libjavacore.so 0x0
07-14 12:29:24.127 D/dalvikvm( 6831): Added shared lib libjavacore.so 0x0
07-14 12:29:24.143 D/dalvikvm( 6831): Trying to load lib libnativehelper.so 0x0
07-14 12:29:24.143 D/dalvikvm( 6831): Added shared lib libnativehelper.so 0x0
07-14 12:29:24.190 I/QueryController( 6792): Matched selector: UiSelector[TEXT=] <<==>> [android.view.accessibility.AccessibilityNodeInfo@8ede; boundsInParent: Rect(0, 0 - 384, 48); boundsInScreen: Rect(168, 596 - 552, 644); packageName: com.android.packageinstaller; className: android.widget.TextView; text: ; contentDescription: null; viewIdResName: com.android.packageinstaller:id/uninstall_confirm; checkable: false; checked: false; focusable: false; focused: false; selected: false; clickable: false; longClickable: false; enabled: true; password: false; scrollable: false; [ACTION_SELECT, ACTION_CLEAR_SELECTION, ACTION_ACCESSIBILITY_FOCUS, ACTION_NEXT_AT_MOVEMENT_GRANULARITY, ACTION_PREVIOUS_AT_MOVEMENT_GRANULARITY, ACTION_SET_SELECTION]]
