07-11 11:23:45.008 E/UiDevice( 5863): 	at com.android.commands.uiautomator.RunTestCommand.run(RunTestCommand.java:91)
07-11 11:23:45.008 E/UiDevice( 5863): 	at com.android.commands.uiautomator.Launcher.main(Launcher.java:83)
07-11 11:23:45.008 E/UiDevice( 5863): 	at com.android.internal.os.RuntimeInit.nativeFinishInit(Native Method)
07-11 11:23:45.008 E/UiDevice( 5863): 	at com.android.internal.os.RuntimeInit.main(RuntimeInit.java:235)
07-11 11:23:45.008 E/UiDevice( 5863): 	at dalvik.system.NativeStart.main(Native Method)
07-11 11:23:45.023 D/dalvikvm( 5863): Note: class Landroid/app/ActivityManagerNative; has 163 unimplemented (abstract) methods
07-11 11:23:49.000 D/dalvikvm( 1852): GC_CONCURRENT freed 387K, 5% free 9955K/10400K, paused 5ms+2ms, total 38ms
07-11 11:23:52.797 D/dalvikvm(30972): GC_CONCURRENT freed 454K, 8% free 9642K/10424K, paused 5ms+2ms, total 40ms
07-11 11:23:55.469 D/dalvikvm(  833): GC_CONCURRENT freed 1219K, 18% free 12843K/15584K, paused 14ms+16ms, total 102ms
07-11 11:24:00.226 D/dalvikvm( 5863): GC_FOR_ALLOC freed 7569K, 93% free 622K/8192K, paused 34ms, total 35ms
07-11 11:24:00.359 D/dalvikvm( 5863): GC_CONCURRENT freed 367K, 93% free 638K/8192K, paused 1ms+1ms, total 8ms
07-11 11:24:00.492 D/dalvikvm( 5863): GC_CONCURRENT freed 376K, 84% free 646K/3840K, paused 2ms+1ms, total 10ms
07-11 11:24:00.625 D/dalvikvm( 5863): GC_CONCURRENT freed 404K, 84% free 625K/3840K, paused 2ms+1ms, total 8ms
07-11 11:24:00.734 D/dalvikvm( 5863): GC_CONCURRENT freed 369K, 84% free 640K/3840K, paused 2ms+1ms, total 8ms
07-11 11:24:00.875 D/dalvikvm( 5863): GC_CONCURRENT freed 381K, 84% free 643K/3840K, paused 2ms+0ms, total 8ms
07-11 11:24:01.008 D/dalvikvm( 5863): GC_CONCURRENT freed 443K, 84% free 637K/3840K, paused 1ms+2ms, total 9ms
07-11 11:24:01.133 D/dalvikvm( 5863): GC_CONCURRENT freed 422K, 84% free 619K/3840K, paused 1ms+1ms, total 7ms
07-11 11:24:01.265 D/dalvikvm( 5863): GC_CONCURRENT freed 406K, 84% free 618K/3840K, paused 0ms+1ms, total 7ms
07-11 11:24:01.398 D/dalvikvm( 5863): GC_CONCURRENT freed 404K, 84% free 619K/3840K, paused 0ms+1ms, total 7ms
07-11 11:24:01.453 W/MountService(  374): getVolumeState(/storage/emulated/0/external_sd): Unknown volume
07-11 11:24:01.453 W/MountService(  374): getVolumeState(/mnt/sdcard-ext): Unknown volume
07-11 11:24:01.461 W/MountService(  374): getVolumeState(/mnt/ext_sdcard): Unknown volume
07-11 11:24:01.461 W/MountService(  374): getVolumeState(/mnt/sdcard2): Unknown volume
07-11 11:24:01.461 W/MountService(  374): getVolumeState(/mnt/emmc): Unknown volume
07-11 11:24:01.461 W/MountService(  374): getVolumeState(/mnt/extSdCard): Unknown volume
07-11 11:24:01.469 W/MountService(  374): getVolumeState(/mnt/sdcard/SD_CARD): Unknown volume
07-11 11:24:01.469 W/MountService(  374): getVolumeState(/mnt/sdcard/extra_sd): Unknown volume
07-11 11:24:01.469 W/MountService(  374): getVolumeState(/mnt/extrasd_bind): Unknown volume
07-11 11:24:01.469 W/MountService(  374): getVolumeState(/mnt/sdcard/ext_sd): Unknown volume
07-11 11:24:01.469 W/MountService(  374): getVolumeState(/storage/extSdCard): Unknown volume
07-11 11:24:01.476 W/MountService(  374): getVolumeState(/storage/sdcard1): Unknown volume
07-11 11:24:01.476 W/MountService(  374): getVolumeState(/mnt/sdcard/external_SD): Unknown volume
07-11 11:24:01.476 W/MountService(  374): getVolumeState(/mnt/sdcard/external_sd): Unknown volume
07-11 11:24:01.547 D/dalvikvm( 5863): GC_CONCURRENT freed 383K, 84% free 638K/3840K, paused 1ms+1ms, total 7ms
07-11 11:24:01.625 D/dalvikvm( 1736): GC_CONCURRENT freed 316K, 20% free 9663K/12000K, paused 4ms+5ms, total 60ms
07-11 11:24:01.695 D/dalvikvm( 5863): GC_CONCURRENT freed 408K, 84% free 635K/3840K, paused 2ms+1ms, total 8ms
07-11 11:24:01.742 W/MountService(  374): getVolumeState(/storage/emulated/0/external_sd): Unknown volume
07-11 11:24:01.750 W/MountService(  374): getVolumeState(/mnt/sdcard-ext): Unknown volume
07-11 11:24:01.750 W/MountService(  374): getVolumeState(/mnt/ext_sdcard): Unknown volume
07-11 11:24:01.750 W/MountService(  374): getVolumeState(/mnt/sdcard2): Unknown volume
07-11 11:24:01.750 W/MountService(  374): getVolumeState(/mnt/emmc): Unknown volume
07-11 11:24:01.750 W/MountService(  374): getVolumeState(/mnt/extSdCard): Unknown volume
07-11 11:24:01.758 W/MountService(  374): getVolumeState(/mnt/sdcard/SD_CARD): Unknown volume
07-11 11:24:01.758 W/MountService(  374): getVolumeState(/mnt/sdcard/extra_sd): Unknown volume
07-11 11:24:01.758 W/MountService(  374): getVolumeState(/mnt/extrasd_bind): Unknown volume
07-11 11:24:01.758 W/MountService(  374): getVolumeState(/mnt/sdcard/ext_sd): Unknown volume
07-11 11:24:01.765 W/MountService(  374): getVolumeState(/storage/extSdCard): Unknown volume
07-11 11:24:01.765 W/MountService(  374): getVolumeState(/storage/sdcard1): Unknown volume
07-11 11:24:01.765 W/MountService(  374): getVolumeState(/mnt/sdcard/external_SD): Unknown volume
07-11 11:24:01.765 W/MountService(  374): getVolumeState(/mnt/sdcard/external_sd): Unknown volume
07-11 11:24:01.844 D/dalvikvm( 1736): GC_CONCURRENT freed 545K, 21% free 9568K/12000K, paused 4ms+35ms, total 69ms
07-11 11:24:01.851 D/dalvikvm( 5863): GC_CONCURRENT freed 425K, 84% free 617K/3840K, paused 1ms+1ms, total 8ms
07-11 11:24:01.898 D/dalvikvm( 3259): GC_CONCURRENT freed 2529K, 21% free 16337K/20500K, paused 11ms+8ms, total 102ms
07-11 11:24:02.008 D/dalvikvm( 5863): GC_CONCURRENT freed 403K, 84% free 618K/3840K, paused 1ms+1ms, total 7ms
07-11 11:24:02.140 D/dalvikvm( 5863): GC_CONCURRENT freed 405K, 84% free 618K/3840K, paused 1ms+1ms, total 7ms
07-11 11:24:02.273 D/dalvikvm( 5863): GC_CONCURRENT freed 403K, 84% free 619K/3840K, paused 1ms+0ms, total 7ms
07-11 11:24:02.398 D/dalvikvm( 5863): GC_CONCURRENT freed 406K, 84% free 618K/3840K, paused 1ms+1ms, total 7ms
07-11 11:24:02.531 D/dalvikvm( 5863): GC_CONCURRENT freed 404K, 84% free 618K/3840K, paused 1ms+1ms, total 7ms
07-11 11:24:02.656 D/dalvikvm( 5863): GC_CONCURRENT freed 405K, 84% free 618K/3840K, paused 0ms+0ms, total 6ms
07-11 11:24:02.781 D/dalvikvm( 5863): GC_CONCURRENT freed 404K, 84% free 619K/3840K, paused 0ms+0ms, total 6ms
07-11 11:24:02.906 D/dalvikvm( 5863): GC_CONCURRENT freed 405K, 84% free 618K/3840K, paused 1ms+1ms, total 7ms
07-11 11:24:03.047 D/dalvikvm( 5863): GC_CONCURRENT freed 387K, 84% free 636K/3840K, paused 2ms+1ms, total 8ms
07-11 11:24:03.172 D/dalvikvm( 5863): GC_CONCURRENT freed 423K, 84% free 617K/3840K, paused 1ms+1ms, total 7ms
07-11 11:24:03.304 D/dalvikvm( 5863): GC_CONCURRENT freed 403K, 84% free 619K/3840K, paused 1ms+1ms, total 7ms
07-11 11:24:03.437 D/dalvikvm( 5863): GC_CONCURRENT freed 387K, 84% free 638K/3840K, paused 2ms+1ms, total 8ms
07-11 11:24:03.562 D/dalvikvm( 5863): GC_CONCURRENT freed 424K, 84% free 618K/3840K, paused 0ms+0ms, total 7ms
07-11 11:24:03.687 D/dalvikvm( 5863): GC_CONCURRENT freed 405K, 84% free 618K/3840K, paused 1ms+0ms, total 7ms
07-11 11:24:03.812 D/dalvikvm( 5863): GC_CONCURRENT freed 404K, 84% free 618K/3840K, paused 0ms+1ms, total 7ms
07-11 11:24:03.929 D/dalvikvm( 5863): GC_CONCURRENT freed 405K, 84% free 618K/3840K, paused 1ms+1ms, total 7ms
07-11 11:24:04.054 D/dalvikvm( 5863): GC_CONCURRENT freed 403K, 84% free 619K/3840K, paused 1ms+1ms, total 7ms
07-11 11:24:04.187 D/dalvikvm( 5863): GC_CONCURRENT freed 406K, 84% free 618K/3840K, paused 0ms+1ms, total 7ms
07-11 11:24:04.312 D/dalvikvm( 5863): GC_CONCURRENT freed 403K, 84% free 619K/3840K, paused 1ms+1ms, total 8ms
07-11 11:24:04.414 D/LightsService(  374): Excessive delay setting light: 67ms
07-11 11:24:04.445 D/dalvikvm( 5863): GC_CONCURRENT freed 406K, 84% free 618K/3840K, paused 0ms+1ms, total 7ms
07-11 11:24:04.570 D/dalvikvm( 5863): GC_CONCURRENT freed 404K, 84% free 619K/3840K, paused 1ms+1ms, total 7ms
07-11 11:24:04.695 D/dalvikvm( 5863): GC_CONCURRENT freed 405K, 84% free 618K/3840K, paused 0ms+0ms, total 6ms
07-11 11:24:04.828 D/dalvikvm( 5863): GC_CONCURRENT freed 403K, 84% free 619K/3840K, paused 1ms+1ms, total 7ms
07-11 11:24:04.953 D/dalvikvm( 5863): GC_CONCURRENT freed 387K, 84% free 635K/3840K, paused 1ms+0ms, total 7ms
07-11 11:24:05.101 D/dalvikvm( 5863): GC_CONCURRENT freed 406K, 84% free 636K/3840K, paused 1ms+1ms, total 9ms
07-11 11:24:05.234 D/dalvikvm( 5863): GC_CONCURRENT freed 424K, 84% free 614K/3840K, paused 1ms+1ms, total 7ms
07-11 11:24:05.359 D/dalvikvm( 5863): GC_CONCURRENT freed 405K, 84% free 615K/3840K, paused 0ms+0ms, total 6ms
07-11 11:24:05.500 D/dalvikvm( 5863): GC_CONCURRENT freed 405K, 84% free 614K/3840K, paused 0ms+0ms, total 7ms
07-11 11:24:05.633 D/dalvikvm( 5863): GC_CONCURRENT freed 382K, 84% free 616K/3840K, paused 2ms+1ms, total 7ms
07-11 11:24:05.765 D/dalvikvm( 5863): GC_CONCURRENT freed 409K, 84% free 636K/3840K, paused 0ms+1ms, total 7ms
07-11 11:24:05.890 D/dalvikvm( 5863): GC_CONCURRENT freed 421K, 84% free 619K/3840K, paused 0ms+0ms, total 7ms
07-11 11:24:06.015 D/dalvikvm( 5863): GC_CONCURRENT freed 406K, 84% free 618K/3840K, paused 1ms+1ms, total 7ms
07-11 11:24:06.148 D/dalvikvm( 5863): GC_CONCURRENT freed 403K, 84% free 619K/3840K, paused 0ms+1ms, total 7ms
07-11 11:24:06.281 D/dalvikvm( 5863): GC_CONCURRENT freed 406K, 84% free 618K/3840K, paused 1ms+1ms, total 7ms
07-11 11:24:06.429 D/dalvikvm( 5863): GC_CONCURRENT freed 404K, 84% free 618K/3840K, paused 1ms+1ms, total 8ms
07-11 11:24:06.461 D/dalvikvm( 3259): GC_CONCURRENT freed 2450K, 21% free 16281K/20500K, paused 4ms+7ms, total 96ms
07-11 11:24:06.586 D/dalvikvm( 5863): GC_CONCURRENT freed 405K, 84% free 618K/3840K, paused 1ms+1ms, total 7ms
07-11 11:24:06.719 D/dalvikvm( 5863): GC_CONCURRENT freed 403K, 84% free 619K/3840K, paused 1ms+1ms, total 7ms
07-11 11:24:06.851 D/dalvikvm( 5863): GC_CONCURRENT freed 406K, 84% free 618K/3840K, paused 0ms+1ms, total 7ms
07-11 11:24:06.976 D/dalvikvm( 5863): GC_CONCURRENT freed 403K, 84% free 619K/3840K, paused 1ms+1ms, total 8ms
07-11 11:24:07.109 D/dalvikvm( 5863): GC_CONCURRENT freed 406K, 84% free 618K/3840K, paused 1ms+1ms, total 7ms
07-11 11:24:07.242 D/dalvikvm( 5863): GC_CONCURRENT freed 404K, 84% free 618K/3840K, paused 1ms+1ms, total 7ms
07-11 11:24:07.375 D/dalvikvm( 5863): GC_CONCURRENT freed 405K, 84% free 618K/3840K, paused 0ms+1ms, total 6ms
07-11 11:24:07.500 D/dalvikvm( 5863): GC_CONCURRENT freed 404K, 84% free 618K/3840K, paused 0ms+0ms, total 6ms
07-11 11:24:07.633 D/dalvikvm( 5863): GC_CONCURRENT freed 406K, 84% free 617K/3840K, paused 0ms+1ms, total 7ms
07-11 11:24:07.765 D/dalvikvm( 5863): GC_CONCURRENT freed 405K, 84% free 615K/3840K, paused 0ms+0ms, total 6ms
07-11 11:24:07.890 D/dalvikvm( 5863): GC_CONCURRENT freed 382K, 84% free 617K/3840K, paused 2ms+1ms, total 8ms
07-11 11:24:08.023 D/dalvikvm( 5863): GC_CONCURRENT freed 350K, 84% free 650K/3840K, paused 1ms+0ms, total 7ms
07-11 11:24:08.156 D/dalvikvm( 5863): GC_CONCURRENT freed 440K, 84% free 649K/3840K, paused 1ms+2ms, total 9ms
07-11 11:24:08.289 D/dalvikvm( 5863): GC_CONCURRENT freed 445K, 84% free 618K/3840K, paused 0ms+1ms, total 7ms
07-11 11:24:08.414 D/dalvikvm( 5863): GC_CONCURRENT freed 406K, 84% free 618K/3840K, paused 1ms+2ms, total 8ms
07-11 11:24:08.539 D/dalvikvm( 5863): GC_CONCURRENT freed 403K, 84% free 619K/3840K, paused 0ms+0ms, total 6ms
07-11 11:24:08.664 D/dalvikvm( 5863): GC_CONCURRENT freed 406K, 84% free 618K/3840K, paused 0ms+1ms, total 7ms
07-11 11:24:08.789 D/dalvikvm( 5863): GC_CONCURRENT freed 404K, 84% free 619K/3840K, paused 1ms+1ms, total 7ms
07-11 11:24:08.914 D/dalvikvm( 5863): GC_CONCURRENT freed 406K, 84% free 618K/3840K, paused 1ms+1ms, total 7ms
07-11 11:24:09.039 D/dalvikvm( 5863): GC_CONCURRENT freed 386K, 84% free 635K/3840K, paused 2ms+1ms, total 8ms
07-11 11:24:09.172 D/dalvikvm( 5863): GC_CONCURRENT freed 425K, 84% free 617K/3840K, paused 1ms+0ms, total 7ms
07-11 11:24:09.304 D/dalvikvm( 5863): GC_CONCURRENT freed 403K, 84% free 618K/3840K, paused 2ms+1ms, total 9ms
07-11 11:24:09.429 D/dalvikvm( 5863): GC_CONCURRENT freed 405K, 84% free 618K/3840K, paused 1ms+1ms, total 7ms
07-11 11:24:09.547 D/dalvikvm( 5863): GC_CONCURRENT freed 404K, 84% free 619K/3840K, paused 0ms+0ms, total 6ms
07-11 11:24:09.679 D/dalvikvm( 5863): GC_CONCURRENT freed 386K, 84% free 638K/3840K, paused 2ms+0ms, total 8ms
07-11 11:24:09.797 D/dalvikvm( 5863): GC_CONCURRENT freed 423K, 84% free 619K/3840K, paused 0ms+0ms, total 6ms
07-11 11:24:09.922 D/dalvikvm( 5863): GC_CONCURRENT freed 406K, 84% free 618K/3840K, paused 1ms+1ms, total 7ms
07-11 11:24:10.047 D/dalvikvm( 5863): GC_CONCURRENT freed 403K, 84% free 619K/3840K, paused 0ms+1ms, total 6ms
07-11 11:24:10.179 D/dalvikvm( 5863): GC_CONCURRENT freed 387K, 84% free 635K/3840K, paused 2ms+1ms, total 8ms
07-11 11:24:10.297 I/PowerManagerService(  374): Going to sleep due to screen timeout...
07-11 11:24:10.320 D/dalvikvm( 5863): GC_CONCURRENT freed 425K, 84% free 617K/3840K, paused 1ms+1ms, total 7ms
07-11 11:24:10.344 I/PowerManagerService(  374): Waking up from sleep...
07-11 11:24:10.375 D/MdmApplication( 3259): [null:-1]->onActivityPaused market.activity.AppListActivity , mActivityCount = 1
07-11 11:24:10.375 D/MDM :   ( 3259): [null:-1]->query
07-11 11:24:10.375 D/MDM :   ( 3259): [null:-1]->QUERY_PINCODE_CHECK_RESULT
07-11 11:24:10.375 E/Mdm     ( 3259): Call Mdm service's setLastExitTime function
07-11 11:24:10.531 D/NfcService(  592): NFC-C OFF, disconnect
07-11 11:24:10.656 D/dalvikvm(30779): GC_CONCURRENT freed 385K, 7% free 9740K/10396K, paused 4ms+3ms, total 29ms
07-11 11:24:10.656 D/dalvikvm(30779): WAIT_FOR_CONCURRENT_GC blocked 19ms
07-11 11:24:10.711 D/MDM :   ( 3259): [null:-1]->query
07-11 11:24:10.711 D/MDM :   ( 3259): [null:-1]->QUERY_SETTING_PIN_ONOFF
07-11 11:24:10.734 I/WindowManager(  374): No lock screen!
07-11 11:24:10.742 D/MdmApplication( 3259): [null:-1]->onActivityStarted market.activity.AppListActivity , mActivityCount = 0
07-11 11:24:10.742 E/Mdm     ( 3259): Call Mdm service's setLastExitTime function
07-11 11:24:10.742 D/MDM :   ( 3259): [null:-1]->query
07-11 11:24:10.742 D/MDM :   ( 3259): [null:-1]->QUERY_SETTING_PIN_TIMEOUT
07-11 11:24:10.742 D/MDM :   ( 3259): [null:-1]->query
07-11 11:24:10.742 D/MDM :   ( 3259): [null:-1]->QUERY_PINCODE_CHECK_RESULT
07-11 11:24:10.750 D/mdm_log ( 3259): [null:-1]->has installed com.moji.mjweather
07-11 11:24:10.883 D/LightsService(  374): Excessive delay setting light: 97ms
07-11 11:24:10.976 D/LightsService(  374): Excessive delay setting light: 83ms
07-11 11:24:11.047 V/DigitalWidgetViewsFactory( 4289): DigitalWidget sets next alarm string to null
07-11 11:24:11.195 D/LightsService(  374): Excessive delay setting light: 131ms
07-11 11:24:11.258 D/LightsService(  374): Excessive delay setting light: 64ms
07-11 11:24:11.406 D/AndroidRuntime( 5883): 
07-11 11:24:11.406 D/AndroidRuntime( 5883): >>>>>> AndroidRuntime START com.android.internal.os.RuntimeInit <<<<<<
07-11 11:24:11.406 D/AndroidRuntime( 5883): CheckJNI is OFF
07-11 11:24:11.422 D/dalvikvm( 5883): Trying to load lib libjavacore.so 0x0
07-11 11:24:11.429 D/dalvikvm( 5883): Added shared lib libjavacore.so 0x0
07-11 11:24:11.445 D/dalvikvm( 5883): Trying to load lib libnativehelper.so 0x0
07-11 11:24:11.445 D/dalvikvm( 5883): Added shared lib libnativehelper.so 0x0
07-11 11:24:11.578 D/dalvikvm( 5863): GC_CONCURRENT freed 398K, 84% free 644K/3840K, paused 2ms+0ms, total 8ms
07-11 11:24:11.609 D/NfcService(  592): NFC-C ON
07-11 11:24:11.711 D/AndroidRuntime( 5883): Calling main entry com.qihoo360.powerctl.root.app.App
07-11 11:24:11.711 D/AndroidRuntime( 5883): Shutting down VM
07-11 11:24:11.719 D/dalvikvm( 5883): GC_CONCURRENT freed 114K, 22% free 467K/592K, paused 1ms+0ms, total 4ms
07-11 11:24:11.719 I/AndroidRuntime( 5883): NOTE: attach of thread 'Binder_1' failed
07-11 11:24:11.742 D/dalvikvm( 5863): GC_CONCURRENT freed 423K, 84% free 627K/3840K, paused 2ms+1ms, total 9ms
07-11 11:24:11.859 D/dalvikvm( 3259): GC_CONCURRENT freed 2386K, 21% free 16273K/20500K, paused 4ms+7ms, total 91ms
07-11 11:24:11.914 D/dalvikvm( 5863): GC_CONCURRENT freed 406K, 84% free 627K/3840K, paused 1ms+1ms, total 8ms
07-11 11:24:12.547 D/dalvikvm( 5863): GC_CONCURRENT freed 390K, 84% free 646K/3840K, paused 0ms+1ms, total 7ms
07-11 11:24:12.679 D/dalvikvm( 5863): GC_CONCURRENT freed 425K, 84% free 626K/3840K, paused 2ms+1ms, total 9ms
07-11 11:24:12.812 D/dalvikvm( 5863): GC_CONCURRENT freed 404K, 84% free 626K/3840K, paused 2ms+1ms, total 9ms
07-11 11:24:12.945 D/dalvikvm( 5863): GC_CONCURRENT freed 386K, 84% free 646K/3840K, paused 2ms+0ms, total 8ms
07-11 11:24:13.070 D/dalvikvm( 5863): GC_CONCURRENT freed 424K, 84% free 626K/3840K, paused 1ms+1ms, total 7ms
07-11 11:24:13.195 D/dalvikvm( 5863): GC_CONCURRENT freed 385K, 84% free 647K/3840K, paused 1ms+1ms, total 7ms
07-11 11:24:13.328 D/dalvikvm( 5863): GC_CONCURRENT freed 424K, 84% free 627K/3840K, paused 0ms+1ms, total 7ms
07-11 11:24:13.453 D/dalvikvm( 5863): GC_CONCURRENT freed 405K, 84% free 627K/3840K, paused 0ms+1ms, total 7ms
07-11 11:24:13.586 D/dalvikvm( 5863): GC_CONCURRENT freed 406K, 84% free 624K/3840K, paused 0ms+0ms, total 8ms
07-11 11:24:13.711 D/dalvikvm( 5863): GC_CONCURRENT freed 404K, 84% free 623K/3840K, paused 1ms+1ms, total 7ms
07-11 11:24:13.844 D/dalvikvm( 5863): GC_CONCURRENT freed 400K, 84% free 630K/3840K, paused 2ms+1ms, total 9ms
07-11 11:24:13.976 D/dalvikvm( 5863): GC_CONCURRENT freed 409K, 84% free 626K/3840K, paused 1ms+1ms, total 8ms
07-11 11:24:14.101 D/dalvikvm( 5863): GC_CONCURRENT freed 403K, 84% free 626K/3840K, paused 0ms+0ms, total 7ms
07-11 11:24:14.226 D/dalvikvm( 5863): GC_CONCURRENT freed 406K, 84% free 623K/3840K, paused 1ms+0ms, total 7ms
07-11 11:24:14.359 D/dalvikvm( 5863): GC_CONCURRENT freed 384K, 84% free 644K/3840K, paused 2ms+1ms, total 8ms
07-11 11:24:14.484 D/dalvikvm( 5863): GC_CONCURRENT freed 402K, 84% free 625K/3840K, paused 1ms+0ms, total 7ms
07-11 11:24:14.617 D/dalvikvm( 5863): GC_CONCURRENT freed 407K, 84% free 644K/3840K, paused 1ms+1ms, total 8ms
07-11 11:24:14.750 D/dalvikvm( 5863): GC_CONCURRENT freed 402K, 84% free 625K/3840K, paused 1ms+0ms, total 7ms
07-11 11:24:14.883 D/dalvikvm( 5863): GC_CONCURRENT freed 407K, 84% free 645K/3840K, paused 0ms+1ms, total 7ms
07-11 11:24:15.015 D/dalvikvm( 5863): GC_CONCURRENT freed 424K, 84% free 626K/3840K, paused 0ms+0ms, total 7ms
07-11 11:24:15.140 D/dalvikvm( 5863): GC_CONCURRENT freed 404K, 84% free 626K/3840K, paused 1ms+1ms, total 7ms
07-11 11:24:15.265 D/dalvikvm( 5863): GC_CONCURRENT freed 405K, 84% free 627K/3840K, paused 1ms+1ms, total 7ms
07-11 11:24:15.398 D/dalvikvm( 5863): GC_CONCURRENT freed 404K, 84% free 626K/3840K, paused 1ms+0ms, total 8ms
07-11 11:24:15.531 D/dalvikvm( 5863): GC_CONCURRENT freed 405K, 84% free 627K/3840K, paused 1ms+1ms, total 7ms
07-11 11:24:15.656 D/dalvikvm( 5863): GC_CONCURRENT freed 403K, 84% free 627K/3840K, paused 0ms+1ms, total 7ms
07-11 11:24:15.789 D/dalvikvm( 5863): GC_CONCURRENT freed 406K, 84% free 627K/3840K, paused 1ms+1ms, total 8ms
07-11 11:24:15.914 D/dalvikvm( 5863): GC_CONCURRENT freed 403K, 84% free 627K/3840K, paused 1ms+0ms, total 7ms
07-11 11:24:16.039 D/dalvikvm( 5863): GC_CONCURRENT freed 407K, 84% free 626K/3840K, paused 0ms+0ms, total 6ms
07-11 11:24:16.164 D/dalvikvm( 5863): GC_CONCURRENT freed 403K, 84% free 627K/3840K, paused 0ms+1ms, total 7ms
07-11 11:24:16.289 D/dalvikvm( 5863): GC_CONCURRENT freed 406K, 84% free 627K/3840K, paused 1ms+1ms, total 7ms
07-11 11:24:16.414 D/dalvikvm( 5863): GC_CONCURRENT freed 404K, 84% free 627K/3840K, paused 0ms+0ms, total 7ms
07-11 11:24:16.539 D/dalvikvm( 5863): GC_CONCURRENT freed 406K, 84% free 626K/3840K, paused 0ms+1ms, total 7ms
07-11 11:24:16.664 D/dalvikvm( 5863): GC_CONCURRENT freed 403K, 84% free 627K/3840K, paused 0ms+0ms, total 7ms
07-11 11:24:16.797 D/dalvikvm( 5863): GC_CONCURRENT freed 407K, 84% free 626K/3840K, paused 0ms+1ms, total 8ms
07-11 11:24:16.859 D/dalvikvm( 3259): GC_CONCURRENT freed 2383K, 21% free 16261K/20500K, paused 5ms+7ms, total 67ms
07-11 11:24:16.953 D/dalvikvm( 5863): GC_CONCURRENT freed 405K, 84% free 623K/3840K, paused 0ms+0ms, total 6ms
07-11 11:24:17.094 D/dalvikvm( 5863): GC_CONCURRENT freed 404K, 84% free 623K/3840K, paused 0ms+0ms, total 6ms
07-11 11:24:17.226 D/dalvikvm( 5863): GC_CONCURRENT freed 405K, 84% free 623K/3840K, paused 0ms+0ms, total 6ms
07-11 11:24:17.359 D/dalvikvm( 5863): GC_CONCURRENT freed 404K, 84% free 623K/3840K, paused 1ms+1ms, total 7ms
07-11 11:24:17.500 D/dalvikvm( 5863): GC_CONCURRENT freed 405K, 84% free 624K/3840K, paused 1ms+1ms, total 9ms
07-11 11:24:17.633 D/dalvikvm( 5863): GC_CONCURRENT freed 404K, 84% free 623K/3840K, paused 0ms+0ms, total 6ms
07-11 11:24:17.773 D/dalvikvm( 5863): GC_CONCURRENT freed 405K, 84% free 624K/3840K, paused 0ms+0ms, total 7ms
07-11 11:24:17.906 D/dalvikvm( 5863): GC_CONCURRENT freed 403K, 84% free 627K/3840K, paused 0ms+1ms, total 7ms
07-11 11:24:18.031 D/dalvikvm( 5863): GC_CONCURRENT freed 404K, 84% free 627K/3840K, paused 0ms+0ms, total 6ms
07-11 11:24:18.156 D/dalvikvm( 5863): GC_CONCURRENT freed 406K, 84% free 626K/3840K, paused 0ms+1ms, total 6ms
07-11 11:24:18.281 D/dalvikvm( 5863): GC_CONCURRENT freed 403K, 84% free 627K/3840K, paused 1ms+1ms, total 7ms
07-11 11:24:18.406 D/dalvikvm( 5863): GC_CONCURRENT freed 406K, 84% free 626K/3840K, paused 1ms+1ms, total 7ms
07-11 11:24:18.523 D/dalvikvm( 5863): GC_CONCURRENT freed 403K, 84% free 627K/3840K, paused 0ms+1ms, total 6ms
07-11 11:24:18.648 D/dalvikvm( 5863): GC_CONCURRENT freed 406K, 84% free 626K/3840K, paused 0ms+1ms, total 8ms
07-11 11:24:18.773 D/dalvikvm( 5863): GC_CONCURRENT freed 403K, 84% free 626K/3840K, paused 0ms+0ms, total 6ms
07-11 11:24:18.906 D/dalvikvm( 5863): GC_CONCURRENT freed 406K, 84% free 626K/3840K, paused 0ms+1ms, total 7ms
07-11 11:24:19.039 D/dalvikvm( 5863): GC_CONCURRENT freed 403K, 84% free 627K/3840K, paused 1ms+1ms, total 8ms
07-11 11:24:19.164 D/dalvikvm( 5863): GC_CONCURRENT freed 387K, 84% free 643K/3840K, paused 1ms+0ms, total 7ms
07-11 11:24:19.297 D/dalvikvm( 5863): GC_CONCURRENT freed 406K, 84% free 644K/3840K, paused 2ms+2ms, total 10ms
07-11 11:24:19.429 D/dalvikvm( 5863): GC_CONCURRENT freed 403K, 84% free 643K/3840K, paused 2ms+1ms, total 8ms
07-11 11:24:19.562 D/dalvikvm( 5863): GC_CONCURRENT freed 402K, 84% free 625K/3840K, paused 1ms+1ms, total 7ms
07-11 11:24:19.695 D/dalvikvm( 5863): GC_CONCURRENT freed 374K, 83% free 677K/3840K, paused 2ms+2ms, total 12ms
07-11 11:24:19.820 D/dalvikvm( 5863): GC_CONCURRENT freed 458K, 84% free 625K/3840K, paused 1ms+1ms, total 7ms
07-11 11:24:19.953 D/dalvikvm( 5863): GC_CONCURRENT freed 384K, 84% free 646K/3840K, paused 2ms+1ms, total 8ms
07-11 11:24:20.078 D/dalvikvm( 5863): GC_CONCURRENT freed 424K, 84% free 626K/3840K, paused 0ms+1ms, total 7ms
07-11 11:24:20.203 D/dalvikvm( 5863): GC_CONCURRENT freed 405K, 84% free 627K/3840K, paused 1ms+1ms, total 7ms
07-11 11:24:20.328 D/dalvikvm( 5863): GC_CONCURRENT freed 404K, 84% free 626K/3840K, paused 0ms+0ms, total 6ms
07-11 11:24:20.453 D/dalvikvm( 5863): GC_CONCURRENT freed 405K, 84% free 627K/3840K, paused 1ms+1ms, total 7ms
07-11 11:24:20.578 D/dalvikvm( 5863): GC_CONCURRENT freed 404K, 84% free 626K/3840K, paused 1ms+1ms, total 7ms
07-11 11:24:20.703 D/dalvikvm( 5863): GC_CONCURRENT freed 386K, 84% free 646K/3840K, paused 2ms+1ms, total 8ms
07-11 11:24:20.820 D/dalvikvm( 5863): GC_CONCURRENT freed 423K, 84% free 627K/3840K, paused 1ms+1ms, total 8ms
07-11 11:24:20.945 D/dalvikvm( 5863): GC_CONCURRENT freed 384K, 84% free 626K/3840K, paused 2ms+1ms, total 8ms
07-11 11:24:21.078 D/dalvikvm( 5863): GC_CONCURRENT freed 352K, 83% free 657K/3840K, paused 2ms+1ms, total 8ms
07-11 11:24:21.211 D/dalvikvm( 5863): GC_CONCURRENT freed 448K, 84% free 651K/3840K, paused 1ms+1ms, total 8ms
07-11 11:24:21.344 D/dalvikvm( 5863): GC_CONCURRENT freed 415K, 84% free 645K/3840K, paused 0ms+1ms, total 8ms
07-11 11:24:21.367 D/dalvikvm( 3259): GC_CONCURRENT freed 2366K, 21% free 16259K/20500K, paused 4ms+6ms, total 73ms
07-11 11:24:21.500 D/dalvikvm( 5863): GC_CONCURRENT freed 403K, 84% free 626K/3840K, paused 2ms+1ms, total 8ms
07-11 11:24:21.625 D/dalvikvm( 5863): GC_CONCURRENT freed 364K, 83% free 653K/3840K, paused 1ms+1ms, total 7ms
07-11 11:24:21.758 D/dalvikvm( 5863): GC_CONCURRENT freed 439K, 84% free 650K/3840K, paused 1ms+1ms, total 8ms
07-11 11:24:21.890 D/dalvikvm( 5863): GC_CONCURRENT freed 433K, 84% free 624K/3840K, paused 1ms+1ms, total 8ms
07-11 11:24:22.023 D/dalvikvm( 5863): GC_CONCURRENT freed 404K, 84% free 626K/3840K, paused 1ms+1ms, total 7ms
07-11 11:24:22.140 D/dalvikvm( 5863): GC_CONCURRENT freed 403K, 84% free 627K/3840K, paused 0ms+1ms, total 7ms
07-11 11:24:22.265 D/dalvikvm( 5863): GC_CONCURRENT freed 406K, 84% free 627K/3840K, paused 0ms+0ms, total 6ms
07-11 11:24:22.390 D/dalvikvm( 5863): GC_CONCURRENT freed 404K, 84% free 627K/3840K, paused 0ms+0ms, total 7ms
07-11 11:24:22.515 D/dalvikvm( 5863): GC_CONCURRENT freed 406K, 84% free 626K/3840K, paused 1ms+1ms, total 7ms
07-11 11:24:22.640 D/dalvikvm( 5863): GC_CONCURRENT freed 403K, 84% free 626K/3840K, paused 0ms+1ms, total 7ms
07-11 11:24:22.765 D/dalvikvm( 5863): GC_CONCURRENT freed 405K, 84% free 627K/3840K, paused 1ms+1ms, total 7ms
07-11 11:24:22.890 D/dalvikvm( 5863): GC_CONCURRENT freed 404K, 84% free 626K/3840K, paused 1ms+1ms, total 7ms
07-11 11:24:23.015 D/dalvikvm( 5863): GC_CONCURRENT freed 405K, 84% free 627K/3840K, paused 0ms+0ms, total 6ms
07-11 11:24:23.140 D/dalvikvm( 5863): GC_CONCURRENT freed 403K, 84% free 627K/3840K, paused 1ms+0ms, total 7ms
07-11 11:24:23.265 D/dalvikvm( 5863): GC_CONCURRENT freed 406K, 84% free 627K/3840K, paused 0ms+0ms, total 6ms
07-11 11:24:23.390 D/dalvikvm( 5863): GC_CONCURRENT freed 404K, 84% free 627K/3840K, paused 1ms+1ms, total 9ms
07-11 11:24:23.515 D/dalvikvm( 5863): GC_CONCURRENT freed 406K, 84% free 627K/3840K, paused 1ms+1ms, total 7ms
07-11 11:24:23.640 D/dalvikvm( 5863): GC_CONCURRENT freed 404K, 84% free 626K/3840K, paused 0ms+0ms, total 6ms
07-11 11:24:23.765 D/dalvikvm( 5863): GC_CONCURRENT freed 406K, 84% free 626K/3840K, paused 0ms+1ms, total 7ms
07-11 11:24:23.890 D/dalvikvm( 5863): GC_CONCURRENT freed 403K, 84% free 627K/3840K, paused 0ms+0ms, total 6ms
07-11 11:24:24.015 D/dalvikvm( 5863): GC_CONCURRENT freed 405K, 84% free 627K/3840K, paused 1ms+1ms, total 7ms
07-11 11:24:24.140 D/dalvikvm( 5863): GC_CONCURRENT freed 404K, 84% free 626K/3840K, paused 1ms+1ms, total 7ms
07-11 11:24:24.265 D/dalvikvm( 5863): GC_CONCURRENT freed 405K, 84% free 627K/3840K, paused 0ms+1ms, total 6ms
07-11 11:24:24.390 D/dalvikvm( 5863): GC_CONCURRENT freed 404K, 84% free 627K/3840K, paused 0ms+1ms, total 7ms
07-11 11:24:24.515 D/dalvikvm( 5863): GC_CONCURRENT freed 407K, 84% free 626K/3840K, paused 0ms+0ms, total 6ms
07-11 11:24:24.633 D/dalvikvm( 5863): GC_CONCURRENT freed 403K, 84% free 627K/3840K, paused 1ms+1ms, total 7ms
07-11 11:24:24.758 D/dalvikvm( 5863): GC_CONCURRENT freed 406K, 84% free 626K/3840K, paused 1ms+1ms, total 7ms
07-11 11:24:24.883 D/dalvikvm( 5863): GC_CONCURRENT freed 404K, 84% free 626K/3840K, paused 0ms+1ms, total 7ms
07-11 11:24:25.008 D/dalvikvm( 5863): GC_CONCURRENT freed 405K, 84% free 627K/3840K, paused 1ms+1ms, total 7ms
07-11 11:24:25.133 D/dalvikvm( 5863): GC_CONCURRENT freed 404K, 84% free 626K/3840K, paused 1ms+1ms, total 8ms
07-11 11:24:25.258 D/dalvikvm( 5863): GC_CONCURRENT freed 405K, 84% free 626K/3840K, paused 0ms+0ms, total 6ms
07-11 11:24:25.383 D/dalvikvm( 5863): GC_CONCURRENT freed 404K, 84% free 626K/3840K, paused 0ms+1ms, total 7ms
07-11 11:24:25.508 D/dalvikvm( 5863): GC_CONCURRENT freed 406K, 84% free 626K/3840K, paused 1ms+0ms, total 7ms
07-11 11:24:25.570 D/MDM :   ( 3259): [null:-1]->MSG_WEBSOCKET_MESSAGE : {"id":-960162908,"type":0,"command":0,"result":0,"reason":0,"params":{"msgId":"5bdd8806-119b-43d4-92b2-e0f581a45a3e,5bdd8806119b43d492b2e0f581a45a3e","device":"ffffffffc539bb10fffffffff7aea961","message":"{\"cmd\":\"10119\"}"}}
07-11 11:24:25.578 D/MdmService( 3259): [null:-1]->push message type :0
07-11 11:24:25.578 D/MdmService( 3259): [null:-1]->cmdMessage : {"cmd":"10119"}
07-11 11:24:25.586 D/MdmService( 3259): [null:-1]->command : PushCommandMsg{cmd='10119', msg='null'}
07-11 11:24:25.586 D/MDM :   ( 3259): [null:-1]->PUSH CMD: 10119
07-11 11:24:25.586 D/MdmStatusManager( 3259): [null:-1]->change status to : Busy
07-11 11:24:25.594 D/DB      ( 3259): query: SQLiteQuery: SELECT content, command_status, status FROM command WHERE status!=2
07-11 11:24:25.594 D/DB      ( 3259): factory null
07-11 11:24:25.594 D/DB      ( 3259): fillWindow: 0
07-11 11:24:25.594 D/DB      ( 3259): cursor 0
07-11 11:24:25.594 D/DB      ( 3259): moveToPos: 0
07-11 11:24:25.594 I/TransInfo( 3259): TransInfo created, id: 3, class: class com.pekall.emdm.transaction.b.c
07-11 11:24:25.594 D/NetworkThread( 3259): [null:-1]->----isRunning-----true
07-11 11:24:25.594 D/NetworkThread( 3259): [null:-1]->----isRunning-----true
07-11 11:24:25.594 D/NetworkThread( 3259): [null:-1]->thread wakeup
07-11 11:24:25.601 D/HttpClient( 3259): enable apache.http debug
07-11 11:24:25.648 V/DEBUG   ( 3259): HTTP 0
07-11 11:24:25.656 D/dalvikvm( 3259): GC_CONCURRENT freed 2398K, 21% free 16312K/20500K, paused 3ms+8ms, total 70ms
07-11 11:24:25.711 D/dalvikvm( 5863): GC_CONCURRENT freed 403K, 84% free 626K/3840K, paused 1ms+1ms, total 8ms
07-11 11:24:25.859 D/dalvikvm( 5863): GC_CONCURRENT freed 405K, 84% free 626K/3840K, paused 0ms+1ms, total 7ms
07-11 11:24:25.984 D/dalvikvm( 5863): GC_CONCURRENT freed 404K, 84% free 626K/3840K, paused 1ms+1ms, total 7ms
07-11 11:24:26.109 D/dalvikvm( 5863): GC_CONCURRENT freed 406K, 84% free 626K/3840K, paused 2ms+1ms, total 8ms
07-11 11:24:26.195 V/DEBUG   ( 3259): HTTP 1
07-11 11:24:26.203 D/MDM :   ( 3259): [null:-1]->read network input stream
07-11 11:24:26.211 D/CheckInTransInfo( 3259): [null:-1]->CommandMsg : CommandMsg{CommandUUID='8a8088bf471a79ec014723736cd24185', Command=CommandRemoveApp{Identifier='by.game.binumbers', fromMarket=true}}
07-11 11:24:26.211 D/DB      ( 3259): query: SQLiteQuery: SELECT * FROM command WHERE cmd_uuid='8a8088bf471a79ec014723736cd24185'
07-11 11:24:26.211 D/DB      ( 3259): factory null
07-11 11:24:26.211 D/DB      ( 3259): fillWindow: 0
07-11 11:24:26.219 D/DB      ( 3259): cursor 0
07-11 11:24:26.250 D/dalvikvm( 5863): GC_CONCURRENT freed 403K, 84% free 627K/3840K, paused 1ms+1ms, total 8ms
07-11 11:24:26.265 D/NetworkThread( 3259): [null:-1]->queue is empty, thread wait...
07-11 11:24:26.367 D/MdmService( 3259): [null:-1]->handleCheckInResult
07-11 11:24:26.367 D/MdmService( 3259): [null:-1]->handleCheckInResult result keyIndex: 3
07-11 11:24:26.367 D/CommandManager( 3259): [null:-1]->execute command: CommandMsg{CommandUUID='8a8088bf471a79ec014723736cd24185', Command=CommandRemoveApp{Identifier='by.game.binumbers', fromMarket=true}}
07-11 11:24:26.367 D/TEST_ALL( 3259): [null:-1]->REQ_TYPE_RM_APP
07-11 11:24:26.375 D/dalvikvm( 5863): GC_CONCURRENT freed 405K, 84% free 627K/3840K, paused 0ms+0ms, total 6ms
07-11 11:24:26.453 D/DB      ( 3259): query: SQLiteQuery: SELECT * FROM app WHERE readStatus =0
07-11 11:24:26.453 D/DB      ( 3259): factory null
07-11 11:24:26.453 D/DB      ( 3259): fillWindow: 0
07-11 11:24:26.453 D/DB      ( 3259): cursor 0
07-11 11:24:26.453 E/Mdm     ( 3259): Call Mdm service's recordIconCount function
07-11 11:24:26.453 D/DB      ( 3259): query: SQLiteQuery: SELECT * FROM app WHERE type = 51107
07-11 11:24:26.453 D/DB      ( 3259): factory null
07-11 11:24:26.453 D/DB      ( 3259): fillWindow: 0
07-11 11:24:26.453 D/DB      ( 3259): cursor 1
07-11 11:24:26.484 D/DB      ( 3259): moveToPos: 0
07-11 11:24:26.484 D/DB      ( 3259): onMove: 0
07-11 11:24:26.484 D/DB      ( 3259): moveToPos: 1
07-11 11:24:26.484 I/TransInfo( 3259): TransInfo created, id: 3, class: class com.pekall.emdm.transaction.b.c
07-11 11:24:26.492 D/NetworkThread( 3259): [null:-1]->----isRunning-----true
07-11 11:24:26.492 D/NetworkThread( 3259): [null:-1]->----isRunning-----true
07-11 11:24:26.492 D/NetworkThread( 3259): [null:-1]->thread wakeup
07-11 11:24:26.492 D/HttpClient( 3259): enable apache.http debug
07-11 11:24:26.500 V/DEBUG   ( 3259): HTTP 0
07-11 11:24:26.601 D/dalvikvm( 5863): GC_CONCURRENT freed 393K, 84% free 619K/3840K, paused 2ms+1ms, total 8ms
07-11 11:24:26.750 V/DEBUG   ( 3259): HTTP 1
07-11 11:24:26.750 D/MdmDatabaseHelper( 3259): [null:-1]->update command 8a8088bf471a79ec014723736cd24185 to status executed
07-11 11:24:26.789 D/NetworkThread( 3259): [null:-1]->queue is empty, thread wait...
07-11 11:24:26.851 D/MdmService( 3259): [null:-1]->handleCheckInResult
07-11 11:24:26.851 D/MdmService( 3259): [null:-1]->handleCheckInResult result keyIndex: 3
07-11 11:24:26.859 D/HandleCommandTask( 3259): [null:-1]->execute command msg but beanBase is null
07-11 11:24:26.859 D/MdmStatusManager( 3259): [null:-1]->change status to : Idle
07-11 11:24:27.195 D/MdmService( 3259): [null:-1]->receiver action :com.pekall.mdm.action.MDM_ALARM
07-11 11:24:27.203 D/dalvikvm( 5863): GC_CONCURRENT freed 397K, 84% free 634K/3840K, paused 0ms+1ms, total 8ms
07-11 11:24:27.336 D/dalvikvm( 5863): GC_CONCURRENT freed 414K, 84% free 635K/3840K, paused 1ms+1ms, total 8ms
07-11 11:24:27.461 D/dalvikvm( 5863): GC_CONCURRENT freed 417K, 84% free 635K/3840K, paused 1ms+1ms, total 8ms
07-11 11:24:27.594 D/dalvikvm( 5863): GC_CONCURRENT freed 416K, 84% free 634K/3840K, paused 1ms+1ms, total 7ms
07-11 11:24:27.719 D/dalvikvm( 5863): GC_CONCURRENT freed 415K, 84% free 635K/3840K, paused 0ms+1ms, total 7ms
07-11 11:24:27.851 D/dalvikvm( 5863): GC_CONCURRENT freed 416K, 84% free 634K/3840K, paused 0ms+1ms, total 7ms
07-11 11:24:27.984 D/dalvikvm( 5863): GC_CONCURRENT freed 414K, 84% free 635K/3840K, paused 0ms+1ms, total 8ms
07-11 11:24:28.117 D/dalvikvm( 3259): GC_CONCURRENT freed 2353K, 21% free 16349K/20500K, paused 4ms+6ms, total 90ms
07-11 11:24:28.164 D/dalvikvm( 5863): GC_CONCURRENT freed 417K, 84% free 635K/3840K, paused 0ms+1ms, total 7ms
07-11 11:24:28.297 D/dalvikvm( 5863): GC_CONCURRENT freed 416K, 84% free 634K/3840K, paused 1ms+1ms, total 7ms
07-11 11:24:28.429 D/dalvikvm( 5863): GC_CONCURRENT freed 415K, 84% free 635K/3840K, paused 1ms+0ms, total 8ms
07-11 11:24:28.570 D/dalvikvm( 5863): GC_CONCURRENT freed 416K, 84% free 635K/3840K, paused 2ms+1ms, total 9ms
07-11 11:24:28.703 D/dalvikvm( 5863): GC_CONCURRENT freed 415K, 84% free 635K/3840K, paused 1ms+1ms, total 8ms
07-11 11:24:29.742 I/AndroidRuntime( 5863): VM exiting with result code 0.
07-11 11:24:34.453 D/LightsService(  374): Excessive delay setting light: 65ms
07-11 11:24:35.515 W/SystemClock(  565): time going backwards: prev 92851187713294(ioctl) vs now 92851185607581(ioctl), tid=854
07-11 11:24:40.351 I/PowerManagerService(  374): Going to sleep due to screen timeout...
07-11 11:24:41.211 D/dalvikvm(  374): GC_FOR_ALLOC freed 2689K, 25% free 23139K/30452K, paused 103ms, total 103ms
07-11 11:24:41.226 D/MdmApplication( 3259): [null:-1]->onActivityPaused market.activity.AppListActivity , mActivityCount = 1
07-11 11:24:41.226 D/MDM :   ( 3259): [null:-1]->query
07-11 11:24:41.226 D/MDM :   ( 3259): [null:-1]->QUERY_PINCODE_CHECK_RESULT
07-11 11:24:41.226 E/Mdm     ( 3259): Call Mdm service's setLastExitTime function
07-11 11:24:41.265 D/SurfaceFlinger(  124): Screen released, type=0 flinger=0x400b4008
07-11 11:24:41.289 D/NfcService(  592): NFC-C OFF, disconnect
07-11 11:24:41.390 D/dalvikvm(  833): GC_CONCURRENT freed 1320K, 18% free 12848K/15584K, paused 4ms+5ms, total 72ms
07-11 11:24:41.390 D/dalvikvm(  833): WAIT_FOR_CONCURRENT_GC blocked 58ms
07-11 11:24:41.437 D/MDM :   ( 3259): [null:-1]->query
07-11 11:24:41.437 D/MDM :   ( 3259): [null:-1]->QUERY_SETTING_PIN_ONOFF
07-11 11:24:46.281 V/KeyguardHostView(  374): hide transport, gen:83
07-11 11:24:46.281 V/KeyguardHostView(  374): music state changed: 0
07-11 11:24:46.320 D/PhoneStatusBar(  450): disable: < expand icons alerts ticker system_info back home RECENT* clock search >
07-11 11:24:46.367 V/TAG     (  374): bug 7643792: fitSystemWindows([0,50][0,0])
07-11 11:24:46.500 D/PhoneStatusBar(  450): disable: < expand icons alerts ticker system_info BACK* HOME* RECENT CLOCK* search >
07-11 11:24:52.398 D/JOBS    ( 5451): Thread-2701: load factor check. true = (0 < 1)|| (0 * 3 < 0 + 0). consumer thread: true
07-11 11:24:52.398 D/JOBS    ( 5451): didn't allow me to die, re-running Thread-2701
07-11 11:24:52.398 D/JOBS    ( 5451): re-running consumer Thread-2701
07-11 11:24:52.422 D/dalvikvm( 5451): GC_CONCURRENT freed 372K, 5% free 9250K/9660K, paused 5ms+2ms, total 33ms
07-11 11:25:01.500 W/MountService(  374): getVolumeState(/storage/emulated/0/external_sd): Unknown volume
07-11 11:25:01.500 W/MountService(  374): getVolumeState(/mnt/sdcard-ext): Unknown volume
07-11 11:25:01.500 W/MountService(  374): getVolumeState(/mnt/ext_sdcard): Unknown volume
07-11 11:25:01.500 W/MountService(  374): getVolumeState(/mnt/sdcard2): Unknown volume
07-11 11:25:01.500 W/MountService(  374): getVolumeState(/mnt/emmc): Unknown volume
07-11 11:25:01.508 W/MountService(  374): getVolumeState(/mnt/extSdCard): Unknown volume
07-11 11:25:01.508 W/MountService(  374): getVolumeState(/mnt/sdcard/SD_CARD): Unknown volume
07-11 11:25:01.508 W/MountService(  374): getVolumeState(/mnt/sdcard/extra_sd): Unknown volume
07-11 11:25:01.508 W/MountService(  374): getVolumeState(/mnt/extrasd_bind): Unknown volume
07-11 11:25:01.508 W/MountService(  374): getVolumeState(/mnt/sdcard/ext_sd): Unknown volume
07-11 11:25:01.515 W/MountService(  374): getVolumeState(/storage/extSdCard): Unknown volume
07-11 11:25:01.515 W/MountService(  374): getVolumeState(/storage/sdcard1): Unknown volume
07-11 11:25:01.515 W/MountService(  374): getVolumeState(/mnt/sdcard/external_SD): Unknown volume
07-11 11:25:01.515 W/MountService(  374): getVolumeState(/mnt/sdcard/external_sd): Unknown volume
07-11 11:25:01.554 D/dalvikvm( 1736): GC_CONCURRENT freed 543K, 21% free 9531K/12000K, paused 4ms+4ms, total 39ms
07-11 11:25:01.742 D/dalvikvm( 1736): GC_CONCURRENT freed 423K, 21% free 9559K/12000K, paused 4ms+3ms, total 31ms
07-11 11:25:01.750 W/MountService(  374): getVolumeState(/storage/emulated/0/external_sd): Unknown volume
07-11 11:25:01.750 W/MountService(  374): getVolumeState(/mnt/sdcard-ext): Unknown volume
07-11 11:25:01.750 W/MountService(  374): getVolumeState(/mnt/ext_sdcard): Unknown volume
07-11 11:25:01.750 W/MountService(  374): getVolumeState(/mnt/sdcard2): Unknown volume
07-11 11:25:01.758 W/MountService(  374): getVolumeState(/mnt/emmc): Unknown volume
07-11 11:25:01.758 W/MountService(  374): getVolumeState(/mnt/extSdCard): Unknown volume
07-11 11:25:01.758 W/MountService(  374): getVolumeState(/mnt/sdcard/SD_CARD): Unknown volume
07-11 11:25:01.758 W/MountService(  374): getVolumeState(/mnt/sdcard/extra_sd): Unknown volume
07-11 11:25:01.758 W/MountService(  374): getVolumeState(/mnt/extrasd_bind): Unknown volume
07-11 11:25:01.758 W/MountService(  374): getVolumeState(/mnt/sdcard/ext_sd): Unknown volume
07-11 11:25:01.758 W/MountService(  374): getVolumeState(/storage/extSdCard): Unknown volume
07-11 11:25:01.765 W/MountService(  374): getVolumeState(/storage/sdcard1): Unknown volume
07-11 11:25:01.765 W/MountService(  374): getVolumeState(/mnt/sdcard/external_SD): Unknown volume
07-11 11:25:01.765 W/MountService(  374): getVolumeState(/mnt/sdcard/external_sd): Unknown volume
07-11 11:25:01.851 D/dalvikvm( 1736): GC_CONCURRENT freed 433K, 21% free 9517K/12000K, paused 2ms+3ms, total 26ms
07-11 11:25:48.234 D/dalvikvm(  565): GC_CONCURRENT freed 383K, 7% free 10387K/11148K, paused 6ms+3ms, total 50ms
07-11 11:26:01.554 W/MountService(  374): getVolumeState(/storage/emulated/0/external_sd): Unknown volume
07-11 11:26:01.554 W/MountService(  374): getVolumeState(/mnt/sdcard-ext): Unknown volume
07-11 11:26:01.554 W/MountService(  374): getVolumeState(/mnt/ext_sdcard): Unknown volume
07-11 11:26:01.554 W/MountService(  374): getVolumeState(/mnt/sdcard2): Unknown volume
07-11 11:26:01.554 W/MountService(  374): getVolumeState(/mnt/emmc): Unknown volume
07-11 11:26:01.554 W/MountService(  374): getVolumeState(/mnt/extSdCard): Unknown volume
07-11 11:26:01.562 W/MountService(  374): getVolumeState(/mnt/sdcard/SD_CARD): Unknown volume
07-11 11:26:01.562 W/MountService(  374): getVolumeState(/mnt/sdcard/extra_sd): Unknown volume
07-11 11:26:01.562 W/MountService(  374): getVolumeState(/mnt/extrasd_bind): Unknown volume
07-11 11:26:01.562 W/MountService(  374): getVolumeState(/mnt/sdcard/ext_sd): Unknown volume
07-11 11:26:01.562 W/MountService(  374): getVolumeState(/storage/extSdCard): Unknown volume
07-11 11:26:01.562 W/MountService(  374): getVolumeState(/storage/sdcard1): Unknown volume
07-11 11:26:01.562 W/MountService(  374): getVolumeState(/mnt/sdcard/external_SD): Unknown volume
07-11 11:26:01.570 W/MountService(  374): getVolumeState(/mnt/sdcard/external_sd): Unknown volume
07-11 11:26:01.633 D/dalvikvm( 1736): GC_CONCURRENT freed 406K, 20% free 9622K/12000K, paused 4ms+3ms, total 33ms
07-11 11:26:01.633 D/dalvikvm( 1736): WAIT_FOR_CONCURRENT_GC blocked 6ms
07-11 11:26:01.633 D/dalvikvm( 1736): WAIT_FOR_CONCURRENT_GC blocked 6ms
07-11 11:26:01.703 D/dalvikvm(  577): GC_EXPLICIT freed 354K, 7% free 11554K/12344K, paused 3ms+6ms, total 42ms
07-11 11:26:01.844 W/MountService(  374): getVolumeState(/storage/emulated/0/external_sd): Unknown volume
07-11 11:26:01.844 W/MountService(  374): getVolumeState(/mnt/sdcard-ext): Unknown volume
07-11 11:26:01.844 W/MountService(  374): getVolumeState(/mnt/ext_sdcard): Unknown volume
07-11 11:26:01.844 W/MountService(  374): getVolumeState(/mnt/sdcard2): Unknown volume
07-11 11:26:01.844 W/MountService(  374): getVolumeState(/mnt/emmc): Unknown volume
07-11 11:26:01.844 W/MountService(  374): getVolumeState(/mnt/extSdCard): Unknown volume
07-11 11:26:01.844 W/MountService(  374): getVolumeState(/mnt/sdcard/SD_CARD): Unknown volume
07-11 11:26:01.844 W/MountService(  374): getVolumeState(/mnt/sdcard/extra_sd): Unknown volume
07-11 11:26:01.844 W/MountService(  374): getVolumeState(/mnt/extrasd_bind): Unknown volume
07-11 11:26:01.851 W/MountService(  374): getVolumeState(/mnt/sdcard/ext_sd): Unknown volume
07-11 11:26:01.851 W/MountService(  374): getVolumeState(/storage/extSdCard): Unknown volume
07-11 11:26:01.851 W/MountService(  374): getVolumeState(/storage/sdcard1): Unknown volume
07-11 11:26:01.851 W/MountService(  374): getVolumeState(/mnt/sdcard/external_SD): Unknown volume
07-11 11:26:01.851 W/MountService(  374): getVolumeState(/mnt/sdcard/external_sd): Unknown volume
07-11 11:26:01.867 D/dalvikvm( 1736): GC_CONCURRENT freed 549K, 21% free 9577K/12000K, paused 2ms+3ms, total 34ms
07-11 11:26:01.875 D/dalvikvm( 1736): WAIT_FOR_CONCURRENT_GC blocked 10ms
07-11 11:26:04.047 D/GCM     (  647): Ignoring attempt to send heartbeat on dead connection.
07-11 11:26:14.054 I/ActivityManager(  374): No longer want com.google.android.music:main (pid 4925): empty for 1807s
07-11 11:26:14.070 W/ActivityManager(  374): Scheduling restart of crashed service com.google.android.music/.playback.MusicPlaybackService in 5000ms
07-11 11:26:19.117 I/ActivityManager(  374): Start proc com.google.android.music:main for service com.google.android.music/.playback.MusicPlaybackService: pid=5982 uid=10041 gids={50041, 3003, 1015, 1028}
07-11 11:26:19.203 I/MusicStore( 5982): Database version: 69
07-11 11:26:19.281 D/dalvikvm( 5982): GC_CONCURRENT freed 289K, 4% free 9102K/9428K, paused 4ms+4ms, total 43ms
07-11 11:26:19.383 D/SystemUtils( 5982): getSystemProperty: lpa.decode=null
07-11 11:26:19.406 D/CacheService( 5982): onCreate
07-11 11:26:19.406 D/CacheService( 5982): onBind
07-11 11:26:19.429 I/LocalDevicePlayback( 5982): Streaming client created.
07-11 11:26:20.469 D/dalvikvm( 5982): GC_CONCURRENT freed 227K, 3% free 9349K/9616K, paused 3ms+3ms, total 26ms
07-11 11:26:20.508 I/MediaStoreImporter( 5982): Update: incremental Added music: 0 Updated music: 0 Deleted music: 0 Created playlists: 0 Updated playlists: 0 Deleted playlists: 0 Inserted playlist items: 0 Deleted playlist items: 0 Removed orphaned playlist items: 0
07-11 11:26:24.383 I/MusicLeanback( 5982): Conditions not met for autocaching.
07-11 11:26:24.383 I/MusicLeanback( 5982): Stop autocaching.
07-11 11:26:32.562 D/dalvikvm(30923): GC_CONCURRENT freed 405K, 16% free 9541K/11256K, paused 3ms+2ms, total 27ms
07-11 11:26:52.406 D/JOBS    ( 5451): Thread-2701: load factor check. true = (0 < 1)|| (0 * 3 < 0 + 0). consumer thread: true
07-11 11:26:52.406 D/JOBS    ( 5451): didn't allow me to die, re-running Thread-2701
07-11 11:26:52.406 D/JOBS    ( 5451): re-running consumer Thread-2701
07-11 11:27:01.648 W/MountService(  374): getVolumeState(/storage/emulated/0/external_sd): Unknown volume
07-11 11:27:01.648 W/MountService(  374): getVolumeState(/mnt/sdcard-ext): Unknown volume
07-11 11:27:01.648 W/MountService(  374): getVolumeState(/mnt/ext_sdcard): Unknown volume
07-11 11:27:01.648 W/MountService(  374): getVolumeState(/mnt/sdcard2): Unknown volume
07-11 11:27:01.656 W/MountService(  374): getVolumeState(/mnt/emmc): Unknown volume
07-11 11:27:01.656 W/MountService(  374): getVolumeState(/mnt/extSdCard): Unknown volume
07-11 11:27:01.656 W/MountService(  374): getVolumeState(/mnt/sdcard/SD_CARD): Unknown volume
07-11 11:27:01.656 W/MountService(  374): getVolumeState(/mnt/sdcard/extra_sd): Unknown volume
07-11 11:27:01.656 W/MountService(  374): getVolumeState(/mnt/extrasd_bind): Unknown volume
07-11 11:27:01.656 W/MountService(  374): getVolumeState(/mnt/sdcard/ext_sd): Unknown volume
07-11 11:27:01.656 W/MountService(  374): getVolumeState(/storage/extSdCard): Unknown volume
07-11 11:27:01.656 W/MountService(  374): getVolumeState(/storage/sdcard1): Unknown volume
07-11 11:27:01.664 W/MountService(  374): getVolumeState(/mnt/sdcard/external_SD): Unknown volume
07-11 11:27:01.664 W/MountService(  374): getVolumeState(/mnt/sdcard/external_sd): Unknown volume
07-11 11:27:01.703 D/dalvikvm( 1736): GC_CONCURRENT freed 530K, 21% free 9530K/12000K, paused 4ms+4ms, total 40ms
07-11 11:27:01.859 D/dalvikvm(  374): GC_EXPLICIT freed 3131K, 27% free 22522K/30452K, paused 4ms+14ms, total 122ms
07-11 11:27:02.000 W/MountService(  374): getVolumeState(/storage/emulated/0/external_sd): Unknown volume
07-11 11:27:02.008 W/MountService(  374): getVolumeState(/mnt/sdcard-ext): Unknown volume
07-11 11:27:02.008 W/MountService(  374): getVolumeState(/mnt/ext_sdcard): Unknown volume
07-11 11:27:02.008 W/MountService(  374): getVolumeState(/mnt/sdcard2): Unknown volume
07-11 11:27:02.008 W/MountService(  374): getVolumeState(/mnt/emmc): Unknown volume
07-11 11:27:02.008 W/MountService(  374): getVolumeState(/mnt/extSdCard): Unknown volume
07-11 11:27:02.008 W/MountService(  374): getVolumeState(/mnt/sdcard/SD_CARD): Unknown volume
07-11 11:27:02.008 W/MountService(  374): getVolumeState(/mnt/sdcard/extra_sd): Unknown volume
07-11 11:27:02.015 W/MountService(  374): getVolumeState(/mnt/extrasd_bind): Unknown volume
07-11 11:27:02.015 W/MountService(  374): getVolumeState(/mnt/sdcard/ext_sd): Unknown volume
07-11 11:27:02.015 W/MountService(  374): getVolumeState(/storage/extSdCard): Unknown volume
07-11 11:27:02.015 W/MountService(  374): getVolumeState(/storage/sdcard1): Unknown volume
07-11 11:27:02.015 W/MountService(  374): getVolumeState(/mnt/sdcard/external_SD): Unknown volume
07-11 11:27:02.015 W/MountService(  374): getVolumeState(/mnt/sdcard/external_sd): Unknown volume
07-11 11:27:02.023 D/dalvikvm( 1736): GC_CONCURRENT freed 465K, 21% free 9569K/12000K, paused 5ms+3ms, total 42ms
07-11 11:27:02.031 D/dalvikvm( 1736): WAIT_FOR_CONCURRENT_GC blocked 10ms
07-11 11:27:02.031 D/dalvikvm( 1736): WAIT_FOR_CONCURRENT_GC blocked 9ms
07-11 11:27:06.211 D/dalvikvm( 5703): GC_CONCURRENT freed 192K, 3% free 9983K/10220K, paused 3ms+3ms, total 31ms
07-11 11:27:06.398 D/dalvikvm( 5703): Trying to load lib /data/app-lib/com.dragon.android.pandaspace-1/libBdMoplusMD5_V1.so 0x42082228
07-11 11:27:06.398 D/dalvikvm( 5703): Added shared lib /data/app-lib/com.dragon.android.pandaspace-1/libBdMoplusMD5_V1.so 0x42082228
07-11 11:27:06.398 D/dalvikvm( 5703): No JNI_OnLoad found in /data/app-lib/com.dragon.android.pandaspace-1/libBdMoplusMD5_V1.so 0x42082228, skipping init
07-11 11:27:06.640 D/dalvikvm( 5703): GC_CONCURRENT freed 512K, 6% free 9907K/10464K, paused 3ms+3ms, total 33ms
07-11 11:27:07.000 D/dalvikvm( 5703): GC_FOR_ALLOC freed 259K, 7% free 9822K/10464K, paused 23ms, total 23ms
07-11 11:27:07.969 D/dalvikvm( 5703): GC_FOR_ALLOC freed 235K, 7% free 9823K/10464K, paused 22ms, total 22ms
07-11 11:27:08.273 D/dalvikvm( 5703): GC_FOR_ALLOC freed 230K, 7% free 9824K/10464K, paused 21ms, total 22ms
07-11 11:27:08.570 D/dalvikvm( 5703): GC_FOR_ALLOC freed 233K, 7% free 9824K/10464K, paused 22ms, total 22ms
07-11 11:27:08.922 D/dalvikvm( 5703): GC_FOR_ALLOC freed 237K, 7% free 9825K/10464K, paused 26ms, total 26ms
07-11 11:27:09.562 D/dalvikvm( 5703): GC_FOR_ALLOC freed 227K, 7% free 9825K/10464K, paused 23ms, total 23ms
07-11 11:27:09.859 D/dalvikvm( 5703): GC_FOR_ALLOC freed 231K, 7% free 9826K/10464K, paused 22ms, total 22ms
07-11 11:27:10.515 D/dalvikvm( 5703): GC_FOR_ALLOC freed 228K, 7% free 9827K/10464K, paused 21ms, total 22ms
07-11 11:27:11.070 D/dalvikvm( 5703): GC_FOR_ALLOC freed 227K, 7% free 9827K/10464K, paused 22ms, total 23ms
07-11 11:27:11.484 D/dalvikvm( 5703): GC_FOR_ALLOC freed 223K, 7% free 9828K/10464K, paused 22ms, total 22ms
07-11 11:27:11.922 D/dalvikvm( 5703): GC_FOR_ALLOC freed 233K, 7% free 9828K/10464K, paused 23ms, total 23ms
07-11 11:27:12.984 D/dalvikvm( 5703): GC_FOR_ALLOC freed 232K, 7% free 9829K/10464K, paused 22ms, total 22ms
07-11 11:27:13.601 D/dalvikvm( 5703): GC_FOR_ALLOC freed 238K, 7% free 9830K/10464K, paused 22ms, total 22ms
07-11 11:27:13.804 W/dalvikvm( 5703): VFY: unable to find class referenced in signature (Lcom/baidu/location/LocationClient;)
