07-11 11:27:13.804 W/dalvikvm( 5703): VFY: unable to find class referenced in signature (Lcom/baidu/location/LocationClient;)
07-11 11:27:13.804 I/dalvikvm( 5703): Could not find method com.baidu.location.LocationClient.isStarted, referenced from method com.baidu.android.nebula.util.a.run
07-11 11:27:13.804 W/dalvikvm( 5703): VFY: unable to resolve virtual method 7869: Lcom/baidu/location/LocationClient;.isStarted ()Z
07-11 11:27:13.804 D/dalvikvm( 5703): VFY: replacing opcode 0x6e at 0x000f
07-11 11:27:20.883 W/System.err( 1063): java.io.FileNotFoundException: /data/data/com.mgyapp.android/files/.cfpaps.i: open failed: ENOENT (No such file or directory)
07-11 11:27:20.898 W/System.err( 1063): 	at libcore.io.IoBridge.open(IoBridge.java:409)
07-11 11:27:20.898 W/System.err( 1063): 	at java.io.FileInputStream.<init>(FileInputStream.java:78)
07-11 11:27:20.898 W/System.err( 1063): 	at android.app.ContextImpl.openFileInput(ContextImpl.java:702)
07-11 11:27:20.898 W/System.err( 1063): 	at android.content.ContextWrapper.openFileInput(ContextWrapper.java:173)
07-11 11:27:20.898 W/System.err( 1063): 	at com.mgyun.shua.jc.service.f.run(Unknown Source)
07-11 11:27:20.898 W/System.err( 1063): 	at com.mgyun.shua.jc.service.CpWorkServer.onHandleIntent(Unknown Source)
07-11 11:27:20.898 W/System.err( 1063): 	at android.app.IntentService$ServiceHandler.handleMessage(IntentService.java:65)
07-11 11:27:20.898 W/System.err( 1063): 	at android.os.Handler.dispatchMessage(Handler.java:99)
07-11 11:27:20.898 W/System.err( 1063): 	at android.os.Looper.loop(Looper.java:137)
07-11 11:27:20.898 W/System.err( 1063): 	at android.os.HandlerThread.run(HandlerThread.java:61)
07-11 11:27:20.898 W/System.err( 1063): Caused by: libcore.io.ErrnoException: open failed: ENOENT (No such file or directory)
07-11 11:27:20.898 W/System.err( 1063): 	at libcore.io.Posix.open(Native Method)
07-11 11:27:20.898 W/System.err( 1063): 	at libcore.io.BlockGuardOs.open(BlockGuardOs.java:110)
07-11 11:27:20.898 W/System.err( 1063): 	at libcore.io.IoBridge.open(IoBridge.java:393)
07-11 11:27:20.898 W/System.err( 1063): 	... 9 more
07-11 11:27:27.195 D/MdmService( 3259): [null:-1]->receiver action :com.pekall.mdm.action.MDM_ALARM
07-11 11:27:27.195 D/MdmService( 3259): [null:-1]->keepAliveWithPushServer client is opened:true
07-11 11:27:27.203 D/MDM :   ( 3259): [null:-1]->ping!!!!!!!!!
07-11 11:27:27.211 D/MdmService( 3259): [null:-1]->pushUrl : ws://192.168.10.91:9070/websocket
07-11 11:27:27.211 D/MDM :   ( 3259): [null:-1]->mMdmPushClient is :not null
07-11 11:27:27.211 D/MDM :   ( 3259): [null:-1]->mMdmPushClient opened : opened
07-11 11:27:27.211 D/MDM :   ( 3259): [null:-1]->MSG_WEBSOCKET_PONG
07-11 11:27:30.875 W/System.err( 1063): java.io.FileNotFoundException: /data/data/com.mgyapp.android/files/.cfp.i: open failed: ENOENT (No such file or directory)
07-11 11:27:30.875 W/System.err( 1063): 	at libcore.io.IoBridge.open(IoBridge.java:409)
07-11 11:27:30.875 W/System.err( 1063): 	at java.io.FileInputStream.<init>(FileInputStream.java:78)
07-11 11:27:30.875 W/System.err( 1063): 	at android.app.ContextImpl.openFileInput(ContextImpl.java:702)
07-11 11:27:30.875 W/System.err( 1063): 	at android.content.ContextWrapper.openFileInput(ContextWrapper.java:173)
07-11 11:27:30.875 W/System.err( 1063): 	at com.mgyun.shua.jc.c.b(Unknown Source)
07-11 11:27:30.875 W/System.err( 1063): 	at com.mgyun.shua.jc.d.a(Unknown Source)
07-11 11:27:30.875 W/System.err( 1063): 	at com.mgyun.shua.jc.service.CpWorkServer.onHandleIntent(Unknown Source)
07-11 11:27:30.875 W/System.err( 1063): 	at android.app.IntentService$ServiceHandler.handleMessage(IntentService.java:65)
07-11 11:27:30.875 W/System.err( 1063): 	at android.os.Handler.dispatchMessage(Handler.java:99)
07-11 11:27:30.875 W/System.err( 1063): 	at android.os.Looper.loop(Looper.java:137)
07-11 11:27:30.875 W/System.err( 1063): 	at android.os.HandlerThread.run(HandlerThread.java:61)
07-11 11:27:30.875 W/System.err( 1063): Caused by: libcore.io.ErrnoException: open failed: ENOENT (No such file or directory)
07-11 11:27:30.875 W/System.err( 1063): 	at libcore.io.Posix.open(Native Method)
07-11 11:27:30.875 W/System.err( 1063): 	at libcore.io.BlockGuardOs.open(BlockGuardOs.java:110)
07-11 11:27:30.875 W/System.err( 1063): 	at libcore.io.IoBridge.open(IoBridge.java:393)
07-11 11:27:30.883 W/System.err( 1063): 	... 10 more
07-11 11:27:44.562 D/dalvikvm( 1736): GC_CONCURRENT freed 497K, 21% free 9517K/12000K, paused 5ms+3ms, total 37ms
07-11 11:27:51.797 D/PushService( 5451): [null:-1]->receiver action :com.pekall.mdm.action.PUSH_ALARM
07-11 11:27:51.797 D/PushService( 5451): [null:-1]->keepAliveWithPushServer client is opened:true
07-11 11:27:51.797 D/PushLib : ( 5451): [null:-1]->ping!!!!!!!!!
07-11 11:27:51.804 D/PushLib : ( 5451): [null:-1]->pushClient is :not null
07-11 11:27:51.804 D/PushLib : ( 5451): [null:-1]->pushClient opened : opened
07-11 11:27:56.820 D/PushLib : ( 5451): [null:-1]->MSG_WEBSOCKET_PONG
07-11 11:28:01.859 W/MountService(  374): getVolumeState(/storage/emulated/0/external_sd): Unknown volume
07-11 11:28:01.867 W/MountService(  374): getVolumeState(/mnt/sdcard-ext): Unknown volume
07-11 11:28:01.867 W/MountService(  374): getVolumeState(/mnt/ext_sdcard): Unknown volume
07-11 11:28:01.867 W/MountService(  374): getVolumeState(/mnt/sdcard2): Unknown volume
07-11 11:28:01.867 W/MountService(  374): getVolumeState(/mnt/emmc): Unknown volume
07-11 11:28:01.867 W/MountService(  374): getVolumeState(/mnt/extSdCard): Unknown volume
07-11 11:28:01.867 W/MountService(  374): getVolumeState(/mnt/sdcard/SD_CARD): Unknown volume
07-11 11:28:01.867 W/MountService(  374): getVolumeState(/mnt/sdcard/extra_sd): Unknown volume
07-11 11:28:01.867 W/MountService(  374): getVolumeState(/mnt/extrasd_bind): Unknown volume
07-11 11:28:01.867 W/MountService(  374): getVolumeState(/mnt/sdcard/ext_sd): Unknown volume
07-11 11:28:01.875 W/MountService(  374): getVolumeState(/storage/extSdCard): Unknown volume
07-11 11:28:01.875 W/MountService(  374): getVolumeState(/storage/sdcard1): Unknown volume
07-11 11:28:01.875 W/MountService(  374): getVolumeState(/mnt/sdcard/external_SD): Unknown volume
07-11 11:28:01.875 W/MountService(  374): getVolumeState(/mnt/sdcard/external_sd): Unknown volume
07-11 11:28:01.969 D/dalvikvm( 1736): GC_CONCURRENT freed 309K, 20% free 9664K/12000K, paused 3ms+4ms, total 37ms
07-11 11:28:02.094 W/MountService(  374): getVolumeState(/storage/emulated/0/external_sd): Unknown volume
07-11 11:28:02.101 W/MountService(  374): getVolumeState(/mnt/sdcard-ext): Unknown volume
07-11 11:28:02.101 W/MountService(  374): getVolumeState(/mnt/ext_sdcard): Unknown volume
07-11 11:28:02.101 W/MountService(  374): getVolumeState(/mnt/sdcard2): Unknown volume
07-11 11:28:02.101 W/MountService(  374): getVolumeState(/mnt/emmc): Unknown volume
07-11 11:28:02.101 W/MountService(  374): getVolumeState(/mnt/extSdCard): Unknown volume
07-11 11:28:02.101 W/MountService(  374): getVolumeState(/mnt/sdcard/SD_CARD): Unknown volume
07-11 11:28:02.101 W/MountService(  374): getVolumeState(/mnt/sdcard/extra_sd): Unknown volume
07-11 11:28:02.109 W/MountService(  374): getVolumeState(/mnt/extrasd_bind): Unknown volume
07-11 11:28:02.109 W/MountService(  374): getVolumeState(/mnt/sdcard/ext_sd): Unknown volume
07-11 11:28:02.109 W/MountService(  374): getVolumeState(/storage/extSdCard): Unknown volume
07-11 11:28:02.109 W/MountService(  374): getVolumeState(/storage/sdcard1): Unknown volume
07-11 11:28:02.109 W/MountService(  374): getVolumeState(/mnt/sdcard/external_SD): Unknown volume
07-11 11:28:02.109 W/MountService(  374): getVolumeState(/mnt/sdcard/external_sd): Unknown volume
07-11 11:28:02.140 D/dalvikvm( 1736): GC_CONCURRENT freed 587K, 21% free 9579K/12000K, paused 3ms+3ms, total 30ms
07-11 11:28:41.664 D/dalvikvm(30972): GC_CONCURRENT freed 387K, 8% free 9639K/10424K, paused 4ms+2ms, total 38ms
07-11 11:28:52.406 D/JOBS    ( 5451): Thread-2701: load factor check. true = (0 < 1)|| (0 * 3 < 0 + 0). consumer thread: true
07-11 11:28:52.406 D/JOBS    ( 5451): didn't allow me to die, re-running Thread-2701
07-11 11:28:52.406 D/JOBS    ( 5451): re-running consumer Thread-2701
07-11 11:29:02.101 W/MountService(  374): getVolumeState(/storage/emulated/0/external_sd): Unknown volume
07-11 11:29:02.101 W/MountService(  374): getVolumeState(/mnt/sdcard-ext): Unknown volume
07-11 11:29:02.101 W/MountService(  374): getVolumeState(/mnt/ext_sdcard): Unknown volume
07-11 11:29:02.109 W/MountService(  374): getVolumeState(/mnt/sdcard2): Unknown volume
07-11 11:29:02.109 W/MountService(  374): getVolumeState(/mnt/emmc): Unknown volume
07-11 11:29:02.109 W/MountService(  374): getVolumeState(/mnt/extSdCard): Unknown volume
07-11 11:29:02.109 W/MountService(  374): getVolumeState(/mnt/sdcard/SD_CARD): Unknown volume
07-11 11:29:02.109 W/MountService(  374): getVolumeState(/mnt/sdcard/extra_sd): Unknown volume
07-11 11:29:02.109 W/MountService(  374): getVolumeState(/mnt/extrasd_bind): Unknown volume
07-11 11:29:02.109 W/MountService(  374): getVolumeState(/mnt/sdcard/ext_sd): Unknown volume
07-11 11:29:02.109 W/MountService(  374): getVolumeState(/storage/extSdCard): Unknown volume
07-11 11:29:02.109 W/MountService(  374): getVolumeState(/storage/sdcard1): Unknown volume
07-11 11:29:02.117 W/MountService(  374): getVolumeState(/mnt/sdcard/external_SD): Unknown volume
07-11 11:29:02.117 W/MountService(  374): getVolumeState(/mnt/sdcard/external_sd): Unknown volume
07-11 11:29:02.203 D/dalvikvm( 1736): GC_CONCURRENT freed 493K, 21% free 9597K/12000K, paused 3ms+4ms, total 49ms
07-11 11:29:02.203 D/dalvikvm( 1736): WAIT_FOR_CONCURRENT_GC blocked 16ms
07-11 11:29:02.351 D/dalvikvm( 4903): GC_EXPLICIT freed 247K, 4% free 9189K/9484K, paused 3ms+6ms, total 33ms
07-11 11:29:02.383 W/MountService(  374): getVolumeState(/storage/emulated/0/external_sd): Unknown volume
07-11 11:29:02.383 W/MountService(  374): getVolumeState(/mnt/sdcard-ext): Unknown volume
07-11 11:29:02.383 W/MountService(  374): getVolumeState(/mnt/ext_sdcard): Unknown volume
07-11 11:29:02.383 W/MountService(  374): getVolumeState(/mnt/sdcard2): Unknown volume
07-11 11:29:02.383 W/MountService(  374): getVolumeState(/mnt/emmc): Unknown volume
07-11 11:29:02.383 W/MountService(  374): getVolumeState(/mnt/extSdCard): Unknown volume
07-11 11:29:02.383 W/MountService(  374): getVolumeState(/mnt/sdcard/SD_CARD): Unknown volume
07-11 11:29:02.390 W/MountService(  374): getVolumeState(/mnt/sdcard/extra_sd): Unknown volume
07-11 11:29:02.390 W/MountService(  374): getVolumeState(/mnt/extrasd_bind): Unknown volume
07-11 11:29:02.390 W/MountService(  374): getVolumeState(/mnt/sdcard/ext_sd): Unknown volume
07-11 11:29:02.390 W/MountService(  374): getVolumeState(/storage/extSdCard): Unknown volume
07-11 11:29:02.390 W/MountService(  374): getVolumeState(/storage/sdcard1): Unknown volume
07-11 11:29:02.390 W/MountService(  374): getVolumeState(/mnt/sdcard/external_SD): Unknown volume
07-11 11:29:02.390 W/MountService(  374): getVolumeState(/mnt/sdcard/external_sd): Unknown volume
07-11 11:29:02.406 D/dalvikvm( 1736): GC_CONCURRENT freed 542K, 21% free 9563K/12000K, paused 3ms+3ms, total 35ms
07-11 11:29:02.406 D/dalvikvm( 1736): WAIT_FOR_CONCURRENT_GC blocked 10ms
07-11 11:29:38.094 D/dalvikvm( 1852): GC_CONCURRENT freed 387K, 5% free 9955K/10404K, paused 5ms+2ms, total 37ms
07-11 11:29:41.429 D/dalvikvm(30779): GC_FOR_ALLOC freed 366K, 7% free 9754K/10392K, paused 26ms, total 26ms
07-11 11:30:01.453 V/DigitalWidgetViewsFactory( 4289): DigitalWidget sets next alarm string to null
07-11 11:30:02.304 W/MountService(  374): getVolumeState(/storage/emulated/0/external_sd): Unknown volume
07-11 11:30:02.312 W/MountService(  374): getVolumeState(/mnt/sdcard-ext): Unknown volume
07-11 11:30:02.312 W/MountService(  374): getVolumeState(/mnt/ext_sdcard): Unknown volume
07-11 11:30:02.312 W/MountService(  374): getVolumeState(/mnt/sdcard2): Unknown volume
07-11 11:30:02.312 W/MountService(  374): getVolumeState(/mnt/emmc): Unknown volume
07-11 11:30:02.312 W/MountService(  374): getVolumeState(/mnt/extSdCard): Unknown volume
07-11 11:30:02.312 W/MountService(  374): getVolumeState(/mnt/sdcard/SD_CARD): Unknown volume
07-11 11:30:02.312 W/MountService(  374): getVolumeState(/mnt/sdcard/extra_sd): Unknown volume
07-11 11:30:02.312 W/MountService(  374): getVolumeState(/mnt/extrasd_bind): Unknown volume
07-11 11:30:02.320 W/MountService(  374): getVolumeState(/mnt/sdcard/ext_sd): Unknown volume
07-11 11:30:02.320 W/MountService(  374): getVolumeState(/storage/extSdCard): Unknown volume
07-11 11:30:02.320 W/MountService(  374): getVolumeState(/storage/sdcard1): Unknown volume
07-11 11:30:02.320 W/MountService(  374): getVolumeState(/mnt/sdcard/external_SD): Unknown volume
07-11 11:30:02.320 W/MountService(  374): getVolumeState(/mnt/sdcard/external_sd): Unknown volume
07-11 11:30:02.336 D/dalvikvm( 1736): GC_CONCURRENT freed 496K, 21% free 9575K/12000K, paused 5ms+4ms, total 44ms
07-11 11:30:02.336 D/dalvikvm( 1736): WAIT_FOR_CONCURRENT_GC blocked 12ms
07-11 11:30:02.531 D/dalvikvm( 1736): GC_CONCURRENT freed 507K, 21% free 9566K/12000K, paused 3ms+4ms, total 34ms
07-11 11:30:02.539 W/MountService(  374): getVolumeState(/storage/emulated/0/external_sd): Unknown volume
07-11 11:30:02.539 W/MountService(  374): getVolumeState(/mnt/sdcard-ext): Unknown volume
07-11 11:30:02.547 W/MountService(  374): getVolumeState(/mnt/ext_sdcard): Unknown volume
07-11 11:30:02.547 W/MountService(  374): getVolumeState(/mnt/sdcard2): Unknown volume
07-11 11:30:02.547 W/MountService(  374): getVolumeState(/mnt/emmc): Unknown volume
07-11 11:30:02.547 W/MountService(  374): getVolumeState(/mnt/extSdCard): Unknown volume
07-11 11:30:02.547 W/MountService(  374): getVolumeState(/mnt/sdcard/SD_CARD): Unknown volume
07-11 11:30:02.547 W/MountService(  374): getVolumeState(/mnt/sdcard/extra_sd): Unknown volume
07-11 11:30:02.547 W/MountService(  374): getVolumeState(/mnt/extrasd_bind): Unknown volume
07-11 11:30:02.547 W/MountService(  374): getVolumeState(/mnt/sdcard/ext_sd): Unknown volume
07-11 11:30:02.547 W/MountService(  374): getVolumeState(/storage/extSdCard): Unknown volume
07-11 11:30:02.547 W/MountService(  374): getVolumeState(/storage/sdcard1): Unknown volume
07-11 11:30:02.554 W/MountService(  374): getVolumeState(/mnt/sdcard/external_SD): Unknown volume
07-11 11:30:02.554 W/MountService(  374): getVolumeState(/mnt/sdcard/external_sd): Unknown volume
07-11 11:30:02.664 D/dalvikvm( 1736): GC_CONCURRENT freed 468K, 21% free 9514K/12000K, paused 3ms+2ms, total 39ms
07-11 11:30:15.992 D/dalvikvm(  374): GC_EXPLICIT freed 1138K, 27% free 22382K/30452K, paused 4ms+12ms, total 118ms
07-11 11:30:27.203 D/MdmService( 3259): [null:-1]->receiver action :com.pekall.mdm.action.MDM_ALARM
07-11 11:30:46.094 D/dalvikvm( 5132): GC_FOR_ALLOC freed 501K, 6% free 9188K/9724K, paused 29ms, total 29ms
07-11 11:30:52.414 D/JOBS    ( 5451): Thread-2701: load factor check. true = (0 < 1)|| (0 * 3 < 0 + 0). consumer thread: true
07-11 11:30:52.414 D/JOBS    ( 5451): didn't allow me to die, re-running Thread-2701
07-11 11:30:52.414 D/JOBS    ( 5451): re-running consumer Thread-2701
07-11 11:31:02.515 W/MountService(  374): getVolumeState(/storage/emulated/0/external_sd): Unknown volume
07-11 11:31:02.523 W/MountService(  374): getVolumeState(/mnt/sdcard-ext): Unknown volume
07-11 11:31:02.523 W/MountService(  374): getVolumeState(/mnt/ext_sdcard): Unknown volume
07-11 11:31:02.523 W/MountService(  374): getVolumeState(/mnt/sdcard2): Unknown volume
07-11 11:31:02.523 W/MountService(  374): getVolumeState(/mnt/emmc): Unknown volume
07-11 11:31:02.523 W/MountService(  374): getVolumeState(/mnt/extSdCard): Unknown volume
07-11 11:31:02.523 W/MountService(  374): getVolumeState(/mnt/sdcard/SD_CARD): Unknown volume
07-11 11:31:02.523 W/MountService(  374): getVolumeState(/mnt/sdcard/extra_sd): Unknown volume
07-11 11:31:02.523 W/MountService(  374): getVolumeState(/mnt/extrasd_bind): Unknown volume
07-11 11:31:02.531 W/MountService(  374): getVolumeState(/mnt/sdcard/ext_sd): Unknown volume
07-11 11:31:02.531 W/MountService(  374): getVolumeState(/storage/extSdCard): Unknown volume
07-11 11:31:02.531 W/MountService(  374): getVolumeState(/storage/sdcard1): Unknown volume
07-11 11:31:02.531 W/MountService(  374): getVolumeState(/mnt/sdcard/external_SD): Unknown volume
07-11 11:31:02.531 W/MountService(  374): getVolumeState(/mnt/sdcard/external_sd): Unknown volume
07-11 11:31:02.625 D/dalvikvm( 1736): GC_CONCURRENT freed 309K, 20% free 9668K/12000K, paused 2ms+4ms, total 41ms
07-11 11:31:02.742 W/MountService(  374): getVolumeState(/storage/emulated/0/external_sd): Unknown volume
07-11 11:31:02.742 W/MountService(  374): getVolumeState(/mnt/sdcard-ext): Unknown volume
07-11 11:31:02.742 W/MountService(  374): getVolumeState(/mnt/ext_sdcard): Unknown volume
07-11 11:31:02.742 W/MountService(  374): getVolumeState(/mnt/sdcard2): Unknown volume
07-11 11:31:02.742 W/MountService(  374): getVolumeState(/mnt/emmc): Unknown volume
07-11 11:31:02.742 W/MountService(  374): getVolumeState(/mnt/extSdCard): Unknown volume
07-11 11:31:02.750 W/MountService(  374): getVolumeState(/mnt/sdcard/SD_CARD): Unknown volume
07-11 11:31:02.750 W/MountService(  374): getVolumeState(/mnt/sdcard/extra_sd): Unknown volume
07-11 11:31:02.750 W/MountService(  374): getVolumeState(/mnt/extrasd_bind): Unknown volume
07-11 11:31:02.750 W/MountService(  374): getVolumeState(/mnt/sdcard/ext_sd): Unknown volume
07-11 11:31:02.750 W/MountService(  374): getVolumeState(/storage/extSdCard): Unknown volume
07-11 11:31:02.750 W/MountService(  374): getVolumeState(/storage/sdcard1): Unknown volume
07-11 11:31:02.750 W/MountService(  374): getVolumeState(/mnt/sdcard/external_SD): Unknown volume
07-11 11:31:02.750 W/MountService(  374): getVolumeState(/mnt/sdcard/external_sd): Unknown volume
07-11 11:31:02.789 D/dalvikvm( 1736): GC_CONCURRENT freed 590K, 21% free 9520K/12000K, paused 4ms+3ms, total 30ms
07-11 11:31:59.617 I/PowerManagerService(  374): Waking up from sleep...
07-11 11:31:59.758 I/WindowManager(  374): Lock screen displayed!
07-11 11:31:59.922 V/DigitalWidgetViewsFactory( 4289): DigitalWidget sets next alarm string to null
07-11 11:31:59.984 D/PowerManagerService-JNI(  374): Excessive delay in autosuspend_disable() while turning screen on: 348ms
07-11 11:31:59.984 D/SurfaceFlinger(  124): Screen acquired, type=0 flinger=0x400b4008
07-11 11:32:00.140 D/LightsService(  374): Excessive delay setting light: 69ms
07-11 11:32:00.328 D/AndroidRuntime( 6705): 
07-11 11:32:00.328 D/AndroidRuntime( 6705): >>>>>> AndroidRuntime START com.android.internal.os.RuntimeInit <<<<<<
07-11 11:32:00.328 D/AndroidRuntime( 6705): CheckJNI is OFF
07-11 11:32:00.336 D/dalvikvm( 6705): Trying to load lib libjavacore.so 0x0
07-11 11:32:00.344 D/dalvikvm( 6705): Added shared lib libjavacore.so 0x0
07-11 11:32:00.351 D/dalvikvm( 6705): Trying to load lib libnativehelper.so 0x0
07-11 11:32:00.351 D/dalvikvm( 6705): Added shared lib libnativehelper.so 0x0
07-11 11:32:00.515 D/AndroidRuntime( 6705): Calling main entry com.qihoo360.powerctl.root.app.App
07-11 11:32:00.523 D/AndroidRuntime( 6705): Shutting down VM
07-11 11:32:00.523 D/dalvikvm( 6705): Debugger has detached; object registry had 1 entries
07-11 11:32:00.601 W/GlowPadView(  374): The number of target drawables must be equal to the number of direction descriptions.
07-11 11:32:00.844 D/MdmApplication( 3259): [null:-1]->onActivityStarted market.activity.AppListActivity , mActivityCount = 0
07-11 11:32:00.844 E/Mdm     ( 3259): Call Mdm service's setLastExitTime function
07-11 11:32:00.844 D/MDM :   ( 3259): [null:-1]->query
07-11 11:32:00.844 D/MDM :   ( 3259): [null:-1]->QUERY_SETTING_PIN_TIMEOUT
07-11 11:32:00.844 D/MDM :   ( 3259): [null:-1]->query
07-11 11:32:00.851 D/MDM :   ( 3259): [null:-1]->QUERY_SETTING_PIN_CODE
07-11 11:32:00.851 D/MDM :   ( 3259): [null:-1]->query
07-11 11:32:00.851 D/MDM :   ( 3259): [null:-1]->QUERY_PINCODE_CHECK_RESULT
07-11 11:32:00.851 D/mdm_log ( 3259): [null:-1]->has installed com.moji.mjweather
07-11 11:32:00.867 D/PhoneStatusBar(  450): disable: < expand icons alerts ticker system_info BACK HOME recent* CLOCK search >
07-11 11:32:00.914 D/NfcService(  592): NFC-C ON
07-11 11:32:00.992 W/InputMethodManagerService(  374): Window already focused, ignoring focus gain of: com.android.internal.view.IInputMethodClient$Stub$Proxy@42c3e3a8 attribute=android.view.inputmethod.EditorInfo@431492d8, token = android.os.BinderProxy@42cdb438
07-11 11:32:00.992 D/PhoneStatusBar(  450): disable: < expand icons alerts ticker system_info back* home* recent clock* search >
07-11 11:32:01.383 V/TAG     (  374): bug 7643792: fitSystemWindows([0,50][0,0])
07-11 11:32:01.437 I/RootJni ( 6738): su: permission denied
07-11 11:32:01.453 D/dalvikvm(30972): GC_CONCURRENT freed 246K, 7% free 9785K/10424K, paused 48ms+10ms, total 115ms
07-11 11:32:01.500 D/AndroidRuntime( 6737): 
07-11 11:32:01.500 D/AndroidRuntime( 6737): >>>>>> AndroidRuntime START com.android.internal.os.RuntimeInit <<<<<<
07-11 11:32:01.500 D/AndroidRuntime( 6737): CheckJNI is OFF
07-11 11:32:01.515 D/dalvikvm( 6737): Trying to load lib libjavacore.so 0x0
07-11 11:32:01.523 D/dalvikvm( 6737): Added shared lib libjavacore.so 0x0
07-11 11:32:01.539 D/dalvikvm( 6737): Trying to load lib libnativehelper.so 0x0
07-11 11:32:01.539 D/dalvikvm( 6737): Added shared lib libnativehelper.so 0x0
07-11 11:32:01.781 D/AndroidRuntime( 6737): Calling main entry com.qihoo360.powerctl.root.app.App
07-11 11:32:01.781 D/AndroidRuntime( 6737): Shutting down VM
07-11 11:32:01.789 D/dalvikvm( 6737): Debugger has detached; object registry had 1 entries
07-11 11:32:02.750 W/MountService(  374): getVolumeState(/storage/emulated/0/external_sd): Unknown volume
07-11 11:32:02.750 W/MountService(  374): getVolumeState(/mnt/sdcard-ext): Unknown volume
07-11 11:32:02.750 W/MountService(  374): getVolumeState(/mnt/ext_sdcard): Unknown volume
07-11 11:32:02.750 W/MountService(  374): getVolumeState(/mnt/sdcard2): Unknown volume
07-11 11:32:02.750 W/MountService(  374): getVolumeState(/mnt/emmc): Unknown volume
07-11 11:32:02.750 W/MountService(  374): getVolumeState(/mnt/extSdCard): Unknown volume
07-11 11:32:02.758 W/MountService(  374): getVolumeState(/mnt/sdcard/SD_CARD): Unknown volume
07-11 11:32:02.758 W/MountService(  374): getVolumeState(/mnt/sdcard/extra_sd): Unknown volume
07-11 11:32:02.758 W/MountService(  374): getVolumeState(/mnt/extrasd_bind): Unknown volume
07-11 11:32:02.758 W/MountService(  374): getVolumeState(/mnt/sdcard/ext_sd): Unknown volume
07-11 11:32:02.765 W/MountService(  374): getVolumeState(/storage/extSdCard): Unknown volume
07-11 11:32:02.765 W/MountService(  374): getVolumeState(/storage/sdcard1): Unknown volume
07-11 11:32:02.765 W/MountService(  374): getVolumeState(/mnt/sdcard/external_SD): Unknown volume
07-11 11:32:02.773 D/dalvikvm( 1736): GC_CONCURRENT freed 412K, 21% free 9573K/12000K, paused 4ms+3ms, total 35ms
07-11 11:32:02.773 W/MountService(  374): getVolumeState(/mnt/sdcard/external_sd): Unknown volume
07-11 11:32:02.961 D/dalvikvm( 1736): GC_CONCURRENT freed 464K, 21% free 9540K/12000K, paused 3ms+4ms, total 37ms
07-11 11:32:03.000 W/MountService(  374): getVolumeState(/storage/emulated/0/external_sd): Unknown volume
07-11 11:32:03.000 W/MountService(  374): getVolumeState(/mnt/sdcard-ext): Unknown volume
07-11 11:32:03.000 W/MountService(  374): getVolumeState(/mnt/ext_sdcard): Unknown volume
07-11 11:32:03.000 W/MountService(  374): getVolumeState(/mnt/sdcard2): Unknown volume
07-11 11:32:03.000 W/MountService(  374): getVolumeState(/mnt/emmc): Unknown volume
07-11 11:32:03.000 W/MountService(  374): getVolumeState(/mnt/extSdCard): Unknown volume
07-11 11:32:03.000 W/MountService(  374): getVolumeState(/mnt/sdcard/SD_CARD): Unknown volume
07-11 11:32:03.000 W/MountService(  374): getVolumeState(/mnt/sdcard/extra_sd): Unknown volume
07-11 11:32:03.000 W/MountService(  374): getVolumeState(/mnt/extrasd_bind): Unknown volume
07-11 11:32:03.008 W/MountService(  374): getVolumeState(/mnt/sdcard/ext_sd): Unknown volume
07-11 11:32:03.008 W/MountService(  374): getVolumeState(/storage/extSdCard): Unknown volume
07-11 11:32:03.008 W/MountService(  374): getVolumeState(/storage/sdcard1): Unknown volume
07-11 11:32:03.008 W/MountService(  374): getVolumeState(/mnt/sdcard/external_SD): Unknown volume
07-11 11:32:03.008 W/MountService(  374): getVolumeState(/mnt/sdcard/external_sd): Unknown volume
07-11 11:32:03.062 D/dalvikvm( 1736): GC_CONCURRENT freed 430K, 21% free 9523K/12000K, paused 4ms+2ms, total 28ms
07-11 11:32:16.328 D/dalvikvm(  577): GC_EXPLICIT freed 291K, 7% free 11557K/12344K, paused 5ms+6ms, total 50ms
07-11 11:32:20.875 W/System.err( 1063): java.io.FileNotFoundException: /data/data/com.mgyapp.android/files/.cfpaps.i: open failed: ENOENT (No such file or directory)
07-11 11:32:20.875 W/System.err( 1063): 	at libcore.io.IoBridge.open(IoBridge.java:409)
07-11 11:32:20.875 W/System.err( 1063): 	at java.io.FileInputStream.<init>(FileInputStream.java:78)
07-11 11:32:20.875 W/System.err( 1063): 	at android.app.ContextImpl.openFileInput(ContextImpl.java:702)
07-11 11:32:20.875 W/System.err( 1063): 	at android.content.ContextWrapper.openFileInput(ContextWrapper.java:173)
07-11 11:32:20.875 W/System.err( 1063): 	at com.mgyun.shua.jc.service.f.run(Unknown Source)
07-11 11:32:20.875 W/System.err( 1063): 	at com.mgyun.shua.jc.service.CpWorkServer.onHandleIntent(Unknown Source)
07-11 11:32:20.875 W/System.err( 1063): 	at android.app.IntentService$ServiceHandler.handleMessage(IntentService.java:65)
07-11 11:32:20.875 W/System.err( 1063): 	at android.os.Handler.dispatchMessage(Handler.java:99)
07-11 11:32:20.883 W/System.err( 1063): 	at android.os.Looper.loop(Looper.java:137)
07-11 11:32:20.883 W/System.err( 1063): 	at android.os.HandlerThread.run(HandlerThread.java:61)
07-11 11:32:20.883 W/System.err( 1063): Caused by: libcore.io.ErrnoException: open failed: ENOENT (No such file or directory)
07-11 11:32:20.883 W/System.err( 1063): 	at libcore.io.Posix.open(Native Method)
07-11 11:32:20.883 W/System.err( 1063): 	at libcore.io.BlockGuardOs.open(BlockGuardOs.java:110)
07-11 11:32:20.883 W/System.err( 1063): 	at libcore.io.IoBridge.open(IoBridge.java:393)
07-11 11:32:20.883 W/System.err( 1063): 	... 9 more
07-11 11:32:24.953 D/LightsService(  374): Excessive delay setting light: 67ms
07-11 11:32:30.820 I/PowerManagerService(  374): Going to sleep due to screen timeout...
07-11 11:32:30.867 W/System.err( 1063): java.io.FileNotFoundException: /data/data/com.mgyapp.android/files/.cfp.i: open failed: ENOENT (No such file or directory)
07-11 11:32:30.867 W/System.err( 1063): 	at libcore.io.IoBridge.open(IoBridge.java:409)
07-11 11:32:30.867 W/System.err( 1063): 	at java.io.FileInputStream.<init>(FileInputStream.java:78)
07-11 11:32:30.875 W/System.err( 1063): 	at android.app.ContextImpl.openFileInput(ContextImpl.java:702)
07-11 11:32:30.875 W/System.err( 1063): 	at android.content.ContextWrapper.openFileInput(ContextWrapper.java:173)
07-11 11:32:30.875 W/System.err( 1063): 	at com.mgyun.shua.jc.c.b(Unknown Source)
07-11 11:32:30.875 W/System.err( 1063): 	at com.mgyun.shua.jc.d.a(Unknown Source)
07-11 11:32:30.875 W/System.err( 1063): 	at com.mgyun.shua.jc.service.CpWorkServer.onHandleIntent(Unknown Source)
07-11 11:32:30.875 W/System.err( 1063): 	at android.app.IntentService$ServiceHandler.handleMessage(IntentService.java:65)
07-11 11:32:30.875 W/System.err( 1063): 	at android.os.Handler.dispatchMessage(Handler.java:99)
07-11 11:32:30.875 W/System.err( 1063): 	at android.os.Looper.loop(Looper.java:137)
07-11 11:32:30.875 W/System.err( 1063): 	at android.os.HandlerThread.run(HandlerThread.java:61)
07-11 11:32:30.875 W/System.err( 1063): Caused by: libcore.io.ErrnoException: open failed: ENOENT (No such file or directory)
07-11 11:32:30.875 W/System.err( 1063): 	at libcore.io.Posix.open(Native Method)
07-11 11:32:30.883 W/System.err( 1063): 	at libcore.io.BlockGuardOs.open(BlockGuardOs.java:110)
07-11 11:32:30.883 W/System.err( 1063): 	at libcore.io.IoBridge.open(IoBridge.java:393)
07-11 11:32:30.883 W/System.err( 1063): 	... 10 more
07-11 11:32:31.586 D/MdmApplication( 3259): [null:-1]->onActivityPaused market.activity.AppListActivity , mActivityCount = 1
07-11 11:32:31.586 D/MDM :   ( 3259): [null:-1]->query
07-11 11:32:31.586 D/MDM :   ( 3259): [null:-1]->QUERY_PINCODE_CHECK_RESULT
07-11 11:32:31.586 E/Mdm     ( 3259): Call Mdm service's setLastExitTime function
07-11 11:32:31.586 D/SurfaceFlinger(  124): Screen released, type=0 flinger=0x400b4008
07-11 11:32:31.672 D/NfcService(  592): NFC-C OFF, disconnect
07-11 11:32:31.797 D/MDM :   ( 3259): [null:-1]->query
07-11 11:32:31.797 D/MDM :   ( 3259): [null:-1]->QUERY_SETTING_PIN_ONOFF
07-11 11:32:31.804 D/dalvikvm(30972): GC_CONCURRENT freed 548K, 8% free 9641K/10424K, paused 3ms+4ms, total 43ms
07-11 11:32:36.797 V/KeyguardHostView(  374): hide transport, gen:83
07-11 11:32:36.797 V/KeyguardHostView(  374): music state changed: 0
07-11 11:32:36.844 D/PhoneStatusBar(  450): disable: < expand icons alerts ticker system_info back home RECENT* clock search >
07-11 11:32:36.875 V/TAG     (  374): bug 7643792: fitSystemWindows([0,50][0,0])
07-11 11:32:36.937 D/dalvikvm( 1165): GC_FOR_ALLOC freed 343K, 7% free 9204K/9804K, paused 17ms, total 18ms
07-11 11:32:37.000 D/PhoneStatusBar(  450): disable: < expand icons alerts ticker system_info BACK* HOME* RECENT CLOCK* search >
07-11 11:32:37.008 D/dalvikvm(  374): GC_CONCURRENT freed 1948K, 22% free 23792K/30452K, paused 12ms+13ms, total 185ms
07-11 11:32:37.289 D/MDM :   ( 3259): [null:-1]->MSG_WEBSOCKET_MESSAGE : {"id":-1328538963,"type":0,"command":0,"result":0,"reason":0,"params":{"msgId":"7ccd5ab2-89db-473d-aecf-ed8cb0f19a2a,7ccd5ab289db473daecfed8cb0f19a2a","device":"ffffffffc539bb10fffffffff7aea961","message":"{\"cmd\":\"10119\"}"}}
07-11 11:32:37.320 D/MdmService( 3259): [null:-1]->push message type :0
07-11 11:32:37.320 D/MdmService( 3259): [null:-1]->cmdMessage : {"cmd":"10119"}
07-11 11:32:37.320 D/MdmService( 3259): [null:-1]->command : PushCommandMsg{cmd='10119', msg='null'}
07-11 11:32:37.320 D/MDM :   ( 3259): [null:-1]->PUSH CMD: 10119
07-11 11:32:37.328 D/MdmStatusManager( 3259): [null:-1]->change status to : Busy
07-11 11:32:37.328 D/DB      ( 3259): query: SQLiteQuery: SELECT content, command_status, status FROM command WHERE status!=2
07-11 11:32:37.328 D/DB      ( 3259): factory null
07-11 11:32:37.328 D/DB      ( 3259): fillWindow: 0
07-11 11:32:37.328 D/DB      ( 3259): cursor 0
07-11 11:32:37.328 D/DB      ( 3259): moveToPos: 0
07-11 11:32:37.328 I/TransInfo( 3259): TransInfo created, id: 3, class: class com.pekall.emdm.transaction.b.c
07-11 11:32:37.328 D/NetworkThread( 3259): [null:-1]->----isRunning-----true
07-11 11:32:37.336 D/NetworkThread( 3259): [null:-1]->----isRunning-----true
07-11 11:32:37.336 D/NetworkThread( 3259): [null:-1]->thread wakeup
07-11 11:32:37.336 D/HttpClient( 3259): enable apache.http debug
07-11 11:32:37.344 V/DEBUG   ( 3259): HTTP 0
07-11 11:32:37.594 V/DEBUG   ( 3259): HTTP 1
07-11 11:32:37.617 D/MDM :   ( 3259): [null:-1]->read network input stream
07-11 11:32:37.617 D/MDM :   ( 3259): [null:-1]->read network input stream
07-11 11:32:37.633 D/CheckInTransInfo( 3259): [null:-1]->CommandMsg : CommandMsg{CommandUUID='8a8088bf471a79ec0147237aeac84190', Command=CommandObject{RequestType='InstallApplication'}}
07-11 11:32:37.633 D/DB      ( 3259): query: SQLiteQuery: SELECT * FROM command WHERE cmd_uuid='8a8088bf471a79ec0147237aeac84190'
07-11 11:32:37.633 D/DB      ( 3259): factory null
07-11 11:32:37.633 D/DB      ( 3259): fillWindow: 0
07-11 11:32:37.640 D/DB      ( 3259): cursor 0
07-11 11:32:37.679 D/NetworkThread( 3259): [null:-1]->queue is empty, thread wait...
07-11 11:32:37.781 D/MdmService( 3259): [null:-1]->handleCheckInResult
07-11 11:32:37.781 D/MdmService( 3259): [null:-1]->handleCheckInResult result keyIndex: 3
07-11 11:32:37.781 D/CommandManager( 3259): [null:-1]->execute command: CommandMsg{CommandUUID='8a8088bf471a79ec0147237aeac84190', Command=CommandObject{RequestType='InstallApplication'}}
07-11 11:32:37.781 D/TEST_ALL( 3259): [null:-1]->REQ_TYPE_INST_APP
07-11 11:32:37.797 E/DB      ( 3259): bind, index: 1, value: by.game.binumbers
07-11 11:32:37.797 D/DB      ( 3259): query: SQLiteQuery: SELECT * FROM app WHERE package=?
07-11 11:32:37.797 D/DB      ( 3259): factory null
07-11 11:32:37.797 D/DB      ( 3259): fillWindow: 0
07-11 11:32:37.797 D/DB      ( 3259): cursor 0
07-11 11:32:37.797 D/DB      ( 3259): moveToPos: 0
07-11 11:32:37.867 D/DB      ( 3259): query: SQLiteQuery: SELECT * FROM app WHERE readStatus =0
07-11 11:32:37.867 D/DB      ( 3259): factory null
07-11 11:32:37.867 D/DB      ( 3259): fillWindow: 0
07-11 11:32:37.867 D/DB      ( 3259): cursor 1
07-11 11:32:37.867 E/Mdm     ( 3259): Call Mdm service's recordIconCount function
07-11 11:32:37.875 D/DB      ( 3259): query: SQLiteQuery: SELECT * FROM app WHERE type = 51107
07-11 11:32:37.875 D/DB      ( 3259): factory null
07-11 11:32:37.875 D/DB      ( 3259): fillWindow: 0
07-11 11:32:37.875 D/DB      ( 3259): cursor 2
07-11 11:32:37.883 D/DB      ( 3259): query: SQLiteQuery: SELECT * FROM app WHERE readStatus =0
07-11 11:32:37.883 D/DB      ( 3259): factory null
07-11 11:32:37.883 D/DB      ( 3259): fillWindow: 0
07-11 11:32:37.883 D/DB      ( 3259): cursor 1
07-11 11:32:37.898 D/DB      ( 3259): moveToPos: 0
07-11 11:32:37.898 D/DB      ( 3259): onMove: 0
07-11 11:32:37.898 D/DB      ( 3259): moveToPos: 1
07-11 11:32:37.898 D/DB      ( 3259): onMove: 1
07-11 11:32:37.898 D/DB      ( 3259): moveToPos: 2
07-11 11:32:37.937 I/AudioService(  374):  AudioFocus  requestAudioFocus() from android.media.AudioManager@42321800
07-11 11:32:37.937 V/KeyguardHostView(  374): hide transport, gen:84
07-11 11:32:37.953 I/TransInfo( 3259): TransInfo created, id: 3, class: class com.pekall.emdm.transaction.b.c
07-11 11:32:37.961 D/NetworkThread( 3259): [null:-1]->----isRunning-----true
07-11 11:32:37.961 D/NetworkThread( 3259): [null:-1]->----isRunning-----true
07-11 11:32:37.961 D/NetworkThread( 3259): [null:-1]->thread wakeup
07-11 11:32:37.961 D/HttpClient( 3259): enable apache.http debug
07-11 11:32:37.969 V/DEBUG   ( 3259): HTTP 0
07-11 11:32:38.265 V/DEBUG   ( 3259): HTTP 1
07-11 11:32:38.273 D/MdmDatabaseHelper( 3259): [null:-1]->update command 8a8088bf471a79ec0147237aeac84190 to status executed
07-11 11:32:38.304 D/NetworkThread( 3259): [null:-1]->queue is empty, thread wait...
07-11 11:32:38.375 D/MdmService( 3259): [null:-1]->handleCheckInResult
07-11 11:32:38.375 D/MdmService( 3259): [null:-1]->handleCheckInResult result keyIndex: 3
07-11 11:32:38.375 D/HandleCommandTask( 3259): [null:-1]->execute command msg but beanBase is null
07-11 11:32:38.375 D/MdmStatusManager( 3259): [null:-1]->change status to : Idle
07-11 11:32:39.086 I/AudioService(  374):  AudioFocus  abandonAudioFocus() from android.media.AudioManager@42321800
07-11 11:32:39.086 V/KeyguardHostView(  374): hide transport, gen:85
07-11 11:32:40.398 I/PowerManagerService(  374): Waking up from sleep...
07-11 11:32:40.445 I/WindowManager(  374): Lock screen displayed!
07-11 11:32:40.703 D/dalvikvm(  833): GC_CONCURRENT freed 1322K, 18% free 12859K/15584K, paused 20ms+12ms, total 136ms
07-11 11:32:40.703 D/dalvikvm(  833): WAIT_FOR_CONCURRENT_GC blocked 44ms
07-11 11:32:40.703 D/dalvikvm(  833): WAIT_FOR_CONCURRENT_GC blocked 43ms
07-11 11:32:40.781 V/DigitalWidgetViewsFactory( 4289): DigitalWidget sets next alarm string to null
07-11 11:32:40.812 D/PowerManagerService-JNI(  374): Excessive delay in autosuspend_disable() while turning screen on: 396ms
07-11 11:32:40.844 D/SurfaceFlinger(  124): Screen acquired, type=0 flinger=0x400b4008
07-11 11:32:40.945 D/SurfaceControl(  374): Excessive delay in unblankDisplay() while turning screen on: 135ms
07-11 11:32:41.133 D/AndroidRuntime( 6843): 
07-11 11:32:41.133 D/AndroidRuntime( 6843): >>>>>> AndroidRuntime START com.android.internal.os.RuntimeInit <<<<<<
07-11 11:32:41.133 D/AndroidRuntime( 6843): CheckJNI is OFF
07-11 11:32:41.156 D/dalvikvm( 6843): Trying to load lib libjavacore.so 0x0
07-11 11:32:41.164 D/dalvikvm( 6843): Added shared lib libjavacore.so 0x0
07-11 11:32:41.179 D/dalvikvm( 6843): Trying to load lib libnativehelper.so 0x0
07-11 11:32:41.179 D/dalvikvm( 6843): Added shared lib libnativehelper.so 0x0
07-11 11:32:41.320 D/LightsService(  374): Excessive delay setting light: 331ms
07-11 11:32:41.406 D/AndroidRuntime( 6843): Calling main entry com.qihoo360.powerctl.root.app.App
07-11 11:32:41.406 D/AndroidRuntime( 6843): Shutting down VM
07-11 11:32:41.406 D/dalvikvm( 6843): Debugger has detached; object registry had 1 entries
07-11 11:32:41.406 I/AndroidRuntime( 6843): NOTE: attach of thread 'Binder_1' failed
07-11 11:32:41.820 D/MdmApplication( 3259): [null:-1]->onActivityStarted market.activity.AppListActivity , mActivityCount = 0
07-11 11:32:41.820 E/Mdm     ( 3259): Call Mdm service's setLastExitTime function
07-11 11:32:41.828 D/MDM :   ( 3259): [null:-1]->query
07-11 11:32:41.828 D/MDM :   ( 3259): [null:-1]->QUERY_SETTING_PIN_TIMEOUT
07-11 11:32:41.836 D/MDM :   ( 3259): [null:-1]->query
07-11 11:32:41.836 D/MDM :   ( 3259): [null:-1]->QUERY_PINCODE_CHECK_RESULT
07-11 11:32:41.836 D/PhoneStatusBar(  450): disable: < expand icons alerts ticker system_info BACK HOME recent* CLOCK search >
07-11 11:32:41.859 D/NfcService(  592): NFC-C ON
07-11 11:32:41.906 D/PhoneStatusBar(  450): disable: < expand icons alerts ticker system_info back* home* recent clock* search >
07-11 11:32:41.969 D/mdm_log ( 3259): [null:-1]->has installed com.moji.mjweather
07-11 11:32:41.976 W/InputMethodManagerService(  374): Window already focused, ignoring focus gain of: com.android.internal.view.IInputMethodClient$Stub$Proxy@423dd7c8 attribute=android.view.inputmethod.EditorInfo@42c5c910, token = android.os.BinderProxy@42cdb438
07-11 11:32:42.351 V/TAG     (  374): bug 7643792: fitSystemWindows([0,50][0,0])
07-11 11:32:42.445 D/AndroidRuntime( 6874): 
07-11 11:32:42.445 D/AndroidRuntime( 6874): >>>>>> AndroidRuntime START com.android.internal.os.RuntimeInit <<<<<<
07-11 11:32:42.445 D/AndroidRuntime( 6874): CheckJNI is OFF
07-11 11:32:42.461 D/dalvikvm( 6874): Trying to load lib libjavacore.so 0x0
07-11 11:32:42.469 D/dalvikvm( 6874): Added shared lib libjavacore.so 0x0
07-11 11:32:42.484 D/dalvikvm( 6874): Trying to load lib libnativehelper.so 0x0
07-11 11:32:42.484 D/dalvikvm( 6874): Added shared lib libnativehelper.so 0x0
07-11 11:32:42.711 D/AndroidRuntime( 6874): Calling main entry com.qihoo360.powerctl.root.app.App
07-11 11:32:42.719 D/AndroidRuntime( 6874): Shutting down VM
07-11 11:32:42.719 D/jdwp    ( 6874): Got wake-up signal, bailing out of select
07-11 11:32:42.719 D/dalvikvm( 6874): Debugger has detached; object registry had 1 entries
07-11 11:32:42.820 D/mdm_log ( 3259): [null:-1]->info.downLoadPos  : 0
07-11 11:32:42.828 D/mdm_log ( 3259): [null:-1]->file.length  : 0
07-11 11:32:42.828 D/mdm_log ( 3259): [null:-1]->has installed com.moji.mjweather
07-11 11:32:42.929 D/dalvikvm( 3259): GC_FOR_ALLOC freed 2453K, 21% free 16396K/20500K, paused 61ms, total 64ms
07-11 11:32:43.101 D/DB      ( 3259): query: SQLiteQuery: SELECT * FROM app WHERE type = 51107
07-11 11:32:43.101 D/DB      ( 3259): factory null
07-11 11:32:43.101 D/DB      ( 3259): fillWindow: 0
07-11 11:32:43.101 D/DB      ( 3259): cursor 2
07-11 11:32:43.101 D/DB      ( 3259): moveToPos: 0
07-11 11:32:43.101 D/DB      ( 3259): onMove: 0
07-11 11:32:43.101 D/DB      ( 3259): moveToPos: 1
07-11 11:32:43.101 D/DB      ( 3259): onMove: 1
07-11 11:32:43.101 D/DB      ( 3259): moveToPos: 2
07-11 11:32:43.109 D/DB      ( 3259): query: SQLiteQuery: SELECT * FROM app WHERE readStatus =0
07-11 11:32:43.109 D/DB      ( 3259): factory null
07-11 11:32:43.109 D/DB      ( 3259): fillWindow: 0
07-11 11:32:43.109 D/DB      ( 3259): cursor 1
07-11 11:32:43.109 E/Mdm     ( 3259): Call Mdm service's recordIconCount function
07-11 11:32:43.109 D/mdm_log ( 3259): [null:-1]->lastModifiedDate : null
07-11 11:32:43.109 D/mdm_log ( 3259): [null:-1]->serverLastModifiedDate : null
07-11 11:32:51.797 D/PushService( 5451): [null:-1]->receiver action :com.pekall.mdm.action.PUSH_ALARM
07-11 11:32:51.797 D/PushService( 5451): [null:-1]->keepAliveWithPushServer client is opened:true
07-11 11:32:51.797 D/PushLib : ( 5451): [null:-1]->ping!!!!!!!!!
07-11 11:32:51.797 D/PushLib : ( 5451): [null:-1]->pushClient is :not null
07-11 11:32:51.797 D/PushLib : ( 5451): [null:-1]->pushClient opened : opened
07-11 11:32:52.414 D/JOBS    ( 5451): Thread-2701: load factor check. true = (0 < 1)|| (0 * 3 < 0 + 0). consumer thread: true
07-11 11:32:52.414 D/JOBS    ( 5451): didn't allow me to die, re-running Thread-2701
07-11 11:32:52.414 D/JOBS    ( 5451): re-running consumer Thread-2701
07-11 11:32:53.211 D/mdm_log ( 3259): [null:-1]->read buffer is -1 , download done
07-11 11:32:53.242 D/mdm_log ( 3259): [null:-1]->file download complete! url is/storage/emulated/0/MDM/download/bygamebinumbers.apk
07-11 11:32:53.265 D/mdm_log ( 3259): [null:-1]->call  refresh in onDownLoadComplete
07-11 11:32:53.265 D/mdm_log ( 3259): [null:-1]->has installed com.moji.mjweather
07-11 11:32:53.265 D/mdm_log ( 3259): [null:-1]->call  refresh in onDownLoadComplete
07-11 11:32:53.265 D/mdm_log ( 3259): [null:-1]->has installed com.moji.mjweather
07-11 11:32:54.453 I/ActivityManager(  374): START u0 {act=android.intent.action.VIEW dat=file:///storage/emulated/0/MDM/download/bygamebinumbers.apk typ=application/vnd.android.package-archive flg=0x10000000 cmp=com.android.packageinstaller/.PackageInstallerActivity} from pid 3259
07-11 11:32:54.469 D/mdm_log ( 3259): [null:-1]->has installed com.moji.mjweather
07-11 11:32:54.469 D/MdmApplication( 3259): [null:-1]->onActivityPaused market.activity.AppListActivity , mActivityCount = 1
07-11 11:32:54.469 D/MDM :   ( 3259): [null:-1]->query
07-11 11:32:54.469 D/MDM :   ( 3259): [null:-1]->QUERY_PINCODE_CHECK_RESULT
07-11 11:32:54.469 E/Mdm     ( 3259): Call Mdm service's setLastExitTime function
07-11 11:32:54.508 I/ActivityManager(  374): Start proc com.android.packageinstaller for activity com.android.packageinstaller/.PackageInstallerActivity: pid=6907 uid=10045 gids={50045, 1028}
07-11 11:32:54.547 D/dalvikvm(  125): GC_EXPLICIT freed 40K, 1% free 8921K/9000K, paused 3ms+4ms, total 44ms
07-11 11:32:54.586 D/dalvikvm(  125): GC_EXPLICIT freed <1K, 1% free 8921K/9000K, paused 3ms+4ms, total 33ms
07-11 11:32:54.617 D/dalvikvm(  125): GC_EXPLICIT freed <1K, 1% free 8921K/9000K, paused 2ms+4ms, total 28ms
07-11 11:32:54.742 D/dalvikvm( 6907): GC_CONCURRENT freed 263K, 4% free 9171K/9468K, paused 7ms+4ms, total 41ms
07-11 11:32:54.742 D/dalvikvm( 6907): WAIT_FOR_CONCURRENT_GC blocked 18ms
07-11 11:32:54.867 D/dalvikvm( 6907): GC_CONCURRENT freed 253K, 3% free 9388K/9676K, paused 4ms+2ms, total 30ms
07-11 11:32:54.922 D/dalvikvm( 6907): GC_FOR_ALLOC freed 94K, 4% free 9361K/9676K, paused 23ms, total 23ms
07-11 11:32:54.922 I/dalvikvm-heap( 6907): Grow heap (frag case) to 10.173MB for 1048592-byte allocation
07-11 11:32:54.953 D/dalvikvm( 6907): GC_FOR_ALLOC freed 328K, 7% free 10057K/10704K, paused 27ms, total 27ms
07-11 11:32:54.976 D/dalvikvm( 6907): GC_CONCURRENT freed <1K, 7% free 10056K/10704K, paused 4ms+2ms, total 25ms
07-11 11:32:55.086 D/dalvikvm( 6907): GC_FOR_ALLOC freed <1K, 7% free 10056K/10704K, paused 22ms, total 23ms
07-11 11:32:55.101 I/dalvikvm-heap( 6907): Grow heap (frag case) to 13.853MB for 4194320-byte allocation
07-11 11:32:55.125 D/dalvikvm( 6907): GC_FOR_ALLOC freed 0K, 5% free 14152K/14804K, paused 24ms, total 24ms
07-11 11:32:55.148 D/dalvikvm( 6907): GC_CONCURRENT freed 0K, 5% free 14152K/14804K, paused 4ms+5ms, total 27ms
07-11 11:32:55.719 D/libEGL  ( 6907): loaded /vendor/lib/egl/libEGL_POWERVR_SGX540_120.so
07-11 11:32:55.726 D/libEGL  ( 6907): loaded /vendor/lib/egl/libGLESv1_CM_POWERVR_SGX540_120.so
07-11 11:32:55.734 D/libEGL  ( 6907): loaded /vendor/lib/egl/libGLESv2_POWERVR_SGX540_120.so
07-11 11:32:55.836 D/OpenGLRenderer( 6907): Enabling debug mode 0
07-11 11:32:56.039 I/ActivityManager(  374): Displayed com.android.packageinstaller/.PackageInstallerActivity: +1s553ms
07-11 11:32:56.828 D/PushLib : ( 5451): [null:-1]->MSG_WEBSOCKET_PONG
07-11 11:32:58.094 I/ActivityManager(  374): START u0 {dat=file:///storage/emulated/0/MDM/download/bygamebinumbers.apk cmp=com.android.packageinstaller/.InstallAppProgress (has extras)} from pid 6907
07-11 11:32:58.250 D/dalvikvm(  374): GC_FOR_ALLOC freed 1850K, 25% free 22977K/30452K, paused 99ms, total 99ms
07-11 11:32:58.351 D/dalvikvm(  374): GC_FOR_ALLOC freed 1971K, 29% free 21749K/30452K, paused 92ms, total 93ms
07-11 11:32:58.508 D/dalvikvm( 6907): GC_FOR_ALLOC freed 1152K, 8% free 14607K/15832K, paused 22ms, total 22ms
07-11 11:32:58.531 I/dalvikvm-heap( 6907): Grow heap (frag case) to 18.297MB for 4194320-byte allocation
07-11 11:32:58.562 D/dalvikvm( 6907): GC_FOR_ALLOC freed 2K, 7% free 18700K/19932K, paused 23ms, total 23ms
07-11 11:32:58.594 D/dalvikvm( 6907): GC_CONCURRENT freed 9K, 7% free 18691K/19932K, paused 3ms+3ms, total 30ms
07-11 11:32:58.672 I/ActivityManager(  374): Start proc com.android.defcontainer for service com.android.defcontainer/.DefaultContainerService: pid=6932 uid=10012 gids={50012, 1015, 1023, 2001, 1028}
07-11 11:32:58.773 W/ActivityManager(  374): No content provider found for permission revoke: file:///storage/emulated/0/MDM/download/bygamebinumbers.apk
07-11 11:32:58.797 I/ActivityManager(  374): Start proc com.android.vending for broadcast com.android.vending/com.google.android.vending.verifier.PackageVerificationReceiver: pid=6946 uid=10047 gids={50047, 3003, 1015, 1028}
07-11 11:32:58.937 I/ActivityManager(  374): Displayed com.android.packageinstaller/.InstallAppProgress: +575ms
07-11 11:32:59.148 D/Finsky  ( 6946): [1] FinskyApp.onCreate: Initializing network with DFE https://android.clients.google.com/fdfe/
07-11 11:32:59.226 D/dalvikvm( 6946): GC_CONCURRENT freed 273K, 4% free 9122K/9432K, paused 4ms+4ms, total 41ms
07-11 11:32:59.258 D/Finsky  ( 6946): [1] DailyHygiene.goMakeHygieneIfDirty: Dirty, need more hygiene.
07-11 11:32:59.297 W/Settings( 6946): Setting download_manager_max_bytes_over_mobile has moved from android.provider.Settings.Secure to android.provider.Settings.Global.
07-11 11:32:59.304 W/Settings( 6946): Setting download_manager_recommended_max_bytes_over_mobile has moved from android.provider.Settings.Secure to android.provider.Settings.Global.
07-11 11:32:59.312 W/Finsky  ( 6946): [1] FinskyApp.getCurrentAccount: No account configured on this device.
07-11 11:32:59.312 W/Finsky  ( 6946): [1] FinskyApp.getDfeApi: No account configured on this device.
07-11 11:32:59.320 D/Finsky  ( 6946): [1] PackageVerificationReceiver.onReceive: Verification requested, id = 5
07-11 11:32:59.336 D/Finsky  ( 6946): [1] WorkerTask.onPreExecute: Verification Requested for id = 5, data=file:///storage/emulated/0/MDM/download/bygamebinumbers.apk flags=16 fromVerificationActivity=false
07-11 11:32:59.375 D/Finsky  ( 6946): [1] GmsCoreHelper.cleanupNlp: result=false type=4
07-11 11:32:59.469 D/dalvikvm( 6946): GC_CONCURRENT freed 253K, 4% free 9346K/9640K, paused 4ms+3ms, total 28ms
07-11 11:32:59.469 D/dalvikvm( 6946): WAIT_FOR_CONCURRENT_GC blocked 20ms
07-11 11:32:59.554 D/dalvikvm(30779): GC_FOR_ALLOC freed 367K, 7% free 9740K/10392K, paused 25ms, total 25ms
07-11 11:32:59.617 D/dalvikvm( 6946): GC_CONCURRENT freed 231K, 3% free 9545K/9812K, paused 2ms+3ms, total 28ms
07-11 11:32:59.726 D/dalvikvm( 6946): GC_CONCURRENT freed 499K, 6% free 9552K/10092K, paused 3ms+2ms, total 32ms
07-11 11:32:59.726 D/dalvikvm( 6946): WAIT_FOR_CONCURRENT_GC blocked 11ms
07-11 11:32:59.789 D/dalvikvm( 6946): GC_CONCURRENT freed 440K, 6% free 9563K/10092K, paused 3ms+3ms, total 27ms
07-11 11:32:59.789 D/dalvikvm( 6946): WAIT_FOR_CONCURRENT_GC blocked 18ms
07-11 11:32:59.851 D/dalvikvm( 6946): GC_CONCURRENT freed 458K, 6% free 9566K/10104K, paused 2ms+2ms, total 25ms
07-11 11:32:59.851 D/dalvikvm( 6946): WAIT_FOR_CONCURRENT_GC blocked 16ms
07-11 11:32:59.922 D/dalvikvm( 6946): GC_CONCURRENT freed 468K, 6% free 9568K/10116K, paused 5ms+2ms, total 34ms
07-11 11:32:59.922 D/dalvikvm( 6946): WAIT_FOR_CONCURRENT_GC blocked 22ms
07-11 11:33:00.000 D/dalvikvm( 6946): GC_CONCURRENT freed 457K, 6% free 9576K/10116K, paused 4ms+4ms, total 37ms
07-11 11:33:02.906 W/MountService(  374): getVolumeState(/storage/emulated/0/external_sd): Unknown volume
07-11 11:33:02.914 W/MountService(  374): getVolumeState(/mnt/sdcard-ext): Unknown volume
07-11 11:33:02.914 W/MountService(  374): getVolumeState(/mnt/ext_sdcard): Unknown volume
07-11 11:33:02.914 W/MountService(  374): getVolumeState(/mnt/sdcard2): Unknown volume
07-11 11:33:02.922 W/MountService(  374): getVolumeState(/mnt/emmc): Unknown volume
07-11 11:33:02.922 W/MountService(  374): getVolumeState(/mnt/extSdCard): Unknown volume
07-11 11:33:02.922 W/MountService(  374): getVolumeState(/mnt/sdcard/SD_CARD): Unknown volume
07-11 11:33:02.922 W/MountService(  374): getVolumeState(/mnt/sdcard/extra_sd): Unknown volume
07-11 11:33:02.922 W/MountService(  374): getVolumeState(/mnt/extrasd_bind): Unknown volume
07-11 11:33:02.922 W/MountService(  374): getVolumeState(/mnt/sdcard/ext_sd): Unknown volume
07-11 11:33:02.922 W/MountService(  374): getVolumeState(/storage/extSdCard): Unknown volume
07-11 11:33:02.922 W/MountService(  374): getVolumeState(/storage/sdcard1): Unknown volume
07-11 11:33:02.929 W/MountService(  374): getVolumeState(/mnt/sdcard/external_SD): Unknown volume
07-11 11:33:02.929 W/MountService(  374): getVolumeState(/mnt/sdcard/external_sd): Unknown volume
