07-11 11:22:00.000 I/ActivityManager(  374): No longer want com.dragon.android.pandaspace:bdservice_v1 (pid 4845): empty for 1804s
07-11 11:22:00.117 W/ActivityManager(  374): Scheduling restart of crashed service com.dragon.android.pandaspace/com.baidu.android.moplus.MoPlusService in 5000ms
07-11 11:22:00.687 I/AndroidRuntime( 5649): VM exiting with result code 0.
07-11 11:22:01.062 W/MountService(  374): getVolumeState(/storage/emulated/0/external_sd): Unknown volume
07-11 11:22:01.070 W/MountService(  374): getVolumeState(/mnt/sdcard-ext): Unknown volume
07-11 11:22:01.070 W/MountService(  374): getVolumeState(/mnt/ext_sdcard): Unknown volume
07-11 11:22:01.070 W/MountService(  374): getVolumeState(/mnt/sdcard2): Unknown volume
07-11 11:22:01.070 W/MountService(  374): getVolumeState(/mnt/emmc): Unknown volume
07-11 11:22:01.070 W/MountService(  374): getVolumeState(/mnt/extSdCard): Unknown volume
07-11 11:22:01.070 W/MountService(  374): getVolumeState(/mnt/sdcard/SD_CARD): Unknown volume
07-11 11:22:01.070 W/MountService(  374): getVolumeState(/mnt/sdcard/extra_sd): Unknown volume
07-11 11:22:01.078 W/MountService(  374): getVolumeState(/mnt/extrasd_bind): Unknown volume
07-11 11:22:01.078 W/MountService(  374): getVolumeState(/mnt/sdcard/ext_sd): Unknown volume
07-11 11:22:01.078 W/MountService(  374): getVolumeState(/storage/extSdCard): Unknown volume
07-11 11:22:01.078 W/MountService(  374): getVolumeState(/storage/sdcard1): Unknown volume
07-11 11:22:01.078 W/MountService(  374): getVolumeState(/mnt/sdcard/external_SD): Unknown volume
07-11 11:22:01.086 W/MountService(  374): getVolumeState(/mnt/sdcard/external_sd): Unknown volume
07-11 11:22:01.094 D/dalvikvm( 1736): GC_CONCURRENT freed 572K, 21% free 9514K/12000K, paused 11ms+3ms, total 51ms
07-11 11:22:01.094 D/dalvikvm( 1736): WAIT_FOR_CONCURRENT_GC blocked 8ms
07-11 11:22:01.094 D/dalvikvm( 1736): WAIT_FOR_CONCURRENT_GC blocked 10ms
07-11 11:22:01.172 I/ActivityManager(  374): Start proc android.process.acore for content provider com.android.providers.contacts/.ContactsProvider2: pid=5663 uid=10000 gids={50000, 3003, 1015, 1028}
07-11 11:22:01.273 D/LightsService(  374): Excessive delay setting light: 68ms
07-11 11:22:01.351 D/dalvikvm( 5663): GC_CONCURRENT freed 210K, 3% free 9163K/9408K, paused 4ms+2ms, total 33ms
07-11 11:22:01.758 I/ContactLocale( 5663): AddressBook Labels [zh_CN]: [, A, B, C, D, E, F, G, H, I, J, K, L, M, N, O, P, Q, R, S, T, U, V, W, X, Y, Z, , , , , , , , , , , , , , , , , , , , , , , , , , , , , , , , , , , , , , , , , , , , , , , , , , , , , , , , , , , , , , , , , , , , , , , , , , , , , , , , , , , , , , , , , , , , , , , , , , , , , , , , , , , , , , , , , , , , , , , , , , , , , , , , , , , , , , , , , , , , , , , , , , , , , , , , , , , , #, ]
07-11 11:22:01.922 D/dalvikvm( 4903): GC_EXPLICIT freed 250K, 4% free 9195K/9484K, paused 2ms+5ms, total 31ms
07-11 11:22:02.031 D/dalvikvm( 1736): GC_CONCURRENT freed 367K, 21% free 9538K/12000K, paused 4ms+6ms, total 39ms
07-11 11:22:02.101 W/MountService(  374): getVolumeState(/storage/emulated/0/external_sd): Unknown volume
07-11 11:22:02.101 W/MountService(  374): getVolumeState(/mnt/sdcard-ext): Unknown volume
07-11 11:22:02.101 W/MountService(  374): getVolumeState(/mnt/ext_sdcard): Unknown volume
07-11 11:22:02.101 W/MountService(  374): getVolumeState(/mnt/sdcard2): Unknown volume
07-11 11:22:02.101 W/MountService(  374): getVolumeState(/mnt/emmc): Unknown volume
07-11 11:22:02.101 W/MountService(  374): getVolumeState(/mnt/extSdCard): Unknown volume
07-11 11:22:02.109 W/MountService(  374): getVolumeState(/mnt/sdcard/SD_CARD): Unknown volume
07-11 11:22:02.109 W/MountService(  374): getVolumeState(/mnt/sdcard/extra_sd): Unknown volume
07-11 11:22:02.109 W/MountService(  374): getVolumeState(/mnt/extrasd_bind): Unknown volume
07-11 11:22:02.109 W/MountService(  374): getVolumeState(/mnt/sdcard/ext_sd): Unknown volume
07-11 11:22:02.109 W/MountService(  374): getVolumeState(/storage/extSdCard): Unknown volume
07-11 11:22:02.109 W/MountService(  374): getVolumeState(/storage/sdcard1): Unknown volume
07-11 11:22:02.109 W/MountService(  374): getVolumeState(/mnt/sdcard/external_SD): Unknown volume
07-11 11:22:02.109 W/MountService(  374): getVolumeState(/mnt/sdcard/external_sd): Unknown volume
07-11 11:22:02.156 D/dalvikvm( 1736): GC_CONCURRENT freed 437K, 21% free 9525K/12000K, paused 3ms+3ms, total 31ms
07-11 11:22:02.344 D/dalvikvm( 5663): GC_CONCURRENT freed 171K, 3% free 9399K/9608K, paused 3ms+2ms, total 24ms
07-11 11:22:04.344 I/ActivityManager(  374): Start proc com.google.android.talk for service com.google.android.talk/com.google.android.apps.babel.realtimechat.RealTimeChatService$AlarmWrapperService: pid=5680 uid=10030 gids={50030, 3003, 1015, 1006, 3002, 1028}
07-11 11:22:04.351 I/ActivityManager(  374): No longer want net.nurik.roman.dashclock (pid 4825): empty for 1800s
07-11 11:22:04.406 W/ActivityManager(  374): Scheduling restart of crashed service net.nurik.roman.dashclock/com.google.android.apps.dashclock.DashClockService in 10711ms
07-11 11:22:04.617 W/Settings( 5680): Setting airplane_mode_on has moved from android.provider.Settings.System to android.provider.Settings.Global, returning read-only value.
07-11 11:22:04.625 D/dalvikvm( 5680): GC_CONCURRENT freed 317K, 4% free 9094K/9452K, paused 6ms+5ms, total 43ms
07-11 11:22:04.625 D/dalvikvm( 5680): WAIT_FOR_CONCURRENT_GC blocked 2ms
07-11 11:22:04.898 D/dalvikvm(  374): GC_EXPLICIT freed 3829K, 28% free 21976K/30452K, paused 4ms+13ms, total 141ms
07-11 11:22:05.015 D/dalvikvm( 5680): GC_CONCURRENT freed 388K, 5% free 9096K/9520K, paused 4ms+2ms, total 32ms
07-11 11:22:05.125 I/ActivityManager(  374): Start proc com.dragon.android.pandaspace:bdservice_v1 for service com.dragon.android.pandaspace/com.baidu.android.moplus.MoPlusService: pid=5703 uid=10081 gids={50081, 1015, 3003, 1006, 1028}
07-11 11:22:05.140 I/dalvikvm( 5703): Turning on JNI app bug workarounds for target SDK version 8...
07-11 11:22:05.273 D/dalvikvm( 5703): Trying to load lib /data/app-lib/com.dragon.android.pandaspace-1/libroot.so 0x42082228
07-11 11:22:05.273 D/dalvikvm( 5703): Added shared lib /data/app-lib/com.dragon.android.pandaspace-1/libroot.so 0x42082228
07-11 11:22:05.273 I/RootJni ( 5703): JNI_OnLoad......
07-11 11:22:05.414 D/dalvikvm(  647): GC_EXPLICIT freed 154K, 7% free 9703K/10372K, paused 4ms+6ms, total 73ms
07-11 11:22:05.476 D/dalvikvm( 5703): GC_CONCURRENT freed 310K, 4% free 9082K/9428K, paused 4ms+4ms, total 47ms
07-11 11:22:05.586 D/dalvikvm( 5703): GC_CONCURRENT freed 326K, 4% free 9218K/9592K, paused 3ms+3ms, total 25ms
07-11 11:22:05.679 D/dalvikvm( 5703): GC_CONCURRENT freed 267K, 4% free 9460K/9764K, paused 3ms+3ms, total 25ms
07-11 11:22:05.679 D/dalvikvm( 5703): WAIT_FOR_CONCURRENT_GC blocked 8ms
07-11 11:22:05.742 D/dalvikvm( 5703): GC_CONCURRENT freed 382K, 5% free 9547K/10008K, paused 3ms+3ms, total 23ms
07-11 11:22:05.742 D/dalvikvm( 5703): WAIT_FOR_CONCURRENT_GC blocked 11ms
07-11 11:22:05.812 D/dalvikvm( 5703): GC_CONCURRENT freed 438K, 5% free 9594K/10096K, paused 3ms+3ms, total 31ms
07-11 11:22:05.812 D/dalvikvm( 5703): WAIT_FOR_CONCURRENT_GC blocked 11ms
07-11 11:22:05.844 I/dalvikvm( 5703): Failed resolving Lcom/baidu/android/nebula/util/BDLocationManager$BaiduLocationListener; interface 1167 'Lcom/baidu/location/BDLocationListener;'
07-11 11:22:05.844 W/dalvikvm( 5703): Link of class 'Lcom/baidu/android/nebula/util/BDLocationManager$BaiduLocationListener;' failed
07-11 11:22:05.844 W/dalvikvm( 5703): VFY: unable to find class referenced in signature (Lcom/baidu/location/LocationClient;)
07-11 11:22:05.844 I/dalvikvm( 5703): Failed resolving Lcom/baidu/android/nebula/util/BDLocationManager$BaiduLocationListener; interface 1167 'Lcom/baidu/location/BDLocationListener;'
07-11 11:22:05.844 W/dalvikvm( 5703): Link of class 'Lcom/baidu/android/nebula/util/BDLocationManager$BaiduLocationListener;' failed
07-11 11:22:05.844 I/dalvikvm( 5703): Failed resolving Lcom/baidu/android/nebula/util/BDLocationManager$BaiduLocationListener; interface 1167 'Lcom/baidu/location/BDLocationListener;'
07-11 11:22:05.844 W/dalvikvm( 5703): Link of class 'Lcom/baidu/android/nebula/util/BDLocationManager$BaiduLocationListener;' failed
07-11 11:22:05.844 I/dalvikvm( 5703): Could not find method com.baidu.location.LocationClient.unRegisterLocationListener, referenced from method com.baidu.android.nebula.util.BDLocationManager.d
07-11 11:22:05.844 W/dalvikvm( 5703): VFY: unable to resolve virtual method 7875: Lcom/baidu/location/LocationClient;.unRegisterLocationListener (Lcom/baidu/location/BDLocationListener;)V
07-11 11:22:05.844 D/dalvikvm( 5703): VFY: replacing opcode 0x6e at 0x0012
07-11 11:22:05.844 E/dalvikvm( 5703): Could not find class 'com.baidu.location.LocationClient', referenced from method com.baidu.android.nebula.util.BDLocationManager.e
07-11 11:22:05.844 W/dalvikvm( 5703): VFY: unable to resolve new-instance 1168 (Lcom/baidu/location/LocationClient;) in Lcom/baidu/android/nebula/util/BDLocationManager;
07-11 11:22:05.844 D/dalvikvm( 5703): VFY: replacing opcode 0x22 at 0x0000
07-11 11:22:05.844 E/dalvikvm( 5703): Could not find class 'com.baidu.location.LocationClientOption', referenced from method com.baidu.android.nebula.util.BDLocationManager.f
07-11 11:22:05.844 W/dalvikvm( 5703): VFY: unable to resolve new-instance 1169 (Lcom/baidu/location/LocationClientOption;) in Lcom/baidu/android/nebula/util/BDLocationManager;
07-11 11:22:05.844 D/dalvikvm( 5703): VFY: replacing opcode 0x22 at 0x0000
07-11 11:22:05.851 W/dalvikvm( 5703): VFY: unable to find class referenced in signature (Lcom/baidu/location/LocationClientOption;)
07-11 11:22:05.851 I/dalvikvm( 5703): Could not find method com.baidu.location.LocationClientOption.setOpenGps, referenced from method com.baidu.android.nebula.util.BDLocationManager.a
07-11 11:22:05.851 W/dalvikvm( 5703): VFY: unable to resolve virtual method 7879: Lcom/baidu/location/LocationClientOption;.setOpenGps (Z)V
07-11 11:22:05.851 D/dalvikvm( 5703): VFY: replacing opcode 0x6e at 0x0009
07-11 11:22:05.851 D/dalvikvm( 5703): DexOpt: unable to opt direct call 0x1ebc at 0x04 in Lcom/baidu/android/nebula/util/BDLocationManager;.e
07-11 11:22:05.851 I/dalvikvm( 5703): Failed resolving Lcom/baidu/android/nebula/util/BDLocationManager$BaiduLocationListener; interface 1167 'Lcom/baidu/location/BDLocationListener;'
07-11 11:22:05.851 W/dalvikvm( 5703): Link of class 'Lcom/baidu/android/nebula/util/BDLocationManager$BaiduLocationListener;' failed
07-11 11:22:05.851 D/dalvikvm( 5703): DexOpt: unable to opt direct call 0x1cca at 0x0b in Lcom/baidu/android/nebula/util/BDLocationManager;.e
07-11 11:22:05.851 D/dalvikvm( 5703): DexOpt: unable to opt direct call 0x1ec4 at 0x02 in Lcom/baidu/android/nebula/util/BDLocationManager;.f
07-11 11:22:05.906 D/dalvikvm( 5703): GC_CONCURRENT freed 695K, 8% free 9380K/10116K, paused 3ms+4ms, total 27ms
07-11 11:22:06.008 D/dalvikvm( 5703): GC_CONCURRENT freed 120K, 4% free 9760K/10116K, paused 3ms+5ms, total 33ms
07-11 11:22:06.008 D/dalvikvm( 5703): WAIT_FOR_CONCURRENT_GC blocked 1ms
07-11 11:22:07.117 I/PowerManagerService(  374): Going to sleep due to screen timeout...
07-11 11:22:07.898 D/MdmApplication( 3259): [null:-1]->onActivityPaused market.activity.AppListActivity , mActivityCount = 1
07-11 11:22:07.906 D/MDM :   ( 3259): [null:-1]->query
07-11 11:22:07.906 D/MDM :   ( 3259): [null:-1]->QUERY_PINCODE_CHECK_RESULT
07-11 11:22:07.906 E/Mdm     ( 3259): Call Mdm service's setLastExitTime function
07-11 11:22:07.922 D/LightsService(  374): Excessive delay setting light: 51ms
07-11 11:22:07.922 D/SurfaceFlinger(  124): Screen released, type=0 flinger=0x400b4008
07-11 11:22:07.976 D/NfcService(  592): NFC-C OFF, disconnect
07-11 11:22:08.070 D/dalvikvm(30779): GC_FOR_ALLOC freed 401K, 7% free 9740K/10396K, paused 21ms, total 21ms
07-11 11:22:08.148 D/MDM :   ( 3259): [null:-1]->query
07-11 11:22:08.148 D/MDM :   ( 3259): [null:-1]->QUERY_SETTING_PIN_ONOFF
07-11 11:22:09.664 I/PowerManagerService(  374): Waking up from sleep...
07-11 11:22:09.672 I/WindowManager(  374): No lock screen!
07-11 11:22:09.726 D/MdmApplication( 3259): [null:-1]->onActivityStarted market.activity.AppListActivity , mActivityCount = 0
07-11 11:22:09.726 E/Mdm     ( 3259): Call Mdm service's setLastExitTime function
07-11 11:22:09.726 D/MDM :   ( 3259): [null:-1]->query
07-11 11:22:09.726 D/MDM :   ( 3259): [null:-1]->QUERY_SETTING_PIN_TIMEOUT
07-11 11:22:09.726 D/MDM :   ( 3259): [null:-1]->query
07-11 11:22:09.726 D/MDM :   ( 3259): [null:-1]->QUERY_PINCODE_CHECK_RESULT
07-11 11:22:09.726 D/mdm_log ( 3259): [null:-1]->has installed com.moji.mjweather
07-11 11:22:09.804 D/NfcService(  592): NFC-C ON
07-11 11:22:09.937 V/DigitalWidgetViewsFactory( 4289): DigitalWidget sets next alarm string to null
07-11 11:22:09.953 D/dalvikvm(  450): GC_CONCURRENT freed 1375K, 14% free 15202K/17536K, paused 6ms+14ms, total 157ms
07-11 11:22:10.047 D/dalvikvm(  833): GC_CONCURRENT freed 1324K, 18% free 12853K/15584K, paused 15ms+6ms, total 127ms
07-11 11:22:10.047 D/dalvikvm(  833): WAIT_FOR_CONCURRENT_GC blocked 98ms
07-11 11:22:10.070 D/PowerManagerService-JNI(  374): Excessive delay in autosuspend_disable() while turning screen on: 385ms
07-11 11:22:10.070 D/SurfaceFlinger(  124): Screen acquired, type=0 flinger=0x400b4008
07-11 11:22:10.140 D/LightsService(  374): Excessive delay setting light: 65ms
07-11 11:22:10.375 D/AndroidRuntime( 5743): 
07-11 11:22:10.375 D/AndroidRuntime( 5743): >>>>>> AndroidRuntime START com.android.internal.os.RuntimeInit <<<<<<
07-11 11:22:10.375 D/AndroidRuntime( 5743): CheckJNI is OFF
07-11 11:22:10.383 D/dalvikvm( 5743): Trying to load lib libjavacore.so 0x0
07-11 11:22:10.390 D/dalvikvm( 5743): Added shared lib libjavacore.so 0x0
07-11 11:22:10.406 D/dalvikvm( 5743): Trying to load lib libnativehelper.so 0x0
07-11 11:22:10.406 D/dalvikvm( 5743): Added shared lib libnativehelper.so 0x0
07-11 11:22:10.554 D/AndroidRuntime( 5743): Calling main entry com.qihoo360.powerctl.root.app.App
07-11 11:22:10.554 D/AndroidRuntime( 5743): Shutting down VM
07-11 11:22:10.562 D/dalvikvm( 5743): GC_CONCURRENT freed 115K, 21% free 467K/592K, paused 0ms+1ms, total 3ms
07-11 11:22:15.125 I/ActivityManager(  374): Start proc net.nurik.roman.dashclock for service net.nurik.roman.dashclock/com.google.android.apps.dashclock.DashClockService: pid=5753 uid=10070 gids={50070, 3003, 1028}
07-11 11:22:15.234 D/dalvikvm( 5753): GC_CONCURRENT freed 168K, 3% free 9194K/9400K, paused 4ms+3ms, total 31ms
07-11 11:22:15.265 W/dashclock_WeatherExten( 5753): Stale or missing last-known location; requesting single coarse location update.
07-11 11:22:16.703 W/DiskTemporalCache(  565): IOException while writing LRU cache file: open failed: ENOENT (No such file or directory)
07-11 11:22:16.703 W/DiskTemporalCache(  565): IOException while writing LRU cache file: open failed: ENOENT (No such file or directory)
07-11 11:22:16.742 D/dalvikvm(  565): GC_CONCURRENT freed 456K, 7% free 10386K/11148K, paused 3ms+11ms, total 53ms
07-11 11:22:18.492 D/dalvikvm( 5753): GC_CONCURRENT freed 520K, 6% free 9168K/9724K, paused 2ms+8ms, total 31ms
07-11 11:22:18.492 D/dalvikvm( 5753): WAIT_FOR_CONCURRENT_GC blocked 1ms
07-11 11:22:20.875 W/System.err( 1063): java.io.FileNotFoundException: /data/data/com.mgyapp.android/files/.cfpaps.i: open failed: ENOENT (No such file or directory)
07-11 11:22:20.875 W/System.err( 1063): 	at libcore.io.IoBridge.open(IoBridge.java:409)
07-11 11:22:20.875 W/System.err( 1063): 	at java.io.FileInputStream.<init>(FileInputStream.java:78)
07-11 11:22:20.875 W/System.err( 1063): 	at android.app.ContextImpl.openFileInput(ContextImpl.java:702)
07-11 11:22:20.875 W/System.err( 1063): 	at android.content.ContextWrapper.openFileInput(ContextWrapper.java:173)
07-11 11:22:20.875 W/System.err( 1063): 	at com.mgyun.shua.jc.service.f.run(Unknown Source)
07-11 11:22:20.875 W/System.err( 1063): 	at com.mgyun.shua.jc.service.CpWorkServer.onHandleIntent(Unknown Source)
07-11 11:22:20.875 W/System.err( 1063): 	at android.app.IntentService$ServiceHandler.handleMessage(IntentService.java:65)
07-11 11:22:20.875 W/System.err( 1063): 	at android.os.Handler.dispatchMessage(Handler.java:99)
07-11 11:22:20.875 W/System.err( 1063): 	at android.os.Looper.loop(Looper.java:137)
07-11 11:22:20.875 W/System.err( 1063): 	at android.os.HandlerThread.run(HandlerThread.java:61)
07-11 11:22:20.875 W/System.err( 1063): Caused by: libcore.io.ErrnoException: open failed: ENOENT (No such file or directory)
07-11 11:22:20.883 W/System.err( 1063): 	at libcore.io.Posix.open(Native Method)
07-11 11:22:20.883 W/System.err( 1063): 	at libcore.io.BlockGuardOs.open(BlockGuardOs.java:110)
07-11 11:22:20.883 W/System.err( 1063): 	at libcore.io.IoBridge.open(IoBridge.java:393)
07-11 11:22:20.883 W/System.err( 1063): 	... 9 more
07-11 11:22:30.875 W/System.err( 1063): java.io.FileNotFoundException: /data/data/com.mgyapp.android/files/.cfp.i: open failed: ENOENT (No such file or directory)
07-11 11:22:30.875 W/System.err( 1063): 	at libcore.io.IoBridge.open(IoBridge.java:409)
07-11 11:22:30.875 W/System.err( 1063): 	at java.io.FileInputStream.<init>(FileInputStream.java:78)
07-11 11:22:30.883 W/System.err( 1063): 	at android.app.ContextImpl.openFileInput(ContextImpl.java:702)
07-11 11:22:30.883 W/System.err( 1063): 	at android.content.ContextWrapper.openFileInput(ContextWrapper.java:173)
07-11 11:22:30.883 W/System.err( 1063): 	at com.mgyun.shua.jc.c.b(Unknown Source)
07-11 11:22:30.883 W/System.err( 1063): 	at com.mgyun.shua.jc.d.a(Unknown Source)
07-11 11:22:30.883 W/System.err( 1063): 	at com.mgyun.shua.jc.service.CpWorkServer.onHandleIntent(Unknown Source)
07-11 11:22:30.883 W/System.err( 1063): 	at android.app.IntentService$ServiceHandler.handleMessage(IntentService.java:65)
07-11 11:22:30.883 W/System.err( 1063): 	at android.os.Handler.dispatchMessage(Handler.java:99)
07-11 11:22:30.883 W/System.err( 1063): 	at android.os.Looper.loop(Looper.java:137)
07-11 11:22:30.883 W/System.err( 1063): 	at android.os.HandlerThread.run(HandlerThread.java:61)
07-11 11:22:30.883 W/System.err( 1063): Caused by: libcore.io.ErrnoException: open failed: ENOENT (No such file or directory)
07-11 11:22:30.883 W/System.err( 1063): 	at libcore.io.Posix.open(Native Method)
07-11 11:22:30.883 W/System.err( 1063): 	at libcore.io.BlockGuardOs.open(BlockGuardOs.java:110)
07-11 11:22:30.883 W/System.err( 1063): 	at libcore.io.IoBridge.open(IoBridge.java:393)
07-11 11:22:30.883 W/System.err( 1063): 	... 10 more
07-11 11:22:32.734 D/MDM :   ( 3259): [null:-1]->MSG_WEBSOCKET_MESSAGE : {"id":-901894918,"type":0,"command":0,"result":0,"reason":0,"params":{"msgId":"7329049c-cc80-4e56-a4cc-03edcbb5b67b,7329049ccc804e56a4cc03edcbb5b67b","device":"ffffffffc539bb10fffffffff7aea961","message":"{\"cmd\":\"10119\"}"}}
07-11 11:22:32.742 D/MdmService( 3259): [null:-1]->push message type :0
07-11 11:22:32.742 D/MdmService( 3259): [null:-1]->cmdMessage : {"cmd":"10119"}
07-11 11:22:32.750 D/MdmService( 3259): [null:-1]->command : PushCommandMsg{cmd='10119', msg='null'}
07-11 11:22:32.750 D/MDM :   ( 3259): [null:-1]->PUSH CMD: 10119
07-11 11:22:32.750 D/MdmStatusManager( 3259): [null:-1]->change status to : Busy
07-11 11:22:32.750 D/DB      ( 3259): query: SQLiteQuery: SELECT content, command_status, status FROM command WHERE status!=2
07-11 11:22:32.750 D/DB      ( 3259): factory null
07-11 11:22:32.750 D/DB      ( 3259): fillWindow: 0
07-11 11:22:32.758 D/DB      ( 3259): cursor 0
07-11 11:22:32.758 D/DB      ( 3259): moveToPos: 0
07-11 11:22:32.758 I/TransInfo( 3259): TransInfo created, id: 3, class: class com.pekall.emdm.transaction.b.c
07-11 11:22:32.758 D/NetworkThread( 3259): [null:-1]->----isRunning-----true
07-11 11:22:32.758 D/NetworkThread( 3259): [null:-1]->----isRunning-----true
07-11 11:22:32.758 D/NetworkThread( 3259): [null:-1]->thread wakeup
07-11 11:22:32.758 D/HttpClient( 3259): enable apache.http debug
07-11 11:22:32.765 V/DEBUG   ( 3259): HTTP 0
07-11 11:22:33.000 V/DEBUG   ( 3259): HTTP 1
07-11 11:22:33.015 D/MDM :   ( 3259): [null:-1]->read network input stream
07-11 11:22:33.023 D/CheckInTransInfo( 3259): [null:-1]->CommandMsg : CommandMsg{CommandUUID='8a8088bf471a79ec01472371b2d1417b', Command=CommandRemoveApp{Identifier='by.game.binumbers', fromMarket=true}}
07-11 11:22:33.023 D/DB      ( 3259): query: SQLiteQuery: SELECT * FROM command WHERE cmd_uuid='8a8088bf471a79ec01472371b2d1417b'
07-11 11:22:33.023 D/DB      ( 3259): factory null
07-11 11:22:33.023 D/DB      ( 3259): fillWindow: 0
07-11 11:22:33.031 D/DB      ( 3259): cursor 0
07-11 11:22:33.078 D/NetworkThread( 3259): [null:-1]->queue is empty, thread wait...
07-11 11:22:33.078 D/dalvikvm( 3259): GC_CONCURRENT freed 2333K, 21% free 16341K/20500K, paused 4ms+6ms, total 61ms
07-11 11:22:33.164 D/MdmService( 3259): [null:-1]->handleCheckInResult
07-11 11:22:33.164 D/MdmService( 3259): [null:-1]->handleCheckInResult result keyIndex: 3
07-11 11:22:33.164 D/CommandManager( 3259): [null:-1]->execute command: CommandMsg{CommandUUID='8a8088bf471a79ec01472371b2d1417b', Command=CommandRemoveApp{Identifier='by.game.binumbers', fromMarket=true}}
07-11 11:22:33.164 D/TEST_ALL( 3259): [null:-1]->REQ_TYPE_RM_APP
07-11 11:22:33.242 D/DB      ( 3259): query: SQLiteQuery: SELECT * FROM app WHERE type = 51107
07-11 11:22:33.242 D/DB      ( 3259): factory null
07-11 11:22:33.242 D/DB      ( 3259): fillWindow: 0
07-11 11:22:33.242 D/DB      ( 3259): cursor 1
07-11 11:22:33.250 D/DB      ( 3259): query: SQLiteQuery: SELECT * FROM app WHERE readStatus =0
07-11 11:22:33.250 D/DB      ( 3259): factory null
07-11 11:22:33.250 D/DB      ( 3259): fillWindow: 0
07-11 11:22:33.250 D/DB      ( 3259): cursor 0
07-11 11:22:33.250 E/Mdm     ( 3259): Call Mdm service's recordIconCount function
07-11 11:22:33.273 D/DB      ( 3259): moveToPos: 0
07-11 11:22:33.273 D/DB      ( 3259): onMove: 0
07-11 11:22:33.273 D/DB      ( 3259): moveToPos: 1
07-11 11:22:33.273 I/TransInfo( 3259): TransInfo created, id: 3, class: class com.pekall.emdm.transaction.b.c
07-11 11:22:33.273 D/NetworkThread( 3259): [null:-1]->----isRunning-----true
07-11 11:22:33.273 D/NetworkThread( 3259): [null:-1]->----isRunning-----true
07-11 11:22:33.273 D/NetworkThread( 3259): [null:-1]->thread wakeup
07-11 11:22:33.281 D/HttpClient( 3259): enable apache.http debug
07-11 11:22:33.304 V/DEBUG   ( 3259): HTTP 0
07-11 11:22:33.804 D/LightsService(  374): Excessive delay setting light: 66ms
07-11 11:22:33.828 V/DEBUG   ( 3259): HTTP 1
07-11 11:22:33.828 D/MdmDatabaseHelper( 3259): [null:-1]->update command 8a8088bf471a79ec01472371b2d1417b to status executed
07-11 11:22:33.859 D/NetworkThread( 3259): [null:-1]->queue is empty, thread wait...
07-11 11:22:33.929 D/MdmService( 3259): [null:-1]->handleCheckInResult
07-11 11:22:33.929 D/MdmService( 3259): [null:-1]->handleCheckInResult result keyIndex: 3
07-11 11:22:33.929 D/HandleCommandTask( 3259): [null:-1]->execute command msg but beanBase is null
07-11 11:22:33.937 D/MdmStatusManager( 3259): [null:-1]->change status to : Idle
07-11 11:22:37.422 D/LightsService(  374): Excessive delay setting light: 68ms
07-11 11:22:49.898 W/Settings(30779): Setting airplane_mode_on has moved from android.provider.Settings.System to android.provider.Settings.Global, returning read-only value.
07-11 11:22:49.898 W/Settings(30779): Setting mobile_data has moved from android.provider.Settings.Secure to android.provider.Settings.Global.
07-11 11:22:49.898 D/BluetoothAdapter(30779): 1108142632: getState() :  mService = null. Returning STATE_OFF
07-11 11:22:49.906 W/Settings(30779): Setting airplane_mode_on has moved from android.provider.Settings.System to android.provider.Settings.Global, returning read-only value.
07-11 11:22:49.937 W/Settings(30779): Setting airplane_mode_on has moved from android.provider.Settings.System to android.provider.Settings.Global, returning read-only value.
07-11 11:22:49.937 W/Settings(30779): Setting mobile_data has moved from android.provider.Settings.Secure to android.provider.Settings.Global.
07-11 11:22:49.937 D/BluetoothAdapter(30779): 1108142632: getState() :  mService = null. Returning STATE_OFF
07-11 11:22:49.937 W/Settings(30779): Setting airplane_mode_on has moved from android.provider.Settings.System to android.provider.Settings.Global, returning read-only value.
07-11 11:22:51.797 D/PushService( 5451): [null:-1]->receiver action :com.pekall.mdm.action.PUSH_ALARM
07-11 11:22:51.804 D/PushService( 5451): [null:-1]->keepAliveWithPushServer  client is null 
07-11 11:22:51.812 D/PushLib : ( 5451): [null:-1]->pushClient is :null
07-11 11:22:51.812 D/PushLib : ( 5451): [null:-1]->pushClient opened :not opened
07-11 11:22:51.820 D/PushLib : ( 5451): [null:-1]->pushClient connect:ws://192.168.10.35:9090/websocket
07-11 11:22:51.867 D/PushLib : ( 5451): [null:-1]->MSG_WEBSOCKET_OPEN
07-11 11:22:51.945 D/dalvikvm( 5451): GC_CONCURRENT freed 305K, 4% free 9234K/9576K, paused 3ms+3ms, total 27ms
07-11 11:22:51.976 D/JOBS    ( 5451): added job id: -2147483647 class: PushMessageJob priority: 0 delay: 0 group : fetch-push persistent: false requires network: true
07-11 11:22:51.984 D/JOBS    ( 5451): main: load factor check. true = (0 < 1)|| (0 * 3 < 1 + 0). consumer thread: false
07-11 11:22:51.984 D/JOBS    ( 5451): adding another consumer
07-11 11:22:51.984 D/JOBS    ( 5451): starting consumer Thread-2701
07-11 11:22:51.984 D/JOBS    ( 5451): running job PushMessageJob
07-11 11:22:51.984 D/JOBS    ( 5451): pool-4-thread-1: load factor check. false = (1 < 1)|| (1 * 3 < 0 + 1). consumer thread: false
07-11 11:22:52.359 D/PushLib : ( 5451): [null:-1]->MSG_WEBSOCKET_MESSAGE : {"id":2,"type":1,"command":0,"result":0,"reason":0}
07-11 11:22:52.367 D/PushService( 5451): [null:-1]->push message type :1
07-11 11:22:52.390 D/JOBS    ( 5451): finished job PushMessageJob
07-11 11:23:01.219 W/MountService(  374): getVolumeState(/storage/emulated/0/external_sd): Unknown volume
07-11 11:23:01.226 W/MountService(  374): getVolumeState(/mnt/sdcard-ext): Unknown volume
07-11 11:23:01.226 W/MountService(  374): getVolumeState(/mnt/ext_sdcard): Unknown volume
07-11 11:23:01.226 W/MountService(  374): getVolumeState(/mnt/sdcard2): Unknown volume
07-11 11:23:01.226 W/MountService(  374): getVolumeState(/mnt/emmc): Unknown volume
07-11 11:23:01.226 W/MountService(  374): getVolumeState(/mnt/extSdCard): Unknown volume
07-11 11:23:01.226 W/MountService(  374): getVolumeState(/mnt/sdcard/SD_CARD): Unknown volume
07-11 11:23:01.234 W/MountService(  374): getVolumeState(/mnt/sdcard/extra_sd): Unknown volume
07-11 11:23:01.234 W/MountService(  374): getVolumeState(/mnt/extrasd_bind): Unknown volume
07-11 11:23:01.234 W/MountService(  374): getVolumeState(/mnt/sdcard/ext_sd): Unknown volume
07-11 11:23:01.234 W/MountService(  374): getVolumeState(/storage/extSdCard): Unknown volume
07-11 11:23:01.234 W/MountService(  374): getVolumeState(/storage/sdcard1): Unknown volume
07-11 11:23:01.234 W/MountService(  374): getVolumeState(/mnt/sdcard/external_SD): Unknown volume
07-11 11:23:01.242 W/MountService(  374): getVolumeState(/mnt/sdcard/external_sd): Unknown volume
07-11 11:23:01.289 D/dalvikvm( 1736): GC_CONCURRENT freed 431K, 21% free 9574K/12000K, paused 4ms+3ms, total 44ms
07-11 11:23:01.304 D/LightsService(  374): Excessive delay setting light: 67ms
07-11 11:23:01.469 W/MountService(  374): getVolumeState(/storage/emulated/0/external_sd): Unknown volume
07-11 11:23:01.469 W/MountService(  374): getVolumeState(/mnt/sdcard-ext): Unknown volume
07-11 11:23:01.469 W/MountService(  374): getVolumeState(/mnt/ext_sdcard): Unknown volume
07-11 11:23:01.469 W/MountService(  374): getVolumeState(/mnt/sdcard2): Unknown volume
07-11 11:23:01.469 W/MountService(  374): getVolumeState(/mnt/emmc): Unknown volume
07-11 11:23:01.469 W/MountService(  374): getVolumeState(/mnt/extSdCard): Unknown volume
07-11 11:23:01.469 W/MountService(  374): getVolumeState(/mnt/sdcard/SD_CARD): Unknown volume
07-11 11:23:01.469 W/MountService(  374): getVolumeState(/mnt/sdcard/extra_sd): Unknown volume
07-11 11:23:01.476 W/MountService(  374): getVolumeState(/mnt/extrasd_bind): Unknown volume
07-11 11:23:01.476 W/MountService(  374): getVolumeState(/mnt/sdcard/ext_sd): Unknown volume
07-11 11:23:01.476 W/MountService(  374): getVolumeState(/storage/extSdCard): Unknown volume
07-11 11:23:01.476 W/MountService(  374): getVolumeState(/storage/sdcard1): Unknown volume
07-11 11:23:01.476 W/MountService(  374): getVolumeState(/mnt/sdcard/external_SD): Unknown volume
07-11 11:23:01.476 W/MountService(  374): getVolumeState(/mnt/sdcard/external_sd): Unknown volume
07-11 11:23:01.492 D/dalvikvm( 1736): GC_CONCURRENT freed 500K, 21% free 9586K/12000K, paused 3ms+3ms, total 41ms
07-11 11:23:01.492 D/dalvikvm( 1736): WAIT_FOR_CONCURRENT_GC blocked 11ms
07-11 11:23:01.492 D/dalvikvm( 1736): WAIT_FOR_CONCURRENT_GC blocked 12ms
07-11 11:23:07.195 I/PowerManagerService(  374): Going to sleep due to screen timeout...
07-11 11:23:07.976 D/SurfaceFlinger(  124): Screen released, type=0 flinger=0x400b4008
07-11 11:23:07.984 D/MdmApplication( 3259): [null:-1]->onActivityPaused market.activity.AppListActivity , mActivityCount = 1
07-11 11:23:07.984 D/MDM :   ( 3259): [null:-1]->query
07-11 11:23:07.992 D/MDM :   ( 3259): [null:-1]->QUERY_PINCODE_CHECK_RESULT
07-11 11:23:07.992 E/Mdm     ( 3259): Call Mdm service's setLastExitTime function
07-11 11:23:08.039 D/NfcService(  592): NFC-C OFF, disconnect
07-11 11:23:08.179 D/MDM :   ( 3259): [null:-1]->query
07-11 11:23:08.179 D/MDM :   ( 3259): [null:-1]->QUERY_SETTING_PIN_ONOFF
07-11 11:23:13.164 D/dalvikvm(  374): JIT code cache reset in 10 ms (1048484 bytes 24/0)
07-11 11:23:13.179 D/dalvikvm(  374): GC_CONCURRENT freed 2436K, 26% free 22811K/30452K, paused 4ms+21ms, total 120ms
07-11 11:23:13.179 D/dalvikvm(  374): WAIT_FOR_CONCURRENT_GC blocked 100ms
07-11 11:23:13.289 V/KeyguardHostView(  374): hide transport, gen:81
07-11 11:23:13.289 V/KeyguardHostView(  374): music state changed: 0
07-11 11:23:13.320 D/PhoneStatusBar(  450): disable: < expand icons alerts ticker system_info back home RECENT* clock search >
07-11 11:23:13.351 V/TAG     (  374): bug 7643792: fitSystemWindows([0,50][0,0])
07-11 11:23:13.476 D/PhoneStatusBar(  450): disable: < expand icons alerts ticker system_info BACK* HOME* RECENT CLOCK* search >
07-11 11:23:14.484 D/dalvikvm( 5132): GC_CONCURRENT freed 363K, 5% free 9175K/9580K, paused 4ms+3ms, total 33ms
07-11 11:23:24.945 D/MDM :   ( 3259): [null:-1]->MSG_WEBSOCKET_MESSAGE : {"id":-1766971557,"type":0,"command":0,"result":0,"reason":0,"params":{"msgId":"d5986fd5-315c-4b0a-90b3-f15fdb8429b0,d5986fd5315c4b0a90b3f15fdb8429b0","device":"ffffffffc539bb10fffffffff7aea961","message":"{\"cmd\":\"10119\"}"}}
07-11 11:23:24.961 D/MdmService( 3259): [null:-1]->push message type :0
07-11 11:23:24.961 D/MdmService( 3259): [null:-1]->cmdMessage : {"cmd":"10119"}
07-11 11:23:24.969 D/MdmService( 3259): [null:-1]->command : PushCommandMsg{cmd='10119', msg='null'}
07-11 11:23:24.969 D/MDM :   ( 3259): [null:-1]->PUSH CMD: 10119
07-11 11:23:24.969 D/MdmStatusManager( 3259): [null:-1]->change status to : Busy
07-11 11:23:24.969 D/DB      ( 3259): query: SQLiteQuery: SELECT content, command_status, status FROM command WHERE status!=2
07-11 11:23:24.969 D/DB      ( 3259): factory null
07-11 11:23:24.969 D/DB      ( 3259): fillWindow: 0
07-11 11:23:24.969 D/DB      ( 3259): cursor 0
07-11 11:23:24.969 D/DB      ( 3259): moveToPos: 0
07-11 11:23:24.969 I/TransInfo( 3259): TransInfo created, id: 3, class: class com.pekall.emdm.transaction.b.c
07-11 11:23:24.969 D/NetworkThread( 3259): [null:-1]->----isRunning-----true
07-11 11:23:24.969 D/NetworkThread( 3259): [null:-1]->----isRunning-----true
07-11 11:23:24.969 D/NetworkThread( 3259): [null:-1]->thread wakeup
07-11 11:23:24.976 D/HttpClient( 3259): enable apache.http debug
07-11 11:23:24.976 V/DEBUG   ( 3259): HTTP 0
07-11 11:23:25.297 V/DEBUG   ( 3259): HTTP 1
07-11 11:23:25.320 D/MDM :   ( 3259): [null:-1]->read network input stream
07-11 11:23:25.320 D/MDM :   ( 3259): [null:-1]->read network input stream
07-11 11:23:25.344 D/CheckInTransInfo( 3259): [null:-1]->CommandMsg : CommandMsg{CommandUUID='8a8088bf471a79ec014723727fa14181', Command=CommandObject{RequestType='InstallApplication'}}
07-11 11:23:25.344 D/DB      ( 3259): query: SQLiteQuery: SELECT * FROM command WHERE cmd_uuid='8a8088bf471a79ec014723727fa14181'
07-11 11:23:25.344 D/DB      ( 3259): factory null
07-11 11:23:25.344 D/DB      ( 3259): fillWindow: 0
07-11 11:23:25.344 D/DB      ( 3259): cursor 0
07-11 11:23:25.390 D/NetworkThread( 3259): [null:-1]->queue is empty, thread wait...
07-11 11:23:25.492 D/MdmService( 3259): [null:-1]->handleCheckInResult
07-11 11:23:25.492 D/MdmService( 3259): [null:-1]->handleCheckInResult result keyIndex: 3
07-11 11:23:25.492 D/CommandManager( 3259): [null:-1]->execute command: CommandMsg{CommandUUID='8a8088bf471a79ec014723727fa14181', Command=CommandObject{RequestType='InstallApplication'}}
07-11 11:23:25.492 D/TEST_ALL( 3259): [null:-1]->REQ_TYPE_INST_APP
07-11 11:23:25.500 E/DB      ( 3259): bind, index: 1, value: by.game.binumbers
07-11 11:23:25.500 D/DB      ( 3259): query: SQLiteQuery: SELECT * FROM app WHERE package=?
07-11 11:23:25.500 D/DB      ( 3259): factory null
07-11 11:23:25.500 D/DB      ( 3259): fillWindow: 0
07-11 11:23:25.508 D/DB      ( 3259): cursor 0
07-11 11:23:25.508 D/DB      ( 3259): moveToPos: 0
07-11 11:23:25.554 D/DB      ( 3259): query: SQLiteQuery: SELECT * FROM app WHERE readStatus =0
07-11 11:23:25.554 D/DB      ( 3259): factory null
07-11 11:23:25.554 D/DB      ( 3259): fillWindow: 0
07-11 11:23:25.554 D/DB      ( 3259): cursor 1
07-11 11:23:25.554 E/Mdm     ( 3259): Call Mdm service's recordIconCount function
07-11 11:23:25.554 D/DB      ( 3259): query: SQLiteQuery: SELECT * FROM app WHERE type = 51107
07-11 11:23:25.554 D/DB      ( 3259): factory null
07-11 11:23:25.554 D/DB      ( 3259): fillWindow: 0
07-11 11:23:25.554 D/DB      ( 3259): cursor 2
07-11 11:23:25.562 D/DB      ( 3259): query: SQLiteQuery: SELECT * FROM app WHERE readStatus =0
07-11 11:23:25.562 D/DB      ( 3259): factory null
07-11 11:23:25.562 D/DB      ( 3259): fillWindow: 0
07-11 11:23:25.562 D/DB      ( 3259): cursor 1
07-11 11:23:25.578 D/DB      ( 3259): moveToPos: 0
07-11 11:23:25.578 D/DB      ( 3259): onMove: 0
07-11 11:23:25.578 D/DB      ( 3259): moveToPos: 1
07-11 11:23:25.586 D/DB      ( 3259): onMove: 1
07-11 11:23:25.586 D/DB      ( 3259): moveToPos: 2
07-11 11:23:25.617 I/AudioService(  374):  AudioFocus  requestAudioFocus() from android.media.AudioManager@4232f5d8
07-11 11:23:25.617 V/KeyguardHostView(  374): hide transport, gen:82
07-11 11:23:25.672 I/TransInfo( 3259): TransInfo created, id: 3, class: class com.pekall.emdm.transaction.b.c
07-11 11:23:25.672 D/NetworkThread( 3259): [null:-1]->----isRunning-----true
07-11 11:23:25.672 D/NetworkThread( 3259): [null:-1]->----isRunning-----true
07-11 11:23:25.672 D/NetworkThread( 3259): [null:-1]->thread wakeup
07-11 11:23:25.672 D/HttpClient( 3259): enable apache.http debug
07-11 11:23:25.679 V/DEBUG   ( 3259): HTTP 0
07-11 11:23:26.609 V/DEBUG   ( 3259): HTTP 1
07-11 11:23:26.617 D/MdmDatabaseHelper( 3259): [null:-1]->update command 8a8088bf471a79ec014723727fa14181 to status executed
07-11 11:23:26.664 D/NetworkThread( 3259): [null:-1]->queue is empty, thread wait...
07-11 11:23:26.672 D/dalvikvm( 3259): GC_CONCURRENT freed 2359K, 20% free 16430K/20500K, paused 8ms+6ms, total 70ms
07-11 11:23:26.719 D/MdmService( 3259): [null:-1]->handleCheckInResult
07-11 11:23:26.719 D/MdmService( 3259): [null:-1]->handleCheckInResult result keyIndex: 3
07-11 11:23:26.719 D/HandleCommandTask( 3259): [null:-1]->execute command msg but beanBase is null
07-11 11:23:26.719 D/MdmStatusManager( 3259): [null:-1]->change status to : Idle
07-11 11:23:26.758 I/AudioService(  374):  AudioFocus  abandonAudioFocus() from android.media.AudioManager@4232f5d8
07-11 11:23:26.758 V/KeyguardHostView(  374): hide transport, gen:83
07-11 11:23:32.547 I/EventLogService(  647): Aggregate from 1405047212449 (log), 1405047212449 (data)
07-11 11:23:32.594 I/ServiceDumpSys(  647): dumping service [account]
07-11 11:23:36.515 D/AndroidRuntime( 5808): 
07-11 11:23:36.515 D/AndroidRuntime( 5808): >>>>>> AndroidRuntime START com.android.internal.os.RuntimeInit <<<<<<
07-11 11:23:36.515 D/AndroidRuntime( 5808): CheckJNI is OFF
07-11 11:23:36.531 D/dalvikvm( 5808): Trying to load lib libjavacore.so 0x0
07-11 11:23:36.539 D/dalvikvm( 5808): Added shared lib libjavacore.so 0x0
07-11 11:23:36.554 D/dalvikvm( 5808): Trying to load lib libnativehelper.so 0x0
07-11 11:23:36.554 D/dalvikvm( 5808): Added shared lib libnativehelper.so 0x0
07-11 11:23:36.578 I/dalvikvm( 5808): DexOpt: source file mod time mismatch (44eb5a63 vs 44eb5ab1)
07-11 11:23:36.578 D/dalvikvm( 5808): ODEX file is stale or bad; removing and retrying (/data/local/tmp/dalvik-cache/data@local@tmp@MDMMobileTest.jar@classes.dex)
07-11 11:23:36.578 D/dalvikvm( 5808): DexOpt: --- BEGIN 'MDMMobileTest.jar' (bootstrap=0) ---
07-11 11:23:36.633 D/dalvikvm( 5809): DexOpt: load 8ms, verify+opt 4ms, 124012 bytes
07-11 11:23:36.672 D/dalvikvm( 5808): DexOpt: --- END 'MDMMobileTest.jar' (success) ---
07-11 11:23:36.672 D/dalvikvm( 5808): DEX prep '/data/local/tmp/MDMMobileTest.jar': unzip in 2ms, rewrite 89ms
07-11 11:23:36.867 D/AndroidRuntime( 5808): Calling main entry com.android.commands.uiautomator.Launcher
07-11 11:23:36.906 E/UiDevice( 5808): Exceuting watcher: ANRWatcher
07-11 11:23:36.906 E/UiDevice( 5808): java.lang.RuntimeException: UiDevice not initialized
07-11 11:23:36.906 E/UiDevice( 5808): 	at com.android.uiautomator.core.UiDevice.getAutomatorBridge(UiDevice.java:87)
07-11 11:23:36.906 E/UiDevice( 5808): 	at com.android.uiautomator.core.UiDevice.wakeUp(UiDevice.java:719)
07-11 11:23:36.906 E/UiDevice( 5808): 	at com.pekall.test.mdmui.util.UiANRWatcher.checkForCondition(UiANRWatcher.java:23)
07-11 11:23:36.906 E/UiDevice( 5808): 	at com.android.uiautomator.core.UiDevice.runWatchers(UiDevice.java:554)
07-11 11:23:36.906 E/UiDevice( 5808): 	at com.pekall.test.mdmui.util.UiANRWatcher.run(UiANRWatcher.java:41)
07-11 11:23:36.906 E/UiDevice( 5808): 	at com.pekall.test.mdmui.App.<clinit>(App.java:22)
07-11 11:23:36.906 E/UiDevice( 5808): 	at java.lang.Class.newInstanceImpl(Native Method)
07-11 11:23:36.906 E/UiDevice( 5808): 	at java.lang.Class.newInstance(Class.java:1130)
07-11 11:23:36.906 E/UiDevice( 5808): 	at com.android.uiautomator.testrunner.TestCaseCollector.addSingleTestMethod(TestCaseCollector.java:110)
07-11 11:23:36.906 E/UiDevice( 5808): 	at com.android.uiautomator.testrunner.TestCaseCollector.addTestClass(TestCaseCollector.java:86)
07-11 11:23:36.906 E/UiDevice( 5808): 	at com.android.uiautomator.testrunner.TestCaseCollector.addTestClass(TestCaseCollector.java:72)
07-11 11:23:36.906 E/UiDevice( 5808): 	at com.android.uiautomator.testrunner.TestCaseCollector.addTestClasses(TestCaseCollector.java:53)
07-11 11:23:36.906 E/UiDevice( 5808): 	at com.android.uiautomator.testrunner.UiAutomatorTestRunner.start(UiAutomatorTestRunner.java:106)
07-11 11:23:36.906 E/UiDevice( 5808): 	at com.android.uiautomator.testrunner.UiAutomatorTestRunner.run(UiAutomatorTestRunner.java:96)
07-11 11:23:36.906 E/UiDevice( 5808): 	at com.android.commands.uiautomator.RunTestCommand.run(RunTestCommand.java:91)
07-11 11:23:36.906 E/UiDevice( 5808): 	at com.android.commands.uiautomator.Launcher.main(Launcher.java:83)
07-11 11:23:36.906 E/UiDevice( 5808): 	at com.android.internal.os.RuntimeInit.nativeFinishInit(Native Method)
07-11 11:23:36.906 E/UiDevice( 5808): 	at com.android.internal.os.RuntimeInit.main(RuntimeInit.java:235)
07-11 11:23:36.906 E/UiDevice( 5808): 	at dalvik.system.NativeStart.main(Native Method)
07-11 11:23:36.922 D/dalvikvm( 5808): Note: class Landroid/app/ActivityManagerNative; has 163 unimplemented (abstract) methods
07-11 11:23:36.976 I/PowerManagerService(  374): Waking up from sleep...
07-11 11:23:37.008 I/WindowManager(  374): Lock screen displayed!
07-11 11:23:37.156 D/dalvikvm(  450): GC_FOR_ALLOC freed 991K, 17% free 14701K/17536K, paused 36ms, total 36ms
07-11 11:23:37.336 D/PowerManagerService-JNI(  374): Excessive delay in autosuspend_disable() while turning screen on: 353ms
07-11 11:23:37.351 D/SurfaceFlinger(  124): Screen acquired, type=0 flinger=0x400b4008
07-11 11:23:37.383 V/DigitalWidgetViewsFactory( 4289): DigitalWidget sets next alarm string to null
07-11 11:23:37.469 D/LightsService(  374): Excessive delay setting light: 82ms
07-11 11:23:37.789 D/AndroidRuntime( 5828): 
07-11 11:23:37.789 D/AndroidRuntime( 5828): >>>>>> AndroidRuntime START com.android.internal.os.RuntimeInit <<<<<<
07-11 11:23:37.789 D/AndroidRuntime( 5828): CheckJNI is OFF
07-11 11:23:37.804 D/dalvikvm( 5828): Trying to load lib libjavacore.so 0x0
07-11 11:23:37.812 D/dalvikvm( 5828): Added shared lib libjavacore.so 0x0
07-11 11:23:37.828 D/dalvikvm( 5828): Trying to load lib libnativehelper.so 0x0
07-11 11:23:37.828 D/dalvikvm( 5828): Added shared lib libnativehelper.so 0x0
07-11 11:23:38.023 D/AndroidRuntime( 5828): Calling main entry com.qihoo360.powerctl.root.app.App
07-11 11:23:38.023 D/AndroidRuntime( 5828): Shutting down VM
07-11 11:23:38.031 D/dalvikvm( 5828): GC_CONCURRENT freed 114K, 22% free 467K/592K, paused 0ms+1ms, total 4ms
07-11 11:23:38.031 I/AndroidRuntime( 5828): NOTE: attach of thread 'Binder_1' failed
07-11 11:23:38.906 I/QueryController( 5808): Matched selector: UiSelector[DESCRIPTION=] <<==>> [android.view.accessibility.AccessibilityNodeInfo@289b9d; boundsInParent: Rect(0, 0 - 720, 756); boundsInScreen: Rect(0, 547 - 720, 1303); packageName: android; className: android.view.View; text: null; contentDescription: ; viewIdResName: android:id/glow_pad_view; checkable: false; checked: false; focusable: false; focused: false; selected: false; clickable: false; longClickable: false; enabled: true; password: false; scrollable: false; [ACTION_SELECT, ACTION_CLEAR_SELECTION, ACTION_ACCESSIBILITY_FOCUS, ACTION_NEXT_AT_MOVEMENT_GRANULARITY, ACTION_PREVIOUS_AT_MOVEMENT_GRANULARITY, ACTION_SET_SELECTION]]
07-11 11:23:38.914 W/GlowPadView(  374): The number of target drawables must be equal to the number of direction descriptions.
07-11 11:23:39.258 D/MdmApplication( 3259): [null:-1]->onActivityStarted market.activity.AppListActivity , mActivityCount = 0
07-11 11:23:39.258 E/Mdm     ( 3259): Call Mdm service's setLastExitTime function
07-11 11:23:39.258 D/MDM :   ( 3259): [null:-1]->query
07-11 11:23:39.265 D/MDM :   ( 3259): [null:-1]->QUERY_SETTING_PIN_TIMEOUT
07-11 11:23:39.265 D/MDM :   ( 3259): [null:-1]->query
07-11 11:23:39.273 D/PhoneStatusBar(  450): disable: < expand icons alerts ticker system_info BACK HOME recent* CLOCK search >
07-11 11:23:39.281 D/MDM :   ( 3259): [null:-1]->QUERY_SETTING_PIN_CODE
07-11 11:23:39.281 D/MDM :   ( 3259): [null:-1]->query
07-11 11:23:39.281 D/MDM :   ( 3259): [null:-1]->QUERY_PINCODE_CHECK_RESULT
07-11 11:23:39.304 D/NfcService(  592): NFC-C ON
07-11 11:23:39.344 D/PhoneStatusBar(  450): disable: < expand icons alerts ticker system_info back* home* recent clock* search >
07-11 11:23:39.390 D/mdm_log ( 3259): [null:-1]->has installed com.moji.mjweather
07-11 11:23:39.398 W/InputMethodManagerService(  374): Window already focused, ignoring focus gain of: com.android.internal.view.IInputMethodClient$Stub$Proxy@4269ce40 attribute=android.view.inputmethod.EditorInfo@42588830, token = android.os.BinderProxy@42cdb438
07-11 11:23:39.672 D/dalvikvm(30972): GC_CONCURRENT freed 376K, 7% free 9711K/10424K, paused 6ms+86ms, total 196ms
07-11 11:23:39.804 V/TAG     (  374): bug 7643792: fitSystemWindows([0,50][0,0])
07-11 11:23:39.883 I/RootJni ( 5850): su: permission denied
07-11 11:23:39.906 D/AndroidRuntime( 5849): 
07-11 11:23:39.906 D/AndroidRuntime( 5849): >>>>>> AndroidRuntime START com.android.internal.os.RuntimeInit <<<<<<
07-11 11:23:39.906 D/AndroidRuntime( 5849): CheckJNI is OFF
07-11 11:23:39.922 D/dalvikvm( 5849): Trying to load lib libjavacore.so 0x0
07-11 11:23:39.929 D/dalvikvm( 5849): Added shared lib libjavacore.so 0x0
07-11 11:23:39.945 D/dalvikvm( 5849): Trying to load lib libnativehelper.so 0x0
07-11 11:23:39.945 D/dalvikvm( 5849): Added shared lib libnativehelper.so 0x0
07-11 11:23:40.203 D/AndroidRuntime( 5849): Calling main entry com.qihoo360.powerctl.root.app.App
07-11 11:23:40.203 D/AndroidRuntime( 5849): Shutting down VM
07-11 11:23:40.203 I/AndroidRuntime( 5849): NOTE: attach of thread 'Binder_1' failed
07-11 11:23:40.203 D/dalvikvm( 5849): GC_CONCURRENT freed 114K, 22% free 467K/592K, paused 1ms+1ms, total 4ms
07-11 11:23:40.250 I/QueryController( 5808): Matched selector: UiSelector[TEXT=, CLASS=android.widget.TextView] <<==>> [android.view.accessibility.AccessibilityNodeInfo@cf87; boundsInParent: Rect(0, 0 - 144, 48); boundsInScreen: Rect(108, 170 - 252, 218); packageName: com.pekall.emdm; className: android.widget.TextView; text: ; contentDescription: null; viewIdResName: com.pekall.emdm:id/market_tab_text; checkable: false; checked: false; focusable: false; focused: false; selected: true; clickable: false; longClickable: false; enabled: true; password: false; scrollable: false; [ACTION_SELECT, ACTION_CLEAR_SELECTION, ACTION_ACCESSIBILITY_FOCUS, ACTION_NEXT_AT_MOVEMENT_GRANULARITY, ACTION_PREVIOUS_AT_MOVEMENT_GRANULARITY, ACTION_SET_SELECTION]]
07-11 11:23:40.281 I/QueryController( 5808): Matched selector: UiSelector[TEXT=, CLASS=android.widget.TextView] <<==>> [android.view.accessibility.AccessibilityNodeInfo@cf87; boundsInParent: Rect(0, 0 - 144, 48); boundsInScreen: Rect(108, 170 - 252, 218); packageName: com.pekall.emdm; className: android.widget.TextView; text: ; contentDescription: null; viewIdResName: com.pekall.emdm:id/market_tab_text; checkable: false; checked: false; focusable: false; focused: false; selected: true; clickable: false; longClickable: false; enabled: true; password: false; scrollable: false; [ACTION_SELECT, ACTION_CLEAR_SELECTION, ACTION_ACCESSIBILITY_FOCUS, ACTION_NEXT_AT_MOVEMENT_GRANULARITY, ACTION_PREVIOUS_AT_MOVEMENT_GRANULARITY, ACTION_SET_SELECTION]]
07-11 11:23:40.289 D/InteractionController( 5808): clickAndWaitForNewWindow(180, 194)
07-11 11:23:43.390 W/InteractionController( 5808): runAndwaitForEvent timedout waiting for events
07-11 11:23:43.672 I/QueryController( 5808): Matched selector: UiSelector[TEXT=2048] <<==>> [android.view.accessibility.AccessibilityNodeInfo@13121; boundsInParent: Rect(0, 0 - 434, 43); boundsInScreen: Rect(136, 423 - 570, 466); packageName: com.pekall.emdm; className: android.widget.TextView; text: 2048; contentDescription: null; viewIdResName: com.pekall.emdm:id/market_item_name; checkable: false; checked: false; focusable: false; focused: false; selected: false; clickable: false; longClickable: false; enabled: true; password: false; scrollable: false; [ACTION_SELECT, ACTION_CLEAR_SELECTION, ACTION_ACCESSIBILITY_FOCUS, ACTION_NEXT_AT_MOVEMENT_GRANULARITY, ACTION_PREVIOUS_AT_MOVEMENT_GRANULARITY, ACTION_SET_SELECTION]]
07-11 11:23:43.679 I/AndroidRuntime( 5808): VM exiting with result code 0.
07-11 11:23:44.172 D/dalvikvm( 1736): GC_CONCURRENT freed 525K, 21% free 9489K/12000K, paused 3ms+3ms, total 30ms
07-11 11:23:44.679 D/AndroidRuntime( 5863): 
07-11 11:23:44.679 D/AndroidRuntime( 5863): >>>>>> AndroidRuntime START com.android.internal.os.RuntimeInit <<<<<<
07-11 11:23:44.687 D/AndroidRuntime( 5863): CheckJNI is OFF
07-11 11:23:44.703 D/dalvikvm( 5863): Trying to load lib libjavacore.so 0x0
07-11 11:23:44.711 D/dalvikvm( 5863): Added shared lib libjavacore.so 0x0
07-11 11:23:44.726 D/dalvikvm( 5863): Trying to load lib libnativehelper.so 0x0
07-11 11:23:44.726 D/dalvikvm( 5863): Added shared lib libnativehelper.so 0x0
07-11 11:23:44.969 D/AndroidRuntime( 5863): Calling main entry com.android.commands.uiautomator.Launcher
07-11 11:23:45.008 E/UiDevice( 5863): Exceuting watcher: ANRWatcher
07-11 11:23:45.008 E/UiDevice( 5863): java.lang.RuntimeException: UiDevice not initialized
07-11 11:23:45.008 E/UiDevice( 5863): 	at com.android.uiautomator.core.UiDevice.getAutomatorBridge(UiDevice.java:87)
07-11 11:23:45.008 E/UiDevice( 5863): 	at com.android.uiautomator.core.UiDevice.wakeUp(UiDevice.java:719)
07-11 11:23:45.008 E/UiDevice( 5863): 	at com.pekall.test.mdmui.util.UiANRWatcher.checkForCondition(UiANRWatcher.java:23)
07-11 11:23:45.008 E/UiDevice( 5863): 	at com.android.uiautomator.core.UiDevice.runWatchers(UiDevice.java:554)
07-11 11:23:45.008 E/UiDevice( 5863): 	at com.pekall.test.mdmui.util.UiANRWatcher.run(UiANRWatcher.java:41)
07-11 11:23:45.008 E/UiDevice( 5863): 	at com.pekall.test.mdmui.App.<clinit>(App.java:22)
07-11 11:23:45.008 E/UiDevice( 5863): 	at java.lang.Class.newInstanceImpl(Native Method)
07-11 11:23:45.008 E/UiDevice( 5863): 	at java.lang.Class.newInstance(Class.java:1130)
07-11 11:23:45.008 E/UiDevice( 5863): 	at com.android.uiautomator.testrunner.TestCaseCollector.addSingleTestMethod(TestCaseCollector.java:110)
07-11 11:23:45.008 E/UiDevice( 5863): 	at com.android.uiautomator.testrunner.TestCaseCollector.addTestClass(TestCaseCollector.java:86)
07-11 11:23:45.008 E/UiDevice( 5863): 	at com.android.uiautomator.testrunner.TestCaseCollector.addTestClass(TestCaseCollector.java:72)
07-11 11:23:45.008 E/UiDevice( 5863): 	at com.android.uiautomator.testrunner.TestCaseCollector.addTestClasses(TestCaseCollector.java:53)
07-11 11:23:45.008 E/UiDevice( 5863): 	at com.android.uiautomator.testrunner.UiAutomatorTestRunner.start(UiAutomatorTestRunner.java:106)
07-11 11:23:45.008 E/UiDevice( 5863): 	at com.android.uiautomator.testrunner.UiAutomatorTestRunner.run(UiAutomatorTestRunner.java:96)
