07-11 11:33:02.992 D/dalvikvm( 1736): GC_CONCURRENT freed 469K, 21% free 9559K/12000K, paused 3ms+5ms, total 56ms
07-11 11:33:03.148 W/MountService(  374): getVolumeState(/storage/emulated/0/external_sd): Unknown volume
07-11 11:33:03.148 W/MountService(  374): getVolumeState(/mnt/sdcard-ext): Unknown volume
07-11 11:33:03.148 W/MountService(  374): getVolumeState(/mnt/ext_sdcard): Unknown volume
07-11 11:33:03.148 W/MountService(  374): getVolumeState(/mnt/sdcard2): Unknown volume
07-11 11:33:03.148 W/MountService(  374): getVolumeState(/mnt/emmc): Unknown volume
07-11 11:33:03.148 W/MountService(  374): getVolumeState(/mnt/extSdCard): Unknown volume
07-11 11:33:03.156 W/MountService(  374): getVolumeState(/mnt/sdcard/SD_CARD): Unknown volume
07-11 11:33:03.156 W/MountService(  374): getVolumeState(/mnt/sdcard/extra_sd): Unknown volume
07-11 11:33:03.156 W/MountService(  374): getVolumeState(/mnt/extrasd_bind): Unknown volume
07-11 11:33:03.156 W/MountService(  374): getVolumeState(/mnt/sdcard/ext_sd): Unknown volume
07-11 11:33:03.156 W/MountService(  374): getVolumeState(/storage/extSdCard): Unknown volume
07-11 11:33:03.156 W/MountService(  374): getVolumeState(/storage/sdcard1): Unknown volume
07-11 11:33:03.156 W/MountService(  374): getVolumeState(/mnt/sdcard/external_SD): Unknown volume
07-11 11:33:03.164 W/MountService(  374): getVolumeState(/mnt/sdcard/external_sd): Unknown volume
07-11 11:33:03.179 D/dalvikvm( 1736): GC_CONCURRENT freed 467K, 20% free 9604K/12000K, paused 4ms+3ms, total 42ms
07-11 11:33:03.179 D/dalvikvm( 1736): WAIT_FOR_CONCURRENT_GC blocked 13ms
07-11 11:33:03.179 D/dalvikvm( 1736): WAIT_FOR_CONCURRENT_GC blocked 4ms
07-11 11:33:09.336 I/PackageManager(  374): Verification timed out for file:///storage/emulated/0/MDM/download/bygamebinumbers.apk
07-11 11:33:09.336 I/PackageManager(  374): Continuing with installation of file:///storage/emulated/0/MDM/download/bygamebinumbers.apk
07-11 11:33:09.351 D/Finsky  ( 6946): [1] PackageVerificationReceiver.onReceive: Verification requested, id = 5
07-11 11:33:09.367 D/Finsky  ( 6946): [1] PackageVerificationService.cancelVerificationIntent: Cancel active verification id=5
07-11 11:33:09.429 W/ActivityManager(  374): No content provider found for permission revoke: file:///storage/emulated/0/MDM/download/bygamebinumbers.apk
07-11 11:33:09.429 I/PackageManager(  374): Copying native libraries to /data/app-lib/vmdl1487237958
07-11 11:33:09.929 D/dalvikvm(  374): GC_CONCURRENT freed 2458K, 27% free 22498K/30452K, paused 7ms+11ms, total 126ms
07-11 11:33:09.929 D/dalvikvm(  374): WAIT_FOR_CONCURRENT_GC blocked 111ms
07-11 11:33:10.195 I/PackageManager(  374): Running dexopt on: by.game.binumbers
07-11 11:33:10.531 D/dalvikvm( 7001): DexOpt: 'Landroid/annotation/SuppressLint;' has an earlier definition; blocking out
07-11 11:33:10.531 D/dalvikvm( 7001): DexOpt: 'Landroid/annotation/TargetApi;' has an earlier definition; blocking out
07-11 11:33:10.765 D/dalvikvm( 7001): DexOpt: not verifying/optimizing 'Landroid/annotation/SuppressLint;': multiple definitions
07-11 11:33:10.765 D/dalvikvm( 7001): DexOpt: not verifying/optimizing 'Landroid/annotation/TargetApi;': multiple definitions
07-11 11:33:10.804 D/dalvikvm(30972): GC_CONCURRENT freed 405K, 8% free 9646K/10424K, paused 3ms+2ms, total 53ms
07-11 11:33:10.984 W/dalvikvm( 7001): DexOpt: resolve class illegal access: Lcom/baidu/android/pushservice/PushConstants; -> Lcom/baidu/android/silentupdate/a;
07-11 11:33:12.179 D/dalvikvm( 7001): DexOpt: load 239ms, verify+opt 1411ms, 2369844 bytes
07-11 11:33:12.320 I/ActivityManager(  374): Force stopping package by.game.binumbers appid=10083 user=-1
07-11 11:33:12.500 W/PackageManager(  374): Not granting permission android.permission.ACCESS_DOWNLOAD_MANAGER to package by.game.binumbers (protectionLevel=18 flags=0x8be44)
07-11 11:33:12.703 I/InputReader(  374): Reconfiguring input devices.  changes=0x00000010
07-11 11:33:12.781 D/dalvikvm(  605): GC_FOR_ALLOC freed 1534K, 14% free 14955K/17232K, paused 57ms, total 57ms
07-11 11:33:12.781 I/dalvikvm-heap(  605): Grow heap (frag case) to 15.639MB for 1048592-byte allocation
07-11 11:33:12.953 D/dalvikvm(  592): GC_CONCURRENT freed 504K, 6% free 9183K/9720K, paused 15ms+7ms, total 80ms
07-11 11:33:12.992 I/ActivityManager(  374): Start proc com.qihoo360.mobilesafe for service com.qihoo360.mobilesafe/.service.GuardDelegateService: pid=7017 uid=10072 gids={50072, 3003, 1015, 3001, 3002, 1006, 1028}
07-11 11:33:13.062 I/ActivityManager(  374): Start proc com.qihoo360.mobilesafe:scan for service com.qihoo360.mobilesafe/com.qihoo.security.services.DeepScanService: pid=7027 uid=10072 gids={50072, 3003, 1015, 3001, 3002, 1006, 1028}
07-11 11:33:13.195 I/InputReader(  374): Reconfiguring input devices.  changes=0x00000004
07-11 11:33:13.195 I/InputReader(  374): Device reconfigured: id=6, name='Melfas MMSxxx Touchscreen', size 720x1280, orientation 1, mode 1, display id 0
07-11 11:33:13.195 I/ActivityManager(  374): Config changes=1480 {1.0 460mcc1mnc zh_CN ldltr sw360dp w598dp h335dp 320dpi nrml land finger -keyb/v/h -nav/h s.14}
07-11 11:33:13.234 D/BackupManagerService(  374): Received broadcast Intent { act=android.intent.action.PACKAGE_ADDED dat=package:by.game.binumbers flg=0x8000010 (has extras) }
07-11 11:33:13.242 V/BackupManagerService(  374): addPackageParticipantsLocked: #1
07-11 11:33:13.289 I/MobileSafeApplication( 7027): runtime.process.name=com.qihoo360.mobilesafe:scan
07-11 11:33:13.289 I/MobileSafeApplication( 7027): process ui=false persist=false crash=false contact=false barcode=false permm=false
07-11 11:33:13.320 I/MobileSafeApplication( 7027): use ipc_pref, try load
07-11 11:33:13.320 D/dalvikvm( 7027): Trying to load lib /data/data/com.qihoo360.mobilesafe/files/so_libs/libipc_pref.520.1.so 0x4207e690
07-11 11:33:13.328 I/MobileSafeApplication( 7017): runtime.process.name=com.qihoo360.mobilesafe
07-11 11:33:13.328 I/MobileSafeApplication( 7017): process ui=true persist=false crash=false contact=false barcode=false permm=false
07-11 11:33:13.328 I/ipc_pref( 7027): [RegisterJniFunctions:19]	RegisterJniFunction methods count: 10
07-11 11:33:13.328 I/ipc_pref( 7027): 
07-11 11:33:13.328 D/dalvikvm( 7027): Added shared lib /data/data/com.qihoo360.mobilesafe/files/so_libs/libipc_pref.520.1.so 0x4207e690
07-11 11:33:13.328 I/ipc_pref( 7027): [JNI_OnLoad:43]	JNI_OnLoad
07-11 11:33:13.328 I/ipc_pref( 7027): 
07-11 11:33:13.336 I/ipc_pref( 7027): [init:19]	init /data/data/com.qihoo360.mobilesafe/shared_prefs/ipc_pref
07-11 11:33:13.336 I/ipc_pref( 7027): 
07-11 11:33:13.336 I/ipc_pref( 7027): [init:45]	/data/data/com.qihoo360.mobilesafe/shared_prefs/ipc_pref
07-11 11:33:13.336 I/ipc_pref( 7027): 
07-11 11:33:13.351 I/MobileSafeApplication( 7027): use ipc_pref, loaded
07-11 11:33:13.422 D/dalvikvm( 7027): Trying to load lib /data/data/com.qihoo360.mobilesafe/files/so_libs/libbreakpad-jni-1.0.so 0x4207e690
07-11 11:33:13.429 D/dalvikvm( 7027): Added shared lib /data/data/com.qihoo360.mobilesafe/files/so_libs/libbreakpad-jni-1.0.so 0x4207e690
07-11 11:33:13.429 D/dalvikvm( 7027): No JNI_OnLoad found in /data/data/com.qihoo360.mobilesafe/files/so_libs/libbreakpad-jni-1.0.so 0x4207e690, skipping init
07-11 11:33:13.429 D/CrashHandler( 7027): path = /data/data/com.qihoo360.mobilesafe/files/native_crash
07-11 11:33:13.445 D/dalvikvm( 7027): Trying to load lib /data/data/com.qihoo360.mobilesafe/lib/libcloudscan-1.0.0.so 0x4207e690
07-11 11:33:13.453 D/dalvikvm(30923): GC_CONCURRENT freed 398K, 16% free 9538K/11256K, paused 99ms+75ms, total 734ms
07-11 11:33:13.469 D/dalvikvm( 7027): Added shared lib /data/data/com.qihoo360.mobilesafe/lib/libcloudscan-1.0.0.so 0x4207e690
07-11 11:33:13.469 D/dalvikvm(  605): GC_FOR_ALLOC freed 10K, 13% free 15968K/18260K, paused 687ms, total 688ms
07-11 11:33:13.476 D/dalvikvm( 5703): GC_CONCURRENT freed 359K, 5% free 9982K/10464K, paused 92ms+17ms, total 624ms
07-11 11:33:13.508 D/dalvikvm( 5703): WAIT_FOR_CONCURRENT_GC blocked 219ms
07-11 11:33:13.508 D/dalvikvm( 5703): WAIT_FOR_CONCURRENT_GC blocked 222ms
07-11 11:33:13.547 D/dalvikvm( 1736): GC_CONCURRENT freed 483K, 20% free 9633K/12000K, paused 148ms+15ms, total 591ms
07-11 11:33:13.547 D/dalvikvm( 1736): WAIT_FOR_CONCURRENT_GC blocked 325ms
07-11 11:33:13.547 D/dalvikvm( 1736): WAIT_FOR_CONCURRENT_GC blocked 339ms
07-11 11:33:13.547 D/dalvikvm( 1736): WAIT_FOR_CONCURRENT_GC blocked 237ms
07-11 11:33:13.594 I/MobileSafeApplication( 7017): use ipc_pref, try load
07-11 11:33:13.601 D/dalvikvm( 7017): Trying to load lib /data/data/com.qihoo360.mobilesafe/files/so_libs/libipc_pref.520.1.so 0x4207e700
07-11 11:33:13.617 I/ipc_pref( 7017): [RegisterJniFunctions:19]	RegisterJniFunction methods count: 10
07-11 11:33:13.617 I/ipc_pref( 7017): 
07-11 11:33:13.617 D/dalvikvm( 7017): Added shared lib /data/data/com.qihoo360.mobilesafe/files/so_libs/libipc_pref.520.1.so 0x4207e700
07-11 11:33:13.617 I/ipc_pref( 7017): [JNI_OnLoad:43]	JNI_OnLoad
07-11 11:33:13.617 I/ipc_pref( 7017): 
07-11 11:33:13.625 I/ipc_pref( 7017): [init:19]	init /data/data/com.qihoo360.mobilesafe/shared_prefs/ipc_pref
07-11 11:33:13.625 I/ipc_pref( 7017): 
07-11 11:33:13.625 I/ipc_pref( 7017): [init:45]	/data/data/com.qihoo360.mobilesafe/shared_prefs/ipc_pref
07-11 11:33:13.625 I/ipc_pref( 7017): 
07-11 11:33:13.625 I/MobileSafeApplication( 7017): use ipc_pref, loaded
07-11 11:33:13.640 I/ActivityManager(  374): Start proc com.google.android.gallery3d for broadcast com.google.android.gallery3d/com.android.gallery3d.app.PackagesMonitor: pid=7047 uid=10019 gids={50019, 1006, 3003, 1015, 1028}
07-11 11:33:13.687 I/ActivityManager(  374): Start proc com.qihoo360.mobilesafe:engine for service com.qihoo360.mobilesafe/com.qihoo.security.services.ScanEngineService: pid=7053 uid=10072 gids={50072, 3003, 1015, 3001, 3002, 1006, 1028}
07-11 11:33:13.789 D/dalvikvm( 7017): Trying to load lib /data/data/com.qihoo360.mobilesafe/files/so_libs/libbreakpad-jni-1.0.so 0x4207e700
07-11 11:33:13.789 D/dalvikvm( 7017): Added shared lib /data/data/com.qihoo360.mobilesafe/files/so_libs/libbreakpad-jni-1.0.so 0x4207e700
07-11 11:33:13.789 D/dalvikvm( 7017): No JNI_OnLoad found in /data/data/com.qihoo360.mobilesafe/files/so_libs/libbreakpad-jni-1.0.so 0x4207e700, skipping init
07-11 11:33:13.797 D/CrashHandler( 7017): path = /data/data/com.qihoo360.mobilesafe/files/native_crash
07-11 11:33:13.812 I/NativeManager( 7017): wait native manager ...
07-11 11:33:13.812 D/dalvikvm( 7017): Trying to load lib /data/data/com.qihoo360.mobilesafe/files/so_libs/libmobilesafe360-jni-520.2.so 0x4207e700
07-11 11:33:13.836 D/dalvikvm( 7017): Added shared lib /data/data/com.qihoo360.mobilesafe/files/so_libs/libmobilesafe360-jni-520.2.so 0x4207e700
07-11 11:33:13.836 D/MobileSafeApplication( 7017): -- not cold launch...
07-11 11:33:13.836 I/ipc_pref( 7017): [open:30]	open /data/data/com.qihoo360.mobilesafe/shared_prefs/com.qihoo360.mobilesafe_preferences.xml
07-11 11:33:13.836 I/ipc_pref( 7017): 
07-11 11:33:13.859 D/PhoneStatusBar(  450): mSettingsPanelGravity = 55
07-11 11:33:13.898 D/dalvikvm( 7017): GC_CONCURRENT freed 224K, 3% free 9182K/9444K, paused 7ms+15ms, total 103ms
07-11 11:33:13.914 W/Settings( 7017): Setting always_finish_activities has moved from android.provider.Settings.System to android.provider.Settings.Global, returning read-only value.
07-11 11:33:13.922 I/MobileSafeApplication( 7053): runtime.process.name=com.qihoo360.mobilesafe:engine
07-11 11:33:13.922 I/MobileSafeApplication( 7053): process ui=false persist=false crash=false contact=false barcode=false permm=false
07-11 11:33:13.937 I/ipc_pref( 7017): [open:30]	open /data/data/com.qihoo360.mobilesafe/shared_prefs/upgrade_pref.xml
07-11 11:33:13.937 I/ipc_pref( 7017): 
07-11 11:33:13.945 I/MobileSafeApplication( 7053): use ipc_pref, try load
07-11 11:33:13.953 D/dalvikvm( 7053): Trying to load lib /data/data/com.qihoo360.mobilesafe/files/so_libs/libipc_pref.520.1.so 0x42080598
07-11 11:33:13.953 I/ipc_pref( 7053): [RegisterJniFunctions:19]	RegisterJniFunction methods count: 10
07-11 11:33:13.953 I/ipc_pref( 7053): 
07-11 11:33:13.961 D/dalvikvm( 7053): Added shared lib /data/data/com.qihoo360.mobilesafe/files/so_libs/libipc_pref.520.1.so 0x42080598
07-11 11:33:13.961 I/ipc_pref( 7053): [JNI_OnLoad:43]	JNI_OnLoad
07-11 11:33:13.961 I/ipc_pref( 7053): 
07-11 11:33:13.961 I/ipc_pref( 7053): [init:19]	init /data/data/com.qihoo360.mobilesafe/shared_prefs/ipc_pref
07-11 11:33:13.961 I/ipc_pref( 7053): 
07-11 11:33:13.961 I/ipc_pref( 7053): [init:45]	/data/data/com.qihoo360.mobilesafe/shared_prefs/ipc_pref
07-11 11:33:13.961 I/ipc_pref( 7053): 
07-11 11:33:13.969 I/MobileSafeApplication( 7053): use ipc_pref, loaded
07-11 11:33:14.015 D/dalvikvm( 7053): Trying to load lib /data/data/com.qihoo360.mobilesafe/files/so_libs/libbreakpad-jni-1.0.so 0x42080598
07-11 11:33:14.023 D/dalvikvm( 7053): Added shared lib /data/data/com.qihoo360.mobilesafe/files/so_libs/libbreakpad-jni-1.0.so 0x42080598
07-11 11:33:14.023 D/dalvikvm( 7053): No JNI_OnLoad found in /data/data/com.qihoo360.mobilesafe/files/so_libs/libbreakpad-jni-1.0.so 0x42080598, skipping init
07-11 11:33:14.023 D/CrashHandler( 7053): path = /data/data/com.qihoo360.mobilesafe/files/native_crash
07-11 11:33:14.039 D/dalvikvm( 7053): Trying to load lib /data/data/com.qihoo360.mobilesafe/lib/libdejavu-2.1.0.so 0x42080598
07-11 11:33:14.086 D/dalvikvm( 7053): Added shared lib /data/data/com.qihoo360.mobilesafe/lib/libdejavu-2.1.0.so 0x42080598
07-11 11:33:14.086 D/dalvikvm( 7053): Trying to load lib /data/data/com.qihoo360.mobilesafe/lib/libqvmwrapper-1.0.0.so 0x42080598
07-11 11:33:14.094 D/dalvikvm( 7053): Added shared lib /data/data/com.qihoo360.mobilesafe/lib/libqvmwrapper-1.0.0.so 0x42080598
07-11 11:33:14.094 D/dalvikvm( 7053): Trying to load lib /data/data/com.qihoo360.mobilesafe/lib/libcloudscan-1.0.0.so 0x42080598
07-11 11:33:14.101 D/dalvikvm( 7053): Added shared lib /data/data/com.qihoo360.mobilesafe/lib/libcloudscan-1.0.0.so 0x42080598
07-11 11:33:14.203 D/dalvikvm(  605): GC_FOR_ALLOC freed 48K, 13% free 15923K/18260K, paused 178ms, total 182ms
07-11 11:33:14.289 I/WindowManager(  374): Screen frozen for +1s181ms due to Window{425eaa48 u0 NavigationBar}
07-11 11:33:14.344 D/dalvikvm( 7047): GC_CONCURRENT freed 306K, 4% free 9061K/9384K, paused 3ms+4ms, total 84ms
07-11 11:33:14.500 D/dalvikvm( 7017): GC_CONCURRENT freed 354K, 5% free 9240K/9632K, paused 35ms+17ms, total 110ms
07-11 11:33:14.547 I/ActivityManager(  374): Start proc com.google.android.partnersetup for broadcast com.google.android.partnersetup/.RlzPingBroadcastReceiver: pid=7093 uid=10027 gids={50027, 3003, 1028}
07-11 11:33:14.578 D/dalvikvm( 7053): GC_CONCURRENT freed 231K, 3% free 9152K/9420K, paused 12ms+11ms, total 100ms
07-11 11:33:14.601 W/MountService(  374): getVolumeState(/storage/emulated/0/external_sd): Unknown volume
07-11 11:33:14.648 W/MountService(  374): getVolumeState(/mnt/sdcard-ext): Unknown volume
07-11 11:33:14.648 W/MountService(  374): getVolumeState(/mnt/ext_sdcard): Unknown volume
07-11 11:33:14.656 W/MountService(  374): getVolumeState(/mnt/sdcard2): Unknown volume
07-11 11:33:14.695 W/MountService(  374): getVolumeState(/mnt/emmc): Unknown volume
07-11 11:33:14.703 W/MountService(  374): getVolumeState(/mnt/extSdCard): Unknown volume
07-11 11:33:14.758 W/MountService(  374): getVolumeState(/mnt/sdcard/SD_CARD): Unknown volume
07-11 11:33:14.765 W/MountService(  374): getVolumeState(/mnt/sdcard/extra_sd): Unknown volume
07-11 11:33:14.765 W/MountService(  374): getVolumeState(/mnt/extrasd_bind): Unknown volume
07-11 11:33:14.773 W/MountService(  374): getVolumeState(/mnt/sdcard/ext_sd): Unknown volume
07-11 11:33:14.781 W/MountService(  374): getVolumeState(/storage/extSdCard): Unknown volume
07-11 11:33:14.804 W/MountService(  374): getVolumeState(/storage/sdcard1): Unknown volume
07-11 11:33:14.812 I/dalvikvm-heap(  605): Grow heap (frag case) to 19.584MB for 4194320-byte allocation
07-11 11:33:14.828 W/MountService(  374): getVolumeState(/mnt/sdcard/external_SD): Unknown volume
07-11 11:33:14.844 W/MountService(  374): getVolumeState(/mnt/sdcard/external_sd): Unknown volume
07-11 11:33:14.851 I/ActivityManager(  374): Start proc com.android.musicfx for broadcast com.android.musicfx/.Compatibility$Receiver: pid=7110 uid=10042 gids={50042, 3003, 3002, 1028}
07-11 11:33:14.992 D/dalvikvm( 7017): TRACE stop requested, but not running
07-11 11:33:15.047 I/ActivityManager(  374): Start proc com.google.android.apps.plus for broadcast com.google.android.apps.plus/.service.PackagesMediaMonitor: pid=7127 uid=10048 gids={50048, 3003, 3002, 1015, 1006, 1028}
07-11 11:33:15.086 I/ipc_pref( 7017): [open:30]	open /data/data/com.qihoo360.mobilesafe/shared_prefs/shield_pref.xml
07-11 11:33:15.086 I/ipc_pref( 7017): 
07-11 11:33:15.109 I/FWL.PkgCoreBase( 7017): loading /data/data/com.qihoo360.mobilesafe/files/appmgr.apk ...
07-11 11:33:15.117 I/dex     ( 7017): load /data/data/com.qihoo360.mobilesafe/files/appmgr.apk ...
07-11 11:33:15.125 I/dex     ( 7017): load /data/data/com.qihoo360.mobilesafe/files/appmgr.apk = dalvik.system.DexClassLoader[DexPathList[[zip file "/data/data/com.qihoo360.mobilesafe/files/appmgr.apk"],nativeLibraryDirectories=[/vendor/lib, /system/lib]]]
07-11 11:33:15.140 I/FWL.PkgCoreBase( 7017): loading ok
07-11 11:33:15.179 D/dalvikvm( 7017): GC_CONCURRENT freed 382K, 5% free 9371K/9788K, paused 4ms+10ms, total 37ms
07-11 11:33:15.179 D/dalvikvm( 7017): WAIT_FOR_CONCURRENT_GC blocked 3ms
07-11 11:33:15.195 D/dalvikvm(  605): GC_FOR_ALLOC freed 3K, 11% free 20015K/22360K, paused 381ms, total 381ms
07-11 11:33:15.203 D/dalvikvm( 1736): GC_CONCURRENT freed 642K, 21% free 9493K/12000K, paused 4ms+24ms, total 301ms
07-11 11:33:15.203 D/dalvikvm( 1736): WAIT_FOR_CONCURRENT_GC blocked 107ms
07-11 11:33:15.211 D/dalvikvm( 1063): GC_CONCURRENT freed 380K, 15% free 9260K/10796K, paused 8ms+258ms, total 326ms
07-11 11:33:15.344 W/Settings( 7017): Setting android_id has moved from android.provider.Settings.System to android.provider.Settings.Secure, returning read-only value.
07-11 11:33:15.492 D/dalvikvm( 7017): GC_CONCURRENT freed 214K, 3% free 9668K/9920K, paused 22ms+3ms, total 100ms
07-11 11:33:15.492 D/dalvikvm( 7017): WAIT_FOR_CONCURRENT_GC blocked 24ms
07-11 11:33:15.492 D/dalvikvm( 7017): WAIT_FOR_CONCURRENT_GC blocked 14ms
07-11 11:33:15.586 D/dalvikvm( 7127): GC_CONCURRENT freed 333K, 4% free 9062K/9432K, paused 12ms+3ms, total 47ms
07-11 11:33:15.672 D/dalvikvm(  605): GC_CONCURRENT freed 0K, 11% free 20015K/22360K, paused 12ms+5ms, total 471ms
07-11 11:33:15.836 D/dalvikvm( 7127): GC_CONCURRENT freed 122K, 2% free 9448K/9608K, paused 4ms+3ms, total 60ms
07-11 11:33:15.836 D/dalvikvm( 7127): WAIT_FOR_CONCURRENT_GC blocked 32ms
07-11 11:33:15.867 D/dalvikvm( 7127): WAIT_FOR_CONCURRENT_GC blocked 56ms
07-11 11:33:15.867 D/dalvikvm( 7127): WAIT_FOR_CONCURRENT_GC blocked 64ms
07-11 11:33:16.008 D/dalvikvm( 7127): GC_CONCURRENT freed 131K, 2% free 9808K/9988K, paused 2ms+31ms, total 86ms
07-11 11:33:16.156 D/dalvikvm( 7127): GC_CONCURRENT freed 155K, 3% free 10143K/10356K, paused 13ms+3ms, total 64ms
07-11 11:33:16.156 D/dalvikvm( 7127): WAIT_FOR_CONCURRENT_GC blocked 8ms
07-11 11:33:16.289 D/dalvikvm( 7127): GC_CONCURRENT freed 136K, 2% free 10484K/10692K, paused 13ms+3ms, total 50ms
07-11 11:33:16.289 D/dalvikvm( 7127): WAIT_FOR_CONCURRENT_GC blocked 11ms
07-11 11:33:16.351 D/dalvikvm( 7127): GC_FOR_ALLOC freed 307K, 4% free 10561K/10984K, paused 26ms, total 26ms
07-11 11:33:16.383 D/dalvikvm( 7127): GC_FOR_ALLOC freed 62K, 4% free 10625K/10984K, paused 26ms, total 26ms
07-11 11:33:16.383 I/dalvikvm-heap( 7127): Grow heap (frag case) to 10.656MB for 260112-byte allocation
07-11 11:33:16.422 D/dalvikvm( 7127): GC_FOR_ALLOC freed 126K, 5% free 10753K/11240K, paused 34ms, total 34ms
07-11 11:33:16.445 D/dalvikvm( 7127): GC_FOR_ALLOC freed <1K, 5% free 10753K/11240K, paused 30ms, total 30ms
07-11 11:33:16.453 I/dalvikvm-heap( 7127): Grow heap (frag case) to 10.764MB for 242378-byte allocation
07-11 11:33:16.492 D/dalvikvm( 7127): GC_FOR_ALLOC freed 0K, 5% free 10989K/11480K, paused 44ms, total 44ms
07-11 11:33:16.531 D/dalvikvm( 7127): GC_FOR_ALLOC freed 373K, 6% free 10863K/11480K, paused 28ms, total 28ms
07-11 11:33:16.562 D/dalvikvm( 7127): GC_FOR_ALLOC freed 126K, 5% free 10991K/11480K, paused 30ms, total 30ms
07-11 11:33:16.601 D/dalvikvm( 7127): GC_FOR_ALLOC freed 369K, 6% free 11100K/11720K, paused 28ms, total 28ms
07-11 11:33:16.656 D/dalvikvm( 7127): GC_FOR_ALLOC freed 126K, 5% free 11228K/11720K, paused 47ms, total 47ms
07-11 11:33:16.695 D/dalvikvm( 7017): GC_CONCURRENT freed 334K, 4% free 9845K/10212K, paused 134ms+19ms, total 212ms
07-11 11:33:16.812 D/dalvikvm( 7127): GC_CONCURRENT freed 372K, 4% free 11629K/12036K, paused 8ms+4ms, total 63ms
07-11 11:33:16.812 D/dalvikvm( 7127): WAIT_FOR_CONCURRENT_GC blocked 11ms
07-11 11:33:16.828 I/Launcher(  605): Deferring update until onResume
07-11 11:33:16.867 I/ActivityManager(  374): Process com.google.android.apps.maps:LocationFriendService (pid 5199) has died.
07-11 11:33:17.109 D/dalvikvm( 7127): GC_CONCURRENT freed 206K, 2% free 12331K/12572K, paused 10ms+3ms, total 83ms
07-11 11:33:17.109 D/dalvikvm( 7127): WAIT_FOR_CONCURRENT_GC blocked 27ms
07-11 11:33:17.461 D/dalvikvm(  833): GC_CONCURRENT freed 1050K, 17% free 13031K/15584K, paused 10ms+5ms, total 93ms
07-11 11:33:17.461 D/dalvikvm( 7127): GC_CONCURRENT freed 482K, 4% free 12991K/13508K, paused 13ms+3ms, total 75ms
07-11 11:33:17.461 D/dalvikvm( 7127): WAIT_FOR_CONCURRENT_GC blocked 36ms
07-11 11:33:17.859 D/dalvikvm( 5663): GC_CONCURRENT freed 347K, 4% free 9446K/9828K, paused 2ms+33ms, total 220ms
07-11 11:33:17.875 D/dalvikvm( 7127): GC_CONCURRENT freed 567K, 5% free 13786K/14388K, paused 11ms+7ms, total 104ms
07-11 11:33:17.883 D/dalvikvm( 7127): WAIT_FOR_CONCURRENT_GC blocked 41ms
07-11 11:33:17.922 D/dalvikvm( 1736): GC_CONCURRENT freed 433K, 21% free 9522K/12000K, paused 4ms+54ms, total 144ms
07-11 11:33:17.929 I/Launcher(  605): Deferring update until onResume
07-11 11:33:18.054 D/gp.PicasaPhotoCP( 7127): set fsid first time:-1
07-11 11:33:18.062 W/MountService(  374): getVolumeState(/storage/emulated/0/external_sd): Unknown volume
07-11 11:33:18.070 W/MountService(  374): getVolumeState(/mnt/sdcard-ext): Unknown volume
07-11 11:33:18.140 W/MountService(  374): getVolumeState(/mnt/ext_sdcard): Unknown volume
07-11 11:33:18.140 W/MountService(  374): getVolumeState(/mnt/sdcard2): Unknown volume
07-11 11:33:18.226 I/ActivityManager(  374): Start proc com.google.android.gms for broadcast com.google.android.gms/.games.receiver.GamesSystemBroadcastReceiver: pid=7171 uid=10009 gids={50009, 3003, 1007, 1028, 1015, 1006, 2001, 3006}
07-11 11:33:18.265 W/PackageParser(  833): No actions in intent filter at /storage/emulated/0/360Download/Pekall.apk Binary XML file line #685
07-11 11:33:18.359 W/MountService(  374): getVolumeState(/mnt/emmc): Unknown volume
07-11 11:33:18.359 W/MountService(  374): getVolumeState(/mnt/extSdCard): Unknown volume
07-11 11:33:18.359 W/MountService(  374): getVolumeState(/mnt/sdcard/SD_CARD): Unknown volume
07-11 11:33:18.359 W/MountService(  374): getVolumeState(/mnt/sdcard/extra_sd): Unknown volume
07-11 11:33:18.367 W/MountService(  374): getVolumeState(/mnt/extrasd_bind): Unknown volume
07-11 11:33:18.367 W/MountService(  374): getVolumeState(/mnt/sdcard/ext_sd): Unknown volume
07-11 11:33:18.367 W/MountService(  374): getVolumeState(/storage/extSdCard): Unknown volume
07-11 11:33:18.375 W/MountService(  374): getVolumeState(/storage/sdcard1): Unknown volume
07-11 11:33:18.383 W/MountService(  374): getVolumeState(/mnt/sdcard/external_SD): Unknown volume
07-11 11:33:18.390 W/MountService(  374): getVolumeState(/mnt/sdcard/external_sd): Unknown volume
07-11 11:33:18.414 I/ActivityManager(  374): Process com.google.android.talk (pid 5680) has died.
07-11 11:33:18.523 D/dalvikvm( 5703): GC_CONCURRENT freed 404K, 5% free 10074K/10528K, paused 4ms+7ms, total 452ms
07-11 11:33:18.711 W/PackageParser(  833): No actions in intent filter at /storage/emulated/0/Download/emmp.apk Binary XML file line #687
07-11 11:33:18.789 D/dalvikvm( 1063): GC_CONCURRENT freed 403K, 14% free 9293K/10796K, paused 11ms+39ms, total 88ms
07-11 11:33:18.875 D/dalvikvm(  374): GC_EXPLICIT freed 2197K, 26% free 22684K/30452K, paused 4ms+184ms, total 6213ms
07-11 11:33:18.875 D/dalvikvm(  374): WAIT_FOR_CONCURRENT_GC blocked 2413ms
07-11 11:33:19.023 I/ActivityManager(  374): Start proc com.google.android.googlequicksearchbox for broadcast com.google.android.googlequicksearchbox/com.google.android.apps.sidekick.GmmLocationProviderImpl$GmmPackageWatcher: pid=7194 uid=10056 gids={50056, 3003, 1028, 1007, 3002, 1015}
07-11 11:33:19.062 D/dalvikvm(  125): GC_EXPLICIT freed 41K, 1% free 8921K/9000K, paused 2ms+4ms, total 46ms
07-11 11:33:19.086 W/PackageParser(  833): No actions in intent filter at /storage/emulated/0/Download/emmp-1.apk Binary XML file line #687
07-11 11:33:19.101 D/dalvikvm(  125): GC_EXPLICIT freed <1K, 1% free 8921K/9000K, paused 2ms+3ms, total 40ms
07-11 11:33:19.117 D/dalvikvm(  374): GC_EXPLICIT freed 158K, 26% free 22542K/30452K, paused 15ms+14ms, total 246ms
07-11 11:33:19.133 D/dalvikvm(  125): GC_EXPLICIT freed <1K, 1% free 8921K/9000K, paused 2ms+3ms, total 32ms
07-11 11:33:19.211 W/PackageParser(  833): No actions in intent filter at /storage/emulated/0/360Download/Pekall.apk Binary XML file line #685
07-11 11:33:19.242 I/ActivityManager(  374): Process com.google.android.apps.maps:FriendService (pid 5187) has died.
07-11 11:33:19.312 D/dalvikvm( 1852): GC_CONCURRENT freed 346K, 4% free 10009K/10404K, paused 7ms+81ms, total 447ms
07-11 11:33:19.344 I/ipc_pref( 7017): [open:30]	open /data/data/com.qihoo360.mobilesafe/shared_prefs/adblock_pref.xml
07-11 11:33:19.344 I/ipc_pref( 7017): 
07-11 11:33:19.547 W/ActivityManager(  374): Unable to start service Intent { act=com.google.android.gms.analytics.service.START (has extras) } U=0: not found
07-11 11:33:19.554 W/GAV2    ( 7047): Thread[GAThread,5,main]: Service unavailable (code=1), will retry.
07-11 11:33:19.664 I/GAV2    ( 7047): Thread[GAThread,5,main]: No campaign data found.
07-11 11:33:19.844 I/ActivityManager(  374): Process android.process.acore (pid 5663) has died.
07-11 11:33:19.914 D/dalvikvm( 7194): GC_CONCURRENT freed 213K, 3% free 9147K/9396K, paused 27ms+4ms, total 77ms
07-11 11:33:20.000 W/GAV2    ( 7194): Thread[main,5,main]: Need to call initialize() and be in fallback mode to start dispatch.
07-11 11:33:20.031 D/mdm_log ( 3259): [null:-1]->action is : android.intent.action.PACKAGE_ADDED
07-11 11:33:20.039 D/dalvikvm( 1063): GC_CONCURRENT freed 508K, 14% free 9284K/10796K, paused 3ms+56ms, total 223ms
07-11 11:33:20.086 D/dalvikvm( 7171): GC_CONCURRENT freed 210K, 3% free 9113K/9360K, paused 18ms+14ms, total 253ms
07-11 11:33:20.101 D/dalvikvm( 7017): GC_CONCURRENT freed 470K, 5% free 9775K/10284K, paused 11ms+9ms, total 89ms
07-11 11:33:20.219 I/PeopleDatabaseHelper( 7171): cleanUpNonGplusAccounts done.
07-11 11:33:20.265 D/DB      ( 3259): query: SQLiteQuery: SELECT * FROM app WHERE readStatus =0
07-11 11:33:20.265 D/DB      ( 3259): factory null
07-11 11:33:20.265 D/DB      ( 3259): fillWindow: 0
07-11 11:33:20.273 D/DB      ( 3259): cursor 0
07-11 11:33:20.273 D/DB      ( 3259): query: SQLiteQuery: SELECT * FROM app WHERE type = 51107
07-11 11:33:20.273 D/DB      ( 3259): factory null
07-11 11:33:20.273 D/DB      ( 3259): fillWindow: 0
07-11 11:33:20.273 D/DB      ( 3259): cursor 2
07-11 11:33:20.273 E/Mdm     ( 3259): Call Mdm service's recordIconCount function
07-11 11:33:20.312 D/DB      ( 3259): query: SQLiteQuery: SELECT appUUID, status FROM app WHERE status=4 AND uploadStatus=0
07-11 11:33:20.312 D/DB      ( 3259): factory null
07-11 11:33:20.312 D/DB      ( 3259): fillWindow: 0
07-11 11:33:20.312 D/DB      ( 3259): cursor 1
07-11 11:33:20.312 D/DB      ( 3259): moveToPos: 0
07-11 11:33:20.312 D/DB      ( 3259): onMove: 0
07-11 11:33:20.312 D/DB      ( 3259): moveToPos: 1
07-11 11:33:20.359 E/Mdm     ( 3259): Call Mdm service's upLoadDocStatus function, request id: 0
07-11 11:33:20.375 I/TransInfo( 3259): TransInfo created, id: 18, class: class com.pekall.emdm.transaction.b.q
07-11 11:33:20.375 D/NetworkThread( 3259): [null:-1]->----isRunning-----true
07-11 11:33:20.375 D/NetworkThread( 3259): [null:-1]->----isRunning-----true
07-11 11:33:20.375 D/NetworkThread( 3259): [null:-1]->thread wakeup
07-11 11:33:20.390 D/HttpClient( 3259): enable apache.http debug
07-11 11:33:20.398 V/DEBUG   ( 3259): HTTP 0
07-11 11:33:20.398 D/dalvikvm( 7274): Late-enabling CheckJNI
07-11 11:33:20.406 D/DB      ( 3259): moveToPos: 0
07-11 11:33:20.406 D/DB      ( 3259): onMove: 0
07-11 11:33:20.406 D/DB      ( 3259): moveToPos: 1
07-11 11:33:20.406 I/ActivityManager(  374): Start proc com.noshufou.android.su for broadcast com.noshufou.android.su/.InstallReceiver: pid=7274 uid=10077 gids={50077, 3003, 1015, 1028}
07-11 11:33:20.422 I/dalvikvm( 7274): Turning on JNI app bug workarounds for target SDK version 11...
07-11 11:33:20.422 D/DB      ( 3259): onMove: 1
07-11 11:33:20.437 D/DB      ( 3259): moveToPos: 2
07-11 11:33:20.562 I/Recovery( 7171): Received: Intent { act=com.google.android.gms.INITIALIZE flg=0x10 pkg=com.google.android.gms cmp=com.google.android.gms/.recovery.AccountRecoveryBackgroundService$Receiver }
07-11 11:33:20.578 I/ActivityManager(  374): Start proc com.google.android.gsf.login for service com.google.android.gms/.recovery.AccountRecoveryBackgroundService: pid=7289 uid=10009 gids={50009, 3003, 1007, 1028, 1015, 1006, 2001, 3006}
07-11 11:33:20.711 D/GCM     (  647): GcmService start Intent { act=com.google.android.gms.INITIALIZE flg=0x10 pkg=com.google.android.gms cmp=com.google.android.gms/.gcm.GcmService } com.google.android.gms.INITIALIZE
07-11 11:33:20.742 I/Recovery( 7171): Received: Intent { act=com.google.android.gms.INITIALIZE flg=0x10 pkg=com.google.android.gms cmp=com.google.android.gms/.recovery.AccountRecoveryBackgroundService$Receiver }
07-11 11:33:20.758 D/GCM     (  647): GcmService start Intent { act=com.google.android.gms.INITIALIZE flg=0x10 pkg=com.google.android.gms cmp=com.google.android.gms/.gcm.GcmService } com.google.android.gms.INITIALIZE
07-11 11:33:20.781 D/dalvikvm( 3259): GC_FOR_ALLOC freed 1507K, 16% free 17406K/20500K, paused 118ms, total 118ms
07-11 11:33:20.836 D/dalvikvm( 3259): GC_FOR_ALLOC freed 34K, 16% free 17371K/20500K, paused 50ms, total 50ms
07-11 11:33:20.859 I/InstallAppProgress( 6907): Finished installing by.game.binumbers
07-11 11:33:20.859 I/dalvikvm-heap( 3259): Grow heap (frag case) to 21.061MB for 4194320-byte allocation
07-11 11:33:20.969 D/dalvikvm( 3259): GC_FOR_ALLOC freed 0K, 13% free 21467K/24600K, paused 110ms, total 110ms
07-11 11:33:21.109 I/ActivityManager(  374): Process com.qihoo360.mobilesafe (pid 7017) has died.
07-11 11:33:21.117 V/DEBUG   ( 3259): HTTP 1
07-11 11:33:21.195 D/NetworkThread( 3259): [null:-1]->queue is empty, thread wait...
07-11 11:33:21.289 I/ActivityManager(  374): Config changes=1480 {1.0 460mcc1mnc zh_CN ldltr sw360dp w360dp h567dp 320dpi nrml port finger -keyb/v/h -nav/h s.15}
07-11 11:33:21.297 I/InputReader(  374): Reconfiguring input devices.  changes=0x00000004
07-11 11:33:21.297 I/InputReader(  374): Device reconfigured: id=6, name='Melfas MMSxxx Touchscreen', size 720x1280, orientation 0, mode 1, display id 0
07-11 11:33:21.429 I/ActivityManager(  374): Process com.google.android.gallery3d (pid 7047) has died.
07-11 11:33:21.453 D/MDM :   ( 3259): [null:-1]->Got trans result.
07-11 11:33:21.453 D/MDM :   ( 3259): [null:-1]->Trigger client's callback, request id: 0
07-11 11:33:21.453 D/Mdm     ( 3259): Receive trans result, request id: 0
07-11 11:33:21.484 D/MdmApplication( 3259): [null:-1]->onActivityStarted market.activity.AppListActivity , mActivityCount = 0
07-11 11:33:21.484 E/Mdm     ( 3259): Call Mdm service's setLastExitTime function
07-11 11:33:21.484 D/MDM :   ( 3259): [null:-1]->query
07-11 11:33:21.492 D/MDM :   ( 3259): [null:-1]->QUERY_SETTING_PIN_TIMEOUT
07-11 11:33:21.492 D/MDM :   ( 3259): [null:-1]->query
07-11 11:33:21.492 D/MDM :   ( 3259): [null:-1]->QUERY_SETTING_PIN_CODE
07-11 11:33:21.492 D/MDM :   ( 3259): [null:-1]->query
07-11 11:33:21.500 D/MDM :   ( 3259): [null:-1]->QUERY_PINCODE_CHECK_RESULT
07-11 11:33:21.500 D/mdm_log ( 3259): [null:-1]->has installed com.moji.mjweather
07-11 11:33:21.500 D/mdm_log ( 3259): [null:-1]->has installed by.game.binumbers
07-11 11:33:21.547 D/dalvikvm(30972): GC_CONCURRENT freed 489K, 8% free 9665K/10424K, paused 53ms+7ms, total 280ms
07-11 11:33:21.547 D/dalvikvm(30972): WAIT_FOR_CONCURRENT_GC blocked 87ms
07-11 11:33:21.601 D/PhoneStatusBar(  450): mSettingsPanelGravity = 55
07-11 11:33:21.633 I/ActivityManager(  374): Start proc android.process.acore for content provider com.android.providers.contacts/.ContactsProvider2: pid=7318 uid=10000 gids={50000, 3003, 1015, 1028}
07-11 11:33:21.890 W/IInputConnectionWrapper( 6907): showStatusIcon on inactive InputConnection
07-11 11:33:21.898 I/WindowManager(  374): Screen frozen for +765ms due to Window{4266e498 u0 com.pekall.emdm/com.pekall.emdm.market.activity.AppListActivity}
07-11 11:33:21.937 D/dalvikvm( 7318): GC_CONCURRENT freed 201K, 3% free 9208K/9448K, paused 3ms+6ms, total 63ms
07-11 11:33:22.039 W/Settings(30779): Setting airplane_mode_on has moved from android.provider.Settings.System to android.provider.Settings.Global, returning read-only value.
07-11 11:33:22.039 W/Settings(30779): Setting mobile_data has moved from android.provider.Settings.Secure to android.provider.Settings.Global.
07-11 11:33:22.039 D/BluetoothAdapter(30779): 1108142632: getState() :  mService = null. Returning STATE_OFF
07-11 11:33:22.047 W/Settings(30779): Setting airplane_mode_on has moved from android.provider.Settings.System to android.provider.Settings.Global, returning read-only value.
07-11 11:33:22.086 W/Settings(30779): Setting airplane_mode_on has moved from android.provider.Settings.System to android.provider.Settings.Global, returning read-only value.
07-11 11:33:22.086 W/Settings(30779): Setting mobile_data has moved from android.provider.Settings.Secure to android.provider.Settings.Global.
07-11 11:33:22.086 D/BluetoothAdapter(30779): 1108142632: getState() :  mService = null. Returning STATE_OFF
07-11 11:33:22.086 W/Settings(30779): Setting airplane_mode_on has moved from android.provider.Settings.System to android.provider.Settings.Global, returning read-only value.
07-11 11:33:22.117 I/ActivityManager(  374): Process com.android.packageinstaller (pid 6907) has died.
07-11 11:33:22.531 I/ContactLocale( 7318): AddressBook Labels [zh_CN]: [, A, B, C, D, E, F, G, H, I, J, K, L, M, N, O, P, Q, R, S, T, U, V, W, X, Y, Z, , , , , , , , , , , , , , , , , , , , , , , , , , , , , , , , , , , , , , , , , , , , , , , , , , , , , , , , , , , , , , , , , , , , , , , , , , , , , , , , , , , , , , , , , , , , , , , , , , , , , , , , , , , , , , , , , , , , , , , , , , , , , , , , , , , , , , , , , , , , , , , , , , , , , , , , , , , , #, ]
07-11 11:33:22.976 D/dalvikvm( 7318): GC_CONCURRENT freed 201K, 3% free 9411K/9648K, paused 3ms+2ms, total 65ms
07-11 11:33:23.195 I/TransInfo( 3259): TransInfo created, id: 5, class: class com.pekall.emdm.transaction.b.p
07-11 11:33:23.195 D/NetworkThread( 3259): [null:-1]->----isRunning-----true
07-11 11:33:23.203 D/NetworkThread( 3259): [null:-1]->----isRunning-----true
07-11 11:33:23.203 D/NetworkThread( 3259): [null:-1]->thread wakeup
07-11 11:33:23.203 D/HttpClient( 3259): enable apache.http debug
07-11 11:33:23.211 V/DEBUG   ( 3259): HTTP 0
07-11 11:33:23.383 D/MDM :   ( 3259): [null:-1]->MSG_WEBSOCKET_MESSAGE : {"id":31588505,"type":0,"command":0,"result":0,"reason":0,"params":{"msgId":"26566e19-b8f2-4015-b234-685704940243,26566e19b8f24015b234685704940243","device":"ffffffffc539bb10fffffffff7aea961","message":"{\"cmd\":\"10119\"}"}}
07-11 11:33:23.390 V/DEBUG   ( 3259): HTTP 1
07-11 11:33:23.390 D/NetworkThread( 3259): [null:-1]->queue is empty, thread wait...
07-11 11:33:23.390 D/MdmService( 3259): [null:-1]->push message type :0
07-11 11:33:23.398 D/MdmService( 3259): [null:-1]->cmdMessage : {"cmd":"10119"}
07-11 11:33:23.398 D/MdmService( 3259): [null:-1]->command : PushCommandMsg{cmd='10119', msg='null'}
07-11 11:33:23.398 D/MDM :   ( 3259): [null:-1]->PUSH CMD: 10119
07-11 11:33:23.398 D/MdmStatusManager( 3259): [null:-1]->change status to : Busy
07-11 11:33:23.398 D/DB      ( 3259): query: SQLiteQuery: SELECT content, command_status, status FROM command WHERE status!=2
07-11 11:33:23.398 D/DB      ( 3259): factory null
07-11 11:33:23.398 D/DB      ( 3259): fillWindow: 0
07-11 11:33:23.398 D/DB      ( 3259): cursor 0
07-11 11:33:23.398 D/DB      ( 3259): moveToPos: 0
07-11 11:33:23.406 I/TransInfo( 3259): TransInfo created, id: 3, class: class com.pekall.emdm.transaction.b.c
07-11 11:33:23.406 D/NetworkThread( 3259): [null:-1]->----isRunning-----true
07-11 11:33:23.406 D/NetworkThread( 3259): [null:-1]->----isRunning-----true
07-11 11:33:23.406 D/NetworkThread( 3259): [null:-1]->thread wakeup
07-11 11:33:23.414 D/HttpClient( 3259): enable apache.http debug
07-11 11:33:23.414 V/DEBUG   ( 3259): HTTP 0
07-11 11:33:23.672 V/DEBUG   ( 3259): HTTP 1
07-11 11:33:23.695 D/MDM :   ( 3259): [null:-1]->read network input stream
07-11 11:33:23.695 D/MDM :   ( 3259): [null:-1]->read network input stream
07-11 11:33:23.719 D/CheckInTransInfo( 3259): [null:-1]->CommandMsg : CommandMsg{CommandUUID='8a8088bf471a79ec0147237ba1ff4192', Command=CommandObject{RequestType='DeviceInformation'}}
07-11 11:33:23.719 D/DB      ( 3259): query: SQLiteQuery: SELECT * FROM command WHERE cmd_uuid='8a8088bf471a79ec0147237ba1ff4192'
07-11 11:33:23.719 D/DB      ( 3259): factory null
07-11 11:33:23.719 D/DB      ( 3259): fillWindow: 0
07-11 11:33:23.719 D/DB      ( 3259): cursor 0
07-11 11:33:23.758 D/NetworkThread( 3259): [null:-1]->queue is empty, thread wait...
07-11 11:33:23.859 D/MdmService( 3259): [null:-1]->handleCheckInResult
07-11 11:33:23.859 D/MdmService( 3259): [null:-1]->handleCheckInResult result keyIndex: 3
07-11 11:33:23.875 D/CommandManager( 3259): [null:-1]->execute command: CommandMsg{CommandUUID='8a8088bf471a79ec0147237ba1ff4192', Command=CommandObject{RequestType='DeviceInformation'}}
07-11 11:33:24.008 D/BluetoothManagerService(  374): checkIfCallerIsForegroundUser: valid=true callingUser=0 foregroundUser=0
07-11 11:33:24.078 D/dalvikvm(  374): GC_EXPLICIT freed 2084K, 28% free 22127K/30452K, paused 5ms+12ms, total 145ms
07-11 11:33:24.164 D/dalvikvm( 1736): GC_CONCURRENT freed 438K, 21% free 9482K/12000K, paused 9ms+3ms, total 35ms
07-11 11:33:25.008 W/GAV2    ( 7194): Thread[GAThread,5,main]: Service unavailable (code=1), will retry.
07-11 11:33:25.008 W/ActivityManager(  374): Unable to start service Intent { act=com.google.android.gms.analytics.service.START (has extras) } U=0: not found
07-11 11:33:25.015 I/GAV2    ( 7194): Thread[GAThread,5,main]: No campaign data found.
07-11 11:33:27.101 D/dalvikvm( 6932): GC_CONCURRENT freed 357K, 5% free 8953K/9348K, paused 5ms+2ms, total 28ms
07-11 11:33:27.195 D/MdmService( 3259): [null:-1]->receiver action :com.pekall.mdm.action.MDM_ALARM
07-11 11:33:27.195 D/MdmService( 3259): [null:-1]->keepAliveWithPushServer client is opened:true
07-11 11:33:27.203 D/MDM :   ( 3259): [null:-1]->ping!!!!!!!!!
07-11 11:33:27.203 D/MdmService( 3259): [null:-1]->pushUrl : ws://192.168.10.91:9070/websocket
07-11 11:33:27.203 D/MDM :   ( 3259): [null:-1]->mMdmPushClient is :not null
07-11 11:33:27.203 D/MDM :   ( 3259): [null:-1]->mMdmPushClient opened : opened
07-11 11:33:27.211 D/MDM :   ( 3259): [null:-1]->MSG_WEBSOCKET_PONG
07-11 11:33:27.679 D/MDM :   ( 3259): [null:-1]->MSG_WEBSOCKET_MESSAGE : {"id":1115549325,"type":0,"command":0,"result":0,"reason":0,"params":{"msgId":"0d7ede6b-cede-4839-ba98-eb16f5f8a268,0d7ede6bcede4839ba98eb16f5f8a268","device":"ffffffffc539bb10fffffffff7aea961","message":"{\"cmd\":\"10119\"}"}}
07-11 11:33:27.687 D/MdmService( 3259): [null:-1]->push message type :0
07-11 11:33:27.687 D/MdmService( 3259): [null:-1]->cmdMessage : {"cmd":"10119"}
07-11 11:33:27.687 D/MdmService( 3259): [null:-1]->command : PushCommandMsg{cmd='10119', msg='null'}
07-11 11:33:27.687 D/MDM :   ( 3259): [null:-1]->PUSH CMD: 10119
07-11 11:33:27.687 D/MdmService( 3259): [null:-1]->MdmStatusManager is busy , wait......
07-11 11:33:27.961 D/dalvikvm( 3259): GC_FOR_ALLOC freed 8815K, 35% free 16829K/25748K, paused 74ms, total 74ms
07-11 11:33:28.094 I/TransInfo( 3259): TransInfo created, id: 3, class: class com.pekall.emdm.transaction.b.c
07-11 11:33:28.094 D/NetworkThread( 3259): [null:-1]->----isRunning-----true
07-11 11:33:28.094 D/NetworkThread( 3259): [null:-1]->----isRunning-----true
07-11 11:33:28.094 D/NetworkThread( 3259): [null:-1]->thread wakeup
07-11 11:33:28.219 D/HttpClient( 3259): enable apache.http debug
07-11 11:33:28.226 V/DEBUG   ( 3259): HTTP 0
07-11 11:33:28.273 D/dalvikvm( 3259): GC_FOR_ALLOC freed 2798K, 36% free 16582K/25748K, paused 45ms, total 46ms
07-11 11:33:28.492 D/dalvikvm( 3259): GC_FOR_ALLOC freed 2363K, 35% free 16752K/25748K, paused 51ms, total 51ms
07-11 11:33:29.133 V/DEBUG   ( 3259): HTTP 1
07-11 11:33:29.156 D/MDM :   ( 3259): [null:-1]->read network input stream
07-11 11:33:29.164 D/MdmDatabaseHelper( 3259): [null:-1]->update command 8a8088bf471a79ec0147237ba1ff4192 to status executed
07-11 11:33:29.234 D/CheckInTransInfo( 3259): [null:-1]->CommandMsg : CommandMsg{CommandUUID='8a8088bf471a79ec0147237bb22e4194', Command=CommandRemoveApp{Identifier='by.game.binumbers', fromMarket=true}}
07-11 11:33:29.234 D/DB      ( 3259): query: SQLiteQuery: SELECT * FROM command WHERE cmd_uuid='8a8088bf471a79ec0147237bb22e4194'
07-11 11:33:29.234 D/DB      ( 3259): factory null
07-11 11:33:29.234 D/DB      ( 3259): fillWindow: 0
07-11 11:33:29.234 D/DB      ( 3259): cursor 0
07-11 11:33:29.265 D/NetworkThread( 3259): [null:-1]->queue is empty, thread wait...
07-11 11:33:29.367 D/MdmService( 3259): [null:-1]->handleCheckInResult
07-11 11:33:29.367 D/MdmService( 3259): [null:-1]->handleCheckInResult result keyIndex: 3
07-11 11:33:29.367 D/CommandManager( 3259): [null:-1]->execute command: CommandMsg{CommandUUID='8a8088bf471a79ec0147237bb22e4194', Command=CommandRemoveApp{Identifier='by.game.binumbers', fromMarket=true}}
07-11 11:33:29.367 D/TEST_ALL( 3259): [null:-1]->REQ_TYPE_RM_APP
07-11 11:33:29.398 I/ActivityManager(  374): START u0 {act=android.intent.action.DELETE dat=package:by.game.binumbers flg=0x10000000 cmp=com.android.packageinstaller/.UninstallerActivity} from pid 3259
07-11 11:33:29.437 D/DB      ( 3259): query: SQLiteQuery: SELECT * FROM app WHERE readStatus =0
07-11 11:33:29.437 D/DB      ( 3259): factory null
07-11 11:33:29.437 D/DB      ( 3259): fillWindow: 0
07-11 11:33:29.437 D/DB      ( 3259): cursor 0
07-11 11:33:29.437 D/DB      ( 3259): query: SQLiteQuery: SELECT * FROM app WHERE type = 51107
07-11 11:33:29.437 D/DB      ( 3259): factory null
07-11 11:33:29.437 D/DB      ( 3259): fillWindow: 0
07-11 11:33:29.445 D/DB      ( 3259): cursor 1
07-11 11:33:29.445 E/Mdm     ( 3259): Call Mdm service's recordIconCount function
07-11 11:33:29.445 D/DB      ( 3259): moveToPos: 0
07-11 11:33:29.445 D/DB      ( 3259): onMove: 0
07-11 11:33:29.445 D/DB      ( 3259): moveToPos: 1
07-11 11:33:29.554 D/MdmApplication( 3259): [null:-1]->onActivityPaused market.activity.AppListActivity , mActivityCount = 1
07-11 11:33:29.554 D/MDM :   ( 3259): [null:-1]->query
07-11 11:33:29.554 D/MDM :   ( 3259): [null:-1]->QUERY_PINCODE_CHECK_RESULT
07-11 11:33:29.554 E/Mdm     ( 3259): Call Mdm service's setLastExitTime function
07-11 11:33:29.594 I/TransInfo( 3259): TransInfo created, id: 3, class: class com.pekall.emdm.transaction.b.c
07-11 11:33:29.594 D/NetworkThread( 3259): [null:-1]->----isRunning-----true
07-11 11:33:29.594 I/ActivityManager(  374): Start proc com.android.packageinstaller for activity com.android.packageinstaller/.UninstallerActivity: pid=7462 uid=10045 gids={50045, 1028}
07-11 11:33:29.601 D/NetworkThread( 3259): [null:-1]->----isRunning-----true
07-11 11:33:29.601 D/NetworkThread( 3259): [null:-1]->thread wakeup
07-11 11:33:29.601 D/HttpClient( 3259): enable apache.http debug
07-11 11:33:29.609 V/DEBUG   ( 3259): HTTP 0
07-11 11:33:29.711 D/dalvikvm( 7462): GC_FOR_ALLOC freed 56K, 2% free 8986K/9080K, paused 21ms, total 22ms
07-11 11:33:29.719 I/dalvikvm-heap( 7462): Grow heap (frag case) to 9.807MB for 1048592-byte allocation
07-11 11:33:29.750 D/dalvikvm( 7462): GC_FOR_ALLOC freed <1K, 1% free 10009K/10108K, paused 27ms, total 27ms
07-11 11:33:29.781 D/dalvikvm( 7462): GC_CONCURRENT freed <1K, 1% free 10009K/10108K, paused 3ms+2ms, total 34ms
07-11 11:33:29.844 D/dalvikvm( 7462): GC_FOR_ALLOC freed <1K, 1% free 10009K/10108K, paused 16ms, total 16ms
07-11 11:33:29.867 I/dalvikvm-heap( 7462): Grow heap (frag case) to 13.807MB for 4194320-byte allocation
07-11 11:33:29.898 D/dalvikvm( 7462): GC_FOR_ALLOC freed 0K, 1% free 14105K/14208K, paused 26ms, total 26ms
07-11 11:33:29.929 D/dalvikvm( 7462): GC_CONCURRENT freed 0K, 1% free 14105K/14208K, paused 3ms+2ms, total 36ms
0