07-14 12:55:32.737 W/MountService(  374): getVolumeState(/mnt/ext_sdcard): Unknown volume
07-14 12:55:32.737 W/MountService(  374): getVolumeState(/mnt/sdcard2): Unknown volume
07-14 12:55:32.737 W/MountService(  374): getVolumeState(/mnt/emmc): Unknown volume
07-14 12:55:32.744 W/MountService(  374): getVolumeState(/mnt/extSdCard): Unknown volume
07-14 12:55:32.744 W/MountService(  374): getVolumeState(/mnt/sdcard/SD_CARD): Unknown volume
07-14 12:55:32.744 W/MountService(  374): getVolumeState(/mnt/sdcard/extra_sd): Unknown volume
07-14 12:55:32.752 W/MountService(  374): getVolumeState(/mnt/extrasd_bind): Unknown volume
07-14 12:55:32.752 W/MountService(  374): getVolumeState(/mnt/sdcard/ext_sd): Unknown volume
07-14 12:55:32.752 W/MountService(  374): getVolumeState(/storage/extSdCard): Unknown volume
07-14 12:55:32.752 W/MountService(  374): getVolumeState(/storage/sdcard1): Unknown volume
07-14 12:55:32.752 W/MountService(  374): getVolumeState(/mnt/sdcard/external_SD): Unknown volume
07-14 12:55:32.752 W/MountService(  374): getVolumeState(/mnt/sdcard/external_sd): Unknown volume
07-14 12:55:33.877 I/PowerManagerService(  374): Going to sleep due to screen timeout...
07-14 12:55:33.893 I/PowerManagerService(  374): Waking up from sleep...
07-14 12:55:34.315 D/PhoneStatusBar(  450): disable: < expand icons alerts ticker system_info back home RECENT* clock search >
07-14 12:55:34.627 D/PhoneStatusBar(  450): disable: < expand icons alerts ticker system_info BACK* HOME* RECENT CLOCK* search >
07-14 12:55:34.674 I/WindowManager(  374): Lock screen displayed!
07-14 12:55:49.323 I/PowerManagerService(  374): Going to sleep due to screen timeout...
07-14 12:56:08.244 I/PowerManagerService(  374): Waking up from sleep...
07-14 12:56:08.283 I/WindowManager(  374): Lock screen displayed!
07-14 12:56:10.510 D/PhoneStatusBar(  450): disable: < expand icons alerts ticker system_info BACK HOME recent* CLOCK search >
07-14 12:56:10.588 D/PhoneStatusBar(  450): disable: < expand icons alerts ticker system_info back* home* recent clock* search >
07-14 12:56:10.612 W/InputMethodManagerService(  374): Window already focused, ignoring focus gain of: com.android.internal.view.IInputMethodClient$Stub$Proxy@42f3ab50 attribute=android.view.inputmethod.EditorInfo@42f48dd8, token = android.os.BinderProxy@431501e8
07-14 12:56:26.276 I/PowerManagerService(  374): Going to sleep due to screen timeout...
07-14 12:56:27.408 D/PhoneStatusBar(  450): disable: < expand icons alerts ticker system_info back home RECENT* clock search >
07-14 12:56:27.588 D/PhoneStatusBar(  450): disable: < expand icons alerts ticker system_info BACK* HOME* RECENT CLOCK* search >
07-14 12:56:32.385 W/MountService(  374): getVolumeState(/storage/emulated/0/external_sd): Unknown volume
07-14 12:56:32.385 W/MountService(  374): getVolumeState(/mnt/sdcard-ext): Unknown volume
07-14 12:56:32.385 W/MountService(  374): getVolumeState(/mnt/ext_sdcard): Unknown volume
07-14 12:56:32.385 W/MountService(  374): getVolumeState(/mnt/sdcard2): Unknown volume
07-14 12:56:32.385 W/MountService(  374): getVolumeState(/mnt/emmc): Unknown volume
07-14 12:56:32.385 W/MountService(  374): getVolumeState(/mnt/extSdCard): Unknown volume
07-14 12:56:32.385 W/MountService(  374): getVolumeState(/mnt/sdcard/SD_CARD): Unknown volume
07-14 12:56:32.393 W/MountService(  374): getVolumeState(/mnt/sdcard/extra_sd): Unknown volume
07-14 12:56:32.393 W/MountService(  374): getVolumeState(/mnt/extrasd_bind): Unknown volume
07-14 12:56:32.393 W/MountService(  374): getVolumeState(/mnt/sdcard/ext_sd): Unknown volume
07-14 12:56:32.393 W/MountService(  374): getVolumeState(/storage/extSdCard): Unknown volume
07-14 12:56:32.393 W/MountService(  374): getVolumeState(/storage/sdcard1): Unknown volume
07-14 12:56:32.393 W/MountService(  374): getVolumeState(/mnt/sdcard/external_SD): Unknown volume
07-14 12:56:32.393 W/MountService(  374): getVolumeState(/mnt/sdcard/external_sd): Unknown volume
07-14 12:56:32.643 W/MountService(  374): getVolumeState(/storage/emulated/0/external_sd): Unknown volume
07-14 12:56:32.643 W/MountService(  374): getVolumeState(/mnt/sdcard-ext): Unknown volume
07-14 12:56:32.643 W/MountService(  374): getVolumeState(/mnt/ext_sdcard): Unknown volume
07-14 12:56:32.643 W/MountService(  374): getVolumeState(/mnt/sdcard2): Unknown volume
07-14 12:56:32.643 W/MountService(  374): getVolumeState(/mnt/emmc): Unknown volume
07-14 12:56:32.651 W/MountService(  374): getVolumeState(/mnt/extSdCard): Unknown volume
07-14 12:56:32.651 W/MountService(  374): getVolumeState(/mnt/sdcard/SD_CARD): Unknown volume
07-14 12:56:32.651 W/MountService(  374): getVolumeState(/mnt/sdcard/extra_sd): Unknown volume
07-14 12:56:32.651 W/MountService(  374): getVolumeState(/mnt/extrasd_bind): Unknown volume
07-14 12:56:32.651 W/MountService(  374): getVolumeState(/mnt/sdcard/ext_sd): Unknown volume
07-14 12:56:32.651 W/MountService(  374): getVolumeState(/storage/extSdCard): Unknown volume
07-14 12:56:32.651 W/MountService(  374): getVolumeState(/storage/sdcard1): Unknown volume
07-14 12:56:32.651 W/MountService(  374): getVolumeState(/mnt/sdcard/external_SD): Unknown volume
07-14 12:56:32.658 W/MountService(  374): getVolumeState(/mnt/sdcard/external_sd): Unknown volume
07-14 12:56:49.049 I/PowerManagerService(  374): Waking up from sleep...
07-14 12:56:49.088 I/WindowManager(  374): Lock screen displayed!
07-14 12:56:51.291 D/PhoneStatusBar(  450): disable: < expand icons alerts ticker system_info BACK HOME recent* CLOCK search >
07-14 12:56:51.362 D/PhoneStatusBar(  450): disable: < expand icons alerts ticker system_info back* home* recent clock* search >
07-14 12:56:51.424 W/InputMethodManagerService(  374): Window already focused, ignoring focus gain of: com.android.internal.view.IInputMethodClient$Stub$Proxy@42fae710 attribute=android.view.inputmethod.EditorInfo@42fe4f00, token = android.os.BinderProxy@431501e8
07-14 12:57:07.346 I/PowerManagerService(  374): Going to sleep due to screen timeout...
07-14 12:57:08.119 I/ActivityManager(  374): No longer want com.google.android.apps.maps:LocationFriendService (pid 6118): empty for 1800s
07-14 12:57:08.119 I/ActivityManager(  374): No longer want com.google.android.apps.maps:GoogleLocationService (pid 5005): empty for 2107s
07-14 12:57:08.198 W/ActivityManager(  374): Scheduling restart of crashed service com.google.android.apps.maps/com.google.android.location.internal.server.GoogleLocationService in 5000ms
07-14 12:57:08.307 D/PhoneStatusBar(  450): disable: < expand icons alerts ticker system_info back home RECENT* clock search >
07-14 12:57:08.448 D/PhoneStatusBar(  450): disable: < expand icons alerts ticker system_info BACK* HOME* RECENT CLOCK* search >
07-14 12:57:08.487 W/BroadcastQueue(  374): Failure sending broadcast Intent { act=android.intent.action.SCREEN_OFF flg=0x50000010 }
07-14 12:57:08.487 W/BroadcastQueue(  374): android.os.DeadObjectException
07-14 12:57:08.487 W/BroadcastQueue(  374): 	at android.os.BinderProxy.transact(Native Method)
07-14 12:57:08.487 W/BroadcastQueue(  374): 	at android.content.IIntentReceiver$Stub$Proxy.performReceive(IIntentReceiver.java:124)
07-14 12:57:08.487 W/BroadcastQueue(  374): 	at com.android.server.am.BroadcastQueue.performReceiveLocked(BroadcastQueue.java:376)
07-14 12:57:08.487 W/BroadcastQueue(  374): 	at com.android.server.am.BroadcastQueue.deliverToRegisteredReceiverLocked(BroadcastQueue.java:449)
07-14 12:57:08.487 W/BroadcastQueue(  374): 	at com.android.server.am.BroadcastQueue.processNextBroadcast(BroadcastQueue.java:656)
07-14 12:57:08.487 W/BroadcastQueue(  374): 	at com.android.server.am.ActivityManagerService.finishReceiver(ActivityManagerService.java:12390)
07-14 12:57:08.487 W/BroadcastQueue(  374): 	at android.app.ActivityManagerNative.onTransact(ActivityManagerNative.java:379)
07-14 12:57:08.487 W/BroadcastQueue(  374): 	at com.android.server.am.ActivityManagerService.onTransact(ActivityManagerService.java:1737)
07-14 12:57:08.487 W/BroadcastQueue(  374): 	at android.os.Binder.execTransact(Binder.java:388)
07-14 12:57:08.487 W/BroadcastQueue(  374): 	at dalvik.system.NativeStart.run(Native Method)
07-14 12:57:13.221 I/ActivityManager(  374): Start proc com.google.android.apps.maps:GoogleLocationService for service com.google.android.apps.maps/com.google.android.location.internal.server.GoogleLocationService: pid=10096 uid=10038 gids={50038, 3003, 1015, 1028}
07-14 12:57:14.135 I/ActivityManager(  374): Start proc com.google.android.apps.maps:FriendService for broadcast com.google.android.apps.maps/com.google.googlenav.friend.android.ServiceReceiver: pid=10117 uid=10038 gids={50038, 3003, 1015, 1028}
07-14 12:57:14.268 W/ActivityManager(  374): Permission denied: checkComponentPermission() owningUid=10009
07-14 12:57:14.268 W/BroadcastQueue(  374): Permission Denial: broadcasting Intent { act=com.google.android.location.internal.server.ACTION_RESTARTED flg=0x10 } from com.google.android.apps.maps (pid=10096, uid=10038) is not exported from uid 10009 due to receiver com.google.android.gms/com.google.android.location.reporting.service.ExternalChangeReceiver
07-14 12:57:14.268 I/ActivityManager(  374): No longer want com.google.android.calendar (pid 6603): empty #17
07-14 12:57:14.283 I/ActivityManager(  374): Start proc com.google.android.apps.maps:LocationFriendService for broadcast com.google.android.apps.maps/com.google.googlenav.friend.reporting.LocationReportingIntentReceiver: pid=10129 uid=10038 gids={50038, 3003, 1015, 1028}
07-14 12:57:14.463 I/ActivityManager(  374): No longer want com.google.android.gallery3d (pid 6854): empty #17
07-14 12:57:24.494 I/PowerManagerService(  374): Waking up from sleep...
07-14 12:57:24.518 I/ActivityManager(  374): No longer want com.android.keychain (pid 6877): empty #17
07-14 12:57:24.533 I/WindowManager(  374): Lock screen displayed!
07-14 12:57:26.690 D/PhoneStatusBar(  450): disable: < expand icons alerts ticker system_info BACK HOME recent* CLOCK search >
07-14 12:57:26.776 D/PhoneStatusBar(  450): disable: < expand icons alerts ticker system_info back* home* recent clock* search >
07-14 12:57:26.776 W/InputMethodManagerService(  374): Window already focused, ignoring focus gain of: com.android.internal.view.IInputMethodClient$Stub$Proxy@42c42e00 attribute=android.view.inputmethod.EditorInfo@42dcedd8, token = android.os.BinderProxy@431501e8
07-14 12:57:32.494 W/MountService(  374): getVolumeState(/storage/emulated/0/external_sd): Unknown volume
07-14 12:57:32.494 W/MountService(  374): getVolumeState(/mnt/sdcard-ext): Unknown volume
07-14 12:57:32.494 W/MountService(  374): getVolumeState(/mnt/ext_sdcard): Unknown volume
07-14 12:57:32.494 W/MountService(  374): getVolumeState(/mnt/sdcard2): Unknown volume
07-14 12:57:32.494 W/MountService(  374): getVolumeState(/mnt/emmc): Unknown volume
07-14 12:57:32.494 W/MountService(  374): getVolumeState(/mnt/extSdCard): Unknown volume
07-14 12:57:32.502 W/MountService(  374): getVolumeState(/mnt/sdcard/SD_CARD): Unknown volume
07-14 12:57:32.502 W/MountService(  374): getVolumeState(/mnt/sdcard/extra_sd): Unknown volume
07-14 12:57:32.502 W/MountService(  374): getVolumeState(/mnt/extrasd_bind): Unknown volume
07-14 12:57:32.502 W/MountService(  374): getVolumeState(/mnt/sdcard/ext_sd): Unknown volume
07-14 12:57:32.502 W/MountService(  374): getVolumeState(/storage/extSdCard): Unknown volume
07-14 12:57:32.502 W/MountService(  374): getVolumeState(/storage/sdcard1): Unknown volume
07-14 12:57:32.502 W/MountService(  374): getVolumeState(/mnt/sdcard/external_SD): Unknown volume
07-14 12:57:32.502 W/MountService(  374): getVolumeState(/mnt/sdcard/external_sd): Unknown volume
07-14 12:57:32.744 W/MountService(  374): getVolumeState(/storage/emulated/0/external_sd): Unknown volume
07-14 12:57:32.744 W/MountService(  374): getVolumeState(/mnt/sdcard-ext): Unknown volume
07-14 12:57:32.744 W/MountService(  374): getVolumeState(/mnt/ext_sdcard): Unknown volume
07-14 12:57:32.744 W/MountService(  374): getVolumeState(/mnt/sdcard2): Unknown volume
07-14 12:57:32.744 W/MountService(  374): getVolumeState(/mnt/emmc): Unknown volume
07-14 12:57:32.752 W/MountService(  374): getVolumeState(/mnt/extSdCard): Unknown volume
07-14 12:57:32.752 W/MountService(  374): getVolumeState(/mnt/sdcard/SD_CARD): Unknown volume
07-14 12:57:32.752 W/MountService(  374): getVolumeState(/mnt/sdcard/extra_sd): Unknown volume
07-14 12:57:32.752 W/MountService(  374): getVolumeState(/mnt/extrasd_bind): Unknown volume
07-14 12:57:32.752 W/MountService(  374): getVolumeState(/mnt/sdcard/ext_sd): Unknown volume
07-14 12:57:32.752 W/MountService(  374): getVolumeState(/storage/extSdCard): Unknown volume
07-14 12:57:32.752 W/MountService(  374): getVolumeState(/storage/sdcard1): Unknown volume
07-14 12:57:32.752 W/MountService(  374): getVolumeState(/mnt/sdcard/external_SD): Unknown volume
07-14 12:57:32.752 W/MountService(  374): getVolumeState(/mnt/sdcard/external_sd): Unknown volume
07-14 12:57:42.471 I/PowerManagerService(  374): Going to sleep due to screen timeout...
07-14 12:57:43.760 D/PhoneStatusBar(  450): disable: < expand icons alerts ticker system_info back home RECENT* clock search >
07-14 12:57:43.940 D/PhoneStatusBar(  450): disable: < expand icons alerts ticker system_info BACK* HOME* RECENT CLOCK* search >
07-14 12:58:32.658 W/MountService(  374): getVolumeState(/storage/emulated/0/external_sd): Unknown volume
07-14 12:58:32.666 W/MountService(  374): getVolumeState(/mnt/sdcard-ext): Unknown volume
07-14 12:58:32.666 W/MountService(  374): getVolumeState(/mnt/ext_sdcard): Unknown volume
07-14 12:58:32.666 W/MountService(  374): getVolumeState(/mnt/sdcard2): Unknown volume
07-14 12:58:32.666 W/MountService(  374): getVolumeState(/mnt/emmc): Unknown volume
07-14 12:58:32.666 W/MountService(  374): getVolumeState(/mnt/extSdCard): Unknown volume
07-14 12:58:32.666 W/MountService(  374): getVolumeState(/mnt/sdcard/SD_CARD): Unknown volume
07-14 12:58:32.666 W/MountService(  374): getVolumeState(/mnt/sdcard/extra_sd): Unknown volume
07-14 12:58:32.674 W/MountService(  374): getVolumeState(/mnt/extrasd_bind): Unknown volume
07-14 12:58:32.674 W/MountService(  374): getVolumeState(/mnt/sdcard/ext_sd): Unknown volume
07-14 12:58:32.674 W/MountService(  374): getVolumeState(/storage/extSdCard): Unknown volume
07-14 12:58:32.674 W/MountService(  374): getVolumeState(/storage/sdcard1): Unknown volume
07-14 12:58:32.674 W/MountService(  374): getVolumeState(/mnt/sdcard/external_SD): Unknown volume
07-14 12:58:32.674 W/MountService(  374): getVolumeState(/mnt/sdcard/external_sd): Unknown volume
07-14 12:58:32.908 W/MountService(  374): getVolumeState(/storage/emulated/0/external_sd): Unknown volume
07-14 12:58:32.908 W/MountService(  374): getVolumeState(/mnt/sdcard-ext): Unknown volume
07-14 12:58:32.908 W/MountService(  374): getVolumeState(/mnt/ext_sdcard): Unknown volume
07-14 12:58:32.908 W/MountService(  374): getVolumeState(/mnt/sdcard2): Unknown volume
07-14 12:58:32.916 W/MountService(  374): getVolumeState(/mnt/emmc): Unknown volume
07-14 12:58:32.916 W/MountService(  374): getVolumeState(/mnt/extSdCard): Unknown volume
07-14 12:58:32.916 W/MountService(  374): getVolumeState(/mnt/sdcard/SD_CARD): Unknown volume
07-14 12:58:32.916 W/MountService(  374): getVolumeState(/mnt/sdcard/extra_sd): Unknown volume
07-14 12:58:32.916 W/MountService(  374): getVolumeState(/mnt/extrasd_bind): Unknown volume
07-14 12:58:32.916 W/MountService(  374): getVolumeState(/mnt/sdcard/ext_sd): Unknown volume
07-14 12:58:32.916 W/MountService(  374): getVolumeState(/storage/extSdCard): Unknown volume
07-14 12:58:32.916 W/MountService(  374): getVolumeState(/storage/sdcard1): Unknown volume
07-14 12:58:32.916 W/MountService(  374): getVolumeState(/mnt/sdcard/external_SD): Unknown volume
07-14 12:58:32.916 W/MountService(  374): getVolumeState(/mnt/sdcard/external_sd): Unknown volume
07-14 12:59:32.690 W/MountService(  374): getVolumeState(/storage/emulated/0/external_sd): Unknown volume
07-14 12:59:32.690 W/MountService(  374): getVolumeState(/mnt/sdcard-ext): Unknown volume
07-14 12:59:32.690 W/MountService(  374): getVolumeState(/mnt/ext_sdcard): Unknown volume
07-14 12:59:32.690 W/MountService(  374): getVolumeState(/mnt/sdcard2): Unknown volume
07-14 12:59:32.690 W/MountService(  374): getVolumeState(/mnt/emmc): Unknown volume
07-14 12:59:32.690 W/MountService(  374): getVolumeState(/mnt/extSdCard): Unknown volume
07-14 12:59:32.690 W/MountService(  374): getVolumeState(/mnt/sdcard/SD_CARD): Unknown volume
07-14 12:59:32.690 W/MountService(  374): getVolumeState(/mnt/sdcard/extra_sd): Unknown volume
07-14 12:59:32.690 W/MountService(  374): getVolumeState(/mnt/extrasd_bind): Unknown volume
07-14 12:59:32.690 W/MountService(  374): getVolumeState(/mnt/sdcard/ext_sd): Unknown volume
07-14 12:59:32.690 W/MountService(  374): getVolumeState(/storage/extSdCard): Unknown volume
07-14 12:59:32.690 W/MountService(  374): getVolumeState(/storage/sdcard1): Unknown volume
07-14 12:59:32.697 W/MountService(  374): getVolumeState(/mnt/sdcard/external_SD): Unknown volume
07-14 12:59:32.697 W/MountService(  374): getVolumeState(/mnt/sdcard/external_sd): Unknown volume
07-14 12:59:32.783 I/ActivityManager(  374): No longer want com.google.android.googlequicksearchbox (pid 3281): empty for 1804s
07-14 12:59:32.783 I/ActivityManager(  374): No longer want com.dragon.android.pandaspace:bdservice_v1 (pid 5090): empty for 1804s
07-14 12:59:32.783 I/ActivityManager(  374): No longer want com.qihoo.root (pid 6911): empty for 1804s
07-14 12:59:32.783 I/ActivityManager(  374): No longer want com.noshufou.android.su (pid 5723): empty for 1804s
07-14 12:59:32.783 I/ActivityManager(  374): No longer want net.nurik.roman.dashclock (pid 5782): empty for 1804s
07-14 12:59:32.783 I/ActivityManager(  374): No longer want com.google.android.gms (pid 3453): empty for 1804s
07-14 12:59:32.783 I/ActivityManager(  374): No longer want com.google.android.apps.plus (pid 2193): empty for 1805s
07-14 12:59:32.783 I/ActivityManager(  374): No longer want com.android.musicfx (pid 5668): empty for 1805s
07-14 12:59:32.893 W/ActivityManager(  374): Scheduling restart of crashed service net.nurik.roman.dashclock/com.google.android.apps.dashclock.DashClockService in 5000ms
07-14 12:59:32.893 W/ActivityManager(  374): Scheduling restart of crashed service com.dragon.android.pandaspace/com.baidu.android.moplus.MoPlusService in 14999ms
07-14 12:59:32.971 W/MountService(  374): getVolumeState(/storage/emulated/0/external_sd): Unknown volume
07-14 12:59:32.971 W/MountService(  374): getVolumeState(/mnt/sdcard-ext): Unknown volume
07-14 12:59:32.971 W/MountService(  374): getVolumeState(/mnt/ext_sdcard): Unknown volume
07-14 12:59:32.971 W/MountService(  374): getVolumeState(/mnt/sdcard2): Unknown volume
07-14 12:59:32.971 W/MountService(  374): getVolumeState(/mnt/emmc): Unknown volume
07-14 12:59:32.971 W/MountService(  374): getVolumeState(/mnt/extSdCard): Unknown volume
07-14 12:59:32.971 W/MountService(  374): getVolumeState(/mnt/sdcard/SD_CARD): Unknown volume
07-14 12:59:32.971 W/MountService(  374): getVolumeState(/mnt/sdcard/extra_sd): Unknown volume
07-14 12:59:32.971 W/MountService(  374): getVolumeState(/mnt/extrasd_bind): Unknown volume
07-14 12:59:32.971 W/MountService(  374): getVolumeState(/mnt/sdcard/ext_sd): Unknown volume
07-14 12:59:32.971 W/MountService(  374): getVolumeState(/storage/extSdCard): Unknown volume
07-14 12:59:32.971 W/MountService(  374): getVolumeState(/storage/sdcard1): Unknown volume
07-14 12:59:32.979 W/MountService(  374): getVolumeState(/mnt/sdcard/external_SD): Unknown volume
07-14 12:59:32.979 W/MountService(  374): getVolumeState(/mnt/sdcard/external_sd): Unknown volume
07-14 12:59:37.916 I/ActivityManager(  374): Start proc net.nurik.roman.dashclock for service net.nurik.roman.dashclock/com.google.android.apps.dashclock.DashClockService: pid=10216 uid=10070 gids={50070, 3003, 1028}
07-14 12:59:47.924 I/ActivityManager(  374): Start proc com.dragon.android.pandaspace:bdservice_v1 for service com.dragon.android.pandaspace/com.baidu.android.moplus.MoPlusService: pid=10236 uid=10081 gids={50081, 1015, 3003, 1006, 1028}
07-14 12:59:47.948 I/ActivityManager(  374): No longer want com.android.defcontainer (pid 2914): empty for 1805s
07-14 12:59:47.948 I/ActivityManager(  374): No longer want com.android.vending (pid 1174): empty for 1805s
07-14 12:59:47.963 W/ActivityManager(  374): Scheduling restart of crashed service com.android.vending/com.google.android.finsky.services.DailyHygiene in 5000ms
07-14 12:59:54.580 W/BackupManagerService(  374): dataChanged but no participant pkg='com.android.providers.settings' uid=10079
07-14 13:00:32.752 W/MountService(  374): getVolumeState(/storage/emulated/0/external_sd): Unknown volume
07-14 13:00:32.760 W/MountService(  374): getVolumeState(/mnt/sdcard-ext): Unknown volume
07-14 13:00:32.760 W/MountService(  374): getVolumeState(/mnt/ext_sdcard): Unknown volume
07-14 13:00:32.760 W/MountService(  374): getVolumeState(/mnt/sdcard2): Unknown volume
07-14 13:00:32.760 W/MountService(  374): getVolumeState(/mnt/emmc): Unknown volume
07-14 13:00:32.760 W/MountService(  374): getVolumeState(/mnt/extSdCard): Unknown volume
07-14 13:00:32.760 W/MountService(  374): getVolumeState(/mnt/sdcard/SD_CARD): Unknown volume
07-14 13:00:32.760 W/MountService(  374): getVolumeState(/mnt/sdcard/extra_sd): Unknown volume
07-14 13:00:32.760 W/MountService(  374): getVolumeState(/mnt/extrasd_bind): Unknown volume
07-14 13:00:32.760 W/MountService(  374): getVolumeState(/mnt/sdcard/ext_sd): Unknown volume
07-14 13:00:32.760 W/MountService(  374): getVolumeState(/storage/extSdCard): Unknown volume
07-14 13:00:32.760 W/MountService(  374): getVolumeState(/storage/sdcard1): Unknown volume
07-14 13:00:32.760 W/MountService(  374): getVolumeState(/mnt/sdcard/external_SD): Unknown volume
07-14 13:00:32.768 W/MountService(  374): getVolumeState(/mnt/sdcard/external_sd): Unknown volume
07-14 13:00:33.002 W/MountService(  374): getVolumeState(/storage/emulated/0/external_sd): Unknown volume
07-14 13:00:33.002 W/MountService(  374): getVolumeState(/mnt/sdcard-ext): Unknown volume
07-14 13:00:33.002 W/MountService(  374): getVolumeState(/mnt/ext_sdcard): Unknown volume
07-14 13:00:33.002 W/MountService(  374): getVolumeState(/mnt/sdcard2): Unknown volume
07-14 13:00:33.002 W/MountService(  374): getVolumeState(/mnt/emmc): Unknown volume
07-14 13:00:33.010 W/MountService(  374): getVolumeState(/mnt/extSdCard): Unknown volume
07-14 13:00:33.010 W/MountService(  374): getVolumeState(/mnt/sdcard/SD_CARD): Unknown volume
07-14 13:00:33.010 W/MountService(  374): getVolumeState(/mnt/sdcard/extra_sd): Unknown volume
07-14 13:00:33.010 W/MountService(  374): getVolumeState(/mnt/extrasd_bind): Unknown volume
07-14 13:00:33.010 W/MountService(  374): getVolumeState(/mnt/sdcard/ext_sd): Unknown volume
07-14 13:00:33.010 W/MountService(  374): getVolumeState(/storage/extSdCard): Unknown volume
07-14 13:00:33.010 W/MountService(  374): getVolumeState(/storage/sdcard1): Unknown volume
07-14 13:00:33.010 W/MountService(  374): getVolumeState(/mnt/sdcard/external_SD): Unknown volume
07-14 13:00:33.010 W/MountService(  374): getVolumeState(/mnt/sdcard/external_sd): Unknown volume
07-14 13:00:43.901 I/ActivityManager(  374): Start proc com.android.defcontainer for service com.android.defcontainer/.DefaultContainerService: pid=10278 uid=10012 gids={50012, 1015, 1023, 2001, 1028}
07-14 13:00:43.979 W/MountService(  374): getVolumeState(/storage/emulated/0/external_sd): Unknown volume
07-14 13:00:43.979 W/MountService(  374): getVolumeState(/mnt/sdcard-ext): Unknown volume
07-14 13:00:43.979 W/MountService(  374): getVolumeState(/mnt/ext_sdcard): Unknown volume
07-14 13:00:43.987 W/MountService(  374): getVolumeState(/mnt/sdcard2): Unknown volume
07-14 13:00:43.987 W/MountService(  374): getVolumeState(/mnt/emmc): Unknown volume
07-14 13:00:43.987 W/MountService(  374): getVolumeState(/mnt/extSdCard): Unknown volume
07-14 13:00:43.987 W/MountService(  374): getVolumeState(/mnt/sdcard/SD_CARD): Unknown volume
07-14 13:00:43.987 W/MountService(  374): getVolumeState(/mnt/sdcard/extra_sd): Unknown volume
07-14 13:00:43.987 W/MountService(  374): getVolumeState(/mnt/extrasd_bind): Unknown volume
07-14 13:00:43.987 W/MountService(  374): getVolumeState(/mnt/sdcard/ext_sd): Unknown volume
07-14 13:00:43.994 W/MountService(  374): getVolumeState(/storage/extSdCard): Unknown volume
07-14 13:00:43.994 W/MountService(  374): getVolumeState(/storage/sdcard1): Unknown volume
07-14 13:00:43.994 W/MountService(  374): getVolumeState(/mnt/sdcard/external_SD): Unknown volume
07-14 13:00:43.994 W/MountService(  374): getVolumeState(/mnt/sdcard/external_sd): Unknown volume
07-14 13:00:44.041 I/ActivityManager(  374): Start proc com.pekall.emdm:remote for service com.pekall.emdm/com.baidu.location.f: pid=10292 uid=10066 gids={50066, 1015, 3002, 3001, 3003, 1028}
07-14 13:00:44.291 W/PackageParser( 2060): Unknown element under <application>: intent-filter at /storage/emulated/0/360MobileSafe_5.2.3.1061.apk Binary XML file line #1165
07-14 13:00:44.291 W/PackageParser( 2060): Unknown element under <application>: intent-filter at /storage/emulated/0/360MobileSafe_5.2.3.1061.apk Binary XML file line #1423
07-14 13:00:44.338 D/ActivityThread(10292): Loading provider com.pekall.semail.provider;com.pekall.semail.notifier: com.pekall.semail.provider.EmailProvider
07-14 13:00:44.362 D/ActivityThread(10292): Loading provider com.pekall.semail.provider;com.pekall.semail.notifier: com.pekall.semail.provider.EmailProvider
07-14 13:00:44.901 W/PackageParser( 2060): No actions in intent filter at /storage/emulated/0/Download/emmp.apk Binary XML file line #687
07-14 13:00:45.174 I/ActivityManager(  374): Process com.pekall.emdm:remote (pid 10292) has died.
07-14 13:00:45.182 W/PackageParser( 2060): No actions in intent filter at /storage/emulated/0/Download/emmp-1.apk Binary XML file line #687
07-14 13:00:45.674 W/PackageParser( 2060): No actions in intent filter at /storage/emulated/0/360Download/Pekall.apk Binary XML file line #685
07-14 13:00:46.088 W/MountService(  374): getVolumeState(/storage/emulated/0/external_sd): Unknown volume
07-14 13:00:46.096 W/MountService(  374): getVolumeState(/mnt/sdcard-ext): Unknown volume
07-14 13:00:46.096 W/MountService(  374): getVolumeState(/mnt/ext_sdcard): Unknown volume
07-14 13:00:46.096 W/MountService(  374): getVolumeState(/mnt/sdcard2): Unknown volume
07-14 13:00:46.096 W/MountService(  374): getVolumeState(/mnt/emmc): Unknown volume
07-14 13:00:46.096 W/MountService(  374): getVolumeState(/mnt/extSdCard): Unknown volume
07-14 13:00:46.096 W/MountService(  374): getVolumeState(/mnt/sdcard/SD_CARD): Unknown volume
07-14 13:00:46.096 W/MountService(  374): getVolumeState(/mnt/sdcard/extra_sd): Unknown volume
07-14 13:00:46.096 W/MountService(  374): getVolumeState(/mnt/extrasd_bind): Unknown volume
07-14 13:00:46.096 W/MountService(  374): getVolumeState(/mnt/sdcard/ext_sd): Unknown volume
07-14 13:00:46.096 W/MountService(  374): getVolumeState(/storage/extSdCard): Unknown volume
07-14 13:00:46.096 W/MountService(  374): getVolumeState(/storage/sdcard1): Unknown volume
07-14 13:00:46.104 W/MountService(  374): getVolumeState(/mnt/sdcard/external_SD): Unknown volume
07-14 13:00:46.104 W/MountService(  374): getVolumeState(/mnt/sdcard/external_sd): Unknown volume
07-14 13:01:32.783 W/MountService(  374): getVolumeState(/storage/emulated/0/external_sd): Unknown volume
07-14 13:01:32.791 W/MountService(  374): getVolumeState(/mnt/sdcard-ext): Unknown volume
07-14 13:01:32.791 W/MountService(  374): getVolumeState(/mnt/ext_sdcard): Unknown volume
07-14 13:01:32.791 W/MountService(  374): getVolumeState(/mnt/sdcard2): Unknown volume
07-14 13:01:32.799 W/MountService(  374): getVolumeState(/mnt/emmc): Unknown volume
07-14 13:01:32.799 W/MountService(  374): getVolumeState(/mnt/extSdCard): Unknown volume
07-14 13:01:32.799 W/MountService(  374): getVolumeState(/mnt/sdcard/SD_CARD): Unknown volume
07-14 13:01:32.799 W/MountService(  374): getVolumeState(/mnt/sdcard/extra_sd): Unknown volume
07-14 13:01:32.799 W/MountService(  374): getVolumeState(/mnt/extrasd_bind): Unknown volume
07-14 13:01:32.799 W/MountService(  374): getVolumeState(/mnt/sdcard/ext_sd): Unknown volume
07-14 13:01:32.799 W/MountService(  374): getVolumeState(/storage/extSdCard): Unknown volume
07-14 13:01:32.799 W/MountService(  374): getVolumeState(/storage/sdcard1): Unknown volume
07-14 13:01:32.799 W/MountService(  374): getVolumeState(/mnt/sdcard/external_SD): Unknown volume
07-14 13:01:32.799 W/MountService(  374): getVolumeState(/mnt/sdcard/external_sd): Unknown volume
07-14 13:01:33.166 W/MountService(  374): getVolumeState(/storage/emulated/0/external_sd): Unknown volume
07-14 13:01:33.166 W/MountService(  374): getVolumeState(/mnt/sdcard-ext): Unknown volume
07-14 13:01:33.166 W/MountService(  374): getVolumeState(/mnt/ext_sdcard): Unknown volume
07-14 13:01:33.166 W/MountService(  374): getVolumeState(/mnt/sdcard2): Unknown volume
07-14 13:01:33.166 W/MountService(  374): getVolumeState(/mnt/emmc): Unknown volume
07-14 13:01:33.166 W/MountService(  374): getVolumeState(/mnt/extSdCard): Unknown volume
07-14 13:01:33.174 W/MountService(  374): getVolumeState(/mnt/sdcard/SD_CARD): Unknown volume
07-14 13:01:33.174 W/MountService(  374): getVolumeState(/mnt/sdcard/extra_sd): Unknown volume
07-14 13:01:33.174 W/MountService(  374): getVolumeState(/mnt/extrasd_bind): Unknown volume
07-14 13:01:33.174 W/MountService(  374): getVolumeState(/mnt/sdcard/ext_sd): Unknown volume
07-14 13:01:33.174 W/MountService(  374): getVolumeState(/storage/extSdCard): Unknown volume
07-14 13:01:33.174 W/MountService(  374): getVolumeState(/storage/sdcard1): Unknown volume
07-14 13:01:33.174 W/MountService(  374): getVolumeState(/mnt/sdcard/external_SD): Unknown volume
07-14 13:01:33.174 W/MountService(  374): getVolumeState(/mnt/sdcard/external_sd): Unknown volume
07-14 13:02:32.823 W/MountService(  374): getVolumeState(/storage/emulated/0/external_sd): Unknown volume
07-14 13:02:32.823 W/MountService(  374): getVolumeState(/mnt/sdcard-ext): Unknown volume
07-14 13:02:32.823 W/MountService(  374): getVolumeState(/mnt/ext_sdcard): Unknown volume
07-14 13:02:32.823 W/MountService(  374): getVolumeState(/mnt/sdcard2): Unknown volume
07-14 13:02:32.823 W/MountService(  374): getVolumeState(/mnt/emmc): Unknown volume
07-14 13:02:32.823 W/MountService(  374): getVolumeState(/mnt/extSdCard): Unknown volume
07-14 13:02:32.823 W/MountService(  374): getVolumeState(/mnt/sdcard/SD_CARD): Unknown volume
07-14 13:02:32.823 W/MountService(  374): getVolumeState(/mnt/sdcard/extra_sd): Unknown volume
07-14 13:02:32.823 W/MountService(  374): getVolumeState(/mnt/extrasd_bind): Unknown volume
07-14 13:02:32.823 W/MountService(  374): getVolumeState(/mnt/sdcard/ext_sd): Unknown volume
07-14 13:02:32.823 W/MountService(  374): getVolumeState(/storage/extSdCard): Unknown volume
07-14 13:02:32.830 W/MountService(  374): getVolumeState(/storage/sdcard1): Unknown volume
07-14 13:02:32.830 W/MountService(  374): getVolumeState(/mnt/sdcard/external_SD): Unknown volume
07-14 13:02:32.830 W/MountService(  374): getVolumeState(/mnt/sdcard/external_sd): Unknown volume
07-14 13:02:33.065 W/MountService(  374): getVolumeState(/storage/emulated/0/external_sd): Unknown volume
07-14 13:02:33.065 W/MountService(  374): getVolumeState(/mnt/sdcard-ext): Unknown volume
07-14 13:02:33.065 W/MountService(  374): getVolumeState(/mnt/ext_sdcard): Unknown volume
07-14 13:02:33.073 W/MountService(  374): getVolumeState(/mnt/sdcard2): Unknown volume
07-14 13:02:33.073 W/MountService(  374): getVolumeState(/mnt/emmc): Unknown volume
07-14 13:02:33.073 W/MountService(  374): getVolumeState(/mnt/extSdCard): Unknown volume
07-14 13:02:33.073 W/MountService(  374): getVolumeState(/mnt/sdcard/SD_CARD): Unknown volume
07-14 13:02:33.073 W/MountService(  374): getVolumeState(/mnt/sdcard/extra_sd): Unknown volume
07-14 13:02:33.073 W/MountService(  374): getVolumeState(/mnt/extrasd_bind): Unknown volume
07-14 13:02:33.073 W/MountService(  374): getVolumeState(/mnt/sdcard/ext_sd): Unknown volume
07-14 13:02:33.073 W/MountService(  374): getVolumeState(/storage/extSdCard): Unknown volume
07-14 13:02:33.073 W/MountService(  374): getVolumeState(/storage/sdcard1): Unknown volume
07-14 13:02:33.073 W/MountService(  374): getVolumeState(/mnt/sdcard/external_SD): Unknown volume
07-14 13:02:33.073 W/MountService(  374): getVolumeState(/mnt/sdcard/external_sd): Unknown volume
07-14 13:03:32.948 W/MountService(  374): getVolumeState(/storage/emulated/0/external_sd): Unknown volume
07-14 13:03:32.948 W/MountService(  374): getVolumeState(/mnt/sdcard-ext): Unknown volume
07-14 13:03:32.955 W/MountService(  374): getVolumeState(/mnt/ext_sdcard): Unknown volume
07-14 13:03:32.955 W/MountService(  374): getVolumeState(/mnt/sdcard2): Unknown volume
07-14 13:03:32.955 W/MountService(  374): getVolumeState(/mnt/emmc): Unknown volume
07-14 13:03:32.955 W/MountService(  374): getVolumeState(/mnt/extSdCard): Unknown volume
07-14 13:03:32.955 W/MountService(  374): getVolumeState(/mnt/sdcard/SD_CARD): Unknown volume
07-14 13:03:32.955 W/MountService(  374): getVolumeState(/mnt/sdcard/extra_sd): Unknown volume
07-14 13:03:32.955 W/MountService(  374): getVolumeState(/mnt/extrasd_bind): Unknown volume
07-14 13:03:32.955 W/MountService(  374): getVolumeState(/mnt/sdcard/ext_sd): Unknown volume
07-14 13:03:32.955 W/MountService(  374): getVolumeState(/storage/extSdCard): Unknown volume
07-14 13:03:32.955 W/MountService(  374): getVolumeState(/storage/sdcard1): Unknown volume
07-14 13:03:32.955 W/MountService(  374): getVolumeState(/mnt/sdcard/external_SD): Unknown volume
07-14 13:03:32.955 W/MountService(  374): getVolumeState(/mnt/sdcard/external_sd): Unknown volume
07-14 13:03:33.198 W/MountService(  374): getVolumeState(/storage/emulated/0/external_sd): Unknown volume
07-14 13:03:33.205 W/MountService(  374): getVolumeState(/mnt/sdcard-ext): Unknown volume
07-14 13:03:33.205 W/MountService(  374): getVolumeState(/mnt/ext_sdcard): Unknown volume
07-14 13:03:33.205 W/MountService(  374): getVolumeState(/mnt/sdcard2): Unknown volume
07-14 13:03:33.205 W/MountService(  374): getVolumeState(/mnt/emmc): Unknown volume
07-14 13:03:33.205 W/MountService(  374): getVolumeState(/mnt/extSdCard): Unknown volume
07-14 13:03:33.205 W/MountService(  374): getVolumeState(/mnt/sdcard/SD_CARD): Unknown volume
07-14 13:03:33.205 W/MountService(  374): getVolumeState(/mnt/sdcard/extra_sd): Unknown volume
07-14 13:03:33.205 W/MountService(  374): getVolumeState(/mnt/extrasd_bind): Unknown volume
07-14 13:03:33.205 W/MountService(  374): getVolumeState(/mnt/sdcard/ext_sd): Unknown volume
07-14 13:03:33.213 W/MountService(  374): getVolumeState(/storage/extSdCard): Unknown volume
07-14 13:03:33.213 W/MountService(  374): getVolumeState(/storage/sdcard1): Unknown volume
07-14 13:03:33.213 W/MountService(  374): getVolumeState(/mnt/sdcard/external_SD): Unknown volume
07-14 13:03:33.213 W/MountService(  374): getVolumeState(/mnt/sdcard/external_sd): Unknown volume
07-14 13:04:33.033 W/MountService(  374): getVolumeState(/storage/emulated/0/external_sd): Unknown volume
07-14 13:04:33.041 W/MountService(  374): getVolumeState(/mnt/sdcard-ext): Unknown volume
07-14 13:04:33.041 W/MountService(  374): getVolumeState(/mnt/ext_sdcard): Unknown volume
07-14 13:04:33.041 W/MountService(  374): getVolumeState(/mnt/sdcard2): Unknown volume
07-14 13:04:33.041 W/MountService(  374): getVolumeState(/mnt/emmc): Unknown volume
07-14 13:04:33.041 W/MountService(  374): getVolumeState(/mnt/extSdCard): Unknown volume
07-14 13:04:33.041 W/MountService(  374): getVolumeState(/mnt/sdcard/SD_CARD): Unknown volume
07-14 13:04:33.041 W/MountService(  374): getVolumeState(/mnt/sdcard/extra_sd): Unknown volume
07-14 13:04:33.041 W/MountService(  374): getVolumeState(/mnt/extrasd_bind): Unknown volume
07-14 13:04:33.041 W/MountService(  374): getVolumeState(/mnt/sdcard/ext_sd): Unknown volume
07-14 13:04:33.041 W/MountService(  374): getVolumeState(/storage/extSdCard): Unknown volume
07-14 13:04:33.041 W/MountService(  374): getVolumeState(/storage/sdcard1): Unknown volume
07-14 13:04:33.041 W/MountService(  374): getVolumeState(/mnt/sdcard/external_SD): Unknown volume
07-14 13:04:33.049 W/MountService(  374): getVolumeState(/mnt/sdcard/external_sd): Unknown volume
07-14 13:04:33.244 W/MountService(  374): getVolumeState(/storage/emulated/0/external_sd): Unknown volume
07-14 13:04:33.252 W/MountService(  374): getVolumeState(/mnt/sdcard-ext): Unknown volume
07-14 13:04:33.252 W/MountService(  374): getVolumeState(/mnt/ext_sdcard): Unknown volume
07-14 13:04:33.252 W/MountService(  374): getVolumeState(/mnt/sdcard2): Unknown volume
07-14 13:04:33.252 W/MountService(  374): getVolumeState(/mnt/emmc): Unknown volume
07-14 13:04:33.252 W/MountService(  374): getVolumeState(/mnt/extSdCard): Unknown volume
07-14 13:04:33.252 W/MountService(  374): getVolumeState(/mnt/sdcard/SD_CARD): Unknown volume
07-14 13:04:33.252 W/MountService(  374): getVolumeState(/mnt/sdcard/extra_sd): Unknown volume
07-14 13:04:33.252 W/MountService(  374): getVolumeState(/mnt/extrasd_bind): Unknown volume
07-14 13:04:33.252 W/MountService(  374): getVolumeState(/mnt/sdcard/ext_sd): Unknown volume
07-14 13:04:33.268 W/MountService(  374): getVolumeState(/storage/extSdCard): Unknown volume
07-14 13:04:33.268 W/MountService(  374): getVolumeState(/storage/sdcard1): Unknown volume
07-14 13:04:33.268 W/MountService(  374): getVolumeState(/mnt/sdcard/external_SD): Unknown volume
07-14 13:04:33.268 W/MountService(  374): getVolumeState(/mnt/sdcard/external_sd): Unknown volume
07-14 13:05:33.088 W/MountService(  374): getVolumeState(/storage/emulated/0/external_sd): Unknown volume
07-14 13:05:33.088 W/MountService(  374): getVolumeState(/mnt/sdcard-ext): Unknown volume
07-14 13:05:33.088 W/MountService(  374): getVolumeState(/mnt/ext_sdcard): Unknown volume
07-14 13:05:33.096 W/MountService(  374): getVolumeState(/mnt/sdcard2): Unknown volume
07-14 13:05:33.096 W/MountService(  374): getVolumeState(/mnt/emmc): Unknown volume
07-14 13:05:33.096 W/MountService(  374): getVolumeState(/mnt/extSdCard): Unknown volume
07-14 13:05:33.096 W/MountService(  374): getVolumeState(/mnt/sdcard/SD_CARD): Unknown volume
07-14 13:05:33.096 W/MountService(  374): getVolumeState(/mnt/sdcard/extra_sd): Unknown volume
07-14 13:05:33.096 W/MountService(  374): getVolumeState(/mnt/extrasd_bind): Unknown volume
07-14 13:05:33.096 W/MountService(  374): getVolumeState(/mnt/sdcard/ext_sd): Unknown volume
07-14 13:05:33.096 W/MountService(  374): getVolumeState(/storage/extSdCard): Unknown volume
07-14 13:05:33.096 W/MountService(  374): getVolumeState(/storage/sdcard1): Unknown volume
07-14 13:05:33.096 W/MountService(  374): getVolumeState(/mnt/sdcard/external_SD): Unknown volume
07-14 13:05:33.096 W/MountService(  374): getVolumeState(/mnt/sdcard/external_sd): Unknown volume
07-14 13:05:33.323 W/MountService(  374): getVolumeState(/storage/emulated/0/external_sd): Unknown volume
07-14 13:05:33.323 W/MountService(  374): getVolumeState(/mnt/sdcard-ext): Unknown volume
07-14 13:05:33.323 W/MountService(  374): getVolumeState(/mnt/ext_sdcard): Unknown volume
07-14 13:05:33.323 W/MountService(  374): getVolumeState(/mnt/sdcard2): Unknown volume
07-14 13:05:33.323 W/MountService(  374): getVolumeState(/mnt/emmc): Unknown volume
07-14 13:05:33.330 W/MountService(  374): getVolumeState(/mnt/extSdCard): Unknown volume
07-14 13:05:33.330 W/MountService(  374): getVolumeState(/mnt/sdcard/SD_CARD): Unknown volume
07-14 13:05:33.330 W/MountService(  374): getVolumeState(/mnt/sdcard/extra_sd): Unknown volume
07-14 13:05:33.330 W/MountService(  374): getVolumeState(/mnt/extrasd_bind): Unknown volume
07-14 13:05:33.330 W/MountService(  374): getVolumeState(/mnt/sdcard/ext_sd): Unknown volume
07-14 13:05:33.330 W/MountService(  374): getVolumeState(/storage/extSdCard): Unknown volume
07-14 13:05:33.330 W/MountService(  374): getVolumeState(/storage/sdcard1): Unknown volume
07-14 13:05:33.330 W/MountService(  374): getVolumeState(/mnt/sdcard/external_SD): Unknown volume
07-14 13:05:33.338 W/MountService(  374): getVolumeState(/mnt/sdcard/external_sd): Unknown volume
07-14 13:06:33.119 W/MountService(  374): getVolumeState(/storage/emulated/0/external_sd): Unknown volume
07-14 13:06:33.119 W/MountService(  374): getVolumeState(/mnt/sdcard-ext): Unknown volume
07-14 13:06:33.119 W/MountService(  374): getVolumeState(/mnt/ext_sdcard): Unknown volume
07-14 13:06:33.119 W/MountService(  374): getVolumeState(/mnt/sdcard2): Unknown volume
07-14 13:06:33.127 W/MountService(  374): getVolumeState(/mnt/emmc): Unknown volume
07-14 13:06:33.143 W/MountService(  374): getVolumeState(/mnt/extSdCard): Unknown volume
07-14 13:06:33.151 W/MountService(  374): getVolumeState(/mnt/sdcard/SD_CARD): Unknown volume
07-14 13:06:33.151 W/MountService(  374): getVolumeState(/mnt/sdcard/extra_sd): Unknown volume
07-14 13:06:33.151 W/MountService(  374): getVolumeState(/mnt/extrasd_bind): Unknown volume
07-14 13:06:33.151 W/MountService(  374): getVolumeState(/mnt/sdcard/ext_sd): Unknown volume
07-14 13:06:33.151 W/MountService(  374): getVolumeState(/storage/extSdCard): Unknown volume
07-14 13:06:33.151 W/MountService(  374): getVolumeState(/storage/sdcard1): Unknown volume
07-14 13:06:33.151 W/MountService(  374): getVolumeState(/mnt/sdcard/external_SD): Unknown volume
07-14 13:06:33.151 W/MountService(  374): getVolumeState(/mnt/sdcard/external_sd): Unknown volume
07-14 13:06:33.479 W/MountService(  374): getVolumeState(/storage/emulated/0/external_sd): Unknown volume
07-14 13:06:33.479 W/MountService(  374): getVolumeState(/mnt/sdcard-ext): Unknown volume
07-14 13:06:33.479 W/MountService(  374): getVolumeState(/mnt/ext_sdcard): Unknown volume
07-14 13:06:33.479 W/MountService(  374): getVolumeState(/mnt/sdcard2): Unknown volume
07-14 13:06:33.479 W/MountService(  374): getVolumeState(/mnt/emmc): Unknown volume
07-14 13:06:33.479 W/MountService(  374): getVolumeState(/mnt/extSdCard): Unknown volume
07-14 13:06:33.487 W/MountService(  374): getVolumeState(/mnt/sdcard/SD_CARD): Unknown volume
07-14 13:06:33.487 W/MountService(  374): getVolumeState(/mnt/sdcard/extra_sd): Unknown volume
07-14 13:06:33.487 W/MountService(  374): getVolumeState(/mnt/extrasd_bind): Unknown volume
07-14 13:06:33.487 W/MountService(  374): getVolumeState(/mnt/sdcard/ext_sd): Unknown volume
07-14 13:06:33.487 W/MountService(  374): getVolumeState(/storage/extSdCard): Unknown volume
07-14 13:06:33.487 W/MountService(  374): getVolumeState(/storage/sdcard1): Unknown volume
07-14 13:06:33.487 W/MountService(  374): getVolumeState(/mnt/sdcard/external_SD): Unknown volume
07-14 13:06:33.487 W/MountService(  374): getVolumeState(/mnt/sdcard/external_sd): Unknown volume
07-14 13:07:33.174 W/MountService(  374): getVolumeState(/storage/emulated/0/external_sd): Unknown volume
07-14 13:07:33.182 W/MountService(  374): getVolumeState(/mnt/sdcard-ext): Unknown volume
07-14 13:07:33.182 W/MountService(  374): getVolumeState(/mnt/ext_sdcard): Unknown volume
07-14 13:07:33.182 W/MountService(  374): getVolumeState(/mnt/sdcard2): Unknown volume
07-14 13:07:33.182 W/MountService(  374): getVolumeState(/mnt/emmc): Unknown volume
07-14 13:07:33.182 W/MountService(  374): getVolumeState(/mnt/extSdCard): Unknown volume
07-14 13:07:33.182 W/MountService(  374): getVolumeState(/mnt/sdcard/SD_CARD): Unknown volume
07-14 13:07:33.182 W/MountService(  374): getVolumeState(/mnt/sdcard/extra_sd): Unknown volume
07-14 13:07:33.182 W/MountService(  374): getVolumeState(/mnt/extrasd_bind): Unknown volume
07-14 13:07:33.182 W/MountService(  374): getVolumeState(/mnt/sdcard/ext_sd): Unknown volume
07-14 13:07:33.182 W/MountService(  374): getVolumeState(/storage/extSdCard): Unknown volume
07-14 13:07:33.182 W/MountService(  374): getVolumeState(/storage/sdcard1): Unknown volume
07-14 13:07:33.190 W/MountService(  374): getVolumeState(/mnt/sdcard/external_SD): Unknown volume
07-14 13:07:33.190 W/MountService(  374): getVolumeState(/mnt/sdcard/external_sd): Unknown volume
07-14 13:07:33.401 W/MountService(  374): getVolumeState(/storage/emulated/0/external_sd): Unknown volume
07-14 13:07:33.408 W/MountService(  374): getVolumeState(/mnt/sdcard-ext): Unknown volume
07-14 13:07:33.408 W/MountService(  374): getVolumeState(/mnt/ext_sdcard): Unknown volume
07-14 13:07:33.408 W/MountService(  374): getVolumeState(/mnt/sdcard2): Unknown volume
07-14 13:07:33.408 W/MountService(  374): getVolumeState(/mnt/emmc): Unknown volume
07-14 13:07:33.408 W/MountService(  374): getVolumeState(/mnt/extSdCard): Unknown volume
07-14 13:07:33.408 W/MountService(  374): getVolumeState(/mnt/sdcard/SD_CARD): Unknown volume
07-14 13:07:33.408 W/MountService(  374): getVolumeState(/mnt/sdcard/extra_sd): Unknown volume
07-14 13:07:33.408 W/MountService(  374): getVolumeState(/mnt/extrasd_bind): Unknown volume
07-14 13:07:33.408 W/MountService(  374): getVolumeState(/mnt/sdcard/ext_sd): Unknown volume
07-14 13:07:33.408 W/MountService(  374): getVolumeState(/storage/extSdCard): Unknown volume
07-14 13:07:33.408 W/MountService(  374): getVolumeState(/storage/sdcard1): Unknown volume
07-14 13:07:33.408 W/MountService(  374): getVolumeState(/mnt/sdcard/external_SD): Unknown volume
07-14 13:07:33.408 W/MountService(  374): getVolumeState(/mnt/sdcard/external_sd): Unknown volume
07-14 13:08:33.197 W/MountService(  374): getVolumeState(/storage/emulated/0/external_sd): Unknown volume
07-14 13:08:33.197 W/MountService(  374): getVolumeState(/mnt/sdcard-ext): Unknown volume
07-14 13:08:33.197 W/MountService(  374): getVolumeState(/mnt/ext_sdcard): Unknown volume
07-14 13:08:33.197 W/MountService(  374): getVolumeState(/mnt/sdcard2): Unknown volume
07-14 13:08:33.197 W/MountService(  374): getVolumeState(/mnt/emmc): Unknown volume
07-14 13:08:33.205 W/MountService(  374): getVolumeState(/mnt/extSdCard): Unknown volume
07-14 13:08:33.205 W/MountService(  374): getVolumeState(/mnt/sdcard/SD_CARD): Unknown volume
07-14 13:08:33.205 W/MountService(  374): getVolumeState(/mnt/sdcard/extra_sd): Unknown volume
07-14 13:08:33.205 W/MountService(  374): getVolumeState(/mnt/extrasd_bind): Unknown volume
07-14 13:08:33.205 W/MountService(  374): getVolumeState(/mnt/sdcard/ext_sd): Unknown volume
07-14 13:08:33.205 W/MountService(  374): getVolumeState(/storage/extSdCard): Unknown volume
07-14 13:08:33.205 W/MountService(  374): getVolumeState(/storage/sdcard1): Unknown volume
07-14 13:08:33.205 W/MountService(  374): getVolumeState(/mnt/sdcard/external_SD): Unknown volume
07-14 13:08:33.205 W/MountService(  374): getVolumeState(/mnt/sdcard/external_sd): Unknown volume
07-14 13:08:33.424 W/MountService(  374): getVolumeState(/storage/emulated/0/external_sd): Unknown volume
07-14 13:08:33.424 W/MountService(  374): getVolumeState(/mnt/sdcard-ext): Unknown volume
07-14 13:08:33.424 W/MountService(  374): getVolumeState(/mnt/ext_sdcard): Unknown volume
07-14 13:08:33.424 W/MountService(  374): getVolumeState(/mnt/sdcard2): Unknown volume
07-14 13:08:33.432 W/MountService(  374): getVolumeState(/mnt/emmc): Unknown volume
07-14 13:08:33.432 W/MountService(  374): getVolumeState(/mnt/extSdCard): Unknown volume
07-14 13:08:33.432 W/MountService(  374): getVolumeState(/mnt/sdcard/SD_CARD): Unknown volume
07-14 13:08:33.432 W/MountService(  374): getVolumeState(/mnt/sdcard/extra_sd): Unknown volume
07-14 13:08:33.432 W/MountService(  374): getVolumeState(/mnt/extrasd_bind): Unknown volume
07-14 13:08:33.432 W/MountService(  374): getVolumeState(/mnt/sdcard/ext_sd): Unknown volume
07-14 13:08:33.432 W/MountService(  374): getVolumeState(/storage/extSdCard): Unknown volume
07-14 13:08:33.432 W/MountService(  374): getVolumeState(/storage/sdcard1): Unknown volume
07-14 13:08:33.432 W/MountService(  374): getVolumeState(/mnt/sdcard/external_SD): Unknown volume
07-14 13:08:33.440 W/MountService(  374): getVolumeState(/mnt/sdcard/external_sd): Unknown volume
07-14 13:09:33.268 W/MountService(  374): getVolumeState(/storage/emulated/0/external_sd): Unknown volume
07-14 13:09:33.276 W/MountService(  374): getVolumeState(/mnt/sdcard-ext): Unknown volume
07-14 13:09:33.276 W/MountService(  374): getVolumeState(/mnt/ext_sdcard): Unknown volume
07-14 13:09:33.276 W/MountService(  374): getVolumeState(/mnt/sdcard2): Unknown volume
07-14 13:09:33.276 W/MountService(  374): getVolumeState(/mnt/emmc): Unknown volume
07-14 13:09:33.276 W/MountService(  374): getVolumeState(/mnt/extSdCard): Unknown volume
07-14 13:09:33.276 W/MountService(  374): getVolumeState(/mnt/sdcard/SD_CARD): Unknown volume
07-14 13:09:33.276 W/MountService(  374): getVolumeState(/mnt/sdcard/extra_sd): Unknown volume
07-14 13:09:33.276 W/MountService(  374): getVolumeState(/mnt/extrasd_bind): Unknown volume
07-14 13:09:33.276 W/MountService(  374): getVolumeState(/mnt/sdcard/ext_sd): Unknown volume
07-14 13:09:33.276 W/MountService(  374): getVolumeState(/storage/extSdCard): Unknown volume
07-14 13:09:33.276 W/MountService(  374): getVolumeState(/storage/sdcard1): Unknown volume
07-14 13:09:33.276 W/MountService(  374): getVolumeState(/mnt/sdcard/external_SD): Unknown volume
07-14 13:09:33.283 W/MountService(  374): getVolumeState(/mnt/sdcard/external_sd): Unknown volume
07-14 13:09:33.588 W/MountService(  374): getVolumeState(/storage/emulated/0/external_sd): Unknown volume
07-14 13:09:33.588 W/MountService(  374): getVolumeState(/mnt/sdcard-ext): Unknown volume
07-14 13:09:33.588 W/MountService(  374): getVolumeState(/mnt/ext_sdcard): Unknown volume
