07-14 13:33:11.283 D/MDM :   ( 3494): [null:-1]->QUERY_PINCODE_CHECK_RESULT
07-14 13:33:11.283 E/Mdm     ( 3494): Call Mdm service's setLastExitTime function
07-14 13:33:11.330 D/BaseFragment( 3494): [null:-1]->fragment is on stop 
07-14 13:33:11.416 D/NfcService(  582): NFC-C OFF, disconnect
07-14 13:33:11.487 V/KeyguardHostView(  374): hide transport, gen:49
07-14 13:33:11.487 V/KeyguardHostView(  374): music state changed: 0
07-14 13:33:11.526 D/PhoneStatusBar(  450): disable: < expand icons alerts ticker system_info back home RECENT* clock search >
07-14 13:33:11.557 D/MDM :   ( 3494): [null:-1]->query
07-14 13:33:11.557 D/MDM :   ( 3494): [null:-1]->QUERY_SETTING_PIN_ONOFF
07-14 13:33:11.573 V/TAG     (  374): bug 7643792: fitSystemWindows([0,50][0,0])
07-14 13:33:11.690 D/PhoneStatusBar(  450): disable: < expand icons alerts ticker system_info BACK* HOME* RECENT CLOCK* search >
07-14 13:33:18.760 D/dalvikvm( 2060): GC_CONCURRENT freed 2283K, 22% free 14566K/18580K, paused 5ms+16ms, total 84ms
07-14 13:33:23.260 D/dalvikvm(  577): GC_CONCURRENT freed 419K, 5% free 9555K/10024K, paused 6ms+3ms, total 31ms
07-14 13:33:34.705 W/MountService(  374): getVolumeState(/storage/emulated/0/external_sd): Unknown volume
07-14 13:33:34.705 W/MountService(  374): getVolumeState(/mnt/sdcard-ext): Unknown volume
07-14 13:33:34.705 W/MountService(  374): getVolumeState(/mnt/ext_sdcard): Unknown volume
07-14 13:33:34.705 W/MountService(  374): getVolumeState(/mnt/sdcard2): Unknown volume
07-14 13:33:34.705 W/MountService(  374): getVolumeState(/mnt/emmc): Unknown volume
07-14 13:33:34.713 W/MountService(  374): getVolumeState(/mnt/extSdCard): Unknown volume
07-14 13:33:34.713 W/MountService(  374): getVolumeState(/mnt/sdcard/SD_CARD): Unknown volume
07-14 13:33:34.713 W/MountService(  374): getVolumeState(/mnt/sdcard/extra_sd): Unknown volume
07-14 13:33:34.713 W/MountService(  374): getVolumeState(/mnt/extrasd_bind): Unknown volume
07-14 13:33:34.713 W/MountService(  374): getVolumeState(/mnt/sdcard/ext_sd): Unknown volume
07-14 13:33:34.713 W/MountService(  374): getVolumeState(/storage/extSdCard): Unknown volume
07-14 13:33:34.713 W/MountService(  374): getVolumeState(/storage/sdcard1): Unknown volume
07-14 13:33:34.713 W/MountService(  374): getVolumeState(/mnt/sdcard/external_SD): Unknown volume
07-14 13:33:34.713 W/MountService(  374): getVolumeState(/mnt/sdcard/external_sd): Unknown volume
07-14 13:33:34.760 D/dalvikvm( 6152): GC_CONCURRENT freed 369K, 7% free 9429K/10072K, paused 5ms+4ms, total 43ms
07-14 13:33:34.760 D/dalvikvm( 6152): WAIT_FOR_CONCURRENT_GC blocked 38ms
07-14 13:33:34.924 W/MountService(  374): getVolumeState(/storage/emulated/0/external_sd): Unknown volume
07-14 13:33:34.924 W/MountService(  374): getVolumeState(/mnt/sdcard-ext): Unknown volume
07-14 13:33:34.932 W/MountService(  374): getVolumeState(/mnt/ext_sdcard): Unknown volume
07-14 13:33:34.932 W/MountService(  374): getVolumeState(/mnt/sdcard2): Unknown volume
07-14 13:33:34.932 W/MountService(  374): getVolumeState(/mnt/emmc): Unknown volume
07-14 13:33:34.932 W/MountService(  374): getVolumeState(/mnt/extSdCard): Unknown volume
07-14 13:33:34.932 W/MountService(  374): getVolumeState(/mnt/sdcard/SD_CARD): Unknown volume
07-14 13:33:34.940 W/MountService(  374): getVolumeState(/mnt/sdcard/extra_sd): Unknown volume
07-14 13:33:34.940 W/MountService(  374): getVolumeState(/mnt/extrasd_bind): Unknown volume
07-14 13:33:34.948 D/dalvikvm( 6152): GC_CONCURRENT freed 471K, 6% free 9468K/10072K, paused 4ms+5ms, total 48ms
07-14 13:33:34.948 D/dalvikvm( 6152): WAIT_FOR_CONCURRENT_GC blocked 20ms
07-14 13:33:34.948 W/MountService(  374): getVolumeState(/mnt/sdcard/ext_sd): Unknown volume
07-14 13:33:34.948 W/MountService(  374): getVolumeState(/storage/extSdCard): Unknown volume
07-14 13:33:34.948 W/MountService(  374): getVolumeState(/storage/sdcard1): Unknown volume
07-14 13:33:34.948 W/MountService(  374): getVolumeState(/mnt/sdcard/external_SD): Unknown volume
07-14 13:33:34.948 W/MountService(  374): getVolumeState(/mnt/sdcard/external_sd): Unknown volume
07-14 13:33:35.041 D/dalvikvm( 6152): GC_FOR_ALLOC freed 400K, 7% free 9388K/10072K, paused 20ms, total 21ms
07-14 13:33:42.612 D/MdmService( 3494): [null:-1]->receiver action :com.pekall.mdm.action.MDM_ALARM
07-14 13:33:52.221 D/MDM :   ( 3494): [null:-1]->MSG_WEBSOCKET_MESSAGE : {"id":1525616957,"type":0,"command":0,"result":0,"reason":0,"params":{"msgId":"0dc828ad-446d-4ac0-986b-d19d47dffa3c,0dc828ad446d4ac0986bd19d47dffa3c","device":"ffffffffc539bb10fffffffff7aea961","message":"{\"cmd\":\"10119\"}"}}
07-14 13:33:52.237 D/MdmService( 3494): [null:-1]->push message type :0
07-14 13:33:52.237 D/MdmService( 3494): [null:-1]->cmdMessage : {"cmd":"10119"}
07-14 13:33:52.237 D/MdmService( 3494): [null:-1]->command : PushCommandMsg{cmd='10119', msg='null'}
07-14 13:33:52.237 D/MDM :   ( 3494): [null:-1]->PUSH CMD: 10119
07-14 13:33:52.237 D/MdmStatusManager( 3494): [null:-1]->change status to : Busy
07-14 13:33:52.244 D/DB      ( 3494): query: SQLiteQuery: SELECT content, command_status, status FROM command WHERE status!=2
07-14 13:33:52.244 D/DB      ( 3494): factory null
07-14 13:33:52.244 D/DB      ( 3494): fillWindow: 0
07-14 13:33:52.244 D/DB      ( 3494): cursor 0
07-14 13:33:52.244 D/DB      ( 3494): moveToPos: 0
07-14 13:33:52.244 I/TransInfo( 3494): TransInfo created, id: 3, class: class com.pekall.emdm.transaction.b.c
07-14 13:33:52.244 D/NetworkThread( 3494): [null:-1]->----isRunning-----true
07-14 13:33:52.244 D/NetworkThread( 3494): [null:-1]->----isRunning-----true
07-14 13:33:52.244 D/NetworkThread( 3494): [null:-1]->thread wakeup
07-14 13:33:52.252 D/HttpClient( 3494): enable apache.http debug
07-14 13:33:52.260 V/DEBUG   ( 3494): HTTP 0
07-14 13:33:53.057 V/DEBUG   ( 3494): HTTP 1
07-14 13:33:53.073 D/MDM :   ( 3494): [null:-1]->read network input stream
07-14 13:33:53.088 D/CheckInTransInfo( 3494): [null:-1]->CommandMsg : CommandMsg{CommandUUID='8a80888e4732aed50147335ce5020eff', Command=CommandInstallDocument{DocumentName='1', DocumentSize=125, DocumentFormat='null', DownloadURL='http://demo.everknow.cn/resources/api/v1/download/guest?uuid=fb43c724a5cb48f1c555a7784d7a', Auth=null, DocumentUUID='8a80888c46c806620146c86fa9e8058f', Version='1.0', DocumentDescription='null', DocumentCategory=null, IsCompressed=null, ReadAuthDay=null, RingNotify=null, EncryptLevel=null}}
07-14 13:33:53.088 D/DB      ( 3494): query: SQLiteQuery: SELECT * FROM command WHERE cmd_uuid='8a80888e4732aed50147335ce5020eff'
07-14 13:33:53.088 D/DB      ( 3494): factory null
07-14 13:33:53.088 D/DB      ( 3494): fillWindow: 0
07-14 13:33:53.088 D/DB      ( 3494): cursor 0
07-14 13:33:53.127 D/NetworkThread( 3494): [null:-1]->queue is empty, thread wait...
07-14 13:33:53.229 D/MdmService( 3494): [null:-1]->handleCheckInResult
07-14 13:33:53.229 D/MdmService( 3494): [null:-1]->handleCheckInResult result keyIndex: 3
07-14 13:33:53.229 D/CommandManager( 3494): [null:-1]->execute command: CommandMsg{CommandUUID='8a80888e4732aed50147335ce5020eff', Command=CommandInstallDocument{DocumentName='1', DocumentSize=125, DocumentFormat='null', DownloadURL='http://demo.everknow.cn/resources/api/v1/download/guest?uuid=fb43c724a5cb48f1c555a7784d7a', Auth=null, DocumentUUID='8a80888c46c806620146c86fa9e8058f', Version='1.0', DocumentDescription='null', DocumentCategory=null, IsCompressed=null, ReadAuthDay=null, RingNotify=null, EncryptLevel=null}}
07-14 13:33:53.237 D/DownLoadDocService( 3494): [null:-1]->action is  com.pekall.emdm.action.DOWNLOADDOC
07-14 13:33:53.237 D/DownLoadDocService( 3494): [null:-1]->uuid is  8a80888c46c806620146c86fa9e8058f ,url is http://demo.everknow.cn/resources/api/v1/download/guest?uuid=fb43c724a5cb48f1c555a7784d7a
07-14 13:33:53.237 E/DB      ( 3494): bind, index: 1, value: 8a80888c46c806620146c86fa9e8058f
07-14 13:33:53.237 D/DB      ( 3494): query: SQLiteQuery: SELECT * FROM doc WHERE uuid=?
07-14 13:33:53.237 D/DB      ( 3494): factory null
07-14 13:33:53.237 D/DB      ( 3494): fillWindow: 0
07-14 13:33:53.244 D/DB      ( 3494): cursor 1
07-14 13:33:53.244 D/DB      ( 3494): moveToPos: 0
07-14 13:33:53.244 D/DB      ( 3494): onMove: 0
07-14 13:33:53.299 D/DB      ( 3494): query: SQLiteQuery: SELECT * FROM doc WHERE browseStatus = 0 AND type = 'Normal'
07-14 13:33:53.299 D/DB      ( 3494): factory null
07-14 13:33:53.299 D/DB      ( 3494): fillWindow: 0
07-14 13:33:53.299 D/DB      ( 3494): cursor 1
07-14 13:33:53.299 D/DB      ( 3494): query: SQLiteQuery: SELECT * FROM doc WHERE browseStatus = 0 AND type = 'Normal'
07-14 13:33:53.299 D/DB      ( 3494): factory null
07-14 13:33:53.299 D/DB      ( 3494): fillWindow: 0
07-14 13:33:53.299 D/DB      ( 3494): cursor 1
07-14 13:33:53.307 E/Mdm     ( 3494): Call Mdm service's recordIconCount function
07-14 13:33:53.330 D/DB      ( 3494): query: SQLiteQuery: SELECT * FROM doc WHERE browseStatus = 0 AND type = 'Normal'
07-14 13:33:53.330 D/DB      ( 3494): factory null
07-14 13:33:53.330 D/DB      ( 3494): fillWindow: 0
07-14 13:33:53.338 D/DB      ( 3494): cursor 1
07-14 13:33:53.338 D/DB      ( 3494): query: SQLiteQuery: SELECT * FROM doc WHERE browseStatus = 0 AND type = 'Normal'
07-14 13:33:53.338 D/DB      ( 3494): factory null
07-14 13:33:53.338 D/DB      ( 3494): fillWindow: 0
07-14 13:33:53.338 D/DB      ( 3494): cursor 1
07-14 13:33:53.338 E/Mdm     ( 3494): Call Mdm service's recordIconCount function
07-14 13:33:53.338 E/DB      ( 3494): bind, index: 1, value: 8a80888c46c806620146c86fa9e8058f
07-14 13:33:53.338 E/DB      ( 3494): bind, index: 2, value: Contact
07-14 13:33:53.338 D/DB      ( 3494): query: SQLiteQuery: SELECT * FROM doc WHERE uuid=? AND type=?
07-14 13:33:53.338 D/DB      ( 3494): factory null
07-14 13:33:53.338 D/DB      ( 3494): fillWindow: 0
07-14 13:33:53.338 I/TransInfo( 3494): TransInfo created, id: 3, class: class com.pekall.emdm.transaction.b.c
07-14 13:33:53.338 D/DB      ( 3494): cursor 1
07-14 13:33:53.338 D/DB      ( 3494): moveToPos: 0
07-14 13:33:53.338 D/DB      ( 3494): onMove: 0
07-14 13:33:53.338 D/NetworkThread( 3494): [null:-1]->----isRunning-----true
07-14 13:33:53.346 D/NetworkThread( 3494): [null:-1]->----isRunning-----true
07-14 13:33:53.346 D/NetworkThread( 3494): [null:-1]->thread wakeup
07-14 13:33:53.346 D/HttpClient( 3494): enable apache.http debug
07-14 13:33:53.354 V/DEBUG   ( 3494): HTTP 0
07-14 13:33:53.377 D/DB      ( 3494): query: SQLiteQuery: SELECT * FROM doc WHERE browseStatus = 0 AND type = 'Normal'
07-14 13:33:53.377 D/DB      ( 3494): factory null
07-14 13:33:53.377 D/DB      ( 3494): fillWindow: 0
07-14 13:33:53.377 D/DB      ( 3494): cursor 1
07-14 13:33:53.385 D/DB      ( 3494): query: SQLiteQuery: SELECT * FROM doc WHERE browseStatus = 0 AND type = 'Normal'
07-14 13:33:53.385 D/DB      ( 3494): factory null
07-14 13:33:53.385 D/DB      ( 3494): fillWindow: 0
07-14 13:33:53.385 D/DB      ( 3494): cursor 1
07-14 13:33:53.385 E/Mdm     ( 3494): Call Mdm service's recordIconCount function
07-14 13:33:53.471 E/DocDownLoaderManager( 3494): read buffer is -1 , download done
07-14 13:33:53.471 E/DB      ( 3494): bind, index: 1, value: 8a80888c46c806620146c86fa9e8058f
07-14 13:33:53.471 E/DB      ( 3494): bind, index: 2, value: Contact
07-14 13:33:53.471 D/DB      ( 3494): query: SQLiteQuery: SELECT * FROM doc WHERE uuid=? AND type=?
07-14 13:33:53.471 D/DB      ( 3494): factory null
07-14 13:33:53.471 D/DB      ( 3494): fillWindow: 0
07-14 13:33:53.471 D/DB      ( 3494): cursor 1
07-14 13:33:53.471 D/DB      ( 3494): moveToPos: 0
07-14 13:33:53.471 D/DB      ( 3494): onMove: 0
07-14 13:33:53.502 D/DB      ( 3494): query: SQLiteQuery: SELECT * FROM doc WHERE browseStatus = 0 AND type = 'Normal'
07-14 13:33:53.502 D/DB      ( 3494): factory null
07-14 13:33:53.502 D/DB      ( 3494): fillWindow: 0
07-14 13:33:53.502 D/DB      ( 3494): cursor 1
07-14 13:33:53.502 D/DB      ( 3494): query: SQLiteQuery: SELECT * FROM doc WHERE browseStatus = 0 AND type = 'Normal'
07-14 13:33:53.502 D/DB      ( 3494): factory null
07-14 13:33:53.502 D/DB      ( 3494): fillWindow: 0
07-14 13:33:53.502 D/DB      ( 3494): cursor 1
07-14 13:33:53.502 E/Mdm     ( 3494): Call Mdm service's recordIconCount function
07-14 13:33:53.502 D/MONITOR ( 3494): |_UUID -------> 8a80888c46c806620146c86fa9e8058f
07-14 13:33:53.502 D/ContactsProvider( 3494): [Contacts] query 'content://emdmcontacts/contacts', segment size: 1
07-14 13:33:53.502 D/ContactsProvider( 3494): [Contacts] query 'content://emdmcontacts/company_calllogs', segment size: 1
07-14 13:33:53.510 D/MAINTAIN( 3494): ============== Delete form insertCsv ==============
07-14 13:33:53.510 D/MONITOR ( 3494): |_OPEN FILE DONE
07-14 13:33:53.510 D/MONITOR ( 3494): |   |_ BUILD NEW FILE(1)
07-14 13:33:53.510 D/MONITOR ( 3494): |   |_ BUILD NEW FILE(2)
07-14 13:33:53.510 D/MONITOR ( 3494): |   |_ BUILD NEW FILE(3)
07-14 13:33:53.510 D/MONITOR ( 3494): |   |_ BUILD NEW FILE(4 --> OK)
07-14 13:33:53.510 D/MONITOR ( 3494): |_CHECK VERSION BEGIN
07-14 13:33:53.510 D/NEWCSVTEST( 3494):  [CHECKVERSION] 
07-14 13:33:53.510 D/NEWCSVTEST( 3494):   coulmnFirst -->530
07-14 13:33:53.510 D/NEWCSVTEST( 3494): coulmnSecond -->530
07-14 13:33:53.510 D/NEWCSVTEST( 3494): coulmnThrid -->530
07-14 13:33:53.510 D/NEWCSVTEST( 3494): coulmnFourth -->530
07-14 13:33:53.510 D/NEWCSVTEST( 3494): coulmnFiveth -->530
07-14 13:33:53.510 D/MONITOR ( 3494): |   |_READ NEXT
07-14 13:33:53.510 D/MONITOR ( 3494): |       |_GET NEXT LINE
07-14 13:33:53.510 D/MONITOR ( 3494): |       |_PARSE LINE
07-14 13:33:53.518 D/MONITOR ( 3494): |_CHECK VERSION BEGIN tokens --> [Ljava.lang.String;@4373b9c0
07-14 13:33:53.518 D/NEWCSVTEST( 3494): tokens[0] -->
07-14 13:33:53.518 D/NEWCSVTEST( 3494): tokens[1] -->
07-14 13:33:53.518 D/NEWCSVTEST( 3494): coulmnFirst -->530
07-14 13:33:53.518 D/NEWCSVTEST( 3494): coulmnSecond -->530
07-14 13:33:53.518 D/NEWCSVTEST( 3494): coulmnThrid -->0
07-14 13:33:53.518 D/NEWCSVTEST( 3494): coulmnFourth -->530
07-14 13:33:53.518 D/NEWCSVTEST( 3494): coulmnFiveth -->530
07-14 13:33:53.518 D/NEWCSVTEST( 3494): 0
07-14 13:33:53.518 D/NEWCSVTEST( 3494): coulmnFirst -->530
07-14 13:33:53.518 D/NEWCSVTEST( 3494): coulmnSecond -->530
07-14 13:33:53.518 D/NEWCSVTEST( 3494): coulmnThrid -->0
07-14 13:33:53.518 D/NEWCSVTEST( 3494): coulmnFourth -->1
07-14 13:33:53.518 D/NEWCSVTEST( 3494): coulmnFiveth -->530
07-14 13:33:53.518 D/NEWCSVTEST( 3494): 1
07-14 13:33:53.518 D/NEWCSVTEST( 3494): coulmnFirst -->530
07-14 13:33:53.518 D/NEWCSVTEST( 3494): coulmnSecond -->530
07-14 13:33:53.518 D/NEWCSVTEST( 3494): coulmnThrid -->0
07-14 13:33:53.518 D/NEWCSVTEST( 3494): coulmnFourth -->1
07-14 13:33:53.518 D/NEWCSVTEST( 3494): coulmnFiveth -->2
07-14 13:33:53.518 D/NEWCSVTEST( 3494): 2
07-14 13:33:53.518 D/NEWCSVTEST( 3494): coulmnFirst -->530
07-14 13:33:53.518 D/NEWCSVTEST( 3494): coulmnSecond -->3
07-14 13:33:53.518 D/NEWCSVTEST( 3494): coulmnThrid -->0
07-14 13:33:53.518 D/NEWCSVTEST( 3494): coulmnFourth -->1
07-14 13:33:53.518 D/NEWCSVTEST( 3494): coulmnFiveth -->2
07-14 13:33:53.518 D/NEWCSVTEST( 3494): 3
07-14 13:33:53.518 D/MONITOR ( 3494): |   |_THE 1.th CHECK VERSION
07-14 13:33:53.518 D/CsvFile ( 3494): Checking version: 1
07-14 13:33:53.518 D/MONITOR ( 3494): |   |_[ + 1] match title ''? false
07-14 13:33:53.518 D/CsvFile ( 3494): [ + 1] match title ''? false
07-14 13:33:53.518 D/MONITOR ( 3494): |   |_[ + 1] match title ''? false
07-14 13:33:53.518 D/CsvFile ( 3494): [ + 1] match title ''? false
07-14 13:33:53.518 D/MONITOR ( 3494): |   |_[ + 1] match title ''? false
07-14 13:33:53.518 D/CsvFile ( 3494): [ + 1] match title ''? false
07-14 13:33:53.518 D/MONITOR ( 3494): |   |_[ + 1] match title ''? false
07-14 13:33:53.518 D/CsvFile ( 3494): [ + 1] match title ''? false
07-14 13:33:53.518 D/MONITOR ( 3494): |   |_[ + 1] match title ''? false
07-14 13:33:53.518 D/CsvFile ( 3494): [ + 1] match title ''? false
07-14 13:33:53.518 D/MONITOR ( 3494): |   |_THE 2.th CHECK VERSION
07-14 13:33:53.518 D/CsvFile ( 3494): Checking version: 2
07-14 13:33:53.518 D/MONITOR ( 3494): |   |_[ + 1] match title ''? false
07-14 13:33:53.518 D/CsvFile ( 3494): [ + 1] match title ''? false
07-14 13:33:53.518 D/MONITOR ( 3494): |   |_[ + 1] match title ''? true
07-14 13:33:53.518 D/CsvFile ( 3494): [ + 1] match title ''? true
07-14 13:33:53.518 D/MONITOR ( 3494): |   |_[ + 1] match title ''? true
07-14 13:33:53.518 D/CsvFile ( 3494): [ + 1] match title ''? true
07-14 13:33:53.518 D/MONITOR ( 3494): |   |_[ + 1] match title ''? true
07-14 13:33:53.518 D/CsvFile ( 3494): [ + 1] match title ''? true
07-14 13:33:53.518 D/MONITOR ( 3494): |   |_[ + 1] match title ''? true
07-14 13:33:53.526 D/CsvFile ( 3494): [ + 1] match title ''? true
07-14 13:33:53.526 D/CsvFile ( 3494): Confirm csv file version: 2
07-14 13:33:53.526 D/MONITOR ( 3494): |_CHECK VERSION 2 =
07-14 13:33:53.526 D/MONITOR ( 3494): |   |_READ NEXT
07-14 13:33:53.526 D/MONITOR ( 3494): |       |_GET NEXT LINE
07-14 13:33:53.526 D/MONITOR ( 3494): |       |_PARSE LINE
07-14 13:33:53.526 D/MONITOR ( 3494): |_PARSEV2 READNEXT --> [Ljava.lang.String;@439dbd10
07-14 13:33:53.526 D/MONITOR ( 3494): |_CREATE A NEW LINE OF 'CsvContactLine'
07-14 13:33:53.526 D/MONITOR ( 3494): |_NAME = aaa
07-14 13:33:53.526 D/MONITOR ( 3494): |_DEPARTMENT = NULL
07-14 13:33:53.526 D/MONITOR ( 3494): |_EMAIL = zhansan@company.com
07-14 13:33:53.526 D/MONITOR ( 3494): |_MOBILE = 18980886890
07-14 13:33:53.526 D/MONITOR ( 3494): |_LANDLINE = 010-84130019
07-14 13:33:53.526 D/CsvFile ( 3494): [V2][ + 2] Add contact: contact={name 'aaa', department ', office address 'null', land line '010-84130019', mobile '18980886890', email 'zhansan@company.com', msn 'null'}
07-14 13:33:53.526 D/MONITOR ( 3494): |   |_READ NEXT
07-14 13:33:53.526 D/MONITOR ( 3494): |       |_GET NEXT LINE
07-14 13:33:53.526 D/MONITOR ( 3494): |       |_PARSE LINE
07-14 13:33:53.526 D/MONITOR ( 3494): |_PARSEV2 READNEXT --> [Ljava.lang.String;@43707658
07-14 13:33:53.526 D/MONITOR ( 3494): |_CREATE A NEW LINE OF 'CsvContactLine'
07-14 13:33:53.526 D/MONITOR ( 3494): |_NAME = bbb
07-14 13:33:53.526 D/MONITOR ( 3494): |_DEPARTMENT = NULL
07-14 13:33:53.533 D/MONITOR ( 3494): |_EMAIL = zhansan@company.com
07-14 13:33:53.533 D/MONITOR ( 3494): |_MOBILE = 12345787545
07-14 13:33:53.533 D/MONITOR ( 3494): |_LANDLINE = 010-54545446
07-14 13:33:53.533 D/CsvFile ( 3494): [V2][ + 3] Add contact: contact={name 'bbb', department ', office address 'null', land line '010-54545446', mobile '12345787545', email 'zhansan@company.com', msn 'null'}
07-14 13:33:53.533 D/MONITOR ( 3494): |   |_READ NEXT
07-14 13:33:53.533 D/MONITOR ( 3494): |       |_GET NEXT LINE
07-14 13:33:53.533 D/MONITOR ( 3494): = Close File =
07-14 13:33:53.549 D/ContactsProvider( 3494): Insert new company , id: 6, uuid: 8a80888c46c806620146c86fa9e8058f
07-14 13:33:53.549 D/ContactsProvider( 3494): [Contacts] query 'content://emdmcontacts/contacts', segment size: 1
07-14 13:33:53.549 D/ContactsProvider( 3494): 18980886890++aaa++zhansan@company.com++010-84130019
07-14 13:33:53.549 D/ContactsProvider( 3494): Insert new contact 'aaa'
07-14 13:33:53.549 D/TEST_ALL( 3494): CONTACT_INSERT
07-14 13:33:53.565 D/ContactsProvider( 3494): 12345787545++bbb++zhansan@company.com++010-54545446
07-14 13:33:53.565 D/ContactsProvider( 3494): Insert new contact 'bbb'
07-14 13:33:53.565 D/TEST_ALL( 3494): CONTACT_INSERT
07-14 13:33:53.588 D/ContactsProvider( 3494): [Contacts] query 'content://emdmcontacts/contacts', segment size: 1
07-14 13:33:53.612 D/ContactsProvider( 3494): = Opened the file! =
07-14 13:33:53.635 I/AudioService(  374):  AudioFocus  requestAudioFocus() from android.media.AudioManager@42c3d878
07-14 13:33:53.643 V/KeyguardHostView(  374): hide transport, gen:50
07-14 13:33:53.643 D/ContactsProvider( 3494): [{"contactId":"8a80888c46c806620146c86fa9e8058f","status":"57604"}]
07-14 13:33:53.643 E/Mdm     ( 3494): Call Mdm service's upLoadDocStatus function, request id: 6
07-14 13:33:53.643 I/TransInfo( 3494): TransInfo created, id: 22, class: class com.pekall.emdm.transaction.b.r
07-14 13:33:53.643 D/NetworkThread( 3494): [null:-1]->----isRunning-----true
07-14 13:33:53.643 D/DB      ( 3494): query: SQLiteQuery: SELECT uuid, status FROM doc WHERE uploadStatus =0 AND type ='Normal'
07-14 13:33:53.643 D/DB      ( 3494): factory null
07-14 13:33:53.643 D/DB      ( 3494): fillWindow: 0
07-14 13:33:53.651 D/DB      ( 3494): cursor 2
07-14 13:33:53.651 D/DB      ( 3494): moveToPos: 0
07-14 13:33:53.651 D/DB      ( 3494): onMove: 0
07-14 13:33:53.651 D/DB      ( 3494): moveToPos: 1
07-14 13:33:53.651 D/DB      ( 3494): onMove: 1
07-14 13:33:53.651 D/DB      ( 3494): moveToPos: 2
07-14 13:33:54.088 V/DEBUG   ( 3494): HTTP 1
07-14 13:33:54.096 D/MdmDatabaseHelper( 3494): [null:-1]->update command 8a80888e4732aed50147335ce5020eff to status executed
07-14 13:33:54.127 D/HttpClient( 3494): enable apache.http debug
07-14 13:33:54.205 D/MdmService( 3494): [null:-1]->handleCheckInResult
07-14 13:33:54.205 D/MdmService( 3494): [null:-1]->handleCheckInResult result keyIndex: 3
07-14 13:33:54.237 D/HandleCommandTask( 3494): [null:-1]->execute command msg but beanBase is null
07-14 13:33:54.237 D/dalvikvm( 3494): GC_CONCURRENT freed 4218K, 16% free 23264K/27644K, paused 10ms+28ms, total 173ms
07-14 13:33:54.237 D/dalvikvm( 3494): WAIT_FOR_CONCURRENT_GC blocked 107ms
07-14 13:33:54.237 D/MdmStatusManager( 3494): [null:-1]->change status to : Idle
07-14 13:33:54.244 V/DEBUG   ( 3494): HTTP 0
07-14 13:33:54.487 V/DEBUG   ( 3494): HTTP 1
07-14 13:33:54.487 D/NetworkThread( 3494): [null:-1]->queue is empty, thread wait...
07-14 13:33:54.588 D/MDM :   ( 3494): [null:-1]->Got trans result.
07-14 13:33:54.588 D/MDM :   ( 3494): [null:-1]->Trigger client's callback, request id: 6
07-14 13:33:54.588 D/Mdm     ( 3494): Receive trans result, request id: 6
07-14 13:33:54.588 V/Assistant( 3494): Got response from server.
07-14 13:33:54.588 D/ContactsProvider( 3494): RESULT_DONE
07-14 13:33:54.783 I/AudioService(  374):  AudioFocus  abandonAudioFocus() from android.media.AudioManager@42c3d878
07-14 13:33:54.783 V/KeyguardHostView(  374): hide transport, gen:51
07-14 13:34:03.033 D/AndroidRuntime(10885): 
07-14 13:34:03.033 D/AndroidRuntime(10885): >>>>>> AndroidRuntime START com.android.internal.os.RuntimeInit <<<<<<
07-14 13:34:03.033 D/AndroidRuntime(10885): CheckJNI is OFF
07-14 13:34:03.049 D/dalvikvm(10885): Trying to load lib libjavacore.so 0x0
07-14 13:34:03.049 D/dalvikvm(10885): Added shared lib libjavacore.so 0x0
07-14 13:34:03.065 D/dalvikvm(10885): Trying to load lib libnativehelper.so 0x0
07-14 13:34:03.065 D/dalvikvm(10885): Added shared lib libnativehelper.so 0x0
07-14 13:34:03.088 I/dalvikvm(10885): DexOpt: source file mod time mismatch (44ee6bf7 vs 44ee6c25)
07-14 13:34:03.088 D/dalvikvm(10885): ODEX file is stale or bad; removing and retrying (/data/local/tmp/dalvik-cache/data@local@tmp@MDMMobileTest.jar@classes.dex)
07-14 13:34:03.096 D/dalvikvm(10885): DexOpt: --- BEGIN 'MDMMobileTest.jar' (bootstrap=0) ---
07-14 13:34:03.151 D/dalvikvm(10886): DexOpt: load 8ms, verify+opt 4ms, 124100 bytes
07-14 13:34:03.174 D/dalvikvm(10885): DexOpt: --- END 'MDMMobileTest.jar' (success) ---
07-14 13:34:03.174 D/dalvikvm(10885): DEX prep '/data/local/tmp/MDMMobileTest.jar': unzip in 2ms, rewrite 82ms
07-14 13:34:03.377 D/AndroidRuntime(10885): Calling main entry com.android.commands.uiautomator.Launcher
07-14 13:34:03.408 E/UiDevice(10885): Exceuting watcher: ANRWatcher
07-14 13:34:03.408 E/UiDevice(10885): java.lang.RuntimeException: UiDevice not initialized
07-14 13:34:03.408 E/UiDevice(10885): 	at com.android.uiautomator.core.UiDevice.getAutomatorBridge(UiDevice.java:87)
07-14 13:34:03.408 E/UiDevice(10885): 	at com.android.uiautomator.core.UiDevice.wakeUp(UiDevice.java:719)
07-14 13:34:03.408 E/UiDevice(10885): 	at com.pekall.test.mdmui.util.UiANRWatcher.checkForCondition(UiANRWatcher.java:23)
07-14 13:34:03.408 E/UiDevice(10885): 	at com.android.uiautomator.core.UiDevice.runWatchers(UiDevice.java:554)
07-14 13:34:03.408 E/UiDevice(10885): 	at com.pekall.test.mdmui.util.UiANRWatcher.run(UiANRWatcher.java:41)
07-14 13:34:03.408 E/UiDevice(10885): 	at com.pekall.test.mdmui.Contacts.<clinit>(Contacts.java:21)
07-14 13:34:03.408 E/UiDevice(10885): 	at java.lang.Class.newInstanceImpl(Native Method)
07-14 13:34:03.408 E/UiDevice(10885): 	at java.lang.Class.newInstance(Class.java:1130)
07-14 13:34:03.408 E/UiDevice(10885): 	at com.android.uiautomator.testrunner.TestCaseCollector.addSingleTestMethod(TestCaseCollector.java:110)
07-14 13:34:03.408 E/UiDevice(10885): 	at com.android.uiautomator.testrunner.TestCaseCollector.addTestClass(TestCaseCollector.java:86)
07-14 13:34:03.408 E/UiDevice(10885): 	at com.android.uiautomator.testrunner.TestCaseCollector.addTestClass(TestCaseCollector.java:72)
07-14 13:34:03.408 E/UiDevice(10885): 	at com.android.uiautomator.testrunner.TestCaseCollector.addTestClasses(TestCaseCollector.java:53)
07-14 13:34:03.408 E/UiDevice(10885): 	at com.android.uiautomator.testrunner.UiAutomatorTestRunner.start(UiAutomatorTestRunner.java:106)
07-14 13:34:03.408 E/UiDevice(10885): 	at com.android.uiautomator.testrunner.UiAutomatorTestRunner.run(UiAutomatorTestRunner.java:96)
07-14 13:34:03.408 E/UiDevice(10885): 	at com.android.commands.uiautomator.RunTestCommand.run(RunTestCommand.java:91)
07-14 13:34:03.408 E/UiDevice(10885): 	at com.android.commands.uiautomator.Launcher.main(Launcher.java:83)
07-14 13:34:03.408 E/UiDevice(10885): 	at com.android.internal.os.RuntimeInit.nativeFinishInit(Native Method)
07-14 13:34:03.408 E/UiDevice(10885): 	at com.android.internal.os.RuntimeInit.main(RuntimeInit.java:235)
07-14 13:34:03.408 E/UiDevice(10885): 	at dalvik.system.NativeStart.main(Native Method)
07-14 13:34:03.424 D/dalvikvm(10885): Note: class Landroid/app/ActivityManagerNative; has 163 unimplemented (abstract) methods
07-14 13:34:03.479 I/PowerManagerService(  374): Waking up from sleep...
07-14 13:34:03.526 I/WindowManager(  374): Lock screen displayed!
07-14 13:34:03.768 V/DigitalWidgetViewsFactory( 2502): DigitalWidget sets next alarm string to null
07-14 13:34:03.838 D/PowerManagerService-JNI(  374): Excessive delay in autosuspend_disable() while turning screen on: 349ms
07-14 13:34:03.838 D/SurfaceFlinger(  124): Screen acquired, type=0 flinger=0x41e1a478
07-14 13:34:03.916 D/LightsService(  374): Excessive delay setting light: 83ms
07-14 13:34:03.979 D/dalvikvm(  636): GC_FOR_ALLOC freed 1009K, 10% free 12681K/14084K, paused 248ms, total 249ms
07-14 13:34:03.987 D/LightsService(  374): Excessive delay setting light: 68ms
07-14 13:34:04.158 D/AndroidRuntime(10904): 
07-14 13:34:04.158 D/AndroidRuntime(10904): >>>>>> AndroidRuntime START com.android.internal.os.RuntimeInit <<<<<<
07-14 13:34:04.158 D/AndroidRuntime(10904): CheckJNI is OFF
07-14 13:34:04.174 D/dalvikvm(10904): Trying to load lib libjavacore.so 0x0
07-14 13:34:04.182 D/dalvikvm(10904): Added shared lib libjavacore.so 0x0
07-14 13:34:04.190 D/dalvikvm(10904): Trying to load lib libnativehelper.so 0x0
07-14 13:34:04.190 D/dalvikvm(10904): Added shared lib libnativehelper.so 0x0
07-14 13:34:04.354 D/AndroidRuntime(10904): Calling main entry com.qihoo360.powerctl.root.app.App
07-14 13:34:04.362 D/AndroidRuntime(10904): Shutting down VM
07-14 13:34:04.362 D/dalvikvm(10904): GC_CONCURRENT freed 115K, 21% free 467K/592K, paused 0ms+0ms, total 4ms
07-14 13:34:05.315 I/QueryController(10885): Matched selector: UiSelector[DESCRIPTION=] <<==>> [android.view.accessibility.AccessibilityNodeInfo@4370f8; boundsInParent: Rect(0, 0 - 720, 756); boundsInScreen: Rect(0, 547 - 720, 1303); packageName: android; className: android.view.View; text: null; contentDescription: ; viewIdResName: android:id/glow_pad_view; checkable: false; checked: false; focusable: false; focused: false; selected: false; clickable: false; longClickable: false; enabled: true; password: false; scrollable: false; [ACTION_SELECT, ACTION_CLEAR_SELECTION, ACTION_ACCESSIBILITY_FOCUS, ACTION_NEXT_AT_MOVEMENT_GRANULARITY, ACTION_PREVIOUS_AT_MOVEMENT_GRANULARITY, ACTION_SET_SELECTION]]
07-14 13:34:05.323 W/GlowPadView(  374): The number of target drawables must be equal to the number of direction descriptions.
07-14 13:34:05.643 D/MdmApplication( 3494): [null:-1]->onActivityStarted document.activity.CompanyDocActivity , mActivityCount = 3
07-14 13:34:05.651 D/MDM :   ( 3494): [null:-1]->query
07-14 13:34:05.651 D/MDM :   ( 3494): [null:-1]->QUERY_PINCODE_CHECK_RESULT
07-14 13:34:05.651 D/BaseFragment( 3494): [null:-1]->mSelection is type = 'Normal' ,mSort is _id DESC
07-14 13:34:05.658 D/DB      ( 3494): query: SQLiteQuery: SELECT * FROM doc WHERE type = 'Normal'
07-14 13:34:05.658 D/DB      ( 3494): factory null
07-14 13:34:05.658 D/DB      ( 3494): fillWindow: 0
07-14 13:34:05.658 D/DB      ( 3494): cursor 2
07-14 13:34:05.658 D/DB      ( 3494): moveToPos: 0
07-14 13:34:05.658 D/DB      ( 3494): onMove: 0
07-14 13:34:05.658 D/DB      ( 3494): moveToPos: 1
07-14 13:34:05.658 D/DB      ( 3494): onMove: 1
07-14 13:34:05.658 D/DB      ( 3494): moveToPos: 2
07-14 13:34:05.658 D/PhoneStatusBar(  450): disable: < expand icons alerts ticker system_info BACK HOME recent* CLOCK search >
07-14 13:34:05.682 D/NfcService(  582): NFC-C ON
07-14 13:34:05.729 D/PhoneStatusBar(  450): disable: < expand icons alerts ticker system_info back* home* recent clock* search >
07-14 13:34:05.893 W/InputMethodManagerService(  374): Window already focused, ignoring focus gain of: com.android.internal.view.IInputMethodClient$Stub$Proxy@42c29de0 attribute=android.view.inputmethod.EditorInfo@4317a158, token = android.os.BinderProxy@431646e8
07-14 13:34:06.049 D/dalvikvm( 1052): GC_CONCURRENT freed 442K, 8% free 10306K/11168K, paused 6ms+9ms, total 98ms
07-14 13:34:06.174 V/TAG     (  374): bug 7643792: fitSystemWindows([0,50][0,0])
07-14 13:34:06.221 I/RootJni (10928): su: permission denied
07-14 13:34:06.252 D/AndroidRuntime(10927): 
07-14 13:34:06.252 D/AndroidRuntime(10927): >>>>>> AndroidRuntime START com.android.internal.os.RuntimeInit <<<<<<
07-14 13:34:06.252 D/AndroidRuntime(10927): CheckJNI is OFF
07-14 13:34:06.268 D/dalvikvm(10927): Trying to load lib libjavacore.so 0x0
07-14 13:34:06.276 D/dalvikvm(10927): Added shared lib libjavacore.so 0x0
07-14 13:34:06.291 D/dalvikvm(10927): Trying to load lib libnativehelper.so 0x0
07-14 13:34:06.291 D/dalvikvm(10927): Added shared lib libnativehelper.so 0x0
07-14 13:34:06.557 D/AndroidRuntime(10927): Calling main entry com.qihoo360.powerctl.root.app.App
07-14 13:34:06.557 D/AndroidRuntime(10927): Shutting down VM
07-14 13:34:06.565 D/dalvikvm(10927): GC_CONCURRENT freed 115K, 21% free 467K/592K, paused 0ms+0ms, total 4ms
07-14 13:34:06.588 I/ActivityManager(  374): START u0 {act=android.intent.action.MAIN cat=[android.intent.category.HOME] flg=0x10200000 cmp=com.android.launcher/com.android.launcher2.Launcher} from pid 374
07-14 13:34:06.596 D/MdmApplication( 3494): [null:-1]->onActivityPaused document.activity.CompanyDocActivity , mActivityCount = 4
07-14 13:34:06.596 D/MDM :   ( 3494): [null:-1]->query
07-14 13:34:06.596 D/MDM :   ( 3494): [null:-1]->QUERY_PINCODE_CHECK_RESULT
07-14 13:34:06.596 E/Mdm     ( 3494): Call Mdm service's setLastExitTime function
07-14 13:34:06.682 D/dalvikvm(  450): GC_FOR_ALLOC freed 1604K, 14% free 13595K/15800K, paused 69ms, total 69ms
07-14 13:34:06.682 I/dalvikvm-heap(  450): Grow heap (frag case) to 13.673MB for 380496-byte allocation
07-14 13:34:06.768 D/dalvikvm(  450): GC_FOR_ALLOC freed <1K, 14% free 13967K/16172K, paused 84ms, total 84ms
07-14 13:34:06.838 D/dalvikvm(  450): GC_FOR_ALLOC freed 137K, 15% free 13829K/16172K, paused 67ms, total 67ms
07-14 13:34:06.838 I/dalvikvm-heap(  450): Grow heap (frag case) to 13.902MB for 380496-byte allocation
07-14 13:34:06.901 D/dalvikvm(  450): GC_FOR_ALLOC freed 0K, 15% free 14201K/16544K, paused 64ms, total 64ms
07-14 13:34:07.323 D/BaseFragment( 3494): [null:-1]->fragment is on stop 
07-14 13:34:07.377 W/ResourceType(  595): No known package when getting name for resource number 0x9c020000
07-14 13:34:07.377 W/ResourceType(  595): No known package when getting name for resource number 0x9c020002
07-14 13:34:07.424 W/ResourceType(  595): No known package when getting name for resource number 0x9b000000
07-14 13:34:07.424 W/ResourceType(  595): No known package when getting name for resource number 0x9b010100
07-14 13:34:07.432 W/ResourceType(  595): No known package when getting name for resource number 0x9b030300
07-14 13:34:07.432 W/ResourceType(  595): No known package when getting name for resource number 0x9b040400
07-14 13:34:07.432 I/QueryController(10885): Matched selector: UiSelector[DESCRIPTION=, PACKAGE NAME=com.android.launcher] <<==>> [android.view.accessibility.AccessibilityNodeInfo@1ff4e; boundsInParent: Rect(524232, 0 - 524360, 128); boundsInScreen: Rect(296, 1040 - 424, 1168); packageName: com.android.launcher; className: android.widget.TextView; text: null; contentDescription: ; viewIdResName: null; checkable: false; checked: false; focusable: true; focused: false; selected: false; clickable: true; longClickable: false; enabled: true; password: false; scrollable: false; [ACTION_FOCUS, ACTION_SELECT, ACTION_CLEAR_SELECTION, ACTION_CLICK, ACTION_ACCESSIBILITY_FOCUS]]
07-14 13:34:07.440 D/InteractionController(10885): clickAndWaitForNewWindow(360, 1104)
07-14 13:34:08.307 I/QueryController(10885): Matched selector: UiSelector[TEXT=] <<==>> [android.view.accessibility.AccessibilityNodeInfo@6c714; boundsInParent: Rect(0, 0 - 148, 184); boundsInScreen: Rect(16, 958 - 164, 1142); packageName: com.android.launcher; className: android.widget.TextView; text: ; contentDescription: null; viewIdResName: null; checkable: false; checked: false; focusable: true; focused: false; selected: false; clickable: true; longClickable: true; enabled: true; password: false; scrollable: false; [ACTION_FOCUS, ACTION_SELECT, ACTION_CLEAR_SELECTION, ACTION_CLICK, ACTION_LONG_CLICK, ACTION_ACCESSIBILITY_FOCUS, ACTION_NEXT_AT_MOVEMENT_GRANULARITY, ACTION_PREVIOUS_AT_MOVEMENT_GRANULARITY, ACTION_SET_SELECTION]]
07-14 13:34:08.354 I/QueryController(10885): Matched selector: UiSelector[TEXT=] <<==>> [android.view.accessibility.AccessibilityNodeInfo@6c714; boundsInParent: Rect(0, 0 - 148, 184); boundsInScreen: Rect(16, 958 - 164, 1142); packageName: com.android.launcher; className: android.widget.TextView; text: ; contentDescription: null; viewIdResName: null; checkable: false; checked: false; focusable: true; focused: false; selected: false; clickable: true; longClickable: true; enabled: true; password: false; scrollable: false; [ACTION_FOCUS, ACTION_SELECT, ACTION_CLEAR_SELECTION, ACTION_CLICK, ACTION_LONG_CLICK, ACTION_ACCESSIBILITY_FOCUS, ACTION_NEXT_AT_MOVEMENT_GRANULARITY, ACTION_PREVIOUS_AT_MOVEMENT_GRANULARITY, ACTION_SET_SELECTION]]
07-14 13:34:08.354 D/InteractionController(10885): clickAndWaitForNewWindow(90, 1050)
07-14 13:34:08.487 I/ActivityManager(  374): START u0 {act=android.intent.action.MAIN cat=[android.intent.category.LAUNCHER] flg=0x10200000 cmp=com.pekall.emdm/.ui.SplashActivity} from pid 595
07-14 13:34:08.651 D/dalvikvm(  374): JIT code cache reset in 10 ms (1048520 bytes 10/0)
07-14 13:34:08.658 D/dalvikvm(  374): GC_FOR_ALLOC freed 2542K, 30% free 19231K/27344K, paused 117ms, total 117ms
07-14 13:34:08.768 D/dalvikvm(  374): GC_FOR_ALLOC freed 895K, 31% free 19080K/27344K, paused 92ms, total 92ms
07-14 13:34:08.823 D/MdmApplication( 3494): [null:-1]->onActivityStarted document.activity.CompanyDocActivity , mActivityCount = 3
07-14 13:34:08.830 D/MDM :   ( 3494): [null:-1]->query
07-14 13:34:08.830 D/MDM :   ( 3494): [null:-1]->QUERY_PINCODE_CHECK_RESULT
07-14 13:34:08.830 D/BaseFragment( 3494): [null:-1]->mSelection is type = 'Normal' ,mSort is _id DESC
07-14 13:34:08.830 D/DB      ( 3494): query: SQLiteQuery: SELECT * FROM doc WHERE type = 'Normal'
07-14 13:34:08.830 D/DB      ( 3494): factory null
07-14 13:34:08.838 D/DB      ( 3494): fillWindow: 0
07-14 13:34:08.846 D/DB      ( 3494): cursor 2
07-14 13:34:08.846 D/DB      ( 3494): moveToPos: 0
07-14 13:34:08.846 D/DB      ( 3494): onMove: 0
07-14 13:34:08.846 D/DB      ( 3494): moveToPos: 1
07-14 13:34:08.846 D/DB      ( 3494): onMove: 1
07-14 13:34:08.846 D/DB      ( 3494): moveToPos: 2
07-14 13:34:08.971 D/dalvikvm( 1052): GC_CONCURRENT freed 576K, 10% free 10135K/11168K, paused 3ms+2ms, total 58ms
07-14 13:34:08.971 D/dalvikvm( 1052): WAIT_FOR_CONCURRENT_GC blocked 20ms
07-14 13:34:09.666 I/QueryController(10885): Matched selector: UiSelector[PACKAGE NAME=com.pekall.emdm] <<==>> [android.view.accessibility.AccessibilityNodeInfo@344b40; boundsInParent: Rect(0, 0 - 720, 1184); boundsInScreen: Rect(0, 0 - 720, 1184); packageName: com.pekall.emdm; className: android.widget.FrameLayout; text: null; contentDescription: null; viewIdResName: null; checkable: false; checked: false; focusable: false; focused: false; selected: false; clickable: false; longClickable: false; enabled: true; password: false; scrollable: false; [ACTION_SELECT, ACTION_CLEAR_SELECTION, ACTION_ACCESSIBILITY_FOCUS]]
07-14 13:34:09.885 D/dalvikvm(  374): GC_FOR_ALLOC freed 548K, 30% free 19307K/27344K, paused 83ms, total 83ms
07-14 13:34:09.971 D/dalvikvm(  374): GC_FOR_ALLOC freed 751K, 31% free 18927K/27344K, paused 82ms, total 82ms
07-14 13:34:09.979 D/MdmApplication( 3494): [null:-1]->onActivityPaused document.activity.CompanyDocActivity , mActivityCount = 4
07-14 13:34:09.979 D/MDM :   ( 3494): [null:-1]->query
07-14 13:34:09.979 D/MDM :   ( 3494): [null:-1]->QUERY_PINCODE_CHECK_RESULT
07-14 13:34:09.979 E/Mdm     ( 3494): Call Mdm service's setLastExitTime function
07-14 13:34:10.010 D/MdmApplication( 3494): [null:-1]->onActivityStarted document.activity.DocMainActivity , mActivityCount = 3
07-14 13:34:10.010 D/MDM :   ( 3494): [null:-1]->query
07-14 13:34:10.010 D/MDM :   ( 3494): [null:-1]->QUERY_PINCODE_CHECK_RESULT
07-14 13:34:10.010 D/DB      ( 3494): query: SQLiteQuery: SELECT * FROM doc WHERE browseStatus = 0 AND type = 'Normal'
07-14 13:34:10.010 D/DB      ( 3494): factory null
07-14 13:34:10.010 D/DB      ( 3494): fillWindow: 0
07-14 13:34:10.018 D/DB      ( 3494): cursor 1
07-14 13:34:10.487 D/BaseFragment( 3494): [null:-1]->fragment is on stop 
07-14 13:34:10.526 D/DB      ( 3494): query: SQLiteQuery: SELECT * FROM doc WHERE browseStatus = 0 AND type = 'Normal'
07-14 13:34:10.526 D/DB      ( 3494): factory null
07-14 13:34:10.526 D/DB      ( 3494): fillWindow: 0
07-14 13:34:10.526 D/DB      ( 3494): cursor 0
07-14 13:34:10.526 D/DB      ( 3494): query: SQLiteQuery: SELECT * FROM doc WHERE browseStatus = 0 AND type = 'Normal'
07-14 13:34:10.526 D/DB      ( 3494): factory null
07-14 13:34:10.526 D/DB      ( 3494): fillWindow: 0
07-14 13:34:10.526 D/DB      ( 3494): cursor 0
07-14 13:34:10.526 E/Mdm     ( 3494): Call Mdm service's recordIconCount function
07-14 13:34:11.338 D/dalvikvm(  374): GC_FOR_ALLOC freed 400K, 30% free 19303K/27344K, paused 84ms, total 84ms
07-14 13:34:11.424 D/dalvikvm(  374): GC_FOR_ALLOC freed 748K, 31% free 18925K/27344K, paused 82ms, total 82ms
07-14 13:34:11.432 D/MdmApplication( 3494): [null:-1]->onActivityPaused document.activity.DocMainActivity , mActivityCount = 4
07-14 13:34:11.432 D/MDM :   ( 3494): [null:-1]->query
07-14 13:34:11.432 D/MDM :   ( 3494): [null:-1]->QUERY_PINCODE_CHECK_RESULT
07-14 13:34:11.432 E/Mdm     ( 3494): Call Mdm service's setLastExitTime function
07-14 13:34:11.455 D/MdmApplication( 3494): [null:-1]->onActivityStarted ui.MainActivity , mActivityCount = 3
07-14 13:34:11.455 D/MDM :   ( 3494): [null:-1]->query
07-14 13:34:11.455 D/MDM :   ( 3494): [null:-1]->QUERY_PINCODE_CHECK_RESULT
07-14 13:34:12.244 I/QueryController(10885): Matched selector: UiSelector[TEXT=, CLASS=android.widget.TextView] <<==>> [android.view.accessibility.AccessibilityNodeInfo@2763c0; boundsInParent: Rect(0, 0 - 148, 184); boundsInScreen: Rect(376, 572 - 524, 756); packageName: com.pekall.emdm; className: android.widget.TextView; text: ; contentDescription: null; viewIdResName: com.pekall.emdm:id/application_icon_content; checkable: false; checked: false; focusable: true; focused: false; selected: false; clickable: false; longClickable: false; enabled: true; password: false; scrollable: false; [ACTION_FOCUS, ACTION_SELECT, ACTION_CLEAR_SELECTION, ACTION_ACCESSIBILITY_FOCUS, ACTION_NEXT_AT_MOVEMENT_GRANULARITY, ACTION_PREVIOUS_AT_MOVEMENT_GRANULARITY, ACTION_SET_SELECTION]]
07-14 13:34:12.276 I/QueryController(10885): Matched selector: UiSelector[TEXT=, CLASS=android.widget.TextView] <<==>> [android.view.accessibility.AccessibilityNodeInfo@275c3e; boundsInParent: Rect(0, 0 - 148, 184); boundsInScreen: Rect(16, 572 - 164, 756); packageName: com.pekall.emdm; className: android.widget.TextView; text: ; contentDescription: null; viewIdResName: com.pekall.emdm:id/application_icon_content; checkable: false; checked: false; focusable: true; focused: false; selected: false; clickable: false; longClickable: false; enabled: true; password: false; scrollable: false; [ACTION_FOCUS, ACTION_SELECT, ACTION_CLEAR_SELECTION, ACTION_ACCESSIBILITY_FOCUS, ACTION_NEXT_AT_MOVEMENT_GRANULARITY, ACTION_PREVIOUS_AT_MOVEMENT_GRANULARITY, ACTION_SET_SELECTION]]
07-14 13:34:12.299 I/QueryController(10885): Matched selector: UiSelector[TEXT=, CLASS=android.widget.TextView] <<==>> [android.view.accessibility.AccessibilityNodeInfo@2754bc; boundsInParent: Rect(0, 0 - 148, 184); boundsInScreen: Rect(376, 379 - 524, 563); packageName: com.pekall.emdm; className: android.widget.TextView; text: ; contentDescription: null; viewIdResName: com.pekall.emdm:id/application_icon_content; checkable: false; checked: false; focusable: true; focused: false; selected: false; clickable: false; longClickable: false; enabled: true; password: false; scrollable: false; [ACTION_FOCUS, ACTION_SELECT, ACTION_CLEAR_SELECTION, ACTION_ACCESSIBILITY_FOCUS, ACTION_NEXT_AT_MOVEMENT_GRANULARITY, ACTION_PREVIOUS_AT_MOVEMENT_GRANULARITY, ACTION_SET_SELECTION]]
07-14 13:34:12.299 D/InteractionController(10885): clickAndWaitForNewWindow(450, 471)
07-14 13:34:12.471 I/ActivityManager(  374): START u0 {cmp=com.pekall.emdm/.contacts.activities.PeopleActivity} from pid 3494
07-14 13:34:12.619 D/dalvikvm(  374): GC_FOR_ALLOC freed 396K, 30% free 19302K/27344K, paused 82ms, total 83ms
07-14 13:34:12.705 D/dalvikvm(  374): GC_FOR_ALLOC freed 747K, 31% free 18926K/27344K, paused 82ms, total 83ms
07-14 13:34:12.713 D/MdmApplication( 3494): [null:-1]->onActivityPaused ui.MainActivity , mActivityCount = 4
07-14 13:34:12.713 D/MDM :   ( 3494): [null:-1]->query
07-14 13:34:12.713 D/MDM :   ( 3494): [null:-1]->QUERY_PINCODE_CHECK_RESULT
07-14 13:34:12.713 E/Mdm     ( 3494): Call Mdm service's setLastExitTime function
07-14 13:34:12.744 I/ActivityManager(  374): START u0 {cmp=com.pekall.emdm/.contacts.activities.DialtactsActivity (has extras)} from pid 3494
07-14 13:34:12.776 D/MdmApplication( 3494): [null:-1]->onActivityStarted contacts.activities.DialtactsActivity , mActivityCount = 3
07-14 13:34:12.776 D/MDM :   ( 3494): [null:-1]->query
07-14 13:34:12.776 D/MDM :   ( 3494): [null:-1]->QUERY_PINCODE_CHECK_RESULT
07-14 13:34:12.807 D/ContactsProvider( 3494): [Contacts] query 'content://emdmcontacts/contacts', segment size: 1
07-14 13:34:12.807 D/Assistant( 3494): [---null: -1---]  changeCursor
07-14 13:34:12.815 D/Assistant( 3494): [---null: -1---]  findGroups
07-14 13:34:12.815 D/ContactsProvider( 3494): [Contacts] query 'content://emdmcontacts/contacts', segment size: 1
07-14 13:34:12.815 D/Assistant( 3494): [---null: -1---]  changeCursor
07-14 13:34:12.815 D/Assistant( 3494): [---null: -1---]  findGroups
07-14 13:34:12.823 D/Assistant( 3494): [---null: -1---]  OncreatTIME
07-14 13:34:12.838 I/ContactPhotoManager( 3494): Cache adj: 0.5
07-14 13:34:12.838 E/ContactPhotoManager( 3494): No contact photo service in context: com.pekall.emdm.MdmApplication@42817d40
07-14 13:34:12.908 D/ContactsProvider( 3494): [Contacts] query 'content://emdmcontacts/contacts', segment size: 1
07-14 13:34:12.916 D/Assistant( 3494): [---null: -1---]  changeCursor
07-14 13:34:12.916 D/Assistant( 3494): [---null: -1---]  findGroups
07-14 13:34:12.916 D/ContactsProvider( 3494): [Contacts] query 'content://emdmcontacts/contacts', segment size: 1
07-14 13:34:12.916 D/Assistant( 3494): [---null: -1---]  changeCursor
07-14 13:34:12.916 D/Assistant( 3494): [---null: -1---]  findGroups
07-14 13:34:12.932 D/ContactsProvider( 3494): [Contacts] query 'content://emdmcontacts/company_calllogs', segment size: 1
07-14 13:34:12.948 D/dalvikvm( 2221): GC_EXPLICIT freed 282K, 5% free 9666K/10076K, paused 3ms+8ms, total 52ms
07-14 13:34:12.963 D/ContactsProvider( 3494): [Contacts] query 'content://emdmcontacts/frequently_contacts', segment size: 1
07-14 13:34:12.963 V/PhoneStatusBar(  450): setLightsOn(true)
07-14 13:34:12.971 D/ContactsProvider( 3494): [Contacts] query 'content://emdmcontacts/contacts', segment size: 1
07-14 13:34:12.971 D/ContactsProvider( 3494): [Contacts] query 'content://emdmcontacts/contacts', segment size: 1
07-14 13:34:13.112 D/ContactsProvider( 3494): [Contacts] query 'content://emdmcontacts/company_calllogs', segment size: 1
07-14 13:34:13.190 I/ActivityManager(  374): Displayed com.pekall.emdm/.contacts.activities.DialtactsActivity: +440ms (total +462ms)
07-14 13:34:13.213 D/Assistant( 3494): [---null: -1---]  changeCursor
07-14 13:34:13.213 D/Assistant( 3494): [---null: -1---]  findGroups
07-14 13:34:13.221 D/Assistant( 3494): [---null: -1---]  addGroup
07-14 13:34:13.237 D/Assistant( 3494): [---null: -1---]  addGroup
07-14 13:34:13.237 D/Assistant( 3494): [---null: -1---]  addGroup
07-14 13:34:13.244 D/Assistant( 3494): [---null: -1---]  addGroup
07-14 13:34:13.244 D/Assistant( 3494): [---null: -1---]  addGroup
07-14 13:34:13.299 E/CursorWindow( 3494): Failed to read row 0, column -1 from a CursorWindow which has 38 rows, 9 columns.
07-14 13:34:13.299 D/CallLogAdapter( 3494): java.lang.IllegalStateException: Couldn't read row 0, col -1 from CursorWindow.  Make sure the Cursor is initialized correctly before accessing data from it.
07-14 13:34:13.299 D/CallLogAdapter( 3494): ======no department find======
07-14 13:34:13.299 D/CALLLOGADAPTER( 3494): ++++++++++++++++++================================
07-14 13:34:13.299 D/ContactsProvider( 3494): [Contacts] query 'content://emdmcontacts/company_calllogs', segment size: 1
07-14 13:34:13.307 D/CallLogAdapter( 3494): quickContactView.number=============13220164537
07-14 13:34:13.307 D/CallLogAdapter( 3494): quickContactView.contactUri=============null
07-14 13:34:13.307 D/ContactsProvider( 3494): [Contacts] query 'content://emdmcontacts/contacts', segment size: 1
07-14 13:34:13.346 E/CursorWindow( 3494): Failed to read row 1, column -1 from a CursorWindow which has 38 rows, 9 columns.
07-14 13:34:13.346 D/CallLogAdapter( 3494): java.lang.IllegalStateException: Couldn't read row 1, col -1 from CursorWindow.  Make sure the Cursor is initialized correctly before accessing data from it.
07-14 13:34:13.346 D/CallLogAdapter( 3494): ======no department find======
07-14 13:34:13.346 D/CALLLOGADAPTER( 3494): ++++++++++++++++++================================
07-14 13:34:13.346 D/ContactsProvider( 3494): [Contacts] query 'content://emdmcontacts/company_calllogs', segment size: 1
07-14 13:34:13.362 D/CallLogAdapter( 3494): quickContactView.number=============01056299605
07-14 13:34:13.362 D/CallLogAdapter( 3494): quickContactView.contactUri=============null
07-14 13:34:13.362 D/ContactsProvider( 3494): [Contacts] query 'content://emdmcontacts/contacts', segment size: 1
07-14 13:34:13.393 E/CursorWindow( 3494): Failed to read row 4, column -1 from a CursorWindow which has 38 rows, 9 columns.
07-14 13:34:13.393 D/CallLogAdapter( 3494): java.lang.IllegalStateException: Couldn't read row 4, col -1 from CursorWindow.  Make sure the Cursor is initialized correctly before accessing data from it.
07-14 13:34:13.393 D/CallLogAdapter( 3494): ======no department find======
07-14 13:34:13.401 D/CALLLOGADAPTER( 3494): ++++++++++++++++++================================
07-14 13:34:13.401 D/ContactsProvider( 3494): [Contacts] query 'content://emdmcontacts/company_calllogs', segment size: 1
07-14 13:34:13.408 D/CallLogAdapter( 3494): quickContactView.number=============13263318053
07-14 13:34:13.408 D/CallLogAdapter( 3494): quickContactView.contactUri=============null
07-14 13:34:13.408 D/ContactsProvider( 3494): [Contacts] query 'content://emdmcontacts/contacts', segment size: 1
07-14 13:34:13.455 E/CursorWindow( 3494): Failed to read row 5, column -1 from a CursorWindow which has 38 rows, 9 columns.
07-14 13:34:13.455 D/CallLogAdapter( 3494): java.lang.IllegalStateException: Couldn't read row 5, col -1 from CursorWindow.  Make sure the Cursor is initialized correctly before accessing data from it.
07-14 13:34:13.455 D/CallLogAdapter( 3494): ======no department find======
07-14 13:34:13.455 D/CALLLOGADAPTER( 3494): ++++++++++++++++++================================
07-14 13:34:13.455 D/ContactsProvider( 3494): [Contacts] query 'content://emdmcontacts/company_calllogs', segment size: 1
07-14 13:34:13.463 D/CallLogAdapter( 3494): quickContactView.number=============13522849951
07-14 13:34:13.463 D/CallLogAdapter( 3494): quickContactView.contactUri=============null
07-14 13:34:13.471 D/ContactsProvider( 3494): [Contacts] query 'content://emdmcontacts/contacts', segment size: 1
07-14 13:34:13.502 E/CursorWindow( 3494): Failed to read row 6, column -1 from a CursorWindow which has 38 rows, 9 columns.
07-14 13:34:13.502 D/CallLogAdapter( 3494): java.lang.IllegalStateException: Couldn't read row 6, col -1 from CursorWindow.  Make sure the Cursor is initialized correctly before accessing data from it.
07-14 13:34:13.502 D/CallLogAdapter( 3494): ======no department find======
