07-14 13:29:35.924 I/TransInfo( 3494): TransInfo created, id: 3, class: class com.pekall.emdm.transaction.b.c
07-14 13:29:35.924 D/NetworkThread( 3494): [null:-1]->----isRunning-----true
07-14 13:29:35.924 D/NetworkThread( 3494): [null:-1]->----isRunning-----true
07-14 13:29:35.924 D/NetworkThread( 3494): [null:-1]->thread wakeup
07-14 13:29:35.924 I/AudioService(  374):  AudioFocus  requestAudioFocus() from android.media.AudioManager@42c80888
07-14 13:29:35.924 V/KeyguardHostView(  374): hide transport, gen:46
07-14 13:29:35.924 D/HttpClient( 3494): enable apache.http debug
07-14 13:29:35.932 V/DEBUG   ( 3494): HTTP 0
07-14 13:29:36.260 D/dalvikvm( 3494): GC_CONCURRENT freed 4577K, 17% free 22954K/27636K, paused 4ms+24ms, total 143ms
07-14 13:29:37.049 V/DEBUG   ( 3494): HTTP 1
07-14 13:29:37.049 D/MdmDatabaseHelper( 3494): [null:-1]->update command 8a80888e4732aed501473358f3b30e7d to status executed
07-14 13:29:37.057 I/AudioService(  374):  AudioFocus  abandonAudioFocus() from android.media.AudioManager@42c80888
07-14 13:29:37.057 V/KeyguardHostView(  374): hide transport, gen:47
07-14 13:29:37.073 D/NetworkThread( 3494): [null:-1]->queue is empty, thread wait...
07-14 13:29:37.151 D/MdmService( 3494): [null:-1]->handleCheckInResult
07-14 13:29:37.151 D/MdmService( 3494): [null:-1]->handleCheckInResult result keyIndex: 3
07-14 13:29:37.151 D/HandleCommandTask( 3494): [null:-1]->execute command msg but beanBase is null
07-14 13:29:37.151 D/MdmStatusManager( 3494): [null:-1]->change status to : Idle
07-14 13:29:44.838 D/AndroidRuntime(10644): 
07-14 13:29:44.838 D/AndroidRuntime(10644): >>>>>> AndroidRuntime START com.android.internal.os.RuntimeInit <<<<<<
07-14 13:29:44.838 D/AndroidRuntime(10644): CheckJNI is OFF
07-14 13:29:44.854 D/dalvikvm(10644): Trying to load lib libjavacore.so 0x0
07-14 13:29:44.862 D/dalvikvm(10644): Added shared lib libjavacore.so 0x0
07-14 13:29:44.877 D/dalvikvm(10644): Trying to load lib libnativehelper.so 0x0
07-14 13:29:44.877 D/dalvikvm(10644): Added shared lib libnativehelper.so 0x0
07-14 13:29:44.901 I/dalvikvm(10644): DexOpt: source file mod time mismatch (44ee6039 vs 44ee6b99)
07-14 13:29:44.901 D/dalvikvm(10644): ODEX file is stale or bad; removing and retrying (/data/local/tmp/dalvik-cache/data@local@tmp@MDMMobileTest.jar@classes.dex)
07-14 13:29:44.908 D/dalvikvm(10644): DexOpt: --- BEGIN 'MDMMobileTest.jar' (bootstrap=0) ---
07-14 13:29:44.963 D/dalvikvm(10645): DexOpt: load 8ms, verify+opt 4ms, 124100 bytes
07-14 13:29:44.979 D/dalvikvm(10644): DexOpt: --- END 'MDMMobileTest.jar' (success) ---
07-14 13:29:44.979 D/dalvikvm(10644): DEX prep '/data/local/tmp/MDMMobileTest.jar': unzip in 2ms, rewrite 73ms
07-14 13:29:45.182 D/AndroidRuntime(10644): Calling main entry com.android.commands.uiautomator.Launcher
07-14 13:29:45.213 E/UiDevice(10644): Exceuting watcher: ANRWatcher
07-14 13:29:45.213 E/UiDevice(10644): java.lang.RuntimeException: UiDevice not initialized
07-14 13:29:45.213 E/UiDevice(10644): 	at com.android.uiautomator.core.UiDevice.getAutomatorBridge(UiDevice.java:87)
07-14 13:29:45.213 E/UiDevice(10644): 	at com.android.uiautomator.core.UiDevice.wakeUp(UiDevice.java:719)
07-14 13:29:45.213 E/UiDevice(10644): 	at com.pekall.test.mdmui.util.UiANRWatcher.checkForCondition(UiANRWatcher.java:23)
07-14 13:29:45.213 E/UiDevice(10644): 	at com.android.uiautomator.core.UiDevice.runWatchers(UiDevice.java:554)
07-14 13:29:45.213 E/UiDevice(10644): 	at com.pekall.test.mdmui.util.UiANRWatcher.run(UiANRWatcher.java:41)
07-14 13:29:45.213 E/UiDevice(10644): 	at com.pekall.test.mdmui.App.<clinit>(App.java:24)
07-14 13:29:45.213 E/UiDevice(10644): 	at java.lang.Class.newInstanceImpl(Native Method)
07-14 13:29:45.213 E/UiDevice(10644): 	at java.lang.Class.newInstance(Class.java:1130)
07-14 13:29:45.213 E/UiDevice(10644): 	at com.android.uiautomator.testrunner.TestCaseCollector.addSingleTestMethod(TestCaseCollector.java:110)
07-14 13:29:45.213 E/UiDevice(10644): 	at com.android.uiautomator.testrunner.TestCaseCollector.addTestClass(TestCaseCollector.java:86)
07-14 13:29:45.213 E/UiDevice(10644): 	at com.android.uiautomator.testrunner.TestCaseCollector.addTestClass(TestCaseCollector.java:72)
07-14 13:29:45.213 E/UiDevice(10644): 	at com.android.uiautomator.testrunner.TestCaseCollector.addTestClasses(TestCaseCollector.java:53)
07-14 13:29:45.213 E/UiDevice(10644): 	at com.android.uiautomator.testrunner.UiAutomatorTestRunner.start(UiAutomatorTestRunner.java:106)
07-14 13:29:45.213 E/UiDevice(10644): 	at com.android.uiautomator.testrunner.UiAutomatorTestRunner.run(UiAutomatorTestRunner.java:96)
07-14 13:29:45.213 E/UiDevice(10644): 	at com.android.commands.uiautomator.RunTestCommand.run(RunTestCommand.java:91)
07-14 13:29:45.213 E/UiDevice(10644): 	at com.android.commands.uiautomator.Launcher.main(Launcher.java:83)
07-14 13:29:45.213 E/UiDevice(10644): 	at com.android.internal.os.RuntimeInit.nativeFinishInit(Native Method)
07-14 13:29:45.213 E/UiDevice(10644): 	at com.android.internal.os.RuntimeInit.main(RuntimeInit.java:235)
07-14 13:29:45.213 E/UiDevice(10644): 	at dalvik.system.NativeStart.main(Native Method)
07-14 13:29:45.237 D/dalvikvm(10644): Note: class Landroid/app/ActivityManagerNative; has 163 unimplemented (abstract) methods
07-14 13:29:45.291 I/PowerManagerService(  374): Waking up from sleep...
07-14 13:29:45.330 I/WindowManager(  374): Lock screen displayed!
07-14 13:29:45.502 D/dalvikvm(  636): GC_FOR_ALLOC freed 1083K, 11% free 12676K/14092K, paused 62ms, total 63ms
07-14 13:29:45.619 D/dalvikvm( 2019): GC_FOR_ALLOC freed 252K, 7% free 9927K/10588K, paused 23ms, total 23ms
07-14 13:29:45.635 V/DigitalWidgetViewsFactory( 2502): DigitalWidget sets next alarm string to null
07-14 13:29:45.651 D/PowerManagerService-JNI(  374): Excessive delay in autosuspend_disable() while turning screen on: 348ms
07-14 13:29:45.651 D/SurfaceFlinger(  124): Screen acquired, type=0 flinger=0x41e1a478
07-14 13:29:45.737 D/LightsService(  374): Excessive delay setting light: 84ms
07-14 13:29:45.799 D/LightsService(  374): Excessive delay setting light: 68ms
07-14 13:29:46.041 D/AndroidRuntime(10663): 
07-14 13:29:46.041 D/AndroidRuntime(10663): >>>>>> AndroidRuntime START com.android.internal.os.RuntimeInit <<<<<<
07-14 13:29:46.041 D/AndroidRuntime(10663): CheckJNI is OFF
07-14 13:29:46.057 D/dalvikvm(10663): Trying to load lib libjavacore.so 0x0
07-14 13:29:46.057 D/dalvikvm(10663): Added shared lib libjavacore.so 0x0
07-14 13:29:46.073 D/dalvikvm(10663): Trying to load lib libnativehelper.so 0x0
07-14 13:29:46.073 D/dalvikvm(10663): Added shared lib libnativehelper.so 0x0
07-14 13:29:46.252 D/AndroidRuntime(10663): Calling main entry com.qihoo360.powerctl.root.app.App
07-14 13:29:46.252 D/AndroidRuntime(10663): Shutting down VM
07-14 13:29:46.260 D/dalvikvm(10663): GC_CONCURRENT freed 114K, 22% free 467K/592K, paused 0ms+1ms, total 3ms
07-14 13:29:46.260 I/AndroidRuntime(10663): NOTE: attach of thread 'Binder_1' failed
07-14 13:29:47.158 I/QueryController(10644): Matched selector: UiSelector[DESCRIPTION=] <<==>> [android.view.accessibility.AccessibilityNodeInfo@41a33d; boundsInParent: Rect(0, 0 - 720, 756); boundsInScreen: Rect(0, 547 - 720, 1303); packageName: android; className: android.view.View; text: null; contentDescription: ; viewIdResName: android:id/glow_pad_view; checkable: false; checked: false; focusable: false; focused: false; selected: false; clickable: false; longClickable: false; enabled: true; password: false; scrollable: false; [ACTION_SELECT, ACTION_CLEAR_SELECTION, ACTION_ACCESSIBILITY_FOCUS, ACTION_NEXT_AT_MOVEMENT_GRANULARITY, ACTION_PREVIOUS_AT_MOVEMENT_GRANULARITY, ACTION_SET_SELECTION]]
07-14 13:29:47.166 W/GlowPadView(  374): The number of target drawables must be equal to the number of direction descriptions.
07-14 13:29:47.510 D/MdmApplication( 3494): [null:-1]->onActivityStarted market.activity.AppListActivity , mActivityCount = 2
07-14 13:29:47.510 D/MDM :   ( 3494): [null:-1]->query
07-14 13:29:47.510 D/MDM :   ( 3494): [null:-1]->QUERY_PINCODE_CHECK_RESULT
07-14 13:29:47.518 D/PhoneStatusBar(  450): disable: < expand icons alerts ticker system_info BACK HOME recent* CLOCK search >
07-14 13:29:47.588 D/PhoneStatusBar(  450): disable: < expand icons alerts ticker system_info back* home* recent clock* search >
07-14 13:29:47.596 D/NfcService(  582): NFC-C ON
07-14 13:29:47.698 W/InputMethodManagerService(  374): Window already focused, ignoring focus gain of: com.android.internal.view.IInputMethodClient$Stub$Proxy@42eb2b38 attribute=android.view.inputmethod.EditorInfo@42f77248, token = android.os.BinderProxy@431501e8
07-14 13:29:47.846 D/dalvikvm( 1052): GC_CONCURRENT freed 489K, 10% free 10074K/11168K, paused 5ms+5ms, total 122ms
07-14 13:29:48.065 V/TAG     (  374): bug 7643792: fitSystemWindows([0,50][0,0])
07-14 13:29:48.080 I/RootJni (10686): su: permission denied
07-14 13:29:48.119 D/AndroidRuntime(10685): 
07-14 13:29:48.119 D/AndroidRuntime(10685): >>>>>> AndroidRuntime START com.android.internal.os.RuntimeInit <<<<<<
07-14 13:29:48.119 D/AndroidRuntime(10685): CheckJNI is OFF
07-14 13:29:48.135 D/dalvikvm(10685): Trying to load lib libjavacore.so 0x0
07-14 13:29:48.143 D/dalvikvm(10685): Added shared lib libjavacore.so 0x0
07-14 13:29:48.158 D/dalvikvm(10685): Trying to load lib libnativehelper.so 0x0
07-14 13:29:48.158 D/dalvikvm(10685): Added shared lib libnativehelper.so 0x0
07-14 13:29:48.346 I/QueryController(10644): Matched selector: UiSelector[TEXT=, CLASS=android.widget.TextView] <<==>> [android.view.accessibility.AccessibilityNodeInfo@330fde; boundsInParent: Rect(0, 0 - 144, 48); boundsInScreen: Rect(108, 170 - 252, 218); packageName: com.pekall.emdm; className: android.widget.TextView; text: ; contentDescription: null; viewIdResName: com.pekall.emdm:id/market_tab_text; checkable: false; checked: false; focusable: false; focused: false; selected: false; clickable: false; longClickable: false; enabled: true; password: false; scrollable: false; [ACTION_SELECT, ACTION_CLEAR_SELECTION, ACTION_ACCESSIBILITY_FOCUS, ACTION_NEXT_AT_MOVEMENT_GRANULARITY, ACTION_PREVIOUS_AT_MOVEMENT_GRANULARITY, ACTION_SET_SELECTION]]
07-14 13:29:48.401 I/QueryController(10644): Matched selector: UiSelector[TEXT=, CLASS=android.widget.TextView] <<==>> [android.view.accessibility.AccessibilityNodeInfo@330fde; boundsInParent: Rect(0, 0 - 144, 48); boundsInScreen: Rect(108, 170 - 252, 218); packageName: com.pekall.emdm; className: android.widget.TextView; text: ; contentDescription: null; viewIdResName: com.pekall.emdm:id/market_tab_text; checkable: false; checked: false; focusable: false; focused: false; selected: false; clickable: false; longClickable: false; enabled: true; password: false; scrollable: false; [ACTION_SELECT, ACTION_CLEAR_SELECTION, ACTION_ACCESSIBILITY_FOCUS, ACTION_NEXT_AT_MOVEMENT_GRANULARITY, ACTION_PREVIOUS_AT_MOVEMENT_GRANULARITY, ACTION_SET_SELECTION]]
07-14 13:29:48.440 D/AndroidRuntime(10685): Calling main entry com.qihoo360.powerctl.root.app.App
07-14 13:29:48.448 D/AndroidRuntime(10685): Shutting down VM
07-14 13:29:48.448 D/dalvikvm(10685): GC_CONCURRENT freed 114K, 22% free 467K/592K, paused 1ms+0ms, total 4ms
07-14 13:29:48.448 I/AndroidRuntime(10685): NOTE: attach of thread 'Binder_1' failed
07-14 13:29:48.573 D/InteractionController(10644): clickAndWaitForNewWindow(180, 194)
07-14 13:29:51.682 W/InteractionController(10644): runAndwaitForEvent timedout waiting for events
07-14 13:29:51.948 I/QueryController(10644): Matched selector: UiSelector[TEXT=2048] <<==>> [android.view.accessibility.AccessibilityNodeInfo@33b8cb; boundsInParent: Rect(0, 0 - 434, 43); boundsInScreen: Rect(136, 262 - 570, 305); packageName: com.pekall.emdm; className: android.widget.TextView; text: 2048; contentDescription: null; viewIdResName: com.pekall.emdm:id/market_item_name; checkable: false; checked: false; focusable: false; focused: false; selected: false; clickable: false; longClickable: false; enabled: true; password: false; scrollable: false; [ACTION_SELECT, ACTION_CLEAR_SELECTION, ACTION_ACCESSIBILITY_FOCUS, ACTION_NEXT_AT_MOVEMENT_GRANULARITY, ACTION_PREVIOUS_AT_MOVEMENT_GRANULARITY, ACTION_SET_SELECTION]]
07-14 13:29:51.963 I/AndroidRuntime(10644): VM exiting with result code 0.
07-14 13:29:52.846 D/AndroidRuntime(10700): 
07-14 13:29:52.846 D/AndroidRuntime(10700): >>>>>> AndroidRuntime START com.android.internal.os.RuntimeInit <<<<<<
07-14 13:29:52.846 D/AndroidRuntime(10700): CheckJNI is OFF
07-14 13:29:52.854 D/dalvikvm(10700): Trying to load lib libjavacore.so 0x0
07-14 13:29:52.862 D/dalvikvm(10700): Added shared lib libjavacore.so 0x0
07-14 13:29:52.877 D/dalvikvm(10700): Trying to load lib libnativehelper.so 0x0
07-14 13:29:52.877 D/dalvikvm(10700): Added shared lib libnativehelper.so 0x0
07-14 13:29:53.088 D/AndroidRuntime(10700): Calling main entry com.android.commands.uiautomator.Launcher
07-14 13:29:53.127 E/UiDevice(10700): Exceuting watcher: ANRWatcher
07-14 13:29:53.127 E/UiDevice(10700): java.lang.RuntimeException: UiDevice not initialized
07-14 13:29:53.127 E/UiDevice(10700): 	at com.android.uiautomator.core.UiDevice.getAutomatorBridge(UiDevice.java:87)
07-14 13:29:53.127 E/UiDevice(10700): 	at com.android.uiautomator.core.UiDevice.wakeUp(UiDevice.java:719)
07-14 13:29:53.127 E/UiDevice(10700): 	at com.pekall.test.mdmui.util.UiANRWatcher.checkForCondition(UiANRWatcher.java:23)
07-14 13:29:53.127 E/UiDevice(10700): 	at com.android.uiautomator.core.UiDevice.runWatchers(UiDevice.java:554)
07-14 13:29:53.127 E/UiDevice(10700): 	at com.pekall.test.mdmui.util.UiANRWatcher.run(UiANRWatcher.java:41)
07-14 13:29:53.127 E/UiDevice(10700): 	at com.pekall.test.mdmui.App.<clinit>(App.java:24)
07-14 13:29:53.127 E/UiDevice(10700): 	at java.lang.Class.newInstanceImpl(Native Method)
07-14 13:29:53.127 E/UiDevice(10700): 	at java.lang.Class.newInstance(Class.java:1130)
07-14 13:29:53.127 E/UiDevice(10700): 	at com.android.uiautomator.testrunner.TestCaseCollector.addSingleTestMethod(TestCaseCollector.java:110)
07-14 13:29:53.127 E/UiDevice(10700): 	at com.android.uiautomator.testrunner.TestCaseCollector.addTestClass(TestCaseCollector.java:86)
07-14 13:29:53.127 E/UiDevice(10700): 	at com.android.uiautomator.testrunner.TestCaseCollector.addTestClass(TestCaseCollector.java:72)
07-14 13:29:53.127 E/UiDevice(10700): 	at com.android.uiautomator.testrunner.TestCaseCollector.addTestClasses(TestCaseCollector.java:53)
07-14 13:29:53.127 E/UiDevice(10700): 	at com.android.uiautomator.testrunner.UiAutomatorTestRunner.start(UiAutomatorTestRunner.java:106)
07-14 13:29:53.127 E/UiDevice(10700): 	at com.android.uiautomator.testrunner.UiAutomatorTestRunner.run(UiAutomatorTestRunner.java:96)
07-14 13:29:53.127 E/UiDevice(10700): 	at com.android.commands.uiautomator.RunTestCommand.run(RunTestCommand.java:91)
07-14 13:29:53.127 E/UiDevice(10700): 	at com.android.commands.uiautomator.Launcher.main(Launcher.java:83)
07-14 13:29:53.127 E/UiDevice(10700): 	at com.android.internal.os.RuntimeInit.nativeFinishInit(Native Method)
07-14 13:29:53.127 E/UiDevice(10700): 	at com.android.internal.os.RuntimeInit.main(RuntimeInit.java:235)
07-14 13:29:53.127 E/UiDevice(10700): 	at dalvik.system.NativeStart.main(Native Method)
07-14 13:29:53.135 D/dalvikvm(10700): Note: class Landroid/app/ActivityManagerNative; has 163 unimplemented (abstract) methods
07-14 13:29:53.752 I/QueryController(10700): Matched selector: UiSelector[TEXT=, CLASS=android.widget.Button] <<==>> [android.view.accessibility.AccessibilityNodeInfo@33c40e; boundsInParent: Rect(0, 0 - 120, 52); boundsInScreen: Rect(580, 307 - 700, 359); packageName: com.pekall.emdm; className: android.widget.Button; text: ; contentDescription: null; viewIdResName: com.pekall.emdm:id/market_item_function_bt; checkable: false; checked: false; focusable: false; focused: false; selected: false; clickable: true; longClickable: false; enabled: true; password: false; scrollable: false; [ACTION_SELECT, ACTION_CLEAR_SELECTION, ACTION_CLICK, ACTION_ACCESSIBILITY_FOCUS, ACTION_NEXT_AT_MOVEMENT_GRANULARITY, ACTION_PREVIOUS_AT_MOVEMENT_GRANULARITY, ACTION_SET_SELECTION]]
07-14 13:29:53.760 D/InteractionController(10700): clickAndSync(640, 333)
07-14 13:29:53.893 D/MarketDatabaseHelper( 3494): [null:-1]->----------urlStr =by.game.binumbers
07-14 13:29:53.893 E/DB      ( 3494): bind, index: 1, value: by.game.binumbers
07-14 13:29:53.893 D/DB      ( 3494): query: SQLiteQuery: SELECT package, endPos, status, size, downloadUrl FROM app WHERE package=?
07-14 13:29:53.893 D/DB      ( 3494): factory null
07-14 13:29:53.893 D/DB      ( 3494): fillWindow: 0
07-14 13:29:53.893 D/DB      ( 3494): cursor 1
07-14 13:29:53.893 D/DB      ( 3494): moveToPos: 0
07-14 13:29:53.893 D/DB      ( 3494): onMove: 0
07-14 13:29:53.901 D/mdm_log ( 3494): [null:-1]->info.downLoadPos  : 0
07-14 13:29:53.901 D/mdm_log ( 3494): [null:-1]->file.length  : 0
07-14 13:29:53.908 I/ActivityManager(  374): No longer want com.dragon.android.pandaspace:bdservice_v1 (pid 10236): empty for 1805s
07-14 13:29:53.994 W/ActivityManager(  374): Scheduling restart of crashed service com.dragon.android.pandaspace/com.baidu.android.moplus.MoPlusService in 5000ms
07-14 13:29:54.080 D/DB      ( 3494): query: SQLiteQuery: SELECT * FROM app WHERE type = 51107
07-14 13:29:54.080 D/DB      ( 3494): factory null
07-14 13:29:54.080 D/DB      ( 3494): fillWindow: 0
07-14 13:29:54.080 D/DB      ( 3494): cursor 1
07-14 13:29:54.080 D/DB      ( 3494): moveToPos: 0
07-14 13:29:54.080 D/DB      ( 3494): onMove: 0
07-14 13:29:54.080 D/DB      ( 3494): query: SQLiteQuery: SELECT * FROM app WHERE readStatus =0
07-14 13:29:54.080 D/DB      ( 3494): factory null
07-14 13:29:54.080 D/DB      ( 3494): fillWindow: 0
07-14 13:29:54.080 D/DB      ( 3494): moveToPos: 1
07-14 13:29:54.080 D/DB      ( 3494): cursor 1
07-14 13:29:54.080 E/Mdm     ( 3494): Call Mdm service's recordIconCount function
07-14 13:29:54.088 D/mdm_log ( 3494): [null:-1]->lastModifiedDate : null
07-14 13:29:54.088 D/mdm_log ( 3494): [null:-1]->serverLastModifiedDate : null
07-14 13:29:55.658 I/QueryController(10700): Matched selector: UiSelector[TEXT=] <<==>> [android.view.accessibility.AccessibilityNodeInfo@33d312; boundsInParent: Rect(0, 0 - 96, 33); boundsInScreen: Rect(592, 264 - 688, 297); packageName: com.pekall.emdm; className: android.widget.TextView; text: ; contentDescription: null; viewIdResName: com.pekall.emdm:id/market_item_download_state; checkable: false; checked: false; focusable: false; focused: false; selected: false; clickable: false; longClickable: false; enabled: true; password: false; scrollable: false; [ACTION_SELECT, ACTION_CLEAR_SELECTION, ACTION_ACCESSIBILITY_FOCUS, ACTION_NEXT_AT_MOVEMENT_GRANULARITY, ACTION_PREVIOUS_AT_MOVEMENT_GRANULARITY, ACTION_SET_SELECTION]]
07-14 13:29:56.018 I/QueryController(10700): Matched selector: UiSelector[TEXT=] <<==>> [android.view.accessibility.AccessibilityNodeInfo@33c40e; boundsInParent: Rect(0, 0 - 120, 52); boundsInScreen: Rect(580, 307 - 700, 359); packageName: com.pekall.emdm; className: android.widget.Button; text: ; contentDescription: null; viewIdResName: com.pekall.emdm:id/market_item_function_bt; checkable: false; checked: false; focusable: false; focused: false; selected: false; clickable: true; longClickable: false; enabled: true; password: false; scrollable: false; [ACTION_SELECT, ACTION_CLEAR_SELECTION, ACTION_CLICK, ACTION_ACCESSIBILITY_FOCUS, ACTION_NEXT_AT_MOVEMENT_GRANULARITY, ACTION_PREVIOUS_AT_MOVEMENT_GRANULARITY, ACTION_SET_SELECTION]]
07-14 13:29:56.057 I/QueryController(10700): Matched selector: UiSelector[TEXT=, CLASS=android.widget.Button] <<==>> [android.view.accessibility.AccessibilityNodeInfo@33c40e; boundsInParent: Rect(0, 0 - 120, 52); boundsInScreen: Rect(580, 307 - 700, 359); packageName: com.pekall.emdm; className: android.widget.Button; text: ; contentDescription: null; viewIdResName: com.pekall.emdm:id/market_item_function_bt; checkable: false; checked: false; focusable: false; focused: false; selected: false; clickable: true; longClickable: false; enabled: true; password: false; scrollable: false; [ACTION_SELECT, ACTION_CLEAR_SELECTION, ACTION_CLICK, ACTION_ACCESSIBILITY_FOCUS, ACTION_NEXT_AT_MOVEMENT_GRANULARITY, ACTION_PREVIOUS_AT_MOVEMENT_GRANULARITY, ACTION_SET_SELECTION]]
07-14 13:29:56.065 D/InteractionController(10700): clickAndSync(640, 333)
07-14 13:29:56.205 D/mdm_log ( 3494): [null:-1]->user cancel download
07-14 13:29:56.205 W/System.err( 3494): java.io.IOException: stream closed
07-14 13:29:56.213 W/System.err( 3494): 	at libcore.net.http.AbstractHttpInputStream.checkNotClosed(AbstractHttpInputStream.java:68)
07-14 13:29:56.213 W/System.err( 3494): 	at libcore.net.http.FixedLengthInputStream.read(FixedLengthInputStream.java:41)
07-14 13:29:56.213 W/System.err( 3494): 	at java.io.InputStream.read(InputStream.java:163)
07-14 13:29:56.213 W/System.err( 3494): 	at com.pekall.emdm.market.a.f.b(Unknown Source)
07-14 13:29:56.213 W/System.err( 3494): 	at com.pekall.emdm.market.a.f.run(Unknown Source)
07-14 13:29:56.213 W/System.err( 3494): 	at java.util.concurrent.ThreadPoolExecutor.runWorker(ThreadPoolExecutor.java:1080)
07-14 13:29:56.213 W/System.err( 3494): 	at java.util.concurrent.ThreadPoolExecutor$Worker.run(ThreadPoolExecutor.java:573)
07-14 13:29:56.213 W/System.err( 3494): 	at java.lang.Thread.run(Thread.java:841)
07-14 13:29:56.877 I/QueryController(10700): Matched selector: UiSelector[TEXT=, CLASS=android.widget.Button] <<==>> [android.view.accessibility.AccessibilityNodeInfo@33c40e; boundsInParent: Rect(0, 0 - 120, 52); boundsInScreen: Rect(580, 307 - 700, 359); packageName: com.pekall.emdm; className: android.widget.Button; text: ; contentDescription: null; viewIdResName: com.pekall.emdm:id/market_item_function_bt; checkable: false; checked: false; focusable: false; focused: false; selected: false; clickable: true; longClickable: false; enabled: true; password: false; scrollable: false; [ACTION_SELECT, ACTION_CLEAR_SELECTION, ACTION_CLICK, ACTION_ACCESSIBILITY_FOCUS, ACTION_NEXT_AT_MOVEMENT_GRANULARITY, ACTION_PREVIOUS_AT_MOVEMENT_GRANULARITY, ACTION_SET_SELECTION]]
07-14 13:29:56.885 D/InteractionController(10700): clickAndWaitForNewWindow(640, 333)
07-14 13:29:57.002 D/mdm_log ( 3494): [null:-1]->info.downLoadPos  : 363520
07-14 13:29:57.002 D/mdm_log ( 3494): [null:-1]->file.length  : 363520
07-14 13:29:57.127 D/DB      ( 3494): query: SQLiteQuery: SELECT * FROM app WHERE readStatus =0
07-14 13:29:57.127 D/DB      ( 3494): factory null
07-14 13:29:57.127 D/DB      ( 3494): fillWindow: 0
07-14 13:29:57.127 D/DB      ( 3494): cursor 1
07-14 13:29:57.127 D/DB      ( 3494): query: SQLiteQuery: SELECT * FROM app WHERE type = 51107
07-14 13:29:57.127 D/DB      ( 3494): factory null
07-14 13:29:57.127 D/DB      ( 3494): fillWindow: 0
07-14 13:29:57.127 D/DB      ( 3494): cursor 1
07-14 13:29:57.135 D/DB      ( 3494): moveToPos: 0
07-14 13:29:57.135 D/DB      ( 3494): onMove: 0
07-14 13:29:57.135 D/DB      ( 3494): moveToPos: 1
07-14 13:29:57.135 E/Mdm     ( 3494): Call Mdm service's recordIconCount function
07-14 13:29:57.135 D/mdm_log ( 3494): [null:-1]->lastModifiedDate : null
07-14 13:29:57.135 D/mdm_log ( 3494): [null:-1]->serverLastModifiedDate : null
07-14 13:29:59.026 I/ActivityManager(  374): Start proc com.dragon.android.pandaspace:bdservice_v1 for service com.dragon.android.pandaspace/com.baidu.android.moplus.MoPlusService: pid=10720 uid=10081 gids={50081, 1015, 3003, 1006, 1028}
07-14 13:29:59.041 I/dalvikvm(10720): Turning on JNI app bug workarounds for target SDK version 8...
07-14 13:29:59.244 D/dalvikvm(10720): Trying to load lib /data/app-lib/com.dragon.android.pandaspace-1/libroot.so 0x4280c778
07-14 13:29:59.244 D/dalvikvm(10720): Added shared lib /data/app-lib/com.dragon.android.pandaspace-1/libroot.so 0x4280c778
07-14 13:29:59.244 I/RootJni (10720): JNI_OnLoad......
07-14 13:29:59.565 D/dalvikvm(10720): GC_CONCURRENT freed 281K, 4% free 9079K/9400K, paused 12ms+4ms, total 63ms
07-14 13:29:59.721 D/dalvikvm(10720): GC_CONCURRENT freed 304K, 4% free 9218K/9560K, paused 4ms+4ms, total 31ms
07-14 13:29:59.846 D/dalvikvm(10720): GC_CONCURRENT freed 278K, 4% free 9444K/9760K, paused 9ms+9ms, total 45ms
07-14 13:29:59.846 D/dalvikvm(10720): WAIT_FOR_CONCURRENT_GC blocked 20ms
07-14 13:29:59.932 D/dalvikvm(10720): GC_CONCURRENT freed 371K, 5% free 9541K/9988K, paused 4ms+3ms, total 40ms
07-14 13:29:59.932 D/dalvikvm(10720): WAIT_FOR_CONCURRENT_GC blocked 27ms
07-14 13:29:59.987 W/InteractionController(10700): runAndwaitForEvent timedout waiting for events
07-14 13:30:00.018 D/dalvikvm(10720): GC_CONCURRENT freed 426K, 5% free 9595K/10084K, paused 4ms+7ms, total 45ms
07-14 13:30:00.018 D/dalvikvm(10720): WAIT_FOR_CONCURRENT_GC blocked 18ms
07-14 13:30:00.065 I/dalvikvm(10720): Failed resolving Lcom/baidu/android/nebula/util/BDLocationManager$BaiduLocationListener; interface 1167 'Lcom/baidu/location/BDLocationListener;'
07-14 13:30:00.065 W/dalvikvm(10720): Link of class 'Lcom/baidu/android/nebula/util/BDLocationManager$BaiduLocationListener;' failed
07-14 13:30:00.065 W/dalvikvm(10720): VFY: unable to find class referenced in signature (Lcom/baidu/location/LocationClient;)
07-14 13:30:00.073 I/dalvikvm(10720): Failed resolving Lcom/baidu/android/nebula/util/BDLocationManager$BaiduLocationListener; interface 1167 'Lcom/baidu/location/BDLocationListener;'
07-14 13:30:00.073 W/dalvikvm(10720): Link of class 'Lcom/baidu/android/nebula/util/BDLocationManager$BaiduLocationListener;' failed
07-14 13:30:00.073 I/dalvikvm(10720): Failed resolving Lcom/baidu/android/nebula/util/BDLocationManager$BaiduLocationListener; interface 1167 'Lcom/baidu/location/BDLocationListener;'
07-14 13:30:00.073 W/dalvikvm(10720): Link of class 'Lcom/baidu/android/nebula/util/BDLocationManager$BaiduLocationListener;' failed
07-14 13:30:00.073 I/dalvikvm(10720): Could not find method com.baidu.location.LocationClient.unRegisterLocationListener, referenced from method com.baidu.android.nebula.util.BDLocationManager.d
07-14 13:30:00.073 W/dalvikvm(10720): VFY: unable to resolve virtual method 7875: Lcom/baidu/location/LocationClient;.unRegisterLocationListener (Lcom/baidu/location/BDLocationListener;)V
07-14 13:30:00.073 D/dalvikvm(10720): VFY: replacing opcode 0x6e at 0x0012
07-14 13:30:00.073 E/dalvikvm(10720): Could not find class 'com.baidu.location.LocationClient', referenced from method com.baidu.android.nebula.util.BDLocationManager.e
07-14 13:30:00.073 W/dalvikvm(10720): VFY: unable to resolve new-instance 1168 (Lcom/baidu/location/LocationClient;) in Lcom/baidu/android/nebula/util/BDLocationManager;
07-14 13:30:00.073 D/dalvikvm(10720): VFY: replacing opcode 0x22 at 0x0000
07-14 13:30:00.073 E/dalvikvm(10720): Could not find class 'com.baidu.location.LocationClientOption', referenced from method com.baidu.android.nebula.util.BDLocationManager.f
07-14 13:30:00.073 W/dalvikvm(10720): VFY: unable to resolve new-instance 1169 (Lcom/baidu/location/LocationClientOption;) in Lcom/baidu/android/nebula/util/BDLocationManager;
07-14 13:30:00.073 D/dalvikvm(10720): VFY: replacing opcode 0x22 at 0x0000
07-14 13:30:00.080 W/dalvikvm(10720): VFY: unable to find class referenced in signature (Lcom/baidu/location/LocationClientOption;)
07-14 13:30:00.080 I/dalvikvm(10720): Could not find method com.baidu.location.LocationClientOption.setOpenGps, referenced from method com.baidu.android.nebula.util.BDLocationManager.a
07-14 13:30:00.080 W/dalvikvm(10720): VFY: unable to resolve virtual method 7879: Lcom/baidu/location/LocationClientOption;.setOpenGps (Z)V
07-14 13:30:00.080 D/dalvikvm(10720): VFY: replacing opcode 0x6e at 0x0009
07-14 13:30:00.080 D/dalvikvm(10720): DexOpt: unable to opt direct call 0x1ebc at 0x04 in Lcom/baidu/android/nebula/util/BDLocationManager;.e
07-14 13:30:00.080 I/dalvikvm(10720): Failed resolving Lcom/baidu/android/nebula/util/BDLocationManager$BaiduLocationListener; interface 1167 'Lcom/baidu/location/BDLocationListener;'
07-14 13:30:00.080 W/dalvikvm(10720): Link of class 'Lcom/baidu/android/nebula/util/BDLocationManager$BaiduLocationListener;' failed
07-14 13:30:00.080 D/dalvikvm(10720): DexOpt: unable to opt direct call 0x1cca at 0x0b in Lcom/baidu/android/nebula/util/BDLocationManager;.e
07-14 13:30:00.080 D/dalvikvm(10720): DexOpt: unable to opt direct call 0x1ec4 at 0x02 in Lcom/baidu/android/nebula/util/BDLocationManager;.f
07-14 13:30:00.158 D/dalvikvm(10720): GC_CONCURRENT freed 726K, 8% free 9352K/10116K, paused 3ms+5ms, total 52ms
07-14 13:30:00.291 D/dalvikvm(10720): GC_CONCURRENT freed 112K, 4% free 9751K/10116K, paused 6ms+5ms, total 47ms
07-14 13:30:00.291 D/dalvikvm(10720): WAIT_FOR_CONCURRENT_GC blocked 1ms
07-14 13:30:01.018 D/dalvikvm( 1052): GC_CONCURRENT freed 457K, 11% free 10003K/11168K, paused 8ms+7ms, total 67ms
07-14 13:30:01.244 V/DigitalWidgetViewsFactory( 2502): DigitalWidget sets next alarm string to null
07-14 13:30:03.932 D/dalvikvm(10700): GC_FOR_ALLOC freed 7557K, 93% free 633K/8192K, paused 47ms, total 47ms
07-14 13:30:04.174 D/dalvikvm(10700): GC_CONCURRENT freed 387K, 92% free 685K/8192K, paused 2ms+4ms, total 14ms
07-14 13:30:04.424 D/dalvikvm(10700): GC_CONCURRENT freed 461K, 76% free 626K/2548K, paused 0ms+1ms, total 12ms
07-14 13:30:04.666 D/dalvikvm(10700): GC_CONCURRENT freed 388K, 76% free 623K/2548K, paused 2ms+1ms, total 8ms
07-14 13:30:04.908 D/dalvikvm(10700): GC_CONCURRENT freed 383K, 76% free 627K/2548K, paused 2ms+0ms, total 8ms
07-14 13:30:05.158 D/dalvikvm(10700): GC_CONCURRENT freed 389K, 76% free 623K/2548K, paused 1ms+1ms, total 7ms
07-14 13:30:05.416 D/dalvikvm(10700): GC_CONCURRENT freed 383K, 76% free 626K/2548K, paused 1ms+1ms, total 7ms
07-14 13:30:05.666 D/dalvikvm(10700): GC_CONCURRENT freed 389K, 76% free 623K/2548K, paused 0ms+0ms, total 6ms
07-14 13:30:05.924 D/dalvikvm(10700): GC_CONCURRENT freed 366K, 75% free 644K/2548K, paused 2ms+1ms, total 9ms
07-14 13:30:06.158 D/dalvikvm(10700): GC_CONCURRENT freed 406K, 76% free 623K/2548K, paused 0ms+0ms, total 6ms
07-14 13:30:06.401 D/dalvikvm(10700): GC_CONCURRENT freed 384K, 76% free 625K/2548K, paused 1ms+1ms, total 9ms
07-14 13:30:06.635 D/dalvikvm(10700): GC_CONCURRENT freed 388K, 76% free 623K/2548K, paused 2ms+1ms, total 8ms
07-14 13:30:06.869 D/dalvikvm(10700): GC_CONCURRENT freed 386K, 76% free 623K/2548K, paused 0ms+1ms, total 7ms
07-14 13:30:07.127 D/dalvikvm(10700): GC_CONCURRENT freed 386K, 76% free 622K/2548K, paused 1ms+1ms, total 6ms
07-14 13:30:07.385 D/dalvikvm(10700): GC_CONCURRENT freed 362K, 75% free 647K/2548K, paused 1ms+1ms, total 8ms
07-14 13:30:07.643 D/dalvikvm(10700): GC_CONCURRENT freed 410K, 76% free 622K/2548K, paused 0ms+1ms, total 7ms
07-14 13:30:07.893 D/dalvikvm(10700): GC_CONCURRENT freed 382K, 76% free 627K/2548K, paused 1ms+1ms, total 7ms
07-14 13:30:08.143 D/dalvikvm(10700): GC_CONCURRENT freed 390K, 76% free 622K/2548K, paused 0ms+1ms, total 7ms
07-14 13:30:08.401 D/dalvikvm(10700): GC_CONCURRENT freed 386K, 76% free 623K/2548K, paused 1ms+1ms, total 7ms
07-14 13:30:08.651 D/dalvikvm(10700): GC_CONCURRENT freed 386K, 76% free 622K/2548K, paused 0ms+0ms, total 6ms
07-14 13:30:08.893 D/dalvikvm(10700): GC_CONCURRENT freed 362K, 75% free 647K/2548K, paused 1ms+0ms, total 7ms
07-14 13:30:09.151 D/dalvikvm(10700): GC_CONCURRENT freed 410K, 76% free 623K/2548K, paused 1ms+1ms, total 7ms
07-14 13:30:09.158 D/mdm_log ( 3494): [null:-1]->read buffer is -1 , download done
07-14 13:30:09.190 D/mdm_log ( 3494): [null:-1]->file download complete! url is/storage/emulated/0/MDM/download/bygamebinumbers.apk
07-14 13:30:09.229 D/mdm_log ( 3494): [null:-1]->call  refresh in onDownLoadComplete
07-14 13:30:09.229 D/mdm_log ( 3494): [null:-1]->call  refresh in onDownLoadComplete
07-14 13:30:09.401 D/dalvikvm(10700): GC_CONCURRENT freed 386K, 76% free 627K/2548K, paused 0ms+0ms, total 6ms
07-14 13:30:10.033 I/QueryController(10700): Matched selector: UiSelector[TEXT=] <<==>> [android.view.accessibility.AccessibilityNodeInfo@33c40e; boundsInParent: Rect(0, 0 - 120, 52); boundsInScreen: Rect(580, 307 - 700, 359); packageName: com.pekall.emdm; className: android.widget.Button; text: ; contentDescription: null; viewIdResName: com.pekall.emdm:id/market_item_function_bt; checkable: false; checked: false; focusable: false; focused: false; selected: false; clickable: true; longClickable: false; enabled: true; password: false; scrollable: false; [ACTION_SELECT, ACTION_CLEAR_SELECTION, ACTION_CLICK, ACTION_ACCESSIBILITY_FOCUS, ACTION_NEXT_AT_MOVEMENT_GRANULARITY, ACTION_PREVIOUS_AT_MOVEMENT_GRANULARITY, ACTION_SET_SELECTION]]
07-14 13:30:10.065 I/QueryController(10700): Matched selector: UiSelector[TEXT=, CLASS=android.widget.Button] <<==>> [android.view.accessibility.AccessibilityNodeInfo@33c40e; boundsInParent: Rect(0, 0 - 120, 52); boundsInScreen: Rect(580, 307 - 700, 359); packageName: com.pekall.emdm; className: android.widget.Button; text: ; contentDescription: null; viewIdResName: com.pekall.emdm:id/market_item_function_bt; checkable: false; checked: false; focusable: false; focused: false; selected: false; clickable: true; longClickable: false; enabled: true; password: false; scrollable: false; [ACTION_SELECT, ACTION_CLEAR_SELECTION, ACTION_CLICK, ACTION_ACCESSIBILITY_FOCUS, ACTION_NEXT_AT_MOVEMENT_GRANULARITY, ACTION_PREVIOUS_AT_MOVEMENT_GRANULARITY, ACTION_SET_SELECTION]]
07-14 13:30:10.073 D/InteractionController(10700): clickAndWaitForNewWindow(640, 333)
07-14 13:30:10.073 D/dalvikvm(10700): GC_CONCURRENT freed 384K, 75% free 646K/2548K, paused 1ms+1ms, total 7ms
07-14 13:30:10.198 I/ActivityManager(  374): START u0 {act=android.intent.action.VIEW dat=file:///storage/emulated/0/MDM/download/bygamebinumbers.apk typ=application/vnd.android.package-archive flg=0x10000000 cmp=com.android.packageinstaller/.PackageInstallerActivity} from pid 3494
07-14 13:30:10.205 D/MdmApplication( 3494): [null:-1]->onActivityPaused market.activity.AppListActivity , mActivityCount = 3
07-14 13:30:10.213 D/MDM :   ( 3494): [null:-1]->query
07-14 13:30:10.213 D/MDM :   ( 3494): [null:-1]->QUERY_PINCODE_CHECK_RESULT
07-14 13:30:10.213 E/Mdm     ( 3494): Call Mdm service's setLastExitTime function
07-14 13:30:10.385 D/dalvikvm( 6774): GC_CONCURRENT freed 250K, 4% free 9367K/9660K, paused 3ms+3ms, total 49ms
07-14 13:30:10.385 D/dalvikvm( 6774): WAIT_FOR_CONCURRENT_GC blocked 16ms
07-14 13:30:10.424 D/dalvikvm( 6774): GC_FOR_ALLOC freed 364K, 6% free 9330K/9916K, paused 21ms, total 22ms
07-14 13:30:10.479 D/dalvikvm( 3494): JIT code cache reset in 9 ms (1048496 bytes 4/0)
07-14 13:30:10.526 D/dalvikvm( 3494): GC_CONCURRENT freed 4726K, 18% free 22814K/27644K, paused 6ms+39ms, total 219ms
07-14 13:30:10.580 D/dalvikvm( 6774): GC_CONCURRENT freed 176K, 3% free 9651K/9916K, paused 3ms+3ms, total 28ms
07-14 13:30:10.580 D/dalvikvm( 6774): WAIT_FOR_CONCURRENT_GC blocked 6ms
07-14 13:30:10.698 D/dalvikvm( 6774): GC_CONCURRENT freed 269K, 3% free 9895K/10200K, paused 2ms+3ms, total 28ms
07-14 13:30:10.698 D/dalvikvm( 6774): WAIT_FOR_CONCURRENT_GC blocked 7ms
07-14 13:30:10.721 D/AndroidRuntime( 6774): Shutting down VM
07-14 13:30:10.721 W/dalvikvm( 6774): threadid=1: thread exiting with uncaught exception (group=0x41f53700)
07-14 13:30:10.729 E/AndroidRuntime( 6774): FATAL EXCEPTION: main
07-14 13:30:10.729 E/AndroidRuntime( 6774): java.lang.RuntimeException: Unable to start activity ComponentInfo{com.android.packageinstaller/com.android.packageinstaller.PackageInstallerActivity}: java.lang.SecurityException: META-INF/CERT.SF has invalid digest for res/drawable-xhdpi/abc_ic_menu_moreoverflow_normal_holo_light.png in /storage/emulated/0/MDM/download/bygamebinumbers.apk
07-14 13:30:10.729 E/AndroidRuntime( 6774): 	at android.app.ActivityThread.performLaunchActivity(ActivityThread.java:2211)
07-14 13:30:10.729 E/AndroidRuntime( 6774): 	at android.app.ActivityThread.handleLaunchActivity(ActivityThread.java:2261)
07-14 13:30:10.729 E/AndroidRuntime( 6774): 	at android.app.ActivityThread.access$600(ActivityThread.java:141)
07-14 13:30:10.729 E/AndroidRuntime( 6774): 	at android.app.ActivityThread$H.handleMessage(ActivityThread.java:1256)
07-14 13:30:10.729 E/AndroidRuntime( 6774): 	at android.os.Handler.dispatchMessage(Handler.java:99)
07-14 13:30:10.729 E/AndroidRuntime( 6774): 	at android.os.Looper.loop(Looper.java:137)
07-14 13:30:10.729 E/AndroidRuntime( 6774): 	at android.app.ActivityThread.main(ActivityThread.java:5103)
07-14 13:30:10.729 E/AndroidRuntime( 6774): 	at java.lang.reflect.Method.invokeNative(Native Method)
07-14 13:30:10.729 E/AndroidRuntime( 6774): 	at java.lang.reflect.Method.invoke(Method.java:525)
07-14 13:30:10.729 E/AndroidRuntime( 6774): 	at com.android.internal.os.ZygoteInit$MethodAndArgsCaller.run(ZygoteInit.java:737)
07-14 13:30:10.729 E/AndroidRuntime( 6774): 	at com.android.internal.os.ZygoteInit.main(ZygoteInit.java:553)
07-14 13:30:10.729 E/AndroidRuntime( 6774): 	at dalvik.system.NativeStart.main(Native Method)
07-14 13:30:10.729 E/AndroidRuntime( 6774): Caused by: java.lang.SecurityException: META-INF/CERT.SF has invalid digest for res/drawable-xhdpi/abc_ic_menu_moreoverflow_normal_holo_light.png in /storage/emulated/0/MDM/download/bygamebinumbers.apk
07-14 13:30:10.729 E/AndroidRuntime( 6774): 	at java.util.jar.JarVerifier.invalidDigest(JarVerifier.java:141)
07-14 13:30:10.729 E/AndroidRuntime( 6774): 	at java.util.jar.JarVerifier.verifyCertificate(JarVerifier.java:360)
07-14 13:30:10.729 E/AndroidRuntime( 6774): 	at java.util.jar.JarVerifier.readCertificates(JarVerifier.java:263)
07-14 13:30:10.729 E/AndroidRuntime( 6774): 	at java.util.jar.JarFile.getInputStream(JarFile.java:379)
07-14 13:30:10.729 E/AndroidRuntime( 6774): 	at android.content.pm.PackageParser.collectManifestDigest(PackageParser.java:583)
07-14 13:30:10.729 E/AndroidRuntime( 6774): 	at com.android.packageinstaller.PackageUtil.getPackageInfo(PackageUtil.java:78)
07-14 13:30:10.729 E/AndroidRuntime( 6774): 	at com.android.packageinstaller.PackageInstallerActivity.onCreate(PackageInstallerActivity.java:382)
07-14 13:30:10.729 E/AndroidRuntime( 6774): 	at android.app.Activity.performCreate(Activity.java:5133)
07-14 13:30:10.729 E/AndroidRuntime( 6774): 	at android.app.Instrumentation.callActivityOnCreate(Instrumentation.java:1087)
07-14 13:30:10.729 E/AndroidRuntime( 6774): 	at android.app.ActivityThread.performLaunchActivity(ActivityThread.java:2175)
07-14 13:30:10.729 E/AndroidRuntime( 6774): 	... 11 more
07-14 13:30:10.737 W/ActivityManager(  374):   Force finishing activity com.android.packageinstaller/.PackageInstallerActivity
07-14 13:30:11.244 W/ActivityManager(  374): Activity pause timeout for ActivityRecord{43079260 u0 com.android.packageinstaller/.PackageInstallerActivity}
07-14 13:30:20.213 W/ActivityManager(  374): Launch timeout has expired, giving up wake lock!
07-14 13:30:20.244 W/ActivityManager(  374): Activity idle timeout for ActivityRecord{43079260 u0 com.android.packageinstaller/.PackageInstallerActivity}
07-14 13:30:20.854 D/dalvikvm(10700): GC_CONCURRENT freed 435K, 77% free 598K/2500K, paused 2ms+2ms, total 13ms
07-14 13:30:21.252 W/ActivityManager(  374): Activity idle timeout for ActivityRecord{42f40a30 u0 com.android.packageinstaller/.UninstallerActivity}
07-14 13:30:22.291 D/LightsService(  374): Excessive delay setting light: 67ms
07-14 13:30:22.557 D/LightsService(  374): Excessive delay setting light: 67ms
07-14 13:30:23.932 D/LightsService(  374): Excessive delay setting light: 68ms
07-14 13:30:24.018 D/dalvikvm(10700): GC_CONCURRENT freed 394K, 77% free 593K/2500K, paused 0ms+1ms, total 6ms
07-14 13:30:24.166 D/LightsService(  374): Excessive delay setting light: 66ms
07-14 13:30:24.198 D/dalvikvm(10700): GC_CONCURRENT freed 381K, 77% free 596K/2500K, paused 2ms+1ms, total 8ms
07-14 13:30:24.354 D/dalvikvm(10700): GC_CONCURRENT freed 397K, 77% free 590K/2500K, paused 1ms+0ms, total 6ms
07-14 13:30:24.533 D/dalvikvm(10700): GC_CONCURRENT freed 391K, 77% free 596K/2500K, paused 1ms+1ms, total 7ms
07-14 13:30:24.705 D/dalvikvm(10700): GC_CONCURRENT freed 398K, 77% free 595K/2500K, paused 0ms+0ms, total 6ms
07-14 13:30:24.846 D/dalvikvm(10700): GC_CONCURRENT freed 398K, 77% free 595K/2500K, paused 1ms+1ms, total 7ms
07-14 13:30:24.987 D/dalvikvm(10700): GC_CONCURRENT freed 383K, 77% free 595K/2500K, paused 2ms+0ms, total 7ms
07-14 13:30:25.119 D/dalvikvm(10700): GC_CONCURRENT freed 398K, 77% free 591K/2500K, paused 0ms+1ms, total 6ms
07-14 13:30:25.291 D/dalvikvm(10700): GC_CONCURRENT freed 391K, 77% free 594K/2500K, paused 1ms+1ms, total 7ms
07-14 13:30:25.424 D/dalvikvm(  374): GC_CONCURRENT freed 3347K, 32% free 18729K/27344K, paused 5ms+12ms, total 160ms
07-14 13:30:25.487 D/dalvikvm(10700): GC_CONCURRENT freed 385K, 77% free 593K/2500K, paused 1ms+1ms, total 7ms
07-14 13:30:25.619 D/dalvikvm(10700): GC_CONCURRENT freed 378K, 77% free 598K/2500K, paused 1ms+0ms, total 7ms
07-14 13:30:25.760 D/dalvikvm(10700): GC_CONCURRENT freed 390K, 77% free 591K/2500K, paused 2ms+1ms, total 8ms
07-14 13:30:25.901 D/dalvikvm(10700): GC_CONCURRENT freed 385K, 77% free 591K/2500K, paused 1ms+0ms, total 8ms
07-14 13:30:26.041 D/dalvikvm(10700): GC_CONCURRENT freed 378K, 77% free 597K/2500K, paused 2ms+1ms, total 9ms
07-14 13:30:26.174 D/dalvikvm(10700): GC_CONCURRENT freed 385K, 77% free 595K/2500K, paused 2ms+1ms, total 8ms
07-14 13:30:26.307 D/dalvikvm(10700): GC_CONCURRENT freed 389K, 77% free 590K/2500K, paused 2ms+1ms, total 7ms
07-14 13:30:26.448 D/dalvikvm(10700): GC_CONCURRENT freed 380K, 77% free 593K/2500K, paused 2ms+0ms, total 7ms
07-14 13:30:26.573 D/dalvikvm(10700): GC_CONCURRENT freed 391K, 77% free 596K/2500K, paused 1ms+1ms, total 7ms
07-14 13:30:26.713 D/dalvikvm(10700): GC_CONCURRENT freed 385K, 77% free 595K/2500K, paused 2ms+0ms, total 7ms
07-14 13:30:26.846 D/dalvikvm(10700): GC_CONCURRENT freed 391K, 77% free 596K/2500K, paused 2ms+1ms, total 8ms
07-14 13:30:26.979 D/dalvikvm(10700): GC_CONCURRENT freed 385K, 77% free 594K/2500K, paused 2ms+1ms, total 8ms
07-14 13:30:27.112 D/dalvikvm(10700): GC_CONCURRENT freed 380K, 77% free 598K/2500K, paused 2ms+1ms, total 7ms
07-14 13:30:27.244 D/dalvikvm(10700): GC_CONCURRENT freed 388K, 77% free 593K/2500K, paused 1ms+0ms, total 7ms
07-14 13:30:27.377 D/dalvikvm(10700): GC_CONCURRENT freed 385K, 77% free 591K/2500K, paused 2ms+1ms, total 8ms
07-14 13:30:27.510 D/dalvikvm(10700): GC_CONCURRENT freed 392K, 77% free 595K/2500K, paused 4ms+1ms, total 9ms
07-14 13:30:27.651 D/dalvikvm(10700): GC_CONCURRENT freed 396K, 77% free 595K/2500K, paused 1ms+1ms, total 7ms
07-14 13:30:27.705 W/Settings( 2019): Setting airplane_mode_on has moved from android.provider.Settings.System to android.provider.Settings.Global, returning read-only value.
07-14 13:30:27.705 W/Settings( 2019): Setting mobile_data has moved from android.provider.Settings.Secure to android.provider.Settings.Global.
07-14 13:30:27.705 D/BluetoothAdapter( 2019): 1116407520: getState() :  mService = null. Returning STATE_OFF
07-14 13:30:27.713 W/Settings( 2019): Setting airplane_mode_on has moved from android.provider.Settings.System to android.provider.Settings.Global, returning read-only value.
07-14 13:30:27.729 W/Settings( 2019): Setting airplane_mode_on has moved from android.provider.Settings.System to android.provider.Settings.Global, returning read-only value.
07-14 13:30:27.729 W/Settings( 2019): Setting mobile_data has moved from android.provider.Settings.Secure to android.provider.Settings.Global.
07-14 13:30:27.729 D/BluetoothAdapter( 2019): 1116407520: getState() :  mService = null. Returning STATE_OFF
07-14 13:30:27.729 W/Settings( 2019): Setting airplane_mode_on has moved from android.provider.Settings.System to android.provider.Settings.Global, returning read-only value.
07-14 13:30:28.291 D/dalvikvm(10700): GC_CONCURRENT freed 382K, 76% free 604K/2500K, paused 1ms+1ms, total 7ms
07-14 13:30:28.424 D/dalvikvm(10700): GC_CONCURRENT freed 386K, 76% free 602K/2500K, paused 2ms+1ms, total 9ms
07-14 13:30:28.565 D/dalvikvm(10700): GC_CONCURRENT freed 392K, 76% free 603K/2500K, paused 0ms+0ms, total 6ms
07-14 13:30:28.698 D/dalvikvm(10700): GC_CONCURRENT freed 384K, 76% free 603K/2500K, paused 2ms+1ms, total 8ms
07-14 13:30:28.830 D/dalvikvm(10700): GC_CONCURRENT freed 392K, 76% free 603K/2500K, paused 1ms+1ms, total 7ms
07-14 13:30:28.963 D/dalvikvm(10700): GC_CONCURRENT freed 384K, 76% free 602K/2500K, paused 2ms+1ms, total 8ms
07-14 13:30:29.096 D/dalvikvm(10700): GC_CONCURRENT freed 392K, 76% free 604K/2500K, paused 0ms+1ms, total 6ms
07-14 13:30:29.229 D/dalvikvm(10700): GC_CONCURRENT freed 384K, 76% free 604K/2500K, paused 2ms+1ms, total 8ms
07-14 13:30:29.362 D/dalvikvm(10700): GC_CONCURRENT freed 392K, 76% free 604K/2500K, paused 0ms+0ms, total 7ms
07-14 13:30:29.494 D/dalvikvm(10700): GC_CONCURRENT freed 384K, 76% free 604K/2500K, paused 1ms+0ms, total 7ms
07-14 13:30:29.627 D/dalvikvm(10700): GC_CONCURRENT freed 397K, 77% free 599K/2500K, paused 1ms+1ms, total 7ms
07-14 13:30:29.760 D/dalvikvm(10700): GC_CONCURRENT freed 379K, 76% free 603K/2500K, paused 2ms+0ms, total 7ms
07-14 13:30:29.893 D/dalvikvm(10700): GC_CONCURRENT freed 391K, 76% free 605K/2500K, paused 1ms+1ms, total 7ms
07-14 13:30:30.018 D/dalvikvm(10700): GC_CONCURRENT freed 385K, 76% free 604K/2500K, paused 1ms+1ms, total 7ms
07-14 13:30:30.143 D/dalvikvm(10700): GC_CONCURRENT freed 392K, 76% free 604K/2500K, paused 0ms+1ms, total 6ms
07-14 13:30:30.244 W/ActivityManager(  374): Activity destroy timeout for ActivityRecord{43079260 u0 com.android.packageinstaller/.PackageInstallerActivity}
07-14 13:30:30.276 D/dalvikvm(10700): GC_CONCURRENT freed 384K, 76% free 603K/2500K, paused 2ms+1ms, total 8ms
07-14 13:30:30.408 D/dalvikvm(10700): GC_CONCURRENT freed 391K, 76% free 605K/2500K, paused 1ms+1ms, total 7ms
07-14 13:30:30.588 D/dalvikvm(10700): GC_CONCURRENT freed 385K, 76% free 604K/2500K, paused 2ms+1ms, total 8ms
07-14 13:30:30.627 D/dalvikvm(  374): GC_CONCURRENT freed 2565K, 33% free 18542K/27344K, paused 4ms+10ms, total 138ms
07-14 13:30:30.752 D/dalvikvm(10700): GC_CONCURRENT freed 392K, 76% free 604K/2500K, paused 1ms+1ms, total 7ms
07-14 13:30:30.877 D/dalvikvm(10700): GC_CONCURRENT freed 384K, 76% free 604K/2500K, paused 2ms+1ms, total 8ms
07-14 13:30:31.010 D/dalvikvm(10700): GC_CONCURRENT freed 391K, 76% free 604K/2500K, paused 1ms+0ms, total 7ms
07-14 13:30:31.143 D/dalvikvm(10700): GC_CONCURRENT freed 385K, 76% free 603K/2500K, paused 2ms+1ms, total 8ms
07-14 13:30:31.276 D/dalvikvm(10700): GC_CONCURRENT freed 392K, 76% free 604K/2500K, paused 0ms+1ms, total 6ms
07-14 13:30:31.401 D/dalvikvm(10700): GC_CONCURRENT freed 384K, 76% free 603K/2500K, paused 2ms+1ms, total 8ms
07-14 13:30:31.541 D/dalvikvm(10700): GC_CONCURRENT freed 392K, 76% free 605K/2500K, paused 1ms+1ms, total 8ms
07-14 13:30:31.666 D/dalvikvm(10700): GC_CONCURRENT freed 385K, 76% free 604K/2500K, paused 2ms+1ms, total 8ms
07-14 13:30:31.799 D/dalvikvm(10700): GC_CONCURRENT freed 397K, 77% free 599K/2500K, paused 1ms+1ms, total 7ms
07-14 13:30:31.924 D/dalvikvm(10700): GC_CONCURRENT freed 379K, 76% free 603K/2500K, paused 2ms+0ms, total 7ms
07-14 13:30:32.057 D/dalvikvm(10700): GC_CONCURRENT freed 391K, 76% free 604K/2500K, paused 1ms+1ms, total 7ms
07-14 13:30:32.182 D/dalvikvm(10700): GC_CONCURRENT freed 399K, 76% free 603K/2500K, paused 1ms+1ms, total 7ms
07-14 13:30:32.307 D/dalvikvm(10700): GC_CONCURRENT freed 396K, 76% free 604K/2500K, paused 0ms+1ms, total 7ms
07-14 13:30:32.432 D/dalvikvm(10700): GC_CONCURRENT freed 384K, 76% free 604K/2500K, paused 1ms+1ms, total 7ms
07-14 13:30:32.557 D/dalvikvm(10700): GC_CONCURRENT freed 392K, 76% free 604K/2500K, paused 1ms+1ms, total 7ms
07-14 13:30:32.690 D/dalvikvm(10700): GC_CONCURRENT freed 397K, 76% free 603K/2500K, paused 0ms+1ms, total 7ms
07-14 13:30:32.815 D/dalvikvm(10700): GC_CONCURRENT freed 398K, 76% free 604K/2500K, paused 0ms+1ms, total 6ms
07-14 13:30:32.940 D/dalvikvm(10700): GC_CONCURRENT freed 383K, 76% free 604K/2500K, paused 2ms+0ms, total 8ms
07-14 13:30:33.065 D/dalvikvm(10700): GC_CONCURRENT freed 390K, 76% free 605K/2500K, paused 1ms+1ms, total 7ms
07-14 13:30:33.198 D/dalvikvm(10700): GC_CONCURRENT freed 385K, 76% free 603K/2500K, paused 1ms+1ms, total 7ms
07-14 13:30:33.323 D/dalvikvm(10700): GC_CONCURRENT freed 392K, 76% free 604K/2500K, paused 0ms+1ms, total 6ms
07-14 13:30:33.448 D/dalvikvm(10700): GC_CONCURRENT freed 384K, 76% free 603K/2500K, paused 1ms+0ms, total 7ms
07-14 13:30:33.580 D/dalvikvm(10700): GC_CONCURRENT freed 392K, 76% free 604K/2500K, paused 2ms+1ms, total 9ms
07-14 13:30:33.705 D/dalvikvm(10700): GC_CONCURRENT freed 385K, 76% free 602K/2500K, paused 2ms+1ms, total 8ms
07-14 13:30:33.838 D/dalvikvm(10700): GC_CONCURRENT freed 392K, 76% free 604K/2500K, paused 0ms+0ms, total 6ms
07-14 13:30:33.963 D/dalvikvm(10700): GC_CONCURRENT freed 384K, 76% free 603K/2500K, paused 1ms+0ms, total 7ms
07-14 13:30:34.088 D/dalvikvm(10700): GC_CONCURRENT freed 392K, 76% free 604K/2500K, paused 1ms+0ms, total 7ms
07-14 13:30:34.221 D/dalvikvm(10700): GC_CONCURRENT freed 384K, 76% free 603K/2500K, paused 1ms+0ms, total 7ms
07-14 13:30:34.346 D/dalvikvm(10700): GC_CONCURRENT freed 392K, 76% free 603K/2500K, paused 0ms+0ms, total 10ms
07-14 13:30:34.471 D/dalvikvm(10700): GC_CONCURRENT freed 384K, 76% free 603K/2500K, paused 2ms+1ms, total 8ms
07-14 13:30:34.510 W/MountService(  374): getVolumeState(/storage/emulated/0/external_sd): Unknown volume
07-14 13:30:34.510 W/MountService(  374): getVolumeState(/mnt/sdcard-ext): Unknown volume
07-14 13:30:34.510 W/MountService(  374): getVolumeState(/mnt/ext_sdcard): Unknown volume
07-14 13:30:34.518 W/MountService(  374): getVolumeState(/mnt/sdcard2): Unknown volume
07-14 13:30:34.518 W/MountService(  374): getVolumeState(/mnt/emmc): Unknown volume
07-14 13:30:34.518 W/MountService(  374): getVolumeState(/mnt/extSdCard): Unknown volume
