07-14 13:30:34.518 W/MountService(  374): getVolumeState(/mnt/sdcard/SD_CARD): Unknown volume
07-14 13:30:34.526 W/MountService(  374): getVolumeState(/mnt/sdcard/extra_sd): Unknown volume
07-14 13:30:34.526 W/MountService(  374): getVolumeState(/mnt/extrasd_bind): Unknown volume
07-14 13:30:34.526 W/MountService(  374): getVolumeState(/mnt/sdcard/ext_sd): Unknown volume
07-14 13:30:34.526 W/MountService(  374): getVolumeState(/storage/extSdCard): Unknown volume
07-14 13:30:34.526 W/MountService(  374): getVolumeState(/storage/sdcard1): Unknown volume
07-14 13:30:34.526 W/MountService(  374): getVolumeState(/mnt/sdcard/external_SD): Unknown volume
07-14 13:30:34.526 W/MountService(  374): getVolumeState(/mnt/sdcard/external_sd): Unknown volume
07-14 13:30:34.580 D/dalvikvm( 6152): GC_CONCURRENT freed 380K, 7% free 9421K/10072K, paused 8ms+3ms, total 44ms
07-14 13:30:34.580 D/dalvikvm( 6152): WAIT_FOR_CONCURRENT_GC blocked 22ms
07-14 13:30:34.580 D/dalvikvm( 6152): WAIT_FOR_CONCURRENT_GC blocked 22ms
07-14 13:30:34.619 D/dalvikvm(10700): GC_CONCURRENT freed 391K, 76% free 604K/2500K, paused 1ms+1ms, total 8ms
07-14 13:30:34.752 D/dalvikvm(10700): GC_CONCURRENT freed 385K, 76% free 602K/2500K, paused 2ms+1ms, total 9ms
07-14 13:30:34.901 D/dalvikvm(10700): GC_CONCURRENT freed 395K, 77% free 598K/2500K, paused 1ms+1ms, total 8ms
07-14 13:30:34.979 D/dalvikvm(  374): GC_CONCURRENT freed 2334K, 33% free 18541K/27344K, paused 8ms+10ms, total 139ms
07-14 13:30:35.018 W/MountService(  374): getVolumeState(/storage/emulated/0/external_sd): Unknown volume
07-14 13:30:35.018 W/MountService(  374): getVolumeState(/mnt/sdcard-ext): Unknown volume
07-14 13:30:35.026 W/MountService(  374): getVolumeState(/mnt/ext_sdcard): Unknown volume
07-14 13:30:35.026 W/MountService(  374): getVolumeState(/mnt/sdcard2): Unknown volume
07-14 13:30:35.026 W/MountService(  374): getVolumeState(/mnt/emmc): Unknown volume
07-14 13:30:35.026 W/MountService(  374): getVolumeState(/mnt/extSdCard): Unknown volume
07-14 13:30:35.026 W/MountService(  374): getVolumeState(/mnt/sdcard/SD_CARD): Unknown volume
07-14 13:30:35.026 W/MountService(  374): getVolumeState(/mnt/sdcard/extra_sd): Unknown volume
07-14 13:30:35.026 W/MountService(  374): getVolumeState(/mnt/extrasd_bind): Unknown volume
07-14 13:30:35.033 D/dalvikvm( 6152): GC_CONCURRENT freed 475K, 7% free 9459K/10072K, paused 14ms+12ms, total 100ms
07-14 13:30:35.033 D/dalvikvm( 6152): WAIT_FOR_CONCURRENT_GC blocked 17ms
07-14 13:30:35.033 W/MountService(  374): getVolumeState(/mnt/sdcard/ext_sd): Unknown volume
07-14 13:30:35.033 W/MountService(  374): getVolumeState(/storage/extSdCard): Unknown volume
07-14 13:30:35.033 W/MountService(  374): getVolumeState(/storage/sdcard1): Unknown volume
07-14 13:30:35.033 W/MountService(  374): getVolumeState(/mnt/sdcard/external_SD): Unknown volume
07-14 13:30:35.041 W/MountService(  374): getVolumeState(/mnt/sdcard/external_sd): Unknown volume
07-14 13:30:35.073 D/dalvikvm(10700): GC_CONCURRENT freed 394K, 76% free 604K/2500K, paused 0ms+1ms, total 8ms
07-14 13:30:35.190 D/dalvikvm( 6152): GC_FOR_ALLOC freed 401K, 7% free 9386K/10072K, paused 29ms, total 30ms
07-14 13:30:35.213 D/dalvikvm(10700): GC_CONCURRENT freed 396K, 76% free 602K/2500K, paused 2ms+1ms, total 8ms
07-14 13:30:35.237 D/dalvikvm( 1052): GC_CONCURRENT freed 385K, 11% free 10003K/11168K, paused 13ms+2ms, total 63ms
07-14 13:30:35.346 D/dalvikvm(10700): GC_CONCURRENT freed 385K, 76% free 601K/2500K, paused 1ms+0ms, total 8ms
07-14 13:30:35.479 D/dalvikvm(10700): GC_CONCURRENT freed 391K, 76% free 605K/2500K, paused 1ms+1ms, total 8ms
07-14 13:30:35.612 D/dalvikvm(10700): GC_CONCURRENT freed 385K, 76% free 604K/2500K, paused 2ms+1ms, total 8ms
07-14 13:30:35.737 D/dalvikvm(10700): GC_CONCURRENT freed 397K, 77% free 599K/2500K, paused 0ms+1ms, total 6ms
07-14 13:30:35.862 D/dalvikvm(10700): GC_CONCURRENT freed 379K, 76% free 603K/2500K, paused 2ms+0ms, total 8ms
07-14 13:30:35.987 D/dalvikvm(10700): GC_CONCURRENT freed 392K, 76% free 603K/2500K, paused 1ms+1ms, total 7ms
07-14 13:30:36.119 D/dalvikvm(10700): GC_CONCURRENT freed 384K, 76% free 602K/2500K, paused 2ms+1ms, total 8ms
07-14 13:30:36.252 D/dalvikvm(10700): GC_CONCURRENT freed 392K, 76% free 604K/2500K, paused 1ms+1ms, total 7ms
07-14 13:30:36.377 D/dalvikvm(10700): GC_CONCURRENT freed 384K, 76% free 603K/2500K, paused 1ms+0ms, total 7ms
07-14 13:30:36.510 D/dalvikvm(10700): GC_CONCURRENT freed 392K, 76% free 604K/2500K, paused 0ms+0ms, total 7ms
07-14 13:30:36.643 D/dalvikvm(10700): GC_CONCURRENT freed 384K, 76% free 603K/2500K, paused 2ms+1ms, total 8ms
07-14 13:30:36.768 D/dalvikvm(10700): GC_CONCURRENT freed 383K, 76% free 604K/2500K, paused 2ms+1ms, total 8ms
07-14 13:30:36.893 D/dalvikvm(10700): GC_CONCURRENT freed 391K, 77% free 597K/2500K, paused 1ms+0ms, total 7ms
07-14 13:30:37.026 D/dalvikvm(10700): GC_CONCURRENT freed 394K, 76% free 603K/2500K, paused 1ms+1ms, total 7ms
07-14 13:30:37.151 D/dalvikvm(10700): GC_CONCURRENT freed 398K, 76% free 603K/2500K, paused 1ms+1ms, total 7ms
07-14 13:30:37.276 D/dalvikvm(10700): GC_CONCURRENT freed 383K, 76% free 604K/2500K, paused 1ms+1ms, total 7ms
07-14 13:30:37.408 D/dalvikvm(10700): GC_CONCURRENT freed 391K, 76% free 605K/2500K, paused 1ms+1ms, total 7ms
07-14 13:30:37.533 D/dalvikvm(10700): GC_CONCURRENT freed 399K, 76% free 603K/2500K, paused 1ms+1ms, total 7ms
07-14 13:30:37.658 D/dalvikvm(10700): GC_CONCURRENT freed 383K, 76% free 604K/2500K, paused 2ms+1ms, total 8ms
07-14 13:30:37.783 D/dalvikvm(10700): GC_CONCURRENT freed 391K, 76% free 604K/2500K, paused 0ms+1ms, total 6ms
07-14 13:30:37.908 D/dalvikvm(10700): GC_CONCURRENT freed 385K, 76% free 603K/2500K, paused 2ms+1ms, total 8ms
07-14 13:30:38.033 D/dalvikvm(10700): GC_CONCURRENT freed 397K, 76% free 600K/2500K, paused 1ms+1ms, total 7ms
07-14 13:30:38.158 D/dalvikvm(10700): GC_CONCURRENT freed 393K, 76% free 603K/2500K, paused 1ms+1ms, total 7ms
07-14 13:30:38.283 D/dalvikvm(10700): GC_CONCURRENT freed 398K, 76% free 602K/2500K, paused 1ms+1ms, total 7ms
07-14 13:30:38.408 D/dalvikvm(10700): GC_CONCURRENT freed 383K, 76% free 603K/2500K, paused 1ms+1ms, total 7ms
07-14 13:30:38.541 D/dalvikvm(10700): GC_CONCURRENT freed 391K, 76% free 605K/2500K, paused 0ms+0ms, total 7ms
07-14 13:30:38.666 D/dalvikvm(10700): GC_CONCURRENT freed 384K, 76% free 605K/2500K, paused 2ms+0ms, total 8ms
07-14 13:30:38.791 D/dalvikvm(10700): GC_CONCURRENT freed 397K, 76% free 600K/2500K, paused 1ms+1ms, total 7ms
07-14 13:30:38.924 D/dalvikvm(10700): GC_CONCURRENT freed 379K, 76% free 604K/2500K, paused 2ms+1ms, total 8ms
07-14 13:30:39.002 D/LightsService(  374): Excessive delay setting light: 67ms
07-14 13:30:39.057 D/dalvikvm(10700): GC_CONCURRENT freed 391K, 76% free 605K/2500K, paused 1ms+1ms, total 8ms
07-14 13:30:39.190 D/dalvikvm(10700): GC_CONCURRENT freed 385K, 76% free 604K/2500K, paused 1ms+0ms, total 7ms
07-14 13:30:39.276 D/LightsService(  374): Excessive delay setting light: 67ms
07-14 13:30:39.330 D/dalvikvm(10700): GC_CONCURRENT freed 392K, 76% free 604K/2500K, paused 0ms+0ms, total 9ms
07-14 13:30:39.385 D/dalvikvm(  374): GC_CONCURRENT freed 2343K, 33% free 18538K/27344K, paused 4ms+11ms, total 145ms
07-14 13:30:39.487 D/dalvikvm(10700): GC_CONCURRENT freed 384K, 76% free 604K/2500K, paused 1ms+0ms, total 7ms
07-14 13:30:39.619 D/dalvikvm(10700): GC_CONCURRENT freed 391K, 76% free 605K/2500K, paused 0ms+1ms, total 6ms
07-14 13:30:39.635 E/JavaBinder(  374): !!! FAILED BINDER TRANSACTION !!!
07-14 13:30:39.658 W/BinderNative(  374): Uncaught exception from death notification
07-14 13:30:39.658 W/BinderNative(  374): java.lang.NullPointerException
07-14 13:30:39.658 W/BinderNative(  374): 	at com.android.server.accessibility.AccessibilityManagerService$UserState$1.binderDied(AccessibilityManagerService.java:2955)
07-14 13:30:39.658 W/BinderNative(  374): 	at android.os.BinderProxy.sendDeathNotice(Binder.java:470)
07-14 13:30:39.658 W/BinderNative(  374): 	at dalvik.system.NativeStart.run(Native Method)
07-14 13:30:41.799 I/PowerManagerService(  374): Going to sleep due to screen timeout...
07-14 13:30:42.549 D/SurfaceFlinger(  124): Screen released, type=0 flinger=0x41e1a478
07-14 13:30:42.612 D/MdmService( 3494): [null:-1]->receiver action :com.pekall.mdm.action.MDM_ALARM
07-14 13:30:42.612 D/MdmService( 3494): [null:-1]->keepAliveWithPushServer client is opened:true
07-14 13:30:42.612 D/MDM :   ( 3494): [null:-1]->ping!!!!!!!!!
07-14 13:30:42.612 D/MdmService( 3494): [null:-1]->pushUrl : ws://demo.everknow.cn:9030/websocket
07-14 13:30:42.612 D/MDM :   ( 3494): [null:-1]->mMdmPushClient is :not null
07-14 13:30:42.612 D/MDM :   ( 3494): [null:-1]->mMdmPushClient opened : opened
07-14 13:30:42.643 D/MDM :   ( 3494): [null:-1]->MSG_WEBSOCKET_PONG
07-14 13:30:42.721 D/NfcService(  582): NFC-C OFF, disconnect
07-14 13:30:42.830 D/MDM :   ( 3494): [null:-1]->query
07-14 13:30:42.830 D/MDM :   ( 3494): [null:-1]->QUERY_SETTING_PIN_ONOFF
07-14 13:30:42.830 V/KeyguardHostView(  374): hide transport, gen:47
07-14 13:30:42.830 V/KeyguardHostView(  374): music state changed: 0
07-14 13:30:42.885 D/PhoneStatusBar(  450): disable: < expand icons alerts ticker system_info back home RECENT* clock search >
07-14 13:30:42.908 V/TAG     (  374): bug 7643792: fitSystemWindows([0,50][0,0])
07-14 13:30:43.026 D/PhoneStatusBar(  450): disable: < expand icons alerts ticker system_info BACK* HOME* RECENT CLOCK* search >
07-14 13:30:43.065 W/ActivityManager(  374): Activity pause timeout for ActivityRecord{42f40a30 u0 com.android.packageinstaller/.UninstallerActivity}
07-14 13:30:43.119 D/dalvikvm(  374): GC_CONCURRENT freed 700K, 27% free 20194K/27344K, paused 4ms+11ms, total 155ms
07-14 13:30:53.080 W/ActivityManager(  374): Activity stop timeout for ActivityRecord{42f40a30 u0 com.android.packageinstaller/.UninstallerActivity}
07-14 13:31:07.432 D/JOBS    (10388): Thread-409: load factor check. true = (0 < 1)|| (0 * 3 < 0 + 0). consumer thread: true
07-14 13:31:07.432 D/JOBS    (10388): didn't allow me to die, re-running Thread-409
07-14 13:31:07.432 D/JOBS    (10388): re-running consumer Thread-409
07-14 13:31:34.557 W/MountService(  374): getVolumeState(/storage/emulated/0/external_sd): Unknown volume
07-14 13:31:34.557 W/MountService(  374): getVolumeState(/mnt/sdcard-ext): Unknown volume
07-14 13:31:34.557 W/MountService(  374): getVolumeState(/mnt/ext_sdcard): Unknown volume
07-14 13:31:34.557 W/MountService(  374): getVolumeState(/mnt/sdcard2): Unknown volume
07-14 13:31:34.565 W/MountService(  374): getVolumeState(/mnt/emmc): Unknown volume
07-14 13:31:34.565 W/MountService(  374): getVolumeState(/mnt/extSdCard): Unknown volume
07-14 13:31:34.565 W/MountService(  374): getVolumeState(/mnt/sdcard/SD_CARD): Unknown volume
07-14 13:31:34.565 W/MountService(  374): getVolumeState(/mnt/sdcard/extra_sd): Unknown volume
07-14 13:31:34.565 W/MountService(  374): getVolumeState(/mnt/extrasd_bind): Unknown volume
07-14 13:31:34.565 W/MountService(  374): getVolumeState(/mnt/sdcard/ext_sd): Unknown volume
07-14 13:31:34.565 W/MountService(  374): getVolumeState(/storage/extSdCard): Unknown volume
07-14 13:31:34.565 W/MountService(  374): getVolumeState(/storage/sdcard1): Unknown volume
07-14 13:31:34.565 W/MountService(  374): getVolumeState(/mnt/sdcard/external_SD): Unknown volume
07-14 13:31:34.565 W/MountService(  374): getVolumeState(/mnt/sdcard/external_sd): Unknown volume
07-14 13:31:34.619 D/dalvikvm( 6152): GC_CONCURRENT freed 370K, 7% free 9425K/10072K, paused 4ms+3ms, total 47ms
07-14 13:31:34.619 D/dalvikvm( 6152): WAIT_FOR_CONCURRENT_GC blocked 41ms
07-14 13:31:34.776 D/dalvikvm( 6152): GC_CONCURRENT freed 484K, 7% free 9453K/10072K, paused 2ms+4ms, total 36ms
07-14 13:31:34.776 D/dalvikvm( 6152): WAIT_FOR_CONCURRENT_GC blocked 10ms
07-14 13:31:34.776 D/dalvikvm( 6152): WAIT_FOR_CONCURRENT_GC blocked 10ms
07-14 13:31:34.783 D/dalvikvm( 6152): WAIT_FOR_CONCURRENT_GC blocked 14ms
07-14 13:31:34.783 W/MountService(  374): getVolumeState(/storage/emulated/0/external_sd): Unknown volume
07-14 13:31:34.783 W/MountService(  374): getVolumeState(/mnt/sdcard-ext): Unknown volume
07-14 13:31:34.783 W/MountService(  374): getVolumeState(/mnt/ext_sdcard): Unknown volume
07-14 13:31:34.783 W/MountService(  374): getVolumeState(/mnt/sdcard2): Unknown volume
07-14 13:31:34.783 W/MountService(  374): getVolumeState(/mnt/emmc): Unknown volume
07-14 13:31:34.791 W/MountService(  374): getVolumeState(/mnt/extSdCard): Unknown volume
07-14 13:31:34.791 W/MountService(  374): getVolumeState(/mnt/sdcard/SD_CARD): Unknown volume
07-14 13:31:34.791 W/MountService(  374): getVolumeState(/mnt/sdcard/extra_sd): Unknown volume
07-14 13:31:34.791 W/MountService(  374): getVolumeState(/mnt/extrasd_bind): Unknown volume
07-14 13:31:34.791 W/MountService(  374): getVolumeState(/mnt/sdcard/ext_sd): Unknown volume
07-14 13:31:34.791 W/MountService(  374): getVolumeState(/storage/extSdCard): Unknown volume
07-14 13:31:34.791 W/MountService(  374): getVolumeState(/storage/sdcard1): Unknown volume
07-14 13:31:34.791 W/MountService(  374): getVolumeState(/mnt/sdcard/external_SD): Unknown volume
07-14 13:31:34.791 W/MountService(  374): getVolumeState(/mnt/sdcard/external_sd): Unknown volume
07-14 13:31:34.908 D/dalvikvm( 6152): GC_FOR_ALLOC freed 432K, 7% free 9386K/10072K, paused 31ms, total 31ms
07-14 13:32:01.776 D/PushService(10388): [null:-1]->receiver action :com.pekall.mdm.action.PUSH_ALARM
07-14 13:32:01.783 D/PushService(10388): [null:-1]->keepAliveWithPushServer client is opened:true
07-14 13:32:01.783 D/PushLib : (10388): [null:-1]->ping!!!!!!!!!
07-14 13:32:01.783 D/PushLib : (10388): [null:-1]->pushClient is :not null
07-14 13:32:01.791 D/PushLib : (10388): [null:-1]->pushClient opened : opened
07-14 13:32:07.557 D/PushLib : (10388): [null:-1]->MSG_WEBSOCKET_PONG
07-14 13:32:29.885 D/MDM :   ( 3494): [null:-1]->MSG_WEBSOCKET_MESSAGE : {"id":1195262315,"type":0,"command":0,"result":0,"reason":0,"params":{"msgId":"49c9a481-a348-4a33-8e3e-870281376eb9,49c9a481a3484a338e3e870281376eb9","device":"ffffffffc539bb10fffffffff7aea961","message":"{\"cmd\":\"10119\"}"}}
07-14 13:32:29.893 D/MdmService( 3494): [null:-1]->push message type :0
07-14 13:32:29.901 D/MdmService( 3494): [null:-1]->cmdMessage : {"cmd":"10119"}
07-14 13:32:29.901 D/MdmService( 3494): [null:-1]->command : PushCommandMsg{cmd='10119', msg='null'}
07-14 13:32:29.901 D/MDM :   ( 3494): [null:-1]->PUSH CMD: 10119
07-14 13:32:29.908 D/MdmStatusManager( 3494): [null:-1]->change status to : Busy
07-14 13:32:29.908 D/DB      ( 3494): query: SQLiteQuery: SELECT content, command_status, status FROM command WHERE status!=2
07-14 13:32:29.908 D/DB      ( 3494): factory null
07-14 13:32:29.908 D/DB      ( 3494): fillWindow: 0
07-14 13:32:29.908 D/DB      ( 3494): cursor 0
07-14 13:32:29.908 D/DB      ( 3494): moveToPos: 0
07-14 13:32:29.908 I/TransInfo( 3494): TransInfo created, id: 3, class: class com.pekall.emdm.transaction.b.c
07-14 13:32:29.908 D/NetworkThread( 3494): [null:-1]->----isRunning-----true
07-14 13:32:29.908 D/NetworkThread( 3494): [null:-1]->----isRunning-----true
07-14 13:32:29.908 D/NetworkThread( 3494): [null:-1]->thread wakeup
07-14 13:32:29.916 D/HttpClient( 3494): enable apache.http debug
07-14 13:32:29.924 V/DEBUG   ( 3494): HTTP 0
07-14 13:32:30.924 V/DEBUG   ( 3494): HTTP 1
07-14 13:32:30.955 D/MDM :   ( 3494): [null:-1]->read network input stream
07-14 13:32:30.987 D/CheckInTransInfo( 3494): [null:-1]->CommandMsg : CommandMsg{CommandUUID='8a80888e4732aed50147335ba2660ef9', Command=CommandInstallDocument{DocumentName='txt', DocumentSize=12, DocumentFormat='txt', DownloadURL='http://demo.everknow.cn/resources/api/v1/download/guest?uuid=7a8eeae87fa042b9db4710a94ea9', Auth=null, DocumentUUID='8a80888c46c806620146c86da0e00583', Version='1.0', DocumentDescription='null', DocumentCategory=null, IsCompressed=null, ReadAuthDay=null, RingNotify=null, EncryptLevel=null}}
07-14 13:32:30.987 D/DB      ( 3494): query: SQLiteQuery: SELECT * FROM command WHERE cmd_uuid='8a80888e4732aed50147335ba2660ef9'
07-14 13:32:30.987 D/DB      ( 3494): factory null
07-14 13:32:30.987 D/DB      ( 3494): fillWindow: 0
07-14 13:32:30.987 D/DB      ( 3494): cursor 0
07-14 13:32:31.026 D/NetworkThread( 3494): [null:-1]->queue is empty, thread wait...
07-14 13:32:31.127 D/MdmService( 3494): [null:-1]->handleCheckInResult
07-14 13:32:31.127 D/MdmService( 3494): [null:-1]->handleCheckInResult result keyIndex: 3
07-14 13:32:31.127 D/CommandManager( 3494): [null:-1]->execute command: CommandMsg{CommandUUID='8a80888e4732aed50147335ba2660ef9', Command=CommandInstallDocument{DocumentName='txt', DocumentSize=12, DocumentFormat='txt', DownloadURL='http://demo.everknow.cn/resources/api/v1/download/guest?uuid=7a8eeae87fa042b9db4710a94ea9', Auth=null, DocumentUUID='8a80888c46c806620146c86da0e00583', Version='1.0', DocumentDescription='null', DocumentCategory=null, IsCompressed=null, ReadAuthDay=null, RingNotify=null, EncryptLevel=null}}
07-14 13:32:31.135 D/DownLoadDocService( 3494): [null:-1]->action is  com.pekall.emdm.action.DOWNLOADDOC
07-14 13:32:31.135 D/DownLoadDocService( 3494): [null:-1]->uuid is  8a80888c46c806620146c86da0e00583 ,url is http://demo.everknow.cn/resources/api/v1/download/guest?uuid=7a8eeae87fa042b9db4710a94ea9
07-14 13:32:31.135 E/DB      ( 3494): bind, index: 1, value: 8a80888c46c806620146c86da0e00583
07-14 13:32:31.135 D/DB      ( 3494): query: SQLiteQuery: SELECT * FROM doc WHERE uuid=?
07-14 13:32:31.135 D/DB      ( 3494): factory null
07-14 13:32:31.135 D/DB      ( 3494): fillWindow: 0
07-14 13:32:31.135 D/DB      ( 3494): cursor 0
07-14 13:32:31.135 D/DB      ( 3494): moveToPos: 0
07-14 13:32:31.174 D/DB      ( 3494): query: SQLiteQuery: SELECT * FROM doc WHERE browseStatus = 0 AND type = 'Normal'
07-14 13:32:31.174 D/DB      ( 3494): factory null
07-14 13:32:31.174 D/DB      ( 3494): fillWindow: 0
07-14 13:32:31.174 D/DB      ( 3494): cursor 1
07-14 13:32:31.174 E/Mdm     ( 3494): Call Mdm service's recordIconCount function
07-14 13:32:31.198 D/DB      ( 3494): query: SQLiteQuery: SELECT * FROM doc WHERE browseStatus = 0 AND type = 'Normal'
07-14 13:32:31.198 D/DB      ( 3494): factory null
07-14 13:32:31.198 D/DB      ( 3494): fillWindow: 0
07-14 13:32:31.198 D/DB      ( 3494): cursor 1
07-14 13:32:31.213 I/TransInfo( 3494): TransInfo created, id: 3, class: class com.pekall.emdm.transaction.b.c
07-14 13:32:31.213 D/NetworkThread( 3494): [null:-1]->----isRunning-----true
07-14 13:32:31.213 D/NetworkThread( 3494): [null:-1]->----isRunning-----true
07-14 13:32:31.213 D/NetworkThread( 3494): [null:-1]->thread wakeup
07-14 13:32:31.213 D/HttpClient( 3494): enable apache.http debug
07-14 13:32:31.229 V/DEBUG   ( 3494): HTTP 0
07-14 13:32:31.260 I/AudioService(  374):  AudioFocus  requestAudioFocus() from android.media.AudioManager@42c5abe0
07-14 13:32:31.268 V/KeyguardHostView(  374): hide transport, gen:48
07-14 13:32:32.151 V/DEBUG   ( 3494): HTTP 1
07-14 13:32:32.151 D/MdmDatabaseHelper( 3494): [null:-1]->update command 8a80888e4732aed50147335ba2660ef9 to status executed
07-14 13:32:32.182 D/NetworkThread( 3494): [null:-1]->queue is empty, thread wait...
07-14 13:32:32.252 D/MdmService( 3494): [null:-1]->handleCheckInResult
07-14 13:32:32.252 D/MdmService( 3494): [null:-1]->handleCheckInResult result keyIndex: 3
07-14 13:32:32.252 D/HandleCommandTask( 3494): [null:-1]->execute command msg but beanBase is null
07-14 13:32:32.252 D/MdmStatusManager( 3494): [null:-1]->change status to : Idle
07-14 13:32:32.408 I/AudioService(  374):  AudioFocus  abandonAudioFocus() from android.media.AudioManager@42c5abe0
07-14 13:32:32.408 V/KeyguardHostView(  374): hide transport, gen:49
07-14 13:32:34.643 W/MountService(  374): getVolumeState(/storage/emulated/0/external_sd): Unknown volume
07-14 13:32:34.651 W/MountService(  374): getVolumeState(/mnt/sdcard-ext): Unknown volume
07-14 13:32:34.651 W/MountService(  374): getVolumeState(/mnt/ext_sdcard): Unknown volume
07-14 13:32:34.651 W/MountService(  374): getVolumeState(/mnt/sdcard2): Unknown volume
07-14 13:32:34.651 W/MountService(  374): getVolumeState(/mnt/emmc): Unknown volume
07-14 13:32:34.651 W/MountService(  374): getVolumeState(/mnt/extSdCard): Unknown volume
07-14 13:32:34.651 W/MountService(  374): getVolumeState(/mnt/sdcard/SD_CARD): Unknown volume
07-14 13:32:34.651 W/MountService(  374): getVolumeState(/mnt/sdcard/extra_sd): Unknown volume
07-14 13:32:34.651 W/MountService(  374): getVolumeState(/mnt/extrasd_bind): Unknown volume
07-14 13:32:34.658 W/MountService(  374): getVolumeState(/mnt/sdcard/ext_sd): Unknown volume
07-14 13:32:34.658 W/MountService(  374): getVolumeState(/storage/extSdCard): Unknown volume
07-14 13:32:34.658 W/MountService(  374): getVolumeState(/storage/sdcard1): Unknown volume
07-14 13:32:34.658 W/MountService(  374): getVolumeState(/mnt/sdcard/external_SD): Unknown volume
07-14 13:32:34.658 W/MountService(  374): getVolumeState(/mnt/sdcard/external_sd): Unknown volume
07-14 13:32:34.768 D/dalvikvm( 6152): GC_CONCURRENT freed 309K, 6% free 9556K/10072K, paused 4ms+6ms, total 51ms
07-14 13:32:34.869 D/dalvikvm(  874): GC_CONCURRENT freed 455K, 17% free 9670K/11548K, paused 4ms+8ms, total 59ms
07-14 13:32:34.901 W/BackupManagerService(  374): dataChanged but no participant pkg='com.android.providers.settings' uid=10079
07-14 13:32:34.932 W/MountService(  374): getVolumeState(/storage/emulated/0/external_sd): Unknown volume
07-14 13:32:34.940 W/MountService(  374): getVolumeState(/mnt/sdcard-ext): Unknown volume
07-14 13:32:34.940 W/MountService(  374): getVolumeState(/mnt/ext_sdcard): Unknown volume
07-14 13:32:34.940 W/MountService(  374): getVolumeState(/mnt/sdcard2): Unknown volume
07-14 13:32:34.940 W/MountService(  374): getVolumeState(/mnt/emmc): Unknown volume
07-14 13:32:34.940 W/MountService(  374): getVolumeState(/mnt/extSdCard): Unknown volume
07-14 13:32:34.940 W/MountService(  374): getVolumeState(/mnt/sdcard/SD_CARD): Unknown volume
07-14 13:32:34.940 W/MountService(  374): getVolumeState(/mnt/sdcard/extra_sd): Unknown volume
07-14 13:32:34.948 W/MountService(  374): getVolumeState(/mnt/extrasd_bind): Unknown volume
07-14 13:32:34.948 W/MountService(  374): getVolumeState(/mnt/sdcard/ext_sd): Unknown volume
07-14 13:32:34.948 W/MountService(  374): getVolumeState(/storage/extSdCard): Unknown volume
07-14 13:32:34.948 W/MountService(  374): getVolumeState(/storage/sdcard1): Unknown volume
07-14 13:32:34.948 W/MountService(  374): getVolumeState(/mnt/sdcard/external_SD): Unknown volume
07-14 13:32:34.948 W/MountService(  374): getVolumeState(/mnt/sdcard/external_sd): Unknown volume
07-14 13:32:34.987 D/dalvikvm( 6152): GC_CONCURRENT freed 521K, 6% free 9474K/10072K, paused 2ms+4ms, total 28ms
07-14 13:32:34.994 W/BackupManagerService(  374): dataChanged but no participant pkg='com.android.providers.settings' uid=10079
07-14 13:32:35.065 W/BackupManagerService(  374): dataChanged but no participant pkg='com.android.providers.settings' uid=10079
07-14 13:32:40.487 D/AndroidRuntime(10785): 
07-14 13:32:40.487 D/AndroidRuntime(10785): >>>>>> AndroidRuntime START com.android.internal.os.RuntimeInit <<<<<<
07-14 13:32:40.487 D/AndroidRuntime(10785): CheckJNI is OFF
07-14 13:32:40.502 D/dalvikvm(10785): Trying to load lib libjavacore.so 0x0
07-14 13:32:40.510 D/dalvikvm(10785): Added shared lib libjavacore.so 0x0
07-14 13:32:40.526 D/dalvikvm(10785): Trying to load lib libnativehelper.so 0x0
07-14 13:32:40.526 D/dalvikvm(10785): Added shared lib libnativehelper.so 0x0
07-14 13:32:40.549 I/dalvikvm(10785): DexOpt: source file mod time mismatch (44ee6b99 vs 44ee6bf7)
07-14 13:32:40.549 D/dalvikvm(10785): ODEX file is stale or bad; removing and retrying (/data/local/tmp/dalvik-cache/data@local@tmp@MDMMobileTest.jar@classes.dex)
07-14 13:32:40.557 D/dalvikvm(10785): DexOpt: --- BEGIN 'MDMMobileTest.jar' (bootstrap=0) ---
07-14 13:32:40.612 D/dalvikvm(10786): DexOpt: load 7ms, verify+opt 4ms, 124100 bytes
07-14 13:32:40.635 D/dalvikvm(10785): DexOpt: --- END 'MDMMobileTest.jar' (success) ---
07-14 13:32:40.635 D/dalvikvm(10785): DEX prep '/data/local/tmp/MDMMobileTest.jar': unzip in 2ms, rewrite 77ms
07-14 13:32:40.846 D/AndroidRuntime(10785): Calling main entry com.android.commands.uiautomator.Launcher
07-14 13:32:40.877 E/UiDevice(10785): Exceuting watcher: ANRWatcher
07-14 13:32:40.877 E/UiDevice(10785): java.lang.RuntimeException: UiDevice not initialized
07-14 13:32:40.877 E/UiDevice(10785): 	at com.android.uiautomator.core.UiDevice.getAutomatorBridge(UiDevice.java:87)
07-14 13:32:40.877 E/UiDevice(10785): 	at com.android.uiautomator.core.UiDevice.wakeUp(UiDevice.java:719)
07-14 13:32:40.877 E/UiDevice(10785): 	at com.pekall.test.mdmui.util.UiANRWatcher.checkForCondition(UiANRWatcher.java:23)
07-14 13:32:40.877 E/UiDevice(10785): 	at com.android.uiautomator.core.UiDevice.runWatchers(UiDevice.java:554)
07-14 13:32:40.877 E/UiDevice(10785): 	at com.pekall.test.mdmui.util.UiANRWatcher.run(UiANRWatcher.java:41)
07-14 13:32:40.877 E/UiDevice(10785): 	at com.pekall.test.mdmui.Document.<clinit>(Document.java:25)
07-14 13:32:40.877 E/UiDevice(10785): 	at java.lang.Class.newInstanceImpl(Native Method)
07-14 13:32:40.877 E/UiDevice(10785): 	at java.lang.Class.newInstance(Class.java:1130)
07-14 13:32:40.877 E/UiDevice(10785): 	at com.android.uiautomator.testrunner.TestCaseCollector.addSingleTestMethod(TestCaseCollector.java:110)
07-14 13:32:40.877 E/UiDevice(10785): 	at com.android.uiautomator.testrunner.TestCaseCollector.addTestClass(TestCaseCollector.java:86)
07-14 13:32:40.877 E/UiDevice(10785): 	at com.android.uiautomator.testrunner.TestCaseCollector.addTestClass(TestCaseCollector.java:72)
07-14 13:32:40.877 E/UiDevice(10785): 	at com.android.uiautomator.testrunner.TestCaseCollector.addTestClasses(TestCaseCollector.java:53)
07-14 13:32:40.877 E/UiDevice(10785): 	at com.android.uiautomator.testrunner.UiAutomatorTestRunner.start(UiAutomatorTestRunner.java:106)
07-14 13:32:40.877 E/UiDevice(10785): 	at com.android.uiautomator.testrunner.UiAutomatorTestRunner.run(UiAutomatorTestRunner.java:96)
07-14 13:32:40.877 E/UiDevice(10785): 	at com.android.commands.uiautomator.RunTestCommand.run(RunTestCommand.java:91)
07-14 13:32:40.877 E/UiDevice(10785): 	at com.android.commands.uiautomator.Launcher.main(Launcher.java:83)
07-14 13:32:40.877 E/UiDevice(10785): 	at com.android.internal.os.RuntimeInit.nativeFinishInit(Native Method)
07-14 13:32:40.877 E/UiDevice(10785): 	at com.android.internal.os.RuntimeInit.main(RuntimeInit.java:235)
07-14 13:32:40.877 E/UiDevice(10785): 	at dalvik.system.NativeStart.main(Native Method)
07-14 13:32:40.893 D/dalvikvm(10785): Note: class Landroid/app/ActivityManagerNative; has 163 unimplemented (abstract) methods
07-14 13:32:40.955 I/PowerManagerService(  374): Waking up from sleep...
07-14 13:32:40.987 I/WindowManager(  374): Lock screen displayed!
07-14 13:32:41.237 V/DigitalWidgetViewsFactory( 2502): DigitalWidget sets next alarm string to null
07-14 13:32:41.315 D/PowerManagerService-JNI(  374): Excessive delay in autosuspend_disable() while turning screen on: 352ms
07-14 13:32:41.315 D/SurfaceFlinger(  124): Screen acquired, type=0 flinger=0x41e1a478
07-14 13:32:41.401 D/LightsService(  374): Excessive delay setting light: 85ms
07-14 13:32:41.448 D/dalvikvm(  636): GC_CONCURRENT freed 1150K, 10% free 12695K/14092K, paused 4ms+41ms, total 238ms
07-14 13:32:41.448 D/dalvikvm(  636): WAIT_FOR_CONCURRENT_GC blocked 230ms
07-14 13:32:41.463 D/LightsService(  374): Excessive delay setting light: 66ms
07-14 13:32:41.682 D/AndroidRuntime(10805): 
07-14 13:32:41.682 D/AndroidRuntime(10805): >>>>>> AndroidRuntime START com.android.internal.os.RuntimeInit <<<<<<
07-14 13:32:41.682 D/AndroidRuntime(10805): CheckJNI is OFF
07-14 13:32:41.690 D/dalvikvm(10805): Trying to load lib libjavacore.so 0x0
07-14 13:32:41.698 D/dalvikvm(10805): Added shared lib libjavacore.so 0x0
07-14 13:32:41.713 D/dalvikvm(10805): Trying to load lib libnativehelper.so 0x0
07-14 13:32:41.713 D/dalvikvm(10805): Added shared lib libnativehelper.so 0x0
07-14 13:32:41.893 D/AndroidRuntime(10805): Calling main entry com.qihoo360.powerctl.root.app.App
07-14 13:32:41.893 D/AndroidRuntime(10805): Shutting down VM
07-14 13:32:41.901 D/dalvikvm(10805): GC_CONCURRENT freed 114K, 22% free 467K/592K, paused 0ms+1ms, total 3ms
07-14 13:32:41.901 I/AndroidRuntime(10805): NOTE: attach of thread 'Binder_1' failed
07-14 13:32:41.955 I/QueryController(10785): Matched selector: UiSelector[DESCRIPTION=] <<==>> [android.view.accessibility.AccessibilityNodeInfo@42adc4; boundsInParent: Rect(0, 0 - 720, 756); boundsInScreen: Rect(0, 547 - 720, 1303); packageName: android; className: android.view.View; text: null; contentDescription: ; viewIdResName: android:id/glow_pad_view; checkable: false; checked: false; focusable: false; focused: false; selected: false; clickable: false; longClickable: false; enabled: true; password: false; scrollable: false; [ACTION_SELECT, ACTION_CLEAR_SELECTION, ACTION_ACCESSIBILITY_FOCUS, ACTION_NEXT_AT_MOVEMENT_GRANULARITY, ACTION_PREVIOUS_AT_MOVEMENT_GRANULARITY, ACTION_SET_SELECTION]]
07-14 13:32:41.979 W/GlowPadView(  374): The number of target drawables must be equal to the number of direction descriptions.
07-14 13:32:42.338 D/MdmApplication( 3494): [null:-1]->onActivityStarted market.activity.AppListActivity , mActivityCount = 2
07-14 13:32:42.338 D/MDM :   ( 3494): [null:-1]->query
07-14 13:32:42.338 D/MDM :   ( 3494): [null:-1]->QUERY_PINCODE_CHECK_RESULT
07-14 13:32:42.354 D/PhoneStatusBar(  450): disable: < expand icons alerts ticker system_info BACK HOME recent* CLOCK search >
07-14 13:32:42.369 D/NfcService(  582): NFC-C ON
07-14 13:32:42.424 D/PhoneStatusBar(  450): disable: < expand icons alerts ticker system_info back* home* recent clock* search >
07-14 13:32:42.643 D/dalvikvm( 1052): GC_CONCURRENT freed 257K, 9% free 10163K/11168K, paused 13ms+4ms, total 83ms
07-14 13:32:42.682 I/RootJni (10827): su: permission denied
07-14 13:32:42.869 V/TAG     (  374): bug 7643792: fitSystemWindows([0,50][0,0])
07-14 13:32:42.885 D/AndroidRuntime(10826): 
07-14 13:32:42.885 D/AndroidRuntime(10826): >>>>>> AndroidRuntime START com.android.internal.os.RuntimeInit <<<<<<
07-14 13:32:42.885 D/AndroidRuntime(10826): CheckJNI is OFF
07-14 13:32:42.901 D/dalvikvm(10826): Trying to load lib libjavacore.so 0x0
07-14 13:32:42.908 D/dalvikvm(10826): Added shared lib libjavacore.so 0x0
07-14 13:32:42.916 W/System.err( 6203): java.io.FileNotFoundException: /data/data/com.mgyapp.android/files/.cfpaps.i: open failed: ENOENT (No such file or directory)
07-14 13:32:42.916 W/System.err( 6203): 	at libcore.io.IoBridge.open(IoBridge.java:409)
07-14 13:32:42.916 W/System.err( 6203): 	at java.io.FileInputStream.<init>(FileInputStream.java:78)
07-14 13:32:42.916 W/System.err( 6203): 	at android.app.ContextImpl.openFileInput(ContextImpl.java:702)
07-14 13:32:42.916 W/System.err( 6203): 	at android.content.ContextWrapper.openFileInput(ContextWrapper.java:173)
07-14 13:32:42.916 W/System.err( 6203): 	at com.mgyun.shua.jc.service.f.run(Unknown Source)
07-14 13:32:42.916 W/System.err( 6203): 	at com.mgyun.shua.jc.service.CpWorkServer.onHandleIntent(Unknown Source)
07-14 13:32:42.916 W/System.err( 6203): 	at android.app.IntentService$ServiceHandler.handleMessage(IntentService.java:65)
07-14 13:32:42.916 W/System.err( 6203): 	at android.os.Handler.dispatchMessage(Handler.java:99)
07-14 13:32:42.916 W/System.err( 6203): 	at android.os.Looper.loop(Looper.java:137)
07-14 13:32:42.924 W/System.err( 6203): 	at android.os.HandlerThread.run(HandlerThread.java:61)
07-14 13:32:42.924 W/System.err( 6203): Caused by: libcore.io.ErrnoException: open failed: ENOENT (No such file or directory)
07-14 13:32:42.924 W/System.err( 6203): 	at libcore.io.Posix.open(Native Method)
07-14 13:32:42.924 W/System.err( 6203): 	at libcore.io.BlockGuardOs.open(BlockGuardOs.java:110)
07-14 13:32:42.924 W/System.err( 6203): 	at libcore.io.IoBridge.open(IoBridge.java:393)
07-14 13:32:42.924 W/System.err( 6203): 	... 9 more
07-14 13:32:42.932 D/dalvikvm(10826): Trying to load lib libnativehelper.so 0x0
07-14 13:32:42.932 D/dalvikvm(10826): Added shared lib libnativehelper.so 0x0
07-14 13:32:42.994 I/ActivityManager(  374): START u0 {act=android.intent.action.MAIN cat=[android.intent.category.HOME] flg=0x10200000 cmp=com.android.launcher/com.android.launcher2.Launcher} from pid 374
07-14 13:32:43.221 D/AndroidRuntime(10826): Calling main entry com.qihoo360.powerctl.root.app.App
07-14 13:32:43.221 D/AndroidRuntime(10826): Shutting down VM
07-14 13:32:43.221 I/AndroidRuntime(10826): NOTE: attach of thread 'Binder_1' failed
07-14 13:32:43.229 D/dalvikvm(10826): GC_CONCURRENT freed 114K, 22% free 467K/592K, paused 1ms+0ms, total 4ms
07-14 13:32:43.502 W/ActivityManager(  374): Activity pause timeout for ActivityRecord{42f40a30 u0 com.android.packageinstaller/.UninstallerActivity}
07-14 13:32:44.002 W/InteractionController(10785): runAndwaitForEvent timedout waiting for events
07-14 13:32:49.588 I/Process ( 6774): Sending signal. PID: 6774 SIG: 9
07-14 13:32:49.627 I/ActivityManager(  374): Process com.android.packageinstaller (pid 6774) has died.
07-14 13:32:49.627 I/WindowState(  374): WIN DEATH: Window{438d7e68 u0 com.android.packageinstaller/com.android.packageinstaller.UninstallerActivity}
07-14 13:32:50.182 W/ResourceType(  595): No known package when getting name for resource number 0x9c020000
07-14 13:32:50.182 W/ResourceType(  595): No known package when getting name for resource number 0x9c020002
07-14 13:32:50.221 W/ResourceType(  595): No known package when getting name for resource number 0x9c030000
07-14 13:32:50.260 W/ResourceType(  595): No known package when getting name for resource number 0x9b000000
07-14 13:32:50.260 W/ResourceType(  595): No known package when getting name for resource number 0x9b010100
07-14 13:32:50.260 W/ResourceType(  595): No known package when getting name for resource number 0x9b030300
07-14 13:32:50.260 W/ResourceType(  595): No known package when getting name for resource number 0x9b040400
07-14 13:32:50.268 I/QueryController(10785): Matched selector: UiSelector[DESCRIPTION=, PACKAGE NAME=com.android.launcher] <<==>> [android.view.accessibility.AccessibilityNodeInfo@1ff4e; boundsInParent: Rect(524232, 0 - 524360, 128); boundsInScreen: Rect(296, 1040 - 424, 1168); packageName: com.android.launcher; className: android.widget.TextView; text: null; contentDescription: ; viewIdResName: null; checkable: false; checked: false; focusable: true; focused: false; selected: false; clickable: true; longClickable: false; enabled: true; password: false; scrollable: false; [ACTION_FOCUS, ACTION_SELECT, ACTION_CLEAR_SELECTION, ACTION_CLICK, ACTION_ACCESSIBILITY_FOCUS]]
07-14 13:32:50.268 D/InteractionController(10785): clickAndWaitForNewWindow(360, 1104)
07-14 13:32:50.315 D/dalvikvm(  595): GC_FOR_ALLOC freed 1150K, 14% free 14930K/17260K, paused 37ms, total 38ms
07-14 13:32:50.323 D/GCM     (  624): Ignoring attempt to send heartbeat on dead connection.
07-14 13:32:51.135 I/QueryController(10785): Matched selector: UiSelector[TEXT=] <<==>> [android.view.accessibility.AccessibilityNodeInfo@6c714; boundsInParent: Rect(0, 0 - 148, 184); boundsInScreen: Rect(16, 958 - 164, 1142); packageName: com.android.launcher; className: android.widget.TextView; text: ; contentDescription: null; viewIdResName: null; checkable: false; checked: false; focusable: true; focused: false; selected: false; clickable: true; longClickable: true; enabled: true; password: false; scrollable: false; [ACTION_FOCUS, ACTION_SELECT, ACTION_CLEAR_SELECTION, ACTION_CLICK, ACTION_LONG_CLICK, ACTION_ACCESSIBILITY_FOCUS, ACTION_NEXT_AT_MOVEMENT_GRANULARITY, ACTION_PREVIOUS_AT_MOVEMENT_GRANULARITY, ACTION_SET_SELECTION]]
07-14 13:32:51.166 I/QueryController(10785): Matched selector: UiSelector[TEXT=] <<==>> [android.view.accessibility.AccessibilityNodeInfo@6c714; boundsInParent: Rect(0, 0 - 148, 184); boundsInScreen: Rect(16, 958 - 164, 1142); packageName: com.android.launcher; className: android.widget.TextView; text: ; contentDescription: null; viewIdResName: null; checkable: false; checked: false; focusable: true; focused: false; selected: false; clickable: true; longClickable: true; enabled: true; password: false; scrollable: false; [ACTION_FOCUS, ACTION_SELECT, ACTION_CLEAR_SELECTION, ACTION_CLICK, ACTION_LONG_CLICK, ACTION_ACCESSIBILITY_FOCUS, ACTION_NEXT_AT_MOVEMENT_GRANULARITY, ACTION_PREVIOUS_AT_MOVEMENT_GRANULARITY, ACTION_SET_SELECTION]]
07-14 13:32:51.166 D/InteractionController(10785): clickAndWaitForNewWindow(90, 1050)
07-14 13:32:51.252 D/dalvikvm( 2019): GC_FOR_ALLOC freed 344K, 7% free 9932K/10588K, paused 26ms, total 26ms
07-14 13:32:51.307 I/ActivityManager(  374): START u0 {act=android.intent.action.MAIN cat=[android.intent.category.LAUNCHER] flg=0x10200000 cmp=com.pekall.emdm/.ui.SplashActivity} from pid 595
07-14 13:32:51.408 D/MdmApplication( 3494): [null:-1]->onActivityStarted market.activity.AppListActivity , mActivityCount = 3
07-14 13:32:51.408 D/MDM :   ( 3494): [null:-1]->query
07-14 13:32:51.408 D/MDM :   ( 3494): [null:-1]->QUERY_PINCODE_CHECK_RESULT
07-14 13:32:51.658 D/dalvikvm( 1052): GC_CONCURRENT freed 323K, 8% free 10347K/11168K, paused 8ms+3ms, total 52ms
07-14 13:32:52.237 I/QueryController(10785): Matched selector: UiSelector[PACKAGE NAME=com.pekall.emdm] <<==>> [android.view.accessibility.AccessibilityNodeInfo@32903c; boundsInParent: Rect(0, 0 - 720, 1184); boundsInScreen: Rect(0, 0 - 720, 1184); packageName: com.pekall.emdm; className: android.widget.FrameLayout; text: null; contentDescription: null; viewIdResName: null; checkable: false; checked: false; focusable: false; focused: false; selected: false; clickable: false; longClickable: false; enabled: true; password: false; scrollable: false; [ACTION_SELECT, ACTION_CLEAR_SELECTION, ACTION_ACCESSIBILITY_FOCUS]]
07-14 13:32:52.291 I/QueryController(10785): Matched selector: UiSelector[TEXT=, CLASS=android.widget.TextView] <<==>> [android.view.accessibility.AccessibilityNodeInfo@333568; boundsInParent: Rect(0, 0 - 144, 48); boundsInScreen: Rect(97, 74 - 241, 122); packageName: com.pekall.emdm; className: android.widget.TextView; text: ; contentDescription: null; viewIdResName: android:id/action_bar_title; checkable: false; checked: false; focusable: false; focused: false; selected: false; clickable: false; longClickable: false; enabled: true; password: false; scrollable: false; [ACTION_SELECT, ACTION_CLEAR_SELECTION, ACTION_ACCESSIBILITY_FOCUS, ACTION_NEXT_AT_MOVEMENT_GRANULARITY, ACTION_PREVIOUS_AT_MOVEMENT_GRANULARITY, ACTION_SET_SELECTION]]
07-14 13:32:52.526 D/dalvikvm(  374): GC_FOR_ALLOC freed 3596K, 31% free 19091K/27344K, paused 106ms, total 106ms
07-14 13:32:52.627 D/dalvikvm(  374): GC_FOR_ALLOC freed 891K, 31% free 18944K/27344K, paused 83ms, total 83ms
07-14 13:32:52.627 D/MdmApplication( 3494): [null:-1]->onActivityPaused market.activity.AppListActivity , mActivityCount = 4
07-14 13:32:52.635 D/MDM :   ( 3494): [null:-1]->query
07-14 13:32:52.635 D/MDM :   ( 3494): [null:-1]->QUERY_PINCODE_CHECK_RESULT
07-14 13:32:52.635 E/Mdm     ( 3494): Call Mdm service's setLastExitTime function
07-14 13:32:52.666 D/MdmApplication( 3494): [null:-1]->onActivityStarted ui.MainActivity , mActivityCount = 3
07-14 13:32:52.674 D/MDM :   ( 3494): [null:-1]->query
07-14 13:32:52.674 D/MDM :   ( 3494): [null:-1]->QUERY_PINCODE_CHECK_RESULT
07-14 13:32:52.901 W/System.err( 6203): java.io.FileNotFoundException: /data/data/com.mgyapp.android/files/.cfp.i: open failed: ENOENT (No such file or directory)
07-14 13:32:52.908 W/System.err( 6203): 	at libcore.io.IoBridge.open(IoBridge.java:409)
07-14 13:32:52.908 W/System.err( 6203): 	at java.io.FileInputStream.<init>(FileInputStream.java:78)
07-14 13:32:52.908 W/System.err( 6203): 	at android.app.ContextImpl.openFileInput(ContextImpl.java:702)
07-14 13:32:52.908 W/System.err( 6203): 	at android.content.ContextWrapper.openFileInput(ContextWrapper.java:173)
07-14 13:32:52.908 W/System.err( 6203): 	at com.mgyun.shua.jc.c.b(Unknown Source)
07-14 13:32:52.908 W/System.err( 6203): 	at com.mgyun.shua.jc.d.a(Unknown Source)
07-14 13:32:52.908 W/System.err( 6203): 	at com.mgyun.shua.jc.service.CpWorkServer.onHandleIntent(Unknown Source)
07-14 13:32:52.908 W/System.err( 6203): 	at android.app.IntentService$ServiceHandler.handleMessage(IntentService.java:65)
07-14 13:32:52.908 W/System.err( 6203): 	at android.os.Handler.dispatchMessage(Handler.java:99)
07-14 13:32:52.908 W/System.err( 6203): 	at android.os.Looper.loop(Looper.java:137)
07-14 13:32:52.908 W/System.err( 6203): 	at android.os.HandlerThread.run(HandlerThread.java:61)
07-14 13:32:52.908 W/System.err( 6203): Caused by: libcore.io.ErrnoException: open failed: ENOENT (No such file or directory)
07-14 13:32:52.908 W/System.err( 6203): 	at libcore.io.Posix.open(Native Method)
07-14 13:32:52.908 W/System.err( 6203): 	at libcore.io.BlockGuardOs.open(BlockGuardOs.java:110)
07-14 13:32:52.908 W/System.err( 6203): 	at libcore.io.IoBridge.open(IoBridge.java:393)
07-14 13:32:52.908 W/System.err( 6203): 	... 10 more
07-14 13:32:53.330 D/DB      ( 3494): query: SQLiteQuery: SELECT * FROM app WHERE readStatus =0
07-14 13:32:53.330 D/DB      ( 3494): factory null
07-14 13:32:53.330 D/DB      ( 3494): fillWindow: 0
07-14 13:32:53.338 D/DB      ( 3494): cursor 0
07-14 13:32:53.338 E/Mdm     ( 3494): Call Mdm service's recordIconCount function
07-14 13:32:53.385 D/dalvikvm( 6152): GC_FOR_ALLOC freed 354K, 7% free 9387K/10072K, paused 30ms, total 31ms
07-14 13:32:54.018 I/QueryController(10785): Matched selector: UiSelector[TEXT=, CLASS=android.widget.TextView] <<==>> [android.view.accessibility.AccessibilityNodeInfo@2763c0; boundsInParent: Rect(0, 0 - 148, 184); boundsInScreen: Rect(376, 572 - 524, 756); packageName: com.pekall.emdm; className: android.widget.TextView; text: ; contentDescription: null; viewIdResName: com.pekall.emdm:id/application_icon_content; checkable: false; checked: false; focusable: true; focused: false; selected: false; clickable: false; longClickable: false; enabled: true; password: false; scrollable: false; [ACTION_FOCUS, ACTION_SELECT, ACTION_CLEAR_SELECTION, ACTION_ACCESSIBILITY_FOCUS, ACTION_NEXT_AT_MOVEMENT_GRANULARITY, ACTION_PREVIOUS_AT_MOVEMENT_GRANULARITY, ACTION_SET_SELECTION]]
07-14 13:32:54.057 I/QueryController(10785): Matched selector: UiSelector[TEXT=, CLASS=android.widget.TextView] <<==>> [android.view.accessibility.AccessibilityNodeInfo@275c3e; boundsInParent: Rect(0, 0 - 148, 184); boundsInScreen: Rect(16, 572 - 164, 756); packageName: com.pekall.emdm; className: android.widget.TextView; text: ; contentDescription: null; viewIdResName: com.pekall.emdm:id/application_icon_content; checkable: false; checked: false; focusable: true; focused: false; selected: false; clickable: false; longClickable: false; enabled: true; password: false; scrollable: false; [ACTION_FOCUS, ACTION_SELECT, ACTION_CLEAR_SELECTION, ACTION_ACCESSIBILITY_FOCUS, ACTION_NEXT_AT_MOVEMENT_GRANULARITY, ACTION_PREVIOUS_AT_MOVEMENT_GRANULARITY, ACTION_SET_SELECTION]]
07-14 13:32:54.096 I/QueryController(10785): Matched selector: UiSelector[TEXT=, CLASS=android.widget.TextView] <<==>> [android.view.accessibility.AccessibilityNodeInfo@275c3e; boundsInParent: Rect(0, 0 - 148, 184); boundsInScreen: Rect(16, 572 - 164, 756); packageName: com.pekall.emdm; className: android.widget.TextView; text: ; contentDescription: null; viewIdResName: com.pekall.emdm:id/application_icon_content; checkable: false; checked: false; focusable: true; focused: false; selected: false; clickable: false; longClickable: false; enabled: true; password: false; scrollable: false; [ACTION_FOCUS, ACTION_SELECT, ACTION_CLEAR_SELECTION, ACTION_ACCESSIBILITY_FOCUS, ACTION_NEXT_AT_MOVEMENT_GRANULARITY, ACTION_PREVIOUS_AT_MOVEMENT_GRANULARITY, ACTION_SET_SELECTION]]
07-14 13:32:54.096 D/InteractionController(10785): clickAndWaitForNewWindow(90, 664)
07-14 13:32:54.237 I/ActivityManager(  374): START u0 {cmp=com.pekall.emdm/.document.activity.DocMainActivity} from pid 3494
07-14 13:32:54.377 D/dalvikvm(  374): GC_FOR_ALLOC freed 437K, 30% free 19297K/27344K, paused 89ms, total 89ms
07-14 13:32:54.471 D/dalvikvm(  374): GC_FOR_ALLOC freed 748K, 31% free 18920K/27344K, paused 87ms, total 87ms
07-14 13:32:54.471 D/MdmApplication( 3494): [null:-1]->onActivityPaused ui.MainActivity , mActivityCount = 4
07-14 13:32:54.471 D/MDM :   ( 3494): [null:-1]->query
07-14 13:32:54.479 D/MDM :   ( 3494): [null:-1]->QUERY_PINCODE_CHECK_RESULT
07-14 13:32:54.479 E/Mdm     ( 3494): Call Mdm service's setLastExitTime function
07-14 13:32:54.573 D/MdmApplication( 3494): [null:-1]->onActivityStarted document.activity.DocMainActivity , mActivityCount = 3
07-14 13:32:54.573 D/MDM :   ( 3494): [null:-1]->query
07-14 13:32:54.573 D/MDM :   ( 3494): [null:-1]->QUERY_PINCODE_CHECK_RESULT
07-14 13:32:54.573 D/DB      ( 3494): query: SQLiteQuery: SELECT * FROM doc WHERE browseStatus = 0 AND type = 'Normal'
07-14 13:32:54.573 D/DB      ( 3494): factory null
07-14 13:32:54.573 D/DB      ( 3494): fillWindow: 0
07-14 13:32:54.573 D/DB      ( 3494): cursor 1
07-14 13:32:54.752 I/ActivityManager(  374): Displayed com.pekall.emdm/.document.activity.DocMainActivity: +265ms (total +2m44s521ms)
07-14 13:32:55.283 I/QueryController(10785): Matched selector: UiSelector[TEXT=, CLASS=android.widget.TextView] <<==>> [android.view.accessibility.AccessibilityNodeInfo@3412f0; boundsInParent: Rect(0, 0 - 612, 83); boundsInScreen: Rect(108, 158 - 720, 241); packageName: com.pekall.emdm; className: android.widget.TextView; text: ; contentDescription: null; viewIdResName: null; checkable: false; checked: false; focusable: false; focused: false; selected: false; clickable: false; longClickable: false; enabled: true; password: false; scrollable: false; [ACTION_SELECT, ACTION_CLEAR_SELECTION, ACTION_ACCESSIBILITY_FOCUS, ACTION_NEXT_AT_MOVEMENT_GRANULARITY, ACTION_PREVIOUS_AT_MOVEMENT_GRANULARITY, ACTION_SET_SELECTION]]
07-14 13:32:55.283 D/InteractionController(10785): clickAndWaitForNewWindow(414, 199)
07-14 13:32:55.440 I/ActivityManager(  374): START u0 {cmp=com.pekall.emdm/.document.activity.CompanyDocActivity} from pid 3494
07-14 13:32:55.573 D/dalvikvm(  374): GC_FOR_ALLOC freed 409K, 30% free 19302K/27344K, paused 83ms, total 83ms
07-14 13:32:55.658 D/dalvikvm(  374): GC_FOR_ALLOC freed 752K, 31% free 18921K/27344K, paused 82ms, total 82ms
07-14 13:32:55.666 D/MdmApplication( 3494): [null:-1]->onActivityPaused document.activity.DocMainActivity , mActivityCount = 4
07-14 13:32:55.666 D/MDM :   ( 3494): [null:-1]->query
07-14 13:32:55.666 D/MDM :   ( 3494): [null:-1]->QUERY_PINCODE_CHECK_RESULT
07-14 13:32:55.666 E/Mdm     ( 3494): Call Mdm service's setLastExitTime function
07-14 13:32:55.713 D/MdmApplication( 3494): [null:-1]->onActivityStarted document.activity.CompanyDocActivity , mActivityCount = 3
07-14 13:32:55.713 D/MDM :   ( 3494): [null:-1]->query
07-14 13:32:55.713 D/MDM :   ( 3494): [null:-1]->QUERY_PINCODE_CHECK_RESULT
07-14 13:32:55.721 D/BaseFragment( 3494): [null:-1]->mSelection is type = 'Normal' ,mSort is _id DESC
07-14 13:32:55.721 D/DB      ( 3494): query: SQLiteQuery: SELECT * FROM doc WHERE type = 'Normal'
07-14 13:32:55.721 D/DB      ( 3494): factory null
07-14 13:32:55.721 D/DB      ( 3494): fillWindow: 0
07-14 13:32:55.729 D/DB      ( 3494): cursor 2
07-14 13:32:55.729 D/DB      ( 3494): moveToPos: 0
07-14 13:32:55.729 D/DB      ( 3494): onMove: 0
07-14 13:32:55.729 D/DB      ( 3494): moveToPos: 1
07-14 13:32:55.729 D/DB      ( 3494): onMove: 1
07-14 13:32:55.729 D/DB      ( 3494): moveToPos: 2
07-14 13:32:56.151 I/ActivityManager(  374): Displayed com.pekall.emdm/.document.activity.CompanyDocActivity: +474ms
07-14 13:32:57.643 I/QueryController(10785): Matched selector: UiSelector[TEXT=txt.txt] <<==>> [android.view.accessibility.AccessibilityNodeInfo@34cae2; boundsInParent: Rect(0, 0 - 402, 43); boundsInScreen: Rect(130, 236 - 532, 279); packageName: com.pekall.emdm; className: android.widget.TextView; text: txt.txt; contentDescription: null; viewIdResName: com.pekall.emdm:id/doc_name; checkable: false; checked: false; focusable: false; focused: false; selected: false; clickable: false; longClickable: false; enabled: true; password: false; scrollable: false; [ACTION_SELECT, ACTION_CLEAR_SELECTION, ACTION_ACCESSIBILITY_FOCUS, ACTION_NEXT_AT_MOVEMENT_GRANULARITY, ACTION_PREVIOUS_AT_MOVEMENT_GRANULARITY, ACTION_SET_SELECTION]]
07-14 13:32:57.651 I/AndroidRuntime(10785): VM exiting with result code 0.
07-14 13:33:07.440 D/JOBS    (10388): Thread-409: load factor check. true = (0 < 1)|| (0 * 3 < 0 + 0). consumer thread: true
07-14 13:33:07.440 D/JOBS    (10388): didn't allow me to die, re-running Thread-409
07-14 13:33:07.440 D/JOBS    (10388): re-running consumer Thread-409
07-14 13:33:07.510 D/LightsService(  374): Excessive delay setting light: 67ms
07-14 13:33:07.744 D/LightsService(  374): Excessive delay setting light: 66ms
07-14 13:33:10.291 I/PowerManagerService(  374): Going to sleep due to screen timeout...
07-14 13:33:11.049 D/SurfaceFlinger(  124): Screen released, type=0 flinger=0x41e1a478
07-14 13:33:11.190 D/dalvikvm(  374): GC_FOR_ALLOC freed 591K, 28% free 19770K/27344K, paused 91ms, total 92ms
07-14 13:33:11.198 I/WindowManager(  374): Screenshot Window{42ccdca8 u0 com.pekall.emdm/com.pekall.emdm.document.activity.CompanyDocActivity} was all black! mSurfaceLayer=21020 minLayer=21000 maxLayer=21020
07-14 13:33:11.283 D/dalvikvm(  374): GC_FOR_ALLOC freed 761K, 30% free 19385K/27344K, paused 84ms, total 84ms
07-14 13:33:11.283 D/MdmApplication( 3494): [null:-1]->onActivityPaused document.activity.CompanyDocActivity , mActivityCount = 4
07-14 13:33:11.283 D/MDM :   ( 3494): [null:-1]->query
