07-11 18:19:57.390 W/System.err( 5790): 	at android.os.HandlerThread.run(HandlerThread.java:61)
07-11 18:19:57.390 W/System.err( 5790): Caused by: libcore.io.ErrnoException: open failed: ENOENT (No such file or directory)
07-11 18:19:57.390 W/System.err( 5790): 	at libcore.io.Posix.open(Native Method)
07-11 18:19:57.398 W/System.err( 5790): 	at libcore.io.BlockGuardOs.open(BlockGuardOs.java:110)
07-11 18:19:57.398 W/System.err( 5790): 	at libcore.io.IoBridge.open(IoBridge.java:393)
07-11 18:19:57.398 W/System.err( 5790): 	... 9 more
07-11 18:20:02.195 D/dalvikvm(32313): GC_CONCURRENT freed 402K, 8% free 9443K/10156K, paused 13ms+2ms, total 44ms
07-11 18:20:02.195 D/dalvikvm(32313): WAIT_FOR_CONCURRENT_GC blocked 31ms
07-11 18:20:02.195 D/dalvikvm(32313): WAIT_FOR_CONCURRENT_GC blocked 21ms
07-11 18:20:02.203 W/MountService(  374): getVolumeState(/storage/emulated/0/external_sd): Unknown volume
07-11 18:20:02.203 W/MountService(  374): getVolumeState(/mnt/sdcard-ext): Unknown volume
07-11 18:20:02.203 W/MountService(  374): getVolumeState(/mnt/ext_sdcard): Unknown volume
07-11 18:20:02.203 W/MountService(  374): getVolumeState(/mnt/sdcard2): Unknown volume
07-11 18:20:02.203 W/MountService(  374): getVolumeState(/mnt/emmc): Unknown volume
07-11 18:20:02.203 W/MountService(  374): getVolumeState(/mnt/extSdCard): Unknown volume
07-11 18:20:02.203 W/MountService(  374): getVolumeState(/mnt/sdcard/SD_CARD): Unknown volume
07-11 18:20:02.203 W/MountService(  374): getVolumeState(/mnt/sdcard/extra_sd): Unknown volume
07-11 18:20:02.203 W/MountService(  374): getVolumeState(/mnt/extrasd_bind): Unknown volume
07-11 18:20:02.203 W/MountService(  374): getVolumeState(/mnt/sdcard/ext_sd): Unknown volume
07-11 18:20:02.211 W/MountService(  374): getVolumeState(/storage/extSdCard): Unknown volume
07-11 18:20:02.211 W/MountService(  374): getVolumeState(/storage/sdcard1): Unknown volume
07-11 18:20:02.211 W/MountService(  374): getVolumeState(/mnt/sdcard/external_SD): Unknown volume
07-11 18:20:02.211 W/MountService(  374): getVolumeState(/mnt/sdcard/external_sd): Unknown volume
07-11 18:20:02.320 D/dalvikvm(32313): GC_CONCURRENT freed 435K, 8% free 9418K/10156K, paused 2ms+4ms, total 50ms
07-11 18:20:02.429 W/MountService(  374): getVolumeState(/storage/emulated/0/external_sd): Unknown volume
07-11 18:20:02.429 W/MountService(  374): getVolumeState(/mnt/sdcard-ext): Unknown volume
07-11 18:20:02.429 W/MountService(  374): getVolumeState(/mnt/ext_sdcard): Unknown volume
07-11 18:20:02.429 W/MountService(  374): getVolumeState(/mnt/sdcard2): Unknown volume
07-11 18:20:02.429 W/MountService(  374): getVolumeState(/mnt/emmc): Unknown volume
07-11 18:20:02.437 W/MountService(  374): getVolumeState(/mnt/extSdCard): Unknown volume
07-11 18:20:02.437 W/MountService(  374): getVolumeState(/mnt/sdcard/SD_CARD): Unknown volume
07-11 18:20:02.437 W/MountService(  374): getVolumeState(/mnt/sdcard/extra_sd): Unknown volume
07-11 18:20:02.437 W/MountService(  374): getVolumeState(/mnt/extrasd_bind): Unknown volume
07-11 18:20:02.437 W/MountService(  374): getVolumeState(/mnt/sdcard/ext_sd): Unknown volume
07-11 18:20:02.437 W/MountService(  374): getVolumeState(/storage/extSdCard): Unknown volume
07-11 18:20:02.437 W/MountService(  374): getVolumeState(/storage/sdcard1): Unknown volume
07-11 18:20:02.445 W/MountService(  374): getVolumeState(/mnt/sdcard/external_SD): Unknown volume
07-11 18:20:02.445 W/MountService(  374): getVolumeState(/mnt/sdcard/external_sd): Unknown volume
07-11 18:20:02.476 D/dalvikvm(32313): GC_CONCURRENT freed 465K, 8% free 9416K/10156K, paused 2ms+3ms, total 25ms
07-11 18:21:02.219 W/MountService(  374): getVolumeState(/storage/emulated/0/external_sd): Unknown volume
07-11 18:21:02.226 W/MountService(  374): getVolumeState(/mnt/sdcard-ext): Unknown volume
07-11 18:21:02.226 W/MountService(  374): getVolumeState(/mnt/ext_sdcard): Unknown volume
07-11 18:21:02.226 W/MountService(  374): getVolumeState(/mnt/sdcard2): Unknown volume
07-11 18:21:02.226 W/MountService(  374): getVolumeState(/mnt/emmc): Unknown volume
07-11 18:21:02.226 W/MountService(  374): getVolumeState(/mnt/extSdCard): Unknown volume
07-11 18:21:02.226 W/MountService(  374): getVolumeState(/mnt/sdcard/SD_CARD): Unknown volume
07-11 18:21:02.234 W/MountService(  374): getVolumeState(/mnt/sdcard/extra_sd): Unknown volume
07-11 18:21:02.234 W/MountService(  374): getVolumeState(/mnt/extrasd_bind): Unknown volume
07-11 18:21:02.234 W/MountService(  374): getVolumeState(/mnt/sdcard/ext_sd): Unknown volume
07-11 18:21:02.234 W/MountService(  374): getVolumeState(/storage/extSdCard): Unknown volume
07-11 18:21:02.234 W/MountService(  374): getVolumeState(/storage/sdcard1): Unknown volume
07-11 18:21:02.242 W/MountService(  374): getVolumeState(/mnt/sdcard/external_SD): Unknown volume
07-11 18:21:02.242 W/MountService(  374): getVolumeState(/mnt/sdcard/external_sd): Unknown volume
07-11 18:21:02.289 D/dalvikvm(32313): GC_CONCURRENT freed 410K, 7% free 9482K/10152K, paused 5ms+3ms, total 34ms
07-11 18:21:02.289 D/dalvikvm(32313): WAIT_FOR_CONCURRENT_GC blocked 7ms
07-11 18:21:02.469 W/MountService(  374): getVolumeState(/storage/emulated/0/external_sd): Unknown volume
07-11 18:21:02.469 W/MountService(  374): getVolumeState(/mnt/sdcard-ext): Unknown volume
07-11 18:21:02.469 W/MountService(  374): getVolumeState(/mnt/ext_sdcard): Unknown volume
07-11 18:21:02.469 W/MountService(  374): getVolumeState(/mnt/sdcard2): Unknown volume
07-11 18:21:02.469 W/MountService(  374): getVolumeState(/mnt/emmc): Unknown volume
07-11 18:21:02.469 W/MountService(  374): getVolumeState(/mnt/extSdCard): Unknown volume
07-11 18:21:02.476 W/MountService(  374): getVolumeState(/mnt/sdcard/SD_CARD): Unknown volume
07-11 18:21:02.476 W/MountService(  374): getVolumeState(/mnt/sdcard/extra_sd): Unknown volume
07-11 18:21:02.476 W/MountService(  374): getVolumeState(/mnt/extrasd_bind): Unknown volume
07-11 18:21:02.476 W/MountService(  374): getVolumeState(/mnt/sdcard/ext_sd): Unknown volume
07-11 18:21:02.476 W/MountService(  374): getVolumeState(/storage/extSdCard): Unknown volume
07-11 18:21:02.476 W/MountService(  374): getVolumeState(/storage/sdcard1): Unknown volume
07-11 18:21:02.476 W/MountService(  374): getVolumeState(/mnt/sdcard/external_SD): Unknown volume
07-11 18:21:02.476 W/MountService(  374): getVolumeState(/mnt/sdcard/external_sd): Unknown volume
07-11 18:21:02.492 D/dalvikvm(32313): GC_CONCURRENT freed 524K, 7% free 9467K/10152K, paused 4ms+3ms, total 44ms
07-11 18:21:02.492 D/dalvikvm(32313): WAIT_FOR_CONCURRENT_GC blocked 6ms
07-11 18:21:02.492 D/dalvikvm(32313): WAIT_FOR_CONCURRENT_GC blocked 10ms
07-11 18:21:15.586 D/dalvikvm(32313): GC_FOR_ALLOC freed 434K, 8% free 9390K/10152K, paused 19ms, total 19ms
07-11 18:21:27.195 D/MdmService( 3259): [null:-1]->receiver action :com.pekall.mdm.action.MDM_ALARM
07-11 18:22:02.351 W/MountService(  374): getVolumeState(/storage/emulated/0/external_sd): Unknown volume
07-11 18:22:02.351 W/MountService(  374): getVolumeState(/mnt/sdcard-ext): Unknown volume
07-11 18:22:02.351 W/MountService(  374): getVolumeState(/mnt/ext_sdcard): Unknown volume
07-11 18:22:02.351 W/MountService(  374): getVolumeState(/mnt/sdcard2): Unknown volume
07-11 18:22:02.351 W/MountService(  374): getVolumeState(/mnt/emmc): Unknown volume
07-11 18:22:02.359 W/MountService(  374): getVolumeState(/mnt/extSdCard): Unknown volume
07-11 18:22:02.359 W/MountService(  374): getVolumeState(/mnt/sdcard/SD_CARD): Unknown volume
07-11 18:22:02.359 W/MountService(  374): getVolumeState(/mnt/sdcard/extra_sd): Unknown volume
07-11 18:22:02.359 W/MountService(  374): getVolumeState(/mnt/extrasd_bind): Unknown volume
07-11 18:22:02.359 W/MountService(  374): getVolumeState(/mnt/sdcard/ext_sd): Unknown volume
07-11 18:22:02.359 W/MountService(  374): getVolumeState(/storage/extSdCard): Unknown volume
07-11 18:22:02.367 W/MountService(  374): getVolumeState(/storage/sdcard1): Unknown volume
07-11 18:22:02.367 W/MountService(  374): getVolumeState(/mnt/sdcard/external_SD): Unknown volume
07-11 18:22:02.367 W/MountService(  374): getVolumeState(/mnt/sdcard/external_sd): Unknown volume
07-11 18:22:02.453 D/dalvikvm(32313): GC_CONCURRENT freed 309K, 6% free 9562K/10152K, paused 3ms+3ms, total 35ms
07-11 18:22:02.570 W/MountService(  374): getVolumeState(/storage/emulated/0/external_sd): Unknown volume
07-11 18:22:02.578 W/MountService(  374): getVolumeState(/mnt/sdcard-ext): Unknown volume
07-11 18:22:02.578 W/MountService(  374): getVolumeState(/mnt/ext_sdcard): Unknown volume
07-11 18:22:02.578 W/MountService(  374): getVolumeState(/mnt/sdcard2): Unknown volume
07-11 18:22:02.578 W/MountService(  374): getVolumeState(/mnt/emmc): Unknown volume
07-11 18:22:02.578 W/MountService(  374): getVolumeState(/mnt/extSdCard): Unknown volume
07-11 18:22:02.578 W/MountService(  374): getVolumeState(/mnt/sdcard/SD_CARD): Unknown volume
07-11 18:22:02.578 W/MountService(  374): getVolumeState(/mnt/sdcard/extra_sd): Unknown volume
07-11 18:22:02.578 W/MountService(  374): getVolumeState(/mnt/extrasd_bind): Unknown volume
07-11 18:22:02.578 W/MountService(  374): getVolumeState(/mnt/sdcard/ext_sd): Unknown volume
07-11 18:22:02.578 W/MountService(  374): getVolumeState(/storage/extSdCard): Unknown volume
07-11 18:22:02.578 W/MountService(  374): getVolumeState(/storage/sdcard1): Unknown volume
07-11 18:22:02.586 W/MountService(  374): getVolumeState(/mnt/sdcard/external_SD): Unknown volume
07-11 18:22:02.586 W/MountService(  374): getVolumeState(/mnt/sdcard/external_sd): Unknown volume
07-11 18:22:02.617 D/dalvikvm(32313): GC_CONCURRENT freed 579K, 8% free 9436K/10152K, paused 3ms+3ms, total 25ms
07-11 18:22:04.390 I/ActivityManager(  374): No longer want net.nurik.roman.dashclock (pid 10635): empty for 1800s
07-11 18:22:04.398 W/ActivityManager(  374): Scheduling restart of crashed service net.nurik.roman.dashclock/com.google.android.apps.dashclock.DashClockService in 5000ms
07-11 18:22:05.344 I/ActivityManager(  374): No longer want android.process.acore (pid 12351): empty for 1800s
07-11 18:22:09.422 I/ActivityManager(  374): Start proc net.nurik.roman.dashclock for service net.nurik.roman.dashclock/com.google.android.apps.dashclock.DashClockService: pid=18029 uid=10070 gids={50070, 3003, 1028}
07-11 18:22:09.445 I/ActivityManager(  374): No longer want com.android.providers.calendar (pid 13951): empty for 1803s
07-11 18:22:09.445 I/ActivityManager(  374): No longer want com.google.android.calendar (pid 13965): empty for 1803s
07-11 18:22:09.554 D/dalvikvm(18029): GC_CONCURRENT freed 168K, 3% free 9202K/9408K, paused 5ms+2ms, total 31ms
07-11 18:22:09.578 W/dashclock_WeatherExten(18029): Stale or missing last-known location; requesting single coarse location update.
07-11 18:22:09.601 I/ActivityManager(  374): Start proc com.android.providers.calendar for content provider com.android.providers.calendar/.CalendarProvider2: pid=18046 uid=10007 gids={50007, 3003, 1015, 1028}
07-11 18:22:10.719 I/CalendarProvider2(18046): Sending notification intent: Intent { act=android.intent.action.PROVIDER_CHANGED dat=content://com.android.calendar }
07-11 18:22:10.719 W/ContentResolver(18046): Failed to get type for: content://com.android.calendar (Unknown URL content://com.android.calendar)
07-11 18:22:10.734 I/ActivityManager(  374): Start proc com.google.android.calendar for broadcast com.google.android.calendar/com.android.calendar.alerts.AlertReceiver: pid=18060 uid=10006 gids={50006, 3003, 1028}
07-11 18:22:10.836 D/AlertReceiver(18060): onReceive: a=android.intent.action.PROVIDER_CHANGED Intent { act=android.intent.action.PROVIDER_CHANGED dat=content://com.android.calendar flg=0x10 cmp=com.google.android.calendar/com.android.calendar.alerts.AlertReceiver }
07-11 18:22:10.851 D/AlertService(18060): 0 Action = android.intent.action.PROVIDER_CHANGED
07-11 18:22:11.023 D/dalvikvm(  374): GC_EXPLICIT freed 1026K, 28% free 23231K/31932K, paused 5ms+11ms, total 132ms
07-11 18:22:11.094 D/dalvikvm(  565): GC_CONCURRENT freed 499K, 7% free 10439K/11180K, paused 7ms+8ms, total 50ms
07-11 18:22:11.094 D/dalvikvm(  565): WAIT_FOR_CONCURRENT_GC blocked 32ms
07-11 18:22:12.601 D/dalvikvm(  565): GC_CONCURRENT freed 456K, 8% free 10396K/11180K, paused 3ms+3ms, total 40ms
07-11 18:22:12.914 D/dalvikvm(18029): GC_CONCURRENT freed 603K, 7% free 9099K/9740K, paused 4ms+2ms, total 31ms
07-11 18:22:15.859 D/AlertService(18060): Beginning updateAlertNotification
07-11 18:22:15.875 D/AlertService(18060): No fired or scheduled alerts
07-11 18:22:15.890 D/AlertService(18060): Scheduling next alarm with AlarmScheduler. sEventReminderReceived: null
07-11 18:22:15.906 D/AlarmScheduler(18060): No events found starting within 1 week.
07-11 18:22:56.523 D/GCM     (  647): Ignoring attempt to send heartbeat on dead connection.
07-11 18:23:02.523 W/MountService(  374): getVolumeState(/storage/emulated/0/external_sd): Unknown volume
07-11 18:23:02.531 W/MountService(  374): getVolumeState(/mnt/sdcard-ext): Unknown volume
07-11 18:23:02.531 W/MountService(  374): getVolumeState(/mnt/ext_sdcard): Unknown volume
07-11 18:23:02.531 W/MountService(  374): getVolumeState(/mnt/sdcard2): Unknown volume
07-11 18:23:02.531 W/MountService(  374): getVolumeState(/mnt/emmc): Unknown volume
07-11 18:23:02.531 W/MountService(  374): getVolumeState(/mnt/extSdCard): Unknown volume
07-11 18:23:02.531 W/MountService(  374): getVolumeState(/mnt/sdcard/SD_CARD): Unknown volume
07-11 18:23:02.531 W/MountService(  374): getVolumeState(/mnt/sdcard/extra_sd): Unknown volume
07-11 18:23:02.539 W/MountService(  374): getVolumeState(/mnt/extrasd_bind): Unknown volume
07-11 18:23:02.539 W/MountService(  374): getVolumeState(/mnt/sdcard/ext_sd): Unknown volume
07-11 18:23:02.539 W/MountService(  374): getVolumeState(/storage/extSdCard): Unknown volume
07-11 18:23:02.539 W/MountService(  374): getVolumeState(/storage/sdcard1): Unknown volume
07-11 18:23:02.539 W/MountService(  374): getVolumeState(/mnt/sdcard/external_SD): Unknown volume
07-11 18:23:02.539 W/MountService(  374): getVolumeState(/mnt/sdcard/external_sd): Unknown volume
07-11 18:23:02.562 D/dalvikvm(32313): GC_FOR_ALLOC freed 395K, 8% free 9421K/10152K, paused 20ms, total 20ms
07-11 18:23:02.633 I/ActivityManager(  374): Start proc android.process.acore for content provider com.android.providers.contacts/.ContactsProvider2: pid=18190 uid=10000 gids={50000, 3003, 1015, 1028}
07-11 18:23:02.812 D/dalvikvm(18190): GC_CONCURRENT freed 229K, 3% free 9167K/9432K, paused 4ms+3ms, total 30ms
07-11 18:23:03.219 I/ContactLocale(18190): AddressBook Labels [zh_CN]: [, A, B, C, D, E, F, G, H, I, J, K, L, M, N, O, P, Q, R, S, T, U, V, W, X, Y, Z, , , , , , , , , , , , , , , , , , , , , , , , , , , , , , , , , , , , , , , , , , , , , , , , , , , , , , , , , , , , , , , , , , , , , , , , , , , , , , , , , , , , , , , , , , , , , , , , , , , , , , , , , , , , , , , , , , , , , , , , , , , , , , , , , , , , , , , , , , , , , , , , , , , , , , , , , , , , #, ]
07-11 18:23:03.508 D/dalvikvm(32313): GC_CONCURRENT freed 426K, 7% free 9461K/10152K, paused 5ms+6ms, total 40ms
07-11 18:23:03.539 W/MountService(  374): getVolumeState(/storage/emulated/0/external_sd): Unknown volume
07-11 18:23:03.539 W/MountService(  374): getVolumeState(/mnt/sdcard-ext): Unknown volume
07-11 18:23:03.539 W/MountService(  374): getVolumeState(/mnt/ext_sdcard): Unknown volume
07-11 18:23:03.539 W/MountService(  374): getVolumeState(/mnt/sdcard2): Unknown volume
07-11 18:23:03.539 W/MountService(  374): getVolumeState(/mnt/emmc): Unknown volume
07-11 18:23:03.539 W/MountService(  374): getVolumeState(/mnt/extSdCard): Unknown volume
07-11 18:23:03.539 W/MountService(  374): getVolumeState(/mnt/sdcard/SD_CARD): Unknown volume
07-11 18:23:03.547 W/MountService(  374): getVolumeState(/mnt/sdcard/extra_sd): Unknown volume
07-11 18:23:03.547 W/MountService(  374): getVolumeState(/mnt/extrasd_bind): Unknown volume
07-11 18:23:03.547 W/MountService(  374): getVolumeState(/mnt/sdcard/ext_sd): Unknown volume
07-11 18:23:03.547 W/MountService(  374): getVolumeState(/storage/extSdCard): Unknown volume
07-11 18:23:03.547 W/MountService(  374): getVolumeState(/storage/sdcard1): Unknown volume
07-11 18:23:03.547 W/MountService(  374): getVolumeState(/mnt/sdcard/external_SD): Unknown volume
07-11 18:23:03.547 W/MountService(  374): getVolumeState(/mnt/sdcard/external_sd): Unknown volume
07-11 18:23:03.633 D/dalvikvm(32313): GC_CONCURRENT freed 456K, 8% free 9388K/10152K, paused 3ms+3ms, total 23ms
07-11 18:23:03.633 D/dalvikvm(32313): WAIT_FOR_CONCURRENT_GC blocked 16ms
07-11 18:23:03.844 D/dalvikvm(18190): GC_CONCURRENT freed 162K, 3% free 9399K/9600K, paused 3ms+3ms, total 30ms
07-11 18:23:15.523 D/dalvikvm(  577): GC_EXPLICIT freed 575K, 7% free 11554K/12348K, paused 3ms+7ms, total 45ms
07-11 18:23:29.312 D/dalvikvm(16226): GC_CONCURRENT freed 411K, 13% free 9499K/10828K, paused 4ms+3ms, total 28ms
07-11 18:23:33.976 I/EventLogService(  647): Aggregate from 1405072413872 (log), 1405072413872 (data)
07-11 18:23:34.031 I/ServiceDumpSys(  647): dumping service [account]
07-11 18:23:44.265 D/dalvikvm(16309): GC_CONCURRENT freed 446K, 9% free 9900K/10768K, paused 9ms+2ms, total 39ms
07-11 18:24:02.672 W/MountService(  374): getVolumeState(/storage/emulated/0/external_sd): Unknown volume
07-11 18:24:02.672 W/MountService(  374): getVolumeState(/mnt/sdcard-ext): Unknown volume
07-11 18:24:02.672 W/MountService(  374): getVolumeState(/mnt/ext_sdcard): Unknown volume
07-11 18:24:02.672 W/MountService(  374): getVolumeState(/mnt/sdcard2): Unknown volume
07-11 18:24:02.672 W/MountService(  374): getVolumeState(/mnt/emmc): Unknown volume
07-11 18:24:02.672 W/MountService(  374): getVolumeState(/mnt/extSdCard): Unknown volume
07-11 18:24:02.672 W/MountService(  374): getVolumeState(/mnt/sdcard/SD_CARD): Unknown volume
07-11 18:24:02.672 W/MountService(  374): getVolumeState(/mnt/sdcard/extra_sd): Unknown volume
07-11 18:24:02.672 W/MountService(  374): getVolumeState(/mnt/extrasd_bind): Unknown volume
07-11 18:24:02.679 W/MountService(  374): getVolumeState(/mnt/sdcard/ext_sd): Unknown volume
07-11 18:24:02.679 W/MountService(  374): getVolumeState(/storage/extSdCard): Unknown volume
07-11 18:24:02.679 W/MountService(  374): getVolumeState(/storage/sdcard1): Unknown volume
07-11 18:24:02.679 W/MountService(  374): getVolumeState(/mnt/sdcard/external_SD): Unknown volume
07-11 18:24:02.679 W/MountService(  374): getVolumeState(/mnt/sdcard/external_sd): Unknown volume
07-11 18:24:02.719 D/dalvikvm(32313): GC_CONCURRENT freed 346K, 7% free 9482K/10152K, paused 3ms+3ms, total 34ms
07-11 18:24:02.719 D/dalvikvm(32313): WAIT_FOR_CONCURRENT_GC blocked 8ms
07-11 18:24:02.804 D/dalvikvm(14601): GC_EXPLICIT freed 242K, 3% free 9192K/9476K, paused 2ms+5ms, total 30ms
07-11 18:24:02.945 D/dalvikvm(32313): GC_CONCURRENT freed 522K, 7% free 9462K/10152K, paused 4ms+3ms, total 31ms
07-11 18:24:02.945 W/MountService(  374): getVolumeState(/storage/emulated/0/external_sd): Unknown volume
07-11 18:24:02.945 W/MountService(  374): getVolumeState(/mnt/sdcard-ext): Unknown volume
07-11 18:24:02.945 W/MountService(  374): getVolumeState(/mnt/ext_sdcard): Unknown volume
07-11 18:24:02.953 W/MountService(  374): getVolumeState(/mnt/sdcard2): Unknown volume
07-11 18:24:02.953 W/MountService(  374): getVolumeState(/mnt/emmc): Unknown volume
07-11 18:24:02.953 W/MountService(  374): getVolumeState(/mnt/extSdCard): Unknown volume
07-11 18:24:02.953 W/MountService(  374): getVolumeState(/mnt/sdcard/SD_CARD): Unknown volume
07-11 18:24:02.953 W/MountService(  374): getVolumeState(/mnt/sdcard/extra_sd): Unknown volume
07-11 18:24:02.953 W/MountService(  374): getVolumeState(/mnt/extrasd_bind): Unknown volume
07-11 18:24:02.953 W/MountService(  374): getVolumeState(/mnt/sdcard/ext_sd): Unknown volume
07-11 18:24:02.953 W/MountService(  374): getVolumeState(/storage/extSdCard): Unknown volume
07-11 18:24:02.953 W/MountService(  374): getVolumeState(/storage/sdcard1): Unknown volume
07-11 18:24:02.953 W/MountService(  374): getVolumeState(/mnt/sdcard/external_SD): Unknown volume
07-11 18:24:02.953 W/MountService(  374): getVolumeState(/mnt/sdcard/external_sd): Unknown volume
07-11 18:24:07.508 D/PushService(17631): [null:-1]->receiver action :com.pekall.mdm.action.PUSH_ALARM
07-11 18:24:07.523 D/PushService(17631): [null:-1]->keepAliveWithPushServer  client is null 
07-11 18:24:07.523 D/PushLib : (17631): [null:-1]->pushClient is :null
07-11 18:24:07.523 D/PushLib : (17631): [null:-1]->pushClient opened :not opened
07-11 18:24:07.531 D/PushLib : (17631): [null:-1]->pushClient connect:ws://192.168.10.35:9090/websocket
07-11 18:24:12.586 D/PushLib : (17631): [null:-1]->MSG_WEBSOCKET_OPEN
07-11 18:24:12.640 D/dalvikvm(17631): GC_CONCURRENT freed 348K, 5% free 9221K/9608K, paused 2ms+3ms, total 27ms
07-11 18:24:12.687 D/JOBS    (17631): added job id: -2147483647 class: PushMessageJob priority: 0 delay: 0 group : fetch-push persistent: false requires network: true
07-11 18:24:12.695 D/JOBS    (17631): main: load factor check. true = (0 < 1)|| (0 * 3 < 1 + 0). consumer thread: false
07-11 18:24:12.695 D/JOBS    (17631): adding another consumer
07-11 18:24:12.695 D/JOBS    (17631): starting consumer Thread-4192
07-11 18:24:12.695 D/JOBS    (17631): running job PushMessageJob
07-11 18:24:12.695 D/JOBS    (17631): pool-4-thread-1: load factor check. false = (1 < 1)|| (1 * 3 < 0 + 1). consumer thread: false
07-11 18:24:13.156 D/JOBS    (17631): finished job PushMessageJob
07-11 18:24:13.195 D/PushLib : (17631): [null:-1]->MSG_WEBSOCKET_MESSAGE : {"id":2,"type":1,"command":0,"result":0,"reason":0}
07-11 18:24:13.203 D/dalvikvm(17631): GC_CONCURRENT freed 326K, 4% free 9310K/9672K, paused 4ms+10ms, total 46ms
07-11 18:24:13.211 D/PushService(17631): [null:-1]->push message type :1
07-11 18:24:27.195 D/MdmService( 3259): [null:-1]->receiver action :com.pekall.mdm.action.MDM_ALARM
07-11 18:24:27.195 D/MdmService( 3259): [null:-1]->keepAliveWithPushServer client is opened:true
07-11 18:24:27.203 D/MDM :   ( 3259): [null:-1]->ping!!!!!!!!!
07-11 18:24:27.203 D/MdmService( 3259): [null:-1]->pushUrl : ws://192.168.10.91:9070/websocket
07-11 18:24:27.203 D/MDM :   ( 3259): [null:-1]->mMdmPushClient is :not null
07-11 18:24:27.211 D/MDM :   ( 3259): [null:-1]->mMdmPushClient opened : opened
07-11 18:24:27.219 D/MdmStatusManager( 3259): [null:-1]->change status to : Busy
07-11 18:24:27.234 D/DB      ( 3259): query: SQLiteQuery: SELECT content, command_status, status FROM command WHERE status!=2
07-11 18:24:27.234 D/DB      ( 3259): factory null
07-11 18:24:27.234 D/DB      ( 3259): fillWindow: 0
07-11 18:24:27.242 D/DB      ( 3259): cursor 0
07-11 18:24:27.242 D/DB      ( 3259): moveToPos: 0
07-11 18:24:27.242 I/TransInfo( 3259): TransInfo created, id: 3, class: class com.pekall.emdm.transaction.b.c
07-11 18:24:27.242 D/NetworkThread( 3259): [null:-1]->----isRunning-----true
07-11 18:24:27.242 D/NetworkThread( 3259): [null:-1]->----isRunning-----true
07-11 18:24:27.242 D/NetworkThread( 3259): [null:-1]->thread wakeup
07-11 18:24:27.250 D/MDM :   ( 3259): [null:-1]->MSG_WEBSOCKET_PONG
07-11 18:24:27.281 D/HttpClient( 3259): enable apache.http debug
07-11 18:24:27.297 V/DEBUG   ( 3259): HTTP 0
07-11 18:24:27.508 D/dalvikvm( 3259): GC_FOR_ALLOC freed 2833K, 32% free 17465K/25600K, paused 59ms, total 59ms
07-11 18:24:27.625 V/DEBUG   ( 3259): HTTP 1
07-11 18:24:27.625 D/NetworkThread( 3259): [null:-1]->queue is empty, thread wait...
07-11 18:24:27.726 D/MdmService( 3259): [null:-1]->handleCheckInResult
07-11 18:24:27.726 D/MdmService( 3259): [null:-1]->handleCheckInResult result keyIndex: 3
07-11 18:24:27.742 D/HandleCommandTask( 3259): [null:-1]->execute command msg but beanBase is null
07-11 18:24:27.750 D/MdmStatusManager( 3259): [null:-1]->change status to : Idle
07-11 18:24:35.726 D/dalvikvm(16543): GC_FOR_ALLOC freed 504K, 6% free 9181K/9720K, paused 31ms, total 33ms
07-11 18:24:57.406 W/System.err( 5790): java.io.FileNotFoundException: /data/data/com.mgyapp.android/files/.cfpaps.i: open failed: ENOENT (No such file or directory)
07-11 18:24:57.406 W/System.err( 5790): 	at libcore.io.IoBridge.open(IoBridge.java:409)
07-11 18:24:57.406 W/System.err( 5790): 	at java.io.FileInputStream.<init>(FileInputStream.java:78)
07-11 18:24:57.406 W/System.err( 5790): 	at android.app.ContextImpl.openFileInput(ContextImpl.java:702)
07-11 18:24:57.406 W/System.err( 5790): 	at android.content.ContextWrapper.openFileInput(ContextWrapper.java:173)
07-11 18:24:57.406 W/System.err( 5790): 	at com.mgyun.shua.jc.service.f.run(Unknown Source)
07-11 18:24:57.406 W/System.err( 5790): 	at com.mgyun.shua.jc.service.CpWorkServer.onHandleIntent(Unknown Source)
07-11 18:24:57.406 W/System.err( 5790): 	at android.app.IntentService$ServiceHandler.handleMessage(IntentService.java:65)
07-11 18:24:57.406 W/System.err( 5790): 	at android.os.Handler.dispatchMessage(Handler.java:99)
07-11 18:24:57.406 W/System.err( 5790): 	at android.os.Looper.loop(Looper.java:137)
07-11 18:24:57.406 W/System.err( 5790): 	at android.os.HandlerThread.run(HandlerThread.java:61)
07-11 18:24:57.406 W/System.err( 5790): Caused by: libcore.io.ErrnoException: open failed: ENOENT (No such file or directory)
07-11 18:24:57.406 W/System.err( 5790): 	at libcore.io.Posix.open(Native Method)
07-11 18:24:57.406 W/System.err( 5790): 	at libcore.io.BlockGuardOs.open(BlockGuardOs.java:110)
07-11 18:24:57.406 W/System.err( 5790): 	at libcore.io.IoBridge.open(IoBridge.java:393)
07-11 18:24:57.406 W/System.err( 5790): 	... 9 more
07-11 18:24:57.422 D/dalvikvm( 5790): GC_CONCURRENT freed 396K, 15% free 9203K/10776K, paused 7ms+3ms, total 31ms
07-11 18:25:02.804 D/dalvikvm(32313): GC_FOR_ALLOC freed 414K, 8% free 9431K/10152K, paused 38ms, total 38ms
07-11 18:25:02.812 W/MountService(  374): getVolumeState(/storage/emulated/0/external_sd): Unknown volume
07-11 18:25:02.812 W/MountService(  374): getVolumeState(/mnt/sdcard-ext): Unknown volume
07-11 18:25:02.812 W/MountService(  374): getVolumeState(/mnt/ext_sdcard): Unknown volume
07-11 18:25:02.812 W/MountService(  374): getVolumeState(/mnt/sdcard2): Unknown volume
07-11 18:25:02.812 W/MountService(  374): getVolumeState(/mnt/emmc): Unknown volume
07-11 18:25:02.812 W/MountService(  374): getVolumeState(/mnt/extSdCard): Unknown volume
07-11 18:25:02.812 W/MountService(  374): getVolumeState(/mnt/sdcard/SD_CARD): Unknown volume
07-11 18:25:02.812 W/MountService(  374): getVolumeState(/mnt/sdcard/extra_sd): Unknown volume
07-11 18:25:02.812 W/MountService(  374): getVolumeState(/mnt/extrasd_bind): Unknown volume
07-11 18:25:02.812 W/MountService(  374): getVolumeState(/mnt/sdcard/ext_sd): Unknown volume
07-11 18:25:02.820 W/MountService(  374): getVolumeState(/storage/extSdCard): Unknown volume
07-11 18:25:02.820 W/MountService(  374): getVolumeState(/storage/sdcard1): Unknown volume
07-11 18:25:02.820 W/MountService(  374): getVolumeState(/mnt/sdcard/external_SD): Unknown volume
07-11 18:25:02.820 W/MountService(  374): getVolumeState(/mnt/sdcard/external_sd): Unknown volume
07-11 18:25:02.914 D/dalvikvm(32313): GC_CONCURRENT freed 279K, 6% free 9547K/10152K, paused 3ms+2ms, total 32ms
07-11 18:25:03.015 D/dalvikvm(  374): GC_EXPLICIT freed 1260K, 28% free 23240K/31932K, paused 4ms+11ms, total 117ms
07-11 18:25:03.148 W/MountService(  374): getVolumeState(/storage/emulated/0/external_sd): Unknown volume
07-11 18:25:03.148 W/MountService(  374): getVolumeState(/mnt/sdcard-ext): Unknown volume
07-11 18:25:03.148 W/MountService(  374): getVolumeState(/mnt/ext_sdcard): Unknown volume
07-11 18:25:03.148 W/MountService(  374): getVolumeState(/mnt/sdcard2): Unknown volume
07-11 18:25:03.148 W/MountService(  374): getVolumeState(/mnt/emmc): Unknown volume
07-11 18:25:03.156 W/MountService(  374): getVolumeState(/mnt/extSdCard): Unknown volume
07-11 18:25:03.156 W/MountService(  374): getVolumeState(/mnt/sdcard/SD_CARD): Unknown volume
07-11 18:25:03.156 W/MountService(  374): getVolumeState(/mnt/sdcard/extra_sd): Unknown volume
07-11 18:25:03.156 W/MountService(  374): getVolumeState(/mnt/extrasd_bind): Unknown volume
07-11 18:25:03.156 W/MountService(  374): getVolumeState(/mnt/sdcard/ext_sd): Unknown volume
07-11 18:25:03.156 W/MountService(  374): getVolumeState(/storage/extSdCard): Unknown volume
07-11 18:25:03.156 W/MountService(  374): getVolumeState(/storage/sdcard1): Unknown volume
07-11 18:25:03.156 W/MountService(  374): getVolumeState(/mnt/sdcard/external_SD): Unknown volume
07-11 18:25:03.164 W/MountService(  374): getVolumeState(/mnt/sdcard/external_sd): Unknown volume
07-11 18:25:03.195 D/dalvikvm(32313): GC_CONCURRENT freed 605K, 8% free 9426K/10152K, paused 5ms+3ms, total 29ms
07-11 18:25:03.195 D/dalvikvm(32313): WAIT_FOR_CONCURRENT_GC blocked 6ms
07-11 18:26:03.015 W/MountService(  374): getVolumeState(/storage/emulated/0/external_sd): Unknown volume
07-11 18:26:03.015 W/MountService(  374): getVolumeState(/mnt/sdcard-ext): Unknown volume
07-11 18:26:03.023 W/MountService(  374): getVolumeState(/mnt/ext_sdcard): Unknown volume
07-11 18:26:03.039 D/dalvikvm(32313): GC_FOR_ALLOC freed 395K, 8% free 9419K/10144K, paused 19ms, total 20ms
07-11 18:26:03.047 W/MountService(  374): getVolumeState(/mnt/sdcard2): Unknown volume
07-11 18:26:03.047 W/MountService(  374): getVolumeState(/mnt/emmc): Unknown volume
07-11 18:26:03.047 W/MountService(  374): getVolumeState(/mnt/extSdCard): Unknown volume
07-11 18:26:03.047 W/MountService(  374): getVolumeState(/mnt/sdcard/SD_CARD): Unknown volume
07-11 18:26:03.047 W/MountService(  374): getVolumeState(/mnt/sdcard/extra_sd): Unknown volume
07-11 18:26:03.054 W/MountService(  374): getVolumeState(/mnt/extrasd_bind): Unknown volume
07-11 18:26:03.054 W/MountService(  374): getVolumeState(/mnt/sdcard/ext_sd): Unknown volume
07-11 18:26:03.054 W/MountService(  374): getVolumeState(/storage/extSdCard): Unknown volume
07-11 18:26:03.054 W/MountService(  374): getVolumeState(/storage/sdcard1): Unknown volume
07-11 18:26:03.054 W/MountService(  374): getVolumeState(/mnt/sdcard/external_SD): Unknown volume
07-11 18:26:03.054 W/MountService(  374): getVolumeState(/mnt/sdcard/external_sd): Unknown volume
07-11 18:26:03.070 D/dalvikvm(32313): GC_CONCURRENT freed 99K, 7% free 9457K/10144K, paused 3ms+4ms, total 29ms
07-11 18:26:03.273 D/dalvikvm(32313): GC_CONCURRENT freed 464K, 7% free 9504K/10144K, paused 2ms+4ms, total 32ms
07-11 18:26:03.273 D/dalvikvm(32313): WAIT_FOR_CONCURRENT_GC blocked 5ms
07-11 18:26:03.273 D/dalvikvm(32313): WAIT_FOR_CONCURRENT_GC blocked 7ms
07-11 18:26:03.281 W/MountService(  374): getVolumeState(/storage/emulated/0/external_sd): Unknown volume
07-11 18:26:03.281 W/MountService(  374): getVolumeState(/mnt/sdcard-ext): Unknown volume
07-11 18:26:03.281 W/MountService(  374): getVolumeState(/mnt/ext_sdcard): Unknown volume
07-11 18:26:03.281 W/MountService(  374): getVolumeState(/mnt/sdcard2): Unknown volume
07-11 18:26:03.281 W/MountService(  374): getVolumeState(/mnt/emmc): Unknown volume
07-11 18:26:03.281 W/MountService(  374): getVolumeState(/mnt/extSdCard): Unknown volume
07-11 18:26:03.281 W/MountService(  374): getVolumeState(/mnt/sdcard/SD_CARD): Unknown volume
07-11 18:26:03.281 W/MountService(  374): getVolumeState(/mnt/sdcard/extra_sd): Unknown volume
07-11 18:26:03.281 W/MountService(  374): getVolumeState(/mnt/extrasd_bind): Unknown volume
07-11 18:26:03.289 W/MountService(  374): getVolumeState(/mnt/sdcard/ext_sd): Unknown volume
07-11 18:26:03.289 W/MountService(  374): getVolumeState(/storage/extSdCard): Unknown volume
07-11 18:26:03.289 W/MountService(  374): getVolumeState(/storage/sdcard1): Unknown volume
07-11 18:26:03.289 W/MountService(  374): getVolumeState(/mnt/sdcard/external_SD): Unknown volume
07-11 18:26:03.289 W/MountService(  374): getVolumeState(/mnt/sdcard/external_sd): Unknown volume
07-11 18:26:03.375 D/dalvikvm(32313): GC_FOR_ALLOC freed 432K, 8% free 9382K/10144K, paused 19ms, total 20ms
07-11 18:26:13.164 D/JOBS    (17631): Thread-4192: load factor check. true = (0 < 1)|| (0 * 3 < 0 + 0). consumer thread: true
07-11 18:26:13.164 D/JOBS    (17631): didn't allow me to die, re-running Thread-4192
07-11 18:26:13.164 D/JOBS    (17631): re-running consumer Thread-4192
07-11 18:27:03.156 W/MountService(  374): getVolumeState(/storage/emulated/0/external_sd): Unknown volume
07-11 18:27:03.156 W/MountService(  374): getVolumeState(/mnt/sdcard-ext): Unknown volume
07-11 18:27:03.156 W/MountService(  374): getVolumeState(/mnt/ext_sdcard): Unknown volume
07-11 18:27:03.164 W/MountService(  374): getVolumeState(/mnt/sdcard2): Unknown volume
07-11 18:27:03.164 W/MountService(  374): getVolumeState(/mnt/emmc): Unknown volume
07-11 18:27:03.164 W/MountService(  374): getVolumeState(/mnt/extSdCard): Unknown volume
07-11 18:27:03.164 W/MountService(  374): getVolumeState(/mnt/sdcard/SD_CARD): Unknown volume
07-11 18:27:03.172 W/MountService(  374): getVolumeState(/mnt/sdcard/extra_sd): Unknown volume
07-11 18:27:03.172 W/MountService(  374): getVolumeState(/mnt/extrasd_bind): Unknown volume
07-11 18:27:03.172 W/MountService(  374): getVolumeState(/mnt/sdcard/ext_sd): Unknown volume
07-11 18:27:03.179 W/MountService(  374): getVolumeState(/storage/extSdCard): Unknown volume
07-11 18:27:03.179 W/MountService(  374): getVolumeState(/storage/sdcard1): Unknown volume
07-11 18:27:03.179 W/MountService(  374): getVolumeState(/mnt/sdcard/external_SD): Unknown volume
07-11 18:27:03.179 W/MountService(  374): getVolumeState(/mnt/sdcard/external_sd): Unknown volume
07-11 18:27:03.258 I/ActivityManager(  374): No longer want android.process.media (pid 14601): empty for 1801s
07-11 18:27:03.265 W/ActivityManager(  374): Scheduling restart of crashed service com.android.providers.media/.MtpService in 5000ms
07-11 18:27:03.273 D/dalvikvm(32313): GC_CONCURRENT freed 306K, 6% free 9555K/10144K, paused 4ms+8ms, total 38ms
07-11 18:27:03.297 I/ActivityManager(  374): Start proc android.process.media for content provider com.android.providers.media/.MediaProvider: pid=18705 uid=10015 gids={50015, 1015, 1023, 1024, 1028, 2001, 3003, 3007}
07-11 18:27:03.336 D/dalvikvm(  125): GC_EXPLICIT freed 40K, 1% free 8921K/9000K, paused 4ms+3ms, total 37ms
07-11 18:27:03.359 D/dalvikvm(  125): GC_EXPLICIT freed <1K, 1% free 8921K/9000K, paused 2ms+3ms, total 27ms
07-11 18:27:03.390 D/dalvikvm(  125): GC_EXPLICIT freed <1K, 1% free 8921K/9000K, paused 2ms+3ms, total 27ms
07-11 18:27:03.484 D/MtpService(18705): updating state; isCurrentUser=true, mMtpLocked=false
07-11 18:27:03.500 D/MtpService(18705): addStorageLocked 65537 /storage/emulated/0
07-11 18:27:03.500 D/MtpService(18705): updating state; isCurrentUser=true, mMtpLocked=false
07-11 18:27:03.515 D/MtpService(18705): starting MTP server in MTP mode
07-11 18:27:03.515 D/MtpService(18705): addStorageLocked 65537 /storage/emulated/0
07-11 18:27:03.672 W/MountService(  374): getVolumeState(/storage/emulated/0/external_sd): Unknown volume
07-11 18:27:03.672 W/MountService(  374): getVolumeState(/mnt/sdcard-ext): Unknown volume
07-11 18:27:03.672 W/MountService(  374): getVolumeState(/mnt/ext_sdcard): Unknown volume
07-11 18:27:03.672 W/MountService(  374): getVolumeState(/mnt/sdcard2): Unknown volume
07-11 18:27:03.672 W/MountService(  374): getVolumeState(/mnt/emmc): Unknown volume
07-11 18:27:03.672 W/MountService(  374): getVolumeState(/mnt/extSdCard): Unknown volume
07-11 18:27:03.672 W/MountService(  374): getVolumeState(/mnt/sdcard/SD_CARD): Unknown volume
07-11 18:27:03.679 W/MountService(  374): getVolumeState(/mnt/sdcard/extra_sd): Unknown volume
07-11 18:27:03.679 W/MountService(  374): getVolumeState(/mnt/extrasd_bind): Unknown volume
07-11 18:27:03.679 W/MountService(  374): getVolumeState(/mnt/sdcard/ext_sd): Unknown volume
07-11 18:27:03.679 W/MountService(  374): getVolumeState(/storage/extSdCard): Unknown volume
07-11 18:27:03.679 W/MountService(  374): getVolumeState(/storage/sdcard1): Unknown volume
07-11 18:27:03.679 W/MountService(  374): getVolumeState(/mnt/sdcard/external_SD): Unknown volume
07-11 18:27:03.679 W/MountService(  374): getVolumeState(/mnt/sdcard/external_sd): Unknown volume
07-11 18:27:03.719 D/dalvikvm(32313): GC_CONCURRENT freed 633K, 8% free 9429K/10164K, paused 3ms+3ms, total 27ms
07-11 18:27:27.195 D/MdmService( 3259): [null:-1]->receiver action :com.pekall.mdm.action.MDM_ALARM
07-11 18:27:27.203 I/TransInfo( 3259): TransInfo created, id: 5, class: class com.pekall.emdm.transaction.b.p
07-11 18:27:27.203 D/NetworkThread( 3259): [null:-1]->----isRunning-----true
07-11 18:27:27.203 D/NetworkThread( 3259): [null:-1]->----isRunning-----true
07-11 18:27:27.203 D/NetworkThread( 3259): [null:-1]->thread wakeup
07-11 18:27:27.211 D/HttpClient( 3259): enable apache.http debug
07-11 18:27:27.219 V/DEBUG   ( 3259): HTTP 0
07-11 18:27:27.390 D/MDM :   ( 3259): [null:-1]->MSG_WEBSOCKET_MESSAGE : {"id":-679244864,"type":0,"command":0,"result":0,"reason":0,"params":{"msgId":"af0d0026-835c-4619-9245-538755d1bbec,af0d0026835c46199245538755d1bbec","device":"ffffffffc539bb10fffffffff7aea961","message":"{\"cmd\":\"10119\"}"}}
07-11 18:27:27.406 V/DEBUG   ( 3259): HTTP 1
07-11 18:27:27.414 D/NetworkThread( 3259): [null:-1]->queue is empty, thread wait...
07-11 18:27:27.422 D/MdmService( 3259): [null:-1]->push message type :0
07-11 18:27:27.422 D/MdmService( 3259): [null:-1]->cmdMessage : {"cmd":"10119"}
07-11 18:27:27.422 D/MdmService( 3259): [null:-1]->command : PushCommandMsg{cmd='10119', msg='null'}
07-11 18:27:27.422 D/MDM :   ( 3259): [null:-1]->PUSH CMD: 10119
07-11 18:27:27.429 D/MdmStatusManager( 3259): [null:-1]->change status to : Busy
07-11 18:27:27.429 D/DB      ( 3259): query: SQLiteQuery: SELECT content, command_status, status FROM command WHERE status!=2
07-11 18:27:27.429 D/DB      ( 3259): factory null
07-11 18:27:27.429 D/DB      ( 3259): fillWindow: 0
07-11 18:27:27.429 D/DB      ( 3259): cursor 0
07-11 18:27:27.429 D/DB      ( 3259): moveToPos: 0
07-11 18:27:27.429 I/TransInfo( 3259): TransInfo created, id: 3, class: class com.pekall.emdm.transaction.b.c
07-11 18:27:27.429 D/NetworkThread( 3259): [null:-1]->----isRunning-----true
07-11 18:27:27.429 D/NetworkThread( 3259): [null:-1]->----isRunning-----true
07-11 18:27:27.429 D/NetworkThread( 3259): [null:-1]->thread wakeup
07-11 18:27:27.429 D/HttpClient( 3259): enable apache.http debug
07-11 18:27:27.437 V/DEBUG   ( 3259): HTTP 0
07-11 18:27:27.672 V/DEBUG   ( 3259): HTTP 1
07-11 18:27:27.703 D/MDM :   ( 3259): [null:-1]->read network input stream
07-11 18:27:27.703 D/MDM :   ( 3259): [null:-1]->read network input stream
07-11 18:27:27.726 D/CheckInTransInfo( 3259): [null:-1]->CommandMsg : CommandMsg{CommandUUID='8a8088bf471a79ec014724f6ba826199', Command=CommandObject{RequestType='DeviceInformation'}}
07-11 18:27:27.734 D/DB      ( 3259): query: SQLiteQuery: SELECT * FROM command WHERE cmd_uuid='8a8088bf471a79ec014724f6ba826199'
07-11 18:27:27.734 D/DB      ( 3259): factory null
07-11 18:27:27.734 D/DB      ( 3259): fillWindow: 0
07-11 18:27:27.734 D/DB      ( 3259): cursor 0
07-11 18:27:27.773 D/NetworkThread( 3259): [null:-1]->queue is empty, thread wait...
07-11 18:27:27.875 D/MdmService( 3259): [null:-1]->handleCheckInResult
07-11 18:27:27.875 D/MdmService( 3259): [null:-1]->handleCheckInResult result keyIndex: 3
07-11 18:27:27.875 D/CommandManager( 3259): [null:-1]->execute command: CommandMsg{CommandUUID='8a8088bf471a79ec014724f6ba826199', Command=CommandObject{RequestType='DeviceInformation'}}
07-11 18:27:27.906 I/ActivityManager(  374): Start proc com.android.defcontainer for service com.android.defcontainer/.DefaultContainerService: pid=18777 uid=10012 gids={50012, 1015, 1023, 2001, 1028}
07-11 18:27:28.047 D/dalvikvm(  374): GC_EXPLICIT freed 716K, 28% free 23212K/31932K, paused 4ms+12ms, total 116ms
07-11 18:27:28.117 D/BluetoothManagerService(  374): checkIfCallerIsForegroundUser: valid=true callingUser=0 foregroundUser=0
07-11 18:27:30.570 D/dalvikvm( 3259): GC_FOR_ALLOC freed 2456K, 31% free 17882K/25600K, paused 56ms, total 56ms
07-11 18:27:31.586 D/dalvikvm(18777): GC_CONCURRENT freed 367K, 5% free 8943K/9348K, paused 3ms+2ms, total 25ms
07-11 18:27:32.375 I/TransInfo( 3259): TransInfo created, id: 3, class: class com.pekall.emdm.transaction.b.c
07-11 18:27:32.375 D/NetworkThread( 3259): [null:-1]->----isRunning-----true
07-11 18:27:32.375 D/NetworkThread( 3259): [null:-1]->----isRunning-----true
07-11 18:27:32.383 D/NetworkThread( 3259): [null:-1]->thread wakeup
07-11 18:27:32.554 D/dalvikvm( 3259): GC_FOR_ALLOC freed 3020K, 31% free 17867K/25600K, paused 54ms, total 54ms
07-11 18:27:32.562 D/HttpClient( 3259): enable apache.http debug
07-11 18:27:32.562 V/DEBUG   ( 3259): HTTP 0
07-11 18:27:32.812 D/dalvikvm( 3259): GC_FOR_ALLOC freed 3336K, 32% free 17538K/25600K, paused 58ms, total 58ms
07-11 18:27:33.164 V/DEBUG   ( 3259): HTTP 1
07-11 18:27:33.172 D/MdmDatabaseHelper( 3259): [null:-1]->update command 8a8088bf471a79ec014724f6ba826199 to status executed
07-11 18:27:33.242 D/NetworkThread( 3259): [null:-1]->queue is empty, thread wait...
07-11 18:27:33.273 D/MdmService( 3259): [null:-1]->handleCheckInResult
07-11 18:27:33.273 D/MdmService( 3259): [null:-1]->handleCheckInResult result keyIndex: 3
07-11 18:27:33.273 D/HandleCommandTask( 3259): [null:-1]->execute command msg but beanBase is null
07-11 18:27:33.273 D/MdmStatusManager( 3259): [null:-1]->change status to : Idle
07-11 18:27:46.117 I/ActivityManager(  374): No longer want com.google.android.apps.maps:GoogleLocationService (pid 14711): empty for 1800s
07-11 18:27:46.140 W/ActivityManager(  374): Scheduling restart of crashed service com.google.android.apps.maps/com.google.android.location.internal.server.GoogleLocationService in 5000ms
07-11 18:27:51.179 I/ActivityManager(  374): Start proc com.google.android.apps.maps:GoogleLocationService for service com.google.android.apps.maps/com.google.android.location.internal.server.GoogleLocationService: pid=18951 uid=10038 gids={50038, 3003, 1015, 1028}
07-11 18:27:51.211 I/ActivityManager(  374): No longer want com.google.android.apps.maps:LocationFriendService (pid 14744): empty for 1804s
07-11 18:27:51.211 I/ActivityManager(  374): No longer want com.google.android.apps.maps:FriendService (pid 14732): empty for 1804s
07-11 18:27:51.804 D/dalvikvm(18951): GC_CONCURRENT freed 255K, 4% free 9166K/9460K, paused 6ms+3ms, total 63ms
07-11 18:27:51.836 D/dalvikvm(18951): GC_FOR_ALLOC freed 68K, 4% free 9319K/9636K, paused 24ms, total 25ms
07-11 18:27:51.859 D/dalvikvm(18951): GC_FOR_ALLOC freed 64K, 4% free 9351K/9736K, paused 18ms, total 18ms
07-11 18:27:51.859 I/dalvikvm-heap(18951): Grow heap (frag case) to 9.342MB for 186718-byte allocation
07-11 18:27:51.883 D/dalvikvm(18951): GC_FOR_ALLOC freed <1K, 4% free 9533K/9920K, paused 20ms, total 20ms
07-11 18:27:52.023 D/dalvikvm(18951): GC_CONCURRENT freed 501K, 6% free 9541K/10080K, paused 3ms+3ms, total 53ms
07-11 18:27:52.023 D/dalvikvm(18951): WAIT_FOR_CONCURRENT_GC blocked 8ms
07-11 18:27:52.164 D/dalvikvm(18951): GC_CONCURRENT freed 644K, 8% free 9371K/10080K, paused 2ms+3ms, total 26ms
07-11 18:27:52.219 I/ActivityManager(  374): Start proc com.google.android.apps.maps:FriendService for broadcast com.google.android.apps.maps/com.google.googlenav.friend.android.ServiceReceiver: pid=18972 uid=10038 gids={50038, 3003, 1015, 1028}
07-11 18:27:52.258 W/Settings(18951): Setting airplane_mode_on has moved from android.provider.Settings.System to android.provider.Settings.Global, returning read-only value.
07-11 18:27:52.344 W/ActivityManager(  374): Permission denied: checkComponentPermission() owningUid=10009
07-11 18:27:52.344 W/BroadcastQueue(  374): Permission Denial: broadcasting Intent { act=com.google.android.location.internal.server.ACTION_RESTARTED flg=0x10 } from com.google.android.apps.maps (pid=18951, uid=10038) is not exported from uid 10009 due to receiver com.google.android.gms/com.google.android.location.reporting.service.ExternalChangeReceiver
07-11 18:27:52.359 I/ActivityManager(  374): Start proc com.google.android.apps.maps:LocationFriendService for broadcast com.google.android.apps.maps/com.google.googlenav.friend.reporting.LocationReportingIntentReceiver: pid=18984 uid=10038 gids={50038, 3003, 1015, 1028}
07-11 18:27:53.711 D/dalvikvm(18951): GC_CONCURRENT freed 314K, 7% free 9455K/10080K, paused 4ms+3ms, total 26ms
07-11 18:27:56.242 D/dalvikvm(  374): GC_EXPLICIT freed 1079K, 28% free 23263K/31932K, paused 7ms+11ms, total 124ms
07-11 18:28:03.320 W/MountService(  374): getVolumeState(/storage/emulated/0/external_sd): Unknown volume
07-11 18:28:03.320 W/MountService(  374): getVolumeState(/mnt/sdcard-ext): Unknown volume
07-11 18:28:03.320 W/MountService(  374): getVolumeState(/mnt/ext_sdcard): Unknown volume
07-11 18:28:03.320 W/MountService(  374): getVolumeState(/mnt/sdcard2): Unknown volume
07-11 18:28:03.320 W/MountService(  374): getVolumeState(/mnt/emmc): Unknown volume
07-11 18:28:03.328 W/MountService(  374): getVolumeState(/mnt/extSdCard): Unknown volume
07-11 18:28:03.328 W/MountService(  374): getVolumeState(/mnt/sdcard/SD_CARD): Unknown volume
07-11 18:28:03.328 W/MountService(  374): getVolumeState(/mnt/sdcard/extra_sd): Unknown volume
07-11 18:28:03.328 W/MountService(  374): getVolumeState(/mnt/extrasd_bind): Unknown volume
07-11 18:28:03.328 W/MountService(  374): getVolumeState(/mnt/sdcard/ext_sd): Unknown volume
07-11 18:28:03.336 W/MountService(  374): getVolumeState(/storage/extSdCard): Unknown volume
07-11 18:28:03.336 W/MountService(  374): getVolumeState(/storage/sdcard1): Unknown volume
07-11 18:28:03.336 W/MountService(  374): getVolumeState(/mnt/sdcard/external_SD): Unknown volume
07-11 18:28:03.336 W/MountService(  374): getVolumeState(/mnt/sdcard/external_sd): Unknown volume
07-11 18:28:03.359 D/dalvikvm(32313): GC_CONCURRENT freed 430K, 8% free 9411K/10160K, paused 4ms+2ms, total 24ms
07-11 18:28:03.359 D/dalvikvm(32313): WAIT_FOR_CONCURRENT_GC blocked 19ms
07-11 18:28:03.359 D/dalvikvm(32313): WAIT_FOR_CONCURRENT_GC blocked 12ms
07-11 18:28:03.539 D/dalvikvm(18705): GC_CONCURRENT freed 220K, 3% free 9090K/9348K, paused 3ms+5ms, total 33ms
07-11 18:28:03.570 D/dalvikvm(32313): GC_CONCURRENT freed 498K, 8% free 9441K/10160K, paused 4ms+3ms, total 43ms
07-11 18:28:03.578 W/MountService(  374): getVolumeState(/storage/emulated/0/external_sd): Unknown volume
07-11 18:28:03.578 W/MountService(  374): getVolumeState(/mnt/sdcard-ext): Unknown volume
07-11 18:28:03.578 W/MountService(  374): getVolumeState(/mnt/ext_sdcard): Unknown volume
07-11 18:28:03.586 W/MountService(  374): getVolumeState(/mnt/sdcard2): Unknown volume
07-11 18:28:03.586 W/MountService(  374): getVolumeState(/mnt/emmc): Unknown volume
07-11 18:28:03.586 W/MountService(  374): getVolumeState(/mnt/extSdCard): Unknown volume
07-11 18:28:03.586 W/MountService(  374): getVolumeState(/mnt/sdcard/SD_CARD): Unknown volume
07-11 18:28:03.586 W/MountService(  374): getVolumeState(/mnt/sdcard/extra_sd): Unknown volume
07-11 18:28:03.586 W/MountService(  374): getVolumeState(/mnt/extrasd_bind): Unknown volume
07-11 18:28:03.586 W/MountService(  374): getVolumeState(/mnt/sdcard/ext_sd): Unknown volume
07-11 18:28:03.594 W/MountService(  374): getVolumeState(/storage/extSdCard): Unknown volume
07-11 18:28:03.594 W/MountService(  374): getVolumeState(/storage/sdcard1): Unknown volume
07-11 18:28:03.594 W/MountService(  374): getVolumeState(/mnt/sdcard/external_SD): Unknown volume
07-11 18:28:03.594 W/MountService(  374): getVolumeState(/mnt/sdcard/external_sd): Unknown volume
07-11 18:28:03.679 D/dalvikvm(32313): GC_CONCURRENT freed 441K, 8% free 9407K/10160K, paused 3ms+3ms, total 25ms
07-11 18:28:13.172 D/JOBS    (17631): Thread-4192: load factor check. true = (0 < 1)|| (0 * 3 < 0 + 0). consumer thread: true
07-11 18:28:13.172 D/JOBS    (17631): didn't allow me to die, re-running Thread-4192
07-11 18:28:13.172 D/JOBS    (17631): re-running consumer Thread-4192
07-11 18:28:18.695 W/SystemClock(  565): time going backwards: prev 118274365906317(ioctl) vs now 118274364655156(ioctl), tid=854
07-11 18:28:24.672 D/dalvikvm(  577): GC_CONCURRENT freed 797K, 7% free 11537K/12372K, paused 5ms+7ms, total 59ms
07-11 18:28:56.383 I/ActivityManager(  374): No longer want com.google.android.music:main (pid 14884): empty for 1805s
07-11 18:28:56.406 W/ActivityManager(  374): Scheduling restart of crashed service com.google.android.music/.playback.MusicPlaybackService in 5000ms
07-11 18:29:01.422 I/ActivityManager(  374): Start proc com.google.android.music:main for service com.google.android.music/.playback.MusicPlaybackService: pid=19143 uid=10041 gids={50041, 3003, 1015, 1028}
07-11 18:29:01.633 I/MusicStore(19143): Database version: 69
07-11 18:29:01.719 D/dalvikvm(19143): GC_CONCURRENT freed 317K, 4% free 9103K/9460K, paused 4ms+3ms, total 36ms
07-11 18:29:01.828 D/SystemUtils(19143): getSystemProperty: lpa.decode=null
07-11 18:29:01.851 D/CacheService(19143): onCreate
07-11 18:29:01.859 D/CacheService(19143): onBind
07-11 18:29:01.875 I/LocalDevicePlayback(19143): Streaming client created.
07-11 18:29:02.914 D/dalvikvm(19143): GC_CONCURRENT freed 216K, 3% free 9392K/9648K, paused 6ms+4ms, total 32ms
07-11 18:29:02.937 I/MediaStoreImporter(19143): Update: incremental Added music: 0 Updated music: 0 Deleted music: 0 Created playlists: 0 Updated playlists: 0 Deleted playlists: 0 Inserted playlist items: 0 Deleted playlist items: 0 Removed orphaned playlist items: 0
07-11 18:29:03.429 W/MountService(  374): getVolumeState(/storage/emulated/0/external_sd): Unknown volume
07-11 18:29:03.429 W/MountService(  374): getVolumeState(/mnt/sdcard-ext): Unknown volume
07-11 18:29:03.437 W/MountService(  374): getVolumeState(/mnt/ext_sdcard): Unknown volume
