07-11 18:29:03.437 W/MountService(  374): getVolumeState(/mnt/sdcard2): Unknown volume
07-11 18:29:03.437 W/MountService(  374): getVolumeState(/mnt/emmc): Unknown volume
07-11 18:29:03.437 W/MountService(  374): getVolumeState(/mnt/extSdCard): Unknown volume
07-11 18:29:03.437 W/MountService(  374): getVolumeState(/mnt/sdcard/SD_CARD): Unknown volume
07-11 18:29:03.437 W/MountService(  374): getVolumeState(/mnt/sdcard/extra_sd): Unknown volume
07-11 18:29:03.437 W/MountService(  374): getVolumeState(/mnt/extrasd_bind): Unknown volume
07-11 18:29:03.437 W/MountService(  374): getVolumeState(/mnt/sdcard/ext_sd): Unknown volume
07-11 18:29:03.437 W/MountService(  374): getVolumeState(/storage/extSdCard): Unknown volume
07-11 18:29:03.437 W/MountService(  374): getVolumeState(/storage/sdcard1): Unknown volume
07-11 18:29:03.437 W/MountService(  374): getVolumeState(/mnt/sdcard/external_SD): Unknown volume
07-11 18:29:03.445 W/MountService(  374): getVolumeState(/mnt/sdcard/external_sd): Unknown volume
07-11 18:29:03.531 D/dalvikvm(32313): GC_CONCURRENT freed 310K, 6% free 9554K/10160K, paused 3ms+5ms, total 38ms
07-11 18:29:03.695 W/MountService(  374): getVolumeState(/storage/emulated/0/external_sd): Unknown volume
07-11 18:29:03.703 W/MountService(  374): getVolumeState(/mnt/sdcard-ext): Unknown volume
07-11 18:29:03.703 W/MountService(  374): getVolumeState(/mnt/ext_sdcard): Unknown volume
07-11 18:29:03.703 W/MountService(  374): getVolumeState(/mnt/sdcard2): Unknown volume
07-11 18:29:03.703 W/MountService(  374): getVolumeState(/mnt/emmc): Unknown volume
07-11 18:29:03.703 W/MountService(  374): getVolumeState(/mnt/extSdCard): Unknown volume
07-11 18:29:03.703 W/MountService(  374): getVolumeState(/mnt/sdcard/SD_CARD): Unknown volume
07-11 18:29:03.703 W/MountService(  374): getVolumeState(/mnt/sdcard/extra_sd): Unknown volume
07-11 18:29:03.711 W/MountService(  374): getVolumeState(/mnt/extrasd_bind): Unknown volume
07-11 18:29:03.711 W/MountService(  374): getVolumeState(/mnt/sdcard/ext_sd): Unknown volume
07-11 18:29:03.711 W/MountService(  374): getVolumeState(/storage/extSdCard): Unknown volume
07-11 18:29:03.711 W/MountService(  374): getVolumeState(/storage/sdcard1): Unknown volume
07-11 18:29:03.719 W/MountService(  374): getVolumeState(/mnt/sdcard/external_SD): Unknown volume
07-11 18:29:03.719 W/MountService(  374): getVolumeState(/mnt/sdcard/external_sd): Unknown volume
07-11 18:29:03.734 D/dalvikvm(32313): GC_CONCURRENT freed 604K, 8% free 9447K/10160K, paused 2ms+3ms, total 26ms
07-11 18:29:06.820 I/MusicLeanback(19143): Conditions not met for autocaching.
07-11 18:29:06.820 I/MusicLeanback(19143): Stop autocaching.
07-11 18:29:07.515 D/PushService(17631): [null:-1]->receiver action :com.pekall.mdm.action.PUSH_ALARM
07-11 18:29:07.523 D/PushService(17631): [null:-1]->keepAliveWithPushServer client is opened:true
07-11 18:29:07.523 D/PushLib : (17631): [null:-1]->ping!!!!!!!!!
07-11 18:29:07.523 D/PushLib : (17631): [null:-1]->pushClient is :not null
07-11 18:29:07.523 D/PushLib : (17631): [null:-1]->pushClient opened : opened
07-11 18:29:13.797 D/PushLib : (17631): [null:-1]->MSG_WEBSOCKET_PONG
07-11 18:29:46.594 D/dalvikvm(  374): GC_EXPLICIT freed 679K, 28% free 23263K/31932K, paused 8ms+10ms, total 126ms
07-11 18:29:57.390 W/System.err( 5790): java.io.FileNotFoundException: /data/data/com.mgyapp.android/files/.cfpaps.i: open failed: ENOENT (No such file or directory)
07-11 18:29:57.390 W/System.err( 5790): 	at libcore.io.IoBridge.open(IoBridge.java:409)
07-11 18:29:57.390 W/System.err( 5790): 	at java.io.FileInputStream.<init>(FileInputStream.java:78)
07-11 18:29:57.390 W/System.err( 5790): 	at android.app.ContextImpl.openFileInput(ContextImpl.java:702)
07-11 18:29:57.398 W/System.err( 5790): 	at android.content.ContextWrapper.openFileInput(ContextWrapper.java:173)
07-11 18:29:57.398 W/System.err( 5790): 	at com.mgyun.shua.jc.service.f.run(Unknown Source)
07-11 18:29:57.398 W/System.err( 5790): 	at com.mgyun.shua.jc.service.CpWorkServer.onHandleIntent(Unknown Source)
07-11 18:29:57.398 W/System.err( 5790): 	at android.app.IntentService$ServiceHandler.handleMessage(IntentService.java:65)
07-11 18:29:57.398 W/System.err( 5790): 	at android.os.Handler.dispatchMessage(Handler.java:99)
07-11 18:29:57.398 W/System.err( 5790): 	at android.os.Looper.loop(Looper.java:137)
07-11 18:29:57.398 W/System.err( 5790): 	at android.os.HandlerThread.run(HandlerThread.java:61)
07-11 18:29:57.398 W/System.err( 5790): Caused by: libcore.io.ErrnoException: open failed: ENOENT (No such file or directory)
07-11 18:29:57.398 W/System.err( 5790): 	at libcore.io.Posix.open(Native Method)
07-11 18:29:57.398 W/System.err( 5790): 	at libcore.io.BlockGuardOs.open(BlockGuardOs.java:110)
07-11 18:29:57.398 W/System.err( 5790): 	at libcore.io.IoBridge.open(IoBridge.java:393)
07-11 18:29:57.398 W/System.err( 5790): 	... 9 more
07-11 18:30:01.328 V/DigitalWidgetViewsFactory( 5680): DigitalWidget sets next alarm string to null
07-11 18:30:03.539 W/MountService(  374): getVolumeState(/storage/emulated/0/external_sd): Unknown volume
07-11 18:30:03.539 W/MountService(  374): getVolumeState(/mnt/sdcard-ext): Unknown volume
07-11 18:30:03.539 W/MountService(  374): getVolumeState(/mnt/ext_sdcard): Unknown volume
07-11 18:30:03.539 W/MountService(  374): getVolumeState(/mnt/sdcard2): Unknown volume
07-11 18:30:03.547 W/MountService(  374): getVolumeState(/mnt/emmc): Unknown volume
07-11 18:30:03.547 W/MountService(  374): getVolumeState(/mnt/extSdCard): Unknown volume
07-11 18:30:03.547 W/MountService(  374): getVolumeState(/mnt/sdcard/SD_CARD): Unknown volume
07-11 18:30:03.547 W/MountService(  374): getVolumeState(/mnt/sdcard/extra_sd): Unknown volume
07-11 18:30:03.547 W/MountService(  374): getVolumeState(/mnt/extrasd_bind): Unknown volume
07-11 18:30:03.547 W/MountService(  374): getVolumeState(/mnt/sdcard/ext_sd): Unknown volume
07-11 18:30:03.547 W/MountService(  374): getVolumeState(/storage/extSdCard): Unknown volume
07-11 18:30:03.547 W/MountService(  374): getVolumeState(/storage/sdcard1): Unknown volume
07-11 18:30:03.547 W/MountService(  374): getVolumeState(/mnt/sdcard/external_SD): Unknown volume
07-11 18:30:03.554 W/MountService(  374): getVolumeState(/mnt/sdcard/external_sd): Unknown volume
07-11 18:30:03.578 D/dalvikvm(32313): GC_CONCURRENT freed 428K, 8% free 9413K/10160K, paused 4ms+3ms, total 25ms
07-11 18:30:03.578 D/dalvikvm(32313): WAIT_FOR_CONCURRENT_GC blocked 17ms
07-11 18:30:03.578 D/dalvikvm(32313): WAIT_FOR_CONCURRENT_GC blocked 17ms
07-11 18:30:03.758 D/dalvikvm(32313): GC_CONCURRENT freed 424K, 8% free 9431K/10160K, paused 4ms+4ms, total 36ms
07-11 18:30:03.804 W/MountService(  374): getVolumeState(/storage/emulated/0/external_sd): Unknown volume
07-11 18:30:03.804 W/MountService(  374): getVolumeState(/mnt/sdcard-ext): Unknown volume
07-11 18:30:03.804 W/MountService(  374): getVolumeState(/mnt/ext_sdcard): Unknown volume
07-11 18:30:03.804 W/MountService(  374): getVolumeState(/mnt/sdcard2): Unknown volume
07-11 18:30:03.812 W/MountService(  374): getVolumeState(/mnt/emmc): Unknown volume
07-11 18:30:03.812 W/MountService(  374): getVolumeState(/mnt/extSdCard): Unknown volume
07-11 18:30:03.812 W/MountService(  374): getVolumeState(/mnt/sdcard/SD_CARD): Unknown volume
07-11 18:30:03.812 W/MountService(  374): getVolumeState(/mnt/sdcard/extra_sd): Unknown volume
07-11 18:30:03.812 W/MountService(  374): getVolumeState(/mnt/extrasd_bind): Unknown volume
07-11 18:30:03.812 W/MountService(  374): getVolumeState(/mnt/sdcard/ext_sd): Unknown volume
07-11 18:30:03.812 W/MountService(  374): getVolumeState(/storage/extSdCard): Unknown volume
07-11 18:30:03.812 W/MountService(  374): getVolumeState(/storage/sdcard1): Unknown volume
07-11 18:30:03.812 W/MountService(  374): getVolumeState(/mnt/sdcard/external_SD): Unknown volume
07-11 18:30:03.820 W/MountService(  374): getVolumeState(/mnt/sdcard/external_sd): Unknown volume
07-11 18:30:03.867 D/dalvikvm(32313): GC_CONCURRENT freed 458K, 8% free 9413K/10160K, paused 2ms+2ms, total 24ms
07-11 18:30:13.179 D/JOBS    (17631): Thread-4192: load factor check. true = (0 < 1)|| (0 * 3 < 0 + 0). consumer thread: true
07-11 18:30:13.179 D/JOBS    (17631): didn't allow me to die, re-running Thread-4192
07-11 18:30:13.179 D/JOBS    (17631): re-running consumer Thread-4192
07-11 18:30:27.195 D/MdmService( 3259): [null:-1]->receiver action :com.pekall.mdm.action.MDM_ALARM
07-11 18:30:27.195 D/MdmService( 3259): [null:-1]->keepAliveWithPushServer client is opened:true
07-11 18:30:27.203 D/MDM :   ( 3259): [null:-1]->ping!!!!!!!!!
07-11 18:30:27.211 D/MdmService( 3259): [null:-1]->pushUrl : ws://192.168.10.91:9070/websocket
07-11 18:30:27.211 D/MDM :   ( 3259): [null:-1]->mMdmPushClient is :not null
07-11 18:30:27.211 D/MDM :   ( 3259): [null:-1]->mMdmPushClient opened : opened
07-11 18:30:27.211 D/MDM :   ( 3259): [null:-1]->MSG_WEBSOCKET_PONG
07-11 18:30:34.539 D/dalvikvm(  565): GC_CONCURRENT freed 320K, 7% free 10477K/11180K, paused 4ms+3ms, total 53ms
07-11 18:30:56.437 W/ActivityThread(18951): ClassLoader.loadClass: The class loader returned by Thread.getContextClassLoader() may fail for processes that host multiple applications. You should explicitly specify a context class loader. For example: Thread.setContextClassLoader(getClass().getClassLoader());
07-11 18:30:57.390 D/GCM     (  647): Ignoring attempt to send heartbeat on dead connection.
07-11 18:31:03.625 W/MountService(  374): getVolumeState(/storage/emulated/0/external_sd): Unknown volume
07-11 18:31:03.625 W/MountService(  374): getVolumeState(/mnt/sdcard-ext): Unknown volume
07-11 18:31:03.625 W/MountService(  374): getVolumeState(/mnt/ext_sdcard): Unknown volume
07-11 18:31:03.625 W/MountService(  374): getVolumeState(/mnt/sdcard2): Unknown volume
07-11 18:31:03.633 W/MountService(  374): getVolumeState(/mnt/emmc): Unknown volume
07-11 18:31:03.633 W/MountService(  374): getVolumeState(/mnt/extSdCard): Unknown volume
07-11 18:31:03.633 W/MountService(  374): getVolumeState(/mnt/sdcard/SD_CARD): Unknown volume
07-11 18:31:03.633 W/MountService(  374): getVolumeState(/mnt/sdcard/extra_sd): Unknown volume
07-11 18:31:03.633 W/MountService(  374): getVolumeState(/mnt/extrasd_bind): Unknown volume
07-11 18:31:03.633 W/MountService(  374): getVolumeState(/mnt/sdcard/ext_sd): Unknown volume
07-11 18:31:03.640 W/MountService(  374): getVolumeState(/storage/extSdCard): Unknown volume
07-11 18:31:03.640 W/MountService(  374): getVolumeState(/storage/sdcard1): Unknown volume
07-11 18:31:03.640 W/MountService(  374): getVolumeState(/mnt/sdcard/external_SD): Unknown volume
07-11 18:31:03.640 W/MountService(  374): getVolumeState(/mnt/sdcard/external_sd): Unknown volume
07-11 18:31:03.711 D/dalvikvm(32313): GC_CONCURRENT freed 387K, 6% free 9537K/10144K, paused 3ms+4ms, total 24ms
07-11 18:31:03.711 D/dalvikvm(32313): WAIT_FOR_CONCURRENT_GC blocked 12ms
07-11 18:31:03.859 W/MountService(  374): getVolumeState(/storage/emulated/0/external_sd): Unknown volume
07-11 18:31:03.859 W/MountService(  374): getVolumeState(/mnt/sdcard-ext): Unknown volume
07-11 18:31:03.859 W/MountService(  374): getVolumeState(/mnt/ext_sdcard): Unknown volume
07-11 18:31:03.859 W/MountService(  374): getVolumeState(/mnt/sdcard2): Unknown volume
07-11 18:31:03.859 W/MountService(  374): getVolumeState(/mnt/emmc): Unknown volume
07-11 18:31:03.859 W/MountService(  374): getVolumeState(/mnt/extSdCard): Unknown volume
07-11 18:31:03.859 W/MountService(  374): getVolumeState(/mnt/sdcard/SD_CARD): Unknown volume
07-11 18:31:03.859 W/MountService(  374): getVolumeState(/mnt/sdcard/extra_sd): Unknown volume
07-11 18:31:03.867 W/MountService(  374): getVolumeState(/mnt/extrasd_bind): Unknown volume
07-11 18:31:03.867 W/MountService(  374): getVolumeState(/mnt/sdcard/ext_sd): Unknown volume
07-11 18:31:03.867 W/MountService(  374): getVolumeState(/storage/extSdCard): Unknown volume
07-11 18:31:03.867 W/MountService(  374): getVolumeState(/storage/sdcard1): Unknown volume
07-11 18:31:03.867 W/MountService(  374): getVolumeState(/mnt/sdcard/external_SD): Unknown volume
07-11 18:31:03.867 W/MountService(  374): getVolumeState(/mnt/sdcard/external_sd): Unknown volume
07-11 18:31:03.898 D/dalvikvm(32313): GC_CONCURRENT freed 591K, 7% free 9447K/10144K, paused 4ms+3ms, total 27ms
07-11 18:32:03.742 W/MountService(  374): getVolumeState(/storage/emulated/0/external_sd): Unknown volume
07-11 18:32:03.742 W/MountService(  374): getVolumeState(/mnt/sdcard-ext): Unknown volume
07-11 18:32:03.742 W/MountService(  374): getVolumeState(/mnt/ext_sdcard): Unknown volume
07-11 18:32:03.750 W/MountService(  374): getVolumeState(/mnt/sdcard2): Unknown volume
07-11 18:32:03.750 W/MountService(  374): getVolumeState(/mnt/emmc): Unknown volume
07-11 18:32:03.750 W/MountService(  374): getVolumeState(/mnt/extSdCard): Unknown volume
07-11 18:32:03.765 D/dalvikvm(32313): GC_FOR_ALLOC freed 414K, 8% free 9406K/10144K, paused 20ms, total 20ms
07-11 18:32:03.773 W/MountService(  374): getVolumeState(/mnt/sdcard/SD_CARD): Unknown volume
07-11 18:32:03.773 W/MountService(  374): getVolumeState(/mnt/sdcard/extra_sd): Unknown volume
07-11 18:32:03.773 W/MountService(  374): getVolumeState(/mnt/extrasd_bind): Unknown volume
07-11 18:32:03.773 W/MountService(  374): getVolumeState(/mnt/sdcard/ext_sd): Unknown volume
07-11 18:32:03.773 W/MountService(  374): getVolumeState(/storage/extSdCard): Unknown volume
07-11 18:32:03.773 W/MountService(  374): getVolumeState(/storage/sdcard1): Unknown volume
07-11 18:32:03.773 W/MountService(  374): getVolumeState(/mnt/sdcard/external_SD): Unknown volume
07-11 18:32:03.773 W/MountService(  374): getVolumeState(/mnt/sdcard/external_sd): Unknown volume
07-11 18:32:03.914 D/dalvikvm(32313): GC_CONCURRENT freed 383K, 8% free 9419K/10144K, paused 2ms+2ms, total 34ms
07-11 18:32:04.000 W/MountService(  374): getVolumeState(/storage/emulated/0/external_sd): Unknown volume
07-11 18:32:04.000 W/MountService(  374): getVolumeState(/mnt/sdcard-ext): Unknown volume
07-11 18:32:04.000 W/MountService(  374): getVolumeState(/mnt/ext_sdcard): Unknown volume
07-11 18:32:04.000 W/MountService(  374): getVolumeState(/mnt/sdcard2): Unknown volume
07-11 18:32:04.008 W/MountService(  374): getVolumeState(/mnt/emmc): Unknown volume
07-11 18:32:04.008 W/MountService(  374): getVolumeState(/mnt/extSdCard): Unknown volume
07-11 18:32:04.008 W/MountService(  374): getVolumeState(/mnt/sdcard/SD_CARD): Unknown volume
07-11 18:32:04.008 W/MountService(  374): getVolumeState(/mnt/sdcard/extra_sd): Unknown volume
07-11 18:32:04.008 W/MountService(  374): getVolumeState(/mnt/extrasd_bind): Unknown volume
07-11 18:32:04.008 W/MountService(  374): getVolumeState(/mnt/sdcard/ext_sd): Unknown volume
07-11 18:32:04.008 W/MountService(  374): getVolumeState(/storage/extSdCard): Unknown volume
07-11 18:32:04.008 W/MountService(  374): getVolumeState(/storage/sdcard1): Unknown volume
07-11 18:32:04.015 W/MountService(  374): getVolumeState(/mnt/sdcard/external_SD): Unknown volume
07-11 18:32:04.015 W/MountService(  374): getVolumeState(/mnt/sdcard/external_sd): Unknown volume
07-11 18:32:04.047 D/dalvikvm(32313): GC_CONCURRENT freed 462K, 8% free 9404K/10144K, paused 2ms+3ms, total 24ms
07-11 18:32:08.156 D/dalvikvm(16543): GC_FOR_ALLOC freed 505K, 6% free 9188K/9728K, paused 29ms, total 30ms
07-11 18:32:13.179 D/JOBS    (17631): Thread-4192: load factor check. true = (0 < 1)|| (0 * 3 < 0 + 0). consumer thread: true
07-11 18:32:13.187 D/JOBS    (17631): didn't allow me to die, re-running Thread-4192
07-11 18:32:13.187 D/JOBS    (17631): re-running consumer Thread-4192
07-11 18:32:39.406 D/dalvikvm(16277): GC_CONCURRENT freed 367K, 6% free 9713K/10228K, paused 5ms+2ms, total 36ms
07-11 18:32:49.359 D/dalvikvm(16226): GC_CONCURRENT freed 464K, 13% free 9506K/10828K, paused 7ms+4ms, total 44ms
07-11 18:32:57.133 D/dalvikvm(  374): GC_EXPLICIT freed 929K, 28% free 23254K/31932K, paused 7ms+10ms, total 121ms
07-11 18:33:03.992 W/MountService(  374): getVolumeState(/storage/emulated/0/external_sd): Unknown volume
07-11 18:33:04.000 W/MountService(  374): getVolumeState(/mnt/sdcard-ext): Unknown volume
07-11 18:33:04.000 W/MountService(  374): getVolumeState(/mnt/ext_sdcard): Unknown volume
07-11 18:33:04.000 W/MountService(  374): getVolumeState(/mnt/sdcard2): Unknown volume
07-11 18:33:04.008 W/MountService(  374): getVolumeState(/mnt/emmc): Unknown volume
07-11 18:33:04.008 W/MountService(  374): getVolumeState(/mnt/extSdCard): Unknown volume
07-11 18:33:04.008 W/MountService(  374): getVolumeState(/mnt/sdcard/SD_CARD): Unknown volume
07-11 18:33:04.008 W/MountService(  374): getVolumeState(/mnt/sdcard/extra_sd): Unknown volume
07-11 18:33:04.008 W/MountService(  374): getVolumeState(/mnt/extrasd_bind): Unknown volume
07-11 18:33:04.008 W/MountService(  374): getVolumeState(/mnt/sdcard/ext_sd): Unknown volume
07-11 18:33:04.015 W/MountService(  374): getVolumeState(/storage/extSdCard): Unknown volume
07-11 18:33:04.015 W/MountService(  374): getVolumeState(/storage/sdcard1): Unknown volume
07-11 18:33:04.015 W/MountService(  374): getVolumeState(/mnt/sdcard/external_SD): Unknown volume
07-11 18:33:04.015 W/MountService(  374): getVolumeState(/mnt/sdcard/external_sd): Unknown volume
07-11 18:33:04.054 D/dalvikvm(32313): GC_CONCURRENT freed 408K, 8% free 9424K/10144K, paused 3ms+3ms, total 37ms
07-11 18:33:04.062 D/dalvikvm(32313): WAIT_FOR_CONCURRENT_GC blocked 24ms
07-11 18:33:04.219 W/MountService(  374): getVolumeState(/storage/emulated/0/external_sd): Unknown volume
07-11 18:33:04.226 W/MountService(  374): getVolumeState(/mnt/sdcard-ext): Unknown volume
07-11 18:33:04.226 W/MountService(  374): getVolumeState(/mnt/ext_sdcard): Unknown volume
07-11 18:33:04.226 W/MountService(  374): getVolumeState(/mnt/sdcard2): Unknown volume
07-11 18:33:04.226 W/MountService(  374): getVolumeState(/mnt/emmc): Unknown volume
07-11 18:33:04.226 W/MountService(  374): getVolumeState(/mnt/extSdCard): Unknown volume
07-11 18:33:04.226 W/MountService(  374): getVolumeState(/mnt/sdcard/SD_CARD): Unknown volume
07-11 18:33:04.226 W/MountService(  374): getVolumeState(/mnt/sdcard/extra_sd): Unknown volume
07-11 18:33:04.234 W/MountService(  374): getVolumeState(/mnt/extrasd_bind): Unknown volume
07-11 18:33:04.234 W/MountService(  374): getVolumeState(/mnt/sdcard/ext_sd): Unknown volume
07-11 18:33:04.234 W/MountService(  374): getVolumeState(/storage/extSdCard): Unknown volume
07-11 18:33:04.234 W/MountService(  374): getVolumeState(/storage/sdcard1): Unknown volume
07-11 18:33:04.234 W/MountService(  374): getVolumeState(/mnt/sdcard/external_SD): Unknown volume
07-11 18:33:04.234 W/MountService(  374): getVolumeState(/mnt/sdcard/external_sd): Unknown volume
07-11 18:33:04.242 D/dalvikvm(32313): GC_CONCURRENT freed 489K, 7% free 9440K/10144K, paused 5ms+3ms, total 33ms
07-11 18:33:04.250 D/dalvikvm(32313): WAIT_FOR_CONCURRENT_GC blocked 7ms
07-11 18:33:17.304 D/dalvikvm(32313): GC_CONCURRENT freed 436K, 8% free 9388K/10144K, paused 4ms+3ms, total 41ms
07-11 18:33:17.304 D/dalvikvm(32313): WAIT_FOR_CONCURRENT_GC blocked 35ms
07-11 18:33:27.195 D/MdmService( 3259): [null:-1]->receiver action :com.pekall.mdm.action.MDM_ALARM
07-11 18:34:04.062 W/MountService(  374): getVolumeState(/storage/emulated/0/external_sd): Unknown volume
07-11 18:34:04.062 W/MountService(  374): getVolumeState(/mnt/sdcard-ext): Unknown volume
07-11 18:34:04.070 W/MountService(  374): getVolumeState(/mnt/ext_sdcard): Unknown volume
07-11 18:34:04.070 W/MountService(  374): getVolumeState(/mnt/sdcard2): Unknown volume
07-11 18:34:04.070 W/MountService(  374): getVolumeState(/mnt/emmc): Unknown volume
07-11 18:34:04.070 W/MountService(  374): getVolumeState(/mnt/extSdCard): Unknown volume
07-11 18:34:04.070 W/MountService(  374): getVolumeState(/mnt/sdcard/SD_CARD): Unknown volume
07-11 18:34:04.070 W/MountService(  374): getVolumeState(/mnt/sdcard/extra_sd): Unknown volume
07-11 18:34:04.070 W/MountService(  374): getVolumeState(/mnt/extrasd_bind): Unknown volume
07-11 18:34:04.070 W/MountService(  374): getVolumeState(/mnt/sdcard/ext_sd): Unknown volume
07-11 18:34:04.078 W/MountService(  374): getVolumeState(/storage/extSdCard): Unknown volume
07-11 18:34:04.078 W/MountService(  374): getVolumeState(/storage/sdcard1): Unknown volume
07-11 18:34:04.078 W/MountService(  374): getVolumeState(/mnt/sdcard/external_SD): Unknown volume
07-11 18:34:04.078 W/MountService(  374): getVolumeState(/mnt/sdcard/external_sd): Unknown volume
07-11 18:34:04.164 D/dalvikvm(32313): GC_CONCURRENT freed 333K, 6% free 9561K/10144K, paused 2ms+3ms, total 37ms
07-11 18:34:04.281 W/MountService(  374): getVolumeState(/storage/emulated/0/external_sd): Unknown volume
07-11 18:34:04.281 W/MountService(  374): getVolumeState(/mnt/sdcard-ext): Unknown volume
07-11 18:34:04.289 W/MountService(  374): getVolumeState(/mnt/ext_sdcard): Unknown volume
07-11 18:34:04.289 W/MountService(  374): getVolumeState(/mnt/sdcard2): Unknown volume
07-11 18:34:04.289 W/MountService(  374): getVolumeState(/mnt/emmc): Unknown volume
07-11 18:34:04.289 W/MountService(  374): getVolumeState(/mnt/extSdCard): Unknown volume
07-11 18:34:04.289 W/MountService(  374): getVolumeState(/mnt/sdcard/SD_CARD): Unknown volume
07-11 18:34:04.289 W/MountService(  374): getVolumeState(/mnt/sdcard/extra_sd): Unknown volume
07-11 18:34:04.289 W/MountService(  374): getVolumeState(/mnt/extrasd_bind): Unknown volume
07-11 18:34:04.289 W/MountService(  374): getVolumeState(/mnt/sdcard/ext_sd): Unknown volume
07-11 18:34:04.289 W/MountService(  374): getVolumeState(/storage/extSdCard): Unknown volume
07-11 18:34:04.289 W/MountService(  374): getVolumeState(/storage/sdcard1): Unknown volume
07-11 18:34:04.289 W/MountService(  374): getVolumeState(/mnt/sdcard/external_SD): Unknown volume
07-11 18:34:04.297 W/MountService(  374): getVolumeState(/mnt/sdcard/external_sd): Unknown volume
07-11 18:34:04.328 D/dalvikvm(32313): GC_CONCURRENT freed 593K, 8% free 9417K/10144K, paused 4ms+3ms, total 25ms
07-11 18:34:07.508 D/PushService(17631): [null:-1]->receiver action :com.pekall.mdm.action.PUSH_ALARM
07-11 18:34:07.508 D/PushService(17631): [null:-1]->keepAliveWithPushServer client is opened:true
07-11 18:34:07.508 D/PushLib : (17631): [null:-1]->ping!!!!!!!!!
07-11 18:34:07.508 D/PushLib : (17631): [null:-1]->pushClient is :not null
07-11 18:34:07.515 D/PushLib : (17631): [null:-1]->pushClient opened : opened
07-11 18:34:13.187 D/JOBS    (17631): Thread-4192: load factor check. true = (0 < 1)|| (0 * 3 < 0 + 0). consumer thread: true
07-11 18:34:13.195 D/JOBS    (17631): didn't allow me to die, re-running Thread-4192
07-11 18:34:13.195 D/JOBS    (17631): re-running consumer Thread-4192
07-11 18:34:13.211 D/PushLib : (17631): [null:-1]->MSG_WEBSOCKET_PONG
07-11 18:34:37.383 D/dalvikvm(  577): GC_EXPLICIT freed 661K, 7% free 11552K/12372K, paused 4ms+6ms, total 49ms
07-11 18:34:57.390 W/System.err( 5790): java.io.FileNotFoundException: /data/data/com.mgyapp.android/files/.cfpaps.i: open failed: ENOENT (No such file or directory)
07-11 18:34:57.390 W/System.err( 5790): 	at libcore.io.IoBridge.open(IoBridge.java:409)
07-11 18:34:57.390 W/System.err( 5790): 	at java.io.FileInputStream.<init>(FileInputStream.java:78)
07-11 18:34:57.390 W/System.err( 5790): 	at android.app.ContextImpl.openFileInput(ContextImpl.java:702)
07-11 18:34:57.390 W/System.err( 5790): 	at android.content.ContextWrapper.openFileInput(ContextWrapper.java:173)
07-11 18:34:57.390 W/System.err( 5790): 	at com.mgyun.shua.jc.service.f.run(Unknown Source)
07-11 18:34:57.390 W/System.err( 5790): 	at com.mgyun.shua.jc.service.CpWorkServer.onHandleIntent(Unknown Source)
07-11 18:34:57.390 W/System.err( 5790): 	at android.app.IntentService$ServiceHandler.handleMessage(IntentService.java:65)
07-11 18:34:57.390 W/System.err( 5790): 	at android.os.Handler.dispatchMessage(Handler.java:99)
07-11 18:34:57.390 W/System.err( 5790): 	at android.os.Looper.loop(Looper.java:137)
07-11 18:34:57.390 W/System.err( 5790): 	at android.os.HandlerThread.run(HandlerThread.java:61)
07-11 18:34:57.390 W/System.err( 5790): Caused by: libcore.io.ErrnoException: open failed: ENOENT (No such file or directory)
07-11 18:34:57.398 W/System.err( 5790): 	at libcore.io.Posix.open(Native Method)
07-11 18:34:57.398 W/System.err( 5790): 	at libcore.io.BlockGuardOs.open(BlockGuardOs.java:110)
07-11 18:34:57.398 W/System.err( 5790): 	at libcore.io.IoBridge.open(IoBridge.java:393)
07-11 18:34:57.398 W/System.err( 5790): 	... 9 more
07-11 18:35:04.219 W/MountService(  374): getVolumeState(/storage/emulated/0/external_sd): Unknown volume
07-11 18:35:04.219 W/MountService(  374): getVolumeState(/mnt/sdcard-ext): Unknown volume
07-11 18:35:04.226 W/MountService(  374): getVolumeState(/mnt/ext_sdcard): Unknown volume
07-11 18:35:04.226 W/MountService(  374): getVolumeState(/mnt/sdcard2): Unknown volume
07-11 18:35:04.226 W/MountService(  374): getVolumeState(/mnt/emmc): Unknown volume
07-11 18:35:04.226 W/MountService(  374): getVolumeState(/mnt/extSdCard): Unknown volume
07-11 18:35:04.234 W/MountService(  374): getVolumeState(/mnt/sdcard/SD_CARD): Unknown volume
07-11 18:35:04.234 W/MountService(  374): getVolumeState(/mnt/sdcard/extra_sd): Unknown volume
07-11 18:35:04.234 W/MountService(  374): getVolumeState(/mnt/extrasd_bind): Unknown volume
07-11 18:35:04.234 W/MountService(  374): getVolumeState(/mnt/sdcard/ext_sd): Unknown volume
07-11 18:35:04.234 W/MountService(  374): getVolumeState(/storage/extSdCard): Unknown volume
07-11 18:35:04.234 W/MountService(  374): getVolumeState(/storage/sdcard1): Unknown volume
07-11 18:35:04.234 W/MountService(  374): getVolumeState(/mnt/sdcard/external_SD): Unknown volume
07-11 18:35:04.234 W/MountService(  374): getVolumeState(/mnt/sdcard/external_sd): Unknown volume
07-11 18:35:04.273 D/dalvikvm(32313): GC_CONCURRENT freed 375K, 7% free 9444K/10144K, paused 2ms+3ms, total 29ms
07-11 18:35:04.273 D/dalvikvm(32313): WAIT_FOR_CONCURRENT_GC blocked 14ms
07-11 18:35:04.445 D/dalvikvm(32313): GC_CONCURRENT freed 488K, 8% free 9414K/10144K, paused 3ms+3ms, total 30ms
07-11 18:35:04.461 W/MountService(  374): getVolumeState(/storage/emulated/0/external_sd): Unknown volume
07-11 18:35:04.461 W/MountService(  374): getVolumeState(/mnt/sdcard-ext): Unknown volume
07-11 18:35:04.461 W/MountService(  374): getVolumeState(/mnt/ext_sdcard): Unknown volume
07-11 18:35:04.461 W/MountService(  374): getVolumeState(/mnt/sdcard2): Unknown volume
07-11 18:35:04.461 W/MountService(  374): getVolumeState(/mnt/emmc): Unknown volume
07-11 18:35:04.461 W/MountService(  374): getVolumeState(/mnt/extSdCard): Unknown volume
07-11 18:35:04.469 W/MountService(  374): getVolumeState(/mnt/sdcard/SD_CARD): Unknown volume
07-11 18:35:04.469 W/MountService(  374): getVolumeState(/mnt/sdcard/extra_sd): Unknown volume
07-11 18:35:04.469 W/MountService(  374): getVolumeState(/mnt/extrasd_bind): Unknown volume
07-11 18:35:04.469 W/MountService(  374): getVolumeState(/mnt/sdcard/ext_sd): Unknown volume
07-11 18:35:04.469 W/MountService(  374): getVolumeState(/storage/extSdCard): Unknown volume
07-11 18:35:04.469 W/MountService(  374): getVolumeState(/storage/sdcard1): Unknown volume
07-11 18:35:04.469 W/MountService(  374): getVolumeState(/mnt/sdcard/external_SD): Unknown volume
07-11 18:35:04.476 W/MountService(  374): getVolumeState(/mnt/sdcard/external_sd): Unknown volume
07-11 18:35:04.554 D/dalvikvm(32313): GC_CONCURRENT freed 410K, 8% free 9412K/10144K, paused 3ms+2ms, total 26ms
07-11 18:35:05.015 W/ProcessStats(  374): Skipping unknown process pid 19912
07-11 18:35:57.664 D/dalvikvm(  374): GC_EXPLICIT freed 848K, 28% free 23247K/31932K, paused 7ms+12ms, total 124ms
07-11 18:36:04.398 W/MountService(  374): getVolumeState(/storage/emulated/0/external_sd): Unknown volume
07-11 18:36:04.398 W/MountService(  374): getVolumeState(/mnt/sdcard-ext): Unknown volume
07-11 18:36:04.406 W/MountService(  374): getVolumeState(/mnt/ext_sdcard): Unknown volume
07-11 18:36:04.406 W/MountService(  374): getVolumeState(/mnt/sdcard2): Unknown volume
07-11 18:36:04.414 W/MountService(  374): getVolumeState(/mnt/emmc): Unknown volume
07-11 18:36:04.422 W/MountService(  374): getVolumeState(/mnt/extSdCard): Unknown volume
07-11 18:36:04.422 W/MountService(  374): getVolumeState(/mnt/sdcard/SD_CARD): Unknown volume
07-11 18:36:04.422 W/MountService(  374): getVolumeState(/mnt/sdcard/extra_sd): Unknown volume
07-11 18:36:04.422 W/MountService(  374): getVolumeState(/mnt/extrasd_bind): Unknown volume
07-11 18:36:04.429 W/MountService(  374): getVolumeState(/mnt/sdcard/ext_sd): Unknown volume
07-11 18:36:04.429 W/MountService(  374): getVolumeState(/storage/extSdCard): Unknown volume
07-11 18:36:04.429 W/MountService(  374): getVolumeState(/storage/sdcard1): Unknown volume
07-11 18:36:04.429 W/MountService(  374): getVolumeState(/mnt/sdcard/external_SD): Unknown volume
07-11 18:36:04.429 W/MountService(  374): getVolumeState(/mnt/sdcard/external_sd): Unknown volume
07-11 18:36:04.492 D/dalvikvm(32313): GC_CONCURRENT freed 378K, 8% free 9432K/10144K, paused 3ms+2ms, total 27ms
07-11 18:36:04.492 D/dalvikvm(32313): WAIT_FOR_CONCURRENT_GC blocked 16ms
07-11 18:36:04.609 D/dalvikvm(18705): GC_EXPLICIT freed 144K, 2% free 9186K/9368K, paused 2ms+5ms, total 35ms
07-11 18:36:04.695 W/MountService(  374): getVolumeState(/storage/emulated/0/external_sd): Unknown volume
07-11 18:36:04.695 W/MountService(  374): getVolumeState(/mnt/sdcard-ext): Unknown volume
07-11 18:36:04.695 W/MountService(  374): getVolumeState(/mnt/ext_sdcard): Unknown volume
07-11 18:36:04.695 W/MountService(  374): getVolumeState(/mnt/sdcard2): Unknown volume
07-11 18:36:04.703 W/MountService(  374): getVolumeState(/mnt/emmc): Unknown volume
07-11 18:36:04.703 W/MountService(  374): getVolumeState(/mnt/extSdCard): Unknown volume
07-11 18:36:04.703 W/MountService(  374): getVolumeState(/mnt/sdcard/SD_CARD): Unknown volume
07-11 18:36:04.703 W/MountService(  374): getVolumeState(/mnt/sdcard/extra_sd): Unknown volume
07-11 18:36:04.703 W/MountService(  374): getVolumeState(/mnt/extrasd_bind): Unknown volume
07-11 18:36:04.703 W/MountService(  374): getVolumeState(/mnt/sdcard/ext_sd): Unknown volume
07-11 18:36:04.703 W/MountService(  374): getVolumeState(/storage/extSdCard): Unknown volume
07-11 18:36:04.703 W/MountService(  374): getVolumeState(/storage/sdcard1): Unknown volume
07-11 18:36:04.703 W/MountService(  374): getVolumeState(/mnt/sdcard/external_SD): Unknown volume
07-11 18:36:04.703 W/MountService(  374): getVolumeState(/mnt/sdcard/external_sd): Unknown volume
07-11 18:36:04.719 D/dalvikvm(32313): GC_CONCURRENT freed 490K, 7% free 9453K/10144K, paused 5ms+7ms, total 39ms
07-11 18:36:04.719 D/dalvikvm(32313): WAIT_FOR_CONCURRENT_GC blocked 2ms
07-11 18:36:04.719 D/dalvikvm(32313): WAIT_FOR_CONCURRENT_GC blocked 4ms
07-11 18:36:13.195 D/JOBS    (17631): Thread-4192: load factor check. true = (0 < 1)|| (0 * 3 < 0 + 0). consumer thread: true
07-11 18:36:13.195 D/JOBS    (17631): didn't allow me to die, re-running Thread-4192
07-11 18:36:13.203 D/JOBS    (17631): re-running consumer Thread-4192
07-11 18:36:27.203 D/MdmService( 3259): [null:-1]->receiver action :com.pekall.mdm.action.MDM_ALARM
07-11 18:36:27.203 D/MdmService( 3259): [null:-1]->keepAliveWithPushServer client is opened:true
07-11 18:36:27.203 D/MDM :   ( 3259): [null:-1]->ping!!!!!!!!!
07-11 18:36:27.219 D/MdmService( 3259): [null:-1]->pushUrl : ws://192.168.10.91:9070/websocket
07-11 18:36:27.219 D/MDM :   ( 3259): [null:-1]->mMdmPushClient is :not null
07-11 18:36:27.219 D/MDM :   ( 3259): [null:-1]->mMdmPushClient opened : opened
07-11 18:36:27.219 D/MDM :   ( 3259): [null:-1]->MSG_WEBSOCKET_PONG
07-11 18:37:04.359 I/ActivityManager(  374): Start proc com.google.android.talk for service com.google.android.talk/com.google.android.apps.babel.realtimechat.RealTimeChatService$AlarmWrapperService: pid=20160 uid=10030 gids={50030, 3003, 1015, 1006, 3002, 1028}
07-11 18:37:04.609 W/MountService(  374): getVolumeState(/storage/emulated/0/external_sd): Unknown volume
07-11 18:37:04.609 W/MountService(  374): getVolumeState(/mnt/sdcard-ext): Unknown volume
07-11 18:37:04.609 W/MountService(  374): getVolumeState(/mnt/ext_sdcard): Unknown volume
07-11 18:37:04.609 W/MountService(  374): getVolumeState(/mnt/sdcard2): Unknown volume
07-11 18:37:04.609 W/MountService(  374): getVolumeState(/mnt/emmc): Unknown volume
07-11 18:37:04.617 W/MountService(  374): getVolumeState(/mnt/extSdCard): Unknown volume
07-11 18:37:04.617 W/MountService(  374): getVolumeState(/mnt/sdcard/SD_CARD): Unknown volume
07-11 18:37:04.617 W/MountService(  374): getVolumeState(/mnt/sdcard/extra_sd): Unknown volume
07-11 18:37:04.617 W/MountService(  374): getVolumeState(/mnt/extrasd_bind): Unknown volume
07-11 18:37:04.617 W/MountService(  374): getVolumeState(/mnt/sdcard/ext_sd): Unknown volume
07-11 18:37:04.617 W/MountService(  374): getVolumeState(/storage/extSdCard): Unknown volume
07-11 18:37:04.617 W/MountService(  374): getVolumeState(/storage/sdcard1): Unknown volume
07-11 18:37:04.617 W/MountService(  374): getVolumeState(/mnt/sdcard/external_SD): Unknown volume
07-11 18:37:04.625 W/MountService(  374): getVolumeState(/mnt/sdcard/external_sd): Unknown volume
07-11 18:37:04.648 D/dalvikvm(20160): GC_CONCURRENT freed 314K, 4% free 9067K/9416K, paused 9ms+3ms, total 45ms
07-11 18:37:04.648 W/Settings(20160): Setting airplane_mode_on has moved from android.provider.Settings.System to android.provider.Settings.Global, returning read-only value.
07-11 18:37:04.656 D/dalvikvm(32313): GC_CONCURRENT freed 436K, 8% free 9432K/10144K, paused 12ms+8ms, total 77ms
07-11 18:37:04.664 D/dalvikvm(32313): WAIT_FOR_CONCURRENT_GC blocked 57ms
07-11 18:37:04.664 D/dalvikvm(32313): WAIT_FOR_CONCURRENT_GC blocked 38ms
07-11 18:37:04.867 D/dalvikvm(32313): GC_CONCURRENT freed 406K, 8% free 9422K/10144K, paused 4ms+6ms, total 44ms
07-11 18:37:04.875 W/dashclock_WeatherExten( 1165): Stale or missing last-known location; requesting single coarse location update.
07-11 18:37:04.969 W/MountService(  374): getVolumeState(/storage/emulated/0/external_sd): Unknown volume
07-11 18:37:04.969 W/MountService(  374): getVolumeState(/mnt/sdcard-ext): Unknown volume
07-11 18:37:04.969 W/MountService(  374): getVolumeState(/mnt/ext_sdcard): Unknown volume
07-11 18:37:04.969 W/MountService(  374): getVolumeState(/mnt/sdcard2): Unknown volume
07-11 18:37:04.969 W/MountService(  374): getVolumeState(/mnt/emmc): Unknown volume
07-11 18:37:04.969 W/MountService(  374): getVolumeState(/mnt/extSdCard): Unknown volume
07-11 18:37:04.969 W/MountService(  374): getVolumeState(/mnt/sdcard/SD_CARD): Unknown volume
07-11 18:37:04.969 W/MountService(  374): getVolumeState(/mnt/sdcard/extra_sd): Unknown volume
07-11 18:37:04.976 W/MountService(  374): getVolumeState(/mnt/extrasd_bind): Unknown volume
07-11 18:37:04.976 W/MountService(  374): getVolumeState(/mnt/sdcard/ext_sd): Unknown volume
07-11 18:37:04.976 W/MountService(  374): getVolumeState(/storage/extSdCard): Unknown volume
07-11 18:37:04.976 W/MountService(  374): getVolumeState(/storage/sdcard1): Unknown volume
07-11 18:37:04.976 W/MountService(  374): getVolumeState(/mnt/sdcard/external_SD): Unknown volume
07-11 18:37:04.976 W/MountService(  374): getVolumeState(/mnt/sdcard/external_sd): Unknown volume
07-11 18:37:04.992 D/dalvikvm(20160): GC_CONCURRENT freed 367K, 5% free 9093K/9496K, paused 4ms+9ms, total 52ms
07-11 18:37:05.031 D/dalvikvm(32313): GC_CONCURRENT freed 444K, 7% free 9439K/10144K, paused 4ms+7ms, total 51ms
07-11 18:37:05.031 D/dalvikvm(32313): WAIT_FOR_CONCURRENT_GC blocked 1ms
07-11 18:37:05.179 D/dalvikvm(  647): GC_EXPLICIT freed 211K, 7% free 9720K/10372K, paused 6ms+5ms, total 44ms
07-11 18:37:05.539 D/dalvikvm(  605): GC_CONCURRENT freed 1988K, 37% free 15034K/23684K, paused 2ms+15ms, total 81ms
07-11 18:37:05.594 D/dalvikvm( 1165): GC_FOR_ALLOC freed 477K, 7% free 9207K/9872K, paused 17ms, total 18ms
07-11 18:37:05.617 D/dalvikvm( 1165): GC_CONCURRENT freed 5K, 7% free 9269K/9872K, paused 3ms+2ms, total 21ms
07-11 18:37:06.320 D/dalvikvm(18951): GC_CONCURRENT freed 291K, 6% free 9571K/10080K, paused 2ms+2ms, total 25ms
07-11 18:37:06.422 D/dalvikvm(  565): GC_CONCURRENT freed 548K, 7% free 10446K/11180K, paused 2ms+3ms, total 53ms
07-11 18:37:08.304 D/dalvikvm( 1165): GC_CONCURRENT freed 438K, 7% free 9273K/9872K, paused 6ms+4ms, total 30ms
07-11 18:37:08.453 D/dalvikvm(  374): GC_EXPLICIT freed 1659K, 27% free 23392K/31932K, paused 5ms+12ms, total 119ms
07-11 18:37:26.390 E/GlsClient-query(  565): requestFailed
07-11 18:37:26.390 E/GlsClient-query(  565): com.google.gmm.common.async.WatchdogException
07-11 18:37:26.390 E/GlsClient-query(  565): 	at com.google.gmm.common.async.AsyncHttpRequestFactory$AsyncHttpRequestImpl.watchdogFired(Unknown Source)
07-11 18:37:26.390 E/GlsClient-query(  565): 	at com.google.gmm.common.async.AsyncHttpRequestFactory$WatchdogTask.run(Unknown Source)
07-11 18:37:26.390 E/GlsClient-query(  565): 	at com.google.gmm.common.task.AbstractTask.runInternal(Unknown Source)
07-11 18:37:26.390 E/GlsClient-query(  565): 	at com.google.gmm.common.task.TimerTask.runInternal(Unknown Source)
07-11 18:37:26.390 E/GlsClient-query(  565): 	at com.google.gmm.common.task.TaskRunner.run(Unknown Source)
07-11 18:37:26.390 E/GlsClient-query(  565): 	at com.google.gmm.common.lang.BaseThreadFactory$ThreadImpl.run(Unknown Source)
07-11 18:37:26.453 D/dalvikvm(  565): GC_CONCURRENT freed 451K, 7% free 10418K/11180K, paused 14ms+4ms, total 60ms
07-11 18:37:32.898 D/dalvikvm(  577): GC_CONCURRENT freed 822K, 8% free 11490K/12372K, paused 3ms+4ms, total 36ms
07-11 18:38:04.679 W/MountService(  374): getVolumeState(/storage/emulated/0/external_sd): Unknown volume
07-11 18:38:04.679 W/MountService(  374): getVolumeState(/mnt/sdcard-ext): Unknown volume
07-11 18:38:04.679 W/MountService(  374): getVolumeState(/mnt/ext_sdcard): Unknown volume
07-11 18:38:04.687 W/MountService(  374): getVolumeState(/mnt/sdcard2): Unknown volume
07-11 18:38:04.687 W/MountService(  374): getVolumeState(/mnt/emmc): Unknown volume
07-11 18:38:04.687 W/MountService(  374): getVolumeState(/mnt/extSdCard): Unknown volume
07-11 18:38:04.687 W/MountService(  374): getVolumeState(/mnt/sdcard/SD_CARD): Unknown volume
07-11 18:38:04.687 W/MountService(  374): getVolumeState(/mnt/sdcard/extra_sd): Unknown volume
07-11 18:38:04.687 W/MountService(  374): getVolumeState(/mnt/extrasd_bind): Unknown volume
07-11 18:38:04.695 W/MountService(  374): getVolumeState(/mnt/sdcard/ext_sd): Unknown volume
07-11 18:38:04.695 W/MountService(  374): getVolumeState(/storage/extSdCard): Unknown volume
07-11 18:38:04.695 W/MountService(  374): getVolumeState(/storage/sdcard1): Unknown volume
07-11 18:38:04.695 W/MountService(  374): getVolumeState(/mnt/sdcard/external_SD): Unknown volume
07-11 18:38:04.695 W/MountService(  374): getVolumeState(/mnt/sdcard/external_sd): Unknown volume
07-11 18:38:04.726 D/dalvikvm(32313): GC_CONCURRENT freed 414K, 8% free 9415K/10144K, paused 3ms+2ms, total 23ms
07-11 18:38:04.726 D/dalvikvm(32313): WAIT_FOR_CONCURRENT_GC blocked 21ms
07-11 18:38:04.726 D/dalvikvm(32313): WAIT_FOR_CONCURRENT_GC blocked 21ms
07-11 18:38:04.890 D/dalvikvm(32313): GC_CONCURRENT freed 389K, 8% free 9433K/10144K, paused 4ms+3ms, total 30ms
07-11 18:38:04.953 W/MountService(  374): getVolumeState(/storage/emulated/0/external_sd): Unknown volume
07-11 18:38:04.953 W/MountService(  374): getVolumeState(/mnt/sdcard-ext): Unknown volume
07-11 18:38:04.953 W/MountService(  374): getVolumeState(/mnt/ext_sdcard): Unknown volume
07-11 18:38:04.953 W/MountService(  374): getVolumeState(/mnt/sdcard2): Unknown volume
07-11 18:38:04.953 W/MountService(  374): getVolumeState(/mnt/emmc): Unknown volume
07-11 18:38:04.961 W/MountService(  374): getVolumeState(/mnt/extSdCard): Unknown volume
07-11 18:38:04.961 W/MountService(  374): getVolumeState(/mnt/sdcard/SD_CARD): Unknown volume
07-11 18:38:04.961 W/MountService(  374): getVolumeState(/mnt/sdcard/extra_sd): Unknown volume
07-11 18:38:04.969 W/MountService(  374): getVolumeState(/mnt/extrasd_bind): Unknown volume
07-11 18:38:04.969 W/MountService(  374): getVolumeState(/mnt/sdcard/ext_sd): Unknown volume
07-11 18:38:04.969 W/MountService(  374): getVolumeState(/storage/extSdCard): Unknown volume
07-11 18:38:04.969 W/MountService(  374): getVolumeState(/storage/sdcard1): Unknown volume
07-11 18:38:04.969 W/MountService(  374): getVolumeState(/mnt/sdcard/external_SD): Unknown volume
07-11 18:38:04.969 W/MountService(  374): getVolumeState(/mnt/sdcard/external_sd): Unknown volume
07-11 18:38:05.000 D/dalvikvm(32313): GC_CONCURRENT freed 446K, 7% free 9437K/10144K, paused 2ms+3ms, total 24ms
07-11 18:38:13.203 D/JOBS    (17631): Thread-4192: load factor check. true = (0 < 1)|| (0 * 3 < 0 + 0). consumer thread: true
07-11 18:38:13.203 D/JOBS    (17631): didn't allow me to die, re-running Thread-4192
07-11 18:38:13.203 D/JOBS    (17631): re-running consumer Thread-4192
07-11 18:38:58.250 D/GCM     (  647): Ignoring attempt to send heartbeat on dead connection.
07-11 18:39:04.703 W/MountService(  374): getVolumeState(/storage/emulated/0/external_sd): Unknown volume
07-11 18:39:04.703 W/MountService(  374): getVolumeState(/mnt/sdcard-ext): Unknown volume
07-11 18:39:04.703 W/MountService(  374): getVolumeState(/mnt/ext_sdcard): Unknown volume
07-11 18:39:04.703 W/MountService(  374): getVolumeState(/mnt/sdcard2): Unknown volume
07-11 18:39:04.703 W/MountService(  374): getVolumeState(/mnt/emmc): Unknown volume
07-11 18:39:04.711 W/MountService(  374): getVolumeState(/mnt/extSdCard): Unknown volume
07-11 18:39:04.711 W/MountService(  374): getVolumeState(/mnt/sdcard/SD_CARD): Unknown volume
07-11 18:39:04.711 W/MountService(  374): getVolumeState(/mnt/sdcard/extra_sd): Unknown volume
07-11 18:39:04.711 W/MountService(  374): getVolumeState(/mnt/extrasd_bind): Unknown volume
07-11 18:39:04.711 W/MountService(  374): getVolumeState(/mnt/sdcard/ext_sd): Unknown volume
07-11 18:39:04.711 W/MountService(  374): getVolumeState(/storage/extSdCard): Unknown volume
07-11 18:39:04.711 W/MountService(  374): getVolumeState(/storage/sdcard1): Unknown volume
07-11 18:39:04.711 W/MountService(  374): getVolumeState(/mnt/sdcard/external_SD): Unknown volume
07-11 18:39:04.719 W/MountService(  374): getVolumeState(/mnt/sdcard/external_sd): Unknown volume
07-11 18:39:04.789 D/dalvikvm(32313): GC_CONCURRENT freed 433K, 7% free 9515K/10144K, paused 3ms+3ms, total 27ms
07-11 18:39:04.789 D/dalvikvm(32313): WAIT_FOR_CONCURRENT_GC blocked 12ms
07-11 18:39:04.789 D/dalvikvm(32313): WAIT_FOR_CONCURRENT_GC blocked 13ms
07-11 18:39:04.937 W/MountService(  374): getVolumeState(/storage/emulated/0/external_sd): Unknown volume
07-11 18:39:04.937 W/MountService(  374): getVolumeState(/mnt/sdcard-ext): Unknown volume
07-11 18:39:04.937 W/MountService(  374): getVolumeState(/mnt/ext_sdcard): Unknown volume
07-11 18:39:04.937 W/MountService(  374): getVolumeState(/mnt/sdcard2): Unknown volume
07-11 18:39:04.937 W/MountService(  374): getVolumeState(/mnt/emmc): Unknown volume
07-11 18:39:04.937 W/MountService(  374): getVolumeState(/mnt/extSdCard): Unknown volume
07-11 18:39:04.937 W/MountService(  374): getVolumeState(/mnt/sdcard/SD_CARD): Unknown volume
07-11 18:39:04.945 W/MountService(  374): getVolumeState(/mnt/sdcard/extra_sd): Unknown volume
07-11 18:39:04.945 W/MountService(  374): getVolumeState(/mnt/extrasd_bind): Unknown volume
07-11 18:39:04.945 W/MountService(  374): getVolumeState(/mnt/sdcard/ext_sd): Unknown volume
07-11 18:39:04.945 W/MountService(  374): getVolumeState(/storage/extSdCard): Unknown volume
07-11 18:39:04.945 W/MountService(  374): getVolumeState(/storage/sdcard1): Unknown volume
07-11 18:39:04.945 W/MountService(  374): getVolumeState(/mnt/sdcard/external_SD): Unknown volume
07-11 18:39:04.945 W/MountService(  374): getVolumeState(/mnt/sdcard/external_sd): Unknown volume
07-11 18:39:04.976 D/dalvikvm(32313): GC_CONCURRENT freed 549K, 7% free 9493K/10144K, paused 4ms+3ms, total 31ms
07-11 18:39:07.508 D/PushService(17631): [null:-1]->receiver action :com.pekall.mdm.action.PUSH_ALARM
07-11 18:39:07.508 D/PushService(17631): [null:-1]->keepAliveWithPushServer client is opened:true
07-11 18:39:07.515 D/PushLib : (17631): [null:-1]->ping!!!!!!!!!
07-11 18:39:07.515 D/PushLib : (17631): [null:-1]->pushClient is :not null
07-11 18:39:07.515 D/PushLib : (17631): [null:-1]->pushClient opened : opened
07-11 18:39:13.242 D/PushLib : (17631): [null:-1]->MSG_WEBSOCKET_PONG
07-11 18:39:18.719 D/dalvikvm(16543): GC_FOR_ALLOC freed 493K, 6% free 9183K/9728K, paused 30ms, total 30ms
07-11 18:39:27.195 D/MdmService( 3259): [null:-1]->receiver action :com.pekall.mdm.action.MDM_ALARM
07-11 18:39:27.195 I/TransInfo( 3259): TransInfo created, id: 5, class: class com.pekall.emdm.transaction.b.p
07-11 18:39:27.203 D/NetworkThread( 3259): [null:-1]->----isRunning-----true
07-11 18:39:27.203 D/NetworkThread( 3259): [null:-1]->----isRunning-----true
07-11 18:39:27.203 D/NetworkThread( 3259): [null:-1]->thread wakeup
07-11 18:39:27.211 D/HttpClient( 3259): enable apache.http debug
07-11 18:39:27.211 D/MdmStatusManager( 3259): [null:-1]->change status to : Busy
07-11 18:39:27.211 D/DB      ( 3259): query: SQLiteQuery: SELECT content, command_status, status FROM command WHERE status!=2
07-11 18:39:27.211 D/DB      ( 3259): factory null
07-11 18:39:27.211 D/DB      ( 3259): fillWindow: 0
07-11 18:39:27.219 D/DB      ( 3259): cursor 0
07-11 18:39:27.219 D/DB      ( 3259): moveToPos: 0
07-11 18:39:27.219 I/TransInfo( 3259): TransInfo created, id: 3, class: class com.pekall.emdm.transaction.b.c
07-11 18:39:27.219 D/NetworkThread( 3259): [null:-1]->----isRunning-----true
07-11 18:39:27.219 V/DEBUG   ( 3259): HTTP 0
07-11 18:39:27.390 D/MDM :   ( 3259): [null:-1]->MSG_WEBSOCKET_MESSAGE : {"id":2048504587,"type":0,"command":0,"result":0,"reason":0,"params":{"msgId":"f8788bb1-1d42-43d9-ac24-8cff5ec700d9,f8788bb11d4243d9ac248cff5ec700d9","device":"ffffffffc539bb10fffffffff7aea961","message":"{\"cmd\":\"10119\"}"}}
07-11 18:39:27.406 D/MdmService( 3259): [null:-1]->push message type :0
07-11 18:39:27.406 D/MdmService( 3259): [null:-1]->cmdMessage : {"cmd":"10119"}
07-11 18:39:27.414 V/DEBUG   ( 3259): HTTP 1
07-11 18:39:27.414 D/MdmService( 3259): [null:-1]->command : PushCommandMsg{cmd='10119', msg='null'}
07-11 18:39:27.414 D/MDM :   ( 3259): [null:-1]->PUSH CMD: 10119
07-11 18:39:27.414 D/MdmService( 3259): [null:-1]->MdmStatusManager is busy , wait......
07-11 18:39:27.414 D/HttpClient( 3259): enable apache.http debug
07-11 18:39:27.422 V/DEBUG   ( 3259): HTTP 0
07-11 18:39:27.640 V/DEBUG   ( 3259): HTTP 1
07-11 18:39:27.679 D/MDM :   ( 3259): [null:-1]->read network input stream
07-11 18:39:27.734 D/dalvikvm( 3259): GC_FOR_ALLOC freed 3022K, 32% free 17413K/25600K, paused 53ms, total 53ms
07-11 18:39:27.750 D/CheckInTransInfo( 3259): [null:-1]->CommandMsg : CommandMsg{CommandUUID='8a8088bf471a79ec01472501b70e6224', Command=CommandObject{RequestType='Location'}}
07-11 18:39:27.750 D/DB      ( 3259): query: SQLiteQuery: SELECT * FROM command WHERE cmd_uuid='8a8088bf471a79ec01472501b70e6224'
07-11 18:39:27.750 D/DB      ( 3259): factory null
07-11 18:39:27.750 D/DB      ( 3259): fillWindow: 0
07-11 18:39:27.758 D/DB      ( 3259): cursor 0
07-11 18:39:27.789 D/NetworkThread( 3259): [null:-1]->queue is empty, thread wait...
07-11 18:39:27.890 D/MdmService( 3259): [null:-1]->handleCheckInResult
07-11 18:39:27.890 D/MdmService( 3259): [null:-1]->handleCheckInResult result keyIndex: 3
07-11 18:39:27.890 D/CommandManager( 3259): [null:-1]->execute command: CommandMsg{CommandUUID='8a8088bf471a79ec01472501b70e6224', Command=CommandObject{RequestType='Location'}}
07-11 18:39:27.898 D/MdmService( 3259): [null:-1]->receiver action :com.pekall.mdm.action.LOCATION
07-11 18:39:27.922 D/dalvikvm(20486): Late-enabling CheckJNI
07-11 18:39:27.922 I/ActivityManager(  374): Start proc com.pekall.emdm:remote for service com.pekall.emdm/com.baidu.location.f: pid=20486 uid=10066 gids={50066, 1015, 3002, 3001, 3003, 1028}
07-11 18:39:27.953 I/ActivityManager(  374): No longer want com.mgyapp.android:xg_service_v2 (pid 16226): empty for 1800s
07-11 18:39:27.961 I/TransInfo( 3259): TransInfo created, id: 3, class: class com.pekall.emdm.transaction.b.c
07-11 18:39:27.961 D/NetworkThread( 3259): [null:-1]->----isRunning-----true
07-11 18:39:27.961 D/NetworkThread( 3259): [null:-1]->----isRunning-----true
07-11 18:39:27.961 D/NetworkThread( 3259): [null:-1]->thread wakeup
07-11 18:39:27.961 D/HttpClient( 3259): enable apache.http debug
07-11 18:39:27.961 W/ActivityManager(  374): Scheduling restart of crashed service com.mgyapp.android/com.tencent.android.tpush.service.XGPushService in 5000ms
07-11 18:39:27.976 V/DEBUG   ( 3259): HTTP 0
07-11 18:39:28.015 V/MyServiceConnection(20486): [MConnection] mdm service is NOT installed.
07-11 18:39:28.023 V/MyServiceConnection(20486): [MConnection] binding service: pekall.intent.action.MDM_SERVICE
07-11 18:39:28.031 V/SandboxConnection(20486): [SConnection] sandbox service is NOT installed.
07-11 18:39:28.031 D/ScClassLoader(20486): >> SOURCE FILE: /data/data/com.pekall.emdm/app_jars/sc-jdk15on-1.47.0.2.dex.jar
07-11 18:39:28.031 V/SandboxConnection(20486): [SConnection] binding service: pekall.intent.action.SANDBOX_SERVICE
07-11 18:39:28.039 D/MDM :   (20486): [null:-1]->SettingApplication
07-11 18:39:28.062 D/dalvikvm(20486): Trying to load lib /data/app-lib/com.pekall.emdm-1/libsandbox_database_jni.so 0x42081458
07-11 18:39:28.094 D/dalvikvm(20486): Added shared lib /data/app-lib/com.pekall.emdm-1/libsandbox_database_jni.so 0x42081458
07-11 18:39:28.109 I/Sandbox (20486): [Sandbox] initForTest, modified on 6.3
