07-11 17:52:26.328 E/GlsClient-query(  565): requestFailed
07-11 17:52:26.328 E/GlsClient-query(  565): com.google.gmm.common.async.WatchdogException
07-11 17:52:26.328 E/GlsClient-query(  565): 	at com.google.gmm.common.async.AsyncHttpRequestFactory$AsyncHttpRequestImpl.watchdogFired(Unknown Source)
07-11 17:52:26.328 E/GlsClient-query(  565): 	at com.google.gmm.common.async.AsyncHttpRequestFactory$WatchdogTask.run(Unknown Source)
07-11 17:52:26.328 E/GlsClient-query(  565): 	at com.google.gmm.common.task.AbstractTask.runInternal(Unknown Source)
07-11 17:52:26.328 E/GlsClient-query(  565): 	at com.google.gmm.common.task.TimerTask.runInternal(Unknown Source)
07-11 17:52:26.328 E/GlsClient-query(  565): 	at com.google.gmm.common.task.TaskRunner.run(Unknown Source)
07-11 17:52:26.328 E/GlsClient-query(  565): 	at com.google.gmm.common.lang.BaseThreadFactory$ThreadImpl.run(Unknown Source)
07-11 17:52:26.437 D/dalvikvm(  565): GC_CONCURRENT freed 559K, 7% free 10417K/11180K, paused 3ms+4ms, total 42ms
07-11 17:52:26.437 D/dalvikvm(  565): WAIT_FOR_CONCURRENT_GC blocked 18ms
07-11 17:53:01.726 W/MountService(  374): getVolumeState(/storage/emulated/0/external_sd): Unknown volume
07-11 17:53:01.726 W/MountService(  374): getVolumeState(/mnt/sdcard-ext): Unknown volume
07-11 17:53:01.726 W/MountService(  374): getVolumeState(/mnt/ext_sdcard): Unknown volume
07-11 17:53:01.726 W/MountService(  374): getVolumeState(/mnt/sdcard2): Unknown volume
07-11 17:53:01.726 W/MountService(  374): getVolumeState(/mnt/emmc): Unknown volume
07-11 17:53:01.726 W/MountService(  374): getVolumeState(/mnt/extSdCard): Unknown volume
07-11 17:53:01.726 W/MountService(  374): getVolumeState(/mnt/sdcard/SD_CARD): Unknown volume
07-11 17:53:01.734 W/MountService(  374): getVolumeState(/mnt/sdcard/extra_sd): Unknown volume
07-11 17:53:01.734 W/MountService(  374): getVolumeState(/mnt/extrasd_bind): Unknown volume
07-11 17:53:01.734 W/MountService(  374): getVolumeState(/mnt/sdcard/ext_sd): Unknown volume
07-11 17:53:01.734 W/MountService(  374): getVolumeState(/storage/extSdCard): Unknown volume
07-11 17:53:01.734 W/MountService(  374): getVolumeState(/storage/sdcard1): Unknown volume
07-11 17:53:01.734 W/MountService(  374): getVolumeState(/mnt/sdcard/external_SD): Unknown volume
07-11 17:53:01.734 W/MountService(  374): getVolumeState(/mnt/sdcard/external_sd): Unknown volume
07-11 17:53:01.781 D/dalvikvm(32313): GC_CONCURRENT freed 436K, 8% free 9434K/10176K, paused 4ms+3ms, total 30ms
07-11 17:53:01.953 W/MountService(  374): getVolumeState(/storage/emulated/0/external_sd): Unknown volume
07-11 17:53:01.953 W/MountService(  374): getVolumeState(/mnt/sdcard-ext): Unknown volume
07-11 17:53:01.953 W/MountService(  374): getVolumeState(/mnt/ext_sdcard): Unknown volume
07-11 17:53:01.953 W/MountService(  374): getVolumeState(/mnt/sdcard2): Unknown volume
07-11 17:53:01.953 W/MountService(  374): getVolumeState(/mnt/emmc): Unknown volume
07-11 17:53:01.953 W/MountService(  374): getVolumeState(/mnt/extSdCard): Unknown volume
07-11 17:53:01.961 W/MountService(  374): getVolumeState(/mnt/sdcard/SD_CARD): Unknown volume
07-11 17:53:01.961 W/MountService(  374): getVolumeState(/mnt/sdcard/extra_sd): Unknown volume
07-11 17:53:01.961 W/MountService(  374): getVolumeState(/mnt/extrasd_bind): Unknown volume
07-11 17:53:01.961 W/MountService(  374): getVolumeState(/mnt/sdcard/ext_sd): Unknown volume
07-11 17:53:01.961 W/MountService(  374): getVolumeState(/storage/extSdCard): Unknown volume
07-11 17:53:01.961 W/MountService(  374): getVolumeState(/storage/sdcard1): Unknown volume
07-11 17:53:01.961 W/MountService(  374): getVolumeState(/mnt/sdcard/external_SD): Unknown volume
07-11 17:53:01.969 W/MountService(  374): getVolumeState(/mnt/sdcard/external_sd): Unknown volume
07-11 17:53:01.976 D/dalvikvm(32313): GC_CONCURRENT freed 498K, 8% free 9441K/10176K, paused 5ms+2ms, total 36ms
07-11 17:53:01.976 D/dalvikvm(32313): WAIT_FOR_CONCURRENT_GC blocked 10ms
07-11 17:53:01.984 D/dalvikvm(32313): WAIT_FOR_CONCURRENT_GC blocked 14ms
07-11 17:53:15.148 D/dalvikvm(32313): GC_CONCURRENT freed 461K, 8% free 9389K/10176K, paused 5ms+3ms, total 32ms
07-11 17:53:15.148 D/dalvikvm(32313): WAIT_FOR_CONCURRENT_GC blocked 11ms
07-11 17:53:24.094 D/dalvikvm(12193): GC_CONCURRENT freed 424K, 12% free 9511K/10796K, paused 4ms+2ms, total 36ms
07-11 17:53:24.109 W/BackupManagerService(  374): dataChanged but no participant pkg='com.android.providers.settings' uid=10079
07-11 17:53:24.148 W/BackupManagerService(  374): dataChanged but no participant pkg='com.android.providers.settings' uid=10079
07-11 17:53:33.867 I/EventLogService(  647): Aggregate from 1405070613765 (log), 1405070613765 (data)
07-11 17:53:33.914 I/ServiceDumpSys(  647): dumping service [account]
07-11 17:54:01.734 W/MountService(  374): getVolumeState(/storage/emulated/0/external_sd): Unknown volume
07-11 17:54:01.734 W/MountService(  374): getVolumeState(/mnt/sdcard-ext): Unknown volume
07-11 17:54:01.742 W/MountService(  374): getVolumeState(/mnt/ext_sdcard): Unknown volume
07-11 17:54:01.742 W/MountService(  374): getVolumeState(/mnt/sdcard2): Unknown volume
07-11 17:54:01.742 W/MountService(  374): getVolumeState(/mnt/emmc): Unknown volume
07-11 17:54:01.742 W/MountService(  374): getVolumeState(/mnt/extSdCard): Unknown volume
07-11 17:54:01.742 W/MountService(  374): getVolumeState(/mnt/sdcard/SD_CARD): Unknown volume
07-11 17:54:01.742 W/MountService(  374): getVolumeState(/mnt/sdcard/extra_sd): Unknown volume
07-11 17:54:01.750 W/MountService(  374): getVolumeState(/mnt/extrasd_bind): Unknown volume
07-11 17:54:01.750 W/MountService(  374): getVolumeState(/mnt/sdcard/ext_sd): Unknown volume
07-11 17:54:01.750 W/MountService(  374): getVolumeState(/storage/extSdCard): Unknown volume
07-11 17:54:01.750 W/MountService(  374): getVolumeState(/storage/sdcard1): Unknown volume
07-11 17:54:01.750 W/MountService(  374): getVolumeState(/mnt/sdcard/external_SD): Unknown volume
07-11 17:54:01.750 W/MountService(  374): getVolumeState(/mnt/sdcard/external_sd): Unknown volume
07-11 17:54:01.836 D/dalvikvm(32313): GC_CONCURRENT freed 307K, 7% free 9560K/10176K, paused 2ms+3ms, total 28ms
07-11 17:54:01.945 D/PushService(13555): [null:-1]->receiver action :com.pekall.mdm.action.PUSH_ALARM
07-11 17:54:01.969 D/PushService(13555): [null:-1]->keepAliveWithPushServer  client is null 
07-11 17:54:01.969 D/PushLib : (13555): [null:-1]->pushClient is :null
07-11 17:54:01.969 D/PushLib : (13555): [null:-1]->pushClient opened :not opened
07-11 17:54:01.976 D/PushLib : (13555): [null:-1]->pushClient connect:ws://192.168.10.35:9090/websocket
07-11 17:54:01.984 D/dalvikvm(10472): GC_EXPLICIT freed 246K, 4% free 9191K/9476K, paused 2ms+6ms, total 34ms
07-11 17:54:02.015 D/PushLib : (13555): [null:-1]->MSG_WEBSOCKET_OPEN
07-11 17:54:02.031 W/MountService(  374): getVolumeState(/storage/emulated/0/external_sd): Unknown volume
07-11 17:54:02.031 W/MountService(  374): getVolumeState(/mnt/sdcard-ext): Unknown volume
07-11 17:54:02.031 W/MountService(  374): getVolumeState(/mnt/ext_sdcard): Unknown volume
07-11 17:54:02.039 W/MountService(  374): getVolumeState(/mnt/sdcard2): Unknown volume
07-11 17:54:02.039 W/MountService(  374): getVolumeState(/mnt/emmc): Unknown volume
07-11 17:54:02.039 W/MountService(  374): getVolumeState(/mnt/extSdCard): Unknown volume
07-11 17:54:02.047 W/MountService(  374): getVolumeState(/mnt/sdcard/SD_CARD): Unknown volume
07-11 17:54:02.047 W/MountService(  374): getVolumeState(/mnt/sdcard/extra_sd): Unknown volume
07-11 17:54:02.047 W/MountService(  374): getVolumeState(/mnt/extrasd_bind): Unknown volume
07-11 17:54:02.047 W/MountService(  374): getVolumeState(/mnt/sdcard/ext_sd): Unknown volume
07-11 17:54:02.047 W/MountService(  374): getVolumeState(/storage/extSdCard): Unknown volume
07-11 17:54:02.047 W/MountService(  374): getVolumeState(/storage/sdcard1): Unknown volume
07-11 17:54:02.054 W/MountService(  374): getVolumeState(/mnt/sdcard/external_SD): Unknown volume
07-11 17:54:02.054 W/MountService(  374): getVolumeState(/mnt/sdcard/external_sd): Unknown volume
07-11 17:54:02.070 D/dalvikvm(32313): GC_CONCURRENT freed 635K, 8% free 9432K/10176K, paused 4ms+4ms, total 44ms
07-11 17:54:02.070 D/dalvikvm(32313): WAIT_FOR_CONCURRENT_GC blocked 14ms
07-11 17:54:02.148 D/dalvikvm(13555): GC_CONCURRENT freed 296K, 4% free 9234K/9568K, paused 5ms+2ms, total 26ms
07-11 17:54:02.172 D/JOBS    (13555): added job id: -2147483647 class: PushMessageJob priority: 0 delay: 0 group : fetch-push persistent: false requires network: true
07-11 17:54:02.179 D/JOBS    (13555): pool-4-thread-1: load factor check. true = (0 < 1)|| (0 * 3 < 1 + 0). consumer thread: false
07-11 17:54:02.179 D/JOBS    (13555): adding another consumer
07-11 17:54:02.179 D/JOBS    (13555): starting consumer Thread-4150
07-11 17:54:02.179 D/JOBS    (13555): running job PushMessageJob
07-11 17:54:02.586 D/PushLib : (13555): [null:-1]->MSG_WEBSOCKET_MESSAGE : {"id":2,"type":1,"command":0,"result":0,"reason":0}
07-11 17:54:02.601 D/PushService(13555): [null:-1]->push message type :1
07-11 17:54:02.609 D/JOBS    (13555): finished job PushMessageJob
07-11 17:54:02.625 D/dalvikvm(13555): GC_CONCURRENT freed 334K, 4% free 9290K/9660K, paused 3ms+3ms, total 25ms
07-11 17:54:24.820 D/dalvikvm( 4918): GC_CONCURRENT freed 387K, 5% free 9870K/10316K, paused 5ms+2ms, total 36ms
07-11 17:54:27.195 D/MdmService( 3259): [null:-1]->receiver action :com.pekall.mdm.action.MDM_ALARM
07-11 17:54:33.890 D/dalvikvm(  374): GC_EXPLICIT freed 933K, 27% free 23324K/31932K, paused 8ms+10ms, total 123ms
07-11 17:54:52.000 W/System.err( 5790): java.io.FileNotFoundException: /data/data/com.mgyapp.android/files/.cfpaps.i: open failed: ENOENT (No such file or directory)
07-11 17:54:52.000 W/System.err( 5790): 	at libcore.io.IoBridge.open(IoBridge.java:409)
07-11 17:54:52.000 W/System.err( 5790): 	at java.io.FileInputStream.<init>(FileInputStream.java:78)
07-11 17:54:52.000 W/System.err( 5790): 	at android.app.ContextImpl.openFileInput(ContextImpl.java:702)
07-11 17:54:52.008 W/System.err( 5790): 	at android.content.ContextWrapper.openFileInput(ContextWrapper.java:173)
07-11 17:54:52.008 W/System.err( 5790): 	at com.mgyun.shua.jc.service.f.run(Unknown Source)
07-11 17:54:52.008 W/System.err( 5790): 	at com.mgyun.shua.jc.service.CpWorkServer.onHandleIntent(Unknown Source)
07-11 17:54:52.008 W/System.err( 5790): 	at android.app.IntentService$ServiceHandler.handleMessage(IntentService.java:65)
07-11 17:54:52.008 W/System.err( 5790): 	at android.os.Handler.dispatchMessage(Handler.java:99)
07-11 17:54:52.008 W/System.err( 5790): 	at android.os.Looper.loop(Looper.java:137)
07-11 17:54:52.008 W/System.err( 5790): 	at android.os.HandlerThread.run(HandlerThread.java:61)
07-11 17:54:52.008 W/System.err( 5790): Caused by: libcore.io.ErrnoException: open failed: ENOENT (No such file or directory)
07-11 17:54:52.008 W/System.err( 5790): 	at libcore.io.Posix.open(Native Method)
07-11 17:54:52.008 W/System.err( 5790): 	at libcore.io.BlockGuardOs.open(BlockGuardOs.java:110)
07-11 17:54:52.008 W/System.err( 5790): 	at libcore.io.IoBridge.open(IoBridge.java:393)
07-11 17:54:52.008 W/System.err( 5790): 	... 9 more
07-11 17:55:01.758 W/MountService(  374): getVolumeState(/storage/emulated/0/external_sd): Unknown volume
07-11 17:55:01.758 W/MountService(  374): getVolumeState(/mnt/sdcard-ext): Unknown volume
07-11 17:55:01.758 W/MountService(  374): getVolumeState(/mnt/ext_sdcard): Unknown volume
07-11 17:55:01.758 W/MountService(  374): getVolumeState(/mnt/sdcard2): Unknown volume
07-11 17:55:01.758 W/MountService(  374): getVolumeState(/mnt/emmc): Unknown volume
07-11 17:55:01.758 W/MountService(  374): getVolumeState(/mnt/extSdCard): Unknown volume
07-11 17:55:01.758 W/MountService(  374): getVolumeState(/mnt/sdcard/SD_CARD): Unknown volume
07-11 17:55:01.765 W/MountService(  374): getVolumeState(/mnt/sdcard/extra_sd): Unknown volume
07-11 17:55:01.765 W/MountService(  374): getVolumeState(/mnt/extrasd_bind): Unknown volume
07-11 17:55:01.765 W/MountService(  374): getVolumeState(/mnt/sdcard/ext_sd): Unknown volume
07-11 17:55:01.765 W/MountService(  374): getVolumeState(/storage/extSdCard): Unknown volume
07-11 17:55:01.765 W/MountService(  374): getVolumeState(/storage/sdcard1): Unknown volume
07-11 17:55:01.765 W/MountService(  374): getVolumeState(/mnt/sdcard/external_SD): Unknown volume
07-11 17:55:01.765 W/MountService(  374): getVolumeState(/mnt/sdcard/external_sd): Unknown volume
07-11 17:55:01.836 D/dalvikvm(32313): GC_CONCURRENT freed 452K, 7% free 9491K/10176K, paused 2ms+3ms, total 36ms
07-11 17:55:01.836 D/dalvikvm(32313): WAIT_FOR_CONCURRENT_GC blocked 14ms
07-11 17:55:01.844 D/dalvikvm(32313): WAIT_FOR_CONCURRENT_GC blocked 13ms
07-11 17:55:02.015 W/MountService(  374): getVolumeState(/storage/emulated/0/external_sd): Unknown volume
07-11 17:55:02.015 W/MountService(  374): getVolumeState(/mnt/sdcard-ext): Unknown volume
07-11 17:55:02.015 W/MountService(  374): getVolumeState(/mnt/ext_sdcard): Unknown volume
07-11 17:55:02.023 W/MountService(  374): getVolumeState(/mnt/sdcard2): Unknown volume
07-11 17:55:02.023 W/MountService(  374): getVolumeState(/mnt/emmc): Unknown volume
07-11 17:55:02.023 W/MountService(  374): getVolumeState(/mnt/extSdCard): Unknown volume
07-11 17:55:02.023 W/MountService(  374): getVolumeState(/mnt/sdcard/SD_CARD): Unknown volume
07-11 17:55:02.023 W/MountService(  374): getVolumeState(/mnt/sdcard/extra_sd): Unknown volume
07-11 17:55:02.023 W/MountService(  374): getVolumeState(/mnt/extrasd_bind): Unknown volume
07-11 17:55:02.031 W/MountService(  374): getVolumeState(/mnt/sdcard/ext_sd): Unknown volume
07-11 17:55:02.031 W/MountService(  374): getVolumeState(/storage/extSdCard): Unknown volume
07-11 17:55:02.031 W/MountService(  374): getVolumeState(/storage/sdcard1): Unknown volume
07-11 17:55:02.031 W/MountService(  374): getVolumeState(/mnt/sdcard/external_SD): Unknown volume
07-11 17:55:02.031 W/MountService(  374): getVolumeState(/mnt/sdcard/external_sd): Unknown volume
07-11 17:55:02.039 D/dalvikvm(32313): GC_CONCURRENT freed 530K, 8% free 9459K/10176K, paused 2ms+4ms, total 34ms
07-11 17:55:02.039 D/dalvikvm(32313): WAIT_FOR_CONCURRENT_GC blocked 3ms
07-11 17:56:01.758 W/MountService(  374): getVolumeState(/storage/emulated/0/external_sd): Unknown volume
07-11 17:56:01.758 W/MountService(  374): getVolumeState(/mnt/sdcard-ext): Unknown volume
07-11 17:56:01.758 W/MountService(  374): getVolumeState(/mnt/ext_sdcard): Unknown volume
07-11 17:56:01.758 W/MountService(  374): getVolumeState(/mnt/sdcard2): Unknown volume
07-11 17:56:01.758 W/MountService(  374): getVolumeState(/mnt/emmc): Unknown volume
07-11 17:56:01.758 W/MountService(  374): getVolumeState(/mnt/extSdCard): Unknown volume
07-11 17:56:01.758 W/MountService(  374): getVolumeState(/mnt/sdcard/SD_CARD): Unknown volume
07-11 17:56:01.758 W/MountService(  374): getVolumeState(/mnt/sdcard/extra_sd): Unknown volume
07-11 17:56:01.765 W/MountService(  374): getVolumeState(/mnt/extrasd_bind): Unknown volume
07-11 17:56:01.765 W/MountService(  374): getVolumeState(/mnt/sdcard/ext_sd): Unknown volume
07-11 17:56:01.765 W/MountService(  374): getVolumeState(/storage/extSdCard): Unknown volume
07-11 17:56:01.765 W/MountService(  374): getVolumeState(/storage/sdcard1): Unknown volume
07-11 17:56:01.765 W/MountService(  374): getVolumeState(/mnt/sdcard/external_SD): Unknown volume
07-11 17:56:01.765 W/MountService(  374): getVolumeState(/mnt/sdcard/external_sd): Unknown volume
07-11 17:56:01.781 D/dalvikvm(32313): GC_CONCURRENT freed 421K, 7% free 9473K/10176K, paused 5ms+3ms, total 36ms
07-11 17:56:01.781 D/dalvikvm(32313): WAIT_FOR_CONCURRENT_GC blocked 8ms
07-11 17:56:01.781 D/dalvikvm(32313): WAIT_FOR_CONCURRENT_GC blocked 9ms
07-11 17:56:01.945 D/dalvikvm(32313): GC_CONCURRENT freed 480K, 8% free 9424K/10176K, paused 3ms+3ms, total 42ms
07-11 17:56:02.015 W/MountService(  374): getVolumeState(/storage/emulated/0/external_sd): Unknown volume
07-11 17:56:02.015 W/MountService(  374): getVolumeState(/mnt/sdcard-ext): Unknown volume
07-11 17:56:02.015 W/MountService(  374): getVolumeState(/mnt/ext_sdcard): Unknown volume
07-11 17:56:02.015 W/MountService(  374): getVolumeState(/mnt/sdcard2): Unknown volume
07-11 17:56:02.015 W/MountService(  374): getVolumeState(/mnt/emmc): Unknown volume
07-11 17:56:02.015 W/MountService(  374): getVolumeState(/mnt/extSdCard): Unknown volume
07-11 17:56:02.015 W/MountService(  374): getVolumeState(/mnt/sdcard/SD_CARD): Unknown volume
07-11 17:56:02.015 W/MountService(  374): getVolumeState(/mnt/sdcard/extra_sd): Unknown volume
07-11 17:56:02.015 W/MountService(  374): getVolumeState(/mnt/extrasd_bind): Unknown volume
07-11 17:56:02.023 W/MountService(  374): getVolumeState(/mnt/sdcard/ext_sd): Unknown volume
07-11 17:56:02.023 W/MountService(  374): getVolumeState(/storage/extSdCard): Unknown volume
07-11 17:56:02.023 W/MountService(  374): getVolumeState(/storage/sdcard1): Unknown volume
07-11 17:56:02.023 W/MountService(  374): getVolumeState(/mnt/sdcard/external_SD): Unknown volume
07-11 17:56:02.023 W/MountService(  374): getVolumeState(/mnt/sdcard/external_sd): Unknown volume
07-11 17:56:02.054 D/dalvikvm(32313): GC_CONCURRENT freed 463K, 8% free 9413K/10176K, paused 3ms+3ms, total 24ms
07-11 17:56:02.617 D/JOBS    (13555): Thread-4150: load factor check. true = (0 < 1)|| (0 * 3 < 0 + 0). consumer thread: true
07-11 17:56:02.617 D/JOBS    (13555): didn't allow me to die, re-running Thread-4150
07-11 17:56:02.617 D/JOBS    (13555): re-running consumer Thread-4150
07-11 17:56:21.765 D/dalvikvm(12475): GC_FOR_ALLOC freed 514K, 6% free 9183K/9732K, paused 36ms, total 36ms
07-11 17:57:01.773 W/MountService(  374): getVolumeState(/storage/emulated/0/external_sd): Unknown volume
07-11 17:57:01.773 W/MountService(  374): getVolumeState(/mnt/sdcard-ext): Unknown volume
07-11 17:57:01.773 W/MountService(  374): getVolumeState(/mnt/ext_sdcard): Unknown volume
07-11 17:57:01.781 W/MountService(  374): getVolumeState(/mnt/sdcard2): Unknown volume
07-11 17:57:01.781 W/MountService(  374): getVolumeState(/mnt/emmc): Unknown volume
07-11 17:57:01.781 W/MountService(  374): getVolumeState(/mnt/extSdCard): Unknown volume
07-11 17:57:01.781 W/MountService(  374): getVolumeState(/mnt/sdcard/SD_CARD): Unknown volume
07-11 17:57:01.781 W/MountService(  374): getVolumeState(/mnt/sdcard/extra_sd): Unknown volume
07-11 17:57:01.781 W/MountService(  374): getVolumeState(/mnt/extrasd_bind): Unknown volume
07-11 17:57:01.781 W/MountService(  374): getVolumeState(/mnt/sdcard/ext_sd): Unknown volume
07-11 17:57:01.781 W/MountService(  374): getVolumeState(/storage/extSdCard): Unknown volume
07-11 17:57:01.781 W/MountService(  374): getVolumeState(/storage/sdcard1): Unknown volume
07-11 17:57:01.789 W/MountService(  374): getVolumeState(/mnt/sdcard/external_SD): Unknown volume
07-11 17:57:01.789 W/MountService(  374): getVolumeState(/mnt/sdcard/external_sd): Unknown volume
07-11 17:57:01.859 D/dalvikvm(32313): GC_CONCURRENT freed 386K, 6% free 9538K/10144K, paused 4ms+4ms, total 28ms
07-11 17:57:01.859 D/dalvikvm(32313): WAIT_FOR_CONCURRENT_GC blocked 15ms
07-11 17:57:01.859 D/dalvikvm(32313): WAIT_FOR_CONCURRENT_GC blocked 11ms
07-11 17:57:01.875 I/ActivityManager(  374): No longer want android.process.media (pid 10472): empty for 1801s
07-11 17:57:01.890 W/ActivityManager(  374): Scheduling restart of crashed service com.android.providers.media/.MtpService in 5000ms
07-11 17:57:01.906 I/ActivityManager(  374): Start proc android.process.media for content provider com.android.providers.media/.MediaProvider: pid=14601 uid=10015 gids={50015, 1015, 1023, 1024, 1028, 2001, 3003, 3007}
07-11 17:57:02.054 D/MtpService(14601): updating state; isCurrentUser=true, mMtpLocked=false
07-11 17:57:02.062 D/MtpService(14601): addStorageLocked 65537 /storage/emulated/0
07-11 17:57:02.070 D/MtpService(14601): updating state; isCurrentUser=true, mMtpLocked=false
07-11 17:57:02.078 D/MtpService(14601): starting MTP server in MTP mode
07-11 17:57:02.078 D/MtpService(14601): addStorageLocked 65537 /storage/emulated/0
07-11 17:57:02.242 W/MountService(  374): getVolumeState(/storage/emulated/0/external_sd): Unknown volume
07-11 17:57:02.242 W/MountService(  374): getVolumeState(/mnt/sdcard-ext): Unknown volume
07-11 17:57:02.242 W/MountService(  374): getVolumeState(/mnt/ext_sdcard): Unknown volume
07-11 17:57:02.242 W/MountService(  374): getVolumeState(/mnt/sdcard2): Unknown volume
07-11 17:57:02.242 W/MountService(  374): getVolumeState(/mnt/emmc): Unknown volume
07-11 17:57:02.242 W/MountService(  374): getVolumeState(/mnt/extSdCard): Unknown volume
07-11 17:57:02.242 W/MountService(  374): getVolumeState(/mnt/sdcard/SD_CARD): Unknown volume
07-11 17:57:02.250 W/MountService(  374): getVolumeState(/mnt/sdcard/extra_sd): Unknown volume
07-11 17:57:02.250 W/MountService(  374): getVolumeState(/mnt/extrasd_bind): Unknown volume
07-11 17:57:02.250 W/MountService(  374): getVolumeState(/mnt/sdcard/ext_sd): Unknown volume
07-11 17:57:02.250 W/MountService(  374): getVolumeState(/storage/extSdCard): Unknown volume
07-11 17:57:02.250 W/MountService(  374): getVolumeState(/storage/sdcard1): Unknown volume
07-11 17:57:02.250 W/MountService(  374): getVolumeState(/mnt/sdcard/external_SD): Unknown volume
07-11 17:57:02.258 W/MountService(  374): getVolumeState(/mnt/sdcard/external_sd): Unknown volume
07-11 17:57:02.281 D/dalvikvm(32313): GC_CONCURRENT freed 600K, 7% free 9440K/10144K, paused 3ms+3ms, total 34ms
07-11 17:57:02.281 D/dalvikvm(32313): WAIT_FOR_CONCURRENT_GC blocked 7ms
07-11 17:57:27.203 D/MdmService( 3259): [null:-1]->receiver action :com.pekall.mdm.action.MDM_ALARM
07-11 17:57:27.203 D/MdmService( 3259): [null:-1]->keepAliveWithPushServer client is opened:true
07-11 17:57:27.203 D/MDM :   ( 3259): [null:-1]->ping!!!!!!!!!
07-11 17:57:27.211 D/MdmService( 3259): [null:-1]->pushUrl : ws://192.168.10.91:9070/websocket
07-11 17:57:27.211 D/MDM :   ( 3259): [null:-1]->mMdmPushClient is :not null
07-11 17:57:27.211 D/MDM :   ( 3259): [null:-1]->mMdmPushClient opened : opened
07-11 17:57:27.219 D/MDM :   ( 3259): [null:-1]->MSG_WEBSOCKET_PONG
07-11 17:57:32.883 D/dalvikvm( 4565): GC_CONCURRENT freed 629K, 9% free 9937K/10856K, paused 2ms+2ms, total 38ms
07-11 17:57:40.586 I/ActivityManager(  374): No longer want com.google.android.apps.maps:LocationFriendService (pid 10604): empty for 1803s
07-11 17:57:40.586 I/ActivityManager(  374): No longer want com.google.android.apps.maps:FriendService (pid 10583): empty for 1803s
07-11 17:57:40.594 I/ActivityManager(  374): No longer want com.google.android.apps.maps:GoogleLocationService (pid 10562): empty for 1804s
07-11 17:57:40.617 W/ActivityManager(  374): Scheduling restart of crashed service com.google.android.apps.maps/com.google.android.location.internal.server.GoogleLocationService in 5000ms
07-11 17:57:45.640 I/ActivityManager(  374): Start proc com.google.android.apps.maps:GoogleLocationService for service com.google.android.apps.maps/com.google.android.location.internal.server.GoogleLocationService: pid=14711 uid=10038 gids={50038, 3003, 1015, 1028}
07-11 17:57:46.125 D/dalvikvm(  374): GC_EXPLICIT freed 944K, 28% free 23304K/31932K, paused 4ms+11ms, total 118ms
07-11 17:57:46.273 D/dalvikvm(14711): GC_CONCURRENT freed 244K, 3% free 9129K/9412K, paused 5ms+2ms, total 38ms
07-11 17:57:46.344 D/dalvikvm(14711): GC_FOR_ALLOC freed 98K, 3% free 9320K/9592K, paused 24ms, total 24ms
07-11 17:57:46.359 D/dalvikvm(14711): GC_FOR_ALLOC freed 64K, 4% free 9351K/9692K, paused 18ms, total 18ms
07-11 17:57:46.445 D/dalvikvm(14711): GC_CONCURRENT freed 441K, 5% free 9389K/9876K, paused 3ms+3ms, total 33ms
07-11 17:57:46.578 D/dalvikvm(14711): GC_CONCURRENT freed 143K, 2% free 9755K/9936K, paused 3ms+3ms, total 54ms
07-11 17:57:46.578 D/dalvikvm(14711): WAIT_FOR_CONCURRENT_GC blocked 6ms
07-11 17:57:46.703 I/ActivityManager(  374): Start proc com.google.android.apps.maps:FriendService for broadcast com.google.android.apps.maps/com.google.googlenav.friend.android.ServiceReceiver: pid=14732 uid=10038 gids={50038, 3003, 1015, 1028}
07-11 17:57:46.742 W/Settings(14711): Setting airplane_mode_on has moved from android.provider.Settings.System to android.provider.Settings.Global, returning read-only value.
07-11 17:57:46.828 W/ActivityManager(  374): Permission denied: checkComponentPermission() owningUid=10009
07-11 17:57:46.828 W/BroadcastQueue(  374): Permission Denial: broadcasting Intent { act=com.google.android.location.internal.server.ACTION_RESTARTED flg=0x10 } from com.google.android.apps.maps (pid=14711, uid=10038) is not exported from uid 10009 due to receiver com.google.android.gms/com.google.android.location.reporting.service.ExternalChangeReceiver
07-11 17:57:46.844 I/ActivityManager(  374): Start proc com.google.android.apps.maps:LocationFriendService for broadcast com.google.android.apps.maps/com.google.googlenav.friend.reporting.LocationReportingIntentReceiver: pid=14744 uid=10038 gids={50038, 3003, 1015, 1028}
07-11 17:57:47.992 W/ProcessStats(  374): Skipping unknown process pid 14766
07-11 17:57:48.148 D/dalvikvm(14711): GC_CONCURRENT freed 778K, 9% free 9413K/10232K, paused 4ms+3ms, total 39ms
07-11 17:58:01.812 D/dalvikvm(32313): GC_FOR_ALLOC freed 367K, 7% free 9445K/10144K, paused 38ms, total 38ms
07-11 17:58:01.820 W/MountService(  374): getVolumeState(/storage/emulated/0/external_sd): Unknown volume
07-11 17:58:01.820 W/MountService(  374): getVolumeState(/mnt/sdcard-ext): Unknown volume
07-11 17:58:01.820 W/MountService(  374): getVolumeState(/mnt/ext_sdcard): Unknown volume
07-11 17:58:01.820 W/MountService(  374): getVolumeState(/mnt/sdcard2): Unknown volume
07-11 17:58:01.820 W/MountService(  374): getVolumeState(/mnt/emmc): Unknown volume
07-11 17:58:01.820 W/MountService(  374): getVolumeState(/mnt/extSdCard): Unknown volume
07-11 17:58:01.820 W/MountService(  374): getVolumeState(/mnt/sdcard/SD_CARD): Unknown volume
07-11 17:58:01.820 W/MountService(  374): getVolumeState(/mnt/sdcard/extra_sd): Unknown volume
07-11 17:58:01.820 W/MountService(  374): getVolumeState(/mnt/extrasd_bind): Unknown volume
07-11 17:58:01.820 W/MountService(  374): getVolumeState(/mnt/sdcard/ext_sd): Unknown volume
07-11 17:58:01.828 W/MountService(  374): getVolumeState(/storage/extSdCard): Unknown volume
07-11 17:58:01.828 W/MountService(  374): getVolumeState(/storage/sdcard1): Unknown volume
07-11 17:58:01.828 W/MountService(  374): getVolumeState(/mnt/sdcard/external_SD): Unknown volume
07-11 17:58:01.828 W/MountService(  374): getVolumeState(/mnt/sdcard/external_sd): Unknown volume
07-11 17:58:01.922 D/dalvikvm(32313): GC_CONCURRENT freed 402K, 7% free 9436K/10144K, paused 6ms+2ms, total 33ms
07-11 17:58:02.062 W/MountService(  374): getVolumeState(/storage/emulated/0/external_sd): Unknown volume
07-11 17:58:02.062 W/MountService(  374): getVolumeState(/mnt/sdcard-ext): Unknown volume
07-11 17:58:02.062 W/MountService(  374): getVolumeState(/mnt/ext_sdcard): Unknown volume
07-11 17:58:02.062 W/MountService(  374): getVolumeState(/mnt/sdcard2): Unknown volume
07-11 17:58:02.062 W/MountService(  374): getVolumeState(/mnt/emmc): Unknown volume
07-11 17:58:02.062 W/MountService(  374): getVolumeState(/mnt/extSdCard): Unknown volume
07-11 17:58:02.062 W/MountService(  374): getVolumeState(/mnt/sdcard/SD_CARD): Unknown volume
07-11 17:58:02.070 W/MountService(  374): getVolumeState(/mnt/sdcard/extra_sd): Unknown volume
07-11 17:58:02.070 W/MountService(  374): getVolumeState(/mnt/extrasd_bind): Unknown volume
07-11 17:58:02.070 W/MountService(  374): getVolumeState(/mnt/sdcard/ext_sd): Unknown volume
07-11 17:58:02.070 W/MountService(  374): getVolumeState(/storage/extSdCard): Unknown volume
07-11 17:58:02.070 W/MountService(  374): getVolumeState(/storage/sdcard1): Unknown volume
07-11 17:58:02.070 W/MountService(  374): getVolumeState(/mnt/sdcard/external_SD): Unknown volume
07-11 17:58:02.070 W/MountService(  374): getVolumeState(/mnt/sdcard/external_sd): Unknown volume
07-11 17:58:02.094 D/dalvikvm(32313): GC_CONCURRENT freed 451K, 7% free 9478K/10144K, paused 2ms+4ms, total 24ms
07-11 17:58:02.094 D/dalvikvm(32313): WAIT_FOR_CONCURRENT_GC blocked 12ms
07-11 17:58:02.617 D/JOBS    (13555): Thread-4150: load factor check. true = (0 < 1)|| (0 * 3 < 0 + 0). consumer thread: true
07-11 17:58:02.617 D/JOBS    (13555): didn't allow me to die, re-running Thread-4150
07-11 17:58:02.625 D/JOBS    (13555): re-running consumer Thread-4150
07-11 17:58:04.023 D/dalvikvm(12193): GC_CONCURRENT freed 392K, 12% free 9523K/10796K, paused 3ms+2ms, total 28ms
07-11 17:58:30.726 D/dalvikvm(  577): GC_EXPLICIT freed 577K, 7% free 11554K/12348K, paused 5ms+7ms, total 60ms
07-11 17:58:40.758 I/ActivityManager(  374): No longer want com.google.android.music:main (pid 10747): empty for 1805s
07-11 17:58:40.781 W/ActivityManager(  374): Scheduling restart of crashed service com.google.android.music/.playback.MusicPlaybackService in 5000ms
07-11 17:58:45.804 I/ActivityManager(  374): Start proc com.google.android.music:main for service com.google.android.music/.playback.MusicPlaybackService: pid=14884 uid=10041 gids={50041, 3003, 1015, 1028}
07-11 17:58:45.890 I/MusicStore(14884): Database version: 69
07-11 17:58:45.961 D/dalvikvm(14884): GC_CONCURRENT freed 286K, 4% free 9101K/9424K, paused 4ms+3ms, total 38ms
07-11 17:58:46.078 D/SystemUtils(14884): getSystemProperty: lpa.decode=null
07-11 17:58:46.094 D/CacheService(14884): onCreate
07-11 17:58:46.101 D/CacheService(14884): onBind
07-11 17:58:46.125 I/LocalDevicePlayback(14884): Streaming client created.
07-11 17:58:47.156 D/dalvikvm(14601): GC_CONCURRENT freed 210K, 3% free 9098K/9344K, paused 7ms+2ms, total 34ms
07-11 17:58:47.172 D/dalvikvm(14884): GC_CONCURRENT freed 230K, 3% free 9363K/9632K, paused 4ms+3ms, total 28ms
07-11 17:58:47.172 D/dalvikvm(14884): WAIT_FOR_CONCURRENT_GC blocked 7ms
07-11 17:58:47.211 I/MediaStoreImporter(14884): Update: incremental Added music: 0 Updated music: 0 Deleted music: 0 Created playlists: 0 Updated playlists: 0 Deleted playlists: 0 Inserted playlist items: 0 Deleted playlist items: 0 Removed orphaned playlist items: 0
07-11 17:58:51.054 I/MusicLeanback(14884): Conditions not met for autocaching.
07-11 17:58:51.054 I/MusicLeanback(14884): Stop autocaching.
07-11 17:58:54.117 D/GCM     (  647): Ignoring attempt to send heartbeat on dead connection.
07-11 17:59:00.906 D/dalvikvm(  374): GC_EXPLICIT freed 724K, 27% free 23319K/31932K, paused 8ms+10ms, total 122ms
07-11 17:59:01.789 W/MountService(  374): getVolumeState(/storage/emulated/0/external_sd): Unknown volume
07-11 17:59:01.789 W/MountService(  374): getVolumeState(/mnt/sdcard-ext): Unknown volume
07-11 17:59:01.789 W/MountService(  374): getVolumeState(/mnt/ext_sdcard): Unknown volume
07-11 17:59:01.797 W/MountService(  374): getVolumeState(/mnt/sdcard2): Unknown volume
07-11 17:59:01.797 W/MountService(  374): getVolumeState(/mnt/emmc): Unknown volume
07-11 17:59:01.797 W/MountService(  374): getVolumeState(/mnt/extSdCard): Unknown volume
07-11 17:59:01.797 W/MountService(  374): getVolumeState(/mnt/sdcard/SD_CARD): Unknown volume
07-11 17:59:01.797 W/MountService(  374): getVolumeState(/mnt/sdcard/extra_sd): Unknown volume
07-11 17:59:01.804 W/MountService(  374): getVolumeState(/mnt/extrasd_bind): Unknown volume
07-11 17:59:01.804 W/MountService(  374): getVolumeState(/mnt/sdcard/ext_sd): Unknown volume
07-11 17:59:01.804 W/MountService(  374): getVolumeState(/storage/extSdCard): Unknown volume
07-11 17:59:01.804 W/MountService(  374): getVolumeState(/storage/sdcard1): Unknown volume
07-11 17:59:01.804 W/MountService(  374): getVolumeState(/mnt/sdcard/external_SD): Unknown volume
07-11 17:59:01.804 W/MountService(  374): getVolumeState(/mnt/sdcard/external_sd): Unknown volume
07-11 17:59:01.867 D/dalvikvm(32313): GC_CONCURRENT freed 432K, 7% free 9479K/10144K, paused 4ms+4ms, total 40ms
07-11 17:59:01.867 D/dalvikvm(32313): WAIT_FOR_CONCURRENT_GC blocked 23ms
07-11 17:59:01.937 D/PushService(13555): [null:-1]->receiver action :com.pekall.mdm.action.PUSH_ALARM
07-11 17:59:01.945 D/PushService(13555): [null:-1]->keepAliveWithPushServer client is opened:true
07-11 17:59:01.945 D/PushLib : (13555): [null:-1]->ping!!!!!!!!!
07-11 17:59:01.945 D/PushLib : (13555): [null:-1]->pushClient is :not null
07-11 17:59:01.945 D/PushLib : (13555): [null:-1]->pushClient opened : opened
07-11 17:59:02.039 D/dalvikvm(32313): GC_CONCURRENT freed 509K, 7% free 9490K/10144K, paused 3ms+5ms, total 32ms
07-11 17:59:02.039 W/MountService(  374): getVolumeState(/storage/emulated/0/external_sd): Unknown volume
07-11 17:59:02.039 W/MountService(  374): getVolumeState(/mnt/sdcard-ext): Unknown volume
07-11 17:59:02.039 W/MountService(  374): getVolumeState(/mnt/ext_sdcard): Unknown volume
07-11 17:59:02.039 W/MountService(  374): getVolumeState(/mnt/sdcard2): Unknown volume
07-11 17:59:02.047 W/MountService(  374): getVolumeState(/mnt/emmc): Unknown volume
07-11 17:59:02.047 W/MountService(  374): getVolumeState(/mnt/extSdCard): Unknown volume
07-11 17:59:02.047 W/MountService(  374): getVolumeState(/mnt/sdcard/SD_CARD): Unknown volume
07-11 17:59:02.047 W/MountService(  374): getVolumeState(/mnt/sdcard/extra_sd): Unknown volume
07-11 17:59:02.047 W/MountService(  374): getVolumeState(/mnt/extrasd_bind): Unknown volume
07-11 17:59:02.047 W/MountService(  374): getVolumeState(/mnt/sdcard/ext_sd): Unknown volume
07-11 17:59:02.047 W/MountService(  374): getVolumeState(/storage/extSdCard): Unknown volume
07-11 17:59:02.047 W/MountService(  374): getVolumeState(/storage/sdcard1): Unknown volume
07-11 17:59:02.047 W/MountService(  374): getVolumeState(/mnt/sdcard/external_SD): Unknown volume
07-11 17:59:02.054 W/MountService(  374): getVolumeState(/mnt/sdcard/external_sd): Unknown volume
07-11 17:59:06.969 D/PushLib : (13555): [null:-1]->MSG_WEBSOCKET_PONG
07-11 17:59:13.570 D/dalvikvm(12151): GC_FOR_ALLOC freed 365K, 6% free 9688K/10224K, paused 29ms, total 29ms
07-11 17:59:15.211 D/dalvikvm(32313): GC_FOR_ALLOC freed 479K, 8% free 9400K/10144K, paused 35ms, total 36ms
07-11 17:59:15.234 D/dalvikvm(32313): GC_CONCURRENT freed 5K, 8% free 9405K/10144K, paused 3ms+3ms, total 24ms
07-11 17:59:52.000 W/System.err( 5790): java.io.FileNotFoundException: /data/data/com.mgyapp.android/files/.cfpaps.i: open failed: ENOENT (No such file or directory)
07-11 17:59:52.000 W/System.err( 5790): 	at libcore.io.IoBridge.open(IoBridge.java:409)
07-11 17:59:52.000 W/System.err( 5790): 	at java.io.FileInputStream.<init>(FileInputStream.java:78)
07-11 17:59:52.000 W/System.err( 5790): 	at android.app.ContextImpl.openFileInput(ContextImpl.java:702)
07-11 17:59:52.000 W/System.err( 5790): 	at android.content.ContextWrapper.openFileInput(ContextWrapper.java:173)
07-11 17:59:52.000 W/System.err( 5790): 	at com.mgyun.shua.jc.service.f.run(Unknown Source)
07-11 17:59:52.000 W/System.err( 5790): 	at com.mgyun.shua.jc.service.CpWorkServer.onHandleIntent(Unknown Source)
07-11 17:59:52.000 W/System.err( 5790): 	at android.app.IntentService$ServiceHandler.handleMessage(IntentService.java:65)
07-11 17:59:52.000 W/System.err( 5790): 	at android.os.Handler.dispatchMessage(Handler.java:99)
07-11 17:59:52.000 W/System.err( 5790): 	at android.os.Looper.loop(Looper.java:137)
07-11 17:59:52.000 W/System.err( 5790): 	at android.os.HandlerThread.run(HandlerThread.java:61)
07-11 17:59:52.000 W/System.err( 5790): Caused by: libcore.io.ErrnoException: open failed: ENOENT (No such file or directory)
07-11 17:59:52.000 W/System.err( 5790): 	at libcore.io.Posix.open(Native Method)
07-11 17:59:52.008 W/System.err( 5790): 	at libcore.io.BlockGuardOs.open(BlockGuardOs.java:110)
07-11 17:59:52.008 W/System.err( 5790): 	at libcore.io.IoBridge.open(IoBridge.java:393)
07-11 17:59:52.008 W/System.err( 5790): 	... 9 more
07-11 18:00:01.273 V/DigitalWidgetViewsFactory( 5680): DigitalWidget sets next alarm string to null
07-11 18:00:01.804 W/MountService(  374): getVolumeState(/storage/emulated/0/external_sd): Unknown volume
07-11 18:00:01.804 W/MountService(  374): getVolumeState(/mnt/sdcard-ext): Unknown volume
07-11 18:00:01.804 W/MountService(  374): getVolumeState(/mnt/ext_sdcard): Unknown volume
07-11 18:00:01.804 W/MountService(  374): getVolumeState(/mnt/sdcard2): Unknown volume
07-11 18:00:01.812 W/MountService(  374): getVolumeState(/mnt/emmc): Unknown volume
07-11 18:00:01.812 W/MountService(  374): getVolumeState(/mnt/extSdCard): Unknown volume
07-11 18:00:01.812 W/MountService(  374): getVolumeState(/mnt/sdcard/SD_CARD): Unknown volume
07-11 18:00:01.812 W/MountService(  374): getVolumeState(/mnt/sdcard/extra_sd): Unknown volume
07-11 18:00:01.812 W/MountService(  374): getVolumeState(/mnt/extrasd_bind): Unknown volume
07-11 18:00:01.820 W/MountService(  374): getVolumeState(/mnt/sdcard/ext_sd): Unknown volume
07-11 18:00:01.820 W/MountService(  374): getVolumeState(/storage/extSdCard): Unknown volume
07-11 18:00:01.820 W/MountService(  374): getVolumeState(/storage/sdcard1): Unknown volume
07-11 18:00:01.820 W/MountService(  374): getVolumeState(/mnt/sdcard/external_SD): Unknown volume
07-11 18:00:01.820 W/MountService(  374): getVolumeState(/mnt/sdcard/external_sd): Unknown volume
07-11 18:00:01.906 D/dalvikvm(32313): GC_CONCURRENT freed 309K, 6% free 9554K/10144K, paused 4ms+3ms, total 35ms
07-11 18:00:02.047 W/MountService(  374): getVolumeState(/storage/emulated/0/external_sd): Unknown volume
07-11 18:00:02.047 W/MountService(  374): getVolumeState(/mnt/sdcard-ext): Unknown volume
07-11 18:00:02.047 W/MountService(  374): getVolumeState(/mnt/ext_sdcard): Unknown volume
07-11 18:00:02.047 W/MountService(  374): getVolumeState(/mnt/sdcard2): Unknown volume
07-11 18:00:02.047 W/MountService(  374): getVolumeState(/mnt/emmc): Unknown volume
07-11 18:00:02.047 W/MountService(  374): getVolumeState(/mnt/extSdCard): Unknown volume
07-11 18:00:02.047 W/MountService(  374): getVolumeState(/mnt/sdcard/SD_CARD): Unknown volume
07-11 18:00:02.047 W/MountService(  374): getVolumeState(/mnt/sdcard/extra_sd): Unknown volume
07-11 18:00:02.047 W/MountService(  374): getVolumeState(/mnt/extrasd_bind): Unknown volume
07-11 18:00:02.054 W/MountService(  374): getVolumeState(/mnt/sdcard/ext_sd): Unknown volume
07-11 18:00:02.054 W/MountService(  374): getVolumeState(/storage/extSdCard): Unknown volume
07-11 18:00:02.054 W/MountService(  374): getVolumeState(/storage/sdcard1): Unknown volume
07-11 18:00:02.054 W/MountService(  374): getVolumeState(/mnt/sdcard/external_SD): Unknown volume
07-11 18:00:02.054 W/MountService(  374): getVolumeState(/mnt/sdcard/external_sd): Unknown volume
07-11 18:00:02.086 D/dalvikvm(32313): GC_CONCURRENT freed 563K, 7% free 9463K/10164K, paused 3ms+3ms, total 27ms
07-11 18:00:02.086 D/dalvikvm(32313): WAIT_FOR_CONCURRENT_GC blocked 14ms
07-11 18:00:02.625 D/JOBS    (13555): Thread-4150: load factor check. true = (0 < 1)|| (0 * 3 < 0 + 0). consumer thread: true
07-11 18:00:02.625 D/JOBS    (13555): didn't allow me to die, re-running Thread-4150
07-11 18:00:02.625 D/JOBS    (13555): re-running consumer Thread-4150
07-11 18:00:27.203 D/MdmService( 3259): [null:-1]->receiver action :com.pekall.mdm.action.MDM_ALARM
07-11 18:00:27.211 D/MdmStatusManager( 3259): [null:-1]->change status to : Busy
07-11 18:00:27.211 D/DB      ( 3259): query: SQLiteQuery: SELECT content, command_status, status FROM command WHERE status!=2
07-11 18:00:27.211 D/DB      ( 3259): factory null
07-11 18:00:27.211 D/DB      ( 3259): fillWindow: 0
07-11 18:00:27.219 D/DB      ( 3259): cursor 0
07-11 18:00:27.219 D/DB      ( 3259): moveToPos: 0
07-11 18:00:27.219 I/TransInfo( 3259): TransInfo created, id: 3, class: class com.pekall.emdm.transaction.b.c
07-11 18:00:27.219 D/NetworkThread( 3259): [null:-1]->----isRunning-----true
07-11 18:00:27.219 D/NetworkThread( 3259): [null:-1]->----isRunning-----true
07-11 18:00:27.219 D/NetworkThread( 3259): [null:-1]->thread wakeup
07-11 18:00:27.219 D/HttpClient( 3259): enable apache.http debug
07-11 18:00:27.226 V/DEBUG   ( 3259): HTTP 0
07-11 18:00:27.406 V/DEBUG   ( 3259): HTTP 1
07-11 18:00:27.414 D/NetworkThread( 3259): [null:-1]->queue is empty, thread wait...
07-11 18:00:27.515 D/MdmService( 3259): [null:-1]->handleCheckInResult
07-11 18:00:27.515 D/MdmService( 3259): [null:-1]->handleCheckInResult result keyIndex: 3
07-11 18:00:27.515 D/HandleCommandTask( 3259): [null:-1]->execute command msg but beanBase is null
07-11 18:00:27.515 D/MdmStatusManager( 3259): [null:-1]->change status to : Idle
07-11 18:00:32.250 D/dalvikvm( 4918): GC_CONCURRENT freed 387K, 5% free 9870K/10316K, paused 3ms+2ms, total 28ms
07-11 18:01:01.820 W/MountService(  374): getVolumeState(/storage/emulated/0/external_sd): Unknown volume
07-11 18:01:01.820 W/MountService(  374): getVolumeState(/mnt/sdcard-ext): Unknown volume
07-11 18:01:01.820 W/MountService(  374): getVolumeState(/mnt/ext_sdcard): Unknown volume
07-11 18:01:01.828 W/MountService(  374): getVolumeState(/mnt/sdcard2): Unknown volume
07-11 18:01:01.828 W/MountService(  374): getVolumeState(/mnt/emmc): Unknown volume
07-11 18:01:01.828 W/MountService(  374): getVolumeState(/mnt/extSdCard): Unknown volume
07-11 18:01:01.828 W/MountService(  374): getVolumeState(/mnt/sdcard/SD_CARD): Unknown volume
07-11 18:01:01.828 W/MountService(  374): getVolumeState(/mnt/sdcard/extra_sd): Unknown volume
07-11 18:01:01.828 W/MountService(  374): getVolumeState(/mnt/extrasd_bind): Unknown volume
07-11 18:01:01.828 W/MountService(  374): getVolumeState(/mnt/sdcard/ext_sd): Unknown volume
07-11 18:01:01.828 W/MountService(  374): getVolumeState(/storage/extSdCard): Unknown volume
07-11 18:01:01.828 W/MountService(  374): getVolumeState(/storage/sdcard1): Unknown volume
07-11 18:01:01.828 W/MountService(  374): getVolumeState(/mnt/sdcard/external_SD): Unknown volume
07-11 18:01:01.836 W/MountService(  374): getVolumeState(/mnt/sdcard/external_sd): Unknown volume
07-11 18:01:01.875 D/dalvikvm(32313): GC_CONCURRENT freed 467K, 8% free 9407K/10160K, paused 3ms+3ms, total 36ms
07-11 18:01:01.875 D/dalvikvm(32313): WAIT_FOR_CONCURRENT_GC blocked 10ms
07-11 18:01:02.039 W/MountService(  374): getVolumeState(/storage/emulated/0/external_sd): Unknown volume
07-11 18:01:02.039 W/MountService(  374): getVolumeState(/mnt/sdcard-ext): Unknown volume
07-11 18:01:02.039 W/MountService(  374): getVolumeState(/mnt/ext_sdcard): Unknown volume
07-11 18:01:02.039 W/MountService(  374): getVolumeState(/mnt/sdcard2): Unknown volume
07-11 18:01:02.039 W/MountService(  374): getVolumeState(/mnt/emmc): Unknown volume
07-11 18:01:02.039 W/MountService(  374): getVolumeState(/mnt/extSdCard): Unknown volume
07-11 18:01:02.039 W/MountService(  374): getVolumeState(/mnt/sdcard/SD_CARD): Unknown volume
07-11 18:01:02.047 W/MountService(  374): getVolumeState(/mnt/sdcard/extra_sd): Unknown volume
07-11 18:01:02.047 W/MountService(  374): getVolumeState(/mnt/extrasd_bind): Unknown volume
07-11 18:01:02.047 W/MountService(  374): getVolumeState(/mnt/sdcard/ext_sd): Unknown volume
07-11 18:01:02.047 W/MountService(  374): getVolumeState(/storage/extSdCard): Unknown volume
07-11 18:01:02.047 W/MountService(  374): getVolumeState(/storage/sdcard1): Unknown volume
07-11 18:01:02.047 W/MountService(  374): getVolumeState(/mnt/sdcard/external_SD): Unknown volume
07-11 18:01:02.054 W/MountService(  374): getVolumeState(/mnt/sdcard/external_sd): Unknown volume
07-11 18:01:02.062 D/dalvikvm(32313): GC_CONCURRENT freed 447K, 7% free 9472K/10160K, paused 4ms+3ms, total 38ms
07-11 18:01:02.062 D/dalvikvm(32313): WAIT_FOR_CONCURRENT_GC blocked 15ms
07-11 18:01:02.062 D/dalvikvm(32313): WAIT_FOR_CONCURRENT_GC blocked 10ms
07-11 18:01:15.203 D/dalvikvm(32313): GC_FOR_ALLOC freed 460K, 8% free 9389K/10144K, paused 37ms, total 37ms
07-11 18:01:35.851 W/SystemClock(  565): time going backwards: prev 116671527251888(ioctl) vs now 116671525787045(ioctl), tid=854
07-11 18:01:40.984 W/SystemClock(  565): time going backwards: prev 116676657622976(ioctl) vs now 116676657592458(ioctl), tid=854
07-11 18:02:00.000 I/ActivityManager(  374): No longer want com.qihoo.appstore (pid 4918): empty for 3975s
07-11 18:02:00.023 W/ActivityManager(  374): Scheduling restart of crashed service com.qihoo.appstore/.express.DownloadCoreService in 5000ms
07-11 18:02:01.828 W/MountService(  374): getVolumeState(/storage/emulated/0/external_sd): Unknown volume
07-11 18:02:01.828 W/MountService(  374): getVolumeState(/mnt/sdcard-ext): Unknown volume
07-11 18:02:01.828 W/MountService(  374): getVolumeState(/mnt/ext_sdcard): Unknown volume
07-11 18:02:01.828 W/MountService(  374): getVolumeState(/mnt/sdcard2): Unknown volume
07-11 18:02:01.828 W/MountService(  374): getVolumeState(/mnt/emmc): Unknown volume
07-11 18:02:01.828 W/MountService(  374): getVolumeState(/mnt/extSdCard): Unknown volume
07-11 18:02:01.828 W/MountService(  374): getVolumeState(/mnt/sdcard/SD_CARD): Unknown volume
07-11 18:02:01.836 W/MountService(  374): getVolumeState(/mnt/sdcard/extra_sd): Unknown volume
07-11 18:02:01.836 W/MountService(  374): getVolumeState(/mnt/extrasd_bind): Unknown volume
07-11 18:02:01.836 W/MountService(  374): getVolumeState(/mnt/sdcard/ext_sd): Unknown volume
07-11 18:02:01.836 W/MountService(  374): getVolumeState(/storage/extSdCard): Unknown volume
07-11 18:02:01.836 W/MountService(  374): getVolumeState(/storage/sdcard1): Unknown volume
07-11 18:02:01.836 W/MountService(  374): getVolumeState(/mnt/sdcard/external_SD): Unknown volume
07-11 18:02:01.836 W/MountService(  374): getVolumeState(/mnt/sdcard/external_sd): Unknown volume
07-11 18:02:01.914 D/dalvikvm(32313): GC_CONCURRENT freed 359K, 6% free 9542K/10144K, paused 3ms+3ms, total 24ms
07-11 18:02:01.914 D/dalvikvm(32313): WAIT_FOR_CONCURRENT_GC blocked 13ms
07-11 18:02:02.078 W/MountService(  374): getVolumeState(/storage/emulated/0/external_sd): Unknown volume
07-11 18:02:02.078 W/MountService(  374): getVolumeState(/mnt/sdcard-ext): Unknown volume
07-11 18:02:02.078 W/MountService(  374): getVolumeState(/mnt/ext_sdcard): Unknown volume
07-11 18:02:02.078 W/MountService(  374): getVolumeState(/mnt/sdcard2): Unknown volume
07-11 18:02:02.078 W/MountService(  374): getVolumeState(/mnt/emmc): Unknown volume
07-11 18:02:02.086 W/MountService(  374): getVolumeState(/mnt/extSdCard): Unknown volume
07-11 18:02:02.086 W/MountService(  374): getVolumeState(/mnt/sdcard/SD_CARD): Unknown volume
07-11 18:02:02.086 W/MountService(  374): getVolumeState(/mnt/sdcard/extra_sd): Unknown volume
07-11 18:02:02.086 W/MountService(  374): getVolumeState(/mnt/extrasd_bind): Unknown volume
07-11 18:02:02.086 W/MountService(  374): getVolumeState(/mnt/sdcard/ext_sd): Unknown volume
07-11 18:02:02.086 W/MountService(  374): getVolumeState(/storage/extSdCard): Unknown volume
07-11 18:02:02.086 W/MountService(  374): getVolumeState(/storage/sdcard1): Unknown volume
07-11 18:02:02.094 W/MountService(  374): getVolumeState(/mnt/sdcard/external_SD): Unknown volume
07-11 18:02:02.094 W/MountService(  374): getVolumeState(/mnt/sdcard/external_sd): Unknown volume
07-11 18:02:02.117 D/dalvikvm(32313): GC_CONCURRENT freed 602K, 7% free 9435K/10144K, paused 4ms+3ms, total 26ms
07-11 18:02:02.117 D/dalvikvm(32313): WAIT_FOR_CONCURRENT_GC blocked 5ms
07-11 18:02:02.633 D/JOBS    (13555): Thread-4150: load factor check. true = (0 < 1)|| (0 * 3 < 0 + 0). consumer thread: true
07-11 18:02:02.633 D/JOBS    (13555): didn't allow me to die, re-running Thread-4150
07-11 18:02:02.633 D/JOBS    (13555): re-running consumer Thread-4150
07-11 18:02:25.726 D/dalvikvm(  374): GC_EXPLICIT freed 1014K, 28% free 23302K/31932K, paused 4ms+11ms, total 116ms
07-11 18:03:01.851 W/MountService(  374): getVolumeState(/storage/emulated/0/external_sd): Unknown volume
07-11 18:03:01.851 W/MountService(  374): getVolumeState(/mnt/sdcard-ext): Unknown volume
07-11 18:03:01.851 W/MountService(  374): getVolumeState(/mnt/ext_sdcard): Unknown volume
07-11 18:03:01.851 W/MountService(  374): getVolumeState(/mnt/sdcard2): Unknown volume
07-11 18:03:01.851 W/MountService(  374): getVolumeState(/mnt/emmc): Unknown volume
07-11 18:03:01.851 W/MountService(  374): getVolumeState(/mnt/extSdCard): Unknown volume
07-11 18:03:01.851 W/MountService(  374): getVolumeState(/mnt/sdcard/SD_CARD): Unknown volume
07-11 18:03:01.859 W/MountService(  374): getVolumeState(/mnt/sdcard/extra_sd): Unknown volume
07-11 18:03:01.859 W/MountService(  374): getVolumeState(/mnt/extrasd_bind): Unknown volume
07-11 18:03:01.859 W/MountService(  374): getVolumeState(/mnt/sdcard/ext_sd): Unknown volume
07-11 18:03:01.859 W/MountService(  374): getVolumeState(/storage/extSdCard): Unknown volume
07-11 18:03:01.859 W/MountService(  374): getVolumeState(/storage/sdcard1): Unknown volume
07-11 18:03:01.859 W/MountService(  374): getVolumeState(/mnt/sdcard/external_SD): Unknown volume
07-11 18:03:01.859 W/MountService(  374): getVolumeState(/mnt/sdcard/external_sd): Unknown volume
07-11 18:03:01.922 D/dalvikvm(32313): GC_CONCURRENT freed 402K, 7% free 9526K/10144K, paused 5ms+3ms, total 42ms
07-11 18:03:01.922 D/dalvikvm(32313): WAIT_FOR_CONCURRENT_GC blocked 21ms
07-11 18:03:01.984 D/dalvikvm(12351): GC_CONCURRENT freed 386K, 5% free 9407K/9828K, paused 3ms+4ms, total 48ms
07-11 18:03:02.109 W/MountService(  374): getVolumeState(/storage/emulated/0/external_sd): Unknown volume
07-11 18:03:02.109 W/MountService(  374): getVolumeState(/mnt/sdcard-ext): Unknown volume
07-11 18:03:02.109 W/MountService(  374): getVolumeState(/mnt/ext_sdcard): Unknown volume
07-11 18:03:02.109 W/MountService(  374): getVolumeState(/mnt/sdcard2): Unknown volume
07-11 18:03:02.109 W/MountService(  374): getVolumeState(/mnt/emmc): Unknown volume
