07-11 18:42:04.851 W/MountService(  374): getVolumeState(/mnt/sdcard/ext_sd): Unknown volume
07-11 18:42:04.851 W/MountService(  374): getVolumeState(/storage/extSdCard): Unknown volume
07-11 18:42:04.859 W/MountService(  374): getVolumeState(/storage/sdcard1): Unknown volume
07-11 18:42:04.859 W/MountService(  374): getVolumeState(/mnt/sdcard/external_SD): Unknown volume
07-11 18:42:04.859 W/MountService(  374): getVolumeState(/mnt/sdcard/external_sd): Unknown volume
07-11 18:42:04.898 D/dalvikvm(32313): GC_CONCURRENT freed 389K, 7% free 9468K/10144K, paused 2ms+4ms, total 36ms
07-11 18:42:04.898 D/dalvikvm(32313): WAIT_FOR_CONCURRENT_GC blocked 6ms
07-11 18:42:05.062 D/dalvikvm(  374): GC_EXPLICIT freed 792K, 27% free 23324K/31932K, paused 4ms+11ms, total 114ms
07-11 18:42:05.187 W/MountService(  374): getVolumeState(/storage/emulated/0/external_sd): Unknown volume
07-11 18:42:05.187 W/MountService(  374): getVolumeState(/mnt/sdcard-ext): Unknown volume
07-11 18:42:05.187 W/MountService(  374): getVolumeState(/mnt/ext_sdcard): Unknown volume
07-11 18:42:05.187 W/MountService(  374): getVolumeState(/mnt/sdcard2): Unknown volume
07-11 18:42:05.187 W/MountService(  374): getVolumeState(/mnt/emmc): Unknown volume
07-11 18:42:05.187 W/MountService(  374): getVolumeState(/mnt/extSdCard): Unknown volume
07-11 18:42:05.195 W/MountService(  374): getVolumeState(/mnt/sdcard/SD_CARD): Unknown volume
07-11 18:42:05.195 W/MountService(  374): getVolumeState(/mnt/sdcard/extra_sd): Unknown volume
07-11 18:42:05.195 W/MountService(  374): getVolumeState(/mnt/extrasd_bind): Unknown volume
07-11 18:42:05.195 W/MountService(  374): getVolumeState(/mnt/sdcard/ext_sd): Unknown volume
07-11 18:42:05.195 W/MountService(  374): getVolumeState(/storage/extSdCard): Unknown volume
07-11 18:42:05.195 W/MountService(  374): getVolumeState(/storage/sdcard1): Unknown volume
07-11 18:42:05.195 W/MountService(  374): getVolumeState(/mnt/sdcard/external_SD): Unknown volume
07-11 18:42:05.203 W/MountService(  374): getVolumeState(/mnt/sdcard/external_sd): Unknown volume
07-11 18:42:05.211 D/dalvikvm(32313): GC_CONCURRENT freed 496K, 7% free 9481K/10144K, paused 4ms+3ms, total 37ms
07-11 18:42:05.211 D/dalvikvm(32313): WAIT_FOR_CONCURRENT_GC blocked 14ms
07-11 18:42:05.211 D/dalvikvm(32313): WAIT_FOR_CONCURRENT_GC blocked 10ms
07-11 18:42:05.320 D/dalvikvm(32313): GC_FOR_ALLOC freed 398K, 8% free 9392K/10144K, paused 32ms, total 32ms
07-11 18:42:13.211 D/JOBS    (17631): Thread-4192: load factor check. true = (0 < 1)|| (0 * 3 < 0 + 0). consumer thread: true
07-11 18:42:13.211 D/JOBS    (17631): didn't allow me to die, re-running Thread-4192
07-11 18:42:13.211 D/JOBS    (17631): re-running consumer Thread-4192
07-11 18:42:27.195 D/MdmService( 3259): [null:-1]->receiver action :com.pekall.mdm.action.MDM_ALARM
07-11 18:42:27.195 D/MdmService( 3259): [null:-1]->keepAliveWithPushServer client is opened:true
07-11 18:42:27.203 D/MDM :   ( 3259): [null:-1]->ping!!!!!!!!!
07-11 18:42:27.211 D/MdmService( 3259): [null:-1]->pushUrl : ws://192.168.10.91:9070/websocket
07-11 18:42:27.211 D/MDM :   ( 3259): [null:-1]->mMdmPushClient is :not null
07-11 18:42:27.211 D/MDM :   ( 3259): [null:-1]->mMdmPushClient opened : opened
07-11 18:42:27.219 D/MDM :   ( 3259): [null:-1]->MSG_WEBSOCKET_PONG
07-11 18:43:05.031 W/MountService(  374): getVolumeState(/storage/emulated/0/external_sd): Unknown volume
07-11 18:43:05.031 W/MountService(  374): getVolumeState(/mnt/sdcard-ext): Unknown volume
07-11 18:43:05.039 W/MountService(  374): getVolumeState(/mnt/ext_sdcard): Unknown volume
07-11 18:43:05.039 W/MountService(  374): getVolumeState(/mnt/sdcard2): Unknown volume
07-11 18:43:05.039 W/MountService(  374): getVolumeState(/mnt/emmc): Unknown volume
07-11 18:43:05.039 W/MountService(  374): getVolumeState(/mnt/extSdCard): Unknown volume
07-11 18:43:05.039 W/MountService(  374): getVolumeState(/mnt/sdcard/SD_CARD): Unknown volume
07-11 18:43:05.039 W/MountService(  374): getVolumeState(/mnt/sdcard/extra_sd): Unknown volume
07-11 18:43:05.039 W/MountService(  374): getVolumeState(/mnt/extrasd_bind): Unknown volume
07-11 18:43:05.039 W/MountService(  374): getVolumeState(/mnt/sdcard/ext_sd): Unknown volume
07-11 18:43:05.047 W/MountService(  374): getVolumeState(/storage/extSdCard): Unknown volume
07-11 18:43:05.047 W/MountService(  374): getVolumeState(/storage/sdcard1): Unknown volume
07-11 18:43:05.047 W/MountService(  374): getVolumeState(/mnt/sdcard/external_SD): Unknown volume
07-11 18:43:05.047 W/MountService(  374): getVolumeState(/mnt/sdcard/external_sd): Unknown volume
07-11 18:43:05.133 D/dalvikvm(32313): GC_CONCURRENT freed 309K, 6% free 9565K/10144K, paused 2ms+4ms, total 37ms
07-11 18:43:05.273 W/MountService(  374): getVolumeState(/storage/emulated/0/external_sd): Unknown volume
07-11 18:43:05.273 W/MountService(  374): getVolumeState(/mnt/sdcard-ext): Unknown volume
07-11 18:43:05.273 W/MountService(  374): getVolumeState(/mnt/ext_sdcard): Unknown volume
07-11 18:43:05.273 W/MountService(  374): getVolumeState(/mnt/sdcard2): Unknown volume
07-11 18:43:05.273 W/MountService(  374): getVolumeState(/mnt/emmc): Unknown volume
07-11 18:43:05.273 W/MountService(  374): getVolumeState(/mnt/extSdCard): Unknown volume
07-11 18:43:05.281 W/MountService(  374): getVolumeState(/mnt/sdcard/SD_CARD): Unknown volume
07-11 18:43:05.281 W/MountService(  374): getVolumeState(/mnt/sdcard/extra_sd): Unknown volume
07-11 18:43:05.281 W/MountService(  374): getVolumeState(/mnt/extrasd_bind): Unknown volume
07-11 18:43:05.281 W/MountService(  374): getVolumeState(/mnt/sdcard/ext_sd): Unknown volume
07-11 18:43:05.281 W/MountService(  374): getVolumeState(/storage/extSdCard): Unknown volume
07-11 18:43:05.289 W/MountService(  374): getVolumeState(/storage/sdcard1): Unknown volume
07-11 18:43:05.289 W/MountService(  374): getVolumeState(/mnt/sdcard/external_SD): Unknown volume
07-11 18:43:05.289 W/MountService(  374): getVolumeState(/mnt/sdcard/external_sd): Unknown volume
07-11 18:43:05.320 D/dalvikvm(32313): GC_CONCURRENT freed 620K, 8% free 9443K/10164K, paused 4ms+3ms, total 31ms
07-11 18:43:05.320 D/dalvikvm(32313): WAIT_FOR_CONCURRENT_GC blocked 5ms
07-11 18:44:03.797 D/dalvikvm(20653): GC_CONCURRENT freed 419K, 6% free 9718K/10256K, paused 5ms+2ms, total 34ms
07-11 18:44:05.273 W/MountService(  374): getVolumeState(/storage/emulated/0/external_sd): Unknown volume
07-11 18:44:05.273 W/MountService(  374): getVolumeState(/mnt/sdcard-ext): Unknown volume
07-11 18:44:05.281 W/MountService(  374): getVolumeState(/mnt/ext_sdcard): Unknown volume
07-11 18:44:05.281 W/MountService(  374): getVolumeState(/mnt/sdcard2): Unknown volume
07-11 18:44:05.281 W/MountService(  374): getVolumeState(/mnt/emmc): Unknown volume
07-11 18:44:05.281 W/MountService(  374): getVolumeState(/mnt/extSdCard): Unknown volume
07-11 18:44:05.281 W/MountService(  374): getVolumeState(/mnt/sdcard/SD_CARD): Unknown volume
07-11 18:44:05.281 W/MountService(  374): getVolumeState(/mnt/sdcard/extra_sd): Unknown volume
07-11 18:44:05.281 W/MountService(  374): getVolumeState(/mnt/extrasd_bind): Unknown volume
07-11 18:44:05.289 W/MountService(  374): getVolumeState(/mnt/sdcard/ext_sd): Unknown volume
07-11 18:44:05.289 W/MountService(  374): getVolumeState(/storage/extSdCard): Unknown volume
07-11 18:44:05.289 W/MountService(  374): getVolumeState(/storage/sdcard1): Unknown volume
07-11 18:44:05.312 D/dalvikvm(32313): GC_FOR_ALLOC freed 404K, 8% free 9431K/10164K, paused 20ms, total 20ms
07-11 18:44:05.312 W/MountService(  374): getVolumeState(/mnt/sdcard/external_SD): Unknown volume
07-11 18:44:05.312 W/MountService(  374): getVolumeState(/mnt/sdcard/external_sd): Unknown volume
07-11 18:44:05.351 D/dalvikvm(32313): GC_CONCURRENT freed 130K, 8% free 9437K/10164K, paused 3ms+5ms, total 40ms
07-11 18:44:05.539 D/dalvikvm(18705): GC_EXPLICIT freed 239K, 3% free 9191K/9468K, paused 2ms+5ms, total 34ms
07-11 18:44:05.539 D/dalvikvm(32313): GC_CONCURRENT freed 458K, 8% free 9435K/10164K, paused 2ms+3ms, total 30ms
07-11 18:44:05.570 W/MountService(  374): getVolumeState(/storage/emulated/0/external_sd): Unknown volume
07-11 18:44:05.570 W/MountService(  374): getVolumeState(/mnt/sdcard-ext): Unknown volume
07-11 18:44:05.570 W/MountService(  374): getVolumeState(/mnt/ext_sdcard): Unknown volume
07-11 18:44:05.570 W/MountService(  374): getVolumeState(/mnt/sdcard2): Unknown volume
07-11 18:44:05.570 W/MountService(  374): getVolumeState(/mnt/emmc): Unknown volume
07-11 18:44:05.570 W/MountService(  374): getVolumeState(/mnt/extSdCard): Unknown volume
07-11 18:44:05.570 W/MountService(  374): getVolumeState(/mnt/sdcard/SD_CARD): Unknown volume
07-11 18:44:05.570 W/MountService(  374): getVolumeState(/mnt/sdcard/extra_sd): Unknown volume
07-11 18:44:05.570 W/MountService(  374): getVolumeState(/mnt/extrasd_bind): Unknown volume
07-11 18:44:05.570 W/MountService(  374): getVolumeState(/mnt/sdcard/ext_sd): Unknown volume
07-11 18:44:05.578 W/MountService(  374): getVolumeState(/storage/extSdCard): Unknown volume
07-11 18:44:05.578 W/MountService(  374): getVolumeState(/storage/sdcard1): Unknown volume
07-11 18:44:05.578 W/MountService(  374): getVolumeState(/mnt/sdcard/external_SD): Unknown volume
07-11 18:44:05.578 W/MountService(  374): getVolumeState(/mnt/sdcard/external_sd): Unknown volume
07-11 18:44:07.508 D/PushService(17631): [null:-1]->receiver action :com.pekall.mdm.action.PUSH_ALARM
07-11 18:44:07.515 D/PushService(17631): [null:-1]->keepAliveWithPushServer client is opened:true
07-11 18:44:07.515 D/PushLib : (17631): [null:-1]->ping!!!!!!!!!
07-11 18:44:07.515 D/PushLib : (17631): [null:-1]->pushClient is :not null
07-11 18:44:07.515 D/PushLib : (17631): [null:-1]->pushClient opened : opened
07-11 18:44:13.219 D/JOBS    (17631): Thread-4192: load factor check. true = (0 < 1)|| (0 * 3 < 0 + 0). consumer thread: true
07-11 18:44:13.219 D/JOBS    (17631): didn't allow me to die, re-running Thread-4192
07-11 18:44:13.219 D/JOBS    (17631): re-running consumer Thread-4192
07-11 18:44:13.883 D/PushLib : (17631): [null:-1]->MSG_WEBSOCKET_PONG
07-11 18:44:14.804 D/dalvikvm(20537): GC_CONCURRENT freed 393K, 12% free 9525K/10812K, paused 3ms+2ms, total 32ms
07-11 18:45:01.344 V/DigitalWidgetViewsFactory( 5680): DigitalWidget sets next alarm string to null
07-11 18:45:03.125 W/System.err( 5790): java.io.FileNotFoundException: /data/data/com.mgyapp.android/files/.cfpaps.i: open failed: ENOENT (No such file or directory)
07-11 18:45:03.125 W/System.err( 5790): 	at libcore.io.IoBridge.open(IoBridge.java:409)
07-11 18:45:03.125 W/System.err( 5790): 	at java.io.FileInputStream.<init>(FileInputStream.java:78)
07-11 18:45:03.125 W/System.err( 5790): 	at android.app.ContextImpl.openFileInput(ContextImpl.java:702)
07-11 18:45:03.125 W/System.err( 5790): 	at android.content.ContextWrapper.openFileInput(ContextWrapper.java:173)
07-11 18:45:03.125 W/System.err( 5790): 	at com.mgyun.shua.jc.service.f.run(Unknown Source)
07-11 18:45:03.125 W/System.err( 5790): 	at com.mgyun.shua.jc.service.CpWorkServer.onHandleIntent(Unknown Source)
07-11 18:45:03.133 W/System.err( 5790): 	at android.app.IntentService$ServiceHandler.handleMessage(IntentService.java:65)
07-11 18:45:03.133 W/System.err( 5790): 	at android.os.Handler.dispatchMessage(Handler.java:99)
07-11 18:45:03.133 W/System.err( 5790): 	at android.os.Looper.loop(Looper.java:137)
07-11 18:45:03.133 W/System.err( 5790): 	at android.os.HandlerThread.run(HandlerThread.java:61)
07-11 18:45:03.133 W/System.err( 5790): Caused by: libcore.io.ErrnoException: open failed: ENOENT (No such file or directory)
07-11 18:45:03.133 W/System.err( 5790): 	at libcore.io.Posix.open(Native Method)
07-11 18:45:03.133 W/System.err( 5790): 	at libcore.io.BlockGuardOs.open(BlockGuardOs.java:110)
07-11 18:45:03.140 W/System.err( 5790): 	at libcore.io.IoBridge.open(IoBridge.java:393)
07-11 18:45:03.140 W/System.err( 5790): 	... 9 more
07-11 18:45:05.375 W/MountService(  374): getVolumeState(/storage/emulated/0/external_sd): Unknown volume
07-11 18:45:05.375 W/MountService(  374): getVolumeState(/mnt/sdcard-ext): Unknown volume
07-11 18:45:05.375 W/MountService(  374): getVolumeState(/mnt/ext_sdcard): Unknown volume
07-11 18:45:05.375 W/MountService(  374): getVolumeState(/mnt/sdcard2): Unknown volume
07-11 18:45:05.383 W/MountService(  374): getVolumeState(/mnt/emmc): Unknown volume
07-11 18:45:05.383 W/MountService(  374): getVolumeState(/mnt/extSdCard): Unknown volume
07-11 18:45:05.383 W/MountService(  374): getVolumeState(/mnt/sdcard/SD_CARD): Unknown volume
07-11 18:45:05.383 W/MountService(  374): getVolumeState(/mnt/sdcard/extra_sd): Unknown volume
07-11 18:45:05.390 W/MountService(  374): getVolumeState(/mnt/extrasd_bind): Unknown volume
07-11 18:45:05.390 W/MountService(  374): getVolumeState(/mnt/sdcard/ext_sd): Unknown volume
07-11 18:45:05.390 W/MountService(  374): getVolumeState(/storage/extSdCard): Unknown volume
07-11 18:45:05.390 W/MountService(  374): getVolumeState(/storage/sdcard1): Unknown volume
07-11 18:45:05.398 D/dalvikvm(32313): GC_CONCURRENT freed 428K, 7% free 9463K/10164K, paused 5ms+3ms, total 35ms
07-11 18:45:05.398 D/dalvikvm(32313): WAIT_FOR_CONCURRENT_GC blocked 18ms
07-11 18:45:05.398 W/MountService(  374): getVolumeState(/mnt/sdcard/external_SD): Unknown volume
07-11 18:45:05.398 W/MountService(  374): getVolumeState(/mnt/sdcard/external_sd): Unknown volume
07-11 18:45:05.594 D/dalvikvm(  374): GC_EXPLICIT freed 973K, 27% free 23333K/31932K, paused 4ms+12ms, total 117ms
07-11 18:45:05.664 D/dalvikvm(32313): GC_CONCURRENT freed 435K, 8% free 9426K/10164K, paused 4ms+3ms, total 32ms
07-11 18:45:05.750 W/MountService(  374): getVolumeState(/storage/emulated/0/external_sd): Unknown volume
07-11 18:45:05.750 W/MountService(  374): getVolumeState(/mnt/sdcard-ext): Unknown volume
07-11 18:45:05.750 W/MountService(  374): getVolumeState(/mnt/ext_sdcard): Unknown volume
07-11 18:45:05.750 W/MountService(  374): getVolumeState(/mnt/sdcard2): Unknown volume
07-11 18:45:05.750 W/MountService(  374): getVolumeState(/mnt/emmc): Unknown volume
07-11 18:45:05.750 W/MountService(  374): getVolumeState(/mnt/extSdCard): Unknown volume
07-11 18:45:05.750 W/MountService(  374): getVolumeState(/mnt/sdcard/SD_CARD): Unknown volume
07-11 18:45:05.758 W/MountService(  374): getVolumeState(/mnt/sdcard/extra_sd): Unknown volume
07-11 18:45:05.758 W/MountService(  374): getVolumeState(/mnt/extrasd_bind): Unknown volume
07-11 18:45:05.758 W/MountService(  374): getVolumeState(/mnt/sdcard/ext_sd): Unknown volume
07-11 18:45:05.758 W/MountService(  374): getVolumeState(/storage/extSdCard): Unknown volume
07-11 18:45:05.758 W/MountService(  374): getVolumeState(/storage/sdcard1): Unknown volume
07-11 18:45:05.758 W/MountService(  374): getVolumeState(/mnt/sdcard/external_SD): Unknown volume
07-11 18:45:05.765 W/MountService(  374): getVolumeState(/mnt/sdcard/external_sd): Unknown volume
07-11 18:45:05.789 D/dalvikvm(32313): GC_CONCURRENT freed 433K, 7% free 9461K/10164K, paused 3ms+2ms, total 26ms
07-11 18:45:24.203 D/dalvikvm(20737): GC_CONCURRENT freed 351K, 4% free 9904K/10292K, paused 2ms+4ms, total 30ms
07-11 18:45:24.250 D/dalvikvm(20737): Trying to load lib /data/app-lib/com.dragon.android.pandaspace-1/libBdMoplusMD5_V1.so 0x42084fd8
07-11 18:45:24.250 D/dalvikvm(20737): Added shared lib /data/app-lib/com.dragon.android.pandaspace-1/libBdMoplusMD5_V1.so 0x42084fd8
07-11 18:45:24.250 D/dalvikvm(20737): No JNI_OnLoad found in /data/app-lib/com.dragon.android.pandaspace-1/libBdMoplusMD5_V1.so 0x42084fd8, skipping init
07-11 18:45:24.437 D/dalvikvm(20737): GC_FOR_ALLOC freed 265K, 6% free 9853K/10428K, paused 23ms, total 27ms
07-11 18:45:24.773 D/dalvikvm(20737): GC_FOR_ALLOC freed 164K, 6% free 9848K/10428K, paused 22ms, total 23ms
07-11 18:45:24.961 D/dalvikvm(20737): GC_FOR_ALLOC freed 159K, 6% free 9848K/10428K, paused 23ms, total 23ms
07-11 18:45:25.476 D/dalvikvm(20737): GC_FOR_ALLOC freed 156K, 6% free 9848K/10428K, paused 21ms, total 22ms
07-11 18:45:25.648 D/dalvikvm(20737): GC_FOR_ALLOC freed 151K, 6% free 9849K/10428K, paused 23ms, total 23ms
07-11 18:45:25.797 D/dalvikvm(20737): GC_FOR_ALLOC freed 159K, 6% free 9849K/10428K, paused 23ms, total 24ms
07-11 18:45:25.937 D/dalvikvm(20737): GC_FOR_ALLOC freed 152K, 6% free 9850K/10428K, paused 22ms, total 22ms
07-11 18:45:26.203 D/dalvikvm(20737): GC_FOR_ALLOC freed 158K, 6% free 9850K/10428K, paused 24ms, total 24ms
07-11 18:45:26.344 D/dalvikvm(20737): GC_FOR_ALLOC freed 158K, 6% free 9850K/10428K, paused 23ms, total 23ms
07-11 18:45:26.633 D/dalvikvm(20737): GC_FOR_ALLOC freed 152K, 6% free 9851K/10428K, paused 22ms, total 22ms
07-11 18:45:26.922 D/dalvikvm(20737): GC_FOR_ALLOC freed 152K, 6% free 9851K/10428K, paused 22ms, total 22ms
07-11 18:45:27.195 D/MdmService( 3259): [null:-1]->receiver action :com.pekall.mdm.action.MDM_ALARM
07-11 18:45:27.476 D/dalvikvm(20737): GC_FOR_ALLOC freed 154K, 6% free 9852K/10428K, paused 23ms, total 23ms
07-11 18:45:27.617 D/dalvikvm(20737): GC_FOR_ALLOC freed 147K, 6% free 9852K/10428K, paused 23ms, total 24ms
07-11 18:45:28.203 D/dalvikvm(20737): GC_FOR_ALLOC freed 153K, 6% free 9852K/10428K, paused 26ms, total 26ms
07-11 18:45:28.586 D/dalvikvm(20737): GC_FOR_ALLOC freed 150K, 6% free 9853K/10428K, paused 22ms, total 22ms
07-11 18:45:28.703 D/dalvikvm(20737): GC_FOR_ALLOC freed 152K, 6% free 9853K/10428K, paused 22ms, total 22ms
07-11 18:45:29.109 D/dalvikvm(20737): GC_FOR_ALLOC freed 153K, 6% free 9854K/10428K, paused 23ms, total 23ms
07-11 18:45:29.500 D/dalvikvm(20737): GC_FOR_ALLOC freed 159K, 6% free 9854K/10424K, paused 23ms, total 23ms
07-11 18:45:30.344 D/dalvikvm(20737): GC_FOR_ALLOC freed 152K, 6% free 9854K/10424K, paused 22ms, total 22ms
07-11 18:45:30.890 D/dalvikvm(20737): GC_FOR_ALLOC freed 158K, 6% free 9855K/10424K, paused 22ms, total 22ms
07-11 18:45:31.117 D/dalvikvm(20737): GC_FOR_ALLOC freed 153K, 6% free 9855K/10424K, paused 29ms, total 29ms
07-11 18:45:31.156 W/dalvikvm(20737): VFY: unable to find class referenced in signature (Lcom/baidu/location/LocationClient;)
07-11 18:45:31.156 W/dalvikvm(20737): VFY: unable to find class referenced in signature (Lcom/baidu/location/LocationClient;)
07-11 18:45:31.156 I/dalvikvm(20737): Could not find method com.baidu.location.LocationClient.isStarted, referenced from method com.baidu.android.nebula.util.a.run
07-11 18:45:31.156 W/dalvikvm(20737): VFY: unable to resolve virtual method 7869: Lcom/baidu/location/LocationClient;.isStarted ()Z
07-11 18:45:31.156 D/dalvikvm(20737): VFY: replacing opcode 0x6e at 0x000f
07-11 18:46:05.570 W/MountService(  374): getVolumeState(/storage/emulated/0/external_sd): Unknown volume
07-11 18:46:05.570 W/MountService(  374): getVolumeState(/mnt/sdcard-ext): Unknown volume
07-11 18:46:05.578 W/MountService(  374): getVolumeState(/mnt/ext_sdcard): Unknown volume
07-11 18:46:05.578 W/MountService(  374): getVolumeState(/mnt/sdcard2): Unknown volume
07-11 18:46:05.578 W/MountService(  374): getVolumeState(/mnt/emmc): Unknown volume
07-11 18:46:05.578 W/MountService(  374): getVolumeState(/mnt/extSdCard): Unknown volume
07-11 18:46:05.578 W/MountService(  374): getVolumeState(/mnt/sdcard/SD_CARD): Unknown volume
07-11 18:46:05.578 W/MountService(  374): getVolumeState(/mnt/sdcard/extra_sd): Unknown volume
07-11 18:46:05.586 W/MountService(  374): getVolumeState(/mnt/extrasd_bind): Unknown volume
07-11 18:46:05.586 W/MountService(  374): getVolumeState(/mnt/sdcard/ext_sd): Unknown volume
07-11 18:46:05.586 W/MountService(  374): getVolumeState(/storage/extSdCard): Unknown volume
07-11 18:46:05.586 W/MountService(  374): getVolumeState(/storage/sdcard1): Unknown volume
07-11 18:46:05.586 W/MountService(  374): getVolumeState(/mnt/sdcard/external_SD): Unknown volume
07-11 18:46:05.609 D/dalvikvm(32313): GC_FOR_ALLOC freed 427K, 8% free 9411K/10164K, paused 19ms, total 19ms
07-11 18:46:05.609 W/MountService(  374): getVolumeState(/mnt/sdcard/external_sd): Unknown volume
07-11 18:46:05.797 D/dalvikvm(32313): GC_CONCURRENT freed 425K, 8% free 9437K/10164K, paused 2ms+3ms, total 27ms
07-11 18:46:05.836 W/MountService(  374): getVolumeState(/storage/emulated/0/external_sd): Unknown volume
07-11 18:46:05.836 W/MountService(  374): getVolumeState(/mnt/sdcard-ext): Unknown volume
07-11 18:46:05.836 W/MountService(  374): getVolumeState(/mnt/ext_sdcard): Unknown volume
07-11 18:46:05.836 W/MountService(  374): getVolumeState(/mnt/sdcard2): Unknown volume
07-11 18:46:05.836 W/MountService(  374): getVolumeState(/mnt/emmc): Unknown volume
07-11 18:46:05.844 W/MountService(  374): getVolumeState(/mnt/extSdCard): Unknown volume
07-11 18:46:05.844 W/MountService(  374): getVolumeState(/mnt/sdcard/SD_CARD): Unknown volume
07-11 18:46:05.844 W/MountService(  374): getVolumeState(/mnt/sdcard/extra_sd): Unknown volume
07-11 18:46:05.844 W/MountService(  374): getVolumeState(/mnt/extrasd_bind): Unknown volume
07-11 18:46:05.844 W/MountService(  374): getVolumeState(/mnt/sdcard/ext_sd): Unknown volume
07-11 18:46:05.844 W/MountService(  374): getVolumeState(/storage/extSdCard): Unknown volume
07-11 18:46:05.844 W/MountService(  374): getVolumeState(/storage/sdcard1): Unknown volume
07-11 18:46:05.844 W/MountService(  374): getVolumeState(/mnt/sdcard/external_SD): Unknown volume
07-11 18:46:05.844 W/MountService(  374): getVolumeState(/mnt/sdcard/external_sd): Unknown volume
07-11 18:46:05.898 D/dalvikvm(32313): GC_CONCURRENT freed 430K, 8% free 9421K/10164K, paused 2ms+3ms, total 22ms
07-11 18:46:13.226 D/JOBS    (17631): Thread-4192: load factor check. true = (0 < 1)|| (0 * 3 < 0 + 0). consumer thread: true
07-11 18:46:13.226 D/JOBS    (17631): didn't allow me to die, re-running Thread-4192
07-11 18:46:13.226 D/JOBS    (17631): re-running consumer Thread-4192
07-11 18:46:34.781 D/dalvikvm(  565): GC_CONCURRENT freed 330K, 7% free 10476K/11168K, paused 4ms+4ms, total 49ms
07-11 18:46:58.922 D/GCM     (  647): Ignoring attempt to send heartbeat on dead connection.
07-11 18:47:05.734 W/MountService(  374): getVolumeState(/storage/emulated/0/external_sd): Unknown volume
07-11 18:47:05.734 W/MountService(  374): getVolumeState(/mnt/sdcard-ext): Unknown volume
07-11 18:47:05.742 W/MountService(  374): getVolumeState(/mnt/ext_sdcard): Unknown volume
07-11 18:47:05.742 W/MountService(  374): getVolumeState(/mnt/sdcard2): Unknown volume
07-11 18:47:05.750 W/MountService(  374): getVolumeState(/mnt/emmc): Unknown volume
07-11 18:47:05.750 W/MountService(  374): getVolumeState(/mnt/extSdCard): Unknown volume
07-11 18:47:05.750 W/MountService(  374): getVolumeState(/mnt/sdcard/SD_CARD): Unknown volume
07-11 18:47:05.750 W/MountService(  374): getVolumeState(/mnt/sdcard/extra_sd): Unknown volume
07-11 18:47:05.750 W/MountService(  374): getVolumeState(/mnt/extrasd_bind): Unknown volume
07-11 18:47:05.750 W/MountService(  374): getVolumeState(/mnt/sdcard/ext_sd): Unknown volume
07-11 18:47:05.750 W/MountService(  374): getVolumeState(/storage/extSdCard): Unknown volume
07-11 18:47:05.750 W/MountService(  374): getVolumeState(/storage/sdcard1): Unknown volume
07-11 18:47:05.750 W/MountService(  374): getVolumeState(/mnt/sdcard/external_SD): Unknown volume
07-11 18:47:05.758 W/MountService(  374): getVolumeState(/mnt/sdcard/external_sd): Unknown volume
07-11 18:47:05.828 D/dalvikvm(32313): GC_CONCURRENT freed 362K, 6% free 9570K/10160K, paused 2ms+4ms, total 26ms
07-11 18:47:05.828 D/dalvikvm(32313): WAIT_FOR_CONCURRENT_GC blocked 13ms
07-11 18:47:05.828 D/dalvikvm(32313): WAIT_FOR_CONCURRENT_GC blocked 14ms
07-11 18:47:05.890 D/dalvikvm(  577): GC_EXPLICIT freed 644K, 7% free 11549K/12352K, paused 3ms+6ms, total 43ms
07-11 18:47:06.015 W/MountService(  374): getVolumeState(/storage/emulated/0/external_sd): Unknown volume
07-11 18:47:06.015 W/MountService(  374): getVolumeState(/mnt/sdcard-ext): Unknown volume
07-11 18:47:06.015 W/MountService(  374): getVolumeState(/mnt/ext_sdcard): Unknown volume
07-11 18:47:06.023 W/MountService(  374): getVolumeState(/mnt/sdcard2): Unknown volume
07-11 18:47:06.023 W/MountService(  374): getVolumeState(/mnt/emmc): Unknown volume
07-11 18:47:06.023 W/MountService(  374): getVolumeState(/mnt/extSdCard): Unknown volume
07-11 18:47:06.023 W/MountService(  374): getVolumeState(/mnt/sdcard/SD_CARD): Unknown volume
07-11 18:47:06.023 W/MountService(  374): getVolumeState(/mnt/sdcard/extra_sd): Unknown volume
07-11 18:47:06.023 W/MountService(  374): getVolumeState(/mnt/extrasd_bind): Unknown volume
07-11 18:47:06.023 W/MountService(  374): getVolumeState(/mnt/sdcard/ext_sd): Unknown volume
07-11 18:47:06.031 W/MountService(  374): getVolumeState(/storage/extSdCard): Unknown volume
07-11 18:47:06.031 W/MountService(  374): getVolumeState(/storage/sdcard1): Unknown volume
07-11 18:47:06.031 W/MountService(  374): getVolumeState(/mnt/sdcard/external_SD): Unknown volume
07-11 18:47:06.031 W/MountService(  374): getVolumeState(/mnt/sdcard/external_sd): Unknown volume
07-11 18:47:06.062 D/dalvikvm(32313): GC_CONCURRENT freed 632K, 8% free 9439K/10172K, paused 4ms+3ms, total 28ms
07-11 18:47:06.062 D/dalvikvm(32313): WAIT_FOR_CONCURRENT_GC blocked 7ms
07-11 18:48:05.851 W/MountService(  374): getVolumeState(/storage/emulated/0/external_sd): Unknown volume
07-11 18:48:05.851 W/MountService(  374): getVolumeState(/mnt/sdcard-ext): Unknown volume
07-11 18:48:05.851 W/MountService(  374): getVolumeState(/mnt/ext_sdcard): Unknown volume
07-11 18:48:05.851 W/MountService(  374): getVolumeState(/mnt/sdcard2): Unknown volume
07-11 18:48:05.851 W/MountService(  374): getVolumeState(/mnt/emmc): Unknown volume
07-11 18:48:05.851 W/MountService(  374): getVolumeState(/mnt/extSdCard): Unknown volume
07-11 18:48:05.851 W/MountService(  374): getVolumeState(/mnt/sdcard/SD_CARD): Unknown volume
07-11 18:48:05.851 W/MountService(  374): getVolumeState(/mnt/sdcard/extra_sd): Unknown volume
07-11 18:48:05.859 W/MountService(  374): getVolumeState(/mnt/extrasd_bind): Unknown volume
07-11 18:48:05.859 W/MountService(  374): getVolumeState(/mnt/sdcard/ext_sd): Unknown volume
07-11 18:48:05.859 W/MountService(  374): getVolumeState(/storage/extSdCard): Unknown volume
07-11 18:48:05.859 W/MountService(  374): getVolumeState(/storage/sdcard1): Unknown volume
07-11 18:48:05.859 W/MountService(  374): getVolumeState(/mnt/sdcard/external_SD): Unknown volume
07-11 18:48:05.859 W/MountService(  374): getVolumeState(/mnt/sdcard/external_sd): Unknown volume
07-11 18:48:05.875 D/dalvikvm(32313): GC_CONCURRENT freed 386K, 7% free 9464K/10172K, paused 5ms+3ms, total 38ms
07-11 18:48:05.875 D/dalvikvm(32313): WAIT_FOR_CONCURRENT_GC blocked 20ms
07-11 18:48:05.875 D/dalvikvm(32313): WAIT_FOR_CONCURRENT_GC blocked 14ms
07-11 18:48:06.039 D/dalvikvm(32313): GC_CONCURRENT freed 430K, 8% free 9431K/10172K, paused 4ms+4ms, total 42ms
07-11 18:48:06.101 W/MountService(  374): getVolumeState(/storage/emulated/0/external_sd): Unknown volume
07-11 18:48:06.101 W/MountService(  374): getVolumeState(/mnt/sdcard-ext): Unknown volume
07-11 18:48:06.101 W/MountService(  374): getVolumeState(/mnt/ext_sdcard): Unknown volume
07-11 18:48:06.101 W/MountService(  374): getVolumeState(/mnt/sdcard2): Unknown volume
07-11 18:48:06.101 W/MountService(  374): getVolumeState(/mnt/emmc): Unknown volume
07-11 18:48:06.101 W/MountService(  374): getVolumeState(/mnt/extSdCard): Unknown volume
07-11 18:48:06.101 W/MountService(  374): getVolumeState(/mnt/sdcard/SD_CARD): Unknown volume
07-11 18:48:06.101 W/MountService(  374): getVolumeState(/mnt/sdcard/extra_sd): Unknown volume
07-11 18:48:06.101 W/MountService(  374): getVolumeState(/mnt/extrasd_bind): Unknown volume
07-11 18:48:06.101 W/MountService(  374): getVolumeState(/mnt/sdcard/ext_sd): Unknown volume
07-11 18:48:06.109 W/MountService(  374): getVolumeState(/storage/extSdCard): Unknown volume
07-11 18:48:06.109 W/MountService(  374): getVolumeState(/storage/sdcard1): Unknown volume
07-11 18:48:06.109 W/MountService(  374): getVolumeState(/mnt/sdcard/external_SD): Unknown volume
07-11 18:48:06.109 W/MountService(  374): getVolumeState(/mnt/sdcard/external_sd): Unknown volume
07-11 18:48:06.148 D/dalvikvm(32313): GC_CONCURRENT freed 403K, 7% free 9487K/10172K, paused 2ms+5ms, total 28ms
07-11 18:48:13.234 D/JOBS    (17631): Thread-4192: load factor check. true = (0 < 1)|| (0 * 3 < 0 + 0). consumer thread: true
07-11 18:48:13.234 D/JOBS    (17631): didn't allow me to die, re-running Thread-4192
07-11 18:48:13.234 D/JOBS    (17631): re-running consumer Thread-4192
07-11 18:48:19.914 D/dalvikvm(20838): GC_FOR_ALLOC freed 450K, 6% free 9182K/9668K, paused 32ms, total 33ms
07-11 18:48:27.195 D/MdmService( 3259): [null:-1]->receiver action :com.pekall.mdm.action.MDM_ALARM
07-11 18:48:27.203 D/MdmService( 3259): [null:-1]->keepAliveWithPushServer client is opened:true
07-11 18:48:27.203 D/MDM :   ( 3259): [null:-1]->ping!!!!!!!!!
07-11 18:48:27.211 D/MdmService( 3259): [null:-1]->pushUrl : ws://192.168.10.91:9070/websocket
07-11 18:48:27.211 D/MDM :   ( 3259): [null:-1]->mMdmPushClient is :not null
07-11 18:48:27.211 D/MDM :   ( 3259): [null:-1]->mMdmPushClient opened : opened
07-11 18:48:27.219 D/MDM :   ( 3259): [null:-1]->MSG_WEBSOCKET_PONG
07-11 18:48:44.508 D/dalvikvm(  374): GC_EXPLICIT freed 1021K, 27% free 23324K/31932K, paused 8ms+12ms, total 127ms
07-11 18:49:05.961 W/MountService(  374): getVolumeState(/storage/emulated/0/external_sd): Unknown volume
07-11 18:49:05.961 W/MountService(  374): getVolumeState(/mnt/sdcard-ext): Unknown volume
07-11 18:49:05.961 W/MountService(  374): getVolumeState(/mnt/ext_sdcard): Unknown volume
07-11 18:49:05.961 W/MountService(  374): getVolumeState(/mnt/sdcard2): Unknown volume
07-11 18:49:05.961 W/MountService(  374): getVolumeState(/mnt/emmc): Unknown volume
07-11 18:49:05.961 W/MountService(  374): getVolumeState(/mnt/extSdCard): Unknown volume
07-11 18:49:05.969 W/MountService(  374): getVolumeState(/mnt/sdcard/SD_CARD): Unknown volume
07-11 18:49:05.969 W/MountService(  374): getVolumeState(/mnt/sdcard/extra_sd): Unknown volume
07-11 18:49:05.969 W/MountService(  374): getVolumeState(/mnt/extrasd_bind): Unknown volume
07-11 18:49:05.969 W/MountService(  374): getVolumeState(/mnt/sdcard/ext_sd): Unknown volume
07-11 18:49:05.969 W/MountService(  374): getVolumeState(/storage/extSdCard): Unknown volume
07-11 18:49:05.969 W/MountService(  374): getVolumeState(/storage/sdcard1): Unknown volume
07-11 18:49:05.969 W/MountService(  374): getVolumeState(/mnt/sdcard/external_SD): Unknown volume
07-11 18:49:05.976 W/MountService(  374): getVolumeState(/mnt/sdcard/external_sd): Unknown volume
07-11 18:49:06.000 D/dalvikvm(32313): GC_FOR_ALLOC freed 423K, 8% free 9412K/10172K, paused 19ms, total 20ms
07-11 18:49:06.219 D/dalvikvm(32313): GC_CONCURRENT freed 442K, 7% free 9467K/10172K, paused 3ms+3ms, total 34ms
07-11 18:49:06.219 W/MountService(  374): getVolumeState(/storage/emulated/0/external_sd): Unknown volume
07-11 18:49:06.219 W/MountService(  374): getVolumeState(/mnt/sdcard-ext): Unknown volume
07-11 18:49:06.219 W/MountService(  374): getVolumeState(/mnt/ext_sdcard): Unknown volume
07-11 18:49:06.226 W/MountService(  374): getVolumeState(/mnt/sdcard2): Unknown volume
07-11 18:49:06.226 W/MountService(  374): getVolumeState(/mnt/emmc): Unknown volume
07-11 18:49:06.226 W/MountService(  374): getVolumeState(/mnt/extSdCard): Unknown volume
07-11 18:49:06.226 W/MountService(  374): getVolumeState(/mnt/sdcard/SD_CARD): Unknown volume
07-11 18:49:06.226 W/MountService(  374): getVolumeState(/mnt/sdcard/extra_sd): Unknown volume
07-11 18:49:06.226 W/MountService(  374): getVolumeState(/mnt/extrasd_bind): Unknown volume
07-11 18:49:06.226 W/MountService(  374): getVolumeState(/mnt/sdcard/ext_sd): Unknown volume
07-11 18:49:06.226 W/MountService(  374): getVolumeState(/storage/extSdCard): Unknown volume
07-11 18:49:06.226 W/MountService(  374): getVolumeState(/storage/sdcard1): Unknown volume
07-11 18:49:06.226 W/MountService(  374): getVolumeState(/mnt/sdcard/external_SD): Unknown volume
07-11 18:49:06.226 W/MountService(  374): getVolumeState(/mnt/sdcard/external_sd): Unknown volume
07-11 18:49:07.508 D/PushService(17631): [null:-1]->receiver action :com.pekall.mdm.action.PUSH_ALARM
07-11 18:49:07.515 D/PushService(17631): [null:-1]->keepAliveWithPushServer client is opened:true
07-11 18:49:07.515 D/PushLib : (17631): [null:-1]->ping!!!!!!!!!
07-11 18:49:07.515 I/ActivityManager(  374): No longer want com.pekall.nmefc (pid 17631): empty for 1800s
07-11 18:49:07.531 W/ActivityManager(  374): Scheduling restart of crashed service com.pekall.nmefc/com.pekall.lib.push.PushService in 5000ms
07-11 18:49:12.554 I/ActivityManager(  374): Start proc com.pekall.nmefc for service com.pekall.nmefc/com.pekall.lib.push.PushService: pid=21930 uid=10068 gids={50068, 1015, 1028, 3003}
07-11 18:49:12.711 D/dalvikvm(21930): Trying to load lib /data/app-lib/com.pekall.nmefc-1/libBaiduMapSDK_v2_4_0.so 0x4207e418
07-11 18:49:12.711 D/dalvikvm(21930): Added shared lib /data/app-lib/com.pekall.nmefc-1/libBaiduMapSDK_v2_4_0.so 0x4207e418
07-11 18:49:12.758 D/AppCommonMemCache(21930): commonmemcache addr: 1074034260
07-11 18:49:12.812 I/auth info(21930): ak:  ryMGcVcAAGEj0xnPp0vbh8Q4
07-11 18:49:12.812 I/auth info(21930): mcode:  62:30:B6:24:E3:55:96:DC:05:ED:3E:6E:44:83:87:D5:AF:E7:B3:B9;com.pekall.nmefc
07-11 18:49:12.844 D/dalvikvm(21930): GC_CONCURRENT freed 262K, 4% free 9138K/9436K, paused 2ms+3ms, total 28ms
07-11 18:49:12.844 D/dalvikvm(21930): WAIT_FOR_CONCURRENT_GC blocked 25ms
07-11 18:49:12.953 D/PushService(21930): [null:-1]->receiver action :android.net.conn.CONNECTIVITY_CHANGE
07-11 18:49:13.140 D/dalvikvm(21930): GC_CONCURRENT freed 390K, 6% free 9141K/9664K, paused 13ms+2ms, total 34ms
07-11 18:49:13.273 E/baidumapsdk(21930): Authentication Error,status: 102 message: IP/SN/SCODE/REFERER Illegal:
07-11 18:49:24.578 D/dalvikvm(32313): GC_CONCURRENT freed 467K, 8% free 9414K/10172K, paused 8ms+2ms, total 40ms
07-11 18:49:24.578 D/dalvikvm(32313): WAIT_FOR_CONCURRENT_GC blocked 32ms
07-11 18:50:03.125 W/System.err( 5790): java.io.FileNotFoundException: /data/data/com.mgyapp.android/files/.cfpaps.i: open failed: ENOENT (No such file or directory)
07-11 18:50:03.125 W/System.err( 5790): 	at libcore.io.IoBridge.open(IoBridge.java:409)
07-11 18:50:03.125 W/System.err( 5790): 	at java.io.FileInputStream.<init>(FileInputStream.java:78)
07-11 18:50:03.125 W/System.err( 5790): 	at android.app.ContextImpl.openFileInput(ContextImpl.java:702)
07-11 18:50:03.125 W/System.err( 5790): 	at android.content.ContextWrapper.openFileInput(ContextWrapper.java:173)
07-11 18:50:03.125 W/System.err( 5790): 	at com.mgyun.shua.jc.service.f.run(Unknown Source)
07-11 18:50:03.125 W/System.err( 5790): 	at com.mgyun.shua.jc.service.CpWorkServer.onHandleIntent(Unknown Source)
07-11 18:50:03.133 W/System.err( 5790): 	at android.app.IntentService$ServiceHandler.handleMessage(IntentService.java:65)
07-11 18:50:03.133 W/System.err( 5790): 	at android.os.Handler.dispatchMessage(Handler.java:99)
07-11 18:50:03.133 W/System.err( 5790): 	at android.os.Looper.loop(Looper.java:137)
07-11 18:50:03.133 W/System.err( 5790): 	at android.os.HandlerThread.run(HandlerThread.java:61)
07-11 18:50:03.133 W/System.err( 5790): Caused by: libcore.io.ErrnoException: open failed: ENOENT (No such file or directory)
07-11 18:50:03.133 W/System.err( 5790): 	at libcore.io.Posix.open(Native Method)
07-11 18:50:03.133 W/System.err( 5790): 	at libcore.io.BlockGuardOs.open(BlockGuardOs.java:110)
07-11 18:50:03.133 W/System.err( 5790): 	at libcore.io.IoBridge.open(IoBridge.java:393)
07-11 18:50:03.133 W/System.err( 5790): 	... 9 more
07-11 18:50:06.101 W/MountService(  374): getVolumeState(/storage/emulated/0/external_sd): Unknown volume
07-11 18:50:06.109 W/MountService(  374): getVolumeState(/mnt/sdcard-ext): Unknown volume
07-11 18:50:06.109 W/MountService(  374): getVolumeState(/mnt/ext_sdcard): Unknown volume
07-11 18:50:06.109 W/MountService(  374): getVolumeState(/mnt/sdcard2): Unknown volume
07-11 18:50:06.109 W/MountService(  374): getVolumeState(/mnt/emmc): Unknown volume
07-11 18:50:06.109 W/MountService(  374): getVolumeState(/mnt/extSdCard): Unknown volume
07-11 18:50:06.109 W/MountService(  374): getVolumeState(/mnt/sdcard/SD_CARD): Unknown volume
07-11 18:50:06.117 W/MountService(  374): getVolumeState(/mnt/sdcard/extra_sd): Unknown volume
07-11 18:50:06.117 W/MountService(  374): getVolumeState(/mnt/extrasd_bind): Unknown volume
07-11 18:50:06.117 W/MountService(  374): getVolumeState(/mnt/sdcard/ext_sd): Unknown volume
07-11 18:50:06.117 W/MountService(  374): getVolumeState(/storage/extSdCard): Unknown volume
07-11 18:50:06.125 W/MountService(  374): getVolumeState(/storage/sdcard1): Unknown volume
07-11 18:50:06.125 W/MountService(  374): getVolumeState(/mnt/sdcard/external_SD): Unknown volume
07-11 18:50:06.125 W/MountService(  374): getVolumeState(/mnt/sdcard/external_sd): Unknown volume
07-11 18:50:06.187 D/dalvikvm(32313): GC_CONCURRENT freed 368K, 7% free 9558K/10172K, paused 4ms+3ms, total 29ms
07-11 18:50:06.187 D/dalvikvm(32313): WAIT_FOR_CONCURRENT_GC blocked 6ms
07-11 18:50:06.187 D/dalvikvm(32313): WAIT_FOR_CONCURRENT_GC blocked 12ms
07-11 18:50:06.351 W/MountService(  374): getVolumeState(/storage/emulated/0/external_sd): Unknown volume
07-11 18:50:06.351 W/MountService(  374): getVolumeState(/mnt/sdcard-ext): Unknown volume
07-11 18:50:06.351 W/MountService(  374): getVolumeState(/mnt/ext_sdcard): Unknown volume
07-11 18:50:06.351 W/MountService(  374): getVolumeState(/mnt/sdcard2): Unknown volume
07-11 18:50:06.351 W/MountService(  374): getVolumeState(/mnt/emmc): Unknown volume
07-11 18:50:06.351 W/MountService(  374): getVolumeState(/mnt/extSdCard): Unknown volume
07-11 18:50:06.351 W/MountService(  374): getVolumeState(/mnt/sdcard/SD_CARD): Unknown volume
07-11 18:50:06.351 W/MountService(  374): getVolumeState(/mnt/sdcard/extra_sd): Unknown volume
07-11 18:50:06.359 W/MountService(  374): getVolumeState(/mnt/extrasd_bind): Unknown volume
07-11 18:50:06.359 W/MountService(  374): getVolumeState(/mnt/sdcard/ext_sd): Unknown volume
07-11 18:50:06.359 W/MountService(  374): getVolumeState(/storage/extSdCard): Unknown volume
07-11 18:50:06.359 W/MountService(  374): getVolumeState(/storage/sdcard1): Unknown volume
07-11 18:50:06.359 W/MountService(  374): getVolumeState(/mnt/sdcard/external_SD): Unknown volume
07-11 18:50:06.367 W/MountService(  374): getVolumeState(/mnt/sdcard/external_sd): Unknown volume
07-11 18:50:06.390 D/dalvikvm(32313): GC_CONCURRENT freed 621K, 8% free 9448K/10172K, paused 3ms+4ms, total 31ms
07-11 18:50:06.390 D/dalvikvm(32313): WAIT_FOR_CONCURRENT_GC blocked 7ms
07-11 18:51:06.297 W/MountService(  374): getVolumeState(/storage/emulated/0/external_sd): Unknown volume
07-11 18:51:06.304 W/MountService(  374): getVolumeState(/mnt/sdcard-ext): Unknown volume
07-11 18:51:06.304 W/MountService(  374): getVolumeState(/mnt/ext_sdcard): Unknown volume
07-11 18:51:06.312 W/MountService(  374): getVolumeState(/mnt/sdcard2): Unknown volume
07-11 18:51:06.312 W/MountService(  374): getVolumeState(/mnt/emmc): Unknown volume
07-11 18:51:06.312 W/MountService(  374): getVolumeState(/mnt/extSdCard): Unknown volume
07-11 18:51:06.312 W/MountService(  374): getVolumeState(/mnt/sdcard/SD_CARD): Unknown volume
07-11 18:51:06.312 W/MountService(  374): getVolumeState(/mnt/sdcard/extra_sd): Unknown volume
07-11 18:51:06.312 W/MountService(  374): getVolumeState(/mnt/extrasd_bind): Unknown volume
07-11 18:51:06.312 W/MountService(  374): getVolumeState(/mnt/sdcard/ext_sd): Unknown volume
07-11 18:51:06.312 W/MountService(  374): getVolumeState(/storage/extSdCard): Unknown volume
07-11 18:51:06.312 W/MountService(  374): getVolumeState(/storage/sdcard1): Unknown volume
07-11 18:51:06.312 W/MountService(  374): getVolumeState(/mnt/sdcard/external_SD): Unknown volume
07-11 18:51:06.312 W/MountService(  374): getVolumeState(/mnt/sdcard/external_sd): Unknown volume
07-11 18:51:06.367 D/dalvikvm(32313): GC_CONCURRENT freed 409K, 8% free 9440K/10172K, paused 3ms+2ms, total 42ms
07-11 18:51:06.367 D/dalvikvm(32313): WAIT_FOR_CONCURRENT_GC blocked 26ms
07-11 18:51:06.531 D/dalvikvm(32313): GC_CONCURRENT freed 423K, 8% free 9449K/10172K, paused 3ms+3ms, total 26ms
07-11 18:51:06.547 W/MountService(  374): getVolumeState(/storage/emulated/0/external_sd): Unknown volume
07-11 18:51:06.547 W/MountService(  374): getVolumeState(/mnt/sdcard-ext): Unknown volume
07-11 18:51:06.547 W/MountService(  374): getVolumeState(/mnt/ext_sdcard): Unknown volume
07-11 18:51:06.547 W/MountService(  374): getVolumeState(/mnt/sdcard2): Unknown volume
07-11 18:51:06.547 W/MountService(  374): getVolumeState(/mnt/emmc): Unknown volume
07-11 18:51:06.547 W/MountService(  374): getVolumeState(/mnt/extSdCard): Unknown volume
07-11 18:51:06.547 W/MountService(  374): getVolumeState(/mnt/sdcard/SD_CARD): Unknown volume
07-11 18:51:06.554 W/MountService(  374): getVolumeState(/mnt/sdcard/extra_sd): Unknown volume
07-11 18:51:06.554 W/MountService(  374): getVolumeState(/mnt/extrasd_bind): Unknown volume
07-11 18:51:06.554 W/MountService(  374): getVolumeState(/mnt/sdcard/ext_sd): Unknown volume
07-11 18:51:06.554 W/MountService(  374): getVolumeState(/storage/extSdCard): Unknown volume
07-11 18:51:06.554 W/MountService(  374): getVolumeState(/storage/sdcard1): Unknown volume
07-11 18:51:06.554 W/MountService(  374): getVolumeState(/mnt/sdcard/external_SD): Unknown volume
07-11 18:51:06.554 W/MountService(  374): getVolumeState(/mnt/sdcard/external_sd): Unknown volume
07-11 18:51:06.648 D/dalvikvm(32313): GC_CONCURRENT freed 434K, 8% free 9423K/10172K, paused 3ms+2ms, total 24ms
07-11 18:51:27.203 D/MdmService( 3259): [null:-1]->receiver action :com.pekall.mdm.action.MDM_ALARM
07-11 18:51:27.211 D/MdmStatusManager( 3259): [null:-1]->change status to : Busy
07-11 18:51:27.211 D/DB      ( 3259): query: SQLiteQuery: SELECT content, command_status, status FROM command WHERE status!=2
07-11 18:51:27.211 D/DB      ( 3259): factory null
07-11 18:51:27.211 D/DB      ( 3259): fillWindow: 0
07-11 18:51:27.219 D/DB      ( 3259): cursor 0
07-11 18:51:27.219 D/DB      ( 3259): moveToPos: 0
07-11 18:51:27.219 I/TransInfo( 3259): TransInfo created, id: 3, class: class com.pekall.emdm.transaction.b.c
07-11 18:51:27.226 D/NetworkThread( 3259): [null:-1]->----isRunning-----true
07-11 18:51:27.226 D/NetworkThread( 3259): [null:-1]->----isRunning-----true
07-11 18:51:27.226 D/NetworkThread( 3259): [null:-1]->thread wakeup
07-11 18:51:27.250 D/HttpClient( 3259): enable apache.http debug
07-11 18:51:27.258 V/DEBUG   ( 3259): HTTP 0
07-11 18:51:27.523 V/DEBUG   ( 3259): HTTP 1
07-11 18:51:27.531 D/NetworkThread( 3259): [null:-1]->queue is empty, thread wait...
07-11 18:51:27.633 D/MdmService( 3259): [null:-1]->handleCheckInResult
07-11 18:51:27.633 D/MdmService( 3259): [null:-1]->handleCheckInResult result keyIndex: 3
07-11 18:51:27.640 D/HandleCommandTask( 3259): [null:-1]->execute command msg but beanBase is null
07-11 18:51:27.648 D/MdmStatusManager( 3259): [null:-1]->change status to : Idle
07-11 18:52:04.429 D/dalvikvm(18029): GC_FOR_ALLOC freed 241K, 7% free 9134K/9740K, paused 18ms, total 18ms
07-11 18:52:04.617 D/dalvikvm(  374): GC_EXPLICIT freed 1516K, 27% free 23334K/31932K, paused 4ms+11ms, total 119ms
07-11 18:52:04.867 W/dashclock_WeatherExten(18029): Stale or missing last-known location; requesting single coarse location update.
07-11 18:52:06.375 D/dalvikvm(  565): GC_CONCURRENT freed 573K, 7% free 10445K/11168K, paused 2ms+4ms, total 38ms
07-11 18:52:06.375 D/dalvikvm(  565): WAIT_FOR_CONCURRENT_GC blocked 21ms
07-11 18:52:06.375 D/dalvikvm(  565): WAIT_FOR_CONCURRENT_GC blocked 11ms
07-11 18:52:06.383 W/DiskTemporalCache(  565): IOException while writing LRU cache file: open failed: ENOENT (No such file or directory)
07-11 18:52:06.390 W/DiskTemporalCache(  565): IOException while writing LRU cache file: open failed: ENOENT (No such file or directory)
07-11 18:52:06.484 W/MountService(  374): getVolumeState(/storage/emulated/0/external_sd): Unknown volume
07-11 18:52:06.484 W/MountService(  374): getVolumeState(/mnt/sdcard-ext): Unknown volume
07-11 18:52:06.484 W/MountService(  374): getVolumeState(/mnt/ext_sdcard): Unknown volume
07-11 18:52:06.492 W/MountService(  374): getVolumeState(/mnt/sdcard2): Unknown volume
07-11 18:52:06.492 W/MountService(  374): getVolumeState(/mnt/emmc): Unknown volume
07-11 18:52:06.492 W/MountService(  374): getVolumeState(/mnt/extSdCard): Unknown volume
07-11 18:52:06.500 W/MountService(  374): getVolumeState(/mnt/sdcard/SD_CARD): Unknown volume
07-11 18:52:06.500 W/MountService(  374): getVolumeState(/mnt/sdcard/extra_sd): Unknown volume
07-11 18:52:06.500 W/MountService(  374): getVolumeState(/mnt/extrasd_bind): Unknown volume
07-11 18:52:06.500 W/MountService(  374): getVolumeState(/mnt/sdcard/ext_sd): Unknown volume
07-11 18:52:06.500 W/MountService(  374): getVolumeState(/storage/extSdCard): Unknown volume
07-11 18:52:06.500 W/MountService(  374): getVolumeState(/storage/sdcard1): Unknown volume
07-11 18:52:06.508 W/MountService(  374): getVolumeState(/mnt/sdcard/e