07-14 12:59:32.971 W/MountService(  374): getVolumeState(/mnt/sdcard/ext_sd): Unknown volume
07-14 12:59:32.971 W/MountService(  374): getVolumeState(/storage/extSdCard): Unknown volume
07-14 12:59:32.971 W/MountService(  374): getVolumeState(/storage/sdcard1): Unknown volume
07-14 12:59:32.979 W/MountService(  374): getVolumeState(/mnt/sdcard/external_SD): Unknown volume
07-14 12:59:32.979 W/MountService(  374): getVolumeState(/mnt/sdcard/external_sd): Unknown volume
07-14 12:59:33.057 D/dalvikvm( 6152): GC_FOR_ALLOC freed 448K, 7% free 9384K/10072K, paused 20ms, total 21ms
07-14 12:59:37.916 I/ActivityManager(  374): Start proc net.nurik.roman.dashclock for service net.nurik.roman.dashclock/com.google.android.apps.dashclock.DashClockService: pid=10216 uid=10070 gids={50070, 3003, 1028}
07-14 12:59:38.033 D/dalvikvm(10216): GC_CONCURRENT freed 157K, 3% free 9194K/9388K, paused 3ms+2ms, total 29ms
07-14 12:59:38.119 D/dalvikvm( 6579): GC_EXPLICIT freed 284K, 4% free 9121K/9444K, paused 2ms+5ms, total 30ms
07-14 12:59:40.307 D/dalvikvm(10216): GC_CONCURRENT freed 521K, 6% free 9165K/9724K, paused 3ms+2ms, total 24ms
07-14 12:59:40.307 D/dalvikvm(10216): WAIT_FOR_CONCURRENT_GC blocked 7ms
07-14 12:59:47.924 I/ActivityManager(  374): Start proc com.dragon.android.pandaspace:bdservice_v1 for service com.dragon.android.pandaspace/com.baidu.android.moplus.MoPlusService: pid=10236 uid=10081 gids={50081, 1015, 3003, 1006, 1028}
07-14 12:59:47.932 I/dalvikvm(10236): Turning on JNI app bug workarounds for target SDK version 8...
07-14 12:59:47.948 I/ActivityManager(  374): No longer want com.android.defcontainer (pid 2914): empty for 1805s
07-14 12:59:47.948 I/ActivityManager(  374): No longer want com.android.vending (pid 1174): empty for 1805s
07-14 12:59:47.963 W/ActivityManager(  374): Scheduling restart of crashed service com.android.vending/com.google.android.finsky.services.DailyHygiene in 5000ms
07-14 12:59:48.065 D/dalvikvm(10236): Trying to load lib /data/app-lib/com.dragon.android.pandaspace-1/libroot.so 0x4280e170
07-14 12:59:48.065 D/dalvikvm(10236): Added shared lib /data/app-lib/com.dragon.android.pandaspace-1/libroot.so 0x4280e170
07-14 12:59:48.065 I/RootJni (10236): JNI_OnLoad......
07-14 12:59:48.244 D/dalvikvm(10236): GC_CONCURRENT freed 307K, 4% free 9073K/9420K, paused 5ms+3ms, total 48ms
07-14 12:59:48.338 D/dalvikvm(10236): GC_CONCURRENT freed 285K, 4% free 9209K/9536K, paused 3ms+3ms, total 22ms
07-14 12:59:48.424 D/dalvikvm(10236): GC_CONCURRENT freed 270K, 4% free 9443K/9752K, paused 3ms+2ms, total 22ms
07-14 12:59:48.424 D/dalvikvm(10236): WAIT_FOR_CONCURRENT_GC blocked 7ms
07-14 12:59:48.479 D/dalvikvm(10236): GC_CONCURRENT freed 381K, 5% free 9533K/9988K, paused 1ms+2ms, total 20ms
07-14 12:59:48.479 D/dalvikvm(10236): WAIT_FOR_CONCURRENT_GC blocked 12ms
07-14 12:59:48.533 D/dalvikvm(10236): GC_CONCURRENT freed 420K, 5% free 9591K/10080K, paused 1ms+2ms, total 20ms
07-14 12:59:48.533 D/dalvikvm(10236): WAIT_FOR_CONCURRENT_GC blocked 10ms
07-14 12:59:48.565 I/dalvikvm(10236): Failed resolving Lcom/baidu/android/nebula/util/BDLocationManager$BaiduLocationListener; interface 1167 'Lcom/baidu/location/BDLocationListener;'
07-14 12:59:48.565 W/dalvikvm(10236): Link of class 'Lcom/baidu/android/nebula/util/BDLocationManager$BaiduLocationListener;' failed
07-14 12:59:48.565 W/dalvikvm(10236): VFY: unable to find class referenced in signature (Lcom/baidu/location/LocationClient;)
07-14 12:59:48.565 I/dalvikvm(10236): Failed resolving Lcom/baidu/android/nebula/util/BDLocationManager$BaiduLocationListener; interface 1167 'Lcom/baidu/location/BDLocationListener;'
07-14 12:59:48.565 W/dalvikvm(10236): Link of class 'Lcom/baidu/android/nebula/util/BDLocationManager$BaiduLocationListener;' failed
07-14 12:59:48.565 I/dalvikvm(10236): Failed resolving Lcom/baidu/android/nebula/util/BDLocationManager$BaiduLocationListener; interface 1167 'Lcom/baidu/location/BDLocationListener;'
07-14 12:59:48.565 W/dalvikvm(10236): Link of class 'Lcom/baidu/android/nebula/util/BDLocationManager$BaiduLocationListener;' failed
07-14 12:59:48.565 I/dalvikvm(10236): Could not find method com.baidu.location.LocationClient.unRegisterLocationListener, referenced from method com.baidu.android.nebula.util.BDLocationManager.d
07-14 12:59:48.565 W/dalvikvm(10236): VFY: unable to resolve virtual method 7875: Lcom/baidu/location/LocationClient;.unRegisterLocationListener (Lcom/baidu/location/BDLocationListener;)V
07-14 12:59:48.565 D/dalvikvm(10236): VFY: replacing opcode 0x6e at 0x0012
07-14 12:59:48.565 E/dalvikvm(10236): Could not find class 'com.baidu.location.LocationClient', referenced from method com.baidu.android.nebula.util.BDLocationManager.e
07-14 12:59:48.565 W/dalvikvm(10236): VFY: unable to resolve new-instance 1168 (Lcom/baidu/location/LocationClient;) in Lcom/baidu/android/nebula/util/BDLocationManager;
07-14 12:59:48.565 D/dalvikvm(10236): VFY: replacing opcode 0x22 at 0x0000
07-14 12:59:48.565 E/dalvikvm(10236): Could not find class 'com.baidu.location.LocationClientOption', referenced from method com.baidu.android.nebula.util.BDLocationManager.f
07-14 12:59:48.565 W/dalvikvm(10236): VFY: unable to resolve new-instance 1169 (Lcom/baidu/location/LocationClientOption;) in Lcom/baidu/android/nebula/util/BDLocationManager;
07-14 12:59:48.565 D/dalvikvm(10236): VFY: replacing opcode 0x22 at 0x0000
07-14 12:59:48.573 W/dalvikvm(10236): VFY: unable to find class referenced in signature (Lcom/baidu/location/LocationClientOption;)
07-14 12:59:48.573 I/dalvikvm(10236): Could not find method com.baidu.location.LocationClientOption.setOpenGps, referenced from method com.baidu.android.nebula.util.BDLocationManager.a
07-14 12:59:48.573 W/dalvikvm(10236): VFY: unable to resolve virtual method 7879: Lcom/baidu/location/LocationClientOption;.setOpenGps (Z)V
07-14 12:59:48.573 D/dalvikvm(10236): VFY: replacing opcode 0x6e at 0x0009
07-14 12:59:48.573 D/dalvikvm(10236): DexOpt: unable to opt direct call 0x1ebc at 0x04 in Lcom/baidu/android/nebula/util/BDLocationManager;.e
07-14 12:59:48.573 I/dalvikvm(10236): Failed resolving Lcom/baidu/android/nebula/util/BDLocationManager$BaiduLocationListener; interface 1167 'Lcom/baidu/location/BDLocationListener;'
07-14 12:59:48.573 W/dalvikvm(10236): Link of class 'Lcom/baidu/android/nebula/util/BDLocationManager$BaiduLocationListener;' failed
07-14 12:59:48.573 D/dalvikvm(10236): DexOpt: unable to opt direct call 0x1cca at 0x0b in Lcom/baidu/android/nebula/util/BDLocationManager;.e
07-14 12:59:48.573 D/dalvikvm(10236): DexOpt: unable to opt direct call 0x1ec4 at 0x02 in Lcom/baidu/android/nebula/util/BDLocationManager;.f
07-14 12:59:48.627 D/dalvikvm(10236): GC_CONCURRENT freed 733K, 8% free 9358K/10132K, paused 3ms+3ms, total 34ms
07-14 12:59:48.729 D/dalvikvm(10236): GC_CONCURRENT freed 111K, 4% free 9752K/10132K, paused 3ms+3ms, total 36ms
07-14 12:59:54.580 W/BackupManagerService(  374): dataChanged but no participant pkg='com.android.providers.settings' uid=10079
07-14 12:59:54.635 D/dalvikvm(  874): GC_CONCURRENT freed 394K, 17% free 9649K/11548K, paused 4ms+2ms, total 46ms
07-14 13:00:00.143 D/dalvikvm(  374): GC_CONCURRENT freed 2017K, 26% free 20650K/27716K, paused 5ms+13ms, total 120ms
07-14 13:00:01.213 V/DigitalWidgetViewsFactory( 2502): DigitalWidget sets next alarm string to null
07-14 13:00:32.752 W/MountService(  374): getVolumeState(/storage/emulated/0/external_sd): Unknown volume
07-14 13:00:32.760 W/MountService(  374): getVolumeState(/mnt/sdcard-ext): Unknown volume
07-14 13:00:32.760 W/MountService(  374): getVolumeState(/mnt/ext_sdcard): Unknown volume
07-14 13:00:32.760 W/MountService(  374): getVolumeState(/mnt/sdcard2): Unknown volume
07-14 13:00:32.760 W/MountService(  374): getVolumeState(/mnt/emmc): Unknown volume
07-14 13:00:32.760 W/MountService(  374): getVolumeState(/mnt/extSdCard): Unknown volume
07-14 13:00:32.760 W/MountService(  374): getVolumeState(/mnt/sdcard/SD_CARD): Unknown volume
07-14 13:00:32.760 W/MountService(  374): getVolumeState(/mnt/sdcard/extra_sd): Unknown volume
07-14 13:00:32.760 W/MountService(  374): getVolumeState(/mnt/extrasd_bind): Unknown volume
07-14 13:00:32.760 W/MountService(  374): getVolumeState(/mnt/sdcard/ext_sd): Unknown volume
07-14 13:00:32.760 W/MountService(  374): getVolumeState(/storage/extSdCard): Unknown volume
07-14 13:00:32.760 W/MountService(  374): getVolumeState(/storage/sdcard1): Unknown volume
07-14 13:00:32.760 W/MountService(  374): getVolumeState(/mnt/sdcard/external_SD): Unknown volume
07-14 13:00:32.768 W/MountService(  374): getVolumeState(/mnt/sdcard/external_sd): Unknown volume
07-14 13:00:32.846 D/dalvikvm( 6152): GC_CONCURRENT freed 335K, 6% free 9552K/10072K, paused 3ms+5ms, total 28ms
07-14 13:00:32.987 D/dalvikvm( 6412): GC_EXPLICIT freed 250K, 4% free 9194K/9492K, paused 2ms+6ms, total 32ms
07-14 13:00:33.002 W/MountService(  374): getVolumeState(/storage/emulated/0/external_sd): Unknown volume
07-14 13:00:33.002 W/MountService(  374): getVolumeState(/mnt/sdcard-ext): Unknown volume
07-14 13:00:33.002 W/MountService(  374): getVolumeState(/mnt/ext_sdcard): Unknown volume
07-14 13:00:33.002 W/MountService(  374): getVolumeState(/mnt/sdcard2): Unknown volume
07-14 13:00:33.002 W/MountService(  374): getVolumeState(/mnt/emmc): Unknown volume
07-14 13:00:33.010 W/MountService(  374): getVolumeState(/mnt/extSdCard): Unknown volume
07-14 13:00:33.010 W/MountService(  374): getVolumeState(/mnt/sdcard/SD_CARD): Unknown volume
07-14 13:00:33.010 W/MountService(  374): getVolumeState(/mnt/sdcard/extra_sd): Unknown volume
07-14 13:00:33.010 W/MountService(  374): getVolumeState(/mnt/extrasd_bind): Unknown volume
07-14 13:00:33.010 W/MountService(  374): getVolumeState(/mnt/sdcard/ext_sd): Unknown volume
07-14 13:00:33.010 W/MountService(  374): getVolumeState(/storage/extSdCard): Unknown volume
07-14 13:00:33.010 W/MountService(  374): getVolumeState(/storage/sdcard1): Unknown volume
07-14 13:00:33.010 W/MountService(  374): getVolumeState(/mnt/sdcard/external_SD): Unknown volume
07-14 13:00:33.010 W/MountService(  374): getVolumeState(/mnt/sdcard/external_sd): Unknown volume
07-14 13:00:33.041 D/dalvikvm( 6152): GC_CONCURRENT freed 613K, 7% free 9444K/10096K, paused 4ms+4ms, total 27ms
07-14 13:00:33.041 D/dalvikvm( 6152): WAIT_FOR_CONCURRENT_GC blocked 7ms
07-14 13:00:42.612 D/MdmService( 3494): [null:-1]->receiver action :com.pekall.mdm.action.MDM_ALARM
07-14 13:00:42.612 I/TransInfo( 3494): TransInfo created, id: 5, class: class com.pekall.emdm.transaction.b.p
07-14 13:00:42.612 D/NetworkThread( 3494): [null:-1]->----isRunning-----true
07-14 13:00:42.612 D/NetworkThread( 3494): [null:-1]->----isRunning-----true
07-14 13:00:42.619 D/MdmService( 3494): [null:-1]->keepAliveWithPushServer client is opened:true
07-14 13:00:42.619 D/MDM :   ( 3494): [null:-1]->ping!!!!!!!!!
07-14 13:00:42.619 D/NetworkThread( 3494): [null:-1]->thread wakeup
07-14 13:00:42.619 D/HttpClient( 3494): enable apache.http debug
07-14 13:00:42.619 D/MdmService( 3494): [null:-1]->pushUrl : ws://demo.everknow.cn:9030/websocket
07-14 13:00:42.619 D/MDM :   ( 3494): [null:-1]->mMdmPushClient is :not null
07-14 13:00:42.619 D/MDM :   ( 3494): [null:-1]->mMdmPushClient opened : opened
07-14 13:00:42.627 V/DEBUG   ( 3494): HTTP 0
07-14 13:00:42.627 D/MDM :   ( 3494): [null:-1]->MSG_WEBSOCKET_PONG
07-14 13:00:42.877 D/dalvikvm( 3494): GC_CONCURRENT freed 4258K, 17% free 22891K/27252K, paused 6ms+19ms, total 131ms
07-14 13:00:42.940 V/DEBUG   ( 3494): HTTP 1
07-14 13:00:42.940 D/NetworkThread( 3494): [null:-1]->queue is empty, thread wait...
07-14 13:00:42.948 D/MDM :   ( 3494): [null:-1]->MSG_WEBSOCKET_MESSAGE : {"id":1989472077,"type":0,"command":0,"result":0,"reason":0,"params":{"msgId":"6046892e-9fa8-4801-a001-f8bf9c4de094,6046892e9fa84801a001f8bf9c4de094","device":"ffffffffc539bb10fffffffff7aea961","message":"{\"cmd\":\"10119\"}"}}
07-14 13:00:42.955 D/MdmService( 3494): [null:-1]->push message type :0
07-14 13:00:42.955 D/MdmService( 3494): [null:-1]->cmdMessage : {"cmd":"10119"}
07-14 13:00:42.955 D/MdmService( 3494): [null:-1]->command : PushCommandMsg{cmd='10119', msg='null'}
07-14 13:00:42.955 D/MDM :   ( 3494): [null:-1]->PUSH CMD: 10119
07-14 13:00:42.955 D/MdmStatusManager( 3494): [null:-1]->change status to : Busy
07-14 13:00:42.955 D/DB      ( 3494): query: SQLiteQuery: SELECT content, command_status, status FROM command WHERE status!=2
07-14 13:00:42.955 D/DB      ( 3494): factory null
07-14 13:00:42.955 D/DB      ( 3494): fillWindow: 0
07-14 13:00:42.963 D/DB      ( 3494): cursor 0
07-14 13:00:42.963 D/DB      ( 3494): moveToPos: 0
07-14 13:00:42.963 I/TransInfo( 3494): TransInfo created, id: 3, class: class com.pekall.emdm.transaction.b.c
07-14 13:00:42.963 D/NetworkThread( 3494): [null:-1]->----isRunning-----true
07-14 13:00:42.963 D/NetworkThread( 3494): [null:-1]->----isRunning-----true
07-14 13:00:42.963 D/NetworkThread( 3494): [null:-1]->thread wakeup
07-14 13:00:42.963 D/HttpClient( 3494): enable apache.http debug
07-14 13:00:42.971 V/DEBUG   ( 3494): HTTP 0
07-14 13:00:43.838 V/DEBUG   ( 3494): HTTP 1
07-14 13:00:43.846 D/MDM :   ( 3494): [null:-1]->read network input stream
07-14 13:00:43.854 D/CheckInTransInfo( 3494): [null:-1]->CommandMsg : CommandMsg{CommandUUID='8a80888e4732aed50147333e8be90bb0', Command=CommandObject{RequestType='Location'}}
07-14 13:00:43.854 D/DB      ( 3494): query: SQLiteQuery: SELECT * FROM command WHERE cmd_uuid='8a80888e4732aed50147333e8be90bb0'
07-14 13:00:43.854 D/DB      ( 3494): factory null
07-14 13:00:43.854 D/DB      ( 3494): fillWindow: 0
07-14 13:00:43.862 D/DB      ( 3494): cursor 0
07-14 13:00:43.901 I/ActivityManager(  374): Start proc com.android.defcontainer for service com.android.defcontainer/.DefaultContainerService: pid=10278 uid=10012 gids={50012, 1015, 1023, 2001, 1028}
07-14 13:00:43.916 D/NetworkThread( 3494): [null:-1]->queue is empty, thread wait...
07-14 13:00:43.979 W/MountService(  374): getVolumeState(/storage/emulated/0/external_sd): Unknown volume
07-14 13:00:43.979 W/MountService(  374): getVolumeState(/mnt/sdcard-ext): Unknown volume
07-14 13:00:43.979 W/MountService(  374): getVolumeState(/mnt/ext_sdcard): Unknown volume
07-14 13:00:43.987 W/MountService(  374): getVolumeState(/mnt/sdcard2): Unknown volume
07-14 13:00:43.987 W/MountService(  374): getVolumeState(/mnt/emmc): Unknown volume
07-14 13:00:43.987 W/MountService(  374): getVolumeState(/mnt/extSdCard): Unknown volume
07-14 13:00:43.987 W/MountService(  374): getVolumeState(/mnt/sdcard/SD_CARD): Unknown volume
07-14 13:00:43.987 W/MountService(  374): getVolumeState(/mnt/sdcard/extra_sd): Unknown volume
07-14 13:00:43.987 W/MountService(  374): getVolumeState(/mnt/extrasd_bind): Unknown volume
07-14 13:00:43.987 W/MountService(  374): getVolumeState(/mnt/sdcard/ext_sd): Unknown volume
07-14 13:00:43.994 W/MountService(  374): getVolumeState(/storage/extSdCard): Unknown volume
07-14 13:00:43.994 W/MountService(  374): getVolumeState(/storage/sdcard1): Unknown volume
07-14 13:00:43.994 W/MountService(  374): getVolumeState(/mnt/sdcard/external_SD): Unknown volume
07-14 13:00:43.994 W/MountService(  374): getVolumeState(/mnt/sdcard/external_sd): Unknown volume
07-14 13:00:44.018 D/MdmService( 3494): [null:-1]->handleCheckInResult
07-14 13:00:44.018 D/MdmService( 3494): [null:-1]->handleCheckInResult result keyIndex: 3
07-14 13:00:44.018 D/CommandManager( 3494): [null:-1]->execute command: CommandMsg{CommandUUID='8a80888e4732aed50147333e8be90bb0', Command=CommandObject{RequestType='Location'}}
07-14 13:00:44.026 D/MdmService( 3494): [null:-1]->receiver action :com.pekall.mdm.action.LOCATION
07-14 13:00:44.041 D/dalvikvm(10292): Late-enabling CheckJNI
07-14 13:00:44.041 I/ActivityManager(  374): Start proc com.pekall.emdm:remote for service com.pekall.emdm/com.baidu.location.f: pid=10292 uid=10066 gids={50066, 1015, 3002, 3001, 3003, 1028}
07-14 13:00:44.104 I/TransInfo( 3494): TransInfo created, id: 3, class: class com.pekall.emdm.transaction.b.c
07-14 13:00:44.104 D/NetworkThread( 3494): [null:-1]->----isRunning-----true
07-14 13:00:44.104 D/NetworkThread( 3494): [null:-1]->----isRunning-----true
07-14 13:00:44.104 D/NetworkThread( 3494): [null:-1]->thread wakeup
07-14 13:00:44.104 D/HttpClient( 3494): enable apache.http debug
07-14 13:00:44.119 V/DEBUG   ( 3494): HTTP 0
07-14 13:00:44.135 V/MyServiceConnection(10292): [MConnection] mdm service is NOT installed.
07-14 13:00:44.135 V/MyServiceConnection(10292): [MConnection] binding service: pekall.intent.action.MDM_SERVICE
07-14 13:00:44.143 V/SandboxConnection(10292): [SConnection] sandbox service is NOT installed.
07-14 13:00:44.143 D/ScClassLoader(10292): >> SOURCE FILE: /data/data/com.pekall.emdm/app_jars/sc-jdk15on-1.47.0.2.dex.jar
07-14 13:00:44.143 V/SandboxConnection(10292): [SConnection] binding service: pekall.intent.action.SANDBOX_SERVICE
07-14 13:00:44.166 D/MDM :   (10292): [null:-1]->SettingApplication
07-14 13:00:44.213 D/dalvikvm(10292): GC_CONCURRENT freed 159K, 3% free 9274K/9468K, paused 4ms+3ms, total 50ms
07-14 13:00:44.213 D/dalvikvm(10292): WAIT_FOR_CONCURRENT_GC blocked 10ms
07-14 13:00:44.213 D/dalvikvm(10292): Trying to load lib /data/app-lib/com.pekall.emdm-1/libsandbox_database_jni.so 0x4280ff08
07-14 13:00:44.221 D/dalvikvm(10292): WAIT_FOR_CONCURRENT_GC blocked 14ms
07-14 13:00:44.221 D/dalvikvm(10292): Added shared lib /data/app-lib/com.pekall.emdm-1/libsandbox_database_jni.so 0x4280ff08
07-14 13:00:44.221 I/Sandbox (10292): [Sandbox] initForTest, modified on 6.3
07-14 13:00:44.221 V/SandboxConnection(10292): [SConnection] retry to bind service
07-14 13:00:44.221 D/dalvikvm(10292): WAIT_FOR_CONCURRENT_GC blocked 19ms
07-14 13:00:44.229 V/SandboxConnection(10292): [SConnection] sandbox service is NOT installed.
07-14 13:00:44.229 V/SandboxConnection(10292): [SConnection] binding service: pekall.intent.action.SANDBOX_SERVICE
07-14 13:00:44.237 D/Email   (10292): Email: init sandbox at the beginning.
07-14 13:00:44.237 I/Sandbox (10292): [Sandbox] init
07-14 13:00:44.237 V/SandboxConnection(10292): [SConnection] retry to bind service
07-14 13:00:44.237 V/SandboxConnection(10292): [SConnection] sandbox service is NOT installed.
07-14 13:00:44.237 V/SandboxConnection(10292): [SConnection] binding service: pekall.intent.action.SANDBOX_SERVICE
07-14 13:00:44.268 V/SandboxConnection(10292): [SConnection] retry to bind service
07-14 13:00:44.268 V/SandboxConnection(10292): [SConnection] sandbox service is NOT installed.
07-14 13:00:44.268 V/SandboxConnection(10292): [SConnection] binding service: pekall.intent.action.SANDBOX_SERVICE
07-14 13:00:44.276 V/l       (10292): Bind requested for task setLogging
07-14 13:00:44.276 D/dalvikvm( 2060): GC_CONCURRENT freed 1431K, 10% free 14898K/16464K, paused 13ms+31ms, total 266ms
07-14 13:00:44.276 D/dalvikvm( 2060): WAIT_FOR_CONCURRENT_GC blocked 140ms
07-14 13:00:44.276 D/dalvikvm( 2060): WAIT_FOR_CONCURRENT_GC blocked 141ms
07-14 13:00:44.283 D/dalvikvm( 2060): WAIT_FOR_CONCURRENT_GC blocked 139ms
07-14 13:00:44.291 W/PackageParser( 2060): Unknown element under <application>: intent-filter at /storage/emulated/0/360MobileSafe_5.2.3.1061.apk Binary XML file line #1165
07-14 13:00:44.291 W/PackageParser( 2060): Unknown element under <application>: intent-filter at /storage/emulated/0/360MobileSafe_5.2.3.1061.apk Binary XML file line #1423
07-14 13:00:44.315 D/ExchangeService( 3494): !!! EAS ExchangeService, onCreate
07-14 13:00:44.323 D/ExchangeService( 3494): !!! EAS ExchangeService, onStartCommand, startingUp = false, running = false
07-14 13:00:44.323 D/ExchangeService( 3494): to start secureStorageService now
07-14 13:00:44.323 V/a       ( 3494): Bind requested for task test
07-14 13:00:44.323 D/dalvikvm(10292): GC_CONCURRENT freed 237K, 3% free 9552K/9824K, paused 4ms+5ms, total 44ms
07-14 13:00:44.323 D/dalvikvm(10292): WAIT_FOR_CONCURRENT_GC blocked 8ms
07-14 13:00:44.330 D/dalvikvm(10292): WAIT_FOR_CONCURRENT_GC blocked 6ms
07-14 13:00:44.330 D/dalvikvm(10292): WAIT_FOR_CONCURRENT_GC blocked 6ms
07-14 13:00:44.330 V/browser (10292): Browser.onCreate: this=com.pekall.emdm.browser.at@4281b678
07-14 13:00:44.338 D/ExchangeService( 3494): Reconciling accounts...
07-14 13:00:44.338 V/a       ( 3494): Bind requested for task reconcileAccounts
07-14 13:00:44.338 D/ActivityThread(10292): Loading provider com.pekall.semail.provider;com.pekall.semail.notifier: com.pekall.semail.provider.EmailProvider
07-14 13:00:44.346 V/a       ( 3494): Connected: com.pekall.semail.service.AccountServiceInternal
07-14 13:00:44.346 V/a       ( 3494): Connected: com.pekall.semail.service.AccountServiceInternal
07-14 13:00:44.362 I/Sandbox (10292): [Sandbox] initForTest, modified on 6.3
07-14 13:00:44.362 V/SandboxConnection(10292): [SConnection] retry to bind service
07-14 13:00:44.362 V/SandboxConnection(10292): [SConnection] sandbox service is NOT installed.
07-14 13:00:44.362 V/SandboxConnection(10292): [SConnection] binding service: pekall.intent.action.SANDBOX_SERVICE
07-14 13:00:44.362 D/ActivityThread(10292): Loading provider com.pekall.semail.provider;com.pekall.semail.notifier: com.pekall.semail.provider.EmailProvider
07-14 13:00:44.369 V/a       ( 3494): Connection test succeeded in 46ms
07-14 13:00:44.369 D/DB      ( 3494): query: SQLiteQuery: SELECT _id FROM Account
07-14 13:00:44.369 D/DB      ( 3494): factory null
07-14 13:00:44.369 D/DB      ( 3494): fillWindow: 0
07-14 13:00:44.369 D/DB      ( 3494): cursor 1
07-14 13:00:44.369 V/a       ( 3494): Task test completed; disconnecting
07-14 13:00:44.369 D/DB      ( 3494): moveToPos: 0
07-14 13:00:44.369 D/DB      ( 3494): onMove: 0
07-14 13:00:44.369 V/a       ( 3494): Waiting for task reconcileAccounts to complete...
07-14 13:00:44.377 D/DB      ( 3494): moveToPos: 1
07-14 13:00:44.377 V/a       ( 3494): Task reconcileAccounts completed; disconnecting
07-14 13:00:44.377 V/a       ( 3494): Wait for reconcileAccounts finished in 28ms
07-14 13:00:44.377 D/DB      ( 3494): query: SQLiteQuery: SELECT count(*) FROM HostAuth WHERE protocol="eas" LIMIT 1
07-14 13:00:44.377 D/DB      ( 3494): factory null
07-14 13:00:44.377 D/DB      ( 3494): fillWindow: 0
07-14 13:00:44.377 D/DB      ( 3494): cursor 1
07-14 13:00:44.385 D/DB      ( 3494): moveToPos: 0
07-14 13:00:44.385 D/DB      ( 3494): onMove: 0
07-14 13:00:44.385 W/SQLiteOpenHelper(10292): Opened /data/data/com.pekall.emdm/databases/message.db
07-14 13:00:44.393 D/ExchangeService( 3494): !!! EAS ExchangeService, stopping self
07-14 13:00:44.416 E/DB      (10292): bind, index: 1, value: 0
07-14 13:00:44.416 D/DB      (10292): query: SQLiteQuery: SELECT * FROM message WHERE status =?
07-14 13:00:44.416 D/DB      (10292): factory null
07-14 13:00:44.416 D/DB      (10292): fillWindow: 0
07-14 13:00:44.424 D/DB      (10292): cursor 0
07-14 13:00:44.424 E/Mdm     ( 3494): Call Mdm service's recordIconCount function
07-14 13:00:44.424 E/DB      (10292): bind, index: 1, value: 0
07-14 13:00:44.424 E/DB      (10292): bind, index: 2, value: 100
07-14 13:00:44.424 D/DB      (10292): query: SQLiteQuery: SELECT * FROM message WHERE status=? and type=?
07-14 13:00:44.424 D/DB      (10292): factory null
07-14 13:00:44.424 D/DB      (10292): fillWindow: 0
07-14 13:00:44.424 D/DB      (10292): cursor 0
07-14 13:00:44.424 V/SettingApplication(10292): SettingApplication.onCreate: this=com.pekall.emdm.setting.ai@4281be08
07-14 13:00:44.479 D/dalvikvm(10292): GC_CONCURRENT freed 480K, 6% free 9584K/10100K, paused 5ms+5ms, total 45ms
07-14 13:00:44.479 D/dalvikvm(10292): WAIT_FOR_CONCURRENT_GC blocked 8ms
07-14 13:00:44.494 W/SQLiteOpenHelper(10292): Opened /data/data/com.pekall.emdm/databases/EmailProvider.db
07-14 13:00:44.541 W/System.err(10292): java.lang.NoSuchMethodException: startScan [boolean]
07-14 13:00:44.541 W/System.err(10292): 	at java.lang.Class.getConstructorOrMethod(Class.java:423)
07-14 13:00:44.541 W/System.err(10292): 	at java.lang.Class.getDeclaredMethod(Class.java:589)
07-14 13:00:44.541 W/System.err(10292): 	at com.baidu.location.e.try(Unknown Source)
07-14 13:00:44.541 W/System.err(10292): 	at com.baidu.location.f.onCreate(Unknown Source)
07-14 13:00:44.541 W/System.err(10292): 	at android.app.ActivityThread.handleCreateService(ActivityThread.java:2577)
07-14 13:00:44.541 W/System.err(10292): 	at android.app.ActivityThread.access$1600(ActivityThread.java:141)
07-14 13:00:44.541 W/System.err(10292): 	at android.app.ActivityThread$H.handleMessage(ActivityThread.java:1338)
07-14 13:00:44.541 W/System.err(10292): 	at android.os.Handler.dispatchMessage(Handler.java:99)
07-14 13:00:44.541 W/System.err(10292): 	at android.os.Looper.loop(Looper.java:137)
07-14 13:00:44.541 W/System.err(10292): 	at android.app.ActivityThread.main(ActivityThread.java:5103)
07-14 13:00:44.541 W/System.err(10292): 	at java.lang.reflect.Method.invokeNative(Native Method)
07-14 13:00:44.541 W/System.err(10292): 	at java.lang.reflect.Method.invoke(Method.java:525)
07-14 13:00:44.541 W/System.err(10292): 	at com.android.internal.os.ZygoteInit$MethodAndArgsCaller.run(ZygoteInit.java:737)
07-14 13:00:44.541 W/System.err(10292): 	at com.android.internal.os.ZygoteInit.main(ZygoteInit.java:553)
07-14 13:00:44.549 W/System.err(10292): 	at dalvik.system.NativeStart.main(Native Method)
07-14 13:00:44.557 D/baidu_location_service(10292): baidu location service start1 ...10292
07-14 13:00:44.565 D/baidu_location_client( 3494): baidu location connected ...
07-14 13:00:44.565 V/MyServiceConnection(10292): [MConnection] onServiceConnected, comp: com.pekall.emdm.service.MdmProxy
07-14 13:00:44.565 W/SQLiteOpenHelper(10292): Opened /data/data/com.pekall.emdm/databases/EmailProviderBody.db
07-14 13:00:44.565 V/SandboxConnection(10292): [SConnection] onServiceConnected, comp: com.pekall.sandbox.service.SandboxService
07-14 13:00:44.573 D/AuthenticationManager( 3494): [10292] binder package: com.pekall.emdm:remote
07-14 13:00:44.573 I/Sandbox (10292): [Sandbox] initUserSecret, from: 1405314044583, to: 1407906044583
07-14 13:00:44.752 I/Sandbox (10292): [Sandbox] init
07-14 13:00:44.799 V/l       (10292): Connected: com.pekall.exchange.ExchangeService
07-14 13:00:44.815 D/ExchangeService( 3494): !!! EAS ExchangeService, onDestroy
07-14 13:00:44.815 D/dalvikvm(10292): Trying to load lib /data/app-lib/com.pekall.emdm-1/liblocSDK3.so 0x4280ff08
07-14 13:00:44.815 V/l       (10292): Task setLogging completed; disconnecting
07-14 13:00:44.815 D/dalvikvm(10292): Added shared lib /data/app-lib/com.pekall.emdm-1/liblocSDK3.so 0x4280ff08
07-14 13:00:44.815 D/dalvikvm(10292): No JNI_OnLoad found in /data/app-lib/com.pekall.emdm-1/liblocSDK3.so 0x4280ff08, skipping init
07-14 13:00:44.846 D/DB      (10292): query: SQLiteQuery: SELECT _id FROM Account
07-14 13:00:44.846 D/DB      (10292): factory null
07-14 13:00:44.846 D/DB      (10292): fillWindow: 0
07-14 13:00:44.869 D/dalvikvm(10292): GC_CONCURRENT freed 271K, 4% free 9743K/10100K, paused 6ms+5ms, total 35ms
07-14 13:00:44.869 D/DB      (10292): cursor 1
07-14 13:00:44.869 D/DB      (10292): moveToPos: 0
07-14 13:00:44.869 D/DB      (10292): onMove: 0
07-14 13:00:44.869 D/DB      (10292): query: SQLiteQuery: SELECT _id, mailboxKey FROM Message_Updates
07-14 13:00:44.869 D/DB      (10292): factory null
07-14 13:00:44.869 D/DB      (10292): fillWindow: 0
07-14 13:00:44.877 D/DB      (10292): cursor 0
07-14 13:00:44.877 D/DB      (10292): query: SQLiteQuery: SELECT _id, mailboxKey FROM Message_Deletes
07-14 13:00:44.877 D/DB      (10292): factory null
07-14 13:00:44.877 D/DB      (10292): fillWindow: 0
07-14 13:00:44.901 V/DEBUG   ( 3494): HTTP 1
07-14 13:00:44.901 D/MdmDatabaseHelper( 3494): [null:-1]->update command 8a80888e4732aed50147333e8be90bb0 to status executed
07-14 13:00:44.901 W/PackageParser( 2060): No actions in intent filter at /storage/emulated/0/Download/emmp.apk Binary XML file line #687
07-14 13:00:44.908 D/DB      (10292): cursor 0
07-14 13:00:44.971 D/NetworkThread( 3494): [null:-1]->queue is empty, thread wait...
07-14 13:00:45.002 D/MdmService( 3494): [null:-1]->handleCheckInResult
07-14 13:00:45.002 D/MdmService( 3494): [null:-1]->handleCheckInResult result keyIndex: 3
07-14 13:00:45.002 D/HandleCommandTask( 3494): [null:-1]->execute command msg but beanBase is null
07-14 13:00:45.002 D/MdmStatusManager( 3494): [null:-1]->change status to : Idle
07-14 13:00:45.073 D/LocationUtil( 3494): [null:-1]->the LocType is 161
07-14 13:00:45.073 D/LocationUtil( 3494): [null:-1]->the Latitude is 39.991269
07-14 13:00:45.073 D/LocationUtil( 3494): [null:-1]->the lontitude is 116.476749
07-14 13:00:45.119 D/DB      (10292): query: SQLiteQuery: SELECT _id FROM Account
07-14 13:00:45.119 D/DB      (10292): factory null
07-14 13:00:45.119 D/DB      (10292): fillWindow: 0
07-14 13:00:45.119 D/DB      (10292): cursor 1
07-14 13:00:45.127 D/DB      (10292): moveToPos: 0
07-14 13:00:45.127 D/DB      (10292): onMove: 0
07-14 13:00:45.135 D/DB      (10292): query: SQLiteQuery: SELECT _id, displayName, emailAddress, syncKey, syncLookback, syncInterval, hostAuthKeyRecv, hostAuthKeySend, flags, isDefault, compatibilityUuid, senderName, ringtoneUri, protocolVersion, newMessageCount, securitySyncKey, signature, policyKey, notifiedMessageId, notifiedMessageCount FROM Account WHERE _id=5
07-14 13:00:45.135 D/DB      (10292): factory null
07-14 13:00:45.135 D/DB      (10292): fillWindow: 0
07-14 13:00:45.135 D/DB      (10292): cursor 1
07-14 13:00:45.135 D/DB      (10292): moveToPos: 0
07-14 13:00:45.135 D/DB      (10292): onMove: 0
07-14 13:00:45.143 D/DB      (10292): moveToPos: 1
07-14 13:00:45.143 D/DB      (10292): query: SQLiteQuery: SELECT _id FROM HostAuth
07-14 13:00:45.143 D/DB      (10292): factory null
07-14 13:00:45.143 D/DB      (10292): fillWindow: 0
07-14 13:00:45.143 D/DB      (10292): cursor 2
07-14 13:00:45.151 D/DB      (10292): moveToPos: 0
07-14 13:00:45.151 D/DB      (10292): onMove: 0
07-14 13:00:45.151 D/DB      (10292): query: SQLiteQuery: SELECT _id, protocol, address, port, flags, login, password, domain, certAlias FROM HostAuth WHERE _id=9
07-14 13:00:45.151 D/DB      (10292): factory null
07-14 13:00:45.151 D/DB      (10292): fillWindow: 0
07-14 13:00:45.158 D/DB      (10292): cursor 1
07-14 13:00:45.158 D/DB      (10292): moveToPos: 0
07-14 13:00:45.158 D/DB      (10292): onMove: 0
07-14 13:00:45.158 D/DB      (10292): moveToPos: 1
07-14 13:00:45.158 D/DB      (10292): onMove: 1
07-14 13:00:45.166 D/baidu_location_service(10292): baidu location service stop ...
07-14 13:00:45.166 I/Process (10292): Sending signal. PID: 10292 SIG: 9
07-14 13:00:45.174 I/ActivityManager(  374): Process com.pekall.emdm:remote (pid 10292) has died.
07-14 13:00:45.182 W/PackageParser( 2060): No actions in intent filter at /storage/emulated/0/Download/emmp-1.apk Binary XML file line #687
07-14 13:00:45.346 D/dalvikvm( 2060): GC_CONCURRENT freed 1802K, 12% free 15092K/17012K, paused 5ms+17ms, total 101ms
07-14 13:00:45.346 D/dalvikvm( 2060): WAIT_FOR_CONCURRENT_GC blocked 50ms
07-14 13:00:45.346 D/dalvikvm( 2060): WAIT_FOR_CONCURRENT_GC blocked 45ms
07-14 13:00:45.346 D/dalvikvm( 2060): WAIT_FOR_CONCURRENT_GC blocked 9ms
07-14 13:00:45.440 D/dalvikvm(10278): GC_CONCURRENT freed 363K, 5% free 8943K/9344K, paused 4ms+2ms, total 26ms
07-14 13:00:45.674 W/PackageParser( 2060): No actions in intent filter at /storage/emulated/0/360Download/Pekall.apk Binary XML file line #685
07-14 13:00:45.752 W/Resources( 2060): Converting to boolean: TypedValue{t=0x3/d=0x54 "false" a=-1}
07-14 13:00:45.752 W/Resources( 2060): Converting to boolean: TypedValue{t=0x3/d=0x54 "false" a=-1}
07-14 13:00:45.955 D/dalvikvm( 2060): GC_CONCURRENT freed 2147K, 14% free 15012K/17272K, paused 5ms+17ms, total 93ms
07-14 13:00:45.955 D/dalvikvm( 2060): WAIT_FOR_CONCURRENT_GC blocked 58ms
07-14 13:00:45.955 D/dalvikvm( 2060): WAIT_FOR_CONCURRENT_GC blocked 62ms
07-14 13:00:46.088 W/MountService(  374): getVolumeState(/storage/emulated/0/external_sd): Unknown volume
07-14 13:00:46.096 W/MountService(  374): getVolumeState(/mnt/sdcard-ext): Unknown volume
07-14 13:00:46.096 W/MountService(  374): getVolumeState(/mnt/ext_sdcard): Unknown volume
07-14 13:00:46.096 W/MountService(  374): getVolumeState(/mnt/sdcard2): Unknown volume
07-14 13:00:46.096 W/MountService(  374): getVolumeState(/mnt/emmc): Unknown volume
07-14 13:00:46.096 W/MountService(  374): getVolumeState(/mnt/extSdCard): Unknown volume
07-14 13:00:46.096 W/MountService(  374): getVolumeState(/mnt/sdcard/SD_CARD): Unknown volume
07-14 13:00:46.096 W/MountService(  374): getVolumeState(/mnt/sdcard/extra_sd): Unknown volume
07-14 13:00:46.096 W/MountService(  374): getVolumeState(/mnt/extrasd_bind): Unknown volume
07-14 13:00:46.096 W/MountService(  374): getVolumeState(/mnt/sdcard/ext_sd): Unknown volume
07-14 13:00:46.096 W/MountService(  374): getVolumeState(/storage/extSdCard): Unknown volume
07-14 13:00:46.096 W/MountService(  374): getVolumeState(/storage/sdcard1): Unknown volume
07-14 13:00:46.104 W/MountService(  374): getVolumeState(/mnt/sdcard/external_SD): Unknown volume
07-14 13:00:46.104 W/MountService(  374): getVolumeState(/mnt/sdcard/external_sd): Unknown volume
07-14 13:00:46.846 D/dalvikvm( 2060): GC_CONCURRENT freed 2097K, 14% free 14968K/17272K, paused 3ms+16ms, total 81ms
07-14 13:00:46.846 D/dalvikvm( 2060): WAIT_FOR_CONCURRENT_GC blocked 55ms
07-14 13:00:46.846 D/dalvikvm( 2060): WAIT_FOR_CONCURRENT_GC blocked 43ms
07-14 13:00:46.846 D/dalvikvm( 2060): WAIT_FOR_CONCURRENT_GC blocked 56ms
07-14 13:00:47.190 D/dalvikvm( 2060): GC_FOR_ALLOC freed 1324K, 14% free 14875K/17272K, paused 101ms, total 102ms
07-14 13:00:47.471 D/GCM     (  624): Ignoring attempt to send heartbeat on dead connection.
07-14 13:00:47.869 D/dalvikvm( 2060): GC_CONCURRENT freed 1685K, 13% free 15198K/17272K, paused 4ms+29ms, total 111ms
07-14 13:00:47.869 D/dalvikvm( 2060): WAIT_FOR_CONCURRENT_GC blocked 62ms
07-14 13:00:48.674 D/dalvikvm( 2060): GC_CONCURRENT freed 1082K, 7% free 16211K/17412K, paused 3ms+16ms, total 89ms
07-14 13:00:48.674 D/dalvikvm( 2060): WAIT_FOR_CONCURRENT_GC blocked 65ms
07-14 13:00:48.674 D/dalvikvm( 2060): WAIT_FOR_CONCURRENT_GC blocked 68ms
07-14 13:00:48.674 D/dalvikvm( 2060): WAIT_FOR_CONCURRENT_GC blocked 61ms
07-14 13:00:49.432 D/dalvikvm( 2019): GC_FOR_ALLOC freed 298K, 7% free 9928K/10588K, paused 47ms, total 47ms
07-14 13:00:50.018 D/dalvikvm( 2060): GC_CONCURRENT freed 3645K, 21% free 14994K/18764K, paused 3ms+17ms, total 82ms
07-14 13:00:50.018 D/dalvikvm( 2060): WAIT_FOR_CONCURRENT_GC blocked 67ms
07-14 13:00:57.151 D/JOBS    ( 9435): Thread-382: load factor check. true = (0 < 1)|| (0 * 3 < 0 + 0). consumer thread: true
07-14 13:00:57.151 D/JOBS    ( 9435): didn't allow me to die, re-running Thread-382
07-14 13:00:57.151 D/JOBS    ( 9435): re-running consumer Thread-382
07-14 13:01:32.783 W/MountService(  374): getVolumeState(/storage/emulated/0/external_sd): Unknown volume
07-14 13:01:32.791 W/MountService(  374): getVolumeState(/mnt/sdcard-ext): Unknown volume
07-14 13:01:32.791 W/MountService(  374): getVolumeState(/mnt/ext_sdcard): Unknown volume
07-14 13:01:32.791 W/MountService(  374): getVolumeState(/mnt/sdcard2): Unknown volume
07-14 13:01:32.799 W/MountService(  374): getVolumeState(/mnt/emmc): Unknown volume
07-14 13:01:32.799 W/MountService(  374): getVolumeState(/mnt/extSdCard): Unknown volume
07-14 13:01:32.799 W/MountService(  374): getVolumeState(/mnt/sdcard/SD_CARD): Unknown volume
07-14 13:01:32.799 W/MountService(  374): getVolumeState(/mnt/sdcard/extra_sd): Unknown volume
07-14 13:01:32.799 W/MountService(  374): getVolumeState(/mnt/extrasd_bind): Unknown volume
07-14 13:01:32.799 W/MountService(  374): getVolumeState(/mnt/sdcard/ext_sd): Unknown volume
07-14 13:01:32.799 W/MountService(  374): getVolumeState(/storage/extSdCard): Unknown volume
07-14 13:01:32.799 W/MountService(  374): getVolumeState(/storage/sdcard1): Unknown volume
07-14 13:01:32.799 W/MountService(  374): getVolumeState(/mnt/sdcard/external_SD): Unknown volume
07-14 13:01:32.799 W/MountService(  374): getVolumeState(/mnt/sdcard/external_sd): Unknown volume
07-14 13:01:32.823 D/dalvikvm( 6152): GC_CONCURRENT freed 434K, 7% free 9407K/10096K, paused 4ms+3ms, total 28ms
07-14 13:01:32.823 D/dalvikvm( 6152): WAIT_FOR_CONCURRENT_GC blocked 17ms
07-14 13:01:32.823 D/dalvikvm( 6152): WAIT_FOR_CONCURRENT_GC blocked 18ms
07-14 13:01:33.033 D/dalvikvm(  374): GC_EXPLICIT freed 2560K, 30% free 19474K/27716K, paused 4ms+11ms, total 111ms
07-14 13:01:33.135 D/dalvikvm( 6152): GC_CONCURRENT freed 440K, 7% free 9417K/10096K, paused 3ms+5ms, total 31ms
07-14 13:01:33.166 W/MountService(  374): getVolumeState(/storage/emulated/0/external_sd): Unknown volume
07-14 13:01:33.166 W/MountService(  374): getVolumeState(/mnt/sdcard-ext): Unknown volume
07-14 13:01:33.166 W/MountService(  374): getVolumeState(/mnt/ext_sdcard): Unknown volume
07-14 13:01:33.166 W/MountService(  374): getVolumeState(/mnt/sdcard2): Unknown volume
07-14 13:01:33.166 W/MountService(  374): getVolumeState(/mnt/emmc): Unknown volume
07-14 13:01:33.166 W/MountService(  374): getVolumeState(/mnt/extSdCard): Unknown volume
07-14 13:01:33.174 W/MountService(  374): getVolumeState(/mnt/sdcard/SD_CARD): Unknown volume
07-14 13:01:33.174 W/MountService(  374): getVolumeState(/mnt/sdcard/extra_sd): Unknown volume
07-14 13:01:33.174 W/MountService(  374): getVolumeState(/mnt/extrasd_bind): Unknown volume
07-14 13:01:33.174 W/MountService(  374): getVolumeState(/mnt/sdcard/ext_sd): Unknown volume
07-14 13:01:33.174 W/MountService(  374): getVolumeState(/storage/extSdCard): Unknown volume
07-14 13:01:33.174 W/MountService(  374): getVolumeState(/storage/sdcard1): Unknown volume
07-14 13:01:33.174 W/MountService(  374): getVolumeState(/mnt/sdcard/external_SD): Unknown volume
07-14 13:01:33.174 W/MountService(  374): getVolumeState(/mnt/sdcard/external_sd): Unknown volume
07-14 13:01:33.252 D/dalvikvm( 6152): GC_CONCURRENT freed 427K, 7% free 9408K/10096K, paused 3ms+3ms, total 25ms
07-14 13:01:56.416 D/PushService( 9435): [null:-1]->receiver action :com.pekall.mdm.action.PUSH_ALARM
07-14 13:01:56.416 D/PushService( 9435): [null:-1]->keepAliveWithPushServer client is opened:true
07-14 13:01:56.424 D/PushLib : ( 9435): [null:-1]->ping!!!!!!!!!
07-14 13:01:56.424 D/PushLib : ( 9435): [null:-1]->pushClient is :not null
07-14 13:01:56.424 D/PushLib : ( 9435): [null:-1]->pushClient opened : opened
07-14 13:02:01.447 D/PushLib : ( 9435): [null:-1]->MSG_WEBSOCKET_PONG
07-14 13:02:32.823 W/MountService(  374): getVolumeState(/storage/emulated/0/external_sd): Unknown volume
07-14 13:02:32.823 W/MountService(  374): getVolumeState(/mnt/sdcard-ext): Unknown volume
07-14 13:02:32.823 W/MountService(  374): getVolumeState(/mnt/ext_sdcard): Unknown volume
07-14 13:02:32.823 W/MountService(  374): getVolumeState(/mnt/sdcard2): Unknown volume
07-14 13:02:32.823 W/MountService(  374): getVolumeState(/mnt/emmc): Unknown volume
07-14 13:02:32.823 W/MountService(  374): getVolumeState(/mnt/extSdCard): Unknown volume
07-14 13:02:32.823 W/MountService(  374): getVolumeState(/mnt/sdcard/SD_CARD): Unknown volume
07-14 13:02:32.823 W/MountService(  374): getVolumeState(/mnt/sdcard/extra_sd): Unknown volume
07-14 13:02:32.823 W/MountService(  374): getVolumeState(/mnt/extrasd_bind): Unknown volume
07-14 13:02:32.823 W/MountService(  374): getVolumeState(/mnt/sdcard/ext_sd): Unknown volume
07-14 13:02:32.823 W/MountService(  374): getVolumeState(/storage/extSdCard): Unknown volume
07-14 13:02:32.830 W/MountService(  374): getVolumeState(/storage/sdcard1): Unknown volume
07-14 13:02:32.830 W/MountService(  374): getVolumeState(/mnt/sdcard/external_SD): Unknown volume
07-14 13:02:32.830 W/MountService(  374): getVolumeState(/mnt/sdcard/external_sd): Unknown volume
07-14 13:02:32.901 D/dalvikvm( 6152): GC_CONCURRENT freed 389K, 6% free 9530K/10096K, paused 4ms+4ms, total 30ms
07-14 13:02:32.901 D/dalvikvm( 6152): WAIT_FOR_CONCURRENT_GC blocked 14ms
07-14 13:02:33.065 W/MountService(  374): getVolumeState(/storage/emulated/0/external_sd): Unknown volume
07-14 13:02:33.065 W/MountService(  374): getVolumeState(/mnt/sdcard-ext): Unknown volume
07-14 13:02:33.065 W/MountService(  374): getVolumeState(/mnt/ext_sdcard): Unknown volume
07-14 13:02:33.073 W/MountService(  374): getVolumeState(/mnt/sdcard2): Unknown volume
07-14 13:02:33.073 W/MountService(  374): getVolumeState(/mnt/emmc): Unknown volume
07-14 13:02:33.073 W/MountService(  374): getVolumeState(/mnt/extSdCard): Unknown volume
07-14 13:02:33.073 W/MountService(  374): getVolumeState(/mnt/sdcard/SD_CARD): Unknown volume
07-14 13:02:33.073 W/MountService(  374): getVolumeState(/mnt/sdcard/extra_sd): Unknown volume
07-14 13:02:33.073 W/MountService(  374): getVolumeState(/mnt/extrasd_bind): Unknown volume
07-14 13:02:33.073 W/MountService(  374): getVolumeState(/mnt/sdcard/ext_sd): Unknown volume
07-14 13:02:33.073 W/MountService(  374): getVolumeState(/storage/extSdCard): Unknown volume
07-14 13:02:33.073 W/MountService(  374): getVolumeState(/storage/sdcard1): Unknown volume
07-14 13:02:33.073 W/MountService(  374): getVolumeState(/mnt/sdcard/external_SD): Unknown volume
07-14 13:02:33.073 W/MountService(  374): getVolumeState(/mnt/sdcard/external_sd): Unknown volume
07-14 13:02:33.104 D/dalvikvm( 6152): GC_CONCURRENT freed 615K, 7% free 9426K/10096K, paused 4ms+4ms, total 26ms
07-14 13:02:42.901 W/System.err( 6203): java.io.FileNotFoundException: /data/data/com.mgyapp.android/files/.cfpaps.i: open failed: ENOENT (No such file or directory)
07-14 13:02:42.908 W/System.err( 6203): 	at libcore.io.IoBridge.open(IoBridge.java:409)
07-14 13:02:42.908 W/System.err( 6203): 	at java.io.FileInputStream.<init>(FileInputStream.java:78)
07-14 13:02:42.908 W/System.err( 6203): 	at android.app.ContextImpl.openFileInput(ContextImpl.java:702)
07-14 13:02:42.908 W/System.err( 6203): 	at android.content.ContextWrapper.openFileInput(ContextWrapper.java:173)
07-14 13:02:42.908 W/System.err( 6203): 	at com.mgyun.shua.jc.service.f.run(Unknown Source)
07-14 13:02:42.908 W/System.err( 6203): 	at com.mgyun.shua.jc.service.CpWorkServer.onHandleIntent(Unknown Source)
07-14 13:02:42.908 W/System.err( 6203): 	at android.app.IntentService$ServiceHandler.handleMessage(IntentService.java:65)
07-14 13:02:42.908 W/System.err( 6203): 	at android.os.Handler.dispatchMessage(Handler.java:99)
07-14 13:02:42.908 W/System.err( 6203): 	at android.os.Looper.loop(Looper.java:137)
07-14 13:02:42.908 W/System.err( 6203): 	at android.os.HandlerThread.run(HandlerThread.java:61)
07-14 13:02:42.908 W/System.err( 6203): Caused by: libcore.io.ErrnoException: open failed: ENOENT (No such file or directory)
07-14 13:02:42.908 W/System.err( 6203): 	at libcore.io.Posix.open(Native Method)
07-14 13:02:42.908 W/System.err( 6203): 	at libcore.io.BlockGuardOs.open(BlockGuardOs.java:110)
07-14 13:02:42.908 W/System.err( 6203): 	at libcore.io.IoBridge.open(IoBridge.java:393)
07-14 13:02:42.908 W/System.err( 6203): 	... 9 more
07-14 13:02:52.908 W/System.err( 6203): java.io.FileNotFoundException: /data/data/com.mgyapp.android/files/.cfp.i: open failed: ENOENT (No such file or directory)
07-14 13:02:52.908 W/System.err( 6203): 	at libcore.io.IoBridge.open(IoBridge.java:409)
07-14 13:02:52.908 W/System.err( 6203): 	at java.io.FileInputStream.<init>(FileInputStream.java:78)
07-14 13:02:52.908 W/System.err( 6203): 	at android.app.ContextImpl.openFileInput(ContextImpl.java:702)
07-14 13:02:52.908 W/System.err( 6203): 	at android.content.ContextWrapper.openFileInput(ContextWrapper.java:173)
07-14 13:02:52.908 W/System.err( 6203): 	at com.mgyun.shua.jc.c.b(Unknown Source)
07-14 13:02:52.908 W/System.err( 6203): 	at com.mgyun.shua.jc.d.a(Unknown Source)
07-14 13:02:52.908 W/System.err( 6203): 	at com.mgyun.shua.jc.service.CpWorkServer.onHandleIntent(Unknown Source)
07-14 13:02:52.908 W/System.err( 6203): 	at android.app.IntentService$ServiceHandler.handleMessage(IntentService.java:65)
07-14 13:02:52.908 W/System.err( 6203): 	at android.os.Handler.dispatchMessage(Handler.java:99)
07-14 13:02:52.908 W/System.err( 6203): 	at android.os.Looper.loop(Looper.java:137)
07-14 13:02:52.908 W/System.err( 6203): 	at android.os.HandlerThread.run(HandlerThread.java:61)
07-14 13:02:52.908 W/System.err( 6203): Caused by: libcore.io.ErrnoException: open failed: ENOENT (No such file or directory)
07-14 13:02:52.908 W/System.err( 6203): 	at libcore.io.Posix.open(Native Method)
07-14 13:02:52.916 W/System.err( 6203): 	at libcore.io.BlockGuardOs.open(BlockGuardOs.java:110)
07-14 13:02:52.916 W/System.err( 6203): 	at libcore.io.IoBridge.open(IoBridge.java:393)
07-14 13:02:52.916 W/System.err( 6203): 	... 10 more
07-14 13:02:57.151 D/JOBS    ( 9435): Thread-382: load factor check. true = (0 < 1)|| (0 * 3 < 0 + 0). consumer thread: true
07-14 13:02:57.151 D/JOBS    ( 9435): didn't allow me to die, re-running Thread-382
07-14 13:02:57.151 D/JOBS    ( 9435): re-running consumer Thread-382
07-14 13:03:32.948 W/MountService(  374): getVolumeState(/storage/emulated/0/external_sd): Unknown volume
07-14 13:03:32.948 W/MountService(  374): getVolumeState(/mnt/sdcard-ext): Unknown volume
07-14 13:03:32.955 W/MountService(  374): getVolumeState(/mnt/ext_sdcard): Unknown volume
07-14 13:03:32.955 W/MountService(  374): getVolumeState(/mnt/sdcard2): Unknown volume
07-14 13:03:32.955 W/MountService(  374): getVolumeState(/mnt/emmc): Unknown volume
07-14 13:03:32.955 W/MountService(  374): getVolumeState(/mnt/extSdCard): Unknown volume
07-14 13:03:32.955 W/MountService(  374): getVolumeState(/mnt/sdcard/SD_CARD): Unknown volume
07-14 13:03:32.955 W/MountService(  374): getVolumeState(/mnt/sdcard/extra_sd): Unknown volume
07-14 13:03:32.955 W/MountService(  374): getVolumeState(/mnt/extrasd_bind): Unknown volume
07-14 13:03:32.955 W/MountService(  374): getVolumeState(/mnt/sdcard/ext_sd): Unknown volume
07-14 13:03:32.955 W/MountService(  374): getVolumeState(/storage/extSdCard): Unknown volume
07-14 13:03:32.955 W/MountService(  374): getVolumeState(/storage/sdcard1): Unknown volume
07-14 13:03:32.955 W/MountService(  374): getVolumeState(/mnt/sdcard/external_SD): Unknown volume
07-14 13:03:32.955 W/MountService(  374): getVolumeState(/mnt/sdcard/external_sd): Unknown volume
07-14 13:03:32.971 D/dalvikvm( 6152): GC_CONCURRENT freed 410K, 7% free 9428K/10096K, paused 7ms+3ms, total 37ms
07-14 13:03:32.971 D/dalvikvm( 6152): WAIT_FOR_CONCURRENT_GC blocked 28ms
07-14 13:03:32.971 D/dalvikvm( 6152): WAIT_FOR_CONCURRENT_GC blocked 13ms
07-14 13:03:33.143 D/dalvikvm( 6152): GC_CONCURRENT freed 417K, 7% free 9443K/10096K, paused 4ms+3ms, total 46ms
07-14 13:03:33.198 W/MountService(  374): getVolumeState(/storage/emulated/0/external_sd): Unknown volume
07-14 13:03:33.205 W/MountService(  374): getVolumeState(/mnt/sdcard-ext): Unknown volume
07-14 13:03:33.205 W/MountService(  374): getVolumeState(/mnt/ext_sdcard): Unknown volume
07-14 13:03:33.205 W/MountService(  374): getVolumeState(/mnt/sdcard2): Unknown volume
07-14 13:03:33.205 W/MountService(  374): getVolumeState(/mnt/emmc): Unknown volume
07-14 13:03:33.205 W/MountService(  374): getVolumeState(/mnt/extSdCard): Unknown volume
07-14 13:03:33.205 W/MountService(  374): getVolumeState(/mnt/sdcard/SD_CARD): Unknown volume
07-14 13:03:33.205 W/MountService(  374): getVolumeState(/mnt/sdcard/extra_sd): Unknown volume
07-14 13:03:33.205 W/MountService(  374): getVolumeState(/mnt/extrasd_bind): Unknown volume
07-14 13:03:33.205 W/MountService(  374): getVolumeState(/mnt/sdcard/ext_sd): Unknown volume
07-14 13:03:33.213 W/MountService(  374): getVolumeState(/storage/extSdCard): Unknown volume
07-14 13:03:33.213 W/MountService(  374): getVolumeState(/storage/sdcard1): Unknown volume
07-14 13:03:33.213 W/MountService(  374): getVolumeState(/mnt/sdcard/external_SD): Unknown volume
07-14 13:03:33.213 W/MountService(  374): getVolumeState(/mnt/sdcard/external_sd): Unknown volume
07-14 13:03:33.260 D/dalvikvm( 6152): GC_CONCURRENT freed 438K, 7% free 9415K/10096K, paused 3ms+3ms, total 26ms
07-14 13:03:42.619 D/MdmService( 3494): [null:-1]->receiver action :com.pekall.mdm.action.MDM_ALARM
07-14 13:04:33.033 W/MountService(  374): getVolumeState(/storage/emulated/0/external_sd): Unknown volume
07-14 13:04:33.041 W/MountService(  374): getVolumeState(/mnt/sdcard-ext): Unknown volume
07-14 13:04:33.041 W/MountService(  374): getVolumeState(/mnt/ext_sdcard): Unknown volume
07-14 13:04:33.041 W/MountService(  374): getVolumeState(/mnt/sdcard2): Unknown volume
07-14 13:04:33.041 W/MountService(  374): getVolumeState(/mnt/emmc): Unknown volume
07-14 13:04:33.041 W/MountService(  374): getVolumeState(/mnt/extSdCard): Unknown volume
07-14 13:04:33.041 W/MountService(  374): getVolumeState(/mnt/sdcard/SD_CARD): Unknown volume
07-14 13:04:33.041 W/MountService(  374): getVolumeState(/mnt/sdcard/extra_sd): Unknown volume
07-14 13:04:33.041 W/MountService(  374): getVolumeState(/mnt/extrasd_bind): Unknown volume
07-14 13:04:33.041 W/MountService(  374): getVolumeState(/mnt/sdcard/ext_sd): Unknown volume
07-14 13:04:33.041 W/MountService(  374): getVolumeState(/storage/extSdCard): Unknown volume
07-14 13:04:33.041 W/MountService(  374): getVolumeState(/storage/sdcard1): Unknown volume
07-14 13:04:33.041 W/MountService(  374): getVolumeState(/mnt/sdcard/external_SD): Unknown volume
07-14 13:04:33.049 W/MountService(  374): getVolumeState(/mnt/sdcard/external_sd): Unknown volume
07-14 13:04:33.096 D/dalvikvm( 6152): GC_CONCURRENT freed 391K, 7% free 9442K/10092K, paused 6ms+3ms, total 30ms
07-14 13:04:33.112 D/dalvikvm( 6152): WAIT_FOR_CONCURRENT_GC blocked 29ms
07-14 13:04:33.244 W/MountService(  374): getVolumeState(/storage/emulated/0/external_sd): Unknown volume
07-14 13:04:33.252 W/MountService(  374): getVolumeState(/mnt/sdcard-ext): Unknown volume
