07-14 12:55:11.908 D/dalvikvm( 9806): GC_CONCURRENT freed 388K, 77% free 625K/2652K, paused 2ms+0ms, total 8ms
07-14 12:55:12.049 D/dalvikvm( 9806): GC_CONCURRENT freed 390K, 77% free 624K/2652K, paused 0ms+1ms, total 7ms
07-14 12:55:12.174 D/dalvikvm( 9806): GC_CONCURRENT freed 388K, 77% free 624K/2652K, paused 1ms+1ms, total 7ms
07-14 12:55:12.307 D/dalvikvm( 9806): GC_CONCURRENT freed 390K, 77% free 625K/2652K, paused 0ms+1ms, total 6ms
07-14 12:55:12.440 D/dalvikvm( 9806): GC_CONCURRENT freed 389K, 77% free 624K/2652K, paused 1ms+1ms, total 7ms
07-14 12:55:12.573 D/dalvikvm( 9806): GC_CONCURRENT freed 389K, 77% free 625K/2652K, paused 0ms+1ms, total 6ms
07-14 12:55:12.705 D/dalvikvm( 9806): GC_CONCURRENT freed 390K, 77% free 624K/2652K, paused 0ms+1ms, total 7ms
07-14 12:55:12.830 D/dalvikvm( 9806): GC_CONCURRENT freed 389K, 77% free 624K/2652K, paused 0ms+0ms, total 6ms
07-14 12:55:12.963 D/dalvikvm( 9806): GC_CONCURRENT freed 390K, 77% free 624K/2652K, paused 0ms+1ms, total 6ms
07-14 12:55:13.088 D/dalvikvm( 9806): GC_CONCURRENT freed 389K, 77% free 624K/2652K, paused 1ms+1ms, total 7ms
07-14 12:55:13.221 D/dalvikvm( 9806): GC_CONCURRENT freed 389K, 77% free 625K/2652K, paused 1ms+0ms, total 7ms
07-14 12:55:13.354 D/dalvikvm( 9806): GC_CONCURRENT freed 390K, 77% free 624K/2652K, paused 0ms+1ms, total 6ms
07-14 12:55:13.479 D/dalvikvm( 9806): GC_CONCURRENT freed 388K, 77% free 624K/2652K, paused 1ms+1ms, total 7ms
07-14 12:55:13.619 D/dalvikvm( 9806): GC_CONCURRENT freed 390K, 77% free 624K/2652K, paused 2ms+1ms, total 8ms
07-14 12:55:13.752 D/dalvikvm( 9806): GC_CONCURRENT freed 389K, 77% free 624K/2652K, paused 1ms+1ms, total 7ms
07-14 12:55:13.877 D/LightsService(  374): Excessive delay setting light: 67ms
07-14 12:55:13.893 D/dalvikvm( 9806): GC_CONCURRENT freed 389K, 77% free 624K/2652K, paused 0ms+0ms, total 6ms
07-14 12:55:14.026 D/dalvikvm( 9806): GC_CONCURRENT freed 389K, 77% free 624K/2652K, paused 2ms+0ms, total 8ms
07-14 12:55:14.112 D/LightsService(  374): Excessive delay setting light: 67ms
07-14 12:55:14.158 D/dalvikvm( 9806): GC_CONCURRENT freed 389K, 77% free 624K/2652K, paused 0ms+1ms, total 6ms
07-14 12:55:14.291 D/dalvikvm( 9806): GC_CONCURRENT freed 390K, 77% free 624K/2652K, paused 1ms+1ms, total 7ms
07-14 12:55:14.424 D/dalvikvm( 9806): GC_CONCURRENT freed 374K, 76% free 639K/2652K, paused 2ms+1ms, total 8ms
07-14 12:55:14.565 D/dalvikvm( 9806): GC_CONCURRENT freed 403K, 77% free 625K/2652K, paused 1ms+1ms, total 7ms
07-14 12:55:14.698 D/dalvikvm( 9806): GC_CONCURRENT freed 373K, 76% free 642K/2652K, paused 2ms+0ms, total 8ms
07-14 12:55:14.823 D/dalvikvm( 9806): GC_CONCURRENT freed 406K, 77% free 624K/2652K, paused 1ms+1ms, total 7ms
07-14 12:55:14.955 D/dalvikvm( 9806): GC_CONCURRENT freed 390K, 77% free 624K/2652K, paused 1ms+0ms, total 7ms
07-14 12:55:15.088 D/dalvikvm( 9806): GC_CONCURRENT freed 389K, 77% free 624K/2652K, paused 0ms+0ms, total 6ms
07-14 12:55:15.221 D/dalvikvm( 9806): GC_CONCURRENT freed 389K, 77% free 625K/2652K, paused 1ms+1ms, total 7ms
07-14 12:55:15.354 D/dalvikvm( 9806): GC_CONCURRENT freed 390K, 77% free 624K/2652K, paused 0ms+1ms, total 6ms
07-14 12:55:15.487 D/dalvikvm( 9806): GC_CONCURRENT freed 388K, 77% free 624K/2652K, paused 1ms+1ms, total 7ms
07-14 12:55:15.619 D/dalvikvm( 9806): GC_CONCURRENT freed 390K, 77% free 624K/2652K, paused 1ms+1ms, total 7ms
07-14 12:55:15.744 D/dalvikvm( 9806): GC_CONCURRENT freed 372K, 76% free 639K/2652K, paused 2ms+1ms, total 8ms
07-14 12:55:15.885 D/dalvikvm( 9806): GC_CONCURRENT freed 391K, 76% free 639K/2652K, paused 2ms+1ms, total 7ms
07-14 12:55:16.057 D/dalvikvm( 9806): GC_CONCURRENT freed 399K, 77% free 625K/2652K, paused 2ms+1ms, total 8ms
07-14 12:55:16.190 D/dalvikvm( 9806): GC_CONCURRENT freed 393K, 77% free 625K/2652K, paused 1ms+1ms, total 7ms
07-14 12:55:16.323 D/dalvikvm( 9806): GC_CONCURRENT freed 373K, 76% free 642K/2652K, paused 2ms+0ms, total 8ms
07-14 12:55:16.455 D/dalvikvm( 9806): GC_CONCURRENT freed 407K, 77% free 624K/2652K, paused 0ms+1ms, total 7ms
07-14 12:55:16.596 D/dalvikvm( 9806): GC_CONCURRENT freed 389K, 77% free 624K/2652K, paused 1ms+1ms, total 7ms
07-14 12:55:16.604 D/dalvikvm( 1052): GC_CONCURRENT freed 376K, 9% free 10234K/11168K, paused 4ms+3ms, total 50ms
07-14 12:55:16.658 I/PowerManagerService(  374): Going to sleep due to screen timeout...
07-14 12:55:16.666 I/PowerManagerService(  374): Waking up from sleep...
07-14 12:55:16.869 D/dalvikvm(  374): GC_FOR_ALLOC freed 527K, 28% free 19997K/27524K, paused 113ms, total 114ms
07-14 12:55:16.955 D/dalvikvm(  374): GC_FOR_ALLOC freed 751K, 29% free 19629K/27524K, paused 84ms, total 84ms
07-14 12:55:16.963 D/MdmApplication( 3494): [null:-1]->onActivityPaused market.activity.AppListActivity , mActivityCount = 3
07-14 12:55:16.963 D/MDM :   ( 3494): [null:-1]->query
07-14 12:55:16.963 D/MDM :   ( 3494): [null:-1]->QUERY_PINCODE_CHECK_RESULT
07-14 12:55:16.963 E/Mdm     ( 3494): Call Mdm service's setLastExitTime function
07-14 12:55:17.112 D/NfcService(  582): NFC-C OFF, disconnect
07-14 12:55:17.291 D/dalvikvm( 9806): GC_CONCURRENT freed 372K, 76% free 642K/2652K, paused 2ms+1ms, total 11ms
07-14 12:55:17.330 D/dalvikvm( 2019): GC_FOR_ALLOC freed 341K, 7% free 9929K/10588K, paused 69ms, total 70ms
07-14 12:55:17.377 V/KeyguardHostView(  374): hide transport, gen:43
07-14 12:55:17.377 V/KeyguardHostView(  374): music state changed: 0
07-14 12:55:17.408 D/PhoneStatusBar(  450): disable: < expand icons alerts ticker system_info back home RECENT* clock search >
07-14 12:55:17.440 V/TAG     (  374): bug 7643792: fitSystemWindows([0,50][0,0])
07-14 12:55:17.448 D/MDM :   ( 3494): [null:-1]->query
07-14 12:55:17.448 D/MDM :   ( 3494): [null:-1]->QUERY_SETTING_PIN_ONOFF
07-14 12:55:17.471 D/LightsService(  374): Excessive delay setting light: 95ms
07-14 12:55:17.479 D/dalvikvm( 9806): GC_CONCURRENT freed 392K, 76% free 638K/2652K, paused 1ms+0ms, total 7ms
07-14 12:55:17.635 D/LightsService(  374): Excessive delay setting light: 159ms
07-14 12:55:17.705 D/LightsService(  374): Excessive delay setting light: 64ms
07-14 12:55:17.713 D/PhoneStatusBar(  450): disable: < expand icons alerts ticker system_info BACK* HOME* RECENT CLOCK* search >
07-14 12:55:17.815 I/WindowManager(  374): Lock screen displayed!
07-14 12:55:17.823 V/DigitalWidgetViewsFactory( 2502): DigitalWidget sets next alarm string to null
07-14 12:55:17.862 D/LightsService(  374): Excessive delay setting light: 158ms
07-14 12:55:17.987 D/dalvikvm(  636): GC_FOR_ALLOC freed 1007K, 11% free 12678K/14092K, paused 199ms, total 200ms
07-14 12:55:18.330 D/AndroidRuntime( 9883): 
07-14 12:55:18.330 D/AndroidRuntime( 9883): >>>>>> AndroidRuntime START com.android.internal.os.RuntimeInit <<<<<<
07-14 12:55:18.330 D/AndroidRuntime( 9883): CheckJNI is OFF
07-14 12:55:18.346 D/dalvikvm( 9883): Trying to load lib libjavacore.so 0x0
07-14 12:55:18.354 D/dalvikvm( 9883): Added shared lib libjavacore.so 0x0
07-14 12:55:18.369 D/dalvikvm( 9883): Trying to load lib libnativehelper.so 0x0
07-14 12:55:18.369 D/dalvikvm( 9883): Added shared lib libnativehelper.so 0x0
07-14 12:55:18.487 D/dalvikvm( 9806): GC_CONCURRENT freed 362K, 76% free 661K/2652K, paused 0ms+1ms, total 7ms
07-14 12:55:18.487 D/LightsService(  374): Excessive delay setting light: 623ms
07-14 12:55:18.565 I/QueryController( 9806): Matched selector: UiSelector[DESCRIPTION=] <<==>> [android.view.accessibility.AccessibilityNodeInfo@3da18c; boundsInParent: Rect(0, 0 - 720, 756); boundsInScreen: Rect(0, 547 - 720, 1303); packageName: android; className: android.view.View; text: null; contentDescription: ; viewIdResName: android:id/glow_pad_view; checkable: false; checked: false; focusable: false; focused: false; selected: false; clickable: false; longClickable: false; enabled: true; password: false; scrollable: false; [ACTION_SELECT, ACTION_CLEAR_SELECTION, ACTION_ACCESSIBILITY_FOCUS, ACTION_NEXT_AT_MOVEMENT_GRANULARITY, ACTION_PREVIOUS_AT_MOVEMENT_GRANULARITY, ACTION_SET_SELECTION]]
07-14 12:55:18.573 W/GlowPadView(  374): The number of target drawables must be equal to the number of direction descriptions.
07-14 12:55:18.635 D/AndroidRuntime( 9883): Calling main entry com.qihoo360.powerctl.root.app.App
07-14 12:55:18.643 D/AndroidRuntime( 9883): Shutting down VM
07-14 12:55:18.643 I/AndroidRuntime( 9883): NOTE: attach of thread 'Binder_1' failed
07-14 12:55:18.643 D/dalvikvm( 9883): GC_CONCURRENT freed 114K, 22% free 467K/592K, paused 1ms+0ms, total 4ms
07-14 12:55:18.908 D/MdmApplication( 3494): [null:-1]->onActivityStarted market.activity.AppListActivity , mActivityCount = 2
07-14 12:55:18.908 D/MDM :   ( 3494): [null:-1]->query
07-14 12:55:18.908 D/MDM :   ( 3494): [null:-1]->QUERY_PINCODE_CHECK_RESULT
07-14 12:55:18.916 D/PhoneStatusBar(  450): disable: < expand icons alerts ticker system_info BACK HOME recent* CLOCK search >
07-14 12:55:18.940 D/NfcService(  582): NFC-C ON
07-14 12:55:18.979 D/PhoneStatusBar(  450): disable: < expand icons alerts ticker system_info back* home* recent clock* search >
07-14 12:55:18.994 W/InputMethodManagerService(  374): Window already focused, ignoring focus gain of: com.android.internal.view.IInputMethodClient$Stub$Proxy@42d55918 attribute=android.view.inputmethod.EditorInfo@42d7da10, token = android.os.BinderProxy@431501e8
07-14 12:55:19.291 I/RootJni ( 9906): su: permission denied
07-14 12:55:19.440 V/TAG     (  374): bug 7643792: fitSystemWindows([0,50][0,0])
07-14 12:55:19.471 D/AndroidRuntime( 9905): 
07-14 12:55:19.471 D/AndroidRuntime( 9905): >>>>>> AndroidRuntime START com.android.internal.os.RuntimeInit <<<<<<
07-14 12:55:19.471 D/AndroidRuntime( 9905): CheckJNI is OFF
07-14 12:55:19.487 D/dalvikvm( 9905): Trying to load lib libjavacore.so 0x0
07-14 12:55:19.494 D/dalvikvm( 9905): Added shared lib libjavacore.so 0x0
07-14 12:55:19.510 D/dalvikvm( 9905): Trying to load lib libnativehelper.so 0x0
07-14 12:55:19.510 D/dalvikvm( 9905): Added shared lib libnativehelper.so 0x0
07-14 12:55:19.744 D/dalvikvm( 9806): GC_CONCURRENT freed 433K, 76% free 641K/2652K, paused 2ms+0ms, total 15ms
07-14 12:55:19.768 D/AndroidRuntime( 9905): Calling main entry com.qihoo360.powerctl.root.app.App
07-14 12:55:19.776 D/AndroidRuntime( 9905): Shutting down VM
07-14 12:55:19.776 D/dalvikvm( 9905): GC_CONCURRENT freed 114K, 22% free 467K/592K, paused 0ms+1ms, total 3ms
07-14 12:55:19.776 I/AndroidRuntime( 9905): NOTE: attach of thread 'Binder_1' failed
07-14 12:55:19.893 D/dalvikvm( 9806): GC_CONCURRENT freed 407K, 77% free 624K/2652K, paused 1ms+0ms, total 7ms
07-14 12:55:20.049 D/dalvikvm( 9806): GC_CONCURRENT freed 372K, 76% free 642K/2652K, paused 1ms+1ms, total 8ms
07-14 12:55:20.198 D/dalvikvm( 9806): GC_CONCURRENT freed 406K, 77% free 624K/2652K, paused 1ms+1ms, total 7ms
07-14 12:55:20.330 D/dalvikvm( 9806): GC_CONCURRENT freed 390K, 77% free 624K/2652K, paused 1ms+0ms, total 7ms
07-14 12:55:20.471 D/dalvikvm( 9806): GC_CONCURRENT freed 390K, 77% free 623K/2652K, paused 1ms+1ms, total 8ms
07-14 12:55:20.604 D/dalvikvm( 9806): GC_CONCURRENT freed 371K, 76% free 642K/2652K, paused 1ms+1ms, total 9ms
07-14 12:55:20.627 D/dalvikvm( 1052): GC_CONCURRENT freed 612K, 11% free 10009K/11168K, paused 4ms+6ms, total 48ms
07-14 12:55:20.744 D/dalvikvm( 9806): GC_CONCURRENT freed 408K, 77% free 623K/2652K, paused 1ms+0ms, total 8ms
07-14 12:55:20.869 D/dalvikvm( 9806): GC_CONCURRENT freed 387K, 77% free 624K/2652K, paused 1ms+1ms, total 8ms
07-14 12:55:21.010 D/dalvikvm( 9806): GC_CONCURRENT freed 390K, 77% free 624K/2652K, paused 0ms+1ms, total 7ms
07-14 12:55:21.151 D/dalvikvm( 9806): GC_CONCURRENT freed 390K, 77% free 623K/2652K, paused 2ms+0ms, total 9ms
07-14 12:55:21.276 D/dalvikvm( 9806): GC_CONCURRENT freed 389K, 77% free 624K/2652K, paused 0ms+0ms, total 7ms
07-14 12:55:21.455 D/dalvikvm( 3494): GC_CONCURRENT freed 4657K, 18% free 22558K/27332K, paused 6ms+23ms, total 177ms
07-14 12:55:21.471 D/dalvikvm( 9806): GC_CONCURRENT freed 390K, 77% free 623K/2652K, paused 0ms+1ms, total 7ms
07-14 12:55:21.604 D/dalvikvm( 9806): GC_CONCURRENT freed 387K, 77% free 624K/2652K, paused 1ms+1ms, total 8ms
07-14 12:55:21.744 D/dalvikvm( 9806): GC_CONCURRENT freed 390K, 77% free 624K/2652K, paused 0ms+1ms, total 7ms
07-14 12:55:21.885 D/dalvikvm( 9806): GC_CONCURRENT freed 390K, 77% free 623K/2652K, paused 2ms+1ms, total 9ms
07-14 12:55:22.018 D/dalvikvm( 9806): GC_CONCURRENT freed 389K, 77% free 624K/2652K, paused 2ms+0ms, total 9ms
07-14 12:55:22.158 D/dalvikvm( 9806): GC_CONCURRENT freed 390K, 77% free 623K/2652K, paused 1ms+1ms, total 8ms
07-14 12:55:22.291 D/dalvikvm( 9806): GC_CONCURRENT freed 387K, 77% free 624K/2652K, paused 0ms+0ms, total 6ms
07-14 12:55:22.424 D/dalvikvm( 9806): GC_CONCURRENT freed 390K, 77% free 624K/2652K, paused 1ms+1ms, total 7ms
07-14 12:55:22.557 D/dalvikvm( 9806): GC_CONCURRENT freed 390K, 77% free 623K/2652K, paused 2ms+1ms, total 9ms
07-14 12:55:22.682 D/dalvikvm( 9806): GC_CONCURRENT freed 389K, 77% free 624K/2652K, paused 0ms+0ms, total 7ms
07-14 12:55:22.815 D/dalvikvm( 9806): GC_CONCURRENT freed 390K, 77% free 623K/2652K, paused 0ms+0ms, total 7ms
07-14 12:55:22.940 D/dalvikvm( 9806): GC_CONCURRENT freed 387K, 77% free 625K/2652K, paused 1ms+1ms, total 7ms
07-14 12:55:23.073 D/dalvikvm( 9806): GC_CONCURRENT freed 391K, 77% free 624K/2652K, paused 0ms+1ms, total 6ms
07-14 12:55:23.205 D/dalvikvm( 9806): GC_CONCURRENT freed 390K, 77% free 623K/2652K, paused 0ms+0ms, total 7ms
07-14 12:55:23.330 D/dalvikvm( 9806): GC_CONCURRENT freed 389K, 77% free 624K/2652K, paused 0ms+0ms, total 6ms
07-14 12:55:23.455 D/dalvikvm( 9806): GC_CONCURRENT freed 390K, 77% free 624K/2652K, paused 1ms+1ms, total 7ms
07-14 12:55:23.588 D/dalvikvm( 9806): GC_CONCURRENT freed 388K, 77% free 624K/2652K, paused 2ms+1ms, total 8ms
07-14 12:55:23.721 D/dalvikvm( 9806): GC_CONCURRENT freed 390K, 77% free 624K/2652K, paused 0ms+0ms, total 7ms
07-14 12:55:23.854 D/dalvikvm( 9806): GC_CONCURRENT freed 390K, 77% free 623K/2652K, paused 1ms+1ms, total 7ms
07-14 12:55:23.979 D/dalvikvm( 9806): GC_CONCURRENT freed 388K, 77% free 624K/2652K, paused 1ms+1ms, total 7ms
07-14 12:55:24.112 D/dalvikvm( 9806): GC_CONCURRENT freed 390K, 77% free 624K/2652K, paused 2ms+1ms, total 8ms
07-14 12:55:24.244 D/dalvikvm( 9806): GC_CONCURRENT freed 388K, 77% free 624K/2652K, paused 1ms+1ms, total 7ms
07-14 12:55:24.369 D/dalvikvm( 9806): GC_CONCURRENT freed 390K, 77% free 624K/2652K, paused 0ms+0ms, total 6ms
07-14 12:55:24.502 D/dalvikvm( 9806): GC_CONCURRENT freed 389K, 77% free 624K/2652K, paused 0ms+0ms, total 7ms
07-14 12:55:24.627 D/dalvikvm( 9806): GC_CONCURRENT freed 389K, 77% free 624K/2652K, paused 0ms+1ms, total 7ms
07-14 12:55:24.760 D/dalvikvm( 9806): GC_CONCURRENT freed 391K, 77% free 623K/2652K, paused 0ms+1ms, total 7ms
07-14 12:55:24.885 D/dalvikvm( 9806): GC_CONCURRENT freed 387K, 77% free 624K/2652K, paused 1ms+1ms, total 7ms
07-14 12:55:25.018 D/dalvikvm( 9806): GC_CONCURRENT freed 390K, 77% free 624K/2652K, paused 0ms+0ms, total 6ms
07-14 12:55:25.143 D/dalvikvm( 9806): GC_CONCURRENT freed 390K, 77% free 623K/2652K, paused 1ms+1ms, total 7ms
07-14 12:55:25.268 D/dalvikvm( 9806): GC_CONCURRENT freed 389K, 77% free 624K/2652K, paused 0ms+0ms, total 6ms
07-14 12:55:25.401 D/dalvikvm( 9806): GC_CONCURRENT freed 390K, 77% free 624K/2652K, paused 1ms+1ms, total 7ms
07-14 12:55:25.526 D/dalvikvm( 9806): GC_CONCURRENT freed 387K, 77% free 625K/2652K, paused 1ms+1ms, total 7ms
07-14 12:55:25.658 D/dalvikvm( 9806): GC_CONCURRENT freed 391K, 77% free 624K/2652K, paused 2ms+1ms, total 8ms
07-14 12:55:25.791 D/dalvikvm( 9806): GC_CONCURRENT freed 390K, 77% free 623K/2652K, paused 1ms+1ms, total 7ms
07-14 12:55:25.916 D/dalvikvm( 9806): GC_CONCURRENT freed 388K, 77% free 624K/2652K, paused 1ms+1ms, total 7ms
07-14 12:55:26.049 D/dalvikvm( 9806): GC_CONCURRENT freed 390K, 77% free 624K/2652K, paused 1ms+1ms, total 7ms
07-14 12:55:26.174 D/dalvikvm( 9806): GC_CONCURRENT freed 387K, 77% free 625K/2652K, paused 1ms+1ms, total 7ms
07-14 12:55:26.307 D/dalvikvm( 9806): GC_CONCURRENT freed 391K, 77% free 624K/2652K, paused 1ms+1ms, total 7ms
07-14 12:55:26.432 D/dalvikvm( 9806): GC_CONCURRENT freed 390K, 77% free 623K/2652K, paused 1ms+1ms, total 8ms
07-14 12:55:26.596 D/dalvikvm( 9806): GC_CONCURRENT freed 389K, 77% free 624K/2652K, paused 0ms+0ms, total 8ms
07-14 12:55:26.729 D/dalvikvm( 9806): GC_CONCURRENT freed 390K, 77% free 623K/2652K, paused 0ms+1ms, total 7ms
07-14 12:55:26.862 D/dalvikvm( 9806): GC_CONCURRENT freed 387K, 77% free 624K/2652K, paused 1ms+1ms, total 7ms
07-14 12:55:26.987 D/dalvikvm( 9806): GC_CONCURRENT freed 390K, 77% free 624K/2652K, paused 0ms+0ms, total 6ms
07-14 12:55:27.119 D/dalvikvm( 9806): GC_CONCURRENT freed 389K, 77% free 624K/2652K, paused 1ms+1ms, total 7ms
07-14 12:55:27.252 D/dalvikvm( 9806): GC_CONCURRENT freed 389K, 77% free 624K/2652K, paused 1ms+1ms, total 8ms
07-14 12:55:27.393 D/dalvikvm( 9806): GC_CONCURRENT freed 391K, 77% free 623K/2652K, paused 2ms+1ms, total 8ms
07-14 12:55:27.526 D/dalvikvm( 9806): GC_CONCURRENT freed 387K, 77% free 624K/2652K, paused 1ms+1ms, total 7ms
07-14 12:55:27.658 D/dalvikvm( 9806): GC_CONCURRENT freed 390K, 77% free 624K/2652K, paused 0ms+1ms, total 7ms
07-14 12:55:27.799 D/dalvikvm( 9806): GC_CONCURRENT freed 389K, 77% free 624K/2652K, paused 1ms+1ms, total 7ms
07-14 12:55:27.924 D/dalvikvm( 9806): GC_CONCURRENT freed 389K, 77% free 624K/2652K, paused 0ms+0ms, total 6ms
07-14 12:55:28.057 D/dalvikvm( 9806): GC_CONCURRENT freed 390K, 77% free 623K/2652K, paused 1ms+0ms, total 7ms
07-14 12:55:28.182 D/dalvikvm( 9806): GC_CONCURRENT freed 387K, 77% free 624K/2652K, paused 0ms+0ms, total 6ms
07-14 12:55:28.315 D/dalvikvm( 9806): GC_CONCURRENT freed 390K, 77% free 624K/2652K, paused 0ms+1ms, total 7ms
07-14 12:55:28.448 D/dalvikvm( 9806): GC_CONCURRENT freed 389K, 77% free 624K/2652K, paused 0ms+0ms, total 7ms
07-14 12:55:28.573 D/dalvikvm( 9806): GC_CONCURRENT freed 389K, 77% free 624K/2652K, paused 1ms+0ms, total 7ms
07-14 12:55:28.705 D/dalvikvm( 9806): GC_CONCURRENT freed 390K, 77% free 624K/2652K, paused 0ms+0ms, total 6ms
07-14 12:55:28.838 D/dalvikvm( 9806): GC_CONCURRENT freed 388K, 77% free 624K/2652K, paused 1ms+1ms, total 7ms
07-14 12:55:28.963 D/dalvikvm( 9806): GC_CONCURRENT freed 390K, 77% free 624K/2652K, paused 0ms+0ms, total 6ms
07-14 12:55:29.096 D/dalvikvm( 9806): GC_CONCURRENT freed 389K, 77% free 624K/2652K, paused 0ms+0ms, total 6ms
07-14 12:55:29.237 D/dalvikvm( 9806): GC_CONCURRENT freed 389K, 77% free 624K/2652K, paused 1ms+1ms, total 16ms
07-14 12:55:29.346 D/dalvikvm( 3494): GC_CONCURRENT freed 4520K, 18% free 22566K/27252K, paused 4ms+30ms, total 203ms
07-14 12:55:29.408 D/dalvikvm( 9806): GC_CONCURRENT freed 390K, 77% free 623K/2652K, paused 1ms+1ms, total 7ms
07-14 12:55:29.541 D/dalvikvm( 9806): GC_CONCURRENT freed 388K, 77% free 624K/2652K, paused 1ms+1ms, total 7ms
07-14 12:55:29.674 D/dalvikvm( 9806): GC_CONCURRENT freed 373K, 76% free 639K/2652K, paused 2ms+1ms, total 8ms
07-14 12:55:29.815 D/dalvikvm( 9806): GC_CONCURRENT freed 389K, 76% free 638K/2652K, paused 2ms+1ms, total 8ms
07-14 12:55:29.955 D/dalvikvm( 9806): GC_CONCURRENT freed 389K, 76% free 641K/2652K, paused 2ms+1ms, total 9ms
07-14 12:55:30.088 D/dalvikvm( 9806): GC_CONCURRENT freed 410K, 77% free 621K/2652K, paused 1ms+1ms, total 7ms
07-14 12:55:30.221 D/dalvikvm( 9806): GC_CONCURRENT freed 384K, 77% free 624K/2652K, paused 1ms+1ms, total 7ms
07-14 12:55:30.354 D/dalvikvm( 9806): GC_CONCURRENT freed 390K, 77% free 624K/2652K, paused 1ms+1ms, total 7ms
07-14 12:55:30.487 D/dalvikvm( 9806): GC_CONCURRENT freed 389K, 77% free 624K/2652K, paused 0ms+0ms, total 6ms
07-14 12:55:30.619 D/dalvikvm( 9806): GC_CONCURRENT freed 389K, 77% free 624K/2652K, paused 1ms+1ms, total 7ms
07-14 12:55:30.752 D/dalvikvm( 9806): GC_CONCURRENT freed 372K, 76% free 641K/2652K, paused 2ms+1ms, total 8ms
07-14 12:55:30.885 D/dalvikvm( 9806): GC_CONCURRENT freed 405K, 77% free 625K/2652K, paused 0ms+0ms, total 6ms
07-14 12:55:31.026 D/dalvikvm( 9806): GC_CONCURRENT freed 390K, 77% free 624K/2652K, paused 1ms+0ms, total 7ms
07-14 12:55:31.104 D/LightsService(  374): Excessive delay setting light: 68ms
07-14 12:55:31.158 D/dalvikvm( 9806): GC_CONCURRENT freed 390K, 77% free 623K/2652K, paused 2ms+1ms, total 8ms
07-14 12:55:31.299 D/dalvikvm( 9806): GC_CONCURRENT freed 389K, 77% free 624K/2652K, paused 1ms+1ms, total 7ms
07-14 12:55:31.338 D/LightsService(  374): Excessive delay setting light: 67ms
07-14 12:55:31.440 D/dalvikvm( 9806): GC_CONCURRENT freed 390K, 77% free 624K/2652K, paused 1ms+1ms, total 7ms
07-14 12:55:31.565 D/dalvikvm( 9806): GC_CONCURRENT freed 387K, 77% free 624K/2652K, paused 1ms+1ms, total 7ms
07-14 12:55:31.698 D/dalvikvm( 9806): GC_CONCURRENT freed 390K, 77% free 624K/2652K, paused 0ms+0ms, total 6ms
07-14 12:55:31.830 D/dalvikvm( 9806): GC_CONCURRENT freed 390K, 77% free 623K/2652K, paused 0ms+0ms, total 6ms
07-14 12:55:31.955 D/dalvikvm( 9806): GC_CONCURRENT freed 388K, 77% free 624K/2652K, paused 1ms+1ms, total 7ms
07-14 12:55:32.088 D/dalvikvm( 9806): GC_CONCURRENT freed 391K, 77% free 623K/2652K, paused 0ms+0ms, total 6ms
07-14 12:55:32.213 D/dalvikvm( 9806): GC_CONCURRENT freed 387K, 77% free 624K/2652K, paused 1ms+0ms, total 7ms
07-14 12:55:32.307 W/MountService(  374): getVolumeState(/storage/emulated/0/external_sd): Unknown volume
07-14 12:55:32.307 W/MountService(  374): getVolumeState(/mnt/sdcard-ext): Unknown volume
07-14 12:55:32.307 W/MountService(  374): getVolumeState(/mnt/ext_sdcard): Unknown volume
07-14 12:55:32.307 W/MountService(  374): getVolumeState(/mnt/sdcard2): Unknown volume
07-14 12:55:32.315 W/MountService(  374): getVolumeState(/mnt/emmc): Unknown volume
07-14 12:55:32.315 W/MountService(  374): getVolumeState(/mnt/extSdCard): Unknown volume
07-14 12:55:32.315 W/MountService(  374): getVolumeState(/mnt/sdcard/SD_CARD): Unknown volume
07-14 12:55:32.315 W/MountService(  374): getVolumeState(/mnt/sdcard/extra_sd): Unknown volume
07-14 12:55:32.315 W/MountService(  374): getVolumeState(/mnt/extrasd_bind): Unknown volume
07-14 12:55:32.315 W/MountService(  374): getVolumeState(/mnt/sdcard/ext_sd): Unknown volume
07-14 12:55:32.323 W/MountService(  374): getVolumeState(/storage/extSdCard): Unknown volume
07-14 12:55:32.323 W/MountService(  374): getVolumeState(/storage/sdcard1): Unknown volume
07-14 12:55:32.323 W/MountService(  374): getVolumeState(/mnt/sdcard/external_SD): Unknown volume
07-14 12:55:32.323 W/MountService(  374): getVolumeState(/mnt/sdcard/external_sd): Unknown volume
07-14 12:55:32.346 D/dalvikvm( 9806): GC_CONCURRENT freed 388K, 77% free 624K/2652K, paused 1ms+1ms, total 7ms
07-14 12:55:32.369 D/dalvikvm( 6152): GC_CONCURRENT freed 389K, 7% free 9424K/10072K, paused 4ms+3ms, total 36ms
07-14 12:55:32.369 D/dalvikvm( 6152): WAIT_FOR_CONCURRENT_GC blocked 17ms
07-14 12:55:32.369 D/dalvikvm( 6152): WAIT_FOR_CONCURRENT_GC blocked 16ms
07-14 12:55:32.494 D/dalvikvm( 9806): GC_CONCURRENT freed 374K, 76% free 638K/2652K, paused 2ms+1ms, total 8ms
07-14 12:55:32.588 D/dalvikvm(  374): GC_CONCURRENT freed 1948K, 27% free 20241K/27524K, paused 4ms+13ms, total 114ms
07-14 12:55:32.651 D/dalvikvm( 9806): GC_CONCURRENT freed 407K, 77% free 620K/2652K, paused 0ms+0ms, total 6ms
07-14 12:55:32.737 W/MountService(  374): getVolumeState(/storage/emulated/0/external_sd): Unknown volume
07-14 12:55:32.737 W/MountService(  374): getVolumeState(/mnt/sdcard-ext): Unknown volume
07-14 12:55:32.737 W/MountService(  374): getVolumeState(/mnt/ext_sdcard): Unknown volume
07-14 12:55:32.737 W/MountService(  374): getVolumeState(/mnt/sdcard2): Unknown volume
07-14 12:55:32.737 W/MountService(  374): getVolumeState(/mnt/emmc): Unknown volume
07-14 12:55:32.744 W/MountService(  374): getVolumeState(/mnt/extSdCard): Unknown volume
07-14 12:55:32.744 W/MountService(  374): getVolumeState(/mnt/sdcard/SD_CARD): Unknown volume
07-14 12:55:32.744 W/MountService(  374): getVolumeState(/mnt/sdcard/extra_sd): Unknown volume
07-14 12:55:32.752 W/MountService(  374): getVolumeState(/mnt/extrasd_bind): Unknown volume
07-14 12:55:32.752 W/MountService(  374): getVolumeState(/mnt/sdcard/ext_sd): Unknown volume
07-14 12:55:32.752 W/MountService(  374): getVolumeState(/storage/extSdCard): Unknown volume
07-14 12:55:32.752 W/MountService(  374): getVolumeState(/storage/sdcard1): Unknown volume
07-14 12:55:32.752 W/MountService(  374): getVolumeState(/mnt/sdcard/external_SD): Unknown volume
07-14 12:55:32.752 W/MountService(  374): getVolumeState(/mnt/sdcard/external_sd): Unknown volume
07-14 12:55:32.776 D/dalvikvm( 6152): GC_CONCURRENT freed 513K, 7% free 9423K/10072K, paused 22ms+4ms, total 85ms
07-14 12:55:32.776 D/dalvikvm( 6152): WAIT_FOR_CONCURRENT_GC blocked 32ms
07-14 12:55:32.776 D/dalvikvm( 6152): WAIT_FOR_CONCURRENT_GC blocked 14ms
07-14 12:55:32.776 D/dalvikvm( 6152): WAIT_FOR_CONCURRENT_GC blocked 21ms
07-14 12:55:32.791 D/dalvikvm( 9806): GC_CONCURRENT freed 371K, 76% free 639K/2652K, paused 2ms+1ms, total 8ms
07-14 12:55:32.924 D/dalvikvm( 6152): GC_CONCURRENT freed 425K, 7% free 9387K/10072K, paused 4ms+3ms, total 28ms
07-14 12:55:32.924 D/dalvikvm( 6152): WAIT_FOR_CONCURRENT_GC blocked 22ms
07-14 12:55:32.932 D/dalvikvm( 9806): GC_CONCURRENT freed 407K, 77% free 620K/2652K, paused 1ms+1ms, total 7ms
07-14 12:55:33.065 D/dalvikvm( 9806): GC_CONCURRENT freed 372K, 76% free 641K/2652K, paused 1ms+0ms, total 7ms
07-14 12:55:33.198 D/dalvikvm( 9806): GC_CONCURRENT freed 406K, 77% free 624K/2652K, paused 1ms+1ms, total 7ms
07-14 12:55:33.323 D/dalvikvm( 9806): GC_CONCURRENT freed 389K, 77% free 624K/2652K, paused 0ms+0ms, total 6ms
07-14 12:55:33.455 D/dalvikvm( 9806): GC_CONCURRENT freed 390K, 77% free 623K/2652K, paused 1ms+1ms, total 7ms
07-14 12:55:33.588 D/dalvikvm( 9806): GC_CONCURRENT freed 387K, 77% free 624K/2652K, paused 2ms+1ms, total 8ms
07-14 12:55:33.721 D/dalvikvm( 9806): GC_CONCURRENT freed 391K, 77% free 624K/2652K, paused 0ms+1ms, total 6ms
07-14 12:55:33.854 D/dalvikvm( 9806): GC_CONCURRENT freed 389K, 77% free 624K/2652K, paused 1ms+1ms, total 7ms
07-14 12:55:33.877 I/PowerManagerService(  374): Going to sleep due to screen timeout...
07-14 12:55:33.893 I/PowerManagerService(  374): Waking up from sleep...
07-14 12:55:33.924 D/MdmApplication( 3494): [null:-1]->onActivityPaused market.activity.AppListActivity , mActivityCount = 3
07-14 12:55:33.924 D/MDM :   ( 3494): [null:-1]->query
07-14 12:55:33.924 D/MDM :   ( 3494): [null:-1]->QUERY_PINCODE_CHECK_RESULT
07-14 12:55:33.924 E/Mdm     ( 3494): Call Mdm service's setLastExitTime function
07-14 12:55:34.104 D/NfcService(  582): NFC-C OFF, disconnect
07-14 12:55:34.260 D/MDM :   ( 3494): [null:-1]->query
07-14 12:55:34.260 D/MDM :   ( 3494): [null:-1]->QUERY_SETTING_PIN_ONOFF
07-14 12:55:34.283 V/KeyguardHostView(  374): hide transport, gen:43
07-14 12:55:34.283 V/KeyguardHostView(  374): music state changed: 0
07-14 12:55:34.315 D/PhoneStatusBar(  450): disable: < expand icons alerts ticker system_info back home RECENT* clock search >
07-14 12:55:34.346 V/TAG     (  374): bug 7643792: fitSystemWindows([0,50][0,0])
07-14 12:55:34.440 D/LightsService(  374): Excessive delay setting light: 97ms
07-14 12:55:34.619 D/LightsService(  374): Excessive delay setting light: 179ms
07-14 12:55:34.627 D/PhoneStatusBar(  450): disable: < expand icons alerts ticker system_info BACK* HOME* RECENT CLOCK* search >
07-14 12:55:34.651 V/DigitalWidgetViewsFactory( 2502): DigitalWidget sets next alarm string to null
07-14 12:55:34.674 I/WindowManager(  374): Lock screen displayed!
07-14 12:55:35.065 D/AndroidRuntime( 9926): 
07-14 12:55:35.065 D/AndroidRuntime( 9926): >>>>>> AndroidRuntime START com.android.internal.os.RuntimeInit <<<<<<
07-14 12:55:35.065 D/AndroidRuntime( 9926): CheckJNI is OFF
07-14 12:55:35.080 D/dalvikvm( 9926): Trying to load lib libjavacore.so 0x0
07-14 12:55:35.080 D/dalvikvm( 9926): Added shared lib libjavacore.so 0x0
07-14 12:55:35.096 D/dalvikvm( 9926): Trying to load lib libnativehelper.so 0x0
07-14 12:55:35.096 D/dalvikvm( 9926): Added shared lib libnativehelper.so 0x0
07-14 12:55:35.362 D/LightsService(  374): Excessive delay setting light: 736ms
07-14 12:55:35.362 D/AndroidRuntime( 9926): Calling main entry com.qihoo360.powerctl.root.app.App
07-14 12:55:35.362 D/AndroidRuntime( 9926): Shutting down VM
07-14 12:55:35.369 D/dalvikvm( 9926): GC_CONCURRENT freed 114K, 22% free 467K/592K, paused 1ms+1ms, total 4ms
07-14 12:55:35.369 I/AndroidRuntime( 9926): NOTE: attach of thread 'Binder_1' failed
07-14 12:55:35.424 D/LightsService(  374): Excessive delay setting light: 67ms
07-14 12:55:35.510 D/dalvikvm( 9806): GC_CONCURRENT freed 391K, 77% free 625K/2652K, paused 2ms+1ms, total 8ms
07-14 12:55:37.510 I/AndroidRuntime( 9806): VM exiting with result code 0.
07-14 12:55:46.533 D/LightsService(  374): Excessive delay setting light: 67ms
07-14 12:55:46.799 D/LightsService(  374): Excessive delay setting light: 66ms
07-14 12:55:49.323 I/PowerManagerService(  374): Going to sleep due to screen timeout...
07-14 12:55:50.112 D/SurfaceFlinger(  124): Screen released, type=0 flinger=0x41e1a478
07-14 12:55:50.260 D/dalvikvm(  636): GC_FOR_ALLOC freed 1016K, 11% free 12672K/14092K, paused 59ms, total 60ms
07-14 12:55:50.260 V/KeyguardHostView(  374): hide transport, gen:43
07-14 12:55:50.268 V/KeyguardHostView(  374): music state changed: 0
07-14 12:55:50.346 D/dalvikvm( 2019): GC_FOR_ALLOC freed 318K, 7% free 9929K/10588K, paused 21ms, total 21ms
07-14 12:55:50.393 D/MDM :   ( 3494): [null:-1]->query
07-14 12:55:50.393 D/MDM :   ( 3494): [null:-1]->QUERY_SETTING_PIN_ONOFF
07-14 12:55:57.119 D/MDM :   ( 3494): [null:-1]->MSG_WEBSOCKET_MESSAGE : {"id":2041717944,"type":0,"command":0,"result":0,"reason":0,"params":{"msgId":"697015f6-0e84-4dd2-8df0-6f40e6bffe4a,697015f60e844dd28df06f40e6bffe4a","device":"ffffffffc539bb10fffffffff7aea961","message":"{\"cmd\":\"10119\"}"}}
07-14 12:55:57.127 D/MdmService( 3494): [null:-1]->push message type :0
07-14 12:55:57.135 D/MdmService( 3494): [null:-1]->cmdMessage : {"cmd":"10119"}
07-14 12:55:57.135 D/MdmService( 3494): [null:-1]->command : PushCommandMsg{cmd='10119', msg='null'}
07-14 12:55:57.135 D/MDM :   ( 3494): [null:-1]->PUSH CMD: 10119
07-14 12:55:57.143 D/MdmStatusManager( 3494): [null:-1]->change status to : Busy
07-14 12:55:57.143 D/DB      ( 3494): query: SQLiteQuery: SELECT content, command_status, status FROM command WHERE status!=2
07-14 12:55:57.143 D/DB      ( 3494): factory null
07-14 12:55:57.143 D/DB      ( 3494): fillWindow: 0
07-14 12:55:57.143 D/DB      ( 3494): cursor 0
07-14 12:55:57.151 D/DB      ( 3494): moveToPos: 0
07-14 12:55:57.151 I/TransInfo( 3494): TransInfo created, id: 3, class: class com.pekall.emdm.transaction.b.c
07-14 12:55:57.151 D/NetworkThread( 3494): [null:-1]->----isRunning-----true
07-14 12:55:57.151 D/NetworkThread( 3494): [null:-1]->----isRunning-----true
07-14 12:55:57.151 D/NetworkThread( 3494): [null:-1]->thread wakeup
07-14 12:55:57.158 D/HttpClient( 3494): enable apache.http debug
07-14 12:55:57.158 V/DEBUG   ( 3494): HTTP 0
07-14 12:55:58.158 V/DEBUG   ( 3494): HTTP 1
07-14 12:55:58.166 D/MDM :   ( 3494): [null:-1]->read network input stream
07-14 12:55:58.174 D/CheckInTransInfo( 3494): [null:-1]->CommandMsg : CommandMsg{CommandUUID='8a80888e4732aed50147333a2d460783', Command=CommandRemoveApp{Identifier='com.youloft.calendar', fromMarket=true}}
07-14 12:55:58.174 D/DB      ( 3494): query: SQLiteQuery: SELECT * FROM command WHERE cmd_uuid='8a80888e4732aed50147333a2d460783'
07-14 12:55:58.174 D/DB      ( 3494): factory null
07-14 12:55:58.174 D/DB      ( 3494): fillWindow: 0
07-14 12:55:58.174 D/DB      ( 3494): cursor 0
07-14 12:55:58.205 D/NetworkThread( 3494): [null:-1]->queue is empty, thread wait...
07-14 12:55:58.307 D/MdmService( 3494): [null:-1]->handleCheckInResult
07-14 12:55:58.307 D/MdmService( 3494): [null:-1]->handleCheckInResult result keyIndex: 3
07-14 12:55:58.315 D/CommandManager( 3494): [null:-1]->execute command: CommandMsg{CommandUUID='8a80888e4732aed50147333a2d460783', Command=CommandRemoveApp{Identifier='com.youloft.calendar', fromMarket=true}}
07-14 12:55:58.315 D/TEST_ALL( 3494): [null:-1]->REQ_TYPE_RM_APP
07-14 12:55:58.323 D/DB      ( 3494): query: SQLiteQuery: SELECT * FROM app WHERE type = 51107
07-14 12:55:58.323 D/DB      ( 3494): factory null
07-14 12:55:58.323 D/DB      ( 3494): fillWindow: 0
07-14 12:55:58.323 D/DB      ( 3494): cursor 0
07-14 12:55:58.323 D/DB      ( 3494): query: SQLiteQuery: SELECT * FROM app WHERE readStatus =0
07-14 12:55:58.323 D/DB      ( 3494): factory null
07-14 12:55:58.323 D/DB      ( 3494): fillWindow: 0
07-14 12:55:58.330 D/DB      ( 3494): cursor 0
07-14 12:55:58.330 E/Mdm     ( 3494): Call Mdm service's recordIconCount function
07-14 12:55:58.362 I/TransInfo( 3494): TransInfo created, id: 3, class: class com.pekall.emdm.transaction.b.c
07-14 12:55:58.362 D/NetworkThread( 3494): [null:-1]->----isRunning-----true
07-14 12:55:58.362 D/NetworkThread( 3494): [null:-1]->----isRunning-----true
07-14 12:55:58.362 D/NetworkThread( 3494): [null:-1]->thread wakeup
07-14 12:55:58.369 D/HttpClient( 3494): enable apache.http debug
07-14 12:55:58.369 V/DEBUG   ( 3494): HTTP 0
07-14 12:55:59.158 V/DEBUG   ( 3494): HTTP 1
07-14 12:55:59.166 D/MdmDatabaseHelper( 3494): [null:-1]->update command 8a80888e4732aed50147333a2d460783 to status executed
07-14 12:55:59.198 D/NetworkThread( 3494): [null:-1]->queue is empty, thread wait...
07-14 12:55:59.268 D/MdmService( 3494): [null:-1]->handleCheckInResult
07-14 12:55:59.268 D/MdmService( 3494): [null:-1]->handleCheckInResult result keyIndex: 3
07-14 12:55:59.268 D/HandleCommandTask( 3494): [null:-1]->execute command msg but beanBase is null
07-14 12:55:59.268 D/MdmStatusManager( 3494): [null:-1]->change status to : Idle
07-14 12:56:00.174 D/dalvikvm(  374): GC_CONCURRENT freed 3082K, 28% free 19925K/27524K, paused 5ms+12ms, total 117ms
07-14 12:56:07.862 D/AndroidRuntime( 9955): 
07-14 12:56:07.862 D/AndroidRuntime( 9955): >>>>>> AndroidRuntime START com.android.internal.os.RuntimeInit <<<<<<
07-14 12:56:07.862 D/AndroidRuntime( 9955): CheckJNI is OFF
07-14 12:56:07.877 D/dalvikvm( 9955): Trying to load lib libjavacore.so 0x0
07-14 12:56:07.877 D/dalvikvm( 9955): Added shared lib libjavacore.so 0x0
07-14 12:56:07.893 D/dalvikvm( 9955): Trying to load lib libnativehelper.so 0x0
07-14 12:56:07.893 D/dalvikvm( 9955): Added shared lib libnativehelper.so 0x0
07-14 12:56:08.143 D/AndroidRuntime( 9955): Calling main entry com.android.commands.uiautomator.Launcher
07-14 12:56:08.174 E/UiDevice( 9955): Exceuting watcher: ANRWatcher
07-14 12:56:08.174 E/UiDevice( 9955): java.lang.RuntimeException: UiDevice not initialized
07-14 12:56:08.174 E/UiDevice( 9955): 	at com.android.uiautomator.core.UiDevice.getAutomatorBridge(UiDevice.java:87)
07-14 12:56:08.174 E/UiDevice( 9955): 	at com.android.uiautomator.core.UiDevice.wakeUp(UiDevice.java:719)
07-14 12:56:08.174 E/UiDevice( 9955): 	at com.pekall.test.mdmui.util.UiANRWatcher.checkForCondition(UiANRWatcher.java:23)
07-14 12:56:08.174 E/UiDevice( 9955): 	at com.android.uiautomator.core.UiDevice.runWatchers(UiDevice.java:554)
07-14 12:56:08.174 E/UiDevice( 9955): 	at com.pekall.test.mdmui.util.UiANRWatcher.run(UiANRWatcher.java:41)
07-14 12:56:08.174 E/UiDevice( 9955): 	at com.pekall.test.mdmui.App.<clinit>(App.java:24)
07-14 12:56:08.174 E/UiDevice( 9955): 	at java.lang.Class.newInstanceImpl(Native Method)
07-14 12:56:08.174 E/UiDevice( 9955): 	at java.lang.Class.newInstance(Class.java:1130)
07-14 12:56:08.174 E/UiDevice( 9955): 	at com.android.uiautomator.testrunner.TestCaseCollector.addSingleTestMethod(TestCaseCollector.java:110)
07-14 12:56:08.174 E/UiDevice( 9955): 	at com.android.uiautomator.testrunner.TestCaseCollector.addTestClass(TestCaseCollector.java:86)
07-14 12:56:08.174 E/UiDevice( 9955): 	at com.android.uiautomator.testrunner.TestCaseCollector.addTestClass(TestCaseCollector.java:72)
07-14 12:56:08.174 E/UiDevice( 9955): 	at com.android.uiautomator.testrunner.TestCaseCollector.addTestClasses(TestCaseCollector.java:53)
07-14 12:56:08.174 E/UiDevice( 9955): 	at com.android.uiautomator.testrunner.UiAutomatorTestRunner.start(UiAutomatorTestRunner.java:106)
07-14 12:56:08.174 E/UiDevice( 9955): 	at com.android.uiautomator.testrunner.UiAutomatorTestRunner.run(UiAutomatorTestRunner.java:96)
07-14 12:56:08.174 E/UiDevice( 9955): 	at com.android.commands.uiautomator.RunTestCommand.run(RunTestCommand.java:91)
07-14 12:56:08.174 E/UiDevice( 9955): 	at com.android.commands.uiautomator.Launcher.main(Launcher.java:83)
07-14 12:56:08.174 E/UiDevice( 9955): 	at com.android.internal.os.RuntimeInit.nativeFinishInit(Native Method)
07-14 12:56:08.174 E/UiDevice( 9955): 	at com.android.internal.os.RuntimeInit.main(RuntimeInit.java:235)
07-14 12:56:08.174 E/UiDevice( 9955): 	at dalvik.system.NativeStart.main(Native Method)
07-14 12:56:08.190 D/dalvikvm( 9955): Note: class Landroid/app/ActivityManagerNative; has 163 unimplemented (abstract) methods
07-14 12:56:08.244 I/PowerManagerService(  374): Waking up from sleep...
07-14 12:56:08.283 I/WindowManager(  374): Lock screen displayed!
07-14 12:56:08.518 V/DigitalWidgetViewsFactory( 2502): DigitalWidget sets next alarm string to null
07-14 12:56:08.604 D/PowerManagerService-JNI(  374): Excessive delay in autosuspend_disable() while turning screen on: 352ms
07-14 12:56:08.604 D/SurfaceFlinger(  124): Screen acquired, type=0 flinger=0x41e1a478
07-14 12:56:08.682 D/LightsService(  374): Excessive delay setting light: 79ms
07-14 12:56:08.752 D/LightsService(  374): Excessive delay setting light: 66ms
07-14 12:56:08.893 D/AndroidRuntime( 9973): 
07-14 12:56:08.893 D/AndroidRuntime( 9973): >>>>>> AndroidRuntime START com.android.internal.os.RuntimeInit <<<<<<
07-14 12:56:08.893 D/AndroidRuntime( 9973): CheckJNI is OFF
07-14 12:56:08.901 D/dalvikvm( 9973): Trying to load lib libjavacore.so 0x0
07-14 12:56:08.908 D/dalvikvm( 9973): Added shared lib libjavacore.so 0x0
07-14 12:56:08.916 D/dalvikvm( 9973): Trying to load lib libnativehelper.so 0x0
07-14 12:56:08.916 D/dalvikvm( 9973): Added shared lib libnativehelper.so 0x0
07-14 12:56:09.088 D/AndroidRuntime( 9973): Calling main entry com.qihoo360.powerctl.root.app.App
07-14 12:56:09.096 D/AndroidRuntime( 9973): Shutting down VM
07-14 12:56:09.096 I/AndroidRuntime( 9973): NOTE: attach of thread 'Binder_1' failed
07-14 12:56:09.096 D/dalvikvm( 9973): GC_CONCURRENT freed 114K, 22% free 467K/592K, paused 0ms+0ms, total 4ms
07-14 12:56:10.174 I/QueryController( 9955): Matched selector: UiSelector[DESCRIPTION=] <<==>> [android.view.accessibility.AccessibilityNodeInfo@3ea0d0; boundsInParent: Rect(0, 0 - 720, 756); boundsInScreen: Rect(0, 547 - 720, 1303); packageName: android; className: android.view.View; text: null; contentDescription: ; viewIdResName: android:id/glow_pad_view; checkable: false; checked: false; focusable: false; focused: false; selected: false; clickable: false; longClickable: false; enabled: true; password: false; scrollable: false; [ACTION_SELECT, ACTION_CLEAR_SELECTION, ACTION_ACCESSIBILITY_FOCUS, ACTION_NEXT_AT_MOVEMENT_GRANULARITY, ACTION_PREVIOUS_AT_MOVEMENT_GRANULARITY, ACTION_SET_SELECTION]]
07-14 12:56:10.190 W/GlowPadView(  374): The number of target drawables must be equal to the number of direction descriptions.
07-14 12:56:10.494 D/MdmApplication( 3494): [null:-1]->onActivityStarted market.activity.AppListActivity , mActivityCount = 2
07-14 12:56:10.494 D/MDM :   ( 3494): [null:-1]->query
07-14 12:56:10.494 D/MDM :   ( 3494): [null:-1]->QUERY_PINCODE_CHECK_RESULT
07-14 12:56:10.510 D/PhoneStatusBar(  450): disable: < expand icons alerts ticker system_info BACK HOME recent* CLOCK search >
07-14 12:56:10.588 D/PhoneStatusBar(  450): disable: < expand icons alerts ticker system_info back* home* recent clock* search >
07-14 12:56:10.596 D/NfcService(  582): NFC-C ON
07-14 12:56:10.612 W/InputMethodManagerService(  374): Window already focused, ignoring focus gain of: com.android.internal.view.IInputMethodClient$Stub$Proxy@42f3ab50 attribute=android.view.inputmethod.EditorInfo@42f48dd8, token = android.os.BinderProxy@431501e8
07-14 12:56:10.744 D/dalvikvm(  874): GC_CONCURRENT freed 399K, 17% free 9645K/11548K, paused 39ms+7ms, total 143ms
07-14 12:56:11.018 V/TAG     (  374): bug 7643792: fitSystemWindows([0,50][0,0])
07-14 12:56:11.198 D/AndroidRuntime( 9995): 
07-14 12:56:11.198 D/AndroidRuntime( 9995): >>>>>> AndroidRuntime START com.android.internal.os.RuntimeInit <<<<<<
07-14 12:56:11.198 D/AndroidRuntime( 9995): CheckJNI is OFF
07-14 12:56:11.213 D/dalvikvm( 9995): Trying to load lib libjavacore.so 0x0
07-14 12:56:11.221 D/dalvikvm( 9995): Added shared lib libjavacore.so 0x0
07-14 12:56:11.229 I/QueryController( 9955): Matched selector: UiSelector[TEXT=, CLASS=android.widget.TextView] <<==>> [android.view.accessibility.AccessibilityNodeInfo@330fd4; boundsInParent: Rect(0, 0 - 144, 48); boundsInScreen: Rect(108, 170 - 252, 218); packageName: com.pekall.emdm; className: android.widget.TextView; text: ; contentDescription: null; viewIdResName: com.pekall.emdm:id/market_tab_text; checkable: false; checked: false; focusable: false; focused: false; selected: true; clickable: false; longClickable: false; enabled: true; password: false; scrollable: false; [ACTION_SELECT, ACTION_CLEAR_SELECTION, ACTION_ACCESSIBILITY_FOCUS, ACTION_NEXT_AT_MOVEMENT_GRANULARITY, ACTION_PREVIOUS_AT_MOVEMENT_GRANULARITY, ACTION_SET_SELECTION]]
07-14 12:56:11.237 D/dalvikvm( 9995): Trying to load lib libnativehelper.so 0x0
07-14 12:56:11.244 D/dalvikvm( 9995): Added shared lib libnativehelper.so 0x0
07-14 12:56:11.260 I/QueryController( 9955): Matched selector: UiSelector[TEXT=, CLASS=android.widget.TextView] <<==>> [android.view.accessibility.AccessibilityNodeInfo@330fd4; boundsInParent: Rect(0, 0 - 144, 48); boundsInScreen: Rect(108, 170 - 252, 218); packageName: com.pekall.emdm; className: android.widget.TextView; text: ; contentDescription: null; viewIdResName: com.pekall.emdm:id/market_tab_text; checkable: false; checked: false; focusable: false; focused: false; selected: true; clickable: false; longClickable: false; enabled: true; password: false; scrollable: false; [ACTION_SELECT, ACTION_CLEAR_SELECTION, ACTION_ACCESSIBILITY_FOCUS, ACTION_NEXT_AT_MOVEMENT_GRANULARITY, ACTION_PREVIOUS_AT_MOVEMENT_GRANULARITY, ACTION_SET_SELECTION]]
07-14 12:56:11.268 D/InteractionController( 9955): clickAndWaitForNewWindow(180, 194)
07-14 12:56:11.494 D/AndroidRuntime( 9995): Calling main entry com.qihoo360.powerctl.root.app.App
07-14 12:56:11.502 D/AndroidRuntime( 9995): Shutting down VM
07-14 12:56:11.502 D/dalvikvm( 9995): GC_CONCURRENT freed 115K, 22% free 467K/592K, paused 0ms+0ms, total 4ms
07-14 12:56:14.369 W/InteractionController( 9955): runAndwaitForEvent timedout waiting for events
07-14 12:56:14.651 I/AndroidRuntime( 9955): VM exiting with result code 0.
07-14 12:56:23.455 D/LightsService(  374): Excessive delay setting light: 67ms
07-14 12:56:23.698 D/LightsService(  374): Excessive delay setting light: 68ms
07-14 12:56:24.565 D/dalvikvm( 1052): GC_CONCURRENT freed 384K, 11% free 10013K/11168K, paused 6ms+2ms, total 48ms
07-14 12:56:26.276 I/PowerManagerService(  374): Going to sleep due to screen timeout...
07-14 12:56:27.033 D/SurfaceFlinger(  124): Screen released, type=0 flinger=0x41e1a478
07-14 12:56:27.041 D/MdmApplication( 3494): [null:-1]->onActivityPaused market.activity.AppListActivity , mActivityCount = 3
07-14 12:56:27.041 D/MDM :   ( 3494): [null:-1]->query
07-14 12:56:27.041 D/MDM :   ( 3494): [null:-1]->QUERY_PINCODE_CHECK_RESULT
07-14 12:56:27.041 E/Mdm     ( 3494): Call Mdm service's setLastExitTime function
07-14 12:56:27.174 D/NfcService(  582): NFC-C OFF, disconnect
07-14 12:56:27.291 D/dalvikvm(  636): GC_FOR_ALLOC freed 973K, 11% free 12668K/14092K, paused 91ms, total 92ms
07-14 12:56:27.338 D/MDM :   ( 3494): [null:-1]->query
07-14 12:56:27.338 D/MDM :   ( 3494): [null:-1]->QUERY_SETTING_PIN_ONOFF
07-14 12:56:27.354 V/KeyguardHostView(  374): hide transport, gen:43
07-14 12:56:27.354 V/KeyguardHostView(  374): music state changed: 0
07-14 12:56:27.408 D/PhoneStatusBar(  450): disable: < expand icons alerts ticker system_info back home RECENT* clock search >
07-14 12:56:27.440 V/TAG     (  374): bug 7643792: fitSystemWindows([0,50][0,0])
07-14 12:56:27.479 D/dalvikvm( 3494): GC_CONCURRENT freed 4382K, 17% free 22663K/27248K, paused 35ms+68ms, total 437ms
07-14 12:56:27.510 D/dalvikvm(  374): GC_CONCURRENT freed 1617K, 23% free 21061K/27344K, paused 4ms+26ms, total 181ms
07-14 12:56:27.541 D/dalvikvm( 1146): GC_CONCURRENT freed 346K, 6% free 9267K/9780K, paused 3ms+2ms, total 27ms
07-14 12:56:27.588 D/PhoneStatusBar(  450): disable: < expand icons alerts ticker system_info BACK* HOME* RECENT CLOCK* search >
07-14 12:56:32.385 W/MountService(  374): getVolumeState(/storage/emulated/0/external_sd): Unknown volume
07-14 12:56:32.385 W/MountService(  374): getVolumeState(/mnt/sdcard-ext): Unknown volume
07-14 12:56:32.385 W/MountService(  374): getVolumeState(/mnt/ext_sdcard): Unknown volume
07-14 12:56:32.385 W/MountService(  374): getVolumeState(/mnt/sdcard2): Unknown volume
07-14 12:56:32.385 W/MountService(  374): getVolumeState(/mnt/emmc): Unknown volume
07-14 12:56:32.385 W/MountService(  374): getVolumeState(/mnt/extSdCard): Unknown volume
07-14 12:56:32.385 W/MountService(  374): getVolumeState(/mnt/sdcard/SD_CARD): Unknown volume
07-14 12:56:32.393 W/MountService(  374): getVolumeState(/mnt/sdcard/extra_sd): Unknown volume
07-14 12:56:32.393 W/MountService(  374): getVolumeState(/mnt/extrasd_bind): Unknown volume
07-14 12:56:32.393 W/MountService(  374): getVolumeState(/mnt/sdcard/ext_sd): Unknown volume
07-14 12:56:32.393 W/MountService(  374): getVolumeState(/storage/extSdCard): Unknown volume
07-14 12:56:32.393 W/MountService(  374): getVolumeState(/storage/sdcard1): Unknown volume
07-14 12:56:32.393 W/MountService(  374): getVolumeState(/mnt/sdcard/external_SD): Unknown volume
07-14 12:56:32.393 W/MountService(  374): getVolumeState(/mnt/sdcard/external_sd): Unknown volume
07-14 12:56:32.455 D/dalvikvm( 6152): GC_CONCURRENT freed 413K, 7% free 9438K/10072K, paused 3ms+3ms, total 29ms
07-14 12:56:32.643 W/MountService(  374): getVolumeState(/storage/emulated/0/external_sd): Unknown volume
07-14 12:56:32.643 W/MountService(  374): getVolumeState(/mnt/sdcard-ext): Unknown volume
07-14 12:56:32.643 W/MountService(  374): getVolumeState(/mnt/ext_sdcard): Unknown volume
07-14 12:56:32.643 W/MountService(  374): getVolumeState(/mnt/sdcard2): Unknown volume
07-14 12:56:32.643 W/MountService(  374): getVolumeState(/mnt/emmc): Unknown volume
07-14 12:56:32.651 W/MountService(  374): getVolumeState(/mnt/extSdCard): Unknown volume
07-14 12:56:32.651 W/MountService(  374): getVolumeState(/mnt/sdcard/SD_CARD): Unknown volume
07-14 12:56:32.651 W/MountService(  374): getVolumeState(/mnt/sdcard/extra_sd): Unknown volume
07-14 12:56:32.651 W/MountService(  374): getVolumeState(/mnt/extrasd_bind): Unknown volume
07-14 12:56:32.651 W/MountService(  374): getVolumeState(/mnt/sdcard/ext_sd): Unknown volume
07-14 12:56:32.651 W/MountService(  374): getVolumeState(/storage/extSdCard): Unknown volume
07-14 12:56:32.651 W/MountService(  374): getVolumeState(/storage/sdcard1): Unknown volume
07-14 12:56:32.651 W/MountService(  374): getVolumeState(/mnt/sdcard/external_SD): Unknown volume
07-14 12:56:32.658 W/MountService(  374): getVolumeState(/mnt/sdcard/external_sd): Unknown volume
07-14 12:56:32.674 D/dalvikvm( 6152): GC_CONCURRENT freed 482K, 6% free 9467K/10072K, paused 4ms+3ms, total 35ms
07-14 12:56:32.674 D/dalvikvm( 6152): WAIT_FOR_CONCURRENT_GC blocked 6ms
07-14 12:56:32.674 D/dalvikvm( 6152): WAIT_FOR_CONCURRENT_GC blocked 7ms
07-14 12:56:39.494 D/MDM :   ( 3494): [null:-1]->MSG_WEBSOCKET_MESSAGE : {"id":-1819890283,"type":0,"command":0,"result":0,"reason":0,"params":{"msgId":"b6ebb104-c30c-48a8-bffd-5511d96405d4,b6ebb104c30c48a8bffd5511d96405d4","device":"ffffffffc539bb10fffffffff7aea961","message":"{\"cmd\":\"10119\"}"}}
07-14 12:56:39.510 D/MdmService( 3494): [null:-1]->push message type :0
07-14 12:56:39.510 D/MdmService( 3494): [null:-1]->cmdMessage : {"cmd":"10119"}
07-14 12:56:39.518 D/MdmService( 3494): [null:-1]->command : PushCommandMsg{cmd='10119', msg='null'}
07-14 12:56:39.518 D/MDM :   ( 3494): [null:-1]->PUSH CMD: 10119
07-14 12:56:39.518 D/MdmStatusManager( 3494): [null:-1]->change status to : Busy
07-14 12:56:39.518 D/DB      ( 3494): query: SQLiteQuery: SELECT content, command_status, status FROM command WHERE status!=2
07-14 12:56:39.518 D/DB      ( 3494): factory null
07-14 12:56:39.518 D/DB      ( 3494): fillWindow: 0
07-14 12:56:39.518 D/DB      ( 3494): cursor 0
07-14 12:56:39.518 D/DB      ( 3494): moveToPos: 0
07-14 12:56:39.518 I/TransInfo( 3494): TransInfo created, id: 3, class: class com.pekall.emdm.transaction.b.c
07-14 12:56:39.518 D/NetworkThread( 3494): [null:-1]->----isRunning-----true
07-14 12:56:39.518 D/NetworkThread( 3494): [null:-1]->----isRunning-----true
07-14 12:56:39.518 D/NetworkThread( 3494): [null:-1]->thread wakeup
07-14 12:56:39.526 D/HttpClient( 3494): enable apache.http debug
07-14 12:56:39.533 V/DEBUG   ( 3494): HTTP 0
07-14 12:56:40.330 V/DEBUG   ( 3494): HTTP 1
07-14 12:56:40.354 D/MDM :   ( 3494): [null:-1]->read network input stream
07-14 12:56:40.354 D/MDM :   ( 3494): [null:-1]->read network input stream
07-14 12:56:40.362 D/CheckInTransInfo( 3494): [null:-1]->CommandMsg : CommandMsg{CommandUUID='8a80888e4732aed50147333ad47408ea', Command=CommandObject{RequestType='InstallApplication'}}
07-14 12:56:40.369 D/DB      ( 3494): query: SQLiteQuery: SELECT * FROM command WHERE cmd_uuid='8a80888e4732aed50147333ad47408ea'
07-14 12:56:40.369 D/DB      ( 3494): factory null
07-14 12:56:40.369 D/DB      ( 3494): fillWindow: 0
