07-14 12:54:13.237 D/CALLLOGADAPTER( 3494): ++++++++++++++++++================================
07-14 12:54:13.237 D/ContactsProvider( 3494): [Contacts] query 'content://emdmcontacts/company_calllogs', segment size: 1
07-14 12:54:13.252 D/CallLogAdapter( 3494): quickContactView.number=============01056299605
07-14 12:54:13.252 D/CallLogAdapter( 3494): quickContactView.contactUri=============null
07-14 12:54:13.252 D/ContactsProvider( 3494): [Contacts] query 'content://emdmcontacts/contacts', segment size: 1
07-14 12:54:13.283 E/CursorWindow( 3494): Failed to read row 4, column -1 from a CursorWindow which has 38 rows, 9 columns.
07-14 12:54:13.283 D/CallLogAdapter( 3494): java.lang.IllegalStateException: Couldn't read row 4, col -1 from CursorWindow.  Make sure the Cursor is initialized correctly before accessing data from it.
07-14 12:54:13.283 D/CallLogAdapter( 3494): ======no department find======
07-14 12:54:13.283 D/CALLLOGADAPTER( 3494): ++++++++++++++++++================================
07-14 12:54:13.283 D/ContactsProvider( 3494): [Contacts] query 'content://emdmcontacts/company_calllogs', segment size: 1
07-14 12:54:13.299 D/CallLogAdapter( 3494): quickContactView.number=============13263318053
07-14 12:54:13.299 D/CallLogAdapter( 3494): quickContactView.contactUri=============null
07-14 12:54:13.299 D/ContactsProvider( 3494): [Contacts] query 'content://emdmcontacts/contacts', segment size: 1
07-14 12:54:13.330 E/CursorWindow( 3494): Failed to read row 5, column -1 from a CursorWindow which has 38 rows, 9 columns.
07-14 12:54:13.330 D/CallLogAdapter( 3494): java.lang.IllegalStateException: Couldn't read row 5, col -1 from CursorWindow.  Make sure the Cursor is initialized correctly before accessing data from it.
07-14 12:54:13.330 D/CallLogAdapter( 3494): ======no department find======
07-14 12:54:13.330 D/CALLLOGADAPTER( 3494): ++++++++++++++++++================================
07-14 12:54:13.330 D/ContactsProvider( 3494): [Contacts] query 'content://emdmcontacts/company_calllogs', segment size: 1
07-14 12:54:13.338 D/CallLogAdapter( 3494): quickContactView.number=============13522849951
07-14 12:54:13.338 D/CallLogAdapter( 3494): quickContactView.contactUri=============null
07-14 12:54:13.338 D/ContactsProvider( 3494): [Contacts] query 'content://emdmcontacts/contacts', segment size: 1
07-14 12:54:13.377 E/CursorWindow( 3494): Failed to read row 6, column -1 from a CursorWindow which has 38 rows, 9 columns.
07-14 12:54:13.377 D/CallLogAdapter( 3494): java.lang.IllegalStateException: Couldn't read row 6, col -1 from CursorWindow.  Make sure the Cursor is initialized correctly before accessing data from it.
07-14 12:54:13.377 D/CallLogAdapter( 3494): ======no department find======
07-14 12:54:13.377 D/CALLLOGADAPTER( 3494): ++++++++++++++++++================================
07-14 12:54:13.377 D/ContactsProvider( 3494): [Contacts] query 'content://emdmcontacts/company_calllogs', segment size: 1
07-14 12:54:13.385 D/CallLogAdapter( 3494): quickContactView.number=============15010093591
07-14 12:54:13.385 D/CallLogAdapter( 3494): quickContactView.contactUri=============null
07-14 12:54:13.393 D/ContactsProvider( 3494): [Contacts] query 'content://emdmcontacts/contacts', segment size: 1
07-14 12:54:14.057 I/QueryController( 9731): Matched selector: UiSelector[RESOURCE_ID=com.pekall.emdm:id/thrid] <<==>> [android.view.accessibility.AccessibilityNodeInfo@3284eb; boundsInParent: Rect(0, 0 - 180, 50); boundsInScreen: Rect(360, 73 - 540, 123); packageName: com.pekall.emdm; className: android.widget.ImageView; text: null; contentDescription: null; viewIdResName: com.pekall.emdm:id/thrid; checkable: false; checked: false; focusable: false; focused: false; selected: false; clickable: true; longClickable: false; enabled: true; password: false; scrollable: false; [ACTION_SELECT, ACTION_CLEAR_SELECTION, ACTION_CLICK, ACTION_ACCESSIBILITY_FOCUS]]
07-14 12:54:14.088 I/QueryController( 9731): Matched selector: UiSelector[RESOURCE_ID=com.pekall.emdm:id/thrid] <<==>> [android.view.accessibility.AccessibilityNodeInfo@3284eb; boundsInParent: Rect(0, 0 - 180, 50); boundsInScreen: Rect(360, 73 - 540, 123); packageName: com.pekall.emdm; className: android.widget.ImageView; text: null; contentDescription: null; viewIdResName: com.pekall.emdm:id/thrid; checkable: false; checked: false; focusable: false; focused: false; selected: false; clickable: true; longClickable: false; enabled: true; password: false; scrollable: false; [ACTION_SELECT, ACTION_CLEAR_SELECTION, ACTION_CLICK, ACTION_ACCESSIBILITY_FOCUS]]
07-14 12:54:14.088 D/InteractionController( 9731): clickAndSync(450, 98)
07-14 12:54:17.198 W/InteractionController( 9731): runAndwaitForEvent timedout waiting for events
07-14 12:54:17.510 I/AndroidRuntime( 9731): VM exiting with result code 0.
07-14 12:54:26.299 D/LightsService(  374): Excessive delay setting light: 67ms
07-14 12:54:26.541 D/dalvikvm( 1052): GC_CONCURRENT freed 291K, 9% free 10226K/11168K, paused 3ms+4ms, total 30ms
07-14 12:54:26.573 D/LightsService(  374): Excessive delay setting light: 68ms
07-14 12:54:29.096 I/PowerManagerService(  374): Going to sleep due to screen timeout...
07-14 12:54:29.846 D/SurfaceFlinger(  124): Screen released, type=0 flinger=0x41e1a478
07-14 12:54:29.994 D/dalvikvm(  374): GC_FOR_ALLOC freed 889K, 30% free 19484K/27524K, paused 85ms, total 85ms
07-14 12:54:30.002 D/MdmApplication( 3494): [null:-1]->onActivityPaused contacts.activities.DialtactsActivity , mActivityCount = 3
07-14 12:54:30.002 D/MDM :   ( 3494): [null:-1]->query
07-14 12:54:30.002 D/MDM :   ( 3494): [null:-1]->QUERY_PINCODE_CHECK_RESULT
07-14 12:54:30.002 E/Mdm     ( 3494): Call Mdm service's setLastExitTime function
07-14 12:54:30.002 I/WindowManager(  374): Screenshot Window{42b80f68 u0 com.pekall.emdm/com.pekall.emdm.contacts.activities.DialtactsActivity} was all black! mSurfaceLayer=21020 minLayer=21005 maxLayer=21020
07-14 12:54:30.104 D/NfcService(  582): NFC-C OFF, disconnect
07-14 12:54:30.205 V/KeyguardHostView(  374): hide transport, gen:43
07-14 12:54:30.205 V/KeyguardHostView(  374): music state changed: 0
07-14 12:54:30.229 D/MDM :   ( 3494): [null:-1]->query
07-14 12:54:30.229 D/MDM :   ( 3494): [null:-1]->QUERY_SETTING_PIN_ONOFF
07-14 12:54:30.237 D/PhoneStatusBar(  450): disable: < expand icons alerts ticker system_info back home RECENT* clock search >
07-14 12:54:30.276 V/TAG     (  374): bug 7643792: fitSystemWindows([0,50][0,0])
07-14 12:54:30.346 D/dalvikvm( 1146): GC_CONCURRENT freed 456K, 7% free 9202K/9812K, paused 1ms+2ms, total 29ms
07-14 12:54:30.346 D/dalvikvm( 1146): WAIT_FOR_CONCURRENT_GC blocked 27ms
07-14 12:54:30.393 D/PhoneStatusBar(  450): disable: < expand icons alerts ticker system_info BACK* HOME* RECENT CLOCK* search >
07-14 12:54:32.213 W/MountService(  374): getVolumeState(/storage/emulated/0/external_sd): Unknown volume
07-14 12:54:32.213 W/MountService(  374): getVolumeState(/mnt/sdcard-ext): Unknown volume
07-14 12:54:32.213 W/MountService(  374): getVolumeState(/mnt/ext_sdcard): Unknown volume
07-14 12:54:32.213 W/MountService(  374): getVolumeState(/mnt/sdcard2): Unknown volume
07-14 12:54:32.213 W/MountService(  374): getVolumeState(/mnt/emmc): Unknown volume
07-14 12:54:32.213 W/MountService(  374): getVolumeState(/mnt/extSdCard): Unknown volume
07-14 12:54:32.213 W/MountService(  374): getVolumeState(/mnt/sdcard/SD_CARD): Unknown volume
07-14 12:54:32.213 W/MountService(  374): getVolumeState(/mnt/sdcard/extra_sd): Unknown volume
07-14 12:54:32.221 W/MountService(  374): getVolumeState(/mnt/extrasd_bind): Unknown volume
07-14 12:54:32.221 W/MountService(  374): getVolumeState(/mnt/sdcard/ext_sd): Unknown volume
07-14 12:54:32.221 W/MountService(  374): getVolumeState(/storage/extSdCard): Unknown volume
07-14 12:54:32.221 W/MountService(  374): getVolumeState(/storage/sdcard1): Unknown volume
07-14 12:54:32.221 W/MountService(  374): getVolumeState(/mnt/sdcard/external_SD): Unknown volume
07-14 12:54:32.221 W/MountService(  374): getVolumeState(/mnt/sdcard/external_sd): Unknown volume
07-14 12:54:32.268 D/dalvikvm( 6152): GC_CONCURRENT freed 348K, 7% free 9465K/10072K, paused 4ms+3ms, total 38ms
07-14 12:54:32.268 D/dalvikvm( 6152): WAIT_FOR_CONCURRENT_GC blocked 14ms
07-14 12:54:32.432 W/MountService(  374): getVolumeState(/storage/emulated/0/external_sd): Unknown volume
07-14 12:54:32.432 W/MountService(  374): getVolumeState(/mnt/sdcard-ext): Unknown volume
07-14 12:54:32.432 W/MountService(  374): getVolumeState(/mnt/ext_sdcard): Unknown volume
07-14 12:54:32.432 W/MountService(  374): getVolumeState(/mnt/sdcard2): Unknown volume
07-14 12:54:32.432 W/MountService(  374): getVolumeState(/mnt/emmc): Unknown volume
07-14 12:54:32.432 W/MountService(  374): getVolumeState(/mnt/extSdCard): Unknown volume
07-14 12:54:32.440 D/dalvikvm( 6152): GC_CONCURRENT freed 559K, 7% free 9418K/10072K, paused 5ms+4ms, total 42ms
07-14 12:54:32.440 D/dalvikvm( 6152): WAIT_FOR_CONCURRENT_GC blocked 7ms
07-14 12:54:32.440 D/dalvikvm( 6152): WAIT_FOR_CONCURRENT_GC blocked 7ms
07-14 12:54:32.440 D/dalvikvm( 6152): WAIT_FOR_CONCURRENT_GC blocked 8ms
07-14 12:54:32.448 W/MountService(  374): getVolumeState(/mnt/sdcard/SD_CARD): Unknown volume
07-14 12:54:32.448 W/MountService(  374): getVolumeState(/mnt/sdcard/extra_sd): Unknown volume
07-14 12:54:32.448 W/MountService(  374): getVolumeState(/mnt/extrasd_bind): Unknown volume
07-14 12:54:32.448 W/MountService(  374): getVolumeState(/mnt/sdcard/ext_sd): Unknown volume
07-14 12:54:32.448 W/MountService(  374): getVolumeState(/storage/extSdCard): Unknown volume
07-14 12:54:32.448 W/MountService(  374): getVolumeState(/storage/sdcard1): Unknown volume
07-14 12:54:32.448 W/MountService(  374): getVolumeState(/mnt/sdcard/external_SD): Unknown volume
07-14 12:54:32.448 W/MountService(  374): getVolumeState(/mnt/sdcard/external_sd): Unknown volume
07-14 12:54:42.612 D/MdmService( 3494): [null:-1]->receiver action :com.pekall.mdm.action.MDM_ALARM
07-14 12:54:42.612 D/MdmService( 3494): [null:-1]->keepAliveWithPushServer client is opened:true
07-14 12:54:42.619 D/MDM :   ( 3494): [null:-1]->ping!!!!!!!!!
07-14 12:54:42.627 D/MdmService( 3494): [null:-1]->pushUrl : ws://demo.everknow.cn:9030/websocket
07-14 12:54:42.627 D/MDM :   ( 3494): [null:-1]->mMdmPushClient is :not null
07-14 12:54:42.627 D/MDM :   ( 3494): [null:-1]->mMdmPushClient opened : opened
07-14 12:54:42.627 D/MDM :   ( 3494): [null:-1]->MSG_WEBSOCKET_PONG
07-14 12:54:43.041 D/ContactsProvider( 3494): [Contacts] query 'content://emdmcontacts/company_calllogs', segment size: 1
07-14 12:54:43.049 D/Assistant( 3494): [---null: -1---]  changeCursor
07-14 12:54:43.057 D/Assistant( 3494): [---null: -1---]  findGroups
07-14 12:54:43.057 D/Assistant( 3494): [---null: -1---]  addGroup
07-14 12:54:43.057 D/Assistant( 3494): [---null: -1---]  addGroup
07-14 12:54:43.057 D/Assistant( 3494): [---null: -1---]  addGroup
07-14 12:54:43.057 D/Assistant( 3494): [---null: -1---]  addGroup
07-14 12:54:43.057 D/Assistant( 3494): [---null: -1---]  addGroup
07-14 12:54:43.182 D/dalvikvm( 3494): GC_CONCURRENT freed 4171K, 16% free 22688K/26964K, paused 4ms+23ms, total 131ms
07-14 12:54:43.182 W/CursorWrapperInner( 3494): Cursor finalized without prior close()
07-14 12:54:43.190 W/CursorWrapperInner( 3494): Cursor finalized without prior close()
07-14 12:54:43.190 W/CursorWrapperInner( 3494): Cursor finalized without prior close()
07-14 12:54:43.198 W/CursorWrapperInner( 3494): Cursor finalized without prior close()
07-14 12:54:43.198 W/CursorWrapperInner( 3494): Cursor finalized without prior close()
07-14 12:54:43.205 W/CursorWrapperInner( 3494): Cursor finalized without prior close()
07-14 12:54:43.205 W/CursorWrapperInner( 3494): Cursor finalized without prior close()
07-14 12:54:43.205 W/CursorWrapperInner( 3494): Cursor finalized without prior close()
07-14 12:54:49.893 D/dalvikvm(  577): GC_CONCURRENT freed 378K, 5% free 9556K/10024K, paused 2ms+4ms, total 37ms
07-14 12:54:52.041 D/AndroidRuntime( 9806): 
07-14 12:54:52.041 D/AndroidRuntime( 9806): >>>>>> AndroidRuntime START com.android.internal.os.RuntimeInit <<<<<<
07-14 12:54:52.041 D/AndroidRuntime( 9806): CheckJNI is OFF
07-14 12:54:52.057 D/dalvikvm( 9806): Trying to load lib libjavacore.so 0x0
07-14 12:54:52.065 D/dalvikvm( 9806): Added shared lib libjavacore.so 0x0
07-14 12:54:52.080 D/dalvikvm( 9806): Trying to load lib libnativehelper.so 0x0
07-14 12:54:52.080 D/dalvikvm( 9806): Added shared lib libnativehelper.so 0x0
07-14 12:54:52.299 D/AndroidRuntime( 9806): Calling main entry com.android.commands.uiautomator.Launcher
07-14 12:54:52.338 E/UiDevice( 9806): Exceuting watcher: ANRWatcher
07-14 12:54:52.338 E/UiDevice( 9806): java.lang.RuntimeException: UiDevice not initialized
07-14 12:54:52.338 E/UiDevice( 9806): 	at com.android.uiautomator.core.UiDevice.getAutomatorBridge(UiDevice.java:87)
07-14 12:54:52.338 E/UiDevice( 9806): 	at com.android.uiautomator.core.UiDevice.wakeUp(UiDevice.java:719)
07-14 12:54:52.338 E/UiDevice( 9806): 	at com.pekall.test.mdmui.util.UiANRWatcher.checkForCondition(UiANRWatcher.java:23)
07-14 12:54:52.338 E/UiDevice( 9806): 	at com.android.uiautomator.core.UiDevice.runWatchers(UiDevice.java:554)
07-14 12:54:52.338 E/UiDevice( 9806): 	at com.pekall.test.mdmui.util.UiANRWatcher.run(UiANRWatcher.java:41)
07-14 12:54:52.338 E/UiDevice( 9806): 	at com.pekall.test.mdmui.App.<clinit>(App.java:24)
07-14 12:54:52.338 E/UiDevice( 9806): 	at java.lang.Class.newInstanceImpl(Native Method)
07-14 12:54:52.338 E/UiDevice( 9806): 	at java.lang.Class.newInstance(Class.java:1130)
07-14 12:54:52.338 E/UiDevice( 9806): 	at com.android.uiautomator.testrunner.TestCaseCollector.addSingleTestMethod(TestCaseCollector.java:110)
07-14 12:54:52.338 E/UiDevice( 9806): 	at com.android.uiautomator.testrunner.TestCaseCollector.addTestClass(TestCaseCollector.java:86)
07-14 12:54:52.338 E/UiDevice( 9806): 	at com.android.uiautomator.testrunner.TestCaseCollector.addTestClass(TestCaseCollector.java:72)
07-14 12:54:52.338 E/UiDevice( 9806): 	at com.android.uiautomator.testrunner.TestCaseCollector.addTestClasses(TestCaseCollector.java:53)
07-14 12:54:52.338 E/UiDevice( 9806): 	at com.android.uiautomator.testrunner.UiAutomatorTestRunner.start(UiAutomatorTestRunner.java:106)
07-14 12:54:52.338 E/UiDevice( 9806): 	at com.android.uiautomator.testrunner.UiAutomatorTestRunner.run(UiAutomatorTestRunner.java:96)
07-14 12:54:52.338 E/UiDevice( 9806): 	at com.android.commands.uiautomator.RunTestCommand.run(RunTestCommand.java:91)
07-14 12:54:52.338 E/UiDevice( 9806): 	at com.android.commands.uiautomator.Launcher.main(Launcher.java:83)
07-14 12:54:52.338 E/UiDevice( 9806): 	at com.android.internal.os.RuntimeInit.nativeFinishInit(Native Method)
07-14 12:54:52.338 E/UiDevice( 9806): 	at com.android.internal.os.RuntimeInit.main(RuntimeInit.java:235)
07-14 12:54:52.338 E/UiDevice( 9806): 	at dalvik.system.NativeStart.main(Native Method)
07-14 12:54:52.354 D/dalvikvm( 9806): Note: class Landroid/app/ActivityManagerNative; has 163 unimplemented (abstract) methods
07-14 12:54:52.408 I/PowerManagerService(  374): Waking up from sleep...
07-14 12:54:52.448 I/WindowManager(  374): Lock screen displayed!
07-14 12:54:52.658 V/DigitalWidgetViewsFactory( 2502): DigitalWidget sets next alarm string to null
07-14 12:54:52.776 D/PowerManagerService-JNI(  374): Excessive delay in autosuspend_disable() while turning screen on: 366ms
07-14 12:54:52.799 D/SurfaceFlinger(  124): Screen acquired, type=0 flinger=0x41e1a478
07-14 12:54:52.838 D/dalvikvm(  636): GC_FOR_ALLOC freed 997K, 11% free 12682K/14092K, paused 223ms, total 224ms
07-14 12:54:52.955 D/SurfaceControl(  374): Excessive delay in unblankDisplay() while turning screen on: 173ms
07-14 12:54:53.073 D/AndroidRuntime( 9824): 
07-14 12:54:53.073 D/AndroidRuntime( 9824): >>>>>> AndroidRuntime START com.android.internal.os.RuntimeInit <<<<<<
07-14 12:54:53.073 D/AndroidRuntime( 9824): CheckJNI is OFF
07-14 12:54:53.088 D/dalvikvm( 9824): Trying to load lib libjavacore.so 0x0
07-14 12:54:53.096 D/dalvikvm( 9824): Added shared lib libjavacore.so 0x0
07-14 12:54:53.112 D/dalvikvm( 9824): Trying to load lib libnativehelper.so 0x0
07-14 12:54:53.112 D/dalvikvm( 9824): Added shared lib libnativehelper.so 0x0
07-14 12:54:53.198 D/LightsService(  374): Excessive delay setting light: 143ms
07-14 12:54:53.323 D/AndroidRuntime( 9824): Calling main entry com.qihoo360.powerctl.root.app.App
07-14 12:54:53.330 D/AndroidRuntime( 9824): Shutting down VM
07-14 12:54:53.330 D/dalvikvm( 9824): GC_CONCURRENT freed 114K, 22% free 467K/592K, paused 0ms+0ms, total 4ms
07-14 12:54:53.330 I/AndroidRuntime( 9824): NOTE: attach of thread 'Binder_1' failed
07-14 12:54:54.237 I/QueryController( 9806): Matched selector: UiSelector[DESCRIPTION=] <<==>> [android.view.accessibility.AccessibilityNodeInfo@3c8f83; boundsInParent: Rect(0, 0 - 720, 756); boundsInScreen: Rect(0, 547 - 720, 1303); packageName: android; className: android.view.View; text: null; contentDescription: ; viewIdResName: android:id/glow_pad_view; checkable: false; checked: false; focusable: false; focused: false; selected: false; clickable: false; longClickable: false; enabled: true; password: false; scrollable: false; [ACTION_SELECT, ACTION_CLEAR_SELECTION, ACTION_ACCESSIBILITY_FOCUS, ACTION_NEXT_AT_MOVEMENT_GRANULARITY, ACTION_PREVIOUS_AT_MOVEMENT_GRANULARITY, ACTION_SET_SELECTION]]
07-14 12:54:54.244 W/GlowPadView(  374): The number of target drawables must be equal to the number of direction descriptions.
07-14 12:54:54.573 D/MdmApplication( 3494): [null:-1]->onActivityStarted contacts.activities.DialtactsActivity , mActivityCount = 2
07-14 12:54:54.580 D/MDM :   ( 3494): [null:-1]->query
07-14 12:54:54.580 D/MDM :   ( 3494): [null:-1]->QUERY_PINCODE_CHECK_RESULT
07-14 12:54:54.580 E/CursorWindow( 3494): Failed to read row 0, column -1 from a CursorWindow which has 38 rows, 9 columns.
07-14 12:54:54.580 D/CallLogAdapter( 3494): java.lang.IllegalStateException: Couldn't read row 0, col -1 from CursorWindow.  Make sure the Cursor is initialized correctly before accessing data from it.
07-14 12:54:54.580 D/CallLogAdapter( 3494): ======no department find======
07-14 12:54:54.580 D/CALLLOGADAPTER( 3494): ++++++++++++++++++================================
07-14 12:54:54.588 D/ContactsProvider( 3494): [Contacts] query 'content://emdmcontacts/company_calllogs', segment size: 1
07-14 12:54:54.588 D/PhoneStatusBar(  450): disable: < expand icons alerts ticker system_info BACK HOME recent* CLOCK search >
07-14 12:54:54.604 D/CallLogAdapter( 3494): quickContactView.number=============13220164537
07-14 12:54:54.604 D/CallLogAdapter( 3494): quickContactView.contactUri=============null
07-14 12:54:54.604 D/ContactsProvider( 3494): [Contacts] query 'content://emdmcontacts/contacts', segment size: 1
07-14 12:54:54.619 E/CursorWindow( 3494): Failed to read row 1, column -1 from a CursorWindow which has 38 rows, 9 columns.
07-14 12:54:54.619 D/CallLogAdapter( 3494): java.lang.IllegalStateException: Couldn't read row 1, col -1 from CursorWindow.  Make sure the Cursor is initialized correctly before accessing data from it.
07-14 12:54:54.619 D/CallLogAdapter( 3494): ======no department find======
07-14 12:54:54.619 D/CALLLOGADAPTER( 3494): ++++++++++++++++++================================
07-14 12:54:54.619 D/ContactsProvider( 3494): [Contacts] query 'content://emdmcontacts/company_calllogs', segment size: 1
07-14 12:54:54.627 D/NfcService(  582): NFC-C ON
07-14 12:54:54.635 D/CallLogAdapter( 3494): quickContactView.number=============01056299605
07-14 12:54:54.635 D/CallLogAdapter( 3494): quickContactView.contactUri=============null
07-14 12:54:54.635 D/ContactsProvider( 3494): [Contacts] query 'content://emdmcontacts/contacts', segment size: 1
07-14 12:54:54.643 E/CursorWindow( 3494): Failed to read row 4, column -1 from a CursorWindow which has 38 rows, 9 columns.
07-14 12:54:54.643 D/CallLogAdapter( 3494): java.lang.IllegalStateException: Couldn't read row 4, col -1 from CursorWindow.  Make sure the Cursor is initialized correctly before accessing data from it.
07-14 12:54:54.643 D/CallLogAdapter( 3494): ======no department find======
07-14 12:54:54.643 D/CALLLOGADAPTER( 3494): ++++++++++++++++++================================
07-14 12:54:54.643 D/ContactsProvider( 3494): [Contacts] query 'content://emdmcontacts/company_calllogs', segment size: 1
07-14 12:54:54.651 D/CallLogAdapter( 3494): quickContactView.number=============13263318053
07-14 12:54:54.651 D/CallLogAdapter( 3494): quickContactView.contactUri=============null
07-14 12:54:54.658 D/ContactsProvider( 3494): [Contacts] query 'content://emdmcontacts/contacts', segment size: 1
07-14 12:54:54.658 E/CursorWindow( 3494): Failed to read row 5, column -1 from a CursorWindow which has 38 rows, 9 columns.
07-14 12:54:54.658 D/CallLogAdapter( 3494): java.lang.IllegalStateException: Couldn't read row 5, col -1 from CursorWindow.  Make sure the Cursor is initialized correctly before accessing data from it.
07-14 12:54:54.666 D/CallLogAdapter( 3494): ======no department find======
07-14 12:54:54.666 D/CALLLOGADAPTER( 3494): ++++++++++++++++++================================
07-14 12:54:54.666 D/ContactsProvider( 3494): [Contacts] query 'content://emdmcontacts/company_calllogs', segment size: 1
07-14 12:54:54.674 V/PhoneStatusBar(  450): setLightsOn(true)
07-14 12:54:54.674 D/PhoneStatusBar(  450): disable: < expand icons alerts ticker system_info back* home* recent clock* search >
07-14 12:54:54.690 D/CallLogAdapter( 3494): quickContactView.number=============13522849951
07-14 12:54:54.690 D/CallLogAdapter( 3494): quickContactView.contactUri=============null
07-14 12:54:54.698 D/ContactsProvider( 3494): [Contacts] query 'content://emdmcontacts/contacts', segment size: 1
07-14 12:54:54.713 E/CursorWindow( 3494): Failed to read row 6, column -1 from a CursorWindow which has 38 rows, 9 columns.
07-14 12:54:54.713 D/CallLogAdapter( 3494): java.lang.IllegalStateException: Couldn't read row 6, col -1 from CursorWindow.  Make sure the Cursor is initialized correctly before accessing data from it.
07-14 12:54:54.713 D/CallLogAdapter( 3494): ======no department find======
07-14 12:54:54.713 D/CALLLOGADAPTER( 3494): ++++++++++++++++++================================
07-14 12:54:54.713 D/ContactsProvider( 3494): [Contacts] query 'content://emdmcontacts/company_calllogs', segment size: 1
07-14 12:54:54.729 D/CallLogAdapter( 3494): quickContactView.number=============15010093591
07-14 12:54:54.729 D/CallLogAdapter( 3494): quickContactView.contactUri=============null
07-14 12:54:54.729 D/ContactsProvider( 3494): [Contacts] query 'content://emdmcontacts/contacts', segment size: 1
07-14 12:54:54.776 W/InputMethodManagerService(  374): Window already focused, ignoring focus gain of: com.android.internal.view.IInputMethodClient$Stub$Proxy@42f2c1f0 attribute=android.view.inputmethod.EditorInfo@438a0748, token = android.os.BinderProxy@42f19148
07-14 12:54:54.791 D/ContactsProvider( 3494): [Contacts] query 'content://emdmcontacts/company_calllogs', segment size: 1
07-14 12:54:54.807 D/Assistant( 3494): [---null: -1---]  changeCursor
07-14 12:54:54.807 D/Assistant( 3494): [---null: -1---]  findGroups
07-14 12:54:54.815 D/Assistant( 3494): [---null: -1---]  addGroup
07-14 12:54:54.815 D/Assistant( 3494): [---null: -1---]  addGroup
07-14 12:54:54.823 D/Assistant( 3494): [---null: -1---]  addGroup
07-14 12:54:54.823 D/Assistant( 3494): [---null: -1---]  addGroup
07-14 12:54:54.838 D/Assistant( 3494): [---null: -1---]  addGroup
07-14 12:54:54.854 E/CursorWindow( 3494): Failed to read row 0, column -1 from a CursorWindow which has 38 rows, 9 columns.
07-14 12:54:54.854 D/CallLogAdapter( 3494): java.lang.IllegalStateException: Couldn't read row 0, col -1 from CursorWindow.  Make sure the Cursor is initialized correctly before accessing data from it.
07-14 12:54:54.854 D/CallLogAdapter( 3494): ======no department find======
07-14 12:54:54.862 D/CALLLOGADAPTER( 3494): ++++++++++++++++++================================
07-14 12:54:54.862 D/ContactsProvider( 3494): [Contacts] query 'content://emdmcontacts/company_calllogs', segment size: 1
07-14 12:54:54.877 D/CallLogAdapter( 3494): quickContactView.number=============13220164537
07-14 12:54:54.885 D/CallLogAdapter( 3494): quickContactView.contactUri=============null
07-14 12:54:54.908 D/ContactsProvider( 3494): [Contacts] query 'content://emdmcontacts/contacts', segment size: 1
07-14 12:54:54.932 E/CursorWindow( 3494): Failed to read row 1, column -1 from a CursorWindow which has 38 rows, 9 columns.
07-14 12:54:54.932 D/CallLogAdapter( 3494): java.lang.IllegalStateException: Couldn't read row 1, col -1 from CursorWindow.  Make sure the Cursor is initialized correctly before accessing data from it.
07-14 12:54:54.940 D/CallLogAdapter( 3494): ======no department find======
07-14 12:54:54.940 D/CALLLOGADAPTER( 3494): ++++++++++++++++++================================
07-14 12:54:54.940 D/ContactsProvider( 3494): [Contacts] query 'content://emdmcontacts/company_calllogs', segment size: 1
07-14 12:54:54.955 D/CallLogAdapter( 3494): quickContactView.number=============01056299605
07-14 12:54:54.955 D/CallLogAdapter( 3494): quickContactView.contactUri=============null
07-14 12:54:54.955 D/ContactsProvider( 3494): [Contacts] query 'content://emdmcontacts/contacts', segment size: 1
07-14 12:54:54.963 E/CursorWindow( 3494): Failed to read row 4, column -1 from a CursorWindow which has 38 rows, 9 columns.
07-14 12:54:54.963 D/CallLogAdapter( 3494): java.lang.IllegalStateException: Couldn't read row 4, col -1 from CursorWindow.  Make sure the Cursor is initialized correctly before accessing data from it.
07-14 12:54:54.963 D/CallLogAdapter( 3494): ======no department find======
07-14 12:54:54.963 D/CALLLOGADAPTER( 3494): ++++++++++++++++++================================
07-14 12:54:54.971 D/ContactsProvider( 3494): [Contacts] query 'content://emdmcontacts/company_calllogs', segment size: 1
07-14 12:54:54.979 D/CallLogAdapter( 3494): quickContactView.number=============13263318053
07-14 12:54:54.979 D/CallLogAdapter( 3494): quickContactView.contactUri=============null
07-14 12:54:54.987 D/ContactsProvider( 3494): [Contacts] query 'content://emdmcontacts/contacts', segment size: 1
07-14 12:54:54.994 E/CursorWindow( 3494): Failed to read row 5, column -1 from a CursorWindow which has 38 rows, 9 columns.
07-14 12:54:54.994 D/CallLogAdapter( 3494): java.lang.IllegalStateException: Couldn't read row 5, col -1 from CursorWindow.  Make sure the Cursor is initialized correctly before accessing data from it.
07-14 12:54:54.994 D/CallLogAdapter( 3494): ======no department find======
07-14 12:54:55.002 D/CALLLOGADAPTER( 3494): ++++++++++++++++++================================
07-14 12:54:55.010 D/ContactsProvider( 3494): [Contacts] query 'content://emdmcontacts/company_calllogs', segment size: 1
07-14 12:54:55.033 D/CallLogAdapter( 3494): quickContactView.number=============13522849951
07-14 12:54:55.033 D/CallLogAdapter( 3494): quickContactView.contactUri=============null
07-14 12:54:55.033 D/ContactsProvider( 3494): [Contacts] query 'content://emdmcontacts/contacts', segment size: 1
07-14 12:54:55.057 E/CursorWindow( 3494): Failed to read row 6, column -1 from a CursorWindow which has 38 rows, 9 columns.
07-14 12:54:55.057 D/CallLogAdapter( 3494): java.lang.IllegalStateException: Couldn't read row 6, col -1 from CursorWindow.  Make sure the Cursor is initialized correctly before accessing data from it.
07-14 12:54:55.065 D/CallLogAdapter( 3494): ======no department find======
07-14 12:54:55.065 D/CALLLOGADAPTER( 3494): ++++++++++++++++++================================
07-14 12:54:55.065 D/ContactsProvider( 3494): [Contacts] query 'content://emdmcontacts/company_calllogs', segment size: 1
07-14 12:54:55.119 V/TAG     (  374): bug 7643792: fitSystemWindows([0,50][0,0])
07-14 12:54:55.119 D/CallLogAdapter( 3494): quickContactView.number=============15010093591
07-14 12:54:55.127 D/CallLogAdapter( 3494): quickContactView.contactUri=============null
07-14 12:54:55.127 D/ContactsProvider( 3494): [Contacts] query 'content://emdmcontacts/contacts', segment size: 1
07-14 12:54:55.221 D/AndroidRuntime( 9846): 
07-14 12:54:55.221 D/AndroidRuntime( 9846): >>>>>> AndroidRuntime START com.android.internal.os.RuntimeInit <<<<<<
07-14 12:54:55.221 D/AndroidRuntime( 9846): CheckJNI is OFF
07-14 12:54:55.229 D/dalvikvm( 9846): Trying to load lib libjavacore.so 0x0
07-14 12:54:55.237 D/dalvikvm( 9846): Added shared lib libjavacore.so 0x0
07-14 12:54:55.252 D/dalvikvm( 9846): Trying to load lib libnativehelper.so 0x0
07-14 12:54:55.252 D/dalvikvm( 9846): Added shared lib libnativehelper.so 0x0
07-14 12:54:55.494 D/AndroidRuntime( 9846): Calling main entry com.qihoo360.powerctl.root.app.App
07-14 12:54:55.494 D/AndroidRuntime( 9846): Shutting down VM
07-14 12:54:55.502 D/dalvikvm( 9846): GC_CONCURRENT freed 115K, 21% free 467K/592K, paused 0ms+0ms, total 5ms
07-14 12:54:55.830 I/ActivityManager(  374): START u0 {act=android.intent.action.MAIN cat=[android.intent.category.HOME] flg=0x10200000 cmp=com.android.launcher/com.android.launcher2.Launcher} from pid 374
07-14 12:54:55.924 D/dalvikvm(  374): GC_FOR_ALLOC freed 2330K, 30% free 19293K/27524K, paused 94ms, total 95ms
07-14 12:54:55.932 D/MdmApplication( 3494): [null:-1]->onActivityPaused contacts.activities.DialtactsActivity , mActivityCount = 3
07-14 12:54:55.932 D/MDM :   ( 3494): [null:-1]->query
07-14 12:54:55.940 D/MDM :   ( 3494): [null:-1]->QUERY_PINCODE_CHECK_RESULT
07-14 12:54:55.940 E/Mdm     ( 3494): Call Mdm service's setLastExitTime function
07-14 12:54:56.018 D/dalvikvm( 6152): GC_FOR_ALLOC freed 429K, 7% free 9371K/10072K, paused 26ms, total 26ms
07-14 12:54:56.682 W/ResourceType(  595): No known package when getting name for resource number 0x9c020000
07-14 12:54:56.682 W/ResourceType(  595): No known package when getting name for resource number 0x9c020002
07-14 12:54:56.729 W/ResourceType(  595): No known package when getting name for resource number 0x9b000000
07-14 12:54:56.729 W/ResourceType(  595): No known package when getting name for resource number 0x9b010100
07-14 12:54:56.729 W/ResourceType(  595): No known package when getting name for resource number 0x9b030300
07-14 12:54:56.737 W/ResourceType(  595): No known package when getting name for resource number 0x9b040400
07-14 12:54:56.737 I/QueryController( 9806): Matched selector: UiSelector[DESCRIPTION=, PACKAGE NAME=com.android.launcher] <<==>> [android.view.accessibility.AccessibilityNodeInfo@1fe6e; boundsInParent: Rect(524232, 0 - 524360, 128); boundsInScreen: Rect(296, 1040 - 424, 1168); packageName: com.android.launcher; className: android.widget.TextView; text: null; contentDescription: ; viewIdResName: null; checkable: false; checked: false; focusable: true; focused: false; selected: false; clickable: true; longClickable: false; enabled: true; password: false; scrollable: false; [ACTION_FOCUS, ACTION_SELECT, ACTION_CLEAR_SELECTION, ACTION_CLICK, ACTION_ACCESSIBILITY_FOCUS]]
07-14 12:54:56.737 D/InteractionController( 9806): clickAndWaitForNewWindow(360, 1104)
07-14 12:54:57.612 I/QueryController( 9806): Matched selector: UiSelector[TEXT=] <<==>> [android.view.accessibility.AccessibilityNodeInfo@6c634; boundsInParent: Rect(0, 0 - 148, 184); boundsInScreen: Rect(16, 958 - 164, 1142); packageName: com.android.launcher; className: android.widget.TextView; text: ; contentDescription: null; viewIdResName: null; checkable: false; checked: false; focusable: true; focused: false; selected: false; clickable: true; longClickable: true; enabled: true; password: false; scrollable: false; [ACTION_FOCUS, ACTION_SELECT, ACTION_CLEAR_SELECTION, ACTION_CLICK, ACTION_LONG_CLICK, ACTION_ACCESSIBILITY_FOCUS, ACTION_NEXT_AT_MOVEMENT_GRANULARITY, ACTION_PREVIOUS_AT_MOVEMENT_GRANULARITY, ACTION_SET_SELECTION]]
07-14 12:54:57.643 I/QueryController( 9806): Matched selector: UiSelector[TEXT=] <<==>> [android.view.accessibility.AccessibilityNodeInfo@6c634; boundsInParent: Rect(0, 0 - 148, 184); boundsInScreen: Rect(16, 958 - 164, 1142); packageName: com.android.launcher; className: android.widget.TextView; text: ; contentDescription: null; viewIdResName: null; checkable: false; checked: false; focusable: true; focused: false; selected: false; clickable: true; longClickable: true; enabled: true; password: false; scrollable: false; [ACTION_FOCUS, ACTION_SELECT, ACTION_CLEAR_SELECTION, ACTION_CLICK, ACTION_LONG_CLICK, ACTION_ACCESSIBILITY_FOCUS, ACTION_NEXT_AT_MOVEMENT_GRANULARITY, ACTION_PREVIOUS_AT_MOVEMENT_GRANULARITY, ACTION_SET_SELECTION]]
07-14 12:54:57.658 D/InteractionController( 9806): clickAndWaitForNewWindow(90, 1050)
07-14 12:54:57.807 I/ActivityManager(  374): START u0 {act=android.intent.action.MAIN cat=[android.intent.category.LAUNCHER] flg=0x10200000 cmp=com.pekall.emdm/.ui.SplashActivity} from pid 595
07-14 12:54:57.963 D/dalvikvm(  374): GC_FOR_ALLOC freed 732K, 30% free 19385K/27524K, paused 96ms, total 96ms
07-14 12:54:58.057 D/dalvikvm(  374): GC_FOR_ALLOC freed 751K, 31% free 19006K/27524K, paused 91ms, total 91ms
07-14 12:54:58.096 D/MdmApplication( 3494): [null:-1]->onActivityStarted contacts.activities.DialtactsActivity , mActivityCount = 2
07-14 12:54:58.096 D/MDM :   ( 3494): [null:-1]->query
07-14 12:54:58.096 D/MDM :   ( 3494): [null:-1]->QUERY_PINCODE_CHECK_RESULT
07-14 12:54:58.104 D/ContactsProvider( 3494): [Contacts] query 'content://emdmcontacts/company_calllogs', segment size: 1
07-14 12:54:58.119 V/PhoneStatusBar(  450): setLightsOn(true)
07-14 12:54:58.174 D/Assistant( 3494): [---null: -1---]  changeCursor
07-14 12:54:58.174 D/Assistant( 3494): [---null: -1---]  findGroups
07-14 12:54:58.174 D/Assistant( 3494): [---null: -1---]  addGroup
07-14 12:54:58.182 D/Assistant( 3494): [---null: -1---]  addGroup
07-14 12:54:58.182 D/Assistant( 3494): [---null: -1---]  addGroup
07-14 12:54:58.182 D/Assistant( 3494): [---null: -1---]  addGroup
07-14 12:54:58.182 D/Assistant( 3494): [---null: -1---]  addGroup
07-14 12:54:58.198 E/CursorWindow( 3494): Failed to read row 0, column -1 from a CursorWindow which has 38 rows, 9 columns.
07-14 12:54:58.198 D/CallLogAdapter( 3494): java.lang.IllegalStateException: Couldn't read row 0, col -1 from CursorWindow.  Make sure the Cursor is initialized correctly before accessing data from it.
07-14 12:54:58.198 D/CallLogAdapter( 3494): ======no department find======
07-14 12:54:58.198 D/CALLLOGADAPTER( 3494): ++++++++++++++++++================================
07-14 12:54:58.198 D/ContactsProvider( 3494): [Contacts] query 'content://emdmcontacts/company_calllogs', segment size: 1
07-14 12:54:58.205 D/CallLogAdapter( 3494): quickContactView.number=============13220164537
07-14 12:54:58.205 D/CallLogAdapter( 3494): quickContactView.contactUri=============null
07-14 12:54:58.205 D/ContactsProvider( 3494): [Contacts] query 'content://emdmcontacts/contacts', segment size: 1
07-14 12:54:58.221 E/CursorWindow( 3494): Failed to read row 1, column -1 from a CursorWindow which has 38 rows, 9 columns.
07-14 12:54:58.221 D/CallLogAdapter( 3494): java.lang.IllegalStateException: Couldn't read row 1, col -1 from CursorWindow.  Make sure the Cursor is initialized correctly before accessing data from it.
07-14 12:54:58.221 D/CallLogAdapter( 3494): ======no department find======
07-14 12:54:58.221 D/CALLLOGADAPTER( 3494): ++++++++++++++++++================================
07-14 12:54:58.221 D/ContactsProvider( 3494): [Contacts] query 'content://emdmcontacts/company_calllogs', segment size: 1
07-14 12:54:58.229 D/CallLogAdapter( 3494): quickContactView.number=============01056299605
07-14 12:54:58.229 D/CallLogAdapter( 3494): quickContactView.contactUri=============null
07-14 12:54:58.237 D/ContactsProvider( 3494): [Contacts] query 'content://emdmcontacts/contacts', segment size: 1
07-14 12:54:58.237 E/CursorWindow( 3494): Failed to read row 4, column -1 from a CursorWindow which has 38 rows, 9 columns.
07-14 12:54:58.237 D/CallLogAdapter( 3494): java.lang.IllegalStateException: Couldn't read row 4, col -1 from CursorWindow.  Make sure the Cursor is initialized correctly before accessing data from it.
07-14 12:54:58.237 D/CallLogAdapter( 3494): ======no department find======
07-14 12:54:58.237 D/CALLLOGADAPTER( 3494): ++++++++++++++++++================================
07-14 12:54:58.237 D/ContactsProvider( 3494): [Contacts] query 'content://emdmcontacts/company_calllogs', segment size: 1
07-14 12:54:58.252 D/CallLogAdapter( 3494): quickContactView.number=============13263318053
07-14 12:54:58.252 D/CallLogAdapter( 3494): quickContactView.contactUri=============null
07-14 12:54:58.252 D/ContactsProvider( 3494): [Contacts] query 'content://emdmcontacts/contacts', segment size: 1
07-14 12:54:58.260 E/CursorWindow( 3494): Failed to read row 5, column -1 from a CursorWindow which has 38 rows, 9 columns.
07-14 12:54:58.260 D/CallLogAdapter( 3494): java.lang.IllegalStateException: Couldn't read row 5, col -1 from CursorWindow.  Make sure the Cursor is initialized correctly before accessing data from it.
07-14 12:54:58.260 D/CallLogAdapter( 3494): ======no department find======
07-14 12:54:58.260 D/CALLLOGADAPTER( 3494): ++++++++++++++++++================================
07-14 12:54:58.260 D/ContactsProvider( 3494): [Contacts] query 'content://emdmcontacts/company_calllogs', segment size: 1
07-14 12:54:58.268 D/CallLogAdapter( 3494): quickContactView.number=============13522849951
07-14 12:54:58.268 D/CallLogAdapter( 3494): quickContactView.contactUri=============null
07-14 12:54:58.268 D/ContactsProvider( 3494): [Contacts] query 'content://emdmcontacts/contacts', segment size: 1
07-14 12:54:58.276 E/CursorWindow( 3494): Failed to read row 6, column -1 from a CursorWindow which has 38 rows, 9 columns.
07-14 12:54:58.283 D/CallLogAdapter( 3494): java.lang.IllegalStateException: Couldn't read row 6, col -1 from CursorWindow.  Make sure the Cursor is initialized correctly before accessing data from it.
07-14 12:54:58.283 D/CallLogAdapter( 3494): ======no department find======
07-14 12:54:58.283 D/CALLLOGADAPTER( 3494): ++++++++++++++++++================================
07-14 12:54:58.283 D/ContactsProvider( 3494): [Contacts] query 'content://emdmcontacts/company_calllogs', segment size: 1
07-14 12:54:58.291 D/CallLogAdapter( 3494): quickContactView.number=============15010093591
07-14 12:54:58.291 D/CallLogAdapter( 3494): quickContactView.contactUri=============null
07-14 12:54:58.291 D/ContactsProvider( 3494): [Contacts] query 'content://emdmcontacts/contacts', segment size: 1
07-14 12:54:58.893 I/QueryController( 9806): Matched selector: UiSelector[PACKAGE NAME=com.pekall.emdm] <<==>> [android.view.accessibility.AccessibilityNodeInfo@318d29; boundsInParent: Rect(0, 0 - 720, 1184); boundsInScreen: Rect(0, 0 - 720, 1184); packageName: com.pekall.emdm; className: android.widget.FrameLayout; text: null; contentDescription: null; viewIdResName: null; checkable: false; checked: false; focusable: false; focused: false; selected: false; clickable: false; longClickable: false; enabled: true; password: false; scrollable: false; [ACTION_SELECT, ACTION_CLEAR_SELECTION, ACTION_ACCESSIBILITY_FOCUS]]
07-14 12:54:59.104 D/dalvikvm(  374): GC_FOR_ALLOC freed 403K, 30% free 19378K/27524K, paused 93ms, total 93ms
07-14 12:54:59.198 D/dalvikvm(  374): GC_FOR_ALLOC freed 751K, 31% free 18998K/27524K, paused 89ms, total 89ms
07-14 12:54:59.205 D/MdmApplication( 3494): [null:-1]->onActivityPaused contacts.activities.DialtactsActivity , mActivityCount = 3
07-14 12:54:59.205 D/MDM :   ( 3494): [null:-1]->query
07-14 12:54:59.205 D/MDM :   ( 3494): [null:-1]->QUERY_PINCODE_CHECK_RESULT
07-14 12:54:59.205 E/Mdm     ( 3494): Call Mdm service's setLastExitTime function
07-14 12:54:59.229 D/MdmApplication( 3494): [null:-1]->onActivityStarted ui.MainActivity , mActivityCount = 2
07-14 12:54:59.229 D/MDM :   ( 3494): [null:-1]->query
07-14 12:54:59.237 D/MDM :   ( 3494): [null:-1]->QUERY_PINCODE_CHECK_RESULT
07-14 12:54:59.830 D/AssistantCallLogFragment( 3494): [---null: -1---]onDestroyView==============
07-14 12:54:59.838 D/DefaultContactBrowseListFragment( 3494): onDestroyView==============
07-14 12:55:00.205 W/InteractionController( 9806): runAndwaitForEvent timedout waiting for events
07-14 12:55:00.244 I/QueryController( 9806): Matched selector: UiSelector[TEXT=, CLASS=android.widget.TextView] <<==>> [android.view.accessibility.AccessibilityNodeInfo@2762ea; boundsInParent: Rect(0, 0 - 148, 184); boundsInScreen: Rect(376, 572 - 524, 756); packageName: com.pekall.emdm; className: android.widget.TextView; text: ; contentDescription: null; viewIdResName: com.pekall.emdm:id/application_icon_content; checkable: false; checked: false; focusable: true; focused: false; selected: false; clickable: false; longClickable: false; enabled: true; password: false; scrollable: false; [ACTION_FOCUS, ACTION_SELECT, ACTION_CLEAR_SELECTION, ACTION_ACCESSIBILITY_FOCUS, ACTION_NEXT_AT_MOVEMENT_GRANULARITY, ACTION_PREVIOUS_AT_MOVEMENT_GRANULARITY, ACTION_SET_SELECTION]]
07-14 12:55:00.268 I/QueryController( 9806): Matched selector: UiSelector[TEXT=, CLASS=android.widget.TextView] <<==>> [android.view.accessibility.AccessibilityNodeInfo@275b68; boundsInParent: Rect(0, 0 - 148, 184); boundsInScreen: Rect(16, 572 - 164, 756); packageName: com.pekall.emdm; className: android.widget.TextView; text: ; contentDescription: null; viewIdResName: com.pekall.emdm:id/application_icon_content; checkable: false; checked: false; focusable: true; focused: false; selected: false; clickable: false; longClickable: false; enabled: true; password: false; scrollable: false; [ACTION_FOCUS, ACTION_SELECT, ACTION_CLEAR_SELECTION, ACTION_ACCESSIBILITY_FOCUS, ACTION_NEXT_AT_MOVEMENT_GRANULARITY, ACTION_PREVIOUS_AT_MOVEMENT_GRANULARITY, ACTION_SET_SELECTION]]
07-14 12:55:00.291 I/QueryController( 9806): Matched selector: UiSelector[TEXT=, CLASS=android.widget.TextView] <<==>> [android.view.accessibility.AccessibilityNodeInfo@2762ea; boundsInParent: Rect(0, 0 - 148, 184); boundsInScreen: Rect(376, 572 - 524, 756); packageName: com.pekall.emdm; className: android.widget.TextView; text: ; contentDescription: null; viewIdResName: com.pekall.emdm:id/application_icon_content; checkable: false; checked: false; focusable: true; focused: false; selected: false; clickable: false; longClickable: false; enabled: true; password: false; scrollable: false; [ACTION_FOCUS, ACTION_SELECT, ACTION_CLEAR_SELECTION, ACTION_ACCESSIBILITY_FOCUS, ACTION_NEXT_AT_MOVEMENT_GRANULARITY, ACTION_PREVIOUS_AT_MOVEMENT_GRANULARITY, ACTION_SET_SELECTION]]
07-14 12:55:00.291 D/InteractionController( 9806): clickAndWaitForNewWindow(450, 664)
07-14 12:55:00.471 I/ActivityManager(  374): START u0 {cmp=com.pekall.emdm/.market.activity.AppListActivity} from pid 3494
07-14 12:55:00.604 D/dalvikvm(  374): GC_FOR_ALLOC freed 507K, 30% free 19374K/27524K, paused 84ms, total 84ms
07-14 12:55:00.698 D/dalvikvm(  374): GC_FOR_ALLOC freed 749K, 31% free 18996K/27524K, paused 86ms, total 86ms
07-14 12:55:00.705 D/MdmApplication( 3494): [null:-1]->onActivityPaused ui.MainActivity , mActivityCount = 3
07-14 12:55:00.705 D/MDM :   ( 3494): [null:-1]->query
07-14 12:55:00.705 D/MDM :   ( 3494): [null:-1]->QUERY_PINCODE_CHECK_RESULT
07-14 12:55:00.705 E/Mdm     ( 3494): Call Mdm service's setLastExitTime function
07-14 12:55:00.776 D/MdmApplication( 3494): [null:-1]->onActivityStarted market.activity.AppListActivity , mActivityCount = 2
07-14 12:55:00.776 D/MDM :   ( 3494): [null:-1]->query
07-14 12:55:00.776 D/MDM :   ( 3494): [null:-1]->QUERY_PINCODE_CHECK_RESULT
07-14 12:55:00.799 D/DB      ( 3494): query: SQLiteQuery: SELECT * FROM app WHERE type = 51107
07-14 12:55:00.799 D/DB      ( 3494): factory null
07-14 12:55:00.807 D/DB      ( 3494): fillWindow: 0
07-14 12:55:00.807 D/DB      ( 3494): cursor 0
07-14 12:55:00.807 D/DB      ( 3494): query: SQLiteQuery: SELECT * FROM app WHERE type = 51106
07-14 12:55:00.807 D/DB      ( 3494): factory null
07-14 12:55:00.807 D/DB      ( 3494): fillWindow: 0
07-14 12:55:00.807 D/DB      ( 3494): cursor 1
07-14 12:55:00.908 D/DB      ( 3494): moveToPos: 0
07-14 12:55:00.908 D/DB      ( 3494): onMove: 0
07-14 12:55:00.916 D/DB      ( 3494): moveToPos: 1
07-14 12:55:00.994 I/ActivityManager(  374): Displayed com.pekall.emdm/.market.activity.AppListActivity: +273ms
07-14 12:55:01.651 I/QueryController( 9806): Matched selector: UiSelector[TEXT=, CLASS=android.widget.TextView] <<==>> [android.view.accessibility.AccessibilityNodeInfo@330fd4; boundsInParent: Rect(0, 0 - 144, 48); boundsInScreen: Rect(108, 170 - 252, 218); packageName: com.pekall.emdm; className: android.widget.TextView; text: ; contentDescription: null; viewIdResName: com.pekall.emdm:id/market_tab_text; checkable: false; checked: false; focusable: false; focused: false; selected: true; clickable: false; longClickable: false; enabled: true; password: false; scrollable: false; [ACTION_SELECT, ACTION_CLEAR_SELECTION, ACTION_ACCESSIBILITY_FOCUS, ACTION_NEXT_AT_MOVEMENT_GRANULARITY, ACTION_PREVIOUS_AT_MOVEMENT_GRANULARITY, ACTION_SET_SELECTION]]
07-14 12:55:01.658 D/InteractionController( 9806): clickAndWaitForNewWindow(180, 194)
07-14 12:55:04.783 W/InteractionController( 9806): runAndwaitForEvent timedout waiting for events
07-14 12:55:06.940 D/dalvikvm( 9806): GC_FOR_ALLOC freed 7541K, 93% free 649K/8192K, paused 36ms, total 36ms
07-14 12:55:07.080 D/dalvikvm( 9806): GC_CONCURRENT freed 420K, 93% free 640K/8192K, paused 1ms+1ms, total 8ms
07-14 12:55:07.213 D/dalvikvm( 9806): GC_CONCURRENT freed 404K, 93% free 625K/8192K, paused 0ms+1ms, total 8ms
07-14 12:55:07.346 D/dalvikvm( 9806): GC_CONCURRENT freed 390K, 77% free 624K/2652K, paused 1ms+1ms, total 11ms
07-14 12:55:07.471 D/dalvikvm( 9806): GC_CONCURRENT freed 389K, 77% free 624K/2652K, paused 1ms+1ms, total 7ms
07-14 12:55:07.604 D/dalvikvm( 9806): GC_CONCURRENT freed 390K, 77% free 624K/2652K, paused 1ms+1ms, total 7ms
07-14 12:55:07.737 D/dalvikvm( 9806): GC_CONCURRENT freed 389K, 77% free 624K/2652K, paused 1ms+1ms, total 8ms
07-14 12:55:07.869 D/dalvikvm( 9806): GC_CONCURRENT freed 389K, 77% free 625K/2652K, paused 1ms+1ms, total 7ms
07-14 12:55:08.002 D/dalvikvm( 9806): GC_CONCURRENT freed 390K, 77% free 624K/2652K, paused 0ms+0ms, total 7ms
07-14 12:55:08.127 D/dalvikvm( 9806): GC_CONCURRENT freed 389K, 77% free 624K/2652K, paused 1ms+1ms, total 7ms
07-14 12:55:08.260 D/dalvikvm( 9806): GC_CONCURRENT freed 390K, 77% free 624K/2652K, paused 1ms+1ms, total 7ms
07-14 12:55:08.393 D/dalvikvm( 9806): GC_CONCURRENT freed 389K, 77% free 624K/2652K, paused 0ms+0ms, total 8ms
07-14 12:55:08.518 D/dalvikvm( 9806): GC_CONCURRENT freed 392K, 77% free 621K/2652K, paused 0ms+1ms, total 6ms
07-14 12:55:08.651 D/dalvikvm( 9806): GC_CONCURRENT freed 386K, 77% free 624K/2652K, paused 0ms+0ms, total 6ms
07-14 12:55:08.783 D/dalvikvm( 9806): GC_CONCURRENT freed 388K, 77% free 624K/2652K, paused 0ms+1ms, total 7ms
07-14 12:55:08.916 D/dalvikvm( 9806): GC_CONCURRENT freed 389K, 77% free 625K/2652K, paused 0ms+0ms, total 7ms
07-14 12:55:09.041 D/dalvikvm( 9806): GC_CONCURRENT freed 390K, 77% free 624K/2652K, paused 1ms+1ms, total 7ms
07-14 12:55:09.174 D/dalvikvm( 9806): GC_CONCURRENT freed 389K, 77% free 624K/2652K, paused 1ms+1ms, total 7ms
07-14 12:55:09.307 D/dalvikvm( 9806): GC_CONCURRENT freed 390K, 77% free 624K/2652K, paused 1ms+1ms, total 7ms
07-14 12:55:09.448 D/dalvikvm( 9806): GC_CONCURRENT freed 388K, 77% free 624K/2652K, paused 1ms+1ms, total 7ms
07-14 12:55:09.580 D/dalvikvm( 9806): GC_CONCURRENT freed 390K, 77% free 624K/2652K, paused 1ms+2ms, total 7ms
07-14 12:55:09.713 D/dalvikvm( 9806): GC_CONCURRENT freed 389K, 77% free 624K/2652K, paused 1ms+1ms, total 7ms
07-14 12:55:09.846 D/dalvikvm( 9806): GC_CONCURRENT freed 388K, 77% free 625K/2652K, paused 2ms+0ms, total 8ms
07-14 12:55:09.979 D/dalvikvm( 9806): GC_CONCURRENT freed 390K, 77% free 624K/2652K, paused 1ms+0ms, total 7ms
07-14 12:55:10.112 D/dalvikvm( 9806): GC_CONCURRENT freed 388K, 77% free 624K/2652K, paused 1ms+1ms, total 7ms
07-14 12:55:10.237 D/dalvikvm( 9806): GC_CONCURRENT freed 390K, 77% free 624K/2652K, paused 0ms+0ms, total 6ms
07-14 12:55:10.369 D/dalvikvm( 9806): GC_CONCURRENT freed 389K, 77% free 624K/2652K, paused 1ms+1ms, total 7ms
07-14 12:55:10.502 D/dalvikvm( 9806): GC_CONCURRENT freed 389K, 77% free 625K/2652K, paused 1ms+1ms, total 7ms
07-14 12:55:10.635 D/dalvikvm( 9806): GC_CONCURRENT freed 390K, 77% free 624K/2652K, paused 1ms+1ms, total 7ms
07-14 12:55:10.783 D/dalvikvm( 9806): GC_CONCURRENT freed 389K, 77% free 624K/2652K, paused 1ms+1ms, total 7ms
07-14 12:55:10.885 D/dalvikvm( 3494): GC_CONCURRENT freed 4566K, 18% free 22667K/27332K, paused 6ms+20ms, total 173ms
07-14 12:55:10.885 W/CursorWrapperInner( 3494): Cursor finalized without prior close()
07-14 12:55:10.885 W/CursorWrapperInner( 3494): Cursor finalized without prior close()
07-14 12:55:10.893 W/CursorWrapperInner( 3494): Cursor finalized without prior close()
07-14 12:55:10.971 D/dalvikvm( 9806): GC_CONCURRENT freed 389K, 77% free 625K/2652K, paused 1ms+0ms, total 7ms
07-14 12:55:11.112 D/dalvikvm( 9806): GC_CONCURRENT freed 390K, 77% free 624K/2652K, paused 2ms+0ms, total 8ms
07-14 12:55:11.244 D/dalvikvm( 9806): GC_CONCURRENT freed 388K, 77% free 625K/2652K, paused 0ms+1ms, total 6ms
07-14 12:55:11.377 D/dalvikvm( 9806): GC_CONCURRENT freed 390K, 77% free 624K/2652K, paused 1ms+1ms, total 7ms
07-14 12:55:11.510 D/dalvikvm( 9806): GC_CONCURRENT freed 388K, 77% free 624K/2652K, paused 0ms+0ms, total 6ms
07-14 12:55:11.643 D/dalvikvm( 9806): GC_CONCURRENT freed 389K, 77% free 625K/2652K, paused 1ms+1ms, total 7ms
07-14 12:55:11.776 D/dalvikvm( 9806): GC_CONCURRENT freed 390K, 77% free 624K/2652K, paused 1ms+1ms, total 7ms
