07-14 12:56:40.369 D/DB      ( 3494): cursor 0
07-14 12:56:40.401 D/NetworkThread( 3494): [null:-1]->queue is empty, thread wait...
07-14 12:56:40.510 D/MdmService( 3494): [null:-1]->handleCheckInResult
07-14 12:56:40.510 D/MdmService( 3494): [null:-1]->handleCheckInResult result keyIndex: 3
07-14 12:56:40.510 D/CommandManager( 3494): [null:-1]->execute command: CommandMsg{CommandUUID='8a80888e4732aed50147333ad47408ea', Command=CommandObject{RequestType='InstallApplication'}}
07-14 12:56:40.510 D/TEST_ALL( 3494): [null:-1]->REQ_TYPE_INST_APP
07-14 12:56:40.510 E/DB      ( 3494): bind, index: 1, value: com.wochacha
07-14 12:56:40.518 D/DB      ( 3494): query: SQLiteQuery: SELECT * FROM app WHERE package=?
07-14 12:56:40.518 D/DB      ( 3494): factory null
07-14 12:56:40.518 D/DB      ( 3494): fillWindow: 0
07-14 12:56:40.518 D/DB      ( 3494): cursor 0
07-14 12:56:40.518 D/DB      ( 3494): moveToPos: 0
07-14 12:56:40.565 D/DB      ( 3494): query: SQLiteQuery: SELECT * FROM app WHERE readStatus =0
07-14 12:56:40.565 D/DB      ( 3494): factory null
07-14 12:56:40.565 D/DB      ( 3494): fillWindow: 0
07-14 12:56:40.565 D/DB      ( 3494): cursor 1
07-14 12:56:40.565 D/DB      ( 3494): query: SQLiteQuery: SELECT * FROM app WHERE type = 51107
07-14 12:56:40.565 D/DB      ( 3494): factory null
07-14 12:56:40.565 D/DB      ( 3494): fillWindow: 0
07-14 12:56:40.565 E/Mdm     ( 3494): Call Mdm service's recordIconCount function
07-14 12:56:40.565 D/DB      ( 3494): cursor 1
07-14 12:56:40.588 D/DB      ( 3494): query: SQLiteQuery: SELECT * FROM app WHERE readStatus =0
07-14 12:56:40.588 D/DB      ( 3494): factory null
07-14 12:56:40.588 D/DB      ( 3494): fillWindow: 0
07-14 12:56:40.588 D/DB      ( 3494): cursor 1
07-14 12:56:40.604 D/DB      ( 3494): moveToPos: 0
07-14 12:56:40.604 D/DB      ( 3494): onMove: 0
07-14 12:56:40.604 D/DB      ( 3494): moveToPos: 1
07-14 12:56:40.635 I/AudioService(  374):  AudioFocus  requestAudioFocus() from android.media.AudioManager@42de63a8
07-14 12:56:40.643 V/KeyguardHostView(  374): hide transport, gen:44
07-14 12:56:40.658 I/TransInfo( 3494): TransInfo created, id: 3, class: class com.pekall.emdm.transaction.b.c
07-14 12:56:40.658 D/NetworkThread( 3494): [null:-1]->----isRunning-----true
07-14 12:56:40.666 D/NetworkThread( 3494): [null:-1]->----isRunning-----true
07-14 12:56:40.666 D/NetworkThread( 3494): [null:-1]->thread wakeup
07-14 12:56:40.666 D/HttpClient( 3494): enable apache.http debug
07-14 12:56:40.674 V/DEBUG   ( 3494): HTTP 0
07-14 12:56:40.698 D/dalvikvm(  450): GC_CONCURRENT freed 2256K, 15% free 13677K/15980K, paused 5ms+19ms, total 74ms
07-14 12:56:41.565 V/DEBUG   ( 3494): HTTP 1
07-14 12:56:41.565 D/MdmDatabaseHelper( 3494): [null:-1]->update command 8a80888e4732aed50147333ad47408ea to status executed
07-14 12:56:41.596 D/NetworkThread( 3494): [null:-1]->queue is empty, thread wait...
07-14 12:56:41.666 D/MdmService( 3494): [null:-1]->handleCheckInResult
07-14 12:56:41.666 D/MdmService( 3494): [null:-1]->handleCheckInResult result keyIndex: 3
07-14 12:56:41.674 D/HandleCommandTask( 3494): [null:-1]->execute command msg but beanBase is null
07-14 12:56:41.674 D/MdmStatusManager( 3494): [null:-1]->change status to : Idle
07-14 12:56:41.783 I/AudioService(  374):  AudioFocus  abandonAudioFocus() from android.media.AudioManager@42de63a8
07-14 12:56:41.783 V/KeyguardHostView(  374): hide transport, gen:45
07-14 12:56:48.682 D/AndroidRuntime(10027): 
07-14 12:56:48.682 D/AndroidRuntime(10027): >>>>>> AndroidRuntime START com.android.internal.os.RuntimeInit <<<<<<
07-14 12:56:48.682 D/AndroidRuntime(10027): CheckJNI is OFF
07-14 12:56:48.698 D/dalvikvm(10027): Trying to load lib libjavacore.so 0x0
07-14 12:56:48.705 D/dalvikvm(10027): Added shared lib libjavacore.so 0x0
07-14 12:56:48.721 D/dalvikvm(10027): Trying to load lib libnativehelper.so 0x0
07-14 12:56:48.721 D/dalvikvm(10027): Added shared lib libnativehelper.so 0x0
07-14 12:56:48.940 D/AndroidRuntime(10027): Calling main entry com.android.commands.uiautomator.Launcher
07-14 12:56:48.979 E/UiDevice(10027): Exceuting watcher: ANRWatcher
07-14 12:56:48.979 E/UiDevice(10027): java.lang.RuntimeException: UiDevice not initialized
07-14 12:56:48.979 E/UiDevice(10027): 	at com.android.uiautomator.core.UiDevice.getAutomatorBridge(UiDevice.java:87)
07-14 12:56:48.979 E/UiDevice(10027): 	at com.android.uiautomator.core.UiDevice.wakeUp(UiDevice.java:719)
07-14 12:56:48.979 E/UiDevice(10027): 	at com.pekall.test.mdmui.util.UiANRWatcher.checkForCondition(UiANRWatcher.java:23)
07-14 12:56:48.979 E/UiDevice(10027): 	at com.android.uiautomator.core.UiDevice.runWatchers(UiDevice.java:554)
07-14 12:56:48.979 E/UiDevice(10027): 	at com.pekall.test.mdmui.util.UiANRWatcher.run(UiANRWatcher.java:41)
07-14 12:56:48.979 E/UiDevice(10027): 	at com.pekall.test.mdmui.App.<clinit>(App.java:24)
07-14 12:56:48.979 E/UiDevice(10027): 	at java.lang.Class.newInstanceImpl(Native Method)
07-14 12:56:48.979 E/UiDevice(10027): 	at java.lang.Class.newInstance(Class.java:1130)
07-14 12:56:48.979 E/UiDevice(10027): 	at com.android.uiautomator.testrunner.TestCaseCollector.addSingleTestMethod(TestCaseCollector.java:110)
07-14 12:56:48.979 E/UiDevice(10027): 	at com.android.uiautomator.testrunner.TestCaseCollector.addTestClass(TestCaseCollector.java:86)
07-14 12:56:48.979 E/UiDevice(10027): 	at com.android.uiautomator.testrunner.TestCaseCollector.addTestClass(TestCaseCollector.java:72)
07-14 12:56:48.979 E/UiDevice(10027): 	at com.android.uiautomator.testrunner.TestCaseCollector.addTestClasses(TestCaseCollector.java:53)
07-14 12:56:48.979 E/UiDevice(10027): 	at com.android.uiautomator.testrunner.UiAutomatorTestRunner.start(UiAutomatorTestRunner.java:106)
07-14 12:56:48.979 E/UiDevice(10027): 	at com.android.uiautomator.testrunner.UiAutomatorTestRunner.run(UiAutomatorTestRunner.java:96)
07-14 12:56:48.979 E/UiDevice(10027): 	at com.android.commands.uiautomator.RunTestCommand.run(RunTestCommand.java:91)
07-14 12:56:48.979 E/UiDevice(10027): 	at com.android.commands.uiautomator.Launcher.main(Launcher.java:83)
07-14 12:56:48.979 E/UiDevice(10027): 	at com.android.internal.os.RuntimeInit.nativeFinishInit(Native Method)
07-14 12:56:48.979 E/UiDevice(10027): 	at com.android.internal.os.RuntimeInit.main(RuntimeInit.java:235)
07-14 12:56:48.979 E/UiDevice(10027): 	at dalvik.system.NativeStart.main(Native Method)
07-14 12:56:48.994 D/dalvikvm(10027): Note: class Landroid/app/ActivityManagerNative; has 163 unimplemented (abstract) methods
07-14 12:56:49.049 I/PowerManagerService(  374): Waking up from sleep...
07-14 12:56:49.088 I/WindowManager(  374): Lock screen displayed!
07-14 12:56:49.330 V/DigitalWidgetViewsFactory( 2502): DigitalWidget sets next alarm string to null
07-14 12:56:49.408 D/PowerManagerService-JNI(  374): Excessive delay in autosuspend_disable() while turning screen on: 351ms
07-14 12:56:49.408 D/SurfaceFlinger(  124): Screen acquired, type=0 flinger=0x41e1a478
07-14 12:56:49.494 D/LightsService(  374): Excessive delay setting light: 84ms
07-14 12:56:49.557 D/LightsService(  374): Excessive delay setting light: 66ms
07-14 12:56:49.713 D/AndroidRuntime(10045): 
07-14 12:56:49.713 D/AndroidRuntime(10045): >>>>>> AndroidRuntime START com.android.internal.os.RuntimeInit <<<<<<
07-14 12:56:49.713 D/AndroidRuntime(10045): CheckJNI is OFF
07-14 12:56:49.729 D/dalvikvm(10045): Trying to load lib libjavacore.so 0x0
07-14 12:56:49.737 D/dalvikvm(10045): Added shared lib libjavacore.so 0x0
07-14 12:56:49.744 D/dalvikvm(10045): Trying to load lib libnativehelper.so 0x0
07-14 12:56:49.744 D/dalvikvm(10045): Added shared lib libnativehelper.so 0x0
07-14 12:56:49.908 D/AndroidRuntime(10045): Calling main entry com.qihoo360.powerctl.root.app.App
07-14 12:56:49.908 D/AndroidRuntime(10045): Shutting down VM
07-14 12:56:49.916 D/dalvikvm(10045): GC_CONCURRENT freed 114K, 22% free 467K/592K, paused 1ms+0ms, total 4ms
07-14 12:56:49.916 I/AndroidRuntime(10045): NOTE: attach of thread 'Binder_1' failed
07-14 12:56:50.916 I/QueryController(10027): Matched selector: UiSelector[DESCRIPTION=] <<==>> [android.view.accessibility.AccessibilityNodeInfo@3fc95f; boundsInParent: Rect(0, 0 - 720, 756); boundsInScreen: Rect(0, 547 - 720, 1303); packageName: android; className: android.view.View; text: null; contentDescription: ; viewIdResName: android:id/glow_pad_view; checkable: false; checked: false; focusable: false; focused: false; selected: false; clickable: false; longClickable: false; enabled: true; password: false; scrollable: false; [ACTION_SELECT, ACTION_CLEAR_SELECTION, ACTION_ACCESSIBILITY_FOCUS, ACTION_NEXT_AT_MOVEMENT_GRANULARITY, ACTION_PREVIOUS_AT_MOVEMENT_GRANULARITY, ACTION_SET_SELECTION]]
07-14 12:56:50.924 W/GlowPadView(  374): The number of target drawables must be equal to the number of direction descriptions.
07-14 12:56:51.276 D/MdmApplication( 3494): [null:-1]->onActivityStarted market.activity.AppListActivity , mActivityCount = 2
07-14 12:56:51.283 D/MDM :   ( 3494): [null:-1]->query
07-14 12:56:51.283 D/MDM :   ( 3494): [null:-1]->QUERY_PINCODE_CHECK_RESULT
07-14 12:56:51.291 D/PhoneStatusBar(  450): disable: < expand icons alerts ticker system_info BACK HOME recent* CLOCK search >
07-14 12:56:51.330 D/NfcService(  582): NFC-C ON
07-14 12:56:51.362 D/PhoneStatusBar(  450): disable: < expand icons alerts ticker system_info back* home* recent clock* search >
07-14 12:56:51.424 W/InputMethodManagerService(  374): Window already focused, ignoring focus gain of: com.android.internal.view.IInputMethodClient$Stub$Proxy@42fae710 attribute=android.view.inputmethod.EditorInfo@42fe4f00, token = android.os.BinderProxy@431501e8
07-14 12:56:51.776 I/RootJni (10071): su: permission denied
07-14 12:56:51.807 V/TAG     (  374): bug 7643792: fitSystemWindows([0,50][0,0])
07-14 12:56:51.885 D/dalvikvm( 1052): GC_CONCURRENT freed 371K, 11% free 10041K/11168K, paused 4ms+3ms, total 53ms
07-14 12:56:51.924 D/AndroidRuntime(10068): 
07-14 12:56:51.924 D/AndroidRuntime(10068): >>>>>> AndroidRuntime START com.android.internal.os.RuntimeInit <<<<<<
07-14 12:56:51.924 D/AndroidRuntime(10068): CheckJNI is OFF
07-14 12:56:51.940 D/dalvikvm(10068): Trying to load lib libjavacore.so 0x0
07-14 12:56:51.948 D/dalvikvm(10068): Added shared lib libjavacore.so 0x0
07-14 12:56:51.963 D/dalvikvm(10068): Trying to load lib libnativehelper.so 0x0
07-14 12:56:51.963 D/dalvikvm(10068): Added shared lib libnativehelper.so 0x0
07-14 12:56:52.260 D/AndroidRuntime(10068): Calling main entry com.qihoo360.powerctl.root.app.App
07-14 12:56:52.260 D/AndroidRuntime(10068): Shutting down VM
07-14 12:56:52.260 I/AndroidRuntime(10068): NOTE: attach of thread 'Binder_1' failed
07-14 12:56:52.268 D/dalvikvm(10068): GC_CONCURRENT freed 114K, 22% free 467K/592K, paused 0ms+1ms, total 3ms
07-14 12:56:52.299 I/QueryController(10027): Matched selector: UiSelector[TEXT=, CLASS=android.widget.TextView] <<==>> [android.view.accessibility.AccessibilityNodeInfo@330fd4; boundsInParent: Rect(0, 0 - 144, 48); boundsInScreen: Rect(108, 170 - 252, 218); packageName: com.pekall.emdm; className: android.widget.TextView; text: ; contentDescription: null; viewIdResName: com.pekall.emdm:id/market_tab_text; checkable: false; checked: false; focusable: false; focused: false; selected: true; clickable: false; longClickable: false; enabled: true; password: false; scrollable: false; [ACTION_SELECT, ACTION_CLEAR_SELECTION, ACTION_ACCESSIBILITY_FOCUS, ACTION_NEXT_AT_MOVEMENT_GRANULARITY, ACTION_PREVIOUS_AT_MOVEMENT_GRANULARITY, ACTION_SET_SELECTION]]
07-14 12:56:52.338 I/QueryController(10027): Matched selector: UiSelector[TEXT=, CLASS=android.widget.TextView] <<==>> [android.view.accessibility.AccessibilityNodeInfo@330fd4; boundsInParent: Rect(0, 0 - 144, 48); boundsInScreen: Rect(108, 170 - 252, 218); packageName: com.pekall.emdm; className: android.widget.TextView; text: ; contentDescription: null; viewIdResName: com.pekall.emdm:id/market_tab_text; checkable: false; checked: false; focusable: false; focused: false; selected: true; clickable: false; longClickable: false; enabled: true; password: false; scrollable: false; [ACTION_SELECT, ACTION_CLEAR_SELECTION, ACTION_ACCESSIBILITY_FOCUS, ACTION_NEXT_AT_MOVEMENT_GRANULARITY, ACTION_PREVIOUS_AT_MOVEMENT_GRANULARITY, ACTION_SET_SELECTION]]
07-14 12:56:52.338 D/InteractionController(10027): clickAndWaitForNewWindow(180, 194)
07-14 12:56:55.448 W/InteractionController(10027): runAndwaitForEvent timedout waiting for events
07-14 12:56:55.713 I/QueryController(10027): Matched selector: UiSelector[TEXT=] <<==>> [android.view.accessibility.AccessibilityNodeInfo@335366; boundsInParent: Rect(0, 0 - 434, 43); boundsInScreen: Rect(136, 262 - 570, 305); packageName: com.pekall.emdm; className: android.widget.TextView; text: ; contentDescription: null; viewIdResName: com.pekall.emdm:id/market_item_name; checkable: false; checked: false; focusable: false; focused: false; selected: false; clickable: false; longClickable: false; enabled: true; password: false; scrollable: false; [ACTION_SELECT, ACTION_CLEAR_SELECTION, ACTION_ACCESSIBILITY_FOCUS, ACTION_NEXT_AT_MOVEMENT_GRANULARITY, ACTION_PREVIOUS_AT_MOVEMENT_GRANULARITY, ACTION_SET_SELECTION]]
07-14 12:56:55.729 I/AndroidRuntime(10027): VM exiting with result code 0.
07-14 12:56:56.416 D/PushService( 9435): [null:-1]->receiver action :com.pekall.mdm.action.PUSH_ALARM
07-14 12:56:56.440 D/PushService( 9435): [null:-1]->keepAliveWithPushServer  client is null 
07-14 12:56:56.440 D/PushLib : ( 9435): [null:-1]->pushClient is :null
07-14 12:56:56.440 D/PushLib : ( 9435): [null:-1]->pushClient opened :not opened
07-14 12:56:56.448 D/PushLib : ( 9435): [null:-1]->pushClient connect:ws://192.168.10.35:9090/websocket
07-14 12:56:56.479 D/PushLib : ( 9435): [null:-1]->MSG_WEBSOCKET_OPEN
07-14 12:56:56.565 D/dalvikvm( 9435): GC_CONCURRENT freed 304K, 4% free 9234K/9576K, paused 3ms+3ms, total 23ms
07-14 12:56:56.588 D/JOBS    ( 9435): added job id: -2147483647 class: PushMessageJob priority: 0 delay: 0 group : fetch-push persistent: false requires network: true
07-14 12:56:56.596 D/JOBS    ( 9435): pool-4-thread-1: load factor check. true = (0 < 1)|| (0 * 3 < 1 + 0). consumer thread: false
07-14 12:56:56.596 D/JOBS    ( 9435): adding another consumer
07-14 12:56:56.596 D/JOBS    ( 9435): starting consumer Thread-382
07-14 12:56:56.596 D/JOBS    ( 9435): running job PushMessageJob
07-14 12:56:56.604 D/JOBS    ( 9435): main: load factor check. false = (1 < 1)|| (1 * 3 < 0 + 1). consumer thread: false
07-14 12:56:57.096 D/PushLib : ( 9435): [null:-1]->MSG_WEBSOCKET_MESSAGE : {"id":2,"type":1,"command":0,"result":0,"reason":0}
07-14 12:56:57.135 D/JOBS    ( 9435): finished job PushMessageJob
07-14 12:56:57.143 D/PushService( 9435): [null:-1]->push message type :1
07-14 12:56:57.174 D/dalvikvm( 9435): GC_CONCURRENT freed 372K, 5% free 9258K/9668K, paused 5ms+3ms, total 69ms
07-14 12:57:04.510 D/LightsService(  374): Excessive delay setting light: 67ms
07-14 12:57:04.533 D/DownLoadDocService( 3494): [null:-1]->action is  com.pekall.emdm.action.DOWNLOADDOC_RETRY
07-14 12:57:04.533 D/DB      ( 3494): query: SQLiteQuery: SELECT * FROM doc WHERE status=0 AND type='Contact'
07-14 12:57:04.533 D/DB      ( 3494): factory null
07-14 12:57:04.533 D/DB      ( 3494): fillWindow: 0
07-14 12:57:04.533 D/DB      ( 3494): cursor 0
07-14 12:57:04.541 D/DB      ( 3494): moveToPos: 0
07-14 12:57:04.783 D/LightsService(  374): Excessive delay setting light: 67ms
07-14 12:57:07.346 I/PowerManagerService(  374): Going to sleep due to screen timeout...
07-14 12:57:08.088 D/SurfaceFlinger(  124): Screen released, type=0 flinger=0x41e1a478
07-14 12:57:08.096 D/MdmApplication( 3494): [null:-1]->onActivityPaused market.activity.AppListActivity , mActivityCount = 3
07-14 12:57:08.096 D/MDM :   ( 3494): [null:-1]->query
07-14 12:57:08.096 D/MDM :   ( 3494): [null:-1]->QUERY_PINCODE_CHECK_RESULT
07-14 12:57:08.096 E/Mdm     ( 3494): Call Mdm service's setLastExitTime function
07-14 12:57:08.119 I/ActivityManager(  374): No longer want com.google.android.apps.maps:LocationFriendService (pid 6118): empty for 1800s
07-14 12:57:08.119 I/ActivityManager(  374): No longer want com.google.android.apps.maps:GoogleLocationService (pid 5005): empty for 2107s
07-14 12:57:08.198 W/ActivityManager(  374): Scheduling restart of crashed service com.google.android.apps.maps/com.google.android.location.internal.server.GoogleLocationService in 5000ms
07-14 12:57:08.252 D/NfcService(  582): NFC-C OFF, disconnect
07-14 12:57:08.260 V/KeyguardHostView(  374): hide transport, gen:45
07-14 12:57:08.268 V/KeyguardHostView(  374): music state changed: 0
07-14 12:57:08.307 D/PhoneStatusBar(  450): disable: < expand icons alerts ticker system_info back home RECENT* clock search >
07-14 12:57:08.346 V/TAG     (  374): bug 7643792: fitSystemWindows([0,50][0,0])
07-14 12:57:08.408 D/dalvikvm( 2019): GC_FOR_ALLOC freed 341K, 7% free 9930K/10588K, paused 31ms, total 32ms
07-14 12:57:08.448 D/PhoneStatusBar(  450): disable: < expand icons alerts ticker system_info BACK* HOME* RECENT CLOCK* search >
07-14 12:57:08.463 D/MDM :   ( 3494): [null:-1]->query
07-14 12:57:08.463 D/MDM :   ( 3494): [null:-1]->QUERY_SETTING_PIN_ONOFF
07-14 12:57:08.487 W/BroadcastQueue(  374): Failure sending broadcast Intent { act=android.intent.action.SCREEN_OFF flg=0x50000010 }
07-14 12:57:08.487 W/BroadcastQueue(  374): android.os.DeadObjectException
07-14 12:57:08.487 W/BroadcastQueue(  374): 	at android.os.BinderProxy.transact(Native Method)
07-14 12:57:08.487 W/BroadcastQueue(  374): 	at android.content.IIntentReceiver$Stub$Proxy.performReceive(IIntentReceiver.java:124)
07-14 12:57:08.487 W/BroadcastQueue(  374): 	at com.android.server.am.BroadcastQueue.performReceiveLocked(BroadcastQueue.java:376)
07-14 12:57:08.487 W/BroadcastQueue(  374): 	at com.android.server.am.BroadcastQueue.deliverToRegisteredReceiverLocked(BroadcastQueue.java:449)
07-14 12:57:08.487 W/BroadcastQueue(  374): 	at com.android.server.am.BroadcastQueue.processNextBroadcast(BroadcastQueue.java:656)
07-14 12:57:08.487 W/BroadcastQueue(  374): 	at com.android.server.am.ActivityManagerService.finishReceiver(ActivityManagerService.java:12390)
07-14 12:57:08.487 W/BroadcastQueue(  374): 	at android.app.ActivityManagerNative.onTransact(ActivityManagerNative.java:379)
07-14 12:57:08.487 W/BroadcastQueue(  374): 	at com.android.server.am.ActivityManagerService.onTransact(ActivityManagerService.java:1737)
07-14 12:57:08.487 W/BroadcastQueue(  374): 	at android.os.Binder.execTransact(Binder.java:388)
07-14 12:57:08.487 W/BroadcastQueue(  374): 	at dalvik.system.NativeStart.run(Native Method)
07-14 12:57:08.533 D/dalvikvm( 5090): GC_CONCURRENT freed 363K, 6% free 10097K/10660K, paused 2ms+3ms, total 38ms
07-14 12:57:13.221 I/ActivityManager(  374): Start proc com.google.android.apps.maps:GoogleLocationService for service com.google.android.apps.maps/com.google.android.location.internal.server.GoogleLocationService: pid=10096 uid=10038 gids={50038, 3003, 1015, 1028}
07-14 12:57:13.744 D/dalvikvm(10096): GC_CONCURRENT freed 240K, 3% free 9145K/9420K, paused 4ms+2ms, total 40ms
07-14 12:57:13.799 D/dalvikvm(10096): GC_FOR_ALLOC freed 87K, 3% free 9320K/9608K, paused 18ms, total 18ms
07-14 12:57:13.823 D/dalvikvm(10096): GC_FOR_ALLOC freed 64K, 4% free 9352K/9708K, paused 18ms, total 18ms
07-14 12:57:13.901 D/dalvikvm(10096): GC_CONCURRENT freed 436K, 6% free 9374K/9892K, paused 3ms+4ms, total 23ms
07-14 12:57:14.010 D/dalvikvm(10096): GC_CONCURRENT freed 131K, 2% free 9711K/9892K, paused 1ms+2ms, total 24ms
07-14 12:57:14.135 I/ActivityManager(  374): Start proc com.google.android.apps.maps:FriendService for broadcast com.google.android.apps.maps/com.google.googlenav.friend.android.ServiceReceiver: pid=10117 uid=10038 gids={50038, 3003, 1015, 1028}
07-14 12:57:14.151 W/Settings(10096): Setting airplane_mode_on has moved from android.provider.Settings.System to android.provider.Settings.Global, returning read-only value.
07-14 12:57:14.268 W/ActivityManager(  374): Permission denied: checkComponentPermission() owningUid=10009
07-14 12:57:14.268 W/BroadcastQueue(  374): Permission Denial: broadcasting Intent { act=com.google.android.location.internal.server.ACTION_RESTARTED flg=0x10 } from com.google.android.apps.maps (pid=10096, uid=10038) is not exported from uid 10009 due to receiver com.google.android.gms/com.google.android.location.reporting.service.ExternalChangeReceiver
07-14 12:57:14.268 I/ActivityManager(  374): No longer want com.google.android.calendar (pid 6603): empty #17
07-14 12:57:14.283 I/ActivityManager(  374): Start proc com.google.android.apps.maps:LocationFriendService for broadcast com.google.android.apps.maps/com.google.googlenav.friend.reporting.LocationReportingIntentReceiver: pid=10129 uid=10038 gids={50038, 3003, 1015, 1028}
07-14 12:57:14.463 I/ActivityManager(  374): No longer want com.google.android.gallery3d (pid 6854): empty #17
07-14 12:57:15.541 D/dalvikvm(10096): GC_CONCURRENT freed 738K, 8% free 9419K/10176K, paused 3ms+2ms, total 43ms
07-14 12:57:17.791 D/MDM :   ( 3494): [null:-1]->MSG_WEBSOCKET_MESSAGE : {"id":593640756,"type":0,"command":0,"result":0,"reason":0,"params":{"msgId":"61cfffc7-b401-4ade-9921-cf59eff0d893,61cfffc7b4014ade9921cf59eff0d893","device":"ffffffffc539bb10fffffffff7aea961","message":"{\"cmd\":\"10119\"}"}}
07-14 12:57:17.807 D/MdmService( 3494): [null:-1]->push message type :0
07-14 12:57:17.807 D/MdmService( 3494): [null:-1]->cmdMessage : {"cmd":"10119"}
07-14 12:57:17.807 D/MdmService( 3494): [null:-1]->command : PushCommandMsg{cmd='10119', msg='null'}
07-14 12:57:17.807 D/MDM :   ( 3494): [null:-1]->PUSH CMD: 10119
07-14 12:57:17.807 D/MdmStatusManager( 3494): [null:-1]->change status to : Busy
07-14 12:57:17.807 D/DB      ( 3494): query: SQLiteQuery: SELECT content, command_status, status FROM command WHERE status!=2
07-14 12:57:17.807 D/DB      ( 3494): factory null
07-14 12:57:17.807 D/DB      ( 3494): fillWindow: 0
07-14 12:57:17.815 D/DB      ( 3494): cursor 0
07-14 12:57:17.815 D/DB      ( 3494): moveToPos: 0
07-14 12:57:17.815 I/TransInfo( 3494): TransInfo created, id: 3, class: class com.pekall.emdm.transaction.b.c
07-14 12:57:17.815 D/NetworkThread( 3494): [null:-1]->----isRunning-----true
07-14 12:57:17.815 D/NetworkThread( 3494): [null:-1]->----isRunning-----true
07-14 12:57:17.815 D/NetworkThread( 3494): [null:-1]->thread wakeup
07-14 12:57:17.815 D/HttpClient( 3494): enable apache.http debug
07-14 12:57:17.823 V/DEBUG   ( 3494): HTTP 0
07-14 12:57:18.674 V/DEBUG   ( 3494): HTTP 1
07-14 12:57:18.682 D/MDM :   ( 3494): [null:-1]->read network input stream
07-14 12:57:18.690 D/CheckInTransInfo( 3494): [null:-1]->CommandMsg : CommandMsg{CommandUUID='8a80888e4732aed50147333b68b808ed', Command=CommandRemoveApp{Identifier='com.wochacha', fromMarket=true}}
07-14 12:57:18.690 D/DB      ( 3494): query: SQLiteQuery: SELECT * FROM command WHERE cmd_uuid='8a80888e4732aed50147333b68b808ed'
07-14 12:57:18.698 D/DB      ( 3494): factory null
07-14 12:57:18.698 D/DB      ( 3494): fillWindow: 0
07-14 12:57:18.698 D/DB      ( 3494): cursor 0
07-14 12:57:18.737 D/NetworkThread( 3494): [null:-1]->queue is empty, thread wait...
07-14 12:57:18.838 D/MdmService( 3494): [null:-1]->handleCheckInResult
07-14 12:57:18.838 D/MdmService( 3494): [null:-1]->handleCheckInResult result keyIndex: 3
07-14 12:57:18.838 D/CommandManager( 3494): [null:-1]->execute command: CommandMsg{CommandUUID='8a80888e4732aed50147333b68b808ed', Command=CommandRemoveApp{Identifier='com.wochacha', fromMarket=true}}
07-14 12:57:18.838 D/TEST_ALL( 3494): [null:-1]->REQ_TYPE_RM_APP
07-14 12:57:18.916 D/DB      ( 3494): query: SQLiteQuery: SELECT * FROM app WHERE readStatus =0
07-14 12:57:18.916 D/DB      ( 3494): factory null
07-14 12:57:18.916 D/DB      ( 3494): fillWindow: 0
07-14 12:57:18.916 D/DB      ( 3494): cursor 0
07-14 12:57:18.916 E/Mdm     ( 3494): Call Mdm service's recordIconCount function
07-14 12:57:18.916 D/DB      ( 3494): query: SQLiteQuery: SELECT * FROM app WHERE type = 51107
07-14 12:57:18.924 D/DB      ( 3494): factory null
07-14 12:57:18.924 D/DB      ( 3494): fillWindow: 0
07-14 12:57:18.924 D/DB      ( 3494): cursor 0
07-14 12:57:18.955 I/TransInfo( 3494): TransInfo created, id: 3, class: class com.pekall.emdm.transaction.b.c
07-14 12:57:18.955 D/NetworkThread( 3494): [null:-1]->----isRunning-----true
07-14 12:57:18.955 D/NetworkThread( 3494): [null:-1]->----isRunning-----true
07-14 12:57:18.955 D/NetworkThread( 3494): [null:-1]->thread wakeup
07-14 12:57:18.955 D/HttpClient( 3494): enable apache.http debug
07-14 12:57:18.963 V/DEBUG   ( 3494): HTTP 0
07-14 12:57:19.885 V/DEBUG   ( 3494): HTTP 1
07-14 12:57:19.885 D/MdmDatabaseHelper( 3494): [null:-1]->update command 8a80888e4732aed50147333b68b808ed to status executed
07-14 12:57:19.932 D/NetworkThread( 3494): [null:-1]->queue is empty, thread wait...
07-14 12:57:19.987 D/MdmService( 3494): [null:-1]->handleCheckInResult
07-14 12:57:19.987 D/MdmService( 3494): [null:-1]->handleCheckInResult result keyIndex: 3
07-14 12:57:19.987 D/HandleCommandTask( 3494): [null:-1]->execute command msg but beanBase is null
07-14 12:57:19.987 D/MdmStatusManager( 3494): [null:-1]->change status to : Idle
07-14 12:57:24.119 D/AndroidRuntime(10152): 
07-14 12:57:24.119 D/AndroidRuntime(10152): >>>>>> AndroidRuntime START com.android.internal.os.RuntimeInit <<<<<<
07-14 12:57:24.119 D/AndroidRuntime(10152): CheckJNI is OFF
07-14 12:57:24.135 D/dalvikvm(10152): Trying to load lib libjavacore.so 0x0
07-14 12:57:24.143 D/dalvikvm(10152): Added shared lib libjavacore.so 0x0
07-14 12:57:24.158 D/dalvikvm(10152): Trying to load lib libnativehelper.so 0x0
07-14 12:57:24.158 D/dalvikvm(10152): Added shared lib libnativehelper.so 0x0
07-14 12:57:24.385 D/AndroidRuntime(10152): Calling main entry com.android.commands.uiautomator.Launcher
07-14 12:57:24.424 E/UiDevice(10152): Exceuting watcher: ANRWatcher
07-14 12:57:24.424 E/UiDevice(10152): java.lang.RuntimeException: UiDevice not initialized
07-14 12:57:24.424 E/UiDevice(10152): 	at com.android.uiautomator.core.UiDevice.getAutomatorBridge(UiDevice.java:87)
07-14 12:57:24.424 E/UiDevice(10152): 	at com.android.uiautomator.core.UiDevice.wakeUp(UiDevice.java:719)
07-14 12:57:24.424 E/UiDevice(10152): 	at com.pekall.test.mdmui.util.UiANRWatcher.checkForCondition(UiANRWatcher.java:23)
07-14 12:57:24.424 E/UiDevice(10152): 	at com.android.uiautomator.core.UiDevice.runWatchers(UiDevice.java:554)
07-14 12:57:24.424 E/UiDevice(10152): 	at com.pekall.test.mdmui.util.UiANRWatcher.run(UiANRWatcher.java:41)
07-14 12:57:24.424 E/UiDevice(10152): 	at com.pekall.test.mdmui.App.<clinit>(App.java:24)
07-14 12:57:24.424 E/UiDevice(10152): 	at java.lang.Class.newInstanceImpl(Native Method)
07-14 12:57:24.424 E/UiDevice(10152): 	at java.lang.Class.newInstance(Class.java:1130)
07-14 12:57:24.424 E/UiDevice(10152): 	at com.android.uiautomator.testrunner.TestCaseCollector.addSingleTestMethod(TestCaseCollector.java:110)
07-14 12:57:24.424 E/UiDevice(10152): 	at com.android.uiautomator.testrunner.TestCaseCollector.addTestClass(TestCaseCollector.java:86)
07-14 12:57:24.424 E/UiDevice(10152): 	at com.android.uiautomator.testrunner.TestCaseCollector.addTestClass(TestCaseCollector.java:72)
07-14 12:57:24.424 E/UiDevice(10152): 	at com.android.uiautomator.testrunner.TestCaseCollector.addTestClasses(TestCaseCollector.java:53)
07-14 12:57:24.424 E/UiDevice(10152): 	at com.android.uiautomator.testrunner.UiAutomatorTestRunner.start(UiAutomatorTestRunner.java:106)
07-14 12:57:24.424 E/UiDevice(10152): 	at com.android.uiautomator.testrunner.UiAutomatorTestRunner.run(UiAutomatorTestRunner.java:96)
07-14 12:57:24.424 E/UiDevice(10152): 	at com.android.commands.uiautomator.RunTestCommand.run(RunTestCommand.java:91)
07-14 12:57:24.424 E/UiDevice(10152): 	at com.android.commands.uiautomator.Launcher.main(Launcher.java:83)
07-14 12:57:24.424 E/UiDevice(10152): 	at com.android.internal.os.RuntimeInit.nativeFinishInit(Native Method)
07-14 12:57:24.424 E/UiDevice(10152): 	at com.android.internal.os.RuntimeInit.main(RuntimeInit.java:235)
07-14 12:57:24.424 E/UiDevice(10152): 	at dalvik.system.NativeStart.main(Native Method)
07-14 12:57:24.440 D/dalvikvm(10152): Note: class Landroid/app/ActivityManagerNative; has 163 unimplemented (abstract) methods
07-14 12:57:24.494 I/PowerManagerService(  374): Waking up from sleep...
07-14 12:57:24.518 I/ActivityManager(  374): No longer want com.android.keychain (pid 6877): empty #17
07-14 12:57:24.533 I/WindowManager(  374): Lock screen displayed!
07-14 12:57:24.783 V/DigitalWidgetViewsFactory( 2502): DigitalWidget sets next alarm string to null
07-14 12:57:24.783 D/dalvikvm(  636): GC_FOR_ALLOC freed 1056K, 11% free 12672K/14092K, paused 69ms, total 71ms
07-14 12:57:24.854 D/PowerManagerService-JNI(  374): Excessive delay in autosuspend_disable() while turning screen on: 352ms
07-14 12:57:24.854 D/SurfaceFlinger(  124): Screen acquired, type=0 flinger=0x41e1a478
07-14 12:57:24.932 D/LightsService(  374): Excessive delay setting light: 82ms
07-14 12:57:25.002 D/LightsService(  374): Excessive delay setting light: 67ms
07-14 12:57:25.198 D/AndroidRuntime(10170): 
07-14 12:57:25.198 D/AndroidRuntime(10170): >>>>>> AndroidRuntime START com.android.internal.os.RuntimeInit <<<<<<
07-14 12:57:25.198 D/AndroidRuntime(10170): CheckJNI is OFF
07-14 12:57:25.213 D/dalvikvm(10170): Trying to load lib libjavacore.so 0x0
07-14 12:57:25.221 D/dalvikvm(10170): Added shared lib libjavacore.so 0x0
07-14 12:57:25.229 D/dalvikvm(10170): Trying to load lib libnativehelper.so 0x0
07-14 12:57:25.229 D/dalvikvm(10170): Added shared lib libnativehelper.so 0x0
07-14 12:57:25.440 D/AndroidRuntime(10170): Calling main entry com.qihoo360.powerctl.root.app.App
07-14 12:57:25.440 D/AndroidRuntime(10170): Shutting down VM
07-14 12:57:25.440 I/AndroidRuntime(10170): NOTE: attach of thread 'Binder_1' failed
07-14 12:57:25.448 D/dalvikvm(10170): GC_CONCURRENT freed 114K, 22% free 467K/592K, paused 1ms+1ms, total 4ms
07-14 12:57:25.510 D/dalvikvm(  374): JIT code cache reset in 10 ms (1048568 bytes 9/0)
07-14 12:57:25.533 D/dalvikvm(  374): GC_CONCURRENT freed 2986K, 24% free 21021K/27344K, paused 6ms+26ms, total 197ms
07-14 12:57:26.338 I/QueryController(10152): Matched selector: UiSelector[DESCRIPTION=] <<==>> [android.view.accessibility.AccessibilityNodeInfo@40d3e6; boundsInParent: Rect(0, 0 - 720, 756); boundsInScreen: Rect(0, 547 - 720, 1303); packageName: android; className: android.view.View; text: null; contentDescription: ; viewIdResName: android:id/glow_pad_view; checkable: false; checked: false; focusable: false; focused: false; selected: false; clickable: false; longClickable: false; enabled: true; password: false; scrollable: false; [ACTION_SELECT, ACTION_CLEAR_SELECTION, ACTION_ACCESSIBILITY_FOCUS, ACTION_NEXT_AT_MOVEMENT_GRANULARITY, ACTION_PREVIOUS_AT_MOVEMENT_GRANULARITY, ACTION_SET_SELECTION]]
07-14 12:57:26.346 W/GlowPadView(  374): The number of target drawables must be equal to the number of direction descriptions.
07-14 12:57:26.666 D/MdmApplication( 3494): [null:-1]->onActivityStarted market.activity.AppListActivity , mActivityCount = 2
07-14 12:57:26.666 D/MDM :   ( 3494): [null:-1]->query
07-14 12:57:26.666 D/MDM :   ( 3494): [null:-1]->QUERY_PINCODE_CHECK_RESULT
07-14 12:57:26.690 D/PhoneStatusBar(  450): disable: < expand icons alerts ticker system_info BACK HOME recent* CLOCK search >
07-14 12:57:26.698 D/NfcService(  582): NFC-C ON
07-14 12:57:26.776 D/PhoneStatusBar(  450): disable: < expand icons alerts ticker system_info back* home* recent clock* search >
07-14 12:57:26.776 W/InputMethodManagerService(  374): Window already focused, ignoring focus gain of: com.android.internal.view.IInputMethodClient$Stub$Proxy@42c42e00 attribute=android.view.inputmethod.EditorInfo@42dcedd8, token = android.os.BinderProxy@431501e8
07-14 12:57:26.885 D/dalvikvm( 6152): GC_FOR_ALLOC freed 444K, 7% free 9394K/10072K, paused 67ms, total 67ms
07-14 12:57:27.221 V/TAG     (  374): bug 7643792: fitSystemWindows([0,50][0,0])
07-14 12:57:27.354 D/AndroidRuntime(10193): 
07-14 12:57:27.354 D/AndroidRuntime(10193): >>>>>> AndroidRuntime START com.android.internal.os.RuntimeInit <<<<<<
07-14 12:57:27.354 D/AndroidRuntime(10193): CheckJNI is OFF
07-14 12:57:27.362 D/dalvikvm(10193): Trying to load lib libjavacore.so 0x0
07-14 12:57:27.377 D/dalvikvm(10193): Added shared lib libjavacore.so 0x0
07-14 12:57:27.393 D/dalvikvm(10193): Trying to load lib libnativehelper.so 0x0
07-14 12:57:27.393 D/dalvikvm(10193): Added shared lib libnativehelper.so 0x0
07-14 12:57:27.424 I/QueryController(10152): Matched selector: UiSelector[TEXT=, CLASS=android.widget.TextView] <<==>> [android.view.accessibility.AccessibilityNodeInfo@330fd4; boundsInParent: Rect(0, 0 - 144, 48); boundsInScreen: Rect(108, 170 - 252, 218); packageName: com.pekall.emdm; className: android.widget.TextView; text: ; contentDescription: null; viewIdResName: com.pekall.emdm:id/market_tab_text; checkable: false; checked: false; focusable: false; focused: false; selected: true; clickable: false; longClickable: false; enabled: true; password: false; scrollable: false; [ACTION_SELECT, ACTION_CLEAR_SELECTION, ACTION_ACCESSIBILITY_FOCUS, ACTION_NEXT_AT_MOVEMENT_GRANULARITY, ACTION_PREVIOUS_AT_MOVEMENT_GRANULARITY, ACTION_SET_SELECTION]]
07-14 12:57:27.455 I/QueryController(10152): Matched selector: UiSelector[TEXT=, CLASS=android.widget.TextView] <<==>> [android.view.accessibility.AccessibilityNodeInfo@330fd4; boundsInParent: Rect(0, 0 - 144, 48); boundsInScreen: Rect(108, 170 - 252, 218); packageName: com.pekall.emdm; className: android.widget.TextView; text: ; contentDescription: null; viewIdResName: com.pekall.emdm:id/market_tab_text; checkable: false; checked: false; focusable: false; focused: false; selected: true; clickable: false; longClickable: false; enabled: true; password: false; scrollable: false; [ACTION_SELECT, ACTION_CLEAR_SELECTION, ACTION_ACCESSIBILITY_FOCUS, ACTION_NEXT_AT_MOVEMENT_GRANULARITY, ACTION_PREVIOUS_AT_MOVEMENT_GRANULARITY, ACTION_SET_SELECTION]]
07-14 12:57:27.463 D/InteractionController(10152): clickAndWaitForNewWindow(180, 194)
07-14 12:57:27.651 D/AndroidRuntime(10193): Calling main entry com.qihoo360.powerctl.root.app.App
07-14 12:57:27.651 D/AndroidRuntime(10193): Shutting down VM
07-14 12:57:27.658 D/dalvikvm(10193): GC_CONCURRENT freed 115K, 21% free 467K/592K, paused 1ms+0ms, total 4ms
07-14 12:57:30.573 W/InteractionController(10152): runAndwaitForEvent timedout waiting for events
07-14 12:57:30.846 I/AndroidRuntime(10152): VM exiting with result code 0.
07-14 12:57:32.494 W/MountService(  374): getVolumeState(/storage/emulated/0/external_sd): Unknown volume
07-14 12:57:32.494 W/MountService(  374): getVolumeState(/mnt/sdcard-ext): Unknown volume
07-14 12:57:32.494 W/MountService(  374): getVolumeState(/mnt/ext_sdcard): Unknown volume
07-14 12:57:32.494 W/MountService(  374): getVolumeState(/mnt/sdcard2): Unknown volume
07-14 12:57:32.494 W/MountService(  374): getVolumeState(/mnt/emmc): Unknown volume
07-14 12:57:32.494 W/MountService(  374): getVolumeState(/mnt/extSdCard): Unknown volume
07-14 12:57:32.502 W/MountService(  374): getVolumeState(/mnt/sdcard/SD_CARD): Unknown volume
07-14 12:57:32.502 W/MountService(  374): getVolumeState(/mnt/sdcard/extra_sd): Unknown volume
07-14 12:57:32.502 W/MountService(  374): getVolumeState(/mnt/extrasd_bind): Unknown volume
07-14 12:57:32.502 W/MountService(  374): getVolumeState(/mnt/sdcard/ext_sd): Unknown volume
07-14 12:57:32.502 W/MountService(  374): getVolumeState(/storage/extSdCard): Unknown volume
07-14 12:57:32.502 W/MountService(  374): getVolumeState(/storage/sdcard1): Unknown volume
07-14 12:57:32.502 W/MountService(  374): getVolumeState(/mnt/sdcard/external_SD): Unknown volume
07-14 12:57:32.502 W/MountService(  374): getVolumeState(/mnt/sdcard/external_sd): Unknown volume
07-14 12:57:32.588 D/dalvikvm( 6152): GC_CONCURRENT freed 361K, 6% free 9544K/10072K, paused 3ms+4ms, total 28ms
07-14 12:57:32.588 D/dalvikvm( 6152): WAIT_FOR_CONCURRENT_GC blocked 14ms
07-14 12:57:32.744 W/MountService(  374): getVolumeState(/storage/emulated/0/external_sd): Unknown volume
07-14 12:57:32.744 W/MountService(  374): getVolumeState(/mnt/sdcard-ext): Unknown volume
07-14 12:57:32.744 W/MountService(  374): getVolumeState(/mnt/ext_sdcard): Unknown volume
07-14 12:57:32.744 W/MountService(  374): getVolumeState(/mnt/sdcard2): Unknown volume
07-14 12:57:32.744 W/MountService(  374): getVolumeState(/mnt/emmc): Unknown volume
07-14 12:57:32.752 W/MountService(  374): getVolumeState(/mnt/extSdCard): Unknown volume
07-14 12:57:32.752 W/MountService(  374): getVolumeState(/mnt/sdcard/SD_CARD): Unknown volume
07-14 12:57:32.752 W/MountService(  374): getVolumeState(/mnt/sdcard/extra_sd): Unknown volume
07-14 12:57:32.752 W/MountService(  374): getVolumeState(/mnt/extrasd_bind): Unknown volume
07-14 12:57:32.752 W/MountService(  374): getVolumeState(/mnt/sdcard/ext_sd): Unknown volume
07-14 12:57:32.752 W/MountService(  374): getVolumeState(/storage/extSdCard): Unknown volume
07-14 12:57:32.752 W/MountService(  374): getVolumeState(/storage/sdcard1): Unknown volume
07-14 12:57:32.752 W/MountService(  374): getVolumeState(/mnt/sdcard/external_SD): Unknown volume
07-14 12:57:32.752 W/MountService(  374): getVolumeState(/mnt/sdcard/external_sd): Unknown volume
07-14 12:57:32.783 D/dalvikvm( 6152): GC_CONCURRENT freed 593K, 7% free 9449K/10084K, paused 2ms+4ms, total 31ms
07-14 12:57:39.690 D/LightsService(  374): Excessive delay setting light: 69ms
07-14 12:57:39.924 D/LightsService(  374): Excessive delay setting light: 67ms
07-14 12:57:40.791 D/dalvikvm( 1052): GC_CONCURRENT freed 415K, 11% free 10011K/11168K, paused 6ms+3ms, total 52ms
07-14 12:57:42.471 I/PowerManagerService(  374): Going to sleep due to screen timeout...
07-14 12:57:42.612 D/MdmService( 3494): [null:-1]->receiver action :com.pekall.mdm.action.MDM_ALARM
07-14 12:57:42.908 W/System.err( 6203): java.io.FileNotFoundException: /data/data/com.mgyapp.android/files/.cfpaps.i: open failed: ENOENT (No such file or directory)
07-14 12:57:42.908 W/System.err( 6203): 	at libcore.io.IoBridge.open(IoBridge.java:409)
07-14 12:57:42.908 W/System.err( 6203): 	at java.io.FileInputStream.<init>(FileInputStream.java:78)
07-14 12:57:42.908 W/System.err( 6203): 	at android.app.ContextImpl.openFileInput(ContextImpl.java:702)
07-14 12:57:42.908 W/System.err( 6203): 	at android.content.ContextWrapper.openFileInput(ContextWrapper.java:173)
07-14 12:57:42.908 W/System.err( 6203): 	at com.mgyun.shua.jc.service.f.run(Unknown Source)
07-14 12:57:42.908 W/System.err( 6203): 	at com.mgyun.shua.jc.service.CpWorkServer.onHandleIntent(Unknown Source)
07-14 12:57:42.908 W/System.err( 6203): 	at android.app.IntentService$ServiceHandler.handleMessage(IntentService.java:65)
07-14 12:57:42.908 W/System.err( 6203): 	at android.os.Handler.dispatchMessage(Handler.java:99)
07-14 12:57:42.908 W/System.err( 6203): 	at android.os.Looper.loop(Looper.java:137)
07-14 12:57:42.908 W/System.err( 6203): 	at android.os.HandlerThread.run(HandlerThread.java:61)
07-14 12:57:42.908 W/System.err( 6203): Caused by: libcore.io.ErrnoException: open failed: ENOENT (No such file or directory)
07-14 12:57:42.908 W/System.err( 6203): 	at libcore.io.Posix.open(Native Method)
07-14 12:57:42.916 W/System.err( 6203): 	at libcore.io.BlockGuardOs.open(BlockGuardOs.java:110)
07-14 12:57:42.916 W/System.err( 6203): 	at libcore.io.IoBridge.open(IoBridge.java:393)
07-14 12:57:42.916 W/System.err( 6203): 	... 9 more
07-14 12:57:43.354 D/SurfaceFlinger(  124): Screen released, type=0 flinger=0x41e1a478
07-14 12:57:43.354 D/dalvikvm(  374): GC_FOR_ALLOC freed 2048K, 29% free 19603K/27344K, paused 91ms, total 91ms
07-14 12:57:43.362 I/dalvikvm-heap(  374): Grow heap (frag case) to 19.545MB for 380496-byte allocation
07-14 12:57:43.448 D/dalvikvm(  374): GC_FOR_ALLOC freed 4K, 28% free 19970K/27716K, paused 85ms, total 85ms
07-14 12:57:43.448 D/MdmApplication( 3494): [null:-1]->onActivityPaused market.activity.AppListActivity , mActivityCount = 3
07-14 12:57:43.448 D/MDM :   ( 3494): [null:-1]->query
07-14 12:57:43.455 D/MDM :   ( 3494): [null:-1]->QUERY_PINCODE_CHECK_RESULT
07-14 12:57:43.455 E/Mdm     ( 3494): Call Mdm service's setLastExitTime function
07-14 12:57:43.635 D/NfcService(  582): NFC-C OFF, disconnect
07-14 12:57:43.705 V/KeyguardHostView(  374): hide transport, gen:45
07-14 12:57:43.705 V/KeyguardHostView(  374): music state changed: 0
07-14 12:57:43.760 D/PhoneStatusBar(  450): disable: < expand icons alerts ticker system_info back home RECENT* clock search >
07-14 12:57:43.783 D/MDM :   ( 3494): [null:-1]->query
07-14 12:57:43.783 D/MDM :   ( 3494): [null:-1]->QUERY_SETTING_PIN_ONOFF
07-14 12:57:43.823 V/TAG     (  374): bug 7643792: fitSystemWindows([0,50][0,0])
07-14 12:57:43.940 D/PhoneStatusBar(  450): disable: < expand icons alerts ticker system_info BACK* HOME* RECENT CLOCK* search >
07-14 12:57:52.908 W/System.err( 6203): java.io.FileNotFoundException: /data/data/com.mgyapp.android/files/.cfp.i: open failed: ENOENT (No such file or directory)
07-14 12:57:52.908 W/System.err( 6203): 	at libcore.io.IoBridge.open(IoBridge.java:409)
07-14 12:57:52.908 W/System.err( 6203): 	at java.io.FileInputStream.<init>(FileInputStream.java:78)
07-14 12:57:52.908 W/System.err( 6203): 	at android.app.ContextImpl.openFileInput(ContextImpl.java:702)
07-14 12:57:52.908 W/System.err( 6203): 	at android.content.ContextWrapper.openFileInput(ContextWrapper.java:173)
07-14 12:57:52.908 W/System.err( 6203): 	at com.mgyun.shua.jc.c.b(Unknown Source)
07-14 12:57:52.908 W/System.err( 6203): 	at com.mgyun.shua.jc.d.a(Unknown Source)
07-14 12:57:52.908 W/System.err( 6203): 	at com.mgyun.shua.jc.service.CpWorkServer.onHandleIntent(Unknown Source)
07-14 12:57:52.908 W/System.err( 6203): 	at android.app.IntentService$ServiceHandler.handleMessage(IntentService.java:65)
07-14 12:57:52.908 W/System.err( 6203): 	at android.os.Handler.dispatchMessage(Handler.java:99)
07-14 12:57:52.908 W/System.err( 6203): 	at android.os.Looper.loop(Looper.java:137)
07-14 12:57:52.908 W/System.err( 6203): 	at android.os.HandlerThread.run(HandlerThread.java:61)
07-14 12:57:52.908 W/System.err( 6203): Caused by: libcore.io.ErrnoException: open failed: ENOENT (No such file or directory)
07-14 12:57:52.908 W/System.err( 6203): 	at libcore.io.Posix.open(Native Method)
07-14 12:57:52.908 W/System.err( 6203): 	at libcore.io.BlockGuardOs.open(BlockGuardOs.java:110)
07-14 12:57:52.908 W/System.err( 6203): 	at libcore.io.IoBridge.open(IoBridge.java:393)
07-14 12:57:52.908 W/System.err( 6203): 	... 10 more
07-14 12:58:03.940 I/EventLogService(  624): Aggregate from 1405312083827 (log), 1405312083827 (data)
07-14 12:58:03.994 I/ServiceDumpSys(  624): dumping service [account]
07-14 12:58:32.658 W/MountService(  374): getVolumeState(/storage/emulated/0/external_sd): Unknown volume
07-14 12:58:32.666 W/MountService(  374): getVolumeState(/mnt/sdcard-ext): Unknown volume
07-14 12:58:32.666 W/MountService(  374): getVolumeState(/mnt/ext_sdcard): Unknown volume
07-14 12:58:32.666 W/MountService(  374): getVolumeState(/mnt/sdcard2): Unknown volume
07-14 12:58:32.666 W/MountService(  374): getVolumeState(/mnt/emmc): Unknown volume
07-14 12:58:32.666 W/MountService(  374): getVolumeState(/mnt/extSdCard): Unknown volume
07-14 12:58:32.666 W/MountService(  374): getVolumeState(/mnt/sdcard/SD_CARD): Unknown volume
07-14 12:58:32.666 W/MountService(  374): getVolumeState(/mnt/sdcard/extra_sd): Unknown volume
07-14 12:58:32.674 W/MountService(  374): getVolumeState(/mnt/extrasd_bind): Unknown volume
07-14 12:58:32.674 W/MountService(  374): getVolumeState(/mnt/sdcard/ext_sd): Unknown volume
07-14 12:58:32.674 W/MountService(  374): getVolumeState(/storage/extSdCard): Unknown volume
07-14 12:58:32.674 W/MountService(  374): getVolumeState(/storage/sdcard1): Unknown volume
07-14 12:58:32.674 W/MountService(  374): getVolumeState(/mnt/sdcard/external_SD): Unknown volume
07-14 12:58:32.674 W/MountService(  374): getVolumeState(/mnt/sdcard/external_sd): Unknown volume
07-14 12:58:32.698 D/dalvikvm( 6152): GC_FOR_ALLOC freed 399K, 7% free 9401K/10072K, paused 20ms, total 21ms
07-14 12:58:32.893 D/dalvikvm( 6152): GC_CONCURRENT freed 449K, 7% free 9430K/10072K, paused 2ms+3ms, total 32ms
07-14 12:58:32.908 W/MountService(  374): getVolumeState(/storage/emulated/0/external_sd): Unknown volume
07-14 12:58:32.908 W/MountService(  374): getVolumeState(/mnt/sdcard-ext): Unknown volume
07-14 12:58:32.908 W/MountService(  374): getVolumeState(/mnt/ext_sdcard): Unknown volume
07-14 12:58:32.908 W/MountService(  374): getVolumeState(/mnt/sdcard2): Unknown volume
07-14 12:58:32.916 W/MountService(  374): getVolumeState(/mnt/emmc): Unknown volume
07-14 12:58:32.916 W/MountService(  374): getVolumeState(/mnt/extSdCard): Unknown volume
07-14 12:58:32.916 W/MountService(  374): getVolumeState(/mnt/sdcard/SD_CARD): Unknown volume
07-14 12:58:32.916 W/MountService(  374): getVolumeState(/mnt/sdcard/extra_sd): Unknown volume
07-14 12:58:32.916 W/MountService(  374): getVolumeState(/mnt/extrasd_bind): Unknown volume
07-14 12:58:32.916 W/MountService(  374): getVolumeState(/mnt/sdcard/ext_sd): Unknown volume
07-14 12:58:32.916 W/MountService(  374): getVolumeState(/storage/extSdCard): Unknown volume
07-14 12:58:32.916 W/MountService(  374): getVolumeState(/storage/sdcard1): Unknown volume
07-14 12:58:32.916 W/MountService(  374): getVolumeState(/mnt/sdcard/external_SD): Unknown volume
07-14 12:58:32.916 W/MountService(  374): getVolumeState(/mnt/sdcard/external_sd): Unknown volume
07-14 12:58:33.002 D/dalvikvm( 6152): GC_CONCURRENT freed 433K, 7% free 9411K/10072K, paused 2ms+3ms, total 24ms
07-14 12:58:57.143 D/JOBS    ( 9435): Thread-382: load factor check. true = (0 < 1)|| (0 * 3 < 0 + 0). consumer thread: true
07-14 12:58:57.143 D/JOBS    ( 9435): didn't allow me to die, re-running Thread-382
07-14 12:58:57.143 D/JOBS    ( 9435): re-running consumer Thread-382
07-14 12:59:32.690 W/MountService(  374): getVolumeState(/storage/emulated/0/external_sd): Unknown volume
07-14 12:59:32.690 W/MountService(  374): getVolumeState(/mnt/sdcard-ext): Unknown volume
07-14 12:59:32.690 W/MountService(  374): getVolumeState(/mnt/ext_sdcard): Unknown volume
07-14 12:59:32.690 W/MountService(  374): getVolumeState(/mnt/sdcard2): Unknown volume
07-14 12:59:32.690 W/MountService(  374): getVolumeState(/mnt/emmc): Unknown volume
07-14 12:59:32.690 W/MountService(  374): getVolumeState(/mnt/extSdCard): Unknown volume
07-14 12:59:32.690 W/MountService(  374): getVolumeState(/mnt/sdcard/SD_CARD): Unknown volume
07-14 12:59:32.690 W/MountService(  374): getVolumeState(/mnt/sdcard/extra_sd): Unknown volume
07-14 12:59:32.690 W/MountService(  374): getVolumeState(/mnt/extrasd_bind): Unknown volume
07-14 12:59:32.690 W/MountService(  374): getVolumeState(/mnt/sdcard/ext_sd): Unknown volume
07-14 12:59:32.690 W/MountService(  374): getVolumeState(/storage/extSdCard): Unknown volume
07-14 12:59:32.690 W/MountService(  374): getVolumeState(/storage/sdcard1): Unknown volume
07-14 12:59:32.697 W/MountService(  374): getVolumeState(/mnt/sdcard/external_SD): Unknown volume
07-14 12:59:32.697 W/MountService(  374): getVolumeState(/mnt/sdcard/external_sd): Unknown volume
07-14 12:59:32.744 D/dalvikvm( 6152): GC_CONCURRENT freed 391K, 7% free 9419K/10072K, paused 3ms+9ms, total 49ms
07-14 12:59:32.744 D/dalvikvm( 6152): WAIT_FOR_CONCURRENT_GC blocked 42ms
07-14 12:59:32.783 I/ActivityManager(  374): No longer want com.google.android.googlequicksearchbox (pid 3281): empty for 1804s
07-14 12:59:32.783 I/ActivityManager(  374): No longer want com.dragon.android.pandaspace:bdservice_v1 (pid 5090): empty for 1804s
07-14 12:59:32.783 I/ActivityManager(  374): No longer want com.qihoo.root (pid 6911): empty for 1804s
07-14 12:59:32.783 I/ActivityManager(  374): No longer want com.noshufou.android.su (pid 5723): empty for 1804s
07-14 12:59:32.783 I/ActivityManager(  374): No longer want net.nurik.roman.dashclock (pid 5782): empty for 1804s
07-14 12:59:32.783 I/ActivityManager(  374): No longer want com.google.android.gms (pid 3453): empty for 1804s
07-14 12:59:32.783 I/ActivityManager(  374): No longer want com.google.android.apps.plus (pid 2193): empty for 1805s
07-14 12:59:32.783 I/ActivityManager(  374): No longer want com.android.musicfx (pid 5668): empty for 1805s
07-14 12:59:32.893 W/ActivityManager(  374): Scheduling restart of crashed service net.nurik.roman.dashclock/com.google.android.apps.dashclock.DashClockService in 5000ms
07-14 12:59:32.893 W/ActivityManager(  374): Scheduling restart of crashed service com.dragon.android.pandaspace/com.baidu.android.moplus.MoPlusService in 14999ms
07-14 12:59:32.963 D/dalvikvm( 6152): GC_CONCURRENT freed 417K, 6% free 9506K/10072K, paused 4ms+4ms, total 33ms
07-14 12:59:32.963 D/dalvikvm( 6152): WAIT_FOR_CONCURRENT_GC blocked 3ms
07-14 12:59:32.971 W/MountService(  374): getVolumeState(/storage/emulated/0/external_sd): Unknown volume
07-14 12:59:32.971 W/MountService(  374): getVolumeState(/mnt/sdcard-ext): Unknown volume
07-14 12:59:32.971 W/MountService(  374): getVolumeState(/mnt/ext_sdcard): Unknown volume
07-14 12:59:32.971 W/MountService(  374): getVolumeState(/mnt/sdcard2): Unknown volume
07-14 12:59:32.971 W/MountService(  374): getVolumeState(/mnt/emmc): Unknown volume
07-14 12:59:32.971 W/MountService(  374): getVolumeState(/mnt/extSdCard): Unknown volume
07-14 12:59:32.971 W/MountService(  374): getVolumeState(/mnt/sdcard/SD_CARD): Unknown volume
07-14 12:59:32.971 W/MountService(  374): getVolumeState(/mnt/sdcard/extra_sd): Unknown volume
07-14 12:59:32.971 W/MountService(  374): getVolumeState(/mnt/extrasd_bind): Unknown volume
