07-11 11:15:42.804 W/Settings(30779): Setting mobile_data has moved from android.provider.Settings.Secure to android.provider.Settings.Global.
07-11 11:15:42.812 D/BluetoothAdapter(30779): 1108142632: getState() :  mService = null. Returning STATE_OFF
07-11 11:15:42.812 W/Settings(30779): Setting airplane_mode_on has moved from android.provider.Settings.System to android.provider.Settings.Global, returning read-only value.
07-11 11:15:42.812 D/dalvikvm( 5292): GC_CONCURRENT freed 431K, 81% free 628K/3172K, paused 2ms+1ms, total 11ms
07-11 11:15:42.992 I/PowerManagerService(  374): Going to sleep due to screen timeout...
07-11 11:15:43.336 I/PowerManagerService(  374): Waking up from sleep...
07-11 11:15:43.351 D/MdmApplication( 3259): [null:-1]->onActivityPaused market.activity.AppListActivity , mActivityCount = 1
07-11 11:15:43.351 D/MDM :   ( 3259): [null:-1]->query
07-11 11:15:43.351 D/MDM :   ( 3259): [null:-1]->QUERY_PINCODE_CHECK_RESULT
07-11 11:15:43.359 E/Mdm     ( 3259): Call Mdm service's setLastExitTime function
07-11 11:15:43.445 D/NfcService(  592): NFC-C OFF, disconnect
07-11 11:15:43.586 D/MDM :   ( 3259): [null:-1]->query
07-11 11:15:43.586 D/MDM :   ( 3259): [null:-1]->QUERY_SETTING_PIN_ONOFF
07-11 11:15:43.601 I/WindowManager(  374): No lock screen!
07-11 11:15:43.609 D/MdmApplication( 3259): [null:-1]->onActivityStarted market.activity.AppListActivity , mActivityCount = 0
07-11 11:15:43.609 E/Mdm     ( 3259): Call Mdm service's setLastExitTime function
07-11 11:15:43.617 D/MDM :   ( 3259): [null:-1]->query
07-11 11:15:43.617 D/MDM :   ( 3259): [null:-1]->QUERY_SETTING_PIN_TIMEOUT
07-11 11:15:43.625 D/MDM :   ( 3259): [null:-1]->query
07-11 11:15:43.625 D/MDM :   ( 3259): [null:-1]->QUERY_PINCODE_CHECK_RESULT
07-11 11:15:43.640 D/mdm_log ( 3259): [null:-1]->has installed com.moji.mjweather
07-11 11:15:43.672 D/dalvikvm( 1736): GC_CONCURRENT freed 461K, 21% free 9480K/12000K, paused 5ms+39ms, total 102ms
07-11 11:15:43.711 D/dalvikvm(  450): GC_FOR_ALLOC freed 936K, 16% free 14735K/17536K, paused 44ms, total 44ms
07-11 11:15:43.937 V/DigitalWidgetViewsFactory( 4289): DigitalWidget sets next alarm string to null
07-11 11:15:44.015 D/dalvikvm(  833): GC_CONCURRENT freed 1332K, 18% free 12851K/15584K, paused 7ms+6ms, total 178ms
07-11 11:15:44.015 D/dalvikvm(  833): WAIT_FOR_CONCURRENT_GC blocked 153ms
07-11 11:15:44.304 D/AndroidRuntime( 5321): 
07-11 11:15:44.304 D/AndroidRuntime( 5321): >>>>>> AndroidRuntime START com.android.internal.os.RuntimeInit <<<<<<
07-11 11:15:44.304 D/AndroidRuntime( 5321): CheckJNI is OFF
07-11 11:15:44.320 D/dalvikvm( 5321): Trying to load lib libjavacore.so 0x0
07-11 11:15:44.328 D/dalvikvm( 5321): Added shared lib libjavacore.so 0x0
07-11 11:15:44.344 D/dalvikvm( 5321): Trying to load lib libnativehelper.so 0x0
07-11 11:15:44.344 D/dalvikvm( 5321): Added shared lib libnativehelper.so 0x0
07-11 11:15:44.492 D/dalvikvm( 5292): GC_CONCURRENT freed 396K, 80% free 649K/3172K, paused 2ms+0ms, total 12ms
07-11 11:15:44.547 D/NfcService(  592): NFC-C ON
07-11 11:15:44.656 D/AndroidRuntime( 5321): Calling main entry com.qihoo360.powerctl.root.app.App
07-11 11:15:44.656 D/AndroidRuntime( 5321): Shutting down VM
07-11 11:15:44.664 D/dalvikvm( 5321): GC_CONCURRENT freed 115K, 21% free 467K/592K, paused 0ms+1ms, total 3ms
07-11 11:15:45.562 I/AndroidRuntime( 5292): VM exiting with result code 0.
07-11 11:15:54.500 D/LightsService(  374): Excessive delay setting light: 68ms
07-11 11:15:59.961 W/MountService(  374): getVolumeState(/storage/emulated/0/external_sd): Unknown volume
07-11 11:15:59.969 W/MountService(  374): getVolumeState(/mnt/sdcard-ext): Unknown volume
07-11 11:15:59.969 W/MountService(  374): getVolumeState(/mnt/ext_sdcard): Unknown volume
07-11 11:15:59.969 W/MountService(  374): getVolumeState(/mnt/sdcard2): Unknown volume
07-11 11:15:59.969 W/MountService(  374): getVolumeState(/mnt/emmc): Unknown volume
07-11 11:15:59.969 W/MountService(  374): getVolumeState(/mnt/extSdCard): Unknown volume
07-11 11:15:59.969 W/MountService(  374): getVolumeState(/mnt/sdcard/SD_CARD): Unknown volume
07-11 11:15:59.969 W/MountService(  374): getVolumeState(/mnt/sdcard/extra_sd): Unknown volume
07-11 11:15:59.969 W/MountService(  374): getVolumeState(/mnt/extrasd_bind): Unknown volume
07-11 11:15:59.969 W/MountService(  374): getVolumeState(/mnt/sdcard/ext_sd): Unknown volume
07-11 11:15:59.976 W/MountService(  374): getVolumeState(/storage/extSdCard): Unknown volume
07-11 11:15:59.976 W/MountService(  374): getVolumeState(/storage/sdcard1): Unknown volume
07-11 11:15:59.976 W/MountService(  374): getVolumeState(/mnt/sdcard/external_SD): Unknown volume
07-11 11:15:59.976 W/MountService(  374): getVolumeState(/mnt/sdcard/external_sd): Unknown volume
07-11 11:16:00.094 D/dalvikvm( 1736): GC_CONCURRENT freed 293K, 20% free 9650K/12000K, paused 4ms+4ms, total 37ms
07-11 11:16:00.226 W/MountService(  374): getVolumeState(/storage/emulated/0/external_sd): Unknown volume
07-11 11:16:00.226 W/MountService(  374): getVolumeState(/mnt/sdcard-ext): Unknown volume
07-11 11:16:00.226 W/MountService(  374): getVolumeState(/mnt/ext_sdcard): Unknown volume
07-11 11:16:00.234 W/MountService(  374): getVolumeState(/mnt/sdcard2): Unknown volume
07-11 11:16:00.234 W/MountService(  374): getVolumeState(/mnt/emmc): Unknown volume
07-11 11:16:00.234 W/MountService(  374): getVolumeState(/mnt/extSdCard): Unknown volume
07-11 11:16:00.234 W/MountService(  374): getVolumeState(/mnt/sdcard/SD_CARD): Unknown volume
07-11 11:16:00.234 W/MountService(  374): getVolumeState(/mnt/sdcard/extra_sd): Unknown volume
07-11 11:16:00.234 W/MountService(  374): getVolumeState(/mnt/extrasd_bind): Unknown volume
07-11 11:16:00.234 W/MountService(  374): getVolumeState(/mnt/sdcard/ext_sd): Unknown volume
07-11 11:16:00.234 W/MountService(  374): getVolumeState(/storage/extSdCard): Unknown volume
07-11 11:16:00.234 W/MountService(  374): getVolumeState(/storage/sdcard1): Unknown volume
07-11 11:16:00.234 W/MountService(  374): getVolumeState(/mnt/sdcard/external_SD): Unknown volume
07-11 11:16:00.234 W/MountService(  374): getVolumeState(/mnt/sdcard/external_sd): Unknown volume
07-11 11:16:00.273 D/dalvikvm( 1736): GC_CONCURRENT freed 565K, 21% free 9567K/12000K, paused 4ms+3ms, total 31ms
07-11 11:16:07.453 D/LightsService(  374): Excessive delay setting light: 67ms
07-11 11:16:13.344 I/PowerManagerService(  374): Going to sleep due to screen timeout...
07-11 11:16:14.117 D/MdmApplication( 3259): [null:-1]->onActivityPaused market.activity.AppListActivity , mActivityCount = 1
07-11 11:16:14.117 D/MDM :   ( 3259): [null:-1]->query
07-11 11:16:14.117 D/MDM :   ( 3259): [null:-1]->QUERY_PINCODE_CHECK_RESULT
07-11 11:16:14.117 E/Mdm     ( 3259): Call Mdm service's setLastExitTime function
07-11 11:16:14.133 D/SurfaceFlinger(  124): Screen released, type=0 flinger=0x400b4008
07-11 11:16:14.203 D/NfcService(  592): NFC-C OFF, disconnect
07-11 11:16:14.320 D/MDM :   ( 3259): [null:-1]->query
07-11 11:16:14.328 D/MDM :   ( 3259): [null:-1]->QUERY_SETTING_PIN_ONOFF
07-11 11:16:14.359 D/dalvikvm( 4845): GC_FOR_ALLOC freed 347K, 6% free 9840K/10460K, paused 23ms, total 23ms
07-11 11:16:19.344 D/dalvikvm(  374): GC_FOR_ALLOC freed 1943K, 24% free 23394K/30452K, paused 100ms, total 100ms
07-11 11:16:19.398 V/KeyguardHostView(  374): hide transport, gen:79
07-11 11:16:19.398 V/KeyguardHostView(  374): music state changed: 0
07-11 11:16:19.422 D/PhoneStatusBar(  450): disable: < expand icons alerts ticker system_info back home RECENT* clock search >
07-11 11:16:19.453 V/TAG     (  374): bug 7643792: fitSystemWindows([0,50][0,0])
07-11 11:16:19.523 D/dalvikvm( 1165): GC_FOR_ALLOC freed 335K, 7% free 9204K/9804K, paused 19ms, total 19ms
07-11 11:16:19.562 D/PhoneStatusBar(  450): disable: < expand icons alerts ticker system_info BACK* HOME* RECENT CLOCK* search >
07-11 11:16:25.312 D/AndroidRuntime( 5347): 
07-11 11:16:25.312 D/AndroidRuntime( 5347): >>>>>> AndroidRuntime START com.android.internal.os.RuntimeInit <<<<<<
07-11 11:16:25.312 D/AndroidRuntime( 5347): CheckJNI is OFF
07-11 11:16:25.328 D/dalvikvm( 5347): Trying to load lib libjavacore.so 0x0
07-11 11:16:25.336 D/dalvikvm( 5347): Added shared lib libjavacore.so 0x0
07-11 11:16:25.351 D/dalvikvm( 5347): Trying to load lib libnativehelper.so 0x0
07-11 11:16:25.351 D/dalvikvm( 5347): Added shared lib libnativehelper.so 0x0
07-11 11:16:25.570 D/AndroidRuntime( 5347): Calling main entry com.android.commands.uiautomator.Launcher
07-11 11:16:25.609 E/UiDevice( 5347): Exceuting watcher: ANRWatcher
07-11 11:16:25.609 E/UiDevice( 5347): java.lang.RuntimeException: UiDevice not initialized
07-11 11:16:25.609 E/UiDevice( 5347): 	at com.android.uiautomator.core.UiDevice.getAutomatorBridge(UiDevice.java:87)
07-11 11:16:25.609 E/UiDevice( 5347): 	at com.android.uiautomator.core.UiDevice.wakeUp(UiDevice.java:719)
07-11 11:16:25.609 E/UiDevice( 5347): 	at com.pekall.test.mdmui.util.UiANRWatcher.checkForCondition(UiANRWatcher.java:23)
07-11 11:16:25.609 E/UiDevice( 5347): 	at com.android.uiautomator.core.UiDevice.runWatchers(UiDevice.java:554)
07-11 11:16:25.609 E/UiDevice( 5347): 	at com.pekall.test.mdmui.util.UiANRWatcher.run(UiANRWatcher.java:41)
07-11 11:16:25.609 E/UiDevice( 5347): 	at com.pekall.test.mdmui.App.<clinit>(App.java:22)
07-11 11:16:25.609 E/UiDevice( 5347): 	at java.lang.Class.newInstanceImpl(Native Method)
07-11 11:16:25.609 E/UiDevice( 5347): 	at java.lang.Class.newInstance(Class.java:1130)
07-11 11:16:25.609 E/UiDevice( 5347): 	at com.android.uiautomator.testrunner.TestCaseCollector.addSingleTestMethod(TestCaseCollector.java:110)
07-11 11:16:25.609 E/UiDevice( 5347): 	at com.android.uiautomator.testrunner.TestCaseCollector.addTestClass(TestCaseCollector.java:86)
07-11 11:16:25.609 E/UiDevice( 5347): 	at com.android.uiautomator.testrunner.TestCaseCollector.addTestClass(TestCaseCollector.java:72)
07-11 11:16:25.609 E/UiDevice( 5347): 	at com.android.uiautomator.testrunner.TestCaseCollector.addTestClasses(TestCaseCollector.java:53)
07-11 11:16:25.609 E/UiDevice( 5347): 	at com.android.uiautomator.testrunner.UiAutomatorTestRunner.start(UiAutomatorTestRunner.java:106)
07-11 11:16:25.609 E/UiDevice( 5347): 	at com.android.uiautomator.testrunner.UiAutomatorTestRunner.run(UiAutomatorTestRunner.java:96)
07-11 11:16:25.609 E/UiDevice( 5347): 	at com.android.commands.uiautomator.RunTestCommand.run(RunTestCommand.java:91)
07-11 11:16:25.609 E/UiDevice( 5347): 	at com.android.commands.uiautomator.Launcher.main(Launcher.java:83)
07-11 11:16:25.609 E/UiDevice( 5347): 	at com.android.internal.os.RuntimeInit.nativeFinishInit(Native Method)
07-11 11:16:25.609 E/UiDevice( 5347): 	at com.android.internal.os.RuntimeInit.main(RuntimeInit.java:235)
07-11 11:16:25.609 E/UiDevice( 5347): 	at dalvik.system.NativeStart.main(Native Method)
07-11 11:16:25.625 D/dalvikvm( 5347): Note: class Landroid/app/ActivityManagerNative; has 163 unimplemented (abstract) methods
07-11 11:16:25.679 I/PowerManagerService(  374): Waking up from sleep...
07-11 11:16:25.820 I/WindowManager(  374): Lock screen displayed!
07-11 11:16:25.969 D/dalvikvm(30779): GC_FOR_ALLOC freed 385K, 7% free 9741K/10400K, paused 57ms, total 57ms
07-11 11:16:26.039 D/PowerManagerService-JNI(  374): Excessive delay in autosuspend_disable() while turning screen on: 350ms
07-11 11:16:26.039 D/dalvikvm(  833): GC_CONCURRENT freed 1216K, 18% free 12842K/15584K, paused 5ms+12ms, total 125ms
07-11 11:16:26.047 D/SurfaceFlinger(  124): Screen acquired, type=0 flinger=0x400b4008
07-11 11:16:26.047 V/DigitalWidgetViewsFactory( 4289): DigitalWidget sets next alarm string to null
07-11 11:16:26.336 D/AndroidRuntime( 5365): 
07-11 11:16:26.336 D/AndroidRuntime( 5365): >>>>>> AndroidRuntime START com.android.internal.os.RuntimeInit <<<<<<
07-11 11:16:26.336 D/AndroidRuntime( 5365): CheckJNI is OFF
07-11 11:16:26.351 D/dalvikvm( 5365): Trying to load lib libjavacore.so 0x0
07-11 11:16:26.351 D/dalvikvm( 5365): Added shared lib libjavacore.so 0x0
07-11 11:16:26.359 D/SurfaceControl(  374): Excessive delay in unblankDisplay() while turning screen on: 324ms
07-11 11:16:26.375 D/dalvikvm( 5365): Trying to load lib libnativehelper.so 0x0
07-11 11:16:26.375 D/dalvikvm( 5365): Added shared lib libnativehelper.so 0x0
07-11 11:16:26.437 D/dalvikvm( 4316): GC_CONCURRENT freed 211K, 3% free 9104K/9352K, paused 3ms+3ms, total 309ms
07-11 11:16:26.586 D/LightsService(  374): Excessive delay setting light: 187ms
07-11 11:16:26.664 D/AndroidRuntime( 5365): Calling main entry com.qihoo360.powerctl.root.app.App
07-11 11:16:26.672 D/AndroidRuntime( 5365): Shutting down VM
07-11 11:16:26.672 I/AndroidRuntime( 5365): NOTE: attach of thread 'Binder_1' failed
07-11 11:16:26.672 D/dalvikvm( 5365): GC_CONCURRENT freed 114K, 22% free 467K/592K, paused 0ms+0ms, total 4ms
07-11 11:16:27.492 I/QueryController( 5347): Matched selector: UiSelector[DESCRIPTION=] <<==>> [android.view.accessibility.AccessibilityNodeInfo@2633ea; boundsInParent: Rect(0, 0 - 720, 756); boundsInScreen: Rect(0, 547 - 720, 1303); packageName: android; className: android.view.View; text: null; contentDescription: ; viewIdResName: android:id/glow_pad_view; checkable: false; checked: false; focusable: false; focused: false; selected: false; clickable: false; longClickable: false; enabled: true; password: false; scrollable: false; [ACTION_SELECT, ACTION_CLEAR_SELECTION, ACTION_ACCESSIBILITY_FOCUS, ACTION_NEXT_AT_MOVEMENT_GRANULARITY, ACTION_PREVIOUS_AT_MOVEMENT_GRANULARITY, ACTION_SET_SELECTION]]
07-11 11:16:27.508 W/GlowPadView(  374): The number of target drawables must be equal to the number of direction descriptions.
07-11 11:16:27.875 D/MdmApplication( 3259): [null:-1]->onActivityStarted market.activity.AppListActivity , mActivityCount = 0
07-11 11:16:27.875 E/Mdm     ( 3259): Call Mdm service's setLastExitTime function
07-11 11:16:27.875 D/MDM :   ( 3259): [null:-1]->query
07-11 11:16:27.875 D/MDM :   ( 3259): [null:-1]->QUERY_SETTING_PIN_TIMEOUT
07-11 11:16:27.875 D/MDM :   ( 3259): [null:-1]->query
07-11 11:16:27.875 D/MDM :   ( 3259): [null:-1]->QUERY_PINCODE_CHECK_RESULT
07-11 11:16:27.883 D/mdm_log ( 3259): [null:-1]->has installed com.moji.mjweather
07-11 11:16:27.890 D/PhoneStatusBar(  450): disable: < expand icons alerts ticker system_info BACK HOME recent* CLOCK search >
07-11 11:16:27.906 D/NfcService(  592): NFC-C ON
07-11 11:16:27.976 D/PhoneStatusBar(  450): disable: < expand icons alerts ticker system_info back* home* recent clock* search >
07-11 11:16:28.070 W/InputMethodManagerService(  374): Window already focused, ignoring focus gain of: com.android.internal.view.IInputMethodClient$Stub$Proxy@4249d398 attribute=android.view.inputmethod.EditorInfo@42457ff0, token = android.os.BinderProxy@42cdb438
07-11 11:16:28.172 D/dalvikvm(30972): GC_CONCURRENT freed 320K, 7% free 9709K/10424K, paused 4ms+8ms, total 54ms
07-11 11:16:28.289 I/RootJni ( 5387): su: permission denied
07-11 11:16:28.398 V/TAG     (  374): bug 7643792: fitSystemWindows([0,50][0,0])
07-11 11:16:28.476 D/AndroidRuntime( 5386): 
07-11 11:16:28.476 D/AndroidRuntime( 5386): >>>>>> AndroidRuntime START com.android.internal.os.RuntimeInit <<<<<<
07-11 11:16:28.476 D/AndroidRuntime( 5386): CheckJNI is OFF
07-11 11:16:28.492 D/dalvikvm( 5386): Trying to load lib libjavacore.so 0x0
07-11 11:16:28.500 D/dalvikvm( 5386): Added shared lib libjavacore.so 0x0
07-11 11:16:28.515 D/dalvikvm( 5386): Trying to load lib libnativehelper.so 0x0
07-11 11:16:28.515 D/dalvikvm( 5386): Added shared lib libnativehelper.so 0x0
07-11 11:16:28.703 I/QueryController( 5347): Matched selector: UiSelector[TEXT=, CLASS=android.widget.TextView] <<==>> [android.view.accessibility.AccessibilityNodeInfo@cf7c; boundsInParent: Rect(0, 0 - 144, 48); boundsInScreen: Rect(108, 170 - 252, 218); packageName: com.pekall.emdm; className: android.widget.TextView; text: ; contentDescription: null; viewIdResName: com.pekall.emdm:id/market_tab_text; checkable: false; checked: false; focusable: false; focused: false; selected: true; clickable: false; longClickable: false; enabled: true; password: false; scrollable: false; [ACTION_SELECT, ACTION_CLEAR_SELECTION, ACTION_ACCESSIBILITY_FOCUS, ACTION_NEXT_AT_MOVEMENT_GRANULARITY, ACTION_PREVIOUS_AT_MOVEMENT_GRANULARITY, ACTION_SET_SELECTION]]
07-11 11:16:28.734 I/QueryController( 5347): Matched selector: UiSelector[TEXT=, CLASS=android.widget.TextView] <<==>> [android.view.accessibility.AccessibilityNodeInfo@cf7c; boundsInParent: Rect(0, 0 - 144, 48); boundsInScreen: Rect(108, 170 - 252, 218); packageName: com.pekall.emdm; className: android.widget.TextView; text: ; contentDescription: null; viewIdResName: com.pekall.emdm:id/market_tab_text; checkable: false; checked: false; focusable: false; focused: false; selected: true; clickable: false; longClickable: false; enabled: true; password: false; scrollable: false; [ACTION_SELECT, ACTION_CLEAR_SELECTION, ACTION_ACCESSIBILITY_FOCUS, ACTION_NEXT_AT_MOVEMENT_GRANULARITY, ACTION_PREVIOUS_AT_MOVEMENT_GRANULARITY, ACTION_SET_SELECTION]]
07-11 11:16:28.742 D/InteractionController( 5347): clickAndWaitForNewWindow(180, 194)
07-11 11:16:28.781 D/AndroidRuntime( 5386): Calling main entry com.qihoo360.powerctl.root.app.App
07-11 11:16:28.781 D/AndroidRuntime( 5386): Shutting down VM
07-11 11:16:28.789 D/dalvikvm( 5386): GC_CONCURRENT freed 115K, 22% free 467K/592K, paused 1ms+0ms, total 5ms
07-11 11:16:31.851 W/InteractionController( 5347): runAndwaitForEvent timedout waiting for events
07-11 11:16:32.133 I/QueryController( 5347): Matched selector: UiSelector[TEXT=] <<==>> [android.view.accessibility.AccessibilityNodeInfo@10f4d; boundsInParent: Rect(0, 0 - 434, 43); boundsInScreen: Rect(136, 262 - 570, 305); packageName: com.pekall.emdm; className: android.widget.TextView; text: ; contentDescription: null; viewIdResName: com.pekall.emdm:id/market_item_name; checkable: false; checked: false; focusable: false; focused: false; selected: false; clickable: false; longClickable: false; enabled: true; password: false; scrollable: false; [ACTION_SELECT, ACTION_CLEAR_SELECTION, ACTION_ACCESSIBILITY_FOCUS, ACTION_NEXT_AT_MOVEMENT_GRANULARITY, ACTION_PREVIOUS_AT_MOVEMENT_GRANULARITY, ACTION_SET_SELECTION]]
07-11 11:16:32.140 I/AndroidRuntime( 5347): VM exiting with result code 0.
07-11 11:16:44.367 D/dalvikvm(30972): GC_CONCURRENT freed 457K, 8% free 9640K/10424K, paused 4ms+3ms, total 33ms
07-11 11:16:47.117 D/JOBS    ( 4795): Thread-2668: load factor check. true = (0 < 1)|| (0 * 3 < 0 + 0). consumer thread: true
07-11 11:16:47.117 D/JOBS    ( 4795): didn't allow me to die, re-running Thread-2668
07-11 11:16:47.117 D/JOBS    ( 4795): re-running consumer Thread-2668
07-11 11:16:52.859 D/LightsService(  374): Excessive delay setting light: 68ms
07-11 11:16:58.742 I/PowerManagerService(  374): Going to sleep due to screen timeout...
07-11 11:16:59.523 D/MdmApplication( 3259): [null:-1]->onActivityPaused market.activity.AppListActivity , mActivityCount = 1
07-11 11:16:59.523 D/MDM :   ( 3259): [null:-1]->query
07-11 11:16:59.523 D/MDM :   ( 3259): [null:-1]->QUERY_PINCODE_CHECK_RESULT
07-11 11:16:59.523 E/Mdm     ( 3259): Call Mdm service's setLastExitTime function
07-11 11:16:59.531 D/SurfaceFlinger(  124): Screen released, type=0 flinger=0x400b4008
07-11 11:16:59.609 D/NfcService(  592): NFC-C OFF, disconnect
07-11 11:16:59.726 D/MDM :   ( 3259): [null:-1]->query
07-11 11:16:59.726 D/MDM :   ( 3259): [null:-1]->QUERY_SETTING_PIN_ONOFF
07-11 11:17:00.101 W/MountService(  374): getVolumeState(/storage/emulated/0/external_sd): Unknown volume
07-11 11:17:00.101 W/MountService(  374): getVolumeState(/mnt/sdcard-ext): Unknown volume
07-11 11:17:00.101 W/MountService(  374): getVolumeState(/mnt/ext_sdcard): Unknown volume
07-11 11:17:00.101 W/MountService(  374): getVolumeState(/mnt/sdcard2): Unknown volume
07-11 11:17:00.101 W/MountService(  374): getVolumeState(/mnt/emmc): Unknown volume
07-11 11:17:00.101 W/MountService(  374): getVolumeState(/mnt/extSdCard): Unknown volume
07-11 11:17:00.101 W/MountService(  374): getVolumeState(/mnt/sdcard/SD_CARD): Unknown volume
07-11 11:17:00.109 W/MountService(  374): getVolumeState(/mnt/sdcard/extra_sd): Unknown volume
07-11 11:17:00.109 W/MountService(  374): getVolumeState(/mnt/extrasd_bind): Unknown volume
07-11 11:17:00.109 W/MountService(  374): getVolumeState(/mnt/sdcard/ext_sd): Unknown volume
07-11 11:17:00.109 W/MountService(  374): getVolumeState(/storage/extSdCard): Unknown volume
07-11 11:17:00.109 W/MountService(  374): getVolumeState(/storage/sdcard1): Unknown volume
07-11 11:17:00.109 W/MountService(  374): getVolumeState(/mnt/sdcard/external_SD): Unknown volume
07-11 11:17:00.109 W/MountService(  374): getVolumeState(/mnt/sdcard/external_sd): Unknown volume
07-11 11:17:00.156 D/dalvikvm( 1736): GC_CONCURRENT freed 551K, 21% free 9550K/12000K, paused 2ms+3ms, total 46ms
07-11 11:17:00.336 W/MountService(  374): getVolumeState(/storage/emulated/0/external_sd): Unknown volume
07-11 11:17:00.336 W/MountService(  374): getVolumeState(/mnt/sdcard-ext): Unknown volume
07-11 11:17:00.336 W/MountService(  374): getVolumeState(/mnt/ext_sdcard): Unknown volume
07-11 11:17:00.336 W/MountService(  374): getVolumeState(/mnt/sdcard2): Unknown volume
07-11 11:17:00.336 W/MountService(  374): getVolumeState(/mnt/emmc): Unknown volume
07-11 11:17:00.336 W/MountService(  374): getVolumeState(/mnt/extSdCard): Unknown volume
07-11 11:17:00.336 W/MountService(  374): getVolumeState(/mnt/sdcard/SD_CARD): Unknown volume
07-11 11:17:00.336 W/MountService(  374): getVolumeState(/mnt/sdcard/extra_sd): Unknown volume
07-11 11:17:00.336 W/MountService(  374): getVolumeState(/mnt/extrasd_bind): Unknown volume
07-11 11:17:00.336 W/MountService(  374): getVolumeState(/mnt/sdcard/ext_sd): Unknown volume
07-11 11:17:00.336 W/MountService(  374): getVolumeState(/storage/extSdCard): Unknown volume
07-11 11:17:00.336 W/MountService(  374): getVolumeState(/storage/sdcard1): Unknown volume
07-11 11:17:00.344 W/MountService(  374): getVolumeState(/mnt/sdcard/external_SD): Unknown volume
07-11 11:17:00.344 W/MountService(  374): getVolumeState(/mnt/sdcard/external_sd): Unknown volume
07-11 11:17:00.359 D/dalvikvm( 1736): GC_CONCURRENT freed 529K, 21% free 9529K/12000K, paused 3ms+3ms, total 32ms
07-11 11:17:00.359 D/dalvikvm( 1736): WAIT_FOR_CONCURRENT_GC blocked 10ms
07-11 11:17:00.359 D/dalvikvm( 1736): WAIT_FOR_CONCURRENT_GC blocked 13ms
07-11 11:17:04.578 D/dalvikvm( 4289): GC_CONCURRENT freed 271K, 4% free 9038K/9348K, paused 2ms+1ms, total 31ms
07-11 11:17:04.656 V/KeyguardHostView(  374): hide transport, gen:79
07-11 11:17:04.656 V/KeyguardHostView(  374): music state changed: 0
07-11 11:17:04.679 D/PhoneStatusBar(  450): disable: < expand icons alerts ticker system_info back home RECENT* clock search >
07-11 11:17:04.711 V/TAG     (  374): bug 7643792: fitSystemWindows([0,50][0,0])
07-11 11:17:04.836 D/PhoneStatusBar(  450): disable: < expand icons alerts ticker system_info BACK* HOME* RECENT CLOCK* search >
07-11 11:17:12.328 D/dalvikvm(30923): GC_CONCURRENT freed 413K, 15% free 9585K/11256K, paused 10ms+3ms, total 49ms
07-11 11:17:20.875 W/System.err( 1063): java.io.FileNotFoundException: /data/data/com.mgyapp.android/files/.cfpaps.i: open failed: ENOENT (No such file or directory)
07-11 11:17:20.875 W/System.err( 1063): 	at libcore.io.IoBridge.open(IoBridge.java:409)
07-11 11:17:20.875 W/System.err( 1063): 	at java.io.FileInputStream.<init>(FileInputStream.java:78)
07-11 11:17:20.875 W/System.err( 1063): 	at android.app.ContextImpl.openFileInput(ContextImpl.java:702)
07-11 11:17:20.875 W/System.err( 1063): 	at android.content.ContextWrapper.openFileInput(ContextWrapper.java:173)
07-11 11:17:20.875 W/System.err( 1063): 	at com.mgyun.shua.jc.service.f.run(Unknown Source)
07-11 11:17:20.875 W/System.err( 1063): 	at com.mgyun.shua.jc.service.CpWorkServer.onHandleIntent(Unknown Source)
07-11 11:17:20.875 W/System.err( 1063): 	at android.app.IntentService$ServiceHandler.handleMessage(IntentService.java:65)
07-11 11:17:20.875 W/System.err( 1063): 	at android.os.Handler.dispatchMessage(Handler.java:99)
07-11 11:17:20.875 W/System.err( 1063): 	at android.os.Looper.loop(Looper.java:137)
07-11 11:17:20.875 W/System.err( 1063): 	at android.os.HandlerThread.run(HandlerThread.java:61)
07-11 11:17:20.875 W/System.err( 1063): Caused by: libcore.io.ErrnoException: open failed: ENOENT (No such file or directory)
07-11 11:17:20.875 W/System.err( 1063): 	at libcore.io.Posix.open(Native Method)
07-11 11:17:20.875 W/System.err( 1063): 	at libcore.io.BlockGuardOs.open(BlockGuardOs.java:110)
07-11 11:17:20.875 W/System.err( 1063): 	at libcore.io.IoBridge.open(IoBridge.java:393)
07-11 11:17:20.875 W/System.err( 1063): 	... 9 more
07-11 11:17:29.312 I/PowerManagerService(  374): Waking up from sleep...
07-11 11:17:29.422 I/WindowManager(  374): Lock screen displayed!
07-11 11:17:29.617 V/DigitalWidgetViewsFactory( 4289): DigitalWidget sets next alarm string to null
07-11 11:17:29.711 D/PowerManagerService-JNI(  374): Excessive delay in autosuspend_disable() while turning screen on: 372ms
07-11 11:17:29.711 D/SurfaceFlinger(  124): Screen acquired, type=0 flinger=0x400b4008
07-11 11:17:29.875 D/SurfaceControl(  374): Excessive delay in unblankDisplay() while turning screen on: 163ms
07-11 11:17:29.969 D/AndroidRuntime( 5414): 
07-11 11:17:29.969 D/AndroidRuntime( 5414): >>>>>> AndroidRuntime START com.android.internal.os.RuntimeInit <<<<<<
07-11 11:17:29.969 D/AndroidRuntime( 5414): CheckJNI is OFF
07-11 11:17:29.976 D/dalvikvm( 5414): Trying to load lib libjavacore.so 0x0
07-11 11:17:29.984 D/dalvikvm( 5414): Added shared lib libjavacore.so 0x0
07-11 11:17:30.000 D/dalvikvm( 5414): Trying to load lib libnativehelper.so 0x0
07-11 11:17:30.000 D/dalvikvm( 5414): Added shared lib libnativehelper.so 0x0
07-11 11:17:30.062 D/LightsService(  374): Excessive delay setting light: 102ms
07-11 11:17:30.195 D/AndroidRuntime( 5414): Calling main entry com.qihoo360.powerctl.root.app.App
07-11 11:17:30.195 D/AndroidRuntime( 5414): Shutting down VM
07-11 11:17:30.203 D/dalvikvm( 5414): GC_CONCURRENT freed 114K, 22% free 467K/592K, paused 0ms+1ms, total 4ms
07-11 11:17:30.203 I/AndroidRuntime( 5414): NOTE: attach of thread 'Binder_1' failed
07-11 11:17:30.422 W/GlowPadView(  374): The number of target drawables must be equal to the number of direction descriptions.
07-11 11:17:30.625 D/MdmApplication( 3259): [null:-1]->onActivityStarted market.activity.AppListActivity , mActivityCount = 0
07-11 11:17:30.625 E/Mdm     ( 3259): Call Mdm service's setLastExitTime function
07-11 11:17:30.625 D/MDM :   ( 3259): [null:-1]->query
07-11 11:17:30.625 D/MDM :   ( 3259): [null:-1]->QUERY_SETTING_PIN_TIMEOUT
07-11 11:17:30.625 D/MDM :   ( 3259): [null:-1]->query
07-11 11:17:30.625 D/MDM :   ( 3259): [null:-1]->QUERY_SETTING_PIN_CODE
07-11 11:17:30.625 D/MDM :   ( 3259): [null:-1]->query
07-11 11:17:30.625 D/MDM :   ( 3259): [null:-1]->QUERY_PINCODE_CHECK_RESULT
07-11 11:17:30.633 D/PhoneStatusBar(  450): disable: < expand icons alerts ticker system_info BACK HOME recent* CLOCK search >
07-11 11:17:30.640 D/mdm_log ( 3259): [null:-1]->has installed com.moji.mjweather
07-11 11:17:30.695 D/PhoneStatusBar(  450): disable: < expand icons alerts ticker system_info back* home* recent clock* search >
07-11 11:17:30.719 D/NfcService(  592): NFC-C ON
07-11 11:17:30.797 W/InputMethodManagerService(  374): Window already focused, ignoring focus gain of: com.android.internal.view.IInputMethodClient$Stub$Proxy@421ccdb8 attribute=android.view.inputmethod.EditorInfo@42c9a240, token = android.os.BinderProxy@42cdb438
07-11 11:17:30.883 W/System.err( 1063): java.io.FileNotFoundException: /data/data/com.mgyapp.android/files/.cfp.i: open failed: ENOENT (No such file or directory)
07-11 11:17:30.883 W/System.err( 1063): 	at libcore.io.IoBridge.open(IoBridge.java:409)
07-11 11:17:30.883 W/System.err( 1063): 	at java.io.FileInputStream.<init>(FileInputStream.java:78)
07-11 11:17:30.883 W/System.err( 1063): 	at android.app.ContextImpl.openFileInput(ContextImpl.java:702)
07-11 11:17:30.883 W/System.err( 1063): 	at android.content.ContextWrapper.openFileInput(ContextWrapper.java:173)
07-11 11:17:30.883 W/System.err( 1063): 	at com.mgyun.shua.jc.c.b(Unknown Source)
07-11 11:17:30.883 W/System.err( 1063): 	at com.mgyun.shua.jc.d.a(Unknown Source)
07-11 11:17:30.883 W/System.err( 1063): 	at com.mgyun.shua.jc.service.CpWorkServer.onHandleIntent(Unknown Source)
07-11 11:17:30.883 W/System.err( 1063): 	at android.app.IntentService$ServiceHandler.handleMessage(IntentService.java:65)
07-11 11:17:30.883 W/System.err( 1063): 	at android.os.Handler.dispatchMessage(Handler.java:99)
07-11 11:17:30.883 W/System.err( 1063): 	at android.os.Looper.loop(Looper.java:137)
07-11 11:17:30.883 W/System.err( 1063): 	at android.os.HandlerThread.run(HandlerThread.java:61)
07-11 11:17:30.883 W/System.err( 1063): Caused by: libcore.io.ErrnoException: open failed: ENOENT (No such file or directory)
07-11 11:17:30.883 W/System.err( 1063): 	at libcore.io.Posix.open(Native Method)
07-11 11:17:30.883 W/System.err( 1063): 	at libcore.io.BlockGuardOs.open(BlockGuardOs.java:110)
07-11 11:17:30.883 W/System.err( 1063): 	at libcore.io.IoBridge.open(IoBridge.java:393)
07-11 11:17:30.883 W/System.err( 1063): 	... 10 more
07-11 11:17:31.054 D/dalvikvm(30972): GC_CONCURRENT freed 373K, 8% free 9652K/10424K, paused 4ms+7ms, total 87ms
07-11 11:17:31.156 V/TAG     (  374): bug 7643792: fitSystemWindows([0,50][0,0])
07-11 11:17:31.172 I/RootJni ( 5438): su: permission denied
07-11 11:17:31.234 D/AndroidRuntime( 5436): 
07-11 11:17:31.234 D/AndroidRuntime( 5436): >>>>>> AndroidRuntime START com.android.internal.os.RuntimeInit <<<<<<
07-11 11:17:31.234 D/AndroidRuntime( 5436): CheckJNI is OFF
07-11 11:17:31.250 D/dalvikvm( 5436): Trying to load lib libjavacore.so 0x0
07-11 11:17:31.258 D/dalvikvm( 5436): Added shared lib libjavacore.so 0x0
07-11 11:17:31.273 D/dalvikvm( 5436): Trying to load lib libnativehelper.so 0x0
07-11 11:17:31.273 D/dalvikvm( 5436): Added shared lib libnativehelper.so 0x0
07-11 11:17:31.508 D/AndroidRuntime( 5436): Calling main entry com.qihoo360.powerctl.root.app.App
07-11 11:17:31.508 D/AndroidRuntime( 5436): Shutting down VM
07-11 11:17:31.515 D/dalvikvm( 5436): GC_CONCURRENT freed 115K, 21% free 467K/592K, paused 0ms+1ms, total 3ms
07-11 11:17:41.906 D/mdm_log ( 3259): [null:-1]->info.downLoadPos  : 348910
07-11 11:17:41.906 D/mdm_log ( 3259): [null:-1]->file.length  : 348910
07-11 11:17:41.906 D/mdm_log ( 3259): [null:-1]->has installed com.moji.mjweather
07-11 11:17:42.094 D/DB      ( 3259): query: SQLiteQuery: SELECT * FROM app WHERE type = 51107
07-11 11:17:42.094 D/DB      ( 3259): factory null
07-11 11:17:42.094 D/DB      ( 3259): fillWindow: 0
07-11 11:17:42.101 D/DB      ( 3259): cursor 2
07-11 11:17:42.101 D/DB      ( 3259): moveToPos: 0
07-11 11:17:42.101 D/DB      ( 3259): onMove: 0
07-11 11:17:42.101 D/DB      ( 3259): moveToPos: 1
07-11 11:17:42.101 D/DB      ( 3259): onMove: 1
07-11 11:17:42.101 D/DB      ( 3259): moveToPos: 2
07-11 11:17:42.109 D/DB      ( 3259): query: SQLiteQuery: SELECT * FROM app WHERE readStatus =0
07-11 11:17:42.109 D/DB      ( 3259): factory null
07-11 11:17:42.109 D/DB      ( 3259): fillWindow: 0
07-11 11:17:42.109 D/DB      ( 3259): cursor 1
07-11 11:17:42.109 E/Mdm     ( 3259): Call Mdm service's recordIconCount function
07-11 11:17:42.109 D/mdm_log ( 3259): [null:-1]->lastModifiedDate : null
07-11 11:17:42.109 D/mdm_log ( 3259): [null:-1]->serverLastModifiedDate : null
07-11 11:17:42.609 D/dalvikvm(  374): GC_CONCURRENT freed 3283K, 23% free 23646K/30452K, paused 10ms+25ms, total 290ms
07-11 11:17:43.062 D/dalvikvm( 1736): GC_CONCURRENT freed 435K, 21% free 9509K/12000K, paused 5ms+5ms, total 40ms
07-11 11:17:43.476 D/mdm_log ( 3259): [null:-1]->has installed com.moji.mjweather
07-11 11:17:43.484 D/mdm_log ( 3259): [null:-1]->user cancel download
07-11 11:17:43.484 W/System.err( 3259): java.io.IOException: stream closed
07-11 11:17:43.484 W/System.err( 3259): 	at libcore.net.http.AbstractHttpInputStream.checkNotClosed(AbstractHttpInputStream.java:68)
07-11 11:17:43.484 W/System.err( 3259): 	at libcore.net.http.FixedLengthInputStream.read(FixedLengthInputStream.java:41)
07-11 11:17:43.484 W/System.err( 3259): 	at java.io.InputStream.read(InputStream.java:163)
07-11 11:17:43.484 W/System.err( 3259): 	at com.pekall.emdm.market.a.f.b(Unknown Source)
07-11 11:17:43.484 W/System.err( 3259): 	at com.pekall.emdm.market.a.f.run(Unknown Source)
07-11 11:17:43.484 W/System.err( 3259): 	at java.util.concurrent.ThreadPoolExecutor.runWorker(ThreadPoolExecutor.java:1080)
07-11 11:17:43.484 W/System.err( 3259): 	at java.util.concurrent.ThreadPoolExecutor$Worker.run(ThreadPoolExecutor.java:573)
07-11 11:17:43.484 W/System.err( 3259): 	at java.lang.Thread.run(Thread.java:841)
07-11 11:17:44.390 D/dalvikvm( 5132): GC_CONCURRENT freed 334K, 4% free 9152K/9524K, paused 3ms+5ms, total 31ms
07-11 11:17:46.437 D/PushService( 4795): [null:-1]->receiver action :com.pekall.mdm.action.PUSH_ALARM
07-11 11:17:46.437 D/PushService( 4795): [null:-1]->keepAliveWithPushServer client is opened:true
07-11 11:17:46.437 I/ActivityManager(  374): No longer want com.pekall.nmefc (pid 4795): empty for 1800s
07-11 11:17:46.461 W/ActivityManager(  374): Scheduling restart of crashed service com.pekall.nmefc/com.pekall.lib.push.PushService in 5000ms
07-11 11:17:48.195 D/dalvikvm(30972): GC_CONCURRENT freed 400K, 8% free 9640K/10424K, paused 4ms+2ms, total 45ms
07-11 11:17:51.484 I/ActivityManager(  374): Start proc com.pekall.nmefc for service com.pekall.nmefc/com.pekall.lib.push.PushService: pid=5451 uid=10068 gids={50068, 1015, 1028, 3003}
07-11 11:17:51.570 D/dalvikvm( 5451): Trying to load lib /data/app-lib/com.pekall.nmefc-1/libBaiduMapSDK_v2_4_0.so 0x4207e2d0
07-11 11:17:51.570 D/dalvikvm( 5451): Added shared lib /data/app-lib/com.pekall.nmefc-1/libBaiduMapSDK_v2_4_0.so 0x4207e2d0
07-11 11:17:51.617 D/AppCommonMemCache( 5451): commonmemcache addr: 1074118756
07-11 11:17:51.672 I/auth info( 5451): ak:  ryMGcVcAAGEj0xnPp0vbh8Q4
07-11 11:17:51.672 I/auth info( 5451): mcode:  62:30:B6:24:E3:55:96:DC:05:ED:3E:6E:44:83:87:D5:AF:E7:B3:B9;com.pekall.nmefc
07-11 11:17:51.703 D/dalvikvm( 5451): GC_CONCURRENT freed 250K, 4% free 9137K/9424K, paused 3ms+5ms, total 32ms
07-11 11:17:51.703 D/dalvikvm( 5451): WAIT_FOR_CONCURRENT_GC blocked 28ms
07-11 11:17:51.812 D/PushService( 5451): [null:-1]->receiver action :android.net.conn.CONNECTIVITY_CHANGE
07-11 11:17:52.390 D/dalvikvm( 5451): GC_CONCURRENT freed 402K, 6% free 9141K/9652K, paused 3ms+2ms, total 23ms
07-11 11:17:52.539 E/baidumapsdk( 5451): Authentication Error,status: 102 message: IP/SN/SCODE/REFERER Illegal:
07-11 11:18:00.359 W/MountService(  374): getVolumeState(/storage/emulated/0/external_sd): Unknown volume
07-11 11:18:00.359 W/MountService(  374): getVolumeState(/mnt/sdcard-ext): Unknown volume
07-11 11:18:00.359 W/MountService(  374): getVolumeState(/mnt/ext_sdcard): Unknown volume
07-11 11:18:00.359 W/MountService(  374): getVolumeState(/mnt/sdcard2): Unknown volume
07-11 11:18:00.359 W/MountService(  374): getVolumeState(/mnt/emmc): Unknown volume
07-11 11:18:00.359 W/MountService(  374): getVolumeState(/mnt/extSdCard): Unknown volume
07-11 11:18:00.359 W/MountService(  374): getVolumeState(/mnt/sdcard/SD_CARD): Unknown volume
07-11 11:18:00.359 W/MountService(  374): getVolumeState(/mnt/sdcard/extra_sd): Unknown volume
07-11 11:18:00.367 W/MountService(  374): getVolumeState(/mnt/extrasd_bind): Unknown volume
07-11 11:18:00.367 W/MountService(  374): getVolumeState(/mnt/sdcard/ext_sd): Unknown volume
07-11 11:18:00.367 W/MountService(  374): getVolumeState(/storage/extSdCard): Unknown volume
07-11 11:18:00.367 W/MountService(  374): getVolumeState(/storage/sdcard1): Unknown volume
07-11 11:18:00.367 W/MountService(  374): getVolumeState(/mnt/sdcard/external_SD): Unknown volume
07-11 11:18:00.367 W/MountService(  374): getVolumeState(/mnt/sdcard/external_sd): Unknown volume
07-11 11:18:00.461 D/dalvikvm( 1736): GC_CONCURRENT freed 312K, 20% free 9658K/12000K, paused 2ms+4ms, total 34ms
07-11 11:18:00.578 W/MountService(  374): getVolumeState(/storage/emulated/0/external_sd): Unknown volume
07-11 11:18:00.578 W/MountService(  374): getVolumeState(/mnt/sdcard-ext): Unknown volume
07-11 11:18:00.578 W/MountService(  374): getVolumeState(/mnt/ext_sdcard): Unknown volume
07-11 11:18:00.586 W/MountService(  374): getVolumeState(/mnt/sdcard2): Unknown volume
07-11 11:18:00.586 W/MountService(  374): getVolumeState(/mnt/emmc): Unknown volume
07-11 11:18:00.586 W/MountService(  374): getVolumeState(/mnt/extSdCard): Unknown volume
07-11 11:18:00.586 W/MountService(  374): getVolumeState(/mnt/sdcard/SD_CARD): Unknown volume
07-11 11:18:00.586 W/MountService(  374): getVolumeState(/mnt/sdcard/extra_sd): Unknown volume
07-11 11:18:00.586 W/MountService(  374): getVolumeState(/mnt/extrasd_bind): Unknown volume
07-11 11:18:00.586 W/MountService(  374): getVolumeState(/mnt/sdcard/ext_sd): Unknown volume
07-11 11:18:00.586 W/MountService(  374): getVolumeState(/storage/extSdCard): Unknown volume
07-11 11:18:00.586 W/MountService(  374): getVolumeState(/storage/sdcard1): Unknown volume
07-11 11:18:00.586 W/MountService(  374): getVolumeState(/mnt/sdcard/external_SD): Unknown volume
07-11 11:18:00.586 W/MountService(  374): getVolumeState(/mnt/sdcard/external_sd): Unknown volume
07-11 11:18:00.617 D/dalvikvm( 1736): GC_CONCURRENT freed 602K, 21% free 9530K/12000K, paused 4ms+3ms, total 27ms
07-11 11:18:03.375 D/GCM     (  647): Ignoring attempt to send heartbeat on dead connection.
07-11 11:18:08.578 D/LightsService(  374): Excessive delay setting light: 68ms
07-11 11:18:10.789 W/Settings(30779): Setting airplane_mode_on has moved from android.provider.Settings.System to android.provider.Settings.Global, returning read-only value.
07-11 11:18:10.789 W/Settings(30779): Setting mobile_data has moved from android.provider.Settings.Secure to android.provider.Settings.Global.
07-11 11:18:10.789 D/BluetoothAdapter(30779): 1108142632: getState() :  mService = null. Returning STATE_OFF
07-11 11:18:10.789 W/Settings(30779): Setting airplane_mode_on has moved from android.provider.Settings.System to android.provider.Settings.Global, returning read-only value.
07-11 11:18:10.812 W/Settings(30779): Setting airplane_mode_on has moved from android.provider.Settings.System to android.provider.Settings.Global, returning read-only value.
07-11 11:18:10.812 W/Settings(30779): Setting mobile_data has moved from android.provider.Settings.Secure to android.provider.Settings.Global.
07-11 11:18:10.812 D/BluetoothAdapter(30779): 1108142632: getState() :  mService = null. Returning STATE_OFF
07-11 11:18:10.812 W/Settings(30779): Setting airplane_mode_on has moved from android.provider.Settings.System to android.provider.Settings.Global, returning read-only value.
07-11 11:18:14.461 I/PowerManagerService(  374): Going to sleep due to screen timeout...
07-11 11:18:15.242 D/MdmApplication( 3259): [null:-1]->onActivityPaused market.activity.AppListActivity , mActivityCount = 1
07-11 11:18:15.242 D/MDM :   ( 3259): [null:-1]->query
07-11 11:18:15.250 D/MDM :   ( 3259): [null:-1]->QUERY_PINCODE_CHECK_RESULT
07-11 11:18:15.250 E/Mdm     ( 3259): Call Mdm service's setLastExitTime function
07-11 11:18:15.250 D/SurfaceFlinger(  124): Screen released, type=0 flinger=0x400b4008
07-11 11:18:15.328 D/NfcService(  592): NFC-C OFF, disconnect
07-11 11:18:15.437 D/MDM :   ( 3259): [null:-1]->query
07-11 11:18:15.445 D/MDM :   ( 3259): [null:-1]->QUERY_SETTING_PIN_ONOFF
07-11 11:18:15.445 D/dalvikvm(  833): GC_CONCURRENT freed 1310K, 18% free 12863K/15584K, paused 5ms+5ms, total 94ms
07-11 11:18:15.445 D/dalvikvm(  833): WAIT_FOR_CONCURRENT_GC blocked 70ms
07-11 11:18:20.453 D/dalvikvm(  374): GC_FOR_ALLOC freed 2668K, 25% free 22990K/30452K, paused 99ms, total 100ms
07-11 11:18:20.531 V/KeyguardHostView(  374): hide transport, gen:79
07-11 11:18:20.531 V/KeyguardHostView(  374): music state changed: 0
07-11 11:18:20.547 D/PhoneStatusBar(  450): disable: < expand icons alerts ticker system_info back home RECENT* clock search >
07-11 11:18:20.570 V/TAG     (  374): bug 7643792: fitSystemWindows([0,50][0,0])
07-11 11:18:20.617 D/PhoneStatusBar(  450): disable: < expand icons alerts ticker system_info BACK* HOME* RECENT CLOCK* search >
07-11 11:18:22.094 D/dalvikvm( 1852): GC_CONCURRENT freed 387K, 5% free 9955K/10404K, paused 3ms+2ms, total 38ms
07-11 11:18:27.195 D/MdmService( 3259): [null:-1]->receiver action :com.pekall.mdm.action.MDM_ALARM
07-11 11:18:27.195 I/TransInfo( 3259): TransInfo created, id: 5, class: class com.pekall.emdm.transaction.b.p
07-11 11:18:27.203 D/NetworkThread( 3259): [null:-1]->----isRunning-----true
07-11 11:18:27.203 D/NetworkThread( 3259): [null:-1]->----isRunning-----true
07-11 11:18:27.203 D/NetworkThread( 3259): [null:-1]->thread wakeup
07-11 11:18:27.203 D/HttpClient( 3259): enable apache.http debug
07-11 11:18:27.211 V/DEBUG   ( 3259): HTTP 0
07-11 11:18:27.344 D/dalvikvm( 3259): GC_CONCURRENT freed 2352K, 21% free 16357K/20500K, paused 3ms+10ms, total 60ms
07-11 11:18:27.367 D/MDM :   ( 3259): [null:-1]->MSG_WEBSOCKET_MESSAGE : {"id":1107051886,"type":0,"command":0,"result":0,"reason":0,"params":{"msgId":"d1725c26-2a6f-4130-a47f-d3cc98973e2b,d1725c262a6f4130a47fd3cc98973e2b","device":"ffffffffc539bb10fffffffff7aea961","message":"{\"cmd\":\"10119\"}"}}
07-11 11:18:27.375 D/MdmService( 3259): [null:-1]->push message type :0
07-11 11:18:27.375 D/MdmService( 3259): [null:-1]->cmdMessage : {"cmd":"10119"}
07-11 11:18:27.383 D/MdmService( 3259): [null:-1]->command : PushCommandMsg{cmd='10119', msg='null'}
07-11 11:18:27.383 D/MDM :   ( 3259): [null:-1]->PUSH CMD: 10119
07-11 11:18:27.383 D/MdmStatusManager( 3259): [null:-1]->change status to : Busy
07-11 11:18:27.383 D/DB      ( 3259): query: SQLiteQuery: SELECT content, command_status, status FROM command WHERE status!=2
07-11 11:18:27.383 D/DB      ( 3259): factory null
07-11 11:18:27.383 D/DB      ( 3259): fillWindow: 0
07-11 11:18:27.383 D/DB      ( 3259): cursor 0
07-11 11:18:27.383 D/DB      ( 3259): moveToPos: 0
07-11 11:18:27.383 I/TransInfo( 3259): TransInfo created, id: 3, class: class com.pekall.emdm.transaction.b.c
07-11 11:18:27.383 D/NetworkThread( 3259): [null:-1]->----isRunning-----true
07-11 11:18:27.390 V/DEBUG   ( 3259): HTTP 1
07-11 11:18:27.390 D/HttpClient( 3259): enable apache.http debug
07-11 11:18:27.398 V/DEBUG   ( 3259): HTTP 0
07-11 11:18:27.586 V/DEBUG   ( 3259): HTTP 1
07-11 11:18:27.594 D/MDM :   ( 3259): [null:-1]->read network input stream
07-11 11:18:27.601 D/CheckInTransInfo( 3259): [null:-1]->CommandMsg : CommandMsg{CommandUUID='8a8088bf471a79ec0147236df5ec416f', Command=CommandObject{RequestType='Location'}}
07-11 11:18:27.601 D/DB      ( 3259): query: SQLiteQuery: SELECT * FROM command WHERE cmd_uuid='8a8088bf471a79ec0147236df5ec416f'
07-11 11:18:27.601 D/DB      ( 3259): factory null
07-11 11:18:27.601 D/DB      ( 3259): fillWindow: 0
07-11 11:18:27.601 D/DB      ( 3259): cursor 0
07-11 11:18:27.640 D/NetworkThread( 3259): [null:-1]->queue is empty, thread wait...
07-11 11:18:27.742 D/MdmService( 3259): [null:-1]->handleCheckInResult
07-11 11:18:27.742 D/MdmService( 3259): [null:-1]->handleCheckInResult result keyIndex: 3
07-11 11:18:27.742 D/CommandManager( 3259): [null:-1]->execute command: CommandMsg{CommandUUID='8a8088bf471a79ec0147236df5ec416f', Command=CommandObject{RequestType='Location'}}
07-11 11:18:27.742 D/MdmService( 3259): [null:-1]->receiver action :com.pekall.mdm.action.LOCATION
07-11 11:18:27.758 D/dalvikvm( 5481): Late-enabling CheckJNI
07-11 11:18:27.758 I/ActivityManager(  374): Start proc com.pekall.emdm:remote for service com.pekall.emdm/com.baidu.location.f: pid=5481 uid=10066 gids={50066, 1015, 3002, 3001, 3003, 1028}
07-11 11:18:27.812 V/MyServiceConnection( 5481): [MConnection] mdm service is NOT installed.
07-11 11:18:27.812 V/MyServiceConnection( 5481): [MConnection] binding service: pekall.intent.action.MDM_SERVICE
07-11 11:18:27.828 V/SandboxConnection( 5481): [SConnection] sandbox service is NOT installed.
07-11 11:18:27.828 D/ScClassLoader( 5481): >> SOURCE FILE: /data/data/com.pekall.emdm/app_jars/sc-jdk15on-1.47.0.2.dex.jar
07-11 11:18:27.828 V/SandboxConnection( 5481): [SConnection] binding service: pekall.intent.action.SANDBOX_SERVICE
07-11 11:18:27.836 D/MDM :   ( 5481): [null:-1]->SettingApplication
07-11 11:18:27.867 D/dalvikvm( 5481): Trying to load lib /data/app-lib/com.pekall.emdm-1/libsandbox_database_jni.so 0x4207f520
07-11 11:18:27.875 D/dalvikvm( 5481): Added shared lib /data/app-lib/com.pekall.emdm-1/libsandbox_database_jni.so 0x4207f520
07-11 11:18:27.890 I/Sandbox ( 5481): [Sandbox] initForTest, modified on 6.3
07-11 11:18:27.890 V/SandboxConnection( 5481): [SConnection] retry to bind service
07-11 11:18:27.890 V/SandboxConnection( 5481): [SConnection] sandbox service is NOT installed.
07-11 11:18:27.890 V/SandboxConnection( 5481): [SConnection] binding service: pekall.intent.action.SANDBOX_SERVICE
07-11 11:18:27.898 D/dalvikvm( 5481): GC_CONCURRENT freed 123K, 2% free 9311K/9468K, paused 4ms+3ms, total 48ms
07-11 11:18:27.898 D/dalvikvm( 5481): WAIT_FOR_CONCURRENT_GC blocked 4ms
07-11 11:18:27.898 D/dalvikvm( 5481): WAIT_FOR_CONCURRENT_GC blocked 6ms
07-11 11:18:27.914 D/Email   ( 5481): Email: init sandbox at the beginning.
07-11 11:18:27.914 I/Sandbox ( 5481): [Sandbox] init
07-11 11:18:27.914 V/SandboxConnection( 5481): [SConnection] retry to bind service
07-11 11:18:27.914 V/SandboxConnection( 5481): [SConnection] sandbox service is NOT installed.
07-11 11:18:27.914 V/SandboxConnection( 5481): [SConnection] binding service: pekall.intent.action.SANDBOX_SERVICE
07-11 11:18:27.945 V/SandboxConnection( 5481): [SConnection] retry to bind service
07-11 11:18:27.945 V/SandboxConnection( 5481): [SConnection] sandbox service is NOT installed.
07-11 11:18:27.945 V/SandboxConnection( 5481): [SConnection] binding service: pekall.intent.action.SANDBOX_SERVICE
07-11 11:18:27.953 V/l       ( 5481): Bind requested for task setLogging
07-11 11:18:27.961 D/ExchangeService( 3259): !!! EAS ExchangeService, onCreate
07-11 11:18:27.961 D/ExchangeService( 3259): !!! EAS ExchangeService, onStartCommand, startingUp = false, running = false
07-11 11:18:27.961 D/ExchangeService( 3259): to start secureStorageService now
07-11 11:18:27.961 V/a       ( 3259): Bind requested for task test
07-11 11:18:27.969 V/a       ( 3259): Connected: com.pekall.semail.service.AccountServiceInternal
07-11 11:18:27.969 D/ExchangeService( 3259): Reconciling accounts...
07-11 11:18:27.969 V/a       ( 3259): Bind requested for task reconcileAccounts
07-11 11:18:27.984 V/browser ( 5481): Browser.onCreate: this=com.pekall.emdm.browser.at@42087ac0
07-11 11:18:27.984 V/a       ( 3259): Connected: com.pekall.semail.service.AccountServiceInternal
07-11 11:18:27.984 V/a       ( 3259): Waiting for task reconcileAccounts to complete...
07-11 11:18:27.984 V/a       ( 3259): Connection test succeeded in 25ms
07-11 11:18:27.984 D/DB      ( 3259): query: SQLiteQuery: SELECT _id FROM Account
07-11 11:18:27.984 D/DB      ( 3259): factory null
07-11 11:18:27.984 D/DB      ( 3259): fillWindow: 0
07-11 11:18:27.992 V/a       ( 3259): Task test completed; disconnecting
07-11 11:18:27.992 D/dalvikvm( 5481): GC_CONCURRENT freed 270K, 4% free 9532K/9840K, paused 5ms+4ms, total 33ms
07-11 11:18:27.992 D/DB      ( 3259): cursor 0
07-11 11:18:28.000 D/DB      ( 3259): moveToPos: 0
07-11 11:18:28.000 V/a       ( 3259): Task reconcileAccounts completed; disconnecting
07-11 11:18:28.000 V/a       ( 3259): Wait for reconcileAccounts finished in 17ms
07-11 11:18:28.000 D/ActivityThread( 5481): Loading provider com.pekall.semail.provider;com.pekall.semail.notifier: com.pekall.semail.provider.EmailProvider
07-11 11:18:28.008 D/DB      ( 3259): query: SQLiteQuery: SELECT count(*) FROM HostAuth WHERE protocol="eas" LIMIT 1
07-11 11:18:28.008 D/DB      ( 3259): factory null
07-11 11:18:28.008 D/DB      ( 3259): fillWindow: 0
07-11 11:18:28.008 D/ActivityThread( 5481): Loading provider com.pekall.semail.provider;com.pekall.semail.notifier: com.pekall.semail.provider.EmailProvider
07-11 11:18:28.023 D/DB      ( 3259): cursor 1
07-11 11:18:28.023 D/DB      ( 3259): moveToPos: 0
07-11 11:18:28.023 D/DB      ( 3259): onMove: 0
07-11 11:18:28.023 I/Sandbox ( 5481): [Sandbox] initForTest, modified on 6.3
07-11 11:18:28.023 V/SandboxConnection( 5481): [SConnection] retry to bind service
07-11 11:18:28.023 V/SandboxConnection( 5481): [SConnection] sandbox service is NOT installed.
07-11 11:18:28.023 V/SandboxConnection( 5481): [SConnection] binding service: pekall.intent.action.SANDBOX_SERVICE
07-11 11:18:28.023 W/SQLiteOpenHelper( 5481): Opened /data/data/com.pekall.emdm/databases/message.db
07-11 11:18:28.047 D/ExchangeService( 3259): !!! EAS ExchangeService, stopping self
07-11 11:18:28.062 E/DB      ( 5481): bind, index: 1, value: 0
07-11 11:18:28.062 D/DB      ( 5481): query: SQLiteQuery: SELECT * FROM message WHERE status =?
07-11 11:18:28.062 D/DB      ( 5481): factory null
07-11 11:18:28.062 D/DB      ( 5481): fillWindow: 0
07-11 11:18:28.062 D/DB      ( 5481): cursor 0
07-11 11:18:28.070 E/DB      ( 5481): bind, index: 1, value: 0
07-11 11:18:28.070 E/DB      ( 5481): bind, index: 2, value: 100
07-11 11:18:28.070 D/DB      ( 5481): query: SQLiteQuery: SELECT * FROM message WHERE status=? and type=?
07-11 11:18:28.070 D/DB      ( 5481): factory null
07-11 11:18:28.070 D/DB      ( 5481): fillWindow: 0
07-11 11:18:28.070 D/DB      ( 5481): cursor 0
07-11 11:18:28.070 E/Mdm     ( 3259): Call Mdm service's recordIconCount function
