07-11 11:11:59.234 W/System.err( 3259): 	at libcore.net.http.HttpEngine.sendSocketRequest(HttpEngine.java:290)
07-11 11:11:59.234 W/System.err( 3259): 	at libcore.net.http.HttpEngine.sendRequest(HttpEngine.java:240)
07-11 11:11:59.234 W/System.err( 3259): 	at libcore.net.http.HttpURLConnectionImpl.connect(HttpURLConnectionImpl.java:81)
07-11 11:11:59.234 W/System.err( 3259): 	at java.net.URLConnection.getContent(URLConnection.java:190)
07-11 11:11:59.234 W/System.err( 3259): 	at libcore.net.http.HttpsURLConnectionImpl.getContent(HttpsURLConnectionImpl.java:175)
07-11 11:11:59.234 W/System.err( 3259): 	at java.net.URL.getContent(URL.java:447)
07-11 11:11:59.234 W/System.err( 3259): 	at com.pekall.emdm.market.a.a.a(Unknown Source)
07-11 11:11:59.234 W/System.err( 3259): 	at com.pekall.emdm.market.a.c.run(Unknown Source)
07-11 11:11:59.234 W/System.err( 3259): Caused by: java.security.cert.CertificateException: java.security.cert.CertPathValidatorException: Trust anchor for certification path not found.
07-11 11:11:59.234 W/System.err( 3259): 	at org.apache.harmony.xnet.provider.jsse.TrustManagerImpl.checkTrusted(TrustManagerImpl.java:282)
07-11 11:11:59.234 W/System.err( 3259): 	at org.apache.harmony.xnet.provider.jsse.TrustManagerImpl.checkServerTrusted(TrustManagerImpl.java:202)
07-11 11:11:59.234 W/System.err( 3259): 	at org.apache.harmony.xnet.provider.jsse.OpenSSLSocketImpl.verifyCertificateChain(OpenSSLSocketImpl.java:595)
07-11 11:11:59.234 W/System.err( 3259): 	at org.apache.harmony.xnet.provider.jsse.NativeCrypto.SSL_do_handshake(Native Method)
07-11 11:11:59.234 W/System.err( 3259): 	at org.apache.harmony.xnet.provider.jsse.OpenSSLSocketImpl.startHandshake(OpenSSLSocketImpl.java:398)
07-11 11:11:59.234 W/System.err( 3259): 	... 11 more
07-11 11:11:59.234 W/System.err( 3259): Caused by: java.security.cert.CertPathValidatorException: Trust anchor for certification path not found.
07-11 11:11:59.234 W/System.err( 3259): 	... 16 more
07-11 11:11:59.234 W/System.err( 3259): com.pekall.emdm.market.a.a.a(Unknown Source)
07-11 11:11:59.234 W/System.err( 3259): 	at com.pekall.emdm.market.a.c.run(Unknown Source)
07-11 11:11:59.234 W/System.err( 3259): Caused by: java.security.cert.CertificateException: java.security.cert.CertPathValidatorException: Trust anchor for certification path not found.
07-11 11:11:59.234 W/MountService(  374): getVolumeState(/storage/emulated/0/external_sd): Unknown volume
07-11 11:11:59.234 W/MountService(  374): getVolumeState(/mnt/sdcard-ext): Unknown volume
07-11 11:11:59.234 W/MountService(  374): getVolumeState(/mnt/ext_sdcard): Unknown volume
07-11 11:11:59.242 W/System.err( 3259): 	at org.apache.harmony.xnet.provider.jsse.TrustManagerImpl.checkTrusted(TrustManagerImpl.java:282)
07-11 11:11:59.242 W/System.err( 3259): 	at org.apache.harmony.xnet.provider.jsse.TrustManagerImpl.checkServerTrusted(TrustManagerImpl.java:202)
07-11 11:11:59.242 W/System.err( 3259): 	at org.apache.harmony.xnet.provider.jsse.OpenSSLSocketImpl.verifyCertificateChain(OpenSSLSocketImpl.java:595)
07-11 11:11:59.242 W/System.err( 3259): 	at org.apache.harmony.xnet.provider.jsse.NativeCrypto.SSL_do_handshake(Native Method)
07-11 11:11:59.242 W/System.err( 3259): 	at org.apache.harmony.xnet.provider.jsse.OpenSSLSocketImpl.startHandshake(OpenSSLSocketImpl.java:398)
07-11 11:11:59.242 W/System.err( 3259): 	... 11 more
07-11 11:11:59.242 W/System.err( 3259): Caused by: java.security.cert.CertPathValidatorException: Trust anchor for certification path not found.
07-11 11:11:59.242 W/System.err( 3259): 	... 16 more
07-11 11:11:59.242 W/MountService(  374): getVolumeState(/mnt/sdcard2): Unknown volume
07-11 11:11:59.242 W/MountService(  374): getVolumeState(/mnt/emmc): Unknown volume
07-11 11:11:59.242 W/MountService(  374): getVolumeState(/mnt/extSdCard): Unknown volume
07-11 11:11:59.242 W/MountService(  374): getVolumeState(/mnt/sdcard/SD_CARD): Unknown volume
07-11 11:11:59.242 W/MountService(  374): getVolumeState(/mnt/sdcard/extra_sd): Unknown volume
07-11 11:11:59.250 W/MountService(  374): getVolumeState(/mnt/extrasd_bind): Unknown volume
07-11 11:11:59.258 W/MountService(  374): getVolumeState(/mnt/sdcard/ext_sd): Unknown volume
07-11 11:11:59.258 W/MountService(  374): getVolumeState(/storage/extSdCard): Unknown volume
07-11 11:11:59.258 W/MountService(  374): getVolumeState(/storage/sdcard1): Unknown volume
07-11 11:11:59.265 W/MountService(  374): getVolumeState(/mnt/sdcard/external_SD): Unknown volume
07-11 11:11:59.273 W/MountService(  374): getVolumeState(/mnt/sdcard/external_sd): Unknown volume
07-11 11:11:59.328 D/dalvikvm(30923): GC_CONCURRENT freed 391K, 16% free 9535K/11256K, paused 4ms+2ms, total 58ms
07-11 11:11:59.531 V/TAG     (  374): bug 7643792: fitSystemWindows([0,50][0,0])
07-11 11:11:59.625 D/dalvikvm( 1736): GC_CONCURRENT freed 429K, 21% free 9526K/12000K, paused 11ms+56ms, total 296ms
07-11 11:11:59.750 D/AndroidRuntime( 5081): 
07-11 11:11:59.750 D/AndroidRuntime( 5081): >>>>>> AndroidRuntime START com.android.internal.os.RuntimeInit <<<<<<
07-11 11:11:59.750 D/AndroidRuntime( 5081): CheckJNI is OFF
07-11 11:11:59.765 D/dalvikvm( 5081): Trying to load lib libjavacore.so 0x0
07-11 11:11:59.773 D/dalvikvm( 5081): Added shared lib libjavacore.so 0x0
07-11 11:11:59.789 D/dalvikvm( 5081): Trying to load lib libnativehelper.so 0x0
07-11 11:11:59.789 D/dalvikvm( 5081): Added shared lib libnativehelper.so 0x0
07-11 11:11:59.851 I/RootJni ( 5090): su: permission denied
07-11 11:11:59.914 W/MountService(  374): getVolumeState(/storage/emulated/0/external_sd): Unknown volume
07-11 11:11:59.914 W/MountService(  374): getVolumeState(/mnt/sdcard-ext): Unknown volume
07-11 11:11:59.914 W/MountService(  374): getVolumeState(/mnt/ext_sdcard): Unknown volume
07-11 11:11:59.914 W/MountService(  374): getVolumeState(/mnt/sdcard2): Unknown volume
07-11 11:11:59.922 W/MountService(  374): getVolumeState(/mnt/emmc): Unknown volume
07-11 11:11:59.922 W/MountService(  374): getVolumeState(/mnt/extSdCard): Unknown volume
07-11 11:11:59.922 W/MountService(  374): getVolumeState(/mnt/sdcard/SD_CARD): Unknown volume
07-11 11:11:59.922 W/MountService(  374): getVolumeState(/mnt/sdcard/extra_sd): Unknown volume
07-11 11:11:59.929 W/MountService(  374): getVolumeState(/mnt/extrasd_bind): Unknown volume
07-11 11:11:59.929 W/MountService(  374): getVolumeState(/mnt/sdcard/ext_sd): Unknown volume
07-11 11:11:59.929 W/MountService(  374): getVolumeState(/storage/extSdCard): Unknown volume
07-11 11:11:59.929 W/MountService(  374): getVolumeState(/storage/sdcard1): Unknown volume
07-11 11:11:59.929 W/MountService(  374): getVolumeState(/mnt/sdcard/external_SD): Unknown volume
07-11 11:11:59.937 W/MountService(  374): getVolumeState(/mnt/sdcard/external_sd): Unknown volume
07-11 11:11:59.945 D/dalvikvm(30972): GC_CONCURRENT freed 374K, 7% free 9774K/10424K, paused 12ms+17ms, total 173ms
07-11 11:11:59.945 D/dalvikvm(30972): WAIT_FOR_CONCURRENT_GC blocked 96ms
07-11 11:11:59.976 D/dalvikvm( 1736): GC_CONCURRENT freed 460K, 21% free 9577K/12000K, paused 6ms+4ms, total 72ms
07-11 11:11:59.976 D/dalvikvm( 1736): WAIT_FOR_CONCURRENT_GC blocked 23ms
07-11 11:11:59.976 D/dalvikvm( 1736): WAIT_FOR_CONCURRENT_GC blocked 23ms
07-11 11:12:00.070 D/AndroidRuntime( 5081): Calling main entry com.qihoo360.powerctl.root.app.App
07-11 11:12:00.070 D/AndroidRuntime( 5081): Shutting down VM
07-11 11:12:00.078 D/dalvikvm( 5081): GC_CONCURRENT freed 114K, 22% free 467K/592K, paused 0ms+0ms, total 4ms
07-11 11:12:00.078 I/AndroidRuntime( 5081): NOTE: attach of thread 'Binder_1' failed
07-11 11:12:17.109 D/MDM :   ( 3259): [null:-1]->MSG_WEBSOCKET_MESSAGE : {"id":1009549452,"type":0,"command":0,"result":0,"reason":0,"params":{"msgId":"c65108df-3ec1-4627-9f0e-b273b6454e62,c65108df3ec146279f0eb273b6454e62","device":"ffffffffc539bb10fffffffff7aea961","message":"{\"cmd\":\"10119\"}"}}
07-11 11:12:17.156 D/MdmService( 3259): [null:-1]->push message type :0
07-11 11:12:17.156 D/MdmService( 3259): [null:-1]->cmdMessage : {"cmd":"10119"}
07-11 11:12:17.156 D/MdmService( 3259): [null:-1]->command : PushCommandMsg{cmd='10119', msg='null'}
07-11 11:12:17.156 D/MDM :   ( 3259): [null:-1]->PUSH CMD: 10119
07-11 11:12:17.164 D/MdmStatusManager( 3259): [null:-1]->change status to : Busy
07-11 11:12:17.164 D/DB      ( 3259): query: SQLiteQuery: SELECT content, command_status, status FROM command WHERE status!=2
07-11 11:12:17.164 D/DB      ( 3259): factory null
07-11 11:12:17.164 D/DB      ( 3259): fillWindow: 0
07-11 11:12:17.164 D/DB      ( 3259): cursor 0
07-11 11:12:17.164 D/DB      ( 3259): moveToPos: 0
07-11 11:12:17.164 I/TransInfo( 3259): TransInfo created, id: 3, class: class com.pekall.emdm.transaction.b.c
07-11 11:12:17.164 D/NetworkThread( 3259): [null:-1]->----isRunning-----true
07-11 11:12:17.164 D/NetworkThread( 3259): [null:-1]->----isRunning-----true
07-11 11:12:17.164 D/NetworkThread( 3259): [null:-1]->thread wakeup
07-11 11:12:17.164 D/HttpClient( 3259): enable apache.http debug
07-11 11:12:17.172 V/DEBUG   ( 3259): HTTP 0
07-11 11:12:17.304 D/dalvikvm( 3259): GC_CONCURRENT freed 2520K, 17% free 15315K/18452K, paused 8ms+4ms, total 59ms
07-11 11:12:17.359 V/DEBUG   ( 3259): HTTP 1
07-11 11:12:17.367 D/MDM :   ( 3259): [null:-1]->read network input stream
07-11 11:12:17.383 D/CheckInTransInfo( 3259): [null:-1]->CommandMsg : CommandMsg{CommandUUID='8a8088bf471a79ec014723684eb74166', Command=CommandRemoveApp{Identifier='by.game.binumbers', fromMarket=true}}
07-11 11:12:17.383 D/DB      ( 3259): query: SQLiteQuery: SELECT * FROM command WHERE cmd_uuid='8a8088bf471a79ec014723684eb74166'
07-11 11:12:17.383 D/DB      ( 3259): factory null
07-11 11:12:17.383 D/DB      ( 3259): fillWindow: 0
07-11 11:12:17.383 D/DB      ( 3259): cursor 0
07-11 11:12:17.422 D/NetworkThread( 3259): [null:-1]->queue is empty, thread wait...
07-11 11:12:17.523 D/MdmService( 3259): [null:-1]->handleCheckInResult
07-11 11:12:17.523 D/MdmService( 3259): [null:-1]->handleCheckInResult result keyIndex: 3
07-11 11:12:17.523 D/CommandManager( 3259): [null:-1]->execute command: CommandMsg{CommandUUID='8a8088bf471a79ec014723684eb74166', Command=CommandRemoveApp{Identifier='by.game.binumbers', fromMarket=true}}
07-11 11:12:17.531 D/TEST_ALL( 3259): [null:-1]->REQ_TYPE_RM_APP
07-11 11:12:17.617 D/DB      ( 3259): query: SQLiteQuery: SELECT * FROM app WHERE type = 51107
07-11 11:12:17.617 D/DB      ( 3259): factory null
07-11 11:12:17.617 D/DB      ( 3259): fillWindow: 0
07-11 11:12:17.625 D/DB      ( 3259): cursor 1
07-11 11:12:17.625 D/DB      ( 3259): query: SQLiteQuery: SELECT * FROM app WHERE readStatus =0
07-11 11:12:17.625 D/DB      ( 3259): factory null
07-11 11:12:17.625 D/DB      ( 3259): fillWindow: 0
07-11 11:12:17.625 D/DB      ( 3259): cursor 0
07-11 11:12:17.625 E/Mdm     ( 3259): Call Mdm service's recordIconCount function
07-11 11:12:17.648 D/DB      ( 3259): moveToPos: 0
07-11 11:12:17.648 D/DB      ( 3259): onMove: 0
07-11 11:12:17.648 D/DB      ( 3259): moveToPos: 1
07-11 11:12:17.648 I/TransInfo( 3259): TransInfo created, id: 3, class: class com.pekall.emdm.transaction.b.c
07-11 11:12:17.648 D/NetworkThread( 3259): [null:-1]->----isRunning-----true
07-11 11:12:17.648 D/NetworkThread( 3259): [null:-1]->----isRunning-----true
07-11 11:12:17.648 D/NetworkThread( 3259): [null:-1]->thread wakeup
07-11 11:12:17.656 D/HttpClient( 3259): enable apache.http debug
07-11 11:12:17.672 V/DEBUG   ( 3259): HTTP 0
07-11 11:12:17.734 W/System.err( 3259): javax.net.ssl.SSLHandshakeException: java.security.cert.CertPathValidatorException: Trust anchor for certification path not found.
07-11 11:12:17.734 W/System.err( 3259): 	at org.apache.harmony.xnet.provider.jsse.OpenSSLSocketImpl.startHandshake(OpenSSLSocketImpl.java:401)
07-11 11:12:17.734 W/System.err( 3259): 	at libcore.net.http.HttpConnection.setupSecureSocket(HttpConnection.java:209)
07-11 11:12:17.734 W/System.err( 3259): 	at libcore.net.http.HttpsURLConnectionImpl$HttpsEngine.makeSslConnection(HttpsURLConnectionImpl.java:478)
07-11 11:12:17.734 W/System.err( 3259): 	at libcore.net.http.HttpsURLConnectionImpl$HttpsEngine.connect(HttpsURLConnectionImpl.java:433)
07-11 11:12:17.734 W/System.err( 3259): 	at libcore.net.http.HttpEngine.sendSocketRequest(HttpEngine.java:290)
07-11 11:12:17.734 W/System.err( 3259): 	at libcore.net.http.HttpEngine.sendRequest(HttpEngine.java:240)
07-11 11:12:17.734 W/System.err( 3259): 	at libcore.net.http.HttpURLConnectionImpl.connect(HttpURLConnectionImpl.java:81)
07-11 11:12:17.734 W/System.err( 3259): 	at java.net.URLConnection.getContent(URLConnection.java:190)
07-11 11:12:17.734 W/System.err( 3259): 	at libcore.net.http.HttpsURLConnectionImpl.getContent(HttpsURLConnectionImpl.java:175)
07-11 11:12:17.734 W/System.err( 3259): 	at java.net.URL.getContent(URL.java:447)
07-11 11:12:17.734 W/System.err( 3259): 	at com.pekall.emdm.market.a.a.a(Unknown Source)
07-11 11:12:17.734 W/System.err( 3259): 	at com.pekall.emdm.market.a.c.run(Unknown Source)
07-11 11:12:17.734 W/System.err( 3259): Caused by: java.security.cert.CertificateException: java.security.cert.CertPathValidatorException: Trust anchor for certification path not found.
07-11 11:12:17.734 W/System.err( 3259): 	at org.apache.harmony.xnet.provider.jsse.TrustManagerImpl.checkTrusted(TrustManagerImpl.java:282)
07-11 11:12:17.734 W/System.err( 3259): 	at org.apache.harmony.xnet.provider.jsse.TrustManagerImpl.checkServerTrusted(TrustManagerImpl.java:202)
07-11 11:12:17.734 W/System.err( 3259): 	at org.apache.harmony.xnet.provider.jsse.OpenSSLSocketImpl.verifyCertificateChain(OpenSSLSocketImpl.java:595)
07-11 11:12:17.734 W/System.err( 3259): 	at org.apache.harmony.xnet.provider.jsse.NativeCrypto.SSL_do_handshake(Native Method)
07-11 11:12:17.734 W/System.err( 3259): 	at org.apache.harmony.xnet.provider.jsse.OpenSSLSocketImpl.startHandshake(OpenSSLSocketImpl.java:398)
07-11 11:12:17.734 W/System.err( 3259): 	... 11 more
07-11 11:12:17.734 W/System.err( 3259): Caused by: java.security.cert.CertPathValidatorException: Trust anchor for certification path not found.
07-11 11:12:17.734 W/System.err( 3259): 	... 16 more
07-11 11:12:17.906 V/DEBUG   ( 3259): HTTP 1
07-11 11:12:17.914 D/MdmDatabaseHelper( 3259): [null:-1]->update command 8a8088bf471a79ec014723684eb74166 to status executed
07-11 11:12:17.945 D/NetworkThread( 3259): [null:-1]->queue is empty, thread wait...
07-11 11:12:18.015 D/MdmService( 3259): [null:-1]->handleCheckInResult
07-11 11:12:18.015 D/MdmService( 3259): [null:-1]->handleCheckInResult result keyIndex: 3
07-11 11:12:18.015 D/HandleCommandTask( 3259): [null:-1]->execute command msg but beanBase is null
07-11 11:12:18.015 D/MdmStatusManager( 3259): [null:-1]->change status to : Idle
07-11 11:12:20.875 W/System.err( 1063): java.io.FileNotFoundException: /data/data/com.mgyapp.android/files/.cfpaps.i: open failed: ENOENT (No such file or directory)
07-11 11:12:20.875 W/System.err( 1063): 	at libcore.io.IoBridge.open(IoBridge.java:409)
07-11 11:12:20.875 W/System.err( 1063): 	at java.io.FileInputStream.<init>(FileInputStream.java:78)
07-11 11:12:20.875 W/System.err( 1063): 	at android.app.ContextImpl.openFileInput(ContextImpl.java:702)
07-11 11:12:20.875 W/System.err( 1063): 	at android.content.ContextWrapper.openFileInput(ContextWrapper.java:173)
07-11 11:12:20.875 W/System.err( 1063): 	at com.mgyun.shua.jc.service.f.run(Unknown Source)
07-11 11:12:20.875 W/System.err( 1063): 	at com.mgyun.shua.jc.service.CpWorkServer.onHandleIntent(Unknown Source)
07-11 11:12:20.875 W/System.err( 1063): 	at android.app.IntentService$ServiceHandler.handleMessage(IntentService.java:65)
07-11 11:12:20.875 W/System.err( 1063): 	at android.os.Handler.dispatchMessage(Handler.java:99)
07-11 11:12:20.875 W/System.err( 1063): 	at android.os.Looper.loop(Looper.java:137)
07-11 11:12:20.875 W/System.err( 1063): 	at android.os.HandlerThread.run(HandlerThread.java:61)
07-11 11:12:20.875 W/System.err( 1063): Caused by: libcore.io.ErrnoException: open failed: ENOENT (No such file or directory)
07-11 11:12:20.875 W/System.err( 1063): 	at libcore.io.Posix.open(Native Method)
07-11 11:12:20.883 W/System.err( 1063): 	at libcore.io.BlockGuardOs.open(BlockGuardOs.java:110)
07-11 11:12:20.883 W/System.err( 1063): 	at libcore.io.IoBridge.open(IoBridge.java:393)
07-11 11:12:20.883 W/System.err( 1063): 	... 9 more
07-11 11:12:23.101 D/LightsService(  374): Excessive delay setting light: 67ms
07-11 11:12:27.195 D/MdmService( 3259): [null:-1]->receiver action :com.pekall.mdm.action.MDM_ALARM
07-11 11:12:28.969 I/PowerManagerService(  374): Going to sleep due to screen timeout...
07-11 11:12:29.429 D/dalvikvm(30972): GC_CONCURRENT freed 518K, 8% free 9641K/10424K, paused 5ms+3ms, total 36ms
07-11 11:12:29.734 D/SurfaceFlinger(  124): Screen released, type=0 flinger=0x400b4008
07-11 11:12:29.742 D/MdmApplication( 3259): [null:-1]->onActivityPaused market.activity.AppListActivity , mActivityCount = 1
07-11 11:12:29.742 D/MDM :   ( 3259): [null:-1]->query
07-11 11:12:29.742 D/MDM :   ( 3259): [null:-1]->QUERY_PINCODE_CHECK_RESULT
07-11 11:12:29.742 E/Mdm     ( 3259): Call Mdm service's setLastExitTime function
07-11 11:12:29.812 D/NfcService(  592): NFC-C OFF, disconnect
07-11 11:12:29.929 D/MDM :   ( 3259): [null:-1]->query
07-11 11:12:29.929 D/MDM :   ( 3259): [null:-1]->QUERY_SETTING_PIN_ONOFF
07-11 11:12:29.945 D/dalvikvm(  833): GC_CONCURRENT freed 1309K, 18% free 12855K/15584K, paused 5ms+10ms, total 95ms
07-11 11:12:30.875 W/System.err( 1063): java.io.FileNotFoundException: /data/data/com.mgyapp.android/files/.cfp.i: open failed: ENOENT (No such file or directory)
07-11 11:12:30.875 W/System.err( 1063): 	at libcore.io.IoBridge.open(IoBridge.java:409)
07-11 11:12:30.875 W/System.err( 1063): 	at java.io.FileInputStream.<init>(FileInputStream.java:78)
07-11 11:12:30.875 W/System.err( 1063): 	at android.app.ContextImpl.openFileInput(ContextImpl.java:702)
07-11 11:12:30.875 W/System.err( 1063): 	at android.content.ContextWrapper.openFileInput(ContextWrapper.java:173)
07-11 11:12:30.875 W/System.err( 1063): 	at com.mgyun.shua.jc.c.b(Unknown Source)
07-11 11:12:30.875 W/System.err( 1063): 	at com.mgyun.shua.jc.d.a(Unknown Source)
07-11 11:12:30.875 W/System.err( 1063): 	at com.mgyun.shua.jc.service.CpWorkServer.onHandleIntent(Unknown Source)
07-11 11:12:30.875 W/System.err( 1063): 	at android.app.IntentService$ServiceHandler.handleMessage(IntentService.java:65)
07-11 11:12:30.875 W/System.err( 1063): 	at android.os.Handler.dispatchMessage(Handler.java:99)
07-11 11:12:30.875 W/System.err( 1063): 	at android.os.Looper.loop(Looper.java:137)
07-11 11:12:30.875 W/System.err( 1063): 	at android.os.HandlerThread.run(HandlerThread.java:61)
07-11 11:12:30.875 W/System.err( 1063): Caused by: libcore.io.ErrnoException: open failed: ENOENT (No such file or directory)
07-11 11:12:30.875 W/System.err( 1063): 	at libcore.io.Posix.open(Native Method)
07-11 11:12:30.883 W/System.err( 1063): 	at libcore.io.BlockGuardOs.open(BlockGuardOs.java:110)
07-11 11:12:30.883 W/System.err( 1063): 	at libcore.io.IoBridge.open(IoBridge.java:393)
07-11 11:12:30.883 W/System.err( 1063): 	... 10 more
07-11 11:12:34.890 V/KeyguardHostView(  374): hide transport, gen:77
07-11 11:12:34.890 V/KeyguardHostView(  374): music state changed: 0
07-11 11:12:34.922 D/PhoneStatusBar(  450): disable: < expand icons alerts ticker system_info back home RECENT* clock search >
07-11 11:12:34.961 V/TAG     (  374): bug 7643792: fitSystemWindows([0,50][0,0])
07-11 11:12:35.078 D/PhoneStatusBar(  450): disable: < expand icons alerts ticker system_info BACK* HOME* RECENT CLOCK* search >
07-11 11:12:46.437 D/PushService( 4795): [null:-1]->receiver action :com.pekall.mdm.action.PUSH_ALARM
07-11 11:12:46.445 D/PushService( 4795): [null:-1]->keepAliveWithPushServer client is opened:true
07-11 11:12:46.445 D/PushLib : ( 4795): [null:-1]->ping!!!!!!!!!
07-11 11:12:46.445 D/PushLib : ( 4795): [null:-1]->pushClient is :not null
07-11 11:12:46.445 D/PushLib : ( 4795): [null:-1]->pushClient opened : opened
07-11 11:12:47.109 D/JOBS    ( 4795): Thread-2668: load factor check. true = (0 < 1)|| (0 * 3 < 0 + 0). consumer thread: true
07-11 11:12:47.109 D/JOBS    ( 4795): didn't allow me to die, re-running Thread-2668
07-11 11:12:47.109 D/JOBS    ( 4795): re-running consumer Thread-2668
07-11 11:12:51.469 D/PushLib : ( 4795): [null:-1]->MSG_WEBSOCKET_PONG
07-11 11:12:52.586 I/ActivityManager(  374): No longer want com.nd.assistance.ServerService (pid 4710): empty for 1804s
07-11 11:12:52.586 I/ActivityManager(  374): No longer want com.nd.assistance (pid 4697): empty for 1804s
07-11 11:12:52.594 W/ActivityManager(  374): Scheduling restart of crashed service com.nd.assistance/.server.ServerService in 5000ms
07-11 11:12:53.039 D/AndroidRuntime( 5108): 
07-11 11:12:53.039 D/AndroidRuntime( 5108): >>>>>> AndroidRuntime START com.android.internal.os.RuntimeInit <<<<<<
07-11 11:12:53.039 D/AndroidRuntime( 5108): CheckJNI is OFF
07-11 11:12:53.047 D/dalvikvm( 5108): Trying to load lib libjavacore.so 0x0
07-11 11:12:53.054 D/dalvikvm( 5108): Added shared lib libjavacore.so 0x0
07-11 11:12:53.070 D/dalvikvm( 5108): Trying to load lib libnativehelper.so 0x0
07-11 11:12:53.070 D/dalvikvm( 5108): Added shared lib libnativehelper.so 0x0
07-11 11:12:53.320 D/AndroidRuntime( 5108): Calling main entry com.android.commands.am.Am
07-11 11:12:53.320 D/dalvikvm( 5108): Note: class Landroid/app/ActivityManagerNative; has 163 unimplemented (abstract) methods
07-11 11:12:53.344 D/dalvikvm( 5119): Late-enabling CheckJNI
07-11 11:12:53.344 I/ActivityManager(  374): Start proc com.nd.assistance for broadcast com.nd.assistance/.controller.DaemonController: pid=5119 uid=10065 gids={50065, 3003, 1015, 1006, 1028}
07-11 11:12:53.359 I/dalvikvm( 5119): Turning on JNI app bug workarounds for target SDK version 3...
07-11 11:12:53.383 E/LogCenter( 5119): logger_impl_ init
07-11 11:12:53.398 I/ActivityManager(  374): Start proc com.nd.assistance.ServerService for service com.nd.assistance/.server.ServerService: pid=5132 uid=10065 gids={50065, 3003, 1015, 1006, 1028}
07-11 11:12:53.406 D/dalvikvm( 5132): Late-enabling CheckJNI
07-11 11:12:53.406 D/AndroidRuntime( 5108): Shutting down VM
07-11 11:12:53.414 D/dalvikvm( 5108): GC_CONCURRENT freed 92K, 16% free 512K/608K, paused 0ms+0ms, total 4ms
07-11 11:12:53.429 I/dalvikvm( 5132): Turning on JNI app bug workarounds for target SDK version 3...
07-11 11:12:53.437 D/dalvikvm(  125): GC_EXPLICIT freed 41K, 1% free 8921K/9000K, paused 2ms+3ms, total 35ms
07-11 11:12:53.461 E/LogCenter( 5132): logger_impl_ init
07-11 11:12:53.461 D/dalvikvm(  125): GC_EXPLICIT freed <1K, 1% free 8921K/9000K, paused 2ms+3ms, total 27ms
07-11 11:12:53.461 D/com.nd.assistance.server.ServerService( 5132): ServerService onCreate()
07-11 11:12:53.469 D/com.nd.assistance.server.ServerService( 5132): ServerService onStart()
07-11 11:12:53.469 D/com.nd.assistance.server.ServerService( 5132): mIsStarting is false, set mIsStarting = true
07-11 11:12:53.476 D/com.nd.assistance.server.ServerService( 5132): startDaemonServer(false)
07-11 11:12:53.476 D/com.nd.assistance.server.ServerService( 5132): mDaemonServer == null
07-11 11:12:53.484 D/dalvikvm(  125): GC_EXPLICIT freed <1K, 1% free 8921K/9000K, paused 2ms+3ms, total 26ms
07-11 11:12:53.500 E/daemon.k.a( 5132): acquireWifiLock()
07-11 11:12:53.500 D/daemon.h.b.b( 5132): set mIsStarting = false
07-11 11:12:53.500 D/com.nd.assistance.server.ServerService( 5132): ServerService onStart used time: 31
07-11 11:12:53.508 D/com.nd.assistance.server.ServerService( 5132): start nio server
07-11 11:12:53.523 D/daemon.h.b.c( 5132): SelectReactor run()
07-11 11:12:54.383 E/daemon.c.c( 5132): start heartbeat server.
07-11 11:12:54.406 D/dalvikvm( 5132): GC_CONCURRENT freed 233K, 3% free 9095K/9364K, paused 5ms+2ms, total 31ms
07-11 11:12:59.539 W/MountService(  374): getVolumeState(/storage/emulated/0/external_sd): Unknown volume
07-11 11:12:59.547 W/MountService(  374): getVolumeState(/mnt/sdcard-ext): Unknown volume
07-11 11:12:59.547 W/MountService(  374): getVolumeState(/mnt/ext_sdcard): Unknown volume
07-11 11:12:59.547 W/MountService(  374): getVolumeState(/mnt/sdcard2): Unknown volume
07-11 11:12:59.547 W/MountService(  374): getVolumeState(/mnt/emmc): Unknown volume
07-11 11:12:59.547 W/MountService(  374): getVolumeState(/mnt/extSdCard): Unknown volume
07-11 11:12:59.547 W/MountService(  374): getVolumeState(/mnt/sdcard/SD_CARD): Unknown volume
07-11 11:12:59.547 W/MountService(  374): getVolumeState(/mnt/sdcard/extra_sd): Unknown volume
07-11 11:12:59.547 W/MountService(  374): getVolumeState(/mnt/extrasd_bind): Unknown volume
07-11 11:12:59.547 W/MountService(  374): getVolumeState(/mnt/sdcard/ext_sd): Unknown volume
07-11 11:12:59.554 W/MountService(  374): getVolumeState(/storage/extSdCard): Unknown volume
07-11 11:12:59.554 W/MountService(  374): getVolumeState(/storage/sdcard1): Unknown volume
07-11 11:12:59.554 W/MountService(  374): getVolumeState(/mnt/sdcard/external_SD): Unknown volume
07-11 11:12:59.554 W/MountService(  374): getVolumeState(/mnt/sdcard/external_sd): Unknown volume
07-11 11:12:59.570 D/dalvikvm( 1736): GC_CONCURRENT freed 553K, 21% free 9532K/12000K, paused 5ms+5ms, total 39ms
07-11 11:12:59.570 D/dalvikvm( 1736): WAIT_FOR_CONCURRENT_GC blocked 1ms
07-11 11:12:59.570 D/dalvikvm( 1736): WAIT_FOR_CONCURRENT_GC blocked 13ms
07-11 11:12:59.734 D/dalvikvm( 4903): GC_EXPLICIT freed 243K, 3% free 9193K/9476K, paused 2ms+5ms, total 30ms
07-11 11:12:59.804 D/dalvikvm( 1736): GC_CONCURRENT freed 442K, 20% free 9645K/12000K, paused 3ms+5ms, total 44ms
07-11 11:12:59.804 W/MountService(  374): getVolumeState(/storage/emulated/0/external_sd): Unknown volume
07-11 11:12:59.812 W/MountService(  374): getVolumeState(/mnt/sdcard-ext): Unknown volume
07-11 11:12:59.812 W/MountService(  374): getVolumeState(/mnt/ext_sdcard): Unknown volume
07-11 11:12:59.812 W/MountService(  374): getVolumeState(/mnt/sdcard2): Unknown volume
07-11 11:12:59.812 W/MountService(  374): getVolumeState(/mnt/emmc): Unknown volume
07-11 11:12:59.812 W/MountService(  374): getVolumeState(/mnt/extSdCard): Unknown volume
07-11 11:12:59.812 W/MountService(  374): getVolumeState(/mnt/sdcard/SD_CARD): Unknown volume
07-11 11:12:59.812 W/MountService(  374): getVolumeState(/mnt/sdcard/extra_sd): Unknown volume
07-11 11:12:59.812 W/MountService(  374): getVolumeState(/mnt/extrasd_bind): Unknown volume
07-11 11:12:59.812 W/MountService(  374): getVolumeState(/mnt/sdcard/ext_sd): Unknown volume
07-11 11:12:59.812 W/MountService(  374): getVolumeState(/storage/extSdCard): Unknown volume
07-11 11:12:59.812 W/MountService(  374): getVolumeState(/storage/sdcard1): Unknown volume
07-11 11:12:59.812 W/MountService(  374): getVolumeState(/mnt/sdcard/external_SD): Unknown volume
07-11 11:12:59.812 W/MountService(  374): getVolumeState(/mnt/sdcard/external_sd): Unknown volume
07-11 11:13:03.320 D/dalvikvm( 1852): GC_CONCURRENT freed 387K, 5% free 9955K/10404K, paused 4ms+2ms, total 37ms
07-11 11:13:42.484 D/dalvikvm( 1736): GC_CONCURRENT freed 589K, 21% free 9512K/12000K, paused 6ms+2ms, total 32ms
07-11 11:13:56.515 W/SystemClock(  565): time going backwards: prev 92212193084388(ioctl) vs now 92212192138343(ioctl), tid=854
07-11 11:13:59.703 W/MountService(  374): getVolumeState(/storage/emulated/0/external_sd): Unknown volume
07-11 11:13:59.703 W/MountService(  374): getVolumeState(/mnt/sdcard-ext): Unknown volume
07-11 11:13:59.703 W/MountService(  374): getVolumeState(/mnt/ext_sdcard): Unknown volume
07-11 11:13:59.703 W/MountService(  374): getVolumeState(/mnt/sdcard2): Unknown volume
07-11 11:13:59.703 W/MountService(  374): getVolumeState(/mnt/emmc): Unknown volume
07-11 11:13:59.703 W/MountService(  374): getVolumeState(/mnt/extSdCard): Unknown volume
07-11 11:13:59.711 W/MountService(  374): getVolumeState(/mnt/sdcard/SD_CARD): Unknown volume
07-11 11:13:59.711 W/MountService(  374): getVolumeState(/mnt/sdcard/extra_sd): Unknown volume
07-11 11:13:59.711 W/MountService(  374): getVolumeState(/mnt/extrasd_bind): Unknown volume
07-11 11:13:59.711 W/MountService(  374): getVolumeState(/mnt/sdcard/ext_sd): Unknown volume
07-11 11:13:59.711 W/MountService(  374): getVolumeState(/storage/extSdCard): Unknown volume
07-11 11:13:59.719 W/MountService(  374): getVolumeState(/storage/sdcard1): Unknown volume
07-11 11:13:59.719 W/MountService(  374): getVolumeState(/mnt/sdcard/external_SD): Unknown volume
07-11 11:13:59.719 W/MountService(  374): getVolumeState(/mnt/sdcard/external_sd): Unknown volume
07-11 11:13:59.789 I/ActivityManager(  374): No longer want com.google.android.apps.maps:LocationFriendService (pid 4769): empty for 1804s
07-11 11:13:59.789 I/ActivityManager(  374): No longer want com.google.android.apps.maps:FriendService (pid 4757): empty for 1805s
07-11 11:13:59.797 I/ActivityManager(  374): No longer want com.google.android.apps.maps:GoogleLocationService (pid 4736): empty for 1806s
07-11 11:13:59.812 D/dalvikvm( 1736): GC_CONCURRENT freed 311K, 20% free 9681K/12000K, paused 3ms+11ms, total 45ms
07-11 11:13:59.812 W/ActivityManager(  374): Scheduling restart of crashed service com.google.android.apps.maps/com.google.android.location.internal.server.GoogleLocationService in 5000ms
07-11 11:13:59.859 D/dalvikvm(  577): GC_EXPLICIT freed 297K, 7% free 11556K/12344K, paused 2ms+7ms, total 46ms
07-11 11:13:59.992 W/MountService(  374): getVolumeState(/storage/emulated/0/external_sd): Unknown volume
07-11 11:13:59.992 W/MountService(  374): getVolumeState(/mnt/sdcard-ext): Unknown volume
07-11 11:13:59.992 W/MountService(  374): getVolumeState(/mnt/ext_sdcard): Unknown volume
07-11 11:14:00.000 W/MountService(  374): getVolumeState(/mnt/sdcard2): Unknown volume
07-11 11:14:00.000 W/MountService(  374): getVolumeState(/mnt/emmc): Unknown volume
07-11 11:14:00.000 W/MountService(  374): getVolumeState(/mnt/extSdCard): Unknown volume
07-11 11:14:00.000 W/MountService(  374): getVolumeState(/mnt/sdcard/SD_CARD): Unknown volume
07-11 11:14:00.000 W/MountService(  374): getVolumeState(/mnt/sdcard/extra_sd): Unknown volume
07-11 11:14:00.000 W/MountService(  374): getVolumeState(/mnt/extrasd_bind): Unknown volume
07-11 11:14:00.008 W/MountService(  374): getVolumeState(/mnt/sdcard/ext_sd): Unknown volume
07-11 11:14:00.008 W/MountService(  374): getVolumeState(/storage/extSdCard): Unknown volume
07-11 11:14:00.008 W/MountService(  374): getVolumeState(/storage/sdcard1): Unknown volume
07-11 11:14:00.008 W/MountService(  374): getVolumeState(/mnt/sdcard/external_SD): Unknown volume
07-11 11:14:00.008 W/MountService(  374): getVolumeState(/mnt/sdcard/external_sd): Unknown volume
07-11 11:14:00.070 D/dalvikvm( 1736): GC_CONCURRENT freed 660K, 21% free 9530K/12000K, paused 4ms+8ms, total 55ms
07-11 11:14:00.070 D/dalvikvm( 1736): WAIT_FOR_CONCURRENT_GC blocked 13ms
07-11 11:14:04.836 I/ActivityManager(  374): Start proc com.google.android.apps.maps:GoogleLocationService for service com.google.android.apps.maps/com.google.android.location.internal.server.GoogleLocationService: pid=5166 uid=10038 gids={50038, 3003, 1015, 1028}
07-11 11:14:05.258 D/dalvikvm(  374): GC_EXPLICIT freed 2574K, 26% free 22683K/30452K, paused 3ms+14ms, total 123ms
07-11 11:14:05.398 D/dalvikvm(  647): GC_EXPLICIT freed 362K, 7% free 9708K/10372K, paused 5ms+5ms, total 49ms
07-11 11:14:05.500 D/dalvikvm( 5166): GC_CONCURRENT freed 236K, 3% free 9148K/9420K, paused 4ms+4ms, total 37ms
07-11 11:14:05.547 D/dalvikvm( 5166): GC_FOR_ALLOC freed 85K, 4% free 9319K/9616K, paused 17ms, total 17ms
07-11 11:14:05.562 D/dalvikvm( 5166): GC_FOR_ALLOC freed 64K, 4% free 9351K/9716K, paused 18ms, total 18ms
07-11 11:14:05.664 D/dalvikvm( 5166): GC_CONCURRENT freed 443K, 5% free 9419K/9900K, paused 3ms+11ms, total 53ms
07-11 11:14:05.664 D/dalvikvm( 5166): WAIT_FOR_CONCURRENT_GC blocked 2ms
07-11 11:14:05.773 D/dalvikvm( 5166): GC_CONCURRENT freed 147K, 2% free 9764K/9952K, paused 3ms+3ms, total 28ms
07-11 11:14:05.906 I/ActivityManager(  374): Start proc com.google.android.apps.maps:FriendService for broadcast com.google.android.apps.maps/com.google.googlenav.friend.android.ServiceReceiver: pid=5187 uid=10038 gids={50038, 3003, 1015, 1028}
07-11 11:14:05.969 W/Settings( 5166): Setting airplane_mode_on has moved from android.provider.Settings.System to android.provider.Settings.Global, returning read-only value.
07-11 11:14:06.015 W/ActivityManager(  374): Permission denied: checkComponentPermission() owningUid=10009
07-11 11:14:06.015 W/BroadcastQueue(  374): Permission Denial: broadcasting Intent { act=com.google.android.location.internal.server.ACTION_RESTARTED flg=0x10 } from com.google.android.apps.maps (pid=5166, uid=10038) is not exported from uid 10009 due to receiver com.google.android.gms/com.google.android.location.reporting.service.ExternalChangeReceiver
07-11 11:14:06.039 I/ActivityManager(  374): Start proc com.google.android.apps.maps:LocationFriendService for broadcast com.google.android.apps.maps/com.google.googlenav.friend.reporting.LocationReportingIntentReceiver: pid=5199 uid=10038 gids={50038, 3003, 1015, 1028}
07-11 11:14:07.344 D/dalvikvm(  565): GC_CONCURRENT freed 386K, 7% free 10398K/11148K, paused 4ms+4ms, total 52ms
07-11 11:14:07.359 D/dalvikvm( 5166): GC_CONCURRENT freed 778K, 8% free 9432K/10252K, paused 2ms+3ms, total 47ms
07-11 11:14:47.109 D/JOBS    ( 4795): Thread-2668: load factor check. true = (0 < 1)|| (0 * 3 < 0 + 0). consumer thread: true
07-11 11:14:47.109 D/JOBS    ( 4795): didn't allow me to die, re-running Thread-2668
07-11 11:14:47.109 D/JOBS    ( 4795): re-running consumer Thread-2668
07-11 11:14:47.640 D/MDM :   ( 3259): [null:-1]->MSG_WEBSOCKET_MESSAGE : {"id":511517982,"type":0,"command":0,"result":0,"reason":0,"params":{"msgId":"1e026367-0120-4246-9a02-9273c5472db8,1e026367012042469a029273c5472db8","device":"ffffffffc539bb10fffffffff7aea961","message":"{\"cmd\":\"10119\"}"}}
07-11 11:14:47.656 D/MdmService( 3259): [null:-1]->push message type :0
07-11 11:14:47.656 D/MdmService( 3259): [null:-1]->cmdMessage : {"cmd":"10119"}
07-11 11:14:47.656 D/MdmService( 3259): [null:-1]->command : PushCommandMsg{cmd='10119', msg='null'}
07-11 11:14:47.656 D/MDM :   ( 3259): [null:-1]->PUSH CMD: 10119
07-11 11:14:47.664 D/MdmStatusManager( 3259): [null:-1]->change status to : Busy
07-11 11:14:47.664 D/DB      ( 3259): query: SQLiteQuery: SELECT content, command_status, status FROM command WHERE status!=2
07-11 11:14:47.664 D/DB      ( 3259): factory null
07-11 11:14:47.664 D/DB      ( 3259): fillWindow: 0
07-11 11:14:47.664 D/DB      ( 3259): cursor 0
07-11 11:14:47.664 D/DB      ( 3259): moveToPos: 0
07-11 11:14:47.664 I/TransInfo( 3259): TransInfo created, id: 3, class: class com.pekall.emdm.transaction.b.c
07-11 11:14:47.664 D/NetworkThread( 3259): [null:-1]->----isRunning-----true
07-11 11:14:47.664 D/NetworkThread( 3259): [null:-1]->----isRunning-----true
07-11 11:14:47.664 D/NetworkThread( 3259): [null:-1]->thread wakeup
07-11 11:14:47.672 D/HttpClient( 3259): enable apache.http debug
07-11 11:14:47.679 V/DEBUG   ( 3259): HTTP 0
07-11 11:14:47.914 V/DEBUG   ( 3259): HTTP 1
07-11 11:14:47.929 D/MDM :   ( 3259): [null:-1]->read network input stream
07-11 11:14:47.929 D/MDM :   ( 3259): [null:-1]->read network input stream
07-11 11:14:47.953 D/CheckInTransInfo( 3259): [null:-1]->CommandMsg : CommandMsg{CommandUUID='8a8088bf471a79ec0147236a9aee416c', Command=CommandObject{RequestType='InstallApplication'}}
07-11 11:14:47.953 D/DB      ( 3259): query: SQLiteQuery: SELECT * FROM command WHERE cmd_uuid='8a8088bf471a79ec0147236a9aee416c'
07-11 11:14:47.953 D/DB      ( 3259): factory null
07-11 11:14:47.961 D/DB      ( 3259): fillWindow: 0
07-11 11:14:47.961 D/DB      ( 3259): cursor 0
07-11 11:14:47.992 D/dalvikvm( 3259): GC_CONCURRENT freed 2090K, 17% free 15359K/18452K, paused 3ms+10ms, total 60ms
07-11 11:14:48.000 D/NetworkThread( 3259): [null:-1]->queue is empty, thread wait...
07-11 11:14:48.101 D/MdmService( 3259): [null:-1]->handleCheckInResult
07-11 11:14:48.101 D/MdmService( 3259): [null:-1]->handleCheckInResult result keyIndex: 3
07-11 11:14:48.101 D/CommandManager( 3259): [null:-1]->execute command: CommandMsg{CommandUUID='8a8088bf471a79ec0147236a9aee416c', Command=CommandObject{RequestType='InstallApplication'}}
07-11 11:14:48.101 D/TEST_ALL( 3259): [null:-1]->REQ_TYPE_INST_APP
07-11 11:14:48.117 E/DB      ( 3259): bind, index: 1, value: by.game.binumbers
07-11 11:14:48.117 D/DB      ( 3259): query: SQLiteQuery: SELECT * FROM app WHERE package=?
07-11 11:14:48.117 D/DB      ( 3259): factory null
07-11 11:14:48.117 D/DB      ( 3259): fillWindow: 0
07-11 11:14:48.117 D/DB      ( 3259): cursor 0
07-11 11:14:48.117 D/DB      ( 3259): moveToPos: 0
07-11 11:14:48.172 D/DB      ( 3259): query: SQLiteQuery: SELECT * FROM app WHERE type = 51107
07-11 11:14:48.172 D/DB      ( 3259): factory null
07-11 11:14:48.172 D/DB      ( 3259): fillWindow: 0
07-11 11:14:48.172 D/DB      ( 3259): cursor 2
07-11 11:14:48.172 D/DB      ( 3259): query: SQLiteQuery: SELECT * FROM app WHERE readStatus =0
07-11 11:14:48.172 D/DB      ( 3259): factory null
07-11 11:14:48.172 D/DB      ( 3259): fillWindow: 0
07-11 11:14:48.172 D/DB      ( 3259): cursor 1
07-11 11:14:48.172 E/Mdm     ( 3259): Call Mdm service's recordIconCount function
07-11 11:14:48.187 D/DB      ( 3259): query: SQLiteQuery: SELECT * FROM app WHERE readStatus =0
07-11 11:14:48.187 D/DB      ( 3259): factory null
07-11 11:14:48.187 D/DB      ( 3259): fillWindow: 0
07-11 11:14:48.187 D/DB      ( 3259): cursor 1
07-11 11:14:48.203 D/DB      ( 3259): moveToPos: 0
07-11 11:14:48.203 D/DB      ( 3259): onMove: 0
07-11 11:14:48.203 D/DB      ( 3259): moveToPos: 1
07-11 11:14:48.203 D/DB      ( 3259): onMove: 1
07-11 11:14:48.203 D/DB      ( 3259): moveToPos: 2
07-11 11:14:48.258 I/AudioService(  374):  AudioFocus  requestAudioFocus() from android.media.AudioManager@426d32a0
07-11 11:14:48.258 V/KeyguardHostView(  374): hide transport, gen:78
07-11 11:14:48.265 I/TransInfo( 3259): TransInfo created, id: 3, class: class com.pekall.emdm.transaction.b.c
07-11 11:14:48.265 D/NetworkThread( 3259): [null:-1]->----isRunning-----true
07-11 11:14:48.265 D/NetworkThread( 3259): [null:-1]->----isRunning-----true
07-11 11:14:48.265 D/NetworkThread( 3259): [null:-1]->thread wakeup
07-11 11:14:48.265 D/HttpClient( 3259): enable apache.http debug
07-11 11:14:48.273 V/DEBUG   ( 3259): HTTP 0
07-11 11:14:48.601 V/DEBUG   ( 3259): HTTP 1
07-11 11:14:48.601 D/MdmDatabaseHelper( 3259): [null:-1]->update command 8a8088bf471a79ec0147236a9aee416c to status executed
07-11 11:14:48.640 D/NetworkThread( 3259): [null:-1]->queue is empty, thread wait...
07-11 11:14:48.703 D/MdmService( 3259): [null:-1]->handleCheckInResult
07-11 11:14:48.703 D/MdmService( 3259): [null:-1]->handleCheckInResult result keyIndex: 3
07-11 11:14:48.703 D/HandleCommandTask( 3259): [null:-1]->execute command msg but beanBase is null
07-11 11:14:48.711 D/MdmStatusManager( 3259): [null:-1]->change status to : Idle
07-11 11:14:49.390 I/AudioService(  374):  AudioFocus  abandonAudioFocus() from android.media.AudioManager@426d32a0
07-11 11:14:49.390 V/KeyguardHostView(  374): hide transport, gen:79
07-11 11:14:55.656 W/ActivityThread( 5166): ClassLoader.loadClass: The class loader returned by Thread.getContextClassLoader() may fail for processes that host multiple applications. You should explicitly specify a context class loader. For example: Thread.setContextClassLoader(getClass().getClassLoader());
07-11 11:14:55.687 D/dalvikvm( 5166): GC_CONCURRENT freed 291K, 7% free 9551K/10252K, paused 3ms+2ms, total 25ms
07-11 11:14:59.297 D/AndroidRuntime( 5228): 
07-11 11:14:59.297 D/AndroidRuntime( 5228): >>>>>> AndroidRuntime START com.android.internal.os.RuntimeInit <<<<<<
07-11 11:14:59.297 D/AndroidRuntime( 5228): CheckJNI is OFF
07-11 11:14:59.312 D/dalvikvm( 5228): Trying to load lib libjavacore.so 0x0
07-11 11:14:59.320 D/dalvikvm( 5228): Added shared lib libjavacore.so 0x0
07-11 11:14:59.336 D/dalvikvm( 5228): Trying to load lib libnativehelper.so 0x0
07-11 11:14:59.336 D/dalvikvm( 5228): Added shared lib libnativehelper.so 0x0
07-11 11:14:59.359 I/dalvikvm( 5228): DexOpt: source file mod time mismatch (44ea9d11 vs 44eb5991)
07-11 11:14:59.359 D/dalvikvm( 5228): ODEX file is stale or bad; removing and retrying (/data/local/tmp/dalvik-cache/data@local@tmp@MDMMobileTest.jar@classes.dex)
07-11 11:14:59.367 D/dalvikvm( 5228): DexOpt: --- BEGIN 'MDMMobileTest.jar' (bootstrap=0) ---
07-11 11:14:59.422 D/dalvikvm( 5229): DexOpt: load 9ms, verify+opt 4ms, 124012 bytes
07-11 11:14:59.445 D/dalvikvm( 5228): DexOpt: --- END 'MDMMobileTest.jar' (success) ---
07-11 11:14:59.445 D/dalvikvm( 5228): DEX prep '/data/local/tmp/MDMMobileTest.jar': unzip in 2ms, rewrite 78ms
07-11 11:14:59.648 D/AndroidRuntime( 5228): Calling main entry com.android.commands.uiautomator.Launcher
07-11 11:14:59.695 E/UiDevice( 5228): Exceuting watcher: ANRWatcher
07-11 11:14:59.695 E/UiDevice( 5228): java.lang.RuntimeException: UiDevice not initialized
07-11 11:14:59.695 E/UiDevice( 5228): 	at com.android.uiautomator.core.UiDevice.getAutomatorBridge(UiDevice.java:87)
07-11 11:14:59.695 E/UiDevice( 5228): 	at com.android.uiautomator.core.UiDevice.wakeUp(UiDevice.java:719)
07-11 11:14:59.695 E/UiDevice( 5228): 	at com.pekall.test.mdmui.util.UiANRWatcher.checkForCondition(UiANRWatcher.java:23)
07-11 11:14:59.695 E/UiDevice( 5228): 	at com.android.uiautomator.core.UiDevice.runWatchers(UiDevice.java:554)
07-11 11:14:59.695 E/UiDevice( 5228): 	at com.pekall.test.mdmui.util.UiANRWatcher.run(UiANRWatcher.java:41)
07-11 11:14:59.695 E/UiDevice( 5228): 	at com.pekall.test.mdmui.App.<clinit>(App.java:22)
07-11 11:14:59.695 E/UiDevice( 5228): 	at java.lang.Class.newInstanceImpl(Native Method)
07-11 11:14:59.695 E/UiDevice( 5228): 	at java.lang.Class.newInstance(Class.java:1130)
07-11 11:14:59.695 E/UiDevice( 5228): 	at com.android.uiautomator.testrunner.TestCaseCollector.addSingleTestMethod(TestCaseCollector.java:110)
07-11 11:14:59.695 E/UiDevice( 5228): 	at com.android.uiautomator.testrunner.TestCaseCollector.addTestClass(TestCaseCollector.java:86)
07-11 11:14:59.695 E/UiDevice( 5228): 	at com.android.uiautomator.testrunner.TestCaseCollector.addTestClass(TestCaseCollector.java:72)
07-11 11:14:59.695 E/UiDevice( 5228): 	at com.android.uiautomator.testrunner.TestCaseCollector.addTestClasses(TestCaseCollector.java:53)
07-11 11:14:59.695 E/UiDevice( 5228): 	at com.android.uiautomator.testrunner.UiAutomatorTestRunner.start(UiAutomatorTestRunner.java:106)
07-11 11:14:59.695 E/UiDevice( 5228): 	at com.android.uiautomator.testrunner.UiAutomatorTestRunner.run(UiAutomatorTestRunner.java:96)
07-11 11:14:59.695 E/UiDevice( 5228): 	at com.android.commands.uiautomator.RunTestCommand.run(RunTestCommand.java:91)
07-11 11:14:59.695 E/UiDevice( 5228): 	at com.android.commands.uiautomator.Launcher.main(Launcher.java:83)
07-11 11:14:59.695 E/UiDevice( 5228): 	at com.android.internal.os.RuntimeInit.nativeFinishInit(Native Method)
07-11 11:14:59.695 E/UiDevice( 5228): 	at com.android.internal.os.RuntimeInit.main(RuntimeInit.java:235)
07-11 11:14:59.695 E/UiDevice( 5228): 	at dalvik.system.NativeStart.main(Native Method)
07-11 11:14:59.719 D/dalvikvm( 5228): Note: class Landroid/app/ActivityManagerNative; has 163 unimplemented (abstract) methods
07-11 11:14:59.789 W/MountService(  374): getVolumeState(/storage/emulated/0/external_sd): Unknown volume
07-11 11:14:59.789 W/MountService(  374): getVolumeState(/mnt/sdcard-ext): Unknown volume
07-11 11:14:59.797 W/MountService(  374): getVolumeState(/mnt/ext_sdcard): Unknown volume
07-11 11:14:59.797 W/MountService(  374): getVolumeState(/mnt/sdcard2): Unknown volume
07-11 11:14:59.797 W/MountService(  374): getVolumeState(/mnt/emmc): Unknown volume
07-11 11:14:59.797 W/MountService(  374): getVolumeState(/mnt/extSdCard): Unknown volume
07-11 11:14:59.797 W/MountService(  374): getVolumeState(/mnt/sdcard/SD_CARD): Unknown volume
07-11 11:14:59.797 W/MountService(  374): getVolumeState(/mnt/sdcard/extra_sd): Unknown volume
07-11 11:14:59.797 W/MountService(  374): getVolumeState(/mnt/extrasd_bind): Unknown volume
07-11 11:14:59.797 W/MountService(  374): getVolumeState(/mnt/sdcard/ext_sd): Unknown volume
07-11 11:14:59.804 W/MountService(  374): getVolumeState(/storage/extSdCard): Unknown volume
07-11 11:14:59.804 W/MountService(  374): getVolumeState(/storage/sdcard1): Unknown volume
07-11 11:14:59.804 W/MountService(  374): getVolumeState(/mnt/sdcard/external_SD): Unknown volume
07-11 11:14:59.804 W/MountService(  374): getVolumeState(/mnt/sdcard/external_sd): Unknown volume
07-11 11:14:59.820 I/PowerManagerService(  374): Waking up from sleep...
07-11 11:14:59.929 I/WindowManager(  374): Lock screen displayed!
07-11 11:14:59.984 D/dalvikvm(  450): GC_CONCURRENT freed 1400K, 14% free 15207K/17536K, paused 4ms+24ms, total 119ms
07-11 11:15:00.101 D/dalvikvm( 1736): GC_CONCURRENT freed 430K, 20% free 9612K/12000K, paused 77ms+5ms, total 260ms
07-11 11:15:00.101 D/dalvikvm( 1736): WAIT_FOR_CONCURRENT_GC blocked 72ms
07-11 11:15:00.187 D/dalvikvm(30779): GC_FOR_ALLOC freed 353K, 7% free 9755K/10400K, paused 28ms, total 29ms
07-11 11:15:00.195 D/PowerManagerService-JNI(  374): Excessive delay in autosuspend_disable() while turning screen on: 353ms
07-11 11:15:00.203 D/SurfaceFlinger(  124): Screen acquired, type=0 flinger=0x400b4008
07-11 11:15:00.344 V/DigitalWidgetViewsFactory( 4289): DigitalWidget sets next alarm string to null
07-11 11:15:00.609 D/AndroidRuntime( 5250): 
07-11 11:15:00.609 D/AndroidRuntime( 5250): >>>>>> AndroidRuntime START com.android.internal.os.RuntimeInit <<<<<<
07-11 11:15:00.609 D/AndroidRuntime( 5250): CheckJNI is OFF
07-11 11:15:00.625 D/dalvikvm( 5250): Trying to load lib libjavacore.so 0x0
07-11 11:15:00.633 D/dalvikvm( 5250): Added shared lib libjavacore.so 0x0
07-11 11:15:00.648 D/dalvikvm( 5250): Trying to load lib libnativehelper.so 0x0
07-11 11:15:00.648 D/dalvikvm( 5250): Added shared lib libnativehelper.so 0x0
07-11 11:15:00.687 D/SurfaceControl(  374): Excessive delay in unblankDisplay() while turning screen on: 492ms
07-11 11:15:00.929 D/AndroidRuntime( 5250): Calling main entry com.qihoo360.powerctl.root.app.App
07-11 11:15:00.929 D/AndroidRuntime( 5250): Shutting down VM
07-11 11:15:00.929 D/dalvikvm( 5250): GC_CONCURRENT freed 114K, 22% free 467K/592K, paused 0ms+0ms, total 4ms
07-11 11:15:00.937 I/AndroidRuntime( 5250): NOTE: attach of thread 'Binder_1' failed
07-11 11:15:01.008 D/LightsService(  374): Excessive delay setting light: 113ms
07-11 11:15:01.062 D/dalvikvm( 4870): GC_CONCURRENT freed 385K, 5% free 9405K/9828K, paused 3ms+4ms, total 48ms
07-11 11:15:01.133 W/MountService(  374): getVolumeState(/storage/emulated/0/external_sd): Unknown volume
07-11 11:15:01.156 W/MountService(  374): getVolumeState(/mnt/sdcard-ext): Unknown volume
07-11 11:15:01.156 W/MountService(  374): getVolumeState(/mnt/ext_sdcard): Unknown volume
07-11 11:15:01.172 W/MountService(  374): getVolumeState(/mnt/sdcard2): Unknown volume
07-11 11:15:01.179 W/MountService(  374): getVolumeState(/mnt/emmc): Unknown volume
07-11 11:15:01.179 W/MountService(  374): getVolumeState(/mnt/extSdCard): Unknown volume
07-11 11:15:01.187 W/MountService(  374): getVolumeState(/mnt/sdcard/SD_CARD): Unknown volume
07-11 11:15:01.195 W/MountService(  374): getVolumeState(/mnt/sdcard/extra_sd): Unknown volume
07-11 11:15:01.203 W/MountService(  374): getVolumeState(/mnt/extrasd_bind): Unknown volume
07-11 11:15:01.219 W/MountService(  374): getVolumeState(/mnt/sdcard/ext_sd): Unknown volume
07-11 11:15:01.226 W/MountService(  374): getVolumeState(/storage/extSdCard): Unknown volume
07-11 11:15:01.234 D/dalvikvm( 1736): GC_CONCURRENT freed 555K, 21% free 9555K/12000K, paused 5ms+13ms, total 102ms
07-11 11:15:01.234 W/MountService(  374): getVolumeState(/storage/sdcard1): Unknown volume
07-11 11:15:01.234 W/MountService(  374): getVolumeState(/mnt/sdcard/external_SD): Unknown volume
07-11 11:15:01.234 W/MountService(  374): getVolumeState(/mnt/sdcard/external_sd): Unknown volume
07-11 11:15:01.429 V/DigitalWidgetViewsFactory( 4289): DigitalWidget sets next alarm string to null
07-11 11:15:02.164 I/QueryController( 5228): Matched selector: UiSelector[DESCRIPTION=] <<==>> [android.view.accessibility.AccessibilityNodeInfo@25566f; boundsInParent: Rect(0, 0 - 720, 756); boundsInScreen: Rect(0, 547 - 720, 1303); packageName: android; className: android.view.View; text: null; contentDescription: ; viewIdResName: android:id/glow_pad_view; checkable: false; checked: false; focusable: false; focused: false; selected: false; clickable: false; longClickable: false; enabled: true; password: false; scrollable: false; [ACTION_SELECT, ACTION_CLEAR_SELECTION, ACTION_ACCESSIBILITY_FOCUS, ACTION_NEXT_AT_MOVEMENT_GRANULARITY, ACTION_PREVIOUS_AT_MOVEMENT_GRANULARITY, ACTION_SET_SELECTION]]
07-11 11:15:02.179 W/GlowPadView(  374): The number of target drawables must be equal to the number of direction descriptions.
07-11 11:15:02.469 D/MdmApplication( 3259): [null:-1]->onActivityStarted market.activity.AppListActivity , mActivityCount = 0
07-11 11:15:02.469 E/Mdm     ( 3259): Call Mdm service's setLastExitTime function
07-11 11:15:02.469 D/MDM :   ( 3259): [null:-1]->query
07-11 11:15:02.469 D/MDM :   ( 3259): [null:-1]->QUERY_SETTING_PIN_TIMEOUT
07-11 11:15:02.469 D/MDM :   ( 3259): [null:-1]->query
07-11 11:15:02.469 D/MDM :   ( 3259): [null:-1]->QUERY_SETTING_PIN_CODE
07-11 11:15:02.469 D/MDM :   ( 3259): [null:-1]->query
07-11 11:15:02.469 D/MDM :   ( 3259): [null:-1]->QUERY_PINCODE_CHECK_RESULT
07-11 11:15:02.492 D/PhoneStatusBar(  450): disable: < expand icons alerts ticker system_info BACK HOME recent* CLOCK search >
07-11 11:15:02.523 D/NfcService(  592): NFC-C ON
