--------- beginning of /dev/log/system
07-11 10:13:34.539 W/PackageManager(  374): Not granting permission android.permission.INSTALL_PACKAGES to package com.dragon.android.pandaspace (protectionLevel=18 flags=0x80be44)
07-11 10:13:34.539 W/PackageManager(  374): Not granting permission android.permission.CHANGE_CONFIGURATION to package com.dragon.android.pandaspace (protectionLevel=50 flags=0x80be44)
07-11 10:13:34.539 W/PackageManager(  374): Not granting permission android.permission.READ_LOGS to package com.dragon.android.pandaspace (protectionLevel=50 flags=0x80be44)
07-11 10:13:34.539 W/PackageManager(  374): Not granting permission android.permission.PACKAGE_USAGE_STATS to package com.dragon.android.pandaspace (protectionLevel=18 flags=0x80be44)
07-11 10:13:34.539 W/PackageManager(  374): Not granting permission android.permission.MOUNT_UNMOUNT_FILESYSTEMS to package com.dragon.android.pandaspace (protectionLevel=18 flags=0x80be44)
07-11 10:13:34.539 W/PackageManager(  374): Not granting permission android.permission.SET_ACTIVITY_WATCHER to package com.dragon.android.pandaspace (protectionLevel=2 flags=0x80be44)
07-11 10:13:34.539 W/PackageManager(  374): Not granting permission android.permission.DELETE_PACKAGES to package com.dragon.android.pandaspace (protectionLevel=18 flags=0x80be44)
07-11 10:13:34.539 W/PackageManager(  374): Not granting permission android.permission.CHANGE_COMPONENT_ENABLED_STATE to package com.dragon.android.pandaspace (protectionLevel=18 flags=0x80be44)
07-11 10:13:34.539 W/PackageManager(  374): Not granting permission android.permission.SEND_DOWNLOAD_COMPLETED_INTENTS to package com.android.vending (protectionLevel=2 flags=0x8abe45)
07-11 10:13:34.539 W/PackageManager(  374): Unknown permission android.permission.SEND_SMS_NO_CONFIRMATION in package com.android.vending
07-11 10:13:34.539 W/PackageManager(  374): Unknown permission android.permission.ACCESS_SUPERUSER in package com.speedsoftware.rootexplorer
07-11 10:13:34.539 W/PackageManager(  374): Not granting permission android.permission.WRITE_SECURE_SETTINGS to package com.pekall.nmefc (protectionLevel=50 flags=0x88be44)
07-11 10:13:34.539 W/PackageManager(  374): Unknown permission android.permission.ACCESS_GPS in package com.pekall.nmefc
07-11 10:13:34.539 W/PackageManager(  374): Unknown permission android.permission.BAIDU_LOCATION_SERVICE in package com.pekall.nmefc
07-11 10:13:34.539 W/PackageManager(  374): Not granting permission android.permission.MOUNT_UNMOUNT_FILESYSTEMS to package com.pekall.nmefc (protectionLevel=18 flags=0x88be44)
07-11 10:13:34.547 W/PackageManager(  374): Not granting permission android.permission.READ_DREAM_STATE to package com.google.android.gsf (protectionLevel=2 flags=0x883e45)
07-11 10:13:34.547 W/PackageManager(  374): Not granting permission android.permission.INSTALL_PACKAGES to package com.qihoo.appstore (protectionLevel=18 flags=0x8be44)
07-11 10:13:34.547 W/PackageManager(  374): Not granting permission android.permission.DELETE_PACKAGES to package com.qihoo.appstore (protectionLevel=18 flags=0x8be44)
07-11 10:13:34.547 W/PackageManager(  374): Not granting permission android.permission.CLEAR_APP_USER_DATA to package com.qihoo.appstore (protectionLevel=2 flags=0x8be44)
07-11 10:13:34.547 W/PackageManager(  374): Not granting permission android.permission.WRITE_MEDIA_STORAGE to package com.qihoo.appstore (protectionLevel=18 flags=0x8be44)
07-11 10:13:34.547 W/PackageManager(  374): Not granting permission android.permission.ACCESS_CACHE_FILESYSTEM to package com.qihoo.appstore (protectionLevel=18 flags=0x8be44)
07-11 10:13:34.547 W/PackageManager(  374): Unknown permission android.permission.READ_OWNER_DATA in package com.qihoo.appstore
07-11 10:13:34.547 W/PackageManager(  374): Unknown permission android.permission.WRITE_OWNER_DATA in package com.qihoo.appstore
07-11 10:13:34.554 W/PackageManager(  374): Not granting permission android.permission.CHANGE_CONFIGURATION to package com.qihoo.appstore (protectionLevel=50 flags=0x8be44)
07-11 10:13:34.554 W/PackageManager(  374): Unknown permission com.htc.launcher.permission.READ_SETTINGS in package com.qihoo.appstore
07-11 10:13:34.554 W/PackageManager(  374): Not granting permission android.permission.DEVICE_POWER to package com.qihoo.appstore (protectionLevel=2 flags=0x8be44)
07-11 10:13:34.554 W/PackageManager(  374): Not granting permission android.permission.MOUNT_UNMOUNT_FILESYSTEMS to package com.qihoo.appstore (protectionLevel=18 flags=0x8be44)
07-11 10:13:34.554 W/PackageManager(  374): Unknown permission com.huaqin.launcherEx.permission.READ_SETTINGS in package com.qihoo.appstore
07-11 10:13:34.554 W/PackageManager(  374): Unknown permission com.huaqin.launcherEx.permission.WRITE_SETTINGS in package com.qihoo.appstore
07-11 10:13:34.554 W/PackageManager(  374): Unknown permission com.android.launcher.permission.READ_PHONE_STATE in package com.qihoo.appstore
07-11 10:13:34.554 W/PackageManager(  374): Unknown permission com.huawei.launcher3.permission.READ_SETTINGS in package com.qihoo.appstore
07-11 10:13:34.554 W/PackageManager(  374): Unknown permission com.qihoo360.launcher.permission.WRITE_SETTINGS in package com.qihoo.appstore
07-11 10:13:34.554 W/PackageManager(  374): Unknown permission com.qihoo360.launcher.permission.READ_SETTINGS in package com.qihoo.appstore
07-11 10:13:34.664 I/ActivityManager(  374): Force stopping package com.qihoo.appstore appid=10064 user=0
07-11 10:13:35.078 W/ContextImpl(32686): Calling a method in the system process without a qualified user: android.app.ContextImpl.startService:1385 android.content.ContextWrapper.startService:473 android.content.ContextWrapper.startService:473 com.android.keychain.KeyChainBroadcastReceiver.onReceive:12 android.app.ActivityThread.handleReceiver:2424 
07-11 10:13:35.133 D/BackupManagerService(  374): Received broadcast Intent { act=android.intent.action.PACKAGE_REMOVED dat=package:com.qihoo.appstore flg=0x8000010 (has extras) }
07-11 10:13:35.156 W/BackupManagerService(  374): dataChanged but no participant pkg='com.android.providers.settings' uid=10079
07-11 10:13:35.219 D/BackupManagerService(  374): Received broadcast Intent { act=android.intent.action.PACKAGE_ADDED dat=package:com.qihoo.appstore flg=0x8000010 (has extras) }
07-11 10:13:35.219 V/BackupManagerService(  374): removePackageParticipantsLocked: uid=10064 #1
07-11 10:13:35.234 V/BackupManagerService(  374): addPackageParticipantsLocked: #1
07-11 10:13:35.406 I/ActivityManager(  374): Start proc com.qihoo360.mobilesafe for service com.qihoo360.mobilesafe/.service.GuardDelegateService: pid=1722 uid=10072 gids={50072, 3003, 1015, 3001, 3002, 1006, 1028}
07-11 10:13:35.469 I/ActivityManager(  374): Start proc com.qihoo.daemon for content provider com.qihoo.appstore/com.qihoo360.mobilesafe.pcdaemon.service.DaemonContentProvider: pid=1736 uid=10064 gids={50064, 3003, 1015, 3002, 1006, 3001, 1028}
07-11 10:13:35.492 I/ActivityManager(  374): Start proc com.qihoo360.mobilesafe:scan for service com.qihoo360.mobilesafe/com.qihoo.security.services.DeepScanService: pid=1742 uid=10072 gids={50072, 3003, 1015, 3001, 3002, 1006, 1028}
07-11 10:13:35.687 W/BackupManagerService(  374): dataChanged but no participant pkg='com.android.providers.settings' uid=10079
07-11 10:13:36.015 I/ActivityManager(  374): Start proc com.qihoo360.mobilesafe:engine for service com.qihoo360.mobilesafe/com.qihoo.security.services.ScanEngineService: pid=1772 uid=10072 gids={50072, 3003, 1015, 3001, 3002, 1006, 1028}
07-11 10:13:36.125 I/ActivityManager(  374): No longer want android.process.media (pid 30954): empty #17
07-11 10:13:36.164 W/ActivityManager(  374): Scheduling restart of crashed service com.android.providers.media/.MtpService in 5000ms
07-11 10:13:36.211 I/ActivityManager(  374): Start proc com.google.android.apps.plus for broadcast com.google.android.apps.plus/.service.PackagesMediaMonitor: pid=1791 uid=10048 gids={50048, 3003, 3002, 1015, 1006, 1028}
07-11 10:13:36.828 I/ActivityManager(  374): Start proc android.process.media for content provider com.android.providers.media/.MediaProvider: pid=1818 uid=10015 gids={50015, 1015, 1023, 1024, 1028, 2001, 3003, 3007}
07-11 10:13:37.351 I/ActivityManager(  374): Process com.google.android.googlequicksearchbox (pid 32075) has died.
07-11 10:13:37.820 I/ActivityManager(  374): Process com.google.android.gms (pid 32742) has died.
07-11 10:13:37.976 W/PackageParser(  833): Unknown element under <application>: servive at /data/app/com.qihoo.appstore-2.apk Binary XML file line #516
07-11 10:13:39.039 I/ActivityManager(  374): Process com.google.android.apps.maps:LocationFriendService (pid 617) has died.
07-11 10:13:39.086 I/ActivityManager(  374): Start proc com.qihoo.appstore for service com.qihoo.appstore/.express.DownloadCoreService: pid=1852 uid=10064 gids={50064, 3003, 1015, 3002, 1006, 3001, 1028}
07-11 10:13:39.148 I/ActivityManager(  374): Process com.google.android.talk (pid 481) has died.
07-11 10:13:39.429 I/ActivityManager(  374): Start proc com.google.android.gms for broadcast com.google.android.gms/.games.receiver.GamesSystemBroadcastReceiver: pid=1873 uid=10009 gids={50009, 3003, 1007, 1028, 1015, 1006, 2001, 3006}
07-11 10:13:39.437 I/ActivityManager(  374): Process com.google.android.apps.maps:FriendService (pid 524) has died.
07-11 10:13:39.687 I/ActivityManager(  374): Process com.google.android.gsf.login (pid 580) has died.
07-11 10:13:39.976 I/ActivityManager(  374): Start proc com.google.android.googlequicksearchbox for broadcast com.google.android.googlequicksearchbox/com.google.android.apps.sidekick.GmmLocationProviderImpl$GmmPackageWatcher: pid=1916 uid=10056 gids={50056, 3003, 1028, 1007, 3002, 1015}
07-11 10:13:40.429 I/ActivityManager(  374): Process com.google.android.deskclock (pid 1150) has died.
07-11 10:13:40.625 W/PackageParser(  833): No actions in intent filter at /storage/emulated/0/Download/emmp.apk Binary XML file line #687
07-11 10:13:40.883 W/PackageParser(  833): No actions in intent filter at /storage/emulated/0/Download/emmp-1.apk Binary XML file line #687
07-11 10:13:40.906 I/ActivityManager(  374): Process com.qihoo.root (pid 327) has died.
07-11 10:13:41.054 I/ActivityManager(  374): Process com.noshufou.android.su (pid 32147) has died.
07-11 10:13:41.117 W/PackageParser(  833): Unknown element under <application>: servive at /storage/emulated/0/360Download/com.qihoo.appstore.apk Binary XML file line #516
07-11 10:13:41.344 I/ActivityManager(  374): Start proc com.noshufou.android.su for broadcast com.noshufou.android.su/.UninstallReceiver: pid=1994 uid=10077 gids={50077, 3003, 1015, 1028}
07-11 10:13:41.344 I/ActivityManager(  374): Process com.android.defcontainer (pid 32183) has died.
07-11 10:13:41.445 I/ActivityManager(  374): Process com.nd.assistance (pid 1190) has died.
07-11 10:13:41.515 I/ActivityManager(  374): Start proc com.qihoo.root for broadcast com.qihoo.root/.UninstallReceiver: pid=2009 uid=10078 gids={50078, 1015, 3003, 1028}
07-11 10:13:41.875 I/ActivityManager(  374): Process com.google.android.gallery3d (pid 32659) has died.
07-11 10:13:42.906 I/ActivityManager(  374): Process com.qihoo360.mobilesafe (pid 1722) has died.
07-11 10:13:43.422 I/ActivityManager(  374): Start proc com.google.android.gallery3d for broadcast com.google.android.gallery3d/com.android.gallery3d.app.PackagesMonitor: pid=2066 uid=10019 gids={50019, 1006, 3003, 1015, 1028}
07-11 10:13:43.890 W/MountService(  374): getVolumeState(/storage/emulated/0/external_sd): Unknown volume
07-11 10:13:43.898 W/MountService(  374): getVolumeState(/mnt/sdcard-ext): Unknown volume
07-11 10:13:43.898 W/MountService(  374): getVolumeState(/mnt/ext_sdcard): Unknown volume
07-11 10:13:43.898 W/MountService(  374): getVolumeState(/mnt/sdcard2): Unknown volume
07-11 10:13:43.898 W/MountService(  374): getVolumeState(/mnt/emmc): Unknown volume
07-11 10:13:43.898 W/MountService(  374): getVolumeState(/mnt/extSdCard): Unknown volume
07-11 10:13:43.898 W/MountService(  374): getVolumeState(/mnt/sdcard/SD_CARD): Unknown volume
07-11 10:13:43.898 W/MountService(  374): getVolumeState(/mnt/sdcard/extra_sd): Unknown volume
07-11 10:13:43.898 W/MountService(  374): getVolumeState(/mnt/extrasd_bind): Unknown volume
07-11 10:13:43.898 W/MountService(  374): getVolumeState(/mnt/sdcard/ext_sd): Unknown volume
07-11 10:13:43.906 W/MountService(  374): getVolumeState(/storage/extSdCard): Unknown volume
07-11 10:13:43.906 W/MountService(  374): getVolumeState(/storage/sdcard1): Unknown volume
07-11 10:13:43.906 W/MountService(  374): getVolumeState(/mnt/sdcard/external_SD): Unknown volume
07-11 10:13:43.906 W/MountService(  374): getVolumeState(/mnt/sdcard/external_sd): Unknown volume
07-11 10:13:44.015 I/ActivityManager(  374): Start proc com.google.android.talk for broadcast com.google.android.talk/com.google.android.apps.babel.phone.PackageReplacedReceiver: pid=2098 uid=10030 gids={50030, 3003, 1015, 1006, 3002, 1028}
07-11 10:13:44.265 W/MountService(  374): getVolumeState(/storage/emulated/0/external_sd): Unknown volume
07-11 10:13:44.265 W/MountService(  374): getVolumeState(/mnt/sdcard-ext): Unknown volume
07-11 10:13:44.265 W/MountService(  374): getVolumeState(/mnt/ext_sdcard): Unknown volume
07-11 10:13:44.265 W/MountService(  374): getVolumeState(/mnt/sdcard2): Unknown volume
07-11 10:13:44.265 W/MountService(  374): getVolumeState(/mnt/emmc): Unknown volume
07-11 10:13:44.265 W/MountService(  374): getVolumeState(/mnt/extSdCard): Unknown volume
07-11 10:13:44.265 W/MountService(  374): getVolumeState(/mnt/sdcard/SD_CARD): Unknown volume
07-11 10:13:44.273 W/MountService(  374): getVolumeState(/mnt/sdcard/extra_sd): Unknown volume
07-11 10:13:44.273 W/MountService(  374): getVolumeState(/mnt/extrasd_bind): Unknown volume
07-11 10:13:44.273 W/MountService(  374): getVolumeState(/mnt/sdcard/ext_sd): Unknown volume
07-11 10:13:44.273 W/MountService(  374): getVolumeState(/storage/extSdCard): Unknown volume
07-11 10:13:44.273 W/MountService(  374): getVolumeState(/storage/sdcard1): Unknown volume
07-11 10:13:44.273 W/MountService(  374): getVolumeState(/mnt/sdcard/external_SD): Unknown volume
07-11 10:13:44.273 W/MountService(  374): getVolumeState(/mnt/sdcard/external_sd): Unknown volume
07-11 10:13:44.336 I/ActivityManager(  374): Process com.google.android.gallery3d (pid 2066) has died.
07-11 10:13:44.617 I/ActivityManager(  374): Start proc com.google.android.apps.maps:FriendService for broadcast com.google.android.apps.maps/com.google.googlenav.friend.android.ServiceReceiver: pid=2157 uid=10038 gids={50038, 3003, 1015, 1028}
07-11 10:13:44.742 I/ActivityManager(  374): Process com.google.android.partnersetup (pid 391) has died.
07-11 10:13:45.234 I/ActivityManager(  374): Start proc com.google.android.gsf.login for service com.google.android.gms/.recovery.AccountRecoveryBackgroundService: pid=2185 uid=10009 gids={50009, 3003, 1007, 1028, 1015, 1006, 2001, 3006}
07-11 10:13:45.351 I/ActivityManager(  374): Process com.android.keychain (pid 32686) has died.
07-11 10:13:45.453 I/ActivityManager(  374): Start proc com.google.android.apps.maps:LocationFriendService for broadcast com.google.android.apps.maps/com.google.googlenav.friend.reporting.LocationReportingIntentReceiver: pid=2199 uid=10038 gids={50038, 3003, 1015, 1028}
07-11 10:13:45.531 I/ActivityManager(  374): Process com.qihoo.root (pid 2009) has died.
07-11 10:13:45.594 I/ActivityManager(  374): Start proc com.android.defcontainer for service com.android.defcontainer/.DefaultContainerService: pid=2216 uid=10012 gids={50012, 1015, 1023, 2001, 1028}
07-11 10:13:45.695 I/ActivityManager(  374): Process com.google.android.apps.plus (pid 1791) has died.
07-11 10:13:45.828 W/MountService(  374): getVolumeState(/storage/emulated/0/external_sd): Unknown volume
07-11 10:13:45.828 W/MountService(  374): getVolumeState(/mnt/sdcard-ext): Unknown volume
07-11 10:13:45.828 W/MountService(  374): getVolumeState(/mnt/ext_sdcard): Unknown volume
07-11 10:13:45.828 W/MountService(  374): getVolumeState(/mnt/sdcard2): Unknown volume
07-11 10:13:45.828 W/MountService(  374): getVolumeState(/mnt/emmc): Unknown volume
07-11 10:13:45.836 W/MountService(  374): getVolumeState(/mnt/extSdCard): Unknown volume
07-11 10:13:45.836 W/MountService(  374): getVolumeState(/mnt/sdcard/SD_CARD): Unknown volume
07-11 10:13:45.844 W/MountService(  374): getVolumeState(/mnt/sdcard/extra_sd): Unknown volume
07-11 10:13:45.844 W/MountService(  374): getVolumeState(/mnt/extrasd_bind): Unknown volume
07-11 10:13:45.851 W/MountService(  374): getVolumeState(/mnt/sdcard/ext_sd): Unknown volume
07-11 10:13:45.851 W/MountService(  374): getVolumeState(/storage/extSdCard): Unknown volume
07-11 10:13:45.851 W/MountService(  374): getVolumeState(/storage/sdcard1): Unknown volume
07-11 10:13:45.851 W/MountService(  374): getVolumeState(/mnt/sdcard/external_SD): Unknown volume
07-11 10:13:45.859 W/MountService(  374): getVolumeState(/mnt/sdcard/external_sd): Unknown volume
07-11 10:13:45.953 W/ActivityManager(  374): Unable to start service Intent { act=com.google.android.gms.analytics.service.START (has extras) } U=0: not found
07-11 10:13:46.140 W/MountService(  374): getVolumeState(/storage/emulated/0/external_sd): Unknown volume
07-11 10:13:46.148 W/MountService(  374): getVolumeState(/mnt/sdcard-ext): Unknown volume
07-11 10:13:46.148 W/MountService(  374): getVolumeState(/mnt/ext_sdcard): Unknown volume
07-11 10:13:46.148 W/MountService(  374): getVolumeState(/mnt/sdcard2): Unknown volume
07-11 10:13:46.148 W/MountService(  374): getVolumeState(/mnt/emmc): Unknown volume
07-11 10:13:46.148 W/MountService(  374): getVolumeState(/mnt/extSdCard): Unknown volume
07-11 10:13:46.148 W/MountService(  374): getVolumeState(/mnt/sdcard/SD_CARD): Unknown volume
07-11 10:13:46.148 W/MountService(  374): getVolumeState(/mnt/sdcard/extra_sd): Unknown volume
07-11 10:13:46.148 W/MountService(  374): getVolumeState(/mnt/extrasd_bind): Unknown volume
07-11 10:13:46.148 W/MountService(  374): getVolumeState(/mnt/sdcard/ext_sd): Unknown volume
07-11 10:13:46.148 W/MountService(  374): getVolumeState(/storage/extSdCard): Unknown volume
07-11 10:13:46.156 W/MountService(  374): getVolumeState(/storage/sdcard1): Unknown volume
07-11 10:13:46.156 W/MountService(  374): getVolumeState(/mnt/sdcard/external_SD): Unknown volume
07-11 10:13:46.156 W/MountService(  374): getVolumeState(/mnt/sdcard/external_sd): Unknown volume
07-11 10:13:48.219 W/MountService(  374): getVolumeState(/storage/emulated/0/external_sd): Unknown volume
07-11 10:13:48.226 I/ActivityManager(  374): START u0 {act=com.qihoo360.daemon.pcdaemon.ACTION_START_OPERATE_AUTHOR flg=0x10000000 cmp=com.qihoo.appstore/com.qihoo.express.mini.activity.PCLinkConfirmDialogActivity (has extras)} from pid 1736
07-11 10:13:48.226 W/MountService(  374): getVolumeState(/mnt/sdcard-ext): Unknown volume
07-11 10:13:48.226 W/MountService(  374): getVolumeState(/mnt/ext_sdcard): Unknown volume
07-11 10:13:48.226 W/MountService(  374): getVolumeState(/mnt/sdcard2): Unknown volume
07-11 10:13:48.226 W/MountService(  374): getVolumeState(/mnt/emmc): Unknown volume
07-11 10:13:48.226 W/MountService(  374): getVolumeState(/mnt/extSdCard): Unknown volume
07-11 10:13:48.226 W/MountService(  374): getVolumeState(/mnt/sdcard/SD_CARD): Unknown volume
07-11 10:13:48.234 W/MountService(  374): getVolumeState(/mnt/sdcard/extra_sd): Unknown volume
07-11 10:13:48.234 W/MountService(  374): getVolumeState(/mnt/extrasd_bind): Unknown volume
07-11 10:13:48.273 W/MountService(  374): getVolumeState(/mnt/sdcard/ext_sd): Unknown volume
07-11 10:13:48.289 W/MountService(  374): getVolumeState(/storage/extSdCard): Unknown volume
07-11 10:13:48.297 W/MountService(  374): getVolumeState(/storage/sdcard1): Unknown volume
07-11 10:13:48.297 W/MountService(  374): getVolumeState(/mnt/sdcard/external_SD): Unknown volume
07-11 10:13:48.297 W/MountService(  374): getVolumeState(/mnt/sdcard/external_sd): Unknown volume
07-11 10:13:48.820 W/ActivityManager(  374): Activity pause timeout for ActivityRecord{424d38a8 u0 com.qihoo.appstore/com.qihoo.express.mini.activity.PCLinkConfirmDialogActivity}
07-11 10:13:49.125 I/WindowManager(  374): Screenshot max retries 4 of Token{424bebe8 ActivityRecord{425cecb8 u0 com.pekall.emdm/.market.activity.AppListActivity}} appWin=Window{4276cb98 u0 com.pekall.emdm/com.pekall.emdm.market.activity.AppListActivity} drawState=4
07-11 10:13:49.125 W/WindowManager(  374): Screenshot failure taking screenshot for (720x1280) to layer 21030
07-11 10:13:49.304 W/MountService(  374): getVolumeState(/storage/emulated/0/external_sd): Unknown volume
07-11 10:13:49.312 W/MountService(  374): getVolumeState(/mnt/sdcard-ext): Unknown volume
07-11 10:13:49.312 W/MountService(  374): getVolumeState(/mnt/ext_sdcard): Unknown volume
07-11 10:13:49.312 W/MountService(  374): getVolumeState(/mnt/sdcard2): Unknown volume
07-11 10:13:49.312 W/MountService(  374): getVolumeState(/mnt/emmc): Unknown volume
07-11 10:13:49.312 W/MountService(  374): getVolumeState(/mnt/extSdCard): Unknown volume
07-11 10:13:49.312 W/MountService(  374): getVolumeState(/mnt/sdcard/SD_CARD): Unknown volume
07-11 10:13:49.312 W/MountService(  374): getVolumeState(/mnt/sdcard/extra_sd): Unknown volume
07-11 10:13:49.312 W/MountService(  374): getVolumeState(/mnt/extrasd_bind): Unknown volume
07-11 10:13:49.312 W/MountService(  374): getVolumeState(/mnt/sdcard/ext_sd): Unknown volume
07-11 10:13:49.320 W/MountService(  374): getVolumeState(/storage/extSdCard): Unknown volume
07-11 10:13:49.320 W/MountService(  374): getVolumeState(/storage/sdcard1): Unknown volume
07-11 10:13:49.320 W/MountService(  374): getVolumeState(/mnt/sdcard/external_SD): Unknown volume
07-11 10:13:49.320 W/MountService(  374): getVolumeState(/mnt/sdcard/external_sd): Unknown volume
07-11 10:13:49.703 E/ActivityThread( 1736): Failed to find provider info for com.qihoo.antivirus.sync.MSSyncProvider
07-11 10:13:50.156 I/ActivityManager(  374): Process com.google.android.talk (pid 2098) has died.
07-11 10:13:50.742 I/ActivityManager(  374): Process com.google.android.apps.maps:FriendService (pid 2157) has died.
07-11 10:13:50.961 W/ActivityManager(  374): Unable to start service Intent { act=com.google.android.gms.analytics.service.START (has extras) } U=0: not found
07-11 10:13:51.734 I/ActivityManager(  374): Process com.noshufou.android.su (pid 1994) has died.
07-11 10:13:52.914 I/ActivityManager(  374): Start proc com.qihoo360.mobilesafe for service com.qihoo360.mobilesafe/.service.ExamService: pid=2397 uid=10072 gids={50072, 3003, 1015, 3001, 3002, 1006, 1028}
07-11 10:13:52.961 W/ActivityManager(  374): No content provider found for permission revoke: file:///sdcard/tmp/360apktmp.apk
07-11 10:13:55.554 I/ActivityManager(  374): Start proc com.qihoo360.mobilesafe:PcDaemon for service com.qihoo360.mobilesafe/.pcdaemon.service.DaemonService: pid=2464 uid=10072 gids={50072, 3003, 1015, 3001, 3002, 1006, 1028}
07-11 10:13:56.679 W/BroadcastQueue(  374): Failure [background] sending broadcast result of Intent { act=com.qihoo360.mobilesafe.NotifyDaemonStart flg=0x10 }
07-11 10:13:56.679 W/BroadcastQueue(  374): android.os.DeadObjectException
07-11 10:13:56.679 W/BroadcastQueue(  374): 	at android.os.BinderProxy.transact(Native Method)
07-11 10:13:56.679 W/BroadcastQueue(  374): 	at android.content.IIntentReceiver$Stub$Proxy.performReceive(IIntentReceiver.java:124)
07-11 10:13:56.679 W/BroadcastQueue(  374): 	at com.android.server.am.BroadcastQueue.performReceiveLocked(BroadcastQueue.java:376)
07-11 10:13:56.679 W/BroadcastQueue(  374): 	at com.android.server.am.BroadcastQueue.processNextBroadcast(BroadcastQueue.java:599)
07-11 10:13:56.679 W/BroadcastQueue(  374): 	at com.android.server.am.ActivityManagerService.finishReceiver(ActivityManagerService.java:12390)
07-11 10:13:56.679 W/BroadcastQueue(  374): 	at android.app.ActivityManagerNative.onTransact(ActivityManagerNative.java:379)
07-11 10:13:56.679 W/BroadcastQueue(  374): 	at com.android.server.am.ActivityManagerService.onTransact(ActivityManagerService.java:1737)
07-11 10:13:56.679 W/BroadcastQueue(  374): 	at android.os.Binder.execTransact(Binder.java:388)
07-11 10:13:56.679 W/BroadcastQueue(  374): 	at dalvik.system.NativeStart.run(Native Method)
07-11 10:13:57.554 W/BroadcastQueue(  374): Failure [background] sending broadcast result of Intent { act=com.qihoo360.mobilesafe.NotifyDaemonStop flg=0x10 }
07-11 10:13:57.554 W/BroadcastQueue(  374): android.os.DeadObjectException
07-11 10:13:57.554 W/BroadcastQueue(  374): 	at android.os.BinderProxy.transact(Native Method)
07-11 10:13:57.554 W/BroadcastQueue(  374): 	at android.content.IIntentReceiver$Stub$Proxy.performReceive(IIntentReceiver.java:124)
07-11 10:13:57.554 W/BroadcastQueue(  374): 	at com.android.server.am.BroadcastQueue.performReceiveLocked(BroadcastQueue.java:376)
07-11 10:13:57.554 W/BroadcastQueue(  374): 	at com.android.server.am.BroadcastQueue.processNextBroadcast(BroadcastQueue.java:599)
07-11 10:13:57.554 W/BroadcastQueue(  374): 	at com.android.server.am.ActivityManagerService.finishReceiver(ActivityManagerService.java:12390)
07-11 10:13:57.554 W/BroadcastQueue(  374): 	at android.app.ActivityManagerNative.onTransact(ActivityManagerNative.java:379)
07-11 10:13:57.554 W/BroadcastQueue(  374): 	at com.android.server.am.ActivityManagerService.onTransact(ActivityManagerService.java:1737)
07-11 10:13:57.554 W/BroadcastQueue(  374): 	at android.os.Binder.execTransact(Binder.java:388)
07-11 10:13:57.554 W/BroadcastQueue(  374): 	at dalvik.system.NativeStart.run(Native Method)
07-11 10:13:57.617 I/ActivityManager(  374): Process com.android.musicfx (pid 32701) has died.
07-11 10:13:59.328 I/ActivityManager(  374): Process com.google.android.googlequicksearchbox (pid 1916) has died.
07-11 10:14:00.344 W/PackageManager(  374): Invalid verification token 2 received
07-11 10:14:03.219 I/PackageManager(  374): Verification timed out for file:///sdcard/tmp/360apktmp.apk
07-11 10:14:03.219 I/PackageManager(  374): Continuing with installation of file:///sdcard/tmp/360apktmp.apk
07-11 10:14:03.312 W/ActivityManager(  374): No content provider found for permission revoke: file:///sdcard/tmp/360apktmp.apk
07-11 10:14:03.312 I/PackageManager(  374): Copying native libraries to /data/app-lib/vmdl-627106275
07-11 10:14:05.609 I/ActivityManager(  374): Force stopping package com.kuai appid=10083 user=-1
07-11 10:14:06.883 W/MountService(  374): getVolumeState(/storage/emulated/0/external_sd): Unknown volume
07-11 10:14:06.898 I/ActivityManager(  374): Start proc com.google.android.gallery3d for broadcast com.google.android.gallery3d/com.android.gallery3d.app.PackagesMonitor: pid=2573 uid=10019 gids={50019, 1006, 3003, 1015, 1028}
07-11 10:14:06.922 W/MountService(  374): getVolumeState(/mnt/sdcard-ext): Unknown volume
07-11 10:14:06.922 W/MountService(  374): getVolumeState(/mnt/ext_sdcard): Unknown volume
07-11 10:14:06.922 W/MountService(  374): getVolumeState(/mnt/sdcard2): Unknown volume
07-11 10:14:06.922 W/MountService(  374): getVolumeState(/mnt/emmc): Unknown volume
07-11 10:14:06.922 W/MountService(  374): getVolumeState(/mnt/extSdCard): Unknown volume
07-11 10:14:06.922 W/MountService(  374): getVolumeState(/mnt/sdcard/SD_CARD): Unknown volume
07-11 10:14:06.922 W/MountService(  374): getVolumeState(/mnt/sdcard/extra_sd): Unknown volume
07-11 10:14:06.922 W/MountService(  374): getVolumeState(/mnt/extrasd_bind): Unknown volume
07-11 10:14:06.929 W/MountService(  374): getVolumeState(/mnt/sdcard/ext_sd): Unknown volume
07-11 10:14:06.929 W/MountService(  374): getVolumeState(/storage/extSdCard): Unknown volume
07-11 10:14:06.929 W/MountService(  374): getVolumeState(/storage/sdcard1): Unknown volume
07-11 10:14:06.929 W/MountService(  374): getVolumeState(/mnt/sdcard/external_SD): Unknown volume
07-11 10:14:06.961 W/MountService(  374): getVolumeState(/mnt/sdcard/external_sd): Unknown volume
07-11 10:14:07.250 D/BackupManagerService(  374): Received broadcast Intent { act=android.intent.action.PACKAGE_ADDED dat=package:com.kuai flg=0x8000010 (has extras) }
07-11 10:14:07.258 V/BackupManagerService(  374): addPackageParticipantsLocked: #1
07-11 10:14:08.179 I/ActivityManager(  374): Start proc com.google.android.partnersetup for broadcast com.google.android.partnersetup/.RlzPingBroadcastReceiver: pid=2601 uid=10027 gids={50027, 3003, 1028}
07-11 10:14:08.492 I/ActivityManager(  374): Start proc com.android.musicfx for broadcast com.android.musicfx/.Compatibility$Receiver: pid=2617 uid=10042 gids={50042, 3003, 3002, 1028}
07-11 10:14:08.703 I/ActivityManager(  374): Start proc com.google.android.apps.plus for broadcast com.google.android.apps.plus/.service.PackagesMediaMonitor: pid=2635 uid=10048 gids={50048, 3003, 3002, 1015, 1006, 1028}
07-11 10:14:08.844 I/ActivityManager(  374): Process com.google.android.apps.maps:LocationFriendService (pid 2199) has died.
07-11 10:14:09.000 W/MountService(  374): getVolumeState(/storage/emulated/0/external_sd): Unknown volume
07-11 10:14:09.000 W/MountService(  374): getVolumeState(/mnt/sdcard-ext): Unknown volume
07-11 10:14:09.000 W/MountService(  374): getVolumeState(/mnt/ext_sdcard): Unknown volume
07-11 10:14:09.008 W/MountService(  374): getVolumeState(/mnt/sdcard2): Unknown volume
07-11 10:14:09.008 W/MountService(  374): getVolumeState(/mnt/emmc): Unknown volume
07-11 10:14:09.008 W/MountService(  374): getVolumeState(/mnt/extSdCard): Unknown volume
07-11 10:14:09.008 W/MountService(  374): getVolumeState(/mnt/sdcard/SD_CARD): Unknown volume
07-11 10:14:09.008 W/MountService(  374): getVolumeState(/mnt/sdcard/extra_sd): Unknown volume
07-11 10:14:09.008 W/MountService(  374): getVolumeState(/mnt/extrasd_bind): Unknown volume
07-11 10:14:09.008 W/MountService(  374): getVolumeState(/mnt/sdcard/ext_sd): Unknown volume
07-11 10:14:09.015 W/MountService(  374): getVolumeState(/storage/extSdCard): Unknown volume
07-11 10:14:09.015 W/MountService(  374): getVolumeState(/storage/sdcard1): Unknown volume
07-11 10:14:09.015 W/MountService(  374): getVolumeState(/mnt/sdcard/external_SD): Unknown volume
07-11 10:14:09.015 W/MountService(  374): getVolumeState(/mnt/sdcard/external_sd): Unknown volume
07-11 10:14:09.070 I/ActivityManager(  374): Process com.google.android.gms (pid 1873) has died.
07-11 10:14:09.578 I/ActivityManager(  374): Process com.google.android.gsf.login (pid 2185) has died.
07-11 10:14:11.937 I/ActivityManager(  374): Start proc com.google.android.gms for broadcast com.google.android.gms/.games.receiver.GamesSystemBroadcastReceiver: pid=2654 uid=10009 gids={50009, 3003, 1007, 1028, 1015, 1006, 2001, 3006}
07-11 10:14:12.000 I/ActivityManager(  374): Process com.qihoo360.mobilesafe:PcDaemon (pid 2464) has died.
07-11 10:14:12.086 W/PackageParser(  833): Unknown element under <application>: servive at /storage/emulated/0/360Download/com.qihoo.appstore.apk Binary XML file line #516
07-11 10:14:12.281 I/ActivityManager(  374): Start proc com.google.android.googlequicksearchbox for broadcast com.google.android.googlequicksearchbox/com.google.android.apps.sidekick.GmmLocationProviderImpl$GmmPackageWatcher: pid=2672 uid=10056 gids={50056, 3003, 1028, 1007, 3002, 1015}
07-11 10:14:12.453 W/PackageParser(  833): No actions in intent filter at /storage/emulated/0/360Download/Pekall.apk Binary XML file line #685
07-11 10:14:12.922 W/PackageParser(  833): No actions in intent filter at /storage/emulated/0/Download/emmp.apk Binary XML file line #687
07-11 10:14:12.976 I/PowerManagerService(  374): Waking up from sleep...
07-11 10:14:13.023 I/ActivityManager(  374): Process com.android.defcontainer (pid 2216) has died.
07-11 10:14:13.172 W/ActivityManager(  374): Unable to start service Intent { act=com.google.android.gms.analytics.service.START (has extras) } U=0: not found
07-11 10:14:13.258 W/PackageParser(  833): No actions in intent filter at /storage/emulated/0/Download/emmp-1.apk Binary XML file line #687
07-11 10:14:13.367 I/ActivityManager(  374): Start proc com.noshufou.android.su for broadcast com.noshufou.android.su/.InstallReceiver: pid=2745 uid=10077 gids={50077, 3003, 1015, 1028}
07-11 10:14:13.570 I/WindowManager(  374): Lock screen displayed!
07-11 10:14:13.594 W/PackageParser(  833): Unknown element under <application>: servive at /storage/emulated/0/360Download/com.qihoo.appstore.apk Binary XML file line #516
07-11 10:14:13.906 I/ActivityManager(  374): Start proc com.google.android.gsf.login for service com.google.android.gms/.recovery.AccountRecoveryBackgroundService: pid=2763 uid=10009 gids={50009, 3003, 1007, 1028, 1015, 1006, 2001, 3006}
07-11 10:14:14.101 I/ActivityManager(  374): Process com.google.android.gallery3d (pid 2573) has died.
07-11 10:14:14.148 I/ActivityManager(  374): Start proc com.android.providers.calendar for content provider com.android.providers.calendar/.CalendarProvider2: pid=2780 uid=10007 gids={50007, 3003, 1015, 1028}
07-11 10:14:14.156 W/PackageParser(  833): No actions in intent filter at /storage/emulated/0/360Download/Pekall.apk Binary XML file line #685
07-11 10:14:14.562 I/ActivityManager(  374): Process com.android.musicfx (pid 2617) has died.
07-11 10:14:14.828 D/PhoneStatusBar(  450): disable: < expand icons alerts ticker system_info BACK HOME recent* CLOCK search >
07-11 10:14:15.094 D/PhoneStatusBar(  450): disable: < expand icons alerts ticker system_info back* home* recent clock* search >
07-11 10:14:15.953 I/ActivityManager(  374): Process com.qihoo360.mobilesafe (pid 2397) has died.
07-11 10:14:16.226 I/ActivityManager(  374): Start proc com.google.android.calendar for broadcast com.google.android.calendar/com.android.calendar.alerts.AlertReceiver: pid=2828 uid=10006 gids={50006, 3003, 1028}
07-11 10:14:17.219 I/ActivityManager(  374): Start proc com.android.defcontainer for service com.android.defcontainer/.DefaultContainerService: pid=2857 uid=10012 gids={50012, 1015, 1023, 2001, 1028}
07-11 10:14:17.945 W/ActivityManager(  374): Unable to start service Intent { act=com.google.android.gms.analytics.service.START (has extras) } U=0: not found
07-11 10:14:18.461 I/ActivityManager(  374): Start proc com.qihoo360.mobilesafe for service com.qihoo360.mobilesafe/.service.GuardDelegateService: pid=2873 uid=10072 gids={50072, 3003, 1015, 3001, 3002, 1006, 1028}
07-11 10:14:19.179 I/ActivityManager(  374): Process com.google.android.apps.plus (pid 2635) has died.
07-11 10:14:22.953 W/ActivityManager(  374): Unable to start service Intent { act=com.google.android.gms.analytics.service.START (has extras) } U=0: not found
07-11 10:14:33.586 W/PackageManager(  374): Invalid verification token 3 received
07-11 10:14:35.234 I/ActivityManager(  374): Process com.google.android.googlequicksearchbox (pid 2672) has died.
07-11 10:14:35.664 I/ActivityManager(  374): Process com.google.android.gms (pid 2654) has died.
07-11 10:14:47.922 W/MountService(  374): getVolumeState(/storage/emulated/0/external_sd): Unknown volume
07-11 10:14:47.929 W/MountService(  374): getVolumeState(/mnt/sdcard-ext): Unknown volume
07-11 10:14:47.929 W/MountService(  374): getVolumeState(/mnt/ext_sdcard): Unknown volume
07-11 10:14:47.929 W/MountService(  374): getVolumeState(/mnt/sdcard2): Unknown volume
07-11 10:14:47.929 W/MountService(  374): getVolumeState(/mnt/emmc): Unknown volume
07-11 10:14:47.929 W/MountService(  374): getVolumeState(/mnt/extSdCard): Unknown volume
07-11 10:14:47.929 W/MountService(  374): getVolumeState(/mnt/sdcard/SD_CARD): Unknown volume
07-11 10:14:47.929 W/MountService(  374): getVolumeState(/mnt/sdcard/extra_sd): Unknown volume
07-11 10:14:47.929 W/MountService(  374): getVolumeState(/mnt/extrasd_bind): Unknown volume
07-11 10:14:47.929 W/MountService(  374): getVolumeState(/mnt/sdcard/ext_sd): Unknown volume
07-11 10:14:47.929 W/MountService(  374): getVolumeState(/storage/extSdCard): Unknown volume
07-11 10:14:47.929 W/MountService(  374): getVolumeState(/storage/sdcard1): Unknown volume
07-11 10:14:47.937 W/MountService(  374): getVolumeState(/mnt/sdcard/external_SD): Unknown volume
07-11 10:14:47.937 W/MountService(  374): getVolumeState(/mnt/sdcard/external_sd): Unknown volume
07-11 10:14:48.226 W/MountService(  374): getVolumeState(/storage/emulated/0/external_sd): Unknown volume
07-11 10:14:48.226 W/MountService(  374): getVolumeState(/mnt/sdcard-ext): Unknown volume
07-11 10:14:48.226 W/MountService(  374): getVolumeState(/mnt/ext_sdcard): Unknown volume
07-11 10:14:48.234 W/MountService(  374): getVolumeState(/mnt/sdcard2): Unknown volume
07-11 10:14:48.234 W/MountService(  374): getVolumeState(/mnt/emmc): Unknown volume
07-11 10:14:48.242 W/MountService(  374): getVolumeState(/mnt/extSdCard): Unknown volume
07-11 10:14:48.242 W/MountService(  374): getVolumeState(/mnt/sdcard/SD_CARD): Unknown volume
07-11 10:14:48.242 W/MountService(  374): getVolumeState(/mnt/sdcard/extra_sd): Unknown volume
07-11 10:14:48.242 W/MountService(  374): getVolumeState(/mnt/extrasd_bind): Unknown volume
07-11 10:14:48.250 W/MountService(  374): getVolumeState(/mnt/sdcard/ext_sd): Unknown volume
07-11 10:14:48.250 W/MountService(  374): getVolumeState(/storage/extSdCard): Unknown volume
07-11 10:14:48.250 W/MountService(  374): getVolumeState(/storage/sdcard1): Unknown volume
07-11 10:14:48.250 W/MountService(  374): getVolumeState(/mnt/sdcard/external_SD): Unknown volume
07-11 10:14:48.250 W/MountService(  374): getVolumeState(/mnt/sdcard/external_sd): Unknown volume
07-11 10:15:04.219 W/MountService(  374): getVolumeState(/storage/emulated/0/external_sd): Unknown volume
07-11 10:15:04.219 W/MountService(  374): getVolumeState(/mnt/sdcard-ext): Unknown volume
07-11 10:15:04.219 W/MountService(  374): getVolumeState(/mnt/ext_sdcard): Unknown volume
07-11 10:15:04.219 W/MountService(  374): getVolumeState(/mnt/sdcard2): Unknown volume
07-11 10:15:04.219 W/MountService(  374): getVolumeState(/mnt/emmc): Unknown volume
07-11 10:15:04.219 W/MountService(  374): getVolumeState(/mnt/extSdCard): Unknown volume
07-11 10:15:04.219 W/MountService(  374): getVolumeState(/mnt/sdcard/SD_CARD): Unknown volume
07-11 10:15:04.219 W/MountService(  374): getVolumeState(/mnt/sdcard/extra_sd): Unknown volume
07-11 10:15:04.219 W/MountService(  374): getVolumeState(/mnt/extrasd_bind): Unknown volume
07-11 10:15:04.226 W/MountService(  374): getVolumeState(/mnt/sdcard/ext_sd): Unknown volume
07-11 10:15:04.226 W/MountService(  374): getVolumeState(/storage/extSdCard): Unknown volume
07-11 10:15:04.226 W/MountService(  374): getVolumeState(/storage/sdcard1): Unknown volume
07-11 10:15:04.226 W/MountService(  374): getVolumeState(/mnt/sdcard/external_SD): Unknown volume
07-11 10:15:04.234 W/MountService(  374): getVolumeState(/mnt/sdcard/external_sd): Unknown volume
07-11 10:15:04.359 I/PowerManagerService(  374): Going to sleep due to screen timeout...
07-11 10:15:04.476 W/MountService(  374): getVolumeState(/storage/emulated/0/external_sd): Unknown volume
07-11 10:15:04.484 W/MountService(  374): getVolumeState(/mnt/sdcard-ext): Unknown volume
07-11 10:15:04.484 W/MountService(  374): getVolumeState(/mnt/ext_sdcard): Unknown volume
07-11 10:15:04.484 W/MountService(  374): getVolumeState(/mnt/sdcard2): Unknown volume
07-11 10:15:04.484 W/MountService(  374): getVolumeState(/mnt/emmc): Unknown volume
07-11 10:15:04.484 W/MountService(  374): getVolumeState(/mnt/extSdCard): Unknown volume
07-11 10:15:04.484 W/MountService(  374): getVolumeState(/mnt/sdcard/SD_CARD): Unknown volume
07-11 10:15:04.484 W/MountService(  374): getVolumeState(/mnt/sdcard/extra_sd): Unknown volume
07-11 10:15:04.492 W/MountService(  374): getVolumeState(/mnt/extrasd_bind): Unknown volume
07-11 10:15:04.492 W/MountService(  374): getVolumeState(/mnt/sdcard/ext_sd): Unknown volume
07-11 10:15:04.492 W/MountService(  374): getVolumeState(/storage/extSdCard): Unknown volume
07-11 10:15:04.492 W/MountService(  374): getVolumeState(/storage/sdcard1): Unknown volume
07-11 10:15:04.492 W/MountService(  374): getVolumeState(/mnt/sdcard/external_SD): Unknown volume
07-11 10:15:04.500 W/MountService(  374): getVolumeState(/mnt/sdcard/external_sd): Unknown volume
07-11 10:15:04.609 I/ActivityManager(  374): Process com.google.android.gsf.login (pid 2763) has died.
07-11 10:15:05.429 I/ActivityManager(  374): Process com.google.android.partnersetup (pid 2601) has died.
07-11 10:15:05.437 E/ActivityThread( 1736): Failed to find provider info for com.qihoo.antivirus.sync.MSSyncProvider
07-11 10:15:08.172 W/ActivityManager(  374): No content provider found for permission revoke: file:///sdcard/tmp/360apktmp.apk
07-11 10:15:10.320 I/ActivityManager(  374): Start proc com.google.android.deskclock for service com.google.android.deskclock/com.android.alarmclock.DigitalAppWidgetService: pid=3039 uid=10013 gids={50013, 1028}
07-11 10:15:10.422 I/ActivityManager(  374): Process com.noshufou.android.su (pid 2745) has died.
07-11 10:15:10.656 D/PhoneStatusBar(  450): disable: < expand icons alerts ticker system_info back home RECENT* clock search >
07-11 10:15:10.851 D/PhoneStatusBar(  450): disable: < expand icons alerts ticker system_info BACK* HOME* RECENT CLOCK* search >
07-11 10:15:18.187 I/PackageManager(  374): Verification timed out for file:///sdcard/tmp/360apktmp.apk
07-11 10:15:18.187 I/PackageManager(  374): Continuing with installation of file:///sdcard/tmp/360apktmp.apk
07-11 10:15:18.289 W/ActivityManager(  374): No content provider found for permission revoke: file:///sdcard/tmp/360apktmp.apk
07-11 10:15:18.289 I/PackageManager(  374): Copying native libraries to /data/app-lib/vmdl-435330945
07-11 10:15:18.562 I/ActivityManager(  374): Process com.google.android.calendar (pid 2828) has died.
07-11 10:15:19.469 I/ActivityManager(  374): Process com.qihoo360.mobilesafe (pid 2873) has died.
07-11 10:15:20.906 I/ActivityManager(  374): Force stopping package by.game.binumbers appid=10084 user=-1
07-11 10:15:21.023 W/PackageManager(  374): Not granting permission android.permission.ACCESS_DOWNLOAD_MANAGER to package by.game.binumbers (protectionLevel=18 flags=0x8be44)
07-11 10:15:21.367 I/ActivityManager(  374): Start proc com.qihoo360.mobilesafe for service com.qihoo360.mobilesafe/.service.GuardDelegateService: pid=3060 uid=10072 gids={50072, 3003, 1015, 3001, 3002, 1006, 1028}
07-11 10:15:21.461 I/ActivityManager(  374): Process com.qihoo360.mobilesafe:scan (pid 1742) has died.
07-11 10:15:21.461 W/ActivityManager(  374): Scheduling restart of crashed service com.qihoo360.mobilesafe/com.qihoo.security.services.DeepScanService in 5000ms
07-11 10:15:21.570 D/BackupManagerService(  374): Received broadcast Intent { act=android.intent.action.PACKAGE_ADDED dat=package:by.game.binumbers flg=0x8000010 (has extras) }
07-11 10:15:21.578 V/BackupManagerService(  374): addPackageParticipantsLocked: #1
07-11 10:15:21.601 I/ActivityManager(  374): Process com.android.providers.calendar (pid 2780) has died.
07-11 10:15:21.883 I/ActivityManager(  374): Process com.qihoo360.mobilesafe:engine (pid 1772) has died.
07-11 10:15:21.969 I/ActivityManager(  374): Start proc com.google.android.gallery3d for broadcast com.google.android.gallery3d/com.android.gallery3d.app.PackagesMonitor: pid=3085 uid=10019 gids={50019, 1006, 3003, 1015, 1028}
07-11 10:15:22.187 W/MountService(  374): getVolumeState(/storage/emulated/0/external_sd): Unknown volume
07-11 10:15:22.187 W/MountService(  374): getVolumeState(/mnt/sdcard-ext): Unknown volume
07-11 10:15:22.187 W/MountService(  374): getVolumeState(/mnt/ext_sdcard): Unknown volume
07-11 10:15:22.187 W/MountService(  374): getVolumeState(/mnt/sdcard2): Unknown volume
07-11 10:15:22.187 W/MountService(  374): getVolumeState(/mnt/emmc): Unknown volume
07-11 10:15:22.187 W/MountService(  374): getVolumeState(/mnt/extSdCard): Unknown volume
07-11 10:15:22.187 W/MountService(  374): getVolumeState(/mnt/sdcard/SD_CARD): Unknown volume
07-11 10:15:22.187 W/MountService(  374): getVolumeState(/mnt/sdcard/extra_sd): Unknown volume
07-11 10:15:22.195 W/MountService(  374): getVolumeState(/mnt/extrasd_bind): Unknown volume
07-11 10:15:22.195 W/MountService(  374): getVolumeState(/mnt/sdcard/ext_sd): Unknown volume
07-11 10:15:22.195 W/MountService(  374): getVolumeState(/storage/extSdCard): Unknown volume
07-11 10:15:22.195 W/MountService(  374): getVolumeState(/storage/sdcard1): Unknown volume
07-11 10:15:22.195 W/MountService(  374): getVolumeState(/mnt/sdcard/external_SD): Unknown volume
07-11 10:15:22.203 W/MountService(  374): getVolumeState(/mnt/sdcard/external_sd): Unknown volume
07-11 10:15:22.476 I/ActivityManager(  374): Start proc com.google.android.partnersetup for broadcast com.google.android.partnersetup/.RlzPingBroadcastReceiver: pid=3111 uid=10027 gids={50027, 3003, 1028}
07-11 10:15:22.804 I/ActivityManager(  374): Start proc com.android.musicfx for broadcast com.android.musicfx/.Compatibility$Receiver: pid=3128 uid=10042 gids={50042, 3003, 3002, 1028}
07-11 10:15:22.812 I/ActivityManager(  374): Process com.pekall.emdm (pid 1698) has died.
07-11 10:15:22.859 W/ActivityManager(  374): Scheduling restart of crashed service com.pekall.emdm/.messagecenter.controller.MessageCenterService in 13597ms
07-11 10:15:22.859 W/ActivityManager(  374): Scheduling restart of crashed service com.pekall.emdm/.contacts.service.PhoneService in 23597ms
07-11 10:15:22.859 W/ActivityManager(  374): Scheduling restart of crashed service com.pekall.emdm/com.pekall.emailcommon.accountprovision.AccountProvisionService in 33596ms
07-11 10:15:22.859 W/ActivityManager(  374): Scheduling restart of crashed service com.pekall.emdm/.market.service.MarketService in 43596ms
07-11 10:15:22.867 W/ActivityManager(  374): Scheduling restart of crashed service com.pekall.emdm/.document.activity.DownLoadDocService in 53596ms
07-11 10:15:22.867 W/ActivityManager(  374): Scheduling restart of crashed service com.pekall.emdm/.MdmService in 63596ms
07-11 10:15:22.992 I/ActivityManager(  374): Start proc com.google.android.apps.plus for broadcast com.google.android.apps.plus/.service.PackagesMediaMonitor: pid=3143 uid=10048 gids={50048, 3003, 3002, 1015, 1006, 1028}
07-11 10:15:23.453 W/MountService(  374): getVolumeState(/storage/emulated/0/external_sd): Unknown volume
07-11 10:15:23.461 W/MountService(  374): getVolumeState(/mnt/sdcard-ext): Unknown volume
07-11 10:15:23.461 W/MountService(  374): getVolumeState(/mnt/ext_sdcard): Unknown volume
07-11 10:15:23.461 W/MountService(  374): getVolumeState(/mnt/sdcard2): Unknown volume
07-11 10:15:23.461 W/MountService(  374): getVolumeState(/mnt/emmc): Unknown volume
07-11 10:15:23.461 W/MountService(  374): getVolumeState(/mnt/extSdCard): Unknown volume
07-11 10:15:23.461 W/MountService(  374): getVolumeState(/mnt/sdcard/SD_CARD): Unknown volume
07-11 10:15:23.461 W/MountService(  374): getVolumeState(/mnt/sdcard/extra_sd): Unknown volume
07-11 10:15:23.461 W/MountService(  374): getVolumeState(/mnt/extrasd_bind): Unknown volume
07-11 10:15:23.461 W/MountService(  374): getVolumeState(/mnt/sdcard/ext_sd): Unknown volume
07-11 10:15:23.461 W/MountService(  374): getVolumeState(/storage/extSdCard): Unknown volume
07-11 10:15:23.469 W/MountService(  374): getVolumeState(/storage/sdcard1): Unknown volume
07-11 10:15:23.469 W/MountService(  374): getVolumeState(/mnt/sdcard/external_SD): Unknown volume
07-11 10:15:23.469 W/MountService(  374): getVolumeState(/mnt/sdcard/external_sd): Unknown volume
07-11 10:15:25.586 I/ActivityManager(  374): Start proc com.google.android.gms for broadcast com.google.android.gms/.games.receiver.GamesSystemBroadcastReceiver: pid=3171 uid=10009 gids={50009, 3003, 1007, 1028, 1015, 1006, 2001, 3006}
07-11 10:15:25.828 I/ActivityManager(  374): Start proc com.google.android.googlequicksearchbox for broadcast com.google.android.googlequicksearchbox/com.google.android.apps.sidekick.GmmLocationProviderImpl$GmmPackageWatcher: pid=3188 uid=10056 gids={50056, 3003, 1028, 1007, 3002, 1015}
07-11 10:15:26.242 I/ActivityManager(  374): Start proc com.pekall.emdm for broadcast com.pekall.emdm/.ApplicationReceiver: pid=3259 uid=10066 gids={50066, 1015, 3002, 3001, 3003, 1028}
07-11 10:15:26.476 I/ActivityManager(  374): Start proc com.qihoo360.mobilesafe:scan for service com.qihoo360.mobilesafe/com.qihoo.security.services.DeepScanService: pid=3276 uid=10072 gids={50072, 3003, 1015, 3001, 3002, 1006, 1028}
07-11 10:15:26.508 W/PackageParser(  833): No actions in intent filter at /storage/emulated/0/360Download/Pekall.apk Binary XML file line #685
07-11 10:15:26.703 W/PackageParser(  833): No actions in intent filter at /storage/emulated/0/Download/emmp.apk Binary XML file line #687
07-11 10:15:26.765 I/ActivityManager(  374): Start proc com.qihoo360.mobilesafe:engine for service com.qihoo360.mobilesafe/com.qihoo.security.services.ScanEngineService: pid=3300 uid=10072 gids={50072, 3003, 1015, 3001, 3002, 1006, 1028}
07-11 10:15:26.836 W/PackageParser(  833): No actions in intent filter at /storage/emulated/0/Download/emmp-1.apk Binary XML file line #687
07-11 10:15:26.992 W/PackageParser(  833): No actions in intent filter at /storage/emulated/0/360Download/Pekall.apk Binary XML file line #685
07-11 10:15:27.453 W/ActivityManager(  374): Unable to start service Intent { act=com.google.android.gms.analytics.service.START (has extras) } U=0: not found
07-11 10:15:27.890 I/ActivityManager(  374): Start proc com.noshufou.android.su for broadcast com.noshufou.android.su/.InstallReceiver: pid=3326 uid=10077 gids={50077, 3003, 1015, 1028}
07-11 10:15:28.297 W/ActivityManager(  374): Unable to start service Intent { cmp=com.pekall.emdm/com.pekall.semail.service.AttachmentDownloadService } U=0: not found
