07-14 15:47:54.713 D/dalvikvm(20411): GC_CONCURRENT freed 398K, 6% free 9198K/9712K, paused 3ms+2ms, total 28ms
07-14 15:47:54.729 D/dalvikvm(20397): GC_CONCURRENT freed 399K, 93% free 618K/8192K, paused 1ms+1ms, total 8ms
07-14 15:47:54.838 D/dalvikvm(20397): GC_CONCURRENT freed 399K, 93% free 618K/8192K, paused 1ms+1ms, total 8ms
07-14 15:47:54.955 D/dalvikvm(20397): GC_CONCURRENT freed 399K, 93% free 618K/8192K, paused 1ms+1ms, total 9ms
07-14 15:47:55.065 D/dalvikvm(20397): GC_CONCURRENT freed 399K, 93% free 618K/8192K, paused 0ms+1ms, total 11ms
07-14 15:47:55.182 D/dalvikvm(20397): GC_CONCURRENT freed 399K, 93% free 618K/8192K, paused 0ms+1ms, total 8ms
07-14 15:47:55.299 D/dalvikvm(20397): GC_CONCURRENT freed 399K, 93% free 618K/8192K, paused 0ms+1ms, total 7ms
07-14 15:47:55.401 D/dalvikvm(20411): GC_CONCURRENT freed 399K, 6% free 9198K/9712K, paused 2ms+3ms, total 27ms
07-14 15:47:55.416 D/dalvikvm(20397): GC_CONCURRENT freed 399K, 93% free 618K/8192K, paused 1ms+1ms, total 8ms
07-14 15:47:55.533 D/dalvikvm(20397): GC_CONCURRENT freed 399K, 93% free 618K/8192K, paused 0ms+1ms, total 8ms
07-14 15:47:55.643 D/dalvikvm(20397): GC_CONCURRENT freed 399K, 93% free 618K/8192K, paused 1ms+1ms, total 8ms
07-14 15:47:55.760 D/dalvikvm(20397): GC_CONCURRENT freed 399K, 93% free 618K/8192K, paused 0ms+1ms, total 7ms
07-14 15:47:55.869 D/dalvikvm(20397): GC_CONCURRENT freed 399K, 93% free 618K/8192K, paused 1ms+1ms, total 8ms
07-14 15:47:55.987 D/dalvikvm(20397): GC_CONCURRENT freed 399K, 93% free 618K/8192K, paused 0ms+1ms, total 8ms
07-14 15:47:56.080 D/dalvikvm(20411): GC_CONCURRENT freed 392K, 6% free 9199K/9712K, paused 3ms+2ms, total 26ms
07-14 15:47:56.104 D/dalvikvm(20397): GC_CONCURRENT freed 399K, 93% free 618K/8192K, paused 0ms+1ms, total 8ms
07-14 15:47:56.221 D/dalvikvm(20397): GC_CONCURRENT freed 399K, 93% free 618K/8192K, paused 1ms+1ms, total 8ms
07-14 15:47:56.330 D/dalvikvm(20397): GC_CONCURRENT freed 399K, 93% free 618K/8192K, paused 1ms+1ms, total 8ms
07-14 15:47:56.448 D/dalvikvm(20397): GC_CONCURRENT freed 399K, 93% free 618K/8192K, paused 1ms+1ms, total 8ms
07-14 15:47:56.557 D/dalvikvm(20397): GC_CONCURRENT freed 399K, 93% free 618K/8192K, paused 0ms+1ms, total 8ms
07-14 15:47:56.674 D/dalvikvm(20397): GC_CONCURRENT freed 399K, 93% free 618K/8192K, paused 1ms+1ms, total 8ms
07-14 15:47:56.783 D/dalvikvm(20411): GC_CONCURRENT freed 400K, 6% free 9204K/9712K, paused 3ms+2ms, total 49ms
07-14 15:47:56.807 D/dalvikvm(20397): GC_CONCURRENT freed 399K, 93% free 618K/8192K, paused 0ms+1ms, total 8ms
07-14 15:47:56.830 D/MdmService(14510): [null:-1]->receiver action :com.pekall.mdm.action.MDM_ALARM
07-14 15:47:56.830 D/MdmService(14510): [null:-1]->keepAliveWithPushServer client is opened:true
07-14 15:47:56.830 D/MDM :   (14510): [null:-1]->ping!!!!!!!!!
07-14 15:47:56.830 D/MdmService(14510): [null:-1]->pushUrl : ws://demo.everknow.cn:9030/websocket
07-14 15:47:56.830 D/MDM :   (14510): [null:-1]->mMdmPushClient is :not null
07-14 15:47:56.838 D/MDM :   (14510): [null:-1]->mMdmPushClient opened : opened
07-14 15:47:56.838 D/MDM :   (14510): [null:-1]->MSG_WEBSOCKET_PONG
07-14 15:47:56.932 D/dalvikvm(20397): GC_CONCURRENT freed 399K, 93% free 618K/8192K, paused 0ms+1ms, total 8ms
07-14 15:47:57.057 D/dalvikvm(20397): GC_CONCURRENT freed 399K, 93% free 618K/8192K, paused 0ms+1ms, total 9ms
07-14 15:47:57.174 D/dalvikvm(20397): GC_CONCURRENT freed 399K, 93% free 618K/8192K, paused 1ms+1ms, total 9ms
07-14 15:47:57.283 I/PowerManagerService(  374): Going to sleep due to screen timeout...
07-14 15:47:57.291 D/dalvikvm(20397): GC_CONCURRENT freed 399K, 93% free 618K/8192K, paused 1ms+1ms, total 8ms
07-14 15:47:57.299 I/PowerManagerService(  374): Waking up from sleep...
07-14 15:47:57.463 D/NfcService(  582): NFC-C OFF, disconnect
07-14 15:47:57.494 D/dalvikvm(  450): GC_CONCURRENT freed 1758K, 16% free 15921K/18752K, paused 3ms+22ms, total 116ms
07-14 15:47:57.580 D/dalvikvm( 2019): GC_FOR_ALLOC freed 313K, 7% free 9924K/10588K, paused 29ms, total 29ms
07-14 15:47:57.619 D/MDM :   (14510): [null:-1]->query
07-14 15:47:57.619 D/MDM :   (14510): [null:-1]->QUERY_SETTING_PIN_ONOFF
07-14 15:47:57.651 D/YouTube MDX(17593): Recieved intent android.intent.action.SCREEN_OFF
07-14 15:47:57.658 I/WindowManager(  374): No lock screen!
07-14 15:47:57.666 D/MdmApplication(14510): [null:-1]->onActivityStarted market.activity.AppListActivity , mActivityCount = 8
07-14 15:47:57.666 D/MDM :   (14510): [null:-1]->query
07-14 15:47:57.666 D/MDM :   (14510): [null:-1]->QUERY_PINCODE_CHECK_RESULT
07-14 15:47:57.815 D/dalvikvm(20411): GC_CONCURRENT freed 431K, 6% free 9203K/9712K, paused 2ms+4ms, total 45ms
07-14 15:47:57.823 D/LightsService(  374): Excessive delay setting light: 67ms
07-14 15:47:58.080 D/dalvikvm(  636): GC_FOR_ALLOC freed 1050K, 11% free 12669K/14120K, paused 143ms, total 144ms
07-14 15:47:58.096 D/LightsService(  374): Excessive delay setting light: 63ms
07-14 15:47:58.104 D/YouTube MDX(17593): Recieved intent android.intent.action.SCREEN_ON
07-14 15:47:58.135 V/DigitalWidgetViewsFactory(20248): DigitalWidget sets next alarm string to null
07-14 15:47:58.252 D/LightsService(  374): Excessive delay setting light: 97ms
07-14 15:47:58.416 D/AndroidRuntime(20455): 
07-14 15:47:58.416 D/AndroidRuntime(20455): >>>>>> AndroidRuntime START com.android.internal.os.RuntimeInit <<<<<<
07-14 15:47:58.416 D/AndroidRuntime(20455): CheckJNI is OFF
07-14 15:47:58.432 D/dalvikvm(20455): Trying to load lib libjavacore.so 0x0
07-14 15:47:58.440 D/dalvikvm(20455): Added shared lib libjavacore.so 0x0
07-14 15:47:58.455 D/dalvikvm(20455): Trying to load lib libnativehelper.so 0x0
07-14 15:47:58.455 D/dalvikvm(20455): Added shared lib libnativehelper.so 0x0
07-14 15:47:58.510 D/dalvikvm(20397): GC_CONCURRENT freed 406K, 93% free 618K/8192K, paused 1ms+4ms, total 13ms
07-14 15:47:58.573 D/NfcService(  582): NFC-C ON
07-14 15:47:58.651 D/dalvikvm(20397): GC_CONCURRENT freed 398K, 93% free 618K/8192K, paused 2ms+1ms, total 13ms
07-14 15:47:58.744 D/AndroidRuntime(20455): Calling main entry com.qihoo360.powerctl.root.app.App
07-14 15:47:58.744 D/AndroidRuntime(20455): Shutting down VM
07-14 15:47:58.744 D/dalvikvm(20455): GC_CONCURRENT freed 114K, 22% free 467K/592K, paused 0ms+1ms, total 3ms
07-14 15:47:58.752 I/AndroidRuntime(20455): NOTE: attach of thread 'Binder_1' failed
07-14 15:47:58.776 D/dalvikvm(20397): GC_CONCURRENT freed 400K, 93% free 616K/8192K, paused 2ms+1ms, total 8ms
07-14 15:47:58.893 D/dalvikvm(20397): GC_CONCURRENT freed 409K, 93% free 606K/8192K, paused 0ms+1ms, total 7ms
07-14 15:47:59.526 D/dalvikvm(20397): GC_CONCURRENT freed 381K, 93% free 629K/8192K, paused 1ms+1ms, total 10ms
07-14 15:47:59.643 D/dalvikvm(20397): GC_CONCURRENT freed 410K, 93% free 618K/8192K, paused 1ms+1ms, total 10ms
07-14 15:47:59.658 D/dalvikvm(20411): GC_CONCURRENT freed 407K, 6% free 9199K/9712K, paused 1ms+4ms, total 35ms
07-14 15:47:59.776 D/dalvikvm(20397): GC_CONCURRENT freed 382K, 93% free 635K/8192K, paused 1ms+1ms, total 18ms
07-14 15:47:59.885 D/dalvikvm(20397): GC_CONCURRENT freed 416K, 93% free 618K/8192K, paused 1ms+1ms, total 8ms
07-14 15:48:00.002 D/dalvikvm(20397): GC_CONCURRENT freed 399K, 93% free 618K/8192K, paused 1ms+1ms, total 10ms
07-14 15:48:00.127 D/dalvikvm(20397): GC_CONCURRENT freed 399K, 93% free 618K/8192K, paused 0ms+1ms, total 8ms
07-14 15:48:00.244 D/dalvikvm(20397): GC_CONCURRENT freed 401K, 93% free 619K/8192K, paused 2ms+0ms, total 9ms
07-14 15:48:00.369 D/dalvikvm(20397): GC_CONCURRENT freed 409K, 93% free 606K/8192K, paused 0ms+1ms, total 14ms
07-14 15:48:00.377 D/dalvikvm(20411): GC_CONCURRENT freed 398K, 6% free 9198K/9712K, paused 3ms+2ms, total 33ms
07-14 15:48:00.479 D/dalvikvm(20397): GC_CONCURRENT freed 399K, 93% free 606K/8192K, paused 1ms+1ms, total 7ms
07-14 15:48:00.596 D/dalvikvm(20397): GC_CONCURRENT freed 387K, 93% free 618K/8192K, paused 1ms+1ms, total 7ms
07-14 15:48:00.721 D/dalvikvm(20397): GC_CONCURRENT freed 411K, 93% free 606K/8192K, paused 2ms+1ms, total 11ms
07-14 15:48:00.838 D/dalvikvm(20397): GC_CONCURRENT freed 387K, 93% free 618K/8192K, paused 1ms+2ms, total 8ms
07-14 15:48:00.955 D/dalvikvm(20397): GC_CONCURRENT freed 399K, 93% free 618K/8192K, paused 0ms+1ms, total 8ms
07-14 15:48:01.065 D/dalvikvm(20397): GC_CONCURRENT freed 399K, 93% free 618K/8192K, paused 1ms+1ms, total 8ms
07-14 15:48:01.088 D/dalvikvm(20411): GC_CONCURRENT freed 395K, 6% free 9209K/9712K, paused 2ms+5ms, total 47ms
07-14 15:48:01.190 D/dalvikvm(20397): GC_CONCURRENT freed 399K, 93% free 618K/8192K, paused 0ms+1ms, total 7ms
07-14 15:48:01.299 D/dalvikvm(20397): GC_CONCURRENT freed 399K, 93% free 618K/8192K, paused 1ms+1ms, total 8ms
07-14 15:48:01.416 D/dalvikvm(20397): GC_CONCURRENT freed 399K, 93% free 618K/8192K, paused 1ms+1ms, total 8ms
07-14 15:48:01.533 D/dalvikvm(20397): GC_CONCURRENT freed 399K, 93% free 618K/8192K, paused 1ms+1ms, total 8ms
07-14 15:48:01.651 D/dalvikvm(20397): GC_CONCURRENT freed 399K, 93% free 618K/8192K, paused 2ms+1ms, total 9ms
07-14 15:48:01.760 D/dalvikvm(20397): GC_CONCURRENT freed 399K, 93% free 618K/8192K, paused 1ms+1ms, total 8ms
07-14 15:48:01.791 D/dalvikvm(20411): GC_CONCURRENT freed 410K, 6% free 9199K/9712K, paused 2ms+2ms, total 46ms
07-14 15:48:01.893 D/dalvikvm(20397): GC_CONCURRENT freed 399K, 93% free 618K/8192K, paused 1ms+1ms, total 8ms
07-14 15:48:02.002 D/dalvikvm(20397): GC_CONCURRENT freed 399K, 93% free 618K/8192K, paused 0ms+1ms, total 8ms
07-14 15:48:02.119 D/dalvikvm(20397): GC_CONCURRENT freed 411K, 93% free 606K/8192K, paused 0ms+0ms, total 8ms
07-14 15:48:02.244 D/dalvikvm(20397): GC_CONCURRENT freed 369K, 93% free 636K/8192K, paused 2ms+1ms, total 10ms
07-14 15:48:02.369 D/dalvikvm(20397): GC_CONCURRENT freed 417K, 93% free 618K/8192K, paused 1ms+1ms, total 8ms
07-14 15:48:02.479 D/dalvikvm(20397): GC_CONCURRENT freed 399K, 93% free 618K/8192K, paused 1ms+1ms, total 8ms
07-14 15:48:02.518 D/dalvikvm(20411): GC_CONCURRENT freed 395K, 6% free 9199K/9712K, paused 3ms+18ms, total 42ms
07-14 15:48:02.627 D/dalvikvm(20397): GC_CONCURRENT freed 399K, 93% free 618K/8192K, paused 1ms+1ms, total 8ms
07-14 15:48:02.744 D/dalvikvm(20397): GC_CONCURRENT freed 399K, 93% free 618K/8192K, paused 0ms+1ms, total 8ms
07-14 15:48:02.854 D/dalvikvm(20397): GC_CONCURRENT freed 399K, 93% free 618K/8192K, paused 1ms+1ms, total 8ms
07-14 15:48:02.971 D/dalvikvm(20397): GC_CONCURRENT freed 411K, 93% free 606K/8192K, paused 1ms+0ms, total 8ms
07-14 15:48:03.080 D/dalvikvm(20397): GC_CONCURRENT freed 387K, 93% free 618K/8192K, paused 0ms+1ms, total 7ms
07-14 15:48:03.221 D/dalvikvm(20397): GC_CONCURRENT freed 399K, 93% free 618K/8192K, paused 0ms+1ms, total 13ms
07-14 15:48:03.221 D/dalvikvm(20411): GC_CONCURRENT freed 397K, 6% free 9198K/9712K, paused 3ms+2ms, total 37ms
07-14 15:48:03.330 D/dalvikvm(20397): GC_CONCURRENT freed 399K, 93% free 618K/8192K, paused 1ms+1ms, total 8ms
07-14 15:48:03.440 D/dalvikvm(20397): GC_CONCURRENT freed 399K, 93% free 618K/8192K, paused 1ms+1ms, total 8ms
07-14 15:48:03.557 D/dalvikvm(20397): GC_CONCURRENT freed 399K, 93% free 618K/8192K, paused 1ms+1ms, total 8ms
07-14 15:48:03.666 D/dalvikvm(20397): GC_CONCURRENT freed 399K, 93% free 618K/8192K, paused 0ms+1ms, total 8ms
07-14 15:48:03.783 D/dalvikvm(20397): GC_CONCURRENT freed 399K, 93% free 618K/8192K, paused 1ms+1ms, total 8ms
07-14 15:48:03.901 D/dalvikvm(20397): GC_CONCURRENT freed 399K, 93% free 618K/8192K, paused 1ms+1ms, total 10ms
07-14 15:48:03.908 D/dalvikvm(20411): GC_CONCURRENT freed 397K, 6% free 9200K/9712K, paused 2ms+3ms, total 39ms
07-14 15:48:04.018 D/dalvikvm(20397): GC_CONCURRENT freed 399K, 93% free 618K/8192K, paused 0ms+1ms, total 8ms
07-14 15:48:04.135 D/dalvikvm(20397): GC_CONCURRENT freed 399K, 93% free 618K/8192K, paused 1ms+1ms, total 8ms
07-14 15:48:04.252 D/dalvikvm(20397): GC_CONCURRENT freed 399K, 93% free 618K/8192K, paused 0ms+1ms, total 7ms
07-14 15:48:04.362 D/dalvikvm(20397): GC_CONCURRENT freed 399K, 93% free 618K/8192K, paused 1ms+1ms, total 8ms
07-14 15:48:04.471 D/dalvikvm(20397): GC_CONCURRENT freed 399K, 93% free 618K/8192K, paused 1ms+1ms, total 8ms
07-14 15:48:04.604 D/dalvikvm(20397): GC_CONCURRENT freed 399K, 93% free 618K/8192K, paused 0ms+1ms, total 8ms
07-14 15:48:04.604 D/dalvikvm(20411): GC_CONCURRENT freed 396K, 6% free 9196K/9712K, paused 3ms+2ms, total 33ms
07-14 15:48:04.721 D/dalvikvm(20397): GC_CONCURRENT freed 399K, 93% free 618K/8192K, paused 0ms+1ms, total 8ms
07-14 15:48:04.838 D/dalvikvm(20397): GC_CONCURRENT freed 399K, 93% free 618K/8192K, paused 0ms+1ms, total 7ms
07-14 15:48:04.948 D/dalvikvm(20397): GC_CONCURRENT freed 399K, 93% free 618K/8192K, paused 0ms+1ms, total 8ms
07-14 15:48:05.065 D/dalvikvm(20397): GC_CONCURRENT freed 399K, 93% free 618K/8192K, paused 1ms+1ms, total 8ms
07-14 15:48:05.174 D/dalvikvm(20397): GC_CONCURRENT freed 399K, 93% free 618K/8192K, paused 1ms+1ms, total 8ms
07-14 15:48:05.283 D/dalvikvm(20411): GC_CONCURRENT freed 392K, 6% free 9200K/9712K, paused 1ms+3ms, total 27ms
07-14 15:48:05.299 D/dalvikvm(20397): GC_CONCURRENT freed 399K, 93% free 618K/8192K, paused 1ms+1ms, total 8ms
07-14 15:48:05.416 D/dalvikvm(20397): GC_CONCURRENT freed 399K, 93% free 618K/8192K, paused 0ms+1ms, total 8ms
07-14 15:48:05.526 D/dalvikvm(20397): GC_CONCURRENT freed 399K, 93% free 618K/8192K, paused 0ms+1ms, total 7ms
07-14 15:48:05.643 D/dalvikvm(20397): GC_CONCURRENT freed 399K, 93% free 618K/8192K, paused 1ms+1ms, total 8ms
07-14 15:48:05.752 D/dalvikvm(20397): GC_CONCURRENT freed 399K, 93% free 618K/8192K, paused 0ms+1ms, total 8ms
07-14 15:48:05.869 D/dalvikvm(20397): GC_CONCURRENT freed 399K, 93% free 618K/8192K, paused 1ms+1ms, total 8ms
07-14 15:48:05.971 D/dalvikvm(20411): GC_CONCURRENT freed 399K, 6% free 9198K/9712K, paused 2ms+1ms, total 26ms
07-14 15:48:05.994 D/dalvikvm(20397): GC_CONCURRENT freed 399K, 93% free 618K/8192K, paused 1ms+1ms, total 9ms
07-14 15:48:06.104 D/dalvikvm(20397): GC_CONCURRENT freed 399K, 93% free 618K/8192K, paused 0ms+1ms, total 8ms
07-14 15:48:06.221 D/dalvikvm(20397): GC_CONCURRENT freed 399K, 93% free 618K/8192K, paused 0ms+1ms, total 8ms
07-14 15:48:06.330 D/dalvikvm(20397): GC_CONCURRENT freed 399K, 93% free 618K/8192K, paused 0ms+1ms, total 8ms
07-14 15:48:06.440 D/dalvikvm(20397): GC_CONCURRENT freed 399K, 93% free 618K/8192K, paused 1ms+1ms, total 8ms
07-14 15:48:06.557 D/dalvikvm(20397): GC_CONCURRENT freed 399K, 93% free 618K/8192K, paused 0ms+1ms, total 8ms
07-14 15:48:06.651 D/dalvikvm(20411): GC_CONCURRENT freed 392K, 6% free 9199K/9712K, paused 3ms+3ms, total 25ms
07-14 15:48:06.682 D/dalvikvm(20397): GC_CONCURRENT freed 399K, 93% free 618K/8192K, paused 0ms+1ms, total 8ms
07-14 15:48:06.791 D/dalvikvm(20397): GC_CONCURRENT freed 381K, 93% free 621K/8192K, paused 1ms+1ms, total 8ms
07-14 15:48:06.916 D/dalvikvm(20397): GC_CONCURRENT freed 418K, 93% free 617K/8192K, paused 1ms+1ms, total 9ms
07-14 15:48:07.033 D/dalvikvm(20397): GC_CONCURRENT freed 398K, 93% free 618K/8192K, paused 1ms+1ms, total 9ms
07-14 15:48:07.143 D/dalvikvm(20397): GC_CONCURRENT freed 399K, 93% free 618K/8192K, paused 0ms+1ms, total 8ms
07-14 15:48:07.260 D/dalvikvm(20397): GC_CONCURRENT freed 399K, 93% free 618K/8192K, paused 0ms+1ms, total 8ms
07-14 15:48:07.354 D/dalvikvm(20411): GC_CONCURRENT freed 399K, 6% free 9199K/9712K, paused 2ms+2ms, total 26ms
07-14 15:48:07.377 D/dalvikvm(20397): GC_CONCURRENT freed 399K, 93% free 618K/8192K, paused 0ms+1ms, total 8ms
07-14 15:48:07.494 D/dalvikvm(20397): GC_CONCURRENT freed 399K, 93% free 618K/8192K, paused 0ms+1ms, total 8ms
07-14 15:48:07.604 D/dalvikvm(20397): GC_CONCURRENT freed 399K, 93% free 618K/8192K, paused 1ms+1ms, total 8ms
07-14 15:48:07.721 D/dalvikvm(20397): GC_CONCURRENT freed 399K, 93% free 618K/8192K, paused 1ms+2ms, total 9ms
07-14 15:48:07.838 D/dalvikvm(20397): GC_CONCURRENT freed 399K, 93% free 618K/8192K, paused 0ms+1ms, total 8ms
07-14 15:48:07.955 D/dalvikvm(20397): GC_CONCURRENT freed 399K, 93% free 618K/8192K, paused 0ms+1ms, total 8ms
07-14 15:48:08.049 D/dalvikvm(20411): GC_CONCURRENT freed 399K, 6% free 9199K/9712K, paused 3ms+3ms, total 28ms
07-14 15:48:08.073 D/dalvikvm(20397): GC_CONCURRENT freed 399K, 93% free 618K/8192K, paused 0ms+1ms, total 8ms
07-14 15:48:08.190 D/dalvikvm(20397): GC_CONCURRENT freed 399K, 93% free 618K/8192K, paused 1ms+2ms, total 8ms
07-14 15:48:08.299 D/dalvikvm(20397): GC_CONCURRENT freed 399K, 93% free 618K/8192K, paused 1ms+1ms, total 8ms
07-14 15:48:08.408 D/dalvikvm(20397): GC_CONCURRENT freed 399K, 93% free 618K/8192K, paused 1ms+0ms, total 8ms
07-14 15:48:08.526 D/dalvikvm(20397): GC_CONCURRENT freed 399K, 93% free 618K/8192K, paused 0ms+1ms, total 8ms
07-14 15:48:08.635 D/dalvikvm(20397): GC_CONCURRENT freed 399K, 93% free 618K/8192K, paused 0ms+1ms, total 9ms
07-14 15:48:08.729 D/dalvikvm(20411): GC_CONCURRENT freed 402K, 6% free 9199K/9712K, paused 3ms+2ms, total 31ms
07-14 15:48:08.760 D/dalvikvm(20397): GC_CONCURRENT freed 400K, 93% free 616K/8192K, paused 2ms+1ms, total 9ms
07-14 15:48:08.869 D/dalvikvm(20397): GC_CONCURRENT freed 397K, 93% free 618K/8192K, paused 0ms+1ms, total 7ms
07-14 15:48:08.987 D/dalvikvm(20397): GC_CONCURRENT freed 399K, 93% free 618K/8192K, paused 0ms+1ms, total 8ms
07-14 15:48:09.096 D/dalvikvm(20397): GC_CONCURRENT freed 399K, 93% free 618K/8192K, paused 0ms+1ms, total 7ms
07-14 15:48:09.213 D/dalvikvm(20397): GC_CONCURRENT freed 399K, 93% free 618K/8192K, paused 1ms+1ms, total 8ms
07-14 15:48:09.323 D/dalvikvm(20397): GC_CONCURRENT freed 399K, 93% free 618K/8192K, paused 1ms+1ms, total 8ms
07-14 15:48:09.416 D/dalvikvm(20411): GC_CONCURRENT freed 397K, 6% free 9198K/9712K, paused 3ms+3ms, total 27ms
07-14 15:48:09.448 D/dalvikvm(20397): GC_CONCURRENT freed 399K, 93% free 618K/8192K, paused 0ms+1ms, total 8ms
07-14 15:48:09.557 D/dalvikvm(20397): GC_CONCURRENT freed 399K, 93% free 618K/8192K, paused 1ms+1ms, total 8ms
07-14 15:48:09.674 D/dalvikvm(20397): GC_CONCURRENT freed 399K, 93% free 618K/8192K, paused 1ms+1ms, total 8ms
07-14 15:48:09.791 D/dalvikvm(20397): GC_CONCURRENT freed 399K, 93% free 618K/8192K, paused 0ms+1ms, total 8ms
07-14 15:48:09.901 D/dalvikvm(20397): GC_CONCURRENT freed 399K, 93% free 618K/8192K, paused 1ms+1ms, total 8ms
07-14 15:48:10.018 D/dalvikvm(20397): GC_CONCURRENT freed 399K, 93% free 618K/8192K, paused 0ms+1ms, total 8ms
07-14 15:48:10.112 D/dalvikvm(20411): GC_CONCURRENT freed 394K, 6% free 9199K/9712K, paused 3ms+2ms, total 31ms
07-14 15:48:10.151 D/dalvikvm(20397): GC_CONCURRENT freed 399K, 93% free 618K/8192K, paused 0ms+1ms, total 8ms
07-14 15:48:10.268 D/dalvikvm(20397): GC_CONCURRENT freed 399K, 93% free 618K/8192K, paused 0ms+1ms, total 8ms
07-14 15:48:10.377 D/dalvikvm(20397): GC_CONCURRENT freed 399K, 93% free 618K/8192K, paused 0ms+1ms, total 8ms
07-14 15:48:10.487 D/dalvikvm(20397): GC_CONCURRENT freed 399K, 93% free 618K/8192K, paused 1ms+1ms, total 8ms
07-14 15:48:10.604 D/dalvikvm(20397): GC_CONCURRENT freed 399K, 93% free 618K/8192K, paused 0ms+1ms, total 7ms
07-14 15:48:10.729 D/dalvikvm(20397): GC_CONCURRENT freed 399K, 93% free 618K/8192K, paused 1ms+1ms, total 8ms
07-14 15:48:10.815 D/dalvikvm(20411): GC_CONCURRENT freed 391K, 6% free 9204K/9712K, paused 2ms+5ms, total 36ms
07-14 15:48:10.862 D/dalvikvm(20397): GC_CONCURRENT freed 399K, 93% free 618K/8192K, paused 0ms+1ms, total 8ms
07-14 15:48:10.971 D/dalvikvm(20397): GC_CONCURRENT freed 399K, 93% free 618K/8192K, paused 1ms+0ms, total 8ms
07-14 15:48:11.088 D/dalvikvm(20397): GC_CONCURRENT freed 399K, 93% free 618K/8192K, paused 1ms+1ms, total 8ms
07-14 15:48:11.205 D/dalvikvm(20397): GC_CONCURRENT freed 399K, 93% free 618K/8192K, paused 0ms+1ms, total 8ms
07-14 15:48:11.315 D/dalvikvm(20397): GC_CONCURRENT freed 399K, 93% free 618K/8192K, paused 1ms+1ms, total 9ms
07-14 15:48:11.432 D/dalvikvm(20397): GC_CONCURRENT freed 399K, 93% free 618K/8192K, paused 0ms+1ms, total 8ms
07-14 15:48:11.510 D/dalvikvm(20411): GC_CONCURRENT freed 399K, 6% free 9198K/9712K, paused 3ms+2ms, total 33ms
07-14 15:48:11.565 D/dalvikvm(20397): GC_CONCURRENT freed 399K, 93% free 618K/8192K, paused 0ms+1ms, total 8ms
07-14 15:48:11.682 D/dalvikvm(20397): GC_CONCURRENT freed 399K, 93% free 618K/8192K, paused 1ms+1ms, total 8ms
07-14 15:48:11.791 D/dalvikvm(20397): GC_CONCURRENT freed 399K, 93% free 618K/8192K, paused 1ms+1ms, total 8ms
07-14 15:48:11.901 D/dalvikvm(20397): GC_CONCURRENT freed 399K, 93% free 618K/8192K, paused 0ms+1ms, total 7ms
07-14 15:48:12.018 D/dalvikvm(20397): GC_CONCURRENT freed 399K, 93% free 618K/8192K, paused 0ms+1ms, total 8ms
07-14 15:48:12.127 D/dalvikvm(20397): GC_CONCURRENT freed 399K, 93% free 618K/8192K, paused 1ms+1ms, total 8ms
07-14 15:48:12.198 D/dalvikvm(20411): GC_CONCURRENT freed 391K, 6% free 9200K/9712K, paused 3ms+2ms, total 24ms
07-14 15:48:12.268 D/dalvikvm(20397): GC_CONCURRENT freed 399K, 93% free 618K/8192K, paused 1ms+1ms, total 8ms
07-14 15:48:12.377 D/dalvikvm(20397): GC_CONCURRENT freed 399K, 93% free 618K/8192K, paused 0ms+1ms, total 8ms
07-14 15:48:12.487 D/dalvikvm(20397): GC_CONCURRENT freed 399K, 93% free 618K/8192K, paused 1ms+1ms, total 8ms
07-14 15:48:12.604 D/dalvikvm(20397): GC_CONCURRENT freed 399K, 93% free 618K/8192K, paused 0ms+1ms, total 8ms
07-14 15:48:12.713 D/dalvikvm(20397): GC_CONCURRENT freed 401K, 93% free 618K/8192K, paused 2ms+1ms, total 9ms
07-14 15:48:12.830 D/dalvikvm(20397): GC_CONCURRENT freed 397K, 93% free 618K/8192K, paused 0ms+1ms, total 7ms
07-14 15:48:12.885 D/dalvikvm(20411): GC_CONCURRENT freed 396K, 6% free 9197K/9712K, paused 3ms+3ms, total 25ms
07-14 15:48:12.955 D/dalvikvm(20397): GC_CONCURRENT freed 399K, 93% free 618K/8192K, paused 1ms+1ms, total 8ms
07-14 15:48:13.073 D/dalvikvm(20397): GC_CONCURRENT freed 399K, 93% free 618K/8192K, paused 1ms+1ms, total 8ms
07-14 15:48:13.190 D/dalvikvm(20397): GC_CONCURRENT freed 399K, 93% free 618K/8192K, paused 1ms+1ms, total 8ms
07-14 15:48:13.307 D/dalvikvm(20397): GC_CONCURRENT freed 399K, 93% free 618K/8192K, paused 1ms+1ms, total 8ms
07-14 15:48:13.424 D/dalvikvm(20397): GC_CONCURRENT freed 399K, 93% free 618K/8192K, paused 0ms+1ms, total 7ms
07-14 15:48:13.533 D/dalvikvm(20397): GC_CONCURRENT freed 399K, 93% free 618K/8192K, paused 0ms+1ms, total 8ms
07-14 15:48:13.580 D/dalvikvm(20411): GC_CONCURRENT freed 389K, 6% free 9200K/9712K, paused 3ms+4ms, total 28ms
07-14 15:48:13.651 D/dalvikvm(  563): GC_CONCURRENT freed 467K, 7% free 10262K/10992K, paused 19ms+15ms, total 80ms
07-14 15:48:13.674 D/dalvikvm(20397): GC_CONCURRENT freed 401K, 93% free 619K/8192K, paused 2ms+1ms, total 9ms
07-14 15:48:13.783 D/dalvikvm(20397): GC_CONCURRENT freed 383K, 93% free 619K/8192K, paused 2ms+1ms, total 8ms
07-14 15:48:13.901 D/dalvikvm(20397): GC_CONCURRENT freed 414K, 93% free 617K/8192K, paused 1ms+1ms, total 8ms
07-14 15:48:14.018 D/dalvikvm(20397): GC_CONCURRENT freed 398K, 93% free 618K/8192K, paused 1ms+1ms, total 8ms
07-14 15:48:14.127 D/dalvikvm(20397): GC_CONCURRENT freed 399K, 93% free 618K/8192K, paused 0ms+1ms, total 7ms
07-14 15:48:14.244 D/dalvikvm(20397): GC_CONCURRENT freed 399K, 93% free 618K/8192K, paused 2ms+1ms, total 9ms
07-14 15:48:14.276 D/dalvikvm(20411): GC_CONCURRENT freed 396K, 6% free 9200K/9712K, paused 3ms+2ms, total 30ms
07-14 15:48:14.369 D/dalvikvm(20397): GC_CONCURRENT freed 399K, 93% free 618K/8192K, paused 1ms+2ms, total 8ms
07-14 15:48:14.487 D/dalvikvm(20397): GC_CONCURRENT freed 399K, 93% free 618K/8192K, paused 1ms+1ms, total 8ms
07-14 15:48:14.596 D/dalvikvm(20397): GC_CONCURRENT freed 399K, 93% free 618K/8192K, paused 1ms+1ms, total 8ms
07-14 15:48:14.713 D/dalvikvm(20397): GC_CONCURRENT freed 399K, 93% free 618K/8192K, paused 0ms+1ms, total 7ms
07-14 15:48:14.830 D/dalvikvm(20397): GC_CONCURRENT freed 399K, 93% free 618K/8192K, paused 1ms+1ms, total 8ms
07-14 15:48:14.940 D/dalvikvm(20397): GC_CONCURRENT freed 399K, 93% free 618K/8192K, paused 1ms+1ms, total 8ms
07-14 15:48:14.963 D/dalvikvm(20411): GC_CONCURRENT freed 395K, 6% free 9201K/9712K, paused 3ms+3ms, total 27ms
07-14 15:48:15.065 D/dalvikvm(20397): GC_CONCURRENT freed 399K, 93% free 618K/8192K, paused 1ms+1ms, total 7ms
07-14 15:48:15.182 D/dalvikvm(20397): GC_CONCURRENT freed 399K, 93% free 618K/8192K, paused 1ms+1ms, total 8ms
07-14 15:48:15.299 D/dalvikvm(20397): GC_CONCURRENT freed 399K, 93% free 618K/8192K, paused 1ms+1ms, total 8ms
07-14 15:48:15.408 D/dalvikvm(20397): GC_CONCURRENT freed 399K, 93% free 618K/8192K, paused 0ms+1ms, total 8ms
07-14 15:48:15.518 D/dalvikvm(20397): GC_CONCURRENT freed 399K, 93% free 618K/8192K, paused 0ms+1ms, total 7ms
07-14 15:48:15.635 D/dalvikvm(20397): GC_CONCURRENT freed 399K, 93% free 618K/8192K, paused 1ms+1ms, total 8ms
07-14 15:48:15.643 D/dalvikvm(20411): GC_CONCURRENT freed 392K, 6% free 9202K/9712K, paused 3ms+3ms, total 27ms
07-14 15:48:15.760 D/dalvikvm(20397): GC_CONCURRENT freed 399K, 93% free 618K/8192K, paused 0ms+1ms, total 7ms
07-14 15:48:15.869 D/dalvikvm(20397): GC_CONCURRENT freed 399K, 93% free 618K/8192K, paused 1ms+1ms, total 8ms
07-14 15:48:15.979 D/dalvikvm(20397): GC_CONCURRENT freed 399K, 93% free 618K/8192K, paused 1ms+1ms, total 7ms
07-14 15:48:16.096 D/dalvikvm(20397): GC_CONCURRENT freed 399K, 93% free 618K/8192K, paused 1ms+1ms, total 8ms
07-14 15:48:16.205 D/dalvikvm(20397): GC_CONCURRENT freed 399K, 93% free 618K/8192K, paused 1ms+1ms, total 8ms
07-14 15:48:16.323 D/dalvikvm(20411): GC_CONCURRENT freed 397K, 6% free 9198K/9712K, paused 3ms+3ms, total 33ms
07-14 15:48:16.330 D/dalvikvm(20397): GC_CONCURRENT freed 411K, 93% free 606K/8192K, paused 0ms+1ms, total 7ms
07-14 15:48:16.448 D/dalvikvm(20397): GC_CONCURRENT freed 387K, 93% free 618K/8192K, paused 1ms+1ms, total 8ms
07-14 15:48:16.557 D/dalvikvm(20397): GC_CONCURRENT freed 399K, 93% free 618K/8192K, paused 0ms+1ms, total 7ms
07-14 15:48:16.666 D/dalvikvm(20397): GC_CONCURRENT freed 399K, 93% free 618K/8192K, paused 0ms+1ms, total 7ms
07-14 15:48:16.783 D/dalvikvm(20397): GC_CONCURRENT freed 399K, 93% free 618K/8192K, paused 1ms+1ms, total 8ms
07-14 15:48:16.893 D/dalvikvm(20397): GC_CONCURRENT freed 399K, 93% free 618K/8192K, paused 0ms+1ms, total 8ms
07-14 15:48:17.018 D/dalvikvm(20397): GC_CONCURRENT freed 399K, 93% free 618K/8192K, paused 1ms+1ms, total 8ms
07-14 15:48:17.018 D/dalvikvm(20411): GC_CONCURRENT freed 401K, 6% free 9202K/9712K, paused 3ms+12ms, total 42ms
07-14 15:48:17.127 D/dalvikvm(20397): GC_CONCURRENT freed 399K, 93% free 618K/8192K, paused 0ms+1ms, total 7ms
07-14 15:48:17.244 D/dalvikvm(20397): GC_CONCURRENT freed 399K, 93% free 618K/8192K, paused 0ms+1ms, total 8ms
07-14 15:48:17.354 D/dalvikvm(20397): GC_CONCURRENT freed 399K, 93% free 618K/8192K, paused 1ms+1ms, total 8ms
07-14 15:48:17.463 D/dalvikvm(20397): GC_CONCURRENT freed 399K, 93% free 618K/8192K, paused 1ms+1ms, total 8ms
07-14 15:48:17.573 D/dalvikvm(20397): GC_CONCURRENT freed 399K, 93% free 618K/8192K, paused 0ms+1ms, total 7ms
07-14 15:48:17.698 D/dalvikvm(20397): GC_CONCURRENT freed 399K, 93% free 618K/8192K, paused 0ms+1ms, total 8ms
07-14 15:48:17.698 D/dalvikvm(20411): GC_CONCURRENT freed 399K, 6% free 9197K/9712K, paused 3ms+2ms, total 33ms
07-14 15:48:17.815 D/dalvikvm(20397): GC_CONCURRENT freed 399K, 93% free 618K/8192K, paused 1ms+1ms, total 7ms
07-14 15:48:17.924 D/dalvikvm(20397): GC_CONCURRENT freed 401K, 93% free 618K/8192K, paused 1ms+1ms, total 8ms
07-14 15:48:18.033 D/dalvikvm(20397): GC_CONCURRENT freed 397K, 93% free 618K/8192K, paused 1ms+1ms, total 8ms
07-14 15:48:18.151 D/dalvikvm(20397): GC_CONCURRENT freed 399K, 93% free 618K/8192K, paused 1ms+1ms, total 8ms
07-14 15:48:18.260 D/dalvikvm(20397): GC_CONCURRENT freed 399K, 93% free 618K/8192K, paused 0ms+1ms, total 7ms
07-14 15:48:18.377 D/dalvikvm(20411): GC_CONCURRENT freed 391K, 6% free 9205K/9712K, paused 3ms+12ms, total 34ms
07-14 15:48:18.385 D/dalvikvm(20397): GC_CONCURRENT freed 399K, 93% free 618K/8192K, paused 1ms+1ms, total 8ms
07-14 15:48:18.502 D/dalvikvm(20397): GC_CONCURRENT freed 401K, 93% free 617K/8192K, paused 2ms+1ms, total 9ms
07-14 15:48:18.612 D/dalvikvm(20397): GC_CONCURRENT freed 409K, 93% free 606K/8192K, paused 1ms+1ms, total 8ms
07-14 15:48:18.729 D/dalvikvm(20397): GC_CONCURRENT freed 399K, 93% free 606K/8192K, paused 1ms+1ms, total 7ms
07-14 15:48:18.854 D/dalvikvm(20397): GC_CONCURRENT freed 387K, 93% free 618K/8192K, paused 0ms+1ms, total 8ms
07-14 15:48:18.971 D/dalvikvm(20397): GC_CONCURRENT freed 399K, 93% free 618K/8192K, paused 1ms+1ms, total 8ms
07-14 15:48:19.080 D/dalvikvm(20411): GC_CONCURRENT freed 399K, 6% free 9199K/9712K, paused 2ms+3ms, total 30ms
07-14 15:48:19.096 D/dalvikvm(20397): GC_CONCURRENT freed 399K, 93% free 618K/8192K, paused 0ms+1ms, total 8ms
07-14 15:48:19.205 D/dalvikvm(20397): GC_CONCURRENT freed 399K, 93% free 618K/8192K, paused 1ms+1ms, total 8ms
07-14 15:48:19.323 D/dalvikvm(20397): GC_CONCURRENT freed 399K, 93% free 618K/8192K, paused 1ms+1ms, total 8ms
07-14 15:48:19.432 D/dalvikvm(20397): GC_CONCURRENT freed 399K, 93% free 618K/8192K, paused 0ms+1ms, total 7ms
07-14 15:48:19.541 D/dalvikvm(20397): GC_CONCURRENT freed 399K, 93% free 618K/8192K, paused 1ms+1ms, total 8ms
07-14 15:48:19.658 D/dalvikvm(20397): GC_CONCURRENT freed 399K, 93% free 618K/8192K, paused 0ms+1ms, total 9ms
07-14 15:48:19.760 D/dalvikvm(20411): GC_CONCURRENT freed 394K, 6% free 9197K/9712K, paused 3ms+2ms, total 31ms
07-14 15:48:19.791 D/dalvikvm(20397): GC_CONCURRENT freed 399K, 93% free 618K/8192K, paused 1ms+1ms, total 8ms
07-14 15:48:19.901 D/dalvikvm(20397): GC_CONCURRENT freed 399K, 93% free 618K/8192K, paused 1ms+1ms, total 7ms
07-14 15:48:20.010 D/dalvikvm(20397): GC_CONCURRENT freed 399K, 93% free 618K/8192K, paused 0ms+1ms, total 7ms
07-14 15:48:20.119 D/dalvikvm(20397): GC_CONCURRENT freed 399K, 93% free 618K/8192K, paused 0ms+1ms, total 7ms
07-14 15:48:20.229 D/dalvikvm(20397): GC_CONCURRENT freed 399K, 93% free 618K/8192K, paused 1ms+1ms, total 7ms
07-14 15:48:20.346 D/dalvikvm(20397): GC_CONCURRENT freed 399K, 93% free 618K/8192K, paused 0ms+1ms, total 8ms
07-14 15:48:20.424 D/dalvikvm(20411): GC_CONCURRENT freed 392K, 6% free 9200K/9712K, paused 2ms+2ms, total 27ms
07-14 15:48:20.463 D/dalvikvm(20397): GC_CONCURRENT freed 399K, 93% free 618K/8192K, paused 1ms+1ms, total 8ms
07-14 15:48:20.573 D/dalvikvm(20397): GC_CONCURRENT freed 399K, 93% free 618K/8192K, paused 1ms+1ms, total 7ms
07-14 15:48:20.690 D/dalvikvm(20397): GC_CONCURRENT freed 399K, 93% free 618K/8192K, paused 0ms+1ms, total 8ms
07-14 15:48:20.799 D/dalvikvm(20397): GC_CONCURRENT freed 399K, 93% free 618K/8192K, paused 0ms+1ms, total 7ms
07-14 15:48:20.908 D/dalvikvm(20397): GC_CONCURRENT freed 399K, 93% free 618K/8192K, paused 1ms+1ms, total 8ms
07-14 15:48:21.018 D/dalvikvm(20397): GC_CONCURRENT freed 399K, 93% free 618K/8192K, paused 0ms+1ms, total 7ms
07-14 15:48:21.112 D/dalvikvm(20411): GC_CONCURRENT freed 392K, 6% free 9204K/9712K, paused 3ms+4ms, total 38ms
07-14 15:48:21.158 D/dalvikvm(20397): GC_CONCURRENT freed 399K, 93% free 618K/8192K, paused 0ms+1ms, total 8ms
07-14 15:48:21.268 D/dalvikvm(20397): GC_CONCURRENT freed 399K, 93% free 618K/8192K, paused 1ms+1ms, total 8ms
07-14 15:48:21.385 D/dalvikvm(20397): GC_CONCURRENT freed 399K, 93% free 618K/8192K, paused 1ms+1ms, total 7ms
07-14 15:48:21.487 D/LightsService(  374): Excessive delay setting light: 74ms
07-14 15:48:21.510 D/dalvikvm(20397): GC_CONCURRENT freed 399K, 93% free 618K/8192K, paused 0ms+1ms, total 7ms
07-14 15:48:21.619 D/dalvikvm(20397): GC_CONCURRENT freed 399K, 93% free 618K/8192K, paused 0ms+1ms, total 7ms
07-14 15:48:21.737 D/dalvikvm(20397): GC_CONCURRENT freed 399K, 93% free 618K/8192K, paused 0ms+1ms, total 8ms
07-14 15:48:21.752 D/LightsService(  374): Excessive delay setting light: 67ms
07-14 15:48:21.815 D/dalvikvm(20411): GC_CONCURRENT freed 394K, 6% free 9202K/9712K, paused 3ms+4ms, total 27ms
07-14 15:48:21.869 D/dalvikvm(20397): GC_CONCURRENT freed 399K, 93% free 618K/8192K, paused 1ms+1ms, total 7ms
07-14 15:48:21.979 D/dalvikvm(20397): GC_CONCURRENT freed 399K, 93% free 618K/8192K, paused 1ms+1ms, total 8ms
07-14 15:48:22.096 D/dalvikvm(20397): GC_CONCURRENT freed 399K, 93% free 618K/8192K, paused 1ms+1ms, total 8ms
07-14 15:48:22.205 D/dalvikvm(20397): GC_CONCURRENT freed 399K, 93% free 618K/8192K, paused 1ms+1ms, total 8ms
07-14 15:48:22.323 D/dalvikvm(20397): GC_CONCURRENT freed 399K, 93% free 618K/8192K, paused 1ms+1ms, total 9ms
07-14 15:48:22.432 D/dalvikvm(20397): GC_CONCURRENT freed 399K, 93% free 618K/8192K, paused 1ms+1ms, total 8ms
07-14 15:48:22.487 D/dalvikvm(20411): GC_CONCURRENT freed 398K, 6% free 9199K/9712K, paused 3ms+2ms, total 28ms
07-14 15:48:22.549 D/dalvikvm(20397): GC_CONCURRENT freed 399K, 93% free 618K/8192K, paused 1ms+1ms, total 8ms
07-14 15:48:22.658 D/dalvikvm(20397): GC_CONCURRENT freed 399K, 93% free 618K/8192K, paused 1ms+1ms, total 8ms
07-14 15:48:22.768 D/dalvikvm(20397): GC_CONCURRENT freed 399K, 93% free 618K/8192K, paused 1ms+1ms, total 8ms
07-14 15:48:22.885 D/dalvikvm(20397): GC_CONCURRENT freed 399K, 93% free 618K/8192K, paused 1ms+1ms, total 8ms
07-14 15:48:22.994 D/dalvikvm(20397): GC_CONCURRENT freed 399K, 93% free 618K/8192K, paused 1ms+1ms, total 8ms
07-14 15:48:23.104 D/dalvikvm(20397): GC_CONCURRENT freed 399K, 93% free 618K/8192K, paused 1ms+1ms, total 7ms
07-14 15:48:23.158 D/dalvikvm(20411): GC_CONCURRENT freed 399K, 6% free 9198K/9712K, paused 2ms+2ms, total 27ms
07-14 15:48:23.221 D/dalvikvm(20397): GC_CONCURRENT freed 399K, 93% free 618K/8192K, paused 1ms+1ms, total 8ms
07-14 15:48:23.338 D/dalvikvm(20397): GC_CONCURRENT freed 399K, 93% free 618K/8192K, paused 1ms+1ms, total 8ms
07-14 15:48:23.448 D/dalvikvm(20397): GC_CONCURRENT freed 399K, 93% free 618K/8192K, paused 1ms+1ms, total 8ms
07-14 15:48:23.557 D/dalvikvm(20397): GC_CONCURRENT freed 399K, 93% free 618K/8192K, paused 0ms+1ms, total 7ms
07-14 15:48:23.674 D/dalvikvm(20397): GC_CONCURRENT freed 399K, 93% free 618K/8192K, paused 1ms+1ms, total 8ms
07-14 15:48:23.783 D/dalvikvm(20397): GC_CONCURRENT freed 399K, 93% free 618K/8192K, paused 1ms+1ms, total 7ms
07-14 15:48:23.838 D/dalvikvm(20411): GC_CONCURRENT freed 392K, 6% free 9198K/9712K, paused 3ms+2ms, total 34ms
07-14 15:48:23.916 D/dalvikvm(20397): GC_CONCURRENT freed 399K, 93% free 618K/8192K, paused 1ms+1ms, total 8ms
07-14 15:48:24.026 D/dalvikvm(20397): GC_CONCURRENT freed 399K, 93% free 618K/8192K, paused 1ms+1ms, total 8ms
07-14 15:48:24.143 D/dalvikvm(20397): GC_CONCURRENT freed 399K, 93% free 618K/8192K, paused 1ms+1ms, total 8ms
07-14 15:48:24.252 D/dalvikvm(20397): GC_CONCURRENT freed 399K, 93% free 618K/8192K, paused 1ms+1ms, total 8ms
07-14 15:48:24.369 D/dalvikvm(20397): GC_CONCURRENT freed 399K, 93% free 618K/8192K, paused 0ms+1ms, total 7ms
07-14 15:48:24.479 D/dalvikvm(20397): GC_CONCURRENT freed 401K, 93% free 616K/8192K, paused 2ms+1ms, total 8ms
07-14 15:48:24.518 D/dalvikvm(20411): GC_CONCURRENT freed 396K, 6% free 9200K/9712K, paused 2ms+2ms, total 23ms
07-14 15:48:24.596 D/dalvikvm(20397): GC_CONCURRENT freed 397K, 93% free 618K/8192K, paused 0ms+1ms, total 7ms
07-14 15:48:24.713 D/dalvikvm(20397): GC_CONCURRENT freed 399K, 93% free 618K/8192K, paused 0ms+1ms, total 7ms
07-14 15:48:24.823 D/dalvikvm(20397): GC_CONCURRENT freed 399K, 93% free 618K/8192K, paused 1ms+1ms, total 8ms
07-14 15:48:24.932 D/dalvikvm(20397): GC_CONCURRENT freed 399K, 93% free 618K/8192K, paused 1ms+1ms, total 7ms
07-14 15:48:25.049 D/dalvikvm(20397): GC_CONCURRENT freed 399K, 93% free 618K/8192K, paused 1ms+1ms, total 8ms
07-14 15:48:25.158 D/dalvikvm(20397): GC_CONCURRENT freed 399K, 93% free 618K/8192K, paused 0ms+1ms, total 8ms
07-14 15:48:25.205 D/dalvikvm(20411): GC_CONCURRENT freed 396K, 6% free 9198K/9712K, paused 2ms+2ms, total 37ms
07-14 15:48:25.291 D/dalvikvm(20397): GC_CONCURRENT freed 399K, 93% free 618K/8192K, paused 1ms+1ms, total 9ms
07-14 15:48:25.408 D/dalvikvm(20397): GC_CONCURRENT freed 399K, 93% free 618K/8192K, paused 0ms+1ms, total 7ms
07-14 15:48:25.518 D/dalvikvm(20397): GC_CONCURRENT freed 399K, 93% free 618K/8192K, paused 0ms+1ms, total 7ms
07-14 15:48:25.627 D/dalvikvm(20397): GC_CONCURRENT freed 399K, 93% free 618K/8192K, paused 0ms+1ms, total 7ms
07-14 15:48:25.744 D/dalvikvm(20397): GC_CONCURRENT freed 399K, 93% free 618K/8192K, paused 0ms+1ms, total 8ms
07-14 15:48:25.854 D/dalvikvm(20397): GC_CONCURRENT freed 399K, 93% free 618K/8192K, paused 0ms+1ms, total 8ms
07-14 15:48:25.893 D/dalvikvm(20411): GC_CONCURRENT freed 393K, 6% free 9198K/9712K, paused 3ms+6ms, total 37ms
07-14 15:48:25.987 D/dalvikvm(20397): GC_CONCURRENT freed 399K, 93% free 618K/8192K, paused 0ms+1ms, total 7ms
07-14 15:48:26.096 D/dalvikvm(20397): GC_CONCURRENT freed 399K, 93% free 618K/8192K, paused 0ms+1ms, total 7ms
07-14 15:48:26.205 D/dalvikvm(20397): GC_CONCURRENT freed 399K, 93% free 618K/8192K, paused 0ms+1ms, total 7ms
07-14 15:48:26.323 D/dalvikvm(20397): GC_CONCURRENT freed 399K, 93% free 618K/8192K, paused 1ms+0ms, total 8ms
07-14 15:48:26.432 D/dalvikvm(20397): GC_CONCURRENT freed 399K, 93% free 618K/8192K, paused 0ms+1ms, total 8ms
07-14 15:48:26.549 D/dalvikvm(20397): GC_CONCURRENT freed 399K, 93% free 618K/8192K, paused 1ms+1ms, total 7ms
07-14 15:48:26.565 D/dalvikvm(20411): GC_CONCURRENT freed 394K, 6% free 9200K/9712K, paused 3ms+3ms, total 38ms
07-14 15:48:26.666 D/dalvikvm(20397): GC_CONCURRENT freed 411K, 93% free 606K/8192K, paused 1ms+1ms, total 8ms
07-14 15:48:26.791 D/dalvikvm(20397): GC_CONCURRENT freed 398K, 93% free 607K/8192K, paused 0ms+1ms, total 8ms
07-14 15:48:26.908 D/dalvikvm(20397): GC_CONCURRENT freed 399K, 93% free 607K/8192K, paused 0ms+1ms, total 8ms
07-14 15:48:27.026 D/dalvikvm(20397): GC_CONCURRENT freed 388K, 93% free 618K/8192K, paused 0ms+1ms, total 7ms
07-14 15:48:27.135 D/dalvikvm(20397): GC_CONCURRENT freed 411K, 93% free 606K/8192K, paused 1ms+1ms, total 7ms
07-14 15:48:27.268 D/dalvikvm(20397): GC_CONCURRENT freed 387K, 93% free 618K/8192K, paused 0ms+1ms, total 8ms
07-14 15:48:27.283 D/dalvikvm(20411): GC_CONCURRENT freed 392K, 6% free 9203K/9712K, paused 3ms+8ms, total 35ms
07-14 15:48:27.299 I/PowerManagerService(  374): Going to sleep due to screen timeout...
07-14 15:48:27.299 I/PowerManagerService(  374): Waking up from sleep...
07-14 15:48:27.432 D/dalvikvm(  374): GC_FOR_ALLOC freed 2239K, 28% free 21121K/29200K, paused 103ms, total 103ms
07-14 15:48:27.549 D/NfcService(  582): NFC-C OFF, disconnect
07-14 15:48:27.682 D/MDM :   (14510): [null:-1]->query
07-14 15:48:27.682 D/MDM :   (14510): [null:-1]->QUERY_SETTING_PIN_ONOFF
07-14 15:48:27.705 D/YouTube MDX(17593): Recieved intent android.intent.action.SCREEN_OFF
07-14 15:48:27.721 I/WindowManager(  374): No lock screen!
07-14 15:48:27.729 D/MdmApplication(14510): [null:-1]->onActivityStarted market.activity.AppListActivity , mActivityCount = 9
07-14 15:48:27.729 D/MDM :   (14510): [null:-1]->query
07-14 15:48:27.729 D/MDM :   (14510): [null:-1]->QUERY_PINCODE_CHECK_RESULT
07-14 15:48:27.924 D/LightsService(  374): Excessive delay setting light: 67ms
07-14 15:48:28.096 D/YouTube MDX(17593): Recieved intent android.intent.action.SCREEN_ON
07-14 15:48:28.158 V/DigitalWidgetViewsFactory(20248): DigitalWidget sets next alarm string to null
07-14 15:48:28.166 D/dalvikvm(  636): GC_FOR_ALLOC freed 1044K, 11% free 12670K/14120K, paused 152ms, total 198ms
07-14 15:48:28.229 D/LightsService(  374): Excessive delay setting light: 102ms
07-14 15:48:28.346 D/LightsService(  374): Excessive delay setting light: 98ms
07-14 15:48:28.408 D/AndroidRuntime(20478): 
07-14 15:48:28.408 D/AndroidRuntime(20478): >>>>>> AndroidRuntime START com.android.internal.os.RuntimeInit <<<<<<
07-14 15:48:28.408 D/AndroidRuntime(20478): CheckJNI is OFF
07-14 15:48:28.424 D/dalvikvm(20478): Trying to load lib libjavacore.so 0x0
07-14 15:48:28.432 D/dalvikvm(20478): Added shared lib libjavacore.so 0x0
07-14 15:48:28.448 D/dalvikvm(20478): Trying to load lib libnativehelper.so 0x0
07-14 15:48:28.448 D/dalvikvm(20478): Added shared lib libnativehelper.so 0x0
07-14 15:48:28.533 D/dalvikvm(20397): GC_CONCURRENT freed 378K, 93% free 623K/8192K, paused 1ms+1ms, total 9ms
07-14 15:48:28.674 D/NfcService(  582): NFC-C ON
07-14 15:48:28.674 D/dalvikvm(20397): GC_CONCURRENT freed 399K, 93% free 607K/8192K, paused 2ms+0ms, total 9ms
07-14 15:48:28.705 D/AndroidRuntime(20478): Calling main entry com.qihoo360.powerctl.root.app.App
07-14 15:48:28.713 D/AndroidRuntime(20478): Shutting down VM
07-14 15:48:28.713 D/dalvikvm(20478): GC_CONCURRENT freed 114K, 22% free 467K/592K, paused 1ms+0ms, total 4ms
07-14 15:48:28.713 I/AndroidRuntime(20478): NOTE: attach of thread 'Binder_1' failed
07-14 15:48:28.807 D/dalvikvm(20397): GC_CONCURRENT freed 388K, 93% free 618K/8192K, paused 1ms+1ms, total 8ms
07-14 15:48:28.924 D/dalvikvm(20411): GC_CONCURRENT freed 399K, 6% free 9204K/9712K, paused 2ms+2ms, total 43ms
07-14 15:48:28.948 D/dalvikvm(20397): GC_CONCURRENT freed 399K, 93% free 617K/8192K, paused 1ms+1ms, total 8ms
07-14 15:48:29.573 D/dalvikvm(20397): GC_CONCURRENT freed 403K, 93% free 619K/8192K, paused 1ms+1ms, total 8ms
07-14 15:48:29.682 D/dalvikvm(20397): GC_CONCURRENT freed 399K, 93% free 618K/8192K, paused 1ms+1ms, total 8ms
07-14 15:48:29.791 D/dalvikvm(20397): GC_CONCURRENT freed 399K, 93% free 618K/8192K, paused 0ms+1ms, total 7ms
07-14 15:48:29.908 D/dalvikvm(20397): GC_CONCURRENT freed 399K, 93% free 618K/8192K, paused 0ms+1ms, total 7ms
07-14 15:48:30.018 D/dalvikvm(20397): GC_CONCURRENT freed 399K, 93% free 618K/8192K, paused 0ms+1ms, total 7ms
07-14 15:48:30.135 D/dalvikvm(20411): GC_CONCURRENT freed 405K, 6% free 9197K/9712K, paused 3ms+2ms, total 41ms
07-14 15:48:30.151 D/dalvikvm(20397): GC_CONCURRENT freed 399K, 93% free 618K/8192K, paused 1ms+1ms, total 8ms
07-14 15:48:30.268 D/dalvikvm(20397): GC_CONCURRENT freed 399K, 93% free 618K/8192K, paused 0ms+1ms, total 7ms
07-14 15:48:30.377 D/dalvikvm(20397): GC_CONCURRENT freed 399K, 93% free 618K/8192K, paused 0ms+1ms, total 7ms
07-14 15:48:30.487 D/dalvikvm(20397): GC_CONCURRENT freed 399K, 93% free 618K/8192K, paused 0ms+1ms, total 7ms
07-14 15:48:30.604 D/dalvikvm(20397): GC_CONCURRENT freed 397K, 93% free 620K/8192K, paused 1ms+1ms, total 9ms
07-14 15:48:30.721 D/dalvikvm(20397): GC_CONCURRENT freed 400K, 93% free 618K/8192K, paused 1ms+1ms, total 8ms
07-14 15:48:30.823 D/dalvikvm(20411): GC_CONCURRENT freed 392K, 6% free 9199K/9712K, paused 2ms+3ms, total 28ms
07-14 15:48:30.854 D/dalvikvm(20397): GC_CONCURRENT freed 398K, 93% free 620K/8192K, paused 1ms+1ms, total 9ms
07-14 15:48:30.971 D/dalvikvm(20397): GC_CONCURRENT freed 409K, 93% free 607K/8192K, paused 0ms+1ms, total 7ms
07-14 15:48:31.088 D/dalvikvm(20397): GC_CONCURRENT freed 399K, 93% free 607K/8192K, paused 1ms+1ms, total 8ms
07-14 15:48:31.205 D/dalvikvm(20397): GC_CONCURRENT freed 390K, 93% free 618K/8192K, paused 1ms+1ms, total 8ms
07-14 15:48:31.323 D/dalvikvm(20397): GC_CONCURRENT freed 399K, 93% free 618K/8192K, paused 1ms+1ms, total 8ms
07-14 15:48:31.432 D/dalvikvm(20397): GC_CONCURRENT freed 399K, 93% free 618K/8192K, paused 0ms+1ms, total 7ms
07-14 15:48:31.533 D/dalvikvm(20411): GC_CONCURRENT freed 400K, 6% free 9198K/9712K, paused 3ms+2ms, total 28ms
07-14 15:48:31.557 D/dalvikvm(20397): GC_CONCURRENT freed 399K, 93% free 618K/8192K, paused 1ms+1ms, total 8ms
07-14 15:48:31.674 D/dalvikvm(20397): GC_CONCURRENT freed 399K, 93% free 618K/8192K, paused 0ms+1ms, total 7ms
07-14 15:48:31.783 D/dalvikvm(20397): GC_CONCURRENT freed 399K, 93% free 618K/8192K, paused 1ms+1ms, total 8ms
07-14 15:48:31.901 D/dalvikvm(20397): GC_CONCURRENT freed 397K, 93% free 620K/8192K, paused 2ms+1ms, total 9ms
07-14 15:48:32.018 D/dalvikvm(20397): GC_CONCURRENT freed 400K, 93% free 618K/8192K, paused 1ms+1ms, total 8ms
07-14 15:48:32.127 D/dalvikvm(20397): GC_CONCURRENT freed 399K, 93% free 618K/8192K, paused 0ms+1ms, total 7ms
07-14 15:48:32.213 D/dalvikvm(20411): GC_CONCURRENT freed 390K, 6% free 9200K/9712K, paused 3ms+3ms, total 27ms
07-14 15:48:32.252 D/dalvikvm(20397): GC_CONCURRENT freed 399K, 93% free 618K/8192K, paused 0ms+1ms, total 7ms
07-14 15:48:32.369 D/dalvikvm(20397): GC_CONCURRENT freed 399K, 93% free 618K/8192K, paused 1ms+1ms, total 8ms
07-14 15:48:32.479 D/dalvikvm(20397): GC_CONCURRENT freed 399K, 93% free 618K/8192K, paused 0ms+1ms, total 7ms
07-14 15:48:32.596 D/dalvikvm(20397): GC_CONCURRENT freed 399K, 93% free 618K/8192K, paused 0ms+1ms, total 7ms
07-14 15:48:32.705 D/dalvikvm(20397): GC_CONCURRENT freed 399K, 93% free 618K/8192K, paused 0ms+1ms, total 7ms
07-14 15:48:32.823 D/dalvikvm(20397): GC_CONCURRENT freed 399K, 93% free 618K/8192K, paused 0ms+1ms, total 7ms
07-14 15:48:32.893 D/dalvikvm(20411): GC_CONCURRENT freed 397K, 6% free 9199K/9712K, paused 2ms+3ms, total 26ms
07-14 15:48:32.940 D/dalvikvm(20397): GC_CONCURRENT freed 399K, 93% free 618K/8192K, paused 1ms+1ms, total 8ms
07-14 15:48:33.057 D/dalvikvm(20397): GC_CONCURRENT freed 399K, 93% free 618K/8192K, paused 0ms+1ms, total 7ms
07-14 15:48:33.174 D/dalvikvm(20397): GC_CONCURRENT freed 399K, 93% free 618K/8192K, paused 0ms+1ms, total 7ms
07-14 15:48:33.283 D/dalvikvm(20397): GC_CONCURRENT freed 399K, 93% free 618K/8192K, paused 0ms+1ms, total 7ms
07-14 15:48:33.401 D/dalvikvm(20397): GC_CONCURRENT freed 399K, 93% free 618K/8192K, paused 1ms+1ms, total 8ms
07-14 15:48:33.510 D/dalvikvm(20397): GC_CONCURRENT freed 399K, 93% free 618K/8192K, paused 1ms+1ms, total 8ms
07-14 15:48:33.580 D/dalvikvm(20411): GC_CONCURRENT freed 396K, 6% free 9198K/9712K, paused 2ms+2ms, total 24ms
07-14 15:48:33.627 D/dalvikvm(20397): GC_CONCURRENT freed 399K, 93% free 618K/8192K, paused 0ms+1ms, total 7ms
07-14 15:48:33.744 D/dalvikvm(20397): GC_CONCURRENT freed 399K, 93% free 618K/8192K, paused 0ms+1ms, total 8ms
07-14 15:48:33.854 D/dalvikvm(20397): GC_CONCURRENT freed 399K, 93% free 618K/8192K, paused 0ms+1ms, total 7ms
07-14 15:48:33.971 D/dalvikvm(20397): GC_CONCURRENT freed 399K, 93% free 618K/8192K, paused 0ms+1ms, total 7ms
07-14 15:48:34.080 D/dalvikvm(20397): GC_CONCURRENT freed 399K, 93% free 618K/8192K, paused 1ms+1ms, total 8ms
07-14 15:48:34.190 D/dalvikvm(20397): GC_CONCURRENT freed 399K, 93% free 618K/8192K, paused 1ms+1ms, total 8ms
07-14 15:48:34.260 D/dalvikvm(20411): GC_CONCURRENT freed 400K, 6% free 9198K/9712K, paused 2ms+5ms, total 27ms
07-14 15:48:34.315 D/dalvikvm(20397): GC_CONCURRENT freed 399K, 93% free 618K/8192K, paused 0ms+1ms, total 7ms
07-14 15:48:34.424 D/dalvikvm(20397): GC_CONCURRENT freed 399K, 93% free 618K/8192K, paused 0ms+1ms, total 7ms
07-14 15:48:34.533 D/dalvikvm(20397): GC_CONCURRENT freed 399K, 93% free 618K/8192K, paused 0ms+1ms, total 7ms
07-14 15:48:34.651 D/dalvikvm(20397): GC_CONCURRENT freed 399K, 93% free 618K/8192K, paused 1ms+1ms, total 7ms
07-14 15:48:34.760 D/dalvikvm(20397): GC_CONCURRENT freed 399K, 93% free 618K/8192K, paused 1ms+1ms, total 8ms
07-14 15:48:34.877 D/dalvikvm(20397): GC_CONCURRENT freed 399K, 93% free 618K/8192K, paused 1ms+1ms, total 8ms
07-14 15:48:34.940 D/dalvikvm(20411): GC_CONCURRENT freed 391K, 6% free 9199K/9712K, paused 2ms+3ms, total 30ms
07-14 15:48:35.002 D/dalvikvm(20397): GC_CONCURRENT freed 399K, 93% free 618K/8192K, paused 0ms+1ms, total 7ms
07-14 15:48:35.112 D/dalvikvm(20397): GC_CONCURRENT freed 399K, 93% free 618K/8192K, paused 1ms+1ms, total 8ms
07-14 15:48:35.229 D/dalvikvm(20397): GC_CONCURRENT freed 399K, 93% free 618K/8192K, paused 0ms+1ms, total 7ms
07-14 15:48:35.338 D/dalvikvm(20397): GC_CONCURRENT freed 399K, 93% free 618K/8192K, paused 1ms+1ms, total 7ms
07-14 15:48:35.455 D/dalvikvm(20397): GC_CONCURRENT freed 399K, 93% free 618K/8192K, paused 1ms+1ms, total 7ms
07-14 15:48:35.565 D/dalvikvm(20397): GC_CONCURRENT freed 399K, 93% free 618K/8192K, paused 0ms+1ms, total 7ms
07-14 15:48:35.619 D/dalvikvm(20411): GC_CONCURRENT freed 399K, 6% free 9199K/9712K, paused 2ms+2ms, total 26ms
07-14 15:48:35.682 D/dalvikvm(20397): GC_CONCURRENT freed 399K, 93% free 618K/8192K, paused 1ms+1ms, total 8ms
07-14 15:48:35.799 D/dalvikvm(20397): GC_CONCURRENT freed 399K, 93% free 618K/8192K, paused 0ms+1ms, total 8ms
07-14 15:48:35.908 D/dalvikvm(20397): GC_CONCURRENT freed 399K, 93% free 618K/8192K, paused 0ms+1ms, total 7ms
07-14 15:48:36.026 D/dalvikvm(20397): GC_CONCURRENT freed 399K, 93% free 618K/8192K, paused 0ms+1ms, total 7ms
07-14 15:48:36.135 D/dalvikvm(20397): GC_CONCURRENT freed 399K, 93% free 618K/8192K, paused 1ms+1ms, total 8ms
07-14 15:48:36.252 D/dalvikvm(20397): GC_CONCURRENT freed 397K, 93% free 620K/8192K, paused 1ms+1ms, total 8ms
07-14 15:48:36.307 D/dalvikvm(20411): GC_CONCURRENT freed 399K, 6% free 9199K/9712K, paused 3ms+2ms, total 27ms
07-14 15:48:36.369 D/dalvikvm(20397): GC_CONCURRENT freed 400K, 93% free 618K/8192K, paused 0ms+1ms, total 7ms
07-14 15:48:36.479 D/dalvikvm(20397): GC_CONCURRENT freed 399K, 93% free 618K/8192K, paused 1ms+1ms, total 8ms
07-14 15:48:36.596 D/dalvikvm(20397): GC_CONCURRENT freed 399K, 93% free 618K/8192K, paused 0ms+1ms, total 7ms
07-14 15:48:36.705 D/dalvikvm(20397): GC_CONCURRENT freed 399K, 93% free 618K/8192K, paused 0ms+1ms, total 7ms
07-14 15:48:36.830 D/dalvikvm(20397): GC_CONCURRENT freed 399K, 93% free 618K/8192K, paused 0ms+1ms, total 7ms
07-14 15:48:36.948 D/dalvikvm(20397): GC_CONCURRENT freed 399K, 93% free 618K/8192K, paused 1ms+1ms, total 7ms
07-14 15:48:37.018 D/dalvikvm(20411): GC_CONCURRENT freed 401K, 6% free 9197K/9712K, paused 3ms+2ms, total 41ms
07-14 15:48:37.080 D/dalvikvm(20397): GC_CONCURRENT freed 399K, 93% free 618K/8192K, paused 1ms+1ms, total 7ms
07-14 15:48:37.198 D/dalvikvm(20397): GC_CONCURRENT freed 399K, 93% free 618K/8192K, paused 0ms+1ms, total 7ms
07-14 15:48:37.307 D/dalvikvm(20397): GC_CONCURRENT freed 399K, 93% free 618K/8192K, paused 1ms+1ms, total 8ms
07-14 15:48:37.416 D/dalvikvm(20397): GC_CONCURRENT freed 399K, 93% free 618K/8192K, paused 1ms+1ms, total 7ms
