07-14 15:01:41.291 W/MountService(  374): getVolumeState(/storage/sdcard1): Unknown volume
07-14 15:01:41.291 W/MountService(  374): getVolumeState(/mnt/sdcard/external_SD): Unknown volume
07-14 15:01:41.291 W/MountService(  374): getVolumeState(/mnt/sdcard/external_sd): Unknown volume
07-14 15:01:41.408 W/ActivityThread( 6152): Content provider com.android.providers.media.MediaProvider already published as media
07-14 15:01:41.424 W/ActivityThread( 6152): Content provider com.android.providers.media.MediaProvider already published as media
07-14 15:01:41.440 W/ActivityThread( 6152): Content provider com.android.providers.media.MediaProvider already published as media
07-14 15:01:41.455 W/ActivityThread( 6152): Content provider com.android.providers.media.MediaProvider already published as media
07-14 15:01:41.494 W/ActivityThread( 6152): Content provider com.android.providers.media.MediaProvider already published as media
07-14 15:01:41.541 W/ActivityThread( 6152): Content provider com.android.providers.media.MediaProvider already published as media
07-14 15:01:41.565 W/MountService(  374): getVolumeState(/storage/emulated/0/external_sd): Unknown volume
07-14 15:01:41.565 W/MountService(  374): getVolumeState(/mnt/sdcard-ext): Unknown volume
07-14 15:01:41.565 W/MountService(  374): getVolumeState(/mnt/ext_sdcard): Unknown volume
07-14 15:01:41.565 W/MountService(  374): getVolumeState(/mnt/sdcard2): Unknown volume
07-14 15:01:41.565 W/MountService(  374): getVolumeState(/mnt/emmc): Unknown volume
07-14 15:01:41.565 W/MountService(  374): getVolumeState(/mnt/extSdCard): Unknown volume
07-14 15:01:41.565 W/MountService(  374): getVolumeState(/mnt/sdcard/SD_CARD): Unknown volume
07-14 15:01:41.573 W/MountService(  374): getVolumeState(/mnt/sdcard/extra_sd): Unknown volume
07-14 15:01:41.573 W/MountService(  374): getVolumeState(/mnt/extrasd_bind): Unknown volume
07-14 15:01:41.573 W/MountService(  374): getVolumeState(/mnt/sdcard/ext_sd): Unknown volume
07-14 15:01:41.573 W/MountService(  374): getVolumeState(/storage/extSdCard): Unknown volume
07-14 15:01:41.573 W/MountService(  374): getVolumeState(/storage/sdcard1): Unknown volume
07-14 15:01:41.573 W/MountService(  374): getVolumeState(/mnt/sdcard/external_SD): Unknown volume
07-14 15:01:41.573 W/MountService(  374): getVolumeState(/mnt/sdcard/external_sd): Unknown volume
07-14 15:01:51.377 I/ActivityManager(  374): START u0 {cmp=com.pekall.emdm/.market.activity.AppListActivity} from pid 14510
07-14 15:02:13.924 I/ActivityManager(  374): START u0 {act=android.intent.action.MAIN cat=[android.intent.category.LAUNCHER] flg=0x10200000 cmp=com.qihoo.root/.QihooHomeActivity} from pid 595
07-14 15:02:14.244 I/ActivityManager(  374): Start proc com.qihoo.root for activity com.qihoo.root/.QihooHomeActivity: pid=15232 uid=10078 gids={50078, 1015, 3003, 1028}
07-14 15:02:15.823 I/ActivityManager(  374): Process com.android.settings (pid 14838) has died.
07-14 15:02:22.448 I/ActivityManager(  374): START u0 {act=android.intent.action.MAIN cat=[android.intent.category.LAUNCHER] flg=0x10200000 cmp=com.android.contacts/.activities.PeopleActivity bnds=[168,1040][296,1168]} from pid 595
07-14 15:02:22.838 I/ActivityManager(  374): Start proc com.android.contacts for activity com.android.contacts/.activities.PeopleActivity: pid=15260 uid=10000 gids={50000, 3003, 1015, 1028}
07-14 15:02:25.401 I/ActivityManager(  374): No longer want com.google.android.partnersetup (pid 14433): empty #17
07-14 15:02:29.276 I/ActivityManager(  374): START u0 {act=android.intent.action.MAIN cat=[android.intent.category.LAUNCHER] flg=0x10200000 cmp=com.pekall.emdm/.ui.SplashActivity} from pid 595
07-14 15:02:31.198 I/ActivityManager(  374): START u0 {cmp=com.pekall.emdm/.ui.MainActivity} from pid 14510
07-14 15:02:33.557 I/ActivityManager(  374): START u0 {cmp=com.pekall.emdm/.market.activity.AppListActivity} from pid 14510
07-14 15:02:37.588 I/ActivityManager(  374): START u0 {act=android.intent.action.VIEW dat=market://search?q=pname:hjhk.hjhkPkg cmp=com.android.vending/com.google.android.finsky.activities.MainActivity} from pid 14510
07-14 15:02:37.901 I/ActivityManager(  374): Start proc com.google.android.gsf.login for service com.google.android.gsf.login/com.google.android.gsf.loginservice.GoogleLoginService: pid=15301 uid=10009 gids={50009, 3003, 1007, 1028, 1015, 1006, 2001, 3006}
07-14 15:02:38.112 I/ActivityManager(  374): START u0 {flg=0x80000 cmp=com.google.android.gsf.login/.AccountIntroActivity (has extras)} from pid 11839
07-14 15:02:38.408 I/ActivityManager(  374): START u0 {cmp=com.google.android.gsf.login/.AccountIntroUIActivity (has extras)} from pid 15301
07-14 15:02:41.299 W/MountService(  374): getVolumeState(/storage/emulated/0/external_sd): Unknown volume
07-14 15:02:41.299 W/MountService(  374): getVolumeState(/mnt/sdcard-ext): Unknown volume
07-14 15:02:41.299 W/MountService(  374): getVolumeState(/mnt/ext_sdcard): Unknown volume
07-14 15:02:41.299 W/MountService(  374): getVolumeState(/mnt/sdcard2): Unknown volume
07-14 15:02:41.299 W/MountService(  374): getVolumeState(/mnt/emmc): Unknown volume
07-14 15:02:41.307 W/MountService(  374): getVolumeState(/mnt/extSdCard): Unknown volume
07-14 15:02:41.307 W/MountService(  374): getVolumeState(/mnt/sdcard/SD_CARD): Unknown volume
07-14 15:02:41.307 W/MountService(  374): getVolumeState(/mnt/sdcard/extra_sd): Unknown volume
07-14 15:02:41.307 W/MountService(  374): getVolumeState(/mnt/extrasd_bind): Unknown volume
07-14 15:02:41.307 W/MountService(  374): getVolumeState(/mnt/sdcard/ext_sd): Unknown volume
07-14 15:02:41.307 W/MountService(  374): getVolumeState(/storage/extSdCard): Unknown volume
07-14 15:02:41.307 W/MountService(  374): getVolumeState(/storage/sdcard1): Unknown volume
07-14 15:02:41.307 W/MountService(  374): getVolumeState(/mnt/sdcard/external_SD): Unknown volume
07-14 15:02:41.307 W/MountService(  374): getVolumeState(/mnt/sdcard/external_sd): Unknown volume
07-14 15:02:41.408 W/ActivityThread( 6152): Content provider com.android.providers.media.MediaProvider already published as media
07-14 15:02:41.424 W/ActivityThread( 6152): Content provider com.android.providers.media.MediaProvider already published as media
07-14 15:02:41.432 W/ActivityThread( 6152): Content provider com.android.providers.media.MediaProvider already published as media
07-14 15:02:41.455 W/ActivityThread( 6152): Content provider com.android.providers.media.MediaProvider already published as media
07-14 15:02:41.471 W/ActivityThread( 6152): Content provider com.android.providers.media.MediaProvider already published as media
07-14 15:02:41.502 W/ActivityThread( 6152): Content provider com.android.providers.media.MediaProvider already published as media
07-14 15:02:41.541 W/MountService(  374): getVolumeState(/storage/emulated/0/external_sd): Unknown volume
07-14 15:02:41.549 W/MountService(  374): getVolumeState(/mnt/sdcard-ext): Unknown volume
07-14 15:02:41.549 W/MountService(  374): getVolumeState(/mnt/ext_sdcard): Unknown volume
07-14 15:02:41.549 W/MountService(  374): getVolumeState(/mnt/sdcard2): Unknown volume
07-14 15:02:41.549 W/MountService(  374): getVolumeState(/mnt/emmc): Unknown volume
07-14 15:02:41.549 W/MountService(  374): getVolumeState(/mnt/extSdCard): Unknown volume
07-14 15:02:41.549 W/MountService(  374): getVolumeState(/mnt/sdcard/SD_CARD): Unknown volume
07-14 15:02:41.549 W/MountService(  374): getVolumeState(/mnt/sdcard/extra_sd): Unknown volume
07-14 15:02:41.549 W/MountService(  374): getVolumeState(/mnt/extrasd_bind): Unknown volume
07-14 15:02:41.549 W/MountService(  374): getVolumeState(/mnt/sdcard/ext_sd): Unknown volume
07-14 15:02:41.549 W/MountService(  374): getVolumeState(/storage/extSdCard): Unknown volume
07-14 15:02:41.549 W/MountService(  374): getVolumeState(/storage/sdcard1): Unknown volume
07-14 15:02:41.549 W/MountService(  374): getVolumeState(/mnt/sdcard/external_SD): Unknown volume
07-14 15:02:41.557 W/MountService(  374): getVolumeState(/mnt/sdcard/external_sd): Unknown volume
07-14 15:02:51.783 I/ActivityManager(  374): No longer want com.google.android.gallery3d (pid 14562): empty #17
07-14 15:02:56.924 I/ActivityManager(  374): START u0 {act=android.intent.action.MAIN cat=[android.intent.category.LAUNCHER] flg=0x10200000 cmp=com.qihoo.appstore/.activities.LauncherActivity} from pid 595
07-14 15:02:57.252 I/ActivityManager(  374): START u0 {act=android.intent.action.MAIN cat=[android.intent.category.LAUNCHER] flg=0x10200000 cmp=com.qihoo.appstore/.activities.MainActivity bnds=[196,379][344,563]} from pid 2060
07-14 15:02:58.846 I/ActivityManager(  374): Process com.google.android.apps.plus (pid 14583) has died.
07-14 15:03:00.604 I/ActivityManager(  374): Process com.google.android.apps.maps:LocationFriendService (pid 15109) has died.
07-14 15:03:01.112 I/ActivityManager(  374): Process com.google.android.gms (pid 14449) has died.
07-14 15:03:02.252 I/ActivityManager(  374): Process com.google.android.googlequicksearchbox (pid 14416) has died.
07-14 15:03:02.432 I/ActivityManager(  374): Process com.google.android.apps.maps:FriendService (pid 15097) has died.
07-14 15:03:04.080 I/ActivityManager(  374): Process com.android.providers.calendar (pid 14095) has died.
07-14 15:03:04.916 I/ActivityManager(  374): Process com.google.android.deskclock (pid 14067) has died.
07-14 15:03:07.174 W/ActivityManager(  374): Launch timeout has expired, giving up wake lock!
07-14 15:03:07.198 W/ActivityManager(  374): Activity idle timeout for ActivityRecord{42ea0838 u0 com.qihoo.appstore/.activities.LauncherActivity}
07-14 15:03:07.268 W/ActivityManager(  374): Activity idle timeout for ActivityRecord{42edb3d0 u0 com.qihoo.appstore/.activities.MainActivity}
07-14 15:03:07.549 I/ActivityManager(  374): Process com.android.defcontainer (pid 14393) has died.
07-14 15:03:10.799 I/ActivityManager(  374): Start proc com.qihoo.appstore:permmgr for service com.qihoo.appstore/com.qihoo.permmgr.PermService: pid=15437 uid=10064 gids={50064, 3003, 1015, 3002, 1006, 3001, 1028}
07-14 15:03:10.916 I/ActivityManager(  374): Process com.qihoo.root (pid 15232) has died.
07-14 15:03:19.885 I/ActivityManager(  374): START u0 {act=android.intent.action.MAIN cat=[android.intent.category.LAUNCHER] flg=0x10200000 cmp=com.pekall.emdm/.ui.SplashActivity} from pid 595
07-14 15:03:20.346 I/ActivityManager(  374): Process com.android.contacts (pid 15260) has died.
07-14 15:03:20.424 I/ActivityManager(  374): Process com.qihoo.appstore:permmgr (pid 15437) has died.
07-14 15:03:21.932 I/ActivityManager(  374): START u0 {cmp=com.pekall.emdm/.ui.MainActivity} from pid 14510
07-14 15:03:23.940 V/DeadZone(  450): consuming errant click: (185.0,17.0)
07-14 15:03:27.104 V/PanelView(  450): animationTick called with dtms=0; nothing to do (h=293.0 v=1420.7452)
07-14 15:03:27.104 V/PanelView(  450): animationTick called with dtms=-13; nothing to do (h=293.0 v=1420.7452)
07-14 15:03:31.401 I/ActivityManager(  374): Start proc com.google.android.gallery3d for broadcast com.google.android.gallery3d/com.google.android.picasasync.BatteryReceiver: pid=15523 uid=10019 gids={50019, 1006, 3003, 1015, 1028}
07-14 15:03:31.830 I/ActivityManager(  374): Start proc com.google.android.apps.uploader for broadcast com.google.android.apps.uploader/com.google.android.picasasync.BatteryReceiver: pid=15544 uid=10039 gids={50039, 3003, 1015, 1028}
07-14 15:03:31.963 V/PanelView(  450): animationTick called with dtms=0; nothing to do (h=1184.0 v=-4000.0)
07-14 15:03:31.979 I/ActivityManager(  374): Start proc com.google.android.apps.plus for broadcast com.google.android.apps.plus/.iu.BatteryReceiver: pid=15560 uid=10048 gids={50048, 3003, 3002, 1015, 1006, 1028}
07-14 15:03:32.338 W/InputMethodManagerService(  374): Window already focused, ignoring focus gain of: com.android.internal.view.IInputMethodClient$Stub$Proxy@42e2f1a8 attribute=null, token = android.os.BinderProxy@42ea3d30
07-14 15:03:33.080 V/PanelView(  450): animationTick called with dtms=0; nothing to do (h=288.0 v=974.6671)
07-14 15:03:33.088 V/PanelView(  450): animationTick called with dtms=-10; nothing to do (h=288.0 v=974.6671)
07-14 15:03:34.510 I/ActivityManager(  374): Process com.google.android.gsf.login (pid 15301) has died.
07-14 15:03:36.799 W/ActivityManager(  374): Unable to start service Intent { act=com.google.android.gms.analytics.service.START (has extras) } U=0: not found
07-14 15:03:38.229 V/DeadZone(  450): consuming errant click: (355.0,23.0)
07-14 15:03:39.065 V/PanelView(  450): animationTick called with dtms=0; nothing to do (h=1184.0 v=0.0)
07-14 15:03:39.065 V/PanelView(  450): animationTick called with dtms=-3; nothing to do (h=1184.0 v=0.0)
07-14 15:03:39.557 I/ActivityManager(  374): START u0 {act=android.settings.SETTINGS flg=0x14000000 cmp=com.android.settings/.Settings} from pid 450
07-14 15:03:39.838 V/PanelView(  450): animationTick called with dtms=0; nothing to do (h=1184.0 v=-4000.0)
07-14 15:03:39.838 I/ActivityManager(  374): Start proc com.android.settings for activity com.android.settings/.Settings: pid=15586 uid=1000 gids={41000, 1015, 1028, 3002, 3001, 3003, 3007}
07-14 15:03:40.096 I/ActivityManager(  374): Process android.process.acore (pid 2221) has died.
07-14 15:03:40.096 D/CountryDetector(  374): No listener is left
07-14 15:03:40.276 W/ContextImpl(15586): Calling a method in the system process without a qualified user: android.app.ContextImpl.bindService:1439 android.content.ContextWrapper.bindService:496 android.bluetooth.BluetoothInputDevice.<init>:240 android.bluetooth.BluetoothAdapter.getProfileProxy:1168 com.android.settings.bluetooth.LocalBluetoothAdapter.getProfileProxy:94 
07-14 15:03:40.283 W/ContextImpl(15586): Calling a method in the system process without a qualified user: android.app.ContextImpl.bindService:1439 android.content.ContextWrapper.bindService:496 android.bluetooth.BluetoothPan.<init>:141 android.bluetooth.BluetoothAdapter.getProfileProxy:1171 com.android.settings.bluetooth.PanProfile.<init>:73 
07-14 15:03:40.283 W/ContextImpl(15586): Calling a method in the system process without a qualified user: android.app.ContextImpl.bindService:1439 android.content.ContextWrapper.bindService:496 android.bluetooth.BluetoothPbap.<init>:161 com.android.settings.bluetooth.PbapServerProfile.<init>:68 com.android.settings.bluetooth.LocalBluetoothProfileManager.<init>:124 
07-14 15:03:40.526 D/WifiService(  374): setWifiEnabled: true pid=15586, uid=1000
07-14 15:03:41.799 W/ActivityManager(  374): Unable to start service Intent { act=com.google.android.gms.analytics.service.START (has extras) } U=0: not found
07-14 15:03:43.580 I/ActivityManager(  374): START u0 {act=android.intent.action.MAIN cmp=com.android.settings/.SubSettings (has extras)} from pid 15586
07-14 15:03:43.807 W/ContextImpl(15586): Calling a method in the system process without a qualified user: android.app.ContextImpl.bindService:1439 android.content.ContextWrapper.bindService:496 com.android.settings.applications.ManageApplications.onCreate:861 android.app.Fragment.performCreate:1673 android.app.FragmentManagerImpl.moveToState:854 
07-14 15:03:43.815 I/ActivityManager(  374): Start proc com.android.defcontainer for service com.android.defcontainer/.DefaultContainerService: pid=15608 uid=10012 gids={50012, 1015, 1023, 2001, 1028}
07-14 15:03:50.424 I/ActivityManager(  374): START u0 {act=android.intent.action.MAIN cmp=com.android.settings/.SubSettings (has extras)} from pid 15586
07-14 15:04:18.869 V/DeadZone(  450): consuming errant click: (192.0,19.0)
07-14 15:04:34.838 I/ActivityManager(  374): START u0 {act=com.android.systemui.recent.action.TOGGLE_RECENTS flg=0x10800000 cmp=com.android.systemui/.recent.RecentsActivity (has extras)} from pid 450
07-14 15:04:47.635 I/ActivityManager(  374): START u0 {act=android.intent.action.MAIN cmp=com.android.settings/.SubSettings (has extras)} from pid 15586
07-14 15:04:47.916 W/ContextImpl(15586): Calling a method in the system process without a qualified user: android.app.ContextImpl.bindService:1439 android.content.ContextWrapper.bindService:496 com.android.settings.applications.ManageApplications.onCreate:861 android.app.Fragment.performCreate:1673 android.app.FragmentManagerImpl.moveToState:854 
07-14 15:04:59.705 I/ActivityManager(  374): START u0 {act=android.intent.action.MAIN cmp=com.android.settings/.SubSettings (has extras)} from pid 15586
07-14 15:05:10.393 I/ActivityManager(  374): START u0 {act=android.intent.action.MAIN cmp=com.android.settings/.SubSettings (has extras)} from pid 15586
07-14 15:05:22.877 I/ActivityManager(  374): START u0 {act=android.intent.action.MAIN cmp=com.android.settings/.SubSettings (has extras)} from pid 15586
07-14 15:05:26.276 I/ActivityManager(  374): START u0 {act=android.intent.action.MAIN cmp=com.android.settings/.SubSettings (has extras)} from pid 15586
07-14 15:05:27.869 I/ActivityManager(  374): START u0 {cmp=com.android.settings/.DeviceAdminAdd (has extras)} from pid 15586
07-14 15:05:28.580 I/ActivityManager(  374): Process com.google.android.gallery3d (pid 15523) has died.
07-14 15:05:32.768 I/ActivityManager(  374): START u0 {act=android.intent.action.MAIN cmp=com.android.settings/.SubSettings (has extras)} from pid 15586
07-14 15:05:33.049 W/ContextImpl(15586): Calling a method in the system process without a qualified user: android.app.ContextImpl.bindService:1439 android.content.ContextWrapper.bindService:496 com.android.settings.applications.ManageApplications.onCreate:861 android.app.Fragment.performCreate:1673 android.app.FragmentManagerImpl.moveToState:854 
07-14 15:05:36.143 I/ActivityManager(  374): START u0 {act=android.intent.action.MAIN cmp=com.android.settings/.SubSettings (has extras)} from pid 15586
07-14 15:06:02.127 I/ActivityManager(  374): Start proc com.android.providers.calendar for content provider com.android.providers.calendar/.CalendarProvider2: pid=15678 uid=10007 gids={50007, 3003, 1015, 1028}
07-14 15:06:03.291 I/ActivityManager(  374): Start proc com.google.android.calendar for broadcast com.google.android.calendar/com.android.calendar.alerts.AlertReceiver: pid=15695 uid=10006 gids={50006, 3003, 1028}
07-14 15:06:10.830 W/InputMethodManagerService(  374): Starting input on non-focused client com.android.internal.view.IInputMethodClient$Stub$Proxy@42f4eb80 (uid=1000 pid=15586)
07-14 15:06:11.682 I/ActivityManager(  374): START u0 {act=android.intent.action.MAIN cat=[android.intent.category.LAUNCHER] flg=0x10200000 cmp=com.pekall.emdm/.ui.SplashActivity} from pid 595
07-14 15:06:12.018 I/ActivityManager(  374): Process com.google.android.apps.plus (pid 15560) has died.
07-14 15:06:13.502 I/ActivityManager(  374): START u0 {cmp=com.pekall.emdm/.ui.ActiveDeviceAdminActivity} from pid 14510
07-14 15:06:13.690 I/ActivityManager(  374): START u0 {act=android.app.action.ADD_DEVICE_ADMIN cmp=com.android.settings/.DeviceAdminAdd (has extras)} from pid 14510
07-14 15:06:19.651 I/ActivityManager(  374): START u0 {act=android.intent.action.MAIN cat=[android.intent.category.LAUNCHER] flg=0x10200000 cmp=com.pekall.emdm/.ui.SplashActivity} from pid 595
07-14 15:06:20.026 W/InputMethodManagerService(  374): Starting input on non-focused client com.android.internal.view.IInputMethodClient$Stub$Proxy@42c50e88 (uid=10034 pid=595)
07-14 15:06:21.362 I/ActivityManager(  374): START u0 {cmp=com.pekall.emdm/.ui.ActiveDeviceAdminActivity} from pid 14510
07-14 15:06:21.541 I/ActivityManager(  374): START u0 {act=android.app.action.ADD_DEVICE_ADMIN cmp=com.android.settings/.DeviceAdminAdd (has extras)} from pid 14510
07-14 15:06:22.729 I/ActivityManager(  374): START u0 {act=launcher.action.to.setPin cmp=com.pekall.emdm/.setting.SetPasswordActivity (has extras)} from pid 14510
07-14 15:06:24.205 I/ActivityManager(  374): START u0 {cmp=com.pekall.emdm/.ui.MainActivity (has extras)} from pid 14510
07-14 15:06:27.948 I/ActivityManager(  374): START u0 {cmp=com.pekall.emdm/.market.activity.AppListActivity} from pid 14510
07-14 15:06:30.690 I/ActivityManager(  374): START u0 {act=android.intent.action.VIEW dat=market://search?q=pname:hjhk.hjhkPkg cmp=com.android.vending/com.google.android.finsky.activities.MainActivity} from pid 14510
07-14 15:06:31.088 I/ActivityManager(  374): Start proc com.google.android.gsf.login for service com.google.android.gsf.login/com.google.android.gsf.loginservice.GoogleLoginService: pid=15772 uid=10009 gids={50009, 3003, 1007, 1028, 1015, 1006, 2001, 3006}
07-14 15:06:31.276 I/ActivityManager(  374): Process com.google.android.apps.uploader (pid 15544) has died.
07-14 15:06:31.299 I/ActivityManager(  374): START u0 {flg=0x80000 cmp=com.google.android.gsf.login/.AccountIntroActivity (has extras)} from pid 11839
07-14 15:06:31.619 I/ActivityManager(  374): START u0 {cmp=com.google.android.gsf.login/.AccountIntroUIActivity (has extras)} from pid 15772
07-14 15:06:34.377 I/WindowManager(  374): Screenshot max retries 4 of Token{42c51688 ActivityRecord{42ddf458 u0 com.android.vending/com.google.android.finsky.activities.MainActivity}} appWin=Window{42edbe60 u0 com.android.vending/com.google.android.finsky.activities.MainActivity} drawState=1
07-14 15:06:34.377 W/WindowManager(  374): Screenshot failure taking screenshot for (720x1280) to layer 21025
07-14 15:06:35.276 I/ActivityManager(  374): Process com.google.android.calendar (pid 15695) has died.
07-14 15:06:39.573 I/ActivityManager(  374): START u0 {cmp=com.pekall.emdm/.market.activity.AppDetailActivity (has extras)} from pid 14510
07-14 15:06:48.463 I/ActivityManager(  374): START u0 {act=android.intent.action.MAIN cat=[android.intent.category.LAUNCHER] flg=0x10200000 cmp=com.pekall.emdm/.ui.SplashActivity} from pid 595
07-14 15:06:48.768 I/ActivityManager(  374): Process com.android.providers.calendar (pid 15678) has died.
07-14 15:06:50.252 I/ActivityManager(  374): START u0 {cmp=com.pekall.emdm/.ui.MainActivity} from pid 14510
07-14 15:06:52.987 I/ActivityManager(  374): START u0 {cmp=com.pekall.emdm/.setting.SupportActivity} from pid 14510
07-14 15:07:17.252 I/ActivityManager(  374): START u0 {act=android.intent.action.MAIN cat=[android.intent.category.LAUNCHER] flg=0x10200000 cmp=com.android.settings/.Settings} from pid 595
07-14 15:07:17.737 D/WifiService(  374): setWifiEnabled: true pid=15586, uid=1000
07-14 15:07:22.971 I/ActivityManager(  374): START u0 {act=android.intent.action.MAIN cmp=com.android.settings/.SubSettings (has extras)} from pid 15586
07-14 15:07:23.158 W/ContextImpl(15586): Calling a method in the system process without a qualified user: android.app.ContextImpl.bindService:1439 android.content.ContextWrapper.bindService:496 com.android.settings.applications.ManageApplications.onCreate:861 android.app.Fragment.performCreate:1673 android.app.FragmentManagerImpl.moveToState:854 
07-14 15:07:26.932 I/ActivityManager(  374): START u0 {act=android.intent.action.MAIN cmp=com.android.settings/.SubSettings (has extras)} from pid 15586
07-14 15:07:27.205 W/ContextImpl(15586): Calling a method in the system process without a qualified user: android.app.ContextImpl.bindService:1439 android.content.ContextWrapper.bindService:496 com.android.settings.applications.ManageApplications.onCreate:861 android.app.Fragment.performCreate:1673 android.app.FragmentManagerImpl.moveToState:854 
07-14 15:07:28.580 I/ActivityManager(  374): START u0 {act=com.android.systemui.recent.action.TOGGLE_RECENTS flg=0x10800000 cmp=com.android.systemui/.recent.RecentsActivity (has extras)} from pid 450
07-14 15:07:30.612 I/ActivityManager(  374): START u0 {act=com.android.systemui.recent.action.TOGGLE_RECENTS flg=0x10800000 cmp=com.android.systemui/.recent.RecentsActivity} from pid 450
07-14 15:07:32.494 I/ActivityManager(  374): START u0 {act=android.intent.action.MAIN cat=[android.intent.category.HOME] flg=0x10200000 cmp=com.android.launcher/com.android.launcher2.Launcher} from pid 374
07-14 15:07:36.026 I/ActivityManager(  374): START u0 {act=android.intent.action.MAIN cat=[android.intent.category.HOME] flg=0x10200000 cmp=com.android.launcher/com.android.launcher2.Launcher} from pid 374
07-14 15:07:36.127 W/InputMethodManagerService(  374): Window already focused, ignoring focus gain of: com.android.internal.view.IInputMethodClient$Stub$Proxy@42ec5950 attribute=null, token = android.os.BinderProxy@42ea3d30
07-14 15:07:37.127 I/ActivityManager(  374): START u0 {act=com.android.systemui.recent.action.TOGGLE_RECENTS flg=0x10800000 cmp=com.android.systemui/.recent.RecentsActivity} from pid 450
07-14 15:07:51.494 I/ActivityManager(  374): START u0 {act=android.intent.action.MAIN cmp=com.android.settings/.SubSettings (has extras)} from pid 15586
07-14 15:07:57.393 I/ActivityManager(  374): Config changes=1480 {1.0 460mcc1mnc zh_CN ldltr sw360dp w598dp h335dp 320dpi nrml land finger -keyb/v/h -nav/h s.7}
07-14 15:07:57.502 I/ActivityManager(  374): Start proc android.process.acore for content provider com.android.providers.contacts/.ContactsProvider2: pid=15860 uid=10000 gids={50000, 3003, 1015, 1028}
07-14 15:07:57.893 I/WindowManager(  374): Screen frozen for +608ms due to Window{42ba8a10 u0 com.android.settings/com.android.settings.SubSettings}
07-14 15:07:59.658 I/ActivityManager(  374): Config changes=1480 {1.0 460mcc1mnc zh_CN ldltr sw360dp w360dp h567dp 320dpi nrml port finger -keyb/v/h -nav/h s.8}
07-14 15:08:00.166 I/WindowManager(  374): Screen frozen for +611ms due to Window{42baec00 u0 com.android.settings/com.android.settings.SubSettings}
07-14 15:08:10.026 I/ActivityManager(  374): START u0 {act=android.intent.action.MAIN cmp=com.android.settings/.SubSettings (has extras)} from pid 15586
07-14 15:08:10.229 W/ContextImpl(15586): Calling a method in the system process without a qualified user: android.app.ContextImpl.bindService:1439 android.content.ContextWrapper.bindService:496 com.android.settings.applications.ManageApplications.onCreate:861 android.app.Fragment.performCreate:1673 android.app.FragmentManagerImpl.moveToState:854 
07-14 15:08:11.127 I/ActivityManager(  374): Process android.process.media (pid 13490) has died.
07-14 15:08:14.041 I/ActivityManager(  374): START u0 {act=android.intent.action.MAIN cmp=com.android.settings/.SubSettings (has extras)} from pid 15586
07-14 15:08:33.362 I/ActivityManager(  374): START u0 {act=android.intent.action.MAIN cat=[android.intent.category.LAUNCHER] flg=0x10200000 cmp=com.android.settings/.Settings} from pid 595
07-14 15:08:33.752 D/WifiService(  374): setWifiEnabled: true pid=15586, uid=1000
07-14 15:08:36.158 I/ActivityManager(  374): START u0 {act=android.intent.action.MAIN cmp=com.android.settings/.SubSettings (has extras)} from pid 15586
07-14 15:08:37.010 I/ActivityManager(  374): Process com.google.android.gsf.login (pid 15772) has died.
07-14 15:08:40.573 I/ActivityManager(  374): START u0 {act=android.intent.action.MAIN cmp=com.android.settings/.SubSettings (has extras)} from pid 15586
07-14 15:08:54.862 I/BackupManagerService(  374): Backup enabled => true
07-14 15:09:01.940 W/InputMethodManagerService(  374): Window already focused, ignoring focus gain of: com.android.internal.view.IInputMethodClient$Stub$Proxy@42c03d48 attribute=null, token = android.os.BinderProxy@42f6b3e0
07-14 15:09:05.674 I/BackupManagerService(  374): Backup enabled => false
07-14 15:09:05.690 I/BackupManagerService(  374): Opting out of backup
07-14 15:09:05.698 I/BackupManagerService(  374): recordInitPendingLocked: true on transport android/com.android.internal.backup.LocalTransport
07-14 15:09:05.698 I/BackupManagerService(  374): recordInitPendingLocked: true on transport com.google.android.backup/.BackupTransportService
07-14 15:09:05.705 V/BackupManagerService(  374): Running a device init
07-14 15:09:05.713 I/BackupManagerService(  374): Initializing (wiping) backup transport storage: android/com.android.internal.backup.LocalTransport
07-14 15:09:05.713 I/BackupManagerService(  374): Device init successful
07-14 15:09:05.768 I/BackupManagerService(  374): recordInitPendingLocked: false on transport android/com.android.internal.backup.LocalTransport
07-14 15:09:05.768 I/BackupManagerService(  374): Initializing (wiping) backup transport storage: com.google.android.backup/.BackupTransportService
07-14 15:09:05.768 E/BackupManagerService(  374): Transport error in initializeDevice()
07-14 15:09:05.768 I/BackupManagerService(  374): recordInitPendingLocked: true on transport com.google.android.backup/.BackupTransportService
07-14 15:09:05.768 W/BackupManagerService(  374): init failed on com.google.android.backup/.BackupTransportService resched in 604800000
07-14 15:09:05.783 W/InputMethodManagerService(  374): Window already focused, ignoring focus gain of: com.android.internal.view.IInputMethodClient$Stub$Proxy@42d5aed0 attribute=null, token = android.os.BinderProxy@42f6b3e0
07-14 15:09:10.580 I/ActivityManager(  374): START u0 {act=android.intent.action.MAIN cmp=com.android.settings/.SubSettings (has extras)} from pid 15586
07-14 15:09:27.440 I/ActivityManager(  374): START u0 {act=android.intent.action.MAIN cmp=com.android.settings/.SubSettings (has extras)} from pid 15586
07-14 15:09:27.690 E/Cryptfs (  117): not running with encryption, aborting
07-14 15:09:50.229 I/ActivityManager(  374): START u0 {act=android.intent.action.MAIN cmp=com.android.settings/.SubSettings (has extras)} from pid 15586
07-14 15:09:50.432 W/ContextImpl(15586): Calling a method in the system process without a qualified user: android.app.ContextImpl.bindService:1439 android.content.ContextWrapper.bindService:496 com.android.settings.applications.ManageApplications.onCreate:861 android.app.Fragment.performCreate:1673 android.app.FragmentManagerImpl.moveToState:854 
07-14 15:09:59.994 I/ActivityManager(  374): No longer want com.dragon.android.pandaspace:bdservice_v1 (pid 13800): empty for 1804s
07-14 15:10:00.033 W/ActivityManager(  374): Scheduling restart of crashed service com.dragon.android.pandaspace/com.baidu.android.moplus.MoPlusService in 5000ms
07-14 15:10:01.526 I/ActivityManager(  374): START u0 {act=android.intent.action.MAIN cmp=com.android.settings/.SubSettings (has extras)} from pid 15586
07-14 15:10:05.049 I/ActivityManager(  374): Start proc com.dragon.android.pandaspace:bdservice_v1 for service com.dragon.android.pandaspace/com.baidu.android.moplus.MoPlusService: pid=15933 uid=10081 gids={50081, 1015, 3003, 1006, 1028}
07-14 15:10:23.002 I/ActivityManager(  374): START u0 {act=android.intent.action.MAIN cmp=com.android.settings/.SubSettings (has extras)} from pid 15586
07-14 15:10:25.455 I/ActivityManager(  374): Process com.qihoo.appstore (pid 2060) has died.
07-14 15:10:25.463 W/ActivityManager(  374): Scheduling restart of crashed service com.qihoo.appstore/.express.DownloadCoreService in 5000ms
07-14 15:10:36.651 I/ActivityManager(  374): START u0 {act=android.intent.action.MAIN cat=[android.intent.category.LAUNCHER] flg=0x10200000 cmp=com.pekall.emdm/.ui.SplashActivity} from pid 595
07-14 15:10:38.612 I/ActivityManager(  374): START u0 {cmp=com.pekall.emdm/.ui.MainActivity} from pid 14510
07-14 15:10:39.362 V/PanelView(  450): animationTick called with dtms=0; nothing to do (h=1085.0 v=708.2205)
07-14 15:10:39.362 V/PanelView(  450): animationTick called with dtms=-7; nothing to do (h=1085.0 v=708.2205)
07-14 15:10:39.987 V/PanelView(  450): animationTick called with dtms=0; nothing to do (h=707.0 v=-4173.3223)
07-14 15:10:39.987 V/PanelView(  450): animationTick called with dtms=-4; nothing to do (h=707.0 v=-4173.3223)
07-14 15:10:40.252 W/InputMethodManagerService(  374): Window already focused, ignoring focus gain of: com.android.internal.view.IInputMethodClient$Stub$Proxy@42e3e108 attribute=null, token = android.os.BinderProxy@42f55760
07-14 15:10:41.119 I/ActivityManager(  374): START u0 {cmp=com.pekall.emdm/.market.activity.AppListActivity} from pid 14510
07-14 15:10:45.604 I/ActivityManager(  374): START u0 {act=android.intent.action.VIEW dat=market://search?q=pname:hjhk.hjhkPkg cmp=android/com.android.internal.app.ResolverActivity} from pid 14510
07-14 15:10:45.791 I/ActivityManager(  374): Start proc system:ui for activity android/com.android.internal.app.ResolverActivity: pid=15990 uid=1000 gids={41000, 1015, 1028, 3002, 3001, 3003, 3007}
07-14 15:11:01.893 I/ActivityManager(  374): Start proc com.qihoo.appstore for service com.qihoo.appstore/.express.DownloadCoreService: pid=16002 uid=10064 gids={50064, 3003, 1015, 3002, 1006, 3001, 1028}
07-14 15:11:07.830 I/ActivityManager(  374): START u0 {act=android.intent.action.VIEW dat=market://search?q=pname:hjhk.hjhkPkg flg=0x3000000 cmp=com.qihoo.appstore/.activities.SearchDistributionActivity} from pid 15990
07-14 15:11:08.033 I/ActivityManager(  374): START u0 {cmp=com.qihoo.appstore/.activities.MainActivity (has extras)} from pid 16002
07-14 15:11:25.018 E/ActivityThread(16002): Failed to find provider info for com.qihoo.antivirus.sync.MSSyncProvider
07-14 15:11:25.440 W/ActivityManager(  374): No content provider found for permission revoke: file:///storage/emulated/0/360Download/85160EED11FBAE5E019C120A6B4000F3
07-14 15:11:35.502 I/PackageManager(  374): Verification timed out for file:///storage/emulated/0/360Download/85160EED11FBAE5E019C120A6B4000F3
07-14 15:11:35.502 I/PackageManager(  374): Continuing with installation of file:///storage/emulated/0/360Download/85160EED11FBAE5E019C120A6B4000F3
07-14 15:11:35.541 W/ActivityManager(  374): No content provider found for permission revoke: file:///storage/emulated/0/360Download/85160EED11FBAE5E019C120A6B4000F3
07-14 15:11:35.541 I/PackageManager(  374): Copying native libraries to /data/app-lib/vmdl1676963628
07-14 15:11:35.815 I/ActivityManager(  374): Force stopping package hjhk.hjhkPkg appid=10083 user=-1
07-14 15:11:36.416 I/ActivityManager(  374): Start proc com.google.android.gallery3d for broadcast com.google.android.gallery3d/com.android.gallery3d.app.PackagesMonitor: pid=16134 uid=10019 gids={50019, 1006, 3003, 1015, 1028}
07-14 15:11:36.440 I/ActivityManager(  374): Start proc com.qihoo360.mobilesafe for service com.qihoo360.mobilesafe/.service.GuardDelegateService: pid=16139 uid=10072 gids={50072, 3003, 1015, 3001, 3002, 1006, 1028}
07-14 15:11:36.635 D/BackupManagerService(  374): Received broadcast Intent { act=android.intent.action.PACKAGE_ADDED dat=package:hjhk.hjhkPkg flg=0x8000010 (has extras) }
07-14 15:11:36.643 V/BackupManagerService(  374): addPackageParticipantsLocked: #1
07-14 15:11:36.698 I/ActivityManager(  374): Start proc com.qihoo360.mobilesafe:scan for service com.qihoo360.mobilesafe/com.qihoo.security.services.DeepScanService: pid=16158 uid=10072 gids={50072, 3003, 1015, 3001, 3002, 1006, 1028}
07-14 15:11:37.088 I/ActivityManager(  374): Start proc android.process.media for content provider com.android.providers.media/.MediaProvider: pid=16174 uid=10015 gids={50015, 1015, 1023, 1024, 1028, 2001, 3003, 3007}
07-14 15:11:37.315 I/ActivityManager(  374): Start proc com.google.android.partnersetup for broadcast com.google.android.partnersetup/.RlzPingBroadcastReceiver: pid=16194 uid=10027 gids={50027, 3003, 1028}
07-14 15:11:37.424 I/ActivityManager(  374): Start proc com.qihoo360.mobilesafe:engine for service com.qihoo360.mobilesafe/com.qihoo.security.services.ScanEngineService: pid=16209 uid=10072 gids={50072, 3003, 1015, 3001, 3002, 1006, 1028}
07-14 15:11:37.658 I/ActivityManager(  374): Start proc com.android.musicfx for broadcast com.android.musicfx/.Compatibility$Receiver: pid=16231 uid=10042 gids={50042, 3003, 3002, 1028}
07-14 15:11:38.299 I/ActivityManager(  374): Start proc com.google.android.apps.plus for broadcast com.google.android.apps.plus/.service.PackagesMediaMonitor: pid=16257 uid=10048 gids={50048, 3003, 3002, 1015, 1006, 1028}
07-14 15:11:38.573 I/ActivityManager(  374): Process com.android.settings (pid 15586) has died.
07-14 15:11:41.744 W/PackageParser(  636): No actions in intent filter at /storage/emulated/0/Download/emmp.apk Binary XML file line #687
07-14 15:11:41.948 I/ActivityManager(  374): Start proc com.google.android.gms for broadcast com.google.android.gms/.games.receiver.GamesSystemBroadcastReceiver: pid=16292 uid=10009 gids={50009, 3003, 1007, 1028, 1015, 1006, 2001, 3006}
07-14 15:11:41.955 I/ActivityManager(  374): Process system:ui (pid 15990) has died.
07-14 15:11:42.010 W/PackageParser(  636): No actions in intent filter at /storage/emulated/0/Download/emmp-1.apk Binary XML file line #687
07-14 15:11:42.276 W/PackageParser(  636): No actions in intent filter at /storage/emulated/0/360Download/Pekall.apk Binary XML file line #685
07-14 15:11:42.291 W/ActivityManager(  374): Unable to start service Intent { act=com.google.android.gms.analytics.service.START (has extras) } U=0: not found
07-14 15:11:42.385 I/ActivityManager(  374): Start proc com.google.android.googlequicksearchbox for broadcast com.google.android.googlequicksearchbox/com.google.android.apps.sidekick.GmmLocationProviderImpl$GmmPackageWatcher: pid=16311 uid=10056 gids={50056, 3003, 1028, 1007, 3002, 1015}
07-14 15:11:42.502 W/PackageParser(  636): Unknown element under <application>: intent-filter at /storage/emulated/0/360MobileSafe_5.2.3.1061.apk Binary XML file line #1165
07-14 15:11:42.518 W/PackageParser(  636): Unknown element under <application>: intent-filter at /storage/emulated/0/360MobileSafe_5.2.3.1061.apk Binary XML file line #1423
07-14 15:11:43.526 I/ActivityManager(  374): Start proc com.noshufou.android.su for broadcast com.noshufou.android.su/.InstallReceiver: pid=16389 uid=10077 gids={50077, 3003, 1015, 1028}
07-14 15:11:43.760 I/ActivityManager(  374): Start proc com.google.android.gsf.login for service com.google.android.gms/.recovery.AccountRecoveryBackgroundService: pid=16404 uid=10009 gids={50009, 3003, 1007, 1028, 1015, 1006, 2001, 3006}
07-14 15:11:43.846 I/ActivityManager(  374): Process android.process.acore (pid 15860) has died.
07-14 15:11:47.307 W/ActivityManager(  374): Unable to start service Intent { act=com.google.android.gms.analytics.service.START (has extras) } U=0: not found
07-14 15:11:48.174 W/ActivityManager(  374): Unable to start service Intent { act=com.google.android.gms.analytics.service.START (has extras) } U=0: not found
07-14 15:11:48.221 I/ActivityManager(  374): Process com.qihoo360.mobilesafe (pid 16139) has died.
07-14 15:11:49.229 I/ActivityManager(  374): Process com.google.android.apps.plus (pid 16257) has died.
07-14 15:11:53.190 W/ActivityManager(  374): Unable to start service Intent { act=com.google.android.gms.analytics.service.START (has extras) } U=0: not found
07-14 15:12:46.158 W/PackageManager(  374): Invalid verification token 4 received
07-14 15:12:51.783 I/ActivityManager(  374): Process com.qihoo360.mobilesafe:scan (pid 16158) has died.
07-14 15:12:51.783 I/ActivityManager(  374): Process com.qihoo360.mobilesafe:engine (pid 16209) has died.
07-14 15:13:24.815 I/ActivityManager(  374): START u0 {act=android.intent.action.MAIN cat=[android.intent.category.LAUNCHER] flg=0x10200000 cmp=com.android.settings/.Settings} from pid 595
07-14 15:13:25.057 I/ActivityManager(  374): Start proc com.android.settings for activity com.android.settings/.Settings: pid=16585 uid=1000 gids={41000, 1015, 1028, 3002, 3001, 3003, 3007}
07-14 15:13:25.369 W/ContextImpl(16585): Calling a method in the system process without a qualified user: android.app.ContextImpl.bindService:1439 android.content.ContextWrapper.bindService:496 android.bluetooth.BluetoothInputDevice.<init>:240 android.bluetooth.BluetoothAdapter.getProfileProxy:1168 com.android.settings.bluetooth.LocalBluetoothAdapter.getProfileProxy:94 
07-14 15:13:25.369 W/ContextImpl(16585): Calling a method in the system process without a qualified user: android.app.ContextImpl.bindService:1439 android.content.ContextWrapper.bindService:496 android.bluetooth.BluetoothPan.<init>:141 android.bluetooth.BluetoothAdapter.getProfileProxy:1171 com.android.settings.bluetooth.PanProfile.<init>:73 
07-14 15:13:25.377 W/ContextImpl(16585): Calling a method in the system process without a qualified user: android.app.ContextImpl.bindService:1439 android.content.ContextWrapper.bindService:496 android.bluetooth.BluetoothPbap.<init>:161 com.android.settings.bluetooth.PbapServerProfile.<init>:68 com.android.settings.bluetooth.LocalBluetoothProfileManager.<init>:124 
07-14 15:13:25.643 D/WifiService(  374): setWifiEnabled: true pid=16585, uid=1000
07-14 15:13:27.799 I/ActivityManager(  374): START u0 {act=android.intent.action.MAIN cmp=com.android.settings/.SubSettings (has extras)} from pid 16585
07-14 15:13:28.002 W/ContextImpl(16585): Calling a method in the system process without a qualified user: android.app.ContextImpl.bindService:1439 android.content.ContextWrapper.bindService:496 com.android.settings.applications.ManageApplications.onCreate:861 android.app.Fragment.performCreate:1673 android.app.FragmentManagerImpl.moveToState:854 
07-14 15:13:30.283 I/ActivityManager(  374): Process com.google.android.gallery3d (pid 16134) has died.
07-14 15:13:59.354 I/ActivityManager(  374): Process android.process.media (pid 16174) has died.
07-14 15:14:21.963 I/ActivityManager(  374): START u0 {act=android.intent.action.MAIN cmp=com.android.settings/.SubSettings (has extras)} from pid 16585
07-14 15:14:22.846 I/ActivityManager(  374): Process com.google.android.partnersetup (pid 16194) has died.
07-14 15:14:23.049 I/ActivityManager(  374): Process com.android.musicfx (pid 16231) has died.
07-14 15:14:33.073 W/ViewRootImpl(  595): Dropping event due to no window focus: KeyEvent { action=ACTION_DOWN, keyCode=KEYCODE_BACK, scanCode=0, metaState=0, flags=0x48, repeatCount=0, eventTime=12211392, downTime=12211392, deviceId=-1, source=0x101 }
07-14 15:15:01.533 I/ActivityManager(  374): START u0 {act=android.intent.action.DELETE dat=package:hjhk.hjhkPkg flg=0x10000000 cmp=com.android.packageinstaller/.UninstallerActivity} from pid 14510
07-14 15:15:01.713 I/ActivityManager(  374): Start proc com.android.packageinstaller for activity com.android.packageinstaller/.UninstallerActivity: pid=16624 uid=10045 gids={50045, 1028}
07-14 15:15:01.924 I/ActivityManager(  374): Process com.google.android.googlequicksearchbox (pid 16311) has died.
07-14 15:15:05.190 I/ActivityManager(  374): START u0 {act=android.intent.action.VIEW cmp=com.android.packageinstaller/.UninstallAppProgress (has extras)} from pid 16624
07-14 15:15:05.424 I/ActivityManager(  374): Force stopping package hugh.android.app.zidian appid=10073 user=-1
07-14 15:15:05.440 W/PackageManager(  374): Couldn't delete native library directory /data/app-lib/hugh.android.app.zidian
07-14 15:15:05.658 I/ActivityManager(  374): Force stopping package hugh.android.app.zidian appid=10073 user=0
07-14 15:15:06.033 I/ActivityManager(  374): Process com.google.android.gsf.login (pid 16404) has died.
07-14 15:15:06.166 D/BackupManagerService(  374): Received broadcast Intent { act=android.intent.action.PACKAGE_REMOVED dat=package:hugh.android.app.zidian flg=0x8000010 (has extras) }
07-14 15:15:06.166 V/BackupManagerService(  374): removePackageParticipantsLocked: uid=10073 #1
07-14 15:15:06.260 W/BackupManagerService(  374): dataChanged but no participant pkg='com.android.providers.settings' uid=10079
07-14 15:15:06.362 I/ActivityManager(  374): Start proc android.process.acore for broadcast com.android.providers.contacts/.PackageIntentReceiver: pid=16654 uid=10000 gids={50000, 3003, 1015, 1028}
07-14 15:15:06.541 W/BackupManagerService(  374): dataChanged but no participant pkg='com.android.providers.settings' uid=10079
07-14 15:15:06.674 I/ActivityManager(  374): Process com.noshufou.android.su (pid 16389) has died.
07-14 15:15:06.783 I/ActivityManager(  374): Start proc com.google.android.gallery3d for broadcast com.google.android.gallery3d/com.android.gallery3d.app.PackagesMonitor: pid=16671 uid=10019 gids={50019, 1006, 3003, 1015, 1028}
07-14 15:15:07.080 I/ActivityManager(  374): Start proc android.process.media for content provider com.android.providers.media/.MediaProvider: pid=16688 uid=10015 gids={50015, 1015, 1023, 1024, 1028, 2001, 3003, 3007}
07-14 15:15:07.221 I/ActivityManager(  374): Process com.google.android.gms (pid 16292) has died.
07-14 15:15:07.260 I/ActivityManager(  374): Start proc com.android.keychain for broadcast com.android.keychain/.KeyChainBroadcastReceiver: pid=16705 uid=1000 gids={41000, 1015, 1028, 3002, 3001, 3003, 3007}
07-14 15:15:07.315 W/ContextImpl(16705): Calling a method in the system process without a qualified user: android.app.ContextImpl.startService:1385 android.content.ContextWrapper.startService:473 android.content.ContextWrapper.startService:473 com.android.keychain.KeyChainBroadcastReceiver.onReceive:12 android.app.ActivityThread.handleReceiver:2424 
07-14 15:15:07.424 I/ActivityManager(  374): Start proc com.android.musicfx for broadcast com.android.musicfx/.Compatibility$Receiver: pid=16720 uid=10042 gids={50042, 3003, 3002, 1028}
07-14 15:15:07.596 I/ActivityManager(  374): Start proc com.google.android.apps.plus for broadcast com.google.android.apps.plus/.service.PackagesMediaMonitor: pid=16737 uid=10048 gids={50048, 3003, 3002, 1015, 1006, 1028}
07-14 15:15:07.987 I/ActivityManager(  374): Process com.android.settings (pid 16585) has died.
07-14 15:15:10.596 I/ActivityManager(  374): Start proc com.google.android.gms for broadcast com.google.android.gms/.games.receiver.GamesSystemBroadcastReceiver: pid=16756 uid=10009 gids={50009, 3003, 1007, 1028, 1015, 1006, 2001, 3006}
07-14 15:15:11.057 I/ActivityManager(  374): Start proc com.google.android.googlequicksearchbox for broadcast com.google.android.googlequicksearchbox/com.google.android.apps.sidekick.GmmLocationProviderImpl$GmmPackageWatcher: pid=16781 uid=10056 gids={50056, 3003, 1028, 1007, 3002, 1015}
07-14 15:15:11.510 I/ActivityManager(  374): Start proc com.google.android.partnersetup for content provider com.google.android.partnersetup/.RlzAppProvider: pid=16798 uid=10027 gids={50027, 3003, 1028}
07-14 15:15:12.174 W/ActivityManager(  374): Unable to start service Intent { act=com.google.android.gms.analytics.service.START (has extras) } U=0: not found
07-14 15:15:12.260 I/ActivityManager(  374): Start proc com.noshufou.android.su for broadcast com.noshufou.android.su/.UninstallReceiver: pid=16880 uid=10077 gids={50077, 3003, 1015, 1028}
07-14 15:15:12.385 I/ActivityManager(  374): Process com.android.packageinstaller (pid 16624) has died.
07-14 15:15:12.541 I/ActivityManager(  374): Start proc com.qihoo.root for broadcast com.qihoo.root/.UninstallReceiver: pid=16897 uid=10078 gids={50078, 1015, 3003, 1028}
07-14 15:15:13.065 I/ActivityManager(  374): Start proc com.google.android.gsf.login for service com.google.android.gms/.recovery.AccountRecoveryBackgroundService: pid=16913 uid=10009 gids={50009, 3003, 1007, 1028, 1015, 1006, 2001, 3006}
07-14 15:15:13.237 I/ActivityManager(  374): No longer want com.qihoo.appstore (pid 16002): empty #17
07-14 15:15:13.276 W/ActivityManager(  374): Scheduling restart of crashed service com.qihoo.appstore/.express.DownloadCoreService in 5000ms
07-14 15:15:13.283 I/ActivityManager(  374): No longer want com.qihoo.daemon (pid 6152): empty #17
07-14 15:15:13.299 W/ActivityManager(  374): Scheduling restart of crashed service com.qihoo.appstore/com.qihoo.express.mini.service.DaemonCoreService in 5000ms
07-14 15:15:16.823 W/ActivityManager(  374): Unable to start service Intent { act=com.google.android.gms.analytics.service.START (has extras) } U=0: not found
07-14 15:15:17.182 W/ActivityManager(  374): Unable to start service Intent { act=com.google.android.gms.analytics.service.START (has extras) } U=0: not found
07-14 15:15:17.752 I/ActivityManager(  374): START u0 {act=android.intent.action.MAIN cat=[android.intent.category.LAUNCHER] flg=0x10200000 cmp=com.pekall.emdm/.ui.SplashActivity} from pid 595
07-14 15:15:18.330 I/ActivityManager(  374): Start proc com.qihoo.daemon for service com.qihoo.appstore/com.qihoo.express.mini.service.DaemonCoreService: pid=16938 uid=10064 gids={50064, 3003, 1015, 3002, 1006, 3001, 1028}
07-14 15:15:19.221 I/ActivityManager(  374): Start proc com.qihoo.appstore for service com.qihoo.appstore/.express.DownloadCoreService: pid=16962 uid=10064 gids={50064, 3003, 1015, 3002, 1006, 3001, 1028}
07-14 15:15:19.565 I/ActivityManager(  374): START u0 {cmp=com.pekall.emdm/.ui.MainActivity} from pid 14510
07-14 15:15:21.830 W/ActivityManager(  374): Unable to start service Intent { act=com.google.android.gms.analytics.service.START (has extras) } U=0: not found
07-14 15:15:22.729 I/ActivityManager(  374): START u0 {cmp=com.pekall.emdm/.market.activity.AppListActivity} from pid 14510
07-14 15:15:59.190 I/ActivityManager(  374): START u0 {act=android.intent.action.MAIN cat=[android.intent.category.LAUNCHER] flg=0x10200000 cmp=com.pekall.emdm/.ui.SplashActivity} from pid 595
07-14 15:16:00.908 I/ActivityManager(  374): START u0 {cmp=com.pekall.emdm/.ui.MainActivity} from pid 14510
07-14 15:16:02.752 I/ActivityManager(  374): START u0 {cmp=com.pekall.emdm/.market.activity.AppListActivity} from pid 14510
07-14 15:16:07.237 I/ActivityManager(  374): START u0 {act=android.intent.action.VIEW dat=market://search?q=pname:hjhk.hjhkPkg cmp=android/com.android.internal.app.ResolverActivity} from pid 14510
07-14 15:16:07.401 I/ActivityManager(  374): Start proc system:ui for activity android/com.android.internal.app.ResolverActivity: pid=17145 uid=1000 gids={41000, 1015, 1028, 3002, 3001, 3003, 3007}
07-14 15:16:09.737 W/InputMethodManagerService(  374): Window already focused, ignoring focus gain of: com.android.internal.view.IInputMethodClient$Stub$Proxy@42f78aa8 attribute=null, token = android.os.BinderProxy@431814e0
