07-14 15:46:46.510 D/ProxyApplication(20297): attachBaseContext mCurrentProcessName : com.qihoo.appstore
07-14 15:46:46.518 D/ProxyApplication(20297): attachBaseContext mIsConfigProcesso : false
07-14 15:46:46.526 D/dalvikvm(20295): Trying to load lib libnativehelper.so 0x0
07-14 15:46:46.526 D/dalvikvm(20295): Added shared lib libnativehelper.so 0x0
07-14 15:46:46.619 D/dalvikvm(  374): GC_CONCURRENT freed 1538K, 22% free 22858K/29200K, paused 8ms+32ms, total 492ms
07-14 15:46:46.807 D/AndroidRuntime(20295): Calling main entry com.qihoo360.powerctl.root.app.App
07-14 15:46:46.807 D/AndroidRuntime(20295): Shutting down VM
07-14 15:46:46.807 I/AndroidRuntime(20295): NOTE: attach of thread 'Binder_1' failed
07-14 15:46:46.815 D/dalvikvm(20295): GC_CONCURRENT freed 114K, 22% free 467K/592K, paused 1ms+0ms, total 4ms
07-14 15:46:46.830 E/MyLog   (20297): ZY>>LOGD=false
07-14 15:46:46.924 D/dalvikvm(20297): GC_CONCURRENT freed 309K, 4% free 9124K/9468K, paused 3ms+5ms, total 56ms
07-14 15:46:46.924 D/dalvikvm(20297): WAIT_FOR_CONCURRENT_GC blocked 2ms
07-14 15:46:46.932 D/dalvikvm(20297): WAIT_FOR_CONCURRENT_GC blocked 12ms
07-14 15:46:46.940 D/dalvikvm(20297): Trying to load lib /data/data/com.qihoo.appstore/files/baohecachefileaV2 0x4280ac18
07-14 15:46:46.940 D/dalvikvm(20297): Added shared lib /data/data/com.qihoo.appstore/files/baohecachefileaV2 0x4280ac18
07-14 15:46:46.940 D/dalvikvm(20297): No JNI_OnLoad found in /data/data/com.qihoo.appstore/files/baohecachefileaV2 0x4280ac18, skipping init
07-14 15:46:47.041 D/dalvikvm(20297): Trying to load lib /data/data/com.qihoo.appstore/app_MyLibs/libMyCore2.so 0x4280ac18
07-14 15:46:47.041 D/dalvikvm(20297): Added shared lib /data/data/com.qihoo.appstore/app_MyLibs/libMyCore2.so 0x4280ac18
07-14 15:46:47.041 W/dalvikvm(20297): Unable to register: not native: Lcom/qihoo/helper/NativeHelper;.a:(Landroid/content/Context;)Z
07-14 15:46:47.182 D/dalvikvm(20297): GC_CONCURRENT freed 404K, 5% free 9178K/9628K, paused 3ms+6ms, total 36ms
07-14 15:46:47.377 D/dalvikvm(20297): GC_CONCURRENT freed 259K, 4% free 9424K/9724K, paused 3ms+5ms, total 36ms
07-14 15:46:47.377 D/dalvikvm(20297): WAIT_FOR_CONCURRENT_GC blocked 12ms
07-14 15:46:47.463 D/dalvikvm(20297): GC_CONCURRENT freed 259K, 4% free 9662K/9972K, paused 3ms+3ms, total 30ms
07-14 15:46:47.463 D/dalvikvm(20297): WAIT_FOR_CONCURRENT_GC blocked 14ms
07-14 15:46:47.666 I/QueryController(20276): Matched selector: UiSelector[DESCRIPTION=] <<==>> [android.view.accessibility.AccessibilityNodeInfo@4d40e6; boundsInParent: Rect(0, 0 - 720, 756); boundsInScreen: Rect(0, 547 - 720, 1303); packageName: android; className: android.view.View; text: null; contentDescription: ; viewIdResName: android:id/glow_pad_view; checkable: false; checked: false; focusable: false; focused: false; selected: false; clickable: false; longClickable: false; enabled: true; password: false; scrollable: false; [ACTION_SELECT, ACTION_CLEAR_SELECTION, ACTION_ACCESSIBILITY_FOCUS, ACTION_NEXT_AT_MOVEMENT_GRANULARITY, ACTION_PREVIOUS_AT_MOVEMENT_GRANULARITY, ACTION_SET_SELECTION]]
07-14 15:46:47.682 W/GlowPadView(  374): The number of target drawables must be equal to the number of direction descriptions.
07-14 15:46:47.698 D/dalvikvm(20297): GC_CONCURRENT freed 318K, 4% free 9739K/10096K, paused 3ms+3ms, total 56ms
07-14 15:46:48.049 D/MdmApplication(14510): [null:-1]->onActivityStarted market.activity.AppListActivity , mActivityCount = 7
07-14 15:46:48.049 D/MDM :   (14510): [null:-1]->query
07-14 15:46:48.049 D/MDM :   (14510): [null:-1]->QUERY_PINCODE_CHECK_RESULT
07-14 15:46:48.065 D/PhoneStatusBar(  450): disable: < expand icons alerts ticker system_info BACK HOME recent* CLOCK search >
07-14 15:46:48.080 D/NfcService(  582): NFC-C ON
07-14 15:46:48.112 I/CalendarProvider2(20311): Sending notification intent: Intent { act=android.intent.action.PROVIDER_CHANGED dat=content://com.android.calendar }
07-14 15:46:48.151 W/ContentResolver(20311): Failed to get type for: content://com.android.calendar (Unknown URL content://com.android.calendar)
07-14 15:46:48.151 D/PhoneStatusBar(  450): disable: < expand icons alerts ticker system_info back* home* recent clock* search >
07-14 15:46:48.174 D/mdm_log (14510): [null:-1]->has installed by.game.binumbers
07-14 15:46:48.205 W/InputMethodManagerService(  374): Window already focused, ignoring focus gain of: com.android.internal.view.IInputMethodClient$Stub$Proxy@42aaed98 attribute=android.view.inputmethod.EditorInfo@4281d118, token = android.os.BinderProxy@431b3550
07-14 15:46:48.338 I/ActivityManager(  374): Start proc com.google.android.calendar for broadcast com.google.android.calendar/com.android.calendar.alerts.AlertReceiver: pid=20362 uid=10006 gids={50006, 3003, 1028}
07-14 15:46:48.526 D/AlertReceiver(20362): onReceive: a=android.intent.action.PROVIDER_CHANGED Intent { act=android.intent.action.PROVIDER_CHANGED dat=content://com.android.calendar flg=0x10 cmp=com.google.android.calendar/com.android.calendar.alerts.AlertReceiver }
07-14 15:46:48.573 V/TAG     (  374): bug 7643792: fitSystemWindows([0,50][0,0])
07-14 15:46:48.596 D/AlertService(20362): 0 Action = android.intent.action.PROVIDER_CHANGED
07-14 15:46:48.760 D/AndroidRuntime(20360): 
07-14 15:46:48.760 D/AndroidRuntime(20360): >>>>>> AndroidRuntime START com.android.internal.os.RuntimeInit <<<<<<
07-14 15:46:48.760 D/AndroidRuntime(20360): CheckJNI is OFF
07-14 15:46:48.776 D/dalvikvm(20360): Trying to load lib libjavacore.so 0x0
07-14 15:46:48.791 D/dalvikvm(20360): Added shared lib libjavacore.so 0x0
07-14 15:46:48.807 D/dalvikvm(20360): Trying to load lib libnativehelper.so 0x0
07-14 15:46:48.807 D/dalvikvm(20360): Added shared lib libnativehelper.so 0x0
07-14 15:46:48.823 D/dalvikvm( 1052): GC_CONCURRENT freed 265K, 8% free 10382K/11168K, paused 8ms+96ms, total 183ms
07-14 15:46:48.987 I/RootJni (20390): su: permission denied
07-14 15:46:49.088 D/AndroidRuntime(20360): Calling main entry com.qihoo360.powerctl.root.app.App
07-14 15:46:49.088 D/AndroidRuntime(20360): Shutting down VM
07-14 15:46:49.096 D/dalvikvm(20360): GC_CONCURRENT freed 114K, 22% free 467K/592K, paused 0ms+0ms, total 4ms
07-14 15:46:49.096 I/AndroidRuntime(20360): NOTE: attach of thread 'Binder_1' failed
07-14 15:46:49.158 I/QueryController(20276): Matched selector: UiSelector[TEXT=, CLASS=android.widget.TextView] <<==>> [android.view.accessibility.AccessibilityNodeInfo@14baf; boundsInParent: Rect(0, 0 - 144, 48); boundsInScreen: Rect(108, 170 - 252, 218); packageName: com.pekall.emdm; className: android.widget.TextView; text: ; contentDescription: null; viewIdResName: com.pekall.emdm:id/market_tab_text; checkable: false; checked: false; focusable: false; focused: false; selected: false; clickable: false; longClickable: false; enabled: true; password: false; scrollable: false; [ACTION_SELECT, ACTION_CLEAR_SELECTION, ACTION_ACCESSIBILITY_FOCUS, ACTION_NEXT_AT_MOVEMENT_GRANULARITY, ACTION_PREVIOUS_AT_MOVEMENT_GRANULARITY, ACTION_SET_SELECTION]]
07-14 15:46:49.627 I/QueryController(20276): Matched selector: UiSelector[TEXT=, CLASS=android.widget.TextView] <<==>> [android.view.accessibility.AccessibilityNodeInfo@15331; boundsInParent: Rect(0, 0 - 144, 48); boundsInScreen: Rect(468, 170 - 612, 218); packageName: com.pekall.emdm; className: android.widget.TextView; text: ; contentDescription: null; viewIdResName: com.pekall.emdm:id/market_tab_text; checkable: false; checked: false; focusable: false; focused: false; selected: true; clickable: false; longClickable: false; enabled: true; password: false; scrollable: false; [ACTION_SELECT, ACTION_CLEAR_SELECTION, ACTION_ACCESSIBILITY_FOCUS, ACTION_NEXT_AT_MOVEMENT_GRANULARITY, ACTION_PREVIOUS_AT_MOVEMENT_GRANULARITY, ACTION_SET_SELECTION]]
07-14 15:46:49.635 D/InteractionController(20276): clickAndWaitForNewWindow(540, 194)
07-14 15:46:52.737 W/InteractionController(20276): runAndwaitForEvent timedout waiting for events
07-14 15:46:53.151 I/QueryController(20276): Matched selector: UiSelector[TEXT=note] <<==>> [android.view.accessibility.AccessibilityNodeInfo@13168; boundsInParent: Rect(0, 0 - 434, 43); boundsInScreen: Rect(136, 262 - 570, 305); packageName: com.pekall.emdm; className: android.widget.TextView; text: note; contentDescription: null; viewIdResName: com.pekall.emdm:id/market_item_name; checkable: false; checked: false; focusable: false; focused: false; selected: false; clickable: false; longClickable: false; enabled: true; password: false; scrollable: false; [ACTION_SELECT, ACTION_CLEAR_SELECTION, ACTION_ACCESSIBILITY_FOCUS, ACTION_NEXT_AT_MOVEMENT_GRANULARITY, ACTION_PREVIOUS_AT_MOVEMENT_GRANULARITY, ACTION_SET_SELECTION]]
07-14 15:46:53.166 I/AndroidRuntime(20276): VM exiting with result code 0.
07-14 15:46:53.619 D/AlertService(20362): Beginning updateAlertNotification
07-14 15:46:53.635 D/AlertService(20362): No fired or scheduled alerts
07-14 15:46:53.651 D/AlertService(20362): Scheduling next alarm with AlarmScheduler. sEventReminderReceived: null
07-14 15:46:53.666 D/AlarmScheduler(20362): No events found starting within 1 week.
07-14 15:46:55.049 D/AndroidRuntime(20397): 
07-14 15:46:55.049 D/AndroidRuntime(20397): >>>>>> AndroidRuntime START com.android.internal.os.RuntimeInit <<<<<<
07-14 15:46:55.049 D/AndroidRuntime(20397): CheckJNI is OFF
07-14 15:46:55.065 D/dalvikvm(20397): Trying to load lib libjavacore.so 0x0
07-14 15:46:55.073 D/dalvikvm(20397): Added shared lib libjavacore.so 0x0
07-14 15:46:55.088 D/dalvikvm(20397): Trying to load lib libnativehelper.so 0x0
07-14 15:46:55.088 D/dalvikvm(20397): Added shared lib libnativehelper.so 0x0
07-14 15:46:55.307 D/AndroidRuntime(20397): Calling main entry com.android.commands.uiautomator.Launcher
07-14 15:46:55.346 E/UiDevice(20397): Exceuting watcher: ANRWatcher
07-14 15:46:55.346 E/UiDevice(20397): java.lang.RuntimeException: UiDevice not initialized
07-14 15:46:55.346 E/UiDevice(20397): 	at com.android.uiautomator.core.UiDevice.getAutomatorBridge(UiDevice.java:87)
07-14 15:46:55.346 E/UiDevice(20397): 	at com.android.uiautomator.core.UiDevice.wakeUp(UiDevice.java:719)
07-14 15:46:55.346 E/UiDevice(20397): 	at com.pekall.test.mdmui.util.UiANRWatcher.checkForCondition(UiANRWatcher.java:23)
07-14 15:46:55.346 E/UiDevice(20397): 	at com.android.uiautomator.core.UiDevice.runWatchers(UiDevice.java:554)
07-14 15:46:55.346 E/UiDevice(20397): 	at com.pekall.test.mdmui.util.UiANRWatcher.run(UiANRWatcher.java:41)
07-14 15:46:55.346 E/UiDevice(20397): 	at com.pekall.test.mdmui.App.<clinit>(App.java:24)
07-14 15:46:55.346 E/UiDevice(20397): 	at java.lang.Class.newInstanceImpl(Native Method)
07-14 15:46:55.346 E/UiDevice(20397): 	at java.lang.Class.newInstance(Class.java:1130)
07-14 15:46:55.346 E/UiDevice(20397): 	at com.android.uiautomator.testrunner.TestCaseCollector.addSingleTestMethod(TestCaseCollector.java:110)
07-14 15:46:55.346 E/UiDevice(20397): 	at com.android.uiautomator.testrunner.TestCaseCollector.addTestClass(TestCaseCollector.java:86)
07-14 15:46:55.346 E/UiDevice(20397): 	at com.android.uiautomator.testrunner.TestCaseCollector.addTestClass(TestCaseCollector.java:72)
07-14 15:46:55.346 E/UiDevice(20397): 	at com.android.uiautomator.testrunner.TestCaseCollector.addTestClasses(TestCaseCollector.java:53)
07-14 15:46:55.346 E/UiDevice(20397): 	at com.android.uiautomator.testrunner.UiAutomatorTestRunner.start(UiAutomatorTestRunner.java:106)
07-14 15:46:55.346 E/UiDevice(20397): 	at com.android.uiautomator.testrunner.UiAutomatorTestRunner.run(UiAutomatorTestRunner.java:96)
07-14 15:46:55.346 E/UiDevice(20397): 	at com.android.commands.uiautomator.RunTestCommand.run(RunTestCommand.java:91)
07-14 15:46:55.346 E/UiDevice(20397): 	at com.android.commands.uiautomator.Launcher.main(Launcher.java:83)
07-14 15:46:55.346 E/UiDevice(20397): 	at com.android.internal.os.RuntimeInit.nativeFinishInit(Native Method)
07-14 15:46:55.346 E/UiDevice(20397): 	at com.android.internal.os.RuntimeInit.main(RuntimeInit.java:235)
07-14 15:46:55.346 E/UiDevice(20397): 	at dalvik.system.NativeStart.main(Native Method)
07-14 15:46:55.362 D/dalvikvm(20397): Note: class Landroid/app/ActivityManagerNative; has 163 unimplemented (abstract) methods
07-14 15:46:55.994 I/QueryController(20397): Matched selector: UiSelector[TEXT=, CLASS=android.widget.Button] <<==>> [android.view.accessibility.AccessibilityNodeInfo@13cab; boundsInParent: Rect(0, 0 - 120, 52); boundsInScreen: Rect(580, 307 - 700, 359); packageName: com.pekall.emdm; className: android.widget.Button; text: ; contentDescription: null; viewIdResName: com.pekall.emdm:id/market_item_function_bt; checkable: false; checked: false; focusable: false; focused: false; selected: false; clickable: true; longClickable: false; enabled: true; password: false; scrollable: false; [ACTION_SELECT, ACTION_CLEAR_SELECTION, ACTION_CLICK, ACTION_ACCESSIBILITY_FOCUS, ACTION_NEXT_AT_MOVEMENT_GRANULARITY, ACTION_PREVIOUS_AT_MOVEMENT_GRANULARITY, ACTION_SET_SELECTION]]
07-14 15:46:56.002 D/InteractionController(20397): clickAndSync(640, 333)
07-14 15:46:56.119 I/ActivityManager(  374): START u0 {act=android.intent.action.VIEW dat=market://search?q=pname:hjhk.hjhkPkg cmp=android/com.android.internal.app.ResolverActivity} from pid 14510
07-14 15:46:56.127 D/MdmApplication(14510): [null:-1]->onActivityPaused market.activity.AppListActivity , mActivityCount = 8
07-14 15:46:56.127 D/MDM :   (14510): [null:-1]->query
07-14 15:46:56.127 D/MDM :   (14510): [null:-1]->QUERY_PINCODE_CHECK_RESULT
07-14 15:46:56.127 E/Mdm     (14510): Call Mdm service's setLastExitTime function
07-14 15:46:56.174 I/ActivityManager(  374): Start proc system:ui for activity android/com.android.internal.app.ResolverActivity: pid=20411 uid=1000 gids={41000, 1015, 1028, 3002, 3001, 3003, 3007}
07-14 15:46:56.596 I/ActivityManager(  374): Displayed android/com.android.internal.app.ResolverActivity: +439ms
07-14 15:46:57.268 I/QueryController(20397): Matched selector: UiSelector[TEXT=360, CLASS=android.widget.TextView] <<==>> [android.view.accessibility.AccessibilityNodeInfo@c851; boundsInParent: Rect(0, 0 - 176, 71); boundsInScreen: Rect(411, 531 - 587, 602); packageName: android; className: android.widget.TextView; text: 360; contentDescription: null; viewIdResName: android:id/text1; checkable: false; checked: false; focusable: false; focused: false; selected: false; clickable: false; longClickable: false; enabled: true; password: false; scrollable: false; [ACTION_SELECT, ACTION_CLEAR_SELECTION, ACTION_ACCESSIBILITY_FOCUS, ACTION_NEXT_AT_MOVEMENT_GRANULARITY, ACTION_PREVIOUS_AT_MOVEMENT_GRANULARITY, ACTION_SET_SELECTION]]
07-14 15:46:57.268 D/InteractionController(20397): clickAndWaitForNewWindow(499, 566)
07-14 15:46:57.338 D/dalvikvm(20411): GC_CONCURRENT freed 105K, 2% free 9204K/9344K, paused 5ms+3ms, total 43ms
07-14 15:47:00.463 W/InteractionController(20397): runAndwaitForEvent timedout waiting for events
07-14 15:47:06.057 D/dalvikvm(18020): GC_CONCURRENT freed 370K, 7% free 9122K/9740K, paused 5ms+3ms, total 32ms
07-14 15:47:18.026 D/dalvikvm( 1052): GC_CONCURRENT freed 534K, 9% free 10232K/11168K, paused 5ms+3ms, total 38ms
07-14 15:47:21.463 D/LightsService(  374): Excessive delay setting light: 66ms
07-14 15:47:21.619 W/System.err(17272): java.io.FileNotFoundException: /data/data/com.mgyapp.android/files/.cfpaps.i: open failed: ENOENT (No such file or directory)
07-14 15:47:21.627 W/System.err(17272): 	at libcore.io.IoBridge.open(IoBridge.java:409)
07-14 15:47:21.627 W/System.err(17272): 	at java.io.FileInputStream.<init>(FileInputStream.java:78)
07-14 15:47:21.627 W/System.err(17272): 	at android.app.ContextImpl.openFileInput(ContextImpl.java:702)
07-14 15:47:21.627 W/System.err(17272): 	at android.content.ContextWrapper.openFileInput(ContextWrapper.java:173)
07-14 15:47:21.627 W/System.err(17272): 	at com.mgyun.shua.jc.service.f.run(Unknown Source)
07-14 15:47:21.627 W/System.err(17272): 	at com.mgyun.shua.jc.service.CpWorkServer.onHandleIntent(Unknown Source)
07-14 15:47:21.627 W/System.err(17272): 	at android.app.IntentService$ServiceHandler.handleMessage(IntentService.java:65)
07-14 15:47:21.627 W/System.err(17272): 	at android.os.Handler.dispatchMessage(Handler.java:99)
07-14 15:47:21.627 W/System.err(17272): 	at android.os.Looper.loop(Looper.java:137)
07-14 15:47:21.627 W/System.err(17272): 	at android.os.HandlerThread.run(HandlerThread.java:61)
07-14 15:47:21.627 W/System.err(17272): Caused by: libcore.io.ErrnoException: open failed: ENOENT (No such file or directory)
07-14 15:47:21.627 W/System.err(17272): 	at libcore.io.Posix.open(Native Method)
07-14 15:47:21.627 W/System.err(17272): 	at libcore.io.BlockGuardOs.open(BlockGuardOs.java:110)
07-14 15:47:21.627 W/System.err(17272): 	at libcore.io.IoBridge.open(IoBridge.java:393)
07-14 15:47:21.627 W/System.err(17272): 	... 9 more
07-14 15:47:21.698 D/LightsService(  374): Excessive delay setting light: 67ms
07-14 15:47:23.276 D/PushService(18129): [null:-1]->receiver action :com.pekall.mdm.action.PUSH_ALARM
07-14 15:47:23.291 D/PushService(18129): [null:-1]->keepAliveWithPushServer client is opened:true
07-14 15:47:23.291 D/PushLib : (18129): [null:-1]->ping!!!!!!!!!
07-14 15:47:23.299 D/PushLib : (18129): [null:-1]->pushClient is :not null
07-14 15:47:23.299 D/PushLib : (18129): [null:-1]->pushClient opened : opened
07-14 15:47:24.166 D/JOBS    (18129): Thread-835: load factor check. true = (0 < 1)|| (0 * 3 < 0 + 0). consumer thread: true
07-14 15:47:24.174 D/JOBS    (18129): didn't allow me to die, re-running Thread-835
07-14 15:47:24.174 D/JOBS    (18129): re-running consumer Thread-835
07-14 15:47:25.783 D/dalvikvm(20411): GC_CONCURRENT freed 398K, 5% free 9199K/9632K, paused 3ms+2ms, total 26ms
07-14 15:47:26.752 D/dalvikvm(20411): GC_CONCURRENT freed 392K, 5% free 9198K/9632K, paused 3ms+3ms, total 24ms
07-14 15:47:27.276 I/PowerManagerService(  374): Going to sleep due to screen timeout...
07-14 15:47:27.283 I/PowerManagerService(  374): Waking up from sleep...
07-14 15:47:27.510 D/dalvikvm(  374): GC_FOR_ALLOC freed 2811K, 27% free 21605K/29200K, paused 128ms, total 128ms
07-14 15:47:27.596 D/dalvikvm(  374): GC_FOR_ALLOC freed 867K, 28% free 21109K/29200K, paused 86ms, total 86ms
07-14 15:47:27.705 D/NfcService(  582): NFC-C OFF, disconnect
07-14 15:47:27.846 D/MDM :   (14510): [null:-1]->query
07-14 15:47:27.846 D/MDM :   (14510): [null:-1]->QUERY_SETTING_PIN_ONOFF
07-14 15:47:27.885 D/YouTube MDX(17593): Recieved intent android.intent.action.SCREEN_OFF
07-14 15:47:27.901 I/WindowManager(  374): No lock screen!
07-14 15:47:27.908 D/MdmApplication(14510): [null:-1]->onActivityStarted market.activity.AppListActivity , mActivityCount = 7
07-14 15:47:27.916 D/MDM :   (14510): [null:-1]->query
07-14 15:47:27.916 D/MDM :   (14510): [null:-1]->QUERY_PINCODE_CHECK_RESULT
07-14 15:47:28.033 D/NfcService(  582): NFC-C ON
07-14 15:47:28.033 D/LightsService(  374): Excessive delay setting light: 65ms
07-14 15:47:28.104 D/dalvikvm(20411): GC_CONCURRENT freed 440K, 6% free 9203K/9712K, paused 7ms+2ms, total 69ms
07-14 15:47:28.291 D/YouTube MDX(17593): Recieved intent android.intent.action.SCREEN_ON
07-14 15:47:28.299 D/dalvikvm(  636): GC_CONCURRENT freed 1091K, 11% free 12687K/14120K, paused 11ms+8ms, total 153ms
07-14 15:47:28.299 D/dalvikvm(  636): WAIT_FOR_CONCURRENT_GC blocked 137ms
07-14 15:47:28.307 D/LightsService(  374): Excessive delay setting light: 67ms
07-14 15:47:28.369 V/DigitalWidgetViewsFactory(20248): DigitalWidget sets next alarm string to null
07-14 15:47:28.377 D/PushLib : (18129): [null:-1]->MSG_WEBSOCKET_PONG
07-14 15:47:28.408 D/LightsService(  374): Excessive delay setting light: 104ms
07-14 15:47:28.510 D/LightsService(  374): Excessive delay setting light: 99ms
07-14 15:47:28.635 D/AndroidRuntime(20433): 
07-14 15:47:28.635 D/AndroidRuntime(20433): >>>>>> AndroidRuntime START com.android.internal.os.RuntimeInit <<<<<<
07-14 15:47:28.635 D/AndroidRuntime(20433): CheckJNI is OFF
07-14 15:47:28.651 D/dalvikvm(20433): Trying to load lib libjavacore.so 0x0
07-14 15:47:28.658 D/dalvikvm(20433): Added shared lib libjavacore.so 0x0
07-14 15:47:28.674 D/dalvikvm(20433): Trying to load lib libnativehelper.so 0x0
07-14 15:47:28.674 D/dalvikvm(20433): Added shared lib libnativehelper.so 0x0
07-14 15:47:28.940 D/AndroidRuntime(20433): Calling main entry com.qihoo360.powerctl.root.app.App
07-14 15:47:28.948 D/AndroidRuntime(20433): Shutting down VM
07-14 15:47:28.948 D/dalvikvm(20433): GC_CONCURRENT freed 114K, 22% free 467K/592K, paused 0ms+1ms, total 3ms
07-14 15:47:28.955 I/AndroidRuntime(20433): NOTE: attach of thread 'Binder_1' failed
07-14 15:47:29.018 D/dalvikvm(20397): GC_FOR_ALLOC freed 7577K, 93% free 613K/8192K, paused 36ms, total 36ms
07-14 15:47:29.166 D/dalvikvm(20397): GC_CONCURRENT freed 400K, 93% free 618K/8192K, paused 1ms+1ms, total 20ms
07-14 15:47:29.799 D/dalvikvm(20397): GC_CONCURRENT freed 403K, 93% free 619K/8192K, paused 0ms+1ms, total 7ms
07-14 15:47:29.916 D/dalvikvm(20397): GC_CONCURRENT freed 400K, 93% free 618K/8192K, paused 1ms+1ms, total 8ms
07-14 15:47:30.033 D/dalvikvm(20411): GC_CONCURRENT freed 401K, 6% free 9200K/9712K, paused 3ms+2ms, total 30ms
07-14 15:47:30.065 D/dalvikvm(20397): GC_CONCURRENT freed 399K, 93% free 618K/8192K, paused 0ms+1ms, total 8ms
07-14 15:47:30.190 D/dalvikvm(20397): GC_CONCURRENT freed 399K, 93% free 618K/8192K, paused 1ms+1ms, total 8ms
07-14 15:47:30.315 D/dalvikvm(20397): GC_CONCURRENT freed 399K, 93% free 618K/8192K, paused 1ms+1ms, total 8ms
07-14 15:47:30.440 D/dalvikvm(20397): GC_CONCURRENT freed 399K, 93% free 618K/8192K, paused 1ms+1ms, total 9ms
07-14 15:47:30.557 D/dalvikvm(20397): GC_CONCURRENT freed 399K, 93% free 618K/8192K, paused 1ms+1ms, total 9ms
07-14 15:47:30.682 D/dalvikvm(20397): GC_CONCURRENT freed 399K, 93% free 618K/8192K, paused 0ms+1ms, total 8ms
07-14 15:47:30.776 D/dalvikvm(20411): GC_CONCURRENT freed 395K, 6% free 9199K/9712K, paused 2ms+3ms, total 25ms
07-14 15:47:30.807 D/dalvikvm(20397): GC_CONCURRENT freed 399K, 93% free 618K/8192K, paused 0ms+1ms, total 8ms
07-14 15:47:30.924 D/dalvikvm(20397): GC_CONCURRENT freed 399K, 93% free 618K/8192K, paused 1ms+1ms, total 8ms
07-14 15:47:31.057 D/dalvikvm(20397): GC_CONCURRENT freed 399K, 93% free 618K/8192K, paused 1ms+1ms, total 8ms
07-14 15:47:31.174 D/dalvikvm(20397): GC_CONCURRENT freed 399K, 93% free 618K/8192K, paused 1ms+1ms, total 9ms
07-14 15:47:31.291 D/dalvikvm(20397): GC_CONCURRENT freed 399K, 93% free 618K/8192K, paused 0ms+1ms, total 7ms
07-14 15:47:31.416 D/dalvikvm(20397): GC_CONCURRENT freed 399K, 93% free 618K/8192K, paused 1ms+1ms, total 9ms
07-14 15:47:31.518 D/dalvikvm(20411): GC_CONCURRENT freed 396K, 6% free 9196K/9712K, paused 3ms+2ms, total 32ms
07-14 15:47:31.565 D/dalvikvm(20397): GC_CONCURRENT freed 399K, 93% free 618K/8192K, paused 1ms+1ms, total 8ms
07-14 15:47:31.604 W/System.err(17272): java.io.FileNotFoundException: /data/data/com.mgyapp.android/files/.cfp.i: open failed: ENOENT (No such file or directory)
07-14 15:47:31.604 W/System.err(17272): 	at libcore.io.IoBridge.open(IoBridge.java:409)
07-14 15:47:31.604 W/System.err(17272): 	at java.io.FileInputStream.<init>(FileInputStream.java:78)
07-14 15:47:31.612 W/System.err(17272): 	at android.app.ContextImpl.openFileInput(ContextImpl.java:702)
07-14 15:47:31.612 W/System.err(17272): 	at android.content.ContextWrapper.openFileInput(ContextWrapper.java:173)
07-14 15:47:31.612 W/System.err(17272): 	at com.mgyun.shua.jc.c.b(Unknown Source)
07-14 15:47:31.612 W/System.err(17272): 	at com.mgyun.shua.jc.d.a(Unknown Source)
07-14 15:47:31.612 W/System.err(17272): 	at com.mgyun.shua.jc.service.CpWorkServer.onHandleIntent(Unknown Source)
07-14 15:47:31.612 W/System.err(17272): 	at android.app.IntentService$ServiceHandler.handleMessage(IntentService.java:65)
07-14 15:47:31.612 W/System.err(17272): 	at android.os.Handler.dispatchMessage(Handler.java:99)
07-14 15:47:31.612 W/System.err(17272): 	at android.os.Looper.loop(Looper.java:137)
07-14 15:47:31.612 W/System.err(17272): 	at android.os.HandlerThread.run(HandlerThread.java:61)
07-14 15:47:31.612 W/System.err(17272): Caused by: libcore.io.ErrnoException: open failed: ENOENT (No such file or directory)
07-14 15:47:31.612 W/System.err(17272): 	at libcore.io.Posix.open(Native Method)
07-14 15:47:31.612 W/System.err(17272): 	at libcore.io.BlockGuardOs.open(BlockGuardOs.java:110)
07-14 15:47:31.612 W/System.err(17272): 	at libcore.io.IoBridge.open(IoBridge.java:393)
07-14 15:47:31.612 W/System.err(17272): 	... 10 more
07-14 15:47:31.682 D/dalvikvm(20397): GC_CONCURRENT freed 399K, 93% free 618K/8192K, paused 1ms+1ms, total 9ms
07-14 15:47:31.807 D/dalvikvm(20397): GC_CONCURRENT freed 399K, 93% free 618K/8192K, paused 0ms+1ms, total 8ms
07-14 15:47:31.932 D/dalvikvm(20397): GC_CONCURRENT freed 401K, 93% free 616K/8192K, paused 2ms+1ms, total 17ms
07-14 15:47:32.049 D/dalvikvm(20397): GC_CONCURRENT freed 397K, 93% free 618K/8192K, paused 0ms+1ms, total 8ms
07-14 15:47:32.174 D/dalvikvm(20397): GC_CONCURRENT freed 399K, 93% free 618K/8192K, paused 1ms+1ms, total 8ms
07-14 15:47:32.260 D/dalvikvm(20411): GC_CONCURRENT freed 391K, 6% free 9198K/9712K, paused 3ms+3ms, total 38ms
07-14 15:47:32.315 D/dalvikvm(20397): GC_CONCURRENT freed 399K, 93% free 618K/8192K, paused 1ms+1ms, total 9ms
07-14 15:47:32.440 D/dalvikvm(20397): GC_CONCURRENT freed 399K, 93% free 618K/8192K, paused 0ms+1ms, total 8ms
07-14 15:47:32.557 D/dalvikvm(20397): GC_CONCURRENT freed 399K, 93% free 618K/8192K, paused 0ms+1ms, total 8ms
07-14 15:47:32.674 D/dalvikvm(20397): GC_CONCURRENT freed 399K, 93% free 618K/8192K, paused 1ms+1ms, total 8ms
07-14 15:47:32.791 D/dalvikvm(20397): GC_CONCURRENT freed 399K, 93% free 618K/8192K, paused 0ms+1ms, total 7ms
07-14 15:47:32.908 D/dalvikvm(20397): GC_CONCURRENT freed 401K, 93% free 616K/8192K, paused 2ms+1ms, total 9ms
07-14 15:47:32.979 D/dalvikvm(20411): GC_CONCURRENT freed 394K, 6% free 9199K/9712K, paused 2ms+2ms, total 32ms
07-14 15:47:33.041 D/dalvikvm(20397): GC_CONCURRENT freed 397K, 93% free 618K/8192K, paused 1ms+1ms, total 8ms
07-14 15:47:33.166 D/dalvikvm(20397): GC_CONCURRENT freed 399K, 93% free 618K/8192K, paused 1ms+1ms, total 8ms
07-14 15:47:33.283 D/dalvikvm(20397): GC_CONCURRENT freed 399K, 93% free 618K/8192K, paused 1ms+1ms, total 8ms
07-14 15:47:33.401 D/dalvikvm(20397): GC_CONCURRENT freed 411K, 93% free 606K/8192K, paused 1ms+1ms, total 8ms
07-14 15:47:33.526 D/dalvikvm(20397): GC_CONCURRENT freed 387K, 93% free 618K/8192K, paused 0ms+1ms, total 8ms
07-14 15:47:33.643 D/dalvikvm(20397): GC_CONCURRENT freed 399K, 93% free 618K/8192K, paused 0ms+1ms, total 8ms
07-14 15:47:33.705 D/dalvikvm(20411): GC_CONCURRENT freed 394K, 6% free 9201K/9712K, paused 3ms+4ms, total 33ms
07-14 15:47:33.776 D/dalvikvm(20397): GC_CONCURRENT freed 399K, 93% free 618K/8192K, paused 0ms+1ms, total 7ms
07-14 15:47:33.893 D/dalvikvm(20397): GC_CONCURRENT freed 399K, 93% free 618K/8192K, paused 0ms+1ms, total 8ms
07-14 15:47:34.010 D/dalvikvm(20397): GC_CONCURRENT freed 399K, 93% free 618K/8192K, paused 1ms+1ms, total 8ms
07-14 15:47:34.127 D/dalvikvm(20397): GC_CONCURRENT freed 399K, 93% free 618K/8192K, paused 0ms+1ms, total 7ms
07-14 15:47:34.244 D/dalvikvm(20397): GC_CONCURRENT freed 399K, 93% free 618K/8192K, paused 0ms+1ms, total 7ms
07-14 15:47:34.362 D/dalvikvm(20397): GC_CONCURRENT freed 399K, 93% free 618K/8192K, paused 0ms+1ms, total 7ms
07-14 15:47:34.416 D/dalvikvm(20411): GC_CONCURRENT freed 396K, 6% free 9199K/9712K, paused 2ms+3ms, total 28ms
07-14 15:47:34.487 D/dalvikvm(20397): GC_CONCURRENT freed 410K, 93% free 606K/8192K, paused 0ms+1ms, total 7ms
07-14 15:47:34.612 D/dalvikvm(20397): GC_CONCURRENT freed 388K, 93% free 618K/8192K, paused 0ms+1ms, total 8ms
07-14 15:47:34.729 D/dalvikvm(20397): GC_CONCURRENT freed 399K, 93% free 618K/8192K, paused 0ms+1ms, total 8ms
07-14 15:47:34.846 D/dalvikvm(20397): GC_CONCURRENT freed 399K, 93% free 618K/8192K, paused 1ms+1ms, total 9ms
07-14 15:47:34.963 D/dalvikvm(20397): GC_CONCURRENT freed 399K, 93% free 618K/8192K, paused 0ms+1ms, total 8ms
07-14 15:47:35.073 D/dalvikvm(20397): GC_CONCURRENT freed 399K, 93% free 618K/8192K, paused 0ms+1ms, total 8ms
07-14 15:47:35.119 D/dalvikvm(20411): GC_CONCURRENT freed 393K, 6% free 9199K/9712K, paused 3ms+3ms, total 25ms
07-14 15:47:35.205 D/dalvikvm(20397): GC_CONCURRENT freed 399K, 93% free 618K/8192K, paused 1ms+1ms, total 8ms
07-14 15:47:35.323 D/dalvikvm(20397): GC_CONCURRENT freed 399K, 93% free 618K/8192K, paused 0ms+1ms, total 8ms
07-14 15:47:35.440 D/dalvikvm(20397): GC_CONCURRENT freed 399K, 93% free 618K/8192K, paused 0ms+1ms, total 8ms
07-14 15:47:35.549 D/dalvikvm(20397): GC_CONCURRENT freed 399K, 93% free 618K/8192K, paused 0ms+1ms, total 7ms
07-14 15:47:35.666 D/dalvikvm(20397): GC_CONCURRENT freed 399K, 93% free 618K/8192K, paused 1ms+1ms, total 8ms
07-14 15:47:35.783 D/dalvikvm(20397): GC_CONCURRENT freed 399K, 93% free 618K/8192K, paused 1ms+1ms, total 8ms
07-14 15:47:35.823 D/dalvikvm(20411): GC_CONCURRENT freed 399K, 6% free 9198K/9712K, paused 3ms+2ms, total 34ms
07-14 15:47:35.908 D/dalvikvm(20397): GC_CONCURRENT freed 399K, 93% free 618K/8192K, paused 1ms+1ms, total 8ms
07-14 15:47:36.033 D/dalvikvm(20397): GC_CONCURRENT freed 399K, 93% free 618K/8192K, paused 1ms+1ms, total 8ms
07-14 15:47:36.151 D/dalvikvm(20397): GC_CONCURRENT freed 410K, 93% free 606K/8192K, paused 0ms+1ms, total 7ms
07-14 15:47:36.276 D/dalvikvm(20397): GC_CONCURRENT freed 388K, 93% free 618K/8192K, paused 1ms+1ms, total 9ms
07-14 15:47:36.393 D/dalvikvm(20397): GC_CONCURRENT freed 399K, 93% free 618K/8192K, paused 0ms+1ms, total 9ms
07-14 15:47:36.510 D/dalvikvm(20397): GC_CONCURRENT freed 399K, 93% free 618K/8192K, paused 0ms+1ms, total 7ms
07-14 15:47:36.533 D/dalvikvm(20411): GC_CONCURRENT freed 391K, 6% free 9199K/9712K, paused 3ms+2ms, total 28ms
07-14 15:47:36.635 D/dalvikvm(20397): GC_CONCURRENT freed 401K, 93% free 616K/8192K, paused 2ms+1ms, total 9ms
07-14 15:47:36.744 D/dalvikvm(20397): GC_CONCURRENT freed 397K, 93% free 618K/8192K, paused 1ms+1ms, total 8ms
07-14 15:47:36.862 D/dalvikvm(20397): GC_CONCURRENT freed 399K, 93% free 618K/8192K, paused 1ms+1ms, total 8ms
07-14 15:47:36.994 D/dalvikvm(20397): GC_CONCURRENT freed 399K, 93% free 618K/8192K, paused 0ms+1ms, total 12ms
07-14 15:47:37.112 D/dalvikvm(20397): GC_CONCURRENT freed 399K, 93% free 618K/8192K, paused 0ms+1ms, total 7ms
07-14 15:47:37.229 D/dalvikvm(20397): GC_CONCURRENT freed 399K, 93% free 618K/8192K, paused 0ms+1ms, total 8ms
07-14 15:47:37.252 D/dalvikvm(20411): GC_CONCURRENT freed 397K, 6% free 9200K/9712K, paused 3ms+2ms, total 28ms
07-14 15:47:37.354 D/dalvikvm(20397): GC_CONCURRENT freed 399K, 93% free 618K/8192K, paused 1ms+1ms, total 8ms
07-14 15:47:37.471 D/dalvikvm(20397): GC_CONCURRENT freed 399K, 93% free 618K/8192K, paused 1ms+1ms, total 8ms
07-14 15:47:37.588 D/dalvikvm(20397): GC_CONCURRENT freed 399K, 93% free 618K/8192K, paused 1ms+1ms, total 9ms
07-14 15:47:37.705 D/dalvikvm(20397): GC_CONCURRENT freed 399K, 93% free 618K/8192K, paused 1ms+1ms, total 10ms
07-14 15:47:37.815 D/dalvikvm(20397): GC_CONCURRENT freed 399K, 93% free 618K/8192K, paused 1ms+1ms, total 9ms
07-14 15:47:37.940 D/dalvikvm(20397): GC_CONCURRENT freed 399K, 93% free 618K/8192K, paused 1ms+1ms, total 9ms
07-14 15:47:37.948 D/dalvikvm(20411): GC_CONCURRENT freed 390K, 6% free 9201K/9712K, paused 2ms+3ms, total 29ms
07-14 15:47:38.065 D/dalvikvm(20397): GC_CONCURRENT freed 399K, 93% free 618K/8192K, paused 1ms+1ms, total 8ms
07-14 15:47:38.182 D/dalvikvm(20397): GC_CONCURRENT freed 399K, 93% free 618K/8192K, paused 1ms+1ms, total 8ms
07-14 15:47:38.299 D/dalvikvm(20397): GC_CONCURRENT freed 399K, 93% free 618K/8192K, paused 0ms+1ms, total 8ms
07-14 15:47:38.416 D/dalvikvm(20397): GC_CONCURRENT freed 399K, 93% free 618K/8192K, paused 0ms+1ms, total 9ms
07-14 15:47:38.526 D/dalvikvm(20397): GC_CONCURRENT freed 399K, 93% free 618K/8192K, paused 1ms+1ms, total 9ms
07-14 15:47:38.643 D/dalvikvm(20411): GC_CONCURRENT freed 398K, 6% free 9197K/9712K, paused 1ms+2ms, total 27ms
07-14 15:47:38.643 D/dalvikvm(20397): GC_CONCURRENT freed 399K, 93% free 618K/8192K, paused 0ms+1ms, total 8ms
07-14 15:47:38.768 D/dalvikvm(20397): GC_CONCURRENT freed 399K, 93% free 618K/8192K, paused 1ms+1ms, total 10ms
07-14 15:47:38.885 D/dalvikvm(20397): GC_CONCURRENT freed 399K, 93% free 618K/8192K, paused 0ms+1ms, total 8ms
07-14 15:47:38.994 D/dalvikvm(20397): GC_CONCURRENT freed 399K, 93% free 618K/8192K, paused 1ms+1ms, total 9ms
07-14 15:47:39.112 D/dalvikvm(20397): GC_CONCURRENT freed 399K, 93% free 618K/8192K, paused 0ms+1ms, total 8ms
07-14 15:47:39.229 D/dalvikvm(20397): GC_CONCURRENT freed 399K, 93% free 618K/8192K, paused 1ms+1ms, total 8ms
07-14 15:47:39.338 D/dalvikvm(20411): GC_CONCURRENT freed 392K, 6% free 9199K/9712K, paused 3ms+4ms, total 28ms
07-14 15:47:39.362 D/dalvikvm(20397): GC_CONCURRENT freed 399K, 93% free 618K/8192K, paused 2ms+1ms, total 10ms
07-14 15:47:39.479 D/dalvikvm(20397): GC_CONCURRENT freed 399K, 93% free 618K/8192K, paused 0ms+1ms, total 8ms
07-14 15:47:39.588 D/dalvikvm(20397): GC_CONCURRENT freed 399K, 93% free 618K/8192K, paused 0ms+1ms, total 8ms
07-14 15:47:39.705 D/dalvikvm(20397): GC_CONCURRENT freed 399K, 93% free 618K/8192K, paused 1ms+1ms, total 8ms
07-14 15:47:39.823 D/dalvikvm(20397): GC_CONCURRENT freed 401K, 93% free 618K/8192K, paused 2ms+1ms, total 9ms
07-14 15:47:39.940 D/dalvikvm(20397): GC_CONCURRENT freed 399K, 93% free 619K/8192K, paused 2ms+1ms, total 9ms
07-14 15:47:40.049 D/dalvikvm(20411): GC_CONCURRENT freed 395K, 6% free 9199K/9712K, paused 2ms+4ms, total 33ms
07-14 15:47:40.073 D/dalvikvm(20397): GC_CONCURRENT freed 397K, 93% free 618K/8192K, paused 0ms+1ms, total 7ms
07-14 15:47:40.190 D/dalvikvm(20397): GC_CONCURRENT freed 399K, 93% free 618K/8192K, paused 2ms+1ms, total 9ms
07-14 15:47:40.307 D/dalvikvm(20397): GC_CONCURRENT freed 399K, 93% free 618K/8192K, paused 1ms+1ms, total 8ms
07-14 15:47:40.424 D/dalvikvm(20397): GC_CONCURRENT freed 399K, 93% free 618K/8192K, paused 1ms+1ms, total 8ms
07-14 15:47:40.541 D/dalvikvm(20397): GC_CONCURRENT freed 399K, 93% free 618K/8192K, paused 1ms+1ms, total 9ms
07-14 15:47:40.651 D/dalvikvm(20397): GC_CONCURRENT freed 399K, 93% free 618K/8192K, paused 0ms+1ms, total 8ms
07-14 15:47:40.752 D/dalvikvm(20411): GC_CONCURRENT freed 398K, 6% free 9200K/9712K, paused 1ms+3ms, total 28ms
07-14 15:47:40.776 D/dalvikvm(20397): GC_CONCURRENT freed 399K, 93% free 618K/8192K, paused 1ms+1ms, total 8ms
07-14 15:47:40.901 D/dalvikvm(20397): GC_CONCURRENT freed 401K, 93% free 616K/8192K, paused 2ms+1ms, total 11ms
07-14 15:47:41.018 D/dalvikvm(20397): GC_CONCURRENT freed 409K, 93% free 606K/8192K, paused 1ms+1ms, total 7ms
07-14 15:47:41.135 D/dalvikvm(20397): GC_CONCURRENT freed 387K, 93% free 618K/8192K, paused 0ms+1ms, total 7ms
07-14 15:47:41.252 D/dalvikvm(20397): GC_CONCURRENT freed 411K, 93% free 606K/8192K, paused 1ms+1ms, total 8ms
07-14 15:47:41.377 D/dalvikvm(20397): GC_CONCURRENT freed 397K, 93% free 607K/8192K, paused 0ms+1ms, total 8ms
07-14 15:47:41.479 D/dalvikvm(20411): GC_CONCURRENT freed 399K, 6% free 9197K/9712K, paused 2ms+3ms, total 27ms
07-14 15:47:41.510 D/dalvikvm(20397): GC_CONCURRENT freed 400K, 93% free 606K/8192K, paused 0ms+1ms, total 7ms
07-14 15:47:41.627 D/dalvikvm(20397): GC_CONCURRENT freed 399K, 93% free 606K/8192K, paused 1ms+1ms, total 7ms
07-14 15:47:41.744 D/dalvikvm(20397): GC_CONCURRENT freed 399K, 93% free 606K/8192K, paused 0ms+1ms, total 7ms
07-14 15:47:41.862 D/dalvikvm(20397): GC_CONCURRENT freed 399K, 93% free 606K/8192K, paused 1ms+1ms, total 7ms
07-14 15:47:41.979 D/dalvikvm(20397): GC_CONCURRENT freed 399K, 93% free 606K/8192K, paused 1ms+0ms, total 8ms
07-14 15:47:42.096 D/dalvikvm(20397): GC_CONCURRENT freed 387K, 93% free 618K/8192K, paused 1ms+1ms, total 8ms
07-14 15:47:42.190 D/dalvikvm(20411): GC_CONCURRENT freed 394K, 6% free 9201K/9712K, paused 3ms+4ms, total 32ms
07-14 15:47:42.221 D/dalvikvm(20397): GC_CONCURRENT freed 399K, 93% free 618K/8192K, paused 1ms+1ms, total 8ms
07-14 15:47:42.338 D/dalvikvm(20397): GC_CONCURRENT freed 381K, 93% free 621K/8192K, paused 1ms+1ms, total 8ms
07-14 15:47:42.463 D/dalvikvm(20397): GC_CONCURRENT freed 417K, 93% free 617K/8192K, paused 1ms+1ms, total 8ms
07-14 15:47:42.573 D/dalvikvm(20397): GC_CONCURRENT freed 409K, 93% free 606K/8192K, paused 1ms+1ms, total 7ms
07-14 15:47:42.698 D/dalvikvm(20397): GC_CONCURRENT freed 398K, 93% free 607K/8192K, paused 0ms+1ms, total 7ms
07-14 15:47:42.807 D/dalvikvm(20397): GC_CONCURRENT freed 389K, 93% free 618K/8192K, paused 0ms+1ms, total 8ms
07-14 15:47:42.901 D/dalvikvm(20411): GC_CONCURRENT freed 393K, 6% free 9201K/9712K, paused 3ms+4ms, total 32ms
07-14 15:47:42.948 D/dalvikvm(20397): GC_CONCURRENT freed 399K, 93% free 618K/8192K, paused 1ms+1ms, total 9ms
07-14 15:47:43.073 D/dalvikvm(20397): GC_CONCURRENT freed 399K, 93% free 618K/8192K, paused 0ms+1ms, total 7ms
07-14 15:47:43.190 D/dalvikvm(20397): GC_CONCURRENT freed 399K, 93% free 618K/8192K, paused 1ms+1ms, total 8ms
07-14 15:47:43.307 D/dalvikvm(20397): GC_CONCURRENT freed 399K, 93% free 618K/8192K, paused 1ms+1ms, total 8ms
07-14 15:47:43.424 D/dalvikvm(20397): GC_CONCURRENT freed 399K, 93% free 618K/8192K, paused 1ms+1ms, total 8ms
07-14 15:47:43.541 D/dalvikvm(20397): GC_CONCURRENT freed 399K, 93% free 618K/8192K, paused 0ms+1ms, total 8ms
07-14 15:47:43.612 D/dalvikvm(20411): GC_CONCURRENT freed 397K, 6% free 9198K/9712K, paused 2ms+1ms, total 26ms
07-14 15:47:43.658 D/dalvikvm(20397): GC_CONCURRENT freed 399K, 93% free 618K/8192K, paused 0ms+1ms, total 8ms
07-14 15:47:43.776 D/dalvikvm(20397): GC_CONCURRENT freed 399K, 93% free 618K/8192K, paused 1ms+1ms, total 8ms
07-14 15:47:43.893 D/dalvikvm(20397): GC_CONCURRENT freed 399K, 93% free 618K/8192K, paused 0ms+1ms, total 8ms
07-14 15:47:44.010 D/dalvikvm(20397): GC_CONCURRENT freed 399K, 93% free 618K/8192K, paused 1ms+1ms, total 8ms
07-14 15:47:44.127 D/dalvikvm(20397): GC_CONCURRENT freed 399K, 93% free 618K/8192K, paused 1ms+1ms, total 8ms
07-14 15:47:44.237 D/dalvikvm(20397): GC_CONCURRENT freed 399K, 93% free 618K/8192K, paused 0ms+1ms, total 7ms
07-14 15:47:44.299 D/dalvikvm(20411): GC_CONCURRENT freed 392K, 6% free 9198K/9712K, paused 3ms+2ms, total 22ms
07-14 15:47:44.362 D/dalvikvm(20397): GC_CONCURRENT freed 399K, 93% free 618K/8192K, paused 1ms+1ms, total 8ms
07-14 15:47:44.471 D/dalvikvm(20397): GC_CONCURRENT freed 399K, 93% free 618K/8192K, paused 1ms+1ms, total 8ms
07-14 15:47:44.588 D/dalvikvm(20397): GC_CONCURRENT freed 399K, 93% free 618K/8192K, paused 0ms+1ms, total 7ms
07-14 15:47:44.698 D/dalvikvm(20397): GC_CONCURRENT freed 399K, 93% free 618K/8192K, paused 1ms+1ms, total 9ms
07-14 15:47:44.815 D/dalvikvm(20397): GC_CONCURRENT freed 399K, 93% free 618K/8192K, paused 1ms+1ms, total 8ms
07-14 15:47:44.924 D/dalvikvm(20397): GC_CONCURRENT freed 399K, 93% free 618K/8192K, paused 1ms+1ms, total 9ms
07-14 15:47:44.987 D/dalvikvm(20411): GC_CONCURRENT freed 399K, 6% free 9199K/9712K, paused 4ms+3ms, total 28ms
07-14 15:47:45.049 D/dalvikvm(20397): GC_CONCURRENT freed 399K, 93% free 618K/8192K, paused 1ms+1ms, total 8ms
07-14 15:47:45.158 D/dalvikvm(20397): GC_CONCURRENT freed 399K, 93% free 618K/8192K, paused 0ms+1ms, total 8ms
07-14 15:47:45.276 D/dalvikvm(20397): GC_CONCURRENT freed 399K, 93% free 618K/8192K, paused 0ms+1ms, total 8ms
07-14 15:47:45.385 D/dalvikvm(20397): GC_CONCURRENT freed 399K, 93% free 618K/8192K, paused 0ms+1ms, total 7ms
07-14 15:47:45.494 D/dalvikvm(20397): GC_CONCURRENT freed 399K, 93% free 618K/8192K, paused 1ms+1ms, total 8ms
07-14 15:47:45.612 D/dalvikvm(20397): GC_CONCURRENT freed 399K, 93% free 618K/8192K, paused 0ms+2ms, total 9ms
07-14 15:47:45.666 D/dalvikvm(20411): GC_CONCURRENT freed 400K, 6% free 9198K/9712K, paused 2ms+2ms, total 26ms
07-14 15:47:45.729 D/dalvikvm(20397): GC_CONCURRENT freed 399K, 93% free 618K/8192K, paused 1ms+1ms, total 9ms
07-14 15:47:45.846 D/dalvikvm(20397): GC_CONCURRENT freed 399K, 93% free 618K/8192K, paused 1ms+1ms, total 8ms
07-14 15:47:45.955 D/dalvikvm(20397): GC_CONCURRENT freed 399K, 93% free 618K/8192K, paused 1ms+1ms, total 8ms
07-14 15:47:46.080 D/dalvikvm(20397): GC_CONCURRENT freed 399K, 93% free 618K/8192K, paused 0ms+1ms, total 8ms
07-14 15:47:46.198 D/dalvikvm(20397): GC_CONCURRENT freed 399K, 93% free 618K/8192K, paused 0ms+1ms, total 7ms
07-14 15:47:46.315 D/dalvikvm(20397): GC_CONCURRENT freed 399K, 93% free 618K/8192K, paused 1ms+1ms, total 8ms
07-14 15:47:46.369 D/dalvikvm(20411): GC_CONCURRENT freed 398K, 6% free 9199K/9712K, paused 3ms+2ms, total 26ms
07-14 15:47:46.432 D/dalvikvm(20397): GC_CONCURRENT freed 410K, 93% free 606K/8192K, paused 1ms+0ms, total 8ms
07-14 15:47:46.557 D/dalvikvm(20397): GC_CONCURRENT freed 388K, 93% free 618K/8192K, paused 0ms+1ms, total 8ms
07-14 15:47:46.682 D/dalvikvm(20397): GC_CONCURRENT freed 401K, 93% free 616K/8192K, paused 1ms+8ms, total 15ms
07-14 15:47:46.791 D/dalvikvm(20397): GC_CONCURRENT freed 409K, 93% free 606K/8192K, paused 0ms+1ms, total 7ms
07-14 15:47:46.908 D/dalvikvm(20397): GC_CONCURRENT freed 387K, 93% free 618K/8192K, paused 1ms+1ms, total 8ms
07-14 15:47:47.033 D/dalvikvm(20397): GC_CONCURRENT freed 401K, 93% free 616K/8192K, paused 1ms+1ms, total 15ms
07-14 15:47:47.088 D/dalvikvm(20411): GC_CONCURRENT freed 401K, 6% free 9198K/9712K, paused 2ms+4ms, total 30ms
07-14 15:47:47.151 D/dalvikvm(20397): GC_CONCURRENT freed 409K, 93% free 606K/8192K, paused 1ms+0ms, total 8ms
07-14 15:47:47.268 D/dalvikvm(20397): GC_CONCURRENT freed 387K, 93% free 618K/8192K, paused 1ms+1ms, total 8ms
07-14 15:47:47.377 D/dalvikvm(20397): GC_CONCURRENT freed 399K, 93% free 618K/8192K, paused 1ms+1ms, total 7ms
07-14 15:47:47.487 D/dalvikvm(20397): GC_CONCURRENT freed 399K, 93% free 618K/8192K, paused 0ms+1ms, total 7ms
07-14 15:47:47.604 D/dalvikvm(20397): GC_CONCURRENT freed 399K, 93% free 618K/8192K, paused 0ms+1ms, total 7ms
07-14 15:47:47.713 D/dalvikvm(20397): GC_CONCURRENT freed 399K, 93% free 618K/8192K, paused 1ms+1ms, total 7ms
07-14 15:47:47.768 D/dalvikvm(20411): GC_CONCURRENT freed 394K, 6% free 9201K/9712K, paused 2ms+3ms, total 29ms
07-14 15:47:47.838 D/dalvikvm(20397): GC_CONCURRENT freed 399K, 93% free 618K/8192K, paused 1ms+1ms, total 7ms
07-14 15:47:47.955 D/dalvikvm(20397): GC_CONCURRENT freed 399K, 93% free 618K/8192K, paused 0ms+1ms, total 7ms
07-14 15:47:48.073 D/dalvikvm(20397): GC_CONCURRENT freed 399K, 93% free 618K/8192K, paused 0ms+1ms, total 7ms
07-14 15:47:48.190 D/dalvikvm(20397): GC_CONCURRENT freed 410K, 93% free 606K/8192K, paused 0ms+1ms, total 7ms
07-14 15:47:48.315 D/dalvikvm(20397): GC_CONCURRENT freed 400K, 93% free 606K/8192K, paused 1ms+1ms, total 7ms
07-14 15:47:48.424 D/dalvikvm(20397): GC_CONCURRENT freed 387K, 93% free 618K/8192K, paused 1ms+1ms, total 7ms
07-14 15:47:48.487 D/dalvikvm(20411): GC_CONCURRENT freed 399K, 6% free 9199K/9712K, paused 3ms+3ms, total 39ms
07-14 15:47:48.557 D/dalvikvm(20397): GC_CONCURRENT freed 401K, 93% free 616K/8192K, paused 2ms+1ms, total 9ms
07-14 15:47:48.674 D/dalvikvm(20397): GC_CONCURRENT freed 399K, 93% free 616K/8192K, paused 1ms+1ms, total 8ms
07-14 15:47:48.791 D/dalvikvm(20397): GC_CONCURRENT freed 397K, 93% free 618K/8192K, paused 0ms+1ms, total 7ms
07-14 15:47:48.908 D/dalvikvm(20397): GC_CONCURRENT freed 401K, 93% free 619K/8192K, paused 1ms+1ms, total 9ms
07-14 15:47:49.018 D/dalvikvm(20397): GC_CONCURRENT freed 409K, 93% free 606K/8192K, paused 0ms+1ms, total 7ms
07-14 15:47:49.135 D/dalvikvm(20397): GC_CONCURRENT freed 387K, 93% free 618K/8192K, paused 1ms+1ms, total 8ms
07-14 15:47:49.190 D/dalvikvm(20411): GC_CONCURRENT freed 404K, 6% free 9198K/9712K, paused 3ms+4ms, total 37ms
07-14 15:47:49.260 D/dalvikvm(20397): GC_CONCURRENT freed 399K, 93% free 618K/8192K, paused 1ms+1ms, total 8ms
07-14 15:47:49.377 D/dalvikvm(20397): GC_CONCURRENT freed 399K, 93% free 618K/8192K, paused 1ms+1ms, total 8ms
07-14 15:47:49.487 D/dalvikvm(20397): GC_CONCURRENT freed 399K, 93% free 618K/8192K, paused 1ms+1ms, total 8ms
07-14 15:47:49.604 D/dalvikvm(20397): GC_CONCURRENT freed 399K, 93% free 618K/8192K, paused 1ms+1ms, total 8ms
07-14 15:47:49.713 D/dalvikvm(20397): GC_CONCURRENT freed 399K, 93% free 618K/8192K, paused 1ms+1ms, total 8ms
07-14 15:47:49.830 D/dalvikvm(20397): GC_CONCURRENT freed 399K, 93% free 618K/8192K, paused 0ms+1ms, total 8ms
07-14 15:47:49.893 D/dalvikvm(20411): GC_CONCURRENT freed 401K, 6% free 9197K/9712K, paused 3ms+2ms, total 34ms
07-14 15:47:49.955 D/dalvikvm(20397): GC_CONCURRENT freed 399K, 93% free 618K/8192K, paused 0ms+2ms, total 8ms
07-14 15:47:50.065 D/dalvikvm(20397): GC_CONCURRENT freed 399K, 93% free 618K/8192K, paused 0ms+1ms, total 8ms
07-14 15:47:50.182 D/dalvikvm(20397): GC_CONCURRENT freed 399K, 93% free 618K/8192K, paused 1ms+2ms, total 8ms
07-14 15:47:50.299 D/dalvikvm(20397): GC_CONCURRENT freed 399K, 93% free 618K/8192K, paused 0ms+1ms, total 7ms
07-14 15:47:50.416 D/dalvikvm(20397): GC_CONCURRENT freed 399K, 93% free 618K/8192K, paused 0ms+1ms, total 8ms
07-14 15:47:50.526 D/dalvikvm(20397): GC_CONCURRENT freed 399K, 93% free 618K/8192K, paused 0ms+1ms, total 8ms
07-14 15:47:50.588 D/dalvikvm(20411): GC_CONCURRENT freed 391K, 6% free 9198K/9712K, paused 3ms+2ms, total 36ms
07-14 15:47:50.666 D/dalvikvm(20397): GC_CONCURRENT freed 399K, 93% free 618K/8192K, paused 1ms+1ms, total 8ms
07-14 15:47:50.776 D/dalvikvm(20397): GC_CONCURRENT freed 399K, 93% free 618K/8192K, paused 0ms+1ms, total 7ms
07-14 15:47:50.893 D/dalvikvm(20397): GC_CONCURRENT freed 399K, 93% free 618K/8192K, paused 0ms+1ms, total 7ms
07-14 15:47:51.002 D/dalvikvm(20397): GC_CONCURRENT freed 399K, 93% free 618K/8192K, paused 1ms+1ms, total 8ms
07-14 15:47:51.119 D/dalvikvm(20397): GC_CONCURRENT freed 399K, 93% free 618K/8192K, paused 0ms+1ms, total 8ms
07-14 15:47:51.237 D/dalvikvm(20397): GC_CONCURRENT freed 399K, 93% free 618K/8192K, paused 1ms+1ms, total 9ms
07-14 15:47:51.268 D/dalvikvm(20411): GC_CONCURRENT freed 393K, 6% free 9198K/9712K, paused 2ms+2ms, total 25ms
07-14 15:47:51.354 D/dalvikvm(20397): GC_CONCURRENT freed 399K, 93% free 618K/8192K, paused 0ms+1ms, total 8ms
07-14 15:47:51.479 D/dalvikvm(20397): GC_CONCURRENT freed 399K, 93% free 618K/8192K, paused 0ms+1ms, total 8ms
07-14 15:47:51.502 D/LightsService(  374): Excessive delay setting light: 66ms
07-14 15:47:51.596 D/dalvikvm(20397): GC_CONCURRENT freed 399K, 93% free 618K/8192K, paused 0ms+2ms, total 8ms
07-14 15:47:51.713 D/dalvikvm(20397): GC_CONCURRENT freed 399K, 93% free 618K/8192K, paused 0ms+1ms, total 8ms
07-14 15:47:51.737 D/LightsService(  374): Excessive delay setting light: 67ms
07-14 15:47:51.830 D/dalvikvm(20397): GC_CONCURRENT freed 399K, 93% free 618K/8192K, paused 1ms+1ms, total 8ms
07-14 15:47:51.948 D/dalvikvm(20397): GC_CONCURRENT freed 399K, 93% free 618K/8192K, paused 0ms+1ms, total 8ms
07-14 15:47:51.971 D/dalvikvm(20411): GC_CONCURRENT freed 391K, 6% free 9199K/9712K, paused 3ms+3ms, total 29ms
07-14 15:47:52.065 D/dalvikvm(20397): GC_CONCURRENT freed 399K, 93% free 618K/8192K, paused 1ms+1ms, total 8ms
07-14 15:47:52.182 D/dalvikvm(20397): GC_CONCURRENT freed 399K, 93% free 618K/8192K, paused 0ms+1ms, total 8ms
07-14 15:47:52.299 D/dalvikvm(20397): GC_CONCURRENT freed 399K, 93% free 618K/8192K, paused 0ms+1ms, total 8ms
07-14 15:47:52.408 D/dalvikvm(20397): GC_CONCURRENT freed 399K, 93% free 618K/8192K, paused 0ms+1ms, total 8ms
07-14 15:47:52.526 D/dalvikvm(20397): GC_CONCURRENT freed 399K, 93% free 618K/8192K, paused 1ms+1ms, total 9ms
07-14 15:47:52.635 D/dalvikvm(20397): GC_CONCURRENT freed 399K, 93% free 618K/8192K, paused 1ms+1ms, total 8ms
07-14 15:47:52.658 D/dalvikvm(20411): GC_CONCURRENT freed 398K, 6% free 9200K/9712K, paused 3ms+3ms, total 26ms
07-14 15:47:52.760 D/dalvikvm(20397): GC_CONCURRENT freed 399K, 93% free 618K/8192K, paused 0ms+1ms, total 8ms
07-14 15:47:52.877 D/dalvikvm(20397): GC_CONCURRENT freed 399K, 93% free 618K/8192K, paused 0ms+1ms, total 8ms
07-14 15:47:52.987 D/dalvikvm(20397): GC_CONCURRENT freed 399K, 93% free 618K/8192K, paused 1ms+1ms, total 9ms
07-14 15:47:53.096 D/dalvikvm(20397): GC_CONCURRENT freed 399K, 93% free 618K/8192K, paused 1ms+1ms, total 8ms
07-14 15:47:53.205 D/dalvikvm(20397): GC_CONCURRENT freed 399K, 93% free 618K/8192K, paused 1ms+1ms, total 8ms
07-14 15:47:53.330 D/dalvikvm(20397): GC_CONCURRENT freed 399K, 93% free 618K/8192K, paused 1ms+1ms, total 11ms
07-14 15:47:53.338 D/dalvikvm(20411): GC_CONCURRENT freed 389K, 6% free 9199K/9712K, paused 3ms+2ms, total 25ms
07-14 15:47:53.455 D/dalvikvm(20397): GC_CONCURRENT freed 399K, 93% free 618K/8192K, paused 0ms+1ms, total 8ms
07-14 15:47:53.565 D/dalvikvm(20397): GC_CONCURRENT freed 399K, 93% free 618K/8192K, paused 0ms+1ms, total 8ms
07-14 15:47:53.674 D/dalvikvm(20397): GC_CONCURRENT freed 399K, 93% free 618K/8192K, paused 1ms+1ms, total 8ms
07-14 15:47:53.791 D/dalvikvm(20397): GC_CONCURRENT freed 399K, 93% free 618K/8192K, paused 0ms+1ms, total 7ms
07-14 15:47:53.901 D/dalvikvm(20397): GC_CONCURRENT freed 399K, 93% free 618K/8192K, paused 0ms+1ms, total 8ms
07-14 15:47:54.018 D/dalvikvm(20411): GC_CONCURRENT freed 394K, 6% free 9199K/9712K, paused 3ms+3ms, total 30ms
07-14 15:47:54.033 D/dalvikvm(20397): GC_CONCURRENT freed 399K, 93% free 618K/8192K, paused 1ms+1ms, total 8ms
07-14 15:47:54.143 D/dalvikvm(20397): GC_CONCURRENT freed 399K, 93% free 618K/8192K, paused 0ms+1ms, total 8ms
07-14 15:47:54.268 D/dalvikvm(20397): GC_CONCURRENT freed 399K, 93% free 618K/8192K, paused 1ms+1ms, total 9ms
07-14 15:47:54.377 D/dalvikvm(20397): GC_CONCURRENT freed 399K, 93% free 618K/8192K, paused 1ms+1ms, total 8ms
07-14 15:47:54.487 D/dalvikvm(20397): GC_CONCURRENT freed 399K, 93% free 618K/8192K, paused 0ms+1ms, total 8ms
07-14 15:47:54.604 D/dalvikvm(20397): GC_CONCURRENT freed 399K, 93% free 618K/8192K, paused 1ms+1ms, total 9ms
