07-14 15:16:10.260 I/ActivityManager(  374): START u0 {act=android.intent.action.VIEW dat=market://search?q=pname:hjhk.hjhkPkg cmp=android/com.android.internal.app.ResolverActivity} from pid 14510
07-14 15:16:16.549 I/ActivityManager(  374): START u0 {act=android.intent.action.VIEW dat=market://search?q=pname:hjhk.hjhkPkg flg=0x3000000 cmp=com.qihoo.appstore/.activities.SearchDistributionActivity} from pid 17145
07-14 15:16:16.744 I/ActivityManager(  374): START u0 {cmp=com.qihoo.appstore/.activities.MainActivity (has extras)} from pid 16962
07-14 15:16:31.674 I/ActivityManager(  374): START u0 {act=android.intent.action.MAIN cat=[android.intent.category.LAUNCHER] flg=0x10000000 pkg=hjhk.hjhkPkg cmp=hjhk.hjhkPkg/.NoteMain} from pid 16962
07-14 15:16:31.862 I/ActivityManager(  374): Start proc hjhk.hjhkPkg for activity hjhk.hjhkPkg/.NoteMain: pid=17228 uid=10083 gids={50083, 1015, 1028}
07-14 15:16:43.963 I/ActivityManager(  374): No longer want com.mgyapp.android (pid 12204): empty #17
07-14 15:16:44.041 W/ActivityManager(  374): Scheduling restart of crashed service com.mgyapp.android/.service.AppService in 5000ms
07-14 15:16:46.252 I/ActivityManager(  374): Process android.process.acore (pid 16654) has died.
07-14 15:16:49.049 I/ActivityManager(  374): Start proc com.mgyapp.android for service com.mgyapp.android/.service.AppService: pid=17272 uid=10079 gids={50079, 3003, 1015, 1028, 3002, 1006}
07-14 15:16:51.299 W/BackupManagerService(  374): dataChanged but no participant pkg='com.android.providers.settings' uid=10079
07-14 15:17:00.526 I/ActivityManager(  374): START u0 {act=android.intent.action.DELETE dat=package:hjhk.hjhkPkg flg=0x10000000 cmp=com.android.packageinstaller/.UninstallerActivity} from pid 14510
07-14 15:17:00.799 I/ActivityManager(  374): Start proc com.android.packageinstaller for activity com.android.packageinstaller/.UninstallerActivity: pid=17309 uid=10045 gids={50045, 1028}
07-14 15:17:01.823 I/ActivityManager(  374): START u0 {act=android.intent.action.VIEW cmp=com.android.packageinstaller/.UninstallAppProgress (has extras)} from pid 17309
07-14 15:17:02.073 I/ActivityManager(  374): Force stopping package hjhk.hjhkPkg appid=10083 user=-1
07-14 15:17:02.073 I/ActivityManager(  374): Killing proc 17228:hjhk.hjhkPkg/u0a10083: force stop hjhk.hjhkPkg
07-14 15:17:02.112 W/PackageManager(  374): Couldn't delete native library directory /data/app-lib/hjhk.hjhkPkg
07-14 15:17:02.276 I/ActivityManager(  374): Force stopping package hjhk.hjhkPkg appid=10083 user=0
07-14 15:17:02.604 I/ActivityManager(  374): Process com.google.android.apps.plus (pid 16737) has died.
07-14 15:17:02.760 W/BackupManagerService(  374): dataChanged but no participant pkg='com.android.providers.settings' uid=10079
07-14 15:17:02.869 I/ActivityManager(  374): Start proc android.process.acore for broadcast com.android.providers.contacts/.PackageIntentReceiver: pid=17332 uid=10000 gids={50000, 3003, 1015, 1028}
07-14 15:17:02.901 D/BackupManagerService(  374): Received broadcast Intent { act=android.intent.action.PACKAGE_REMOVED dat=package:hjhk.hjhkPkg flg=0x8000010 (has extras) }
07-14 15:17:02.901 V/BackupManagerService(  374): removePackageParticipantsLocked: uid=10083 #1
07-14 15:17:03.033 W/BackupManagerService(  374): dataChanged but no participant pkg='com.android.providers.settings' uid=10079
07-14 15:17:03.260 W/ContextImpl(16705): Calling a method in the system process without a qualified user: android.app.ContextImpl.startService:1385 android.content.ContextWrapper.startService:473 android.content.ContextWrapper.startService:473 com.android.keychain.KeyChainBroadcastReceiver.onReceive:12 android.app.ActivityThread.handleReceiver:2424 
07-14 15:17:03.518 I/ActivityManager(  374): Start proc com.google.android.apps.plus for broadcast com.google.android.apps.plus/.service.PackagesMediaMonitor: pid=17353 uid=10048 gids={50048, 3003, 3002, 1015, 1006, 1028}
07-14 15:17:05.065 I/ActivityManager(  374): Process system:ui (pid 17145) has died.
07-14 15:17:08.455 I/ActivityManager(  374): Process com.android.packageinstaller (pid 17309) has died.
07-14 15:17:16.604 I/ActivityManager(  374): START u0 {cmp=com.pekall.emdm/.market.activity.AppListActivity} from pid 14510
07-14 15:17:39.299 V/PanelView(  450): animationTick called with dtms=0; nothing to do (h=819.0 v=1686.7906)
07-14 15:17:39.299 V/PanelView(  450): animationTick called with dtms=-1; nothing to do (h=819.0 v=1686.7906)
07-14 15:17:42.252 I/ActivityManager(  374): START u0 {cmp=com.pekall.emdm/.market.activity.AppListActivity bnds=[0,242][720,370] (has extras)} from pid -1
07-14 15:17:42.252 W/ActivityManager(  374): startActivity called from non-Activity context; forcing Intent.FLAG_ACTIVITY_NEW_TASK for: Intent { cmp=com.pekall.emdm/.market.activity.AppListActivity bnds=[0,242][720,370] (has extras) }
07-14 15:17:42.494 V/PanelView(  450): animationTick called with dtms=0; nothing to do (h=1184.0 v=-4000.0)
07-14 15:17:47.510 I/ActivityManager(  374): START u0 {act=android.intent.action.VIEW dat=market://search?q=pname:hjhk.hjhkPkg cmp=android/com.android.internal.app.ResolverActivity} from pid 14510
07-14 15:17:47.776 I/ActivityManager(  374): Start proc system:ui for activity android/com.android.internal.app.ResolverActivity: pid=17539 uid=1000 gids={41000, 1015, 1028, 3002, 3001, 3003, 3007}
07-14 15:17:48.065 I/ActivityManager(  374): Process com.google.android.apps.plus (pid 17353) has died.
07-14 15:18:07.666 W/PowerUI (  450): unknown intent: Intent { act=android.intent.action.ACTION_POWER_CONNECTED flg=0x8000010 }
07-14 15:18:07.705 I/EntropyMixer(  374): Writing entropy...
07-14 15:18:07.908 I/ActivityManager(  374): Start proc com.google.android.apps.uploader for broadcast com.google.android.apps.uploader/com.google.android.picasasync.BatteryReceiver: pid=17561 uid=10039 gids={50039, 3003, 1015, 1028}
07-14 15:18:08.033 I/ActivityManager(  374): Start proc com.google.android.apps.plus for broadcast com.google.android.apps.plus/.iu.BatteryReceiver: pid=17574 uid=10048 gids={50048, 3003, 3002, 1015, 1006, 1028}
07-14 15:18:08.143 I/ActivityManager(  374): Process android.process.acore (pid 17332) has died.
07-14 15:18:09.362 I/ActivityManager(  374): Process com.google.android.gms (pid 16756) has died.
07-14 15:18:09.791 I/ActivityManager(  374): Start proc com.google.android.youtube for broadcast com.google.android.youtube/.app.prefetch.PrefetchService$DeviceStateReceiver: pid=17593 uid=10062 gids={50062, 3003, 1015, 1006, 1028}
07-14 15:18:11.283 I/ActivityManager(  374): Process com.google.android.googlequicksearchbox (pid 16781) has died.
07-14 15:18:12.682 W/ProcessStats(  374): Skipping unknown process pid 17701
07-14 15:18:16.448 W/MountService(  374): getVolumeState(/storage/emulated/0/external_sd): Unknown volume
07-14 15:18:16.448 W/MountService(  374): getVolumeState(/mnt/sdcard-ext): Unknown volume
07-14 15:18:16.448 W/MountService(  374): getVolumeState(/mnt/ext_sdcard): Unknown volume
07-14 15:18:16.448 W/MountService(  374): getVolumeState(/mnt/sdcard2): Unknown volume
07-14 15:18:16.448 W/MountService(  374): getVolumeState(/mnt/emmc): Unknown volume
07-14 15:18:16.448 W/MountService(  374): getVolumeState(/mnt/extSdCard): Unknown volume
07-14 15:18:16.448 W/MountService(  374): getVolumeState(/mnt/sdcard/SD_CARD): Unknown volume
07-14 15:18:16.448 W/MountService(  374): getVolumeState(/mnt/sdcard/extra_sd): Unknown volume
07-14 15:18:16.448 W/MountService(  374): getVolumeState(/mnt/extrasd_bind): Unknown volume
07-14 15:18:16.448 W/MountService(  374): getVolumeState(/mnt/sdcard/ext_sd): Unknown volume
07-14 15:18:16.448 W/MountService(  374): getVolumeState(/storage/extSdCard): Unknown volume
07-14 15:18:16.448 W/MountService(  374): getVolumeState(/storage/sdcard1): Unknown volume
07-14 15:18:16.455 W/MountService(  374): getVolumeState(/mnt/sdcard/external_SD): Unknown volume
07-14 15:18:16.455 W/MountService(  374): getVolumeState(/mnt/sdcard/external_sd): Unknown volume
07-14 15:18:16.526 I/ActivityManager(  374): Start proc android.process.acore for content provider com.android.providers.contacts/.CallLogProvider: pid=17788 uid=10000 gids={50000, 3003, 1015, 1028}
07-14 15:18:16.791 W/MountService(  374): getVolumeState(/storage/emulated/0/external_sd): Unknown volume
07-14 15:18:16.791 W/MountService(  374): getVolumeState(/mnt/sdcard-ext): Unknown volume
07-14 15:18:16.791 W/MountService(  374): getVolumeState(/mnt/ext_sdcard): Unknown volume
07-14 15:18:16.791 W/MountService(  374): getVolumeState(/mnt/sdcard2): Unknown volume
07-14 15:18:16.791 W/MountService(  374): getVolumeState(/mnt/emmc): Unknown volume
07-14 15:18:16.791 W/MountService(  374): getVolumeState(/mnt/extSdCard): Unknown volume
07-14 15:18:16.791 W/MountService(  374): getVolumeState(/mnt/sdcard/SD_CARD): Unknown volume
07-14 15:18:16.791 W/MountService(  374): getVolumeState(/mnt/sdcard/extra_sd): Unknown volume
07-14 15:18:16.799 W/MountService(  374): getVolumeState(/mnt/extrasd_bind): Unknown volume
07-14 15:18:16.799 W/MountService(  374): getVolumeState(/mnt/sdcard/ext_sd): Unknown volume
07-14 15:18:16.799 W/MountService(  374): getVolumeState(/storage/extSdCard): Unknown volume
07-14 15:18:16.799 W/MountService(  374): getVolumeState(/storage/sdcard1): Unknown volume
07-14 15:18:16.799 W/MountService(  374): getVolumeState(/mnt/sdcard/external_SD): Unknown volume
07-14 15:18:16.799 W/MountService(  374): getVolumeState(/mnt/sdcard/external_sd): Unknown volume
07-14 15:18:17.479 I/ActivityManager(  374): Process com.qihoo.appstore (pid 16962) has died.
07-14 15:18:17.479 W/ActivityManager(  374): Scheduling restart of crashed service com.qihoo.appstore/.express.DownloadCoreService in 5000ms
07-14 15:18:17.908 I/ActivityManager(  374): START u0 {act=com.qihoo360.daemon.pcdaemon.ACTION_START_OPERATE_AUTHOR flg=0x10000000 cmp=com.qihoo.appstore/com.qihoo.express.mini.activity.PCLinkConfirmDialogActivity (has extras)} from pid 16938
07-14 15:18:17.963 W/MountService(  374): getVolumeState(/storage/emulated/0/external_sd): Unknown volume
07-14 15:18:17.963 W/MountService(  374): getVolumeState(/mnt/sdcard-ext): Unknown volume
07-14 15:18:17.963 W/MountService(  374): getVolumeState(/mnt/ext_sdcard): Unknown volume
07-14 15:18:17.963 W/MountService(  374): getVolumeState(/mnt/sdcard2): Unknown volume
07-14 15:18:17.963 W/MountService(  374): getVolumeState(/mnt/emmc): Unknown volume
07-14 15:18:18.088 W/MountService(  374): getVolumeState(/mnt/extSdCard): Unknown volume
07-14 15:18:18.096 W/MountService(  374): getVolumeState(/mnt/sdcard/SD_CARD): Unknown volume
07-14 15:18:18.096 I/ActivityManager(  374): START u0 {act=com.qihoo360.daemon.pcdaemon.ACTION_START_OPERATE_AUTHOR flg=0x10000000 cmp=com.qihoo.appstore/com.qihoo.express.mini.activity.PCLinkConfirmDialogActivity (has extras)} from pid 16938
07-14 15:18:18.104 W/MountService(  374): getVolumeState(/mnt/sdcard/extra_sd): Unknown volume
07-14 15:18:18.104 W/MountService(  374): getVolumeState(/mnt/extrasd_bind): Unknown volume
07-14 15:18:18.104 W/MountService(  374): getVolumeState(/mnt/sdcard/ext_sd): Unknown volume
07-14 15:18:18.112 W/MountService(  374): getVolumeState(/storage/extSdCard): Unknown volume
07-14 15:18:18.112 W/MountService(  374): getVolumeState(/storage/sdcard1): Unknown volume
07-14 15:18:18.119 W/MountService(  374): getVolumeState(/mnt/sdcard/external_SD): Unknown volume
07-14 15:18:18.119 W/MountService(  374): getVolumeState(/mnt/sdcard/external_sd): Unknown volume
07-14 15:18:18.713 W/ActivityManager(  374): Activity pause timeout for ActivityRecord{430689b8 u0 com.qihoo.appstore/com.qihoo.express.mini.activity.PCLinkConfirmDialogActivity}
07-14 15:18:19.127 W/MountService(  374): getVolumeState(/storage/emulated/0/external_sd): Unknown volume
07-14 15:18:19.127 W/MountService(  374): getVolumeState(/mnt/sdcard-ext): Unknown volume
07-14 15:18:19.127 W/MountService(  374): getVolumeState(/mnt/ext_sdcard): Unknown volume
07-14 15:18:19.127 W/MountService(  374): getVolumeState(/mnt/sdcard2): Unknown volume
07-14 15:18:19.127 W/MountService(  374): getVolumeState(/mnt/emmc): Unknown volume
07-14 15:18:19.127 W/MountService(  374): getVolumeState(/mnt/extSdCard): Unknown volume
07-14 15:18:19.127 W/MountService(  374): getVolumeState(/mnt/sdcard/SD_CARD): Unknown volume
07-14 15:18:19.127 W/MountService(  374): getVolumeState(/mnt/sdcard/extra_sd): Unknown volume
07-14 15:18:19.127 W/MountService(  374): getVolumeState(/mnt/extrasd_bind): Unknown volume
07-14 15:18:19.127 W/MountService(  374): getVolumeState(/mnt/sdcard/ext_sd): Unknown volume
07-14 15:18:19.135 W/MountService(  374): getVolumeState(/storage/extSdCard): Unknown volume
07-14 15:18:19.135 W/MountService(  374): getVolumeState(/storage/sdcard1): Unknown volume
07-14 15:18:19.135 W/MountService(  374): getVolumeState(/mnt/sdcard/external_SD): Unknown volume
07-14 15:18:19.135 W/MountService(  374): getVolumeState(/mnt/sdcard/external_sd): Unknown volume
07-14 15:18:22.682 I/ActivityManager(  374): Start proc com.qihoo360.mobilesafe for service com.qihoo360.mobilesafe/.service.ExamService: pid=17873 uid=10072 gids={50072, 3003, 1015, 3001, 3002, 1006, 1028}
07-14 15:18:24.994 I/ActivityManager(  374): Start proc com.qihoo360.mobilesafe:PcDaemon for service com.qihoo360.mobilesafe/.pcdaemon.service.DaemonService: pid=17918 uid=10072 gids={50072, 3003, 1015, 3001, 3002, 1006, 1028}
07-14 15:18:25.041 I/ActivityManager(  374): Start proc com.qihoo.appstore for service com.qihoo.appstore/com.qihoo360.accounts.sso.svc.AccountService: pid=17928 uid=10064 gids={50064, 3003, 1015, 3002, 1006, 3001, 1028}
07-14 15:18:26.877 W/BroadcastQueue(  374): Failure [background] sending broadcast result of Intent { act=com.qihoo360.mobilesafe.NotifyDaemonStop flg=0x10 }
07-14 15:18:26.877 W/BroadcastQueue(  374): android.os.DeadObjectException
07-14 15:18:26.877 W/BroadcastQueue(  374): 	at android.os.BinderProxy.transact(Native Method)
07-14 15:18:26.877 W/BroadcastQueue(  374): 	at android.content.IIntentReceiver$Stub$Proxy.performReceive(IIntentReceiver.java:124)
07-14 15:18:26.877 W/BroadcastQueue(  374): 	at com.android.server.am.BroadcastQueue.performReceiveLocked(BroadcastQueue.java:376)
07-14 15:18:26.877 W/BroadcastQueue(  374): 	at com.android.server.am.BroadcastQueue.processNextBroadcast(BroadcastQueue.java:599)
07-14 15:18:26.877 W/BroadcastQueue(  374): 	at com.android.server.am.ActivityManagerService.finishReceiver(ActivityManagerService.java:12390)
07-14 15:18:26.877 W/BroadcastQueue(  374): 	at android.app.ActivityManagerNative.onTransact(ActivityManagerNative.java:379)
07-14 15:18:26.877 W/BroadcastQueue(  374): 	at com.android.server.am.ActivityManagerService.onTransact(ActivityManagerService.java:1737)
07-14 15:18:26.877 W/BroadcastQueue(  374): 	at android.os.Binder.execTransact(Binder.java:388)
07-14 15:18:26.877 W/BroadcastQueue(  374): 	at dalvik.system.NativeStart.run(Native Method)
07-14 15:18:30.815 I/ActivityManager(  374): No longer want com.google.android.partnersetup (pid 16798): empty #17
07-14 15:18:37.158 I/ActivityManager(  374): Start proc com.nd.assistance for broadcast com.nd.assistance/.controller.DaemonController: pid=18007 uid=10065 gids={50065, 3003, 1015, 1006, 1028}
07-14 15:18:37.268 I/ActivityManager(  374): Start proc com.nd.assistance.ServerService for service com.nd.assistance/.server.ServerService: pid=18020 uid=10065 gids={50065, 3003, 1015, 1006, 1028}
07-14 15:18:37.283 I/ActivityManager(  374): No longer want com.google.android.gsf.login (pid 16913): empty #17
07-14 15:19:35.940 I/PowerManagerService(  374): Going to sleep due to screen timeout...
07-14 15:19:36.885 I/WindowManager(  374): Screenshot Window{42db5df8 u0 android/com.android.internal.app.ResolverActivity} was all black! mSurfaceLayer=21025 minLayer=21020 maxLayer=21025
07-14 15:19:42.026 I/ActivityManager(  374): Start proc com.google.android.deskclock for service com.google.android.deskclock/com.android.alarmclock.DigitalAppWidgetService: pid=18107 uid=10013 gids={50013, 1028}
07-14 15:19:42.237 D/PhoneStatusBar(  450): disable: < expand icons alerts ticker system_info back home RECENT* clock search >
07-14 15:19:42.510 D/PhoneStatusBar(  450): disable: < expand icons alerts ticker system_info BACK* HOME* RECENT CLOCK* search >
07-14 15:22:17.846 I/ActivityManager(  374): No longer want com.pekall.nmefc (pid 14489): empty for 1800s
07-14 15:22:17.862 W/ActivityManager(  374): Scheduling restart of crashed service com.pekall.nmefc/com.pekall.lib.push.PushService in 5000ms
07-14 15:22:22.885 I/ActivityManager(  374): Start proc com.pekall.nmefc for service com.pekall.nmefc/com.pekall.lib.push.PushService: pid=18129 uid=10068 gids={50068, 1015, 1028, 3003}
07-14 15:22:37.760 W/MountService(  374): getVolumeState(/storage/emulated/0/external_sd): Unknown volume
07-14 15:22:37.760 W/MountService(  374): getVolumeState(/mnt/sdcard-ext): Unknown volume
07-14 15:22:37.760 W/MountService(  374): getVolumeState(/mnt/ext_sdcard): Unknown volume
07-14 15:22:37.760 W/MountService(  374): getVolumeState(/mnt/sdcard2): Unknown volume
07-14 15:22:37.760 W/MountService(  374): getVolumeState(/mnt/emmc): Unknown volume
07-14 15:22:37.760 W/MountService(  374): getVolumeState(/mnt/extSdCard): Unknown volume
07-14 15:22:37.768 W/MountService(  374): getVolumeState(/mnt/sdcard/SD_CARD): Unknown volume
07-14 15:22:37.768 W/MountService(  374): getVolumeState(/mnt/sdcard/extra_sd): Unknown volume
07-14 15:22:37.768 W/MountService(  374): getVolumeState(/mnt/extrasd_bind): Unknown volume
07-14 15:22:37.768 W/MountService(  374): getVolumeState(/mnt/sdcard/ext_sd): Unknown volume
07-14 15:22:37.768 W/MountService(  374): getVolumeState(/storage/extSdCard): Unknown volume
07-14 15:22:37.768 W/MountService(  374): getVolumeState(/storage/sdcard1): Unknown volume
07-14 15:22:37.768 W/MountService(  374): getVolumeState(/mnt/sdcard/external_SD): Unknown volume
07-14 15:22:37.768 W/MountService(  374): getVolumeState(/mnt/sdcard/external_sd): Unknown volume
07-14 15:22:37.987 W/PackageParser(17928): Unknown element under <application>: intent-filter at /storage/emulated/0/360MobileSafe_5.2.3.1061.apk Binary XML file line #1165
07-14 15:22:38.010 W/PackageParser(17928): Unknown element under <application>: intent-filter at /storage/emulated/0/360MobileSafe_5.2.3.1061.apk Binary XML file line #1423
07-14 15:22:38.315 W/MountService(  374): getVolumeState(/storage/emulated/0/external_sd): Unknown volume
07-14 15:22:38.315 W/MountService(  374): getVolumeState(/mnt/sdcard-ext): Unknown volume
07-14 15:22:38.315 W/MountService(  374): getVolumeState(/mnt/ext_sdcard): Unknown volume
07-14 15:22:38.315 W/MountService(  374): getVolumeState(/mnt/sdcard2): Unknown volume
07-14 15:22:38.323 W/MountService(  374): getVolumeState(/mnt/emmc): Unknown volume
07-14 15:22:38.323 W/MountService(  374): getVolumeState(/mnt/extSdCard): Unknown volume
07-14 15:22:38.323 W/MountService(  374): getVolumeState(/mnt/sdcard/SD_CARD): Unknown volume
07-14 15:22:38.323 W/MountService(  374): getVolumeState(/mnt/sdcard/extra_sd): Unknown volume
07-14 15:22:38.323 W/MountService(  374): getVolumeState(/mnt/extrasd_bind): Unknown volume
07-14 15:22:38.323 W/MountService(  374): getVolumeState(/mnt/sdcard/ext_sd): Unknown volume
07-14 15:22:38.323 W/MountService(  374): getVolumeState(/storage/extSdCard): Unknown volume
07-14 15:22:38.323 W/MountService(  374): getVolumeState(/storage/sdcard1): Unknown volume
07-14 15:22:38.323 W/MountService(  374): getVolumeState(/mnt/sdcard/external_SD): Unknown volume
07-14 15:22:38.330 W/MountService(  374): getVolumeState(/mnt/sdcard/external_sd): Unknown volume
07-14 15:22:38.510 W/PackageParser(17928): No actions in intent filter at /storage/emulated/0/Download/emmp.apk Binary XML file line #687
07-14 15:22:38.783 W/PackageParser(17928): No actions in intent filter at /storage/emulated/0/Download/emmp-1.apk Binary XML file line #687
07-14 15:22:39.346 W/PackageParser(17928): No actions in intent filter at /storage/emulated/0/360Download/Pekall.apk Binary XML file line #685
07-14 15:22:39.377 W/MountService(  374): getVolumeState(/storage/emulated/0/external_sd): Unknown volume
07-14 15:22:39.385 W/MountService(  374): getVolumeState(/mnt/sdcard-ext): Unknown volume
07-14 15:22:39.385 W/MountService(  374): getVolumeState(/mnt/ext_sdcard): Unknown volume
07-14 15:22:39.385 W/MountService(  374): getVolumeState(/mnt/sdcard2): Unknown volume
07-14 15:22:39.385 W/MountService(  374): getVolumeState(/mnt/emmc): Unknown volume
07-14 15:22:39.393 W/MountService(  374): getVolumeState(/mnt/extSdCard): Unknown volume
07-14 15:22:39.393 W/MountService(  374): getVolumeState(/mnt/sdcard/SD_CARD): Unknown volume
07-14 15:22:39.393 W/MountService(  374): getVolumeState(/mnt/sdcard/extra_sd): Unknown volume
07-14 15:22:39.393 W/MountService(  374): getVolumeState(/mnt/extrasd_bind): Unknown volume
07-14 15:22:39.393 W/MountService(  374): getVolumeState(/mnt/sdcard/ext_sd): Unknown volume
07-14 15:22:39.393 W/MountService(  374): getVolumeState(/storage/extSdCard): Unknown volume
07-14 15:22:39.393 W/MountService(  374): getVolumeState(/storage/sdcard1): Unknown volume
07-14 15:22:39.393 W/MountService(  374): getVolumeState(/mnt/sdcard/external_SD): Unknown volume
07-14 15:22:39.393 W/MountService(  374): getVolumeState(/mnt/sdcard/external_sd): Unknown volume
07-14 15:22:41.627 I/ActivityManager(  374): Process android.process.acore (pid 17788) has died.
07-14 15:23:56.830 I/ActivityManager(  374): No longer want com.google.android.music:main (pid 14623): empty for 1805s
07-14 15:23:56.846 W/ActivityManager(  374): Scheduling restart of crashed service com.google.android.music/.playback.MusicPlaybackService in 5000ms
07-14 15:24:01.869 I/ActivityManager(  374): Start proc com.google.android.music:main for service com.google.android.music/.playback.MusicPlaybackService: pid=18163 uid=10041 gids={50041, 3003, 1015, 1028}
07-14 15:24:02.057 I/PowerManagerService(  374): Waking up from sleep...
07-14 15:24:02.135 I/WindowManager(  374): Lock screen displayed!
07-14 15:24:02.932 I/ActivityManager(  374): Start proc com.android.providers.calendar for content provider com.android.providers.calendar/.CalendarProvider2: pid=18202 uid=10007 gids={50007, 3003, 1015, 1028}
07-14 15:24:03.346 D/PhoneStatusBar(  450): disable: < expand icons alerts ticker system_info BACK HOME recent* CLOCK search >
07-14 15:24:03.471 D/PhoneStatusBar(  450): disable: < expand icons alerts ticker system_info back* home* recent clock* search >
07-14 15:24:04.651 I/ActivityManager(  374): Start proc com.google.android.calendar for broadcast com.google.android.calendar/com.android.calendar.alerts.AlertReceiver: pid=18245 uid=10006 gids={50006, 3003, 1028}
07-14 15:24:09.862 I/ActivityManager(  374): No longer want com.android.keychain (pid 16705): empty #17
07-14 15:25:00.908 I/PowerManagerService(  374): Going to sleep due to screen timeout...
07-14 15:25:06.994 D/PhoneStatusBar(  450): disable: < expand icons alerts ticker system_info back home RECENT* clock search >
07-14 15:25:07.174 D/PhoneStatusBar(  450): disable: < expand icons alerts ticker system_info BACK* HOME* RECENT CLOCK* search >
07-14 15:28:02.073 W/MountService(  374): getVolumeState(/storage/emulated/0/external_sd): Unknown volume
07-14 15:28:02.073 W/MountService(  374): getVolumeState(/mnt/sdcard-ext): Unknown volume
07-14 15:28:02.073 W/MountService(  374): getVolumeState(/mnt/ext_sdcard): Unknown volume
07-14 15:28:02.073 W/MountService(  374): getVolumeState(/mnt/sdcard2): Unknown volume
07-14 15:28:02.073 W/MountService(  374): getVolumeState(/mnt/emmc): Unknown volume
07-14 15:28:02.080 W/MountService(  374): getVolumeState(/mnt/extSdCard): Unknown volume
07-14 15:28:02.080 W/MountService(  374): getVolumeState(/mnt/sdcard/SD_CARD): Unknown volume
07-14 15:28:02.080 W/MountService(  374): getVolumeState(/mnt/sdcard/extra_sd): Unknown volume
07-14 15:28:02.080 W/MountService(  374): getVolumeState(/mnt/extrasd_bind): Unknown volume
07-14 15:28:02.080 W/MountService(  374): getVolumeState(/mnt/sdcard/ext_sd): Unknown volume
07-14 15:28:02.080 W/MountService(  374): getVolumeState(/storage/extSdCard): Unknown volume
07-14 15:28:02.088 W/MountService(  374): getVolumeState(/storage/sdcard1): Unknown volume
07-14 15:28:02.088 W/MountService(  374): getVolumeState(/mnt/sdcard/external_SD): Unknown volume
07-14 15:28:02.088 W/MountService(  374): getVolumeState(/mnt/sdcard/external_sd): Unknown volume
07-14 15:28:02.307 W/PackageParser(17928): Unknown element under <application>: intent-filter at /storage/emulated/0/360MobileSafe_5.2.3.1061.apk Binary XML file line #1165
07-14 15:28:02.315 W/PackageParser(17928): Unknown element under <application>: intent-filter at /storage/emulated/0/360MobileSafe_5.2.3.1061.apk Binary XML file line #1423
07-14 15:28:02.698 W/PackageParser(17928): No actions in intent filter at /storage/emulated/0/Download/emmp.apk Binary XML file line #687
07-14 15:28:02.932 W/PackageParser(17928): No actions in intent filter at /storage/emulated/0/Download/emmp-1.apk Binary XML file line #687
07-14 15:28:03.479 I/ActivityManager(  374): Process com.google.android.gallery3d (pid 16671) has died.
07-14 15:28:03.494 W/PackageParser(17928): No actions in intent filter at /storage/emulated/0/360Download/Pekall.apk Binary XML file line #685
07-14 15:28:04.299 W/MountService(  374): getVolumeState(/storage/emulated/0/external_sd): Unknown volume
07-14 15:28:04.307 W/MountService(  374): getVolumeState(/mnt/sdcard-ext): Unknown volume
07-14 15:28:04.307 W/MountService(  374): getVolumeState(/mnt/ext_sdcard): Unknown volume
07-14 15:28:04.307 W/MountService(  374): getVolumeState(/mnt/sdcard2): Unknown volume
07-14 15:28:04.315 W/MountService(  374): getVolumeState(/mnt/emmc): Unknown volume
07-14 15:28:04.315 W/MountService(  374): getVolumeState(/mnt/extSdCard): Unknown volume
07-14 15:28:04.315 W/MountService(  374): getVolumeState(/mnt/sdcard/SD_CARD): Unknown volume
07-14 15:28:04.315 W/MountService(  374): getVolumeState(/mnt/sdcard/extra_sd): Unknown volume
07-14 15:28:04.315 W/MountService(  374): getVolumeState(/mnt/extrasd_bind): Unknown volume
07-14 15:28:04.323 W/MountService(  374): getVolumeState(/mnt/sdcard/ext_sd): Unknown volume
07-14 15:28:04.323 W/MountService(  374): getVolumeState(/storage/extSdCard): Unknown volume
07-14 15:28:04.323 W/MountService(  374): getVolumeState(/storage/sdcard1): Unknown volume
07-14 15:28:04.323 W/MountService(  374): getVolumeState(/mnt/sdcard/external_SD): Unknown volume
07-14 15:28:04.323 W/MountService(  374): getVolumeState(/mnt/sdcard/external_sd): Unknown volume
07-14 15:28:05.369 I/ActivityManager(  374): Process com.qihoo360.mobilesafe:PcDaemon (pid 17918) has died.
07-14 15:28:08.729 I/ActivityManager(  374): No longer want com.google.android.apps.maps:GoogleLocationService (pid 15076): empty for 1803s
07-14 15:28:08.744 W/ActivityManager(  374): Scheduling restart of crashed service com.google.android.apps.maps/com.google.android.location.internal.server.GoogleLocationService in 5000ms
07-14 15:28:13.783 I/ActivityManager(  374): Start proc com.google.android.apps.maps:GoogleLocationService for service com.google.android.apps.maps/com.google.android.location.internal.server.GoogleLocationService: pid=18296 uid=10038 gids={50038, 3003, 1015, 1028}
07-14 15:28:14.948 I/ActivityManager(  374): Start proc com.google.android.apps.maps:FriendService for broadcast com.google.android.apps.maps/com.google.googlenav.friend.android.ServiceReceiver: pid=18317 uid=10038 gids={50038, 3003, 1015, 1028}
07-14 15:28:15.088 W/ActivityManager(  374): Permission denied: checkComponentPermission() owningUid=10009
07-14 15:28:15.088 W/BroadcastQueue(  374): Permission Denial: broadcasting Intent { act=com.google.android.location.internal.server.ACTION_RESTARTED flg=0x10 } from com.google.android.apps.maps (pid=18296, uid=10038) is not exported from uid 10009 due to receiver com.google.android.gms/com.google.android.location.reporting.service.ExternalChangeReceiver
07-14 15:28:15.112 I/ActivityManager(  374): Start proc com.google.android.apps.maps:LocationFriendService for broadcast com.google.android.apps.maps/com.google.googlenav.friend.reporting.LocationReportingIntentReceiver: pid=18329 uid=10038 gids={50038, 3003, 1015, 1028}
07-14 15:29:28.846 W/ActivityThread(18296): ClassLoader.loadClass: The class loader returned by Thread.getContextClassLoader() may fail for processes that host multiple applications. You should explicitly specify a context class loader. For example: Thread.setContextClassLoader(getClass().getClassLoader());
07-14 15:30:24.198 I/PowerManagerService(  374): Waking up from sleep...
07-14 15:30:24.244 I/WindowManager(  374): Lock screen displayed!
07-14 15:30:25.213 D/PhoneStatusBar(  450): disable: < expand icons alerts ticker system_info BACK HOME recent* CLOCK search >
07-14 15:30:25.432 D/PhoneStatusBar(  450): disable: < expand icons alerts ticker system_info back* home* recent clock* search >
07-14 15:30:55.182 I/PowerManagerService(  374): Going to sleep due to screen timeout...
07-14 15:31:01.151 D/PhoneStatusBar(  450): disable: < expand icons alerts ticker system_info back home RECENT* clock search >
07-14 15:31:01.315 D/PhoneStatusBar(  450): disable: < expand icons alerts ticker system_info BACK* HOME* RECENT CLOCK* search >
07-14 15:31:58.721 I/PowerManagerService(  374): Waking up from sleep...
07-14 15:31:58.768 I/WindowManager(  374): Lock screen displayed!
07-14 15:31:59.838 D/PhoneStatusBar(  450): disable: < expand icons alerts ticker system_info BACK HOME recent* CLOCK search >
07-14 15:31:59.869 D/PhoneStatusBar(  450): disable: < expand icons alerts ticker system_info back* home* recent clock* search >
07-14 15:32:01.119 I/ActivityManager(  374): START u0 {act=android.intent.action.VIEW dat=market://search?q=pname:hjhk.hjhkPkg flg=0x3000000 cmp=com.qihoo.appstore/.activities.SearchDistributionActivity} from pid 17539
07-14 15:32:01.182 I/ActivityManager(  374): START u0 {cmp=com.qihoo.appstore/.activities.MainActivity (has extras)} from pid 17928
07-14 15:32:04.268 I/ActivityManager(  374): No longer want com.android.musicfx (pid 16720): empty #17
07-14 15:32:04.408 I/ActivityManager(  374): START u0 {cmp=com.qihoo.appstore/.activities.AppImageActivity (has extras)} from pid 17928
07-14 15:32:05.573 I/ActivityManager(  374): Process com.google.android.apps.plus (pid 17574) has died.
07-14 15:32:15.549 I/ActivityManager(  374): Process com.qihoo360.mobilesafe (pid 17873) has died.
07-14 15:32:15.994 I/ActivityManager(  374): Process com.qihoo.root (pid 16897) has died.
07-14 15:32:17.541 I/ActivityManager(  374): Process com.google.android.apps.uploader (pid 17561) has died.
07-14 15:32:18.362 I/ActivityManager(  374): Process com.google.android.calendar (pid 18245) has died.
07-14 15:32:20.088 I/ActivityManager(  374): START u0 {act=android.intent.action.VIEW dat=market://search?q=pname:hjhk.hjhkPkg cmp=android/com.android.internal.app.ResolverActivity} from pid 14510
07-14 15:32:20.604 I/ActivityManager(  374): Process com.noshufou.android.su (pid 16880) has died.
07-14 15:32:20.994 I/ActivityManager(  374): Process com.android.defcontainer (pid 15608) has died.
07-14 15:32:22.698 I/ActivityManager(  374): START u0 {act=android.intent.action.VIEW dat=market://search?q=pname:hjhk.hjhkPkg flg=0x3000000 cmp=com.qihoo.appstore/.activities.SearchDistributionActivity} from pid 17539
07-14 15:32:22.948 I/ActivityManager(  374): START u0 {cmp=com.qihoo.appstore/.activities.MainActivity (has extras)} from pid 17928
07-14 15:32:52.666 I/PowerManagerService(  374): Going to sleep due to screen timeout...
07-14 15:32:58.768 D/PhoneStatusBar(  450): disable: < expand icons alerts ticker system_info back home RECENT* clock search >
07-14 15:32:58.932 D/PhoneStatusBar(  450): disable: < expand icons alerts ticker system_info BACK* HOME* RECENT CLOCK* search >
07-14 15:33:16.643 I/PowerManagerService(  374): Waking up from sleep...
07-14 15:33:16.791 I/WindowManager(  374): Lock screen displayed!
07-14 15:33:17.760 D/PhoneStatusBar(  450): disable: < expand icons alerts ticker system_info BACK HOME recent* CLOCK search >
07-14 15:33:17.846 D/PhoneStatusBar(  450): disable: < expand icons alerts ticker system_info back* home* recent clock* search >
07-14 15:33:18.010 W/InputMethodManagerService(  374): Window already focused, ignoring focus gain of: com.android.internal.view.IInputMethodClient$Stub$Proxy@42bd27e8 attribute=android.view.inputmethod.EditorInfo@42e54438, token = android.os.BinderProxy@42ef9f00
07-14 15:33:21.198 E/ActivityThread(17928): Failed to find provider info for com.qihoo.antivirus.sync.MSSyncProvider
07-14 15:33:21.221 I/ActivityManager(  374): Start proc com.android.defcontainer for service com.android.defcontainer/.DefaultContainerService: pid=18661 uid=10012 gids={50012, 1015, 1023, 2001, 1028}
07-14 15:33:21.283 W/ActivityManager(  374): No content provider found for permission revoke: file:///storage/emulated/0/360Download/85160EED11FBAE5E019C120A6B4000F3
07-14 15:33:21.651 I/ActivityManager(  374): Process com.nd.assistance (pid 18007) has died.
07-14 15:33:31.369 I/PackageManager(  374): Verification timed out for file:///storage/emulated/0/360Download/85160EED11FBAE5E019C120A6B4000F3
07-14 15:33:31.369 I/PackageManager(  374): Continuing with installation of file:///storage/emulated/0/360Download/85160EED11FBAE5E019C120A6B4000F3
07-14 15:33:31.393 W/ActivityManager(  374): No content provider found for permission revoke: file:///storage/emulated/0/360Download/85160EED11FBAE5E019C120A6B4000F3
07-14 15:33:31.393 I/PackageManager(  374): Copying native libraries to /data/app-lib/vmdl670139069
07-14 15:33:31.627 I/ActivityManager(  374): Force stopping package hjhk.hjhkPkg appid=10073 user=-1
07-14 15:33:32.057 I/ActivityManager(  374): Process com.google.android.apps.maps:FriendService (pid 18317) has died.
07-14 15:33:32.182 I/ActivityManager(  374): Start proc com.qihoo360.mobilesafe for service com.qihoo360.mobilesafe/.service.GuardDelegateService: pid=18687 uid=10072 gids={50072, 3003, 1015, 3001, 3002, 1006, 1028}
07-14 15:33:32.393 D/BackupManagerService(  374): Received broadcast Intent { act=android.intent.action.PACKAGE_ADDED dat=package:hjhk.hjhkPkg flg=0x8000010 (has extras) }
07-14 15:33:32.401 V/BackupManagerService(  374): addPackageParticipantsLocked: #1
07-14 15:33:32.487 I/ActivityManager(  374): Start proc com.qihoo360.mobilesafe:scan for service com.qihoo360.mobilesafe/com.qihoo.security.services.DeepScanService: pid=18701 uid=10072 gids={50072, 3003, 1015, 3001, 3002, 1006, 1028}
07-14 15:33:32.682 I/ActivityManager(  374): Start proc android.process.acore for broadcast com.android.providers.contacts/.PackageIntentReceiver: pid=18715 uid=10000 gids={50000, 3003, 1015, 1028}
07-14 15:33:32.815 I/ActivityManager(  374): Start proc com.qihoo360.mobilesafe:engine for service com.qihoo360.mobilesafe/com.qihoo.security.services.ScanEngineService: pid=18732 uid=10072 gids={50072, 3003, 1015, 3001, 3002, 1006, 1028}
07-14 15:33:33.323 I/ActivityManager(  374): Start proc com.google.android.gallery3d for broadcast com.google.android.gallery3d/com.android.gallery3d.app.PackagesMonitor: pid=18758 uid=10019 gids={50019, 1006, 3003, 1015, 1028}
07-14 15:33:33.494 I/ActivityManager(  374): Process com.google.android.apps.maps:LocationFriendService (pid 18329) has died.
07-14 15:33:35.119 I/ActivityManager(  374): Start proc com.google.android.partnersetup for broadcast com.google.android.partnersetup/.RlzPingBroadcastReceiver: pid=18793 uid=10027 gids={50027, 3003, 1028}
07-14 15:33:35.369 I/ActivityManager(  374): Start proc com.android.musicfx for broadcast com.android.musicfx/.Compatibility$Receiver: pid=18808 uid=10042 gids={50042, 3003, 3002, 1028}
07-14 15:33:35.526 I/ActivityManager(  374): Start proc com.google.android.apps.plus for broadcast com.google.android.apps.plus/.service.PackagesMediaMonitor: pid=18822 uid=10048 gids={50048, 3003, 3002, 1015, 1006, 1028}
07-14 15:33:35.721 I/ActivityManager(  374): Process system:ui (pid 17539) has died.
07-14 15:33:36.768 I/ActivityManager(  374): Process com.android.providers.calendar (pid 18202) has died.
07-14 15:33:36.955 I/ActivityManager(  374): Process com.google.android.deskclock (pid 18107) has died.
07-14 15:33:37.549 W/PackageParser(  636): No actions in intent filter at /storage/emulated/0/Download/emmp.apk Binary XML file line #687
07-14 15:33:37.705 W/PackageParser(  636): No actions in intent filter at /storage/emulated/0/Download/emmp-1.apk Binary XML file line #687
07-14 15:33:37.901 W/PackageParser(  636): No actions in intent filter at /storage/emulated/0/360Download/Pekall.apk Binary XML file line #685
07-14 15:33:38.182 W/PackageParser(  636): Unknown element under <application>: intent-filter at /storage/emulated/0/360MobileSafe_5.2.3.1061.apk Binary XML file line #1165
07-14 15:33:38.182 W/PackageParser(  636): Unknown element under <application>: intent-filter at /storage/emulated/0/360MobileSafe_5.2.3.1061.apk Binary XML file line #1423
07-14 15:33:38.244 I/ActivityManager(  374): Start proc com.google.android.gms for broadcast com.google.android.gms/.games.receiver.GamesSystemBroadcastReceiver: pid=18846 uid=10009 gids={50009, 3003, 1007, 1028, 1015, 1006, 2001, 3006}
07-14 15:33:38.362 I/ActivityManager(  374): Process com.android.defcontainer (pid 18661) has died.
07-14 15:33:38.588 I/ActivityManager(  374): Process android.process.acore (pid 18715) has died.
07-14 15:33:38.635 I/ActivityManager(  374): Start proc com.google.android.googlequicksearchbox for broadcast com.google.android.googlequicksearchbox/com.google.android.apps.sidekick.GmmLocationProviderImpl$GmmPackageWatcher: pid=18863 uid=10056 gids={50056, 3003, 1028, 1007, 3002, 1015}
07-14 15:33:39.158 I/ActivityManager(  374): Process com.qihoo360.mobilesafe (pid 18687) has died.
07-14 15:33:39.237 W/ActivityManager(  374): Unable to start service Intent { act=com.google.android.gms.analytics.service.START (has extras) } U=0: not found
07-14 15:33:39.385 I/ActivityManager(  374): Start proc com.noshufou.android.su for broadcast com.noshufou.android.su/.InstallReceiver: pid=18941 uid=10077 gids={50077, 3003, 1015, 1028}
07-14 15:33:39.549 I/ActivityManager(  374): Start proc com.google.android.gsf.login for service com.google.android.gms/.recovery.AccountRecoveryBackgroundService: pid=18958 uid=10009 gids={50009, 3003, 1007, 1028, 1015, 1006, 2001, 3006}
07-14 15:33:39.666 I/ActivityManager(  374): Process com.google.android.gallery3d (pid 18758) has died.
07-14 15:33:43.424 I/ActivityManager(  374): Start proc com.android.defcontainer for service com.android.defcontainer/.DefaultContainerService: pid=18981 uid=10012 gids={50012, 1015, 1023, 2001, 1028}
07-14 15:33:43.643 I/ActivityManager(  374): Process com.android.musicfx (pid 18808) has died.
07-14 15:33:44.088 W/ActivityManager(  374): Unable to start service Intent { act=com.google.android.gms.analytics.service.START (has extras) } U=0: not found
07-14 15:33:49.096 W/ActivityManager(  374): Unable to start service Intent { act=com.google.android.gms.analytics.service.START (has extras) } U=0: not found
07-14 15:33:59.448 I/ActivityManager(  374): Process com.google.android.apps.plus (pid 18822) has died.
07-14 15:34:04.323 W/PackageManager(  374): Invalid verification token 5 received
07-14 15:34:12.369 I/ActivityManager(  374): Process com.google.android.partnersetup (pid 18793) has died.
07-14 15:34:47.190 I/ActivityManager(  374): Process com.qihoo360.mobilesafe:scan (pid 18701) has died.
07-14 15:34:47.198 I/ActivityManager(  374): Process com.qihoo360.mobilesafe:engine (pid 18732) has died.
07-14 15:34:49.862 I/PowerManagerService(  374): Going to sleep due to screen timeout...
07-14 15:34:55.729 I/ActivityManager(  374): Start proc com.google.android.deskclock for service com.google.android.deskclock/com.android.alarmclock.DigitalAppWidgetService: pid=19152 uid=10013 gids={50013, 1028}
07-14 15:34:55.908 D/PhoneStatusBar(  450): disable: < expand icons alerts ticker system_info back home RECENT* clock search >
07-14 15:34:55.994 D/PhoneStatusBar(  450): disable: < expand icons alerts ticker system_info BACK* HOME* RECENT CLOCK* search >
07-14 15:35:40.690 I/ActivityManager(  374): Process com.qihoo.appstore (pid 17928) has died.
07-14 15:35:40.690 W/ActivityManager(  374): Scheduling restart of crashed service com.qihoo.appstore/.express.DownloadCoreService in 5000ms
07-14 15:37:01.737 I/ActivityManager(  374): Start proc com.qihoo.appstore for service com.qihoo.appstore/.express.DownloadCoreService: pid=19168 uid=10064 gids={50064, 3003, 1015, 3002, 1006, 3001, 1028}
07-14 15:37:51.752 W/MountService(  374): getVolumeState(/storage/emulated/0/external_sd): Unknown volume
07-14 15:37:51.752 W/MountService(  374): getVolumeState(/mnt/sdcard-ext): Unknown volume
07-14 15:37:51.752 W/MountService(  374): getVolumeState(/mnt/ext_sdcard): Unknown volume
07-14 15:37:51.752 W/MountService(  374): getVolumeState(/mnt/sdcard2): Unknown volume
07-14 15:37:51.752 W/MountService(  374): getVolumeState(/mnt/emmc): Unknown volume
07-14 15:37:51.752 W/MountService(  374): getVolumeState(/mnt/extSdCard): Unknown volume
07-14 15:37:51.760 W/MountService(  374): getVolumeState(/mnt/sdcard/SD_CARD): Unknown volume
07-14 15:37:51.760 W/MountService(  374): getVolumeState(/mnt/sdcard/extra_sd): Unknown volume
07-14 15:37:51.760 W/MountService(  374): getVolumeState(/mnt/extrasd_bind): Unknown volume
07-14 15:37:51.760 W/MountService(  374): getVolumeState(/mnt/sdcard/ext_sd): Unknown volume
07-14 15:37:51.760 W/MountService(  374): getVolumeState(/storage/extSdCard): Unknown volume
07-14 15:37:51.760 W/MountService(  374): getVolumeState(/storage/sdcard1): Unknown volume
07-14 15:37:51.760 W/MountService(  374): getVolumeState(/mnt/sdcard/external_SD): Unknown volume
07-14 15:37:51.760 W/MountService(  374): getVolumeState(/mnt/sdcard/external_sd): Unknown volume
07-14 15:37:51.979 W/PackageParser(19168): Unknown element under <application>: intent-filter at /storage/emulated/0/360MobileSafe_5.2.3.1061.apk Binary XML file line #1165
07-14 15:37:51.994 W/PackageParser(19168): Unknown element under <application>: intent-filter at /storage/emulated/0/360MobileSafe_5.2.3.1061.apk Binary XML file line #1423
07-14 15:37:52.369 W/MountService(  374): getVolumeState(/storage/emulated/0/external_sd): Unknown volume
07-14 15:37:52.377 W/MountService(  374): getVolumeState(/mnt/sdcard-ext): Unknown volume
07-14 15:37:52.377 W/MountService(  374): getVolumeState(/mnt/ext_sdcard): Unknown volume
07-14 15:37:52.377 W/MountService(  374): getVolumeState(/mnt/sdcard2): Unknown volume
07-14 15:37:52.377 W/MountService(  374): getVolumeState(/mnt/emmc): Unknown volume
07-14 15:37:52.377 W/MountService(  374): getVolumeState(/mnt/extSdCard): Unknown volume
07-14 15:37:52.377 W/MountService(  374): getVolumeState(/mnt/sdcard/SD_CARD): Unknown volume
07-14 15:37:52.377 W/MountService(  374): getVolumeState(/mnt/sdcard/extra_sd): Unknown volume
07-14 15:37:52.377 W/MountService(  374): getVolumeState(/mnt/extrasd_bind): Unknown volume
07-14 15:37:52.377 W/MountService(  374): getVolumeState(/mnt/sdcard/ext_sd): Unknown volume
07-14 15:37:52.377 W/MountService(  374): getVolumeState(/storage/extSdCard): Unknown volume
07-14 15:37:52.385 W/MountService(  374): getVolumeState(/storage/sdcard1): Unknown volume
07-14 15:37:52.385 W/MountService(  374): getVolumeState(/mnt/sdcard/external_SD): Unknown volume
07-14 15:37:52.385 W/MountService(  374): getVolumeState(/mnt/sdcard/external_sd): Unknown volume
07-14 15:37:52.526 W/PackageParser(19168): No actions in intent filter at /storage/emulated/0/Download/emmp.apk Binary XML file line #687
07-14 15:37:52.744 W/PackageParser(19168): No actions in intent filter at /storage/emulated/0/Download/emmp-1.apk Binary XML file line #687
07-14 15:37:53.244 W/PackageParser(19168): No actions in intent filter at /storage/emulated/0/360Download/Pekall.apk Binary XML file line #685
07-14 15:37:53.893 W/MountService(  374): getVolumeState(/storage/emulated/0/external_sd): Unknown volume
07-14 15:37:53.893 W/MountService(  374): getVolumeState(/mnt/sdcard-ext): Unknown volume
07-14 15:37:53.893 W/MountService(  374): getVolumeState(/mnt/ext_sdcard): Unknown volume
07-14 15:37:53.893 W/MountService(  374): getVolumeState(/mnt/sdcard2): Unknown volume
07-14 15:37:53.893 W/MountService(  374): getVolumeState(/mnt/emmc): Unknown volume
07-14 15:37:53.893 W/MountService(  374): getVolumeState(/mnt/extSdCard): Unknown volume
07-14 15:37:53.893 W/MountService(  374): getVolumeState(/mnt/sdcard/SD_CARD): Unknown volume
07-14 15:37:53.893 W/MountService(  374): getVolumeState(/mnt/sdcard/extra_sd): Unknown volume
07-14 15:37:53.893 W/MountService(  374): getVolumeState(/mnt/extrasd_bind): Unknown volume
07-14 15:37:53.893 W/MountService(  374): getVolumeState(/mnt/sdcard/ext_sd): Unknown volume
07-14 15:37:53.893 W/MountService(  374): getVolumeState(/storage/extSdCard): Unknown volume
07-14 15:37:53.901 W/MountService(  374): getVolumeState(/storage/sdcard1): Unknown volume
07-14 15:37:53.901 W/MountService(  374): getVolumeState(/mnt/sdcard/external_SD): Unknown volume
07-14 15:37:53.901 W/MountService(  374): getVolumeState(/mnt/sdcard/external_sd): Unknown volume
07-14 15:39:03.338 I/PowerManagerService(  374): Waking up from sleep...
07-14 15:39:03.448 I/WindowManager(  374): Lock screen displayed!
07-14 15:39:03.854 I/ActivityManager(  374): Start proc com.android.providers.calendar for content provider com.android.providers.calendar/.CalendarProvider2: pid=19222 uid=10007 gids={50007, 3003, 1015, 1028}
07-14 15:39:04.526 D/PhoneStatusBar(  450): disable: < expand icons alerts ticker system_info BACK HOME recent* CLOCK search >
07-14 15:39:04.612 D/PhoneStatusBar(  450): disable: < expand icons alerts ticker system_info back* home* recent clock* search >
07-14 15:39:04.690 W/InputMethodManagerService(  374): Window already focused, ignoring focus gain of: com.android.internal.view.IInputMethodClient$Stub$Proxy@43895228 attribute=android.view.inputmethod.EditorInfo@43895238, token = android.os.BinderProxy@431b3550
07-14 15:39:05.182 I/ActivityManager(  374): Start proc com.google.android.calendar for broadcast com.google.android.calendar/com.android.calendar.alerts.AlertReceiver: pid=19257 uid=10006 gids={50006, 3003, 1028}
07-14 15:39:06.916 I/ActivityManager(  374): START u0 {act=android.intent.action.VIEW dat=market://search?q=pname:hjhk.hjhkPkg cmp=android/com.android.internal.app.ResolverActivity} from pid 14510
07-14 15:39:06.955 I/ActivityManager(  374): Start proc system:ui for activity android/com.android.internal.app.ResolverActivity: pid=19290 uid=1000 gids={41000, 1015, 1028, 3002, 3001, 3003, 3007}
07-14 15:39:09.221 I/ActivityManager(  374): START u0 {act=android.intent.action.VIEW dat=market://search?q=pname:hjhk.hjhkPkg flg=0x3000000 cmp=com.qihoo.appstore/.activities.SearchDistributionActivity} from pid 19290
07-14 15:39:09.518 I/ActivityManager(  374): START u0 {cmp=com.qihoo.appstore/.activities.MainActivity (has extras)} from pid 19168
07-14 15:39:23.994 I/ActivityManager(  374): Process com.google.android.gms (pid 18846) has died.
07-14 15:39:42.869 I/ActivityManager(  374): Process com.google.android.googlequicksearchbox (pid 18863) has died.
07-14 15:39:44.869 I/ActivityManager(  374): Process com.google.android.gsf.login (pid 18958) has died.
07-14 15:39:58.604 I/PowerManagerService(  374): Going to sleep due to screen timeout...
07-14 15:39:58.791 I/ActivityManager(  374): Process com.noshufou.android.su (pid 18941) has died.
07-14 15:40:04.713 D/PhoneStatusBar(  450): disable: < expand icons alerts ticker system_info back home RECENT* clock search >
07-14 15:40:04.932 D/PhoneStatusBar(  450): disable: < expand icons alerts ticker system_info BACK* HOME* RECENT CLOCK* search >
07-14 15:40:05.854 I/PowerManagerService(  374): Waking up from sleep...
07-14 15:40:05.901 I/WindowManager(  374): Lock screen displayed!
07-14 15:40:06.533 I/ActivityManager(  374): Process net.nurik.roman.dashclock (pid 13778) has died.
07-14 15:40:06.541 W/ActivityManager(  374): Scheduling restart of crashed service net.nurik.roman.dashclock/com.google.android.apps.dashclock.DashClockService in 5000ms
07-14 15:40:07.049 D/PhoneStatusBar(  450): disable: < expand icons alerts ticker system_info BACK HOME recent* CLOCK search >
07-14 15:40:07.119 D/PhoneStatusBar(  450): disable: < expand icons alerts ticker system_info back* home* recent clock* search >
07-14 15:40:07.268 W/InputMethodManagerService(  374): Window already focused, ignoring focus gain of: com.android.internal.view.IInputMethodClient$Stub$Proxy@42d0fca8 attribute=android.view.inputmethod.EditorInfo@42e391e8, token = android.os.BinderProxy@42f65658
07-14 15:40:11.049 I/ActivityManager(  374): START u0 {act=android.intent.action.VIEW dat=market://search?q=pname:hjhk.hjhkPkg cmp=android/com.android.internal.app.ResolverActivity} from pid 14510
07-14 15:40:11.549 I/ActivityManager(  374): Start proc net.nurik.roman.dashclock for service net.nurik.roman.dashclock/com.google.android.apps.dashclock.DashClockService: pid=19454 uid=10070 gids={50070, 3003, 1028}
07-14 15:40:11.846 W/BackupManagerService(  374): dataChanged but no participant pkg='com.android.providers.settings' uid=10079
07-14 15:40:11.948 W/BackupManagerService(  374): dataChanged but no participant pkg='com.android.providers.settings' uid=10079
07-14 15:40:12.182 W/BackupManagerService(  374): dataChanged but no participant pkg='com.android.providers.settings' uid=10079
