07-11 15:22:21.203 D/dalvikvm(14924): GC_FOR_ALLOC freed 126K, 5% free 11011K/11560K, paused 29ms, total 30ms
07-11 15:22:21.203 I/dalvikvm-heap(14924): Grow heap (frag case) to 11.016MB for 242333-byte allocation
07-11 15:22:21.234 D/dalvikvm(14924): GC_FOR_ALLOC freed 0K, 5% free 11247K/11800K, paused 31ms, total 31ms
07-11 15:22:21.273 D/dalvikvm(14924): GC_FOR_ALLOC freed 495K, 7% free 11248K/12056K, paused 26ms, total 26ms
07-11 15:22:21.422 D/dalvikvm(14924): GC_CONCURRENT freed 371K, 4% free 11655K/12060K, paused 3ms+4ms, total 37ms
07-11 15:22:21.422 D/dalvikvm(14924): WAIT_FOR_CONCURRENT_GC blocked 6ms
07-11 15:22:21.617 D/dalvikvm(14924): GC_CONCURRENT freed 200K, 2% free 12369K/12604K, paused 2ms+4ms, total 42ms
07-11 15:22:21.617 D/dalvikvm(14924): WAIT_FOR_CONCURRENT_GC blocked 13ms
07-11 15:22:21.844 D/dalvikvm(14924): GC_CONCURRENT freed 485K, 4% free 13036K/13556K, paused 3ms+3ms, total 47ms
07-11 15:22:21.844 D/dalvikvm(14924): WAIT_FOR_CONCURRENT_GC blocked 11ms
07-11 15:22:22.062 I/ActivityManager(  374): Process com.android.providers.calendar (pid 11355) has died.
07-11 15:22:22.179 D/dalvikvm(14924): GC_CONCURRENT freed 570K, 5% free 13839K/14444K, paused 3ms+3ms, total 62ms
07-11 15:22:22.179 D/dalvikvm(14924): WAIT_FOR_CONCURRENT_GC blocked 25ms
07-11 15:22:22.281 D/gp.PicasaPhotoCP(14924): set fsid first time:-1
07-11 15:22:22.320 I/ActivityManager(  374): Start proc com.google.android.gms for broadcast com.google.android.gms/.games.receiver.GamesSystemBroadcastReceiver: pid=14942 uid=10009 gids={50009, 3003, 1007, 1028, 1015, 1006, 2001, 3006}
07-11 15:22:22.344 D/dalvikvm(  125): GC_EXPLICIT freed 40K, 1% free 8921K/9000K, paused 2ms+3ms, total 39ms
07-11 15:22:22.375 D/dalvikvm(  125): GC_EXPLICIT freed <1K, 1% free 8921K/9000K, paused 2ms+3ms, total 27ms
07-11 15:22:22.398 D/dalvikvm(  125): GC_EXPLICIT freed <1K, 1% free 8921K/9000K, paused 2ms+4ms, total 29ms
07-11 15:22:22.437 I/ActivityManager(  374): Process com.google.android.deskclock (pid 11290) has died.
07-11 15:22:22.679 I/ActivityManager(  374): Start proc com.google.android.googlequicksearchbox for broadcast com.google.android.googlequicksearchbox/com.google.android.apps.sidekick.GmmLocationProviderImpl$GmmPackageWatcher: pid=14969 uid=10056 gids={50056, 3003, 1028, 1007, 3002, 1015}
07-11 15:22:22.804 D/dalvikvm(14942): GC_CONCURRENT freed 269K, 4% free 9165K/9468K, paused 9ms+13ms, total 175ms
07-11 15:22:22.804 D/dalvikvm(14942): WAIT_FOR_CONCURRENT_GC blocked 10ms
07-11 15:22:22.804 D/dalvikvm(14942): WAIT_FOR_CONCURRENT_GC blocked 11ms
07-11 15:22:22.820 D/dalvikvm(14942): WAIT_FOR_CONCURRENT_GC blocked 21ms
07-11 15:22:22.828 D/dalvikvm(14942): WAIT_FOR_CONCURRENT_GC blocked 26ms
07-11 15:22:22.828 D/dalvikvm(14942): WAIT_FOR_CONCURRENT_GC blocked 26ms
07-11 15:22:22.828 D/dalvikvm(14942): WAIT_FOR_CONCURRENT_GC blocked 27ms
07-11 15:22:22.828 D/dalvikvm(14942): WAIT_FOR_CONCURRENT_GC blocked 27ms
07-11 15:22:22.890 I/ActivityManager(  374): Process android.process.acore (pid 12827) has died.
07-11 15:22:22.961 I/ActivityManager(  374): Start proc com.google.android.partnersetup for content provider com.google.android.partnersetup/.RlzAppProvider: pid=15022 uid=10027 gids={50027, 3003, 1028}
07-11 15:22:23.133 D/dalvikvm(  647): GC_EXPLICIT freed 160K, 7% free 9715K/10372K, paused 5ms+5ms, total 87ms
07-11 15:22:23.156 D/dalvikvm(14969): GC_CONCURRENT freed 225K, 3% free 9206K/9468K, paused 5ms+9ms, total 54ms
07-11 15:22:23.195 W/GAV2    (14969): Thread[main,5,main]: Need to call initialize() and be in fallback mode to start dispatch.
07-11 15:22:23.211 D/mdm_log ( 3259): [null:-1]->action is : android.intent.action.PACKAGE_REMOVED
07-11 15:22:23.281 D/DB      ( 3259): query: SQLiteQuery: SELECT * FROM app WHERE readStatus =0
07-11 15:22:23.281 D/DB      ( 3259): factory null
07-11 15:22:23.281 D/DB      ( 3259): fillWindow: 0
07-11 15:22:23.289 D/DB      ( 3259): cursor 0
07-11 15:22:23.289 E/Mdm     ( 3259): Call Mdm service's recordIconCount function
07-11 15:22:23.359 D/dalvikvm(14942): No JNI_OnLoad found in /system/lib/libAppDataSearch.so 0x42088398, skipping init
07-11 15:22:23.367 D/Icing   (14942): Init last flush num docs 0 last docstore size 0
07-11 15:22:23.367 D/Icing   (14942): Docid map file has no data, nothing to scan
07-11 15:22:23.367 D/Icing   (14942): File /data/data/com.google.android.gms/files/AppDataSearch/main/cur/ds.perdocdata contains 0 records of size 6
07-11 15:22:23.406 D/dalvikvm(14942): GC_CONCURRENT freed 301K, 4% free 9292K/9628K, paused 7ms+5ms, total 74ms
07-11 15:22:23.422 D/Icing   (14942): Init docstore ok num docs 0 bytes 0
07-11 15:22:23.453 D/dalvikvm( 1165): GC_CONCURRENT freed 244K, 6% free 9420K/9928K, paused 2ms+13ms, total 50ms
07-11 15:22:23.453 D/dalvikvm( 1165): WAIT_FOR_CONCURRENT_GC blocked 46ms
07-11 15:22:23.469 I/PeopleDatabaseHelper(14942): cleanUpNonGplusAccounts done.
07-11 15:22:23.500 V/Icing   (14942): Lite index crc computed in 0.153ms
07-11 15:22:23.500 V/Icing   (14942): Lite index init ok in 24.994ms
07-11 15:22:23.500 V/Icing   (14942): Warming lite-index took 0.000ms
07-11 15:22:23.500 V/Icing   (14942): Warming lexicon took 0.000ms
07-11 15:22:23.500 V/Icing   (14942): Warming display mappings took 0.000ms
07-11 15:22:23.500 D/Icing   (14942): Init index ok num docs 0
07-11 15:22:23.500 D/Icing   (14942): Init done
07-11 15:22:23.547 I/ActivityManager(  374): Start proc com.qihoo.root for broadcast com.qihoo.root/.UninstallReceiver: pid=15079 uid=10078 gids={50078, 1015, 3003, 1028}
07-11 15:22:23.554 I/Icing   (14942): 0 corpora need re-polling
07-11 15:22:23.562 I/dalvikvm(15079): Turning on JNI app bug workarounds for target SDK version 7...
07-11 15:22:23.640 D/dalvikvm(15079): Trying to load lib /data/data/com.qihoo.root/lib/libnativeutil.so 0x4207dca8
07-11 15:22:23.640 D/dalvikvm(15079): Added shared lib /data/data/com.qihoo.root/lib/libnativeutil.so 0x4207dca8
07-11 15:22:23.640 I/ActivityManager(  374): No longer want com.nd.assistance (pid 13166): empty #17
07-11 15:22:23.703 I/Recovery(14942): Received: Intent { act=com.google.android.gms.INITIALIZE flg=0x10 pkg=com.google.android.gms cmp=com.google.android.gms/.recovery.AccountRecoveryBackgroundService$Receiver }
07-11 15:22:23.711 I/ActivityManager(  374): Start proc com.google.android.gsf.login for service com.google.android.gms/.recovery.AccountRecoveryBackgroundService: pid=15095 uid=10009 gids={50009, 3003, 1007, 1028, 1015, 1006, 2001, 3006}
07-11 15:22:23.726 D/GCM     (  647): GcmService start Intent { act=com.google.android.gms.INITIALIZE flg=0x10 pkg=com.google.android.gms cmp=com.google.android.gms/.gcm.GcmService } com.google.android.gms.INITIALIZE
07-11 15:22:23.797 I/Recovery(14942): Received: Intent { act=com.google.android.gms.INITIALIZE flg=0x10 pkg=com.google.android.gms cmp=com.google.android.gms/.recovery.AccountRecoveryBackgroundService$Receiver }
07-11 15:22:23.804 D/GCM     (  647): GcmService start Intent { act=com.google.android.gms.INITIALIZE flg=0x10 pkg=com.google.android.gms cmp=com.google.android.gms/.gcm.GcmService } com.google.android.gms.INITIALIZE
07-11 15:22:23.836 I/ActivityManager(  374): No longer want com.mgyapp.android (pid 6553): empty #17
07-11 15:22:23.851 W/ActivityManager(  374): Scheduling restart of crashed service com.mgyapp.android/.service.AppService in 5000ms
07-11 15:22:24.453 W/ActivityManager(  374): Unable to start service Intent { act=com.google.android.gms.analytics.service.START (has extras) } U=0: not found
07-11 15:22:24.461 W/GAV2    (14884): Thread[GAThread,5,main]: Service unavailable (code=1), will retry.
07-11 15:22:24.469 I/GAV2    (14884): Thread[GAThread,5,main]: No campaign data found.
07-11 15:22:26.281 I/TransInfo( 3259): TransInfo created, id: 5, class: class com.pekall.emdm.transaction.b.p
07-11 15:22:26.281 D/NetworkThread( 3259): [null:-1]->----isRunning-----true
07-11 15:22:26.281 D/NetworkThread( 3259): [null:-1]->----isRunning-----true
07-11 15:22:26.289 D/NetworkThread( 3259): [null:-1]->thread wakeup
07-11 15:22:26.289 D/HttpClient( 3259): enable apache.http debug
07-11 15:22:26.304 V/DEBUG   ( 3259): HTTP 0
07-11 15:22:26.500 D/MDM :   ( 3259): [null:-1]->MSG_WEBSOCKET_MESSAGE : {"id":-413379430,"type":0,"command":0,"result":0,"reason":0,"params":{"msgId":"ae6cfb71-b3fe-434d-807f-ce0d6513f496,ae6cfb71b3fe434d807fce0d6513f496","device":"ffffffffc539bb10fffffffff7aea961","message":"{\"cmd\":\"10119\"}"}}
07-11 15:22:26.515 D/MdmService( 3259): [null:-1]->push message type :0
07-11 15:22:26.515 D/MdmService( 3259): [null:-1]->cmdMessage : {"cmd":"10119"}
07-11 15:22:26.515 D/MdmService( 3259): [null:-1]->command : PushCommandMsg{cmd='10119', msg='null'}
07-11 15:22:26.515 D/MDM :   ( 3259): [null:-1]->PUSH CMD: 10119
07-11 15:22:26.523 V/DEBUG   ( 3259): HTTP 1
07-11 15:22:26.523 D/MdmStatusManager( 3259): [null:-1]->change status to : Busy
07-11 15:22:26.523 D/DB      ( 3259): query: SQLiteQuery: SELECT content, command_status, status FROM command WHERE status!=2
07-11 15:22:26.523 D/DB      ( 3259): factory null
07-11 15:22:26.523 D/NetworkThread( 3259): [null:-1]->queue is empty, thread wait...
07-11 15:22:26.523 D/DB      ( 3259): fillWindow: 0
07-11 15:22:26.523 D/DB      ( 3259): cursor 0
07-11 15:22:26.531 D/DB      ( 3259): moveToPos: 0
07-11 15:22:26.531 I/TransInfo( 3259): TransInfo created, id: 3, class: class com.pekall.emdm.transaction.b.c
07-11 15:22:26.531 D/NetworkThread( 3259): [null:-1]->----isRunning-----true
07-11 15:22:26.531 D/NetworkThread( 3259): [null:-1]->----isRunning-----true
07-11 15:22:26.531 D/NetworkThread( 3259): [null:-1]->thread wakeup
07-11 15:22:26.531 D/HttpClient( 3259): enable apache.http debug
07-11 15:22:26.539 V/DEBUG   ( 3259): HTTP 0
07-11 15:22:26.859 V/DEBUG   ( 3259): HTTP 1
07-11 15:22:26.883 D/MDM :   ( 3259): [null:-1]->read network input stream
07-11 15:22:26.883 D/MDM :   ( 3259): [null:-1]->read network input stream
07-11 15:22:26.922 D/CheckInTransInfo( 3259): [null:-1]->CommandMsg : CommandMsg{CommandUUID='8a8088bf471a79ec0147244d56ee4ec4', Command=CommandObject{RequestType='DeviceInformation'}}
07-11 15:22:26.922 D/DB      ( 3259): query: SQLiteQuery: SELECT * FROM command WHERE cmd_uuid='8a8088bf471a79ec0147244d56ee4ec4'
07-11 15:22:26.922 D/DB      ( 3259): factory null
07-11 15:22:26.922 D/DB      ( 3259): fillWindow: 0
07-11 15:22:26.929 D/DB      ( 3259): cursor 0
07-11 15:22:26.969 D/NetworkThread( 3259): [null:-1]->queue is empty, thread wait...
07-11 15:22:27.070 D/MdmService( 3259): [null:-1]->handleCheckInResult
07-11 15:22:27.070 D/MdmService( 3259): [null:-1]->handleCheckInResult result keyIndex: 3
07-11 15:22:27.070 D/CommandManager( 3259): [null:-1]->execute command: CommandMsg{CommandUUID='8a8088bf471a79ec0147244d56ee4ec4', Command=CommandObject{RequestType='DeviceInformation'}}
07-11 15:22:27.148 D/dalvikvm( 6259): GC_CONCURRENT freed 387K, 5% free 8953K/9380K, paused 3ms+2ms, total 24ms
07-11 15:22:27.172 D/BluetoothManagerService(  374): checkIfCallerIsForegroundUser: valid=true callingUser=0 foregroundUser=0
07-11 15:22:28.203 W/GAV2    (14969): Thread[GAThread,5,main]: Service unavailable (code=1), will retry.
07-11 15:22:28.203 W/ActivityManager(  374): Unable to start service Intent { act=com.google.android.gms.analytics.service.START (has extras) } U=0: not found
07-11 15:22:28.211 I/GAV2    (14969): Thread[GAThread,5,main]: No campaign data found.
07-11 15:22:28.875 I/ActivityManager(  374): Start proc com.mgyapp.android for service com.mgyapp.android/.service.AppService: pid=15128 uid=10079 gids={50079, 3003, 1015, 1028, 3002, 1006}
07-11 15:22:29.015 D/dalvikvm(15128): Trying to load lib /data/app-lib/com.mgyapp.android-1/libtpnsSecurity.so 0x4207f228
07-11 15:22:29.023 D/dalvikvm(15128): Added shared lib /data/app-lib/com.mgyapp.android-1/libtpnsSecurity.so 0x4207f228
07-11 15:22:29.023 I/TpnsSecurity(15128): JNI_OnLoad
07-11 15:22:29.187 D/dalvikvm(15128): GC_CONCURRENT freed 226K, 3% free 9207K/9468K, paused 9ms+7ms, total 60ms
07-11 15:22:29.187 D/dalvikvm(15128): WAIT_FOR_CONCURRENT_GC blocked 2ms
07-11 15:22:29.242 D/dalvikvm(15128): GC_CONCURRENT freed 231K, 4% free 9388K/9708K, paused 3ms+2ms, total 24ms
07-11 15:22:29.242 D/dalvikvm(15128): WAIT_FOR_CONCURRENT_GC blocked 14ms
07-11 15:22:29.273 D/dalvikvm(15128): GC_FOR_ALLOC freed 245K, 5% free 9477K/9932K, paused 22ms, total 23ms
07-11 15:22:29.297 D/dalvikvm(15128): GC_FOR_ALLOC freed 179K, 5% free 9493K/9932K, paused 22ms, total 22ms
07-11 15:22:29.390 D/dalvikvm(15128): GC_CONCURRENT freed 246K, 3% free 9720K/10016K, paused 3ms+4ms, total 48ms
07-11 15:22:29.469 W/GAV2    (14884): Thread[Service Reconnect,5,main]: Service unavailable (code=1), using local store.
07-11 15:22:29.469 W/ActivityManager(  374): Unable to start service Intent { act=com.google.android.gms.analytics.service.START (has extras) } U=0: not found
07-11 15:22:29.523 D/dalvikvm(15128): GC_CONCURRENT freed 104K, 2% free 10081K/10220K, paused 3ms+3ms, total 50ms
07-11 15:22:29.523 D/dalvikvm(15128): WAIT_FOR_CONCURRENT_GC blocked 29ms
07-11 15:22:29.648 D/dalvikvm(15128): GC_CONCURRENT freed 276K, 3% free 10306K/10620K, paused 9ms+4ms, total 47ms
07-11 15:22:29.711 I/XGService(15128): checkNativeMethod passed.
07-11 15:22:29.875 D/dalvikvm(  374): GC_EXPLICIT freed 2867K, 29% free 23163K/32600K, paused 5ms+17ms, total 156ms
07-11 15:22:29.945 D/dalvikvm(15128): GC_CONCURRENT freed 521K, 6% free 10294K/10852K, paused 4ms+17ms, total 56ms
07-11 15:22:30.125 D/dalvikvm(25474): GC_CONCURRENT freed 290K, 14% free 9761K/11232K, paused 4ms+4ms, total 53ms
07-11 15:22:30.125 D/dalvikvm(25474): WAIT_FOR_CONCURRENT_GC blocked 22ms
07-11 15:22:30.164 D/dalvikvm(25474): GC_FOR_ALLOC freed 137K, 13% free 9819K/11232K, paused 31ms, total 31ms
07-11 15:22:30.164 I/dalvikvm-heap(25474): Grow heap (frag case) to 9.745MB for 129040-byte allocation
07-11 15:22:30.211 D/dalvikvm(25474): GC_FOR_ALLOC freed 62K, 13% free 9883K/11360K, paused 43ms, total 43ms
07-11 15:22:30.211 D/dalvikvm(15128): GC_CONCURRENT freed 1537K, 16% free 9152K/10852K, paused 5ms+4ms, total 43ms
07-11 15:22:30.265 D/dalvikvm(25474): GC_FOR_ALLOC freed 183K, 13% free 9908K/11360K, paused 35ms, total 35ms
07-11 15:22:30.297 D/dalvikvm(25474): GC_FOR_ALLOC freed 211K, 13% free 9956K/11360K, paused 28ms, total 29ms
07-11 15:22:30.336 D/dalvikvm(25474): GC_FOR_ALLOC freed 92K, 12% free 10052K/11360K, paused 30ms, total 30ms
07-11 15:22:30.336 I/dalvikvm-heap(25474): Grow heap (frag case) to 9.926MB for 81878-byte allocation
07-11 15:22:30.367 D/dalvikvm(25474): GC_FOR_ALLOC freed 0K, 12% free 10132K/11444K, paused 33ms, total 33ms
07-11 15:22:30.492 D/dalvikvm(25474): GC_CONCURRENT freed 236K, 10% free 10408K/11444K, paused 3ms+4ms, total 62ms
07-11 15:22:30.492 D/dalvikvm(25474): WAIT_FOR_CONCURRENT_GC blocked 16ms
07-11 15:22:30.609 D/dalvikvm(25474): GC_CONCURRENT freed 282K, 8% free 10638K/11444K, paused 4ms+3ms, total 58ms
07-11 15:22:30.609 D/dalvikvm(25474): WAIT_FOR_CONCURRENT_GC blocked 15ms
07-11 15:22:30.719 D/dalvikvm(15128): GC_CONCURRENT freed 405K, 16% free 9216K/10852K, paused 4ms+5ms, total 37ms
07-11 15:22:30.781 D/dalvikvm(25474): GC_CONCURRENT freed 426K, 7% free 10747K/11444K, paused 3ms+18ms, total 79ms
07-11 15:22:31.219 W/BackupManagerService(  374): dataChanged but no participant pkg='com.android.providers.settings' uid=10079
07-11 15:22:31.265 I/XGPushMessage(15128): >>TPushBaseReceiver receiver msg>>
07-11 15:22:31.265 I/TPush   (15128): >>TPushBaseReceiver receiver msg>>Intent { act=com.tencent.android.tpush.action.FEEDBACK flg=0x10 pkg=com.mgyapp.android cmp=com.mgyapp.android/com.mgyun.general.push.XGPushActionRecevier (has extras) },Bundle[mParcelledData.dataSize=348]
07-11 15:22:31.265 I/XGPushMessage(15128): >>XGPushBaseReceiver receiver feedbackHandler>>@feedbackType:1 ,@errorCode:0
07-11 15:22:31.515 D/dalvikvm( 6259): GC_CONCURRENT freed 389K, 5% free 8952K/9380K, paused 3ms+2ms, total 22ms
07-11 15:22:32.117 D/dalvikvm(20727): GC_CONCURRENT freed 440K, 7% free 10208K/10920K, paused 3ms+3ms, total 37ms
07-11 15:22:32.125 D/dalvikvm( 3259): GC_FOR_ALLOC freed 4096K, 34% free 17110K/25600K, paused 64ms, total 65ms
07-11 15:22:32.336 I/TransInfo( 3259): TransInfo created, id: 3, class: class com.pekall.emdm.transaction.b.c
07-11 15:22:32.336 D/NetworkThread( 3259): [null:-1]->----isRunning-----true
07-11 15:22:32.336 D/NetworkThread( 3259): [null:-1]->----isRunning-----true
07-11 15:22:32.336 D/NetworkThread( 3259): [null:-1]->thread wakeup
07-11 15:22:32.500 D/dalvikvm( 3259): GC_FOR_ALLOC freed 2568K, 33% free 17267K/25600K, paused 51ms, total 51ms
07-11 15:22:32.508 D/HttpClient( 3259): enable apache.http debug
07-11 15:22:32.515 V/DEBUG   ( 3259): HTTP 0
07-11 15:22:32.742 D/dalvikvm( 3259): GC_FOR_ALLOC freed 2769K, 33% free 17259K/25600K, paused 57ms, total 57ms
07-11 15:22:33.179 V/DEBUG   ( 3259): HTTP 1
07-11 15:22:33.187 D/MdmDatabaseHelper( 3259): [null:-1]->update command 8a8088bf471a79ec0147244d56ee4ec4 to status executed
07-11 15:22:33.203 W/GAV2    (14969): Thread[Service Reconnect,5,main]: Service unavailable (code=1), using local store.
07-11 15:22:33.203 W/ActivityManager(  374): Unable to start service Intent { act=com.google.android.gms.analytics.service.START (has extras) } U=0: not found
07-11 15:22:33.265 D/NetworkThread( 3259): [null:-1]->queue is empty, thread wait...
07-11 15:22:33.281 D/MdmService( 3259): [null:-1]->handleCheckInResult
07-11 15:22:33.281 D/MdmService( 3259): [null:-1]->handleCheckInResult result keyIndex: 3
07-11 15:22:33.281 D/HandleCommandTask( 3259): [null:-1]->execute command msg but beanBase is null
07-11 15:22:33.289 D/MdmStatusManager( 3259): [null:-1]->change status to : Idle
07-11 15:22:35.148 D/dalvikvm( 5250): GC_CONCURRENT freed 3634K, 31% free 9587K/13848K, paused 8ms+4ms, total 69ms
07-11 15:22:35.179 D/Finsky  ( 5250): [1] 5.onFinished: Installation state replication succeeded.
07-11 15:22:41.672 W/MountService(  374): getVolumeState(/storage/emulated/0/external_sd): Unknown volume
07-11 15:22:41.672 W/MountService(  374): getVolumeState(/mnt/sdcard-ext): Unknown volume
07-11 15:22:41.672 W/MountService(  374): getVolumeState(/mnt/ext_sdcard): Unknown volume
07-11 15:22:41.672 W/MountService(  374): getVolumeState(/mnt/sdcard2): Unknown volume
07-11 15:22:41.672 W/MountService(  374): getVolumeState(/mnt/emmc): Unknown volume
07-11 15:22:41.672 W/MountService(  374): getVolumeState(/mnt/extSdCard): Unknown volume
07-11 15:22:41.672 W/MountService(  374): getVolumeState(/mnt/sdcard/SD_CARD): Unknown volume
07-11 15:22:41.679 W/MountService(  374): getVolumeState(/mnt/sdcard/extra_sd): Unknown volume
07-11 15:22:41.679 W/MountService(  374): getVolumeState(/mnt/extrasd_bind): Unknown volume
07-11 15:22:41.679 W/MountService(  374): getVolumeState(/mnt/sdcard/ext_sd): Unknown volume
07-11 15:22:41.679 W/MountService(  374): getVolumeState(/storage/extSdCard): Unknown volume
07-11 15:22:41.679 W/MountService(  374): getVolumeState(/storage/sdcard1): Unknown volume
07-11 15:22:41.679 W/MountService(  374): getVolumeState(/mnt/sdcard/external_SD): Unknown volume
07-11 15:22:41.687 W/MountService(  374): getVolumeState(/mnt/sdcard/external_sd): Unknown volume
07-11 15:22:41.695 D/dalvikvm( 8807): GC_CONCURRENT freed 460K, 9% free 9455K/10304K, paused 7ms+2ms, total 41ms
07-11 15:22:41.695 D/dalvikvm( 8807): WAIT_FOR_CONCURRENT_GC blocked 12ms
07-11 15:22:41.703 D/dalvikvm( 8807): WAIT_FOR_CONCURRENT_GC blocked 7ms
07-11 15:22:41.773 I/ActivityManager(  374): Start proc android.process.acore for content provider com.android.providers.contacts/.ContactsProvider2: pid=15285 uid=10000 gids={50000, 3003, 1015, 1028}
07-11 15:22:41.969 D/dalvikvm(15285): GC_CONCURRENT freed 217K, 3% free 9169K/9424K, paused 3ms+4ms, total 30ms
07-11 15:22:42.070 I/ActivityManager(  374): No longer want com.qihoo.daemon (pid 8807): empty #17
07-11 15:22:42.086 W/ActivityManager(  374): Scheduling restart of crashed service com.qihoo.appstore/com.qihoo.express.mini.service.DaemonCoreService in 5000ms
07-11 15:22:42.086 W/ActivityManager(  374): Scheduling restart of crashed service com.qihoo.appstore/com.qihoo360.mobilesafe.pcdaemon.service.DaemonService in 14999ms
07-11 15:22:42.406 I/ContactLocale(15285): AddressBook Labels [zh_CN]: [, A, B, C, D, E, F, G, H, I, J, K, L, M, N, O, P, Q, R, S, T, U, V, W, X, Y, Z, , , , , , , , , , , , , , , , , , , , , , , , , , , , , , , , , , , , , , , , , , , , , , , , , , , , , , , , , , , , , , , , , , , , , , , , , , , , , , , , , , , , , , , , , , , , , , , , , , , , , , , , , , , , , , , , , , , , , , , , , , , , , , , , , , , , , , , , , , , , , , , , , , , , , , , , , , , , #, ]
07-11 15:22:42.929 D/AndroidRuntime(15313): 
07-11 15:22:42.929 D/AndroidRuntime(15313): >>>>>> AndroidRuntime START com.android.internal.os.RuntimeInit <<<<<<
07-11 15:22:42.929 D/AndroidRuntime(15313): CheckJNI is OFF
07-11 15:22:42.945 D/dalvikvm(15313): Trying to load lib libjavacore.so 0x0
07-11 15:22:42.945 D/dalvikvm(15313): Added shared lib libjavacore.so 0x0
07-11 15:22:42.961 D/dalvikvm(15285): GC_CONCURRENT freed 159K, 3% free 9395K/9592K, paused 3ms+3ms, total 31ms
07-11 15:22:42.961 D/dalvikvm(15313): Trying to load lib libnativehelper.so 0x0
07-11 15:22:42.961 D/dalvikvm(15313): Added shared lib libnativehelper.so 0x0
07-11 15:22:43.226 D/AndroidRuntime(15313): Calling main entry com.android.commands.am.Am
07-11 15:22:43.226 D/dalvikvm(15313): Note: class Landroid/app/ActivityManagerNative; has 163 unimplemented (abstract) methods
07-11 15:22:43.258 D/AndroidRuntime(15313): Shutting down VM
07-11 15:22:43.258 D/jdwp    (15313): Got wake-up signal, bailing out of select
07-11 15:22:43.258 D/dalvikvm(15313): Debugger has detached; object registry had 1 entries
07-11 15:22:43.258 I/ActivityManager(  374): Start proc com.qihoo.daemon for service com.qihoo.appstore/com.qihoo360.mobilesafe.pcdaemon.service.DaemonService: pid=15337 uid=10064 gids={50064, 3003, 1015, 3002, 1006, 3001, 1028}
07-11 15:22:43.273 I/dalvikvm(15337): Turning on JNI app bug workarounds for target SDK version 10...
07-11 15:22:43.422 D/ProxyApplication(15337): attachBaseContext mCurrentProcessName : com.qihoo.daemon
07-11 15:22:43.429 D/ProxyApplication(15337): attachBaseContext mIsConfigProcesso : false
07-11 15:22:43.578 E/MyLog   (15337): ZY>>LOGD=false
07-11 15:22:43.640 D/dalvikvm(15337): GC_CONCURRENT freed 283K, 4% free 9139K/9460K, paused 6ms+7ms, total 44ms
07-11 15:22:43.719 D/dalvikvm(15337): Trying to load lib /data/data/com.qihoo.appstore/files/baohecachefileaV2 0x42081ed0
07-11 15:22:43.726 D/dalvikvm(15337): Added shared lib /data/data/com.qihoo.appstore/files/baohecachefileaV2 0x42081ed0
07-11 15:22:43.726 D/dalvikvm(15337): No JNI_OnLoad found in /data/data/com.qihoo.appstore/files/baohecachefileaV2 0x42081ed0, skipping init
07-11 15:22:43.883 W/dalvikvm(15337): Unable to resolve superclass of Lcom/qihoo/appstore/clear/g; (44)
07-11 15:22:43.883 W/dalvikvm(15337): Link of class 'Lcom/qihoo/appstore/clear/g;' failed
07-11 15:22:43.883 E/dalvikvm(15337): Could not find class 'com.qihoo.appstore.clear.g', referenced from method com.qihoo.appstore.clear.d.a
07-11 15:22:43.883 W/dalvikvm(15337): VFY: unable to resolve new-instance 1669 (Lcom/qihoo/appstore/clear/g;) in Lcom/qihoo/appstore/clear/d;
07-11 15:22:43.883 D/dalvikvm(15337): VFY: replacing opcode 0x22 at 0x0011
07-11 15:22:43.898 I/dalvikvm(15337): Could not find method android.app.IActivityManager.unregisterActivityWatcher, referenced from method com.qihoo.appstore.clear.d.b
07-11 15:22:43.898 W/dalvikvm(15337): VFY: unable to resolve interface method 210: Landroid/app/IActivityManager;.unregisterActivityWatcher (Landroid/app/IActivityWatcher;)V
07-11 15:22:43.898 D/dalvikvm(15337): VFY: replacing opcode 0x72 at 0x0011
07-11 15:22:43.898 W/dalvikvm(15337): Unable to resolve superclass of Lcom/qihoo/appstore/clear/g; (44)
07-11 15:22:43.898 W/dalvikvm(15337): Link of class 'Lcom/qihoo/appstore/clear/g;' failed
07-11 15:22:43.906 D/dalvikvm(15337): DexOpt: unable to opt direct call 0x242a at 0x14 in Lcom/qihoo/appstore/clear/d;.a
07-11 15:22:44.000 D/dalvikvm(15337): GC_CONCURRENT freed 462K, 6% free 9178K/9684K, paused 3ms+10ms, total 86ms
07-11 15:22:44.140 D/dalvikvm(15337): GC_FOR_ALLOC freed 114K, 6% free 9154K/9684K, paused 28ms, total 31ms
07-11 15:22:44.140 I/dalvikvm-heap(15337): Grow heap (frag case) to 9.034MB for 65552-byte allocation
07-11 15:22:44.164 D/AndroidRuntime(15364): 
07-11 15:22:44.164 D/AndroidRuntime(15364): >>>>>> AndroidRuntime START com.android.internal.os.RuntimeInit <<<<<<
07-11 15:22:44.164 D/AndroidRuntime(15364): CheckJNI is OFF
07-11 15:22:44.172 D/dalvikvm(15337): GC_FOR_ALLOC freed 3K, 6% free 9215K/9752K, paused 33ms, total 33ms
07-11 15:22:44.179 D/dalvikvm(15364): Trying to load lib libjavacore.so 0x0
07-11 15:22:44.187 D/dalvikvm(15364): Added shared lib libjavacore.so 0x0
07-11 15:22:44.203 D/dalvikvm(15364): Trying to load lib libnativehelper.so 0x0
07-11 15:22:44.203 D/dalvikvm(15364): Added shared lib libnativehelper.so 0x0
07-11 15:22:44.383 I/ActivityManager(  374): Process com.android.packageinstaller (pid 12402) has died.
07-11 15:22:44.492 D/dalvikvm(15337): GC_CONCURRENT freed 425K, 5% free 9278K/9752K, paused 4ms+9ms, total 64ms
07-11 15:22:44.492 D/dalvikvm(15337): WAIT_FOR_CONCURRENT_GC blocked 4ms
07-11 15:22:44.500 D/AndroidRuntime(15364): Calling main entry com.android.commands.pm.Pm
07-11 15:22:44.594 D/AndroidRuntime(15364): Shutting down VM
07-11 15:22:44.594 D/dalvikvm(15364): Debugger has detached; object registry had 1 entries
07-11 15:22:44.617 D/dalvikvm(15337): GC_CONCURRENT freed 528K, 6% free 9249K/9824K, paused 5ms+4ms, total 38ms
07-11 15:22:44.617 D/dalvikvm(15337): WAIT_FOR_CONCURRENT_GC blocked 18ms
07-11 15:22:44.687 D/dalvikvm(15337): GC_CONCURRENT freed 526K, 7% free 9233K/9824K, paused 3ms+2ms, total 34ms
07-11 15:22:44.687 D/dalvikvm(15337): WAIT_FOR_CONCURRENT_GC blocked 15ms
07-11 15:22:44.719 D/dalvikvm(  577): GC_EXPLICIT freed 331K, 7% free 11552K/12344K, paused 6ms+7ms, total 72ms
07-11 15:22:44.750 D/dalvikvm(15337): GC_CONCURRENT freed 480K, 6% free 9255K/9824K, paused 4ms+2ms, total 27ms
07-11 15:22:44.750 D/dalvikvm(15337): WAIT_FOR_CONCURRENT_GC blocked 16ms
07-11 15:22:44.804 D/dalvikvm(15337): GC_CONCURRENT freed 499K, 6% free 9254K/9824K, paused 2ms+2ms, total 26ms
07-11 15:22:44.804 D/dalvikvm(15337): WAIT_FOR_CONCURRENT_GC blocked 15ms
07-11 15:22:44.929 D/dalvikvm(15337): GC_CONCURRENT freed 535K, 7% free 9230K/9824K, paused 9ms+3ms, total 46ms
07-11 15:22:44.929 D/dalvikvm(15337): WAIT_FOR_CONCURRENT_GC blocked 12ms
07-11 15:22:45.047 D/dalvikvm(15337): GC_CONCURRENT freed 433K, 6% free 9303K/9824K, paused 3ms+7ms, total 42ms
07-11 15:22:45.125 D/dalvikvm(15337): GC_CONCURRENT freed 533K, 7% free 9237K/9836K, paused 3ms+2ms, total 38ms
07-11 15:22:45.125 D/dalvikvm(15337): WAIT_FOR_CONCURRENT_GC blocked 13ms
07-11 15:22:45.211 D/dalvikvm(15337): GC_CONCURRENT freed 496K, 6% free 9253K/9836K, paused 4ms+4ms, total 44ms
07-11 15:22:45.211 D/dalvikvm(15337): WAIT_FOR_CONCURRENT_GC blocked 9ms
07-11 15:22:45.289 D/dalvikvm(15337): GC_CONCURRENT freed 509K, 6% free 9254K/9836K, paused 4ms+6ms, total 41ms
07-11 15:22:45.289 D/dalvikvm(15337): WAIT_FOR_CONCURRENT_GC blocked 2ms
07-11 15:22:45.383 D/dalvikvm(15337): GC_CONCURRENT freed 523K, 7% free 9238K/9836K, paused 3ms+3ms, total 54ms
07-11 15:22:45.383 D/dalvikvm(15337): WAIT_FOR_CONCURRENT_GC blocked 5ms
07-11 15:22:45.437 D/AndroidRuntime(15413): 
07-11 15:22:45.437 D/AndroidRuntime(15413): >>>>>> AndroidRuntime START com.android.internal.os.RuntimeInit <<<<<<
07-11 15:22:45.437 D/AndroidRuntime(15413): CheckJNI is OFF
07-11 15:22:45.453 D/dalvikvm(15413): Trying to load lib libjavacore.so 0x0
07-11 15:22:45.461 D/dalvikvm(15413): Added shared lib libjavacore.so 0x0
07-11 15:22:45.469 D/dalvikvm(15337): GC_CONCURRENT freed 443K, 6% free 9269K/9836K, paused 3ms+11ms, total 47ms
07-11 15:22:45.476 D/dalvikvm(15413): Trying to load lib libnativehelper.so 0x0
07-11 15:22:45.476 D/dalvikvm(15413): Added shared lib libnativehelper.so 0x0
07-11 15:22:45.695 D/AndroidRuntime(15413): Calling main entry com.android.commands.am.Am
07-11 15:22:45.703 D/dalvikvm(15413): Note: class Landroid/app/ActivityManagerNative; has 163 unimplemented (abstract) methods
07-11 15:22:45.711 D/AndroidRuntime(15413): Shutting down VM
07-11 15:22:45.711 D/jdwp    (15413): Got wake-up signal, bailing out of select
07-11 15:22:45.711 D/dalvikvm(15413): Debugger has detached; object registry had 1 entries
07-11 15:22:46.445 D/AndroidRuntime(15427): 
07-11 15:22:46.445 D/AndroidRuntime(15427): >>>>>> AndroidRuntime START com.android.internal.os.RuntimeInit <<<<<<
07-11 15:22:46.445 D/AndroidRuntime(15427): CheckJNI is OFF
07-11 15:22:46.461 D/dalvikvm(15427): Trying to load lib libjavacore.so 0x0
07-11 15:22:46.469 D/dalvikvm(15427): Added shared lib libjavacore.so 0x0
07-11 15:22:46.484 D/dalvikvm(15427): Trying to load lib libnativehelper.so 0x0
07-11 15:22:46.484 D/dalvikvm(15427): Added shared lib libnativehelper.so 0x0
07-11 15:22:46.726 D/AndroidRuntime(15427): Calling main entry com.android.commands.pm.Pm
07-11 15:22:46.804 D/AndroidRuntime(15427): Shutting down VM
07-11 15:22:46.812 D/dalvikvm(15427): Debugger has detached; object registry had 1 entries
07-11 15:22:47.164 I/ActivityManager(  374): START u0 {act=com.qihoo360.daemon.pcdaemon.ACTION_START_OPERATE_AUTHOR flg=0x10000000 cmp=com.qihoo.appstore/com.qihoo.express.mini.activity.PCLinkConfirmDialogActivity (has extras)} from pid 15337
07-11 15:22:47.242 W/InputMethodManagerService(  374): Window already focused, ignoring focus gain of: com.android.internal.view.IInputMethodClient$Stub$Proxy@4298f1e8 attribute=null, token = android.os.BinderProxy@425fcae0
07-11 15:22:47.390 D/LightsService(  374): Excessive delay setting light: 69ms
07-11 15:22:53.281 I/PowerManagerService(  374): Going to sleep due to screen timeout...
07-11 15:22:54.109 D/SurfaceFlinger(  124): Screen released, type=0 flinger=0x400b4008
07-11 15:22:54.219 D/dalvikvm(  374): GC_FOR_ALLOC freed 3185K, 30% free 23079K/32600K, paused 109ms, total 109ms
07-11 15:22:54.320 D/NfcService(  592): NFC-C OFF, disconnect
07-11 15:22:54.398 D/MDM :   ( 3259): [null:-1]->query
07-11 15:22:54.398 D/MDM :   ( 3259): [null:-1]->QUERY_SETTING_PIN_ONOFF
07-11 15:22:59.164 I/ActivityManager(  374): Start proc com.google.android.deskclock for service com.google.android.deskclock/com.android.alarmclock.DigitalAppWidgetService: pid=15478 uid=10013 gids={50013, 1028}
07-11 15:22:59.328 V/KeyguardHostView(  374): hide transport, gen:107
07-11 15:22:59.328 V/KeyguardHostView(  374): music state changed: 0
07-11 15:22:59.351 D/PhoneStatusBar(  450): disable: < expand icons alerts ticker system_info back home RECENT* clock search >
07-11 15:22:59.383 V/TAG     (  374): bug 7643792: fitSystemWindows([0,50][0,0])
07-11 15:22:59.469 D/dalvikvm( 1165): GC_FOR_ALLOC freed 485K, 8% free 9170K/9944K, paused 20ms, total 21ms
07-11 15:22:59.515 D/PhoneStatusBar(  450): disable: < expand icons alerts ticker system_info BACK* HOME* RECENT CLOCK* search >
07-11 15:23:00.336 W/System.err(15128): java.io.FileNotFoundException: /data/data/com.mgyapp.android/files/.cfpaps.i: open failed: ENOENT (No such file or directory)
07-11 15:23:00.336 W/System.err(15128): 	at libcore.io.IoBridge.open(IoBridge.java:409)
07-11 15:23:00.336 W/System.err(15128): 	at java.io.FileInputStream.<init>(FileInputStream.java:78)
07-11 15:23:00.336 W/System.err(15128): 	at android.app.ContextImpl.openFileInput(ContextImpl.java:702)
07-11 15:23:00.336 W/System.err(15128): 	at android.content.ContextWrapper.openFileInput(ContextWrapper.java:173)
07-11 15:23:00.336 W/System.err(15128): 	at com.mgyun.shua.jc.service.f.run(Unknown Source)
07-11 15:23:00.336 W/System.err(15128): 	at com.mgyun.shua.jc.service.CpWorkServer.onHandleIntent(Unknown Source)
07-11 15:23:00.336 W/System.err(15128): 	at android.app.IntentService$ServiceHandler.handleMessage(IntentService.java:65)
07-11 15:23:00.336 W/System.err(15128): 	at android.os.Handler.dispatchMessage(Handler.java:99)
07-11 15:23:00.344 W/System.err(15128): 	at android.os.Looper.loop(Looper.java:137)
07-11 15:23:00.344 W/System.err(15128): 	at android.os.HandlerThread.run(HandlerThread.java:61)
07-11 15:23:00.344 W/System.err(15128): Caused by: libcore.io.ErrnoException: open failed: ENOENT (No such file or directory)
07-11 15:23:00.344 W/System.err(15128): 	at libcore.io.Posix.open(Native Method)
07-11 15:23:00.344 W/System.err(15128): 	at libcore.io.BlockGuardOs.open(BlockGuardOs.java:110)
07-11 15:23:00.344 W/System.err(15128): 	at libcore.io.IoBridge.open(IoBridge.java:393)
07-11 15:23:00.344 W/System.err(15128): 	... 9 more
07-11 15:23:04.359 I/ActivityManager(  374): No longer want com.google.android.gallery3d (pid 14884): empty #17
07-11 15:23:10.336 W/System.err(15128): java.io.FileNotFoundException: /data/data/com.mgyapp.android/files/.cfp.i: open failed: ENOENT (No such file or directory)
07-11 15:23:10.336 W/System.err(15128): 	at libcore.io.IoBridge.open(IoBridge.java:409)
07-11 15:23:10.336 W/System.err(15128): 	at java.io.FileInputStream.<init>(FileInputStream.java:78)
07-11 15:23:10.336 W/System.err(15128): 	at android.app.ContextImpl.openFileInput(ContextImpl.java:702)
07-11 15:23:10.336 W/System.err(15128): 	at android.content.ContextWrapper.openFileInput(ContextWrapper.java:173)
07-11 15:23:10.336 W/System.err(15128): 	at com.mgyun.shua.jc.c.b(Unknown Source)
07-11 15:23:10.336 W/System.err(15128): 	at com.mgyun.shua.jc.d.a(Unknown Source)
07-11 15:23:10.336 W/System.err(15128): 	at com.mgyun.shua.jc.service.CpWorkServer.onHandleIntent(Unknown Source)
07-11 15:23:10.336 W/System.err(15128): 	at android.app.IntentService$ServiceHandler.handleMessage(IntentService.java:65)
07-11 15:23:10.336 W/System.err(15128): 	at android.os.Handler.dispatchMessage(Handler.java:99)
07-11 15:23:10.336 W/System.err(15128): 	at android.os.Looper.loop(Looper.java:137)
07-11 15:23:10.336 W/System.err(15128): 	at android.os.HandlerThread.run(HandlerThread.java:61)
07-11 15:23:10.336 W/System.err(15128): Caused by: libcore.io.ErrnoException: open failed: ENOENT (No such file or directory)
07-11 15:23:10.344 W/System.err(15128): 	at libcore.io.Posix.open(Native Method)
07-11 15:23:10.344 W/System.err(15128): 	at libcore.io.BlockGuardOs.open(BlockGuardOs.java:110)
07-11 15:23:10.344 W/System.err(15128): 	at libcore.io.IoBridge.open(IoBridge.java:393)
07-11 15:23:10.344 W/System.err(15128): 	... 10 more
07-11 15:23:18.351 D/dalvikvm(  833): GC_EXPLICIT freed 763K, 18% free 12833K/15584K, paused 7ms+6ms, total 77ms
07-11 15:23:18.351 D/dalvikvm(  833): WAIT_FOR_CONCURRENT_GC blocked 70ms
07-11 15:23:18.453 D/dalvikvm(  833): GC_EXPLICIT freed 40K, 18% free 12796K/15584K, paused 6ms+8ms, total 103ms
07-11 15:23:18.453 D/dalvikvm(  833): WAIT_FOR_CONCURRENT_GC blocked 74ms
07-11 15:23:18.515 D/dalvikvm(  833): GC_EXPLICIT freed 3K, 18% free 12792K/15584K, paused 5ms+5ms, total 65ms
07-11 15:23:18.648 W/ResponseProcessCookies( 1789): Invalid cookie header: "Set-Cookie: BAIDUID=90492875F2AA00806A561EDD27084955:FG=1; max-age=31536000; expires=Sat, 11-Jul-15 07:23:19 GMT; domain=.baidu.com; path=/; version=1". Unable to parse expires attribute: Sat
07-11 15:23:18.648 W/ResponseProcessCookies( 1789): Invalid cookie header: "Set-Cookie: NBID=90492875F2AA0080A3724D0A361C7A37:FG=1; max-age=2592000; expires=Sun, 10-Aug-14 07:23:19 GMT; domain=.baidu.com; path=/; version=1". Unable to parse expires attribute: Sun
07-11 15:23:18.836 W/ResponseProcessCookies( 1789): Invalid cookie header: "Set-Cookie: BAIDUID=90492875F2AA0080E5692D755689C7E0:FG=1; max-age=31536000; expires=Sat, 11-Jul-15 07:23:19 GMT; domain=.baidu.com; path=/; version=1". Unable to parse expires attribute: Sat
07-11 15:23:18.836 W/ResponseProcessCookies( 1789): Invalid cookie header: "Set-Cookie: NBID=90492875F2AA0080A3E95FB5551C0971:FG=1; max-age=2592000; expires=Sun, 10-Aug-14 07:23:19 GMT; domain=.baidu.com; path=/; version=1". Unable to parse expires attribute: Sun
07-11 15:23:18.890 D/dalvikvm( 1789): GC_CONCURRENT freed 449K, 7% free 10123K/10776K, paused 4ms+6ms, total 33ms
07-11 15:23:18.890 D/dalvikvm( 1789): WAIT_FOR_CONCURRENT_GC blocked 23ms
07-11 15:23:33.367 I/EventLogService(  647): Aggregate from 1405061613265 (log), 1405061613265 (data)
07-11 15:23:33.429 I/ServiceDumpSys(  647): dumping service [account]
07-11 15:23:34.976 D/PushService(14262): [null:-1]->receiver action :com.pekall.mdm.action.PUSH_ALARM
07-11 15:23:35.047 D/PushService(14262): [null:-1]->keepAliveWithPushServer  client is null 
07-11 15:23:35.047 D/PushLib : (14262): [null:-1]->pushClient is :null
07-11 15:23:35.047 D/PushLib : (14262): [null:-1]->pushClient opened :not opened
07-11 15:23:35.070 D/PushLib : (14262): [null:-1]->pushClient connect:ws://192.168.10.35:9090/websocket
07-11 15:23:35.109 D/PushLib : (14262): [null:-1]->MSG_WEBSOCKET_OPEN
07-11 15:23:35.203 D/dalvikvm(14262): GC_CONCURRENT freed 305K, 4% free 9235K/9576K, paused 3ms+2ms, total 23ms
07-11 15:23:35.234 D/JOBS    (14262): added job id: -2147483647 class: PushMessageJob priority: 0 delay: 0 group : fetch-push persistent: false requires network: true
07-11 15:23:35.242 D/JOBS    (14262): pool-4-thread-1: load factor check. true = (0 < 1)|| (0 * 3 < 1 + 0). consumer thread: false
07-11 15:23:35.242 D/JOBS    (14262): adding another consumer
07-11 15:23:35.242 D/JOBS    (14262): starting consumer Thread-3535
07-11 15:23:35.242 D/JOBS    (14262): running job PushMessageJob
07-11 15:23:35.609 D/PushLib : (14262): [null:-1]->MSG_WEBSOCKET_MESSAGE : {"id":2,"type":1,"command":0,"result":0,"reason":0}
07-11 15:23:35.617 D/PushService(14262): [null:-1]->push message type :1
07-11 15:23:35.633 D/JOBS    (14262): finished job PushMessageJob
07-11 15:23:38.086 I/PowerManagerService(  374): Waking up from sleep...
07-11 15:23:38.195 I/WindowManager(  374): Lock screen displayed!
07-11 15:23:38.422 D/dalvikvm(  374): GC_CONCURRENT freed 2060K, 25% free 24565K/32600K, paused 27ms+15ms, total 263ms
07-11 15:23:38.422 D/dalvikvm(  374): WAIT_FOR_CONCURRENT_GC blocked 30ms
07-11 15:23:38.422 D/dalvikvm(  374): WAIT_FOR_CONCURRENT_GC blocked 31ms
07-11 15:23:38.422 D/dalvikvm(  374): WAIT_FOR_CONCURRENT_GC blocked 15ms
07-11 15:23:38.461 D/PowerManagerService-JNI(  374): Excessive delay in autosuspend_disable() while turning screen on: 350ms
07-11 15:23:38.461 D/SurfaceFlinger(  124): Screen acquired, type=0 flinger=0x400b4008
07-11 15:23:38.523 I/ActivityManager(  374): Start proc com.android.providers.calendar for content provider com.android.providers.calendar/.CalendarProvider2: pid=15583 uid=10007 gids={50007, 3003, 1015, 1028}
07-11 15:23:38.554 D/LightsService(  374): Excessive delay setting light: 92ms
07-11 15:23:38.570 V/DigitalWidgetViewsFactory(15478): DigitalWidget sets next alarm string to null
07-11 15:23:38.633 I/ActivityManager(  374): No longer want com.android.keychain (pid 14906): empty #17
07-11 15:23:38.836 D/AndroidRuntime(15582): 
07-11 15:23:38.836 D/AndroidRuntime(15582): >>>>>> AndroidRuntime START com.android.internal.os.RuntimeInit <<<<<<
07-11 15:23:38.836 D/AndroidRuntime(15582): CheckJNI is OFF
07-11 15:23:38.844 D/dalvikvm(15582): Trying to load lib libjavacore.so 0x0
07-11 15:23:38.851 D/dalvikvm(15582): Added shared lib libjavacore.so 0x0
07-11 15:23:38.859 D/dalvikvm(15582): Trying to load lib libnativehelper.so 0x0
07-11 15:23:38.859 D/dalvikvm(15582): Added shared lib libnativehelper.so 0x0
07-11 15:23:39.031 D/AndroidRuntime(15582): Calling main entry com.qihoo360.powerctl.root.app.App
07-11 15:23:39.031 D/AndroidRuntime(15582): Shutting down VM
07-11 15:23:39.031 D/dalvikvm(15582): Debugger has detached; object registry had 1 entries
07-11 15:23:39.039 I/AndroidRuntime(15582): NOTE: attach of thread 'Binder_1' failed
07-11 15:23:39.179 D/PhoneStatusBar(  450): disable: < expand icons alerts ticker system_info BACK HOME recent* CLOCK search >
07-11 15:23:39.219 D/NfcService(  592): NFC-C ON
07-11 15:23:39.265 D/PhoneStatusBar(  450): disable: < expand icons alerts ticker system_info back* home* recent clock* search >
07-11 15:23:39.281 W/InputMethodManagerService(  374): Window already focused, ignoring focus gain of: com.android.internal.view.IInputMethodClient$Stub$Proxy@42261150 attribute=android.view.inputmethod.EditorInfo@423308f8, token = android.os.BinderProxy@425fcae0
07-11 15:23:39.508 D/dalvikvm(20727): GC_CONCURRENT freed 344K, 6% free 10284K/10920K, paused 10ms+5ms, total 86ms
07-11 15:23:39.695 V/TAG     (  374): bug 7643792: fitSystemWindows([0,50][0,0])
07-11 15:23:39.726 I/RootJni (15627): su: permission denied
07-11 15:23:39.797 D/AndroidRuntime(15626): 
07-11 15:23:39.797 D/AndroidRuntime(15626): >>>>>> AndroidRuntime START com.android.internal.os.RuntimeInit <<<<<<
07-11 15:23:39.797 D/AndroidRuntime(15626): CheckJNI is OFF
07-11 15:23:39.812 D/dalvikvm(15626): Trying to load lib libjavacore.so 0x0
07-11 15:23:39.820 D/dalvikvm(15626): Added shared lib libjavacore.so 0x0
07-11 15:23:39.836 D/dalvikvm(15626): Trying to load lib libnativehelper.so 0x0
07-11 15:23:39.836 D/dalvikvm(15626): Added shared lib libnativehelper.so 0x0
07-11 15:23:40.078 I/CalendarProvider2(15583): Sending notification intent: Intent { act=android.intent.action.PROVIDER_CHANGED dat=content://com.android.calendar }
07-11 15:23:40.078 W/ContentResolver(15583): Failed to get type for: content://com.android.calendar (Unknown URL content://com.android.calendar)
07-11 15:23:40.086 D/AndroidRuntime(15626): Calling main entry com.qihoo360.powerctl.root.app.App
07-11 15:23:40.086 D/AndroidRuntime(15626): Shutting down VM
07-11 15:23:40.086 D/jdwp    (15626): Got wake-up signal, bailing out of select
07-11 15:23:40.086 D/dalvikvm(15626): Debugger has detached; object registry had 1 entries
07-11 15:23:40.101 I/ActivityManager(  374): Start proc com.google.android.calendar for broadcast com.google.android.calendar/com.android.calendar.alerts.AlertReceiver: pid=15636 uid=10006 gids={50006, 3003, 1028}
07-11 15:23:40.219 D/AlertReceiver(15636): onReceive: a=android.intent.action.PROVIDER_CHANGED Intent { act=android.intent.action.PROVIDER_CHANGED dat=content://com.android.calendar flg=0x10 cmp=com.google.android.calendar/com.android.calendar.alerts.AlertReceiver }
07-11 15:23:40.242 D/AlertService(15636): 0 Action = android.intent.action.PROVIDER_CHANGED
07-11 15:23:41.156 D/dalvikvm(  605): GC_CONCURRENT freed 1985K, 38% free 14890K/23696K, paused 2ms+10ms, total 56ms
07-11 15:23:41.312 E/SQLiteLog(  605): (1802) os_unix.c:30026: (2) stat(/data/user/0/com.android.launcher/cache/widgetpreviews.db) - 
07-11 15:23:41.312 E/SQLiteLog(  605): (1802) statement aborts at 19: [INSERT INTO shortcut_and_widget_previews(preview_bitmap,size,name) VALUES (?,?,?)] 
07-11 15:23:41.312 E/SQLiteDatabase(  605): Error inserting preview_bitmap=[B@4233ddd8 size=260x165 name=Widget:com.moji.mjweather/com.moji.mjweather.CMojiWidget4x1
07-11 15:23:41.312 E/SQLiteDatabase(  605): android.database.sqlite.SQLiteDiskIOException: disk I/O error (code 1802)
07-11 15:23:41.312 E/SQLiteDatabase(  605): 	at android.database.sqlite.SQLiteConnection.nativeExecuteForLastInsertedRowId(Native Method)
07-11 15:23:41.312 E/SQLiteDatabase(  605): 	at android.database.sqlite.SQLiteConnection.executeForLastInsertedRowId(SQLiteConnection.java:782)
07-11 15:23:41.312 E/SQLiteDatabase(  605): 	at android.database.sqlite.SQLiteSession.executeForLastInsertedRowId(SQLiteSession.java:788)
07-11 15:23:41.312 E/SQLiteDatabase(  605): 	at android.database.sqlite.SQLiteStatement.executeInsert(SQLiteStatement.java:86)
07-11 15:23:41.312 E/SQLiteDatabase(  605): 	at android.database.sqlite.SQLiteDatabase.insertWithOnConflict(SQLiteDatabase.java:1469)
07-11 15:23:41.312 E/SQLiteDatabase(  605): 	at android.database.sqlite.SQLiteDatabase.insert(SQLiteDatabase.java:1339)
07-11 15:23:41.312 E/SQLiteDatabase(  605): 	at com.android.launcher2.WidgetPreviewLoader.writeToDb(WidgetPreviewLoader.java:334)
07-11 15:23:41.312 E/SQLiteDatabase(  605): 	at com.android.launcher2.WidgetPreviewLoader.access$000(WidgetPreviewLoader.java:103)
07-11 15:23:41.312 E/SQLiteDatabase(  605): 	at com.android.launcher2.WidgetPreviewLoader$1.doInBackground(WidgetPreviewLoader.java:229)
07-11 15:23:41.312 E/SQLiteDatabase(  605): 	at com.android.launcher2.WidgetPreviewLoader$1.doInBackground(WidgetPreviewLoader.java:227)
07-11 15:23:41.312 E/SQLiteDatabase(  605): 	at android.os.AsyncTask$2.call(AsyncTask.java:287)
07-11 15:23:41.312 E/SQLiteDatabase(  605): 	at java.util.concurrent.FutureTask.run(FutureTask.java:234)
07-11 15:23:41.312 E/SQLiteDatabase(  605): 	at java.util.concurrent.ThreadPoolExecutor.runWorker(ThreadPoolExecutor.java:1080)
07-11 15:23:41.312 E/SQLiteDatabase(  605): 	at java.util.concurrent.ThreadPoolExecutor$Worker.run(ThreadPoolExecutor.java:573)
07-11 15:23:41.312 E/SQLiteDatabase(  605): 	at java.lang.Thread.run(Thread.java:841)
07-11 15:23:41.375 E/SQLiteLog(  605): (1802) os_unix.c:30026: (2) stat(/data/user/0/com.android.launcher/cache/widgetpreviews.db) - 
07-11 15:23:41.375 E/SQLiteLog(  605): (1802) statement aborts at 19: [INSERT INTO shortcut_and_widget_previews(preview_bitmap,size,name) VALUES (?,?,?)] 
07-11 15:23:41.375 E/SQLiteDatabase(  605): Error inserting preview_bitmap=[B@42470ea0 size=260x165 name=Widget:com.moji.mjweather/com.moji.mjweather.CMojiWidget4x2
07-11 15:23:41.375 E/SQLiteDatabase(  605): android.database.sqlite.SQLiteDiskIOException: disk I/O error (code 1802)
07-11 15:23:41.375 E/SQLiteDatabase(  605): 	at android.database.sqlite.SQLiteConnection.nativeExecuteForLastInsertedRowId(Native Method)
07-11 15:23:41.375 E/SQLiteDatabase(  605): 	at android.database.sqlite.SQLiteConnection.executeForLastInsertedRowId(SQLiteConnection.java:782)
07-11 15:23:41.375 E/SQLiteDatabase(  605): 	at android.database.sqlite.SQLiteSession.executeForLastInsertedRowId(SQLiteSession.java:788)
07-11 15:23:41.375 E/SQLiteDatabase(  605): 	at android.database.sqlite.SQLiteStatement.executeInsert(SQLiteStatement.java:86)
07-11 15:23:41.375 E/SQLiteDatabase(  605): 	at android.database.sqlite.SQLiteDatabase.insertWithOnConflict(SQLiteDatabase.java:1469)
07-11 15:23:41.375 E/SQLiteDatabase(  605): 	at android.database.sqlite.SQLiteDatabase.insert(SQLiteDatabase.java:1339)
07-11 15:23:41.375 E/SQLiteDatabase(  605): 	at com.android.launcher2.WidgetPreviewLoader.writeToDb(WidgetPreviewLoader.java:334)
07-11 15:23:41.375 E/SQLiteDatabase(  605): 	at com.android.launcher2.WidgetPreviewLoader.access$000(WidgetPreviewLoader.java:103)
07-11 15:23:41.375 E/SQLiteDatabase(  605): 	at com.android.launcher2.WidgetPreviewLoader$1.doInBackground(WidgetPreviewLoader.java:229)
07-11 15:23:41.375 E/SQLiteDatabase(  605): 	at com.android.launcher2.WidgetPreviewLoader$1.doInBackground(WidgetPreviewLoader.java:227)
07-11 15:23:41.375 E/SQLiteDatabase(  605): 	at android.os.AsyncTask$2.call(AsyncTask.java:287)
07-11 15:23:41.375 E/SQLiteDatabase(  605): 	at java.util.concurrent.FutureTask.run(FutureTask.java:234)
07-11 15:23:41.375 E/SQLiteDatabase(  605): 	at java.util.concurrent.ThreadPoolExecutor.runWorker(ThreadPoolExecutor.java:1080)
07-11 15:23:41.375 E/SQLiteDatabase(  605): 	at java.util.concurrent.ThreadPoolExecutor$Worker.run(ThreadPoolExecutor.java:573)
07-11 15:23:41.375 E/SQLiteDatabase(  605): 	at java.lang.Thread.run(Thread.java:841)
07-11 15:23:41.883 W/MountService(  374): getVolumeState(/storage/emulated/0/external_sd): Unknown volume
07-11 15:23:41.883 W/MountService(  374): getVolumeState(/mnt/sdcard-ext): Unknown volume
07-11 15:23:41.883 W/MountService(  374): getVolumeState(/mnt/ext_sdcard): Unknown volume
07-11 15:23:41.883 W/MountService(  374): getVolumeState(/mnt/sdcard2): Unknown volume
07-11 15:23:41.883 W/MountService(  374): getVolumeState(/mnt/emmc): Unknown volume
07-11 15:23:41.883 W/MountService(  374): getVolumeState(/mnt/extSdCard): Unknown volume
07-11 15:23:41.883 W/MountService(  374): getVolumeState(/mnt/sdcard/SD_CARD): Unknown volume
07-11 15:23:41.890 W/MountService(  374): getVolumeState(/mnt/sdcard/extra_sd): Unknown volume
07-11 15:23:41.890 W/MountService(  374): getVolumeState(/mnt/extrasd_bind): Unknown volume
07-11 15:23:41.890 W/MountService(  374): getVolumeState(/mnt/sdcard/ext_sd): Unknown volume
07-11 15:23:41.890 W/MountService(  374): getVolumeState(/storage/extSdCard): Unknown volume
07-11 15:23:41.890 W/MountService(  374): getVolumeState(/storage/sdcard1): Unknown volume
07-11 15:23:41.898 D/dalvikvm(15337): GC_CONCURRENT freed 411K, 5% free 9341K/9828K, paused 4ms+4ms, total 36ms
07-11 15:23:41.906 W/MountService(  374): getVolumeState(/mnt/sdcard/external_SD): Unknown volume
07-11 15:23:41.906 W/MountService(  374): getVolumeState(/mnt/sdcard/external_sd): Unknown volume
07-11 15:23:42.156 D/dalvikvm(15337): GC_CONCURRENT freed 454K, 6% free 9315K/9828K, paused 3ms+4ms, total 37ms
07-11 15:23:42.187 W/MountService(  374): getVolumeState(/storage/emulated/0/external_sd): Unknown volume
07-11 15:23:42.187 W/MountService(  374): getVolumeState(/mnt/sdcard-ext): Unknown volume
07-11 15:23:42.187 W/MountService(  374): getVolumeState(/mnt/ext_sdcard): Unknown volume
07-11 15:23:42.187 W/MountService(  374): getVolumeState(/mnt/sdcard2): Unknown volume
07-11 15:23:42.187 W/MountService(  374): getVolumeState(/mnt/emmc): Unknown volume
07-11 15:23:42.187 W/MountService(  374): getVolumeState(/mnt/extSdCard): Unknown volume
07-11 15:23:42.195 W/MountService(  374): getVolumeState(/mnt/sdcard/SD_CARD): Unknown volume
07-11 15:23:42.195 W/MountService(  374): getVolumeState(/mnt/sdcard/extra_sd): Unknown volume
07-11 15:23:42.195 W/MountService(  374): getVolumeState(/mnt/extrasd_bind): Unknown volume
