07-11 15:15:40.976 W/MountService(  374): getVolumeState(/mnt/sdcard/external_sd): Unknown volume
07-11 15:15:41.039 D/dalvikvm( 8807): GC_FOR_ALLOC freed 387K, 7% free 9392K/10088K, paused 20ms, total 20ms
07-11 15:16:10.750 D/dalvikvm(  833): GC_CONCURRENT freed 1250K, 18% free 12856K/15584K, paused 5ms+6ms, total 73ms
07-11 15:16:40.851 W/MountService(  374): getVolumeState(/storage/emulated/0/external_sd): Unknown volume
07-11 15:16:40.851 W/MountService(  374): getVolumeState(/mnt/sdcard-ext): Unknown volume
07-11 15:16:40.851 W/MountService(  374): getVolumeState(/mnt/ext_sdcard): Unknown volume
07-11 15:16:40.851 W/MountService(  374): getVolumeState(/mnt/sdcard2): Unknown volume
07-11 15:16:40.851 W/MountService(  374): getVolumeState(/mnt/emmc): Unknown volume
07-11 15:16:40.851 W/MountService(  374): getVolumeState(/mnt/extSdCard): Unknown volume
07-11 15:16:40.851 W/MountService(  374): getVolumeState(/mnt/sdcard/SD_CARD): Unknown volume
07-11 15:16:40.851 W/MountService(  374): getVolumeState(/mnt/sdcard/extra_sd): Unknown volume
07-11 15:16:40.859 W/MountService(  374): getVolumeState(/mnt/extrasd_bind): Unknown volume
07-11 15:16:40.859 W/MountService(  374): getVolumeState(/mnt/sdcard/ext_sd): Unknown volume
07-11 15:16:40.859 W/MountService(  374): getVolumeState(/storage/extSdCard): Unknown volume
07-11 15:16:40.859 W/MountService(  374): getVolumeState(/storage/sdcard1): Unknown volume
07-11 15:16:40.859 W/MountService(  374): getVolumeState(/mnt/sdcard/external_SD): Unknown volume
07-11 15:16:40.859 W/MountService(  374): getVolumeState(/mnt/sdcard/external_sd): Unknown volume
07-11 15:16:40.937 D/dalvikvm( 8807): GC_CONCURRENT freed 338K, 6% free 9565K/10088K, paused 2ms+3ms, total 30ms
07-11 15:16:40.937 D/dalvikvm( 8807): WAIT_FOR_CONCURRENT_GC blocked 20ms
07-11 15:16:40.937 D/dalvikvm( 8807): WAIT_FOR_CONCURRENT_GC blocked 9ms
07-11 15:16:41.086 W/MountService(  374): getVolumeState(/storage/emulated/0/external_sd): Unknown volume
07-11 15:16:41.086 W/MountService(  374): getVolumeState(/mnt/sdcard-ext): Unknown volume
07-11 15:16:41.086 W/MountService(  374): getVolumeState(/mnt/ext_sdcard): Unknown volume
07-11 15:16:41.086 W/MountService(  374): getVolumeState(/mnt/sdcard2): Unknown volume
07-11 15:16:41.086 W/MountService(  374): getVolumeState(/mnt/emmc): Unknown volume
07-11 15:16:41.086 W/MountService(  374): getVolumeState(/mnt/extSdCard): Unknown volume
07-11 15:16:41.086 W/MountService(  374): getVolumeState(/mnt/sdcard/SD_CARD): Unknown volume
07-11 15:16:41.086 W/MountService(  374): getVolumeState(/mnt/sdcard/extra_sd): Unknown volume
07-11 15:16:41.094 W/MountService(  374): getVolumeState(/mnt/extrasd_bind): Unknown volume
07-11 15:16:41.094 W/MountService(  374): getVolumeState(/mnt/sdcard/ext_sd): Unknown volume
07-11 15:16:41.101 W/MountService(  374): getVolumeState(/storage/extSdCard): Unknown volume
07-11 15:16:41.101 W/MountService(  374): getVolumeState(/storage/sdcard1): Unknown volume
07-11 15:16:41.101 W/MountService(  374): getVolumeState(/mnt/sdcard/external_SD): Unknown volume
07-11 15:16:41.101 W/MountService(  374): getVolumeState(/mnt/sdcard/external_sd): Unknown volume
07-11 15:16:41.125 D/dalvikvm( 8807): GC_CONCURRENT freed 631K, 8% free 9444K/10176K, paused 3ms+3ms, total 33ms
07-11 15:16:41.125 D/dalvikvm( 8807): WAIT_FOR_CONCURRENT_GC blocked 12ms
07-11 15:16:44.133 D/dalvikvm(20727): GC_CONCURRENT freed 420K, 8% free 10145K/10920K, paused 4ms+2ms, total 36ms
07-11 15:16:44.367 D/dalvikvm(  577): GC_EXPLICIT freed 390K, 7% free 11552K/12344K, paused 5ms+6ms, total 54ms
07-11 15:17:04.539 D/dalvikvm(  374): GC_EXPLICIT freed 1200K, 30% free 23290K/32852K, paused 8ms+10ms, total 125ms
07-11 15:17:29.547 D/dalvikvm(25429): GC_CONCURRENT freed 392K, 6% free 9721K/10272K, paused 3ms+3ms, total 30ms
07-11 15:17:30.375 D/JOBS    ( 7201): Thread-3313: load factor check. true = (0 < 1)|| (0 * 3 < 0 + 0). consumer thread: true
07-11 15:17:30.375 D/JOBS    ( 7201): didn't allow me to die, re-running Thread-3313
07-11 15:17:30.375 D/JOBS    ( 7201): re-running consumer Thread-3313
07-11 15:17:36.578 D/dalvikvm(25474): GC_CONCURRENT freed 455K, 16% free 9534K/11232K, paused 2ms+2ms, total 39ms
07-11 15:17:36.726 W/BackupManagerService(  374): dataChanged but no participant pkg='com.android.providers.settings' uid=10079
07-11 15:17:36.773 W/BackupManagerService(  374): dataChanged but no participant pkg='com.android.providers.settings' uid=10079
07-11 15:17:40.976 D/dalvikvm( 8807): GC_FOR_ALLOC freed 365K, 8% free 9444K/10176K, paused 27ms, total 28ms
07-11 15:17:40.984 W/MountService(  374): getVolumeState(/storage/emulated/0/external_sd): Unknown volume
07-11 15:17:40.984 W/MountService(  374): getVolumeState(/mnt/sdcard-ext): Unknown volume
07-11 15:17:40.984 W/MountService(  374): getVolumeState(/mnt/ext_sdcard): Unknown volume
07-11 15:17:40.984 W/MountService(  374): getVolumeState(/mnt/sdcard2): Unknown volume
07-11 15:17:40.984 W/MountService(  374): getVolumeState(/mnt/emmc): Unknown volume
07-11 15:17:40.984 W/MountService(  374): getVolumeState(/mnt/extSdCard): Unknown volume
07-11 15:17:40.984 W/MountService(  374): getVolumeState(/mnt/sdcard/SD_CARD): Unknown volume
07-11 15:17:40.984 W/MountService(  374): getVolumeState(/mnt/sdcard/extra_sd): Unknown volume
07-11 15:17:40.984 W/MountService(  374): getVolumeState(/mnt/extrasd_bind): Unknown volume
07-11 15:17:40.992 W/MountService(  374): getVolumeState(/mnt/sdcard/ext_sd): Unknown volume
07-11 15:17:40.992 W/MountService(  374): getVolumeState(/storage/extSdCard): Unknown volume
07-11 15:17:40.992 W/MountService(  374): getVolumeState(/storage/sdcard1): Unknown volume
07-11 15:17:40.992 W/MountService(  374): getVolumeState(/mnt/sdcard/external_SD): Unknown volume
07-11 15:17:40.992 W/MountService(  374): getVolumeState(/mnt/sdcard/external_sd): Unknown volume
07-11 15:17:41.086 D/dalvikvm( 8807): GC_CONCURRENT freed 407K, 8% free 9439K/10176K, paused 6ms+4ms, total 36ms
07-11 15:17:41.148 D/dalvikvm( 6650): GC_EXPLICIT freed 240K, 3% free 9195K/9476K, paused 2ms+5ms, total 30ms
07-11 15:17:41.250 W/MountService(  374): getVolumeState(/storage/emulated/0/external_sd): Unknown volume
07-11 15:17:41.250 W/MountService(  374): getVolumeState(/mnt/sdcard-ext): Unknown volume
07-11 15:17:41.250 W/MountService(  374): getVolumeState(/mnt/ext_sdcard): Unknown volume
07-11 15:17:41.258 W/MountService(  374): getVolumeState(/mnt/sdcard2): Unknown volume
07-11 15:17:41.258 W/MountService(  374): getVolumeState(/mnt/emmc): Unknown volume
07-11 15:17:41.258 W/MountService(  374): getVolumeState(/mnt/extSdCard): Unknown volume
07-11 15:17:41.258 W/MountService(  374): getVolumeState(/mnt/sdcard/SD_CARD): Unknown volume
07-11 15:17:41.258 W/MountService(  374): getVolumeState(/mnt/sdcard/extra_sd): Unknown volume
07-11 15:17:41.258 W/MountService(  374): getVolumeState(/mnt/extrasd_bind): Unknown volume
07-11 15:17:41.265 W/MountService(  374): getVolumeState(/mnt/sdcard/ext_sd): Unknown volume
07-11 15:17:41.265 W/MountService(  374): getVolumeState(/storage/extSdCard): Unknown volume
07-11 15:17:41.265 W/MountService(  374): getVolumeState(/storage/sdcard1): Unknown volume
07-11 15:17:41.265 W/MountService(  374): getVolumeState(/mnt/sdcard/external_SD): Unknown volume
07-11 15:17:41.265 W/MountService(  374): getVolumeState(/mnt/sdcard/external_sd): Unknown volume
07-11 15:17:41.297 D/dalvikvm( 8807): GC_CONCURRENT freed 443K, 7% free 9491K/10176K, paused 3ms+3ms, total 32ms
07-11 15:17:41.297 D/dalvikvm( 8807): WAIT_FOR_CONCURRENT_GC blocked 5ms
07-11 15:18:27.195 D/MdmService( 3259): [null:-1]->receiver action :com.pekall.mdm.action.MDM_ALARM
07-11 15:18:27.195 D/MdmService( 3259): [null:-1]->keepAliveWithPushServer client is opened:true
07-11 15:18:27.203 D/MDM :   ( 3259): [null:-1]->ping!!!!!!!!!
07-11 15:18:27.211 D/MdmService( 3259): [null:-1]->pushUrl : ws://192.168.10.91:9070/websocket
07-11 15:18:27.211 D/MDM :   ( 3259): [null:-1]->mMdmPushClient is :not null
07-11 15:18:27.211 D/MDM :   ( 3259): [null:-1]->mMdmPushClient opened : opened
07-11 15:18:27.219 D/MdmStatusManager( 3259): [null:-1]->change status to : Busy
07-11 15:18:27.219 D/DB      ( 3259): query: SQLiteQuery: SELECT content, command_status, status FROM command WHERE status!=2
07-11 15:18:27.219 D/DB      ( 3259): factory null
07-11 15:18:27.219 D/DB      ( 3259): fillWindow: 0
07-11 15:18:27.219 D/DB      ( 3259): cursor 0
07-11 15:18:27.219 D/DB      ( 3259): moveToPos: 0
07-11 15:18:27.226 I/TransInfo( 3259): TransInfo created, id: 3, class: class com.pekall.emdm.transaction.b.c
07-11 15:18:27.226 D/NetworkThread( 3259): [null:-1]->----isRunning-----true
07-11 15:18:27.226 D/NetworkThread( 3259): [null:-1]->----isRunning-----true
07-11 15:18:27.226 D/NetworkThread( 3259): [null:-1]->thread wakeup
07-11 15:18:27.226 D/MDM :   ( 3259): [null:-1]->MSG_WEBSOCKET_PONG
07-11 15:18:27.226 D/HttpClient( 3259): enable apache.http debug
07-11 15:18:27.234 V/DEBUG   ( 3259): HTTP 0
07-11 15:18:27.492 V/DEBUG   ( 3259): HTTP 1
07-11 15:18:27.500 D/NetworkThread( 3259): [null:-1]->queue is empty, thread wait...
07-11 15:18:27.594 D/MdmService( 3259): [null:-1]->handleCheckInResult
07-11 15:18:27.601 D/MdmService( 3259): [null:-1]->handleCheckInResult result keyIndex: 3
07-11 15:18:27.601 D/HandleCommandTask( 3259): [null:-1]->execute command msg but beanBase is null
07-11 15:18:27.601 D/MdmStatusManager( 3259): [null:-1]->change status to : Idle
07-11 15:18:29.539 D/PushService( 7201): [null:-1]->receiver action :com.pekall.mdm.action.PUSH_ALARM
07-11 15:18:29.547 D/PushService( 7201): [null:-1]->keepAliveWithPushServer client is opened:true
07-11 15:18:29.547 D/PushLib : ( 7201): [null:-1]->ping!!!!!!!!!
07-11 15:18:29.547 D/PushLib : ( 7201): [null:-1]->pushClient is :not null
07-11 15:18:29.547 I/ActivityManager(  374): No longer want com.pekall.nmefc (pid 7201): empty for 1800s
07-11 15:18:29.562 W/ActivityManager(  374): Scheduling restart of crashed service com.pekall.nmefc/com.pekall.lib.push.PushService in 5000ms
07-11 15:18:34.586 I/ActivityManager(  374): Start proc com.pekall.nmefc for service com.pekall.nmefc/com.pekall.lib.push.PushService: pid=14262 uid=10068 gids={50068, 1015, 1028, 3003}
07-11 15:18:34.695 D/dalvikvm(14262): Trying to load lib /data/app-lib/com.pekall.nmefc-1/libBaiduMapSDK_v2_4_0.so 0x42080fb8
07-11 15:18:34.719 D/dalvikvm(14262): Added shared lib /data/app-lib/com.pekall.nmefc-1/libBaiduMapSDK_v2_4_0.so 0x42080fb8
07-11 15:18:34.765 D/dalvikvm(13209): GC_FOR_ALLOC freed 436K, 5% free 9181K/9652K, paused 33ms, total 36ms
07-11 15:18:34.781 D/AppCommonMemCache(14262): commonmemcache addr: 1074119196
07-11 15:18:34.844 I/auth info(14262): ak:  ryMGcVcAAGEj0xnPp0vbh8Q4
07-11 15:18:34.844 I/auth info(14262): mcode:  62:30:B6:24:E3:55:96:DC:05:ED:3E:6E:44:83:87:D5:AF:E7:B3:B9;com.pekall.nmefc
07-11 15:18:34.883 D/dalvikvm(14262): GC_CONCURRENT freed 242K, 3% free 9133K/9412K, paused 9ms+2ms, total 33ms
07-11 15:18:34.883 D/dalvikvm(14262): WAIT_FOR_CONCURRENT_GC blocked 23ms
07-11 15:18:34.992 D/PushService(14262): [null:-1]->receiver action :android.net.conn.CONNECTIVITY_CHANGE
07-11 15:18:35.109 D/dalvikvm(14262): GC_CONCURRENT freed 420K, 6% free 9141K/9640K, paused 3ms+2ms, total 30ms
07-11 15:18:35.250 E/baidumapsdk(14262): Authentication Error,status: 102 message: IP/SN/SCODE/REFERER Illegal:
07-11 15:18:37.070 D/GCM     (  647): Ignoring attempt to send heartbeat on dead connection.
07-11 15:18:41.070 W/MountService(  374): getVolumeState(/storage/emulated/0/external_sd): Unknown volume
07-11 15:18:41.078 W/MountService(  374): getVolumeState(/mnt/sdcard-ext): Unknown volume
07-11 15:18:41.078 W/MountService(  374): getVolumeState(/mnt/ext_sdcard): Unknown volume
07-11 15:18:41.086 W/MountService(  374): getVolumeState(/mnt/sdcard2): Unknown volume
07-11 15:18:41.086 W/MountService(  374): getVolumeState(/mnt/emmc): Unknown volume
07-11 15:18:41.086 W/MountService(  374): getVolumeState(/mnt/extSdCard): Unknown volume
07-11 15:18:41.086 W/MountService(  374): getVolumeState(/mnt/sdcard/SD_CARD): Unknown volume
07-11 15:18:41.086 W/MountService(  374): getVolumeState(/mnt/sdcard/extra_sd): Unknown volume
07-11 15:18:41.094 W/MountService(  374): getVolumeState(/mnt/extrasd_bind): Unknown volume
07-11 15:18:41.094 W/MountService(  374): getVolumeState(/mnt/sdcard/ext_sd): Unknown volume
07-11 15:18:41.094 W/MountService(  374): getVolumeState(/storage/extSdCard): Unknown volume
07-11 15:18:41.094 W/MountService(  374): getVolumeState(/storage/sdcard1): Unknown volume
07-11 15:18:41.094 W/MountService(  374): getVolumeState(/mnt/sdcard/external_SD): Unknown volume
07-11 15:18:41.094 W/MountService(  374): getVolumeState(/mnt/sdcard/external_sd): Unknown volume
07-11 15:18:41.117 D/dalvikvm( 8807): GC_FOR_ALLOC freed 435K, 8% free 9412K/10176K, paused 21ms, total 21ms
07-11 15:18:41.320 W/MountService(  374): getVolumeState(/storage/emulated/0/external_sd): Unknown volume
07-11 15:18:41.328 D/dalvikvm( 8807): GC_CONCURRENT freed 451K, 7% free 9466K/10176K, paused 4ms+4ms, total 42ms
07-11 15:18:41.328 D/dalvikvm( 8807): WAIT_FOR_CONCURRENT_GC blocked 13ms
07-11 15:18:41.328 W/MountService(  374): getVolumeState(/mnt/sdcard-ext): Unknown volume
07-11 15:18:41.328 W/MountService(  374): getVolumeState(/mnt/ext_sdcard): Unknown volume
07-11 15:18:41.328 W/MountService(  374): getVolumeState(/mnt/sdcard2): Unknown volume
07-11 15:18:41.328 W/MountService(  374): getVolumeState(/mnt/emmc): Unknown volume
07-11 15:18:41.328 W/MountService(  374): getVolumeState(/mnt/extSdCard): Unknown volume
07-11 15:18:41.328 W/MountService(  374): getVolumeState(/mnt/sdcard/SD_CARD): Unknown volume
07-11 15:18:41.336 W/MountService(  374): getVolumeState(/mnt/sdcard/extra_sd): Unknown volume
07-11 15:18:41.336 W/MountService(  374): getVolumeState(/mnt/extrasd_bind): Unknown volume
07-11 15:18:41.336 W/MountService(  374): getVolumeState(/mnt/sdcard/ext_sd): Unknown volume
07-11 15:18:41.336 W/MountService(  374): getVolumeState(/storage/extSdCard): Unknown volume
07-11 15:18:41.336 W/MountService(  374): getVolumeState(/storage/sdcard1): Unknown volume
07-11 15:18:41.336 W/MountService(  374): getVolumeState(/mnt/sdcard/external_SD): Unknown volume
07-11 15:18:41.336 W/MountService(  374): getVolumeState(/mnt/sdcard/external_sd): Unknown volume
07-11 15:18:55.914 D/dalvikvm( 8807): GC_CONCURRENT freed 474K, 8% free 9388K/10176K, paused 4ms+3ms, total 37ms
07-11 15:18:55.914 D/dalvikvm( 8807): WAIT_FOR_CONCURRENT_GC blocked 28ms
07-11 15:19:41.297 W/MountService(  374): getVolumeState(/storage/emulated/0/external_sd): Unknown volume
07-11 15:19:41.304 W/MountService(  374): getVolumeState(/mnt/sdcard-ext): Unknown volume
07-11 15:19:41.304 W/MountService(  374): getVolumeState(/mnt/ext_sdcard): Unknown volume
07-11 15:19:41.304 W/MountService(  374): getVolumeState(/mnt/sdcard2): Unknown volume
07-11 15:19:41.304 W/MountService(  374): getVolumeState(/mnt/emmc): Unknown volume
07-11 15:19:41.304 W/MountService(  374): getVolumeState(/mnt/extSdCard): Unknown volume
07-11 15:19:41.304 W/MountService(  374): getVolumeState(/mnt/sdcard/SD_CARD): Unknown volume
07-11 15:19:41.304 W/MountService(  374): getVolumeState(/mnt/sdcard/extra_sd): Unknown volume
07-11 15:19:41.304 W/MountService(  374): getVolumeState(/mnt/extrasd_bind): Unknown volume
07-11 15:19:41.312 W/MountService(  374): getVolumeState(/mnt/sdcard/ext_sd): Unknown volume
07-11 15:19:41.312 W/MountService(  374): getVolumeState(/storage/extSdCard): Unknown volume
07-11 15:19:41.312 W/MountService(  374): getVolumeState(/storage/sdcard1): Unknown volume
07-11 15:19:41.312 W/MountService(  374): getVolumeState(/mnt/sdcard/external_SD): Unknown volume
07-11 15:19:41.312 W/MountService(  374): getVolumeState(/mnt/sdcard/external_sd): Unknown volume
07-11 15:19:41.383 D/dalvikvm( 8807): GC_CONCURRENT freed 334K, 7% free 9565K/10176K, paused 3ms+4ms, total 25ms
07-11 15:19:41.383 D/dalvikvm( 8807): WAIT_FOR_CONCURRENT_GC blocked 6ms
07-11 15:19:41.383 D/dalvikvm( 8807): WAIT_FOR_CONCURRENT_GC blocked 14ms
07-11 15:19:41.539 W/MountService(  374): getVolumeState(/storage/emulated/0/external_sd): Unknown volume
07-11 15:19:41.539 W/MountService(  374): getVolumeState(/mnt/sdcard-ext): Unknown volume
07-11 15:19:41.539 W/MountService(  374): getVolumeState(/mnt/ext_sdcard): Unknown volume
07-11 15:19:41.539 W/MountService(  374): getVolumeState(/mnt/sdcard2): Unknown volume
07-11 15:19:41.539 W/MountService(  374): getVolumeState(/mnt/emmc): Unknown volume
07-11 15:19:41.539 W/MountService(  374): getVolumeState(/mnt/extSdCard): Unknown volume
07-11 15:19:41.539 W/MountService(  374): getVolumeState(/mnt/sdcard/SD_CARD): Unknown volume
07-11 15:19:41.539 W/MountService(  374): getVolumeState(/mnt/sdcard/extra_sd): Unknown volume
07-11 15:19:41.547 W/MountService(  374): getVolumeState(/mnt/extrasd_bind): Unknown volume
07-11 15:19:41.547 W/MountService(  374): getVolumeState(/mnt/sdcard/ext_sd): Unknown volume
07-11 15:19:41.554 W/MountService(  374): getVolumeState(/storage/extSdCard): Unknown volume
07-11 15:19:41.554 W/MountService(  374): getVolumeState(/storage/sdcard1): Unknown volume
07-11 15:19:41.554 W/MountService(  374): getVolumeState(/mnt/sdcard/external_SD): Unknown volume
07-11 15:19:41.554 W/MountService(  374): getVolumeState(/mnt/sdcard/external_sd): Unknown volume
07-11 15:19:41.578 D/dalvikvm( 8807): GC_CONCURRENT freed 612K, 8% free 9456K/10176K, paused 3ms+3ms, total 33ms
07-11 15:19:41.578 D/dalvikvm( 8807): WAIT_FOR_CONCURRENT_GC blocked 8ms
07-11 15:20:25.679 W/System.err( 6553): java.io.FileNotFoundException: /data/data/com.mgyapp.android/files/.cfpaps.i: open failed: ENOENT (No such file or directory)
07-11 15:20:25.679 W/System.err( 6553): 	at libcore.io.IoBridge.open(IoBridge.java:409)
07-11 15:20:25.679 W/System.err( 6553): 	at java.io.FileInputStream.<init>(FileInputStream.java:78)
07-11 15:20:25.679 W/System.err( 6553): 	at android.app.ContextImpl.openFileInput(ContextImpl.java:702)
07-11 15:20:25.679 W/System.err( 6553): 	at android.content.ContextWrapper.openFileInput(ContextWrapper.java:173)
07-11 15:20:25.679 W/System.err( 6553): 	at com.mgyun.shua.jc.service.f.run(Unknown Source)
07-11 15:20:25.679 W/System.err( 6553): 	at com.mgyun.shua.jc.service.CpWorkServer.onHandleIntent(Unknown Source)
07-11 15:20:25.679 W/System.err( 6553): 	at android.app.IntentService$ServiceHandler.handleMessage(IntentService.java:65)
07-11 15:20:25.679 W/System.err( 6553): 	at android.os.Handler.dispatchMessage(Handler.java:99)
07-11 15:20:25.679 W/System.err( 6553): 	at android.os.Looper.loop(Looper.java:137)
07-11 15:20:25.679 W/System.err( 6553): 	at android.os.HandlerThread.run(HandlerThread.java:61)
07-11 15:20:25.679 W/System.err( 6553): Caused by: libcore.io.ErrnoException: open failed: ENOENT (No such file or directory)
07-11 15:20:25.687 W/System.err( 6553): 	at libcore.io.Posix.open(Native Method)
07-11 15:20:25.687 W/System.err( 6553): 	at libcore.io.BlockGuardOs.open(BlockGuardOs.java:110)
07-11 15:20:25.687 W/System.err( 6553): 	at libcore.io.IoBridge.open(IoBridge.java:393)
07-11 15:20:25.687 W/System.err( 6553): 	... 9 more
07-11 15:20:32.172 D/dalvikvm(26136): GC_CONCURRENT freed 387K, 5% free 10039K/10484K, paused 5ms+2ms, total 48ms
07-11 15:20:35.679 W/System.err( 6553): java.io.FileNotFoundException: /data/data/com.mgyapp.android/files/.cfp.i: open failed: ENOENT (No such file or directory)
07-11 15:20:35.679 W/System.err( 6553): 	at libcore.io.IoBridge.open(IoBridge.java:409)
07-11 15:20:35.679 W/System.err( 6553): 	at java.io.FileInputStream.<init>(FileInputStream.java:78)
07-11 15:20:35.679 W/System.err( 6553): 	at android.app.ContextImpl.openFileInput(ContextImpl.java:702)
07-11 15:20:35.679 W/System.err( 6553): 	at android.content.ContextWrapper.openFileInput(ContextWrapper.java:173)
07-11 15:20:35.679 W/System.err( 6553): 	at com.mgyun.shua.jc.c.b(Unknown Source)
07-11 15:20:35.679 W/System.err( 6553): 	at com.mgyun.shua.jc.d.a(Unknown Source)
07-11 15:20:35.679 W/System.err( 6553): 	at com.mgyun.shua.jc.service.CpWorkServer.onHandleIntent(Unknown Source)
07-11 15:20:35.679 W/System.err( 6553): 	at android.app.IntentService$ServiceHandler.handleMessage(IntentService.java:65)
07-11 15:20:35.679 W/System.err( 6553): 	at android.os.Handler.dispatchMessage(Handler.java:99)
07-11 15:20:35.679 W/System.err( 6553): 	at android.os.Looper.loop(Looper.java:137)
07-11 15:20:35.687 W/System.err( 6553): 	at android.os.HandlerThread.run(HandlerThread.java:61)
07-11 15:20:35.687 W/System.err( 6553): Caused by: libcore.io.ErrnoException: open failed: ENOENT (No such file or directory)
07-11 15:20:35.687 W/System.err( 6553): 	at libcore.io.Posix.open(Native Method)
07-11 15:20:35.687 W/System.err( 6553): 	at libcore.io.BlockGuardOs.open(BlockGuardOs.java:110)
07-11 15:20:35.687 W/System.err( 6553): 	at libcore.io.IoBridge.open(IoBridge.java:393)
07-11 15:20:35.687 W/System.err( 6553): 	... 10 more
07-11 15:20:41.086 I/PowerManagerService(  374): Waking up from sleep...
07-11 15:20:41.234 I/WindowManager(  374): Lock screen displayed!
07-11 15:20:41.422 W/MountService(  374): getVolumeState(/storage/emulated/0/external_sd): Unknown volume
07-11 15:20:41.422 W/MountService(  374): getVolumeState(/mnt/sdcard-ext): Unknown volume
07-11 15:20:41.422 W/MountService(  374): getVolumeState(/mnt/ext_sdcard): Unknown volume
07-11 15:20:41.429 W/MountService(  374): getVolumeState(/mnt/sdcard2): Unknown volume
07-11 15:20:41.461 D/PowerManagerService-JNI(  374): Excessive delay in autosuspend_disable() while turning screen on: 355ms
07-11 15:20:41.484 W/MountService(  374): getVolumeState(/mnt/emmc): Unknown volume
07-11 15:20:41.484 W/MountService(  374): getVolumeState(/mnt/extSdCard): Unknown volume
07-11 15:20:41.484 W/MountService(  374): getVolumeState(/mnt/sdcard/SD_CARD): Unknown volume
07-11 15:20:41.492 W/MountService(  374): getVolumeState(/mnt/sdcard/extra_sd): Unknown volume
07-11 15:20:41.492 W/MountService(  374): getVolumeState(/mnt/extrasd_bind): Unknown volume
07-11 15:20:41.492 W/MountService(  374): getVolumeState(/mnt/sdcard/ext_sd): Unknown volume
07-11 15:20:41.492 W/MountService(  374): getVolumeState(/storage/extSdCard): Unknown volume
07-11 15:20:41.492 W/MountService(  374): getVolumeState(/storage/sdcard1): Unknown volume
07-11 15:20:41.492 W/MountService(  374): getVolumeState(/mnt/sdcard/external_SD): Unknown volume
07-11 15:20:41.500 W/MountService(  374): getVolumeState(/mnt/sdcard/external_sd): Unknown volume
07-11 15:20:41.515 D/PowerManagerService-JNI(  374): Excessive delay in setInteractive(true) while turning screen on: 53ms
07-11 15:20:41.523 D/SurfaceFlinger(  124): Screen acquired, type=0 flinger=0x400b4008
07-11 15:20:41.554 V/DigitalWidgetViewsFactory(11290): DigitalWidget sets next alarm string to null
07-11 15:20:41.726 D/dalvikvm( 8807): GC_CONCURRENT freed 458K, 8% free 9410K/10168K, paused 4ms+4ms, total 181ms
07-11 15:20:41.726 D/dalvikvm( 8807): WAIT_FOR_CONCURRENT_GC blocked 31ms
07-11 15:20:41.890 D/AndroidRuntime(14546): 
07-11 15:20:41.890 D/AndroidRuntime(14546): >>>>>> AndroidRuntime START com.android.internal.os.RuntimeInit <<<<<<
07-11 15:20:41.890 D/AndroidRuntime(14546): CheckJNI is OFF
07-11 15:20:41.922 D/dalvikvm(14546): Trying to load lib libjavacore.so 0x0
07-11 15:20:41.929 D/dalvikvm(14546): Added shared lib libjavacore.so 0x0
07-11 15:20:41.945 W/GlowPadView(  374): The number of target drawables must be equal to the number of direction descriptions.
07-11 15:20:41.953 D/dalvikvm(14546): Trying to load lib libnativehelper.so 0x0
07-11 15:20:41.953 D/dalvikvm(14546): Added shared lib libnativehelper.so 0x0
07-11 15:20:41.976 D/LightsService(  374): Excessive delay setting light: 113ms
07-11 15:20:41.976 I/ActivityManager(  374): Process com.google.android.calendar (pid 11398) has died.
07-11 15:20:42.281 D/AndroidRuntime(14546): Calling main entry com.qihoo360.powerctl.root.app.App
07-11 15:20:42.281 D/AndroidRuntime(14546): Shutting down VM
07-11 15:20:42.281 D/dalvikvm(14546): Debugger has detached; object registry had 1 entries
07-11 15:20:42.281 I/AndroidRuntime(14546): NOTE: attach of thread 'Binder_1' failed
07-11 15:20:42.304 D/PhoneStatusBar(  450): disable: < expand icons alerts ticker system_info BACK HOME recent* CLOCK search >
07-11 15:20:42.351 D/NfcService(  592): NFC-C ON
07-11 15:20:42.367 D/dalvikvm(  374): GC_EXPLICIT freed 1426K, 29% free 23330K/32852K, paused 5ms+23ms, total 355ms
07-11 15:20:42.437 W/InputMethodManagerService(  374): Window already focused, ignoring focus gain of: com.android.internal.view.IInputMethodClient$Stub$Proxy@42c3b4f8 attribute=android.view.inputmethod.EditorInfo@430fb9a0, token = android.os.BinderProxy@42c84988
07-11 15:20:42.437 D/PhoneStatusBar(  450): disable: < expand icons alerts ticker system_info back* home* recent clock* search >
07-11 15:20:42.515 D/dalvikvm(25474): GC_CONCURRENT freed 397K, 16% free 9537K/11232K, paused 2ms+3ms, total 136ms
07-11 15:20:42.804 V/TAG     (  374): bug 7643792: fitSystemWindows([0,50][0,0])
07-11 15:20:43.047 D/AndroidRuntime(14575): 
07-11 15:20:43.047 D/AndroidRuntime(14575): >>>>>> AndroidRuntime START com.android.internal.os.RuntimeInit <<<<<<
07-11 15:20:43.047 D/AndroidRuntime(14575): CheckJNI is OFF
07-11 15:20:43.062 D/dalvikvm(14575): Trying to load lib libjavacore.so 0x0
07-11 15:20:43.070 D/dalvikvm(14575): Added shared lib libjavacore.so 0x0
07-11 15:20:43.086 D/dalvikvm(14575): Trying to load lib libnativehelper.so 0x0
07-11 15:20:43.086 D/dalvikvm(14575): Added shared lib libnativehelper.so 0x0
07-11 15:20:43.234 D/dalvikvm( 8807): GC_CONCURRENT freed 490K, 8% free 9432K/10168K, paused 17ms+12ms, total 190ms
07-11 15:20:43.234 D/dalvikvm( 8807): WAIT_FOR_CONCURRENT_GC blocked 116ms
07-11 15:20:43.242 D/dalvikvm( 8807): WAIT_FOR_CONCURRENT_GC blocked 110ms
07-11 15:20:43.258 D/dalvikvm( 8807): WAIT_FOR_CONCURRENT_GC blocked 44ms
07-11 15:20:43.265 W/MountService(  374): getVolumeState(/storage/emulated/0/external_sd): Unknown volume
07-11 15:20:43.273 W/MountService(  374): getVolumeState(/mnt/sdcard-ext): Unknown volume
07-11 15:20:43.289 W/MountService(  374): getVolumeState(/mnt/ext_sdcard): Unknown volume
07-11 15:20:43.289 W/MountService(  374): getVolumeState(/mnt/sdcard2): Unknown volume
07-11 15:20:43.289 W/MountService(  374): getVolumeState(/mnt/emmc): Unknown volume
07-11 15:20:43.297 W/MountService(  374): getVolumeState(/mnt/extSdCard): Unknown volume
07-11 15:20:43.297 W/MountService(  374): getVolumeState(/mnt/sdcard/SD_CARD): Unknown volume
07-11 15:20:43.297 W/MountService(  374): getVolumeState(/mnt/sdcard/extra_sd): Unknown volume
07-11 15:20:43.304 W/MountService(  374): getVolumeState(/mnt/extrasd_bind): Unknown volume
07-11 15:20:43.304 W/MountService(  374): getVolumeState(/mnt/sdcard/ext_sd): Unknown volume
07-11 15:20:43.304 W/MountService(  374): getVolumeState(/storage/extSdCard): Unknown volume
07-11 15:20:43.312 W/MountService(  374): getVolumeState(/storage/sdcard1): Unknown volume
07-11 15:20:43.312 W/MountService(  374): getVolumeState(/mnt/sdcard/external_SD): Unknown volume
07-11 15:20:43.312 W/MountService(  374): getVolumeState(/mnt/sdcard/external_sd): Unknown volume
07-11 15:20:43.367 D/AndroidRuntime(14575): Calling main entry com.qihoo360.powerctl.root.app.App
07-11 15:20:43.375 D/AndroidRuntime(14575): Shutting down VM
07-11 15:20:43.375 D/dalvikvm(14575): Debugger has detached; object registry had 1 entries
07-11 15:20:43.398 D/dalvikvm(20727): GC_CONCURRENT freed 258K, 6% free 10288K/10920K, paused 9ms+133ms, total 359ms
07-11 15:20:43.398 I/ActivityManager(  374): Process com.google.android.partnersetup (pid 10946) has died.
07-11 15:20:43.437 I/RootJni (14595): su: permission denied
07-11 15:20:56.265 D/dalvikvm( 8807): GC_CONCURRENT freed 490K, 8% free 9390K/10168K, paused 7ms+4ms, total 46ms
07-11 15:20:56.265 D/dalvikvm( 8807): WAIT_FOR_CONCURRENT_GC blocked 6ms
07-11 15:21:06.367 D/LightsService(  374): Excessive delay setting light: 66ms
07-11 15:21:11.437 D/dalvikvm(20727): GC_CONCURRENT freed 538K, 8% free 10135K/10920K, paused 3ms+2ms, total 31ms
07-11 15:21:12.148 I/PowerManagerService(  374): Going to sleep due to screen timeout...
07-11 15:21:12.929 D/SurfaceFlinger(  124): Screen released, type=0 flinger=0x400b4008
07-11 15:21:13.031 D/NfcService(  592): NFC-C OFF, disconnect
07-11 15:21:13.086 D/MDM :   ( 3259): [null:-1]->query
07-11 15:21:13.094 D/MDM :   ( 3259): [null:-1]->QUERY_SETTING_PIN_ONOFF
07-11 15:21:18.117 V/KeyguardHostView(  374): hide transport, gen:107
07-11 15:21:18.117 V/KeyguardHostView(  374): music state changed: 0
07-11 15:21:18.148 D/PhoneStatusBar(  450): disable: < expand icons alerts ticker system_info back home RECENT* clock search >
07-11 15:21:18.187 V/TAG     (  374): bug 7643792: fitSystemWindows([0,50][0,0])
07-11 15:21:18.281 D/dalvikvm( 1165): GC_CONCURRENT freed 397K, 7% free 9271K/9932K, paused 3ms+2ms, total 32ms
07-11 15:21:18.328 D/PhoneStatusBar(  450): disable: < expand icons alerts ticker system_info BACK* HOME* RECENT CLOCK* search >
07-11 15:21:27.203 D/MdmService( 3259): [null:-1]->receiver action :com.pekall.mdm.action.MDM_ALARM
07-11 15:21:36.398 I/PowerManagerService(  374): Waking up from sleep...
07-11 15:21:36.523 D/dalvikvm(  450): GC_CONCURRENT freed 1203K, 16% free 15175K/17908K, paused 5ms+11ms, total 67ms
07-11 15:21:36.539 I/WindowManager(  374): Lock screen displayed!
07-11 15:21:36.804 D/PowerManagerService-JNI(  374): Excessive delay in autosuspend_disable() while turning screen on: 385ms
07-11 15:21:36.820 D/dalvikvm(  833): GC_CONCURRENT freed 1348K, 18% free 12843K/15584K, paused 7ms+64ms, total 177ms
07-11 15:21:36.820 D/dalvikvm(  833): WAIT_FOR_CONCURRENT_GC blocked 162ms
07-11 15:21:36.820 D/dalvikvm(  833): WAIT_FOR_CONCURRENT_GC blocked 154ms
07-11 15:21:36.844 D/SurfaceFlinger(  124): Screen acquired, type=0 flinger=0x400b4008
07-11 15:21:36.914 V/DigitalWidgetViewsFactory(11290): DigitalWidget sets next alarm string to null
07-11 15:21:37.008 D/SurfaceControl(  374): Excessive delay in unblankDisplay() while turning screen on: 206ms
07-11 15:21:37.117 D/AndroidRuntime(14710): 
07-11 15:21:37.117 D/AndroidRuntime(14710): >>>>>> AndroidRuntime START com.android.internal.os.RuntimeInit <<<<<<
07-11 15:21:37.117 D/AndroidRuntime(14710): CheckJNI is OFF
07-11 15:21:37.133 D/dalvikvm(14710): Trying to load lib libjavacore.so 0x0
07-11 15:21:37.133 D/dalvikvm(14710): Added shared lib libjavacore.so 0x0
07-11 15:21:37.148 D/dalvikvm(14710): Trying to load lib libnativehelper.so 0x0
07-11 15:21:37.148 D/dalvikvm(14710): Added shared lib libnativehelper.so 0x0
07-11 15:21:37.164 D/LightsService(  374): Excessive delay setting light: 131ms
07-11 15:21:37.320 D/AndroidRuntime(14710): Calling main entry com.qihoo360.powerctl.root.app.App
07-11 15:21:37.320 D/AndroidRuntime(14710): Shutting down VM
07-11 15:21:37.320 D/dalvikvm(14710): Debugger has detached; object registry had 1 entries
07-11 15:21:37.320 I/AndroidRuntime(14710): NOTE: attach of thread 'Binder_1' failed
07-11 15:21:37.656 D/PhoneStatusBar(  450): disable: < expand icons alerts ticker system_info BACK HOME recent* CLOCK search >
07-11 15:21:37.679 D/NfcService(  592): NFC-C ON
07-11 15:21:37.750 W/InputMethodManagerService(  374): Window already focused, ignoring focus gain of: com.android.internal.view.IInputMethodClient$Stub$Proxy@426363f0 attribute=android.view.inputmethod.EditorInfo@43479f58, token = android.os.BinderProxy@42c84988
07-11 15:21:37.750 D/PhoneStatusBar(  450): disable: < expand icons alerts ticker system_info back* home* recent clock* search >
07-11 15:21:38.172 V/TAG     (  374): bug 7643792: fitSystemWindows([0,50][0,0])
07-11 15:21:38.281 D/AndroidRuntime(14730): 
07-11 15:21:38.281 D/AndroidRuntime(14730): >>>>>> AndroidRuntime START com.android.internal.os.RuntimeInit <<<<<<
07-11 15:21:38.281 D/AndroidRuntime(14730): CheckJNI is OFF
07-11 15:21:38.304 D/dalvikvm(14730): Trying to load lib libjavacore.so 0x0
07-11 15:21:38.312 D/dalvikvm(14730): Added shared lib libjavacore.so 0x0
07-11 15:21:38.328 D/dalvikvm(14730): Trying to load lib libnativehelper.so 0x0
07-11 15:21:38.328 D/dalvikvm(14730): Added shared lib libnativehelper.so 0x0
07-11 15:21:38.578 D/AndroidRuntime(14730): Calling main entry com.qihoo360.powerctl.root.app.App
07-11 15:21:38.578 D/AndroidRuntime(14730): Shutting down VM
07-11 15:21:38.578 D/jdwp    (14730): Got wake-up signal, bailing out of select
07-11 15:21:38.578 D/dalvikvm(14730): Debugger has detached; object registry had 1 entries
07-11 15:21:41.469 W/MountService(  374): getVolumeState(/storage/emulated/0/external_sd): Unknown volume
07-11 15:21:41.469 W/MountService(  374): getVolumeState(/mnt/sdcard-ext): Unknown volume
07-11 15:21:41.476 W/MountService(  374): getVolumeState(/mnt/ext_sdcard): Unknown volume
07-11 15:21:41.476 W/MountService(  374): getVolumeState(/mnt/sdcard2): Unknown volume
07-11 15:21:41.476 W/MountService(  374): getVolumeState(/mnt/emmc): Unknown volume
07-11 15:21:41.476 W/MountService(  374): getVolumeState(/mnt/extSdCard): Unknown volume
07-11 15:21:41.476 W/MountService(  374): getVolumeState(/mnt/sdcard/SD_CARD): Unknown volume
07-11 15:21:41.476 W/MountService(  374): getVolumeState(/mnt/sdcard/extra_sd): Unknown volume
07-11 15:21:41.476 W/MountService(  374): getVolumeState(/mnt/extrasd_bind): Unknown volume
07-11 15:21:41.476 W/MountService(  374): getVolumeState(/mnt/sdcard/ext_sd): Unknown volume
07-11 15:21:41.476 W/MountService(  374): getVolumeState(/storage/extSdCard): Unknown volume
07-11 15:21:41.476 W/MountService(  374): getVolumeState(/storage/sdcard1): Unknown volume
07-11 15:21:41.484 W/MountService(  374): getVolumeState(/mnt/sdcard/external_SD): Unknown volume
07-11 15:21:41.484 W/MountService(  374): getVolumeState(/mnt/sdcard/external_sd): Unknown volume
07-11 15:21:41.562 D/dalvikvm( 8807): GC_CONCURRENT freed 351K, 6% free 9550K/10108K, paused 4ms+3ms, total 28ms
07-11 15:21:41.562 D/dalvikvm( 8807): WAIT_FOR_CONCURRENT_GC blocked 16ms
07-11 15:21:41.562 D/dalvikvm( 8807): WAIT_FOR_CONCURRENT_GC blocked 11ms
07-11 15:21:41.719 W/MountService(  374): getVolumeState(/storage/emulated/0/external_sd): Unknown volume
07-11 15:21:41.719 W/MountService(  374): getVolumeState(/mnt/sdcard-ext): Unknown volume
07-11 15:21:41.719 W/MountService(  374): getVolumeState(/mnt/ext_sdcard): Unknown volume
07-11 15:21:41.726 W/MountService(  374): getVolumeState(/mnt/sdcard2): Unknown volume
07-11 15:21:41.726 W/MountService(  374): getVolumeState(/mnt/emmc): Unknown volume
07-11 15:21:41.726 W/MountService(  374): getVolumeState(/mnt/extSdCard): Unknown volume
07-11 15:21:41.726 W/MountService(  374): getVolumeState(/mnt/sdcard/SD_CARD): Unknown volume
07-11 15:21:41.726 W/MountService(  374): getVolumeState(/mnt/sdcard/extra_sd): Unknown volume
07-11 15:21:41.726 W/MountService(  374): getVolumeState(/mnt/extrasd_bind): Unknown volume
07-11 15:21:41.726 W/MountService(  374): getVolumeState(/mnt/sdcard/ext_sd): Unknown volume
07-11 15:21:41.726 W/MountService(  374): getVolumeState(/storage/extSdCard): Unknown volume
07-11 15:21:41.726 W/MountService(  374): getVolumeState(/storage/sdcard1): Unknown volume
07-11 15:21:41.726 W/MountService(  374): getVolumeState(/mnt/sdcard/external_SD): Unknown volume
07-11 15:21:41.734 W/MountService(  374): getVolumeState(/mnt/sdcard/external_sd): Unknown volume
07-11 15:21:41.765 D/dalvikvm( 8807): GC_CONCURRENT freed 585K, 7% free 9463K/10148K, paused 4ms+3ms, total 33ms
07-11 15:22:01.765 D/LightsService(  374): Excessive delay setting light: 68ms
07-11 15:22:01.812 D/dalvikvm(20727): GC_CONCURRENT freed 382K, 8% free 10141K/10920K, paused 7ms+3ms, total 47ms
07-11 15:22:04.476 D/dalvikvm(  374): GC_CONCURRENT freed 2621K, 26% free 24319K/32852K, paused 8ms+16ms, total 148ms
07-11 15:22:04.476 D/dalvikvm(  374): WAIT_FOR_CONCURRENT_GC blocked 64ms
07-11 15:22:07.625 I/PowerManagerService(  374): Going to sleep due to screen timeout...
07-11 15:22:08.414 D/SurfaceFlinger(  124): Screen released, type=0 flinger=0x400b4008
07-11 15:22:08.476 D/NfcService(  592): NFC-C OFF, disconnect
07-11 15:22:08.531 D/MDM :   ( 3259): [null:-1]->query
07-11 15:22:08.531 D/MDM :   ( 3259): [null:-1]->QUERY_SETTING_PIN_ONOFF
07-11 15:22:08.594 D/dalvikvm(25429): GC_CONCURRENT freed 422K, 6% free 9725K/10268K, paused 1ms+2ms, total 25ms
07-11 15:22:13.429 W/ProcessStats(  374): Skipping unknown process pid 14819
07-11 15:22:13.554 V/KeyguardHostView(  374): hide transport, gen:107
07-11 15:22:13.554 V/KeyguardHostView(  374): music state changed: 0
07-11 15:22:13.578 D/PhoneStatusBar(  450): disable: < expand icons alerts ticker system_info back home RECENT* clock search >
07-11 15:22:13.609 V/TAG     (  374): bug 7643792: fitSystemWindows([0,50][0,0])
07-11 15:22:13.726 D/PhoneStatusBar(  450): disable: < expand icons alerts ticker system_info BACK* HOME* RECENT CLOCK* search >
07-11 15:22:13.945 I/PowerManagerService(  374): Waking up from sleep...
07-11 15:22:14.101 I/WindowManager(  374): Lock screen displayed!
07-11 15:22:14.312 D/PowerManagerService-JNI(  374): Excessive delay in autosuspend_disable() while turning screen on: 354ms
07-11 15:22:14.312 D/dalvikvm(  833): GC_CONCURRENT freed 1240K, 18% free 12846K/15584K, paused 11ms+5ms, total 108ms
07-11 15:22:14.328 D/SurfaceFlinger(  124): Screen acquired, type=0 flinger=0x400b4008
07-11 15:22:14.336 V/DigitalWidgetViewsFactory(11290): DigitalWidget sets next alarm string to null
07-11 15:22:14.469 D/LightsService(  374): Excessive delay setting light: 122ms
07-11 15:22:14.750 D/AndroidRuntime(14835): 
07-11 15:22:14.750 D/AndroidRuntime(14835): >>>>>> AndroidRuntime START com.android.internal.os.RuntimeInit <<<<<<
07-11 15:22:14.750 D/AndroidRuntime(14835): CheckJNI is OFF
07-11 15:22:14.765 D/dalvikvm(14835): Trying to load lib libjavacore.so 0x0
07-11 15:22:14.773 D/dalvikvm(14835): Added shared lib libjavacore.so 0x0
07-11 15:22:14.789 D/dalvikvm(14835): Trying to load lib libnativehelper.so 0x0
07-11 15:22:14.789 D/dalvikvm(14835): Added shared lib libnativehelper.so 0x0
07-11 15:22:14.992 D/AndroidRuntime(14835): Calling main entry com.qihoo360.powerctl.root.app.App
07-11 15:22:14.992 D/AndroidRuntime(14835): Shutting down VM
07-11 15:22:14.992 D/jdwp    (14835): Got wake-up signal, bailing out of select
07-11 15:22:14.992 D/dalvikvm(14835): Debugger has detached; object registry had 1 entries
07-11 15:22:14.992 I/AndroidRuntime(14835): NOTE: attach of thread 'Binder_1' failed
07-11 15:22:15.172 D/PhoneStatusBar(  450): disable: < expand icons alerts ticker system_info BACK HOME recent* CLOCK search >
07-11 15:22:15.195 D/NfcService(  592): NFC-C ON
07-11 15:22:15.258 D/PhoneStatusBar(  450): disable: < expand icons alerts ticker system_info back* home* recent clock* search >
07-11 15:22:15.273 W/InputMethodManagerService(  374): Window already focused, ignoring focus gain of: com.android.internal.view.IInputMethodClient$Stub$Proxy@431377b0 attribute=android.view.inputmethod.EditorInfo@43259bc8, token = android.os.BinderProxy@42c84988
07-11 15:22:15.625 D/dalvikvm(20727): GC_CONCURRENT freed 296K, 7% free 10264K/10920K, paused 10ms+10ms, total 114ms
07-11 15:22:15.703 V/TAG     (  374): bug 7643792: fitSystemWindows([0,50][0,0])
07-11 15:22:15.742 I/RootJni (14854): su: permission denied
07-11 15:22:15.758 D/AndroidRuntime(14853): 
07-11 15:22:15.758 D/AndroidRuntime(14853): >>>>>> AndroidRuntime START com.android.internal.os.RuntimeInit <<<<<<
07-11 15:22:15.758 D/AndroidRuntime(14853): CheckJNI is OFF
07-11 15:22:15.773 D/dalvikvm(14853): Trying to load lib libjavacore.so 0x0
07-11 15:22:15.781 D/dalvikvm(14853): Added shared lib libjavacore.so 0x0
07-11 15:22:15.797 D/dalvikvm(14853): Trying to load lib libnativehelper.so 0x0
07-11 15:22:15.797 D/dalvikvm(14853): Added shared lib libnativehelper.so 0x0
07-11 15:22:16.039 D/AndroidRuntime(14853): Calling main entry com.qihoo360.powerctl.root.app.App
07-11 15:22:16.047 D/AndroidRuntime(14853): Shutting down VM
07-11 15:22:16.047 D/jdwp    (14853): Got wake-up signal, bailing out of select
07-11 15:22:16.047 D/dalvikvm(14853): Debugger has detached; object registry had 1 entries
07-11 15:22:16.750 D/dalvikvm(25474): GC_CONCURRENT freed 385K, 16% free 9539K/11232K, paused 3ms+2ms, total 27ms
07-11 15:22:17.609 I/ActivityManager(  374): START u0 {act=android.intent.action.VIEW cmp=com.android.packageinstaller/.UninstallAppProgress (has extras)} from pid 12402
07-11 15:22:17.672 I/ActivityManager(  374): Force stopping package by.game.binumbers appid=10083 user=-1
07-11 15:22:17.679 W/PackageManager(  374): Couldn't delete native library directory /data/app-lib/by.game.binumbers
07-11 15:22:17.836 I/ActivityManager(  374): Displayed com.android.packageinstaller/.UninstallAppProgress: +215ms
07-11 15:22:17.976 I/ActivityManager(  374): Force stopping package by.game.binumbers appid=10083 user=0
07-11 15:22:18.109 D/dalvikvm(12402): GC_EXPLICIT freed 1090K, 8% free 13232K/14360K, paused 2ms+13ms, total 126ms
07-11 15:22:18.140 D/dalvikvm(12827): GC_EXPLICIT freed 409K, 5% free 9299K/9744K, paused 13ms+25ms, total 136ms
07-11 15:22:18.203 D/dalvikvm(  605): GC_EXPLICIT freed 519K, 37% free 14934K/23696K, paused 3ms+30ms, total 210ms
07-11 15:22:18.273 I/Launcher(  605): Deferring update until onResume
07-11 15:22:18.289 W/MountService(  374): getVolumeState(/storage/emulated/0/external_sd): Unknown volume
07-11 15:22:18.289 W/MountService(  374): getVolumeState(/mnt/sdcard-ext): Unknown volume
07-11 15:22:18.289 W/MountService(  374): getVolumeState(/mnt/ext_sdcard): Unknown volume
07-11 15:22:18.289 W/MountService(  374): getVolumeState(/mnt/sdcard2): Unknown volume
07-11 15:22:18.304 W/MountService(  374): getVolumeState(/mnt/emmc): Unknown volume
07-11 15:22:18.312 W/MountService(  374): getVolumeState(/mnt/extSdCard): Unknown volume
07-11 15:22:18.320 W/MountService(  374): getVolumeState(/mnt/sdcard/SD_CARD): Unknown volume
07-11 15:22:18.320 W/MountService(  374): getVolumeState(/mnt/sdcard/extra_sd): Unknown volume
07-11 15:22:18.320 W/MountService(  374): getVolumeState(/mnt/extrasd_bind): Unknown volume
07-11 15:22:18.320 W/MountService(  374): getVolumeState(/mnt/sdcard/ext_sd): Unknown volume
07-11 15:22:18.375 D/dalvikvm( 1789): GC_EXPLICIT freed 214K, 7% free 10074K/10776K, paused 3ms+85ms, total 309ms
07-11 15:22:18.453 I/InputReader(  374): Reconfiguring input devices.  changes=0x00000010
07-11 15:22:18.469 W/BackupManagerService(  374): dataChanged but no participant pkg='com.android.providers.settings' uid=10079
07-11 15:22:18.640 D/dalvikvm( 8807): GC_FOR_ALLOC freed 400K, 8% free 9417K/10144K, paused 309ms, total 313ms
07-11 15:22:18.640 W/MountService(  374): getVolumeState(/storage/extSdCard): Unknown volume
07-11 15:22:18.640 W/MountService(  374): getVolumeState(/storage/sdcard1): Unknown volume
07-11 15:22:18.640 W/MountService(  374): getVolumeState(/mnt/sdcard/external_SD): Unknown volume
07-11 15:22:18.640 W/MountService(  374): getVolumeState(/mnt/sdcard/external_sd): Unknown volume
07-11 15:22:18.648 W/BackupManagerService(  374): dataChanged but no participant pkg='com.android.providers.settings' uid=10079
07-11 15:22:18.672 D/VoicemailCleanupService(12827): Cleaning up data for package: by.game.binumbers
07-11 15:22:18.687 I/ActivityManager(  374): Start proc com.google.android.gallery3d for broadcast com.google.android.gallery3d/com.android.gallery3d.app.PackagesMonitor: pid=14884 uid=10019 gids={50019, 1006, 3003, 1015, 1028}
07-11 15:22:18.773 I/Launcher(  605): Deferring update until onResume
07-11 15:22:18.844 D/dalvikvm( 3259): GC_EXPLICIT freed 7991K, 30% free 18116K/25600K, paused 4ms+340ms, total 819ms
07-11 15:22:18.922 D/dalvikvm( 8807): GC_FOR_ALLOC freed 235K, 7% free 9475K/10144K, paused 68ms, total 69ms
07-11 15:22:18.922 I/dalvikvm-heap( 8807): Grow heap (frag case) to 9.418MB for 76082-byte allocation
07-11 15:22:18.929 D/dalvikvm(  374): GC_EXPLICIT freed 4720K, 29% free 23457K/32600K, paused 15ms+20ms, total 308ms
07-11 15:22:18.929 D/dalvikvm(  374): WAIT_FOR_CONCURRENT_GC blocked 207ms
07-11 15:22:18.929 D/dalvikvm(  374): WAIT_FOR_CONCURRENT_GC blocked 206ms
07-11 15:22:18.937 D/dalvikvm(  374): WAIT_FOR_CONCURRENT_GC blocked 206ms
07-11 15:22:18.937 D/dalvikvm(  374): WAIT_FOR_CONCURRENT_GC blocked 208ms
07-11 15:22:18.937 D/dalvikvm(  374): WAIT_FOR_CONCURRENT_GC blocked 99ms
07-11 15:22:18.937 D/dalvikvm(  374): WAIT_FOR_CONCURRENT_GC blocked 207ms
07-11 15:22:18.937 D/dalvikvm(  374): WAIT_FOR_CONCURRENT_GC blocked 125ms
07-11 15:22:18.976 D/dalvikvm(  374): WAIT_FOR_CONCURRENT_GC blocked 144ms
07-11 15:22:19.000 D/dalvikvm(13209): GC_FOR_ALLOC freed 501K, 6% free 9191K/9728K, paused 112ms, total 115ms
07-11 15:22:19.086 D/dalvikvm( 8807): GC_FOR_ALLOC freed 36K, 7% free 9513K/10220K, paused 163ms, total 163ms
07-11 15:22:19.140 D/BackupManagerService(  374): Received broadcast Intent { act=android.intent.action.PACKAGE_REMOVED dat=package:by.game.binumbers flg=0x8000010 (has extras) }
07-11 15:22:19.148 V/BackupManagerService(  374): removePackageParticipantsLocked: uid=10083 #1
07-11 15:22:19.344 D/dalvikvm(14884): GC_CONCURRENT freed 336K, 4% free 9066K/9440K, paused 9ms+3ms, total 88ms
07-11 15:22:19.351 E/AppsCustomizePagedView(  605): Widget ComponentInfo{com.moji.mjweather/com.moji.mjweather.CMojiWidget5x1} can not fit on this device (642, 80)
07-11 15:22:19.359 E/AppsCustomizePagedView(  605): Widget ComponentInfo{com.moji.mjweather/com.moji.mjweather.CMojiWidget5x2} can not fit on this device (642, 220)
07-11 15:22:19.367 E/AppsCustomizePagedView(  605): Widget ComponentInfo{com.pekall.emdm/com.pekall.emdm.messagecenter.view.PushMessageWidget} has invalid dimensions (480, 0)
07-11 15:22:19.500 I/ActivityManager(  374): Start proc com.android.keychain for broadcast com.android.keychain/.KeyChainBroadcastReceiver: pid=14906 uid=1000 gids={41000, 1015, 1028, 3002, 3001, 3003, 3007}
07-11 15:22:19.570 W/ContextImpl(14906): Calling a method in the system process without a qualified user: android.app.ContextImpl.startService:1385 android.content.ContextWrapper.startService:473 android.content.ContextWrapper.startService:473 com.android.keychain.KeyChainBroadcastReceiver.onReceive:12 android.app.ActivityThread.handleReceiver:2424 
07-11 15:22:19.617 D/dalvikvm( 8807): GC_CONCURRENT freed 319K, 6% free 9705K/10220K, paused 48ms+58ms, total 274ms
07-11 15:22:19.617 D/dalvikvm( 8807): WAIT_FOR_CONCURRENT_GC blocked 74ms
07-11 15:22:19.617 D/dalvikvm( 8807): WAIT_FOR_CONCURRENT_GC blocked 25ms
07-11 15:22:19.625 D/dalvikvm( 8807): WAIT_FOR_CONCURRENT_GC blocked 26ms
07-11 15:22:20.008 I/ActivityManager(  374): Start proc com.google.android.apps.plus for broadcast com.google.android.apps.plus/.service.PackagesMediaMonitor: pid=14924 uid=10048 gids={50048, 3003, 3002, 1015, 1006, 1028}
07-11 15:22:20.070 W/MountService(  374): getVolumeState(/storage/emulated/0/external_sd): Unknown volume
07-11 15:22:20.070 W/MountService(  374): getVolumeState(/mnt/sdcard-ext): Unknown volume
07-11 15:22:20.070 W/MountService(  374): getVolumeState(/mnt/ext_sdcard): Unknown volume
07-11 15:22:20.078 W/MountService(  374): getVolumeState(/mnt/sdcard2): Unknown volume
07-11 15:22:20.078 W/MountService(  374): getVolumeState(/mnt/emmc): Unknown volume
07-11 15:22:20.086 W/MountService(  374): getVolumeState(/mnt/extSdCard): Unknown volume
07-11 15:22:20.086 W/MountService(  374): getVolumeState(/mnt/sdcard/SD_CARD): Unknown volume
07-11 15:22:20.086 W/MountService(  374): getVolumeState(/mnt/sdcard/extra_sd): Unknown volume
07-11 15:22:20.101 W/MountService(  374): getVolumeState(/mnt/extrasd_bind): Unknown volume
07-11 15:22:20.101 W/MountService(  374): getVolumeState(/mnt/sdcard/ext_sd): Unknown volume
07-11 15:22:20.101 W/MountService(  374): getVolumeState(/storage/extSdCard): Unknown volume
07-11 15:22:20.101 W/MountService(  374): getVolumeState(/storage/sdcard1): Unknown volume
07-11 15:22:20.101 W/MountService(  374): getVolumeState(/mnt/sdcard/external_SD): Unknown volume
07-11 15:22:20.101 W/MountService(  374): getVolumeState(/mnt/sdcard/external_sd): Unknown volume
07-11 15:22:20.156 D/dalvikvm( 8807): GC_CONCURRENT freed 750K, 9% free 9453K/10308K, paused 11ms+6ms, total 51ms
07-11 15:22:20.156 D/dalvikvm( 8807): WAIT_FOR_CONCURRENT_GC blocked 24ms
07-11 15:22:20.515 D/dalvikvm(14924): GC_CONCURRENT freed 336K, 4% free 9051K/9424K, paused 5ms+7ms, total 42ms
07-11 15:22:20.633 D/dalvikvm(14924): GC_CONCURRENT freed 114K, 2% free 9407K/9560K, paused 10ms+6ms, total 37ms
07-11 15:22:20.742 D/dalvikvm(14924): GC_CONCURRENT freed 143K, 2% free 9750K/9936K, paused 2ms+7ms, total 30ms
07-11 15:22:20.844 D/dalvikvm(14924): GC_CONCURRENT freed 144K, 2% free 10096K/10296K, paused 3ms+3ms, total 30ms
07-11 15:22:20.945 D/dalvikvm(14924): GC_CONCURRENT freed 138K, 2% free 10439K/10644K, paused 3ms+3ms, total 32ms
07-11 15:22:20.945 D/dalvikvm(14924): WAIT_FOR_CONCURRENT_GC blocked 8ms
07-11 15:22:21.031 D/dalvikvm(14924): GC_CONCURRENT freed 302K, 4% free 10548K/10936K, paused 2ms+2ms, total 32ms
07-11 15:22:21.031 D/dalvikvm(14924): WAIT_FOR_CONCURRENT_GC blocked 29ms
07-11 15:22:21.062 D/dalvikvm(14924): GC_FOR_ALLOC freed 92K, 3% free 10644K/10936K, paused 30ms, total 30ms
07-11 15:22:21.101 D/dalvikvm(14924): GC_FOR_ALLOC freed 126K, 4% free 10772K/11192K, paused 28ms, total 28ms
07-11 15:22:21.101 I/dalvikvm-heap(14924): Grow heap (frag case) to 10.783MB for 242378-byte allocation
07-11 15:22:21.133 D/dalvikvm(14924): GC_FOR_ALLOC freed 0K, 4% free 11009K/11432K, paused 31ms, total 31ms
07-11 15:22:21.172 D/dalvikvm(14924): GC_FOR_ALLOC freed 373K, 6% free 10883K/11560K, paused 29ms, total 29ms
