07-11 15:23:42.195 W/MountService(  374): getVolumeState(/mnt/sdcard/ext_sd): Unknown volume
07-11 15:23:42.195 W/MountService(  374): getVolumeState(/storage/extSdCard): Unknown volume
07-11 15:23:42.195 W/MountService(  374): getVolumeState(/storage/sdcard1): Unknown volume
07-11 15:23:42.195 W/MountService(  374): getVolumeState(/mnt/sdcard/external_SD): Unknown volume
07-11 15:23:42.203 W/MountService(  374): getVolumeState(/mnt/sdcard/external_sd): Unknown volume
07-11 15:23:42.250 D/dalvikvm(15337): GC_FOR_ALLOC freed 354K, 6% free 9308K/9848K, paused 20ms, total 20ms
07-11 15:23:43.594 W/ProcessStats(  374): Skipping unknown process pid 15666
07-11 15:23:44.539 I/ActivityManager(  374): START u0 {act=android.intent.action.MAIN cat=[android.intent.category.LAUNCHER] flg=0x10200000 cmp=com.pekall.emdm/.ui.SplashActivity} from pid 605
07-11 15:23:44.594 D/MdmApplication( 3259): [null:-1]->onActivityStarted ui.MainActivity , mActivityCount = 1
07-11 15:23:44.601 D/MDM :   ( 3259): [null:-1]->query
07-11 15:23:44.601 D/MDM :   ( 3259): [null:-1]->QUERY_PINCODE_CHECK_RESULT
07-11 15:23:44.929 D/dalvikvm(20727): GC_FOR_ALLOC freed 552K, 9% free 9988K/10920K, paused 48ms, total 48ms
07-11 15:23:44.992 D/dalvikvm(20727): GC_FOR_ALLOC freed 2K, 8% free 10106K/10920K, paused 37ms, total 37ms
07-11 15:23:45.000 I/dalvikvm-heap(20727): Grow heap (frag case) to 10.169MB for 217504-byte allocation
07-11 15:23:45.023 D/dalvikvm(20727): GC_FOR_ALLOC freed 0K, 8% free 10318K/11136K, paused 28ms, total 28ms
07-11 15:23:45.250 D/AlertService(15636): Beginning updateAlertNotification
07-11 15:23:45.265 D/AlertService(15636): No fired or scheduled alerts
07-11 15:23:45.297 D/AlertService(15636): Scheduling next alarm with AlarmScheduler. sEventReminderReceived: null
07-11 15:23:45.312 D/AlarmScheduler(15636): No events found starting within 1 week.
07-11 15:23:45.320 I/ActivityManager(  374): No longer want com.android.musicfx (pid 8718): empty #17
07-11 15:23:47.625 I/ActivityManager(  374): START u0 {cmp=com.pekall.emdm/.market.activity.AppListActivity} from pid 3259
07-11 15:23:47.804 D/dalvikvm(  374): GC_FOR_ALLOC freed 2411K, 29% free 23430K/32600K, paused 107ms, total 110ms
07-11 15:23:47.906 D/dalvikvm(  374): GC_FOR_ALLOC freed 795K, 30% free 23006K/32600K, paused 94ms, total 94ms
07-11 15:23:47.914 D/MdmApplication( 3259): [null:-1]->onActivityPaused ui.MainActivity , mActivityCount = 2
07-11 15:23:47.914 D/MDM :   ( 3259): [null:-1]->query
07-11 15:23:47.914 D/MDM :   ( 3259): [null:-1]->QUERY_PINCODE_CHECK_RESULT
07-11 15:23:47.914 E/Mdm     ( 3259): Call Mdm service's setLastExitTime function
07-11 15:23:48.000 D/MdmApplication( 3259): [null:-1]->onActivityStarted market.activity.AppListActivity , mActivityCount = 1
07-11 15:23:48.000 D/MDM :   ( 3259): [null:-1]->query
07-11 15:23:48.000 D/MDM :   ( 3259): [null:-1]->QUERY_PINCODE_CHECK_RESULT
07-11 15:23:48.023 D/DB      ( 3259): query: SQLiteQuery: SELECT * FROM app WHERE type = 51107
07-11 15:23:48.023 D/DB      ( 3259): factory null
07-11 15:23:48.023 D/DB      ( 3259): fillWindow: 0
07-11 15:23:48.023 D/DB      ( 3259): cursor 1
07-11 15:23:48.031 D/mdm_log ( 3259): [null:-1]->has installed com.moji.mjweather
07-11 15:23:48.047 D/DB      ( 3259): query: SQLiteQuery: SELECT * FROM app WHERE type = 51106
07-11 15:23:48.047 D/DB      ( 3259): factory null
07-11 15:23:48.047 D/DB      ( 3259): fillWindow: 0
07-11 15:23:48.047 D/DB      ( 3259): cursor 0
07-11 15:23:48.219 D/DB      ( 3259): moveToPos: 0
07-11 15:23:48.219 D/DB      ( 3259): onMove: 0
07-11 15:23:48.226 D/DB      ( 3259): moveToPos: 1
07-11 15:23:48.320 I/ActivityManager(  374): Displayed com.pekall.emdm/.market.activity.AppListActivity: +387ms (total +1m1s94ms)
07-11 15:24:11.656 D/LightsService(  374): Excessive delay setting light: 67ms
07-11 15:24:17.515 I/PowerManagerService(  374): Going to sleep due to screen timeout...
07-11 15:24:18.336 D/SurfaceFlinger(  124): Screen released, type=0 flinger=0x400b4008
07-11 15:24:18.437 D/dalvikvm(  374): GC_FOR_ALLOC freed 706K, 29% free 23383K/32600K, paused 97ms, total 98ms
07-11 15:24:18.531 D/dalvikvm(  374): GC_FOR_ALLOC freed 756K, 30% free 22998K/32600K, paused 91ms, total 91ms
07-11 15:24:18.539 D/MdmApplication( 3259): [null:-1]->onActivityPaused market.activity.AppListActivity , mActivityCount = 2
07-11 15:24:18.539 D/MDM :   ( 3259): [null:-1]->query
07-11 15:24:18.539 D/MDM :   ( 3259): [null:-1]->QUERY_PINCODE_CHECK_RESULT
07-11 15:24:18.539 E/Mdm     ( 3259): Call Mdm service's setLastExitTime function
07-11 15:24:18.601 D/dalvikvm(20727): GC_CONCURRENT freed 506K, 9% free 10199K/11136K, paused 3ms+3ms, total 59ms
07-11 15:24:18.617 D/NfcService(  592): NFC-C OFF, disconnect
07-11 15:24:18.687 D/MDM :   ( 3259): [null:-1]->query
07-11 15:24:18.695 D/MDM :   ( 3259): [null:-1]->QUERY_SETTING_PIN_ONOFF
07-11 15:24:23.406 V/KeyguardHostView(  374): hide transport, gen:107
07-11 15:24:23.406 V/KeyguardHostView(  374): music state changed: 0
07-11 15:24:23.437 D/PhoneStatusBar(  450): disable: < expand icons alerts ticker system_info back home RECENT* clock search >
07-11 15:24:23.461 V/TAG     (  374): bug 7643792: fitSystemWindows([0,50][0,0])
07-11 15:24:23.586 D/PhoneStatusBar(  450): disable: < expand icons alerts ticker system_info BACK* HOME* RECENT CLOCK* search >
07-11 15:24:27.195 D/MdmService( 3259): [null:-1]->receiver action :com.pekall.mdm.action.MDM_ALARM
07-11 15:24:27.203 D/MdmService( 3259): [null:-1]->keepAliveWithPushServer client is opened:true
07-11 15:24:27.203 D/MDM :   ( 3259): [null:-1]->ping!!!!!!!!!
07-11 15:24:27.211 D/MdmService( 3259): [null:-1]->pushUrl : ws://192.168.10.91:9070/websocket
07-11 15:24:27.211 D/MDM :   ( 3259): [null:-1]->mMdmPushClient is :not null
07-11 15:24:27.211 D/MDM :   ( 3259): [null:-1]->mMdmPushClient opened : opened
07-11 15:24:27.219 D/MDM :   ( 3259): [null:-1]->MSG_WEBSOCKET_PONG
07-11 15:24:29.883 D/dalvikvm(25429): GC_CONCURRENT freed 400K, 5% free 9724K/10228K, paused 5ms+2ms, total 36ms
07-11 15:24:41.984 D/dalvikvm(15337): GC_FOR_ALLOC freed 285K, 6% free 9330K/9852K, paused 27ms, total 27ms
07-11 15:24:41.992 W/MountService(  374): getVolumeState(/storage/emulated/0/external_sd): Unknown volume
07-11 15:24:41.992 W/MountService(  374): getVolumeState(/mnt/sdcard-ext): Unknown volume
07-11 15:24:41.992 W/MountService(  374): getVolumeState(/mnt/ext_sdcard): Unknown volume
07-11 15:24:41.992 W/MountService(  374): getVolumeState(/mnt/sdcard2): Unknown volume
07-11 15:24:41.992 W/MountService(  374): getVolumeState(/mnt/emmc): Unknown volume
07-11 15:24:41.992 W/MountService(  374): getVolumeState(/mnt/extSdCard): Unknown volume
07-11 15:24:41.992 W/MountService(  374): getVolumeState(/mnt/sdcard/SD_CARD): Unknown volume
07-11 15:24:41.992 W/MountService(  374): getVolumeState(/mnt/sdcard/extra_sd): Unknown volume
07-11 15:24:42.000 W/MountService(  374): getVolumeState(/mnt/extrasd_bind): Unknown volume
07-11 15:24:42.000 W/MountService(  374): getVolumeState(/mnt/sdcard/ext_sd): Unknown volume
07-11 15:24:42.000 W/MountService(  374): getVolumeState(/storage/extSdCard): Unknown volume
07-11 15:24:42.000 W/MountService(  374): getVolumeState(/storage/sdcard1): Unknown volume
07-11 15:24:42.000 W/MountService(  374): getVolumeState(/mnt/sdcard/external_SD): Unknown volume
07-11 15:24:42.000 W/MountService(  374): getVolumeState(/mnt/sdcard/external_sd): Unknown volume
07-11 15:24:42.109 D/dalvikvm(15337): GC_CONCURRENT freed 281K, 4% free 9474K/9852K, paused 3ms+3ms, total 36ms
07-11 15:24:42.211 D/dalvikvm( 6650): GC_EXPLICIT freed 245K, 4% free 9184K/9476K, paused 3ms+5ms, total 36ms
07-11 15:24:42.297 W/MountService(  374): getVolumeState(/storage/emulated/0/external_sd): Unknown volume
07-11 15:24:42.297 W/MountService(  374): getVolumeState(/mnt/sdcard-ext): Unknown volume
07-11 15:24:42.297 W/MountService(  374): getVolumeState(/mnt/ext_sdcard): Unknown volume
07-11 15:24:42.297 W/MountService(  374): getVolumeState(/mnt/sdcard2): Unknown volume
07-11 15:24:42.297 W/MountService(  374): getVolumeState(/mnt/emmc): Unknown volume
07-11 15:24:42.297 W/MountService(  374): getVolumeState(/mnt/extSdCard): Unknown volume
07-11 15:24:42.297 W/MountService(  374): getVolumeState(/mnt/sdcard/SD_CARD): Unknown volume
07-11 15:24:42.297 W/MountService(  374): getVolumeState(/mnt/sdcard/extra_sd): Unknown volume
07-11 15:24:42.304 W/MountService(  374): getVolumeState(/mnt/extrasd_bind): Unknown volume
07-11 15:24:42.304 W/MountService(  374): getVolumeState(/mnt/sdcard/ext_sd): Unknown volume
07-11 15:24:42.304 W/MountService(  374): getVolumeState(/storage/extSdCard): Unknown volume
07-11 15:24:42.304 W/MountService(  374): getVolumeState(/storage/sdcard1): Unknown volume
07-11 15:24:42.304 W/MountService(  374): getVolumeState(/mnt/sdcard/external_SD): Unknown volume
07-11 15:24:42.304 W/MountService(  374): getVolumeState(/mnt/sdcard/external_sd): Unknown volume
07-11 15:24:42.336 D/dalvikvm(15337): GC_CONCURRENT freed 586K, 7% free 9367K/9992K, paused 3ms+4ms, total 25ms
07-11 15:25:35.640 D/JOBS    (14262): Thread-3535: load factor check. true = (0 < 1)|| (0 * 3 < 0 + 0). consumer thread: true
07-11 15:25:35.640 D/JOBS    (14262): didn't allow me to die, re-running Thread-3535
07-11 15:25:35.640 D/JOBS    (14262): re-running consumer Thread-3535
07-11 15:25:35.687 D/dalvikvm(14262): GC_CONCURRENT freed 375K, 5% free 9250K/9660K, paused 6ms+2ms, total 43ms
07-11 15:25:42.148 W/MountService(  374): getVolumeState(/storage/emulated/0/external_sd): Unknown volume
07-11 15:25:42.148 W/MountService(  374): getVolumeState(/mnt/sdcard-ext): Unknown volume
07-11 15:25:42.148 W/MountService(  374): getVolumeState(/mnt/ext_sdcard): Unknown volume
07-11 15:25:42.164 D/dalvikvm(15337): GC_FOR_ALLOC freed 417K, 7% free 9328K/9992K, paused 19ms, total 19ms
07-11 15:25:42.164 W/MountService(  374): getVolumeState(/mnt/sdcard2): Unknown volume
07-11 15:25:42.172 W/MountService(  374): getVolumeState(/mnt/emmc): Unknown volume
07-11 15:25:42.172 W/MountService(  374): getVolumeState(/mnt/extSdCard): Unknown volume
07-11 15:25:42.172 W/MountService(  374): getVolumeState(/mnt/sdcard/SD_CARD): Unknown volume
07-11 15:25:42.172 W/MountService(  374): getVolumeState(/mnt/sdcard/extra_sd): Unknown volume
07-11 15:25:42.172 W/MountService(  374): getVolumeState(/mnt/extrasd_bind): Unknown volume
07-11 15:25:42.172 W/MountService(  374): getVolumeState(/mnt/sdcard/ext_sd): Unknown volume
07-11 15:25:42.172 W/MountService(  374): getVolumeState(/storage/extSdCard): Unknown volume
07-11 15:25:42.172 W/MountService(  374): getVolumeState(/storage/sdcard1): Unknown volume
07-11 15:25:42.172 W/MountService(  374): getVolumeState(/mnt/sdcard/external_SD): Unknown volume
07-11 15:25:42.172 W/MountService(  374): getVolumeState(/mnt/sdcard/external_sd): Unknown volume
07-11 15:25:42.328 D/dalvikvm(15337): GC_CONCURRENT freed 388K, 7% free 9342K/9992K, paused 4ms+4ms, total 38ms
07-11 15:25:42.422 W/MountService(  374): getVolumeState(/storage/emulated/0/external_sd): Unknown volume
07-11 15:25:42.422 W/MountService(  374): getVolumeState(/mnt/sdcard-ext): Unknown volume
07-11 15:25:42.422 W/MountService(  374): getVolumeState(/mnt/ext_sdcard): Unknown volume
07-11 15:25:42.422 W/MountService(  374): getVolumeState(/mnt/sdcard2): Unknown volume
07-11 15:25:42.422 W/MountService(  374): getVolumeState(/mnt/emmc): Unknown volume
07-11 15:25:42.429 W/MountService(  374): getVolumeState(/mnt/extSdCard): Unknown volume
07-11 15:25:42.429 W/MountService(  374): getVolumeState(/mnt/sdcard/SD_CARD): Unknown volume
07-11 15:25:42.429 W/MountService(  374): getVolumeState(/mnt/sdcard/extra_sd): Unknown volume
07-11 15:25:42.429 W/MountService(  374): getVolumeState(/mnt/extrasd_bind): Unknown volume
07-11 15:25:42.429 W/MountService(  374): getVolumeState(/mnt/sdcard/ext_sd): Unknown volume
07-11 15:25:42.429 W/MountService(  374): getVolumeState(/storage/extSdCard): Unknown volume
07-11 15:25:42.429 W/MountService(  374): getVolumeState(/storage/sdcard1): Unknown volume
07-11 15:25:42.429 W/MountService(  374): getVolumeState(/mnt/sdcard/external_SD): Unknown volume
07-11 15:25:42.437 W/MountService(  374): getVolumeState(/mnt/sdcard/external_sd): Unknown volume
07-11 15:25:42.484 D/dalvikvm(15337): GC_CONCURRENT freed 490K, 7% free 9325K/9992K, paused 7ms+2ms, total 39ms
07-11 15:25:42.484 D/dalvikvm(15337): WAIT_FOR_CONCURRENT_GC blocked 5ms
07-11 15:25:52.039 D/dalvikvm(26136): GC_CONCURRENT freed 386K, 5% free 10039K/10484K, paused 5ms+2ms, total 39ms
07-11 15:26:37.851 D/GCM     (  647): Ignoring attempt to send heartbeat on dead connection.
07-11 15:26:42.344 W/MountService(  374): getVolumeState(/storage/emulated/0/external_sd): Unknown volume
07-11 15:26:42.344 W/MountService(  374): getVolumeState(/mnt/sdcard-ext): Unknown volume
07-11 15:26:42.344 W/MountService(  374): getVolumeState(/mnt/ext_sdcard): Unknown volume
07-11 15:26:42.344 W/MountService(  374): getVolumeState(/mnt/sdcard2): Unknown volume
07-11 15:26:42.344 W/MountService(  374): getVolumeState(/mnt/emmc): Unknown volume
07-11 15:26:42.344 W/MountService(  374): getVolumeState(/mnt/extSdCard): Unknown volume
07-11 15:26:42.344 W/MountService(  374): getVolumeState(/mnt/sdcard/SD_CARD): Unknown volume
07-11 15:26:42.344 W/MountService(  374): getVolumeState(/mnt/sdcard/extra_sd): Unknown volume
07-11 15:26:42.351 W/MountService(  374): getVolumeState(/mnt/extrasd_bind): Unknown volume
07-11 15:26:42.351 W/MountService(  374): getVolumeState(/mnt/sdcard/ext_sd): Unknown volume
07-11 15:26:42.351 W/MountService(  374): getVolumeState(/storage/extSdCard): Unknown volume
07-11 15:26:42.351 W/MountService(  374): getVolumeState(/storage/sdcard1): Unknown volume
07-11 15:26:42.351 W/MountService(  374): getVolumeState(/mnt/sdcard/external_SD): Unknown volume
07-11 15:26:42.351 W/MountService(  374): getVolumeState(/mnt/sdcard/external_sd): Unknown volume
07-11 15:26:42.414 D/dalvikvm(15337): GC_CONCURRENT freed 398K, 7% free 9353K/9984K, paused 4ms+3ms, total 32ms
07-11 15:26:42.586 W/MountService(  374): getVolumeState(/storage/emulated/0/external_sd): Unknown volume
07-11 15:26:42.586 W/MountService(  374): getVolumeState(/mnt/sdcard-ext): Unknown volume
07-11 15:26:42.586 W/MountService(  374): getVolumeState(/mnt/ext_sdcard): Unknown volume
07-11 15:26:42.594 W/MountService(  374): getVolumeState(/mnt/sdcard2): Unknown volume
07-11 15:26:42.594 W/MountService(  374): getVolumeState(/mnt/emmc): Unknown volume
07-11 15:26:42.594 W/MountService(  374): getVolumeState(/mnt/extSdCard): Unknown volume
07-11 15:26:42.594 W/MountService(  374): getVolumeState(/mnt/sdcard/SD_CARD): Unknown volume
07-11 15:26:42.594 W/MountService(  374): getVolumeState(/mnt/sdcard/extra_sd): Unknown volume
07-11 15:26:42.601 D/dalvikvm(15337): GC_CONCURRENT freed 466K, 6% free 9389K/9984K, paused 3ms+5ms, total 36ms
07-11 15:26:42.601 W/MountService(  374): getVolumeState(/mnt/extrasd_bind): Unknown volume
07-11 15:26:42.601 W/MountService(  374): getVolumeState(/mnt/sdcard/ext_sd): Unknown volume
07-11 15:26:42.609 W/MountService(  374): getVolumeState(/storage/extSdCard): Unknown volume
07-11 15:26:42.609 W/MountService(  374): getVolumeState(/storage/sdcard1): Unknown volume
07-11 15:26:42.609 W/MountService(  374): getVolumeState(/mnt/sdcard/external_SD): Unknown volume
07-11 15:26:42.609 W/MountService(  374): getVolumeState(/mnt/sdcard/external_sd): Unknown volume
07-11 15:26:47.883 D/dalvikvm(15337): GC_FOR_ALLOC freed 419K, 7% free 9312K/9984K, paused 35ms, total 35ms
07-11 15:27:05.867 I/ActivityManager(  374): No longer want com.google.android.apps.maps:GoogleLocationService (pid 5296): empty for 2606s
07-11 15:27:05.890 W/ActivityManager(  374): Scheduling restart of crashed service com.google.android.apps.maps/com.google.android.location.internal.server.GoogleLocationService in 5000ms
07-11 15:27:10.922 I/ActivityManager(  374): Start proc com.google.android.apps.maps:GoogleLocationService for service com.google.android.apps.maps/com.google.android.location.internal.server.GoogleLocationService: pid=16114 uid=10038 gids={50038, 3003, 1015, 1028}
07-11 15:27:10.945 D/dalvikvm(  125): GC_EXPLICIT freed 40K, 1% free 8921K/9000K, paused 3ms+4ms, total 36ms
07-11 15:27:10.969 D/dalvikvm(  125): GC_EXPLICIT freed <1K, 1% free 8921K/9000K, paused 2ms+3ms, total 27ms
07-11 15:27:11.000 D/dalvikvm(  125): GC_EXPLICIT freed <1K, 1% free 8921K/9000K, paused 2ms+3ms, total 26ms
07-11 15:27:11.265 D/dalvikvm(25474): GC_CONCURRENT freed 1714K, 16% free 9539K/11296K, paused 4ms+3ms, total 42ms
07-11 15:27:11.437 D/dalvikvm(  374): GC_EXPLICIT freed 2065K, 28% free 23519K/32600K, paused 4ms+14ms, total 128ms
07-11 15:27:11.586 D/dalvikvm(16114): GC_CONCURRENT freed 244K, 4% free 9117K/9400K, paused 3ms+3ms, total 34ms
07-11 15:27:11.656 D/dalvikvm(16114): GC_FOR_ALLOC freed 112K, 3% free 9319K/9568K, paused 18ms, total 18ms
07-11 15:27:11.679 D/dalvikvm(16114): GC_FOR_ALLOC freed 160K, 5% free 9438K/9852K, paused 18ms, total 18ms
07-11 15:27:11.789 D/dalvikvm(16114): GC_CONCURRENT freed 393K, 5% free 9513K/9944K, paused 2ms+3ms, total 23ms
07-11 15:27:11.883 D/dalvikvm(16114): GC_CONCURRENT freed 641K, 7% free 9290K/9972K, paused 3ms+3ms, total 25ms
07-11 15:27:12.008 I/ActivityManager(  374): Start proc com.google.android.apps.maps:FriendService for broadcast com.google.android.apps.maps/com.google.googlenav.friend.android.ServiceReceiver: pid=16135 uid=10038 gids={50038, 3003, 1015, 1028}
07-11 15:27:12.047 W/Settings(16114): Setting airplane_mode_on has moved from android.provider.Settings.System to android.provider.Settings.Global, returning read-only value.
07-11 15:27:12.133 W/ActivityManager(  374): Permission denied: checkComponentPermission() owningUid=10009
07-11 15:27:12.133 W/BroadcastQueue(  374): Permission Denial: broadcasting Intent { act=com.google.android.location.internal.server.ACTION_RESTARTED flg=0x10 } from com.google.android.apps.maps (pid=16114, uid=10038) is not exported from uid 10009 due to receiver com.google.android.gms/com.google.android.location.reporting.service.ExternalChangeReceiver
07-11 15:27:12.140 I/ActivityManager(  374): No longer want com.google.android.apps.plus (pid 14924): empty #17
07-11 15:27:12.156 I/ActivityManager(  374): Start proc com.google.android.apps.maps:LocationFriendService for broadcast com.google.android.apps.maps/com.google.googlenav.friend.reporting.LocationReportingIntentReceiver: pid=16147 uid=10038 gids={50038, 3003, 1015, 1028}
07-11 15:27:12.328 I/ActivityManager(  374): No longer want android.process.media (pid 6650): empty #17
07-11 15:27:12.344 W/ActivityManager(  374): Scheduling restart of crashed service com.android.providers.media/.MtpService in 5000ms
07-11 15:27:13.500 D/dalvikvm(16114): GC_CONCURRENT freed 262K, 6% free 9441K/9972K, paused 3ms+4ms, total 31ms
07-11 15:27:17.367 I/ActivityManager(  374): Start proc android.process.media for service com.android.providers.media/.MtpService: pid=16175 uid=10015 gids={50015, 1015, 1023, 1024, 1028, 2001, 3003, 3007}
07-11 15:27:17.515 D/MtpService(16175): updating state; isCurrentUser=true, mMtpLocked=false
07-11 15:27:17.515 D/MtpService(16175): addStorageLocked 65537 /storage/emulated/0
07-11 15:27:17.523 D/MtpService(16175): updating state; isCurrentUser=true, mMtpLocked=false
07-11 15:27:17.539 D/MtpService(16175): starting MTP server in MTP mode
07-11 15:27:17.539 D/MtpService(16175): addStorageLocked 65537 /storage/emulated/0
07-11 15:27:27.195 D/MdmService( 3259): [null:-1]->receiver action :com.pekall.mdm.action.MDM_ALARM
07-11 15:27:35.648 D/JOBS    (14262): Thread-3535: load factor check. true = (0 < 1)|| (0 * 3 < 0 + 0). consumer thread: true
07-11 15:27:35.648 D/JOBS    (14262): didn't allow me to die, re-running Thread-3535
07-11 15:27:35.648 D/JOBS    (14262): re-running consumer Thread-3535
07-11 15:27:42.539 W/MountService(  374): getVolumeState(/storage/emulated/0/external_sd): Unknown volume
07-11 15:27:42.547 W/MountService(  374): getVolumeState(/mnt/sdcard-ext): Unknown volume
07-11 15:27:42.547 W/MountService(  374): getVolumeState(/mnt/ext_sdcard): Unknown volume
07-11 15:27:42.547 W/MountService(  374): getVolumeState(/mnt/sdcard2): Unknown volume
07-11 15:27:42.547 W/MountService(  374): getVolumeState(/mnt/emmc): Unknown volume
07-11 15:27:42.554 W/MountService(  374): getVolumeState(/mnt/extSdCard): Unknown volume
07-11 15:27:42.554 W/MountService(  374): getVolumeState(/mnt/sdcard/SD_CARD): Unknown volume
07-11 15:27:42.554 W/MountService(  374): getVolumeState(/mnt/sdcard/extra_sd): Unknown volume
07-11 15:27:42.554 W/MountService(  374): getVolumeState(/mnt/extrasd_bind): Unknown volume
07-11 15:27:42.554 W/MountService(  374): getVolumeState(/mnt/sdcard/ext_sd): Unknown volume
07-11 15:27:42.554 W/MountService(  374): getVolumeState(/storage/extSdCard): Unknown volume
07-11 15:27:42.554 W/MountService(  374): getVolumeState(/storage/sdcard1): Unknown volume
07-11 15:27:42.554 W/MountService(  374): getVolumeState(/mnt/sdcard/external_SD): Unknown volume
07-11 15:27:42.562 W/MountService(  374): getVolumeState(/mnt/sdcard/external_sd): Unknown volume
07-11 15:27:42.648 D/dalvikvm(15337): GC_CONCURRENT freed 359K, 6% free 9464K/9984K, paused 3ms+2ms, total 26ms
07-11 15:27:42.648 D/dalvikvm(15337): WAIT_FOR_CONCURRENT_GC blocked 16ms
07-11 15:27:42.851 W/MountService(  374): getVolumeState(/storage/emulated/0/external_sd): Unknown volume
07-11 15:27:42.851 W/MountService(  374): getVolumeState(/mnt/sdcard-ext): Unknown volume
07-11 15:27:42.851 W/MountService(  374): getVolumeState(/mnt/ext_sdcard): Unknown volume
07-11 15:27:42.851 W/MountService(  374): getVolumeState(/mnt/sdcard2): Unknown volume
07-11 15:27:42.851 W/MountService(  374): getVolumeState(/mnt/emmc): Unknown volume
07-11 15:27:42.851 W/MountService(  374): getVolumeState(/mnt/extSdCard): Unknown volume
07-11 15:27:42.851 W/MountService(  374): getVolumeState(/mnt/sdcard/SD_CARD): Unknown volume
07-11 15:27:42.859 W/MountService(  374): getVolumeState(/mnt/sdcard/extra_sd): Unknown volume
07-11 15:27:42.859 W/MountService(  374): getVolumeState(/mnt/extrasd_bind): Unknown volume
07-11 15:27:42.859 W/MountService(  374): getVolumeState(/mnt/sdcard/ext_sd): Unknown volume
07-11 15:27:42.859 W/MountService(  374): getVolumeState(/storage/extSdCard): Unknown volume
07-11 15:27:42.859 W/MountService(  374): getVolumeState(/storage/sdcard1): Unknown volume
07-11 15:27:42.859 W/MountService(  374): getVolumeState(/mnt/sdcard/external_SD): Unknown volume
07-11 15:27:42.859 W/MountService(  374): getVolumeState(/mnt/sdcard/external_sd): Unknown volume
07-11 15:27:42.890 D/dalvikvm(15337): GC_CONCURRENT freed 576K, 6% free 9417K/10004K, paused 3ms+3ms, total 27ms
07-11 15:27:48.422 I/PowerManagerService(  374): Waking up from sleep...
07-11 15:27:48.461 I/WindowManager(  374): Lock screen displayed!
07-11 15:27:48.726 D/dalvikvm(  833): GC_CONCURRENT freed 1217K, 18% free 12886K/15584K, paused 12ms+6ms, total 118ms
07-11 15:27:48.726 D/dalvikvm(  833): WAIT_FOR_CONCURRENT_GC blocked 60ms
07-11 15:27:48.812 V/DigitalWidgetViewsFactory(15478): DigitalWidget sets next alarm string to null
07-11 15:27:49.070 D/PowerManagerService-JNI(  374): Excessive delay in autosuspend_disable() while turning screen on: 632ms
07-11 15:27:49.101 D/SurfaceFlinger(  124): Screen acquired, type=0 flinger=0x400b4008
07-11 15:27:49.109 D/AndroidRuntime(16261): 
07-11 15:27:49.109 D/AndroidRuntime(16261): >>>>>> AndroidRuntime START com.android.internal.os.RuntimeInit <<<<<<
07-11 15:27:49.109 D/AndroidRuntime(16261): CheckJNI is OFF
07-11 15:27:49.125 D/dalvikvm(16261): Trying to load lib libjavacore.so 0x0
07-11 15:27:49.133 D/dalvikvm(16261): Added shared lib libjavacore.so 0x0
07-11 15:27:49.148 D/dalvikvm(16261): Trying to load lib libnativehelper.so 0x0
07-11 15:27:49.148 D/dalvikvm(16261): Added shared lib libnativehelper.so 0x0
07-11 15:27:49.156 I/ActivityManager(  374): No longer want com.google.android.music:main (pid 11304): empty #17
07-11 15:27:49.273 D/LightsService(  374): Excessive delay setting light: 142ms
07-11 15:27:49.469 D/AndroidRuntime(16261): Calling main entry com.qihoo360.powerctl.root.app.App
07-11 15:27:49.469 D/AndroidRuntime(16261): Shutting down VM
07-11 15:27:49.469 D/dalvikvm(16261): Debugger has detached; object registry had 1 entries
07-11 15:27:49.476 I/AndroidRuntime(16261): NOTE: attach of thread 'Binder_1' failed
07-11 15:27:49.492 W/ActivityManager(  374): Scheduling restart of crashed service com.google.android.music/.playback.MusicPlaybackService in 5000ms
07-11 15:27:49.726 D/MdmApplication( 3259): [null:-1]->onActivityStarted market.activity.AppListActivity , mActivityCount = 1
07-11 15:27:49.726 D/MDM :   ( 3259): [null:-1]->query
07-11 15:27:49.734 D/MDM :   ( 3259): [null:-1]->QUERY_PINCODE_CHECK_RESULT
07-11 15:27:49.734 D/PhoneStatusBar(  450): disable: < expand icons alerts ticker system_info BACK HOME recent* CLOCK search >
07-11 15:27:49.750 D/mdm_log ( 3259): [null:-1]->has installed com.moji.mjweather
07-11 15:27:49.765 D/NfcService(  592): NFC-C ON
07-11 15:27:49.820 W/InputMethodManagerService(  374): Window already focused, ignoring focus gain of: com.android.internal.view.IInputMethodClient$Stub$Proxy@427de418 attribute=android.view.inputmethod.EditorInfo@427f8ad8, token = android.os.BinderProxy@42348cb8
07-11 15:27:49.820 D/PhoneStatusBar(  450): disable: < expand icons alerts ticker system_info back* home* recent clock* search >
07-11 15:27:50.133 D/dalvikvm(20727): GC_CONCURRENT freed 514K, 9% free 10093K/11000K, paused 19ms+13ms, total 105ms
07-11 15:27:50.187 I/RootJni (16294): su: permission denied
07-11 15:27:50.265 V/TAG     (  374): bug 7643792: fitSystemWindows([0,50][0,0])
07-11 15:27:50.304 D/AndroidRuntime(16293): 
07-11 15:27:50.304 D/AndroidRuntime(16293): >>>>>> AndroidRuntime START com.android.internal.os.RuntimeInit <<<<<<
07-11 15:27:50.304 D/AndroidRuntime(16293): CheckJNI is OFF
07-11 15:27:50.320 D/dalvikvm(16293): Trying to load lib libjavacore.so 0x0
07-11 15:27:50.328 D/dalvikvm(16293): Added shared lib libjavacore.so 0x0
07-11 15:27:50.344 D/dalvikvm(16293): Trying to load lib libnativehelper.so 0x0
07-11 15:27:50.344 D/dalvikvm(16293): Added shared lib libnativehelper.so 0x0
07-11 15:27:50.586 D/AndroidRuntime(16293): Calling main entry com.qihoo360.powerctl.root.app.App
07-11 15:27:50.586 D/AndroidRuntime(16293): Shutting down VM
07-11 15:27:50.586 D/dalvikvm(16293): Debugger has detached; object registry had 1 entries
07-11 15:27:54.515 I/ActivityManager(  374): Start proc com.google.android.music:main for service com.google.android.music/.playback.MusicPlaybackService: pid=16314 uid=10041 gids={50041, 3003, 1015, 1028}
07-11 15:27:54.734 I/MusicStore(16314): Database version: 69
07-11 15:27:54.820 D/dalvikvm(16314): GC_CONCURRENT freed 314K, 4% free 9105K/9456K, paused 3ms+4ms, total 28ms
07-11 15:27:54.914 D/SystemUtils(16314): getSystemProperty: lpa.decode=null
07-11 15:27:55.031 D/dalvikvm(  374): GC_EXPLICIT freed 1323K, 30% free 23069K/32600K, paused 5ms+12ms, total 126ms
07-11 15:27:55.070 D/CacheService(16314): onCreate
07-11 15:27:55.078 D/CacheService(16314): onBind
07-11 15:27:55.094 I/LocalDevicePlayback(16314): Streaming client created.
07-11 15:27:56.140 D/dalvikvm(16314): GC_CONCURRENT freed 218K, 3% free 9365K/9624K, paused 4ms+3ms, total 28ms
07-11 15:27:56.164 I/MediaStoreImporter(16314): Update: incremental Added music: 0 Updated music: 0 Deleted music: 0 Created playlists: 0 Updated playlists: 0 Deleted playlists: 0 Inserted playlist items: 0 Deleted playlist items: 0 Removed orphaned playlist items: 0
07-11 15:27:59.945 I/MusicLeanback(16314): Conditions not met for autocaching.
07-11 15:27:59.945 I/MusicLeanback(16314): Stop autocaching.
07-11 15:28:00.328 W/System.err(15128): java.io.FileNotFoundException: /data/data/com.mgyapp.android/files/.cfpaps.i: open failed: ENOENT (No such file or directory)
07-11 15:28:00.328 W/System.err(15128): 	at libcore.io.IoBridge.open(IoBridge.java:409)
07-11 15:28:00.328 W/System.err(15128): 	at java.io.FileInputStream.<init>(FileInputStream.java:78)
07-11 15:28:00.328 W/System.err(15128): 	at android.app.ContextImpl.openFileInput(ContextImpl.java:702)
07-11 15:28:00.328 W/System.err(15128): 	at android.content.ContextWrapper.openFileInput(ContextWrapper.java:173)
07-11 15:28:00.328 W/System.err(15128): 	at com.mgyun.shua.jc.service.f.run(Unknown Source)
07-11 15:28:00.336 W/System.err(15128): 	at com.mgyun.shua.jc.service.CpWorkServer.onHandleIntent(Unknown Source)
07-11 15:28:00.336 W/System.err(15128): 	at android.app.IntentService$ServiceHandler.handleMessage(IntentService.java:65)
07-11 15:28:00.336 W/System.err(15128): 	at android.os.Handler.dispatchMessage(Handler.java:99)
07-11 15:28:00.336 W/System.err(15128): 	at android.os.Looper.loop(Looper.java:137)
07-11 15:28:00.336 W/System.err(15128): 	at android.os.HandlerThread.run(HandlerThread.java:61)
07-11 15:28:00.336 W/System.err(15128): Caused by: libcore.io.ErrnoException: open failed: ENOENT (No such file or directory)
07-11 15:28:00.344 W/System.err(15128): 	at libcore.io.Posix.open(Native Method)
07-11 15:28:00.344 W/System.err(15128): 	at libcore.io.BlockGuardOs.open(BlockGuardOs.java:110)
07-11 15:28:00.344 W/System.err(15128): 	at libcore.io.IoBridge.open(IoBridge.java:393)
07-11 15:28:00.344 W/System.err(15128): 	... 9 more
07-11 15:28:10.328 W/System.err(15128): java.io.FileNotFoundException: /data/data/com.mgyapp.android/files/.cfp.i: open failed: ENOENT (No such file or directory)
07-11 15:28:10.328 W/System.err(15128): 	at libcore.io.IoBridge.open(IoBridge.java:409)
07-11 15:28:10.328 W/System.err(15128): 	at java.io.FileInputStream.<init>(FileInputStream.java:78)
07-11 15:28:10.328 W/System.err(15128): 	at android.app.ContextImpl.openFileInput(ContextImpl.java:702)
07-11 15:28:10.328 W/System.err(15128): 	at android.content.ContextWrapper.openFileInput(ContextWrapper.java:173)
07-11 15:28:10.328 W/System.err(15128): 	at com.mgyun.shua.jc.c.b(Unknown Source)
07-11 15:28:10.328 W/System.err(15128): 	at com.mgyun.shua.jc.d.a(Unknown Source)
07-11 15:28:10.328 W/System.err(15128): 	at com.mgyun.shua.jc.service.CpWorkServer.onHandleIntent(Unknown Source)
07-11 15:28:10.328 W/System.err(15128): 	at android.app.IntentService$ServiceHandler.handleMessage(IntentService.java:65)
07-11 15:28:10.328 W/System.err(15128): 	at android.os.Handler.dispatchMessage(Handler.java:99)
07-11 15:28:10.336 W/System.err(15128): 	at android.os.Looper.loop(Looper.java:137)
07-11 15:28:10.336 W/System.err(15128): 	at android.os.HandlerThread.run(HandlerThread.java:61)
07-11 15:28:10.336 W/System.err(15128): Caused by: libcore.io.ErrnoException: open failed: ENOENT (No such file or directory)
07-11 15:28:10.336 W/System.err(15128): 	at libcore.io.Posix.open(Native Method)
07-11 15:28:10.336 W/System.err(15128): 	at libcore.io.BlockGuardOs.open(BlockGuardOs.java:110)
07-11 15:28:10.336 W/System.err(15128): 	at libcore.io.IoBridge.open(IoBridge.java:393)
07-11 15:28:10.336 W/System.err(15128): 	... 10 more
07-11 15:28:13.898 D/LightsService(  374): Excessive delay setting light: 68ms
07-11 15:28:18.961 D/dalvikvm(20727): GC_CONCURRENT freed 526K, 7% free 9956K/10624K, paused 5ms+3ms, total 42ms
07-11 15:28:19.719 I/PowerManagerService(  374): Going to sleep due to screen timeout...
07-11 15:28:20.476 D/MdmApplication( 3259): [null:-1]->onActivityPaused market.activity.AppListActivity , mActivityCount = 2
07-11 15:28:20.476 D/MDM :   ( 3259): [null:-1]->query
07-11 15:28:20.476 D/MDM :   ( 3259): [null:-1]->QUERY_PINCODE_CHECK_RESULT
07-11 15:28:20.476 E/Mdm     ( 3259): Call Mdm service's setLastExitTime function
07-11 15:28:20.484 D/SurfaceFlinger(  124): Screen released, type=0 flinger=0x400b4008
07-11 15:28:20.500 D/MDM :   ( 3259): [null:-1]->MSG_WEBSOCKET_MESSAGE : {"id":150702736,"type":0,"command":0,"result":0,"reason":0,"params":{"msgId":"27e86a1c-d827-439d-a1e5-f901cc5fa719,27e86a1cd827439da1e5f901cc5fa719","device":"ffffffffc539bb10fffffffff7aea961","message":"{\"cmd\":\"10119\"}"}}
07-11 15:28:20.508 D/MdmService( 3259): [null:-1]->push message type :0
07-11 15:28:20.508 D/MdmService( 3259): [null:-1]->cmdMessage : {"cmd":"10119"}
07-11 15:28:20.515 D/MdmService( 3259): [null:-1]->command : PushCommandMsg{cmd='10119', msg='null'}
07-11 15:28:20.515 D/MDM :   ( 3259): [null:-1]->PUSH CMD: 10119
07-11 15:28:20.515 D/MdmStatusManager( 3259): [null:-1]->change status to : Busy
07-11 15:28:20.515 D/DB      ( 3259): query: SQLiteQuery: SELECT content, command_status, status FROM command WHERE status!=2
07-11 15:28:20.515 D/DB      ( 3259): factory null
07-11 15:28:20.515 D/DB      ( 3259): fillWindow: 0
07-11 15:28:20.515 D/DB      ( 3259): cursor 0
07-11 15:28:20.515 D/DB      ( 3259): moveToPos: 0
07-11 15:28:20.515 I/TransInfo( 3259): TransInfo created, id: 3, class: class com.pekall.emdm.transaction.b.c
07-11 15:28:20.523 D/NetworkThread( 3259): [null:-1]->----isRunning-----true
07-11 15:28:20.523 D/NetworkThread( 3259): [null:-1]->----isRunning-----true
07-11 15:28:20.523 D/NetworkThread( 3259): [null:-1]->thread wakeup
07-11 15:28:20.539 D/HttpClient( 3259): enable apache.http debug
07-11 15:28:20.554 V/DEBUG   ( 3259): HTTP 0
07-11 15:28:20.594 D/NfcService(  592): NFC-C OFF, disconnect
07-11 15:28:20.664 D/dalvikvm( 3259): GC_FOR_ALLOC freed 2895K, 33% free 17169K/25600K, paused 59ms, total 63ms
07-11 15:28:20.679 D/MDM :   ( 3259): [null:-1]->query
07-11 15:28:20.679 D/MDM :   ( 3259): [null:-1]->QUERY_SETTING_PIN_ONOFF
07-11 15:28:20.929 V/DEBUG   ( 3259): HTTP 1
07-11 15:28:20.953 D/MDM :   ( 3259): [null:-1]->read network input stream
07-11 15:28:20.953 D/MDM :   ( 3259): [null:-1]->read network input stream
07-11 15:28:20.976 D/CheckInTransInfo( 3259): [null:-1]->CommandMsg : CommandMsg{CommandUUID='8a8088bf471a79ec01472452bdab4f53', Command=CommandObject{RequestType='InstallApplication'}}
07-11 15:28:20.976 D/DB      ( 3259): query: SQLiteQuery: SELECT * FROM command WHERE cmd_uuid='8a8088bf471a79ec01472452bdab4f53'
07-11 15:28:20.976 D/DB      ( 3259): factory null
07-11 15:28:20.976 D/DB      ( 3259): fillWindow: 0
07-11 15:28:20.976 D/DB      ( 3259): cursor 0
07-11 15:28:21.023 D/NetworkThread( 3259): [null:-1]->queue is empty, thread wait...
07-11 15:28:21.125 D/MdmService( 3259): [null:-1]->handleCheckInResult
07-11 15:28:21.125 D/MdmService( 3259): [null:-1]->handleCheckInResult result keyIndex: 3
07-11 15:28:21.125 D/CommandManager( 3259): [null:-1]->execute command: CommandMsg{CommandUUID='8a8088bf471a79ec01472452bdab4f53', Command=CommandObject{RequestType='InstallApplication'}}
07-11 15:28:21.125 D/TEST_ALL( 3259): [null:-1]->REQ_TYPE_INST_APP
07-11 15:28:21.133 E/DB      ( 3259): bind, index: 1, value: by.game.binumbers
07-11 15:28:21.133 D/DB      ( 3259): query: SQLiteQuery: SELECT * FROM app WHERE package=?
07-11 15:28:21.133 D/DB      ( 3259): factory null
07-11 15:28:21.133 D/DB      ( 3259): fillWindow: 0
07-11 15:28:21.133 D/DB      ( 3259): cursor 0
07-11 15:28:21.133 D/DB      ( 3259): moveToPos: 0
07-11 15:28:21.179 D/DB      ( 3259): query: SQLiteQuery: SELECT * FROM app WHERE type = 51107
07-11 15:28:21.179 D/DB      ( 3259): factory null
07-11 15:28:21.179 D/DB      ( 3259): fillWindow: 0
07-11 15:28:21.179 D/DB      ( 3259): cursor 2
07-11 15:28:21.179 D/DB      ( 3259): query: SQLiteQuery: SELECT * FROM app WHERE readStatus =0
07-11 15:28:21.179 D/DB      ( 3259): factory null
07-11 15:28:21.179 D/DB      ( 3259): fillWindow: 0
07-11 15:28:21.187 D/DB      ( 3259): cursor 1
07-11 15:28:21.187 E/Mdm     ( 3259): Call Mdm service's recordIconCount function
07-11 15:28:21.203 D/DB      ( 3259): query: SQLiteQuery: SELECT * FROM app WHERE readStatus =0
07-11 15:28:21.203 D/DB      ( 3259): factory null
07-11 15:28:21.203 D/DB      ( 3259): fillWindow: 0
07-11 15:28:21.203 D/DB      ( 3259): cursor 1
07-11 15:28:21.250 D/DB      ( 3259): moveToPos: 0
07-11 15:28:21.250 D/DB      ( 3259): onMove: 0
07-11 15:28:21.250 D/DB      ( 3259): moveToPos: 1
07-11 15:28:21.250 D/DB      ( 3259): onMove: 1
07-11 15:28:21.250 D/DB      ( 3259): moveToPos: 2
07-11 15:28:21.297 I/AudioService(  374):  AudioFocus  requestAudioFocus() from android.media.AudioManager@422e0e80
07-11 15:28:21.351 I/TransInfo( 3259): TransInfo created, id: 3, class: class com.pekall.emdm.transaction.b.c
07-11 15:28:21.351 D/NetworkThread( 3259): [null:-1]->----isRunning-----true
07-11 15:28:21.351 D/NetworkThread( 3259): [null:-1]->----isRunning-----true
07-11 15:28:21.351 D/NetworkThread( 3259): [null:-1]->thread wakeup
07-11 15:28:21.351 D/HttpClient( 3259): enable apache.http debug
07-11 15:28:21.359 V/DEBUG   ( 3259): HTTP 0
07-11 15:28:21.617 V/DEBUG   ( 3259): HTTP 1
07-11 15:28:21.617 D/MdmDatabaseHelper( 3259): [null:-1]->update command 8a8088bf471a79ec01472452bdab4f53 to status executed
07-11 15:28:21.656 D/NetworkThread( 3259): [null:-1]->queue is empty, thread wait...
07-11 15:28:21.719 D/MdmService( 3259): [null:-1]->handleCheckInResult
07-11 15:28:21.719 D/MdmService( 3259): [null:-1]->handleCheckInResult result keyIndex: 3
07-11 15:28:21.719 D/HandleCommandTask( 3259): [null:-1]->execute command msg but beanBase is null
07-11 15:28:21.719 D/MdmStatusManager( 3259): [null:-1]->change status to : Idle
07-11 15:28:22.437 I/AudioService(  374):  AudioFocus  abandonAudioFocus() from android.media.AudioManager@422e0e80
07-11 15:28:25.672 V/KeyguardHostView(  374): hide transport, gen:109
07-11 15:28:25.672 V/KeyguardHostView(  374): music state changed: 0
07-11 15:28:25.695 D/PhoneStatusBar(  450): disable: < expand icons alerts ticker system_info back home RECENT* clock search >
07-11 15:28:25.726 V/TAG     (  374): bug 7643792: fitSystemWindows([0,50][0,0])
07-11 15:28:25.851 D/PhoneStatusBar(  450): disable: < expand icons alerts ticker system_info BACK* HOME* RECENT CLOCK* search >
07-11 15:28:26.906 I/PowerManagerService(  374): Waking up from sleep...
07-11 15:28:26.953 I/WindowManager(  374): Lock screen displayed!
07-11 15:28:27.133 D/dalvikvm(  577): GC_CONCURRENT freed 782K, 7% free 11539K/12360K, paused 4ms+11ms, total 90ms
07-11 15:28:27.265 D/PowerManagerService-JNI(  374): Excessive delay in autosuspend_disable() while turning screen on: 349ms
07-11 15:28:27.320 D/SurfaceFlinger(  124): Screen acquired, type=0 flinger=0x400b4008
07-11 15:28:27.383 D/dalvikvm(  833): GC_CONCURRENT freed 1385K, 18% free 12846K/15584K, paused 6ms+45ms, total 194ms
07-11 15:28:27.390 V/DigitalWidgetViewsFactory(15478): DigitalWidget sets next alarm string to null
07-11 15:28:27.664 D/AndroidRuntime(16432): 
07-11 15:28:27.664 D/AndroidRuntime(16432): >>>>>> AndroidRuntime START com.android.internal.os.RuntimeInit <<<<<<
07-11 15:28:27.664 D/AndroidRuntime(16432): CheckJNI is OFF
07-11 15:28:27.679 D/dalvikvm(16432): Trying to load lib libjavacore.so 0x0
07-11 15:28:27.687 D/dalvikvm(16432): Added shared lib libjavacore.so 0x0
07-11 15:28:27.695 D/dalvikvm(16432): Trying to load lib libnativehelper.so 0x0
07-11 15:28:27.703 D/dalvikvm(16432): Added shared lib libnativehelper.so 0x0
07-11 15:28:27.734 D/SurfaceControl(  374): Excessive delay in unblankDisplay() while turning screen on: 470ms
07-11 15:28:27.875 D/LightsService(  374): Excessive delay setting light: 93ms
07-11 15:28:27.953 D/AndroidRuntime(16432): Calling main entry com.qihoo360.powerctl.root.app.App
07-11 15:28:27.953 D/AndroidRuntime(16432): Shutting down VM
07-11 15:28:27.961 D/jdwp    (16432): Got wake-up signal, bailing out of select
07-11 15:28:27.969 D/dalvikvm(16432): Debugger has detached; object registry had 1 entries
07-11 15:28:28.422 D/MdmApplication( 3259): [null:-1]->onActivityStarted market.activity.AppListActivity , mActivityCount = 1
07-11 15:28:28.422 D/MDM :   ( 3259): [null:-1]->query
07-11 15:28:28.422 D/MDM :   ( 3259): [null:-1]->QUERY_PINCODE_CHECK_RESULT
07-11 15:28:28.445 D/PhoneStatusBar(  450): disable: < expand icons alerts ticker system_info BACK HOME recent* CLOCK search >
07-11 15:28:28.500 D/NfcService(  592): NFC-C ON
07-11 15:28:28.508 D/PhoneStatusBar(  450): disable: < expand icons alerts ticker system_info back* home* recent clock* search >
07-11 15:28:28.617 D/mdm_log ( 3259): [null:-1]->has installed com.moji.mjweather
07-11 15:28:28.640 W/InputMethodManagerService(  374): Window already focused, ignoring focus gain of: com.android.internal.view.IInputMethodClient$Stub$Proxy@4264beb0 attribute=android.view.inputmethod.EditorInfo@429d26a0, token = android.os.BinderProxy@42348cb8
07-11 15:28:28.953 V/TAG     (  374): bug 7643792: fitSystemWindows([0,50][0,0])
07-11 15:28:29.054 D/AndroidRuntime(16452): 
07-11 15:28:29.054 D/AndroidRuntime(16452): >>>>>> AndroidRuntime START com.android.internal.os.RuntimeInit <<<<<<
07-11 15:28:29.054 D/AndroidRuntime(16452): CheckJNI is OFF
07-11 15:28:29.070 D/dalvikvm(16452): Trying to load lib libjavacore.so 0x0
07-11 15:28:29.078 D/dalvikvm(16452): Added shared lib libjavacore.so 0x0
07-11 15:28:29.094 D/dalvikvm(16452): Trying to load lib libnativehelper.so 0x0
07-11 15:28:29.094 D/dalvikvm(16452): Added shared lib libnativehelper.so 0x0
07-11 15:28:29.351 D/AndroidRuntime(16452): Calling main entry com.qihoo360.powerctl.root.app.App
07-11 15:28:29.351 D/AndroidRuntime(16452): Shutting down VM
07-11 15:28:29.351 D/jdwp    (16452): Got wake-up signal, bailing out of select
07-11 15:28:29.351 D/dalvikvm(16452): Debugger has detached; object registry had 1 entries
07-11 15:28:29.351 I/AndroidRuntime(16452): NOTE: attach of thread 'Binder_1' failed
07-11 15:28:29.898 D/MarketDatabaseHelper( 3259): [null:-1]->----------urlStr =by.game.binumbers
07-11 15:28:29.906 E/DB      ( 3259): bind, index: 1, value: by.game.binumbers
07-11 15:28:29.906 D/DB      ( 3259): query: SQLiteQuery: SELECT package, endPos, status, size, downloadUrl FROM app WHERE package=?
07-11 15:28:29.906 D/DB      ( 3259): factory null
07-11 15:28:29.906 D/DB      ( 3259): fillWindow: 0
07-11 15:28:29.906 D/DB      ( 3259): cursor 1
07-11 15:28:29.906 D/DB      ( 3259): moveToPos: 0
07-11 15:28:29.906 D/DB      ( 3259): onMove: 0
07-11 15:28:29.906 D/mdm_log ( 3259): [null:-1]->info.downLoadPos  : 0
07-11 15:28:29.914 D/mdm_log ( 3259): [null:-1]->file.length  : 0
07-11 15:28:29.914 D/mdm_log ( 3259): [null:-1]->has installed com.moji.mjweather
07-11 15:28:30.094 D/DB      ( 3259): query: SQLiteQuery: SELECT * FROM app WHERE readStatus =0
07-11 15:28:30.094 D/DB      ( 3259): factory null
07-11 15:28:30.094 D/DB      ( 3259): fillWindow: 0
07-11 15:28:30.094 D/DB      ( 3259): cursor 1
07-11 15:28:30.094 D/DB      ( 3259): query: SQLiteQuery: SELECT * FROM app WHERE type = 51107
07-11 15:28:30.094 D/DB      ( 3259): factory null
07-11 15:28:30.094 D/DB      ( 3259): fillWindow: 0
07-11 15:28:30.094 D/DB      ( 3259): cursor 2
07-11 15:28:30.101 D/DB      ( 3259): moveToPos: 0
07-11 15:28:30.101 D/DB      ( 3259): onMove: 0
07-11 15:28:30.101 D/DB      ( 3259): moveToPos: 1
07-11 15:28:30.101 D/DB      ( 3259): onMove: 1
07-11 15:28:30.101 D/DB      ( 3259): moveToPos: 2
07-11 15:28:30.101 E/Mdm     ( 3259): Call Mdm service's recordIconCount function
07-11 15:28:30.101 D/mdm_log ( 3259): [null:-1]->lastModifiedDate : null
07-11 15:28:30.101 D/mdm_log ( 3259): [null:-1]->serverLastModifiedDate : null
07-11 15:28:30.969 D/dalvikvm(  374): JIT code cache reset in 9 ms (1048444 bytes 35/0)
07-11 15:28:30.984 D/dalvikvm(  374): GC_CONCURRENT freed 2197K, 26% free 24290K/32600K, paused 13ms+27ms, total 205ms
07-11 15:28:34.984 D/PushService(14262): [null:-1]->receiver action :com.pekall.mdm.action.PUSH_ALARM
07-11 15:28:34.984 D/PushService(14262): [null:-1]->keepAliveWithPushServer client is opened:true
07-11 15:28:34.984 D/PushLib : (14262): [null:-1]->ping!!!!!!!!!
07-11 15:28:34.992 D/PushLib : (14262): [null:-1]->pushClient is :not null
07-11 15:28:34.992 D/PushLib : (14262): [null:-1]->pushClient opened : opened
07-11 15:28:40.008 D/PushLib : (14262): [null:-1]->MSG_WEBSOCKET_PONG
07-11 15:28:40.203 D/mdm_log ( 3259): [null:-1]->read buffer is -1 , download done
07-11 15:28:40.219 D/mdm_log ( 3259): [null:-1]->file download complete! url is/storage/emulated/0/MDM/download/bygamebinumbers.apk
07-11 15:28:40.242 D/mdm_log ( 3259): [null:-1]->call  refresh in onDownLoadComplete
07-11 15:28:40.242 D/mdm_log ( 3259): [null:-1]->has installed com.moji.mjweather
07-11 15:28:40.242 D/mdm_log ( 3259): [null:-1]->call  refresh in onDownLoadComplete
07-11 15:28:40.242 D/mdm_log ( 3259): [null:-1]->has installed com.moji.mjweather
07-11 15:28:42.633 W/MountService(  374): getVolumeState(/storage/emulated/0/external_sd): Unknown volume
07-11 15:28:42.633 W/MountService(  374): getVolumeState(/mnt/sdcard-ext): Unknown volume
07-11 15:28:42.633 W/MountService(  374): getVolumeState(/mnt/ext_sdcard): Unknown volume
07-11 15:28:42.633 W/MountService(  374): getVolumeState(/mnt/sdcard2): Unknown volume
07-11 15:28:42.633 W/MountService(  374): getVolumeState(/mnt/emmc): Unknown volume
07-11 15:28:42.633 W/MountService(  374): getVolumeState(/mnt/extSdCard): Unknown volume
07-11 15:28:42.633 W/MountService(  374): getVolumeState(/mnt/sdcard/SD_CARD): Unknown volume
07-11 15:28:42.633 W/MountService(  374): getVolumeState(/mnt/sdcard/extra_sd): Unknown volume
07-11 15:28:42.640 W/MountService(  374): getVolumeState(/mnt/extrasd_bind): Unknown volume
07-11 15:28:42.640 W/MountService(  374): getVolumeState(/mnt/sdcard/ext_sd): Unknown volume
07-11 15:28:42.640 W/MountService(  374): getVolumeState(/storage/extSdCard): Unknown volume
07-11 15:28:42.640 W/MountService(  374): getVolumeState(/storage/sdcard1): Unknown volume
07-11 15:28:42.640 W/MountService(  374): getVolumeState(/mnt/sdcard/external_SD): Unknown volume
07-11 15:28:42.648 W/MountService(  374): getVolumeState(/mnt/sdcard/external_sd): Unknown volume
07-11 15:28:42.664 D/dalvikvm(15337): GC_FOR_ALLOC freed 414K, 7% free 9343K/10004K, paused 19ms, total 20ms
07-11 15:28:42.890 D/dalvikvm(15337): GC_CONCURRENT freed 453K, 7% free 9354K/10004K, paused 4ms+3ms, total 26ms
07-11 15:28:42.929 W/MountService(  374): getVolumeState(/storage/emulated/0/external_sd): Unknown volume
07-11 15:28:42.937 W/MountService(  374): getVolumeState(/mnt/sdcard-ext): Unknown volume
07-11 15:28:42.937 W/MountService(  374): getVolumeState(/mnt/ext_sdcard): Unknown volume
07-11 15:28:42.937 W/MountService(  374): getVolumeState(/mnt/sdcard2): Unknown volume
07-11 15:28:42.937 W/MountService(  374): getVolumeState(/mnt/emmc): Unknown volume
07-11 15:28:42.937 W/MountService(  374): getVolumeState(/mnt/extSdCard): Unknown volume
07-11 15:28:42.937 W/MountService(  374): getVolumeState(/mnt/sdcard/SD_CARD): Unknown volume
07-11 15:28:42.945 D/dalvikvm(16175): GC_CONCURRENT freed 204K, 3% free 9102K/9344K, paused 4ms+10ms, total 44ms
07-11 15:28:42.945 W/MountService(  374): getVolumeState(/mnt/sdcard/extra_sd): Unknown volume
07-11 15:28:42.945 W/MountService(  374): getVolumeState(/mnt/extrasd_bind): Unknown volume
07-11 15:28:42.945 W/MountService(  374): getVolumeState(/mnt/sdcard/ext_sd): Unknown volume
07-11 15:28:42.945 W/MountService(  374): getVolumeState(/storage/extSdCard): Unknown volume
07-11 15:28:42.945 W/MountService(  374): getVolumeState(/storage/sdcard1): Unknown volume
07-11 15:28:42.945 W/MountService(  374): getVolumeState(/mnt/sdcard/external_SD): Unknown volume
07-11 15:28:42.945 W/MountService(  374): getVolumeState(/mnt/sdcard/external_sd): Unknown volume
07-11 15:28:43.015 D/dalvikvm(15337): GC_CONCURRENT freed 434K, 7% free 9342K/10004K, paused 3ms+3ms, total 25ms
07-11 15:28:54.719 D/dalvikvm(20727): GC_CONCURRENT freed 383K, 7% free 9960K/10624K, paused 5ms+2ms, total 53ms
07-11 15:28:56.664 D/LightsService(  374): Excessive delay setting light: 68ms
07-11 15:28:58.476 D/LightsService(  374): Excessive delay setting light: 68ms
07-11 15:29:08.648 W/Settings(25429): Setting airplane_mode_on has moved from android.provider.Settings.System to android.provider.Settings.Global, returning read-only value.
07-11 15:29:08.648 W/Settings(25429): Setting mobile_data has moved from android.provider.Settings.Secure to android.provider.Settings.Global.
07-11 15:29:08.648 D/BluetoothAdapter(25429): 1108510848: getState() :  mService = null. Returning STATE_OFF
07-11 15:29:08.648 W/Settings(25429): Setting airplane_mode_on has moved from android.provider.Settings.System to android.provider.Settings.Global, returning read-only value.
07-11 15:29:08.679 W/Settings(25429): Setting airplane_mode_on has moved from android.provider.Settings.System to android.provider.Settings.Global, returning read-only value.
07-11 15:29:08.679 W/Settings(25429): Setting mobile_data has moved from android.provider.Settings.Secure to android.provider.Settings.Global.
07-11 15:29:08.679 D/BluetoothAdapter(25429): 1108510848: getState() :  mService = null. Returning STATE_OFF
07-11 15:29:08.679 W/Settings(25429): Setting airplane_mode_on has moved from android.provider.Settings.System to android.provider.Settings.Global, returning read-only value.
07-11 15:29:08.719 D/dalvikvm(25429): GC_CONCURRENT freed 408K, 6% free 9724K/10240K, paused 6ms+2ms, total 33ms
07-11 15:29:21.531 I/ActivityManager(  374): START u0 {act=android.intent.action.VIEW dat=file:///storage/emulated/0/MDM/download/bygamebinumbers.apk typ=application/vnd.android.package-archive flg=0x10000000 cmp=com.android.packageinstaller/.PackageInstallerActivity} from pid 3259
07-11 15:29:21.547 D/mdm_log ( 3259): [null:-1]->has installed com.moji.mjweather
07-11 15:29:21.554 D/MdmApplication( 3259): [null:-1]->onActivityPaused market.activity.AppListActivity , mActivityCount = 2
07-11 15:29:21.554 D/MDM :   ( 3259): [null:-1]->query
07-11 15:29:21.554 D/MDM :   ( 3259): [null:-1]->QUERY_PINCODE_CHECK_RESULT
