07-11 15:06:40.039 D/MdmStatusManager( 3259): [null:-1]->change status to : Busy
07-11 15:06:40.039 D/DB      ( 3259): query: SQLiteQuery: SELECT content, command_status, status FROM command WHERE status!=2
07-11 15:06:40.039 D/DB      ( 3259): factory null
07-11 15:06:40.039 D/DB      ( 3259): fillWindow: 0
07-11 15:06:40.039 D/DB      ( 3259): cursor 0
07-11 15:06:40.039 D/DB      ( 3259): moveToPos: 0
07-11 15:06:40.039 I/TransInfo( 3259): TransInfo created, id: 3, class: class com.pekall.emdm.transaction.b.c
07-11 15:06:40.039 D/NetworkThread( 3259): [null:-1]->----isRunning-----true
07-11 15:06:40.047 D/NetworkThread( 3259): [null:-1]->----isRunning-----true
07-11 15:06:40.047 D/NetworkThread( 3259): [null:-1]->thread wakeup
07-11 15:06:40.047 D/HttpClient( 3259): enable apache.http debug
07-11 15:06:40.054 V/DEBUG   ( 3259): HTTP 0
07-11 15:06:40.500 V/DEBUG   ( 3259): HTTP 1
07-11 15:06:40.508 D/MDM :   ( 3259): [null:-1]->read network input stream
07-11 15:06:40.515 D/CheckInTransInfo( 3259): [null:-1]->CommandMsg : CommandMsg{CommandUUID='8a8088bf471a79ec0147243ee59f4eb7', Command=CommandRemoveApp{Identifier='by.game.binumbers', fromMarket=true}}
07-11 15:06:40.523 D/DB      ( 3259): query: SQLiteQuery: SELECT * FROM command WHERE cmd_uuid='8a8088bf471a79ec0147243ee59f4eb7'
07-11 15:06:40.523 D/DB      ( 3259): factory null
07-11 15:06:40.523 D/DB      ( 3259): fillWindow: 0
07-11 15:06:40.523 D/DB      ( 3259): cursor 0
07-11 15:06:40.562 D/NetworkThread( 3259): [null:-1]->queue is empty, thread wait...
07-11 15:06:40.664 D/MdmService( 3259): [null:-1]->handleCheckInResult
07-11 15:06:40.664 D/MdmService( 3259): [null:-1]->handleCheckInResult result keyIndex: 3
07-11 15:06:40.672 D/CommandManager( 3259): [null:-1]->execute command: CommandMsg{CommandUUID='8a8088bf471a79ec0147243ee59f4eb7', Command=CommandRemoveApp{Identifier='by.game.binumbers', fromMarket=true}}
07-11 15:06:40.672 D/TEST_ALL( 3259): [null:-1]->REQ_TYPE_RM_APP
07-11 15:06:40.711 I/ActivityManager(  374): START u0 {act=android.intent.action.DELETE dat=package:by.game.binumbers flg=0x10000000 cmp=com.android.packageinstaller/.UninstallerActivity} from pid 3259
07-11 15:06:40.719 W/ActivityManager(  374): Activity start request from 10066 stopped
07-11 15:06:40.750 D/DB      ( 3259): query: SQLiteQuery: SELECT * FROM app WHERE readStatus =0
07-11 15:06:40.750 D/DB      ( 3259): factory null
07-11 15:06:40.750 D/DB      ( 3259): fillWindow: 0
07-11 15:06:40.750 D/DB      ( 3259): cursor 0
07-11 15:06:40.750 E/Mdm     ( 3259): Call Mdm service's recordIconCount function
07-11 15:06:40.820 I/TransInfo( 3259): TransInfo created, id: 3, class: class com.pekall.emdm.transaction.b.c
07-11 15:06:40.820 D/NetworkThread( 3259): [null:-1]->----isRunning-----true
07-11 15:06:40.820 D/NetworkThread( 3259): [null:-1]->----isRunning-----true
07-11 15:06:40.820 D/NetworkThread( 3259): [null:-1]->thread wakeup
07-11 15:06:40.828 D/HttpClient( 3259): enable apache.http debug
07-11 15:06:40.828 V/DEBUG   ( 3259): HTTP 0
07-11 15:06:41.094 V/DEBUG   ( 3259): HTTP 1
07-11 15:06:41.101 D/MdmDatabaseHelper( 3259): [null:-1]->update command 8a8088bf471a79ec0147243ee59f4eb7 to status executed
07-11 15:06:41.140 D/NetworkThread( 3259): [null:-1]->queue is empty, thread wait...
07-11 15:06:41.203 D/MdmService( 3259): [null:-1]->handleCheckInResult
07-11 15:06:41.203 D/MdmService( 3259): [null:-1]->handleCheckInResult result keyIndex: 3
07-11 15:06:41.203 D/HandleCommandTask( 3259): [null:-1]->execute command msg but beanBase is null
07-11 15:06:41.203 D/MdmStatusManager( 3259): [null:-1]->change status to : Idle
07-11 15:06:42.789 D/dalvikvm(  374): GC_FOR_ALLOC freed 912K, 30% free 23015K/32852K, paused 96ms, total 97ms
07-11 15:06:42.898 D/dalvikvm(  374): GC_FOR_ALLOC freed 761K, 30% free 22997K/32852K, paused 96ms, total 96ms
07-11 15:06:43.117 I/ActivityManager(  374): Displayed com.android.packageinstaller/.UninstallerActivity: +219ms
07-11 15:06:46.547 D/AndroidRuntime(12689): 
07-11 15:06:46.547 D/AndroidRuntime(12689): >>>>>> AndroidRuntime START com.android.internal.os.RuntimeInit <<<<<<
07-11 15:06:46.547 D/AndroidRuntime(12689): CheckJNI is OFF
07-11 15:06:46.562 D/dalvikvm(12689): Trying to load lib libjavacore.so 0x0
07-11 15:06:46.570 D/dalvikvm(12689): Added shared lib libjavacore.so 0x0
07-11 15:06:46.586 D/dalvikvm(12689): Trying to load lib libnativehelper.so 0x0
07-11 15:06:46.586 D/dalvikvm(12689): Added shared lib libnativehelper.so 0x0
07-11 15:06:46.820 D/AndroidRuntime(12689): Calling main entry com.android.commands.uiautomator.Launcher
07-11 15:06:47.281 I/ActivityManager(  374): Process android.process.acore (pid 10731) has died.
07-11 15:06:47.945 W/AccessibilityNodeInfoDumper(12689): Fetch time: 20ms
07-11 15:06:47.992 D/AndroidRuntime(12689): Shutting down VM
07-11 15:06:48.000 D/jdwp    (12689): Got wake-up signal, bailing out of select
07-11 15:06:48.000 D/dalvikvm(12689): Debugger has detached; object registry had 1 entries
07-11 15:06:50.625 W/Settings(25429): Setting airplane_mode_on has moved from android.provider.Settings.System to android.provider.Settings.Global, returning read-only value.
07-11 15:06:50.625 W/Settings(25429): Setting mobile_data has moved from android.provider.Settings.Secure to android.provider.Settings.Global.
07-11 15:06:50.625 D/BluetoothAdapter(25429): 1108510848: getState() :  mService = null. Returning STATE_OFF
07-11 15:06:50.625 W/Settings(25429): Setting airplane_mode_on has moved from android.provider.Settings.System to android.provider.Settings.Global, returning read-only value.
07-11 15:06:50.656 W/Settings(25429): Setting airplane_mode_on has moved from android.provider.Settings.System to android.provider.Settings.Global, returning read-only value.
07-11 15:06:50.656 W/Settings(25429): Setting mobile_data has moved from android.provider.Settings.Secure to android.provider.Settings.Global.
07-11 15:06:50.656 D/BluetoothAdapter(25429): 1108510848: getState() :  mService = null. Returning STATE_OFF
07-11 15:06:50.664 W/Settings(25429): Setting airplane_mode_on has moved from android.provider.Settings.System to android.provider.Settings.Global, returning read-only value.
07-11 15:06:50.695 D/dalvikvm(25429): GC_CONCURRENT freed 393K, 5% free 9723K/10224K, paused 9ms+3ms, total 30ms
07-11 15:06:54.125 D/dalvikvm( 8807): GC_FOR_ALLOC freed 382K, 8% free 9386K/10136K, paused 31ms, total 31ms
07-11 15:07:01.781 D/LightsService(  374): Excessive delay setting light: 69ms
07-11 15:07:04.867 W/dashclock_WeatherExten( 1165): Stale or missing last-known location; requesting single coarse location update.
07-11 15:07:05.492 D/dalvikvm( 1165): GC_CONCURRENT freed 322K, 9% free 9283K/10188K, paused 7ms+9ms, total 39ms
07-11 15:07:05.539 D/dalvikvm(  605): GC_CONCURRENT freed 1581K, 37% free 15083K/23700K, paused 3ms+7ms, total 60ms
07-11 15:07:06.437 D/dalvikvm(  565): GC_CONCURRENT freed 468K, 7% free 10400K/11148K, paused 3ms+6ms, total 63ms
07-11 15:07:07.633 I/PowerManagerService(  374): Going to sleep due to screen timeout...
07-11 15:07:08.406 D/SurfaceFlinger(  124): Screen released, type=0 flinger=0x400b4008
07-11 15:07:08.562 D/dalvikvm(  374): GC_FOR_ALLOC freed 1458K, 30% free 23137K/32852K, paused 99ms, total 100ms
07-11 15:07:08.664 D/NfcService(  592): NFC-C OFF, disconnect
07-11 15:07:08.726 D/dalvikvm( 1165): GC_CONCURRENT freed 414K, 9% free 9274K/10188K, paused 5ms+2ms, total 85ms
07-11 15:07:08.742 D/MDM :   ( 3259): [null:-1]->query
07-11 15:07:08.742 D/MDM :   ( 3259): [null:-1]->QUERY_SETTING_PIN_ONOFF
07-11 15:07:13.586 V/KeyguardHostView(  374): hide transport, gen:107
07-11 15:07:13.586 V/KeyguardHostView(  374): music state changed: 0
07-11 15:07:13.625 D/PhoneStatusBar(  450): disable: < expand icons alerts ticker system_info back home RECENT* clock search >
07-11 15:07:13.656 V/TAG     (  374): bug 7643792: fitSystemWindows([0,50][0,0])
07-11 15:07:13.812 D/PhoneStatusBar(  450): disable: < expand icons alerts ticker system_info BACK* HOME* RECENT CLOCK* search >
07-11 15:07:30.344 D/JOBS    ( 7201): Thread-3313: load factor check. true = (0 < 1)|| (0 * 3 < 0 + 0). consumer thread: true
07-11 15:07:30.344 D/JOBS    ( 7201): didn't allow me to die, re-running Thread-3313
07-11 15:07:30.344 D/JOBS    ( 7201): re-running consumer Thread-3313
07-11 15:07:39.515 W/MountService(  374): getVolumeState(/storage/emulated/0/external_sd): Unknown volume
07-11 15:07:39.515 W/MountService(  374): getVolumeState(/mnt/sdcard-ext): Unknown volume
07-11 15:07:39.523 W/MountService(  374): getVolumeState(/mnt/ext_sdcard): Unknown volume
07-11 15:07:39.523 W/MountService(  374): getVolumeState(/mnt/sdcard2): Unknown volume
07-11 15:07:39.523 W/MountService(  374): getVolumeState(/mnt/emmc): Unknown volume
07-11 15:07:39.523 W/MountService(  374): getVolumeState(/mnt/extSdCard): Unknown volume
07-11 15:07:39.523 W/MountService(  374): getVolumeState(/mnt/sdcard/SD_CARD): Unknown volume
07-11 15:07:39.523 W/MountService(  374): getVolumeState(/mnt/sdcard/extra_sd): Unknown volume
07-11 15:07:39.523 W/MountService(  374): getVolumeState(/mnt/extrasd_bind): Unknown volume
07-11 15:07:39.523 W/MountService(  374): getVolumeState(/mnt/sdcard/ext_sd): Unknown volume
07-11 15:07:39.523 W/MountService(  374): getVolumeState(/storage/extSdCard): Unknown volume
07-11 15:07:39.531 W/MountService(  374): getVolumeState(/storage/sdcard1): Unknown volume
07-11 15:07:39.531 W/MountService(  374): getVolumeState(/mnt/sdcard/external_SD): Unknown volume
07-11 15:07:39.531 W/MountService(  374): getVolumeState(/mnt/sdcard/external_sd): Unknown volume
07-11 15:07:39.601 D/dalvikvm( 8807): GC_CONCURRENT freed 353K, 6% free 9544K/10136K, paused 2ms+4ms, total 24ms
07-11 15:07:39.601 D/dalvikvm( 8807): WAIT_FOR_CONCURRENT_GC blocked 12ms
07-11 15:07:39.617 I/ActivityManager(  374): Start proc android.process.acore for content provider com.android.providers.contacts/.ContactsProvider2: pid=12827 uid=10000 gids={50000, 3003, 1015, 1028}
07-11 15:07:39.804 D/dalvikvm(12827): GC_CONCURRENT freed 209K, 3% free 9169K/9416K, paused 4ms+2ms, total 28ms
07-11 15:07:40.219 I/ContactLocale(12827): AddressBook Labels [zh_CN]: [, A, B, C, D, E, F, G, H, I, J, K, L, M, N, O, P, Q, R, S, T, U, V, W, X, Y, Z, , , , , , , , , , , , , , , , , , , , , , , , , , , , , , , , , , , , , , , , , , , , , , , , , , , , , , , , , , , , , , , , , , , , , , , , , , , , , , , , , , , , , , , , , , , , , , , , , , , , , , , , , , , , , , , , , , , , , , , , , , , , , , , , , , , , , , , , , , , , , , , , , , , , , , , , , , , , #, ]
07-11 15:07:40.445 I/ActivityManager(  374): Process com.google.android.apps.maps:LocationFriendService (pid 11052) has died.
07-11 15:07:40.484 W/MountService(  374): getVolumeState(/storage/emulated/0/external_sd): Unknown volume
07-11 15:07:40.484 W/MountService(  374): getVolumeState(/mnt/sdcard-ext): Unknown volume
07-11 15:07:40.484 W/MountService(  374): getVolumeState(/mnt/ext_sdcard): Unknown volume
07-11 15:07:40.484 W/MountService(  374): getVolumeState(/mnt/sdcard2): Unknown volume
07-11 15:07:40.484 W/MountService(  374): getVolumeState(/mnt/emmc): Unknown volume
07-11 15:07:40.484 W/MountService(  374): getVolumeState(/mnt/extSdCard): Unknown volume
07-11 15:07:40.484 W/MountService(  374): getVolumeState(/mnt/sdcard/SD_CARD): Unknown volume
07-11 15:07:40.492 W/MountService(  374): getVolumeState(/mnt/sdcard/extra_sd): Unknown volume
07-11 15:07:40.492 W/MountService(  374): getVolumeState(/mnt/extrasd_bind): Unknown volume
07-11 15:07:40.492 W/MountService(  374): getVolumeState(/mnt/sdcard/ext_sd): Unknown volume
07-11 15:07:40.492 W/MountService(  374): getVolumeState(/storage/extSdCard): Unknown volume
07-11 15:07:40.500 W/MountService(  374): getVolumeState(/storage/sdcard1): Unknown volume
07-11 15:07:40.500 W/MountService(  374): getVolumeState(/mnt/sdcard/external_SD): Unknown volume
07-11 15:07:40.508 W/MountService(  374): getVolumeState(/mnt/sdcard/external_sd): Unknown volume
07-11 15:07:40.523 D/dalvikvm( 8807): GC_CONCURRENT freed 583K, 7% free 9483K/10156K, paused 3ms+5ms, total 34ms
07-11 15:07:40.726 I/ActivityManager(  374): Process com.google.android.gallery3d (pid 10807) has died.
07-11 15:07:40.804 D/dalvikvm(12827): GC_CONCURRENT freed 160K, 3% free 9403K/9600K, paused 3ms+2ms, total 30ms
07-11 15:07:42.914 I/ActivityManager(  374): Process com.google.android.apps.maps:FriendService (pid 11031) has died.
07-11 15:08:16.531 D/dalvikvm(25474): GC_CONCURRENT freed 402K, 16% free 9527K/11232K, paused 2ms+3ms, total 33ms
07-11 15:08:19.820 D/dalvikvm(26136): GC_CONCURRENT freed 387K, 5% free 10039K/10492K, paused 3ms+2ms, total 38ms
07-11 15:08:29.547 D/PushService( 7201): [null:-1]->receiver action :com.pekall.mdm.action.PUSH_ALARM
07-11 15:08:29.554 D/PushService( 7201): [null:-1]->keepAliveWithPushServer client is opened:true
07-11 15:08:29.554 D/PushLib : ( 7201): [null:-1]->ping!!!!!!!!!
07-11 15:08:29.562 D/PushLib : ( 7201): [null:-1]->pushClient is :not null
07-11 15:08:29.562 D/PushLib : ( 7201): [null:-1]->pushClient opened : opened
07-11 15:08:34.586 D/PushLib : ( 7201): [null:-1]->MSG_WEBSOCKET_PONG
07-11 15:08:39.679 W/MountService(  374): getVolumeState(/storage/emulated/0/external_sd): Unknown volume
07-11 15:08:39.679 W/MountService(  374): getVolumeState(/mnt/sdcard-ext): Unknown volume
07-11 15:08:39.687 W/MountService(  374): getVolumeState(/mnt/ext_sdcard): Unknown volume
07-11 15:08:39.687 W/MountService(  374): getVolumeState(/mnt/sdcard2): Unknown volume
07-11 15:08:39.687 W/MountService(  374): getVolumeState(/mnt/emmc): Unknown volume
07-11 15:08:39.687 W/MountService(  374): getVolumeState(/mnt/extSdCard): Unknown volume
07-11 15:08:39.687 W/MountService(  374): getVolumeState(/mnt/sdcard/SD_CARD): Unknown volume
07-11 15:08:39.687 W/MountService(  374): getVolumeState(/mnt/sdcard/extra_sd): Unknown volume
07-11 15:08:39.687 W/MountService(  374): getVolumeState(/mnt/extrasd_bind): Unknown volume
07-11 15:08:39.687 W/MountService(  374): getVolumeState(/mnt/sdcard/ext_sd): Unknown volume
07-11 15:08:39.687 W/MountService(  374): getVolumeState(/storage/extSdCard): Unknown volume
07-11 15:08:39.695 W/MountService(  374): getVolumeState(/storage/sdcard1): Unknown volume
07-11 15:08:39.695 W/MountService(  374): getVolumeState(/mnt/sdcard/external_SD): Unknown volume
07-11 15:08:39.695 W/MountService(  374): getVolumeState(/mnt/sdcard/external_sd): Unknown volume
07-11 15:08:39.734 D/dalvikvm( 8807): GC_FOR_ALLOC freed 429K, 8% free 9407K/10152K, paused 24ms, total 25ms
07-11 15:08:39.922 D/dalvikvm( 8807): GC_CONCURRENT freed 443K, 8% free 9428K/10152K, paused 3ms+4ms, total 30ms
07-11 15:08:39.937 W/MountService(  374): getVolumeState(/storage/emulated/0/external_sd): Unknown volume
07-11 15:08:39.937 W/MountService(  374): getVolumeState(/mnt/sdcard-ext): Unknown volume
07-11 15:08:39.937 W/MountService(  374): getVolumeState(/mnt/ext_sdcard): Unknown volume
07-11 15:08:39.937 W/MountService(  374): getVolumeState(/mnt/sdcard2): Unknown volume
07-11 15:08:39.937 W/MountService(  374): getVolumeState(/mnt/emmc): Unknown volume
07-11 15:08:39.937 W/MountService(  374): getVolumeState(/mnt/extSdCard): Unknown volume
07-11 15:08:39.937 W/MountService(  374): getVolumeState(/mnt/sdcard/SD_CARD): Unknown volume
07-11 15:08:39.937 W/MountService(  374): getVolumeState(/mnt/sdcard/extra_sd): Unknown volume
07-11 15:08:39.945 W/MountService(  374): getVolumeState(/mnt/extrasd_bind): Unknown volume
07-11 15:08:39.945 W/MountService(  374): getVolumeState(/mnt/sdcard/ext_sd): Unknown volume
07-11 15:08:39.945 W/MountService(  374): getVolumeState(/storage/extSdCard): Unknown volume
07-11 15:08:39.945 W/MountService(  374): getVolumeState(/storage/sdcard1): Unknown volume
07-11 15:08:39.945 W/MountService(  374): getVolumeState(/mnt/sdcard/external_SD): Unknown volume
07-11 15:08:39.945 W/MountService(  374): getVolumeState(/mnt/sdcard/external_sd): Unknown volume
07-11 15:08:40.039 D/dalvikvm( 8807): GC_CONCURRENT freed 450K, 8% free 9388K/10152K, paused 3ms+3ms, total 27ms
07-11 15:09:15.515 D/dalvikvm(  565): GC_CONCURRENT freed 425K, 7% free 10416K/11148K, paused 8ms+4ms, total 41ms
07-11 15:09:27.203 D/MdmService( 3259): [null:-1]->receiver action :com.pekall.mdm.action.MDM_ALARM
07-11 15:09:30.344 D/JOBS    ( 7201): Thread-3313: load factor check. true = (0 < 1)|| (0 * 3 < 0 + 0). consumer thread: true
07-11 15:09:30.351 D/JOBS    ( 7201): didn't allow me to die, re-running Thread-3313
07-11 15:09:30.351 D/JOBS    ( 7201): re-running consumer Thread-3313
07-11 15:09:39.742 W/MountService(  374): getVolumeState(/storage/emulated/0/external_sd): Unknown volume
07-11 15:09:39.742 W/MountService(  374): getVolumeState(/mnt/sdcard-ext): Unknown volume
07-11 15:09:39.742 W/MountService(  374): getVolumeState(/mnt/ext_sdcard): Unknown volume
07-11 15:09:39.742 W/MountService(  374): getVolumeState(/mnt/sdcard2): Unknown volume
07-11 15:09:39.742 W/MountService(  374): getVolumeState(/mnt/emmc): Unknown volume
07-11 15:09:39.742 W/MountService(  374): getVolumeState(/mnt/extSdCard): Unknown volume
07-11 15:09:39.742 W/MountService(  374): getVolumeState(/mnt/sdcard/SD_CARD): Unknown volume
07-11 15:09:39.742 W/MountService(  374): getVolumeState(/mnt/sdcard/extra_sd): Unknown volume
07-11 15:09:39.750 W/MountService(  374): getVolumeState(/mnt/extrasd_bind): Unknown volume
07-11 15:09:39.750 W/MountService(  374): getVolumeState(/mnt/sdcard/ext_sd): Unknown volume
07-11 15:09:39.750 W/MountService(  374): getVolumeState(/storage/extSdCard): Unknown volume
07-11 15:09:39.750 W/MountService(  374): getVolumeState(/storage/sdcard1): Unknown volume
07-11 15:09:39.750 W/MountService(  374): getVolumeState(/mnt/sdcard/external_SD): Unknown volume
07-11 15:09:39.750 W/MountService(  374): getVolumeState(/mnt/sdcard/external_sd): Unknown volume
07-11 15:09:39.812 D/dalvikvm( 8807): GC_CONCURRENT freed 405K, 7% free 9494K/10140K, paused 4ms+3ms, total 31ms
07-11 15:09:39.812 D/dalvikvm( 8807): WAIT_FOR_CONCURRENT_GC blocked 7ms
07-11 15:09:39.883 D/dalvikvm( 6650): GC_EXPLICIT freed 217K, 3% free 9196K/9452K, paused 2ms+5ms, total 30ms
07-11 15:09:40.008 W/MountService(  374): getVolumeState(/storage/emulated/0/external_sd): Unknown volume
07-11 15:09:40.015 W/MountService(  374): getVolumeState(/mnt/sdcard-ext): Unknown volume
07-11 15:09:40.015 W/MountService(  374): getVolumeState(/mnt/ext_sdcard): Unknown volume
07-11 15:09:40.015 W/MountService(  374): getVolumeState(/mnt/sdcard2): Unknown volume
07-11 15:09:40.015 W/MountService(  374): getVolumeState(/mnt/emmc): Unknown volume
07-11 15:09:40.015 W/MountService(  374): getVolumeState(/mnt/extSdCard): Unknown volume
07-11 15:09:40.015 W/MountService(  374): getVolumeState(/mnt/sdcard/SD_CARD): Unknown volume
07-11 15:09:40.015 W/MountService(  374): getVolumeState(/mnt/sdcard/extra_sd): Unknown volume
07-11 15:09:40.015 W/MountService(  374): getVolumeState(/mnt/extrasd_bind): Unknown volume
07-11 15:09:40.023 W/MountService(  374): getVolumeState(/mnt/sdcard/ext_sd): Unknown volume
07-11 15:09:40.023 W/MountService(  374): getVolumeState(/storage/extSdCard): Unknown volume
07-11 15:09:40.023 W/MountService(  374): getVolumeState(/storage/sdcard1): Unknown volume
07-11 15:09:40.023 W/MountService(  374): getVolumeState(/mnt/sdcard/external_SD): Unknown volume
07-11 15:09:40.023 W/MountService(  374): getVolumeState(/mnt/sdcard/external_sd): Unknown volume
07-11 15:09:40.039 D/dalvikvm( 8807): GC_CONCURRENT freed 524K, 7% free 9482K/10140K, paused 4ms+4ms, total 37ms
07-11 15:09:40.039 D/dalvikvm( 8807): WAIT_FOR_CONCURRENT_GC blocked 2ms
07-11 15:09:40.039 D/dalvikvm( 8807): WAIT_FOR_CONCURRENT_GC blocked 9ms
07-11 15:09:52.390 D/dalvikvm(  374): GC_EXPLICIT freed 2730K, 29% free 23516K/32852K, paused 7ms+14ms, total 133ms
07-11 15:10:12.453 I/ActivityManager(  374): No longer want com.nd.assistance.ServerService (pid 4626): empty for 1806s
07-11 15:10:12.461 W/ActivityManager(  374): Scheduling restart of crashed service com.nd.assistance/.server.ServerService in 5000ms
07-11 15:10:12.976 D/AndroidRuntime(13155): 
07-11 15:10:12.976 D/AndroidRuntime(13155): >>>>>> AndroidRuntime START com.android.internal.os.RuntimeInit <<<<<<
07-11 15:10:12.976 D/AndroidRuntime(13155): CheckJNI is OFF
07-11 15:10:12.992 D/dalvikvm(13155): Trying to load lib libjavacore.so 0x0
07-11 15:10:13.000 D/dalvikvm(13155): Added shared lib libjavacore.so 0x0
07-11 15:10:13.015 D/dalvikvm(13155): Trying to load lib libnativehelper.so 0x0
07-11 15:10:13.015 D/dalvikvm(13155): Added shared lib libnativehelper.so 0x0
07-11 15:10:13.258 D/AndroidRuntime(13155): Calling main entry com.android.commands.am.Am
07-11 15:10:13.265 D/dalvikvm(13155): Note: class Landroid/app/ActivityManagerNative; has 163 unimplemented (abstract) methods
07-11 15:10:13.281 I/ActivityManager(  374): Start proc com.nd.assistance for broadcast com.nd.assistance/.controller.DaemonController: pid=13166 uid=10065 gids={50065, 3003, 1015, 1006, 1028}
07-11 15:10:13.289 D/dalvikvm(13166): Late-enabling CheckJNI
07-11 15:10:13.304 I/dalvikvm(13166): Turning on JNI app bug workarounds for target SDK version 3...
07-11 15:10:13.344 E/LogCenter(13166): logger_impl_ init
07-11 15:10:13.359 D/AndroidRuntime(13155): Shutting down VM
07-11 15:10:13.359 I/ActivityManager(  374): Start proc com.nd.assistance.ServerService for service com.nd.assistance/.server.ServerService: pid=13209 uid=10065 gids={50065, 3003, 1015, 1006, 1028}
07-11 15:10:13.367 D/jdwp    (13155): Got wake-up signal, bailing out of select
07-11 15:10:13.367 D/dalvikvm(13155): Debugger has detached; object registry had 1 entries
07-11 15:10:13.367 D/dalvikvm(13209): Late-enabling CheckJNI
07-11 15:10:13.383 I/dalvikvm(13209): Turning on JNI app bug workarounds for target SDK version 3...
07-11 15:10:13.414 E/LogCenter(13209): logger_impl_ init
07-11 15:10:13.422 D/com.nd.assistance.server.ServerService(13209): ServerService onCreate()
07-11 15:10:13.422 D/com.nd.assistance.server.ServerService(13209): ServerService onStart()
07-11 15:10:13.422 D/com.nd.assistance.server.ServerService(13209): mIsStarting is false, set mIsStarting = true
07-11 15:10:13.422 D/com.nd.assistance.server.ServerService(13209): startDaemonServer(false)
07-11 15:10:13.422 D/com.nd.assistance.server.ServerService(13209): mDaemonServer == null
07-11 15:10:13.453 E/daemon.k.a(13209): acquireWifiLock()
07-11 15:10:13.469 D/daemon.h.b.b(13209): set mIsStarting = false
07-11 15:10:13.469 D/com.nd.assistance.server.ServerService(13209): ServerService onStart used time: 44
07-11 15:10:13.469 D/com.nd.assistance.server.ServerService(13209): start nio server
07-11 15:10:13.492 D/daemon.h.b.c(13209): SelectReactor run()
07-11 15:10:14.359 E/daemon.c.c(13209): start heartbeat server.
07-11 15:10:25.679 W/System.err( 6553): java.io.FileNotFoundException: /data/data/com.mgyapp.android/files/.cfpaps.i: open failed: ENOENT (No such file or directory)
07-11 15:10:25.679 W/System.err( 6553): 	at libcore.io.IoBridge.open(IoBridge.java:409)
07-11 15:10:25.679 W/System.err( 6553): 	at java.io.FileInputStream.<init>(FileInputStream.java:78)
07-11 15:10:25.679 W/System.err( 6553): 	at android.app.ContextImpl.openFileInput(ContextImpl.java:702)
07-11 15:10:25.679 W/System.err( 6553): 	at android.content.ContextWrapper.openFileInput(ContextWrapper.java:173)
07-11 15:10:25.679 W/System.err( 6553): 	at com.mgyun.shua.jc.service.f.run(Unknown Source)
07-11 15:10:25.679 W/System.err( 6553): 	at com.mgyun.shua.jc.service.CpWorkServer.onHandleIntent(Unknown Source)
07-11 15:10:25.679 W/System.err( 6553): 	at android.app.IntentService$ServiceHandler.handleMessage(IntentService.java:65)
07-11 15:10:25.679 W/System.err( 6553): 	at android.os.Handler.dispatchMessage(Handler.java:99)
07-11 15:10:25.679 W/System.err( 6553): 	at android.os.Looper.loop(Looper.java:137)
07-11 15:10:25.679 W/System.err( 6553): 	at android.os.HandlerThread.run(HandlerThread.java:61)
07-11 15:10:25.679 W/System.err( 6553): Caused by: libcore.io.ErrnoException: open failed: ENOENT (No such file or directory)
07-11 15:10:25.687 W/System.err( 6553): 	at libcore.io.Posix.open(Native Method)
07-11 15:10:25.687 W/System.err( 6553): 	at libcore.io.BlockGuardOs.open(BlockGuardOs.java:110)
07-11 15:10:25.687 W/System.err( 6553): 	at libcore.io.IoBridge.open(IoBridge.java:393)
07-11 15:10:25.687 W/System.err( 6553): 	... 9 more
07-11 15:10:32.023 D/GCM     (  647): Ignoring attempt to send heartbeat on dead connection.
07-11 15:10:35.679 W/System.err( 6553): java.io.FileNotFoundException: /data/data/com.mgyapp.android/files/.cfp.i: open failed: ENOENT (No such file or directory)
07-11 15:10:35.679 W/System.err( 6553): 	at libcore.io.IoBridge.open(IoBridge.java:409)
07-11 15:10:35.679 W/System.err( 6553): 	at java.io.FileInputStream.<init>(FileInputStream.java:78)
07-11 15:10:35.679 W/System.err( 6553): 	at android.app.ContextImpl.openFileInput(ContextImpl.java:702)
07-11 15:10:35.679 W/System.err( 6553): 	at android.content.ContextWrapper.openFileInput(ContextWrapper.java:173)
07-11 15:10:35.679 W/System.err( 6553): 	at com.mgyun.shua.jc.c.b(Unknown Source)
07-11 15:10:35.679 W/System.err( 6553): 	at com.mgyun.shua.jc.d.a(Unknown Source)
07-11 15:10:35.679 W/System.err( 6553): 	at com.mgyun.shua.jc.service.CpWorkServer.onHandleIntent(Unknown Source)
07-11 15:10:35.679 W/System.err( 6553): 	at android.app.IntentService$ServiceHandler.handleMessage(IntentService.java:65)
07-11 15:10:35.679 W/System.err( 6553): 	at android.os.Handler.dispatchMessage(Handler.java:99)
07-11 15:10:35.679 W/System.err( 6553): 	at android.os.Looper.loop(Looper.java:137)
07-11 15:10:35.679 W/System.err( 6553): 	at android.os.HandlerThread.run(HandlerThread.java:61)
07-11 15:10:35.679 W/System.err( 6553): Caused by: libcore.io.ErrnoException: open failed: ENOENT (No such file or directory)
07-11 15:10:35.679 W/System.err( 6553): 	at libcore.io.Posix.open(Native Method)
07-11 15:10:35.679 W/System.err( 6553): 	at libcore.io.BlockGuardOs.open(BlockGuardOs.java:110)
07-11 15:10:35.679 W/System.err( 6553): 	at libcore.io.IoBridge.open(IoBridge.java:393)
07-11 15:10:35.687 W/System.err( 6553): 	... 10 more
07-11 15:10:39.953 W/MountService(  374): getVolumeState(/storage/emulated/0/external_sd): Unknown volume
07-11 15:10:39.953 W/MountService(  374): getVolumeState(/mnt/sdcard-ext): Unknown volume
07-11 15:10:39.961 W/MountService(  374): getVolumeState(/mnt/ext_sdcard): Unknown volume
07-11 15:10:39.961 W/MountService(  374): getVolumeState(/mnt/sdcard2): Unknown volume
07-11 15:10:39.961 W/MountService(  374): getVolumeState(/mnt/emmc): Unknown volume
07-11 15:10:39.961 W/MountService(  374): getVolumeState(/mnt/extSdCard): Unknown volume
07-11 15:10:39.961 W/MountService(  374): getVolumeState(/mnt/sdcard/SD_CARD): Unknown volume
07-11 15:10:39.969 W/MountService(  374): getVolumeState(/mnt/sdcard/extra_sd): Unknown volume
07-11 15:10:39.969 W/MountService(  374): getVolumeState(/mnt/extrasd_bind): Unknown volume
07-11 15:10:39.969 W/MountService(  374): getVolumeState(/mnt/sdcard/ext_sd): Unknown volume
07-11 15:10:39.969 W/MountService(  374): getVolumeState(/storage/extSdCard): Unknown volume
07-11 15:10:39.969 W/MountService(  374): getVolumeState(/storage/sdcard1): Unknown volume
07-11 15:10:39.969 W/MountService(  374): getVolumeState(/mnt/sdcard/external_SD): Unknown volume
07-11 15:10:39.969 W/MountService(  374): getVolumeState(/mnt/sdcard/external_sd): Unknown volume
07-11 15:10:39.992 D/dalvikvm( 8807): GC_FOR_ALLOC freed 397K, 7% free 9435K/10136K, paused 20ms, total 20ms
07-11 15:10:40.101 D/dalvikvm(  577): GC_EXPLICIT freed 229K, 7% free 11548K/12344K, paused 3ms+6ms, total 42ms
07-11 15:10:40.226 D/dalvikvm( 8807): GC_CONCURRENT freed 452K, 8% free 9406K/10136K, paused 3ms+3ms, total 30ms
07-11 15:10:40.265 W/MountService(  374): getVolumeState(/storage/emulated/0/external_sd): Unknown volume
07-11 15:10:40.265 W/MountService(  374): getVolumeState(/mnt/sdcard-ext): Unknown volume
07-11 15:10:40.265 W/MountService(  374): getVolumeState(/mnt/ext_sdcard): Unknown volume
07-11 15:10:40.265 W/MountService(  374): getVolumeState(/mnt/sdcard2): Unknown volume
07-11 15:10:40.265 W/MountService(  374): getVolumeState(/mnt/emmc): Unknown volume
07-11 15:10:40.265 W/MountService(  374): getVolumeState(/mnt/extSdCard): Unknown volume
07-11 15:10:40.273 W/MountService(  374): getVolumeState(/mnt/sdcard/SD_CARD): Unknown volume
07-11 15:10:40.273 W/MountService(  374): getVolumeState(/mnt/sdcard/extra_sd): Unknown volume
07-11 15:10:40.273 W/MountService(  374): getVolumeState(/mnt/extrasd_bind): Unknown volume
07-11 15:10:40.273 W/MountService(  374): getVolumeState(/mnt/sdcard/ext_sd): Unknown volume
07-11 15:10:40.273 W/MountService(  374): getVolumeState(/storage/extSdCard): Unknown volume
07-11 15:10:40.273 W/MountService(  374): getVolumeState(/storage/sdcard1): Unknown volume
07-11 15:10:40.273 W/MountService(  374): getVolumeState(/mnt/sdcard/external_SD): Unknown volume
07-11 15:10:40.281 W/MountService(  374): getVolumeState(/mnt/sdcard/external_sd): Unknown volume
07-11 15:10:40.328 D/dalvikvm( 8807): GC_CONCURRENT freed 406K, 8% free 9414K/10136K, paused 2ms+3ms, total 22ms
07-11 15:11:23.656 D/dalvikvm(13209): GC_FOR_ALLOC freed 331K, 4% free 9102K/9468K, paused 29ms, total 29ms
07-11 15:11:30.351 D/JOBS    ( 7201): Thread-3313: load factor check. true = (0 < 1)|| (0 * 3 < 0 + 0). consumer thread: true
07-11 15:11:30.351 D/JOBS    ( 7201): didn't allow me to die, re-running Thread-3313
07-11 15:11:30.351 D/JOBS    ( 7201): re-running consumer Thread-3313
07-11 15:11:40.164 W/MountService(  374): getVolumeState(/storage/emulated/0/external_sd): Unknown volume
07-11 15:11:40.164 W/MountService(  374): getVolumeState(/mnt/sdcard-ext): Unknown volume
07-11 15:11:40.164 W/MountService(  374): getVolumeState(/mnt/ext_sdcard): Unknown volume
07-11 15:11:40.172 W/MountService(  374): getVolumeState(/mnt/sdcard2): Unknown volume
07-11 15:11:40.172 W/MountService(  374): getVolumeState(/mnt/emmc): Unknown volume
07-11 15:11:40.172 W/MountService(  374): getVolumeState(/mnt/extSdCard): Unknown volume
07-11 15:11:40.172 W/MountService(  374): getVolumeState(/mnt/sdcard/SD_CARD): Unknown volume
07-11 15:11:40.172 W/MountService(  374): getVolumeState(/mnt/sdcard/extra_sd): Unknown volume
07-11 15:11:40.179 W/MountService(  374): getVolumeState(/mnt/extrasd_bind): Unknown volume
07-11 15:11:40.179 W/MountService(  374): getVolumeState(/mnt/sdcard/ext_sd): Unknown volume
07-11 15:11:40.179 W/MountService(  374): getVolumeState(/storage/extSdCard): Unknown volume
07-11 15:11:40.179 W/MountService(  374): getVolumeState(/storage/sdcard1): Unknown volume
07-11 15:11:40.179 W/MountService(  374): getVolumeState(/mnt/sdcard/external_SD): Unknown volume
07-11 15:11:40.203 D/dalvikvm( 8807): GC_FOR_ALLOC freed 362K, 8% free 9403K/10120K, paused 20ms, total 20ms
07-11 15:11:40.203 W/MountService(  374): getVolumeState(/mnt/sdcard/external_sd): Unknown volume
07-11 15:11:40.383 D/dalvikvm( 8807): GC_CONCURRENT freed 452K, 7% free 9432K/10120K, paused 3ms+3ms, total 34ms
07-11 15:11:40.422 W/MountService(  374): getVolumeState(/storage/emulated/0/external_sd): Unknown volume
07-11 15:11:40.422 W/MountService(  374): getVolumeState(/mnt/sdcard-ext): Unknown volume
07-11 15:11:40.422 W/MountService(  374): getVolumeState(/mnt/ext_sdcard): Unknown volume
07-11 15:11:40.422 W/MountService(  374): getVolumeState(/mnt/sdcard2): Unknown volume
07-11 15:11:40.422 W/MountService(  374): getVolumeState(/mnt/emmc): Unknown volume
07-11 15:11:40.429 W/MountService(  374): getVolumeState(/mnt/extSdCard): Unknown volume
07-11 15:11:40.429 W/MountService(  374): getVolumeState(/mnt/sdcard/SD_CARD): Unknown volume
07-11 15:11:40.429 W/MountService(  374): getVolumeState(/mnt/sdcard/extra_sd): Unknown volume
07-11 15:11:40.429 W/MountService(  374): getVolumeState(/mnt/extrasd_bind): Unknown volume
07-11 15:11:40.429 W/MountService(  374): getVolumeState(/mnt/sdcard/ext_sd): Unknown volume
07-11 15:11:40.429 W/MountService(  374): getVolumeState(/storage/extSdCard): Unknown volume
07-11 15:11:40.429 W/MountService(  374): getVolumeState(/storage/sdcard1): Unknown volume
07-11 15:11:40.437 W/MountService(  374): getVolumeState(/mnt/sdcard/external_SD): Unknown volume
07-11 15:11:40.437 W/MountService(  374): getVolumeState(/mnt/sdcard/external_sd): Unknown volume
07-11 15:11:40.492 D/dalvikvm( 8807): GC_CONCURRENT freed 407K, 7% free 9413K/10120K, paused 4ms+2ms, total 25ms
07-11 15:12:27.195 D/MdmService( 3259): [null:-1]->receiver action :com.pekall.mdm.action.MDM_ALARM
07-11 15:12:27.203 D/MdmService( 3259): [null:-1]->keepAliveWithPushServer client is opened:true
07-11 15:12:27.203 D/MDM :   ( 3259): [null:-1]->ping!!!!!!!!!
07-11 15:12:27.211 D/MdmService( 3259): [null:-1]->pushUrl : ws://192.168.10.91:9070/websocket
07-11 15:12:27.211 D/MDM :   ( 3259): [null:-1]->mMdmPushClient is :not null
07-11 15:12:27.211 D/MDM :   ( 3259): [null:-1]->mMdmPushClient opened : opened
07-11 15:12:27.226 D/MDM :   ( 3259): [null:-1]->MSG_WEBSOCKET_PONG
07-11 15:12:32.219 W/ProcessStats(  374): Skipping unknown process pid 13517
07-11 15:12:40.297 W/MountService(  374): getVolumeState(/storage/emulated/0/external_sd): Unknown volume
07-11 15:12:40.304 W/MountService(  374): getVolumeState(/mnt/sdcard-ext): Unknown volume
07-11 15:12:40.304 W/MountService(  374): getVolumeState(/mnt/ext_sdcard): Unknown volume
07-11 15:12:40.304 W/MountService(  374): getVolumeState(/mnt/sdcard2): Unknown volume
07-11 15:12:40.304 W/MountService(  374): getVolumeState(/mnt/emmc): Unknown volume
07-11 15:12:40.304 W/MountService(  374): getVolumeState(/mnt/extSdCard): Unknown volume
07-11 15:12:40.304 W/MountService(  374): getVolumeState(/mnt/sdcard/SD_CARD): Unknown volume
07-11 15:12:40.304 W/MountService(  374): getVolumeState(/mnt/sdcard/extra_sd): Unknown volume
07-11 15:12:40.304 W/MountService(  374): getVolumeState(/mnt/extrasd_bind): Unknown volume
07-11 15:12:40.304 W/MountService(  374): getVolumeState(/mnt/sdcard/ext_sd): Unknown volume
07-11 15:12:40.312 W/MountService(  374): getVolumeState(/storage/extSdCard): Unknown volume
07-11 15:12:40.312 W/MountService(  374): getVolumeState(/storage/sdcard1): Unknown volume
07-11 15:12:40.312 W/MountService(  374): getVolumeState(/mnt/sdcard/external_SD): Unknown volume
07-11 15:12:40.312 W/MountService(  374): getVolumeState(/mnt/sdcard/external_sd): Unknown volume
07-11 15:12:40.359 D/dalvikvm( 8807): GC_FOR_ALLOC freed 360K, 8% free 9403K/10112K, paused 20ms, total 21ms
07-11 15:12:40.515 W/MountService(  374): getVolumeState(/storage/emulated/0/external_sd): Unknown volume
07-11 15:12:40.523 W/MountService(  374): getVolumeState(/mnt/sdcard-ext): Unknown volume
07-11 15:12:40.523 W/MountService(  374): getVolumeState(/mnt/ext_sdcard): Unknown volume
07-11 15:12:40.523 W/MountService(  374): getVolumeState(/mnt/sdcard2): Unknown volume
07-11 15:12:40.523 W/MountService(  374): getVolumeState(/mnt/emmc): Unknown volume
07-11 15:12:40.523 W/MountService(  374): getVolumeState(/mnt/extSdCard): Unknown volume
07-11 15:12:40.523 W/MountService(  374): getVolumeState(/mnt/sdcard/SD_CARD): Unknown volume
07-11 15:12:40.523 W/MountService(  374): getVolumeState(/mnt/sdcard/extra_sd): Unknown volume
07-11 15:12:40.531 W/MountService(  374): getVolumeState(/mnt/extrasd_bind): Unknown volume
07-11 15:12:40.531 W/MountService(  374): getVolumeState(/mnt/sdcard/ext_sd): Unknown volume
07-11 15:12:40.531 W/MountService(  374): getVolumeState(/storage/extSdCard): Unknown volume
07-11 15:12:40.531 W/MountService(  374): getVolumeState(/storage/sdcard1): Unknown volume
07-11 15:12:40.531 W/MountService(  374): getVolumeState(/mnt/sdcard/external_SD): Unknown volume
07-11 15:12:40.531 W/MountService(  374): getVolumeState(/mnt/sdcard/external_sd): Unknown volume
07-11 15:12:40.547 D/dalvikvm( 8807): GC_CONCURRENT freed 439K, 7% free 9471K/10112K, paused 4ms+3ms, total 37ms
07-11 15:12:40.547 D/dalvikvm( 8807): WAIT_FOR_CONCURRENT_GC blocked 9ms
07-11 15:12:40.547 D/dalvikvm( 8807): WAIT_FOR_CONCURRENT_GC blocked 12ms
07-11 15:12:40.648 D/dalvikvm( 8807): GC_FOR_ALLOC freed 370K, 8% free 9385K/10112K, paused 20ms, total 20ms
07-11 15:13:29.547 D/PushService( 7201): [null:-1]->receiver action :com.pekall.mdm.action.PUSH_ALARM
07-11 15:13:29.554 D/PushService( 7201): [null:-1]->keepAliveWithPushServer client is opened:true
07-11 15:13:29.554 D/PushLib : ( 7201): [null:-1]->ping!!!!!!!!!
07-11 15:13:29.562 D/PushLib : ( 7201): [null:-1]->pushClient is :not null
07-11 15:13:29.562 D/PushLib : ( 7201): [null:-1]->pushClient opened : opened
07-11 15:13:30.359 D/JOBS    ( 7201): Thread-3313: load factor check. true = (0 < 1)|| (0 * 3 < 0 + 0). consumer thread: true
07-11 15:13:30.359 D/JOBS    ( 7201): didn't allow me to die, re-running Thread-3313
07-11 15:13:30.359 D/JOBS    ( 7201): re-running consumer Thread-3313
07-11 15:13:34.578 D/PushLib : ( 7201): [null:-1]->MSG_WEBSOCKET_PONG
07-11 15:13:40.414 W/MountService(  374): getVolumeState(/storage/emulated/0/external_sd): Unknown volume
07-11 15:13:40.414 W/MountService(  374): getVolumeState(/mnt/sdcard-ext): Unknown volume
07-11 15:13:40.414 W/MountService(  374): getVolumeState(/mnt/ext_sdcard): Unknown volume
07-11 15:13:40.414 W/MountService(  374): getVolumeState(/mnt/sdcard2): Unknown volume
07-11 15:13:40.414 W/MountService(  374): getVolumeState(/mnt/emmc): Unknown volume
07-11 15:13:40.422 W/MountService(  374): getVolumeState(/mnt/extSdCard): Unknown volume
07-11 15:13:40.422 W/MountService(  374): getVolumeState(/mnt/sdcard/SD_CARD): Unknown volume
07-11 15:13:40.422 W/MountService(  374): getVolumeState(/mnt/sdcard/extra_sd): Unknown volume
07-11 15:13:40.422 W/MountService(  374): getVolumeState(/mnt/extrasd_bind): Unknown volume
07-11 15:13:40.422 W/MountService(  374): getVolumeState(/mnt/sdcard/ext_sd): Unknown volume
07-11 15:13:40.422 W/MountService(  374): getVolumeState(/storage/extSdCard): Unknown volume
07-11 15:13:40.422 W/MountService(  374): getVolumeState(/storage/sdcard1): Unknown volume
07-11 15:13:40.429 W/MountService(  374): getVolumeState(/mnt/sdcard/external_SD): Unknown volume
07-11 15:13:40.429 W/MountService(  374): getVolumeState(/mnt/sdcard/external_sd): Unknown volume
07-11 15:13:40.453 D/dalvikvm( 8807): GC_FOR_ALLOC freed 340K, 7% free 9414K/10100K, paused 20ms, total 20ms
07-11 15:13:40.656 D/dalvikvm(  374): GC_EXPLICIT freed 1548K, 30% free 23297K/32852K, paused 4ms+11ms, total 122ms
07-11 15:13:40.781 D/dalvikvm( 8807): GC_CONCURRENT freed 466K, 7% free 9461K/10100K, paused 4ms+3ms, total 40ms
07-11 15:13:40.789 W/MountService(  374): getVolumeState(/storage/emulated/0/external_sd): Unknown volume
07-11 15:13:40.789 W/MountService(  374): getVolumeState(/mnt/sdcard-ext): Unknown volume
07-11 15:13:40.789 W/MountService(  374): getVolumeState(/mnt/ext_sdcard): Unknown volume
07-11 15:13:40.789 W/MountService(  374): getVolumeState(/mnt/sdcard2): Unknown volume
07-11 15:13:40.789 W/MountService(  374): getVolumeState(/mnt/emmc): Unknown volume
07-11 15:13:40.789 W/MountService(  374): getVolumeState(/mnt/extSdCard): Unknown volume
07-11 15:13:40.789 W/MountService(  374): getVolumeState(/mnt/sdcard/SD_CARD): Unknown volume
07-11 15:13:40.797 W/MountService(  374): getVolumeState(/mnt/sdcard/extra_sd): Unknown volume
07-11 15:13:40.797 W/MountService(  374): getVolumeState(/mnt/extrasd_bind): Unknown volume
07-11 15:13:40.797 W/MountService(  374): getVolumeState(/mnt/sdcard/ext_sd): Unknown volume
07-11 15:13:40.797 W/MountService(  374): getVolumeState(/storage/extSdCard): Unknown volume
07-11 15:13:40.797 W/MountService(  374): getVolumeState(/storage/sdcard1): Unknown volume
07-11 15:13:40.797 W/MountService(  374): getVolumeState(/mnt/sdcard/external_SD): Unknown volume
07-11 15:13:40.804 W/MountService(  374): getVolumeState(/mnt/sdcard/external_sd): Unknown volume
07-11 15:13:40.883 D/dalvikvm( 8807): GC_FOR_ALLOC freed 386K, 8% free 9388K/10100K, paused 19ms, total 19ms
07-11 15:14:26.000 D/dalvikvm(26136): GC_CONCURRENT freed 387K, 5% free 10039K/10492K, paused 5ms+2ms, total 39ms
07-11 15:14:40.523 W/MountService(  374): getVolumeState(/storage/emulated/0/external_sd): Unknown volume
07-11 15:14:40.523 W/MountService(  374): getVolumeState(/mnt/sdcard-ext): Unknown volume
07-11 15:14:40.523 W/MountService(  374): getVolumeState(/mnt/ext_sdcard): Unknown volume
07-11 15:14:40.531 W/MountService(  374): getVolumeState(/mnt/sdcard2): Unknown volume
07-11 15:14:40.531 W/MountService(  374): getVolumeState(/mnt/emmc): Unknown volume
07-11 15:14:40.531 W/MountService(  374): getVolumeState(/mnt/extSdCard): Unknown volume
07-11 15:14:40.531 W/MountService(  374): getVolumeState(/mnt/sdcard/SD_CARD): Unknown volume
07-11 15:14:40.531 W/MountService(  374): getVolumeState(/mnt/sdcard/extra_sd): Unknown volume
07-11 15:14:40.539 W/MountService(  374): getVolumeState(/mnt/extrasd_bind): Unknown volume
07-11 15:14:40.539 W/MountService(  374): getVolumeState(/mnt/sdcard/ext_sd): Unknown volume
07-11 15:14:40.539 W/MountService(  374): getVolumeState(/storage/extSdCard): Unknown volume
07-11 15:14:40.539 W/MountService(  374): getVolumeState(/storage/sdcard1): Unknown volume
07-11 15:14:40.539 W/MountService(  374): getVolumeState(/mnt/sdcard/external_SD): Unknown volume
07-11 15:14:40.539 W/MountService(  374): getVolumeState(/mnt/sdcard/external_sd): Unknown volume
07-11 15:14:40.601 D/dalvikvm( 8807): GC_FOR_ALLOC freed 333K, 7% free 9405K/10088K, paused 21ms, total 21ms
07-11 15:14:40.765 W/MountService(  374): getVolumeState(/storage/emulated/0/external_sd): Unknown volume
07-11 15:14:40.765 W/MountService(  374): getVolumeState(/mnt/sdcard-ext): Unknown volume
07-11 15:14:40.765 W/MountService(  374): getVolumeState(/mnt/ext_sdcard): Unknown volume
07-11 15:14:40.765 W/MountService(  374): getVolumeState(/mnt/sdcard2): Unknown volume
07-11 15:14:40.765 W/MountService(  374): getVolumeState(/mnt/emmc): Unknown volume
07-11 15:14:40.765 W/MountService(  374): getVolumeState(/mnt/extSdCard): Unknown volume
07-11 15:14:40.765 W/MountService(  374): getVolumeState(/mnt/sdcard/SD_CARD): Unknown volume
07-11 15:14:40.765 W/MountService(  374): getVolumeState(/mnt/sdcard/extra_sd): Unknown volume
07-11 15:14:40.773 W/MountService(  374): getVolumeState(/mnt/extrasd_bind): Unknown volume
07-11 15:14:40.773 W/MountService(  374): getVolumeState(/mnt/sdcard/ext_sd): Unknown volume
07-11 15:14:40.781 D/dalvikvm( 8807): GC_CONCURRENT freed 440K, 7% free 9467K/10088K, paused 4ms+6ms, total 40ms
07-11 15:14:40.781 D/dalvikvm( 8807): WAIT_FOR_CONCURRENT_GC blocked 3ms
07-11 15:14:40.781 W/MountService(  374): getVolumeState(/storage/extSdCard): Unknown volume
07-11 15:14:40.781 W/MountService(  374): getVolumeState(/storage/sdcard1): Unknown volume
07-11 15:14:40.781 W/MountService(  374): getVolumeState(/mnt/sdcard/external_SD): Unknown volume
07-11 15:14:40.789 W/MountService(  374): getVolumeState(/mnt/sdcard/external_sd): Unknown volume
07-11 15:14:40.875 D/dalvikvm( 8807): GC_FOR_ALLOC freed 373K, 7% free 9388K/10088K, paused 20ms, total 20ms
07-11 15:15:01.539 V/DigitalWidgetViewsFactory(11290): DigitalWidget sets next alarm string to null
07-11 15:15:25.679 W/System.err( 6553): java.io.FileNotFoundException: /data/data/com.mgyapp.android/files/.cfpaps.i: open failed: ENOENT (No such file or directory)
07-11 15:15:25.679 W/System.err( 6553): 	at libcore.io.IoBridge.open(IoBridge.java:409)
07-11 15:15:25.679 W/System.err( 6553): 	at java.io.FileInputStream.<init>(FileInputStream.java:78)
07-11 15:15:25.679 W/System.err( 6553): 	at android.app.ContextImpl.openFileInput(ContextImpl.java:702)
07-11 15:15:25.679 W/System.err( 6553): 	at android.content.ContextWrapper.openFileInput(ContextWrapper.java:173)
07-11 15:15:25.679 W/System.err( 6553): 	at com.mgyun.shua.jc.service.f.run(Unknown Source)
07-11 15:15:25.679 W/System.err( 6553): 	at com.mgyun.shua.jc.service.CpWorkServer.onHandleIntent(Unknown Source)
07-11 15:15:25.679 W/System.err( 6553): 	at android.app.IntentService$ServiceHandler.handleMessage(IntentService.java:65)
07-11 15:15:25.679 W/System.err( 6553): 	at android.os.Handler.dispatchMessage(Handler.java:99)
07-11 15:15:25.687 W/System.err( 6553): 	at android.os.Looper.loop(Looper.java:137)
07-11 15:15:25.687 W/System.err( 6553): 	at android.os.HandlerThread.run(HandlerThread.java:61)
07-11 15:15:25.687 W/System.err( 6553): Caused by: libcore.io.ErrnoException: open failed: ENOENT (No such file or directory)
07-11 15:15:25.687 W/System.err( 6553): 	at libcore.io.Posix.open(Native Method)
07-11 15:15:25.687 W/System.err( 6553): 	at libcore.io.BlockGuardOs.open(BlockGuardOs.java:110)
07-11 15:15:25.687 W/System.err( 6553): 	at libcore.io.IoBridge.open(IoBridge.java:393)
07-11 15:15:25.687 W/System.err( 6553): 	... 9 more
07-11 15:15:25.711 D/dalvikvm( 6553): GC_CONCURRENT freed 549K, 15% free 9232K/10792K, paused 3ms+2ms, total 27ms
07-11 15:15:27.203 D/MdmService( 3259): [null:-1]->receiver action :com.pekall.mdm.action.MDM_ALARM
07-11 15:15:30.367 D/JOBS    ( 7201): Thread-3313: load factor check. true = (0 < 1)|| (0 * 3 < 0 + 0). consumer thread: true
07-11 15:15:30.367 D/JOBS    ( 7201): didn't allow me to die, re-running Thread-3313
07-11 15:15:30.367 D/JOBS    ( 7201): re-running consumer Thread-3313
07-11 15:15:35.679 W/System.err( 6553): java.io.FileNotFoundException: /data/data/com.mgyapp.android/files/.cfp.i: open failed: ENOENT (No such file or directory)
07-11 15:15:35.679 W/System.err( 6553): 	at libcore.io.IoBridge.open(IoBridge.java:409)
07-11 15:15:35.679 W/System.err( 6553): 	at java.io.FileInputStream.<init>(FileInputStream.java:78)
07-11 15:15:35.679 W/System.err( 6553): 	at android.app.ContextImpl.openFileInput(ContextImpl.java:702)
07-11 15:15:35.679 W/System.err( 6553): 	at android.content.ContextWrapper.openFileInput(ContextWrapper.java:173)
07-11 15:15:35.679 W/System.err( 6553): 	at com.mgyun.shua.jc.c.b(Unknown Source)
07-11 15:15:35.679 W/System.err( 6553): 	at com.mgyun.shua.jc.d.a(Unknown Source)
07-11 15:15:35.679 W/System.err( 6553): 	at com.mgyun.shua.jc.service.CpWorkServer.onHandleIntent(Unknown Source)
07-11 15:15:35.679 W/System.err( 6553): 	at android.app.IntentService$ServiceHandler.handleMessage(IntentService.java:65)
07-11 15:15:35.679 W/System.err( 6553): 	at android.os.Handler.dispatchMessage(Handler.java:99)
07-11 15:15:35.679 W/System.err( 6553): 	at android.os.Looper.loop(Looper.java:137)
07-11 15:15:35.687 W/System.err( 6553): 	at android.os.HandlerThread.run(HandlerThread.java:61)
07-11 15:15:35.687 W/System.err( 6553): Caused by: libcore.io.ErrnoException: open failed: ENOENT (No such file or directory)
07-11 15:15:35.687 W/System.err( 6553): 	at libcore.io.Posix.open(Native Method)
07-11 15:15:35.687 W/System.err( 6553): 	at libcore.io.BlockGuardOs.open(BlockGuardOs.java:110)
07-11 15:15:35.687 W/System.err( 6553): 	at libcore.io.IoBridge.open(IoBridge.java:393)
07-11 15:15:35.687 W/System.err( 6553): 	... 10 more
07-11 15:15:40.703 W/MountService(  374): getVolumeState(/storage/emulated/0/external_sd): Unknown volume
07-11 15:15:40.711 W/MountService(  374): getVolumeState(/mnt/sdcard-ext): Unknown volume
07-11 15:15:40.711 W/MountService(  374): getVolumeState(/mnt/ext_sdcard): Unknown volume
07-11 15:15:40.711 W/MountService(  374): getVolumeState(/mnt/sdcard2): Unknown volume
07-11 15:15:40.711 W/MountService(  374): getVolumeState(/mnt/emmc): Unknown volume
07-11 15:15:40.711 W/MountService(  374): getVolumeState(/mnt/extSdCard): Unknown volume
07-11 15:15:40.711 W/MountService(  374): getVolumeState(/mnt/sdcard/SD_CARD): Unknown volume
07-11 15:15:40.711 W/MountService(  374): getVolumeState(/mnt/sdcard/extra_sd): Unknown volume
07-11 15:15:40.711 W/MountService(  374): getVolumeState(/mnt/extrasd_bind): Unknown volume
07-11 15:15:40.719 W/MountService(  374): getVolumeState(/mnt/sdcard/ext_sd): Unknown volume
07-11 15:15:40.719 W/MountService(  374): getVolumeState(/storage/extSdCard): Unknown volume
07-11 15:15:40.719 W/MountService(  374): getVolumeState(/storage/sdcard1): Unknown volume
07-11 15:15:40.719 W/MountService(  374): getVolumeState(/mnt/sdcard/external_SD): Unknown volume
07-11 15:15:40.719 W/MountService(  374): getVolumeState(/mnt/sdcard/external_sd): Unknown volume
07-11 15:15:40.781 D/dalvikvm( 8807): GC_FOR_ALLOC freed 351K, 7% free 9408K/10088K, paused 30ms, total 30ms
07-11 15:15:40.953 D/dalvikvm( 8807): GC_CONCURRENT freed 400K, 7% free 9449K/10088K, paused 2ms+3ms, total 30ms
07-11 15:15:40.969 W/MountService(  374): getVolumeState(/storage/emulated/0/external_sd): Unknown volume
07-11 15:15:40.969 W/MountService(  374): getVolumeState(/mnt/sdcard-ext): Unknown volume
07-11 15:15:40.969 W/MountService(  374): getVolumeState(/mnt/ext_sdcard): Unknown volume
07-11 15:15:40.969 W/MountService(  374): getVolumeState(/mnt/sdcard2): Unknown volume
07-11 15:15:40.969 W/MountService(  374): getVolumeState(/mnt/emmc): Unknown volume
07-11 15:15:40.969 W/MountService(  374): getVolumeState(/mnt/extSdCard): Unknown volume
07-11 15:15:40.969 W/MountService(  374): getVolumeState(/mnt/sdcard/SD_CARD): Unknown volume
07-11 15:15:40.969 W/MountService(  374): getVolumeState(/mnt/sdcard/extra_sd): Unknown volume
07-11 15:15:40.969 W/MountService(  374): getVolumeState(/mnt/extrasd_bind): Unknown volume
07-11 15:15:40.976 W/MountService(  374): getVolumeState(/mnt/sdcard/ext_sd): Unknown volume
07-11 15:15:40.976 W/MountService(  374): getVolumeState(/storage/extSdCard): Unknown volume
07-11 15:15:40.976 W/MountService(  374): getVolumeState(/storage/sdcard1): Unknown volume
07-11 15:15:40.976 W/MountService(  374): getVolumeState(/mnt/sdcard/external_SD): Unknown volume
