07-14 14:27:53.948 D/MDM :   ( 3494): [null:-1]->QUERY_PINCODE_CHECK_RESULT
07-14 14:27:53.948 E/Mdm     ( 3494): Call Mdm service's setLastExitTime function
07-14 14:27:54.041 D/MdmApplication( 3494): [null:-1]->onActivityStarted ui.MainActivity , mActivityCount = 3
07-14 14:27:54.049 D/MDM :   ( 3494): [null:-1]->query
07-14 14:27:54.049 D/MDM :   ( 3494): [null:-1]->QUERY_PINCODE_CHECK_RESULT
07-14 14:27:54.252 D/dalvikvm(13069): GC_CONCURRENT freed 278K, 4% free 9155K/9468K, paused 5ms+6ms, total 106ms
07-14 14:27:54.252 D/dalvikvm(13069): WAIT_FOR_CONCURRENT_GC blocked 13ms
07-14 14:27:54.323 D/dalvikvm(13069): GC_FOR_ALLOC freed 74K, 4% free 9319K/9632K, paused 38ms, total 38ms
07-14 14:27:54.346 D/dalvikvm(13069): GC_FOR_ALLOC freed 64K, 4% free 9351K/9732K, paused 25ms, total 26ms
07-14 14:27:54.346 I/dalvikvm-heap(13069): Grow heap (frag case) to 9.342MB for 186718-byte allocation
07-14 14:27:54.385 D/dalvikvm(13069): GC_FOR_ALLOC freed <1K, 4% free 9533K/9916K, paused 35ms, total 35ms
07-14 14:27:54.526 D/dalvikvm(13069): GC_CONCURRENT freed 491K, 6% free 9522K/10052K, paused 2ms+3ms, total 30ms
07-14 14:27:54.651 D/dalvikvm(13069): GC_CONCURRENT freed 640K, 8% free 9289K/10052K, paused 3ms+4ms, total 35ms
07-14 14:27:54.666 D/DB      ( 3494): query: SQLiteQuery: SELECT * FROM app WHERE readStatus =0
07-14 14:27:54.666 D/DB      ( 3494): factory null
07-14 14:27:54.666 D/DB      ( 3494): fillWindow: 0
07-14 14:27:54.674 D/DB      ( 3494): cursor 0
07-14 14:27:54.674 E/Mdm     ( 3494): Call Mdm service's recordIconCount function
07-14 14:27:54.791 I/ActivityManager(  374): Start proc com.google.android.apps.maps:FriendService for broadcast com.google.android.apps.maps/com.google.googlenav.friend.android.ServiceReceiver: pid=13093 uid=10038 gids={50038, 3003, 1015, 1028}
07-14 14:27:54.830 D/dalvikvm(  125): GC_EXPLICIT freed 40K, 1% free 8921K/9000K, paused 3ms+4ms, total 42ms
07-14 14:27:54.854 D/dalvikvm(  125): GC_EXPLICIT freed <1K, 1% free 8921K/9000K, paused 2ms+4ms, total 27ms
07-14 14:27:54.885 D/dalvikvm(  125): GC_EXPLICIT freed <1K, 1% free 8921K/9000K, paused 2ms+4ms, total 26ms
07-14 14:27:54.916 W/Settings(13069): Setting airplane_mode_on has moved from android.provider.Settings.System to android.provider.Settings.Global, returning read-only value.
07-14 14:27:54.948 W/ActivityManager(  374): Permission denied: checkComponentPermission() owningUid=10009
07-14 14:27:54.948 W/BroadcastQueue(  374): Permission Denial: broadcasting Intent { act=com.google.android.location.internal.server.ACTION_RESTARTED flg=0x10 } from com.google.android.apps.maps (pid=13069, uid=10038) is not exported from uid 10009 due to receiver com.google.android.gms/com.google.android.location.reporting.service.ExternalChangeReceiver
07-14 14:27:54.963 I/ActivityManager(  374): Start proc com.google.android.apps.maps:LocationFriendService for broadcast com.google.android.apps.maps/com.google.googlenav.friend.reporting.LocationReportingIntentReceiver: pid=13106 uid=10038 gids={50038, 3003, 1015, 1028}
07-14 14:27:55.158 D/dalvikvm(  624): GC_EXPLICIT freed 183K, 6% free 9653K/10232K, paused 6ms+5ms, total 55ms
07-14 14:27:55.549 D/dalvikvm(  374): GC_FOR_ALLOC freed 477K, 28% free 20027K/27716K, paused 92ms, total 92ms
07-14 14:27:55.651 D/dalvikvm(  374): GC_FOR_ALLOC freed 751K, 30% free 19647K/27716K, paused 92ms, total 93ms
07-14 14:27:55.658 D/MdmApplication( 3494): [null:-1]->onActivityPaused ui.MainActivity , mActivityCount = 4
07-14 14:27:55.658 D/MDM :   ( 3494): [null:-1]->query
07-14 14:27:55.658 D/MDM :   ( 3494): [null:-1]->QUERY_PINCODE_CHECK_RESULT
07-14 14:27:55.658 E/Mdm     ( 3494): Call Mdm service's setLastExitTime function
07-14 14:27:56.299 I/ActivityManager(  374): No longer want com.android.keychain (pid 12415): empty #17
07-14 14:27:56.299 I/ActivityManager(  374): No longer want com.google.android.gallery3d (pid 12395): empty #18
07-14 14:27:56.401 D/dalvikvm(13069): GC_CONCURRENT freed 263K, 7% free 9440K/10052K, paused 3ms+2ms, total 26ms
07-14 14:27:56.768 D/dalvikvm( 1052): GC_CONCURRENT freed 547K, 9% free 10250K/11168K, paused 6ms+3ms, total 57ms
07-14 14:28:02.088 D/LightsService(  374): Excessive delay setting light: 64ms
07-14 14:28:03.877 D/dalvikvm(  874): GC_CONCURRENT freed 431K, 17% free 9639K/11548K, paused 4ms+3ms, total 35ms
07-14 14:28:04.229 I/EventLogService(  624): Aggregate from 1405317484130 (log), 1405317484130 (data)
07-14 14:28:04.291 I/ServiceDumpSys(  624): dumping service [account]
07-14 14:28:07.541 D/LightsService(  374): Excessive delay setting light: 66ms
07-14 14:28:07.776 D/LightsService(  374): Excessive delay setting light: 67ms
07-14 14:28:10.362 I/PowerManagerService(  374): Going to sleep due to screen timeout...
07-14 14:28:11.190 D/SurfaceFlinger(  124): Screen released, type=0 flinger=0x41e1a478
07-14 14:28:11.283 D/dalvikvm(  374): GC_FOR_ALLOC freed 716K, 26% free 20683K/27716K, paused 90ms, total 90ms
07-14 14:28:11.377 D/dalvikvm(  374): GC_FOR_ALLOC freed 778K, 27% free 20280K/27716K, paused 86ms, total 86ms
07-14 14:28:11.549 D/NfcService(  582): NFC-C OFF, disconnect
07-14 14:28:11.588 D/dalvikvm(  636): GC_FOR_ALLOC freed 935K, 10% free 12680K/14068K, paused 56ms, total 56ms
07-14 14:28:11.635 V/KeyguardHostView(  374): hide transport, gen:55
07-14 14:28:11.635 V/KeyguardHostView(  374): music state changed: 0
07-14 14:28:11.682 D/PhoneStatusBar(  450): disable: < expand icons alerts ticker system_info back home RECENT* clock search >
07-14 14:28:11.713 V/TAG     (  374): bug 7643792: fitSystemWindows([0,50][0,0])
07-14 14:28:11.752 D/MDM :   ( 3494): [null:-1]->query
07-14 14:28:11.752 D/MDM :   ( 3494): [null:-1]->QUERY_SETTING_PIN_ONOFF
07-14 14:28:11.869 D/PhoneStatusBar(  450): disable: < expand icons alerts ticker system_info BACK* HOME* RECENT CLOCK* search >
07-14 14:28:38.807 W/MountService(  374): getVolumeState(/storage/emulated/0/external_sd): Unknown volume
07-14 14:28:38.807 W/MountService(  374): getVolumeState(/mnt/sdcard-ext): Unknown volume
07-14 14:28:38.807 W/MountService(  374): getVolumeState(/mnt/ext_sdcard): Unknown volume
07-14 14:28:38.807 W/MountService(  374): getVolumeState(/mnt/sdcard2): Unknown volume
07-14 14:28:38.807 W/MountService(  374): getVolumeState(/mnt/emmc): Unknown volume
07-14 14:28:38.807 W/MountService(  374): getVolumeState(/mnt/extSdCard): Unknown volume
07-14 14:28:38.807 W/MountService(  374): getVolumeState(/mnt/sdcard/SD_CARD): Unknown volume
07-14 14:28:38.815 W/MountService(  374): getVolumeState(/mnt/sdcard/extra_sd): Unknown volume
07-14 14:28:38.815 W/MountService(  374): getVolumeState(/mnt/extrasd_bind): Unknown volume
07-14 14:28:38.815 W/MountService(  374): getVolumeState(/mnt/sdcard/ext_sd): Unknown volume
07-14 14:28:38.815 W/MountService(  374): getVolumeState(/storage/extSdCard): Unknown volume
07-14 14:28:38.815 W/MountService(  374): getVolumeState(/storage/sdcard1): Unknown volume
07-14 14:28:38.815 W/MountService(  374): getVolumeState(/mnt/sdcard/external_SD): Unknown volume
07-14 14:28:38.823 W/MountService(  374): getVolumeState(/mnt/sdcard/external_sd): Unknown volume
07-14 14:28:38.862 D/dalvikvm( 6152): GC_CONCURRENT freed 403K, 7% free 9524K/10240K, paused 3ms+4ms, total 39ms
07-14 14:28:38.862 D/dalvikvm( 6152): WAIT_FOR_CONCURRENT_GC blocked 9ms
07-14 14:28:39.057 W/MountService(  374): getVolumeState(/storage/emulated/0/external_sd): Unknown volume
07-14 14:28:39.057 W/MountService(  374): getVolumeState(/mnt/sdcard-ext): Unknown volume
07-14 14:28:39.057 W/MountService(  374): getVolumeState(/mnt/ext_sdcard): Unknown volume
07-14 14:28:39.057 W/MountService(  374): getVolumeState(/mnt/sdcard2): Unknown volume
07-14 14:28:39.057 W/MountService(  374): getVolumeState(/mnt/emmc): Unknown volume
07-14 14:28:39.057 W/MountService(  374): getVolumeState(/mnt/extSdCard): Unknown volume
07-14 14:28:39.057 W/MountService(  374): getVolumeState(/mnt/sdcard/SD_CARD): Unknown volume
07-14 14:28:39.057 W/MountService(  374): getVolumeState(/mnt/sdcard/extra_sd): Unknown volume
07-14 14:28:39.057 W/MountService(  374): getVolumeState(/mnt/extrasd_bind): Unknown volume
07-14 14:28:39.057 W/MountService(  374): getVolumeState(/mnt/sdcard/ext_sd): Unknown volume
07-14 14:28:39.065 W/MountService(  374): getVolumeState(/storage/extSdCard): Unknown volume
07-14 14:28:39.065 W/MountService(  374): getVolumeState(/storage/sdcard1): Unknown volume
07-14 14:28:39.065 W/MountService(  374): getVolumeState(/mnt/sdcard/external_SD): Unknown volume
07-14 14:28:39.065 W/MountService(  374): getVolumeState(/mnt/sdcard/external_sd): Unknown volume
07-14 14:28:39.080 D/dalvikvm( 6152): GC_CONCURRENT freed 507K, 7% free 9523K/10240K, paused 3ms+4ms, total 33ms
07-14 14:28:39.080 D/dalvikvm( 6152): WAIT_FOR_CONCURRENT_GC blocked 11ms
07-14 14:28:39.080 D/dalvikvm( 6152): WAIT_FOR_CONCURRENT_GC blocked 11ms
07-14 14:28:46.901 D/AndroidRuntime(13147): 
07-14 14:28:46.901 D/AndroidRuntime(13147): >>>>>> AndroidRuntime START com.android.internal.os.RuntimeInit <<<<<<
07-14 14:28:46.901 D/AndroidRuntime(13147): CheckJNI is OFF
07-14 14:28:46.916 D/dalvikvm(13147): Trying to load lib libjavacore.so 0x0
07-14 14:28:46.924 D/dalvikvm(13147): Added shared lib libjavacore.so 0x0
07-14 14:28:46.940 D/dalvikvm(13147): Trying to load lib libnativehelper.so 0x0
07-14 14:28:46.940 D/dalvikvm(13147): Added shared lib libnativehelper.so 0x0
07-14 14:28:46.963 I/dalvikvm(13147): DexOpt: source file mod time mismatch (44ee7343 vs 44ee7379)
07-14 14:28:46.963 D/dalvikvm(13147): ODEX file is stale or bad; removing and retrying (/data/local/tmp/dalvik-cache/data@local@tmp@MDMMobileTest.jar@classes.dex)
07-14 14:28:46.971 D/dalvikvm(13147): DexOpt: --- BEGIN 'MDMMobileTest.jar' (bootstrap=0) ---
07-14 14:28:47.018 D/dalvikvm(13148): DexOpt: load 8ms, verify+opt 4ms, 124100 bytes
07-14 14:28:47.041 D/dalvikvm(13147): DexOpt: --- END 'MDMMobileTest.jar' (success) ---
07-14 14:28:47.041 D/dalvikvm(13147): DEX prep '/data/local/tmp/MDMMobileTest.jar': unzip in 2ms, rewrite 74ms
07-14 14:28:47.244 D/AndroidRuntime(13147): Calling main entry com.android.commands.uiautomator.Launcher
07-14 14:28:47.283 E/UiDevice(13147): Exceuting watcher: ANRWatcher
07-14 14:28:47.283 E/UiDevice(13147): java.lang.RuntimeException: UiDevice not initialized
07-14 14:28:47.283 E/UiDevice(13147): 	at com.android.uiautomator.core.UiDevice.getAutomatorBridge(UiDevice.java:87)
07-14 14:28:47.283 E/UiDevice(13147): 	at com.android.uiautomator.core.UiDevice.wakeUp(UiDevice.java:719)
07-14 14:28:47.283 E/UiDevice(13147): 	at com.pekall.test.mdmui.util.UiANRWatcher.checkForCondition(UiANRWatcher.java:23)
07-14 14:28:47.283 E/UiDevice(13147): 	at com.android.uiautomator.core.UiDevice.runWatchers(UiDevice.java:554)
07-14 14:28:47.283 E/UiDevice(13147): 	at com.pekall.test.mdmui.util.UiANRWatcher.run(UiANRWatcher.java:41)
07-14 14:28:47.283 E/UiDevice(13147): 	at com.pekall.test.mdmui.App.<clinit>(App.java:24)
07-14 14:28:47.283 E/UiDevice(13147): 	at java.lang.Class.newInstanceImpl(Native Method)
07-14 14:28:47.283 E/UiDevice(13147): 	at java.lang.Class.newInstance(Class.java:1130)
07-14 14:28:47.283 E/UiDevice(13147): 	at com.android.uiautomator.testrunner.TestCaseCollector.addSingleTestMethod(TestCaseCollector.java:110)
07-14 14:28:47.283 E/UiDevice(13147): 	at com.android.uiautomator.testrunner.TestCaseCollector.addTestClass(TestCaseCollector.java:86)
07-14 14:28:47.283 E/UiDevice(13147): 	at com.android.uiautomator.testrunner.TestCaseCollector.addTestClass(TestCaseCollector.java:72)
07-14 14:28:47.283 E/UiDevice(13147): 	at com.android.uiautomator.testrunner.TestCaseCollector.addTestClasses(TestCaseCollector.java:53)
07-14 14:28:47.283 E/UiDevice(13147): 	at com.android.uiautomator.testrunner.UiAutomatorTestRunner.start(UiAutomatorTestRunner.java:106)
07-14 14:28:47.283 E/UiDevice(13147): 	at com.android.uiautomator.testrunner.UiAutomatorTestRunner.run(UiAutomatorTestRunner.java:96)
07-14 14:28:47.283 E/UiDevice(13147): 	at com.android.commands.uiautomator.RunTestCommand.run(RunTestCommand.java:91)
07-14 14:28:47.283 E/UiDevice(13147): 	at com.android.commands.uiautomator.Launcher.main(Launcher.java:83)
07-14 14:28:47.283 E/UiDevice(13147): 	at com.android.internal.os.RuntimeInit.nativeFinishInit(Native Method)
07-14 14:28:47.283 E/UiDevice(13147): 	at com.android.internal.os.RuntimeInit.main(RuntimeInit.java:235)
07-14 14:28:47.283 E/UiDevice(13147): 	at dalvik.system.NativeStart.main(Native Method)
07-14 14:28:47.299 D/dalvikvm(13147): Note: class Landroid/app/ActivityManagerNative; has 163 unimplemented (abstract) methods
07-14 14:28:47.354 I/PowerManagerService(  374): Waking up from sleep...
07-14 14:28:47.393 I/WindowManager(  374): Lock screen displayed!
07-14 14:28:47.643 D/dalvikvm( 2019): GC_FOR_ALLOC freed 304K, 7% free 9930K/10588K, paused 34ms, total 35ms
07-14 14:28:47.713 D/PowerManagerService-JNI(  374): Excessive delay in autosuspend_disable() while turning screen on: 349ms
07-14 14:28:47.713 D/SurfaceFlinger(  124): Screen acquired, type=0 flinger=0x41e1a478
07-14 14:28:47.799 D/LightsService(  374): Excessive delay setting light: 85ms
07-14 14:28:47.846 V/DigitalWidgetViewsFactory(12684): DigitalWidget sets next alarm string to null
07-14 14:28:47.862 D/LightsService(  374): Excessive delay setting light: 68ms
07-14 14:28:48.065 D/AndroidRuntime(13167): 
07-14 14:28:48.065 D/AndroidRuntime(13167): >>>>>> AndroidRuntime START com.android.internal.os.RuntimeInit <<<<<<
07-14 14:28:48.065 D/AndroidRuntime(13167): CheckJNI is OFF
07-14 14:28:48.088 D/dalvikvm(13167): Trying to load lib libjavacore.so 0x0
07-14 14:28:48.096 D/dalvikvm(13167): Added shared lib libjavacore.so 0x0
07-14 14:28:48.112 D/dalvikvm(13167): Trying to load lib libnativehelper.so 0x0
07-14 14:28:48.112 D/dalvikvm(13167): Added shared lib libnativehelper.so 0x0
07-14 14:28:48.307 D/AndroidRuntime(13167): Calling main entry com.qihoo360.powerctl.root.app.App
07-14 14:28:48.307 D/AndroidRuntime(13167): Shutting down VM
07-14 14:28:48.315 I/AndroidRuntime(13167): NOTE: attach of thread 'Binder_1' failed
07-14 14:28:48.315 D/dalvikvm(13167): GC_CONCURRENT freed 114K, 22% free 467K/592K, paused 1ms+0ms, total 4ms
07-14 14:28:49.229 I/QueryController(13147): Matched selector: UiSelector[DESCRIPTION=] <<==>> [android.view.accessibility.AccessibilityNodeInfo@49b051; boundsInParent: Rect(0, 0 - 720, 756); boundsInScreen: Rect(0, 547 - 720, 1303); packageName: android; className: android.view.View; text: null; contentDescription: ; viewIdResName: android:id/glow_pad_view; checkable: false; checked: false; focusable: false; focused: false; selected: false; clickable: false; longClickable: false; enabled: true; password: false; scrollable: false; [ACTION_SELECT, ACTION_CLEAR_SELECTION, ACTION_ACCESSIBILITY_FOCUS, ACTION_NEXT_AT_MOVEMENT_GRANULARITY, ACTION_PREVIOUS_AT_MOVEMENT_GRANULARITY, ACTION_SET_SELECTION]]
07-14 14:28:49.244 W/GlowPadView(  374): The number of target drawables must be equal to the number of direction descriptions.
07-14 14:28:49.573 D/PhoneStatusBar(  450): disable: < expand icons alerts ticker system_info BACK HOME recent* CLOCK search >
07-14 14:28:49.627 D/NfcService(  582): NFC-C ON
07-14 14:28:49.682 D/PhoneStatusBar(  450): disable: < expand icons alerts ticker system_info back* home* recent clock* search >
07-14 14:28:49.729 D/dalvikvm(  595): GC_FOR_ALLOC freed 1660K, 14% free 14846K/17232K, paused 103ms, total 110ms
07-14 14:28:49.760 W/InputMethodManagerService(  374): Window already focused, ignoring focus gain of: com.android.internal.view.IInputMethodClient$Stub$Proxy@42cc0a60 attribute=android.view.inputmethod.EditorInfo@42cf4dc8, token = android.os.BinderProxy@42ea3d30
07-14 14:28:50.049 D/dalvikvm( 1052): GC_CONCURRENT freed 310K, 8% free 10366K/11168K, paused 7ms+11ms, total 144ms
07-14 14:28:50.096 V/TAG     (  374): bug 7643792: fitSystemWindows([0,50][0,0])
07-14 14:28:50.127 I/RootJni (13190): su: permission denied
07-14 14:28:50.229 D/AndroidRuntime(13189): 
07-14 14:28:50.229 D/AndroidRuntime(13189): >>>>>> AndroidRuntime START com.android.internal.os.RuntimeInit <<<<<<
07-14 14:28:50.229 D/AndroidRuntime(13189): CheckJNI is OFF
07-14 14:28:50.244 D/dalvikvm(13189): Trying to load lib libjavacore.so 0x0
07-14 14:28:50.260 D/dalvikvm(13189): Added shared lib libjavacore.so 0x0
07-14 14:28:50.276 D/dalvikvm(13189): Trying to load lib libnativehelper.so 0x0
07-14 14:28:50.276 D/dalvikvm(13189): Added shared lib libnativehelper.so 0x0
07-14 14:28:50.283 W/ResourceType(  595): No known package when getting name for resource number 0x9c020000
07-14 14:28:50.283 W/ResourceType(  595): No known package when getting name for resource number 0x9c020002
07-14 14:28:50.315 W/ResourceType(  595): No known package when getting name for resource number 0x9c030000
07-14 14:28:50.385 W/ResourceType(  595): No known package when getting name for resource number 0x9b000000
07-14 14:28:50.385 W/ResourceType(  595): No known package when getting name for resource number 0x9b010100
07-14 14:28:50.385 W/ResourceType(  595): No known package when getting name for resource number 0x9b030300
07-14 14:28:50.385 W/ResourceType(  595): No known package when getting name for resource number 0x9b040400
07-14 14:28:50.401 W/ResourceType(  595): No known package when getting name for resource number 0x9c020000
07-14 14:28:50.401 W/ResourceType(  595): No known package when getting name for resource number 0x9c020002
07-14 14:28:50.440 W/ResourceType(  595): No known package when getting name for resource number 0x9c030000
07-14 14:28:50.479 W/ResourceType(  595): No known package when getting name for resource number 0x9c020000
07-14 14:28:50.479 W/ResourceType(  595): No known package when getting name for resource number 0x9c020002
07-14 14:28:50.494 W/ResourceType(  595): No known package when getting name for resource number 0x9c030000
07-14 14:28:50.533 W/ResourceType(  595): No known package when getting name for resource number 0x9b000000
07-14 14:28:50.533 W/ResourceType(  595): No known package when getting name for resource number 0x9b010100
07-14 14:28:50.541 W/ResourceType(  595): No known package when getting name for resource number 0x9b030300
07-14 14:28:50.541 W/ResourceType(  595): No known package when getting name for resource number 0x9b040400
07-14 14:28:50.573 D/AndroidRuntime(13189): Calling main entry com.qihoo360.powerctl.root.app.App
07-14 14:28:50.573 D/AndroidRuntime(13189): Shutting down VM
07-14 14:28:50.573 D/dalvikvm(13189): GC_CONCURRENT freed 115K, 22% free 467K/592K, paused 1ms+1ms, total 5ms
07-14 14:28:50.979 W/ResourceType(  595): No known package when getting name for resource number 0x9c020000
07-14 14:28:50.979 W/ResourceType(  595): No known package when getting name for resource number 0x9c020002
07-14 14:28:51.002 W/ResourceType(  595): No known package when getting name for resource number 0x9c030000
07-14 14:28:51.033 I/ActivityManager(  374): START u0 {act=android.intent.action.MAIN cat=[android.intent.category.HOME] flg=0x10200000 cmp=com.android.launcher/com.android.launcher2.Launcher} from pid 374
07-14 14:28:51.096 D/dalvikvm(  450): GC_FOR_ALLOC freed 474K, 14% free 14682K/16900K, paused 44ms, total 44ms
07-14 14:28:51.096 I/dalvikvm-heap(  450): Grow heap (frag case) to 14.735MB for 380496-byte allocation
07-14 14:28:51.143 D/dalvikvm(  450): GC_FOR_ALLOC freed 57K, 14% free 14996K/17272K, paused 44ms, total 44ms
07-14 14:28:52.041 W/InteractionController(13147): runAndwaitForEvent timedout waiting for events
07-14 14:28:52.158 W/ResourceType(  595): No known package when getting name for resource number 0x9c020000
07-14 14:28:52.158 W/ResourceType(  595): No known package when getting name for resource number 0x9c020002
07-14 14:28:52.213 W/ResourceType(  595): No known package when getting name for resource number 0x9b000000
07-14 14:28:52.213 W/ResourceType(  595): No known package when getting name for resource number 0x9b010100
07-14 14:28:52.213 W/ResourceType(  595): No known package when getting name for resource number 0x9b030300
07-14 14:28:52.213 W/ResourceType(  595): No known package when getting name for resource number 0x9b040400
07-14 14:28:52.213 I/QueryController(13147): Matched selector: UiSelector[DESCRIPTION=, PACKAGE NAME=com.android.launcher] <<==>> [android.view.accessibility.AccessibilityNodeInfo@1ff7b; boundsInParent: Rect(524232, 0 - 524360, 128); boundsInScreen: Rect(296, 1040 - 424, 1168); packageName: com.android.launcher; className: android.widget.TextView; text: null; contentDescription: ; viewIdResName: null; checkable: false; checked: false; focusable: true; focused: false; selected: false; clickable: true; longClickable: false; enabled: true; password: false; scrollable: false; [ACTION_FOCUS, ACTION_SELECT, ACTION_CLEAR_SELECTION, ACTION_CLICK, ACTION_ACCESSIBILITY_FOCUS]]
07-14 14:28:52.221 D/InteractionController(13147): clickAndWaitForNewWindow(360, 1104)
07-14 14:28:53.065 I/QueryController(13147): Matched selector: UiSelector[TEXT=] <<==>> [android.view.accessibility.AccessibilityNodeInfo@93667; boundsInParent: Rect(0, 0 - 148, 184); boundsInScreen: Rect(16, 958 - 164, 1142); packageName: com.android.launcher; className: android.widget.TextView; text: ; contentDescription: null; viewIdResName: null; checkable: false; checked: false; focusable: true; focused: false; selected: false; clickable: true; longClickable: true; enabled: true; password: false; scrollable: false; [ACTION_FOCUS, ACTION_SELECT, ACTION_CLEAR_SELECTION, ACTION_CLICK, ACTION_LONG_CLICK, ACTION_ACCESSIBILITY_FOCUS, ACTION_NEXT_AT_MOVEMENT_GRANULARITY, ACTION_PREVIOUS_AT_MOVEMENT_GRANULARITY, ACTION_SET_SELECTION]]
07-14 14:28:53.198 I/QueryController(13147): Matched selector: UiSelector[TEXT=] <<==>> [android.view.accessibility.AccessibilityNodeInfo@93667; boundsInParent: Rect(0, 0 - 148, 184); boundsInScreen: Rect(16, 958 - 164, 1142); packageName: com.android.launcher; className: android.widget.TextView; text: ; contentDescription: null; viewIdResName: null; checkable: false; checked: false; focusable: true; focused: false; selected: false; clickable: true; longClickable: true; enabled: true; password: false; scrollable: false; [ACTION_FOCUS, ACTION_SELECT, ACTION_CLEAR_SELECTION, ACTION_CLICK, ACTION_LONG_CLICK, ACTION_ACCESSIBILITY_FOCUS, ACTION_NEXT_AT_MOVEMENT_GRANULARITY, ACTION_PREVIOUS_AT_MOVEMENT_GRANULARITY, ACTION_SET_SELECTION]]
07-14 14:28:53.260 D/InteractionController(13147): clickAndWaitForNewWindow(90, 1050)
07-14 14:28:53.393 I/ActivityManager(  374): START u0 {act=android.intent.action.MAIN cat=[android.intent.category.LAUNCHER] flg=0x10200000 cmp=com.pekall.emdm/.ui.SplashActivity} from pid 595
07-14 14:28:53.494 D/dalvikvm(  374): GC_FOR_ALLOC freed 2173K, 26% free 20780K/27716K, paused 98ms, total 98ms
07-14 14:28:53.573 D/MdmApplication( 3494): [null:-1]->onActivityStarted ui.SplashActivity , mActivityCount = 3
07-14 14:28:53.807 I/ActivityManager(  374): Displayed com.pekall.emdm/.ui.SplashActivity: +262ms
07-14 14:28:54.346 I/QueryController(13147): Matched selector: UiSelector[PACKAGE NAME=com.pekall.emdm] <<==>> [android.view.accessibility.AccessibilityNodeInfo@3b2bfe; boundsInParent: Rect(0, 0 - 720, 1184); boundsInScreen: Rect(0, 0 - 720, 1184); packageName: com.pekall.emdm; className: android.widget.FrameLayout; text: null; contentDescription: null; viewIdResName: null; checkable: false; checked: false; focusable: false; focused: false; selected: false; clickable: false; longClickable: false; enabled: true; password: false; scrollable: false; [ACTION_SELECT, ACTION_CLEAR_SELECTION, ACTION_ACCESSIBILITY_FOCUS]]
07-14 14:28:55.073 I/ActivityManager(  374): START u0 {cmp=com.pekall.emdm/.ui.MainActivity} from pid 3494
07-14 14:28:55.213 D/dalvikvm(  374): GC_FOR_ALLOC freed 2146K, 30% free 19445K/27716K, paused 92ms, total 92ms
07-14 14:28:55.221 D/MdmApplication( 3494): [null:-1]->onActivityPaused ui.SplashActivity , mActivityCount = 3
07-14 14:28:55.260 D/MdmApplication( 3494): [null:-1]->onActivityStarted ui.MainActivity , mActivityCount = 3
07-14 14:28:55.260 D/MDM :   ( 3494): [null:-1]->query
07-14 14:28:55.260 D/MDM :   ( 3494): [null:-1]->QUERY_PINCODE_CHECK_RESULT
07-14 14:28:55.479 I/ActivityManager(  374): Displayed com.pekall.emdm/.ui.MainActivity: +254ms
07-14 14:28:56.237 I/QueryController(13147): Matched selector: UiSelector[TEXT=, CLASS=android.widget.TextView] <<==>> [android.view.accessibility.AccessibilityNodeInfo@3bc9a9; boundsInParent: Rect(0, 0 - 148, 184); boundsInScreen: Rect(376, 572 - 524, 756); packageName: com.pekall.emdm; className: android.widget.TextView; text: ; contentDescription: null; viewIdResName: com.pekall.emdm:id/application_icon_content; checkable: false; checked: false; focusable: true; focused: false; selected: false; clickable: false; longClickable: false; enabled: true; password: false; scrollable: false; [ACTION_FOCUS, ACTION_SELECT, ACTION_CLEAR_SELECTION, ACTION_ACCESSIBILITY_FOCUS, ACTION_NEXT_AT_MOVEMENT_GRANULARITY, ACTION_PREVIOUS_AT_MOVEMENT_GRANULARITY, ACTION_SET_SELECTION]]
07-14 14:28:56.283 I/QueryController(13147): Matched selector: UiSelector[TEXT=, CLASS=android.widget.TextView] <<==>> [android.view.accessibility.AccessibilityNodeInfo@3bc227; boundsInParent: Rect(0, 0 - 148, 184); boundsInScreen: Rect(16, 572 - 164, 756); packageName: com.pekall.emdm; className: android.widget.TextView; text: ; contentDescription: null; viewIdResName: com.pekall.emdm:id/application_icon_content; checkable: false; checked: false; focusable: true; focused: false; selected: false; clickable: false; longClickable: false; enabled: true; password: false; scrollable: false; [ACTION_FOCUS, ACTION_SELECT, ACTION_CLEAR_SELECTION, ACTION_ACCESSIBILITY_FOCUS, ACTION_NEXT_AT_MOVEMENT_GRANULARITY, ACTION_PREVIOUS_AT_MOVEMENT_GRANULARITY, ACTION_SET_SELECTION]]
07-14 14:28:56.307 I/QueryController(13147): Matched selector: UiSelector[TEXT=, CLASS=android.widget.TextView] <<==>> [android.view.accessibility.AccessibilityNodeInfo@3bc9a9; boundsInParent: Rect(0, 0 - 148, 184); boundsInScreen: Rect(376, 572 - 524, 756); packageName: com.pekall.emdm; className: android.widget.TextView; text: ; contentDescription: null; viewIdResName: com.pekall.emdm:id/application_icon_content; checkable: false; checked: false; focusable: true; focused: false; selected: false; clickable: false; longClickable: false; enabled: true; password: false; scrollable: false; [ACTION_FOCUS, ACTION_SELECT, ACTION_CLEAR_SELECTION, ACTION_ACCESSIBILITY_FOCUS, ACTION_NEXT_AT_MOVEMENT_GRANULARITY, ACTION_PREVIOUS_AT_MOVEMENT_GRANULARITY, ACTION_SET_SELECTION]]
07-14 14:28:56.307 D/InteractionController(13147): clickAndWaitForNewWindow(450, 664)
07-14 14:28:56.448 I/ActivityManager(  374): START u0 {cmp=com.pekall.emdm/.market.activity.AppListActivity} from pid 3494
07-14 14:28:56.588 D/dalvikvm(  374): GC_FOR_ALLOC freed 823K, 30% free 19421K/27716K, paused 95ms, total 95ms
07-14 14:28:56.690 D/dalvikvm(  374): GC_FOR_ALLOC freed 750K, 30% free 19415K/27716K, paused 85ms, total 86ms
07-14 14:28:56.698 D/MdmApplication( 3494): [null:-1]->onActivityPaused ui.MainActivity , mActivityCount = 4
07-14 14:28:56.698 D/GCM     (  624): Ignoring attempt to send heartbeat on dead connection.
07-14 14:28:56.698 D/MDM :   ( 3494): [null:-1]->query
07-14 14:28:56.698 D/MDM :   ( 3494): [null:-1]->QUERY_PINCODE_CHECK_RESULT
07-14 14:28:56.698 E/Mdm     ( 3494): Call Mdm service's setLastExitTime function
07-14 14:28:56.760 D/MdmApplication( 3494): [null:-1]->onActivityStarted market.activity.AppListActivity , mActivityCount = 3
07-14 14:28:56.760 D/MDM :   ( 3494): [null:-1]->query
07-14 14:28:56.760 D/MDM :   ( 3494): [null:-1]->QUERY_PINCODE_CHECK_RESULT
07-14 14:28:56.791 D/DB      ( 3494): query: SQLiteQuery: SELECT * FROM app WHERE type = 51107
07-14 14:28:56.799 D/DB      ( 3494): factory null
07-14 14:28:56.799 D/DB      ( 3494): fillWindow: 0
07-14 14:28:56.799 D/DB      ( 3494): cursor 1
07-14 14:28:56.807 D/DB      ( 3494): query: SQLiteQuery: SELECT * FROM app WHERE type = 51106
07-14 14:28:56.807 D/DB      ( 3494): factory null
07-14 14:28:56.807 D/DB      ( 3494): fillWindow: 0
07-14 14:28:56.807 D/DB      ( 3494): cursor 1
07-14 14:28:57.010 D/DB      ( 3494): moveToPos: 0
07-14 14:28:57.010 D/DB      ( 3494): onMove: 0
07-14 14:28:57.010 D/DB      ( 3494): moveToPos: 1
07-14 14:28:57.010 D/DB      ( 3494): moveToPos: 0
07-14 14:28:57.010 D/DB      ( 3494): onMove: 0
07-14 14:28:57.010 D/DB      ( 3494): moveToPos: 1
07-14 14:28:57.018 I/ActivityManager(  374): Displayed com.pekall.emdm/.market.activity.AppListActivity: +305ms
07-14 14:28:57.737 I/QueryController(13147): Matched selector: UiSelector[TEXT=, CLASS=android.widget.TextView] <<==>> [android.view.accessibility.AccessibilityNodeInfo@3c855c; boundsInParent: Rect(0, 0 - 144, 48); boundsInScreen: Rect(468, 170 - 612, 218); packageName: com.pekall.emdm; className: android.widget.TextView; text: ; contentDescription: null; viewIdResName: com.pekall.emdm:id/market_tab_text; checkable: false; checked: false; focusable: false; focused: false; selected: false; clickable: false; longClickable: false; enabled: true; password: false; scrollable: false; [ACTION_SELECT, ACTION_CLEAR_SELECTION, ACTION_ACCESSIBILITY_FOCUS, ACTION_NEXT_AT_MOVEMENT_GRANULARITY, ACTION_PREVIOUS_AT_MOVEMENT_GRANULARITY, ACTION_SET_SELECTION]]
07-14 14:28:57.737 D/InteractionController(13147): clickAndWaitForNewWindow(540, 194)
07-14 14:29:00.846 W/InteractionController(13147): runAndwaitForEvent timedout waiting for events
07-14 14:29:01.096 I/QueryController(13147): Matched selector: UiSelector[TEXT=note] <<==>> [android.view.accessibility.AccessibilityNodeInfo@3c3a48; boundsInParent: Rect(0, 0 - 434, 43); boundsInScreen: Rect(136, 262 - 570, 305); packageName: com.pekall.emdm; className: android.widget.TextView; text: note; contentDescription: null; viewIdResName: com.pekall.emdm:id/market_item_name; checkable: false; checked: false; focusable: false; focused: false; selected: false; clickable: false; longClickable: false; enabled: true; password: false; scrollable: false; [ACTION_SELECT, ACTION_CLEAR_SELECTION, ACTION_ACCESSIBILITY_FOCUS, ACTION_NEXT_AT_MOVEMENT_GRANULARITY, ACTION_PREVIOUS_AT_MOVEMENT_GRANULARITY, ACTION_SET_SELECTION]]
07-14 14:29:01.104 I/AndroidRuntime(13147): VM exiting with result code 0.
07-14 14:29:09.924 D/LightsService(  374): Excessive delay setting light: 67ms
07-14 14:29:10.158 D/LightsService(  374): Excessive delay setting light: 66ms
07-14 14:29:12.744 I/PowerManagerService(  374): Going to sleep due to screen timeout...
07-14 14:29:13.565 D/SurfaceFlinger(  124): Screen released, type=0 flinger=0x41e1a478
07-14 14:29:13.658 D/dalvikvm(  374): GC_FOR_ALLOC freed 621K, 28% free 20198K/27716K, paused 88ms, total 89ms
07-14 14:29:13.752 D/dalvikvm(  374): GC_FOR_ALLOC freed 759K, 29% free 19812K/27716K, paused 87ms, total 88ms
07-14 14:29:13.752 D/MdmApplication( 3494): [null:-1]->onActivityPaused market.activity.AppListActivity , mActivityCount = 4
07-14 14:29:13.752 D/MDM :   ( 3494): [null:-1]->query
07-14 14:29:13.752 D/MDM :   ( 3494): [null:-1]->QUERY_PINCODE_CHECK_RESULT
07-14 14:29:13.752 E/Mdm     ( 3494): Call Mdm service's setLastExitTime function
07-14 14:29:13.862 D/NfcService(  582): NFC-C OFF, disconnect
07-14 14:29:13.948 V/KeyguardHostView(  374): hide transport, gen:55
07-14 14:29:13.948 V/KeyguardHostView(  374): music state changed: 0
07-14 14:29:13.948 D/dalvikvm(  636): GC_FOR_ALLOC freed 964K, 10% free 12685K/14068K, paused 52ms, total 52ms
07-14 14:29:14.010 D/PhoneStatusBar(  450): disable: < expand icons alerts ticker system_info back home RECENT* clock search >
07-14 14:29:14.057 V/TAG     (  374): bug 7643792: fitSystemWindows([0,50][0,0])
07-14 14:29:14.096 D/MDM :   ( 3494): [null:-1]->query
07-14 14:29:14.096 D/MDM :   ( 3494): [null:-1]->QUERY_SETTING_PIN_ONOFF
07-14 14:29:14.127 D/dalvikvm( 6152): GC_FOR_ALLOC freed 455K, 8% free 9446K/10240K, paused 23ms, total 24ms
07-14 14:29:14.166 D/dalvikvm( 1146): GC_CONCURRENT freed 458K, 7% free 9269K/9896K, paused 1ms+2ms, total 51ms
07-14 14:29:14.205 D/PhoneStatusBar(  450): disable: < expand icons alerts ticker system_info BACK* HOME* RECENT CLOCK* search >
07-14 14:29:18.276 D/JOBS    (12763): Thread-529: load factor check. true = (0 < 1)|| (0 * 3 < 0 + 0). consumer thread: true
07-14 14:29:18.276 D/JOBS    (12763): didn't allow me to die, re-running Thread-529
07-14 14:29:18.283 D/JOBS    (12763): re-running consumer Thread-529
07-14 14:29:20.330 I/PowerManagerService(  374): Waking up from sleep...
07-14 14:29:20.377 I/WindowManager(  374): Lock screen displayed!
07-14 14:29:20.752 D/PowerManagerService-JNI(  374): Excessive delay in autosuspend_disable() while turning screen on: 397ms
07-14 14:29:20.752 V/DigitalWidgetViewsFactory(12684): DigitalWidget sets next alarm string to null
07-14 14:29:20.799 D/PowerManagerService-JNI(  374): Excessive delay in setInteractive(true) while turning screen on: 48ms
07-14 14:29:20.799 D/SurfaceFlinger(  124): Screen acquired, type=0 flinger=0x41e1a478
07-14 14:29:21.010 D/AndroidRuntime(13228): 
07-14 14:29:21.010 D/AndroidRuntime(13228): >>>>>> AndroidRuntime START com.android.internal.os.RuntimeInit <<<<<<
07-14 14:29:21.010 D/AndroidRuntime(13228): CheckJNI is OFF
07-14 14:29:21.026 D/dalvikvm(13228): Trying to load lib libjavacore.so 0x0
07-14 14:29:21.026 D/dalvikvm(13228): Added shared lib libjavacore.so 0x0
07-14 14:29:21.049 D/dalvikvm(13228): Trying to load lib libnativehelper.so 0x0
07-14 14:29:21.049 D/dalvikvm(13228): Added shared lib libnativehelper.so 0x0
07-14 14:29:21.080 D/dalvikvm( 1052): GC_CONCURRENT freed 529K, 9% free 10224K/11168K, paused 4ms+3ms, total 468ms
07-14 14:29:21.127 D/LightsService(  374): Excessive delay setting light: 319ms
07-14 14:29:21.198 D/LightsService(  374): Excessive delay setting light: 71ms
07-14 14:29:21.221 W/GlowPadView(  374): The number of target drawables must be equal to the number of direction descriptions.
07-14 14:29:21.252 D/AndroidRuntime(13228): Calling main entry com.qihoo360.powerctl.root.app.App
07-14 14:29:21.252 D/AndroidRuntime(13228): Shutting down VM
07-14 14:29:21.260 D/dalvikvm(13228): GC_CONCURRENT freed 114K, 22% free 467K/592K, paused 1ms+0ms, total 4ms
07-14 14:29:21.260 I/AndroidRuntime(13228): NOTE: attach of thread 'Binder_1' failed
07-14 14:29:21.471 D/MdmApplication( 3494): [null:-1]->onActivityStarted market.activity.AppListActivity , mActivityCount = 3
07-14 14:29:21.471 D/MDM :   ( 3494): [null:-1]->query
07-14 14:29:21.471 D/MDM :   ( 3494): [null:-1]->QUERY_PINCODE_CHECK_RESULT
07-14 14:29:21.494 D/PhoneStatusBar(  450): disable: < expand icons alerts ticker system_info BACK HOME recent* CLOCK search >
07-14 14:29:21.549 D/NfcService(  582): NFC-C ON
07-14 14:29:21.580 D/PhoneStatusBar(  450): disable: < expand icons alerts ticker system_info back* home* recent clock* search >
07-14 14:29:21.596 W/InputMethodManagerService(  374): Window already focused, ignoring focus gain of: com.android.internal.view.IInputMethodClient$Stub$Proxy@42eb5010 attribute=android.view.inputmethod.EditorInfo@42faecf8, token = android.os.BinderProxy@431f02a0
07-14 14:29:22.010 V/TAG     (  374): bug 7643792: fitSystemWindows([0,50][0,0])
07-14 14:29:22.174 D/AndroidRuntime(13251): 
07-14 14:29:22.174 D/AndroidRuntime(13251): >>>>>> AndroidRuntime START com.android.internal.os.RuntimeInit <<<<<<
07-14 14:29:22.174 D/AndroidRuntime(13251): CheckJNI is OFF
07-14 14:29:22.190 D/dalvikvm(13251): Trying to load lib libjavacore.so 0x0
07-14 14:29:22.198 D/dalvikvm(13251): Added shared lib libjavacore.so 0x0
07-14 14:29:22.221 D/dalvikvm(13251): Trying to load lib libnativehelper.so 0x0
07-14 14:29:22.221 D/dalvikvm(13251): Added shared lib libnativehelper.so 0x0
07-14 14:29:22.463 D/AndroidRuntime(13251): Calling main entry com.qihoo360.powerctl.root.app.App
07-14 14:29:22.463 D/AndroidRuntime(13251): Shutting down VM
07-14 14:29:22.471 D/dalvikvm(13251): GC_CONCURRENT freed 115K, 21% free 467K/592K, paused 1ms+0ms, total 4ms
07-14 14:29:30.526 W/SystemClock(  563): time going backwards: prev 9508939971926(ioctl) vs now 9508938079836(ioctl), tid=1027
07-14 14:29:33.658 D/LightsService(  374): Excessive delay setting light: 67ms
07-14 14:29:33.932 D/LightsService(  374): Excessive delay setting light: 67ms
07-14 14:29:36.448 I/PowerManagerService(  374): Going to sleep due to screen timeout...
07-14 14:29:37.205 D/SurfaceFlinger(  124): Screen released, type=0 flinger=0x41e1a478
07-14 14:29:37.213 D/MdmApplication( 3494): [null:-1]->onActivityPaused market.activity.AppListActivity , mActivityCount = 4
07-14 14:29:37.213 D/MDM :   ( 3494): [null:-1]->query
07-14 14:29:37.213 D/MDM :   ( 3494): [null:-1]->QUERY_PINCODE_CHECK_RESULT
07-14 14:29:37.213 E/Mdm     ( 3494): Call Mdm service's setLastExitTime function
07-14 14:29:37.307 D/NfcService(  582): NFC-C OFF, disconnect
07-14 14:29:37.408 V/KeyguardHostView(  374): hide transport, gen:55
07-14 14:29:37.408 V/KeyguardHostView(  374): music state changed: 0
07-14 14:29:37.440 D/MDM :   ( 3494): [null:-1]->query
07-14 14:29:37.440 D/MDM :   ( 3494): [null:-1]->QUERY_SETTING_PIN_ONOFF
07-14 14:29:37.455 D/PhoneStatusBar(  450): disable: < expand icons alerts ticker system_info back home RECENT* clock search >
07-14 14:29:37.502 V/TAG     (  374): bug 7643792: fitSystemWindows([0,50][0,0])
07-14 14:29:37.596 D/PhoneStatusBar(  450): disable: < expand icons alerts ticker system_info BACK* HOME* RECENT CLOCK* search >
07-14 14:29:37.635 D/dalvikvm(  374): GC_CONCURRENT freed 2211K, 27% free 20332K/27716K, paused 4ms+21ms, total 164ms
07-14 14:29:38.838 W/MountService(  374): getVolumeState(/storage/emulated/0/external_sd): Unknown volume
07-14 14:29:38.838 W/MountService(  374): getVolumeState(/mnt/sdcard-ext): Unknown volume
07-14 14:29:38.838 W/MountService(  374): getVolumeState(/mnt/ext_sdcard): Unknown volume
07-14 14:29:38.838 W/MountService(  374): getVolumeState(/mnt/sdcard2): Unknown volume
07-14 14:29:38.838 W/MountService(  374): getVolumeState(/mnt/emmc): Unknown volume
07-14 14:29:38.838 W/MountService(  374): getVolumeState(/mnt/extSdCard): Unknown volume
07-14 14:29:38.846 W/MountService(  374): getVolumeState(/mnt/sdcard/SD_CARD): Unknown volume
07-14 14:29:38.846 W/MountService(  374): getVolumeState(/mnt/sdcard/extra_sd): Unknown volume
07-14 14:29:38.846 W/MountService(  374): getVolumeState(/mnt/extrasd_bind): Unknown volume
07-14 14:29:38.846 W/MountService(  374): getVolumeState(/mnt/sdcard/ext_sd): Unknown volume
07-14 14:29:38.846 W/MountService(  374): getVolumeState(/storage/extSdCard): Unknown volume
07-14 14:29:38.846 W/MountService(  374): getVolumeState(/storage/sdcard1): Unknown volume
07-14 14:29:38.854 W/MountService(  374): getVolumeState(/mnt/sdcard/external_SD): Unknown volume
07-14 14:29:38.854 W/MountService(  374): getVolumeState(/mnt/sdcard/external_sd): Unknown volume
07-14 14:29:38.908 D/dalvikvm( 6152): GC_CONCURRENT freed 429K, 8% free 9486K/10240K, paused 4ms+3ms, total 46ms
07-14 14:29:38.908 D/dalvikvm( 6152): WAIT_FOR_CONCURRENT_GC blocked 9ms
07-14 14:29:39.065 W/MountService(  374): getVolumeState(/storage/emulated/0/external_sd): Unknown volume
07-14 14:29:39.065 W/MountService(  374): getVolumeState(/mnt/sdcard-ext): Unknown volume
07-14 14:29:39.065 W/MountService(  374): getVolumeState(/mnt/ext_sdcard): Unknown volume
07-14 14:29:39.065 W/MountService(  374): getVolumeState(/mnt/sdcard2): Unknown volume
07-14 14:29:39.073 W/MountService(  374): getVolumeState(/mnt/emmc): Unknown volume
07-14 14:29:39.073 W/MountService(  374): getVolumeState(/mnt/extSdCard): Unknown volume
07-14 14:29:39.073 W/MountService(  374): getVolumeState(/mnt/sdcard/SD_CARD): Unknown volume
07-14 14:29:39.073 W/MountService(  374): getVolumeState(/mnt/sdcard/extra_sd): Unknown volume
07-14 14:29:39.073 W/MountService(  374): getVolumeState(/mnt/extrasd_bind): Unknown volume
07-14 14:29:39.073 W/MountService(  374): getVolumeState(/mnt/sdcard/ext_sd): Unknown volume
07-14 14:29:39.073 W/MountService(  374): getVolumeState(/storage/extSdCard): Unknown volume
07-14 14:29:39.073 W/MountService(  374): getVolumeState(/storage/sdcard1): Unknown volume
07-14 14:29:39.073 W/MountService(  374): getVolumeState(/mnt/sdcard/external_SD): Unknown volume
07-14 14:29:39.073 W/MountService(  374): getVolumeState(/mnt/sdcard/external_sd): Unknown volume
07-14 14:29:39.088 D/dalvikvm( 6152): GC_CONCURRENT freed 479K, 8% free 9519K/10240K, paused 3ms+4ms, total 32ms
07-14 14:29:39.088 D/dalvikvm( 6152): WAIT_FOR_CONCURRENT_GC blocked 5ms
07-14 14:29:39.088 D/dalvikvm( 6152): WAIT_FOR_CONCURRENT_GC blocked 14ms
07-14 14:29:41.994 I/PowerManagerService(  374): Waking up from sleep...
07-14 14:29:42.096 I/WindowManager(  374): Lock screen displayed!
07-14 14:29:42.213 D/dalvikvm(  636): GC_FOR_ALLOC freed 1027K, 10% free 12671K/14068K, paused 60ms, total 60ms
07-14 14:29:42.307 D/dalvikvm( 2019): GC_FOR_ALLOC freed 368K, 7% free 9931K/10588K, paused 22ms, total 22ms
07-14 14:29:42.354 D/PowerManagerService-JNI(  374): Excessive delay in autosuspend_disable() while turning screen on: 351ms
07-14 14:29:42.369 D/SurfaceFlinger(  124): Screen acquired, type=0 flinger=0x41e1a478
07-14 14:29:42.487 V/DigitalWidgetViewsFactory(12684): DigitalWidget sets next alarm string to null
07-14 14:29:42.705 D/LightsService(  374): Excessive delay setting light: 301ms
07-14 14:29:42.713 D/AndroidRuntime(13273): 
07-14 14:29:42.713 D/AndroidRuntime(13273): >>>>>> AndroidRuntime START com.android.internal.os.RuntimeInit <<<<<<
07-14 14:29:42.713 D/AndroidRuntime(13273): CheckJNI is OFF
07-14 14:29:42.729 D/dalvikvm(13273): Trying to load lib libjavacore.so 0x0
07-14 14:29:42.737 D/dalvikvm(13273): Added shared lib libjavacore.so 0x0
07-14 14:29:42.752 D/dalvikvm(13273): Trying to load lib libnativehelper.so 0x0
07-14 14:29:42.752 D/dalvikvm(13273): Added shared lib libnativehelper.so 0x0
07-14 14:29:42.963 D/AndroidRuntime(13273): Calling main entry com.qihoo360.powerctl.root.app.App
07-14 14:29:42.971 D/AndroidRuntime(13273): Shutting down VM
07-14 14:29:42.971 I/AndroidRuntime(13273): NOTE: attach of thread 'Binder_1' failed
07-14 14:29:42.971 D/dalvikvm(13273): GC_CONCURRENT freed 114K, 22% free 467K/592K, paused 0ms+1ms, total 3ms
07-14 14:29:49.151 D/LightsService(  374): Excessive delay setting light: 66ms
07-14 14:29:52.158 W/System.err(12204): java.io.FileNotFoundException: /data/data/com.mgyapp.android/files/.cfpaps.i: open failed: ENOENT (No such file or directory)
07-14 14:29:52.158 W/System.err(12204): 	at libcore.io.IoBridge.open(IoBridge.java:409)
07-14 14:29:52.158 W/System.err(12204): 	at java.io.FileInputStream.<init>(FileInputStream.java:78)
07-14 14:29:52.158 W/System.err(12204): 	at android.app.ContextImpl.openFileInput(ContextImpl.java:702)
07-14 14:29:52.158 W/System.err(12204): 	at android.content.ContextWrapper.openFileInput(ContextWrapper.java:173)
07-14 14:29:52.158 W/System.err(12204): 	at com.mgyun.shua.jc.service.f.run(Unknown Source)
07-14 14:29:52.158 W/System.err(12204): 	at com.mgyun.shua.jc.service.CpWorkServer.onHandleIntent(Unknown Source)
07-14 14:29:52.158 W/System.err(12204): 	at android.app.IntentService$ServiceHandler.handleMessage(IntentService.java:65)
07-14 14:29:52.158 W/System.err(12204): 	at android.os.Handler.dispatchMessage(Handler.java:99)
07-14 14:29:52.158 W/System.err(12204): 	at android.os.Looper.loop(Looper.java:137)
07-14 14:29:52.158 W/System.err(12204): 	at android.os.HandlerThread.run(HandlerThread.java:61)
07-14 14:29:52.158 W/System.err(12204): Caused by: libcore.io.ErrnoException: open failed: ENOENT (No such file or directory)
07-14 14:29:52.158 W/System.err(12204): 	at libcore.io.Posix.open(Native Method)
07-14 14:29:52.158 W/System.err(12204): 	at libcore.io.BlockGuardOs.open(BlockGuardOs.java:110)
07-14 14:29:52.158 W/System.err(12204): 	at libcore.io.IoBridge.open(IoBridge.java:393)
07-14 14:29:52.166 W/System.err(12204): 	... 9 more
07-14 14:29:54.119 D/LightsService(  374): Excessive delay setting light: 68ms
07-14 14:29:54.393 D/LightsService(  374): Excessive delay setting light: 68ms
07-14 14:29:54.729 D/MdmApplication( 3494): [null:-1]->onActivityStarted market.activity.AppListActivity , mActivityCount = 3
07-14 14:29:54.729 D/MDM :   ( 3494): [null:-1]->query
07-14 14:29:54.729 D/MDM :   ( 3494): [null:-1]->QUERY_PINCODE_CHECK_RESULT
07-14 14:29:54.744 D/LightsService(  374): Excessive delay setting light: 70ms
07-14 14:29:54.744 D/PhoneStatusBar(  450): disable: < expand icons alerts ticker system_info BACK HOME recent* CLOCK search >
07-14 14:29:54.776 D/NfcService(  582): NFC-C ON
07-14 14:29:54.823 D/PhoneStatusBar(  450): disable: < expand icons alerts ticker system_info back* home* recent clock* search >
07-14 14:29:54.877 W/InputMethodManagerService(  374): Window already focused, ignoring focus gain of: com.android.internal.view.IInputMethodClient$Stub$Proxy@42d4e500 attribute=android.view.inputmethod.EditorInfo@42d86610, token = android.os.BinderProxy@431f02a0
07-14 14:29:54.979 D/LightsService(  374): Excessive delay setting light: 60ms
07-14 14:29:55.112 D/dalvikvm( 1052): GC_CONCURRENT freed 376K, 8% free 10279K/11168K, paused 7ms+4ms, total 95ms
07-14 14:29:55.166 I/RootJni (13297): su: permission denied
07-14 14:29:55.252 V/TAG     (  374): bug 7643792: fitSystemWindows([0,50][0,0])
07-14 14:29:55.385 D/AndroidRuntime(13296): 
07-14 14:29:55.385 D/AndroidRuntime(13296): >>>>>> AndroidRuntime START com.android.internal.os.RuntimeInit <<<<<<
07-14 14:29:55.385 D/AndroidRuntime(13296): CheckJNI is OFF
07-14 14:29:55.401 D/dalvikvm(13296): Trying to load lib libjavacore.so 0x0
07-14 14:29:55.408 D/dalvikvm(13296): Added shared lib libjavacore.so 0x0
07-14 14:29:55.424 D/dalvikvm(13296): Trying to load lib libnativehelper.so 0x0
07-14 14:29:55.424 D/dalvikvm(13296): Added shared lib libnativehelper.so 0x0
07-14 14:29:55.682 D/AndroidRuntime(13296): Calling main entry com.qihoo360.powerctl.root.app.App
07-14 14:29:55.682 D/AndroidRuntime(13296): Shutting down VM
07-14 14:29:55.690 D/dalvikvm(13296): GC_CONCURRENT freed 115K, 21% free 467K/592K, paused 0ms+0ms, total 3ms
07-14 14:30:01.596 V/DigitalWidgetViewsFactory(12684): DigitalWidget sets next alarm string to null
07-14 14:30:02.158 W/System.err(12204): java.io.FileNotFoundException: /data/data/com.mgyapp.android/files/.cfp.i: open failed: ENOENT (No such file or directory)
07-14 14:30:02.158 W/System.err(12204): 	at libcore.io.IoBridge.open(IoBridge.java:409)
07-14 14:30:02.158 W/System.err(12204): 	at java.io.FileInputStream.<init>(FileInputStream.java:78)
07-14 14:30:02.158 W/System.err(12204): 	at android.app.ContextImpl.openFileInput(ContextImpl.java:702)
07-14 14:30:02.158 W/System.err(12204): 	at android.content.ContextWrapper.openFileInput(ContextWrapper.java:173)
07-14 14:30:02.158 W/System.err(12204): 	at com.mgyun.shua.jc.c.b(Unknown Source)
07-14 14:30:02.158 W/System.err(12204): 	at com.mgyun.shua.jc.d.a(Unknown Source)
07-14 14:30:02.158 W/System.err(12204): 	at com.mgyun.shua.jc.service.CpWorkServer.onHandleIntent(Unknown Source)
07-14 14:30:02.158 W/System.err(12204): 	at android.app.IntentService$ServiceHandler.handleMessage(IntentService.java:65)
07-14 14:30:02.158 W/System.err(12204): 	at android.os.Handler.dispatchMessage(Handler.java:99)
07-14 14:30:02.158 W/System.err(12204): 	at android.os.Looper.loop(Looper.java:137)
07-14 14:30:02.158 W/System.err(12204): 	at android.os.HandlerThread.run(HandlerThread.java:61)
07-14 14:30:02.158 W/System.err(12204): Caused by: libcore.io.ErrnoException: open failed: ENOENT (No such file or directory)
07-14 14:30:02.158 W/System.err(12204): 	at libcore.io.Posix.open(Native Method)
07-14 14:30:02.158 W/System.err(12204): 	at libcore.io.BlockGuardOs.open(BlockGuardOs.java:110)
07-14 14:30:02.158 W/System.err(12204): 	at libcore.io.IoBridge.open(IoBridge.java:393)
07-14 14:30:02.158 W/System.err(12204): 	... 10 more
07-14 14:30:06.815 D/LightsService(  374): Excessive delay setting light: 68ms
07-14 14:30:07.057 D/LightsService(  374): Excessive delay setting light: 68ms
07-14 14:30:07.885 D/dalvikvm(  577): GC_CONCURRENT freed 412K, 5% free 9515K/9984K, paused 4ms+3ms, total 37ms
07-14 14:30:09.713 I/PowerManagerService(  374): Going to sleep due to screen timeout...
07-14 14:30:10.448 D/SurfaceFlinger(  124): Screen released, type=0 flinger=0x41e1a478
07-14 14:30:10.455 D/MdmApplication( 3494): [null:-1]->onActivityPaused market.activity.AppListActivity , mActivityCount = 4
07-14 14:30:10.455 D/MDM :   ( 3494): [null:-1]->query
07-14 14:30:10.455 D/MDM :   ( 3494): [null:-1]->QUERY_PINCODE_CHECK_RESULT
07-14 14:30:10.455 E/Mdm     ( 3494): Call Mdm service's setLastExitTime function
07-14 14:30:10.612 D/NfcService(  582): NFC-C OFF, disconnect
07-14 14:30:10.674 D/MDM :   ( 3494): [null:-1]->query
07-14 14:30:10.674 D/MDM :   ( 3494): [null:-1]->QUERY_SETTING_PIN_ONOFF
07-14 14:30:10.791 D/dalvikvm(  374): GC_FOR_ALLOC freed 1965K, 24% free 21094K/27712K, paused 95ms, total 95ms
07-14 14:30:10.838 V/KeyguardHostView(  374): hide transport, gen:55
07-14 14:30:10.838 V/KeyguardHostView(  374): music state changed: 0
07-14 14:30:10.869 D/PhoneStatusBar(  450): disable: < expand icons alerts ticker system_info back home RECENT* clock search >
07-14 14:30:10.901 V/TAG     (  374): bug 7643792: fitSystemWindows([0,50][0,0])
07-14 14:30:11.018 D/PhoneStatusBar(  450): disable: < expand icons alerts ticker system_info BACK* HOME* RECENT CLOCK* search >
07-14 14:30:38.893 D/dalvikvm( 6152): GC_CONCURRENT freed 463K, 8% free 9473K/10240K, paused 9ms+3ms, total 36ms
07-14 14:30:38.893 D/dalvikvm( 6152): WAIT_FOR_CONCURRENT_GC blocked 28ms
07-14 14:30:38.893 D/dalvikvm( 6152): WAIT_FOR_CONCURRENT_GC blocked 16ms
