07-14 14:16:37.885 D/dalvikvm( 6152): GC_CONCURRENT freed 444K, 8% free 9487K/10240K, paused 5ms+4ms, total 36ms
07-14 14:16:37.885 D/dalvikvm( 6152): WAIT_FOR_CONCURRENT_GC blocked 27ms
07-14 14:16:38.073 D/dalvikvm( 6152): GC_CONCURRENT freed 520K, 8% free 9478K/10240K, paused 3ms+3ms, total 36ms
07-14 14:16:38.073 D/dalvikvm( 6152): WAIT_FOR_CONCURRENT_GC blocked 9ms
07-14 14:16:38.073 D/dalvikvm( 6152): WAIT_FOR_CONCURRENT_GC blocked 16ms
07-14 14:16:38.073 D/dalvikvm( 6152): WAIT_FOR_CONCURRENT_GC blocked 16ms
07-14 14:16:38.073 W/MountService(  374): getVolumeState(/storage/emulated/0/external_sd): Unknown volume
07-14 14:16:38.080 W/MountService(  374): getVolumeState(/mnt/sdcard-ext): Unknown volume
07-14 14:16:38.080 W/MountService(  374): getVolumeState(/mnt/ext_sdcard): Unknown volume
07-14 14:16:38.080 W/MountService(  374): getVolumeState(/mnt/sdcard2): Unknown volume
07-14 14:16:38.080 W/MountService(  374): getVolumeState(/mnt/emmc): Unknown volume
07-14 14:16:38.080 W/MountService(  374): getVolumeState(/mnt/extSdCard): Unknown volume
07-14 14:16:38.080 W/MountService(  374): getVolumeState(/mnt/sdcard/SD_CARD): Unknown volume
07-14 14:16:38.080 W/MountService(  374): getVolumeState(/mnt/sdcard/extra_sd): Unknown volume
07-14 14:16:38.080 W/MountService(  374): getVolumeState(/mnt/extrasd_bind): Unknown volume
07-14 14:16:38.080 W/MountService(  374): getVolumeState(/mnt/sdcard/ext_sd): Unknown volume
07-14 14:16:38.080 W/MountService(  374): getVolumeState(/storage/extSdCard): Unknown volume
07-14 14:16:38.088 W/MountService(  374): getVolumeState(/storage/sdcard1): Unknown volume
07-14 14:16:38.088 W/MountService(  374): getVolumeState(/mnt/sdcard/external_SD): Unknown volume
07-14 14:16:38.088 W/MountService(  374): getVolumeState(/mnt/sdcard/external_sd): Unknown volume
07-14 14:17:07.135 D/PushService(11415): [null:-1]->receiver action :com.pekall.mdm.action.PUSH_ALARM
07-14 14:17:07.143 D/PushService(11415): [null:-1]->keepAliveWithPushServer client is opened:true
07-14 14:17:07.143 D/PushLib : (11415): [null:-1]->ping!!!!!!!!!
07-14 14:17:07.151 D/PushLib : (11415): [null:-1]->pushClient is :not null
07-14 14:17:07.151 D/PushLib : (11415): [null:-1]->pushClient opened : opened
07-14 14:17:07.862 D/JOBS    (11415): Thread-436: load factor check. true = (0 < 1)|| (0 * 3 < 0 + 0). consumer thread: true
07-14 14:17:07.862 D/JOBS    (11415): didn't allow me to die, re-running Thread-436
07-14 14:17:07.862 D/JOBS    (11415): re-running consumer Thread-436
07-14 14:17:12.166 D/PushLib : (11415): [null:-1]->MSG_WEBSOCKET_PONG
07-14 14:17:35.002 D/dalvikvm( 6152): GC_CONCURRENT freed 420K, 8% free 9477K/10240K, paused 7ms+3ms, total 28ms
07-14 14:17:35.002 D/dalvikvm( 6152): WAIT_FOR_CONCURRENT_GC blocked 15ms
07-14 14:17:37.908 W/MountService(  374): getVolumeState(/storage/emulated/0/external_sd): Unknown volume
07-14 14:17:37.908 W/MountService(  374): getVolumeState(/mnt/sdcard-ext): Unknown volume
07-14 14:17:37.908 W/MountService(  374): getVolumeState(/mnt/ext_sdcard): Unknown volume
07-14 14:17:37.908 W/MountService(  374): getVolumeState(/mnt/sdcard2): Unknown volume
07-14 14:17:37.908 W/MountService(  374): getVolumeState(/mnt/emmc): Unknown volume
07-14 14:17:37.908 W/MountService(  374): getVolumeState(/mnt/extSdCard): Unknown volume
07-14 14:17:37.908 W/MountService(  374): getVolumeState(/mnt/sdcard/SD_CARD): Unknown volume
07-14 14:17:37.916 W/MountService(  374): getVolumeState(/mnt/sdcard/extra_sd): Unknown volume
07-14 14:17:37.916 W/MountService(  374): getVolumeState(/mnt/extrasd_bind): Unknown volume
07-14 14:17:37.916 W/MountService(  374): getVolumeState(/mnt/sdcard/ext_sd): Unknown volume
07-14 14:17:37.916 W/MountService(  374): getVolumeState(/storage/extSdCard): Unknown volume
07-14 14:17:37.916 W/MountService(  374): getVolumeState(/storage/sdcard1): Unknown volume
07-14 14:17:37.916 W/MountService(  374): getVolumeState(/mnt/sdcard/external_SD): Unknown volume
07-14 14:17:37.916 W/MountService(  374): getVolumeState(/mnt/sdcard/external_sd): Unknown volume
07-14 14:17:38.002 D/dalvikvm( 6152): GC_CONCURRENT freed 359K, 7% free 9602K/10240K, paused 3ms+4ms, total 30ms
07-14 14:17:38.104 D/dalvikvm(  374): GC_EXPLICIT freed 1843K, 29% free 19547K/27344K, paused 3ms+11ms, total 117ms
07-14 14:17:38.244 W/MountService(  374): getVolumeState(/storage/emulated/0/external_sd): Unknown volume
07-14 14:17:38.244 W/MountService(  374): getVolumeState(/mnt/sdcard-ext): Unknown volume
07-14 14:17:38.244 W/MountService(  374): getVolumeState(/mnt/ext_sdcard): Unknown volume
07-14 14:17:38.244 W/MountService(  374): getVolumeState(/mnt/sdcard2): Unknown volume
07-14 14:17:38.244 W/MountService(  374): getVolumeState(/mnt/emmc): Unknown volume
07-14 14:17:38.244 W/MountService(  374): getVolumeState(/mnt/extSdCard): Unknown volume
07-14 14:17:38.244 W/MountService(  374): getVolumeState(/mnt/sdcard/SD_CARD): Unknown volume
07-14 14:17:38.252 W/MountService(  374): getVolumeState(/mnt/sdcard/extra_sd): Unknown volume
07-14 14:17:38.252 W/MountService(  374): getVolumeState(/mnt/extrasd_bind): Unknown volume
07-14 14:17:38.252 W/MountService(  374): getVolumeState(/mnt/sdcard/ext_sd): Unknown volume
07-14 14:17:38.252 W/MountService(  374): getVolumeState(/storage/extSdCard): Unknown volume
07-14 14:17:38.252 W/MountService(  374): getVolumeState(/storage/sdcard1): Unknown volume
07-14 14:17:38.252 W/MountService(  374): getVolumeState(/mnt/sdcard/external_SD): Unknown volume
07-14 14:17:38.252 W/MountService(  374): getVolumeState(/mnt/sdcard/external_sd): Unknown volume
07-14 14:17:38.283 D/dalvikvm( 6152): GC_CONCURRENT freed 592K, 8% free 9481K/10240K, paused 4ms+4ms, total 29ms
07-14 14:18:37.948 W/MountService(  374): getVolumeState(/storage/emulated/0/external_sd): Unknown volume
07-14 14:18:37.948 W/MountService(  374): getVolumeState(/mnt/sdcard-ext): Unknown volume
07-14 14:18:37.948 W/MountService(  374): getVolumeState(/mnt/ext_sdcard): Unknown volume
07-14 14:18:37.948 W/MountService(  374): getVolumeState(/mnt/sdcard2): Unknown volume
07-14 14:18:37.948 W/MountService(  374): getVolumeState(/mnt/emmc): Unknown volume
07-14 14:18:37.955 W/MountService(  374): getVolumeState(/mnt/extSdCard): Unknown volume
07-14 14:18:37.955 W/MountService(  374): getVolumeState(/mnt/sdcard/SD_CARD): Unknown volume
07-14 14:18:37.955 W/MountService(  374): getVolumeState(/mnt/sdcard/extra_sd): Unknown volume
07-14 14:18:37.955 W/MountService(  374): getVolumeState(/mnt/extrasd_bind): Unknown volume
07-14 14:18:37.955 W/MountService(  374): getVolumeState(/mnt/sdcard/ext_sd): Unknown volume
07-14 14:18:37.955 W/MountService(  374): getVolumeState(/storage/extSdCard): Unknown volume
07-14 14:18:37.955 W/MountService(  374): getVolumeState(/storage/sdcard1): Unknown volume
07-14 14:18:37.955 W/MountService(  374): getVolumeState(/mnt/sdcard/external_SD): Unknown volume
07-14 14:18:37.955 W/MountService(  374): getVolumeState(/mnt/sdcard/external_sd): Unknown volume
07-14 14:18:38.010 D/dalvikvm( 6152): GC_CONCURRENT freed 408K, 8% free 9474K/10240K, paused 4ms+4ms, total 50ms
07-14 14:18:38.010 D/dalvikvm( 6152): WAIT_FOR_CONCURRENT_GC blocked 44ms
07-14 14:18:38.182 D/dalvikvm( 6152): GC_CONCURRENT freed 464K, 8% free 9514K/10240K, paused 2ms+4ms, total 34ms
07-14 14:18:38.182 D/dalvikvm( 6152): WAIT_FOR_CONCURRENT_GC blocked 7ms
07-14 14:18:38.190 W/MountService(  374): getVolumeState(/storage/emulated/0/external_sd): Unknown volume
07-14 14:18:38.190 W/MountService(  374): getVolumeState(/mnt/sdcard-ext): Unknown volume
07-14 14:18:38.190 W/MountService(  374): getVolumeState(/mnt/ext_sdcard): Unknown volume
07-14 14:18:38.190 W/MountService(  374): getVolumeState(/mnt/sdcard2): Unknown volume
07-14 14:18:38.190 W/MountService(  374): getVolumeState(/mnt/emmc): Unknown volume
07-14 14:18:38.190 W/MountService(  374): getVolumeState(/mnt/extSdCard): Unknown volume
07-14 14:18:38.190 W/MountService(  374): getVolumeState(/mnt/sdcard/SD_CARD): Unknown volume
07-14 14:18:38.190 W/MountService(  374): getVolumeState(/mnt/sdcard/extra_sd): Unknown volume
07-14 14:18:38.190 W/MountService(  374): getVolumeState(/mnt/extrasd_bind): Unknown volume
07-14 14:18:38.190 W/MountService(  374): getVolumeState(/mnt/sdcard/ext_sd): Unknown volume
07-14 14:18:38.198 W/MountService(  374): getVolumeState(/storage/extSdCard): Unknown volume
07-14 14:18:38.198 W/MountService(  374): getVolumeState(/storage/sdcard1): Unknown volume
07-14 14:18:38.198 W/MountService(  374): getVolumeState(/mnt/sdcard/external_SD): Unknown volume
07-14 14:18:38.198 W/MountService(  374): getVolumeState(/mnt/sdcard/external_sd): Unknown volume
07-14 14:18:38.291 D/dalvikvm( 6152): GC_FOR_ALLOC freed 430K, 8% free 9452K/10240K, paused 21ms, total 21ms
07-14 14:18:42.612 D/MdmService( 3494): [null:-1]->receiver action :com.pekall.mdm.action.MDM_ALARM
07-14 14:18:42.619 D/MdmService( 3494): [null:-1]->keepAliveWithPushServer client is opened:true
07-14 14:18:42.619 D/MDM :   ( 3494): [null:-1]->ping!!!!!!!!!
07-14 14:18:42.627 D/MdmService( 3494): [null:-1]->pushUrl : ws://demo.everknow.cn:9030/websocket
07-14 14:18:42.627 D/MDM :   ( 3494): [null:-1]->mMdmPushClient is :not null
07-14 14:18:42.627 D/MDM :   ( 3494): [null:-1]->mMdmPushClient opened : opened
07-14 14:18:42.627 D/MDM :   ( 3494): [null:-1]->MSG_WEBSOCKET_PONG
07-14 14:19:07.862 D/JOBS    (11415): Thread-436: load factor check. true = (0 < 1)|| (0 * 3 < 0 + 0). consumer thread: true
07-14 14:19:07.862 D/JOBS    (11415): didn't allow me to die, re-running Thread-436
07-14 14:19:07.862 D/JOBS    (11415): re-running consumer Thread-436
07-14 14:19:37.987 W/MountService(  374): getVolumeState(/storage/emulated/0/external_sd): Unknown volume
07-14 14:19:37.987 W/MountService(  374): getVolumeState(/mnt/sdcard-ext): Unknown volume
07-14 14:19:37.987 W/MountService(  374): getVolumeState(/mnt/ext_sdcard): Unknown volume
07-14 14:19:37.987 W/MountService(  374): getVolumeState(/mnt/sdcard2): Unknown volume
07-14 14:19:37.987 W/MountService(  374): getVolumeState(/mnt/emmc): Unknown volume
07-14 14:19:37.987 W/MountService(  374): getVolumeState(/mnt/extSdCard): Unknown volume
07-14 14:19:37.994 W/MountService(  374): getVolumeState(/mnt/sdcard/SD_CARD): Unknown volume
07-14 14:19:37.994 W/MountService(  374): getVolumeState(/mnt/sdcard/extra_sd): Unknown volume
07-14 14:19:37.994 W/MountService(  374): getVolumeState(/mnt/extrasd_bind): Unknown volume
07-14 14:19:37.994 W/MountService(  374): getVolumeState(/mnt/sdcard/ext_sd): Unknown volume
07-14 14:19:37.994 W/MountService(  374): getVolumeState(/storage/extSdCard): Unknown volume
07-14 14:19:37.994 W/MountService(  374): getVolumeState(/storage/sdcard1): Unknown volume
07-14 14:19:37.994 W/MountService(  374): getVolumeState(/mnt/sdcard/external_SD): Unknown volume
07-14 14:19:37.994 W/MountService(  374): getVolumeState(/mnt/sdcard/external_sd): Unknown volume
07-14 14:19:38.049 D/dalvikvm( 6152): GC_CONCURRENT freed 383K, 8% free 9482K/10240K, paused 6ms+3ms, total 30ms
07-14 14:19:38.190 W/MountService(  374): getVolumeState(/storage/emulated/0/external_sd): Unknown volume
07-14 14:19:38.198 W/MountService(  374): getVolumeState(/mnt/sdcard-ext): Unknown volume
07-14 14:19:38.198 W/MountService(  374): getVolumeState(/mnt/ext_sdcard): Unknown volume
07-14 14:19:38.198 W/MountService(  374): getVolumeState(/mnt/sdcard2): Unknown volume
07-14 14:19:38.198 W/MountService(  374): getVolumeState(/mnt/emmc): Unknown volume
07-14 14:19:38.198 W/MountService(  374): getVolumeState(/mnt/extSdCard): Unknown volume
07-14 14:19:38.198 W/MountService(  374): getVolumeState(/mnt/sdcard/SD_CARD): Unknown volume
07-14 14:19:38.198 W/MountService(  374): getVolumeState(/mnt/sdcard/extra_sd): Unknown volume
07-14 14:19:38.198 W/MountService(  374): getVolumeState(/mnt/extrasd_bind): Unknown volume
07-14 14:19:38.198 W/MountService(  374): getVolumeState(/mnt/sdcard/ext_sd): Unknown volume
07-14 14:19:38.198 W/MountService(  374): getVolumeState(/storage/extSdCard): Unknown volume
07-14 14:19:38.198 W/MountService(  374): getVolumeState(/storage/sdcard1): Unknown volume
07-14 14:19:38.198 W/MountService(  374): getVolumeState(/mnt/sdcard/external_SD): Unknown volume
07-14 14:19:38.205 W/MountService(  374): getVolumeState(/mnt/sdcard/external_sd): Unknown volume
07-14 14:19:38.221 D/dalvikvm( 6152): GC_CONCURRENT freed 457K, 7% free 9525K/10240K, paused 3ms+3ms, total 32ms
07-14 14:19:38.221 D/dalvikvm( 6152): WAIT_FOR_CONCURRENT_GC blocked 12ms
07-14 14:19:38.221 D/dalvikvm( 6152): WAIT_FOR_CONCURRENT_GC blocked 13ms
07-14 14:19:52.158 W/System.err(12204): java.io.FileNotFoundException: /data/data/com.mgyapp.android/files/.cfpaps.i: open failed: ENOENT (No such file or directory)
07-14 14:19:52.158 W/System.err(12204): 	at libcore.io.IoBridge.open(IoBridge.java:409)
07-14 14:19:52.158 W/System.err(12204): 	at java.io.FileInputStream.<init>(FileInputStream.java:78)
07-14 14:19:52.158 W/System.err(12204): 	at android.app.ContextImpl.openFileInput(ContextImpl.java:702)
07-14 14:19:52.158 W/System.err(12204): 	at android.content.ContextWrapper.openFileInput(ContextWrapper.java:173)
07-14 14:19:52.158 W/System.err(12204): 	at com.mgyun.shua.jc.service.f.run(Unknown Source)
07-14 14:19:52.158 W/System.err(12204): 	at com.mgyun.shua.jc.service.CpWorkServer.onHandleIntent(Unknown Source)
07-14 14:19:52.158 W/System.err(12204): 	at android.app.IntentService$ServiceHandler.handleMessage(IntentService.java:65)
07-14 14:19:52.158 W/System.err(12204): 	at android.os.Handler.dispatchMessage(Handler.java:99)
07-14 14:19:52.158 W/System.err(12204): 	at android.os.Looper.loop(Looper.java:137)
07-14 14:19:52.158 W/System.err(12204): 	at android.os.HandlerThread.run(HandlerThread.java:61)
07-14 14:19:52.158 W/System.err(12204): Caused by: libcore.io.ErrnoException: open failed: ENOENT (No such file or directory)
07-14 14:19:52.166 W/System.err(12204): 	at libcore.io.Posix.open(Native Method)
07-14 14:19:52.166 W/System.err(12204): 	at libcore.io.BlockGuardOs.open(BlockGuardOs.java:110)
07-14 14:19:52.166 W/System.err(12204): 	at libcore.io.IoBridge.open(IoBridge.java:393)
07-14 14:19:52.166 W/System.err(12204): 	... 9 more
07-14 14:20:02.158 W/System.err(12204): java.io.FileNotFoundException: /data/data/com.mgyapp.android/files/.cfp.i: open failed: ENOENT (No such file or directory)
07-14 14:20:02.158 W/System.err(12204): 	at libcore.io.IoBridge.open(IoBridge.java:409)
07-14 14:20:02.158 W/System.err(12204): 	at java.io.FileInputStream.<init>(FileInputStream.java:78)
07-14 14:20:02.158 W/System.err(12204): 	at android.app.ContextImpl.openFileInput(ContextImpl.java:702)
07-14 14:20:02.158 W/System.err(12204): 	at android.content.ContextWrapper.openFileInput(ContextWrapper.java:173)
07-14 14:20:02.158 W/System.err(12204): 	at com.mgyun.shua.jc.c.b(Unknown Source)
07-14 14:20:02.158 W/System.err(12204): 	at com.mgyun.shua.jc.d.a(Unknown Source)
07-14 14:20:02.158 W/System.err(12204): 	at com.mgyun.shua.jc.service.CpWorkServer.onHandleIntent(Unknown Source)
07-14 14:20:02.158 W/System.err(12204): 	at android.app.IntentService$ServiceHandler.handleMessage(IntentService.java:65)
07-14 14:20:02.158 W/System.err(12204): 	at android.os.Handler.dispatchMessage(Handler.java:99)
07-14 14:20:02.158 W/System.err(12204): 	at android.os.Looper.loop(Looper.java:137)
07-14 14:20:02.158 W/System.err(12204): 	at android.os.HandlerThread.run(HandlerThread.java:61)
07-14 14:20:02.158 W/System.err(12204): Caused by: libcore.io.ErrnoException: open failed: ENOENT (No such file or directory)
07-14 14:20:02.166 W/System.err(12204): 	at libcore.io.Posix.open(Native Method)
07-14 14:20:02.166 W/System.err(12204): 	at libcore.io.BlockGuardOs.open(BlockGuardOs.java:110)
07-14 14:20:02.166 W/System.err(12204): 	at libcore.io.IoBridge.open(IoBridge.java:393)
07-14 14:20:02.166 W/System.err(12204): 	... 10 more
07-14 14:20:38.057 D/dalvikvm( 6152): GC_FOR_ALLOC freed 441K, 8% free 9465K/10240K, paused 29ms, total 29ms
07-14 14:20:38.057 W/MountService(  374): getVolumeState(/storage/emulated/0/external_sd): Unknown volume
07-14 14:20:38.057 W/MountService(  374): getVolumeState(/mnt/sdcard-ext): Unknown volume
07-14 14:20:38.057 W/MountService(  374): getVolumeState(/mnt/ext_sdcard): Unknown volume
07-14 14:20:38.057 W/MountService(  374): getVolumeState(/mnt/sdcard2): Unknown volume
07-14 14:20:38.057 W/MountService(  374): getVolumeState(/mnt/emmc): Unknown volume
07-14 14:20:38.057 W/MountService(  374): getVolumeState(/mnt/extSdCard): Unknown volume
07-14 14:20:38.057 W/MountService(  374): getVolumeState(/mnt/sdcard/SD_CARD): Unknown volume
07-14 14:20:38.065 W/MountService(  374): getVolumeState(/mnt/sdcard/extra_sd): Unknown volume
07-14 14:20:38.065 W/MountService(  374): getVolumeState(/mnt/extrasd_bind): Unknown volume
07-14 14:20:38.065 W/MountService(  374): getVolumeState(/mnt/sdcard/ext_sd): Unknown volume
07-14 14:20:38.065 W/MountService(  374): getVolumeState(/storage/extSdCard): Unknown volume
07-14 14:20:38.065 W/MountService(  374): getVolumeState(/storage/sdcard1): Unknown volume
07-14 14:20:38.065 W/MountService(  374): getVolumeState(/mnt/sdcard/external_SD): Unknown volume
07-14 14:20:38.065 W/MountService(  374): getVolumeState(/mnt/sdcard/external_sd): Unknown volume
07-14 14:20:38.158 D/dalvikvm( 6152): GC_CONCURRENT freed 255K, 7% free 9610K/10240K, paused 3ms+4ms, total 34ms
07-14 14:20:38.276 W/MountService(  374): getVolumeState(/storage/emulated/0/external_sd): Unknown volume
07-14 14:20:38.276 W/MountService(  374): getVolumeState(/mnt/sdcard-ext): Unknown volume
07-14 14:20:38.276 W/MountService(  374): getVolumeState(/mnt/ext_sdcard): Unknown volume
07-14 14:20:38.276 W/MountService(  374): getVolumeState(/mnt/sdcard2): Unknown volume
07-14 14:20:38.276 W/MountService(  374): getVolumeState(/mnt/emmc): Unknown volume
07-14 14:20:38.276 W/MountService(  374): getVolumeState(/mnt/extSdCard): Unknown volume
07-14 14:20:38.276 W/MountService(  374): getVolumeState(/mnt/sdcard/SD_CARD): Unknown volume
07-14 14:20:38.276 W/MountService(  374): getVolumeState(/mnt/sdcard/extra_sd): Unknown volume
07-14 14:20:38.276 W/MountService(  374): getVolumeState(/mnt/extrasd_bind): Unknown volume
07-14 14:20:38.276 W/MountService(  374): getVolumeState(/mnt/sdcard/ext_sd): Unknown volume
07-14 14:20:38.276 W/MountService(  374): getVolumeState(/storage/extSdCard): Unknown volume
07-14 14:20:38.283 W/MountService(  374): getVolumeState(/storage/sdcard1): Unknown volume
07-14 14:20:38.283 W/MountService(  374): getVolumeState(/mnt/sdcard/external_SD): Unknown volume
07-14 14:20:38.283 W/MountService(  374): getVolumeState(/mnt/sdcard/external_sd): Unknown volume
07-14 14:20:38.315 D/dalvikvm( 6152): GC_CONCURRENT freed 581K, 8% free 9466K/10240K, paused 3ms+3ms, total 26ms
07-14 14:20:55.635 D/GCM     (  624): Ignoring attempt to send heartbeat on dead connection.
07-14 14:21:02.174 W/dashclock_WeatherExten( 1146): Stale or missing last-known location; requesting single coarse location update.
07-14 14:21:02.791 D/dalvikvm(  450): GC_CONCURRENT freed 1989K, 16% free 13643K/16156K, paused 2ms+19ms, total 88ms
07-14 14:21:02.791 D/dalvikvm( 1146): GC_CONCURRENT freed 681K, 9% free 9172K/9976K, paused 6ms+4ms, total 38ms
07-14 14:21:02.791 D/dalvikvm( 1146): WAIT_FOR_CONCURRENT_GC blocked 15ms
07-14 14:21:03.877 D/dalvikvm(  563): GC_CONCURRENT freed 439K, 6% free 10112K/10716K, paused 18ms+10ms, total 85ms
07-14 14:21:03.877 D/dalvikvm(  563): WAIT_FOR_CONCURRENT_GC blocked 29ms
07-14 14:21:03.877 I/dalvikvm-heap(  563): Grow heap (frag case) to 10.000MB for 32784-byte allocation
07-14 14:21:03.901 D/dalvikvm(  563): GC_FOR_ALLOC freed 8K, 6% free 10136K/10752K, paused 24ms, total 24ms
07-14 14:21:05.049 D/dalvikvm( 1146): GC_CONCURRENT freed 385K, 8% free 9210K/9976K, paused 9ms+3ms, total 33ms
07-14 14:21:05.330 D/dalvikvm(  563): GC_CONCURRENT freed 376K, 6% free 10156K/10752K, paused 4ms+3ms, total 36ms
07-14 14:21:05.713 D/dalvikvm( 1146): GC_CONCURRENT freed 393K, 8% free 9269K/9976K, paused 2ms+2ms, total 22ms
07-14 14:21:05.768 D/dalvikvm(  374): GC_EXPLICIT freed 2183K, 28% free 19727K/27344K, paused 4ms+13ms, total 138ms
07-14 14:21:07.869 D/JOBS    (11415): Thread-436: load factor check. true = (0 < 1)|| (0 * 3 < 0 + 0). consumer thread: true
07-14 14:21:07.869 D/JOBS    (11415): didn't allow me to die, re-running Thread-436
07-14 14:21:07.869 D/JOBS    (11415): re-running consumer Thread-436
07-14 14:21:08.807 D/dalvikvm(  577): GC_CONCURRENT freed 374K, 5% free 9557K/9972K, paused 2ms+4ms, total 32ms
07-14 14:21:18.877 D/dalvikvm( 2019): GC_FOR_ALLOC freed 276K, 7% free 9936K/10588K, paused 45ms, total 45ms
07-14 14:21:18.885 W/Settings( 2019): Setting airplane_mode_on has moved from android.provider.Settings.System to android.provider.Settings.Global, returning read-only value.
07-14 14:21:18.885 W/Settings( 2019): Setting mobile_data has moved from android.provider.Settings.Secure to android.provider.Settings.Global.
07-14 14:21:18.885 D/BluetoothAdapter( 2019): 1116407520: getState() :  mService = null. Returning STATE_OFF
07-14 14:21:18.885 W/Settings( 2019): Setting airplane_mode_on has moved from android.provider.Settings.System to android.provider.Settings.Global, returning read-only value.
07-14 14:21:18.901 W/Settings( 2019): Setting airplane_mode_on has moved from android.provider.Settings.System to android.provider.Settings.Global, returning read-only value.
07-14 14:21:18.901 W/Settings( 2019): Setting mobile_data has moved from android.provider.Settings.Secure to android.provider.Settings.Global.
07-14 14:21:18.901 D/BluetoothAdapter( 2019): 1116407520: getState() :  mService = null. Returning STATE_OFF
07-14 14:21:18.908 W/Settings( 2019): Setting airplane_mode_on has moved from android.provider.Settings.System to android.provider.Settings.Global, returning read-only value.
07-14 14:21:18.979 W/MountService(  374): getVolumeState(/storage/emulated/0/external_sd): Unknown volume
07-14 14:21:18.987 W/MountService(  374): getVolumeState(/mnt/sdcard-ext): Unknown volume
07-14 14:21:18.987 W/MountService(  374): getVolumeState(/mnt/ext_sdcard): Unknown volume
07-14 14:21:18.987 W/MountService(  374): getVolumeState(/mnt/sdcard2): Unknown volume
07-14 14:21:18.987 W/MountService(  374): getVolumeState(/mnt/emmc): Unknown volume
07-14 14:21:18.987 W/MountService(  374): getVolumeState(/mnt/extSdCard): Unknown volume
07-14 14:21:18.987 W/MountService(  374): getVolumeState(/mnt/sdcard/SD_CARD): Unknown volume
07-14 14:21:18.987 W/MountService(  374): getVolumeState(/mnt/sdcard/extra_sd): Unknown volume
07-14 14:21:18.987 W/MountService(  374): getVolumeState(/mnt/extrasd_bind): Unknown volume
07-14 14:21:18.987 W/MountService(  374): getVolumeState(/mnt/sdcard/ext_sd): Unknown volume
07-14 14:21:18.987 W/MountService(  374): getVolumeState(/storage/extSdCard): Unknown volume
07-14 14:21:18.994 W/MountService(  374): getVolumeState(/storage/sdcard1): Unknown volume
07-14 14:21:18.994 W/MountService(  374): getVolumeState(/mnt/sdcard/external_SD): Unknown volume
07-14 14:21:18.994 W/MountService(  374): getVolumeState(/mnt/sdcard/external_sd): Unknown volume
07-14 14:21:19.080 D/dalvikvm( 2060): GC_CONCURRENT freed 1143K, 26% free 13552K/18220K, paused 3ms+10ms, total 87ms
07-14 14:21:19.127 W/PackageParser( 2060): Unknown element under <application>: intent-filter at /storage/emulated/0/360MobileSafe_5.2.3.1061.apk Binary XML file line #1165
07-14 14:21:19.135 W/PackageParser( 2060): Unknown element under <application>: intent-filter at /storage/emulated/0/360MobileSafe_5.2.3.1061.apk Binary XML file line #1423
07-14 14:21:19.416 W/PackageParser( 2060): No actions in intent filter at /storage/emulated/0/Download/emmp.apk Binary XML file line #687
07-14 14:21:19.573 D/dalvikvm( 2060): GC_CONCURRENT freed 1417K, 25% free 13691K/18220K, paused 3ms+6ms, total 100ms
07-14 14:21:19.619 W/PackageParser( 2060): No actions in intent filter at /storage/emulated/0/Download/emmp-1.apk Binary XML file line #687
07-14 14:21:19.815 D/dalvikvm(10278): GC_CONCURRENT freed 385K, 5% free 8953K/9376K, paused 3ms+2ms, total 21ms
07-14 14:21:19.869 D/dalvikvm( 2060): GC_CONCURRENT freed 1718K, 26% free 13587K/18220K, paused 4ms+5ms, total 74ms
07-14 14:21:19.869 D/dalvikvm( 2060): WAIT_FOR_CONCURRENT_GC blocked 15ms
07-14 14:21:19.869 D/dalvikvm( 2060): WAIT_FOR_CONCURRENT_GC blocked 36ms
07-14 14:21:20.057 W/PackageParser( 2060): No actions in intent filter at /storage/emulated/0/360Download/Pekall.apk Binary XML file line #685
07-14 14:21:20.127 W/Resources( 2060): Converting to boolean: TypedValue{t=0x3/d=0x54 "false" a=-1}
07-14 14:21:20.127 W/Resources( 2060): Converting to boolean: TypedValue{t=0x3/d=0x54 "false" a=-1}
07-14 14:21:20.307 W/MountService(  374): getVolumeState(/storage/emulated/0/external_sd): Unknown volume
07-14 14:21:20.307 W/MountService(  374): getVolumeState(/mnt/sdcard-ext): Unknown volume
07-14 14:21:20.307 W/MountService(  374): getVolumeState(/mnt/ext_sdcard): Unknown volume
07-14 14:21:20.307 W/MountService(  374): getVolumeState(/mnt/sdcard2): Unknown volume
07-14 14:21:20.307 W/MountService(  374): getVolumeState(/mnt/emmc): Unknown volume
07-14 14:21:20.307 W/MountService(  374): getVolumeState(/mnt/extSdCard): Unknown volume
07-14 14:21:20.307 W/MountService(  374): getVolumeState(/mnt/sdcard/SD_CARD): Unknown volume
07-14 14:21:20.315 W/MountService(  374): getVolumeState(/mnt/sdcard/extra_sd): Unknown volume
07-14 14:21:20.315 W/MountService(  374): getVolumeState(/mnt/extrasd_bind): Unknown volume
07-14 14:21:20.315 W/MountService(  374): getVolumeState(/mnt/sdcard/ext_sd): Unknown volume
07-14 14:21:20.315 W/MountService(  374): getVolumeState(/storage/extSdCard): Unknown volume
07-14 14:21:20.315 W/MountService(  374): getVolumeState(/storage/sdcard1): Unknown volume
07-14 14:21:20.315 W/MountService(  374): getVolumeState(/mnt/sdcard/external_SD): Unknown volume
07-14 14:21:20.315 W/MountService(  374): getVolumeState(/mnt/sdcard/external_sd): Unknown volume
07-14 14:21:20.502 D/dalvikvm( 2060): GC_CONCURRENT freed 1643K, 26% free 13522K/18220K, paused 7ms+5ms, total 75ms
07-14 14:21:20.502 D/dalvikvm( 2060): WAIT_FOR_CONCURRENT_GC blocked 46ms
07-14 14:21:20.502 D/dalvikvm( 2060): WAIT_FOR_CONCURRENT_GC blocked 52ms
07-14 14:21:21.127 D/dalvikvm( 2060): GC_CONCURRENT freed 1385K, 25% free 13695K/18220K, paused 2ms+5ms, total 62ms
07-14 14:21:21.127 D/dalvikvm( 2060): WAIT_FOR_CONCURRENT_GC blocked 56ms
07-14 14:21:21.127 D/dalvikvm( 2060): WAIT_FOR_CONCURRENT_GC blocked 56ms
07-14 14:21:21.448 D/dalvikvm( 2060): GC_CONCURRENT freed 1428K, 24% free 13881K/18220K, paused 4ms+8ms, total 97ms
07-14 14:21:21.448 D/dalvikvm( 2060): WAIT_FOR_CONCURRENT_GC blocked 43ms
07-14 14:21:22.065 D/dalvikvm( 2060): GC_CONCURRENT freed 1763K, 25% free 13781K/18220K, paused 3ms+6ms, total 75ms
07-14 14:21:22.573 D/dalvikvm( 2060): GC_CONCURRENT freed 877K, 21% free 14546K/18220K, paused 3ms+6ms, total 72ms
07-14 14:21:22.573 D/dalvikvm( 2060): WAIT_FOR_CONCURRENT_GC blocked 29ms
07-14 14:21:23.377 D/dalvikvm( 2060): GC_CONCURRENT freed 2908K, 26% free 13536K/18220K, paused 4ms+5ms, total 71ms
07-14 14:21:23.377 D/dalvikvm( 2060): WAIT_FOR_CONCURRENT_GC blocked 34ms
07-14 14:21:23.377 D/dalvikvm( 2060): WAIT_FOR_CONCURRENT_GC blocked 55ms
07-14 14:21:23.908 E/GlsClient-query(  563): requestFailed
07-14 14:21:23.908 E/GlsClient-query(  563): com.google.gmm.common.async.WatchdogException
07-14 14:21:23.908 E/GlsClient-query(  563): 	at com.google.gmm.common.async.AsyncHttpRequestFactory$AsyncHttpRequestImpl.watchdogFired(Unknown Source)
07-14 14:21:23.908 E/GlsClient-query(  563): 	at com.google.gmm.common.async.AsyncHttpRequestFactory$WatchdogTask.run(Unknown Source)
07-14 14:21:23.908 E/GlsClient-query(  563): 	at com.google.gmm.common.task.AbstractTask.runInternal(Unknown Source)
07-14 14:21:23.908 E/GlsClient-query(  563): 	at com.google.gmm.common.task.TimerTask.runInternal(Unknown Source)
07-14 14:21:23.908 E/GlsClient-query(  563): 	at com.google.gmm.common.task.TaskRunner.run(Unknown Source)
07-14 14:21:23.908 E/GlsClient-query(  563): 	at com.google.gmm.common.lang.BaseThreadFactory$ThreadImpl.run(Unknown Source)
07-14 14:21:24.260 D/dalvikvm( 2060): GC_CONCURRENT freed 1756K, 28% free 13277K/18220K, paused 8ms+6ms, total 73ms
07-14 14:21:38.119 W/MountService(  374): getVolumeState(/storage/emulated/0/external_sd): Unknown volume
07-14 14:21:38.127 W/MountService(  374): getVolumeState(/mnt/sdcard-ext): Unknown volume
07-14 14:21:38.127 W/MountService(  374): getVolumeState(/mnt/ext_sdcard): Unknown volume
07-14 14:21:38.127 W/MountService(  374): getVolumeState(/mnt/sdcard2): Unknown volume
07-14 14:21:38.127 W/MountService(  374): getVolumeState(/mnt/emmc): Unknown volume
07-14 14:21:38.127 W/MountService(  374): getVolumeState(/mnt/extSdCard): Unknown volume
07-14 14:21:38.127 W/MountService(  374): getVolumeState(/mnt/sdcard/SD_CARD): Unknown volume
07-14 14:21:38.127 W/MountService(  374): getVolumeState(/mnt/sdcard/extra_sd): Unknown volume
07-14 14:21:38.127 W/MountService(  374): getVolumeState(/mnt/extrasd_bind): Unknown volume
07-14 14:21:38.127 W/MountService(  374): getVolumeState(/mnt/sdcard/ext_sd): Unknown volume
07-14 14:21:38.127 W/MountService(  374): getVolumeState(/storage/extSdCard): Unknown volume
07-14 14:21:38.127 W/MountService(  374): getVolumeState(/storage/sdcard1): Unknown volume
07-14 14:21:38.127 W/MountService(  374): getVolumeState(/mnt/sdcard/external_SD): Unknown volume
07-14 14:21:38.135 W/MountService(  374): getVolumeState(/mnt/sdcard/external_sd): Unknown volume
07-14 14:21:38.143 D/dalvikvm( 6152): GC_CONCURRENT freed 446K, 8% free 9480K/10240K, paused 6ms+4ms, total 40ms
07-14 14:21:38.143 D/dalvikvm( 6152): WAIT_FOR_CONCURRENT_GC blocked 14ms
07-14 14:21:38.143 D/dalvikvm( 6152): WAIT_FOR_CONCURRENT_GC blocked 12ms
07-14 14:21:38.369 D/dalvikvm( 6152): GC_CONCURRENT freed 505K, 8% free 9512K/10240K, paused 3ms+4ms, total 44ms
07-14 14:21:38.369 D/dalvikvm( 6152): WAIT_FOR_CONCURRENT_GC blocked 8ms
07-14 14:21:38.385 W/MountService(  374): getVolumeState(/storage/emulated/0/external_sd): Unknown volume
07-14 14:21:38.385 W/MountService(  374): getVolumeState(/mnt/sdcard-ext): Unknown volume
07-14 14:21:38.385 W/MountService(  374): getVolumeState(/mnt/ext_sdcard): Unknown volume
07-14 14:21:38.385 W/MountService(  374): getVolumeState(/mnt/sdcard2): Unknown volume
07-14 14:21:38.385 W/MountService(  374): getVolumeState(/mnt/emmc): Unknown volume
07-14 14:21:38.385 W/MountService(  374): getVolumeState(/mnt/extSdCard): Unknown volume
07-14 14:21:38.385 W/MountService(  374): getVolumeState(/mnt/sdcard/SD_CARD): Unknown volume
07-14 14:21:38.393 W/MountService(  374): getVolumeState(/mnt/sdcard/extra_sd): Unknown volume
07-14 14:21:38.393 W/MountService(  374): getVolumeState(/mnt/extrasd_bind): Unknown volume
07-14 14:21:38.393 W/MountService(  374): getVolumeState(/mnt/sdcard/ext_sd): Unknown volume
07-14 14:21:38.393 W/MountService(  374): getVolumeState(/storage/extSdCard): Unknown volume
07-14 14:21:38.393 W/MountService(  374): getVolumeState(/storage/sdcard1): Unknown volume
07-14 14:21:38.393 W/MountService(  374): getVolumeState(/mnt/sdcard/external_SD): Unknown volume
07-14 14:21:38.393 W/MountService(  374): getVolumeState(/mnt/sdcard/external_sd): Unknown volume
07-14 14:21:38.510 D/dalvikvm( 6152): GC_CONCURRENT freed 463K, 8% free 9482K/10240K, paused 6ms+4ms, total 43ms
07-14 14:21:38.510 D/dalvikvm( 6152): WAIT_FOR_CONCURRENT_GC blocked 11ms
07-14 14:21:42.612 D/MdmService( 3494): [null:-1]->receiver action :com.pekall.mdm.action.MDM_ALARM
07-14 14:21:42.627 D/MdmStatusManager( 3494): [null:-1]->change status to : Busy
07-14 14:21:42.627 D/DB      ( 3494): query: SQLiteQuery: SELECT content, command_status, status FROM command WHERE status!=2
07-14 14:21:42.627 D/DB      ( 3494): factory null
07-14 14:21:42.627 D/DB      ( 3494): fillWindow: 0
07-14 14:21:42.627 D/DB      ( 3494): cursor 0
07-14 14:21:42.627 D/DB      ( 3494): moveToPos: 0
07-14 14:21:42.635 I/TransInfo( 3494): TransInfo created, id: 3, class: class com.pekall.emdm.transaction.b.c
07-14 14:21:42.635 D/NetworkThread( 3494): [null:-1]->----isRunning-----true
07-14 14:21:42.635 D/NetworkThread( 3494): [null:-1]->----isRunning-----true
07-14 14:21:42.635 D/NetworkThread( 3494): [null:-1]->thread wakeup
07-14 14:21:42.643 D/HttpClient( 3494): enable apache.http debug
07-14 14:21:42.651 V/DEBUG   ( 3494): HTTP 0
07-14 14:21:43.612 V/DEBUG   ( 3494): HTTP 1
07-14 14:21:43.612 D/NetworkThread( 3494): [null:-1]->queue is empty, thread wait...
07-14 14:21:43.721 D/MdmService( 3494): [null:-1]->handleCheckInResult
07-14 14:21:43.721 D/MdmService( 3494): [null:-1]->handleCheckInResult result keyIndex: 3
07-14 14:21:43.721 D/HandleCommandTask( 3494): [null:-1]->execute command msg but beanBase is null
07-14 14:21:43.721 D/MdmStatusManager( 3494): [null:-1]->change status to : Idle
07-14 14:22:07.135 D/PushService(11415): [null:-1]->receiver action :com.pekall.mdm.action.PUSH_ALARM
07-14 14:22:07.135 D/PushService(11415): [null:-1]->keepAliveWithPushServer client is opened:true
07-14 14:22:07.135 D/PushLib : (11415): [null:-1]->ping!!!!!!!!!
07-14 14:22:07.143 I/ActivityManager(  374): No longer want com.pekall.nmefc (pid 11415): empty for 1800s
07-14 14:22:07.151 W/ActivityManager(  374): Scheduling restart of crashed service com.pekall.nmefc/com.pekall.lib.push.PushService in 5000ms
07-14 14:22:08.916 W/Settings( 2019): Setting airplane_mode_on has moved from android.provider.Settings.System to android.provider.Settings.Global, returning read-only value.
07-14 14:22:08.916 W/Settings( 2019): Setting mobile_data has moved from android.provider.Settings.Secure to android.provider.Settings.Global.
07-14 14:22:08.916 D/BluetoothAdapter( 2019): 1116407520: getState() :  mService = null. Returning STATE_OFF
07-14 14:22:08.916 W/Settings( 2019): Setting airplane_mode_on has moved from android.provider.Settings.System to android.provider.Settings.Global, returning read-only value.
07-14 14:22:08.932 W/Settings( 2019): Setting airplane_mode_on has moved from android.provider.Settings.System to android.provider.Settings.Global, returning read-only value.
07-14 14:22:08.932 W/Settings( 2019): Setting mobile_data has moved from android.provider.Settings.Secure to android.provider.Settings.Global.
07-14 14:22:08.932 D/BluetoothAdapter( 2019): 1116407520: getState() :  mService = null. Returning STATE_OFF
07-14 14:22:08.932 W/Settings( 2019): Setting airplane_mode_on has moved from android.provider.Settings.System to android.provider.Settings.Global, returning read-only value.
07-14 14:22:08.932 W/Settings( 2019): Setting airplane_mode_on has moved from android.provider.Settings.System to android.provider.Settings.Global, returning read-only value.
07-14 14:22:08.932 W/Settings( 2019): Setting mobile_data has moved from android.provider.Settings.Secure to android.provider.Settings.Global.
07-14 14:22:08.932 D/BluetoothAdapter( 2019): 1116407520: getState() :  mService = null. Returning STATE_OFF
07-14 14:22:08.940 W/Settings( 2019): Setting airplane_mode_on has moved from android.provider.Settings.System to android.provider.Settings.Global, returning read-only value.
07-14 14:22:12.174 I/ActivityManager(  374): Start proc com.pekall.nmefc for service com.pekall.nmefc/com.pekall.lib.push.PushService: pid=12763 uid=10068 gids={50068, 1015, 1028, 3003}
07-14 14:22:12.330 D/dalvikvm(12763): Trying to load lib /data/app-lib/com.pekall.nmefc-1/libBaiduMapSDK_v2_4_0.so 0x4280cf28
07-14 14:22:12.346 D/dalvikvm(12763): Added shared lib /data/app-lib/com.pekall.nmefc-1/libBaiduMapSDK_v2_4_0.so 0x4280cf28
07-14 14:22:12.416 D/AppCommonMemCache(12763): commonmemcache addr: 1525178188
07-14 14:22:12.471 I/auth info(12763): ak:  ryMGcVcAAGEj0xnPp0vbh8Q4
07-14 14:22:12.471 I/auth info(12763): mcode:  62:30:B6:24:E3:55:96:DC:05:ED:3E:6E:44:83:87:D5:AF:E7:B3:B9;com.pekall.nmefc
07-14 14:22:12.510 D/dalvikvm(12763): GC_CONCURRENT freed 228K, 3% free 9131K/9396K, paused 4ms+4ms, total 30ms
07-14 14:22:12.510 D/dalvikvm(12763): WAIT_FOR_CONCURRENT_GC blocked 20ms
07-14 14:22:12.643 D/PushService(12763): [null:-1]->receiver action :android.net.conn.CONNECTIVITY_CHANGE
07-14 14:22:12.666 D/dalvikvm(12763): GC_CONCURRENT freed 412K, 6% free 9107K/9624K, paused 5ms+2ms, total 23ms
07-14 14:22:12.854 E/baidumapsdk(12763): Authentication Error,status: 102 message: IP/SN/SCODE/REFERER Illegal:
07-14 14:22:38.213 W/MountService(  374): getVolumeState(/storage/emulated/0/external_sd): Unknown volume
07-14 14:22:38.221 W/MountService(  374): getVolumeState(/mnt/sdcard-ext): Unknown volume
07-14 14:22:38.221 W/MountService(  374): getVolumeState(/mnt/ext_sdcard): Unknown volume
07-14 14:22:38.221 W/MountService(  374): getVolumeState(/mnt/sdcard2): Unknown volume
07-14 14:22:38.221 W/MountService(  374): getVolumeState(/mnt/emmc): Unknown volume
07-14 14:22:38.221 W/MountService(  374): getVolumeState(/mnt/extSdCard): Unknown volume
07-14 14:22:38.221 W/MountService(  374): getVolumeState(/mnt/sdcard/SD_CARD): Unknown volume
07-14 14:22:38.221 W/MountService(  374): getVolumeState(/mnt/sdcard/extra_sd): Unknown volume
07-14 14:22:38.221 W/MountService(  374): getVolumeState(/mnt/extrasd_bind): Unknown volume
07-14 14:22:38.221 W/MountService(  374): getVolumeState(/mnt/sdcard/ext_sd): Unknown volume
07-14 14:22:38.221 W/MountService(  374): getVolumeState(/storage/extSdCard): Unknown volume
07-14 14:22:38.221 W/MountService(  374): getVolumeState(/storage/sdcard1): Unknown volume
07-14 14:22:38.229 W/MountService(  374): getVolumeState(/mnt/sdcard/external_SD): Unknown volume
07-14 14:22:38.229 W/MountService(  374): getVolumeState(/mnt/sdcard/external_sd): Unknown volume
07-14 14:22:38.323 D/dalvikvm( 6152): GC_CONCURRENT freed 341K, 7% free 9608K/10240K, paused 4ms+5ms, total 43ms
07-14 14:22:38.533 D/dalvikvm(  374): GC_EXPLICIT freed 1542K, 29% free 19625K/27344K, paused 4ms+11ms, total 115ms
07-14 14:22:38.557 W/MountService(  374): getVolumeState(/storage/emulated/0/external_sd): Unknown volume
07-14 14:22:38.557 W/MountService(  374): getVolumeState(/mnt/sdcard-ext): Unknown volume
07-14 14:22:38.557 W/MountService(  374): getVolumeState(/mnt/ext_sdcard): Unknown volume
07-14 14:22:38.565 W/MountService(  374): getVolumeState(/mnt/sdcard2): Unknown volume
07-14 14:22:38.565 W/MountService(  374): getVolumeState(/mnt/emmc): Unknown volume
07-14 14:22:38.565 W/MountService(  374): getVolumeState(/mnt/extSdCard): Unknown volume
07-14 14:22:38.565 W/MountService(  374): getVolumeState(/mnt/sdcard/SD_CARD): Unknown volume
07-14 14:22:38.573 W/MountService(  374): getVolumeState(/mnt/sdcard/extra_sd): Unknown volume
07-14 14:22:38.573 W/MountService(  374): getVolumeState(/mnt/extrasd_bind): Unknown volume
07-14 14:22:38.573 W/MountService(  374): getVolumeState(/mnt/sdcard/ext_sd): Unknown volume
07-14 14:22:38.573 W/MountService(  374): getVolumeState(/storage/extSdCard): Unknown volume
07-14 14:22:38.573 W/MountService(  374): getVolumeState(/storage/sdcard1): Unknown volume
07-14 14:22:38.573 W/MountService(  374): getVolumeState(/mnt/sdcard/external_SD): Unknown volume
07-14 14:22:38.573 W/MountService(  374): getVolumeState(/mnt/sdcard/external_sd): Unknown volume
07-14 14:22:38.588 D/dalvikvm( 6152): GC_CONCURRENT freed 574K, 7% free 9536K/10240K, paused 3ms+4ms, total 28ms
07-14 14:23:11.893 D/dalvikvm(11496): GC_CONCURRENT freed 313K, 6% free 9591K/10136K, paused 11ms+3ms, total 47ms
07-14 14:23:23.768 I/ActivityManager(  374): No longer want com.google.android.music:main (pid 11438): empty for 1820s
07-14 14:23:23.783 W/ActivityManager(  374): Scheduling restart of crashed service com.google.android.music/.playback.MusicPlaybackService in 5000ms
07-14 14:23:23.815 D/dalvikvm(  874): GC_CONCURRENT freed 463K, 17% free 9647K/11548K, paused 2ms+4ms, total 32ms
07-14 14:23:28.807 I/ActivityManager(  374): Start proc com.google.android.music:main for service com.google.android.music/.playback.MusicPlaybackService: pid=12784 uid=10041 gids={50041, 3003, 1015, 1028}
07-14 14:23:29.026 I/MusicStore(12784): Database version: 69
07-14 14:23:29.112 D/dalvikvm(12784): GC_CONCURRENT freed 277K, 4% free 9101K/9412K, paused 4ms+6ms, total 41ms
07-14 14:23:29.252 D/SystemUtils(12784): getSystemProperty: lpa.decode=null
07-14 14:23:29.268 D/CacheService(12784): onCreate
07-14 14:23:29.276 D/CacheService(12784): onBind
07-14 14:23:29.299 I/LocalDevicePlayback(12784): Streaming client created.
07-14 14:23:30.330 D/dalvikvm(12784): GC_CONCURRENT freed 230K, 3% free 9363K/9628K, paused 4ms+2ms, total 28ms
07-14 14:23:30.330 D/dalvikvm(12784): WAIT_FOR_CONCURRENT_GC blocked 19ms
07-14 14:23:30.362 I/MediaStoreImporter(12784): Update: incremental Added music: 0 Updated music: 0 Deleted music: 0 Created playlists: 0 Updated playlists: 0 Deleted playlists: 0 Inserted playlist items: 0 Deleted playlist items: 0 Removed orphaned playlist items: 0
07-14 14:23:34.190 I/MusicLeanback(12784): Conditions not met for autocaching.
07-14 14:23:34.190 I/MusicLeanback(12784): Stop autocaching.
07-14 14:23:38.299 W/MountService(  374): getVolumeState(/storage/emulated/0/external_sd): Unknown volume
07-14 14:23:38.299 W/MountService(  374): getVolumeState(/mnt/sdcard-ext): Unknown volume
07-14 14:23:38.299 W/MountService(  374): getVolumeState(/mnt/ext_sdcard): Unknown volume
07-14 14:23:38.299 W/MountService(  374): getVolumeState(/mnt/sdcard2): Unknown volume
07-14 14:23:38.299 W/MountService(  374): getVolumeState(/mnt/emmc): Unknown volume
07-14 14:23:38.307 W/MountService(  374): getVolumeState(/mnt/extSdCard): Unknown volume
07-14 14:23:38.307 W/MountService(  374): getVolumeState(/mnt/sdcard/SD_CARD): Unknown volume
07-14 14:23:38.307 W/MountService(  374): getVolumeState(/mnt/sdcard/extra_sd): Unknown volume
07-14 14:23:38.307 W/MountService(  374): getVolumeState(/mnt/extrasd_bind): Unknown volume
07-14 14:23:38.307 W/MountService(  374): getVolumeState(/mnt/sdcard/ext_sd): Unknown volume
07-14 14:23:38.307 W/MountService(  374): getVolumeState(/storage/extSdCard): Unknown volume
07-14 14:23:38.307 W/MountService(  374): getVolumeState(/storage/sdcard1): Unknown volume
07-14 14:23:38.307 W/MountService(  374): getVolumeState(/mnt/sdcard/external_SD): Unknown volume
07-14 14:23:38.307 W/MountService(  374): getVolumeState(/mnt/sdcard/external_sd): Unknown volume
07-14 14:23:38.338 D/dalvikvm( 6152): GC_CONCURRENT freed 442K, 8% free 9496K/10240K, paused 3ms+3ms, total 27ms
07-14 14:23:38.338 D/dalvikvm( 6152): WAIT_FOR_CONCURRENT_GC blocked 22ms
07-14 14:23:38.338 D/dalvikvm( 6152): WAIT_FOR_CONCURRENT_GC blocked 21ms
07-14 14:23:38.424 D/dalvikvm(10533): WAIT_FOR_CONCURRENT_GC blocked 1ms
07-14 14:23:38.455 D/dalvikvm(10533): GC_EXPLICIT freed 229K, 4% free 9190K/9476K, paused 1ms+5ms, total 29ms
07-14 14:23:38.557 D/dalvikvm( 6152): GC_CONCURRENT freed 424K, 7% free 9544K/10240K, paused 4ms+4ms, total 45ms
07-14 14:23:38.573 W/MountService(  374): getVolumeState(/storage/emulated/0/external_sd): Unknown volume
07-14 14:23:38.580 W/MountService(  374): getVolumeState(/mnt/sdcard-ext): Unknown volume
07-14 14:23:38.580 W/MountService(  374): getVolumeState(/mnt/ext_sdcard): Unknown volume
07-14 14:23:38.580 W/MountService(  374): getVolumeState(/mnt/sdcard2): Unknown volume
07-14 14:23:38.580 W/MountService(  374): getVolumeState(/mnt/emmc): Unknown volume
07-14 14:23:38.580 W/MountService(  374): getVolumeState(/mnt/extSdCard): Unknown volume
07-14 14:23:38.580 W/MountService(  374): getVolumeState(/mnt/sdcard/SD_CARD): Unknown volume
07-14 14:23:38.580 W/MountService(  374): getVolumeState(/mnt/sdcard/extra_sd): Unknown volume
07-14 14:23:38.580 W/MountService(  374): getVolumeState(/mnt/extrasd_bind): Unknown volume
07-14 14:23:38.580 W/MountService(  374): getVolumeState(/mnt/sdcard/ext_sd): Unknown volume
07-14 14:23:38.580 W/MountService(  374): getVolumeState(/storage/extSdCard): Unknown volume
07-14 14:23:38.588 W/MountService(  374): getVolumeState(/storage/sdcard1): Unknown volume
07-14 14:23:38.588 W/MountService(  374): getVolumeState(/mnt/sdcard/external_SD): Unknown volume
07-14 14:23:38.588 W/MountService(  374): getVolumeState(/mnt/sdcard/external_sd): Unknown volume
07-14 14:23:38.666 D/dalvikvm( 6152): GC_CONCURRENT freed 475K, 8% free 9479K/10240K, paused 4ms+4ms, total 28ms
07-14 14:23:38.666 D/dalvikvm( 6152): WAIT_FOR_CONCURRENT_GC blocked 8ms
07-14 14:23:58.948 I/PowerManagerService(  374): Waking up from sleep...
07-14 14:23:59.073 I/WindowManager(  374): Lock screen displayed!
07-14 14:23:59.330 D/PowerManagerService-JNI(  374): Excessive delay in autosuspend_disable() while turning screen on: 360ms
07-14 14:23:59.346 D/SurfaceFlinger(  124): Screen acquired, type=0 flinger=0x41e1a478
07-14 14:23:59.362 D/dalvikvm( 2019): GC_FOR_ALLOC freed 295K, 7% free 9927K/10588K, paused 44ms, total 45ms
07-14 14:23:59.471 D/dalvikvm(  636): GC_FOR_ALLOC freed 879K, 10% free 12677K/14068K, paused 110ms, total 111ms
07-14 14:23:59.479 D/LightsService(  374): Excessive delay setting light: 110ms
07-14 14:23:59.526 V/DigitalWidgetViewsFactory(12684): DigitalWidget sets next alarm string to null
07-14 14:23:59.565 I/ActivityManager(  374): Start proc com.android.providers.calendar for content provider com.android.providers.calendar/.CalendarProvider2: pid=12830 uid=10007 gids={50007, 3003, 1015, 1028}
07-14 14:24:00.096 D/PhoneStatusBar(  450): disable: < expand icons alerts ticker system_info BACK HOME recent* CLOCK search >
07-14 14:24:00.198 D/PhoneStatusBar(  450): disable: < expand icons alerts ticker system_info back* home* recent clock* search >
07-14 14:24:00.229 W/InputMethodManagerService(  374): Window already focused, ignoring focus gain of: com.android.internal.view.IInputMethodClient$Stub$Proxy@42bc8880 attribute=android.view.inputmethod.EditorInfo@42c84968, token = android.os.BinderProxy@42ea3d30
07-14 14:24:00.260 D/AndroidRuntime(12826): 
07-14 14:24:00.260 D/AndroidRuntime(12826): >>>>>> AndroidRuntime START com.android.internal.os.RuntimeInit <<<<<<
07-14 14:24:00.260 D/AndroidRuntime(12826): CheckJNI is OFF
07-14 14:24:00.260 D/NfcService(  582): NFC-C ON
07-14 14:24:00.307 D/dalvikvm(12826): Trying to load lib libjavacore.so 0x0
07-14 14:24:00.315 D/dalvikvm(12826): Added shared lib libjavacore.so 0x0
07-14 14:24:00.330 D/dalvikvm(12826): Trying to load lib libnativehelper.so 0x0
07-14 14:24:00.330 D/dalvikvm(12826): Added shared lib libnativehelper.so 0x0
07-14 14:24:00.588 D/AndroidRuntime(12826): Calling main entry com.qihoo360.powerctl.root.app.App
07-14 14:24:00.596 D/AndroidRuntime(12826): Shutting down VM
07-14 14:24:00.619 D/dalvikvm(12826): GC_CONCURRENT freed 115K, 21% free 467K/592K, paused 1ms+0ms, total 4ms
07-14 14:24:00.674 V/TAG     (  374): bug 7643792: fitSystemWindows([0,50][0,0])
07-14 14:24:00.893 D/dalvikvm( 1052): GC_CONCURRENT freed 451K, 8% free 10302K/11168K, paused 4ms+4ms, total 41ms
07-14 14:24:00.940 I/RootJni (12862): su: permission denied
07-14 14:24:01.010 D/AndroidRuntime(12860): 
07-14 14:24:01.010 D/AndroidRuntime(12860): >>>>>> AndroidRuntime START com.android.internal.os.RuntimeInit <<<<<<
07-14 14:24:01.010 D/AndroidRuntime(12860): CheckJNI is OFF
07-14 14:24:01.033 D/dalvikvm(12860): Trying to load lib libjavacore.so 0x0
07-14 14:24:01.041 D/dalvikvm(12860): Added shared lib libjavacore.so 0x0
07-14 14:24:01.041 I/CalendarProvider2(12830): Sending notification intent: Intent { act=android.intent.action.PROVIDER_CHANGED dat=content://com.android.calendar }
07-14 14:24:01.049 W/ContentResolver(12830): Failed to get type for: content://com.android.calendar (Unknown URL content://com.android.calendar)
07-14 14:24:01.057 D/dalvikvm(12860): Trying to load lib libnativehelper.so 0x0
07-14 14:24:01.057 D/dalvikvm(12860): Added shared lib libnativehelper.so 0x0
07-14 14:24:01.073 I/ActivityManager(  374): Start proc com.google.android.calendar for broadcast com.google.android.calendar/com.android.calendar.alerts.AlertReceiver: pid=12863 uid=10006 gids={50006, 3003, 1028}
07-14 14:24:01.198 D/AlertReceiver(12863): onReceive: a=android.intent.action.PROVIDER_CHANGED Intent { act=android.intent.action.PROVIDER_CHANGED dat=content://com.android.calendar flg=0x10 cmp=com.google.android.calendar/com.android.calendar.alerts.AlertReceiver }
07-14 14:24:01.221 D/AlertService(12863): 0 Action = android.intent.action.PROVIDER_CHANGED
07-14 14:24:01.362 D/AndroidRuntime(12860): Calling main entry com.qihoo360.powerctl.root.app.App
07-14 14:24:01.362 D/AndroidRuntime(12860): Shutting down VM
07-14 14:24:01.369 D/dalvikvm(12860): GC_CONCURRENT freed 115K, 21% free 467K/592K, paused 1ms+0ms, total 4ms
07-14 14:24:03.073 I/ActivityManager(  374): START u0 {act=android.intent.action.MAIN cat=[android.intent.category.LAUNCHER] flg=0x10200000 cmp=com.pekall.emdm/.ui.SplashActivity} from pid 595
07-14 14:24:03.174 D/MdmApplication( 3494): [null:-1]->onActivityStarted ui.SplashActivity , mActivityCount = 3
07-14 14:24:03.362 I/ActivityManager(  374): Displayed com.pekall.emdm/.ui.SplashActivity: +249ms
07-14 14:24:04.674 I/ActivityManager(  374): START u0 {cmp=com.pekall.emdm/.ui.MainActivity} from pid 3494
07-14 14:24:04.815 D/dalvikvm(  374): GC_FOR_ALLOC freed 2237K, 30% free 19323K/27344K, paused 93ms, total 96ms
07-14 14:24:04.846 D/MdmApplication( 3494): [null:-1]->onActivityPaused ui.SplashActivity , mActivityCount = 3
07-14 14:24:04.893 D/MdmApplication( 3494): [null:-1]->onActivityStarted ui.MainActivity , mActivityCount = 3
07-14 14:24:04.893 D/MDM :   ( 3494): [null:-1]->query
07-14 14:24:04.893 D/MDM :   ( 3494): [null:-1]->QUERY_PINCODE_CHECK_RESULT
07-14 14:24:05.221 D/dalvikvm( 3494): GC_FOR_ALLOC freed 2379K, 19% free 24314K/29744K, paused 136ms, total 136ms
