07-14 14:09:40.619 D/dalvikvm(11007): GC_CONCURRENT freed 258K, 5% free 9271K/9736K, paused 3ms+2ms, total 25ms
07-14 14:09:40.651 W/ActivityManager(  374): Unable to start service Intent { act=com.google.android.gms.analytics.service.START (has extras) } U=0: not found
07-14 14:09:40.658 W/GAV2    (12395): Thread[GAThread,5,main]: Service unavailable (code=1), will retry.
07-14 14:09:40.666 I/GAV2    (12395): Thread[GAThread,5,main]: No campaign data found.
07-14 14:09:40.690 D/dalvikvm( 1146): GC_CONCURRENT freed 135K, 4% free 9458K/9792K, paused 3ms+2ms, total 23ms
07-14 14:09:40.690 D/dalvikvm( 1146): WAIT_FOR_CONCURRENT_GC blocked 14ms
07-14 14:09:40.705 D/dalvikvm(12525): Late-enabling CheckJNI
07-14 14:09:40.705 I/ActivityManager(  374): Start proc com.noshufou.android.su for broadcast com.noshufou.android.su/.UninstallReceiver: pid=12525 uid=10077 gids={50077, 3003, 1015, 1028}
07-14 14:09:40.729 I/dalvikvm(12525): Turning on JNI app bug workarounds for target SDK version 11...
07-14 14:09:40.838 I/ActivityManager(  374): Start proc com.qihoo.root for broadcast com.qihoo.root/.UninstallReceiver: pid=12538 uid=10078 gids={50078, 1015, 3003, 1028}
07-14 14:09:40.862 I/dalvikvm(12538): Turning on JNI app bug workarounds for target SDK version 7...
07-14 14:09:41.033 D/dalvikvm(  374): GC_FOR_ALLOC freed 2136K, 30% free 19150K/27344K, paused 105ms, total 110ms
07-14 14:09:41.080 D/BluetoothAdapter(12255): 1116081832: getState() :  mService = null. Returning STATE_OFF
07-14 14:09:41.135 D/dalvikvm(12538): Trying to load lib /data/data/com.qihoo.root/lib/libnativeutil.so 0x4280bbb0
07-14 14:09:41.135 D/dalvikvm(12538): Added shared lib /data/data/com.qihoo.root/lib/libnativeutil.so 0x4280bbb0
07-14 14:09:42.260 I/ActivityManager(  374): Process com.google.android.apps.plus (pid 12445) has died.
07-14 14:09:42.612 D/MdmService( 3494): [null:-1]->receiver action :com.pekall.mdm.action.MDM_ALARM
07-14 14:09:43.533 I/TransInfo( 3494): TransInfo created, id: 5, class: class com.pekall.emdm.transaction.b.p
07-14 14:09:43.533 D/NetworkThread( 3494): [null:-1]->----isRunning-----true
07-14 14:09:43.533 D/NetworkThread( 3494): [null:-1]->----isRunning-----true
07-14 14:09:43.533 D/NetworkThread( 3494): [null:-1]->thread wakeup
07-14 14:09:43.541 D/HttpClient( 3494): enable apache.http debug
07-14 14:09:43.557 V/DEBUG   ( 3494): HTTP 0
07-14 14:09:43.823 D/MDM :   ( 3494): [null:-1]->MSG_WEBSOCKET_MESSAGE : {"id":-117465916,"type":0,"command":0,"result":0,"reason":0,"params":{"msgId":"921e27da-be3e-4910-9de0-4676338910cc,921e27dabe3e49109de04676338910cc","device":"ffffffffc539bb10fffffffff7aea961","message":"{\"cmd\":\"10119\"}"}}
07-14 14:09:43.830 V/DEBUG   ( 3494): HTTP 1
07-14 14:09:43.838 D/NetworkThread( 3494): [null:-1]->queue is empty, thread wait...
07-14 14:09:43.854 D/MdmService( 3494): [null:-1]->push message type :0
07-14 14:09:43.854 D/MdmService( 3494): [null:-1]->cmdMessage : {"cmd":"10119"}
07-14 14:09:43.862 D/MdmService( 3494): [null:-1]->command : PushCommandMsg{cmd='10119', msg='null'}
07-14 14:09:43.862 D/MDM :   ( 3494): [null:-1]->PUSH CMD: 10119
07-14 14:09:43.862 D/MdmStatusManager( 3494): [null:-1]->change status to : Busy
07-14 14:09:43.862 D/DB      ( 3494): query: SQLiteQuery: SELECT content, command_status, status FROM command WHERE status!=2
07-14 14:09:43.862 D/DB      ( 3494): factory null
07-14 14:09:43.862 D/DB      ( 3494): fillWindow: 0
07-14 14:09:43.862 D/DB      ( 3494): cursor 0
07-14 14:09:43.862 D/DB      ( 3494): moveToPos: 0
07-14 14:09:43.862 I/TransInfo( 3494): TransInfo created, id: 3, class: class com.pekall.emdm.transaction.b.c
07-14 14:09:43.862 D/NetworkThread( 3494): [null:-1]->----isRunning-----true
07-14 14:09:43.862 D/NetworkThread( 3494): [null:-1]->----isRunning-----true
07-14 14:09:43.862 D/NetworkThread( 3494): [null:-1]->thread wakeup
07-14 14:09:43.869 D/HttpClient( 3494): enable apache.http debug
07-14 14:09:43.877 V/DEBUG   ( 3494): HTTP 0
07-14 14:09:44.190 V/DEBUG   ( 3494): HTTP 1
07-14 14:09:44.213 D/MDM :   ( 3494): [null:-1]->read network input stream
07-14 14:09:44.213 D/MDM :   ( 3494): [null:-1]->read network input stream
07-14 14:09:44.237 D/CheckInTransInfo( 3494): [null:-1]->CommandMsg : CommandMsg{CommandUUID='8a80888e4732aed50147337dbb6b118a', Command=CommandObject{RequestType='DeviceInformation'}}
07-14 14:09:44.244 D/DB      ( 3494): query: SQLiteQuery: SELECT * FROM command WHERE cmd_uuid='8a80888e4732aed50147337dbb6b118a'
07-14 14:09:44.244 D/DB      ( 3494): factory null
07-14 14:09:44.244 D/DB      ( 3494): fillWindow: 0
07-14 14:09:44.244 D/DB      ( 3494): cursor 0
07-14 14:09:44.276 D/NetworkThread( 3494): [null:-1]->queue is empty, thread wait...
07-14 14:09:44.377 D/MdmService( 3494): [null:-1]->handleCheckInResult
07-14 14:09:44.377 D/MdmService( 3494): [null:-1]->handleCheckInResult result keyIndex: 3
07-14 14:09:44.385 D/CommandManager( 3494): [null:-1]->execute command: CommandMsg{CommandUUID='8a80888e4732aed50147337dbb6b118a', Command=CommandObject{RequestType='DeviceInformation'}}
07-14 14:09:44.448 D/BluetoothManagerService(  374): checkIfCallerIsForegroundUser: valid=true callingUser=0 foregroundUser=0
07-14 14:09:45.315 D/dalvikvm(  563): GC_CONCURRENT freed 406K, 6% free 10096K/10716K, paused 4ms+3ms, total 56ms
07-14 14:09:45.385 W/ActivityManager(  374): Unable to start service Intent { act=com.google.android.gms.analytics.service.START (has extras) } U=0: not found
07-14 14:09:45.393 W/GAV2    (12475): Thread[GAThread,5,main]: Service unavailable (code=1), will retry.
07-14 14:09:45.408 I/GAV2    (12475): Thread[GAThread,5,main]: No campaign data found.
07-14 14:09:45.658 W/GAV2    (12395): Thread[Service Reconnect,5,main]: Service unavailable (code=1), using local store.
07-14 14:09:45.658 W/ActivityManager(  374): Unable to start service Intent { act=com.google.android.gms.analytics.service.START (has extras) } U=0: not found
07-14 14:09:47.557 D/dalvikvm(  374): GC_FOR_ALLOC freed 1583K, 31% free 19082K/27344K, paused 93ms, total 94ms
07-14 14:09:47.674 D/dalvikvm(  374): GC_FOR_ALLOC freed 814K, 31% free 19020K/27344K, paused 94ms, total 94ms
07-14 14:09:47.713 E/AppsCustomizePagedView(  595): Widget ComponentInfo{com.pekall.emdm/com.pekall.emdm.messagecenter.view.PushMessageWidget} has invalid dimensions (480, 0)
07-14 14:09:47.979 D/dalvikvm(10278): GC_CONCURRENT freed 389K, 5% free 8951K/9376K, paused 3ms+3ms, total 27ms
07-14 14:09:48.908 I/TransInfo( 3494): TransInfo created, id: 3, class: class com.pekall.emdm.transaction.b.c
07-14 14:09:48.908 D/NetworkThread( 3494): [null:-1]->----isRunning-----true
07-14 14:09:48.908 D/NetworkThread( 3494): [null:-1]->----isRunning-----true
07-14 14:09:48.908 D/NetworkThread( 3494): [null:-1]->thread wakeup
07-14 14:09:49.182 D/dalvikvm( 3494): GC_CONCURRENT freed 4583K, 20% free 24100K/29760K, paused 5ms+49ms, total 233ms
07-14 14:09:49.182 D/dalvikvm( 3494): WAIT_FOR_CONCURRENT_GC blocked 215ms
07-14 14:09:49.362 D/HttpClient( 3494): enable apache.http debug
07-14 14:09:49.369 V/DEBUG   ( 3494): HTTP 0
07-14 14:09:49.729 D/dalvikvm( 3494): GC_FOR_ALLOC freed 3154K, 19% free 24141K/29760K, paused 167ms, total 167ms
07-14 14:09:50.065 D/dalvikvm( 3494): GC_FOR_ALLOC freed 1399K, 19% free 24195K/29760K, paused 139ms, total 140ms
07-14 14:09:50.401 W/GAV2    (12475): Thread[Service Reconnect,5,main]: Service unavailable (code=1), using local store.
07-14 14:09:50.401 W/ActivityManager(  374): Unable to start service Intent { act=com.google.android.gms.analytics.service.START (has extras) } U=0: not found
07-14 14:09:50.494 V/DEBUG   ( 3494): HTTP 1
07-14 14:09:50.494 D/MdmDatabaseHelper( 3494): [null:-1]->update command 8a80888e4732aed50147337dbb6b118a to status executed
07-14 14:09:50.573 D/NetworkThread( 3494): [null:-1]->queue is empty, thread wait...
07-14 14:09:50.596 D/MdmService( 3494): [null:-1]->handleCheckInResult
07-14 14:09:50.596 D/MdmService( 3494): [null:-1]->handleCheckInResult result keyIndex: 3
07-14 14:09:50.596 D/HandleCommandTask( 3494): [null:-1]->execute command msg but beanBase is null
07-14 14:09:50.596 D/MdmStatusManager( 3494): [null:-1]->change status to : Idle
07-14 14:09:51.729 D/dalvikvm(11839): GC_CONCURRENT freed 128K, 7% free 9436K/10100K, paused 6ms+3ms, total 36ms
07-14 14:09:51.807 D/Finsky  (11839): [1] 5.onFinished: Installation state replication succeeded.
07-14 14:09:52.166 W/System.err(12204): java.io.FileNotFoundException: /data/data/com.mgyapp.android/files/.cfpaps.i: open failed: ENOENT (No such file or directory)
07-14 14:09:52.174 W/System.err(12204): 	at libcore.io.IoBridge.open(IoBridge.java:409)
07-14 14:09:52.174 W/System.err(12204): 	at java.io.FileInputStream.<init>(FileInputStream.java:78)
07-14 14:09:52.174 W/System.err(12204): 	at android.app.ContextImpl.openFileInput(ContextImpl.java:702)
07-14 14:09:52.174 W/System.err(12204): 	at android.content.ContextWrapper.openFileInput(ContextWrapper.java:173)
07-14 14:09:52.174 W/System.err(12204): 	at com.mgyun.shua.jc.service.f.run(Unknown Source)
07-14 14:09:52.174 W/System.err(12204): 	at com.mgyun.shua.jc.service.CpWorkServer.onHandleIntent(Unknown Source)
07-14 14:09:52.174 W/System.err(12204): 	at android.app.IntentService$ServiceHandler.handleMessage(IntentService.java:65)
07-14 14:09:52.174 W/System.err(12204): 	at android.os.Handler.dispatchMessage(Handler.java:99)
07-14 14:09:52.174 W/System.err(12204): 	at android.os.Looper.loop(Looper.java:137)
07-14 14:09:52.174 W/System.err(12204): 	at android.os.HandlerThread.run(HandlerThread.java:61)
07-14 14:09:52.174 W/System.err(12204): Caused by: libcore.io.ErrnoException: open failed: ENOENT (No such file or directory)
07-14 14:09:52.174 W/System.err(12204): 	at libcore.io.Posix.open(Native Method)
07-14 14:09:52.182 W/System.err(12204): 	at libcore.io.BlockGuardOs.open(BlockGuardOs.java:110)
07-14 14:09:52.182 W/System.err(12204): 	at libcore.io.IoBridge.open(IoBridge.java:393)
07-14 14:09:52.182 W/System.err(12204): 	... 9 more
07-14 14:09:55.666 W/Settings( 2019): Setting airplane_mode_on has moved from android.provider.Settings.System to android.provider.Settings.Global, returning read-only value.
07-14 14:09:55.666 W/Settings( 2019): Setting mobile_data has moved from android.provider.Settings.Secure to android.provider.Settings.Global.
07-14 14:09:55.666 D/BluetoothAdapter( 2019): 1116407520: getState() :  mService = null. Returning STATE_OFF
07-14 14:09:55.674 W/Settings( 2019): Setting airplane_mode_on has moved from android.provider.Settings.System to android.provider.Settings.Global, returning read-only value.
07-14 14:10:02.158 W/System.err(12204): java.io.FileNotFoundException: /data/data/com.mgyapp.android/files/.cfp.i: open failed: ENOENT (No such file or directory)
07-14 14:10:02.158 W/System.err(12204): 	at libcore.io.IoBridge.open(IoBridge.java:409)
07-14 14:10:02.158 W/System.err(12204): 	at java.io.FileInputStream.<init>(FileInputStream.java:78)
07-14 14:10:02.158 W/System.err(12204): 	at android.app.ContextImpl.openFileInput(ContextImpl.java:702)
07-14 14:10:02.158 W/System.err(12204): 	at android.content.ContextWrapper.openFileInput(ContextWrapper.java:173)
07-14 14:10:02.158 W/System.err(12204): 	at com.mgyun.shua.jc.c.b(Unknown Source)
07-14 14:10:02.158 W/System.err(12204): 	at com.mgyun.shua.jc.d.a(Unknown Source)
07-14 14:10:02.166 W/System.err(12204): 	at com.mgyun.shua.jc.service.CpWorkServer.onHandleIntent(Unknown Source)
07-14 14:10:02.166 W/System.err(12204): 	at android.app.IntentService$ServiceHandler.handleMessage(IntentService.java:65)
07-14 14:10:02.166 W/System.err(12204): 	at android.os.Handler.dispatchMessage(Handler.java:99)
07-14 14:10:02.166 W/System.err(12204): 	at android.os.Looper.loop(Looper.java:137)
07-14 14:10:02.166 W/System.err(12204): 	at android.os.HandlerThread.run(HandlerThread.java:61)
07-14 14:10:02.166 W/System.err(12204): Caused by: libcore.io.ErrnoException: open failed: ENOENT (No such file or directory)
07-14 14:10:02.166 W/System.err(12204): 	at libcore.io.Posix.open(Native Method)
07-14 14:10:02.166 W/System.err(12204): 	at libcore.io.BlockGuardOs.open(BlockGuardOs.java:110)
07-14 14:10:02.166 W/System.err(12204): 	at libcore.io.IoBridge.open(IoBridge.java:393)
07-14 14:10:02.166 W/System.err(12204): 	... 10 more
07-14 14:10:07.854 D/dalvikvm(  636): GC_EXPLICIT freed 425K, 10% free 12674K/14068K, paused 7ms+6ms, total 79ms
07-14 14:10:08.033 D/dalvikvm(  636): GC_EXPLICIT freed 16K, 11% free 12657K/14068K, paused 8ms+6ms, total 73ms
07-14 14:10:12.033 D/dalvikvm( 1052): GC_CONCURRENT freed 589K, 12% free 10027K/11384K, paused 4ms+3ms, total 45ms
07-14 14:10:15.229 D/LightsService(  374): Excessive delay setting light: 68ms
07-14 14:10:15.502 D/LightsService(  374): Excessive delay setting light: 67ms
07-14 14:10:18.096 I/PowerManagerService(  374): Going to sleep due to screen timeout...
07-14 14:10:18.963 D/SurfaceFlinger(  124): Screen released, type=0 flinger=0x41e1a478
07-14 14:10:19.057 D/dalvikvm(  374): GC_FOR_ALLOC freed 1145K, 28% free 19832K/27344K, paused 94ms, total 94ms
07-14 14:10:19.151 D/dalvikvm(  374): GC_FOR_ALLOC freed 748K, 29% free 19464K/27344K, paused 87ms, total 87ms
07-14 14:10:19.213 I/ActivityManager(  374): Start proc com.google.android.deskclock for service com.google.android.deskclock/com.android.alarmclock.DigitalAppWidgetService: pid=12684 uid=10013 gids={50013, 1028}
07-14 14:10:19.385 D/NfcService(  582): NFC-C OFF, disconnect
07-14 14:10:19.401 D/dalvikvm( 1052): GC_CONCURRENT freed 73K, 8% free 10348K/11168K, paused 3ms+3ms, total 99ms
07-14 14:10:19.502 V/KeyguardHostView(  374): hide transport, gen:55
07-14 14:10:19.502 V/KeyguardHostView(  374): music state changed: 0
07-14 14:10:19.557 D/PhoneStatusBar(  450): disable: < expand icons alerts ticker system_info back home RECENT* clock search >
07-14 14:10:19.643 V/TAG     (  374): bug 7643792: fitSystemWindows([0,50][0,0])
07-14 14:10:19.705 D/dalvikvm(  595): GC_CONCURRENT freed 1899K, 14% free 14932K/17232K, paused 6ms+12ms, total 122ms
07-14 14:10:19.768 D/dalvikvm( 2019): GC_FOR_ALLOC freed 319K, 7% free 9930K/10588K, paused 32ms, total 32ms
07-14 14:10:19.815 D/PhoneStatusBar(  450): disable: < expand icons alerts ticker system_info BACK* HOME* RECENT CLOCK* search >
07-14 14:10:19.846 D/MDM :   ( 3494): [null:-1]->query
07-14 14:10:19.846 D/MDM :   ( 3494): [null:-1]->QUERY_SETTING_PIN_ONOFF
07-14 14:10:21.369 I/ActivityManager(  374): Process com.qihoo360.mobilesafe:engine (pid 11907) has died.
07-14 14:10:23.221 I/AndroidRuntime(11892): VM exiting with result code 0, cleanup skipped.
07-14 14:10:23.237 I/ActivityManager(  374): Process com.qihoo360.mobilesafe:scan (pid 11892) has died.
07-14 14:10:34.596 D/dalvikvm(  636): GC_EXPLICIT freed 457K, 10% free 12672K/14068K, paused 6ms+6ms, total 72ms
07-14 14:10:35.705 W/ResponseProcessCookies(11553): Invalid cookie header: "Set-Cookie: BAIDUID=483178C9549D0D56AC1ABCC5A2ECBE11:FG=1; max-age=31536000; expires=Tue, 14-Jul-15 06:10:35 GMT; domain=.baidu.com; path=/; version=1". Unable to parse expires attribute: Tue
07-14 14:10:35.713 W/ResponseProcessCookies(11553): Invalid cookie header: "Set-Cookie: NBID=483178C9549D0D5634633FDDE448C997:FG=1; max-age=2592000; expires=Wed, 13-Aug-14 06:10:35 GMT; domain=.baidu.com; path=/; version=1". Unable to parse expires attribute: Wed
07-14 14:10:35.838 W/ResponseProcessCookies(11553): Invalid cookie header: "Set-Cookie: BAIDUID=483178C9549D0D565A1219C142A5A2D9:FG=1; max-age=31536000; expires=Tue, 14-Jul-15 06:10:35 GMT; domain=.baidu.com; path=/; version=1". Unable to parse expires attribute: Tue
07-14 14:10:35.854 W/ResponseProcessCookies(11553): Invalid cookie header: "Set-Cookie: NBID=483178C9549D0D5655635B4F311E4591:FG=1; max-age=2592000; expires=Wed, 13-Aug-14 06:10:35 GMT; domain=.baidu.com; path=/; version=1". Unable to parse expires attribute: Wed
07-14 14:10:35.877 D/dalvikvm(11553): GC_CONCURRENT freed 383K, 5% free 10097K/10584K, paused 6ms+3ms, total 55ms
07-14 14:10:37.526 W/MountService(  374): getVolumeState(/storage/emulated/0/external_sd): Unknown volume
07-14 14:10:37.526 W/MountService(  374): getVolumeState(/mnt/sdcard-ext): Unknown volume
07-14 14:10:37.526 W/MountService(  374): getVolumeState(/mnt/ext_sdcard): Unknown volume
07-14 14:10:37.526 W/MountService(  374): getVolumeState(/mnt/sdcard2): Unknown volume
07-14 14:10:37.526 W/MountService(  374): getVolumeState(/mnt/emmc): Unknown volume
07-14 14:10:37.533 W/MountService(  374): getVolumeState(/mnt/extSdCard): Unknown volume
07-14 14:10:37.533 W/MountService(  374): getVolumeState(/mnt/sdcard/SD_CARD): Unknown volume
07-14 14:10:37.533 W/MountService(  374): getVolumeState(/mnt/sdcard/extra_sd): Unknown volume
07-14 14:10:37.533 W/MountService(  374): getVolumeState(/mnt/extrasd_bind): Unknown volume
07-14 14:10:37.533 W/MountService(  374): getVolumeState(/mnt/sdcard/ext_sd): Unknown volume
07-14 14:10:37.533 W/MountService(  374): getVolumeState(/storage/extSdCard): Unknown volume
07-14 14:10:37.533 W/MountService(  374): getVolumeState(/storage/sdcard1): Unknown volume
07-14 14:10:37.533 W/MountService(  374): getVolumeState(/mnt/sdcard/external_SD): Unknown volume
07-14 14:10:37.533 W/MountService(  374): getVolumeState(/mnt/sdcard/external_sd): Unknown volume
07-14 14:10:37.619 D/dalvikvm( 6152): GC_CONCURRENT freed 375K, 7% free 9595K/10240K, paused 11ms+4ms, total 35ms
07-14 14:10:37.619 D/dalvikvm( 6152): WAIT_FOR_CONCURRENT_GC blocked 11ms
07-14 14:10:37.619 D/dalvikvm( 6152): WAIT_FOR_CONCURRENT_GC blocked 17ms
07-14 14:10:37.752 W/MountService(  374): getVolumeState(/storage/emulated/0/external_sd): Unknown volume
07-14 14:10:37.752 W/MountService(  374): getVolumeState(/mnt/sdcard-ext): Unknown volume
07-14 14:10:37.752 W/MountService(  374): getVolumeState(/mnt/ext_sdcard): Unknown volume
07-14 14:10:37.752 W/MountService(  374): getVolumeState(/mnt/sdcard2): Unknown volume
07-14 14:10:37.752 W/MountService(  374): getVolumeState(/mnt/emmc): Unknown volume
07-14 14:10:37.752 W/MountService(  374): getVolumeState(/mnt/extSdCard): Unknown volume
07-14 14:10:37.752 W/MountService(  374): getVolumeState(/mnt/sdcard/SD_CARD): Unknown volume
07-14 14:10:37.752 W/MountService(  374): getVolumeState(/mnt/sdcard/extra_sd): Unknown volume
07-14 14:10:37.760 W/MountService(  374): getVolumeState(/mnt/extrasd_bind): Unknown volume
07-14 14:10:37.760 W/MountService(  374): getVolumeState(/mnt/sdcard/ext_sd): Unknown volume
07-14 14:10:37.760 W/MountService(  374): getVolumeState(/storage/extSdCard): Unknown volume
07-14 14:10:37.760 W/MountService(  374): getVolumeState(/storage/sdcard1): Unknown volume
07-14 14:10:37.760 W/MountService(  374): getVolumeState(/mnt/sdcard/external_SD): Unknown volume
07-14 14:10:37.760 W/MountService(  374): getVolumeState(/mnt/sdcard/external_sd): Unknown volume
07-14 14:10:37.791 D/dalvikvm( 6152): GC_CONCURRENT freed 600K, 8% free 9497K/10240K, paused 3ms+3ms, total 26ms
07-14 14:10:46.104 D/Finsky  (11839): [1] 3.onErrorResponse: Verification id=2 error response com.android.volley.TimeoutError
07-14 14:10:46.112 D/Volley  (11839): [1] Request.finish: 110957 ms: [ ] https://safebrowsing.google.com/safebrowsing/clientreport/download 0xc9395b26 NORMAL 1
07-14 14:10:46.112 W/PackageManager(  374): Invalid verification token 2 received
07-14 14:11:07.838 D/JOBS    (11415): Thread-436: load factor check. true = (0 < 1)|| (0 * 3 < 0 + 0). consumer thread: true
07-14 14:11:07.838 D/JOBS    (11415): didn't allow me to die, re-running Thread-436
07-14 14:11:07.838 D/JOBS    (11415): re-running consumer Thread-436
07-14 14:11:37.533 W/MountService(  374): getVolumeState(/storage/emulated/0/external_sd): Unknown volume
07-14 14:11:37.541 W/MountService(  374): getVolumeState(/mnt/sdcard-ext): Unknown volume
07-14 14:11:37.541 W/MountService(  374): getVolumeState(/mnt/ext_sdcard): Unknown volume
07-14 14:11:37.541 W/MountService(  374): getVolumeState(/mnt/sdcard2): Unknown volume
07-14 14:11:37.541 W/MountService(  374): getVolumeState(/mnt/emmc): Unknown volume
07-14 14:11:37.541 W/MountService(  374): getVolumeState(/mnt/extSdCard): Unknown volume
07-14 14:11:37.541 W/MountService(  374): getVolumeState(/mnt/sdcard/SD_CARD): Unknown volume
07-14 14:11:37.541 W/MountService(  374): getVolumeState(/mnt/sdcard/extra_sd): Unknown volume
07-14 14:11:37.541 W/MountService(  374): getVolumeState(/mnt/extrasd_bind): Unknown volume
07-14 14:11:37.541 W/MountService(  374): getVolumeState(/mnt/sdcard/ext_sd): Unknown volume
07-14 14:11:37.541 W/MountService(  374): getVolumeState(/storage/extSdCard): Unknown volume
07-14 14:11:37.541 W/MountService(  374): getVolumeState(/storage/sdcard1): Unknown volume
07-14 14:11:37.541 W/MountService(  374): getVolumeState(/mnt/sdcard/external_SD): Unknown volume
07-14 14:11:37.549 W/MountService(  374): getVolumeState(/mnt/sdcard/external_sd): Unknown volume
07-14 14:11:37.557 D/dalvikvm( 6152): GC_CONCURRENT freed 426K, 8% free 9483K/10240K, paused 6ms+3ms, total 34ms
07-14 14:11:37.557 D/dalvikvm( 6152): WAIT_FOR_CONCURRENT_GC blocked 22ms
07-14 14:11:37.557 D/dalvikvm( 6152): WAIT_FOR_CONCURRENT_GC blocked 12ms
07-14 14:11:37.721 D/dalvikvm( 6152): GC_CONCURRENT freed 444K, 8% free 9475K/10240K, paused 3ms+4ms, total 42ms
07-14 14:11:37.760 W/MountService(  374): getVolumeState(/storage/emulated/0/external_sd): Unknown volume
07-14 14:11:37.760 W/MountService(  374): getVolumeState(/mnt/sdcard-ext): Unknown volume
07-14 14:11:37.760 W/MountService(  374): getVolumeState(/mnt/ext_sdcard): Unknown volume
07-14 14:11:37.760 W/MountService(  374): getVolumeState(/mnt/sdcard2): Unknown volume
07-14 14:11:37.760 W/MountService(  374): getVolumeState(/mnt/emmc): Unknown volume
07-14 14:11:37.760 W/MountService(  374): getVolumeState(/mnt/extSdCard): Unknown volume
07-14 14:11:37.760 W/MountService(  374): getVolumeState(/mnt/sdcard/SD_CARD): Unknown volume
07-14 14:11:37.768 W/MountService(  374): getVolumeState(/mnt/sdcard/extra_sd): Unknown volume
07-14 14:11:37.768 W/MountService(  374): getVolumeState(/mnt/extrasd_bind): Unknown volume
07-14 14:11:37.768 W/MountService(  374): getVolumeState(/mnt/sdcard/ext_sd): Unknown volume
07-14 14:11:37.768 W/MountService(  374): getVolumeState(/storage/extSdCard): Unknown volume
07-14 14:11:37.768 W/MountService(  374): getVolumeState(/storage/sdcard1): Unknown volume
07-14 14:11:37.768 W/MountService(  374): getVolumeState(/mnt/sdcard/external_SD): Unknown volume
07-14 14:11:37.768 W/MountService(  374): getVolumeState(/mnt/sdcard/external_sd): Unknown volume
07-14 14:11:37.846 D/dalvikvm( 6152): GC_CONCURRENT freed 438K, 8% free 9494K/10240K, paused 3ms+5ms, total 29ms
07-14 14:11:46.869 W/Settings( 2019): Setting airplane_mode_on has moved from android.provider.Settings.System to android.provider.Settings.Global, returning read-only value.
07-14 14:11:46.869 W/Settings( 2019): Setting mobile_data has moved from android.provider.Settings.Secure to android.provider.Settings.Global.
07-14 14:11:46.869 D/BluetoothAdapter( 2019): 1116407520: getState() :  mService = null. Returning STATE_OFF
07-14 14:11:46.877 W/Settings( 2019): Setting airplane_mode_on has moved from android.provider.Settings.System to android.provider.Settings.Global, returning read-only value.
07-14 14:11:46.885 W/Settings( 2019): Setting airplane_mode_on has moved from android.provider.Settings.System to android.provider.Settings.Global, returning read-only value.
07-14 14:11:46.885 W/Settings( 2019): Setting mobile_data has moved from android.provider.Settings.Secure to android.provider.Settings.Global.
07-14 14:11:46.885 D/BluetoothAdapter( 2019): 1116407520: getState() :  mService = null. Returning STATE_OFF
07-14 14:11:46.885 W/Settings( 2019): Setting airplane_mode_on has moved from android.provider.Settings.System to android.provider.Settings.Global, returning read-only value.
07-14 14:11:46.885 W/Settings( 2019): Setting airplane_mode_on has moved from android.provider.Settings.System to android.provider.Settings.Global, returning read-only value.
07-14 14:11:46.885 W/Settings( 2019): Setting mobile_data has moved from android.provider.Settings.Secure to android.provider.Settings.Global.
07-14 14:11:46.885 D/BluetoothAdapter( 2019): 1116407520: getState() :  mService = null. Returning STATE_OFF
07-14 14:11:46.893 W/Settings( 2019): Setting airplane_mode_on has moved from android.provider.Settings.System to android.provider.Settings.Global, returning read-only value.
07-14 14:12:07.158 D/PushService(11415): [null:-1]->receiver action :com.pekall.mdm.action.PUSH_ALARM
07-14 14:12:07.174 D/PushService(11415): [null:-1]->keepAliveWithPushServer client is opened:true
07-14 14:12:07.174 D/PushLib : (11415): [null:-1]->ping!!!!!!!!!
07-14 14:12:07.174 D/PushLib : (11415): [null:-1]->pushClient is :not null
07-14 14:12:07.174 D/PushLib : (11415): [null:-1]->pushClient opened : opened
07-14 14:12:12.198 D/PushLib : (11415): [null:-1]->MSG_WEBSOCKET_PONG
07-14 14:12:32.018 D/dalvikvm(  577): GC_CONCURRENT freed 395K, 5% free 9534K/9984K, paused 9ms+3ms, total 70ms
07-14 14:12:37.651 W/MountService(  374): getVolumeState(/storage/emulated/0/external_sd): Unknown volume
07-14 14:12:37.651 W/MountService(  374): getVolumeState(/mnt/sdcard-ext): Unknown volume
07-14 14:12:37.651 W/MountService(  374): getVolumeState(/mnt/ext_sdcard): Unknown volume
07-14 14:12:37.651 W/MountService(  374): getVolumeState(/mnt/sdcard2): Unknown volume
07-14 14:12:37.651 W/MountService(  374): getVolumeState(/mnt/emmc): Unknown volume
07-14 14:12:37.651 W/MountService(  374): getVolumeState(/mnt/extSdCard): Unknown volume
07-14 14:12:37.651 W/MountService(  374): getVolumeState(/mnt/sdcard/SD_CARD): Unknown volume
07-14 14:12:37.651 W/MountService(  374): getVolumeState(/mnt/sdcard/extra_sd): Unknown volume
07-14 14:12:37.651 W/MountService(  374): getVolumeState(/mnt/extrasd_bind): Unknown volume
07-14 14:12:37.651 W/MountService(  374): getVolumeState(/mnt/sdcard/ext_sd): Unknown volume
07-14 14:12:37.651 W/MountService(  374): getVolumeState(/storage/extSdCard): Unknown volume
07-14 14:12:37.651 W/MountService(  374): getVolumeState(/storage/sdcard1): Unknown volume
07-14 14:12:37.658 W/MountService(  374): getVolumeState(/mnt/sdcard/external_SD): Unknown volume
07-14 14:12:37.658 W/MountService(  374): getVolumeState(/mnt/sdcard/external_sd): Unknown volume
07-14 14:12:37.729 D/dalvikvm( 6152): GC_CONCURRENT freed 402K, 7% free 9604K/10240K, paused 10ms+4ms, total 34ms
07-14 14:12:37.729 D/dalvikvm( 6152): WAIT_FOR_CONCURRENT_GC blocked 16ms
07-14 14:12:37.729 D/dalvikvm( 6152): WAIT_FOR_CONCURRENT_GC blocked 21ms
07-14 14:12:37.869 W/MountService(  374): getVolumeState(/storage/emulated/0/external_sd): Unknown volume
07-14 14:12:37.869 W/MountService(  374): getVolumeState(/mnt/sdcard-ext): Unknown volume
07-14 14:12:37.869 W/MountService(  374): getVolumeState(/mnt/ext_sdcard): Unknown volume
07-14 14:12:37.869 W/MountService(  374): getVolumeState(/mnt/sdcard2): Unknown volume
07-14 14:12:37.877 W/MountService(  374): getVolumeState(/mnt/emmc): Unknown volume
07-14 14:12:37.877 W/MountService(  374): getVolumeState(/mnt/extSdCard): Unknown volume
07-14 14:12:37.877 W/MountService(  374): getVolumeState(/mnt/sdcard/SD_CARD): Unknown volume
07-14 14:12:37.877 W/MountService(  374): getVolumeState(/mnt/sdcard/extra_sd): Unknown volume
07-14 14:12:37.877 W/MountService(  374): getVolumeState(/mnt/extrasd_bind): Unknown volume
07-14 14:12:37.877 W/MountService(  374): getVolumeState(/mnt/sdcard/ext_sd): Unknown volume
07-14 14:12:37.877 W/MountService(  374): getVolumeState(/storage/extSdCard): Unknown volume
07-14 14:12:37.877 W/MountService(  374): getVolumeState(/storage/sdcard1): Unknown volume
07-14 14:12:37.877 W/MountService(  374): getVolumeState(/mnt/sdcard/external_SD): Unknown volume
07-14 14:12:37.877 W/MountService(  374): getVolumeState(/mnt/sdcard/external_sd): Unknown volume
07-14 14:12:37.916 D/dalvikvm( 6152): GC_CONCURRENT freed 588K, 7% free 9524K/10240K, paused 3ms+5ms, total 32ms
07-14 14:12:37.916 D/dalvikvm( 6152): WAIT_FOR_CONCURRENT_GC blocked 2ms
07-14 14:12:42.612 D/MdmService( 3494): [null:-1]->receiver action :com.pekall.mdm.action.MDM_ALARM
07-14 14:12:42.619 D/MdmService( 3494): [null:-1]->keepAliveWithPushServer client is opened:true
07-14 14:12:42.619 D/MDM :   ( 3494): [null:-1]->ping!!!!!!!!!
07-14 14:12:42.627 D/MdmService( 3494): [null:-1]->pushUrl : ws://demo.everknow.cn:9030/websocket
07-14 14:12:42.635 D/MDM :   ( 3494): [null:-1]->mMdmPushClient is :not null
07-14 14:12:42.635 D/MDM :   ( 3494): [null:-1]->mMdmPushClient opened : opened
07-14 14:12:42.635 D/MDM :   ( 3494): [null:-1]->MSG_WEBSOCKET_PONG
07-14 14:12:54.369 D/GCM     (  624): Ignoring attempt to send heartbeat on dead connection.
07-14 14:13:07.846 D/JOBS    (11415): Thread-436: load factor check. true = (0 < 1)|| (0 * 3 < 0 + 0). consumer thread: true
07-14 14:13:07.846 D/JOBS    (11415): didn't allow me to die, re-running Thread-436
07-14 14:13:07.846 D/JOBS    (11415): re-running consumer Thread-436
07-14 14:13:19.963 W/MountService(  374): getVolumeState(/storage/emulated/0/external_sd): Unknown volume
07-14 14:13:19.963 W/MountService(  374): getVolumeState(/mnt/sdcard-ext): Unknown volume
07-14 14:13:19.963 W/MountService(  374): getVolumeState(/mnt/ext_sdcard): Unknown volume
07-14 14:13:19.971 W/MountService(  374): getVolumeState(/mnt/sdcard2): Unknown volume
07-14 14:13:19.971 W/MountService(  374): getVolumeState(/mnt/emmc): Unknown volume
07-14 14:13:19.971 W/MountService(  374): getVolumeState(/mnt/extSdCard): Unknown volume
07-14 14:13:19.971 W/MountService(  374): getVolumeState(/mnt/sdcard/SD_CARD): Unknown volume
07-14 14:13:19.971 W/MountService(  374): getVolumeState(/mnt/sdcard/extra_sd): Unknown volume
07-14 14:13:19.971 W/MountService(  374): getVolumeState(/mnt/extrasd_bind): Unknown volume
07-14 14:13:19.971 W/MountService(  374): getVolumeState(/mnt/sdcard/ext_sd): Unknown volume
07-14 14:13:19.971 W/MountService(  374): getVolumeState(/storage/extSdCard): Unknown volume
07-14 14:13:19.971 W/MountService(  374): getVolumeState(/storage/sdcard1): Unknown volume
07-14 14:13:19.979 W/MountService(  374): getVolumeState(/mnt/sdcard/external_SD): Unknown volume
07-14 14:13:19.979 W/MountService(  374): getVolumeState(/mnt/sdcard/external_sd): Unknown volume
07-14 14:13:20.088 W/PackageParser( 2060): Unknown element under <application>: intent-filter at /storage/emulated/0/360MobileSafe_5.2.3.1061.apk Binary XML file line #1165
07-14 14:13:20.104 W/PackageParser( 2060): Unknown element under <application>: intent-filter at /storage/emulated/0/360MobileSafe_5.2.3.1061.apk Binary XML file line #1423
07-14 14:13:20.174 D/dalvikvm( 2060): GC_CONCURRENT freed 894K, 26% free 13675K/18440K, paused 8ms+5ms, total 114ms
07-14 14:13:20.174 D/dalvikvm( 2060): WAIT_FOR_CONCURRENT_GC blocked 12ms
07-14 14:13:20.174 D/dalvikvm( 2060): WAIT_FOR_CONCURRENT_GC blocked 12ms
07-14 14:13:20.299 D/dalvikvm(10278): GC_CONCURRENT freed 387K, 5% free 8952K/9376K, paused 2ms+1ms, total 20ms
07-14 14:13:20.424 W/PackageParser( 2060): No actions in intent filter at /storage/emulated/0/Download/emmp.apk Binary XML file line #687
07-14 14:13:20.573 W/PackageParser( 2060): No actions in intent filter at /storage/emulated/0/Download/emmp-1.apk Binary XML file line #687
07-14 14:13:20.588 D/dalvikvm(  374): GC_CONCURRENT freed 2304K, 28% free 19693K/27344K, paused 5ms+17ms, total 126ms
07-14 14:13:20.674 D/dalvikvm( 2060): GC_CONCURRENT freed 1540K, 26% free 13744K/18440K, paused 7ms+5ms, total 83ms
07-14 14:13:20.674 D/dalvikvm( 2060): WAIT_FOR_CONCURRENT_GC blocked 33ms
07-14 14:13:20.674 D/dalvikvm( 2060): WAIT_FOR_CONCURRENT_GC blocked 29ms
07-14 14:13:20.955 D/dalvikvm( 2060): GC_CONCURRENT freed 1841K, 27% free 13535K/18440K, paused 4ms+4ms, total 89ms
07-14 14:13:20.955 D/dalvikvm( 2060): WAIT_FOR_CONCURRENT_GC blocked 38ms
07-14 14:13:20.955 D/dalvikvm( 2060): WAIT_FOR_CONCURRENT_GC blocked 31ms
07-14 14:13:21.096 W/PackageParser( 2060): No actions in intent filter at /storage/emulated/0/360Download/Pekall.apk Binary XML file line #685
07-14 14:13:21.182 W/Resources( 2060): Converting to boolean: TypedValue{t=0x3/d=0x54 "false" a=-1}
07-14 14:13:21.182 W/Resources( 2060): Converting to boolean: TypedValue{t=0x3/d=0x54 "false" a=-1}
07-14 14:13:21.260 D/dalvikvm(10278): GC_CONCURRENT freed 395K, 5% free 8951K/9384K, paused 2ms+2ms, total 20ms
07-14 14:13:21.283 W/MountService(  374): getVolumeState(/storage/emulated/0/external_sd): Unknown volume
07-14 14:13:21.283 W/MountService(  374): getVolumeState(/mnt/sdcard-ext): Unknown volume
07-14 14:13:21.283 W/MountService(  374): getVolumeState(/mnt/ext_sdcard): Unknown volume
07-14 14:13:21.283 W/MountService(  374): getVolumeState(/mnt/sdcard2): Unknown volume
07-14 14:13:21.283 W/MountService(  374): getVolumeState(/mnt/emmc): Unknown volume
07-14 14:13:21.283 W/MountService(  374): getVolumeState(/mnt/extSdCard): Unknown volume
07-14 14:13:21.283 W/MountService(  374): getVolumeState(/mnt/sdcard/SD_CARD): Unknown volume
07-14 14:13:21.283 W/MountService(  374): getVolumeState(/mnt/sdcard/extra_sd): Unknown volume
07-14 14:13:21.283 W/MountService(  374): getVolumeState(/mnt/extrasd_bind): Unknown volume
07-14 14:13:21.283 W/MountService(  374): getVolumeState(/mnt/sdcard/ext_sd): Unknown volume
07-14 14:13:21.283 W/MountService(  374): getVolumeState(/storage/extSdCard): Unknown volume
07-14 14:13:21.291 W/MountService(  374): getVolumeState(/storage/sdcard1): Unknown volume
07-14 14:13:21.291 W/MountService(  374): getVolumeState(/mnt/sdcard/external_SD): Unknown volume
07-14 14:13:21.291 W/MountService(  374): getVolumeState(/mnt/sdcard/external_sd): Unknown volume
07-14 14:13:21.666 D/dalvikvm( 2060): GC_CONCURRENT freed 1572K, 27% free 13524K/18440K, paused 2ms+5ms, total 75ms
07-14 14:13:21.666 D/dalvikvm( 2060): WAIT_FOR_CONCURRENT_GC blocked 16ms
07-14 14:13:21.666 D/dalvikvm( 2060): WAIT_FOR_CONCURRENT_GC blocked 16ms
07-14 14:13:22.151 D/dalvikvm( 2060): GC_CONCURRENT freed 1560K, 27% free 13508K/18440K, paused 4ms+5ms, total 68ms
07-14 14:13:22.471 D/dalvikvm( 2060): GC_CONCURRENT freed 1125K, 25% free 13935K/18440K, paused 4ms+7ms, total 100ms
07-14 14:13:22.471 D/dalvikvm( 2060): WAIT_FOR_CONCURRENT_GC blocked 85ms
07-14 14:13:22.471 D/dalvikvm( 2060): WAIT_FOR_CONCURRENT_GC blocked 84ms
07-14 14:13:22.471 D/dalvikvm( 2060): WAIT_FOR_CONCURRENT_GC blocked 56ms
07-14 14:13:23.112 D/dalvikvm( 2060): GC_CONCURRENT freed 1839K, 26% free 13753K/18440K, paused 6ms+6ms, total 82ms
07-14 14:13:23.643 D/dalvikvm( 2060): GC_CONCURRENT freed 699K, 21% free 14687K/18440K, paused 3ms+6ms, total 73ms
07-14 14:13:23.643 D/dalvikvm( 2060): WAIT_FOR_CONCURRENT_GC blocked 13ms
07-14 14:13:23.643 D/dalvikvm( 2060): WAIT_FOR_CONCURRENT_GC blocked 28ms
07-14 14:13:24.510 D/dalvikvm( 2060): GC_CONCURRENT freed 3012K, 27% free 13608K/18440K, paused 5ms+11ms, total 112ms
07-14 14:13:37.698 D/dalvikvm( 6152): GC_FOR_ALLOC freed 437K, 8% free 9467K/10240K, paused 31ms, total 31ms
07-14 14:13:37.705 W/MountService(  374): getVolumeState(/storage/emulated/0/external_sd): Unknown volume
07-14 14:13:37.705 W/MountService(  374): getVolumeState(/mnt/sdcard-ext): Unknown volume
07-14 14:13:37.705 W/MountService(  374): getVolumeState(/mnt/ext_sdcard): Unknown volume
07-14 14:13:37.705 W/MountService(  374): getVolumeState(/mnt/sdcard2): Unknown volume
07-14 14:13:37.705 W/MountService(  374): getVolumeState(/mnt/emmc): Unknown volume
07-14 14:13:37.705 W/MountService(  374): getVolumeState(/mnt/extSdCard): Unknown volume
07-14 14:13:37.705 W/MountService(  374): getVolumeState(/mnt/sdcard/SD_CARD): Unknown volume
07-14 14:13:37.705 W/MountService(  374): getVolumeState(/mnt/sdcard/extra_sd): Unknown volume
07-14 14:13:37.713 W/MountService(  374): getVolumeState(/mnt/extrasd_bind): Unknown volume
07-14 14:13:37.713 W/MountService(  374): getVolumeState(/mnt/sdcard/ext_sd): Unknown volume
07-14 14:13:37.713 W/MountService(  374): getVolumeState(/storage/extSdCard): Unknown volume
07-14 14:13:37.713 W/MountService(  374): getVolumeState(/storage/sdcard1): Unknown volume
07-14 14:13:37.713 W/MountService(  374): getVolumeState(/mnt/sdcard/external_SD): Unknown volume
07-14 14:13:37.713 W/MountService(  374): getVolumeState(/mnt/sdcard/external_sd): Unknown volume
07-14 14:13:37.830 D/dalvikvm( 6152): GC_CONCURRENT freed 255K, 7% free 9604K/10240K, paused 4ms+3ms, total 36ms
07-14 14:13:37.979 W/MountService(  374): getVolumeState(/storage/emulated/0/external_sd): Unknown volume
07-14 14:13:37.979 W/MountService(  374): getVolumeState(/mnt/sdcard-ext): Unknown volume
07-14 14:13:37.979 W/MountService(  374): getVolumeState(/mnt/ext_sdcard): Unknown volume
07-14 14:13:37.979 W/MountService(  374): getVolumeState(/mnt/sdcard2): Unknown volume
07-14 14:13:37.979 W/MountService(  374): getVolumeState(/mnt/emmc): Unknown volume
07-14 14:13:37.979 W/MountService(  374): getVolumeState(/mnt/extSdCard): Unknown volume
07-14 14:13:37.979 W/MountService(  374): getVolumeState(/mnt/sdcard/SD_CARD): Unknown volume
07-14 14:13:37.979 W/MountService(  374): getVolumeState(/mnt/sdcard/extra_sd): Unknown volume
07-14 14:13:37.979 W/MountService(  374): getVolumeState(/mnt/extrasd_bind): Unknown volume
07-14 14:13:37.979 W/MountService(  374): getVolumeState(/mnt/sdcard/ext_sd): Unknown volume
07-14 14:13:37.979 W/MountService(  374): getVolumeState(/storage/extSdCard): Unknown volume
07-14 14:13:37.979 W/MountService(  374): getVolumeState(/storage/sdcard1): Unknown volume
07-14 14:13:37.979 W/MountService(  374): getVolumeState(/mnt/sdcard/external_SD): Unknown volume
07-14 14:13:37.987 W/MountService(  374): getVolumeState(/mnt/sdcard/external_sd): Unknown volume
07-14 14:13:38.018 D/dalvikvm( 6152): GC_CONCURRENT freed 587K, 8% free 9484K/10240K, paused 4ms+4ms, total 28ms
07-14 14:14:03.768 D/dalvikvm(  874): GC_CONCURRENT freed 1766K, 17% free 9646K/11548K, paused 6ms+5ms, total 52ms
07-14 14:14:37.737 W/MountService(  374): getVolumeState(/storage/emulated/0/external_sd): Unknown volume
07-14 14:14:37.737 W/MountService(  374): getVolumeState(/mnt/sdcard-ext): Unknown volume
07-14 14:14:37.737 W/MountService(  374): getVolumeState(/mnt/ext_sdcard): Unknown volume
07-14 14:14:37.737 W/MountService(  374): getVolumeState(/mnt/sdcard2): Unknown volume
07-14 14:14:37.737 W/MountService(  374): getVolumeState(/mnt/emmc): Unknown volume
07-14 14:14:37.737 W/MountService(  374): getVolumeState(/mnt/extSdCard): Unknown volume
07-14 14:14:37.737 W/MountService(  374): getVolumeState(/mnt/sdcard/SD_CARD): Unknown volume
07-14 14:14:37.737 W/MountService(  374): getVolumeState(/mnt/sdcard/extra_sd): Unknown volume
07-14 14:14:37.737 W/MountService(  374): getVolumeState(/mnt/extrasd_bind): Unknown volume
07-14 14:14:37.744 W/MountService(  374): getVolumeState(/mnt/sdcard/ext_sd): Unknown volume
07-14 14:14:37.744 W/MountService(  374): getVolumeState(/storage/extSdCard): Unknown volume
07-14 14:14:37.744 W/MountService(  374): getVolumeState(/storage/sdcard1): Unknown volume
07-14 14:14:37.744 W/MountService(  374): getVolumeState(/mnt/sdcard/external_SD): Unknown volume
07-14 14:14:37.744 W/MountService(  374): getVolumeState(/mnt/sdcard/external_sd): Unknown volume
07-14 14:14:37.791 D/dalvikvm( 6152): GC_CONCURRENT freed 435K, 8% free 9476K/10240K, paused 4ms+4ms, total 45ms
07-14 14:14:37.791 D/dalvikvm( 6152): WAIT_FOR_CONCURRENT_GC blocked 23ms
07-14 14:14:37.963 W/MountService(  374): getVolumeState(/storage/emulated/0/external_sd): Unknown volume
07-14 14:14:37.963 W/MountService(  374): getVolumeState(/mnt/sdcard-ext): Unknown volume
07-14 14:14:37.963 W/MountService(  374): getVolumeState(/mnt/ext_sdcard): Unknown volume
07-14 14:14:37.963 W/MountService(  374): getVolumeState(/mnt/sdcard2): Unknown volume
07-14 14:14:37.971 W/MountService(  374): getVolumeState(/mnt/emmc): Unknown volume
07-14 14:14:37.971 W/MountService(  374): getVolumeState(/mnt/extSdCard): Unknown volume
07-14 14:14:37.971 W/MountService(  374): getVolumeState(/mnt/sdcard/SD_CARD): Unknown volume
07-14 14:14:37.971 W/MountService(  374): getVolumeState(/mnt/sdcard/extra_sd): Unknown volume
07-14 14:14:37.971 W/MountService(  374): getVolumeState(/mnt/extrasd_bind): Unknown volume
07-14 14:14:37.971 W/MountService(  374): getVolumeState(/mnt/sdcard/ext_sd): Unknown volume
07-14 14:14:37.971 W/MountService(  374): getVolumeState(/storage/extSdCard): Unknown volume
07-14 14:14:37.971 W/MountService(  374): getVolumeState(/storage/sdcard1): Unknown volume
07-14 14:14:37.971 W/MountService(  374): getVolumeState(/mnt/sdcard/external_SD): Unknown volume
07-14 14:14:37.971 W/MountService(  374): getVolumeState(/mnt/sdcard/external_sd): Unknown volume
07-14 14:14:37.987 D/dalvikvm( 6152): GC_CONCURRENT freed 477K, 8% free 9511K/10240K, paused 3ms+3ms, total 43ms
07-14 14:14:37.987 D/dalvikvm( 6152): WAIT_FOR_CONCURRENT_GC blocked 10ms
07-14 14:14:37.987 D/dalvikvm( 6152): WAIT_FOR_CONCURRENT_GC blocked 13ms
07-14 14:14:52.158 W/System.err(12204): java.io.FileNotFoundException: /data/data/com.mgyapp.android/files/.cfpaps.i: open failed: ENOENT (No such file or directory)
07-14 14:14:52.158 W/System.err(12204): 	at libcore.io.IoBridge.open(IoBridge.java:409)
07-14 14:14:52.158 W/System.err(12204): 	at java.io.FileInputStream.<init>(FileInputStream.java:78)
07-14 14:14:52.158 W/System.err(12204): 	at android.app.ContextImpl.openFileInput(ContextImpl.java:702)
07-14 14:14:52.158 W/System.err(12204): 	at android.content.ContextWrapper.openFileInput(ContextWrapper.java:173)
07-14 14:14:52.158 W/System.err(12204): 	at com.mgyun.shua.jc.service.f.run(Unknown Source)
07-14 14:14:52.158 W/System.err(12204): 	at com.mgyun.shua.jc.service.CpWorkServer.onHandleIntent(Unknown Source)
07-14 14:14:52.158 W/System.err(12204): 	at android.app.IntentService$ServiceHandler.handleMessage(IntentService.java:65)
07-14 14:14:52.158 W/System.err(12204): 	at android.os.Handler.dispatchMessage(Handler.java:99)
07-14 14:14:52.158 W/System.err(12204): 	at android.os.Looper.loop(Looper.java:137)
07-14 14:14:52.158 W/System.err(12204): 	at android.os.HandlerThread.run(HandlerThread.java:61)
07-14 14:14:52.158 W/System.err(12204): Caused by: libcore.io.ErrnoException: open failed: ENOENT (No such file or directory)
07-14 14:14:52.158 W/System.err(12204): 	at libcore.io.Posix.open(Native Method)
07-14 14:14:52.158 W/System.err(12204): 	at libcore.io.BlockGuardOs.open(BlockGuardOs.java:110)
07-14 14:14:52.158 W/System.err(12204): 	at libcore.io.IoBridge.open(IoBridge.java:393)
07-14 14:14:52.158 W/System.err(12204): 	... 9 more
07-14 14:14:53.440 D/dalvikvm( 2019): GC_FOR_ALLOC freed 262K, 7% free 9927K/10588K, paused 32ms, total 32ms
07-14 14:14:54.971 D/dalvikvm( 2060): GC_CONCURRENT freed 1807K, 28% free 13258K/18220K, paused 10ms+4ms, total 73ms
07-14 14:15:01.580 V/DigitalWidgetViewsFactory(12684): DigitalWidget sets next alarm string to null
07-14 14:15:02.158 W/System.err(12204): java.io.FileNotFoundException: /data/data/com.mgyapp.android/files/.cfp.i: open failed: ENOENT (No such file or directory)
07-14 14:15:02.158 W/System.err(12204): 	at libcore.io.IoBridge.open(IoBridge.java:409)
07-14 14:15:02.158 W/System.err(12204): 	at java.io.FileInputStream.<init>(FileInputStream.java:78)
07-14 14:15:02.158 W/System.err(12204): 	at android.app.ContextImpl.openFileInput(ContextImpl.java:702)
07-14 14:15:02.158 W/System.err(12204): 	at android.content.ContextWrapper.openFileInput(ContextWrapper.java:173)
07-14 14:15:02.158 W/System.err(12204): 	at com.mgyun.shua.jc.c.b(Unknown Source)
07-14 14:15:02.158 W/System.err(12204): 	at com.mgyun.shua.jc.d.a(Unknown Source)
07-14 14:15:02.158 W/System.err(12204): 	at com.mgyun.shua.jc.service.CpWorkServer.onHandleIntent(Unknown Source)
07-14 14:15:02.158 W/System.err(12204): 	at android.app.IntentService$ServiceHandler.handleMessage(IntentService.java:65)
07-14 14:15:02.158 W/System.err(12204): 	at android.os.Handler.dispatchMessage(Handler.java:99)
07-14 14:15:02.158 W/System.err(12204): 	at android.os.Looper.loop(Looper.java:137)
07-14 14:15:02.158 W/System.err(12204): 	at android.os.HandlerThread.run(HandlerThread.java:61)
07-14 14:15:02.158 W/System.err(12204): Caused by: libcore.io.ErrnoException: open failed: ENOENT (No such file or directory)
07-14 14:15:02.166 W/System.err(12204): 	at libcore.io.Posix.open(Native Method)
07-14 14:15:02.166 W/System.err(12204): 	at libcore.io.BlockGuardOs.open(BlockGuardOs.java:110)
07-14 14:15:02.166 W/System.err(12204): 	at libcore.io.IoBridge.open(IoBridge.java:393)
07-14 14:15:02.166 W/System.err(12204): 	... 10 more
07-14 14:15:07.854 D/JOBS    (11415): Thread-436: load factor check. true = (0 < 1)|| (0 * 3 < 0 + 0). consumer thread: true
07-14 14:15:07.854 D/JOBS    (11415): didn't allow me to die, re-running Thread-436
07-14 14:15:07.854 D/JOBS    (11415): re-running consumer Thread-436
07-14 14:15:34.869 D/dalvikvm( 6152): GC_CONCURRENT freed 460K, 8% free 9443K/10240K, paused 6ms+3ms, total 33ms
07-14 14:15:34.869 D/dalvikvm( 6152): WAIT_FOR_CONCURRENT_GC blocked 11ms
07-14 14:15:37.744 W/MountService(  374): getVolumeState(/storage/emulated/0/external_sd): Unknown volume
07-14 14:15:37.752 W/MountService(  374): getVolumeState(/mnt/sdcard-ext): Unknown volume
07-14 14:15:37.752 W/MountService(  374): getVolumeState(/mnt/ext_sdcard): Unknown volume
07-14 14:15:37.752 W/MountService(  374): getVolumeState(/mnt/sdcard2): Unknown volume
07-14 14:15:37.752 W/MountService(  374): getVolumeState(/mnt/emmc): Unknown volume
07-14 14:15:37.752 W/MountService(  374): getVolumeState(/mnt/extSdCard): Unknown volume
07-14 14:15:37.752 W/MountService(  374): getVolumeState(/mnt/sdcard/SD_CARD): Unknown volume
07-14 14:15:37.760 W/MountService(  374): getVolumeState(/mnt/sdcard/extra_sd): Unknown volume
07-14 14:15:37.760 W/MountService(  374): getVolumeState(/mnt/extrasd_bind): Unknown volume
07-14 14:15:37.760 W/MountService(  374): getVolumeState(/mnt/sdcard/ext_sd): Unknown volume
07-14 14:15:37.760 W/MountService(  374): getVolumeState(/storage/extSdCard): Unknown volume
07-14 14:15:37.760 W/MountService(  374): getVolumeState(/storage/sdcard1): Unknown volume
07-14 14:15:37.760 W/MountService(  374): getVolumeState(/mnt/sdcard/external_SD): Unknown volume
07-14 14:15:37.760 W/MountService(  374): getVolumeState(/mnt/sdcard/external_sd): Unknown volume
07-14 14:15:37.838 D/dalvikvm( 6152): GC_CONCURRENT freed 361K, 7% free 9594K/10240K, paused 3ms+4ms, total 26ms
07-14 14:15:37.838 D/dalvikvm( 6152): WAIT_FOR_CONCURRENT_GC blocked 13ms
07-14 14:15:37.838 D/dalvikvm( 6152): WAIT_FOR_CONCURRENT_GC blocked 14ms
07-14 14:15:37.893 D/dalvikvm( 2221): GC_CONCURRENT freed 366K, 6% free 9601K/10164K, paused 3ms+2ms, total 49ms
07-14 14:15:37.948 D/dalvikvm(10533): GC_EXPLICIT freed 228K, 4% free 9183K/9476K, paused 2ms+5ms, total 40ms
07-14 14:15:38.041 W/MountService(  374): getVolumeState(/storage/emulated/0/external_sd): Unknown volume
07-14 14:15:38.041 W/MountService(  374): getVolumeState(/mnt/sdcard-ext): Unknown volume
07-14 14:15:38.041 W/MountService(  374): getVolumeState(/mnt/ext_sdcard): Unknown volume
07-14 14:15:38.041 W/MountService(  374): getVolumeState(/mnt/sdcard2): Unknown volume
07-14 14:15:38.041 W/MountService(  374): getVolumeState(/mnt/emmc): Unknown volume
07-14 14:15:38.049 W/MountService(  374): getVolumeState(/mnt/extSdCard): Unknown volume
07-14 14:15:38.049 W/MountService(  374): getVolumeState(/mnt/sdcard/SD_CARD): Unknown volume
07-14 14:15:38.049 W/MountService(  374): getVolumeState(/mnt/sdcard/extra_sd): Unknown volume
07-14 14:15:38.049 W/MountService(  374): getVolumeState(/mnt/extrasd_bind): Unknown volume
07-14 14:15:38.049 W/MountService(  374): getVolumeState(/mnt/sdcard/ext_sd): Unknown volume
07-14 14:15:38.049 W/MountService(  374): getVolumeState(/storage/extSdCard): Unknown volume
07-14 14:15:38.049 W/MountService(  374): getVolumeState(/storage/sdcard1): Unknown volume
07-14 14:15:38.049 W/MountService(  374): getVolumeState(/mnt/sdcard/external_SD): Unknown volume
07-14 14:15:38.049 W/MountService(  374): getVolumeState(/mnt/sdcard/external_sd): Unknown volume
07-14 14:15:38.088 D/dalvikvm( 6152): GC_CONCURRENT freed 591K, 8% free 9512K/10240K, paused 3ms+4ms, total 32ms
07-14 14:15:42.612 D/MdmService( 3494): [null:-1]->receiver action :com.pekall.mdm.action.MDM_ALARM
07-14 14:15:45.127 W/SystemClock(  563): time going backwards: prev 8683539062493(ioctl) vs now 8683536895731(ioctl), tid=1013
07-14 14:16:37.830 W/MountService(  374): getVolumeState(/storage/emulated/0/external_sd): Unknown volume
07-14 14:16:37.830 W/MountService(  374): getVolumeState(/mnt/sdcard-ext): Unknown volume
07-14 14:16:37.830 W/MountService(  374): getVolumeState(/mnt/ext_sdcard): Unknown volume
07-14 14:16:37.830 W/MountService(  374): getVolumeState(/mnt/sdcard2): Unknown volume
07-14 14:16:37.830 W/MountService(  374): getVolumeState(/mnt/emmc): Unknown volume
07-14 14:16:37.830 W/MountService(  374): getVolumeState(/mnt/extSdCard): Unknown volume
07-14 14:16:37.830 W/MountService(  374): getVolumeState(/mnt/sdcard/SD_CARD): Unknown volume
07-14 14:16:37.830 W/MountService(  374): getVolumeState(/mnt/sdcard/extra_sd): Unknown volume
07-14 14:16:37.838 W/MountService(  374): getVolumeState(/mnt/extrasd_bind): Unknown volume
07-14 14:16:37.838 W/MountService(  374): getVolumeState(/mnt/sdcard/ext_sd): Unknown volume
07-14 14:16:37.838 W/MountService(  374): getVolumeState(/storage/extSdCard): Unknown volume
07-14 14:16:37.838 W/MountService(  374): getVolumeState(/storage/sdcard1): Unknown volume
07-14 14:16:37.838 W/MountService(  374): getVolumeState(/mnt/sdcard/external_SD): Unknown volume
07-14 14:16:37.838 W/MountService(  374): getVolumeState(/mnt/sdcard/external_sd): Unknown volume
