--------- beginning of /dev/log/system
07-11 16:17:49.719 W/MountService(  374): getVolumeState(/mnt/sdcard/extra_sd): Unknown volume
07-11 16:17:49.726 W/MountService(  374): getVolumeState(/mnt/extrasd_bind): Unknown volume
07-11 16:17:49.726 W/MountService(  374): getVolumeState(/mnt/sdcard/ext_sd): Unknown volume
07-11 16:17:49.726 W/MountService(  374): getVolumeState(/storage/extSdCard): Unknown volume
07-11 16:17:49.726 W/MountService(  374): getVolumeState(/storage/sdcard1): Unknown volume
07-11 16:17:49.726 W/MountService(  374): getVolumeState(/mnt/sdcard/external_SD): Unknown volume
07-11 16:17:49.726 W/MountService(  374): getVolumeState(/mnt/sdcard/external_sd): Unknown volume
07-11 16:17:50.008 W/MountService(  374): getVolumeState(/storage/emulated/0/external_sd): Unknown volume
07-11 16:17:50.008 W/MountService(  374): getVolumeState(/mnt/sdcard-ext): Unknown volume
07-11 16:17:50.008 W/MountService(  374): getVolumeState(/mnt/ext_sdcard): Unknown volume
07-11 16:17:50.008 W/MountService(  374): getVolumeState(/mnt/sdcard2): Unknown volume
07-11 16:17:50.008 W/MountService(  374): getVolumeState(/mnt/emmc): Unknown volume
07-11 16:17:50.008 W/MountService(  374): getVolumeState(/mnt/extSdCard): Unknown volume
07-11 16:17:50.008 W/MountService(  374): getVolumeState(/mnt/sdcard/SD_CARD): Unknown volume
07-11 16:17:50.015 W/MountService(  374): getVolumeState(/mnt/sdcard/extra_sd): Unknown volume
07-11 16:17:50.015 W/MountService(  374): getVolumeState(/mnt/extrasd_bind): Unknown volume
07-11 16:17:50.015 W/MountService(  374): getVolumeState(/mnt/sdcard/ext_sd): Unknown volume
07-11 16:17:50.015 W/MountService(  374): getVolumeState(/storage/extSdCard): Unknown volume
07-11 16:17:50.015 W/MountService(  374): getVolumeState(/storage/sdcard1): Unknown volume
07-11 16:17:50.015 W/MountService(  374): getVolumeState(/mnt/sdcard/external_SD): Unknown volume
07-11 16:17:50.015 W/MountService(  374): getVolumeState(/mnt/sdcard/external_sd): Unknown volume
07-11 16:18:40.351 I/ActivityManager(  374): No longer want com.pekall.nmefc (pid 19749): empty for 1800s
07-11 16:18:40.367 W/ActivityManager(  374): Scheduling restart of crashed service com.pekall.nmefc/com.pekall.lib.push.PushService in 5000ms
07-11 16:18:45.390 I/ActivityManager(  374): Start proc com.pekall.nmefc for service com.pekall.nmefc/com.pekall.lib.push.PushService: pid=31146 uid=10068 gids={50068, 1015, 1028, 3003}
07-11 16:18:50.000 W/MountService(  374): getVolumeState(/storage/emulated/0/external_sd): Unknown volume
07-11 16:18:50.000 W/MountService(  374): getVolumeState(/mnt/sdcard-ext): Unknown volume
07-11 16:18:50.000 W/MountService(  374): getVolumeState(/mnt/ext_sdcard): Unknown volume
07-11 16:18:50.000 W/MountService(  374): getVolumeState(/mnt/sdcard2): Unknown volume
07-11 16:18:50.008 W/MountService(  374): getVolumeState(/mnt/emmc): Unknown volume
07-11 16:18:50.008 W/MountService(  374): getVolumeState(/mnt/extSdCard): Unknown volume
07-11 16:18:50.008 W/MountService(  374): getVolumeState(/mnt/sdcard/SD_CARD): Unknown volume
07-11 16:18:50.008 W/MountService(  374): getVolumeState(/mnt/sdcard/extra_sd): Unknown volume
07-11 16:18:50.008 W/MountService(  374): getVolumeState(/mnt/extrasd_bind): Unknown volume
07-11 16:18:50.008 W/MountService(  374): getVolumeState(/mnt/sdcard/ext_sd): Unknown volume
07-11 16:18:50.008 W/MountService(  374): getVolumeState(/storage/extSdCard): Unknown volume
07-11 16:18:50.008 W/MountService(  374): getVolumeState(/storage/sdcard1): Unknown volume
07-11 16:18:50.015 W/MountService(  374): getVolumeState(/mnt/sdcard/external_SD): Unknown volume
07-11 16:18:50.015 W/MountService(  374): getVolumeState(/mnt/sdcard/external_sd): Unknown volume
07-11 16:18:50.226 W/MountService(  374): getVolumeState(/storage/emulated/0/external_sd): Unknown volume
07-11 16:18:50.226 W/MountService(  374): getVolumeState(/mnt/sdcard-ext): Unknown volume
07-11 16:18:50.234 W/MountService(  374): getVolumeState(/mnt/ext_sdcard): Unknown volume
07-11 16:18:50.234 W/MountService(  374): getVolumeState(/mnt/sdcard2): Unknown volume
07-11 16:18:50.234 W/MountService(  374): getVolumeState(/mnt/emmc): Unknown volume
07-11 16:18:50.234 W/MountService(  374): getVolumeState(/mnt/extSdCard): Unknown volume
07-11 16:18:50.234 W/MountService(  374): getVolumeState(/mnt/sdcard/SD_CARD): Unknown volume
07-11 16:18:50.234 W/MountService(  374): getVolumeState(/mnt/sdcard/extra_sd): Unknown volume
07-11 16:18:50.234 W/MountService(  374): getVolumeState(/mnt/extrasd_bind): Unknown volume
07-11 16:18:50.234 W/MountService(  374): getVolumeState(/mnt/sdcard/ext_sd): Unknown volume
07-11 16:18:50.234 W/MountService(  374): getVolumeState(/storage/extSdCard): Unknown volume
07-11 16:18:50.242 W/MountService(  374): getVolumeState(/storage/sdcard1): Unknown volume
07-11 16:18:50.242 W/MountService(  374): getVolumeState(/mnt/sdcard/external_SD): Unknown volume
07-11 16:18:50.242 W/MountService(  374): getVolumeState(/mnt/sdcard/external_sd): Unknown volume
07-11 16:19:50.187 W/MountService(  374): getVolumeState(/storage/emulated/0/external_sd): Unknown volume
07-11 16:19:50.195 W/MountService(  374): getVolumeState(/mnt/sdcard-ext): Unknown volume
07-11 16:19:50.195 W/MountService(  374): getVolumeState(/mnt/ext_sdcard): Unknown volume
07-11 16:19:50.203 W/MountService(  374): getVolumeState(/mnt/sdcard2): Unknown volume
07-11 16:19:50.203 W/MountService(  374): getVolumeState(/mnt/emmc): Unknown volume
07-11 16:19:50.203 W/MountService(  374): getVolumeState(/mnt/extSdCard): Unknown volume
07-11 16:19:50.203 W/MountService(  374): getVolumeState(/mnt/sdcard/SD_CARD): Unknown volume
07-11 16:19:50.203 W/MountService(  374): getVolumeState(/mnt/sdcard/extra_sd): Unknown volume
07-11 16:19:50.211 W/MountService(  374): getVolumeState(/mnt/extrasd_bind): Unknown volume
07-11 16:19:50.211 W/MountService(  374): getVolumeState(/mnt/sdcard/ext_sd): Unknown volume
07-11 16:19:50.211 W/MountService(  374): getVolumeState(/storage/extSdCard): Unknown volume
07-11 16:19:50.219 W/MountService(  374): getVolumeState(/storage/sdcard1): Unknown volume
07-11 16:19:50.219 W/MountService(  374): getVolumeState(/mnt/sdcard/external_SD): Unknown volume
07-11 16:19:50.219 W/MountService(  374): getVolumeState(/mnt/sdcard/external_sd): Unknown volume
07-11 16:19:50.476 W/MountService(  374): getVolumeState(/storage/emulated/0/external_sd): Unknown volume
07-11 16:19:50.476 W/MountService(  374): getVolumeState(/mnt/sdcard-ext): Unknown volume
07-11 16:19:50.476 W/MountService(  374): getVolumeState(/mnt/ext_sdcard): Unknown volume
07-11 16:19:50.476 W/MountService(  374): getVolumeState(/mnt/sdcard2): Unknown volume
07-11 16:19:50.484 W/MountService(  374): getVolumeState(/mnt/emmc): Unknown volume
07-11 16:19:50.484 W/MountService(  374): getVolumeState(/mnt/extSdCard): Unknown volume
07-11 16:19:50.484 W/MountService(  374): getVolumeState(/mnt/sdcard/SD_CARD): Unknown volume
07-11 16:19:50.484 W/MountService(  374): getVolumeState(/mnt/sdcard/extra_sd): Unknown volume
07-11 16:19:50.484 W/MountService(  374): getVolumeState(/mnt/extrasd_bind): Unknown volume
07-11 16:19:50.484 W/MountService(  374): getVolumeState(/mnt/sdcard/ext_sd): Unknown volume
07-11 16:19:50.492 W/MountService(  374): getVolumeState(/storage/extSdCard): Unknown volume
07-11 16:19:50.492 W/MountService(  374): getVolumeState(/storage/sdcard1): Unknown volume
07-11 16:19:50.492 W/MountService(  374): getVolumeState(/mnt/sdcard/external_SD): Unknown volume
07-11 16:19:50.492 W/MountService(  374): getVolumeState(/mnt/sdcard/external_sd): Unknown volume
07-11 16:20:36.398 I/PowerManagerService(  374): Waking up from sleep...
07-11 16:20:36.586 I/WindowManager(  374): Lock screen displayed!
07-11 16:20:37.047 I/ActivityManager(  374): Start proc com.android.providers.calendar for content provider com.android.providers.calendar/.CalendarProvider2: pid=31398 uid=10007 gids={50007, 3003, 1015, 1028}
07-11 16:20:37.547 D/PhoneStatusBar(  450): disable: < expand icons alerts ticker system_info BACK HOME recent* CLOCK search >
07-11 16:20:37.656 D/PhoneStatusBar(  450): disable: < expand icons alerts ticker system_info back* home* recent clock* search >
07-11 16:20:37.664 W/InputMethodManagerService(  374): Window already focused, ignoring focus gain of: com.android.internal.view.IInputMethodClient$Stub$Proxy@4274dc70 attribute=android.view.inputmethod.EditorInfo@4270e000, token = android.os.BinderProxy@42a77c18
07-11 16:20:38.625 I/ActivityManager(  374): Start proc com.google.android.calendar for broadcast com.google.android.calendar/com.android.calendar.alerts.AlertReceiver: pid=31456 uid=10006 gids={50006, 3003, 1028}
07-11 16:20:45.000 D/ConnectivityService(  374): Captive portal check NetworkInfo: type: WIFI[], state: CONNECTING/CAPTIVE_PORTAL_CHECK, reason: (unspecified), extra: "pekall_work", roaming: false, failover: false, isAvailable: true
07-11 16:20:45.015 D/ConnectivityService(  374): ConnectivityChange for WIFI: CONNECTED/CONNECTED
07-11 16:20:45.047 I/ActivityManager(  374): Start proc com.nd.assistance for broadcast com.nd.assistance/.receiver.WifiStateChangeReceiver: pid=31517 uid=10065 gids={50065, 3003, 1015, 1006, 1028}
07-11 16:20:45.054 D/ConnectivityService(  374): handleConnectivityChange: address are the same reset per doReset linkProperty[1]: resetMask=0
07-11 16:20:45.054 D/Nat464Xlat(  374): requiresClat: netType=1, hasIPv4Address=true
07-11 16:20:46.015 D/ConnectivityService(  374): NetTransition Wakelock for ConnectedState released by timeout
07-11 16:20:48.312 I/ActivityManager(  374): Start proc com.google.android.gallery3d for broadcast com.google.android.gallery3d/com.google.android.picasasync.ConnectivityReceiver: pid=31547 uid=10019 gids={50019, 1006, 3003, 1015, 1028}
07-11 16:20:48.640 D/ConnectivityService(  374): handleInetConditionHoldEnd: net=1, condition=100, published condition=0
07-11 16:20:48.719 I/ActivityManager(  374): Start proc com.google.android.apps.uploader for broadcast com.google.android.apps.uploader/com.google.android.picasasync.ConnectivityReceiver: pid=31572 uid=10039 gids={50039, 3003, 1015, 1028}
07-11 16:20:48.836 I/ActivityManager(  374): Start proc com.android.mms for broadcast com.android.mms/.transaction.MmsSystemEventReceiver: pid=31585 uid=10040 gids={50040, 3003, 1015, 1028}
07-11 16:20:48.929 D/CountryDetector(  374): The first listener is added
07-11 16:20:49.047 I/ActivityManager(  374): Start proc com.google.android.apps.plus for broadcast com.google.android.apps.plus/.service.ConnectivityReceiver: pid=31608 uid=10048 gids={50048, 3003, 3002, 1015, 1006, 1028}
07-11 16:20:49.164 I/ActivityManager(  374): No longer want com.google.android.partnersetup (pid 30371): empty #17
07-11 16:20:50.304 W/MountService(  374): getVolumeState(/storage/emulated/0/external_sd): Unknown volume
07-11 16:20:50.304 W/MountService(  374): getVolumeState(/mnt/sdcard-ext): Unknown volume
07-11 16:20:50.304 W/MountService(  374): getVolumeState(/mnt/ext_sdcard): Unknown volume
07-11 16:20:50.312 W/MountService(  374): getVolumeState(/mnt/sdcard2): Unknown volume
07-11 16:20:50.344 W/MountService(  374): getVolumeState(/mnt/emmc): Unknown volume
07-11 16:20:50.344 W/MountService(  374): getVolumeState(/mnt/extSdCard): Unknown volume
07-11 16:20:50.344 W/MountService(  374): getVolumeState(/mnt/sdcard/SD_CARD): Unknown volume
07-11 16:20:50.344 W/MountService(  374): getVolumeState(/mnt/sdcard/extra_sd): Unknown volume
07-11 16:20:50.344 W/MountService(  374): getVolumeState(/mnt/extrasd_bind): Unknown volume
07-11 16:20:50.351 W/MountService(  374): getVolumeState(/mnt/sdcard/ext_sd): Unknown volume
07-11 16:20:50.351 W/MountService(  374): getVolumeState(/storage/extSdCard): Unknown volume
07-11 16:20:50.351 W/MountService(  374): getVolumeState(/storage/sdcard1): Unknown volume
07-11 16:20:50.351 W/MountService(  374): getVolumeState(/mnt/sdcard/external_SD): Unknown volume
07-11 16:20:50.351 W/MountService(  374): getVolumeState(/mnt/sdcard/external_sd): Unknown volume
07-11 16:20:50.734 W/MountService(  374): getVolumeState(/storage/emulated/0/external_sd): Unknown volume
07-11 16:20:50.734 W/MountService(  374): getVolumeState(/mnt/sdcard-ext): Unknown volume
07-11 16:20:50.734 W/MountService(  374): getVolumeState(/mnt/ext_sdcard): Unknown volume
07-11 16:20:50.742 W/MountService(  374): getVolumeState(/mnt/sdcard2): Unknown volume
07-11 16:20:50.742 W/MountService(  374): getVolumeState(/mnt/emmc): Unknown volume
07-11 16:20:50.742 W/MountService(  374): getVolumeState(/mnt/extSdCard): Unknown volume
07-11 16:20:50.742 W/MountService(  374): getVolumeState(/mnt/sdcard/SD_CARD): Unknown volume
07-11 16:20:50.742 W/MountService(  374): getVolumeState(/mnt/sdcard/extra_sd): Unknown volume
07-11 16:20:50.750 W/MountService(  374): getVolumeState(/mnt/extrasd_bind): Unknown volume
07-11 16:20:50.750 W/MountService(  374): getVolumeState(/mnt/sdcard/ext_sd): Unknown volume
07-11 16:20:50.750 W/MountService(  374): getVolumeState(/storage/extSdCard): Unknown volume
07-11 16:20:50.750 W/MountService(  374): getVolumeState(/storage/sdcard1): Unknown volume
07-11 16:20:50.750 W/MountService(  374): getVolumeState(/mnt/sdcard/external_SD): Unknown volume
07-11 16:20:50.750 W/MountService(  374): getVolumeState(/mnt/sdcard/external_sd): Unknown volume
07-11 16:20:51.273 I/ActivityManager(  374): No longer want com.noshufou.android.su (pid 30450): empty #17
07-11 16:20:51.312 I/ActivityManager(  374): Start proc com.google.android.youtube for broadcast com.google.android.youtube/.app.prefetch.PrefetchService$DeviceStateReceiver: pid=31634 uid=10062 gids={50062, 3003, 1015, 1006, 1028}
07-11 16:20:52.172 I/ActivityManager(  374): No longer want com.google.android.gsf.login (pid 30477): empty #17
07-11 16:20:53.672 W/ActivityManager(  374): Unable to start service Intent { act=com.google.android.gms.analytics.service.START (has extras) } U=0: not found
07-11 16:20:58.531 W/BackupManagerService(  374): dataChanged but no participant pkg='com.android.providers.settings' uid=10079
07-11 16:20:58.562 W/BackupManagerService(  374): dataChanged but no participant pkg='com.android.providers.settings' uid=10079
07-11 16:20:58.672 W/BackupManagerService(  374): dataChanged but no participant pkg='com.android.providers.settings' uid=10079
07-11 16:20:58.679 W/ActivityManager(  374): Unable to start service Intent { act=com.google.android.gms.analytics.service.START (has extras) } U=0: not found
07-11 16:21:10.226 I/PowerManagerService(  374): Going to sleep due to screen timeout...
07-11 16:21:12.726 I/ActivityManager(  374): START u0 {act=android.intent.action.DELETE dat=package:by.game.binumbers flg=0x10000000 cmp=com.android.packageinstaller/.UninstallerActivity} from pid 3259
07-11 16:21:13.156 I/ActivityManager(  374): Process android.process.acore (pid 30763) has died.
07-11 16:21:16.094 I/ActivityManager(  374): Start proc com.google.android.deskclock for service com.google.android.deskclock/com.android.alarmclock.DigitalAppWidgetService: pid=31744 uid=10013 gids={50013, 1028}
07-11 16:21:16.281 D/PhoneStatusBar(  450): disable: < expand icons alerts ticker system_info back home RECENT* clock search >
07-11 16:21:16.336 I/ActivityManager(  374): Process com.google.android.googlequicksearchbox (pid 30339) has died.
07-11 16:21:16.476 D/PhoneStatusBar(  450): disable: < expand icons alerts ticker system_info BACK* HOME* RECENT CLOCK* search >
07-11 16:21:16.726 I/ActivityManager(  374): Process com.google.android.gallery3d (pid 31547) has died.
07-11 16:21:24.273 I/PowerManagerService(  374): Waking up from sleep...
07-11 16:21:24.383 I/WindowManager(  374): Lock screen displayed!
07-11 16:21:26.594 D/PhoneStatusBar(  450): disable: < expand icons alerts ticker system_info BACK HOME recent* CLOCK search >
07-11 16:21:26.672 D/PhoneStatusBar(  450): disable: < expand icons alerts ticker system_info back* home* recent clock* search >
07-11 16:21:26.679 W/InputMethodManagerService(  374): Window already focused, ignoring focus gain of: com.android.internal.view.IInputMethodClient$Stub$Proxy@42737460 attribute=null, token = android.os.BinderProxy@42355018
07-11 16:21:28.125 I/ActivityManager(  374): START u0 {act=android.intent.action.VIEW cmp=com.android.packageinstaller/.UninstallAppProgress (has extras)} from pid 28448
07-11 16:21:28.398 I/ActivityManager(  374): Force stopping package by.game.binumbers appid=10083 user=-1
07-11 16:21:28.422 W/PackageManager(  374): Couldn't delete native library directory /data/app-lib/by.game.binumbers
07-11 16:21:28.609 I/ActivityManager(  374): Force stopping package by.game.binumbers appid=10083 user=0
07-11 16:21:29.070 W/BackupManagerService(  374): dataChanged but no participant pkg='com.android.providers.settings' uid=10079
07-11 16:21:29.484 D/BackupManagerService(  374): Received broadcast Intent { act=android.intent.action.PACKAGE_REMOVED dat=package:by.game.binumbers flg=0x8000010 (has extras) }
07-11 16:21:29.484 V/BackupManagerService(  374): removePackageParticipantsLocked: uid=10083 #1
07-11 16:21:29.617 W/BackupManagerService(  374): dataChanged but no participant pkg='com.android.providers.settings' uid=10079
07-11 16:21:29.672 I/ActivityManager(  374): Start proc android.process.acore for broadcast com.android.providers.contacts/.PackageIntentReceiver: pid=31860 uid=10000 gids={50000, 3003, 1015, 1028}
07-11 16:21:29.976 I/ActivityManager(  374): Start proc com.google.android.gallery3d for broadcast com.google.android.gallery3d/com.android.gallery3d.app.PackagesMonitor: pid=31877 uid=10019 gids={50019, 1006, 3003, 1015, 1028}
07-11 16:21:30.476 I/ActivityManager(  374): Start proc com.android.keychain for broadcast com.android.keychain/.KeyChainBroadcastReceiver: pid=31900 uid=1000 gids={41000, 1015, 1028, 3002, 3001, 3003, 3007}
07-11 16:21:30.531 I/ActivityManager(  374): Process com.google.android.apps.plus (pid 31608) has died.
07-11 16:21:30.570 W/ContextImpl(31900): Calling a method in the system process without a qualified user: android.app.ContextImpl.startService:1385 android.content.ContextWrapper.startService:473 android.content.ContextWrapper.startService:473 com.android.keychain.KeyChainBroadcastReceiver.onReceive:12 android.app.ActivityThread.handleReceiver:2424 
07-11 16:21:30.703 I/ActivityManager(  374): Start proc com.android.musicfx for broadcast com.android.musicfx/.Compatibility$Receiver: pid=31914 uid=10042 gids={50042, 3003, 3002, 1028}
07-11 16:21:30.914 I/ActivityManager(  374): Start proc com.google.android.apps.plus for broadcast com.google.android.apps.plus/.service.PackagesMediaMonitor: pid=31929 uid=10048 gids={50048, 3003, 3002, 1015, 1006, 1028}
07-11 16:21:32.578 I/ActivityManager(  374): Process com.google.android.gms (pid 30312) has died.
07-11 16:21:33.453 I/ActivityManager(  374): Start proc com.google.android.gms for broadcast com.google.android.gms/.games.receiver.GamesSystemBroadcastReceiver: pid=31958 uid=10009 gids={50009, 3003, 1007, 1028, 1015, 1006, 2001, 3006}
07-11 16:21:33.828 I/ActivityManager(  374): Start proc com.google.android.googlequicksearchbox for broadcast com.google.android.googlequicksearchbox/com.google.android.apps.sidekick.GmmLocationProviderImpl$GmmPackageWatcher: pid=31985 uid=10056 gids={50056, 3003, 1028, 1007, 3002, 1015}
07-11 16:21:33.914 I/ActivityManager(  374): Process android.process.acore (pid 31860) has died.
07-11 16:21:34.078 I/ActivityManager(  374): Start proc com.google.android.partnersetup for content provider com.google.android.partnersetup/.RlzAppProvider: pid=32005 uid=10027 gids={50027, 3003, 1028}
07-11 16:21:34.281 I/ActivityManager(  374): No longer want com.google.android.calendar (pid 31456): empty #17
07-11 16:21:34.648 I/ActivityManager(  374): Start proc com.noshufou.android.su for broadcast com.noshufou.android.su/.UninstallReceiver: pid=32079 uid=10077 gids={50077, 3003, 1015, 1028}
07-11 16:21:34.734 I/ActivityManager(  374): Process com.google.android.gallery3d (pid 31877) has died.
07-11 16:21:34.789 I/ActivityManager(  374): Start proc com.qihoo.root for broadcast com.qihoo.root/.UninstallReceiver: pid=32094 uid=10078 gids={50078, 1015, 3003, 1028}
07-11 16:21:34.797 I/ActivityManager(  374): No longer want com.nd.assistance (pid 31517): empty #17
07-11 16:21:34.914 I/ActivityManager(  374): No longer want com.google.android.apps.uploader (pid 31572): empty #17
07-11 16:21:35.000 I/ActivityManager(  374): Start proc com.google.android.gsf.login for service com.google.android.gms/.recovery.AccountRecoveryBackgroundService: pid=32112 uid=10009 gids={50009, 3003, 1007, 1028, 1015, 1006, 2001, 3006}
07-11 16:21:35.179 I/ActivityManager(  374): No longer want com.google.android.youtube (pid 31634): empty #17
07-11 16:21:35.234 I/ActivityManager(  374): No longer want com.android.mms (pid 31585): empty #17
07-11 16:21:35.250 D/CountryDetector(  374): No listener is left
07-11 16:21:39.281 W/ActivityManager(  374): Unable to start service Intent { act=com.google.android.gms.analytics.service.START (has extras) } U=0: not found
07-11 16:21:44.281 W/ActivityManager(  374): Unable to start service Intent { act=com.google.android.gms.analytics.service.START (has extras) } U=0: not found
07-11 16:21:50.492 W/MountService(  374): getVolumeState(/storage/emulated/0/external_sd): Unknown volume
07-11 16:21:50.500 W/MountService(  374): getVolumeState(/mnt/sdcard-ext): Unknown volume
07-11 16:21:50.500 W/MountService(  374): getVolumeState(/mnt/ext_sdcard): Unknown volume
07-11 16:21:50.500 W/MountService(  374): getVolumeState(/mnt/sdcard2): Unknown volume
07-11 16:21:50.500 W/MountService(  374): getVolumeState(/mnt/emmc): Unknown volume
07-11 16:21:50.508 W/MountService(  374): getVolumeState(/mnt/extSdCard): Unknown volume
07-11 16:21:50.508 W/MountService(  374): getVolumeState(/mnt/sdcard/SD_CARD): Unknown volume
07-11 16:21:50.508 W/MountService(  374): getVolumeState(/mnt/sdcard/extra_sd): Unknown volume
07-11 16:21:50.508 W/MountService(  374): getVolumeState(/mnt/extrasd_bind): Unknown volume
07-11 16:21:50.508 W/MountService(  374): getVolumeState(/mnt/sdcard/ext_sd): Unknown volume
07-11 16:21:50.515 W/MountService(  374): getVolumeState(/storage/extSdCard): Unknown volume
07-11 16:21:50.515 W/MountService(  374): getVolumeState(/storage/sdcard1): Unknown volume
07-11 16:21:50.515 W/MountService(  374): getVolumeState(/mnt/sdcard/external_SD): Unknown volume
07-11 16:21:50.515 W/MountService(  374): getVolumeState(/mnt/sdcard/external_sd): Unknown volume
07-11 16:21:50.625 I/ActivityManager(  374): Start proc android.process.acore for content provider com.android.providers.contacts/.ContactsProvider2: pid=32273 uid=10000 gids={50000, 3003, 1015, 1028}
07-11 16:21:51.672 W/MountService(  374): getVolumeState(/storage/emulated/0/external_sd): Unknown volume
07-11 16:21:51.679 W/MountService(  374): getVolumeState(/mnt/sdcard-ext): Unknown volume
07-11 16:21:51.679 W/MountService(  374): getVolumeState(/mnt/ext_sdcard): Unknown volume
07-11 16:21:51.687 W/MountService(  374): getVolumeState(/mnt/sdcard2): Unknown volume
07-11 16:21:51.687 W/MountService(  374): getVolumeState(/mnt/emmc): Unknown volume
07-11 16:21:51.687 W/MountService(  374): getVolumeState(/mnt/extSdCard): Unknown volume
07-11 16:21:51.695 W/MountService(  374): getVolumeState(/mnt/sdcard/SD_CARD): Unknown volume
07-11 16:21:51.695 W/MountService(  374): getVolumeState(/mnt/sdcard/extra_sd): Unknown volume
07-11 16:21:51.695 W/MountService(  374): getVolumeState(/mnt/extrasd_bind): Unknown volume
07-11 16:21:51.695 W/MountService(  374): getVolumeState(/mnt/sdcard/ext_sd): Unknown volume
07-11 16:21:51.695 W/MountService(  374): getVolumeState(/storage/extSdCard): Unknown volume
07-11 16:21:51.703 W/MountService(  374): getVolumeState(/storage/sdcard1): Unknown volume
07-11 16:21:51.703 W/MountService(  374): getVolumeState(/mnt/sdcard/external_SD): Unknown volume
07-11 16:21:51.703 W/MountService(  374): getVolumeState(/mnt/sdcard/external_sd): Unknown volume
07-11 16:21:53.937 I/ActivityManager(  374): No longer want com.qihoo.daemon (pid 30248): empty #17
07-11 16:21:53.953 W/ActivityManager(  374): Scheduling restart of crashed service com.qihoo.appstore/com.qihoo.express.mini.service.DaemonCoreService in 5000ms
07-11 16:21:53.953 W/ActivityManager(  374): Scheduling restart of crashed service com.qihoo.appstore/com.qihoo360.mobilesafe.pcdaemon.service.DaemonService in 14999ms
07-11 16:21:54.984 I/ActivityManager(  374): Start proc com.qihoo.daemon for service com.qihoo.appstore/com.qihoo360.mobilesafe.pcdaemon.service.DaemonService: pid=32313 uid=10064 gids={50064, 3003, 1015, 3002, 1006, 3001, 1028}
07-11 16:22:01.445 I/ActivityManager(  374): START u0 {act=com.qihoo360.daemon.pcdaemon.ACTION_START_OPERATE_AUTHOR flg=0x10000000 cmp=com.qihoo.appstore/com.qihoo.express.mini.activity.PCLinkConfirmDialogActivity (has extras)} from pid 32313
07-11 16:22:01.672 W/InputMethodManagerService(  374): Window already focused, ignoring focus gain of: com.android.internal.view.IInputMethodClient$Stub$Proxy@42cf07e8 attribute=null, token = android.os.BinderProxy@42c9a5d0
07-11 16:22:01.734 I/ActivityManager(  374): No longer want com.google.android.deskclock (pid 31744): empty #17
07-11 16:22:04.383 I/ActivityManager(  374): No longer want com.android.providers.calendar (pid 31398): empty #17
07-11 16:22:05.336 I/PowerManagerService(  374): Going to sleep due to screen timeout...
07-11 16:22:11.211 I/ActivityManager(  374): Start proc com.google.android.deskclock for service com.google.android.deskclock/com.android.alarmclock.DigitalAppWidgetService: pid=32466 uid=10013 gids={50013, 1028}
07-11 16:22:11.445 D/PhoneStatusBar(  450): disable: < expand icons alerts ticker system_info back home RECENT* clock search >
07-11 16:22:11.633 D/PhoneStatusBar(  450): disable: < expand icons alerts ticker system_info BACK* HOME* RECENT CLOCK* search >
07-11 16:22:12.492 W/ProcessStats(  374): Skipping unknown process pid 32481
07-11 16:22:16.422 I/ActivityManager(  374): No longer want com.mgyapp.android (pid 15128): empty #17
07-11 16:22:16.445 W/ActivityManager(  374): Scheduling restart of crashed service com.mgyapp.android/.service.AppService in 5000ms
07-11 16:22:21.469 I/ActivityManager(  374): Start proc com.mgyapp.android for service com.mgyapp.android/.service.AppService: pid=32501 uid=10079 gids={50079, 3003, 1015, 1028, 3002, 1006}
07-11 16:22:23.109 W/BackupManagerService(  374): dataChanged but no participant pkg='com.android.providers.settings' uid=10079
07-11 16:22:50.750 W/MountService(  374): getVolumeState(/storage/emulated/0/external_sd): Unknown volume
07-11 16:22:50.750 W/MountService(  374): getVolumeState(/mnt/sdcard-ext): Unknown volume
07-11 16:22:50.750 W/MountService(  374): getVolumeState(/mnt/ext_sdcard): Unknown volume
07-11 16:22:50.750 W/MountService(  374): getVolumeState(/mnt/sdcard2): Unknown volume
07-11 16:22:50.750 W/MountService(  374): getVolumeState(/mnt/emmc): Unknown volume
07-11 16:22:50.750 W/MountService(  374): getVolumeState(/mnt/extSdCard): Unknown volume
07-11 16:22:50.750 W/MountService(  374): getVolumeState(/mnt/sdcard/SD_CARD): Unknown volume
07-11 16:22:50.758 W/MountService(  374): getVolumeState(/mnt/sdcard/extra_sd): Unknown volume
07-11 16:22:50.758 W/MountService(  374): getVolumeState(/mnt/extrasd_bind): Unknown volume
07-11 16:22:50.758 W/MountService(  374): getVolumeState(/mnt/sdcard/ext_sd): Unknown volume
07-11 16:22:50.758 W/MountService(  374): getVolumeState(/storage/extSdCard): Unknown volume
07-11 16:22:50.758 W/MountService(  374): getVolumeState(/storage/sdcard1): Unknown volume
07-11 16:22:50.758 W/MountService(  374): getVolumeState(/mnt/sdcard/external_SD): Unknown volume
07-11 16:22:50.765 W/MountService(  374): getVolumeState(/mnt/sdcard/external_sd): Unknown volume
07-11 16:22:51.047 W/MountService(  374): getVolumeState(/storage/emulated/0/external_sd): Unknown volume
07-11 16:22:51.047 W/MountService(  374): getVolumeState(/mnt/sdcard-ext): Unknown volume
07-11 16:22:51.047 W/MountService(  374): getVolumeState(/mnt/ext_sdcard): Unknown volume
07-11 16:22:51.054 W/MountService(  374): getVolumeState(/mnt/sdcard2): Unknown volume
07-11 16:22:51.054 W/MountService(  374): getVolumeState(/mnt/emmc): Unknown volume
07-11 16:22:51.054 W/MountService(  374): getVolumeState(/mnt/extSdCard): Unknown volume
07-11 16:22:51.054 W/MountService(  374): getVolumeState(/mnt/sdcard/SD_CARD): Unknown volume
07-11 16:22:51.054 W/MountService(  374): getVolumeState(/mnt/sdcard/extra_sd): Unknown volume
07-11 16:22:51.062 W/MountService(  374): getVolumeState(/mnt/extrasd_bind): Unknown volume
07-11 16:22:51.062 W/MountService(  374): getVolumeState(/mnt/sdcard/ext_sd): Unknown volume
07-11 16:22:51.062 W/MountService(  374): getVolumeState(/storage/extSdCard): Unknown volume
07-11 16:22:51.062 W/MountService(  374): getVolumeState(/storage/sdcard1): Unknown volume
07-11 16:22:51.062 W/MountService(  374): getVolumeState(/mnt/sdcard/external_SD): Unknown volume
07-11 16:22:51.062 W/MountService(  374): getVolumeState(/mnt/sdcard/external_sd): Unknown volume
07-11 16:23:50.859 W/MountService(  374): getVolumeState(/storage/emulated/0/external_sd): Unknown volume
07-11 16:23:50.859 W/MountService(  374): getVolumeState(/mnt/sdcard-ext): Unknown volume
07-11 16:23:50.859 W/MountService(  374): getVolumeState(/mnt/ext_sdcard): Unknown volume
07-11 16:23:50.859 W/MountService(  374): getVolumeState(/mnt/sdcard2): Unknown volume
07-11 16:23:50.867 W/MountService(  374): getVolumeState(/mnt/emmc): Unknown volume
07-11 16:23:50.867 W/MountService(  374): getVolumeState(/mnt/extSdCard): Unknown volume
07-11 16:23:50.867 W/MountService(  374): getVolumeState(/mnt/sdcard/SD_CARD): Unknown volume
07-11 16:23:50.867 W/MountService(  374): getVolumeState(/mnt/sdcard/extra_sd): Unknown volume
07-11 16:23:50.867 W/MountService(  374): getVolumeState(/mnt/extrasd_bind): Unknown volume
07-11 16:23:50.867 W/MountService(  374): getVolumeState(/mnt/sdcard/ext_sd): Unknown volume
07-11 16:23:50.875 W/MountService(  374): getVolumeState(/storage/extSdCard): Unknown volume
07-11 16:23:50.875 W/MountService(  374): getVolumeState(/storage/sdcard1): Unknown volume
07-11 16:23:50.875 W/MountService(  374): getVolumeState(/mnt/sdcard/external_SD): Unknown volume
07-11 16:23:50.875 W/MountService(  374): getVolumeState(/mnt/sdcard/external_sd): Unknown volume
07-11 16:23:51.172 W/MountService(  374): getVolumeState(/storage/emulated/0/external_sd): Unknown volume
07-11 16:23:51.172 W/MountService(  374): getVolumeState(/mnt/sdcard-ext): Unknown volume
07-11 16:23:51.172 W/MountService(  374): getVolumeState(/mnt/ext_sdcard): Unknown volume
07-11 16:23:51.172 W/MountService(  374): getVolumeState(/mnt/sdcard2): Unknown volume
07-11 16:23:51.172 W/MountService(  374): getVolumeState(/mnt/emmc): Unknown volume
07-11 16:23:51.172 W/MountService(  374): getVolumeState(/mnt/extSdCard): Unknown volume
07-11 16:23:51.179 W/MountService(  374): getVolumeState(/mnt/sdcard/SD_CARD): Unknown volume
07-11 16:23:51.179 W/MountService(  374): getVolumeState(/mnt/sdcard/extra_sd): Unknown volume
07-11 16:23:51.179 W/MountService(  374): getVolumeState(/mnt/extrasd_bind): Unknown volume
07-11 16:23:51.179 W/MountService(  374): getVolumeState(/mnt/sdcard/ext_sd): Unknown volume
07-11 16:23:51.179 W/MountService(  374): getVolumeState(/storage/extSdCard): Unknown volume
07-11 16:23:51.179 W/MountService(  374): getVolumeState(/storage/sdcard1): Unknown volume
07-11 16:23:51.187 W/MountService(  374): getVolumeState(/mnt/sdcard/external_SD): Unknown volume
07-11 16:23:51.187 W/MountService(  374): getVolumeState(/mnt/sdcard/external_sd): Unknown volume
07-11 16:24:51.086 W/MountService(  374): getVolumeState(/storage/emulated/0/external_sd): Unknown volume
07-11 16:24:51.086 W/MountService(  374): getVolumeState(/mnt/sdcard-ext): Unknown volume
07-11 16:24:51.094 W/MountService(  374): getVolumeState(/mnt/ext_sdcard): Unknown volume
07-11 16:24:51.094 W/MountService(  374): getVolumeState(/mnt/sdcard2): Unknown volume
07-11 16:24:51.094 W/MountService(  374): getVolumeState(/mnt/emmc): Unknown volume
07-11 16:24:51.094 W/MountService(  374): getVolumeState(/mnt/extSdCard): Unknown volume
07-11 16:24:51.094 W/MountService(  374): getVolumeState(/mnt/sdcard/SD_CARD): Unknown volume
07-11 16:24:51.094 W/MountService(  374): getVolumeState(/mnt/sdcard/extra_sd): Unknown volume
07-11 16:24:51.094 W/MountService(  374): getVolumeState(/mnt/extrasd_bind): Unknown volume
07-11 16:24:51.094 W/MountService(  374): getVolumeState(/mnt/sdcard/ext_sd): Unknown volume
07-11 16:24:51.094 W/MountService(  374): getVolumeState(/storage/extSdCard): Unknown volume
07-11 16:24:51.094 W/MountService(  374): getVolumeState(/storage/sdcard1): Unknown volume
07-11 16:24:51.101 W/MountService(  374): getVolumeState(/mnt/sdcard/external_SD): Unknown volume
07-11 16:24:51.101 W/MountService(  374): getVolumeState(/mnt/sdcard/external_sd): Unknown volume
07-11 16:24:51.351 W/MountService(  374): getVolumeState(/storage/emulated/0/external_sd): Unknown volume
07-11 16:24:51.351 W/MountService(  374): getVolumeState(/mnt/sdcard-ext): Unknown volume
07-11 16:24:51.351 W/MountService(  374): getVolumeState(/mnt/ext_sdcard): Unknown volume
07-11 16:24:51.351 W/MountService(  374): getVolumeState(/mnt/sdcard2): Unknown volume
07-11 16:24:51.359 W/MountService(  374): getVolumeState(/mnt/emmc): Unknown volume
07-11 16:24:51.359 W/MountService(  374): getVolumeState(/mnt/extSdCard): Unknown volume
07-11 16:24:51.359 W/MountService(  374): getVolumeState(/mnt/sdcard/SD_CARD): Unknown volume
07-11 16:24:51.359 W/MountService(  374): getVolumeState(/mnt/sdcard/extra_sd): Unknown volume
07-11 16:24:51.359 W/MountService(  374): getVolumeState(/mnt/extrasd_bind): Unknown volume
07-11 16:24:51.359 W/MountService(  374): getVolumeState(/mnt/sdcard/ext_sd): Unknown volume
07-11 16:24:51.367 W/MountService(  374): getVolumeState(/storage/extSdCard): Unknown volume
07-11 16:24:51.367 W/MountService(  374): getVolumeState(/storage/sdcard1): Unknown volume
07-11 16:24:51.367 W/MountService(  374): getVolumeState(/mnt/sdcard/external_SD): Unknown volume
07-11 16:24:51.367 W/MountService(  374): getVolumeState(/mnt/sdcard/external_sd): Unknown volume
07-11 16:25:51.304 W/MountService(  374): getVolumeState(/storage/emulated/0/external_sd): Unknown volume
07-11 16:25:51.304 W/MountService(  374): getVolumeState(/mnt/sdcard-ext): Unknown volume
07-11 16:25:51.304 W/MountService(  374): getVolumeState(/mnt/ext_sdcard): Unknown volume
07-11 16:25:51.312 W/MountService(  374): getVolumeState(/mnt/sdcard2): Unknown volume
07-11 16:25:51.312 W/MountService(  374): getVolumeState(/mnt/emmc): Unknown volume
07-11 16:25:51.312 W/MountService(  374): getVolumeState(/mnt/extSdCard): Unknown volume
07-11 16:25:51.312 W/MountService(  374): getVolumeState(/mnt/sdcard/SD_CARD): Unknown volume
07-11 16:25:51.312 W/MountService(  374): getVolumeState(/mnt/sdcard/extra_sd): Unknown volume
07-11 16:25:51.312 W/MountService(  374): getVolumeState(/mnt/extrasd_bind): Unknown volume
07-11 16:25:51.312 W/MountService(  374): getVolumeState(/mnt/sdcard/ext_sd): Unknown volume
07-11 16:25:51.312 W/MountService(  374): getVolumeState(/storage/extSdCard): Unknown volume
07-11 16:25:51.312 W/MountService(  374): getVolumeState(/storage/sdcard1): Unknown volume
07-11 16:25:51.312 W/MountService(  374): getVolumeState(/mnt/sdcard/external_SD): Unknown volume
07-11 16:25:51.320 W/MountService(  374): getVolumeState(/mnt/sdcard/external_sd): Unknown volume
07-11 16:25:51.594 W/MountService(  374): getVolumeState(/storage/emulated/0/external_sd): Unknown volume
07-11 16:25:51.601 W/MountService(  374): getVolumeState(/mnt/sdcard-ext): Unknown volume
07-11 16:25:51.601 W/MountService(  374): getVolumeState(/mnt/ext_sdcard): Unknown volume
07-11 16:25:51.601 W/MountService(  374): getVolumeState(/mnt/sdcard2): Unknown volume
07-11 16:25:51.601 W/MountService(  374): getVolumeState(/mnt/emmc): Unknown volume
07-11 16:25:51.601 W/MountService(  374): getVolumeState(/mnt/extSdCard): Unknown volume
07-11 16:25:51.601 W/MountService(  374): getVolumeState(/mnt/sdcard/SD_CARD): Unknown volume
07-11 16:25:51.601 W/MountService(  374): getVolumeState(/mnt/sdcard/extra_sd): Unknown volume
07-11 16:25:51.609 W/MountService(  374): getVolumeState(/mnt/extrasd_bind): Unknown volume
07-11 16:25:51.609 W/MountService(  374): getVolumeState(/mnt/sdcard/ext_sd): Unknown volume
07-11 16:25:51.609 W/MountService(  374): getVolumeState(/storage/extSdCard): Unknown volume
07-11 16:25:51.609 W/MountService(  374): getVolumeState(/storage/sdcard1): Unknown volume
07-11 16:25:51.609 W/MountService(  374): getVolumeState(/mnt/sdcard/external_SD): Unknown volume
07-11 16:25:51.609 W/MountService(  374): getVolumeState(/mnt/sdcard/external_sd): Unknown volume
07-11 16:26:51.469 W/MountService(  374): getVolumeState(/storage/emulated/0/external_sd): Unknown volume
07-11 16:26:51.469 W/MountService(  374): getVolumeState(/mnt/sdcard-ext): Unknown volume
07-11 16:26:51.476 W/MountService(  374): getVolumeState(/mnt/ext_sdcard): Unknown volume
07-11 16:26:51.476 W/MountService(  374): getVolumeState(/mnt/sdcard2): Unknown volume
07-11 16:26:51.476 W/MountService(  374): getVolumeState(/mnt/emmc): Unknown volume
07-11 16:26:51.476 W/MountService(  374): getVolumeState(/mnt/extSdCard): Unknown volume
07-11 16:26:51.476 W/MountService(  374): getVolumeState(/mnt/sdcard/SD_CARD): Unknown volume
07-11 16:26:51.476 W/MountService(  374): getVolumeState(/mnt/sdcard/extra_sd): Unknown volume
07-11 16:26:51.476 W/MountService(  374): getVolumeState(/mnt/extrasd_bind): Unknown volume
07-11 16:26:51.484 W/MountService(  374): getVolumeState(/mnt/sdcard/ext_sd): Unknown volume
07-11 16:26:51.484 W/MountService(  374): getVolumeState(/storage/extSdCard): Unknown volume
07-11 16:26:51.484 W/MountService(  374): getVolumeState(/storage/sdcard1): Unknown volume
07-11 16:26:51.484 W/MountService(  374): getVolumeState(/mnt/sdcard/external_SD): Unknown volume
07-11 16:26:51.484 W/MountService(  374): getVolumeState(/mnt/sdcard/external_sd): Unknown volume
07-11 16:26:51.781 W/MountService(  374): getVolumeState(/storage/emulated/0/external_sd): Unknown volume
07-11 16:26:51.781 W/MountService(  374): getVolumeState(/mnt/sdcard-ext): Unknown volume
07-11 16:26:51.781 W/MountService(  374): getVolumeState(/mnt/ext_sdcard): Unknown volume
07-11 16:26:51.781 W/MountService(  374): getVolumeState(/mnt/sdcard2): Unknown volume
07-11 16:26:51.781 W/MountService(  374): getVolumeState(/mnt/emmc): Unknown volume
07-11 16:26:51.789 W/MountService(  374): getVolumeState(/mnt/extSdCard): Unknown volume
07-11 16:26:51.789 W/MountService(  374): getVolumeState(/mnt/sdcard/SD_CARD): Unknown volume
07-11 16:26:51.789 W/MountService(  374): getVolumeState(/mnt/sdcard/extra_sd): Unknown volume
07-11 16:26:51.789 W/MountService(  374): getVolumeState(/mnt/extrasd_bind): Unknown volume
07-11 16:26:51.789 W/MountService(  374): getVolumeState(/mnt/sdcard/ext_sd): Unknown volume
07-11 16:26:51.789 W/MountService(  374): getVolumeState(/storage/extSdCard): Unknown volume
07-11 16:26:51.789 W/MountService(  374): getVolumeState(/storage/sdcard1): Unknown volume
07-11 16:26:51.789 W/MountService(  374): getVolumeState(/mnt/sdcard/external_SD): Unknown volume
07-11 16:26:51.789 W/MountService(  374): getVolumeState(/mnt/sdcard/external_sd): Unknown volume
07-11 16:27:17.383 I/ActivityManager(  374): No longer want com.google.android.apps.maps:GoogleLocationService (pid 21060): empty for 1801s
07-11 16:27:17.390 W/ActivityManager(  374): Scheduling restart of crashed service com.google.android.apps.maps/com.google.android.location.internal.server.GoogleLocationService in 5000ms
07-11 16:27:22.414 I/ActivityManager(  374): Start proc com.google.android.apps.maps:GoogleLocationService for service com.google.android.apps.maps/com.google.android.location.internal.server.GoogleLocationService: pid=1011 uid=10038 gids={50038, 3003, 1015, 1028}
07-11 16:27:23.429 I/ActivityManager(  374): Start proc com.google.android.apps.maps:FriendService for broadcast com.google.android.apps.maps/com.google.googlenav.friend.android.ServiceReceiver: pid=1037 uid=10038 gids={50038, 3003, 1015, 1028}
07-11 16:27:23.601 W/ActivityManager(  374): Permission denied: checkComponentPermission() owningUid=10009
07-11 16:27:23.601 W/BroadcastQueue(  374): Permission Denial: broadcasting Intent { act=com.google.android.location.internal.server.ACTION_RESTARTED flg=0x10 } from com.google.android.apps.maps (pid=1011, uid=10038) is not exported from uid 10009 due to receiver com.google.android.gms/com.google.android.location.reporting.service.ExternalChangeReceiver
07-11 16:27:23.601 I/ActivityManager(  374): No longer want com.android.packageinstaller (pid 28448): empty #17
07-11 16:27:23.633 I/ActivityManager(  374): Start proc com.google.android.apps.maps:LocationFriendService for broadcast com.google.android.apps.maps/com.google.googlenav.friend.reporting.LocationReportingIntentReceiver: pid=1058 uid=10038 gids={50038, 3003, 1015, 1028}
07-11 16:27:23.773 I/ActivityManager(  374): No longer want com.android.keychain (pid 31900): empty #17
07-11 16:27:51.719 W/MountService(  374): getVolumeState(/storage/emulated/0/external_sd): Unknown volume
07-11 16:27:51.719 W/MountService(  374): getVolumeState(/mnt/sdcard-ext): Unknown volume
07-11 16:27:51.719 W/MountService(  374): getVolumeState(/mnt/ext_sdcard): Unknown volume
07-11 16:27:51.719 W/MountService(  374): getVolumeState(/mnt/sdcard2): Unknown volume
07-11 16:27:51.719 W/MountService(  374): getVolumeState(/mnt/emmc): Unknown volume
07-11 16:27:51.719 W/MountService(  374): getVolumeState(/mnt/extSdCard): Unknown volume
07-11 16:27:51.726 W/MountService(  374): getVolumeState(/mnt/sdcard/SD_CARD): Unknown volume
07-11 16:27:51.726 W/MountService(  374): getVolumeState(/mnt/sdcard/extra_sd): Unknown volume
07-11 16:27:51.726 W/MountService(  374): getVolumeState(/mnt/extrasd_bind): Unknown volume
07-11 16:27:51.726 W/MountService(  374): getVolumeState(/mnt/sdcard/ext_sd): Unknown volume
07-11 16:27:51.726 W/MountService(  374): getVolumeState(/storage/extSdCard): Unknown volume
07-11 16:27:51.726 W/MountService(  374): getVolumeState(/storage/sdcard1): Unknown volume
07-11 16:27:51.734 W/MountService(  374): getVolumeState(/mnt/sdcard/external_SD): Unknown volume
07-11 16:27:51.734 W/MountService(  374): getVolumeState(/mnt/sdcard/external_sd): Unknown volume
07-11 16:27:52.078 W/MountService(  374): getVolumeState(/storage/emulated/0/external_sd): Unknown volume
07-11 16:27:52.078 W/MountService(  374): getVolumeState(/mnt/sdcard-ext): Unknown volume
07-11 16:27:52.078 W/MountService(  374): getVolumeState(/mnt/ext_sdcard): Unknown volume
07-11 16:27:52.078 W/MountService(  374): getVolumeState(/mnt/sdcard2): Unknown volume
07-11 16:27:52.078 W/MountService(  374): getVolumeState(/mnt/emmc): Unknown volume
07-11 16:27:52.078 W/MountService(  374): getVolumeState(/mnt/extSdCard): Unknown volume
07-11 16:27:52.086 W/MountService(  374): getVolumeState(/mnt/sdcard/SD_CARD): Unknown volume
07-11 16:27:52.086 W/MountService(  374): getVolumeState(/mnt/sdcard/extra_sd): Unknown volume
07-11 16:27:52.086 W/MountService(  374): getVolumeState(/mnt/extrasd_bind): Unknown volume
07-11 16:27:52.086 W/MountService(  374): getVolumeState(/mnt/sdcard/ext_sd): Unknown volume
07-11 16:27:52.086 W/MountService(  374): getVolumeState(/storage/extSdCard): Unknown volume
07-11 16:27:52.086 W/MountService(  374): getVolumeState(/storage/sdcard1): Unknown volume
07-11 16:27:52.086 W/MountService(  374): getVolumeState(/mnt/sdcard/external_SD): Unknown volume
07-11 16:27:52.086 W/MountService(  374): getVolumeState(/mnt/sdcard/external_sd): Unknown volume
07-11 16:28:07.484 I/ActivityManager(  374): No longer want com.google.android.music:main (pid 21222): empty #17
07-11 16:28:07.508 W/ActivityManager(  374): Scheduling restart of crashed service com.google.android.music/.playback.MusicPlaybackService in 5000ms
07-11 16:28:12.531 I/ActivityManager(  374): Start proc com.google.android.music:main for service com.google.android.music/.playback.MusicPlaybackService: pid=1191 uid=10041 gids={50041, 3003, 1015, 1028}
07-11 16:28:51.922 W/MountService(  374): getVolumeState(/storage/emulated/0/external_sd): Unknown volume
07-11 16:28:51.922 W/MountService(  374): getVolumeState(/mnt/sdcard-ext): Unknown volume
07-11 16:28:51.929 W/MountService(  374): getVolumeState(/mnt/ext_sdcard): Unknown volume
07-11 16:28:51.945 W/MountService(  374): getVolumeState(/mnt/sdcard2): Unknown volume
07-11 16:28:51.945 W/MountService(  374): getVolumeState(/mnt/emmc): Unknown volume
07-11 16:28:51.953 W/MountService(  374): getVolumeState(/mnt/extSdCard): Unknown volume
07-11 16:28:51.953 W/MountService(  374): getVolumeState(/mnt/sdcard/SD_CARD): Unknown volume
07-11 16:28:51.953 W/MountService(  374): getVolumeState(/mnt/sdcard/extra_sd): Unknown volume
07-11 16:28:51.953 W/MountService(  374): getVolumeState(/mnt/extrasd_bind): Unknown volume
07-11 16:28:51.953 W/MountService(  374): getVolumeState(/mnt/sdcard/ext_sd): Unknown volume
07-11 16:28:51.953 W/MountService(  374): getVolumeState(/storage/extSdCard): Unknown volume
07-11 16:28:51.953 W/MountService(  374): getVolumeState(/storage/sdcard1): Unknown volume
07-11 16:28:51.953 W/MountService(  374): getVolumeState(/mnt/sdcard/external_SD): Unknown volume
07-11 16:28:51.953 W/MountService(  374): getVolumeState(/mnt/sdcard/external_sd): Unknown volume
07-11 16:28:52.195 W/MountService(  374): getVolumeState(/storage/emulated/0/external_sd): Unknown volume
07-11 16:28:52.195 W/MountService(  374): getVolumeState(/mnt/sdcard-ext): Unknown volume
07-11 16:28:52.195 W/MountService(  374): getVolumeState(/mnt/ext_sdcard): Unknown volume
07-11 16:28:52.195 W/MountService(  374): getVolumeState(/mnt/sdcard2): Unknown volume
07-11 16:28:52.203 W/MountService(  374): getVolumeState(/mnt/emmc): Unknown volume
07-11 16:28:52.203 W/MountService(  374): getVolumeState(/mnt/extSdCard): Unknown volume
07-11 16:28:52.203 W/MountService(  374): getVolumeState(/mnt/sdcard/SD_CARD): Unknown volume
07-11 16:28:52.203 W/MountService(  374): getVolumeState(/mnt/sdcard/extra_sd): Unknown volume
07-11 16:28:52.203 W/MountService(  374): getVolumeState(/mnt/extrasd_bind): Unknown volume
07-11 16:28:52.203 W/MountService(  374): getVolumeState(/mnt/sdcard/ext_sd): Unknown volume
07-11 16:28:52.211 W/MountService(  374): getVolumeState(/storage/extSdCard): Unknown volume
07-11 16:28:52.211 W/MountService(  374): getVolumeState(/storage/sdcard1): Unknown volume
07-11 16:28:52.211 W/MountService(  374): getVolumeState(/mnt/sdcard/external_SD): Unknown volume
07-11 16:28:52.211 W/MountService(  374): getVolumeState(/mnt/sdcard/external_sd): Unknown volume
07-11 16:29:52.172 W/MountService(  374): getVolumeState(/storage/emulated/0/external_sd): Unknown volume
07-11 16:29:52.179 W/MountService(  374): getVolumeState(/mnt/sdcard-ext): Unknown volume
07-11 16:29:52.179 W/MountService(  374): getVolumeState(/mnt/ext_sdcard): Unknown volume
07-11 16:29:52.179 W/MountService(  374): getVolumeState(/mnt/sdcard2): Unknown volume
07-11 16:29:52.179 W/MountService(  374): getVolumeState(/mnt/emmc): Unknown volume
07-11 16:29:52.179 W/MountService(  374): getVolumeState(/mnt/extSdCard): Unknown volume
07-11 16:29:52.179 W/MountService(  374): getVolumeState(/mnt/sdcard/SD_CARD): Unknown volume
07-11 16:29:52.179 W/MountService(  374): getVolumeState(/mnt/sdcard/extra_sd): Unknown volume
07-11 16:29:52.187 W/MountService(  374): getVolumeState(/mnt/extrasd_bind): Unknown volume
07-11 16:29:52.187 W/MountService(  374): getVolumeState(/mnt/sdcard/ext_sd): Unknown volume
07-11 16:29:52.187 W/MountService(  374): getVolumeState(/storage/extSdCard): Unknown volume
07-11 16:29:52.187 W/MountService(  374): getVolumeState(/storage/sdcard1): Unknown volume
07-11 16:29:52.187 W/MountService(  374): getVolumeState(/mnt/sdcard/external_SD): Unknown volume
07-11 16:29:52.187 W/MountService(  374): getVolumeState(/mnt/sdcard/external_sd): Unknown volume
07-11 16:29:52.429 W/MountService(  374): getVolumeState(/storage/emulated/0/external_sd): Unknown volume
07-11 16:29:52.437 W/MountService(  374): getVolumeState(/mnt/sdcard-ext): Unknown volume
07-11 16:29:52.437 W/MountService(  374): getVolumeState(/mnt/ext_sdcard): Unknown volume
07-11 16:29:52.437 W/MountService(  374): getVolumeState(/mnt/sdcard2): Unknown volume
07-11 16:29:52.437 W/MountService(  374): getVolumeState(/mnt/emmc): Unknown volume
07-11 16:29:52.445 W/MountService(  374): getVolumeState(/mnt/extSdCard): Unknown volume
07-11 16:29:52.445 W/MountService(  374): getVolumeState(/mnt/sdcard/SD_CARD): Unknown volume
07-11 16:29:52.445 W/MountService(  374): getVolumeState(/mnt/sdcard/extra_sd): Unknown volume
07-11 16:29:52.453 W/MountService(  374): getVolumeState(/mnt/extrasd_bind): Unknown volume
07-11 16:29:52.453 W/MountService(  374): getVolumeState(/mnt/sdcard/ext_sd): Unknown volume
07-11 16:29:52.453 W/MountService(  374): getVolumeState(/storage/extSdCard): Unknown volume
07-11 16:29:52.453 W/MountService(  374): getVolumeState(/storage/sdcard1): Unknown volume
07-11 16:29:52.453 W/MountService(  374): getVolumeState(/mnt/sdcard/external_SD): Unknown volume
07-11 16:29:52.453 W/MountService(  374): getVolumeState(/mnt/sdcard/external_sd): Unknown volume
07-11 16:30:52.453 W/MountService(  374): getVolumeState(/storage/emulated/0/external_sd): Unknown volume
07-11 16:30:52.453 W/MountService(  374): getVolumeState(/mnt/sdcard-ext): Unknown volume
07-11 16:30:52.453 W/MountService(  374): getVolumeState(/mnt/ext_sdcard): Unknown volume
