07-11 16:55:44.992 I/ActivityManager(  374): Start proc com.google.android.apps.plus for broadcast com.google.android.apps.plus/.service.PackagesMediaMonitor: pid=5326 uid=10048 gids={50048, 3003, 3002, 1015, 1006, 1028}
07-11 16:55:45.187 D/dalvikvm( 5326): GC_CONCURRENT freed 336K, 4% free 9081K/9456K, paused 5ms+5ms, total 61ms
07-11 16:55:45.187 D/dalvikvm( 5326): WAIT_FOR_CONCURRENT_GC blocked 11ms
07-11 16:55:45.445 D/dalvikvm(32501): GC_CONCURRENT freed 406K, 15% free 9244K/10800K, paused 7ms+18ms, total 75ms
07-11 16:55:45.570 D/dalvikvm( 5326): GC_CONCURRENT freed 99K, 2% free 9396K/9536K, paused 17ms+36ms, total 75ms
07-11 16:55:45.656 D/dalvikvm(  374): GC_EXPLICIT freed 2527K, 27% free 23561K/31968K, paused 35ms+224ms, total 4778ms
07-11 16:55:45.937 D/dalvikvm( 5326): GC_CONCURRENT freed 114K, 2% free 9667K/9828K, paused 4ms+2ms, total 29ms
07-11 16:55:45.953 D/dalvikvm(32501): GC_CONCURRENT freed 369K, 15% free 9262K/10800K, paused 3ms+4ms, total 31ms
07-11 16:55:46.172 W/PackageParser(  833): No actions in intent filter at /storage/emulated/0/360Download/Pekall.apk Binary XML file line #685
07-11 16:55:46.187 D/dalvikvm(32501): GC_CONCURRENT freed 429K, 14% free 9294K/10800K, paused 2ms+43ms, total 116ms
07-11 16:55:46.203 D/dalvikvm( 5326): GC_CONCURRENT freed 125K, 2% free 9979K/10160K, paused 5ms+21ms, total 59ms
07-11 16:55:46.344 W/PackageParser(  833): No actions in intent filter at /storage/emulated/0/Download/emmp.apk Binary XML file line #687
07-11 16:55:46.359 D/dalvikvm( 5326): GC_CONCURRENT freed 140K, 2% free 10314K/10520K, paused 3ms+3ms, total 33ms
07-11 16:55:46.476 W/PackageParser(  833): No actions in intent filter at /storage/emulated/0/Download/emmp-1.apk Binary XML file line #687
07-11 16:55:46.500 D/dalvikvm( 5326): GC_CONCURRENT freed 233K, 3% free 10516K/10828K, paused 3ms+3ms, total 39ms
07-11 16:55:46.554 W/PackageParser(  833): No actions in intent filter at /storage/emulated/0/360Download/Pekall.apk Binary XML file line #685
07-11 16:55:46.586 D/dalvikvm(  833): GC_CONCURRENT freed 1020K, 16% free 13152K/15584K, paused 9ms+11ms, total 109ms
07-11 16:55:46.601 D/dalvikvm( 5326): GC_FOR_ALLOC freed 208K, 4% free 10644K/11020K, paused 35ms, total 35ms
07-11 16:55:46.601 I/dalvikvm-heap( 5326): Grow heap (frag case) to 10.674MB for 260112-byte allocation
07-11 16:55:46.633 D/dalvikvm( 5326): GC_FOR_ALLOC freed 126K, 5% free 10772K/11276K, paused 28ms, total 28ms
07-11 16:55:46.672 D/dalvikvm( 5326): GC_FOR_ALLOC freed 311K, 5% free 10818K/11340K, paused 26ms, total 26ms
07-11 16:55:46.695 D/dalvikvm( 5326): GC_FOR_ALLOC freed 62K, 5% free 10882K/11340K, paused 26ms, total 26ms
07-11 16:55:46.695 I/dalvikvm-heap( 5326): Grow heap (frag case) to 10.908MB for 260112-byte allocation
07-11 16:55:46.726 D/dalvikvm( 5326): GC_FOR_ALLOC freed 126K, 6% free 11010K/11596K, paused 27ms, total 27ms
07-11 16:55:46.765 D/dalvikvm( 5326): GC_FOR_ALLOC freed 369K, 6% free 11119K/11724K, paused 27ms, total 27ms
07-11 16:55:46.797 D/dalvikvm( 5326): GC_FOR_ALLOC freed 126K, 5% free 11247K/11724K, paused 26ms, total 26ms
07-11 16:55:46.914 I/ipc_pref( 5193): [open:30]	open /data/data/com.qihoo360.mobilesafe/shared_prefs/adblock_pref.xml
07-11 16:55:46.914 I/ipc_pref( 5193): 
07-11 16:55:46.914 D/dalvikvm( 5326): GC_CONCURRENT freed 353K, 4% free 11588K/11976K, paused 2ms+4ms, total 38ms
07-11 16:55:46.961 D/dalvikvm( 5193): GC_CONCURRENT freed 355K, 4% free 9763K/10156K, paused 4ms+3ms, total 71ms
07-11 16:55:47.164 D/dalvikvm( 5326): GC_CONCURRENT freed 188K, 2% free 12293K/12516K, paused 2ms+5ms, total 45ms
07-11 16:55:47.164 D/dalvikvm( 5326): WAIT_FOR_CONCURRENT_GC blocked 22ms
07-11 16:55:47.219 I/InstallAppProgress( 5083): Finished installing by.game.binumbers
07-11 16:55:47.336 D/MdmApplication( 3259): [null:-1]->onActivityStarted market.activity.AppListActivity , mActivityCount = 4
07-11 16:55:47.336 D/MDM :   ( 3259): [null:-1]->query
07-11 16:55:47.336 D/MDM :   ( 3259): [null:-1]->QUERY_PINCODE_CHECK_RESULT
07-11 16:55:47.336 D/mdm_log ( 3259): [null:-1]->has installed com.moji.mjweather
07-11 16:55:47.531 D/dalvikvm( 5326): GC_FOR_ALLOC freed 487K, 4% free 12716K/13240K, paused 66ms, total 66ms
07-11 16:55:47.883 D/dalvikvm( 5326): GC_CONCURRENT freed 494K, 4% free 13491K/14020K, paused 3ms+3ms, total 64ms
07-11 16:55:47.890 D/dalvikvm( 5326): WAIT_FOR_CONCURRENT_GC blocked 13ms
07-11 16:55:48.109 I/ActivityManager(  374): Process com.google.android.apps.maps:LocationFriendService (pid 1058) has died.
07-11 16:55:48.187 D/gp.PicasaPhotoCP( 5326): set fsid first time:-1
07-11 16:55:48.320 I/ActivityManager(  374): Start proc com.google.android.gms for broadcast com.google.android.gms/.games.receiver.GamesSystemBroadcastReceiver: pid=5351 uid=10009 gids={50009, 3003, 1007, 1028, 1015, 1006, 2001, 3006}
07-11 16:55:48.515 I/ActivityManager(  374): Start proc com.google.android.googlequicksearchbox for broadcast com.google.android.googlequicksearchbox/com.google.android.apps.sidekick.GmmLocationProviderImpl$GmmPackageWatcher: pid=5368 uid=10056 gids={50056, 3003, 1028, 1007, 3002, 1015}
07-11 16:55:48.672 D/dalvikvm(  647): GC_EXPLICIT freed 314K, 7% free 9725K/10372K, paused 7ms+16ms, total 154ms
07-11 16:55:48.937 D/dalvikvm( 5368): GC_CONCURRENT freed 251K, 4% free 9182K/9468K, paused 10ms+3ms, total 49ms
07-11 16:55:48.937 D/dalvikvm( 5368): WAIT_FOR_CONCURRENT_GC blocked 10ms
07-11 16:55:48.937 D/dalvikvm( 5368): WAIT_FOR_CONCURRENT_GC blocked 11ms
07-11 16:55:48.992 W/GAV2    ( 5368): Thread[main,5,main]: Need to call initialize() and be in fallback mode to start dispatch.
07-11 16:55:49.008 D/mdm_log ( 3259): [null:-1]->action is : android.intent.action.PACKAGE_ADDED
07-11 16:55:49.054 D/dalvikvm( 5351): GC_CONCURRENT freed 213K, 3% free 9137K/9388K, paused 10ms+3ms, total 89ms
07-11 16:55:49.156 I/PeopleDatabaseHelper( 5351): cleanUpNonGplusAccounts done.
07-11 16:55:49.203 I/ActivityManager(  374): No longer want com.google.android.apps.maps:FriendService (pid 1037): empty #17
07-11 16:55:49.219 D/DB      ( 3259): query: SQLiteQuery: SELECT * FROM app WHERE readStatus =0
07-11 16:55:49.219 D/DB      ( 3259): factory null
07-11 16:55:49.219 D/DB      ( 3259): fillWindow: 0
07-11 16:55:49.219 D/DB      ( 3259): cursor 0
07-11 16:55:49.219 E/Mdm     ( 3259): Call Mdm service's recordIconCount function
07-11 16:55:49.219 D/DB      ( 3259): query: SQLiteQuery: SELECT * FROM app WHERE type = 51107
07-11 16:55:49.219 D/DB      ( 3259): factory null
07-11 16:55:49.219 D/DB      ( 3259): fillWindow: 0
07-11 16:55:49.219 D/DB      ( 3259): cursor 2
07-11 16:55:49.234 D/DB      ( 3259): query: SQLiteQuery: SELECT appUUID, status FROM app WHERE status=4 AND uploadStatus=0
07-11 16:55:49.234 D/DB      ( 3259): factory null
07-11 16:55:49.234 D/DB      ( 3259): fillWindow: 0
07-11 16:55:49.234 D/DB      ( 3259): cursor 1
07-11 16:55:49.234 D/DB      ( 3259): moveToPos: 0
07-11 16:55:49.234 D/DB      ( 3259): onMove: 0
07-11 16:55:49.234 D/DB      ( 3259): moveToPos: 1
07-11 16:55:49.265 E/Mdm     ( 3259): Call Mdm service's upLoadDocStatus function, request id: 9
07-11 16:55:49.265 I/TransInfo( 3259): TransInfo created, id: 18, class: class com.pekall.emdm.transaction.b.q
07-11 16:55:49.265 D/NetworkThread( 3259): [null:-1]->----isRunning-----true
07-11 16:55:49.265 D/NetworkThread( 3259): [null:-1]->----isRunning-----true
07-11 16:55:49.265 D/NetworkThread( 3259): [null:-1]->thread wakeup
07-11 16:55:49.273 D/HttpClient( 3259): enable apache.http debug
07-11 16:55:49.281 V/DEBUG   ( 3259): HTTP 0
07-11 16:55:49.281 D/DB      ( 3259): moveToPos: 0
07-11 16:55:49.289 D/DB      ( 3259): onMove: 0
07-11 16:55:49.289 D/DB      ( 3259): moveToPos: 1
07-11 16:55:49.289 D/DB      ( 3259): onMove: 1
07-11 16:55:49.289 D/DB      ( 3259): moveToPos: 2
07-11 16:55:49.297 D/dalvikvm( 5453): Late-enabling CheckJNI
07-11 16:55:49.304 I/ActivityManager(  374): Start proc com.noshufou.android.su for broadcast com.noshufou.android.su/.InstallReceiver: pid=5453 uid=10077 gids={50077, 3003, 1015, 1028}
07-11 16:55:49.336 I/dalvikvm( 5453): Turning on JNI app bug workarounds for target SDK version 11...
07-11 16:55:49.437 I/ActivityManager(  374): No longer want com.nd.assistance (pid 2845): empty #17
07-11 16:55:49.492 I/Recovery( 5351): Received: Intent { act=com.google.android.gms.INITIALIZE flg=0x10 pkg=com.google.android.gms cmp=com.google.android.gms/.recovery.AccountRecoveryBackgroundService$Receiver }
07-11 16:55:49.508 I/ActivityManager(  374): Start proc com.google.android.gsf.login for service com.google.android.gms/.recovery.AccountRecoveryBackgroundService: pid=5468 uid=10009 gids={50009, 3003, 1007, 1028, 1015, 1006, 2001, 3006}
07-11 16:55:49.523 V/DEBUG   ( 3259): HTTP 1
07-11 16:55:49.539 D/NetworkThread( 3259): [null:-1]->queue is empty, thread wait...
07-11 16:55:49.547 D/dalvikvm(  125): GC_EXPLICIT freed 41K, 1% free 8921K/9000K, paused 4ms+4ms, total 41ms
07-11 16:55:49.578 D/dalvikvm(  125): GC_EXPLICIT freed <1K, 1% free 8921K/9000K, paused 2ms+4ms, total 29ms
07-11 16:55:49.617 D/dalvikvm(  125): GC_EXPLICIT freed <1K, 1% free 8921K/9000K, paused 2ms+6ms, total 35ms
07-11 16:55:49.633 D/GCM     (  647): GcmService start Intent { act=com.google.android.gms.INITIALIZE flg=0x10 pkg=com.google.android.gms cmp=com.google.android.gms/.gcm.GcmService } com.google.android.gms.INITIALIZE
07-11 16:55:49.633 D/MDM :   ( 3259): [null:-1]->Got trans result.
07-11 16:55:49.640 D/MDM :   ( 3259): [null:-1]->Trigger client's callback, request id: 9
07-11 16:55:49.640 D/Mdm     ( 3259): Receive trans result, request id: 9
07-11 16:55:49.672 I/Recovery( 5351): Received: Intent { act=com.google.android.gms.INITIALIZE flg=0x10 pkg=com.google.android.gms cmp=com.google.android.gms/.recovery.AccountRecoveryBackgroundService$Receiver }
07-11 16:55:49.679 D/GCM     (  647): GcmService start Intent { act=com.google.android.gms.INITIALIZE flg=0x10 pkg=com.google.android.gms cmp=com.google.android.gms/.gcm.GcmService } com.google.android.gms.INITIALIZE
07-11 16:55:49.734 W/GAV2    ( 5274): Thread[GAThread,5,main]: Service unavailable (code=1), will retry.
07-11 16:55:49.734 W/ActivityManager(  374): Unable to start service Intent { act=com.google.android.gms.analytics.service.START (has extras) } U=0: not found
07-11 16:55:49.758 I/GAV2    ( 5274): Thread[GAThread,5,main]: No campaign data found.
07-11 16:55:49.765 D/dalvikvm( 4565): GC_CONCURRENT freed 309K, 4% free 9918K/10268K, paused 3ms+5ms, total 42ms
07-11 16:55:49.781 I/ActivityManager(  374): No longer want com.google.android.deskclock (pid 32466): empty #17
07-11 16:55:50.187 D/dalvikvm( 4565): GC_CONCURRENT freed 418K, 6% free 9901K/10464K, paused 2ms+2ms, total 28ms
07-11 16:55:50.187 D/dalvikvm( 4565): WAIT_FOR_CONCURRENT_GC blocked 26ms
07-11 16:55:50.976 D/dalvikvm(32313): GC_FOR_ALLOC freed 363K, 7% free 9435K/10040K, paused 30ms, total 32ms
07-11 16:55:52.172 I/TransInfo( 3259): TransInfo created, id: 5, class: class com.pekall.emdm.transaction.b.p
07-11 16:55:52.179 D/NetworkThread( 3259): [null:-1]->----isRunning-----true
07-11 16:55:52.179 D/NetworkThread( 3259): [null:-1]->----isRunning-----true
07-11 16:55:52.179 D/NetworkThread( 3259): [null:-1]->thread wakeup
07-11 16:55:52.179 D/HttpClient( 3259): enable apache.http debug
07-11 16:55:52.195 V/DEBUG   ( 3259): HTTP 0
07-11 16:55:52.359 D/MDM :   ( 3259): [null:-1]->MSG_WEBSOCKET_MESSAGE : {"id":1211286296,"type":0,"command":0,"result":0,"reason":0,"params":{"msgId":"ef29d3fe-6c4d-4f7c-9b7d-06f4ac32aa74,ef29d3fe6c4d4f7c9b7d06f4ac32aa74","device":"ffffffffc539bb10fffffffff7aea961","message":"{\"cmd\":\"10119\"}"}}
07-11 16:55:52.367 D/MdmService( 3259): [null:-1]->push message type :0
07-11 16:55:52.367 D/MdmService( 3259): [null:-1]->cmdMessage : {"cmd":"10119"}
07-11 16:55:52.367 D/MdmService( 3259): [null:-1]->command : PushCommandMsg{cmd='10119', msg='null'}
07-11 16:55:52.367 V/DEBUG   ( 3259): HTTP 1
07-11 16:55:52.367 D/MDM :   ( 3259): [null:-1]->PUSH CMD: 10119
07-11 16:55:52.375 D/MdmStatusManager( 3259): [null:-1]->change status to : Busy
07-11 16:55:52.375 D/DB      ( 3259): query: SQLiteQuery: SELECT content, command_status, status FROM command WHERE status!=2
07-11 16:55:52.375 D/NetworkThread( 3259): [null:-1]->queue is empty, thread wait...
07-11 16:55:52.375 D/DB      ( 3259): factory null
07-11 16:55:52.375 D/DB      ( 3259): fillWindow: 0
07-11 16:55:52.375 D/DB      ( 3259): cursor 0
07-11 16:55:52.375 D/DB      ( 3259): moveToPos: 0
07-11 16:55:52.375 I/TransInfo( 3259): TransInfo created, id: 3, class: class com.pekall.emdm.transaction.b.c
07-11 16:55:52.375 D/NetworkThread( 3259): [null:-1]->----isRunning-----true
07-11 16:55:52.375 D/NetworkThread( 3259): [null:-1]->----isRunning-----true
07-11 16:55:52.375 D/NetworkThread( 3259): [null:-1]->thread wakeup
07-11 16:55:52.383 D/HttpClient( 3259): enable apache.http debug
07-11 16:55:52.390 V/DEBUG   ( 3259): HTTP 0
07-11 16:55:52.609 V/DEBUG   ( 3259): HTTP 1
07-11 16:55:52.633 D/MDM :   ( 3259): [null:-1]->read network input stream
07-11 16:55:52.633 D/MDM :   ( 3259): [null:-1]->read network input stream
07-11 16:55:52.656 D/CheckInTransInfo( 3259): [null:-1]->CommandMsg : CommandMsg{CommandUUID='8a8088bf471a79ec014724a2e14c5cbb', Command=CommandObject{RequestType='DeviceInformation'}}
07-11 16:55:52.656 D/DB      ( 3259): query: SQLiteQuery: SELECT * FROM command WHERE cmd_uuid='8a8088bf471a79ec014724a2e14c5cbb'
07-11 16:55:52.656 D/DB      ( 3259): factory null
07-11 16:55:52.656 D/DB      ( 3259): fillWindow: 0
07-11 16:55:52.656 D/DB      ( 3259): cursor 0
07-11 16:55:52.703 D/NetworkThread( 3259): [null:-1]->queue is empty, thread wait...
07-11 16:55:52.804 D/MdmService( 3259): [null:-1]->handleCheckInResult
07-11 16:55:52.804 D/MdmService( 3259): [null:-1]->handleCheckInResult result keyIndex: 3
07-11 16:55:52.804 D/CommandManager( 3259): [null:-1]->execute command: CommandMsg{CommandUUID='8a8088bf471a79ec014724a2e14c5cbb', Command=CommandObject{RequestType='DeviceInformation'}}
07-11 16:55:52.929 D/dalvikvm( 3259): GC_FOR_ALLOC freed 2863K, 33% free 17354K/25600K, paused 62ms, total 62ms
07-11 16:55:52.953 D/BluetoothManagerService(  374): checkIfCallerIsForegroundUser: valid=true callingUser=0 foregroundUser=0
07-11 16:55:54.000 W/GAV2    ( 5368): Thread[GAThread,5,main]: Service unavailable (code=1), will retry.
07-11 16:55:54.000 W/ActivityManager(  374): Unable to start service Intent { act=com.google.android.gms.analytics.service.START (has extras) } U=0: not found
07-11 16:55:54.015 I/GAV2    ( 5368): Thread[GAThread,5,main]: No campaign data found.
07-11 16:55:54.742 W/GAV2    ( 5274): Thread[Service Reconnect,5,main]: Service unavailable (code=1), using local store.
07-11 16:55:54.742 W/ActivityManager(  374): Unable to start service Intent { act=com.google.android.gms.analytics.service.START (has extras) } U=0: not found
07-11 16:55:55.867 D/dalvikvm( 5108): GC_CONCURRENT freed 361K, 5% free 8954K/9352K, paused 3ms+2ms, total 32ms
07-11 16:55:56.695 D/dalvikvm(  374): GC_EXPLICIT freed 2989K, 28% free 23139K/31932K, paused 4ms+12ms, total 125ms
07-11 16:55:56.929 D/dalvikvm( 3259): GC_FOR_ALLOC freed 2357K, 31% free 17732K/25600K, paused 56ms, total 56ms
07-11 16:55:56.992 W/MountService(  374): getVolumeState(/storage/emulated/0/external_sd): Unknown volume
07-11 16:55:56.992 W/MountService(  374): getVolumeState(/mnt/sdcard-ext): Unknown volume
07-11 16:55:57.000 I/TransInfo( 3259): TransInfo created, id: 3, class: class com.pekall.emdm.transaction.b.c
07-11 16:55:57.000 W/MountService(  374): getVolumeState(/mnt/ext_sdcard): Unknown volume
07-11 16:55:57.000 W/MountService(  374): getVolumeState(/mnt/sdcard2): Unknown volume
07-11 16:55:57.000 W/MountService(  374): getVolumeState(/mnt/emmc): Unknown volume
07-11 16:55:57.000 W/MountService(  374): getVolumeState(/mnt/extSdCard): Unknown volume
07-11 16:55:57.000 W/MountService(  374): getVolumeState(/mnt/sdcard/SD_CARD): Unknown volume
07-11 16:55:57.000 W/MountService(  374): getVolumeState(/mnt/sdcard/extra_sd): Unknown volume
07-11 16:55:57.000 W/MountService(  374): getVolumeState(/mnt/extrasd_bind): Unknown volume
07-11 16:55:57.000 W/MountService(  374): getVolumeState(/mnt/sdcard/ext_sd): Unknown volume
07-11 16:55:57.008 D/NetworkThread( 3259): [null:-1]->----isRunning-----true
07-11 16:55:57.008 D/NetworkThread( 3259): [null:-1]->----isRunning-----true
07-11 16:55:57.008 D/NetworkThread( 3259): [null:-1]->thread wakeup
07-11 16:55:57.008 W/MountService(  374): getVolumeState(/storage/extSdCard): Unknown volume
07-11 16:55:57.008 W/MountService(  374): getVolumeState(/storage/sdcard1): Unknown volume
07-11 16:55:57.008 W/MountService(  374): getVolumeState(/mnt/sdcard/external_SD): Unknown volume
07-11 16:55:57.008 W/MountService(  374): getVolumeState(/mnt/sdcard/external_sd): Unknown volume
07-11 16:55:57.148 D/dalvikvm(32313): GC_CONCURRENT freed 331K, 5% free 9618K/10040K, paused 4ms+12ms, total 63ms
07-11 16:55:57.164 D/HttpClient( 3259): enable apache.http debug
07-11 16:55:57.164 V/DEBUG   ( 3259): HTTP 0
07-11 16:55:57.265 D/dalvikvm( 4476): GC_CONCURRENT freed 466K, 6% free 9332K/9836K, paused 3ms+4ms, total 31ms
07-11 16:55:57.359 W/MountService(  374): getVolumeState(/storage/emulated/0/external_sd): Unknown volume
07-11 16:55:57.359 W/MountService(  374): getVolumeState(/mnt/sdcard-ext): Unknown volume
07-11 16:55:57.359 W/MountService(  374): getVolumeState(/mnt/ext_sdcard): Unknown volume
07-11 16:55:57.359 W/MountService(  374): getVolumeState(/mnt/sdcard2): Unknown volume
07-11 16:55:57.359 W/MountService(  374): getVolumeState(/mnt/emmc): Unknown volume
07-11 16:55:57.359 W/MountService(  374): getVolumeState(/mnt/extSdCard): Unknown volume
07-11 16:55:57.359 W/MountService(  374): getVolumeState(/mnt/sdcard/SD_CARD): Unknown volume
07-11 16:55:57.359 W/MountService(  374): getVolumeState(/mnt/sdcard/extra_sd): Unknown volume
07-11 16:55:57.367 W/MountService(  374): getVolumeState(/mnt/extrasd_bind): Unknown volume
07-11 16:55:57.367 W/MountService(  374): getVolumeState(/mnt/sdcard/ext_sd): Unknown volume
07-11 16:55:57.367 W/MountService(  374): getVolumeState(/storage/extSdCard): Unknown volume
07-11 16:55:57.367 W/MountService(  374): getVolumeState(/storage/sdcard1): Unknown volume
07-11 16:55:57.367 W/MountService(  374): getVolumeState(/mnt/sdcard/external_SD): Unknown volume
07-11 16:55:57.367 W/MountService(  374): getVolumeState(/mnt/sdcard/external_sd): Unknown volume
07-11 16:55:57.422 D/dalvikvm(32313): GC_CONCURRENT freed 635K, 7% free 9484K/10160K, paused 4ms+5ms, total 47ms
07-11 16:55:57.422 D/dalvikvm(32313): WAIT_FOR_CONCURRENT_GC blocked 3ms
07-11 16:55:57.445 D/dalvikvm( 3259): GC_FOR_ALLOC freed 3196K, 32% free 17497K/25600K, paused 57ms, total 57ms
07-11 16:55:57.890 V/DEBUG   ( 3259): HTTP 1
07-11 16:55:57.906 D/MdmDatabaseHelper( 3259): [null:-1]->update command 8a8088bf471a79ec014724a2e14c5cbb to status executed
07-11 16:55:58.023 D/JOBS    ( 3947): Thread-3970: load factor check. true = (0 < 1)|| (0 * 3 < 0 + 0). consumer thread: true
07-11 16:55:58.023 D/JOBS    ( 3947): didn't allow me to die, re-running Thread-3970
07-11 16:55:58.023 D/JOBS    ( 3947): re-running consumer Thread-3970
07-11 16:55:58.047 D/dalvikvm( 3259): GC_FOR_ALLOC freed 3135K, 33% free 17246K/25600K, paused 57ms, total 57ms
07-11 16:55:58.047 D/MdmService( 3259): [null:-1]->handleCheckInResult
07-11 16:55:58.047 D/MdmService( 3259): [null:-1]->handleCheckInResult result keyIndex: 3
07-11 16:55:58.047 D/HandleCommandTask( 3259): [null:-1]->execute command msg but beanBase is null
07-11 16:55:58.047 D/NetworkThread( 3259): [null:-1]->queue is empty, thread wait...
07-11 16:55:58.047 D/MdmStatusManager( 3259): [null:-1]->change status to : Idle
07-11 16:55:59.008 W/GAV2    ( 5368): Thread[Service Reconnect,5,main]: Service unavailable (code=1), using local store.
07-11 16:55:59.008 W/ActivityManager(  374): Unable to start service Intent { act=com.google.android.gms.analytics.service.START (has extras) } U=0: not found
07-11 16:56:00.062 D/dalvikvm( 5122): GC_CONCURRENT freed 309K, 4% free 9768K/10112K, paused 13ms+9ms, total 66ms
07-11 16:56:00.062 D/dalvikvm( 5122): WAIT_FOR_CONCURRENT_GC blocked 27ms
07-11 16:56:00.195 D/Finsky  ( 5122): [1] 5.onFinished: Installation state replication succeeded.
07-11 16:56:05.851 W/Settings( 4345): Setting airplane_mode_on has moved from android.provider.Settings.System to android.provider.Settings.Global, returning read-only value.
07-11 16:56:05.851 W/Settings( 4345): Setting mobile_data has moved from android.provider.Settings.Secure to android.provider.Settings.Global.
07-11 16:56:05.851 D/BluetoothAdapter( 4345): 1108414120: getState() :  mService = null. Returning STATE_OFF
07-11 16:56:05.851 W/Settings( 4345): Setting airplane_mode_on has moved from android.provider.Settings.System to android.provider.Settings.Global, returning read-only value.
07-11 16:56:05.875 W/Settings( 4345): Setting airplane_mode_on has moved from android.provider.Settings.System to android.provider.Settings.Global, returning read-only value.
07-11 16:56:05.875 W/Settings( 4345): Setting mobile_data has moved from android.provider.Settings.Secure to android.provider.Settings.Global.
07-11 16:56:05.875 D/BluetoothAdapter( 4345): 1108414120: getState() :  mService = null. Returning STATE_OFF
07-11 16:56:05.875 W/Settings( 4345): Setting airplane_mode_on has moved from android.provider.Settings.System to android.provider.Settings.Global, returning read-only value.
07-11 16:56:10.328 D/dalvikvm( 4565): GC_CONCURRENT freed 396K, 6% free 9892K/10464K, paused 4ms+3ms, total 33ms
07-11 16:56:11.297 D/LightsService(  374): Excessive delay setting light: 67ms
07-11 16:56:14.179 W/BackupManagerService(  374): dataChanged but no participant pkg='com.android.providers.settings' uid=10079
07-11 16:56:14.211 D/dalvikvm( 4294): GC_CONCURRENT freed 398K, 13% free 9518K/10824K, paused 3ms+4ms, total 31ms
07-11 16:56:14.242 W/BackupManagerService(  374): dataChanged but no participant pkg='com.android.providers.settings' uid=10079
07-11 16:56:17.148 I/PowerManagerService(  374): Going to sleep due to screen timeout...
07-11 16:56:18.039 D/SurfaceFlinger(  124): Screen released, type=0 flinger=0x400b4008
07-11 16:56:18.047 D/MdmApplication( 3259): [null:-1]->onActivityPaused market.activity.AppListActivity , mActivityCount = 5
07-11 16:56:18.047 D/MDM :   ( 3259): [null:-1]->query
07-11 16:56:18.054 D/MDM :   ( 3259): [null:-1]->QUERY_PINCODE_CHECK_RESULT
07-11 16:56:18.054 E/Mdm     ( 3259): Call Mdm service's setLastExitTime function
07-11 16:56:18.148 D/NfcService(  592): NFC-C OFF, disconnect
07-11 16:56:18.234 D/MDM :   ( 3259): [null:-1]->query
07-11 16:56:18.234 D/MDM :   ( 3259): [null:-1]->QUERY_SETTING_PIN_ONOFF
07-11 16:56:23.039 I/ActivityManager(  374): Start proc com.google.android.deskclock for service com.google.android.deskclock/com.android.alarmclock.DigitalAppWidgetService: pid=5680 uid=10013 gids={50013, 1028}
07-11 16:56:23.187 V/KeyguardHostView(  374): hide transport, gen:147
07-11 16:56:23.187 V/KeyguardHostView(  374): music state changed: 0
07-11 16:56:23.219 D/PhoneStatusBar(  450): disable: < expand icons alerts ticker system_info back home RECENT* clock search >
07-11 16:56:23.258 V/TAG     (  374): bug 7643792: fitSystemWindows([0,50][0,0])
07-11 16:56:23.375 I/ActivityManager(  374): Process com.android.packageinstaller (pid 5083) has died.
07-11 16:56:23.437 D/PhoneStatusBar(  450): disable: < expand icons alerts ticker system_info BACK* HOME* RECENT CLOCK* search >
07-11 16:56:32.117 D/dalvikvm( 4918): GC_CONCURRENT freed 326K, 4% free 9839K/10204K, paused 5ms+2ms, total 37ms
07-11 16:56:41.015 D/dalvikvm(  833): GC_EXPLICIT freed 851K, 18% free 12931K/15584K, paused 7ms+7ms, total 78ms
07-11 16:56:41.117 D/dalvikvm(  833): GC_EXPLICIT freed 119K, 18% free 12812K/15584K, paused 3ms+6ms, total 65ms
07-11 16:56:41.195 D/dalvikvm(  833): GC_EXPLICIT freed <1K, 18% free 12812K/15584K, paused 4ms+5ms, total 63ms
07-11 16:56:44.281 D/dalvikvm( 5193): GC_EXPLICIT freed 88K, 5% free 9685K/10152K, paused 8ms+5ms, total 50ms
07-11 16:56:44.289 D/dalvikvm( 4545): GC_CONCURRENT freed 311K, 4% free 10117K/10468K, paused 3ms+6ms, total 43ms
07-11 16:56:45.820 W/ResponseProcessCookies( 4545): Invalid cookie header: "Set-Cookie: BAIDUID=61C2BF91956B77D1C5ADA7AA6B6C73C7:FG=1; max-age=31536000; expires=Sat, 11-Jul-15 08:56:45 GMT; domain=.baidu.com; path=/; version=1". Unable to parse expires attribute: Sat
07-11 16:56:45.828 W/ResponseProcessCookies( 4545): Invalid cookie header: "Set-Cookie: NBID=61C2BF91956B77D11C8CF92205B2B9B4:FG=1; max-age=2592000; expires=Sun, 10-Aug-14 08:56:45 GMT; domain=.baidu.com; path=/; version=1". Unable to parse expires attribute: Sun
07-11 16:56:45.937 W/ResponseProcessCookies( 4545): Invalid cookie header: "Set-Cookie: BAIDUID=1E71A0D2A5D46299A6BC3378F973998F:FG=1; max-age=31536000; expires=Sat, 11-Jul-15 08:56:46 GMT; domain=.baidu.com; path=/; version=1". Unable to parse expires attribute: Sat
07-11 16:56:45.945 W/ResponseProcessCookies( 4545): Invalid cookie header: "Set-Cookie: NBID=1E71A0D2A5D4629941AD390BF0485C3E:FG=1; max-age=2592000; expires=Sun, 10-Aug-14 08:56:46 GMT; domain=.baidu.com; path=/; version=1". Unable to parse expires attribute: Sun
07-11 16:56:46.039 D/dalvikvm( 4545): GC_CONCURRENT freed 437K, 5% free 10158K/10644K, paused 4ms+2ms, total 31ms
07-11 16:56:54.601 I/ActivityManager(  374): No longer want com.google.android.calendar (pid 4450): empty #17
07-11 16:56:54.609 I/ActivityManager(  374): No longer want com.mgyapp.android (pid 32501): empty #17
07-11 16:56:54.625 W/ActivityManager(  374): Scheduling restart of crashed service com.mgyapp.android/.service.AppService in 5000ms
07-11 16:56:56.601 I/AndroidRuntime( 5222): VM exiting with result code 0, cleanup skipped.
07-11 16:56:56.601 I/AndroidRuntime( 5207): VM exiting with result code 0, cleanup skipped.
07-11 16:56:56.625 I/ActivityManager(  374): Process com.qihoo360.mobilesafe:engine (pid 5222) has died.
07-11 16:56:56.625 I/ActivityManager(  374): Process com.qihoo360.mobilesafe:scan (pid 5207) has died.
07-11 16:56:57.094 W/MountService(  374): getVolumeState(/storage/emulated/0/external_sd): Unknown volume
07-11 16:56:57.094 W/MountService(  374): getVolumeState(/mnt/sdcard-ext): Unknown volume
07-11 16:56:57.094 W/MountService(  374): getVolumeState(/mnt/ext_sdcard): Unknown volume
07-11 16:56:57.094 W/MountService(  374): getVolumeState(/mnt/sdcard2): Unknown volume
07-11 16:56:57.094 W/MountService(  374): getVolumeState(/mnt/emmc): Unknown volume
07-11 16:56:57.094 W/MountService(  374): getVolumeState(/mnt/extSdCard): Unknown volume
07-11 16:56:57.101 W/MountService(  374): getVolumeState(/mnt/sdcard/SD_CARD): Unknown volume
07-11 16:56:57.101 W/MountService(  374): getVolumeState(/mnt/sdcard/extra_sd): Unknown volume
07-11 16:56:57.101 W/MountService(  374): getVolumeState(/mnt/extrasd_bind): Unknown volume
07-11 16:56:57.101 W/MountService(  374): getVolumeState(/mnt/sdcard/ext_sd): Unknown volume
07-11 16:56:57.101 W/MountService(  374): getVolumeState(/storage/extSdCard): Unknown volume
07-11 16:56:57.101 W/MountService(  374): getVolumeState(/storage/sdcard1): Unknown volume
07-11 16:56:57.109 W/MountService(  374): getVolumeState(/mnt/sdcard/external_SD): Unknown volume
07-11 16:56:57.109 W/MountService(  374): getVolumeState(/mnt/sdcard/external_sd): Unknown volume
07-11 16:56:57.164 D/dalvikvm(32313): GC_CONCURRENT freed 447K, 6% free 9567K/10156K, paused 4ms+16ms, total 55ms
07-11 16:56:57.164 D/dalvikvm(32313): WAIT_FOR_CONCURRENT_GC blocked 8ms
07-11 16:56:57.172 D/dalvikvm(32313): WAIT_FOR_CONCURRENT_GC blocked 2ms
07-11 16:56:57.398 W/MountService(  374): getVolumeState(/storage/emulated/0/external_sd): Unknown volume
07-11 16:56:57.398 W/MountService(  374): getVolumeState(/mnt/sdcard-ext): Unknown volume
07-11 16:56:57.406 W/MountService(  374): getVolumeState(/mnt/ext_sdcard): Unknown volume
07-11 16:56:57.406 W/MountService(  374): getVolumeState(/mnt/sdcard2): Unknown volume
07-11 16:56:57.406 W/MountService(  374): getVolumeState(/mnt/emmc): Unknown volume
07-11 16:56:57.406 W/MountService(  374): getVolumeState(/mnt/extSdCard): Unknown volume
07-11 16:56:57.406 W/MountService(  374): getVolumeState(/mnt/sdcard/SD_CARD): Unknown volume
07-11 16:56:57.406 W/MountService(  374): getVolumeState(/mnt/sdcard/extra_sd): Unknown volume
07-11 16:56:57.406 W/MountService(  374): getVolumeState(/mnt/extrasd_bind): Unknown volume
07-11 16:56:57.414 W/MountService(  374): getVolumeState(/mnt/sdcard/ext_sd): Unknown volume
07-11 16:56:57.422 D/dalvikvm(32313): GC_CONCURRENT freed 596K, 7% free 9482K/10156K, paused 3ms+4ms, total 38ms
07-11 16:56:57.422 D/dalvikvm(32313): WAIT_FOR_CONCURRENT_GC blocked 9ms
07-11 16:56:57.422 W/MountService(  374): getVolumeState(/storage/extSdCard): Unknown volume
07-11 16:56:57.422 W/MountService(  374): getVolumeState(/storage/sdcard1): Unknown volume
07-11 16:56:57.422 W/MountService(  374): getVolumeState(/mnt/sdcard/external_SD): Unknown volume
07-11 16:56:57.429 W/MountService(  374): getVolumeState(/mnt/sdcard/external_sd): Unknown volume
07-11 16:56:59.648 I/ActivityManager(  374): Start proc com.mgyapp.android for service com.mgyapp.android/.service.AppService: pid=5790 uid=10079 gids={50079, 3003, 1015, 1028, 3002, 1006}
07-11 16:56:59.742 D/dalvikvm( 5790): Trying to load lib /data/app-lib/com.mgyapp.android-1/libtpnsSecurity.so 0x4207c568
07-11 16:56:59.742 D/dalvikvm( 5790): Added shared lib /data/app-lib/com.mgyapp.android-1/libtpnsSecurity.so 0x4207c568
07-11 16:56:59.742 I/TpnsSecurity( 5790): JNI_OnLoad
07-11 16:56:59.844 D/dalvikvm( 5790): GC_CONCURRENT freed 214K, 3% free 9203K/9456K, paused 2ms+3ms, total 26ms
07-11 16:56:59.890 D/dalvikvm( 5790): GC_CONCURRENT freed 231K, 4% free 9388K/9704K, paused 3ms+2ms, total 21ms
07-11 16:56:59.890 D/dalvikvm( 5790): WAIT_FOR_CONCURRENT_GC blocked 18ms
07-11 16:56:59.914 D/dalvikvm( 5790): GC_FOR_ALLOC freed 245K, 5% free 9476K/9928K, paused 18ms, total 18ms
07-11 16:56:59.937 D/dalvikvm( 5790): GC_FOR_ALLOC freed 179K, 5% free 9493K/9928K, paused 18ms, total 18ms
07-11 16:57:00.008 D/dalvikvm( 5790): GC_CONCURRENT freed 241K, 3% free 9722K/10012K, paused 3ms+8ms, total 29ms
07-11 16:57:00.133 D/dalvikvm( 5790): GC_CONCURRENT freed 108K, 2% free 10081K/10228K, paused 3ms+2ms, total 38ms
07-11 16:57:00.133 D/dalvikvm( 5790): WAIT_FOR_CONCURRENT_GC blocked 11ms
07-11 16:57:00.234 D/dalvikvm( 5790): GC_CONCURRENT freed 266K, 3% free 10268K/10568K, paused 3ms+2ms, total 29ms
07-11 16:57:00.289 I/XGService( 5790): checkNativeMethod passed.
07-11 16:57:00.367 D/dalvikvm( 5790): GC_CONCURRENT freed 453K, 5% free 10285K/10776K, paused 2ms+14ms, total 35ms
07-11 16:57:00.484 D/dalvikvm( 4294): GC_CONCURRENT freed 337K, 11% free 9692K/10824K, paused 5ms+9ms, total 43ms
07-11 16:57:00.484 D/dalvikvm( 4294): WAIT_FOR_CONCURRENT_GC blocked 4ms
07-11 16:57:00.523 D/dalvikvm( 5790): GC_CONCURRENT freed 1555K, 16% free 9125K/10776K, paused 4ms+2ms, total 34ms
07-11 16:57:00.562 D/dalvikvm( 4294): GC_CONCURRENT freed 238K, 8% free 9965K/10824K, paused 4ms+3ms, total 37ms
07-11 16:57:00.570 D/dalvikvm( 4294): WAIT_FOR_CONCURRENT_GC blocked 19ms
07-11 16:57:00.617 D/dalvikvm( 4294): GC_CONCURRENT freed 421K, 8% free 9980K/10824K, paused 5ms+3ms, total 33ms
07-11 16:57:00.617 D/dalvikvm( 4294): WAIT_FOR_CONCURRENT_GC blocked 28ms
07-11 16:57:00.742 D/dalvikvm( 4294): GC_CONCURRENT freed 254K, 6% free 10238K/10824K, paused 2ms+6ms, total 44ms
07-11 16:57:00.742 D/dalvikvm( 4294): WAIT_FOR_CONCURRENT_GC blocked 27ms
07-11 16:57:00.765 D/dalvikvm( 5790): GC_CONCURRENT freed 297K, 15% free 9212K/10776K, paused 4ms+2ms, total 24ms
07-11 16:57:00.844 D/dalvikvm( 4294): GC_CONCURRENT freed 199K, 3% free 10550K/10824K, paused 2ms+3ms, total 45ms
07-11 16:57:00.844 D/dalvikvm( 4294): WAIT_FOR_CONCURRENT_GC blocked 29ms
07-11 16:57:00.969 D/dalvikvm( 4294): GC_CONCURRENT freed 202K, 3% free 10895K/11132K, paused 4ms+3ms, total 63ms
07-11 16:57:00.969 D/dalvikvm( 4294): WAIT_FOR_CONCURRENT_GC blocked 11ms
07-11 16:57:01.031 I/dalvikvm( 4294): Total arena pages for JIT: 11
07-11 16:57:01.031 I/dalvikvm( 4294): Total arena pages for JIT: 12
07-11 16:57:01.031 I/dalvikvm( 4294): Total arena pages for JIT: 13
07-11 16:57:01.031 I/dalvikvm( 4294): Total arena pages for JIT: 14
07-11 16:57:01.031 I/dalvikvm( 4294): Total arena pages for JIT: 15
07-11 16:57:01.031 I/dalvikvm( 4294): Total arena pages for JIT: 16
07-11 16:57:01.031 I/dalvikvm( 4294): Total arena pages for JIT: 17
07-11 16:57:01.148 I/dalvikvm( 4294): Total arena pages for JIT: 18
07-11 16:57:01.195 W/BackupManagerService(  374): dataChanged but no participant pkg='com.android.providers.settings' uid=10079
07-11 16:57:01.234 I/XGPushMessage( 5790): >>TPushBaseReceiver receiver msg>>
07-11 16:57:01.234 I/TPush   ( 5790): >>TPushBaseReceiver receiver msg>>Intent { act=com.tencent.android.tpush.action.FEEDBACK flg=0x10 pkg=com.mgyapp.android cmp=com.mgyapp.android/com.mgyun.general.push.XGPushActionRecevier (has extras) },Bundle[mParcelledData.dataSize=348]
07-11 16:57:01.234 I/XGPushMessage( 5790): >>XGPushBaseReceiver receiver feedbackHandler>>@feedbackType:1 ,@errorCode:0
07-11 16:57:01.297 D/dalvikvm( 4294): GC_CONCURRENT freed 694K, 7% free 10766K/11508K, paused 9ms+11ms, total 41ms
07-11 16:57:02.578 I/Velvet.VelvetFactory( 5368): refreshing search history.
07-11 16:57:02.601 W/Sidekick_LocationOracleImpl( 5368): Best location was null
07-11 16:57:02.640 D/dalvikvm( 5368): GC_CONCURRENT freed 275K, 4% free 9345K/9656K, paused 4ms+5ms, total 47ms
07-11 16:57:02.664 E/Velvet.VelvetBackgroundTasksImpl( 5368): Background task refresh_search_history failed
07-11 16:57:02.664 E/Velvet.VelvetBackgroundTasksImpl( 5368): java.lang.NullPointerException
07-11 16:57:02.664 E/Velvet.VelvetBackgroundTasksImpl( 5368): 	at com.google.common.base.Preconditions.checkNotNull(Preconditions.java:187)
07-11 16:57:02.664 E/Velvet.VelvetBackgroundTasksImpl( 5368): 	at com.google.android.apps.sidekick.LocationOracleImpl.getBgHandler(LocationOracleImpl.java:270)
07-11 16:57:02.664 E/Velvet.VelvetBackgroundTasksImpl( 5368): 	at com.google.android.apps.sidekick.LocationOracleImpl.requestRecentLocation(LocationOracleImpl.java:522)
07-11 16:57:02.664 E/Velvet.VelvetBackgroundTasksImpl( 5368): 	at com.google.android.searchcommon.google.complete.CompleteServerClient.query(CompleteServerClient.java:157)
07-11 16:57:02.664 E/Velvet.VelvetBackgroundTasksImpl( 5368): 	at com.google.android.searchcommon.google.AbstractGoogleWebSource.doQueryInternal(AbstractGoogleWebSource.java:61)
07-11 16:57:02.664 E/Velvet.VelvetBackgroundTasksImpl( 5368): 	at com.google.android.searchcommon.google.AbstractGoogleSource.getSuggestions(AbstractGoogleSource.java:65)
07-11 16:57:02.664 E/Velvet.VelvetBackgroundTasksImpl( 5368): 	at com.google.android.searchcommon.google.WebSuggestSourceWrapper.getSuggestions(WebSuggestSourceWrapper.java:60)
07-11 16:57:02.664 E/Velvet.VelvetBackgroundTasksImpl( 5368): 	at com.google.android.searchcommon.google.WebSuggestSourceWithLocalHistory.getSuggestions(WebSuggestSourceWithLocalHistory.java:111)
07-11 16:57:02.664 E/Velvet.VelvetBackgroundTasksImpl( 5368): 	at com.google.android.searchcommon.google.WebSuggestSourceWrapper.getSuggestions(WebSuggestSourceWrapper.java:60)
07-11 16:57:02.664 E/Velvet.VelvetBackgroundTasksImpl( 5368): 	at com.google.android.searchcommon.google.ZeroQueryCachingWebSuggestSource.getSuggestions(ZeroQueryCachingWebSuggestSource.java:105)
07-11 16:57:02.664 E/Velvet.VelvetBackgroundTasksImpl( 5368): 	at com.google.android.searchcommon.google.WebSuggestSourceWrapper.getSuggestions(WebSuggestSourceWrapper.java:60)
07-11 16:57:02.664 E/Velvet.VelvetBackgroundTasksImpl( 5368): 	at com.google.android.searchcommon.google.DeletedQueryRemovingSourceWrapper.getSuggestions(DeletedQueryRemovingSourceWrapper.java:47)
07-11 16:57:02.664 E/Velvet.VelvetBackgroundTasksImpl( 5368): 	at com.google.android.velvet.VelvetFactory$1.call(VelvetFactory.java:588)
07-11 16:57:02.664 E/Velvet.VelvetBackgroundTasksImpl( 5368): 	at com.google.android.velvet.VelvetFactory$1.call(VelvetFactory.java:584)
07-11 16:57:02.664 E/Velvet.VelvetBackgroundTasksImpl( 5368): 	at java.util.concurrent.FutureTask.run(FutureTask.java:234)
07-11 16:57:02.664 E/Velvet.VelvetBackgroundTasksImpl( 5368): 	at com.google.android.searchcommon.util.NamingTaskExecutor$1.run(NamingTaskExecutor.java:50)
07-11 16:57:02.664 E/Velvet.VelvetBackgroundTasksImpl( 5368): 	at java.util.concurrent.Executors$RunnableAdapter.call(Executors.java:390)
07-11 16:57:02.664 E/Velvet.VelvetBackgroundTasksImpl( 5368): 	at java.util.concurrent.FutureTask.run(FutureTask.java:234)
07-11 16:57:02.664 E/Velvet.VelvetBackgroundTasksImpl( 5368): 	at java.util.concurrent.ScheduledThreadPoolExecutor$ScheduledFutureTask.access$201(ScheduledThreadPoolExecutor.java:153)
07-11 16:57:02.664 E/Velvet.VelvetBackgroundTasksImpl( 5368): 	at java.util.concurrent.ScheduledThreadPoolExecutor$ScheduledFutureTask.run(ScheduledThreadPoolExecutor.java:267)
07-11 16:57:02.664 E/Velvet.VelvetBackgroundTasksImpl( 5368): 	at java.util.concurrent.ThreadPoolExecutor.runWorker(ThreadPoolExecutor.java:1080)
07-11 16:57:02.664 E/Velvet.VelvetBackgroundTasksImpl( 5368): 	at java.util.concurrent.ThreadPoolExecutor$Worker.run(ThreadPoolExecutor.java:573)
07-11 16:57:02.664 E/Velvet.VelvetBackgroundTasksImpl( 5368): 	at java.lang.Thread.run(Thread.java:841)
07-11 16:57:02.664 E/Velvet.VelvetBackgroundTasksImpl( 5368): 	at com.google.android.searchcommon.util.PriorityThreadFactory$1.run(PriorityThreadFactory.java:49)
07-11 16:57:13.500 D/dalvikvm( 4545): GC_CONCURRENT freed 380K, 5% free 10185K/10616K, paused 3ms+3ms, total 33ms
07-11 16:57:13.508 D/dalvikvm( 4545): Trying to load lib /data/app-lib/com.dragon.android.pandaspace-1/libBdMoplusMD5_V1.so 0x42080278
07-11 16:57:13.515 D/dalvikvm( 4545): Added shared lib /data/app-lib/com.dragon.android.pandaspace-1/libBdMoplusMD5_V1.so 0x42080278
07-11 16:57:13.515 D/dalvikvm( 4545): No JNI_OnLoad found in /data/app-lib/com.dragon.android.pandaspace-1/libBdMoplusMD5_V1.so 0x42080278, skipping init
07-11 16:57:13.617 D/dalvikvm( 4545): GC_FOR_ALLOC freed 158K, 6% free 10118K/10684K, paused 25ms, total 25ms
07-11 16:57:13.797 D/dalvikvm( 4545): GC_FOR_ALLOC freed 80K, 6% free 10116K/10684K, paused 27ms, total 36ms
07-11 16:57:13.890 D/dalvikvm( 4545): GC_FOR_ALLOC freed 79K, 6% free 10117K/10684K, paused 24ms, total 24ms
07-11 16:57:14.156 D/dalvikvm( 4545): GC_FOR_ALLOC freed 79K, 6% free 10117K/10684K, paused 24ms, total 24ms
07-11 16:57:14.242 D/dalvikvm( 4545): GC_FOR_ALLOC freed 80K, 6% free 10117K/10684K, paused 24ms, total 24ms
07-11 16:57:14.359 D/dalvikvm( 4545): GC_FOR_ALLOC freed 79K, 6% free 10117K/10684K, paused 24ms, total 24ms
07-11 16:57:14.617 D/dalvikvm( 4545): GC_FOR_ALLOC freed 79K, 6% free 10117K/10684K, paused 24ms, total 24ms
07-11 16:57:15.258 D/dalvikvm( 4545): GC_FOR_ALLOC freed 76K, 6% free 10118K/10684K, paused 23ms, total 23ms
07-11 16:57:15.304 D/dalvikvm( 4545): GC_FOR_ALLOC freed 79K, 6% free 10118K/10684K, paused 24ms, total 24ms
07-11 16:57:15.398 W/SystemClock(  565): time going backwards: prev 112811069915445(ioctl) vs now 112811069518716(ioctl), tid=854
07-11 16:57:15.562 D/dalvikvm( 4545): GC_FOR_ALLOC freed 72K, 6% free 10118K/10684K, paused 24ms, total 24ms
07-11 16:57:15.625 D/dalvikvm( 4545): GC_FOR_ALLOC freed 79K, 6% free 10118K/10684K, paused 23ms, total 24ms
07-11 16:57:15.719 D/dalvikvm( 4545): GC_FOR_ALLOC freed 80K, 6% free 10118K/10684K, paused 24ms, total 24ms
07-11 16:57:15.828 D/dalvikvm( 4545): GC_FOR_ALLOC freed 73K, 6% free 10119K/10684K, paused 23ms, total 23ms
07-11 16:57:15.976 D/dalvikvm( 4545): GC_FOR_ALLOC freed 79K, 6% free 10119K/10684K, paused 23ms, total 24ms
07-11 16:57:16.047 D/dalvikvm( 4545): GC_FOR_ALLOC freed 79K, 6% free 10119K/10684K, paused 26ms, total 26ms
07-11 16:57:16.250 D/dalvikvm( 4545): GC_FOR_ALLOC freed 79K, 6% free 10119K/10684K, paused 23ms, total 23ms
07-11 16:57:16.367 D/dalvikvm( 4545): GC_FOR_ALLOC freed 79K, 6% free 10119K/10684K, paused 24ms, total 24ms
07-11 16:57:16.437 D/dalvikvm( 4545): GC_FOR_ALLOC freed 74K, 6% free 10120K/10684K, paused 25ms, total 25ms
07-11 16:57:16.812 D/dalvikvm( 4545): GC_FOR_ALLOC freed 79K, 6% free 10120K/10684K, paused 23ms, total 23ms
07-11 16:57:17.039 D/dalvikvm( 4545): GC_FOR_ALLOC freed 73K, 6% free 10120K/10684K, paused 24ms, total 25ms
07-11 16:57:17.117 D/dalvikvm( 4545): GC_FOR_ALLOC freed 73K, 6% free 10120K/10684K, paused 23ms, total 23ms
07-11 16:57:17.172 D/dalvikvm( 4545): GC_FOR_ALLOC freed 79K, 6% free 10120K/10684K, paused 24ms, total 24ms
07-11 16:57:17.234 D/dalvikvm( 4545): GC_FOR_ALLOC freed 79K, 6% free 10121K/10684K, paused 24ms, total 24ms
07-11 16:57:17.461 D/dalvikvm( 4545): GC_FOR_ALLOC freed 73K, 6% free 10121K/10684K, paused 24ms, total 24ms
07-11 16:57:17.836 D/dalvikvm( 4545): GC_FOR_ALLOC freed 73K, 6% free 10121K/10684K, paused 24ms, total 24ms
07-11 16:57:18.008 D/dalvikvm( 4545): GC_FOR_ALLOC freed 80K, 6% free 10121K/10684K, paused 24ms, total 24ms
07-11 16:57:18.140 D/dalvikvm( 4545): GC_FOR_ALLOC freed 74K, 6% free 10121K/10684K, paused 24ms, total 24ms
07-11 16:57:18.179 D/dalvikvm( 4545): GC_FOR_ALLOC freed 73K, 6% free 10122K/10684K, paused 24ms, total 24ms
07-11 16:57:18.437 D/dalvikvm( 4545): GC_FOR_ALLOC freed 79K, 6% free 10122K/10684K, paused 24ms, total 24ms
07-11 16:57:18.781 D/dalvikvm( 4545): GC_FOR_ALLOC freed 74K, 6% free 10122K/10680K, paused 29ms, total 30ms
07-11 16:57:19.023 D/dalvikvm( 4545): GC_FOR_ALLOC freed 73K, 6% free 10122K/10680K, paused 23ms, total 23ms
07-11 16:57:19.187 D/dalvikvm( 4545): GC_FOR_ALLOC freed 76K, 6% free 10122K/10680K, paused 23ms, total 24ms
07-11 16:57:19.273 D/dalvikvm( 4545): GC_FOR_ALLOC freed 72K, 6% free 10123K/10680K, paused 23ms, total 23ms
07-11 16:57:19.328 D/dalvikvm( 4545): GC_FOR_ALLOC freed 79K, 6% free 10123K/10680K, paused 27ms, total 27ms
07-11 16:57:19.578 D/Finsky  ( 5122): [1] 3.onErrorResponse: Verification id=18 error response com.android.volley.TimeoutError
07-11 16:57:19.586 D/Volley  ( 5122): [1] Request.finish: 110985 ms: [ ] https://safebrowsing.google.com/safebrowsing/clientreport/download 0xc9395b26 NORMAL 1
07-11 16:57:19.586 W/PackageManager(  374): Invalid verification token 18 received
07-11 16:57:19.765 D/dalvikvm( 4545): GC_FOR_ALLOC freed 74K, 6% free 10123K/10680K, paused 23ms, total 24ms
07-11 16:57:19.836 D/dalvikvm( 4545): GC_FOR_ALLOC freed 79K, 6% free 10123K/10680K, paused 24ms, total 24ms
07-11 16:57:20.164 D/dalvikvm( 4545): GC_FOR_ALLOC freed 79K, 6% free 10123K/10680K, paused 24ms, total 24ms
07-11 16:57:20.234 D/dalvikvm( 4545): GC_FOR_ALLOC freed 80K, 6% free 10124K/10680K, paused 24ms, total 24ms
07-11 16:57:20.922 D/dalvikvm( 4545): GC_FOR_ALLOC freed 72K, 6% free 10124K/10680K, paused 23ms, total 24ms
07-11 16:57:21.047 D/dalvikvm( 4545): GC_FOR_ALLOC freed 79K, 6% free 10124K/10680K, paused 24ms, total 24ms
07-11 16:57:21.125 D/dalvikvm( 4545): GC_FOR_ALLOC freed 79K, 6% free 10124K/10680K, paused 23ms, total 23ms
07-11 16:57:21.234 D/MDM :   ( 3259): [null:-1]->MSG_WEBSOCKET_MESSAGE : {"id":1535874994,"type":0,"command":0,"result":0,"reason":0,"params":{"msgId":"0b0ccb6f-d20d-4a22-ab00-ae150aacf013,0b0ccb6fd20d4a22ab00ae150aacf013","device":"ffffffffc539bb10fffffffff7aea961","message":"{\"cmd\":\"10119\"}"}}
07-11 16:57:21.273 D/MdmService( 3259): [null:-1]->push message type :0
07-11 16:57:21.273 D/MdmService( 3259): [null:-1]->cmdMessage : {"cmd":"10119"}
07-11 16:57:21.273 D/MdmService( 3259): [null:-1]->command : PushCommandMsg{cmd='10119', msg='null'}
07-11 16:57:21.273 D/MDM :   ( 3259): [null:-1]->PUSH CMD: 10119
07-11 16:57:21.281 D/MdmStatusManager( 3259): [null:-1]->change status to : Busy
07-11 16:57:21.469 D/DB      ( 3259): query: SQLiteQuery: SELECT content, command_status, status FROM command WHERE status!=2
07-11 16:57:21.469 D/DB      ( 3259): factory null
07-11 16:57:21.469 D/DB      ( 3259): fillWindow: 0
07-11 16:57:21.469 D/DB      ( 3259): cursor 0
07-11 16:57:21.469 D/DB      ( 3259): moveToPos: 0
07-11 16:57:21.469 I/TransInfo( 3259): TransInfo created, id: 3, class: class com.pekall.emdm.transaction.b.c
07-11 16:57:21.476 D/NetworkThread( 3259): [null:-1]->----isRunning-----true
07-11 16:57:21.476 D/NetworkThread( 3259): [null:-1]->----isRunning-----true
07-11 16:57:21.476 D/NetworkThread( 3259): [null:-1]->thread wakeup
07-11 16:57:21.476 D/HttpClient( 3259): enable apache.http debug
07-11 16:57:21.484 V/DEBUG   ( 3259): HTTP 0
07-11 16:57:21.617 D/dalvikvm( 4545): GC_FOR_ALLOC freed 79K, 6% free 10124K/10680K, paused 24ms, total 34ms
07-11 16:57:21.648 D/dalvikvm( 4545): GC_FOR_ALLOC freed 74K, 6% free 10125K/10680K, paused 23ms, total 24ms
07-11 16:57:21.773 V/DEBUG   ( 3259): HTTP 1
07-11 16:57:21.789 D/MDM :   ( 3259): [null:-1]->read network input stream
07-11 16:57:21.804 D/CheckInTransInfo( 3259): [null:-1]->CommandMsg : CommandMsg{CommandUUID='8a8088bf471a79ec014724a43bac5d48', Command=CommandRemoveApp{Identifier='by.game.binumbers', fromMarket=true}}
07-11 16:57:21.804 D/DB      ( 3259): query: SQLiteQuery: SELECT * FROM command WHERE cmd_uuid='8a8088bf471a79ec014724a43bac5d48'
07-11 16:57:21.804 D/DB      ( 3259): factory null
07-11 16:57:21.804 D/DB      ( 3259): fillWindow: 0
07-11 16:57:21.812 D/DB      ( 3259): cursor 0
07-11 16:57:21.883 D/dalvikvm( 4545): GC_FOR_ALLOC freed 79K, 6% free 10125K/10680K, paused 24ms, total 24ms
07-11 16:57:21.890 W/dalvikvm( 4545): VFY: unable to find class referenced in signature (Lcom/baidu/location/LocationClient;)
07-11 16:57:21.890 W/dalvikvm( 4545): VFY: unable to find class referenced in signature (Lcom/baidu/location/LocationClient;)
07-11 16:57:21.890 I/dalvikvm( 4545): Could not find method com.baidu.location.LocationClient.isStarted, referenced from method com.baidu.android.nebula.util.a.run
07-11 16:57:21.890 W/dalvikvm( 4545): VFY: unable to resolve virtual method 7869: Lcom/baidu/location/LocationClient;.isStarted ()Z
07-11 16:57:21.890 D/dalvikvm( 4545): VFY: replacing opcode 0x6e at 0x000f
07-11 16:57:21.906 D/NetworkThread( 3259): [null:-1]->queue is empty, thread wait...
07-11 16:57:22.008 D/MdmService( 3259): [null:-1]->handleCheckInResult
07-11 16:57:22.008 D/MdmService( 3259): [null:-1]->handleCheckInResult result keyIndex: 3
07-11 16:57:22.015 D/CommandManager( 3259): [null:-1]->execute command: CommandMsg{CommandUUID='8a8088bf471a79ec014724a43bac5d48', Command=CommandRemoveApp{Identifier='by.game.binumbers', fromMarket=true}}
07-11 16:57:22.015 D/TEST_ALL( 3259): [null:-1]->REQ_TYPE_RM_APP
07-11 16:57:22.086 I/ActivityManager(  374): START u0 {act=android.intent.action.DELETE dat=package:by.game.binumbers flg=0x10000000 cmp=com.android.packageinstaller/.UninstallerActivity} from pid 3259
07-11 16:57:22.109 D/DB      ( 3259): query: SQLiteQuery: SELECT * FROM app WHERE readStatus =0
07-11 16:57:22.109 D/DB      ( 3259): factory null
07-11 16:57:22.109 D/DB      ( 3259): fillWindow: 0
07-11 16:57:22.109 D/DB      ( 3259): cursor 0
07-11 16:57:22.109 D/DB      ( 3259): query: SQLiteQuery: SELECT * FROM app WHERE type = 51107
07-11 16:57:22.109 D/DB      ( 3259): factory null
07-11 16:57:22.109 D/DB      ( 3259): fillWindow: 0
07-11 16:57:22.109 I/ActivityManager(  374): Start proc com.android.packageinstaller for activity com.android.packageinstaller/.UninstallerActivity: pid=5866 uid=10045 gids={50045, 1028}
07-11 16:57:22.117 D/DB      ( 3259): cursor 1
07-11 16:57:22.117 E/Mdm     ( 3259): Call Mdm service's recordIconCount function
07-11 16:57:22.125 D/DB      ( 3259): moveToPos: 0
07-11 16:57:22.125 D/DB      ( 3259): onMove: 0
07-11 16:57:22.125 D/DB      ( 3259): moveToPos: 1
07-11 16:57:22.242 I/TransInfo( 3259): TransInfo created, id: 3, class: class com.pekall.emdm.transaction.b.c
07-11 16:57:22.242 D/NetworkThread( 3259): [null:-1]->----isRunning-----true
07-11 16:57:22.242 D/NetworkThread( 3259): [null:-1]->----isRunning-----true
07-11 16:57:22.242 D/NetworkThread( 3259): [null:-1]->thread wakeup
07-11 16:57:22.250 D/HttpClient( 3259): enable apache.http debug
07-11 16:57:22.258 V/DEBUG   ( 3259): HTTP 0
07-11 16:57:22.328 D/dalvikvm( 5866): GC_FOR_ALLOC freed 52K, 1% free 8986K/9076K, paused 36ms, total 36ms
07-11 16:57:22.328 I/dalvikvm-heap( 5866): Grow heap (frag case) to 9.808MB for 1048592-byte allocation
07-11 16:57:22.359 D/dalvikvm( 5866): GC_FOR_ALLOC freed <1K, 1% free 10010K/10104K, paused 27ms, total 27ms
07-11 16:57:22.383 D/dalvikvm( 5866): GC_CONCURRENT freed <1K, 1% free 10009K/10104K, paused 3ms+2ms, total 31ms
07-11 16:57:22.445 D/dalvikvm( 5866): GC_FOR_ALLOC freed <1K, 1% free 10009K/10104K, paused 16ms, total 16ms
07-11 16:57:22.461 I/dalvikvm-heap( 5866): Grow heap (frag case) to 13.807MB for 4194320-byte allocation
07-11 16:57:22.484 D/dalvikvm( 5866): GC_FOR_ALLOC freed 0K, 1% free 14105K/14204K, paused 22ms, total 22ms
07-11 16:57:22.500 D/dalvikvm( 5866): GC_CONCURRENT freed <1K, 1% free 14105K/14204K, paused 1ms+2ms, total 19ms
07-11 16:57:22.531 V/DEBUG   ( 3259): HTTP 1
07-11 16:57:22.531 D/MdmDatabaseHelper( 3259): [null:-1]->update command 8a8088bf471a79ec014724a43bac5d48 to status executed
07-11 16:57:22.562 D/NetworkThread( 3259): [null:-1]->queue is empty, thread wait...
07-11 16:57:22.633 D/MdmService( 3259): [null:-1]->handleCheckInResult
07-11 16:57:22.633 D/MdmService( 3259): [null:-1]->handleCheckInResult result keyIndex: 3
07-11 16:57:22.633 D/HandleCommandTask( 3259): [null:-1]->execute command msg but beanBase is null
07-11 16:57:22.633 D/MdmStatusManager( 3259): [null:-1]->change status to : Idle
07-11 16:57:22.789 D/libEGL  ( 5866): loaded /vendor/lib/egl/libEGL_POWERVR_SGX540_120.so
