07-11 16:57:22.804 D/libEGL  ( 5866): loaded /vendor/lib/egl/libGLESv1_CM_POWERVR_SGX540_120.so
07-11 16:57:22.812 D/libEGL  ( 5866): loaded /vendor/lib/egl/libGLESv2_POWERVR_SGX540_120.so
07-11 16:57:22.851 I/ActivityManager(  374): No longer want com.google.android.apps.maps:GoogleLocationService (pid 1011): empty for 1800s
07-11 16:57:22.867 W/ActivityManager(  374): Scheduling restart of crashed service com.google.android.apps.maps/com.google.android.location.internal.server.GoogleLocationService in 5000ms
07-11 16:57:22.922 D/OpenGLRenderer( 5866): Enabling debug mode 0
07-11 16:57:23.109 I/ActivityManager(  374): Displayed com.android.packageinstaller/.UninstallerActivity: +1s16ms
07-11 16:57:27.195 D/MdmService( 3259): [null:-1]->receiver action :com.pekall.mdm.action.MDM_ALARM
07-11 16:57:27.203 D/MdmService( 3259): [null:-1]->keepAliveWithPushServer client is opened:true
07-11 16:57:27.203 D/MDM :   ( 3259): [null:-1]->ping!!!!!!!!!
07-11 16:57:27.211 D/MdmService( 3259): [null:-1]->pushUrl : ws://192.168.10.91:9070/websocket
07-11 16:57:27.211 D/MDM :   ( 3259): [null:-1]->mMdmPushClient is :not null
07-11 16:57:27.211 D/MDM :   ( 3259): [null:-1]->mMdmPushClient opened : opened
07-11 16:57:27.211 D/MDM :   ( 3259): [null:-1]->MSG_WEBSOCKET_PONG
07-11 16:57:27.890 I/ActivityManager(  374): Start proc com.google.android.apps.maps:GoogleLocationService for service com.google.android.apps.maps/com.google.android.location.internal.server.GoogleLocationService: pid=5890 uid=10038 gids={50038, 3003, 1015, 1028}
07-11 16:57:28.351 D/dalvikvm(  374): GC_CONCURRENT freed 3696K, 29% free 22889K/31932K, paused 4ms+14ms, total 143ms
07-11 16:57:28.484 D/dalvikvm( 5890): GC_CONCURRENT freed 240K, 3% free 9139K/9420K, paused 5ms+2ms, total 35ms
07-11 16:57:28.547 D/dalvikvm( 5890): GC_FOR_ALLOC freed 91K, 3% free 9319K/9604K, paused 18ms, total 18ms
07-11 16:57:28.570 D/dalvikvm( 5890): GC_FOR_ALLOC freed 64K, 4% free 9351K/9704K, paused 18ms, total 18ms
07-11 16:57:28.656 D/dalvikvm( 5890): GC_CONCURRENT freed 443K, 6% free 9392K/9888K, paused 3ms+3ms, total 39ms
07-11 16:57:28.773 D/dalvikvm( 5890): GC_CONCURRENT freed 141K, 2% free 9753K/9932K, paused 2ms+3ms, total 41ms
07-11 16:57:28.929 I/ActivityManager(  374): Start proc com.google.android.apps.maps:FriendService for broadcast com.google.android.apps.maps/com.google.googlenav.friend.android.ServiceReceiver: pid=5923 uid=10038 gids={50038, 3003, 1015, 1028}
07-11 16:57:28.984 W/Settings( 5890): Setting airplane_mode_on has moved from android.provider.Settings.System to android.provider.Settings.Global, returning read-only value.
07-11 16:57:29.094 W/ActivityManager(  374): Permission denied: checkComponentPermission() owningUid=10009
07-11 16:57:29.094 W/BroadcastQueue(  374): Permission Denial: broadcasting Intent { act=com.google.android.location.internal.server.ACTION_RESTARTED flg=0x10 } from com.google.android.apps.maps (pid=5890, uid=10038) is not exported from uid 10009 due to receiver com.google.android.gms/com.google.android.location.reporting.service.ExternalChangeReceiver
07-11 16:57:29.109 I/ActivityManager(  374): Start proc com.google.android.apps.maps:LocationFriendService for broadcast com.google.android.apps.maps/com.google.googlenav.friend.reporting.LocationReportingIntentReceiver: pid=5936 uid=10038 gids={50038, 3003, 1015, 1028}
07-11 16:57:30.351 D/dalvikvm( 5890): GC_CONCURRENT freed 754K, 8% free 9408K/10200K, paused 2ms+2ms, total 27ms
07-11 16:57:30.656 W/System.err( 5790): java.io.FileNotFoundException: /data/data/com.mgyapp.android/files/.cfpaps.i: open failed: ENOENT (No such file or directory)
07-11 16:57:30.672 W/System.err( 5790): 	at libcore.io.IoBridge.open(IoBridge.java:409)
07-11 16:57:30.672 W/System.err( 5790): 	at java.io.FileInputStream.<init>(FileInputStream.java:78)
07-11 16:57:30.672 W/System.err( 5790): 	at android.app.ContextImpl.openFileInput(ContextImpl.java:702)
07-11 16:57:30.672 W/System.err( 5790): 	at android.content.ContextWrapper.openFileInput(ContextWrapper.java:173)
07-11 16:57:30.672 W/System.err( 5790): 	at com.mgyun.shua.jc.service.f.run(Unknown Source)
07-11 16:57:30.672 W/System.err( 5790): 	at com.mgyun.shua.jc.service.CpWorkServer.onHandleIntent(Unknown Source)
07-11 16:57:30.672 W/System.err( 5790): 	at android.app.IntentService$ServiceHandler.handleMessage(IntentService.java:65)
07-11 16:57:30.672 W/System.err( 5790): 	at android.os.Handler.dispatchMessage(Handler.java:99)
07-11 16:57:30.672 W/System.err( 5790): 	at android.os.Looper.loop(Looper.java:137)
07-11 16:57:30.672 W/System.err( 5790): 	at android.os.HandlerThread.run(HandlerThread.java:61)
07-11 16:57:30.672 W/System.err( 5790): Caused by: libcore.io.ErrnoException: open failed: ENOENT (No such file or directory)
07-11 16:57:30.672 W/System.err( 5790): 	at libcore.io.Posix.open(Native Method)
07-11 16:57:30.672 W/System.err( 5790): 	at libcore.io.BlockGuardOs.open(BlockGuardOs.java:110)
07-11 16:57:30.672 W/System.err( 5790): 	at libcore.io.IoBridge.open(IoBridge.java:393)
07-11 16:57:30.672 W/System.err( 5790): 	... 9 more
07-11 16:57:30.695 D/dalvikvm( 5790): GC_CONCURRENT freed 447K, 15% free 9164K/10776K, paused 2ms+2ms, total 35ms
07-11 16:57:33.390 D/AndroidRuntime( 5957): 
07-11 16:57:33.390 D/AndroidRuntime( 5957): >>>>>> AndroidRuntime START com.android.internal.os.RuntimeInit <<<<<<
07-11 16:57:33.390 D/AndroidRuntime( 5957): CheckJNI is OFF
07-11 16:57:33.437 D/dalvikvm( 5957): Trying to load lib libjavacore.so 0x0
07-11 16:57:33.453 D/dalvikvm( 5957): Added shared lib libjavacore.so 0x0
07-11 16:57:33.476 D/dalvikvm( 5957): Trying to load lib libnativehelper.so 0x0
07-11 16:57:33.476 D/dalvikvm( 5957): Added shared lib libnativehelper.so 0x0
07-11 16:57:33.515 I/dalvikvm( 5957): DexOpt: source file mod time mismatch (44eb8275 vs 44eb86f6)
07-11 16:57:33.515 D/dalvikvm( 5957): ODEX file is stale or bad; removing and retrying (/data/local/tmp/dalvik-cache/data@local@tmp@MDMMobileTest.jar@classes.dex)
07-11 16:57:33.515 D/dalvikvm( 5957): DexOpt: --- BEGIN 'MDMMobileTest.jar' (bootstrap=0) ---
07-11 16:57:33.570 D/dalvikvm( 5958): DexOpt: load 8ms, verify+opt 4ms, 124100 bytes
07-11 16:57:33.594 D/dalvikvm( 5957): DexOpt: --- END 'MDMMobileTest.jar' (success) ---
07-11 16:57:33.594 D/dalvikvm( 5957): DEX prep '/data/local/tmp/MDMMobileTest.jar': unzip in 2ms, rewrite 79ms
07-11 16:57:33.898 D/AndroidRuntime( 5957): Calling main entry com.android.commands.uiautomator.Launcher
07-11 16:57:33.945 E/UiDevice( 5957): Exceuting watcher: ANRWatcher
07-11 16:57:33.945 E/UiDevice( 5957): java.lang.RuntimeException: UiDevice not initialized
07-11 16:57:33.945 E/UiDevice( 5957): 	at com.android.uiautomator.core.UiDevice.getAutomatorBridge(UiDevice.java:87)
07-11 16:57:33.945 E/UiDevice( 5957): 	at com.android.uiautomator.core.UiDevice.wakeUp(UiDevice.java:719)
07-11 16:57:33.945 E/UiDevice( 5957): 	at com.pekall.test.mdmui.util.UiANRWatcher.checkForCondition(UiANRWatcher.java:23)
07-11 16:57:33.945 E/UiDevice( 5957): 	at com.android.uiautomator.core.UiDevice.runWatchers(UiDevice.java:554)
07-11 16:57:33.945 E/UiDevice( 5957): 	at com.pekall.test.mdmui.util.UiANRWatcher.run(UiANRWatcher.java:41)
07-11 16:57:33.945 E/UiDevice( 5957): 	at com.pekall.test.mdmui.App.<clinit>(App.java:24)
07-11 16:57:33.945 E/UiDevice( 5957): 	at java.lang.Class.newInstanceImpl(Native Method)
07-11 16:57:33.945 E/UiDevice( 5957): 	at java.lang.Class.newInstance(Class.java:1130)
07-11 16:57:33.945 E/UiDevice( 5957): 	at com.android.uiautomator.testrunner.TestCaseCollector.addSingleTestMethod(TestCaseCollector.java:110)
07-11 16:57:33.945 E/UiDevice( 5957): 	at com.android.uiautomator.testrunner.TestCaseCollector.addTestClass(TestCaseCollector.java:86)
07-11 16:57:33.945 E/UiDevice( 5957): 	at com.android.uiautomator.testrunner.TestCaseCollector.addTestClass(TestCaseCollector.java:72)
07-11 16:57:33.945 E/UiDevice( 5957): 	at com.android.uiautomator.testrunner.TestCaseCollector.addTestClasses(TestCaseCollector.java:53)
07-11 16:57:33.945 E/UiDevice( 5957): 	at com.android.uiautomator.testrunner.UiAutomatorTestRunner.start(UiAutomatorTestRunner.java:106)
07-11 16:57:33.945 E/UiDevice( 5957): 	at com.android.uiautomator.testrunner.UiAutomatorTestRunner.run(UiAutomatorTestRunner.java:96)
07-11 16:57:33.945 E/UiDevice( 5957): 	at com.android.commands.uiautomator.RunTestCommand.run(RunTestCommand.java:91)
07-11 16:57:33.945 E/UiDevice( 5957): 	at com.android.commands.uiautomator.Launcher.main(Launcher.java:83)
07-11 16:57:33.945 E/UiDevice( 5957): 	at com.android.internal.os.RuntimeInit.nativeFinishInit(Native Method)
07-11 16:57:33.945 E/UiDevice( 5957): 	at com.android.internal.os.RuntimeInit.main(RuntimeInit.java:235)
07-11 16:57:33.945 E/UiDevice( 5957): 	at dalvik.system.NativeStart.main(Native Method)
07-11 16:57:33.969 D/dalvikvm( 5957): Note: class Landroid/app/ActivityManagerNative; has 163 unimplemented (abstract) methods
07-11 16:57:34.062 I/PowerManagerService(  374): Waking up from sleep...
07-11 16:57:34.109 I/WindowManager(  374): Lock screen displayed!
07-11 16:57:34.422 D/PowerManagerService-JNI(  374): Excessive delay in autosuspend_disable() while turning screen on: 353ms
07-11 16:57:34.422 D/SurfaceFlinger(  124): Screen acquired, type=0 flinger=0x400b4008
07-11 16:57:34.508 D/LightsService(  374): Excessive delay setting light: 88ms
07-11 16:57:34.687 V/DigitalWidgetViewsFactory( 5680): DigitalWidget sets next alarm string to null
07-11 16:57:34.804 D/AndroidRuntime( 5988): 
07-11 16:57:34.804 D/AndroidRuntime( 5988): >>>>>> AndroidRuntime START com.android.internal.os.RuntimeInit <<<<<<
07-11 16:57:34.804 D/AndroidRuntime( 5988): CheckJNI is OFF
07-11 16:57:34.812 D/dalvikvm( 5988): Trying to load lib libjavacore.so 0x0
07-11 16:57:34.812 D/dalvikvm( 5988): Added shared lib libjavacore.so 0x0
07-11 16:57:34.828 D/dalvikvm( 5988): Trying to load lib libnativehelper.so 0x0
07-11 16:57:34.828 D/dalvikvm( 5988): Added shared lib libnativehelper.so 0x0
07-11 16:57:35.008 D/AndroidRuntime( 5988): Calling main entry com.qihoo360.powerctl.root.app.App
07-11 16:57:35.008 D/AndroidRuntime( 5988): Shutting down VM
07-11 16:57:35.008 D/dalvikvm( 5988): Debugger has detached; object registry had 1 entries
07-11 16:57:35.008 I/AndroidRuntime( 5988): NOTE: attach of thread 'Binder_1' failed
07-11 16:57:36.031 I/QueryController( 5957): Matched selector: UiSelector[DESCRIPTION=] <<==>> [android.view.accessibility.AccessibilityNodeInfo@350fa8; boundsInParent: Rect(0, 0 - 720, 756); boundsInScreen: Rect(0, 547 - 720, 1303); packageName: android; className: android.view.View; text: null; contentDescription: ; viewIdResName: android:id/glow_pad_view; checkable: false; checked: false; focusable: false; focused: false; selected: false; clickable: false; longClickable: false; enabled: true; password: false; scrollable: false; [ACTION_SELECT, ACTION_CLEAR_SELECTION, ACTION_ACCESSIBILITY_FOCUS, ACTION_NEXT_AT_MOVEMENT_GRANULARITY, ACTION_PREVIOUS_AT_MOVEMENT_GRANULARITY, ACTION_SET_SELECTION]]
07-11 16:57:36.047 W/GlowPadView(  374): The number of target drawables must be equal to the number of direction descriptions.
07-11 16:57:36.367 D/MdmApplication( 3259): [null:-1]->onActivityStarted market.activity.AppListActivity , mActivityCount = 4
07-11 16:57:36.375 D/MDM :   ( 3259): [null:-1]->query
07-11 16:57:36.383 D/MDM :   ( 3259): [null:-1]->QUERY_PINCODE_CHECK_RESULT
07-11 16:57:36.390 D/PhoneStatusBar(  450): disable: < expand icons alerts ticker system_info BACK HOME recent* CLOCK search >
07-11 16:57:36.461 D/NfcService(  592): NFC-C ON
07-11 16:57:36.500 D/PhoneStatusBar(  450): disable: < expand icons alerts ticker system_info back* home* recent clock* search >
07-11 16:57:36.890 V/TAG     (  374): bug 7643792: fitSystemWindows([0,50][0,0])
07-11 16:57:36.922 D/dalvikvm( 4565): GC_CONCURRENT freed 331K, 4% free 10023K/10412K, paused 11ms+34ms, total 113ms
07-11 16:57:36.992 I/RootJni ( 6010): su: permission denied
07-11 16:57:37.054 D/AndroidRuntime( 6009): 
07-11 16:57:37.054 D/AndroidRuntime( 6009): >>>>>> AndroidRuntime START com.android.internal.os.RuntimeInit <<<<<<
07-11 16:57:37.054 D/AndroidRuntime( 6009): CheckJNI is OFF
07-11 16:57:37.070 D/dalvikvm( 6009): Trying to load lib libjavacore.so 0x0
07-11 16:57:37.078 D/dalvikvm( 6009): Added shared lib libjavacore.so 0x0
07-11 16:57:37.094 D/dalvikvm( 6009): Trying to load lib libnativehelper.so 0x0
07-11 16:57:37.094 D/dalvikvm( 6009): Added shared lib libnativehelper.so 0x0
07-11 16:57:37.406 D/AndroidRuntime( 6009): Calling main entry com.qihoo360.powerctl.root.app.App
07-11 16:57:37.406 D/AndroidRuntime( 6009): Shutting down VM
07-11 16:57:37.406 D/dalvikvm( 6009): Debugger has detached; object registry had 1 entries
07-11 16:57:37.828 I/QueryController( 5957): Matched selector: UiSelector[TEXT=] <<==>> [android.view.accessibility.AccessibilityNodeInfo@90b2; boundsInParent: Rect(0, 0 - 384, 48); boundsInScreen: Rect(168, 596 - 552, 644); packageName: com.android.packageinstaller; className: android.widget.TextView; text: ; contentDescription: null; viewIdResName: com.android.packageinstaller:id/uninstall_confirm; checkable: false; checked: false; focusable: false; focused: false; selected: false; clickable: false; longClickable: false; enabled: true; password: false; scrollable: false; [ACTION_SELECT, ACTION_CLEAR_SELECTION, ACTION_ACCESSIBILITY_FOCUS, ACTION_NEXT_AT_MOVEMENT_GRANULARITY, ACTION_PREVIOUS_AT_MOVEMENT_GRANULARITY, ACTION_SET_SELECTION]]
07-11 16:57:37.844 I/QueryController( 5957): Matched selector: UiSelector[TEXT=, CLASS=android.widget.Button] <<==>> [android.view.accessibility.AccessibilityNodeInfo@9bf5; boundsInParent: Rect(0, 0 - 191, 96); boundsInScreen: Rect(361, 694 - 552, 790); packageName: com.android.packageinstaller; className: android.widget.Button; text: ; contentDescription: null; viewIdResName: com.android.packageinstaller:id/ok_button; checkable: false; checked: false; focusable: true; focused: false; selected: false; clickable: true; longClickable: false; enabled: true; password: false; scrollable: false; [ACTION_FOCUS, ACTION_SELECT, ACTION_CLEAR_SELECTION, ACTION_CLICK, ACTION_ACCESSIBILITY_FOCUS, ACTION_NEXT_AT_MOVEMENT_GRANULARITY, ACTION_PREVIOUS_AT_MOVEMENT_GRANULARITY, ACTION_SET_SELECTION]]
07-11 16:57:37.851 D/InteractionController( 5957): clickAndWaitForNewWindow(456, 742)
07-11 16:57:37.961 I/ActivityManager(  374): START u0 {act=android.intent.action.VIEW cmp=com.android.packageinstaller/.UninstallAppProgress (has extras)} from pid 5866
07-11 16:57:38.086 I/ActivityManager(  374): Force stopping package by.game.binumbers appid=10083 user=-1
07-11 16:57:38.094 W/PackageManager(  374): Couldn't delete native library directory /data/app-lib/by.game.binumbers
07-11 16:57:38.250 I/ActivityManager(  374): Force stopping package by.game.binumbers appid=10083 user=0
07-11 16:57:38.359 D/dalvikvm( 4476): GC_EXPLICIT freed 115K, 7% free 9228K/9836K, paused 3ms+4ms, total 70ms
07-11 16:57:38.390 D/dalvikvm(  833): GC_EXPLICIT freed 504K, 18% free 12824K/15584K, paused 4ms+8ms, total 121ms
07-11 16:57:38.461 D/dalvikvm( 5866): GC_EXPLICIT freed 1116K, 9% free 13180K/14332K, paused 3ms+4ms, total 44ms
07-11 16:57:38.531 D/dalvikvm( 2858): GC_EXPLICIT freed 527K, 7% free 9066K/9728K, paused 3ms+24ms, total 136ms
07-11 16:57:38.531 D/dalvikvm(  605): GC_EXPLICIT freed 5319K, 42% free 13937K/23692K, paused 106ms+11ms, total 191ms
07-11 16:57:38.594 D/dalvikvm( 3259): GC_EXPLICIT freed 1874K, 33% free 17273K/25600K, paused 84ms+13ms, total 205ms
07-11 16:57:38.601 D/dalvikvm( 5122): GC_EXPLICIT freed 957K, 10% free 9167K/10164K, paused 27ms+17ms, total 231ms
07-11 16:57:38.609 I/ActivityManager(  374): Displayed com.android.packageinstaller/.UninstallAppProgress: +585ms
07-11 16:57:38.617 D/dalvikvm(32313): GC_EXPLICIT freed 388K, 8% free 9367K/10152K, paused 20ms+25ms, total 244ms
07-11 16:57:38.640 I/Launcher(  605): Deferring update until onResume
07-11 16:57:38.648 D/dalvikvm( 4545): GC_EXPLICIT freed 174K, 6% free 10059K/10680K, paused 71ms+23ms, total 265ms
07-11 16:57:38.679 I/InputReader(  374): Reconfiguring input devices.  changes=0x00000010
07-11 16:57:39.234 W/MountService(  374): getVolumeState(/storage/emulated/0/external_sd): Unknown volume
07-11 16:57:39.242 I/Launcher(  605): Deferring update until onResume
07-11 16:57:39.242 W/MountService(  374): getVolumeState(/mnt/sdcard-ext): Unknown volume
07-11 16:57:39.242 W/MountService(  374): getVolumeState(/mnt/ext_sdcard): Unknown volume
07-11 16:57:39.242 W/MountService(  374): getVolumeState(/mnt/sdcard2): Unknown volume
07-11 16:57:39.242 W/MountService(  374): getVolumeState(/mnt/emmc): Unknown volume
07-11 16:57:39.242 W/MountService(  374): getVolumeState(/mnt/extSdCard): Unknown volume
07-11 16:57:39.242 W/MountService(  374): getVolumeState(/mnt/sdcard/SD_CARD): Unknown volume
07-11 16:57:39.242 W/MountService(  374): getVolumeState(/mnt/sdcard/extra_sd): Unknown volume
07-11 16:57:39.250 D/BackupManagerService(  374): Received broadcast Intent { act=android.intent.action.PACKAGE_REMOVED dat=package:by.game.binumbers flg=0x8000010 (has extras) }
07-11 16:57:39.250 V/BackupManagerService(  374): removePackageParticipantsLocked: uid=10083 #1
07-11 16:57:39.273 D/VoicemailCleanupService( 4476): Cleaning up data for package: by.game.binumbers
07-11 16:57:39.273 W/MountService(  374): getVolumeState(/mnt/extrasd_bind): Unknown volume
07-11 16:57:39.297 W/MountService(  374): getVolumeState(/mnt/sdcard/ext_sd): Unknown volume
07-11 16:57:39.297 W/MountService(  374): getVolumeState(/storage/extSdCard): Unknown volume
07-11 16:57:39.304 I/ActivityManager(  374): START u0 {act=android.intent.action.MAIN cat=[android.intent.category.HOME] flg=0x10200000 cmp=com.android.launcher/com.android.launcher2.Launcher} from pid 374
07-11 16:57:39.328 W/MountService(  374): getVolumeState(/storage/sdcard1): Unknown volume
07-11 16:57:39.336 W/BackupManagerService(  374): dataChanged but no participant pkg='com.android.providers.settings' uid=10079
07-11 16:57:39.351 W/MountService(  374): getVolumeState(/mnt/sdcard/external_SD): Unknown volume
07-11 16:57:39.351 W/MountService(  374): getVolumeState(/mnt/sdcard/external_sd): Unknown volume
07-11 16:57:39.445 W/BackupManagerService(  374): dataChanged but no participant pkg='com.android.providers.settings' uid=10079
07-11 16:57:39.492 D/dalvikvm(32313): GC_CONCURRENT freed 373K, 7% free 9456K/10152K, paused 23ms+5ms, total 131ms
07-11 16:57:39.492 D/dalvikvm(32313): WAIT_FOR_CONCURRENT_GC blocked 92ms
07-11 16:57:39.531 D/dalvikvm(32313): GC_FOR_ALLOC freed 39K, 7% free 9454K/10152K, paused 32ms, total 32ms
07-11 16:57:39.531 I/dalvikvm-heap(32313): Grow heap (frag case) to 9.398MB for 76082-byte allocation
07-11 16:57:39.562 D/dalvikvm(32313): GC_FOR_ALLOC freed 36K, 8% free 9492K/10228K, paused 35ms, total 35ms
07-11 16:57:39.750 D/dalvikvm(  374): JIT code cache reset in 9 ms (1048384 bytes 40/0)
07-11 16:57:39.750 D/dalvikvm(32313): GC_CONCURRENT freed 286K, 6% free 9649K/10228K, paused 3ms+10ms, total 39ms
07-11 16:57:39.804 D/dalvikvm(  374): GC_EXPLICIT freed 2824K, 26% free 23553K/31560K, paused 155ms+61ms, total 811ms
07-11 16:57:39.804 D/dalvikvm(  374): WAIT_FOR_CONCURRENT_GC blocked 431ms
07-11 16:57:39.929 D/dalvikvm(  374): GC_FOR_ALLOC freed 825K, 27% free 23100K/31560K, paused 116ms, total 116ms
07-11 16:57:39.984 I/ActivityManager(  374): Start proc com.android.keychain for broadcast com.android.keychain/.KeyChainBroadcastReceiver: pid=6045 uid=1000 gids={41000, 1015, 1028, 3002, 3001, 3003, 3007}
07-11 16:57:40.000 I/Choreographer(  450): Skipped 39 frames!  The application may be doing too much work on its main thread.
07-11 16:57:40.109 E/AppsCustomizePagedView(  605): Widget ComponentInfo{com.moji.mjweather/com.moji.mjweather.CMojiWidget5x1} can not fit on this device (642, 80)
07-11 16:57:40.117 E/AppsCustomizePagedView(  605): Widget ComponentInfo{com.moji.mjweather/com.moji.mjweather.CMojiWidget5x2} can not fit on this device (642, 220)
07-11 16:57:40.140 E/AppsCustomizePagedView(  605): Widget ComponentInfo{com.pekall.emdm/com.pekall.emdm.messagecenter.view.PushMessageWidget} has invalid dimensions (480, 0)
07-11 16:57:40.172 W/ContextImpl( 6045): Calling a method in the system process without a qualified user: android.app.ContextImpl.startService:1385 android.content.ContextWrapper.startService:473 android.content.ContextWrapper.startService:473 com.android.keychain.KeyChainBroadcastReceiver.onReceive:12 android.app.ActivityThread.handleReceiver:2424 
07-11 16:57:40.258 D/dalvikvm(  450): GC_FOR_ALLOC freed 1129K, 16% free 14831K/17536K, paused 168ms, total 169ms
07-11 16:57:40.273 I/dalvikvm-heap(  450): Grow heap (frag case) to 14.881MB for 380496-byte allocation
07-11 16:57:40.367 D/dalvikvm(  450): GC_FOR_ALLOC freed 62K, 16% free 15140K/17908K, paused 93ms, total 93ms
07-11 16:57:40.609 I/ActivityManager(  374): Process com.qihoo360.mobilesafe (pid 5193) has died.
07-11 16:57:40.625 D/dalvikvm(  577): GC_EXPLICIT freed 330K, 7% free 11553K/12348K, paused 6ms+9ms, total 91ms
07-11 16:57:40.640 I/Choreographer( 5866): Skipped 31 frames!  The application may be doing too much work on its main thread.
07-11 16:57:40.656 W/System.err( 5790): java.io.FileNotFoundException: /data/data/com.mgyapp.android/files/.cfp.i: open failed: ENOENT (No such file or directory)
07-11 16:57:40.664 W/System.err( 5790): 	at libcore.io.IoBridge.open(IoBridge.java:409)
07-11 16:57:40.664 W/System.err( 5790): 	at java.io.FileInputStream.<init>(FileInputStream.java:78)
07-11 16:57:40.664 W/System.err( 5790): 	at android.app.ContextImpl.openFileInput(ContextImpl.java:702)
07-11 16:57:40.664 W/System.err( 5790): 	at android.content.ContextWrapper.openFileInput(ContextWrapper.java:173)
07-11 16:57:40.664 W/System.err( 5790): 	at com.mgyun.shua.jc.c.b(Unknown Source)
07-11 16:57:40.664 W/System.err( 5790): 	at com.mgyun.shua.jc.d.a(Unknown Source)
07-11 16:57:40.664 W/System.err( 5790): 	at com.mgyun.shua.jc.service.CpWorkServer.onHandleIntent(Unknown Source)
07-11 16:57:40.664 W/System.err( 5790): 	at android.app.IntentService$ServiceHandler.handleMessage(IntentService.java:65)
07-11 16:57:40.664 W/System.err( 5790): 	at android.os.Handler.dispatchMessage(Handler.java:99)
07-11 16:57:40.672 W/System.err( 5790): 	at android.os.Looper.loop(Looper.java:137)
07-11 16:57:40.672 W/System.err( 5790): 	at android.os.HandlerThread.run(HandlerThread.java:61)
07-11 16:57:40.672 W/System.err( 5790): Caused by: libcore.io.ErrnoException: open failed: ENOENT (No such file or directory)
07-11 16:57:40.672 W/System.err( 5790): 	at libcore.io.Posix.open(Native Method)
07-11 16:57:40.672 W/System.err( 5790): 	at libcore.io.BlockGuardOs.open(BlockGuardOs.java:110)
07-11 16:57:40.679 W/System.err( 5790): 	at libcore.io.IoBridge.open(IoBridge.java:393)
07-11 16:57:40.679 W/System.err( 5790): 	... 10 more
07-11 16:57:40.961 I/Choreographer(  605): Skipped 52 frames!  The application may be doing too much work on its main thread.
07-11 16:57:41.086 W/MountService(  374): getVolumeState(/storage/emulated/0/external_sd): Unknown volume
07-11 16:57:41.094 W/MountService(  374): getVolumeState(/mnt/sdcard-ext): Unknown volume
07-11 16:57:41.109 W/MountService(  374): getVolumeState(/mnt/ext_sdcard): Unknown volume
07-11 16:57:41.125 W/MountService(  374): getVolumeState(/mnt/sdcard2): Unknown volume
07-11 16:57:41.125 W/MountService(  374): getVolumeState(/mnt/emmc): Unknown volume
07-11 16:57:41.133 W/MountService(  374): getVolumeState(/mnt/extSdCard): Unknown volume
07-11 16:57:41.133 W/MountService(  374): getVolumeState(/mnt/sdcard/SD_CARD): Unknown volume
07-11 16:57:41.133 W/MountService(  374): getVolumeState(/mnt/sdcard/extra_sd): Unknown volume
07-11 16:57:41.133 W/MountService(  374): getVolumeState(/mnt/extrasd_bind): Unknown volume
07-11 16:57:41.172 D/dalvikvm(32313): GC_CONCURRENT freed 683K, 8% free 9464K/10248K, paused 12ms+3ms, total 120ms
07-11 16:57:41.172 D/dalvikvm(32313): WAIT_FOR_CONCURRENT_GC blocked 50ms
07-11 16:57:41.195 W/MountService(  374): getVolumeState(/mnt/sdcard/ext_sd): Unknown volume
07-11 16:57:41.195 W/MountService(  374): getVolumeState(/storage/extSdCard): Unknown volume
07-11 16:57:41.203 W/MountService(  374): getVolumeState(/storage/sdcard1): Unknown volume
07-11 16:57:41.203 W/MountService(  374): getVolumeState(/mnt/sdcard/external_SD): Unknown volume
07-11 16:57:41.203 W/MountService(  374): getVolumeState(/mnt/sdcard/external_sd): Unknown volume
07-11 16:57:41.351 W/IInputConnectionWrapper(  605): showStatusIcon on inactive InputConnection
07-11 16:57:41.679 D/mdm_log ( 3259): [null:-1]->action is : android.intent.action.PACKAGE_REMOVED
07-11 16:57:41.711 D/dalvikvm( 5351): GC_CONCURRENT freed 337K, 4% free 9240K/9612K, paused 3ms+13ms, total 127ms
07-11 16:57:41.734 D/DB      ( 3259): query: SQLiteQuery: SELECT * FROM app WHERE readStatus =0
07-11 16:57:41.734 D/DB      ( 3259): factory null
07-11 16:57:41.734 D/DB      ( 3259): fillWindow: 0
07-11 16:57:41.734 D/DB      ( 3259): cursor 0
07-11 16:57:41.734 E/Mdm     ( 3259): Call Mdm service's recordIconCount function
07-11 16:57:41.734 D/DB      ( 3259): query: SQLiteQuery: SELECT * FROM app WHERE type = 51107
07-11 16:57:41.734 D/DB      ( 3259): factory null
07-11 16:57:41.734 D/DB      ( 3259): fillWindow: 0
07-11 16:57:41.742 D/DB      ( 3259): cursor 1
07-11 16:57:41.750 D/DB      ( 3259): moveToPos: 0
07-11 16:57:41.750 D/DB      ( 3259): onMove: 0
07-11 16:57:41.750 D/DB      ( 3259): moveToPos: 1
07-11 16:57:41.851 D/dalvikvm( 4389): GC_CONCURRENT freed 256K, 5% free 9269K/9692K, paused 6ms+8ms, total 67ms
07-11 16:57:41.875 W/ResourceType(  605): No known package when getting name for resource number 0x9b000000
07-11 16:57:41.875 W/ResourceType(  605): No known package when getting name for resource number 0x9b010100
07-11 16:57:41.875 W/ResourceType(  605): No known package when getting name for resource number 0x9b030300
07-11 16:57:41.875 W/ResourceType(  605): No known package when getting name for resource number 0x9b040400
07-11 16:57:41.875 W/ResourceType(  605): No known package when getting name for resource number 0x9c010003
07-11 16:57:41.898 D/dalvikvm( 1165): GC_CONCURRENT freed 411K, 6% free 9347K/9924K, paused 11ms+3ms, total 45ms
07-11 16:57:41.898 D/dalvikvm( 1165): WAIT_FOR_CONCURRENT_GC blocked 15ms
07-11 16:57:41.906 W/ResourceType(  605): No known package when getting name for resource number 0x9c020000
07-11 16:57:41.906 W/ResourceType(  605): No known package when getting name for resource number 0x9c020002
07-11 16:57:41.945 I/QueryController( 5957): Matched selector: UiSelector[DESCRIPTION=, PACKAGE NAME=com.android.launcher] <<==>> [android.view.accessibility.AccessibilityNodeInfo@eace; boundsInParent: Rect(524232, 0 - 524360, 128); boundsInScreen: Rect(296, 1040 - 424, 1168); packageName: com.android.launcher; className: android.widget.TextView; text: null; contentDescription: ; viewIdResName: null; checkable: false; checked: false; focusable: true; focused: false; selected: false; clickable: true; longClickable: false; enabled: true; password: false; scrollable: false; [ACTION_FOCUS, ACTION_SELECT, ACTION_CLEAR_SELECTION, ACTION_CLICK, ACTION_ACCESSIBILITY_FOCUS]]
07-11 16:57:41.953 D/InteractionController( 5957): clickAndWaitForNewWindow(360, 1104)
07-11 16:57:42.023 D/dalvikvm( 1165): GC_FOR_ALLOC freed 9K, 4% free 9604K/9924K, paused 30ms, total 31ms
07-11 16:57:42.023 D/dalvikvm( 5351): No JNI_OnLoad found in /system/lib/libAppDataSearch.so 0x420856e8, skipping init
07-11 16:57:42.039 D/Icing   ( 5351): Init last flush num docs 0 last docstore size 0
07-11 16:57:42.047 D/Icing   ( 5351): Docid map file has no data, nothing to scan
07-11 16:57:42.047 D/Icing   ( 5351): File /data/data/com.google.android.gms/files/AppDataSearch/main/cur/ds.perdocdata contains 0 records of size 6
07-11 16:57:42.078 D/Icing   ( 5351): Init docstore ok num docs 0 bytes 0
07-11 16:57:42.101 V/Icing   ( 5351): Lite index crc computed in 0.244ms
07-11 16:57:42.101 V/Icing   ( 5351): Lite index init ok in 15.961ms
07-11 16:57:42.101 V/Icing   ( 5351): Warming lite-index took 0.000ms
07-11 16:57:42.101 V/Icing   ( 5351): Warming lexicon took 0.031ms
07-11 16:57:42.101 V/Icing   ( 5351): Warming display mappings took 0.000ms
07-11 16:57:42.101 D/Icing   ( 5351): Init index ok num docs 0
07-11 16:57:42.101 D/Icing   ( 5351): Init done
07-11 16:57:42.164 I/dalvikvm( 6094): Turning on JNI app bug workarounds for target SDK version 7...
07-11 16:57:42.164 I/ActivityManager(  374): Start proc com.qihoo.root for broadcast com.qihoo.root/.UninstallReceiver: pid=6094 uid=10078 gids={50078, 1015, 3003, 1028}
07-11 16:57:42.219 I/Icing   ( 5351): 0 corpora need re-polling
07-11 16:57:42.250 D/dalvikvm( 6094): Trying to load lib /data/data/com.qihoo.root/lib/libnativeutil.so 0x42082618
07-11 16:57:42.258 D/dalvikvm( 6094): Added shared lib /data/data/com.qihoo.root/lib/libnativeutil.so 0x42082618
07-11 16:57:42.258 I/ActivityManager(  374): No longer want com.google.android.partnersetup (pid 5296): empty #17
07-11 16:57:42.828 I/ActivityManager(  374): Process android.process.acore (pid 4476) has died.
07-11 16:57:43.031 I/QueryController( 5957): Matched selector: UiSelector[TEXT=] <<==>> [android.view.accessibility.AccessibilityNodeInfo@5c91a; boundsInParent: Rect(0, 0 - 148, 184); boundsInScreen: Rect(16, 958 - 164, 1142); packageName: com.android.launcher; className: android.widget.TextView; text: ; contentDescription: null; viewIdResName: null; checkable: false; checked: false; focusable: true; focused: false; selected: false; clickable: true; longClickable: true; enabled: true; password: false; scrollable: false; [ACTION_FOCUS, ACTION_SELECT, ACTION_CLEAR_SELECTION, ACTION_CLICK, ACTION_LONG_CLICK, ACTION_ACCESSIBILITY_FOCUS, ACTION_NEXT_AT_MOVEMENT_GRANULARITY, ACTION_PREVIOUS_AT_MOVEMENT_GRANULARITY, ACTION_SET_SELECTION]]
07-11 16:57:43.086 E/SQLiteLog(  605): (1802) os_unix.c:30026: (2) stat(/data/user/0/com.android.launcher/cache/widgetpreviews.db) - 
07-11 16:57:43.086 E/SQLiteLog(  605): (1802) statement aborts at 19: [INSERT INTO shortcut_and_widget_previews(preview_bitmap,size,name) VALUES (?,?,?)] 
07-11 16:57:43.094 D/dalvikvm(  605): GC_CONCURRENT freed 1187K, 39% free 14542K/23692K, paused 8ms+13ms, total 99ms
07-11 16:57:43.109 E/SQLiteDatabase(  605): Error inserting preview_bitmap=[B@427398c8 size=260x165 name=Widget:com.moji.mjweather/com.moji.mjweather.CMojiWidget4x1
07-11 16:57:43.109 E/SQLiteDatabase(  605): android.database.sqlite.SQLiteDiskIOException: disk I/O error (code 1802)
07-11 16:57:43.109 E/SQLiteDatabase(  605): 	at android.database.sqlite.SQLiteConnection.nativeExecuteForLastInsertedRowId(Native Method)
07-11 16:57:43.109 E/SQLiteDatabase(  605): 	at android.database.sqlite.SQLiteConnection.executeForLastInsertedRowId(SQLiteConnection.java:782)
07-11 16:57:43.109 E/SQLiteDatabase(  605): 	at android.database.sqlite.SQLiteSession.executeForLastInsertedRowId(SQLiteSession.java:788)
07-11 16:57:43.109 E/SQLiteDatabase(  605): 	at android.database.sqlite.SQLiteStatement.executeInsert(SQLiteStatement.java:86)
07-11 16:57:43.109 E/SQLiteDatabase(  605): 	at android.database.sqlite.SQLiteDatabase.insertWithOnConflict(SQLiteDatabase.java:1469)
07-11 16:57:43.109 E/SQLiteDatabase(  605): 	at android.database.sqlite.SQLiteDatabase.insert(SQLiteDatabase.java:1339)
07-11 16:57:43.109 E/SQLiteDatabase(  605): 	at com.android.launcher2.WidgetPreviewLoader.writeToDb(WidgetPreviewLoader.java:334)
07-11 16:57:43.109 E/SQLiteDatabase(  605): 	at com.android.launcher2.WidgetPreviewLoader.access$000(WidgetPreviewLoader.java:103)
07-11 16:57:43.109 E/SQLiteDatabase(  605): 	at com.android.launcher2.WidgetPreviewLoader$1.doInBackground(WidgetPreviewLoader.java:229)
07-11 16:57:43.109 E/SQLiteDatabase(  605): 	at com.android.launcher2.WidgetPreviewLoader$1.doInBackground(WidgetPreviewLoader.java:227)
07-11 16:57:43.109 E/SQLiteDatabase(  605): 	at android.os.AsyncTask$2.call(AsyncTask.java:287)
07-11 16:57:43.109 E/SQLiteDatabase(  605): 	at java.util.concurrent.FutureTask.run(FutureTask.java:234)
07-11 16:57:43.109 E/SQLiteDatabase(  605): 	at java.util.concurrent.ThreadPoolExecutor.runWorker(ThreadPoolExecutor.java:1080)
07-11 16:57:43.109 E/SQLiteDatabase(  605): 	at java.util.concurrent.ThreadPoolExecutor$Worker.run(ThreadPoolExecutor.java:573)
07-11 16:57:43.109 E/SQLiteDatabase(  605): 	at java.lang.Thread.run(Thread.java:841)
07-11 16:57:43.203 E/SQLiteLog(  605): (1802) os_unix.c:30026: (2) stat(/data/user/0/com.android.launcher/cache/widgetpreviews.db) - 
07-11 16:57:43.203 E/SQLiteLog(  605): (1802) statement aborts at 19: [INSERT INTO shortcut_and_widget_previews(preview_bitmap,size,name) VALUES (?,?,?)] 
07-11 16:57:43.211 E/SQLiteDatabase(  605): Error inserting preview_bitmap=[B@421f0140 size=260x165 name=Widget:com.moji.mjweather/com.moji.mjweather.CMojiWidget4x2
07-11 16:57:43.211 E/SQLiteDatabase(  605): android.database.sqlite.SQLiteDiskIOException: disk I/O error (code 1802)
07-11 16:57:43.211 E/SQLiteDatabase(  605): 	at android.database.sqlite.SQLiteConnection.nativeExecuteForLastInsertedRowId(Native Method)
07-11 16:57:43.211 E/SQLiteDatabase(  605): 	at android.database.sqlite.SQLiteConnection.executeForLastInsertedRowId(SQLiteConnection.java:782)
07-11 16:57:43.211 E/SQLiteDatabase(  605): 	at android.database.sqlite.SQLiteSession.executeForLastInsertedRowId(SQLiteSession.java:788)
07-11 16:57:43.211 E/SQLiteDatabase(  605): 	at android.database.sqlite.SQLiteStatement.executeInsert(SQLiteStatement.java:86)
07-11 16:57:43.211 E/SQLiteDatabase(  605): 	at android.database.sqlite.SQLiteDatabase.insertWithOnConflict(SQLiteDatabase.java:1469)
07-11 16:57:43.211 E/SQLiteDatabase(  605): 	at android.database.sqlite.SQLiteDatabase.insert(SQLiteDatabase.java:1339)
07-11 16:57:43.211 E/SQLiteDatabase(  605): 	at com.android.launcher2.WidgetPreviewLoader.writeToDb(WidgetPreviewLoader.java:334)
07-11 16:57:43.211 E/SQLiteDatabase(  605): 	at com.android.launcher2.WidgetPreviewLoader.access$000(WidgetPreviewLoader.java:103)
07-11 16:57:43.211 E/SQLiteDatabase(  605): 	at com.android.launcher2.WidgetPreviewLoader$1.doInBackground(WidgetPreviewLoader.java:229)
07-11 16:57:43.211 E/SQLiteDatabase(  605): 	at com.android.launcher2.WidgetPreviewLoader$1.doInBackground(WidgetPreviewLoader.java:227)
07-11 16:57:43.211 E/SQLiteDatabase(  605): 	at android.os.AsyncTask$2.call(AsyncTask.java:287)
07-11 16:57:43.211 E/SQLiteDatabase(  605): 	at java.util.concurrent.FutureTask.run(FutureTask.java:234)
07-11 16:57:43.211 E/SQLiteDatabase(  605): 	at java.util.concurrent.ThreadPoolExecutor.runWorker(ThreadPoolExecutor.java:1080)
07-11 16:57:43.211 E/SQLiteDatabase(  605): 	at java.util.concurrent.ThreadPoolExecutor$Worker.run(ThreadPoolExecutor.java:573)
07-11 16:57:43.211 E/SQLiteDatabase(  605): 	at java.lang.Thread.run(Thread.java:841)
07-11 16:57:43.226 I/QueryController( 5957): Matched selector: UiSelector[TEXT=] <<==>> [android.view.accessibility.AccessibilityNodeInfo@5c91a; boundsInParent: Rect(0, 0 - 148, 184); boundsInScreen: Rect(16, 958 - 164, 1142); packageName: com.android.launcher; className: android.widget.TextView; text: ; contentDescription: null; viewIdResName: null; checkable: false; checked: false; focusable: true; focused: false; selected: false; clickable: true; longClickable: true; enabled: true; password: false; scrollable: false; [ACTION_FOCUS, ACTION_SELECT, ACTION_CLEAR_SELECTION, ACTION_CLICK, ACTION_LONG_CLICK, ACTION_ACCESSIBILITY_FOCUS, ACTION_NEXT_AT_MOVEMENT_GRANULARITY, ACTION_PREVIOUS_AT_MOVEMENT_GRANULARITY, ACTION_SET_SELECTION]]
07-11 16:57:43.234 D/InteractionController( 5957): clickAndWaitForNewWindow(90, 1050)
07-11 16:57:43.375 I/ActivityManager(  374): START u0 {act=android.intent.action.MAIN cat=[android.intent.category.LAUNCHER] flg=0x10200000 cmp=com.pekall.emdm/.ui.SplashActivity} from pid 605
07-11 16:57:43.547 D/dalvikvm(  374): GC_FOR_ALLOC freed 1774K, 27% free 23291K/31560K, paused 111ms, total 112ms
07-11 16:57:43.648 D/dalvikvm(  374): GC_FOR_ALLOC freed 790K, 28% free 22874K/31560K, paused 95ms, total 95ms
07-11 16:57:43.703 D/MdmApplication( 3259): [null:-1]->onActivityStarted market.activity.AppListActivity , mActivityCount = 5
07-11 16:57:43.703 D/MDM :   ( 3259): [null:-1]->query
07-11 16:57:43.703 D/MDM :   ( 3259): [null:-1]->QUERY_PINCODE_CHECK_RESULT
07-11 16:57:43.703 D/mdm_log ( 3259): [null:-1]->has installed com.moji.mjweather
07-11 16:57:43.914 D/dalvikvm( 4565): GC_FOR_ALLOC freed 378K, 6% free 9964K/10512K, paused 62ms, total 62ms
07-11 16:57:43.914 I/dalvikvm-heap( 4565): Grow heap (frag case) to 9.879MB for 122560-byte allocation
07-11 16:57:43.953 D/dalvikvm( 4565): GC_FOR_ALLOC freed 2K, 6% free 10081K/10632K, paused 36ms, total 36ms
07-11 16:57:44.000 I/ActivityManager(  374): Process com.google.android.gallery3d (pid 5274) has died.
07-11 16:57:44.023 D/dalvikvm( 4565): GC_FOR_ALLOC freed 9K, 6% free 10073K/10632K, paused 37ms, total 37ms
07-11 16:57:44.023 I/dalvikvm-heap( 4565): Grow heap (frag case) to 10.076MB for 217504-byte allocation
07-11 16:57:44.062 D/dalvikvm( 4565): GC_FOR_ALLOC freed 0K, 6% free 10285K/10848K, paused 40ms, total 40ms
07-11 16:57:44.414 I/WindowState(  374): WIN DEATH: Window{4305f7d0 u0 Toast EXITING}
07-11 16:57:44.414 I/ActivityManager(  374): Process com.android.packageinstaller (pid 5866) has died.
07-11 16:57:44.492 I/QueryController( 5957): Matched selector: UiSelector[PACKAGE NAME=com.pekall.emdm] <<==>> [android.view.accessibility.AccessibilityNodeInfo@d4b19; boundsInParent: Rect(0, 0 - 720, 1184); boundsInScreen: Rect(0, 0 - 720, 1184); packageName: com.pekall.emdm; className: android.widget.FrameLayout; text: null; contentDescription: null; viewIdResName: null; checkable: false; checked: false; focusable: false; focused: false; selected: false; clickable: false; longClickable: false; enabled: true; password: false; scrollable: false; [ACTION_SELECT, ACTION_CLEAR_SELECTION, ACTION_ACCESSIBILITY_FOCUS]]
07-11 16:57:44.523 I/QueryController( 5957): Matched selector: UiSelector[TEXT=, CLASS=android.widget.TextView] <<==>> [android.view.accessibility.AccessibilityNodeInfo@df045; boundsInParent: Rect(0, 0 - 144, 48); boundsInScreen: Rect(97, 74 - 241, 122); packageName: com.pekall.emdm; className: android.widget.TextView; text: ; contentDescription: null; viewIdResName: android:id/action_bar_title; checkable: false; checked: false; focusable: false; focused: false; selected: false; clickable: false; longClickable: false; enabled: true; password: false; scrollable: false; [ACTION_SELECT, ACTION_CLEAR_SELECTION, ACTION_ACCESSIBILITY_FOCUS, ACTION_NEXT_AT_MOVEMENT_GRANULARITY, ACTION_PREVIOUS_AT_MOVEMENT_GRANULARITY, ACTION_SET_SELECTION]]
07-11 16:57:44.734 I/TransInfo( 3259): TransInfo created, id: 5, class: class com.pekall.emdm.transaction.b.p
07-11 16:57:44.734 D/NetworkThread( 3259): [null:-1]->----isRunning-----true
07-11 16:57:44.734 D/NetworkThread( 3259): [null:-1]->----isRunning-----true
07-11 16:57:44.734 D/NetworkThread( 3259): [null:-1]->thread wakeup
07-11 16:57:44.742 D/HttpClient( 3259): enable apache.http debug
07-11 16:57:44.758 V/DEBUG   ( 3259): HTTP 0
07-11 16:57:44.969 D/MDM :   ( 3259): [null:-1]->MSG_WEBSOCKET_MESSAGE : {"id":-1920110947,"type":0,"command":0,"result":0,"reason":0,"params":{"msgId":"503a233d-b0aa-449b-8281-8152836c9a1a,503a233db0aa449b82818152836c9a1a","device":"ffffffffc539bb10fffffffff7aea961","message":"{\"cmd\":\"10119\"}"}}
07-11 16:57:44.969 V/DEBUG   ( 3259): HTTP 1
07-11 16:57:44.976 D/NetworkThread( 3259): [null:-1]->queue is empty, thread wait...
07-11 16:57:44.984 D/MdmService( 3259): [null:-1]->push message type :0
07-11 16:57:44.984 D/MdmService( 3259): [null:-1]->cmdMessage : {"cmd":"10119"}
07-11 16:57:44.984 D/MdmService( 3259): [null:-1]->command : PushCommandMsg{cmd='10119', msg='null'}
07-11 16:57:44.984 D/MDM :   ( 3259): [null:-1]->PUSH CMD: 10119
07-11 16:57:44.992 D/MdmStatusManager( 3259): [null:-1]->change status to : Busy
07-11 16:57:44.992 D/DB      ( 3259): query: SQLiteQuery: SELECT content, command_status, status FROM command WHERE status!=2
07-11 16:57:44.992 D/DB      ( 3259): factory null
07-11 16:57:44.992 D/DB      ( 3259): fillWindow: 0
07-11 16:57:44.992 D/DB      ( 3259): cursor 0
07-11 16:57:45.000 D/DB      ( 3259): moveToPos: 0
07-11 16:57:45.000 I/TransInfo( 3259): TransInfo created, id: 3, class: class com.pekall.emdm.transaction.b.c
07-11 16:57:45.000 D/NetworkThread( 3259): [null:-1]->----isRunning-----true
07-11 16:57:45.000 D/NetworkThread( 3259): [null:-1]->----isRunning-----true
07-11 16:57:45.000 D/NetworkThread( 3259): [null:-1]->thread wakeup
07-11 16:57:45.000 D/HttpClient( 3259): enable apache.http debug
07-11 16:57:45.008 V/DEBUG   ( 3259): HTTP 0
07-11 16:57:45.219 D/dalvikvm(  374): GC_FOR_ALLOC freed 464K, 27% free 23207K/31560K, paused 99ms, total 101ms
07-11 16:57:45.234 V/DEBUG   ( 3259): HTTP 1
07-11 16:57:45.258 D/MDM :   ( 3259): [null:-1]->read network input stream
07-11 16:57:45.258 D/MDM :   ( 3259): [null:-1]->read network input stream
07-11 16:57:45.289 D/CheckInTransInfo( 3259): [null:-1]->CommandMsg : CommandMsg{CommandUUID='8a8088bf471a79ec014724a4991e5d4a', Command=CommandObject{RequestType='DeviceInformation'}}
07-11 16:57:45.289 D/DB      ( 3259): query: SQLiteQuery: SELECT * FROM command WHERE cmd_uuid='8a8088bf471a79ec014724a4991e5d4a'
07-11 16:57:45.289 D/DB      ( 3259): factory null
07-11 16:57:45.289 D/DB      ( 3259): fillWindow: 0
07-11 16:57:45.289 D/DB      ( 3259): cursor 0
07-11 16:57:45.328 D/NetworkThread( 3259): [null:-1]->queue is empty, thread wait...
07-11 16:57:45.344 D/dalvikvm(  374): GC_FOR_ALLOC freed 762K, 28% free 22816K/31560K, paused 116ms, total 116ms
07-11 16:57:45.359 D/MdmApplication( 3259): [null:-1]->onActivityPaused market.activity.AppListActivity , mActivityCount = 6
07-11 16:57:45.359 D/MDM :   ( 3259): [null:-1]->query
07-11 16:57:45.367 D/MDM :   ( 3259): [null:-1]->QUERY_PINCODE_CHECK_RESULT
07-11 16:57:45.367 E/Mdm     ( 3259): Call Mdm service's setLastExitTime function
07-11 16:57:45.390 D/MdmApplication( 3259): [null:-1]->onActivityStarted ui.MainActivity , mActivityCount = 5
07-11 16:57:45.390 D/MDM :   ( 3259): [null:-1]->query
07-11 16:57:45.390 D/MDM :   ( 3259): [null:-1]->QUERY_PINCODE_CHECK_RESULT
07-11 16:57:45.484 D/MdmService( 3259): [null:-1]->handleCheckInResult
07-11 16:57:45.484 D/MdmService( 3259): [null:-1]->handleCheckInResult result keyIndex: 3
07-11 16:57:45.484 D/CommandManager( 3259): [null:-1]->execute command: CommandMsg{CommandUUID='8a8088bf471a79ec014724a4991e5d4a', Command=CommandObject{RequestType='DeviceInformation'}}
07-11 16:57:45.601 D/BluetoothManagerService(  374): checkIfCallerIsForegroundUser: valid=true callingUser=0 foregroundUser=0
07-11 16:57:46.070 D/DB      ( 3259): query: SQLiteQuery: SELECT * FROM app WHERE readStatus =0
07-11 16:57:46.070 D/DB      ( 3259): factory null
07-11 16:57:46.070 D/DB      ( 3259): fillWindow: 0
07-11 16:57:46.078 D/DB      ( 3259): cursor 0
07-11 16:57:46.078 E/Mdm     ( 3259): Call Mdm service's recordIconCount function
07-11 16:57:46.242 I/QueryController( 5957): Matched selector: UiSelector[TEXT=, CLASS=android.widget.TextView] <<==>> [android.view.accessibility.AccessibilityNodeInfo@e82ab; boundsInParent: Rect(0, 0 - 148, 184); boundsInScreen: Rect(376, 572 - 524, 756); packageName: com.pekall.emdm; className: android.widget.TextView; text: ; contentDescription: null; viewIdResName: com.pekall.emdm:id/application_icon_content; checkable: false; checked: false; focusable: true; focused: false; selected: false; clickable: false; longClickable: false; enabled: true; password: false; scrollable: false; [ACTION_FOCUS, ACTION_SELECT, ACTION_CLEAR_SELECTION, ACTION_ACCESSIBILITY_FOCUS, ACTION_NEXT_AT_MOVEMENT_GRANULARITY, ACTION_PREVIOUS_AT_MOVEMENT_GRANULARITY, ACTION_SET_SELECTION]]
07-11 16:57:46.304 I/QueryController( 5957): Matched selector: UiSelector[TEXT=, CLASS=android.widget.TextView] <<==>> [android.view.accessibility.AccessibilityNodeInfo@e7768; boundsInParent: Rect(0, 0 - 148, 184); boundsInScreen: Rect(16, 572 - 164, 756); packageName: com.pekall.emdm; className: android.widget.TextView; text: ; contentDescription: null; viewIdResName: com.pekall.emdm:id/application_icon_content; checkable: false; checked: false; focusable: true; focused: false; selected: false; clickable: false; longClickable: false; enabled: true; password: false; scrollable: false; [ACTION_FOCUS, ACTION_SELECT, ACTION_CLEAR_SELECTION, ACTION_ACCESSIBILITY_FOCUS, ACTION_NEXT_AT_MOVEMENT_GRANULARITY, ACTION_PREVIOUS_AT_MOVEMENT_GRANULARITY, ACTION_SET_SELECTION]]
07-11 16:57:46.328 I/QueryController( 5957): Matched selector: UiSelector[TEXT=, CLASS=android.widget.TextView] <<==>> [android.view.accessibility.AccessibilityNodeInfo@e82ab; boundsInParent: Rect(0, 0 - 148, 184); boundsInScreen: Rect(376, 572 - 524, 756); packageName: com.pekall.emdm; className: android.widget.TextView; text: ; contentDescription: null; viewIdResName: com.pekall.emdm:id/application_icon_content; checkable: false; checked: false; focusable: true; focused: false; selected: false; clickable: false; longClickable: false; enabled: true; password: false; scrollable: false; [ACTION_FOCUS, ACTION_SELECT, ACTION_CLEAR_SELECTION, ACTION_ACCESSIBILITY_FOCUS, ACTION_NEXT_AT_MOVEMENT_GRANULARITY, ACTION_PREVIOUS_AT_MOVEMENT_GRANULARITY, ACTION_SET_SELECTION]]
07-11 16:57:46.336 D/InteractionController( 5957): clickAndWaitForNewWindow(450, 664)
07-11 16:57:46.461 I/ActivityManager(  374): START u0 {cmp=com.pekall.emdm/.market.activity.AppListActivity} from pid 3259
07-11 16:57:46.601 D/dalvikvm(  374): GC_FOR_ALLOC freed 427K, 27% free 23195K/31560K, paused 95ms, total 95ms
07-11 16:57:46.711 D/dalvikvm(  374): GC_FOR_ALLOC freed 783K, 28% free 22783K/31560K, paused 99ms, total 99ms
07-11 16:57:46.719 D/MdmApplication( 3259): [null:-1]->onActivityPaused ui.MainActivity , mActivityCount = 6
07-11 16:57:46.719 D/MDM :   ( 3259): [null:-1]->query
07-11 16:57:46.719 D/MDM :   ( 3259): [null:-1]->QUERY_PINCODE_CHECK_RESULT
07-11 16:57:46.719 E/Mdm     ( 3259): Call Mdm service's setLastExitTime function
07-11 16:57:46.820 D/MdmApplication( 3259): [null:-1]->onActivityStarted market.activity.AppListActivity , mActivityCount = 5
07-11 16:57:46.820 D/MDM :   ( 3259): [null:-1]->query
07-11 16:57:46.820 D/MDM :   ( 3259): [null:-1]->QUERY_PINCODE_CHECK_RESULT
07-11 16:57:46.875 D/DB      ( 3259): query: SQLiteQuery: SELECT * FROM app WHERE type = 51107
07-11 16:57:46.875 D/DB      ( 3259): factory null
07-11 16:57:46.875 D/DB      ( 3259): fillWindow: 0
07-11 16:57:46.883 D/DB      ( 3259): cursor 1
07-11 16:57:46.898 D/mdm_log ( 3259): [null:-1]->has installed com.moji.mjweather
07-11 16:57:46.906 D/DB      ( 3259): query: SQLiteQuery: SELECT * FROM app WHERE type = 51106
07-11 16:57:46.906 D/DB      ( 3259): factory null
07-11 16:57:46.906 D/DB      ( 3259): fillWindow: 0
07-11 16:57:46.906 D/DB      ( 3259): cursor 0
07-11 16:57:47.054 D/DB      ( 3259): moveToPos: 0
07-11 16:57:47.054 D/DB      ( 3259): onMove: 0
07-11 16:57:47.062 D/DB      ( 3259): moveToPos: 1
07-11 16:57:47.133 D/dalvikvm( 3259): GC_FOR_ALLOC freed 2657K, 32% free 17425K/25600K, paused 67ms, total 67ms
07-11 16:57:47.234 I/ActivityManager(  374): Displayed com.pekall.emdm/.market.activity.AppListActivity: +502ms
07-11 16:57:47.929 I/QueryController( 5957): Matched selector: UiSelector[TEXT=, CLASS=android.widget.TextView] <<==>> [android.view.accessibility.AccessibilityNodeInfo@f0d98; boundsInParent: Rect(0, 0 - 144, 48); boundsInScreen: Rect(108, 170 - 252, 218); packageName: com.pekall.emdm; className: android.widget.TextView; text: ; contentDescription: null; viewIdResName: com.pekall.emdm:id/market_tab_text; checkable: false; checked: false; focusable: false; focused: false; selected: true; clickable: false; longClickable: false; enabled: true; password: false; scrollable: false; [ACTION_SELECT, ACTION_CLEAR_SELECTION, ACTION_ACCESSIBILITY_FOCUS, ACTION_NEXT_AT_MOVEMENT_GRANULARITY, ACTION_PREVIOUS_AT_MOVEMENT_GRANULARITY, ACTION_SET_SELECTION]]
07-11 16:57:47.937 D/InteractionController( 5957): clickAndWaitForNewWindow(180, 194)
07-11 16:57:48.617 D/dalvikvm( 5108): GC_CONCURRENT freed 390K, 5% free 8953K/9380K, paused 2ms+2ms, total 24ms
07-11 16:57:49.672 D/dalvikvm( 5108): GC_CONCURRENT freed 396K, 5% free 8950K/9384K, paused 3ms+2ms, total 26ms
07-11 16:57:50.211 I/TransInfo( 3259): TransInfo created, id: 3, class: class com.pekall.emdm.transaction.b.c
07-11 16:57:50.211 D/NetworkThread( 3259): [null:-1]->----isRunning-----true
07-11 16:57:50.211 D/NetworkThread( 3259): [null:-1]->----isRunning-----true
07-11 16:57:50.211 D/NetworkThread( 3259): [null:-1]->thread wakeup
07-11 16:57:50.359 D/dalvikvm( 3259): GC_FOR_ALLOC freed 2685K, 32% free 17587K/25600K, paused 65ms, total 65ms
07-11 16:57:50.429 D/HttpClient( 3259): enable apache.http debug
07-11 16:57:50.437 V/DEBUG   ( 3259): HTTP 0
07-11 16:57:50.656 D/dalvikvm( 3259): GC_FOR_ALLOC freed 2697K, 32% free 17608K/25600K, paused 62ms, total 62ms
07-11 16:57:51.078 W/InteractionController( 5957): runAndwaitForEvent timedout waiting for events
07-11 16:57:51.125 V/DEBUG   ( 3259): HTTP 1
07-11 16:57:51.125 D/MdmDatabaseHelper( 3259): [null:-1]->update command 8a8088bf471a79ec014724a4991e5d4a to status executed
07-11 16:57:51.211 D/NetworkThread( 3259): [null:-1]->queue is empty, thread wait...
07-11 16:57:51.242 D/MdmService( 3259): [null:-1]->handleCheckInResult
07-11 16:57:51.242 D/MdmService( 3259): [null:-1]->handleCheckInResult result keyIndex: 3
07-11 16:57:51.242 D/HandleCommandTask( 3259): [null:-1]->execute command msg but beanBase is null
