07-11 16:52:56.961 D/dalvikvm(32313): GC_CONCURRENT freed 524K, 7% free 9409K/10020K, paused 2ms+4ms, total 32ms
07-11 16:53:32.289 D/dalvikvm(  374): GC_EXPLICIT freed 1372K, 28% free 23312K/31968K, paused 7ms+11ms, total 126ms
07-11 16:53:33.672 I/EventLogService(  647): Aggregate from 1405067013586 (log), 1405067013586 (data)
07-11 16:53:33.719 I/ServiceDumpSys(  647): dumping service [account]
07-11 16:53:51.125 D/PushService( 3947): [null:-1]->receiver action :com.pekall.mdm.action.PUSH_ALARM
07-11 16:53:51.140 D/PushService( 3947): [null:-1]->keepAliveWithPushServer  client is null 
07-11 16:53:51.140 D/PushLib : ( 3947): [null:-1]->pushClient is :null
07-11 16:53:51.140 D/PushLib : ( 3947): [null:-1]->pushClient opened :not opened
07-11 16:53:51.148 D/PushLib : ( 3947): [null:-1]->pushClient connect:ws://192.168.10.35:9090/websocket
07-11 16:53:56.820 W/MountService(  374): getVolumeState(/storage/emulated/0/external_sd): Unknown volume
07-11 16:53:56.828 W/MountService(  374): getVolumeState(/mnt/sdcard-ext): Unknown volume
07-11 16:53:56.828 W/MountService(  374): getVolumeState(/mnt/ext_sdcard): Unknown volume
07-11 16:53:56.828 W/MountService(  374): getVolumeState(/mnt/sdcard2): Unknown volume
07-11 16:53:56.828 W/MountService(  374): getVolumeState(/mnt/emmc): Unknown volume
07-11 16:53:56.828 W/MountService(  374): getVolumeState(/mnt/extSdCard): Unknown volume
07-11 16:53:56.828 W/MountService(  374): getVolumeState(/mnt/sdcard/SD_CARD): Unknown volume
07-11 16:53:56.836 W/MountService(  374): getVolumeState(/mnt/sdcard/extra_sd): Unknown volume
07-11 16:53:56.836 W/MountService(  374): getVolumeState(/mnt/extrasd_bind): Unknown volume
07-11 16:53:56.836 W/MountService(  374): getVolumeState(/mnt/sdcard/ext_sd): Unknown volume
07-11 16:53:56.836 W/MountService(  374): getVolumeState(/storage/extSdCard): Unknown volume
07-11 16:53:56.836 W/MountService(  374): getVolumeState(/storage/sdcard1): Unknown volume
07-11 16:53:56.836 W/MountService(  374): getVolumeState(/mnt/sdcard/external_SD): Unknown volume
07-11 16:53:56.836 W/MountService(  374): getVolumeState(/mnt/sdcard/external_sd): Unknown volume
07-11 16:53:56.867 D/dalvikvm(32313): GC_CONCURRENT freed 434K, 7% free 9369K/10020K, paused 3ms+2ms, total 24ms
07-11 16:53:56.867 D/dalvikvm(32313): WAIT_FOR_CONCURRENT_GC blocked 18ms
07-11 16:53:56.867 D/dalvikvm(32313): WAIT_FOR_CONCURRENT_GC blocked 18ms
07-11 16:53:57.023 D/dalvikvm( 4493): GC_CONCURRENT freed 208K, 3% free 9109K/9352K, paused 3ms+4ms, total 34ms
07-11 16:53:57.078 D/dalvikvm(32313): GC_CONCURRENT freed 452K, 6% free 9451K/10020K, paused 3ms+4ms, total 39ms
07-11 16:53:57.078 W/MountService(  374): getVolumeState(/storage/emulated/0/external_sd): Unknown volume
07-11 16:53:57.078 W/MountService(  374): getVolumeState(/mnt/sdcard-ext): Unknown volume
07-11 16:53:57.078 W/MountService(  374): getVolumeState(/mnt/ext_sdcard): Unknown volume
07-11 16:53:57.086 W/MountService(  374): getVolumeState(/mnt/sdcard2): Unknown volume
07-11 16:53:57.086 W/MountService(  374): getVolumeState(/mnt/emmc): Unknown volume
07-11 16:53:57.086 W/MountService(  374): getVolumeState(/mnt/extSdCard): Unknown volume
07-11 16:53:57.086 W/MountService(  374): getVolumeState(/mnt/sdcard/SD_CARD): Unknown volume
07-11 16:53:57.086 W/MountService(  374): getVolumeState(/mnt/sdcard/extra_sd): Unknown volume
07-11 16:53:57.086 W/MountService(  374): getVolumeState(/mnt/extrasd_bind): Unknown volume
07-11 16:53:57.086 W/MountService(  374): getVolumeState(/mnt/sdcard/ext_sd): Unknown volume
07-11 16:53:57.086 W/MountService(  374): getVolumeState(/storage/extSdCard): Unknown volume
07-11 16:53:57.086 W/MountService(  374): getVolumeState(/storage/sdcard1): Unknown volume
07-11 16:53:57.094 W/MountService(  374): getVolumeState(/mnt/sdcard/external_SD): Unknown volume
07-11 16:53:57.094 W/MountService(  374): getVolumeState(/mnt/sdcard/external_sd): Unknown volume
07-11 16:53:57.187 D/dalvikvm(32313): GC_FOR_ALLOC freed 461K, 8% free 9314K/10020K, paused 20ms, total 20ms
07-11 16:53:57.445 D/PushLib : ( 3947): [null:-1]->MSG_WEBSOCKET_OPEN
07-11 16:53:57.476 D/dalvikvm( 3947): GC_CONCURRENT freed 626K, 7% free 9202K/9864K, paused 2ms+5ms, total 26ms
07-11 16:53:57.539 D/JOBS    ( 3947): added job id: -2147483647 class: PushMessageJob priority: 0 delay: 0 group : fetch-push persistent: false requires network: true
07-11 16:53:57.547 D/JOBS    ( 3947): pool-4-thread-1: load factor check. true = (0 < 1)|| (0 * 3 < 1 + 0). consumer thread: false
07-11 16:53:57.547 D/JOBS    ( 3947): adding another consumer
07-11 16:53:57.547 D/JOBS    ( 3947): starting consumer Thread-3970
07-11 16:53:57.547 D/JOBS    ( 3947): running job PushMessageJob
07-11 16:53:57.976 D/dalvikvm( 3947): GC_CONCURRENT freed 361K, 7% free 9266K/9864K, paused 3ms+9ms, total 37ms
07-11 16:53:58.015 D/JOBS    ( 3947): finished job PushMessageJob
07-11 16:53:59.297 D/PushLib : ( 3947): [null:-1]->MSG_WEBSOCKET_MESSAGE : {"id":2,"type":1,"command":0,"result":0,"reason":0}
07-11 16:53:59.320 D/PushService( 3947): [null:-1]->push message type :1
07-11 16:54:27.195 D/MdmService( 3259): [null:-1]->receiver action :com.pekall.mdm.action.MDM_ALARM
07-11 16:54:32.429 I/ActivityManager(  374): No longer want com.android.defcontainer (pid 30530): empty for 1804s
07-11 16:54:43.836 I/PowerManagerService(  374): Waking up from sleep...
07-11 16:54:43.961 I/WindowManager(  374): Lock screen displayed!
07-11 16:54:44.094 I/ActivityManager(  374): Start proc com.qihoo.appstore for service com.qihoo.appstore/.express.DownloadCoreService: pid=4918 uid=10064 gids={50064, 3003, 1015, 3002, 1006, 3001, 1028}
07-11 16:54:44.109 I/dalvikvm( 4918): Turning on JNI app bug workarounds for target SDK version 10...
07-11 16:54:44.125 V/DigitalWidgetViewsFactory(32466): DigitalWidget sets next alarm string to null
07-11 16:54:44.226 D/PowerManagerService-JNI(  374): Excessive delay in autosuspend_disable() while turning screen on: 378ms
07-11 16:54:44.234 D/SurfaceFlinger(  124): Screen acquired, type=0 flinger=0x400b4008
07-11 16:54:44.234 D/ProxyApplication( 4918): attachBaseContext mCurrentProcessName : com.qihoo.appstore
07-11 16:54:44.242 D/ProxyApplication( 4918): attachBaseContext mIsConfigProcesso : false
07-11 16:54:44.297 D/dalvikvm( 4345): GC_CONCURRENT freed 388K, 6% free 9729K/10252K, paused 3ms+4ms, total 119ms
07-11 16:54:44.492 E/MyLog   ( 4918): ZY>>LOGD=false
07-11 16:54:44.648 D/dalvikvm( 4918): GC_CONCURRENT freed 288K, 4% free 9145K/9468K, paused 4ms+6ms, total 123ms
07-11 16:54:44.648 D/dalvikvm( 4918): WAIT_FOR_CONCURRENT_GC blocked 64ms
07-11 16:54:44.656 D/dalvikvm( 4918): WAIT_FOR_CONCURRENT_GC blocked 50ms
07-11 16:54:44.711 D/SurfaceControl(  374): Excessive delay in unblankDisplay() while turning screen on: 481ms
07-11 16:54:44.750 D/AndroidRuntime( 4939): 
07-11 16:54:44.750 D/AndroidRuntime( 4939): >>>>>> AndroidRuntime START com.android.internal.os.RuntimeInit <<<<<<
07-11 16:54:44.758 D/AndroidRuntime( 4939): CheckJNI is OFF
07-11 16:54:44.773 D/dalvikvm( 4939): Trying to load lib libjavacore.so 0x0
07-11 16:54:44.781 D/dalvikvm( 4939): Added shared lib libjavacore.so 0x0
07-11 16:54:44.797 D/dalvikvm( 4939): Trying to load lib libnativehelper.so 0x0
07-11 16:54:44.797 D/dalvikvm( 4939): Added shared lib libnativehelper.so 0x0
07-11 16:54:44.797 D/dalvikvm( 4918): Trying to load lib /data/data/com.qihoo.appstore/files/baohecachefileaV2 0x420826b8
07-11 16:54:44.804 D/dalvikvm( 4918): Added shared lib /data/data/com.qihoo.appstore/files/baohecachefileaV2 0x420826b8
07-11 16:54:44.804 D/dalvikvm( 4918): No JNI_OnLoad found in /data/data/com.qihoo.appstore/files/baohecachefileaV2 0x420826b8, skipping init
07-11 16:54:44.890 D/dalvikvm( 4918): Trying to load lib /data/data/com.qihoo.appstore/app_MyLibs/libMyCore2.so 0x420826b8
07-11 16:54:44.890 D/dalvikvm( 4918): Added shared lib /data/data/com.qihoo.appstore/app_MyLibs/libMyCore2.so 0x420826b8
07-11 16:54:44.890 W/dalvikvm( 4918): Unable to register: not native: Lcom/qihoo/helper/NativeHelper;.a:(Landroid/content/Context;)Z
07-11 16:54:44.953 D/LightsService(  374): Excessive delay setting light: 128ms
07-11 16:54:45.070 D/AndroidRuntime( 4939): Calling main entry com.qihoo360.powerctl.root.app.App
07-11 16:54:45.070 D/AndroidRuntime( 4939): Shutting down VM
07-11 16:54:45.078 D/dalvikvm( 4939): Debugger has detached; object registry had 1 entries
07-11 16:54:45.109 D/dalvikvm( 4918): GC_CONCURRENT freed 457K, 5% free 9179K/9640K, paused 5ms+4ms, total 49ms
07-11 16:54:45.312 D/dalvikvm( 4918): GC_CONCURRENT freed 213K, 3% free 9415K/9672K, paused 4ms+3ms, total 50ms
07-11 16:54:45.328 W/GlowPadView(  374): The number of target drawables must be equal to the number of direction descriptions.
07-11 16:54:45.406 D/dalvikvm( 4918): GC_CONCURRENT freed 250K, 4% free 9656K/9960K, paused 4ms+2ms, total 37ms
07-11 16:54:45.406 D/dalvikvm( 4918): WAIT_FOR_CONCURRENT_GC blocked 22ms
07-11 16:54:45.570 D/MdmApplication( 3259): [null:-1]->onActivityStarted market.activity.AppListActivity , mActivityCount = 4
07-11 16:54:45.570 D/MDM :   ( 3259): [null:-1]->query
07-11 16:54:45.578 D/MDM :   ( 3259): [null:-1]->QUERY_PINCODE_CHECK_RESULT
07-11 16:54:45.578 D/PhoneStatusBar(  450): disable: < expand icons alerts ticker system_info BACK HOME recent* CLOCK search >
07-11 16:54:45.586 D/mdm_log ( 3259): [null:-1]->has installed com.moji.mjweather
07-11 16:54:45.617 D/NfcService(  592): NFC-C ON
07-11 16:54:45.687 D/PhoneStatusBar(  450): disable: < expand icons alerts ticker system_info back* home* recent clock* search >
07-11 16:54:45.687 W/InputMethodManagerService(  374): Window already focused, ignoring focus gain of: com.android.internal.view.IInputMethodClient$Stub$Proxy@42b402b8 attribute=android.view.inputmethod.EditorInfo@42bde3e8, token = android.os.BinderProxy@42c9a5d0
07-11 16:54:45.719 D/dalvikvm( 4565): Trying to load lib /data/app-lib/com.dragon.android.pandaspace-1/libwidgetwatchdog.so 0x42081a18
07-11 16:54:45.719 D/dalvikvm( 4565): Added shared lib /data/app-lib/com.dragon.android.pandaspace-1/libwidgetwatchdog.so 0x42081a18
07-11 16:54:45.719 D/dalvikvm( 4565): No JNI_OnLoad found in /data/app-lib/com.dragon.android.pandaspace-1/libwidgetwatchdog.so 0x42081a18, skipping init
07-11 16:54:45.836 D/dalvikvm( 4294): GC_CONCURRENT freed 399K, 13% free 9501K/10824K, paused 20ms+12ms, total 163ms
07-11 16:54:46.109 V/TAG     (  374): bug 7643792: fitSystemWindows([0,50][0,0])
07-11 16:54:46.226 D/AndroidRuntime( 4974): 
07-11 16:54:46.226 D/AndroidRuntime( 4974): >>>>>> AndroidRuntime START com.android.internal.os.RuntimeInit <<<<<<
07-11 16:54:46.226 D/AndroidRuntime( 4974): CheckJNI is OFF
07-11 16:54:46.242 D/dalvikvm( 4918): GC_CONCURRENT freed 321K, 4% free 9728K/10088K, paused 11ms+75ms, total 380ms
07-11 16:54:46.242 D/dalvikvm( 4974): Trying to load lib libjavacore.so 0x0
07-11 16:54:46.258 D/dalvikvm( 4974): Added shared lib libjavacore.so 0x0
07-11 16:54:46.273 D/dalvikvm( 4974): Trying to load lib libnativehelper.so 0x0
07-11 16:54:46.273 D/dalvikvm( 4974): Added shared lib libnativehelper.so 0x0
07-11 16:54:46.273 D/dalvikvm( 4565): GC_CONCURRENT freed 408K, 5% free 9221K/9664K, paused 16ms+3ms, total 150ms
07-11 16:54:46.273 D/dalvikvm( 4565): WAIT_FOR_CONCURRENT_GC blocked 48ms
07-11 16:54:46.273 D/dalvikvm( 4565): WAIT_FOR_CONCURRENT_GC blocked 48ms
07-11 16:54:46.547 D/AndroidRuntime( 4974): Calling main entry com.qihoo360.powerctl.root.app.App
07-11 16:54:46.554 D/AndroidRuntime( 4974): Shutting down VM
07-11 16:54:46.554 D/jdwp    ( 4974): Got wake-up signal, bailing out of select
07-11 16:54:46.554 D/dalvikvm( 4974): Debugger has detached; object registry had 1 entries
07-11 16:54:46.554 I/AndroidRuntime( 4974): NOTE: attach of thread 'Binder_1' failed
07-11 16:54:46.586 D/dalvikvm( 4565): GC_CONCURRENT freed 181K, 3% free 9549K/9768K, paused 20ms+11ms, total 131ms
07-11 16:54:46.586 D/dalvikvm( 4565): WAIT_FOR_CONCURRENT_GC blocked 16ms
07-11 16:54:46.586 D/dalvikvm( 4565): WAIT_FOR_CONCURRENT_GC blocked 12ms
07-11 16:54:46.828 I/RootJni ( 4990): su: permission denied
07-11 16:54:46.836 D/dalvikvm( 4565): GC_CONCURRENT freed 191K, 3% free 9768K/10000K, paused 11ms+4ms, total 51ms
07-11 16:54:47.117 D/dalvikvm( 4565): GC_CONCURRENT freed 459K, 5% free 9743K/10240K, paused 9ms+2ms, total 36ms
07-11 16:54:47.398 D/dalvikvm( 4565): GC_FOR_ALLOC freed 321K, 6% free 9738K/10288K, paused 51ms, total 52ms
07-11 16:54:47.578 D/GCM     (  647): Ignoring attempt to send heartbeat on dead connection.
07-11 16:54:47.578 D/dalvikvm( 4565): GC_FOR_ALLOC freed 302K, 6% free 9729K/10288K, paused 25ms, total 26ms
07-11 16:54:47.804 D/dalvikvm( 4565): GC_FOR_ALLOC freed 412K, 6% free 9692K/10288K, paused 30ms, total 31ms
07-11 16:54:48.344 D/dalvikvm( 4565): GC_CONCURRENT freed 409K, 6% free 9671K/10288K, paused 3ms+3ms, total 26ms
07-11 16:54:52.070 D/dalvikvm( 4565): GC_CONCURRENT freed 467K, 7% free 9591K/10288K, paused 5ms+2ms, total 42ms
07-11 16:54:56.984 W/MountService(  374): getVolumeState(/storage/emulated/0/external_sd): Unknown volume
07-11 16:54:56.984 W/MountService(  374): getVolumeState(/mnt/sdcard-ext): Unknown volume
07-11 16:54:56.984 W/MountService(  374): getVolumeState(/mnt/ext_sdcard): Unknown volume
07-11 16:54:56.984 W/MountService(  374): getVolumeState(/mnt/sdcard2): Unknown volume
07-11 16:54:56.984 W/MountService(  374): getVolumeState(/mnt/emmc): Unknown volume
07-11 16:54:56.984 W/MountService(  374): getVolumeState(/mnt/extSdCard): Unknown volume
07-11 16:54:56.992 W/MountService(  374): getVolumeState(/mnt/sdcard/SD_CARD): Unknown volume
07-11 16:54:56.992 W/MountService(  374): getVolumeState(/mnt/sdcard/extra_sd): Unknown volume
07-11 16:54:56.992 W/MountService(  374): getVolumeState(/mnt/extrasd_bind): Unknown volume
07-11 16:54:57.000 W/MountService(  374): getVolumeState(/mnt/sdcard/ext_sd): Unknown volume
07-11 16:54:57.000 W/MountService(  374): getVolumeState(/storage/extSdCard): Unknown volume
07-11 16:54:57.000 W/MountService(  374): getVolumeState(/storage/sdcard1): Unknown volume
07-11 16:54:57.000 W/MountService(  374): getVolumeState(/mnt/sdcard/external_SD): Unknown volume
07-11 16:54:57.000 W/MountService(  374): getVolumeState(/mnt/sdcard/external_sd): Unknown volume
07-11 16:54:57.047 D/dalvikvm(32313): GC_CONCURRENT freed 425K, 7% free 9356K/10020K, paused 2ms+3ms, total 39ms
07-11 16:54:57.047 D/dalvikvm(32313): WAIT_FOR_CONCURRENT_GC blocked 2ms
07-11 16:54:57.226 W/MountService(  374): getVolumeState(/storage/emulated/0/external_sd): Unknown volume
07-11 16:54:57.226 W/MountService(  374): getVolumeState(/mnt/sdcard-ext): Unknown volume
07-11 16:54:57.226 W/MountService(  374): getVolumeState(/mnt/ext_sdcard): Unknown volume
07-11 16:54:57.226 W/MountService(  374): getVolumeState(/mnt/sdcard2): Unknown volume
07-11 16:54:57.226 W/MountService(  374): getVolumeState(/mnt/emmc): Unknown volume
07-11 16:54:57.226 W/MountService(  374): getVolumeState(/mnt/extSdCard): Unknown volume
07-11 16:54:57.226 W/MountService(  374): getVolumeState(/mnt/sdcard/SD_CARD): Unknown volume
07-11 16:54:57.226 W/MountService(  374): getVolumeState(/mnt/sdcard/extra_sd): Unknown volume
07-11 16:54:57.226 W/MountService(  374): getVolumeState(/mnt/extrasd_bind): Unknown volume
07-11 16:54:57.234 W/MountService(  374): getVolumeState(/mnt/sdcard/ext_sd): Unknown volume
07-11 16:54:57.234 W/MountService(  374): getVolumeState(/storage/extSdCard): Unknown volume
07-11 16:54:57.234 W/MountService(  374): getVolumeState(/storage/sdcard1): Unknown volume
07-11 16:54:57.234 W/MountService(  374): getVolumeState(/mnt/sdcard/external_SD): Unknown volume
07-11 16:54:57.234 W/MountService(  374): getVolumeState(/mnt/sdcard/external_sd): Unknown volume
07-11 16:54:57.242 D/dalvikvm(32313): GC_CONCURRENT freed 466K, 7% free 9394K/10020K, paused 3ms+3ms, total 35ms
07-11 16:54:57.242 D/dalvikvm(32313): WAIT_FOR_CONCURRENT_GC blocked 9ms
07-11 16:54:57.242 D/dalvikvm(32313): WAIT_FOR_CONCURRENT_GC blocked 9ms
07-11 16:55:07.492 D/MDM :   ( 3259): [null:-1]->MSG_WEBSOCKET_MESSAGE : {"id":1405308553,"type":0,"command":0,"result":0,"reason":0,"params":{"msgId":"bfef3395-e07e-4941-b924-4163b0dccfdf,bfef3395e07e4941b9244163b0dccfdf","device":"ffffffffc539bb10fffffffff7aea961","message":"{\"cmd\":\"10119\"}"}}
07-11 16:55:07.508 D/MdmService( 3259): [null:-1]->push message type :0
07-11 16:55:07.508 D/MdmService( 3259): [null:-1]->cmdMessage : {"cmd":"10119"}
07-11 16:55:07.508 D/MdmService( 3259): [null:-1]->command : PushCommandMsg{cmd='10119', msg='null'}
07-11 16:55:07.508 D/MDM :   ( 3259): [null:-1]->PUSH CMD: 10119
07-11 16:55:07.508 D/MdmStatusManager( 3259): [null:-1]->change status to : Busy
07-11 16:55:07.515 D/DB      ( 3259): query: SQLiteQuery: SELECT content, command_status, status FROM command WHERE status!=2
07-11 16:55:07.515 D/DB      ( 3259): factory null
07-11 16:55:07.515 D/DB      ( 3259): fillWindow: 0
07-11 16:55:07.515 D/DB      ( 3259): cursor 0
07-11 16:55:07.515 D/DB      ( 3259): moveToPos: 0
07-11 16:55:07.515 I/TransInfo( 3259): TransInfo created, id: 3, class: class com.pekall.emdm.transaction.b.c
07-11 16:55:07.515 D/NetworkThread( 3259): [null:-1]->----isRunning-----true
07-11 16:55:07.515 D/NetworkThread( 3259): [null:-1]->----isRunning-----true
07-11 16:55:07.515 D/NetworkThread( 3259): [null:-1]->thread wakeup
07-11 16:55:07.523 D/HttpClient( 3259): enable apache.http debug
07-11 16:55:07.531 V/DEBUG   ( 3259): HTTP 0
07-11 16:55:07.789 V/DEBUG   ( 3259): HTTP 1
07-11 16:55:07.812 D/MDM :   ( 3259): [null:-1]->read network input stream
07-11 16:55:07.812 D/MDM :   ( 3259): [null:-1]->read network input stream
07-11 16:55:07.844 D/CheckInTransInfo( 3259): [null:-1]->CommandMsg : CommandMsg{CommandUUID='8a8088bf471a79ec014724a231c55cb8', Command=CommandObject{RequestType='InstallApplication'}}
07-11 16:55:07.844 D/DB      ( 3259): query: SQLiteQuery: SELECT * FROM command WHERE cmd_uuid='8a8088bf471a79ec014724a231c55cb8'
07-11 16:55:07.844 D/DB      ( 3259): factory null
07-11 16:55:07.844 D/DB      ( 3259): fillWindow: 0
07-11 16:55:07.844 D/DB      ( 3259): cursor 0
07-11 16:55:07.890 D/NetworkThread( 3259): [null:-1]->queue is empty, thread wait...
07-11 16:55:07.992 D/MdmService( 3259): [null:-1]->handleCheckInResult
07-11 16:55:07.992 D/MdmService( 3259): [null:-1]->handleCheckInResult result keyIndex: 3
07-11 16:55:07.992 D/CommandManager( 3259): [null:-1]->execute command: CommandMsg{CommandUUID='8a8088bf471a79ec014724a231c55cb8', Command=CommandObject{RequestType='InstallApplication'}}
07-11 16:55:07.992 D/TEST_ALL( 3259): [null:-1]->REQ_TYPE_INST_APP
07-11 16:55:07.992 E/DB      ( 3259): bind, index: 1, value: by.game.binumbers
07-11 16:55:07.992 D/DB      ( 3259): query: SQLiteQuery: SELECT * FROM app WHERE package=?
07-11 16:55:07.992 D/DB      ( 3259): factory null
07-11 16:55:07.992 D/DB      ( 3259): fillWindow: 0
07-11 16:55:07.992 D/DB      ( 3259): cursor 0
07-11 16:55:07.992 D/DB      ( 3259): moveToPos: 0
07-11 16:55:08.039 D/DB      ( 3259): query: SQLiteQuery: SELECT * FROM app WHERE readStatus =0
07-11 16:55:08.039 D/DB      ( 3259): factory null
07-11 16:55:08.039 D/DB      ( 3259): fillWindow: 0
07-11 16:55:08.039 D/DB      ( 3259): cursor 1
07-11 16:55:08.039 E/Mdm     ( 3259): Call Mdm service's recordIconCount function
07-11 16:55:08.039 D/DB      ( 3259): query: SQLiteQuery: SELECT * FROM app WHERE type = 51107
07-11 16:55:08.039 D/DB      ( 3259): factory null
07-11 16:55:08.039 D/DB      ( 3259): fillWindow: 0
07-11 16:55:08.047 D/DB      ( 3259): cursor 2
07-11 16:55:08.054 D/DB      ( 3259): query: SQLiteQuery: SELECT * FROM app WHERE readStatus =0
07-11 16:55:08.054 D/DB      ( 3259): factory null
07-11 16:55:08.054 D/DB      ( 3259): fillWindow: 0
07-11 16:55:08.054 D/DB      ( 3259): cursor 1
07-11 16:55:08.086 D/DB      ( 3259): moveToPos: 0
07-11 16:55:08.086 D/DB      ( 3259): onMove: 0
07-11 16:55:08.086 D/DB      ( 3259): moveToPos: 1
07-11 16:55:08.086 D/DB      ( 3259): onMove: 1
07-11 16:55:08.094 D/DB      ( 3259): moveToPos: 2
07-11 16:55:08.133 I/AudioService(  374):  AudioFocus  requestAudioFocus() from android.media.AudioManager@422c1c40
07-11 16:55:08.265 I/TransInfo( 3259): TransInfo created, id: 3, class: class com.pekall.emdm.transaction.b.c
07-11 16:55:08.265 D/NetworkThread( 3259): [null:-1]->----isRunning-----true
07-11 16:55:08.265 D/NetworkThread( 3259): [null:-1]->----isRunning-----true
07-11 16:55:08.265 D/NetworkThread( 3259): [null:-1]->thread wakeup
07-11 16:55:08.265 D/HttpClient( 3259): enable apache.http debug
07-11 16:55:08.273 V/DEBUG   ( 3259): HTTP 0
07-11 16:55:08.633 V/DEBUG   ( 3259): HTTP 1
07-11 16:55:08.640 D/MdmDatabaseHelper( 3259): [null:-1]->update command 8a8088bf471a79ec014724a231c55cb8 to status executed
07-11 16:55:08.679 D/NetworkThread( 3259): [null:-1]->queue is empty, thread wait...
07-11 16:55:08.742 D/MdmService( 3259): [null:-1]->handleCheckInResult
07-11 16:55:08.742 D/MdmService( 3259): [null:-1]->handleCheckInResult result keyIndex: 3
07-11 16:55:08.742 D/HandleCommandTask( 3259): [null:-1]->execute command msg but beanBase is null
07-11 16:55:08.742 D/MdmStatusManager( 3259): [null:-1]->change status to : Idle
07-11 16:55:09.328 I/AudioService(  374):  AudioFocus  abandonAudioFocus() from android.media.AudioManager@422c1c40
07-11 16:55:09.648 D/LightsService(  374): Excessive delay setting light: 66ms
07-11 16:55:09.719 D/MarketDatabaseHelper( 3259): [null:-1]->----------urlStr =by.game.binumbers
07-11 16:55:09.719 E/DB      ( 3259): bind, index: 1, value: by.game.binumbers
07-11 16:55:09.719 D/DB      ( 3259): query: SQLiteQuery: SELECT package, endPos, status, size, downloadUrl FROM app WHERE package=?
07-11 16:55:09.719 D/DB      ( 3259): factory null
07-11 16:55:09.719 D/DB      ( 3259): fillWindow: 0
07-11 16:55:09.726 D/DB      ( 3259): cursor 1
07-11 16:55:09.726 D/DB      ( 3259): moveToPos: 0
07-11 16:55:09.726 D/DB      ( 3259): onMove: 0
07-11 16:55:09.726 D/mdm_log ( 3259): [null:-1]->info.downLoadPos  : 0
07-11 16:55:09.726 D/mdm_log ( 3259): [null:-1]->file.length  : 0
07-11 16:55:09.734 D/mdm_log ( 3259): [null:-1]->has installed com.moji.mjweather
07-11 16:55:09.781 D/LightsService(  374): Excessive delay setting light: 65ms
07-11 16:55:10.054 D/DB      ( 3259): query: SQLiteQuery: SELECT * FROM app WHERE type = 51107
07-11 16:55:10.054 D/DB      ( 3259): factory null
07-11 16:55:10.054 D/DB      ( 3259): fillWindow: 0
07-11 16:55:10.062 D/DB      ( 3259): cursor 2
07-11 16:55:10.062 D/DB      ( 3259): moveToPos: 0
07-11 16:55:10.062 D/DB      ( 3259): onMove: 0
07-11 16:55:10.062 D/DB      ( 3259): moveToPos: 1
07-11 16:55:10.062 D/DB      ( 3259): onMove: 1
07-11 16:55:10.062 D/DB      ( 3259): query: SQLiteQuery: SELECT * FROM app WHERE readStatus =0
07-11 16:55:10.062 D/DB      ( 3259): moveToPos: 2
07-11 16:55:10.062 D/DB      ( 3259): factory null
07-11 16:55:10.062 D/DB      ( 3259): fillWindow: 0
07-11 16:55:10.062 D/DB      ( 3259): cursor 1
07-11 16:55:10.062 E/Mdm     ( 3259): Call Mdm service's recordIconCount function
07-11 16:55:10.062 D/mdm_log ( 3259): [null:-1]->lastModifiedDate : null
07-11 16:55:10.070 D/mdm_log ( 3259): [null:-1]->serverLastModifiedDate : null
07-11 16:55:20.195 D/mdm_log ( 3259): [null:-1]->read buffer is -1 , download done
07-11 16:55:20.226 D/mdm_log ( 3259): [null:-1]->file download complete! url is/storage/emulated/0/MDM/download/bygamebinumbers.apk
07-11 16:55:20.250 D/mdm_log ( 3259): [null:-1]->call  refresh in onDownLoadComplete
07-11 16:55:20.250 D/mdm_log ( 3259): [null:-1]->has installed com.moji.mjweather
07-11 16:55:20.250 D/mdm_log ( 3259): [null:-1]->call  refresh in onDownLoadComplete
07-11 16:55:20.258 D/mdm_log ( 3259): [null:-1]->has installed com.moji.mjweather
07-11 16:55:20.344 D/dalvikvm( 3259): GC_FOR_ALLOC freed 2771K, 33% free 17385K/25600K, paused 58ms, total 62ms
07-11 16:55:22.156 I/ActivityManager(  374): START u0 {act=android.intent.action.VIEW dat=file:///storage/emulated/0/MDM/download/bygamebinumbers.apk typ=application/vnd.android.package-archive flg=0x10000000 cmp=com.android.packageinstaller/.PackageInstallerActivity} from pid 3259
07-11 16:55:22.187 D/mdm_log ( 3259): [null:-1]->has installed com.moji.mjweather
07-11 16:55:22.187 D/MdmApplication( 3259): [null:-1]->onActivityPaused market.activity.AppListActivity , mActivityCount = 5
07-11 16:55:22.187 D/MDM :   ( 3259): [null:-1]->query
07-11 16:55:22.187 D/MDM :   ( 3259): [null:-1]->QUERY_PINCODE_CHECK_RESULT
07-11 16:55:22.195 E/Mdm     ( 3259): Call Mdm service's setLastExitTime function
07-11 16:55:22.219 I/ActivityManager(  374): Start proc com.android.packageinstaller for activity com.android.packageinstaller/.PackageInstallerActivity: pid=5083 uid=10045 gids={50045, 1028}
07-11 16:55:22.398 D/dalvikvm( 5083): GC_CONCURRENT freed 256K, 4% free 9177K/9468K, paused 4ms+2ms, total 34ms
07-11 16:55:22.398 D/dalvikvm( 5083): WAIT_FOR_CONCURRENT_GC blocked 6ms
07-11 16:55:22.515 D/dalvikvm( 5083): GC_CONCURRENT freed 248K, 3% free 9376K/9660K, paused 3ms+4ms, total 27ms
07-11 16:55:22.570 D/dalvikvm( 5083): GC_FOR_ALLOC freed 98K, 4% free 9361K/9660K, paused 21ms, total 22ms
07-11 16:55:22.570 I/dalvikvm-heap( 5083): Grow heap (frag case) to 10.173MB for 1048592-byte allocation
07-11 16:55:22.594 D/dalvikvm( 5083): GC_FOR_ALLOC freed 328K, 6% free 10057K/10688K, paused 23ms, total 23ms
07-11 16:55:22.625 D/dalvikvm( 5083): GC_CONCURRENT freed <1K, 6% free 10056K/10688K, paused 3ms+6ms, total 31ms
07-11 16:55:22.711 D/dalvikvm( 5083): GC_FOR_ALLOC freed <1K, 6% free 10056K/10688K, paused 22ms, total 23ms
07-11 16:55:22.726 I/dalvikvm-heap( 5083): Grow heap (frag case) to 13.853MB for 4194320-byte allocation
07-11 16:55:22.750 D/dalvikvm( 5083): GC_FOR_ALLOC freed 0K, 5% free 14152K/14788K, paused 21ms, total 21ms
07-11 16:55:22.781 D/dalvikvm( 5083): GC_CONCURRENT freed 0K, 5% free 14152K/14788K, paused 5ms+3ms, total 31ms
07-11 16:55:23.211 D/dalvikvm(  374): GC_EXPLICIT freed 2620K, 30% free 22677K/31968K, paused 4ms+14ms, total 133ms
07-11 16:55:23.422 D/dalvikvm(32313): GC_FOR_ALLOC freed 419K, 7% free 9317K/10012K, paused 29ms, total 30ms
07-11 16:55:23.515 D/libEGL  ( 5083): loaded /vendor/lib/egl/libEGL_POWERVR_SGX540_120.so
07-11 16:55:23.523 D/libEGL  ( 5083): loaded /vendor/lib/egl/libGLESv1_CM_POWERVR_SGX540_120.so
07-11 16:55:23.539 D/libEGL  ( 5083): loaded /vendor/lib/egl/libGLESv2_POWERVR_SGX540_120.so
07-11 16:55:23.664 D/OpenGLRenderer( 5083): Enabling debug mode 0
07-11 16:55:23.890 I/ActivityManager(  374): Displayed com.android.packageinstaller/.PackageInstallerActivity: +1s685ms (total +33m22s249ms)
07-11 16:55:25.250 D/dalvikvm( 4565): GC_CONCURRENT freed 377K, 6% free 9599K/10152K, paused 4ms+4ms, total 35ms
07-11 16:55:25.773 W/Settings( 4345): Setting airplane_mode_on has moved from android.provider.Settings.System to android.provider.Settings.Global, returning read-only value.
07-11 16:55:25.773 W/Settings( 4345): Setting mobile_data has moved from android.provider.Settings.Secure to android.provider.Settings.Global.
07-11 16:55:25.773 D/BluetoothAdapter( 4345): 1108414120: getState() :  mService = null. Returning STATE_OFF
07-11 16:55:25.773 W/Settings( 4345): Setting airplane_mode_on has moved from android.provider.Settings.System to android.provider.Settings.Global, returning read-only value.
07-11 16:55:25.804 W/Settings( 4345): Setting airplane_mode_on has moved from android.provider.Settings.System to android.provider.Settings.Global, returning read-only value.
07-11 16:55:25.804 W/Settings( 4345): Setting mobile_data has moved from android.provider.Settings.Secure to android.provider.Settings.Global.
07-11 16:55:25.804 D/BluetoothAdapter( 4345): 1108414120: getState() :  mService = null. Returning STATE_OFF
07-11 16:55:25.804 W/Settings( 4345): Setting airplane_mode_on has moved from android.provider.Settings.System to android.provider.Settings.Global, returning read-only value.
07-11 16:55:26.578 I/ActivityManager(  374): START u0 {dat=file:///storage/emulated/0/MDM/download/bygamebinumbers.apk cmp=com.android.packageinstaller/.InstallAppProgress (has extras)} from pid 5083
07-11 16:55:26.804 D/dalvikvm( 5083): GC_FOR_ALLOC freed 1152K, 8% free 14607K/15816K, paused 23ms, total 26ms
07-11 16:55:26.812 I/dalvikvm-heap( 5083): Grow heap (frag case) to 18.297MB for 4194320-byte allocation
07-11 16:55:26.844 D/dalvikvm( 5083): GC_FOR_ALLOC freed <1K, 7% free 18702K/19916K, paused 27ms, total 27ms
07-11 16:55:26.875 D/dalvikvm( 5083): GC_CONCURRENT freed 11K, 7% free 18691K/19916K, paused 4ms+5ms, total 36ms
07-11 16:55:26.969 I/ActivityManager(  374): Start proc com.android.defcontainer for service com.android.defcontainer/.DefaultContainerService: pid=5108 uid=10012 gids={50012, 1015, 1023, 2001, 1028}
07-11 16:55:27.054 W/ActivityManager(  374): No content provider found for permission revoke: file:///storage/emulated/0/MDM/download/bygamebinumbers.apk
07-11 16:55:27.094 I/ActivityManager(  374): Start proc com.android.vending for broadcast com.android.vending/com.google.android.vending.verifier.PackageVerificationReceiver: pid=5122 uid=10047 gids={50047, 3003, 1015, 1028}
07-11 16:55:27.133 D/dalvikvm(  125): GC_EXPLICIT freed 40K, 1% free 8921K/9000K, paused 2ms+3ms, total 46ms
07-11 16:55:27.164 D/dalvikvm(  125): GC_EXPLICIT freed <1K, 1% free 8921K/9000K, paused 3ms+3ms, total 31ms
07-11 16:55:27.187 D/dalvikvm(  125): GC_EXPLICIT freed <1K, 1% free 8921K/9000K, paused 2ms+4ms, total 29ms
07-11 16:55:27.320 I/ActivityManager(  374): Displayed com.android.packageinstaller/.InstallAppProgress: +676ms
07-11 16:55:27.453 D/Finsky  ( 5122): [1] FinskyApp.onCreate: Initializing network with DFE https://android.clients.google.com/fdfe/
07-11 16:55:27.515 D/dalvikvm( 5122): GC_CONCURRENT freed 282K, 4% free 9110K/9428K, paused 5ms+3ms, total 49ms
07-11 16:55:27.554 D/Finsky  ( 5122): [1] DailyHygiene.goMakeHygieneIfDirty: Dirty, need more hygiene.
07-11 16:55:27.586 W/Settings( 5122): Setting download_manager_max_bytes_over_mobile has moved from android.provider.Settings.Secure to android.provider.Settings.Global.
07-11 16:55:27.586 W/Settings( 5122): Setting download_manager_recommended_max_bytes_over_mobile has moved from android.provider.Settings.Secure to android.provider.Settings.Global.
07-11 16:55:27.594 W/Finsky  ( 5122): [1] FinskyApp.getCurrentAccount: No account configured on this device.
07-11 16:55:27.594 W/Finsky  ( 5122): [1] FinskyApp.getDfeApi: No account configured on this device.
07-11 16:55:27.601 D/Finsky  ( 5122): [1] PackageVerificationReceiver.onReceive: Verification requested, id = 18
07-11 16:55:27.625 D/Finsky  ( 5122): [1] WorkerTask.onPreExecute: Verification Requested for id = 18, data=file:///storage/emulated/0/MDM/download/bygamebinumbers.apk flags=16 fromVerificationActivity=false
07-11 16:55:27.656 D/Finsky  ( 5122): [1] GmsCoreHelper.cleanupNlp: result=false type=4
07-11 16:55:27.781 D/dalvikvm( 5122): GC_CONCURRENT freed 243K, 3% free 9277K/9556K, paused 4ms+4ms, total 32ms
07-11 16:55:27.914 D/dalvikvm( 5122): GC_CONCURRENT freed 231K, 3% free 9535K/9804K, paused 4ms+4ms, total 41ms
07-11 16:55:28.023 D/dalvikvm( 5122): GC_CONCURRENT freed 494K, 6% free 9551K/10084K, paused 3ms+2ms, total 28ms
07-11 16:55:28.023 D/dalvikvm( 5122): WAIT_FOR_CONCURRENT_GC blocked 9ms
07-11 16:55:28.094 D/dalvikvm( 5122): GC_CONCURRENT freed 437K, 6% free 9554K/10096K, paused 3ms+2ms, total 28ms
07-11 16:55:28.094 D/dalvikvm( 5122): WAIT_FOR_CONCURRENT_GC blocked 18ms
07-11 16:55:28.156 D/dalvikvm( 5122): GC_CONCURRENT freed 430K, 6% free 9566K/10096K, paused 4ms+3ms, total 30ms
07-11 16:55:28.156 D/dalvikvm( 5122): WAIT_FOR_CONCURRENT_GC blocked 18ms
07-11 16:55:28.219 D/dalvikvm( 5122): GC_CONCURRENT freed 448K, 6% free 9568K/10108K, paused 4ms+3ms, total 30ms
07-11 16:55:28.219 D/dalvikvm( 5122): WAIT_FOR_CONCURRENT_GC blocked 21ms
07-11 16:55:28.289 D/dalvikvm( 5122): GC_CONCURRENT freed 458K, 6% free 9566K/10108K, paused 3ms+3ms, total 31ms
07-11 16:55:28.289 D/dalvikvm( 5122): WAIT_FOR_CONCURRENT_GC blocked 21ms
07-11 16:55:37.617 I/PackageManager(  374): Verification timed out for file:///storage/emulated/0/MDM/download/bygamebinumbers.apk
07-11 16:55:37.617 I/PackageManager(  374): Continuing with installation of file:///storage/emulated/0/MDM/download/bygamebinumbers.apk
07-11 16:55:37.633 D/Finsky  ( 5122): [1] PackageVerificationReceiver.onReceive: Verification requested, id = 18
07-11 16:55:37.656 D/Finsky  ( 5122): [1] PackageVerificationService.cancelVerificationIntent: Cancel active verification id=18
07-11 16:55:37.711 W/ActivityManager(  374): No content provider found for permission revoke: file:///storage/emulated/0/MDM/download/bygamebinumbers.apk
07-11 16:55:37.711 I/PackageManager(  374): Copying native libraries to /data/app-lib/vmdl-1222264443
07-11 16:55:38.179 D/dalvikvm(  374): GC_CONCURRENT freed 2742K, 27% free 23381K/31968K, paused 6ms+16ms, total 132ms
07-11 16:55:38.179 D/dalvikvm(  374): WAIT_FOR_CONCURRENT_GC blocked 51ms
07-11 16:55:38.179 D/dalvikvm(  374): WAIT_FOR_CONCURRENT_GC blocked 117ms
07-11 16:55:38.453 D/dalvikvm(  833): GC_CONCURRENT freed 1206K, 18% free 12836K/15584K, paused 7ms+6ms, total 70ms
07-11 16:55:38.484 I/PackageManager(  374): Running dexopt on: by.game.binumbers
07-11 16:55:38.836 D/dalvikvm( 5178): DexOpt: 'Landroid/annotation/SuppressLint;' has an earlier definition; blocking out
07-11 16:55:38.844 D/dalvikvm( 5178): DexOpt: 'Landroid/annotation/TargetApi;' has an earlier definition; blocking out
07-11 16:55:39.070 D/dalvikvm( 5178): DexOpt: not verifying/optimizing 'Landroid/annotation/SuppressLint;': multiple definitions
07-11 16:55:39.070 D/dalvikvm( 5178): DexOpt: not verifying/optimizing 'Landroid/annotation/TargetApi;': multiple definitions
07-11 16:55:39.281 W/dalvikvm( 5178): DexOpt: resolve class illegal access: Lcom/baidu/android/pushservice/PushConstants; -> Lcom/baidu/android/silentupdate/a;
07-11 16:55:40.390 D/dalvikvm( 5178): DexOpt: load 231ms, verify+opt 1326ms, 2369844 bytes
07-11 16:55:40.539 I/ActivityManager(  374): Force stopping package by.game.binumbers appid=10083 user=-1
07-11 16:55:40.711 W/PackageManager(  374): Not granting permission android.permission.ACCESS_DOWNLOAD_MANAGER to package by.game.binumbers (protectionLevel=18 flags=0x8be44)
07-11 16:55:40.922 I/InputReader(  374): Reconfiguring input devices.  changes=0x00000010
07-11 16:55:40.984 I/ActivityManager(  374): Start proc com.qihoo360.mobilesafe for service com.qihoo360.mobilesafe/.service.GuardDelegateService: pid=5193 uid=10072 gids={50072, 3003, 1015, 3001, 3002, 1006, 1028}
07-11 16:55:41.062 D/dalvikvm(  592): GC_CONCURRENT freed 473K, 6% free 9171K/9684K, paused 19ms+3ms, total 92ms
07-11 16:55:41.133 I/ActivityManager(  374): Start proc com.qihoo360.mobilesafe:scan for service com.qihoo360.mobilesafe/com.qihoo.security.services.DeepScanService: pid=5207 uid=10072 gids={50072, 3003, 1015, 3001, 3002, 1006, 1028}
07-11 16:55:41.219 I/MobileSafeApplication( 5193): runtime.process.name=com.qihoo360.mobilesafe
07-11 16:55:41.219 I/MobileSafeApplication( 5193): process ui=true persist=false crash=false contact=false barcode=false permm=false
07-11 16:55:41.234 I/MobileSafeApplication( 5193): use ipc_pref, try load
07-11 16:55:41.234 D/dalvikvm( 5193): Trying to load lib /data/data/com.qihoo360.mobilesafe/files/so_libs/libipc_pref.520.1.so 0x4207ca00
07-11 16:55:41.250 I/ipc_pref( 5193): [RegisterJniFunctions:19]	RegisterJniFunction methods count: 10
07-11 16:55:41.250 I/ipc_pref( 5193): 
07-11 16:55:41.250 D/dalvikvm( 5193): Added shared lib /data/data/com.qihoo360.mobilesafe/files/so_libs/libipc_pref.520.1.so 0x4207ca00
07-11 16:55:41.250 I/ipc_pref( 5193): [JNI_OnLoad:43]	JNI_OnLoad
07-11 16:55:41.250 I/ipc_pref( 5193): 
07-11 16:55:41.258 I/ipc_pref( 5193): [init:19]	init /data/data/com.qihoo360.mobilesafe/shared_prefs/ipc_pref
07-11 16:55:41.258 I/ipc_pref( 5193): 
07-11 16:55:41.258 I/ipc_pref( 5193): [init:45]	/data/data/com.qihoo360.mobilesafe/shared_prefs/ipc_pref
07-11 16:55:41.258 I/ipc_pref( 5193): 
07-11 16:55:41.273 I/MobileSafeApplication( 5193): use ipc_pref, loaded
07-11 16:55:41.281 I/MobileSafeApplication( 5207): runtime.process.name=com.qihoo360.mobilesafe:scan
07-11 16:55:41.281 I/MobileSafeApplication( 5207): process ui=false persist=false crash=false contact=false barcode=false permm=false
07-11 16:55:41.281 D/dalvikvm( 2858): GC_FOR_ALLOC freed 492K, 6% free 9196K/9728K, paused 206ms, total 211ms
07-11 16:55:41.289 I/MobileSafeApplication( 5207): use ipc_pref, try load
07-11 16:55:41.297 D/dalvikvm( 5207): Trying to load lib /data/data/com.qihoo360.mobilesafe/files/so_libs/libipc_pref.520.1.so 0x4207c9c8
07-11 16:55:41.297 I/ipc_pref( 5207): [RegisterJniFunctions:19]	RegisterJniFunction methods count: 10
07-11 16:55:41.297 I/ipc_pref( 5207): 
07-11 16:55:41.297 D/dalvikvm( 5207): Added shared lib /data/data/com.qihoo360.mobilesafe/files/so_libs/libipc_pref.520.1.so 0x4207c9c8
07-11 16:55:41.297 I/ipc_pref( 5207): [JNI_OnLoad:43]	JNI_OnLoad
07-11 16:55:41.297 I/ipc_pref( 5207): 
07-11 16:55:41.297 I/ipc_pref( 5207): [init:19]	init /data/data/com.qihoo360.mobilesafe/shared_prefs/ipc_pref
07-11 16:55:41.297 I/ipc_pref( 5207): 
07-11 16:55:41.297 I/ipc_pref( 5207): [init:45]	/data/data/com.qihoo360.mobilesafe/shared_prefs/ipc_pref
07-11 16:55:41.297 I/ipc_pref( 5207): 
07-11 16:55:41.304 I/MobileSafeApplication( 5207): use ipc_pref, loaded
07-11 16:55:41.320 D/dalvikvm( 5207): Trying to load lib /data/data/com.qihoo360.mobilesafe/files/so_libs/libbreakpad-jni-1.0.so 0x4207c9c8
07-11 16:55:41.328 D/dalvikvm( 5207): Added shared lib /data/data/com.qihoo360.mobilesafe/files/so_libs/libbreakpad-jni-1.0.so 0x4207c9c8
07-11 16:55:41.328 D/dalvikvm( 5207): No JNI_OnLoad found in /data/data/com.qihoo360.mobilesafe/files/so_libs/libbreakpad-jni-1.0.so 0x4207c9c8, skipping init
07-11 16:55:41.328 D/CrashHandler( 5207): path = /data/data/com.qihoo360.mobilesafe/files/native_crash
07-11 16:55:41.351 D/dalvikvm( 5207): Trying to load lib /data/data/com.qihoo360.mobilesafe/lib/libcloudscan-1.0.0.so 0x4207c9c8
07-11 16:55:41.359 D/dalvikvm( 5207): Added shared lib /data/data/com.qihoo360.mobilesafe/lib/libcloudscan-1.0.0.so 0x4207c9c8
07-11 16:55:41.422 D/BackupManagerService(  374): Received broadcast Intent { act=android.intent.action.PACKAGE_ADDED dat=package:by.game.binumbers flg=0x8000010 (has extras) }
07-11 16:55:41.429 V/BackupManagerService(  374): addPackageParticipantsLocked: #1
07-11 16:55:41.445 I/ActivityManager(  374): Start proc com.qihoo360.mobilesafe:engine for service com.qihoo360.mobilesafe/com.qihoo.security.services.ScanEngineService: pid=5222 uid=10072 gids={50072, 3003, 1015, 3001, 3002, 1006, 1028}
07-11 16:55:41.531 D/dalvikvm( 5193): Trying to load lib /data/data/com.qihoo360.mobilesafe/files/so_libs/libbreakpad-jni-1.0.so 0x4207ca00
07-11 16:55:41.531 D/dalvikvm( 5193): Added shared lib /data/data/com.qihoo360.mobilesafe/files/so_libs/libbreakpad-jni-1.0.so 0x4207ca00
07-11 16:55:41.531 D/dalvikvm( 5193): No JNI_OnLoad found in /data/data/com.qihoo360.mobilesafe/files/so_libs/libbreakpad-jni-1.0.so 0x4207ca00, skipping init
07-11 16:55:41.531 D/CrashHandler( 5193): path = /data/data/com.qihoo360.mobilesafe/files/native_crash
07-11 16:55:41.539 D/dalvikvm(  605): GC_FOR_ALLOC freed 1607K, 41% free 14099K/23692K, paused 439ms, total 452ms
07-11 16:55:41.570 D/dalvikvm( 5193): GC_CONCURRENT freed 200K, 3% free 9119K/9360K, paused 3ms+2ms, total 33ms
07-11 16:55:41.640 I/NativeManager( 5193): wait native manager ...
07-11 16:55:41.640 D/dalvikvm( 5193): Trying to load lib /data/data/com.qihoo360.mobilesafe/files/so_libs/libmobilesafe360-jni-520.2.so 0x4207ca00
07-11 16:55:41.648 I/MobileSafeApplication( 5222): runtime.process.name=com.qihoo360.mobilesafe:engine
07-11 16:55:41.648 I/MobileSafeApplication( 5222): process ui=false persist=false crash=false contact=false barcode=false permm=false
07-11 16:55:41.648 D/dalvikvm( 5193): Added shared lib /data/data/com.qihoo360.mobilesafe/files/so_libs/libmobilesafe360-jni-520.2.so 0x4207ca00
07-11 16:55:41.648 D/MobileSafeApplication( 5193): -- not cold launch...
07-11 16:55:41.664 I/ipc_pref( 5193): [open:30]	open /data/data/com.qihoo360.mobilesafe/shared_prefs/com.qihoo360.mobilesafe_preferences.xml
07-11 16:55:41.664 I/ipc_pref( 5193): 
07-11 16:55:41.672 I/MobileSafeApplication( 5222): use ipc_pref, try load
07-11 16:55:41.672 D/dalvikvm( 5222): Trying to load lib /data/data/com.qihoo360.mobilesafe/files/so_libs/libipc_pref.520.1.so 0x4207d8e8
07-11 16:55:41.672 I/ipc_pref( 5222): [RegisterJniFunctions:19]	RegisterJniFunction methods count: 10
07-11 16:55:41.672 I/ipc_pref( 5222): 
07-11 16:55:41.672 D/dalvikvm( 5222): Added shared lib /data/data/com.qihoo360.mobilesafe/files/so_libs/libipc_pref.520.1.so 0x4207d8e8
07-11 16:55:41.672 I/ipc_pref( 5222): [JNI_OnLoad:43]	JNI_OnLoad
07-11 16:55:41.672 I/ipc_pref( 5222): 
07-11 16:55:41.679 I/ipc_pref( 5222): [init:19]	init /data/data/com.qihoo360.mobilesafe/shared_prefs/ipc_pref
07-11 16:55:41.679 I/ipc_pref( 5222): 
07-11 16:55:41.679 I/ipc_pref( 5222): [init:45]	/data/data/com.qihoo360.mobilesafe/shared_prefs/ipc_pref
07-11 16:55:41.679 I/ipc_pref( 5222): 
07-11 16:55:41.687 I/MobileSafeApplication( 5222): use ipc_pref, loaded
07-11 16:55:41.703 W/Settings( 5193): Setting always_finish_activities has moved from android.provider.Settings.System to android.provider.Settings.Global, returning read-only value.
07-11 16:55:41.711 D/dalvikvm( 5222): Trying to load lib /data/data/com.qihoo360.mobilesafe/files/so_libs/libbreakpad-jni-1.0.so 0x4207d8e8
07-11 16:55:41.711 D/dalvikvm( 5222): Added shared lib /data/data/com.qihoo360.mobilesafe/files/so_libs/libbreakpad-jni-1.0.so 0x4207d8e8
07-11 16:55:41.711 D/dalvikvm( 5222): No JNI_OnLoad found in /data/data/com.qihoo360.mobilesafe/files/so_libs/libbreakpad-jni-1.0.so 0x4207d8e8, skipping init
07-11 16:55:41.711 D/CrashHandler( 5222): path = /data/data/com.qihoo360.mobilesafe/files/native_crash
07-11 16:55:41.719 I/ipc_pref( 5193): [open:30]	open /data/data/com.qihoo360.mobilesafe/shared_prefs/upgrade_pref.xml
07-11 16:55:41.719 I/ipc_pref( 5193): 
07-11 16:55:41.726 D/dalvikvm( 5222): Trying to load lib /data/data/com.qihoo360.mobilesafe/lib/libdejavu-2.1.0.so 0x4207d8e8
07-11 16:55:41.734 D/dalvikvm( 5222): Added shared lib /data/data/com.qihoo360.mobilesafe/lib/libdejavu-2.1.0.so 0x4207d8e8
07-11 16:55:41.734 D/dalvikvm( 5222): Trying to load lib /data/data/com.qihoo360.mobilesafe/lib/libqvmwrapper-1.0.0.so 0x4207d8e8
07-11 16:55:41.742 D/dalvikvm( 5222): Added shared lib /data/data/com.qihoo360.mobilesafe/lib/libqvmwrapper-1.0.0.so 0x4207d8e8
07-11 16:55:41.742 D/dalvikvm( 5222): Trying to load lib /data/data/com.qihoo360.mobilesafe/lib/libcloudscan-1.0.0.so 0x4207d8e8
07-11 16:55:41.750 D/dalvikvm( 5222): Added shared lib /data/data/com.qihoo360.mobilesafe/lib/libcloudscan-1.0.0.so 0x4207d8e8
07-11 16:55:41.961 D/dalvikvm( 5193): GC_CONCURRENT freed 342K, 4% free 9228K/9608K, paused 8ms+10ms, total 66ms
07-11 16:55:42.015 D/dalvikvm( 5222): GC_CONCURRENT freed 219K, 3% free 9154K/9412K, paused 14ms+13ms, total 80ms
07-11 16:55:42.094 D/dalvikvm(32313): GC_CONCURRENT freed 314K, 5% free 9514K/10012K, paused 36ms+7ms, total 555ms
07-11 16:55:42.101 D/dalvikvm(32313): WAIT_FOR_CONCURRENT_GC blocked 269ms
07-11 16:55:42.133 D/dalvikvm( 4565): GC_CONCURRENT freed 299K, 4% free 9749K/10152K, paused 3ms+2ms, total 493ms
07-11 16:55:42.219 D/dalvikvm(32501): GC_CONCURRENT freed 352K, 15% free 9216K/10800K, paused 6ms+3ms, total 735ms
07-11 16:55:42.219 D/dalvikvm(  605): GC_FOR_ALLOC freed 204K, 38% free 14919K/23692K, paused 77ms, total 86ms
07-11 16:55:42.234 I/dalvikvm-heap(  605): Grow heap (frag case) to 18.604MB for 4194320-byte allocation
07-11 16:55:42.351 D/dalvikvm(  605): GC_FOR_ALLOC freed <1K, 20% free 19014K/23692K, paused 111ms, total 111ms
07-11 16:55:42.383 W/MountService(  374): getVolumeState(/storage/emulated/0/external_sd): Unknown volume
07-11 16:55:42.383 W/MountService(  374): getVolumeState(/mnt/sdcard-ext): Unknown volume
07-11 16:55:42.390 W/MountService(  374): getVolumeState(/mnt/ext_sdcard): Unknown volume
07-11 16:55:42.390 W/MountService(  374): getVolumeState(/mnt/sdcard2): Unknown volume
07-11 16:55:42.390 W/MountService(  374): getVolumeState(/mnt/emmc): Unknown volume
07-11 16:55:42.398 W/MountService(  374): getVolumeState(/mnt/extSdCard): Unknown volume
07-11 16:55:42.398 W/MountService(  374): getVolumeState(/mnt/sdcard/SD_CARD): Unknown volume
07-11 16:55:42.398 W/MountService(  374): getVolumeState(/mnt/sdcard/extra_sd): Unknown volume
07-11 16:55:42.398 W/MountService(  374): getVolumeState(/mnt/extrasd_bind): Unknown volume
07-11 16:55:42.406 D/dalvikvm( 4545): GC_CONCURRENT freed 266K, 4% free 9942K/10252K, paused 5ms+3ms, total 132ms
07-11 16:55:42.406 W/MountService(  374): getVolumeState(/mnt/sdcard/ext_sd): Unknown volume
07-11 16:55:42.406 W/MountService(  374): getVolumeState(/storage/extSdCard): Unknown volume
07-11 16:55:42.406 W/MountService(  374): getVolumeState(/storage/sdcard1): Unknown volume
07-11 16:55:42.422 W/MountService(  374): getVolumeState(/mnt/sdcard/external_SD): Unknown volume
07-11 16:55:42.422 W/MountService(  374): getVolumeState(/mnt/sdcard/external_sd): Unknown volume
07-11 16:55:42.531 D/dalvikvm(32313): GC_CONCURRENT freed 440K, 6% free 9471K/10032K, paused 3ms+16ms, total 87ms
07-11 16:55:42.625 D/dalvikvm(  605): GC_CONCURRENT freed 0K, 20% free 19015K/23692K, paused 4ms+13ms, total 277ms
07-11 16:55:42.914 D/dalvikvm( 5193): TRACE stop requested, but not running
07-11 16:55:43.008 I/Launcher(  605): Deferring update until onResume
07-11 16:55:43.015 I/ipc_pref( 5193): [open:30]	open /data/data/com.qihoo360.mobilesafe/shared_prefs/shield_pref.xml
07-11 16:55:43.015 I/ipc_pref( 5193): 
07-11 16:55:43.015 I/FWL.PkgCoreBase( 5193): loading /data/data/com.qihoo360.mobilesafe/files/appmgr.apk ...
07-11 16:55:43.039 I/dex     ( 5193): load /data/data/com.qihoo360.mobilesafe/files/appmgr.apk ...
07-11 16:55:43.047 I/dex     ( 5193): load /data/data/com.qihoo360.mobilesafe/files/appmgr.apk = dalvik.system.DexClassLoader[DexPathList[[zip file "/data/data/com.qihoo360.mobilesafe/files/appmgr.apk"],nativeLibraryDirectories=[/vendor/lib, /system/lib]]]
07-11 16:55:43.062 I/FWL.PkgCoreBase( 5193): loading ok
07-11 16:55:43.125 D/dalvikvm( 5193): GC_CONCURRENT freed 399K, 5% free 9340K/9776K, paused 6ms+2ms, total 56ms
07-11 16:55:43.125 D/dalvikvm( 5193): WAIT_FOR_CONCURRENT_GC blocked 12ms
07-11 16:55:43.219 I/Launcher(  605): Deferring update until onResume
07-11 16:55:43.297 W/Settings( 5193): Setting android_id has moved from android.provider.Settings.System to android.provider.Settings.Secure, returning read-only value.
07-11 16:55:43.422 D/dalvikvm( 5193): GC_CONCURRENT freed 241K, 3% free 9596K/9876K, paused 7ms+16ms, total 61ms
07-11 16:55:44.179 W/MountService(  374): getVolumeState(/storage/emulated/0/external_sd): Unknown volume
07-11 16:55:44.187 W/MountService(  374): getVolumeState(/mnt/sdcard-ext): Unknown volume
07-11 16:55:44.187 W/MountService(  374): getVolumeState(/mnt/ext_sdcard): Unknown volume
07-11 16:55:44.187 W/MountService(  374): getVolumeState(/mnt/sdcard2): Unknown volume
07-11 16:55:44.195 W/MountService(  374): getVolumeState(/mnt/emmc): Unknown volume
07-11 16:55:44.203 W/MountService(  374): getVolumeState(/mnt/extSdCard): Unknown volume
07-11 16:55:44.203 W/MountService(  374): getVolumeState(/mnt/sdcard/SD_CARD): Unknown volume
07-11 16:55:44.211 W/MountService(  374): getVolumeState(/mnt/sdcard/extra_sd): Unknown volume
07-11 16:55:44.211 W/MountService(  374): getVolumeState(/mnt/extrasd_bind): Unknown volume
07-11 16:55:44.211 W/MountService(  374): getVolumeState(/mnt/sdcard/ext_sd): Unknown volume
07-11 16:55:44.211 W/MountService(  374): getVolumeState(/storage/extSdCard): Unknown volume
07-11 16:55:44.211 W/MountService(  374): getVolumeState(/storage/sdcard1): Unknown volume
07-11 16:55:44.219 W/MountService(  374): getVolumeState(/mnt/sdcard/external_SD): Unknown volume
07-11 16:55:44.219 W/MountService(  374): getVolumeState(/mnt/sdcard/external_sd): Unknown volume
07-11 16:55:44.258 I/ActivityManager(  374): Start proc com.google.android.gallery3d for broadcast com.google.android.gallery3d/com.android.gallery3d.app.PackagesMonitor: pid=5274 uid=10019 gids={50019, 1006, 3003, 1015, 1028}
07-11 16:55:44.406 D/dalvikvm(32313): GC_CONCURRENT freed 479K, 6% free 9498K/10032K, paused 7ms+76ms, total 236ms
07-11 16:55:44.422 D/dalvikvm(32313): WAIT_FOR_CONCURRENT_GC blocked 207ms
07-11 16:55:44.429 D/dalvikvm(32313): WAIT_FOR_CONCURRENT_GC blocked 213ms
07-11 16:55:44.484 D/dalvikvm( 5193): GC_CONCURRENT freed 307K, 4% free 9685K/10028K, paused 4ms+4ms, total 250ms
07-11 16:55:44.539 D/dalvikvm( 4565): GC_CONCURRENT freed 301K, 4% free 9839K/10188K, paused 12ms+69ms, total 270ms
07-11 16:55:44.609 D/dalvikvm( 5274): GC_CONCURRENT freed 322K, 4% free 9066K/9424K, paused 3ms+2ms, total 51ms
07-11 16:55:44.726 I/ActivityManager(  374): Start proc com.google.android.partnersetup for broadcast com.google.android.partnersetup/.RlzPingBroadcastReceiver: pid=5296 uid=10027 gids={50027, 3003, 1028}
07-11 16:55:44.789 D/dalvikvm( 4545): GC_CONCURRENT freed 301K, 4% free 10033K/10380K, paused 5ms+3ms, total 135ms
07-11 16:55:44.875 I/ActivityManager(  374): Start proc com.android.musicfx for broadcast com.android.musicfx/.Compatibility$Receiver: pid=5313 uid=10042 gids={50042, 3003, 3002, 1028}
07-11 16:55:44.945 D/dalvikvm( 4918): GC_CONCURRENT freed 341K, 4% free 9781K/10164K, paused 13ms+11ms, total 134ms
