07-14 14:00:43.151 D/MDM :   ( 3494): [null:-1]->MSG_WEBSOCKET_MESSAGE : {"id":-1398586425,"type":0,"command":0,"result":0,"reason":0,"params":{"msgId":"ae59325d-bf93-4ebd-bf10-80e9f3393eec,ae59325dbf934ebdbf1080e9f3393eec","device":"ffffffffc539bb10fffffffff7aea961","message":"{\"cmd\":\"10119\"}"}}
07-14 14:00:43.166 D/MdmService( 3494): [null:-1]->push message type :0
07-14 14:00:43.166 D/MdmService( 3494): [null:-1]->cmdMessage : {"cmd":"10119"}
07-14 14:00:43.166 D/MdmService( 3494): [null:-1]->command : PushCommandMsg{cmd='10119', msg='null'}
07-14 14:00:43.166 D/MDM :   ( 3494): [null:-1]->PUSH CMD: 10119
07-14 14:00:43.166 D/MdmService( 3494): [null:-1]->MdmStatusManager is busy , wait......
07-14 14:00:43.237 D/MDM :   ( 3494): [null:-1]->MSG_WEBSOCKET_MESSAGE : {"id":-1468300931,"type":0,"command":0,"result":0,"reason":0,"params":{"msgId":"14266144-ae0b-47d5-82e3-31e2cb995c88,14266144ae0b47d582e331e2cb995c88","device":"ffffffffc539bb10fffffffff7aea961","message":"{\"cmd\":\"10119\"}"}}
07-14 14:00:43.244 V/DEBUG   ( 3494): HTTP 1
07-14 14:00:43.252 D/HttpClient( 3494): enable apache.http debug
07-14 14:00:43.252 D/MdmService( 3494): [null:-1]->push message type :0
07-14 14:00:43.252 D/MdmService( 3494): [null:-1]->cmdMessage : {"cmd":"10119"}
07-14 14:00:43.260 D/MdmService( 3494): [null:-1]->command : PushCommandMsg{cmd='10119', msg='null'}
07-14 14:00:43.260 D/MDM :   ( 3494): [null:-1]->PUSH CMD: 10119
07-14 14:00:43.260 D/MdmService( 3494): [null:-1]->MdmStatusManager is busy , wait......
07-14 14:00:43.260 V/DEBUG   ( 3494): HTTP 0
07-14 14:00:44.049 D/ContactsProvider( 3494): [Contacts] query 'content://emdmcontacts/company_calllogs', segment size: 1
07-14 14:00:44.049 D/Assistant( 3494): [---null: -1---]  changeCursor
07-14 14:00:44.057 D/Assistant( 3494): [---null: -1---]  findGroups
07-14 14:00:44.057 D/Assistant( 3494): [---null: -1---]  addGroup
07-14 14:00:44.065 D/Assistant( 3494): [---null: -1---]  addGroup
07-14 14:00:44.065 D/Assistant( 3494): [---null: -1---]  addGroup
07-14 14:00:44.065 D/Assistant( 3494): [---null: -1---]  addGroup
07-14 14:00:44.065 D/Assistant( 3494): [---null: -1---]  addGroup
07-14 14:00:44.088 V/DEBUG   ( 3494): HTTP 1
07-14 14:00:44.088 D/MDM :   ( 3494): [null:-1]->read network input stream
07-14 14:00:44.096 D/CheckInTransInfo( 3494): [null:-1]->CommandMsg : CommandMsg{CommandUUID='8a80888e4732aed5014733757ad91074', Command=CommandObject{RequestType='Location'}}
07-14 14:00:44.104 D/DB      ( 3494): query: SQLiteQuery: SELECT * FROM command WHERE cmd_uuid='8a80888e4732aed5014733757ad91074'
07-14 14:00:44.104 D/DB      ( 3494): factory null
07-14 14:00:44.104 D/DB      ( 3494): fillWindow: 0
07-14 14:00:44.104 D/DB      ( 3494): cursor 0
07-14 14:00:44.135 D/NetworkThread( 3494): [null:-1]->queue is empty, thread wait...
07-14 14:00:44.237 D/MdmService( 3494): [null:-1]->handleCheckInResult
07-14 14:00:44.237 D/MdmService( 3494): [null:-1]->handleCheckInResult result keyIndex: 3
07-14 14:00:44.244 D/CommandManager( 3494): [null:-1]->execute command: CommandMsg{CommandUUID='8a80888e4732aed5014733757ad91074', Command=CommandObject{RequestType='Location'}}
07-14 14:00:44.252 D/MdmService( 3494): [null:-1]->receiver action :com.pekall.mdm.action.LOCATION
07-14 14:00:44.283 D/dalvikvm(11587): Late-enabling CheckJNI
07-14 14:00:44.307 I/ActivityManager(  374): Start proc com.pekall.emdm:remote for service com.pekall.emdm/com.baidu.location.f: pid=11587 uid=10066 gids={50066, 1015, 3002, 3001, 3003, 1028}
07-14 14:00:44.354 I/TransInfo( 3494): TransInfo created, id: 3, class: class com.pekall.emdm.transaction.b.c
07-14 14:00:44.354 D/NetworkThread( 3494): [null:-1]->----isRunning-----true
07-14 14:00:44.354 D/NetworkThread( 3494): [null:-1]->----isRunning-----true
07-14 14:00:44.354 D/NetworkThread( 3494): [null:-1]->thread wakeup
07-14 14:00:44.354 D/HttpClient( 3494): enable apache.http debug
07-14 14:00:44.362 V/DEBUG   ( 3494): HTTP 0
07-14 14:00:44.385 V/MyServiceConnection(11587): [MConnection] mdm service is NOT installed.
07-14 14:00:44.385 V/MyServiceConnection(11587): [MConnection] binding service: pekall.intent.action.MDM_SERVICE
07-14 14:00:44.401 V/SandboxConnection(11587): [SConnection] sandbox service is NOT installed.
07-14 14:00:44.401 V/SandboxConnection(11587): [SConnection] binding service: pekall.intent.action.SANDBOX_SERVICE
07-14 14:00:44.401 D/ScClassLoader(11587): >> SOURCE FILE: /data/data/com.pekall.emdm/app_jars/sc-jdk15on-1.47.0.2.dex.jar
07-14 14:00:44.401 D/MDM :   (11587): [null:-1]->SettingApplication
07-14 14:00:44.448 D/dalvikvm(11587): Trying to load lib /data/app-lib/com.pekall.emdm-1/libsandbox_database_jni.so 0x4280aa18
07-14 14:00:44.455 D/dalvikvm(11587): Added shared lib /data/app-lib/com.pekall.emdm-1/libsandbox_database_jni.so 0x4280aa18
07-14 14:00:44.479 I/Sandbox (11587): [Sandbox] initForTest, modified on 6.3
07-14 14:00:44.479 V/SandboxConnection(11587): [SConnection] retry to bind service
07-14 14:00:44.479 V/SandboxConnection(11587): [SConnection] sandbox service is NOT installed.
07-14 14:00:44.479 V/SandboxConnection(11587): [SConnection] binding service: pekall.intent.action.SANDBOX_SERVICE
07-14 14:00:44.494 D/dalvikvm(11587): GC_CONCURRENT freed 118K, 2% free 9315K/9468K, paused 4ms+4ms, total 69ms
07-14 14:00:44.494 D/dalvikvm(11587): WAIT_FOR_CONCURRENT_GC blocked 4ms
07-14 14:00:44.494 D/dalvikvm( 3494): GC_CONCURRENT freed 4520K, 16% free 24485K/29108K, paused 8ms+49ms, total 260ms
07-14 14:00:44.494 D/dalvikvm( 3494): WAIT_FOR_CONCURRENT_GC blocked 126ms
07-14 14:00:44.502 D/Email   (11587): Email: init sandbox at the beginning.
07-14 14:00:44.502 I/Sandbox (11587): [Sandbox] init
07-14 14:00:44.502 V/SandboxConnection(11587): [SConnection] retry to bind service
07-14 14:00:44.502 V/SandboxConnection(11587): [SConnection] sandbox service is NOT installed.
07-14 14:00:44.502 V/SandboxConnection(11587): [SConnection] binding service: pekall.intent.action.SANDBOX_SERVICE
07-14 14:00:44.510 W/CursorWrapperInner( 3494): Cursor finalized without prior close()
07-14 14:00:44.510 W/CursorWrapperInner( 3494): Cursor finalized without prior close()
07-14 14:00:44.510 W/CursorWrapperInner( 3494): Cursor finalized without prior close()
07-14 14:00:44.518 W/CursorWrapperInner( 3494): Cursor finalized without prior close()
07-14 14:00:44.518 W/CursorWrapperInner( 3494): Cursor finalized without prior close()
07-14 14:00:44.518 W/CursorWrapperInner( 3494): Cursor finalized without prior close()
07-14 14:00:44.518 W/CursorWrapperInner( 3494): Cursor finalized without prior close()
07-14 14:00:44.518 W/CursorWrapperInner( 3494): Cursor finalized without prior close()
07-14 14:00:44.518 W/CursorWrapperInner( 3494): Cursor finalized without prior close()
07-14 14:00:44.518 W/CursorWrapperInner( 3494): Cursor finalized without prior close()
07-14 14:00:44.518 W/CursorWrapperInner( 3494): Cursor finalized without prior close()
07-14 14:00:44.518 W/CursorWrapperInner( 3494): Cursor finalized without prior close()
07-14 14:00:44.518 W/CursorWrapperInner( 3494): Cursor finalized without prior close()
07-14 14:00:44.518 W/CursorWrapperInner( 3494): Cursor finalized without prior close()
07-14 14:00:44.518 W/CursorWrapperInner( 3494): Cursor finalized without prior close()
07-14 14:00:44.518 W/CursorWrapperInner( 3494): Cursor finalized without prior close()
07-14 14:00:44.518 W/CursorWrapperInner( 3494): Cursor finalized without prior close()
07-14 14:00:44.518 W/CursorWrapperInner( 3494): Cursor finalized without prior close()
07-14 14:00:44.518 W/CursorWrapperInner( 3494): Cursor finalized without prior close()
07-14 14:00:44.518 W/CursorWrapperInner( 3494): Cursor finalized without prior close()
07-14 14:00:44.518 W/CursorWrapperInner( 3494): Cursor finalized without prior close()
07-14 14:00:44.518 V/SandboxConnection(11587): [SConnection] retry to bind service
07-14 14:00:44.526 V/SandboxConnection(11587): [SConnection] sandbox service is NOT installed.
07-14 14:00:44.526 W/CursorWrapperInner( 3494): Cursor finalized without prior close()
07-14 14:00:44.526 V/SandboxConnection(11587): [SConnection] binding service: pekall.intent.action.SANDBOX_SERVICE
07-14 14:00:44.526 W/CursorWrapperInner( 3494): Cursor finalized without prior close()
07-14 14:00:44.533 V/l       (11587): Bind requested for task setLogging
07-14 14:00:44.541 D/ExchangeService( 3494): !!! EAS ExchangeService, onCreate
07-14 14:00:44.541 D/ExchangeService( 3494): !!! EAS ExchangeService, onStartCommand, startingUp = false, running = false
07-14 14:00:44.541 D/ExchangeService( 3494): to start secureStorageService now
07-14 14:00:44.549 V/a       ( 3494): Bind requested for task test
07-14 14:00:44.557 D/ExchangeService( 3494): Reconciling accounts...
07-14 14:00:44.557 V/a       ( 3494): Connected: com.pekall.semail.service.AccountServiceInternal
07-14 14:00:44.557 V/browser (11587): Browser.onCreate: this=com.pekall.emdm.browser.at@42813010
07-14 14:00:44.557 V/a       ( 3494): Bind requested for task reconcileAccounts
07-14 14:00:44.565 V/a       ( 3494): Waiting for task reconcileAccounts to complete...
07-14 14:00:44.565 V/a       ( 3494): Connected: com.pekall.semail.service.AccountServiceInternal
07-14 14:00:44.565 V/a       ( 3494): Connection test succeeded in 19ms
07-14 14:00:44.565 V/a       ( 3494): Task test completed; disconnecting
07-14 14:00:44.565 D/ActivityThread(11587): Loading provider com.pekall.semail.provider;com.pekall.semail.notifier: com.pekall.semail.provider.EmailProvider
07-14 14:00:44.573 D/DB      ( 3494): query: SQLiteQuery: SELECT _id FROM Account
07-14 14:00:44.573 D/DB      ( 3494): factory null
07-14 14:00:44.573 D/DB      ( 3494): fillWindow: 0
07-14 14:00:44.573 D/DB      ( 3494): cursor 1
07-14 14:00:44.573 D/DB      ( 3494): moveToPos: 0
07-14 14:00:44.573 D/DB      ( 3494): onMove: 0
07-14 14:00:44.573 D/ActivityThread(11587): Loading provider com.pekall.semail.provider;com.pekall.semail.notifier: com.pekall.semail.provider.EmailProvider
07-14 14:00:44.580 D/DB      ( 3494): moveToPos: 1
07-14 14:00:44.580 V/a       ( 3494): Task reconcileAccounts completed; disconnecting
07-14 14:00:44.588 V/a       ( 3494): Wait for reconcileAccounts finished in 23ms
07-14 14:00:44.588 D/DB      ( 3494): query: SQLiteQuery: SELECT count(*) FROM HostAuth WHERE protocol="eas" LIMIT 1
07-14 14:00:44.588 D/DB      ( 3494): factory null
07-14 14:00:44.588 D/DB      ( 3494): fillWindow: 0
07-14 14:00:44.588 D/DB      ( 3494): cursor 1
07-14 14:00:44.588 D/DB      ( 3494): moveToPos: 0
07-14 14:00:44.588 D/DB      ( 3494): onMove: 0
07-14 14:00:44.588 D/ExchangeService( 3494): !!! EAS ExchangeService, stopping self
07-14 14:00:44.658 D/dalvikvm(11587): GC_CONCURRENT freed 263K, 4% free 9566K/9864K, paused 8ms+6ms, total 52ms
07-14 14:00:44.658 D/dalvikvm(11587): WAIT_FOR_CONCURRENT_GC blocked 1ms
07-14 14:00:44.658 D/dalvikvm(11587): WAIT_FOR_CONCURRENT_GC blocked 2ms
07-14 14:00:44.666 W/SQLiteOpenHelper(11587): Opened /data/data/com.pekall.emdm/databases/EmailProvider.db
07-14 14:00:44.666 I/Sandbox (11587): [Sandbox] initForTest, modified on 6.3
07-14 14:00:44.666 V/SandboxConnection(11587): [SConnection] retry to bind service
07-14 14:00:44.666 V/SandboxConnection(11587): [SConnection] sandbox service is NOT installed.
07-14 14:00:44.666 V/SandboxConnection(11587): [SConnection] binding service: pekall.intent.action.SANDBOX_SERVICE
07-14 14:00:44.666 W/SQLiteOpenHelper(11587): Opened /data/data/com.pekall.emdm/databases/message.db
07-14 14:00:44.713 E/DB      (11587): bind, index: 1, value: 0
07-14 14:00:44.721 D/DB      (11587): query: SQLiteQuery: SELECT * FROM message WHERE status =?
07-14 14:00:44.721 D/DB      (11587): factory null
07-14 14:00:44.721 D/DB      (11587): fillWindow: 0
07-14 14:00:44.721 W/SQLiteOpenHelper(11587): Opened /data/data/com.pekall.emdm/databases/EmailProviderBody.db
07-14 14:00:44.721 D/DB      (11587): cursor 0
07-14 14:00:44.729 E/Mdm     ( 3494): Call Mdm service's recordIconCount function
07-14 14:00:44.737 E/DB      (11587): bind, index: 1, value: 0
07-14 14:00:44.737 E/DB      (11587): bind, index: 2, value: 100
07-14 14:00:44.737 D/DB      (11587): query: SQLiteQuery: SELECT * FROM message WHERE status=? and type=?
07-14 14:00:44.737 D/DB      (11587): factory null
07-14 14:00:44.737 D/DB      (11587): fillWindow: 0
07-14 14:00:44.737 D/DB      (11587): cursor 0
07-14 14:00:44.737 V/SettingApplication(11587): SettingApplication.onCreate: this=com.pekall.emdm.setting.ai@428137a0
07-14 14:00:44.783 D/dalvikvm(11587): GC_CONCURRENT freed 486K, 6% free 9594K/10116K, paused 3ms+3ms, total 24ms
07-14 14:00:44.783 D/dalvikvm(11587): WAIT_FOR_CONCURRENT_GC blocked 13ms
07-14 14:00:44.791 D/dalvikvm(11587): WAIT_FOR_CONCURRENT_GC blocked 16ms
07-14 14:00:44.791 D/DB      (11587): query: SQLiteQuery: SELECT _id FROM Account
07-14 14:00:44.791 D/DB      (11587): factory null
07-14 14:00:44.791 D/DB      (11587): fillWindow: 0
07-14 14:00:44.807 D/DB      (11587): cursor 1
07-14 14:00:44.807 D/DB      (11587): moveToPos: 0
07-14 14:00:44.807 D/DB      (11587): onMove: 0
07-14 14:00:44.807 D/DB      (11587): query: SQLiteQuery: SELECT _id, mailboxKey FROM Message_Updates
07-14 14:00:44.807 D/DB      (11587): factory null
07-14 14:00:44.807 D/DB      (11587): fillWindow: 0
07-14 14:00:44.807 D/DB      (11587): cursor 0
07-14 14:00:44.807 D/DB      (11587): query: SQLiteQuery: SELECT _id, mailboxKey FROM Message_Deletes
07-14 14:00:44.807 D/DB      (11587): factory null
07-14 14:00:44.807 D/DB      (11587): fillWindow: 0
07-14 14:00:44.807 D/DB      (11587): cursor 0
07-14 14:00:44.854 W/System.err(11587): java.lang.NoSuchMethodException: startScan [boolean]
07-14 14:00:44.854 W/System.err(11587): 	at java.lang.Class.getConstructorOrMethod(Class.java:423)
07-14 14:00:44.854 W/System.err(11587): 	at java.lang.Class.getDeclaredMethod(Class.java:589)
07-14 14:00:44.854 W/System.err(11587): 	at com.baidu.location.e.try(Unknown Source)
07-14 14:00:44.854 W/System.err(11587): 	at com.baidu.location.f.onCreate(Unknown Source)
07-14 14:00:44.854 W/System.err(11587): 	at android.app.ActivityThread.handleCreateService(ActivityThread.java:2577)
07-14 14:00:44.854 W/System.err(11587): 	at android.app.ActivityThread.access$1600(ActivityThread.java:141)
07-14 14:00:44.854 W/System.err(11587): 	at android.app.ActivityThread$H.handleMessage(ActivityThread.java:1338)
07-14 14:00:44.854 W/System.err(11587): 	at android.os.Handler.dispatchMessage(Handler.java:99)
07-14 14:00:44.854 W/System.err(11587): 	at android.os.Looper.loop(Looper.java:137)
07-14 14:00:44.854 W/System.err(11587): 	at android.app.ActivityThread.main(ActivityThread.java:5103)
07-14 14:00:44.854 W/System.err(11587): 	at java.lang.reflect.Method.invokeNative(Native Method)
07-14 14:00:44.854 W/System.err(11587): 	at java.lang.reflect.Method.invoke(Method.java:525)
07-14 14:00:44.854 W/System.err(11587): 	at com.android.internal.os.ZygoteInit$MethodAndArgsCaller.run(ZygoteInit.java:737)
07-14 14:00:44.854 W/System.err(11587): 	at com.android.internal.os.ZygoteInit.main(ZygoteInit.java:553)
07-14 14:00:44.854 W/System.err(11587): 	at dalvik.system.NativeStart.main(Native Method)
07-14 14:00:44.869 D/baidu_location_service(11587): baidu location service start1 ...11587
07-14 14:00:44.869 V/MyServiceConnection(11587): [MConnection] onServiceConnected, comp: com.pekall.emdm.service.MdmProxy
07-14 14:00:44.869 D/baidu_location_client( 3494): baidu location connected ...
07-14 14:00:44.877 D/DB      (11587): query: SQLiteQuery: SELECT _id FROM Account
07-14 14:00:44.877 D/DB      (11587): factory null
07-14 14:00:44.877 D/DB      (11587): fillWindow: 0
07-14 14:00:44.877 D/DB      (11587): cursor 1
07-14 14:00:44.877 V/SandboxConnection(11587): [SConnection] onServiceConnected, comp: com.pekall.sandbox.service.SandboxService
07-14 14:00:44.885 D/DB      (11587): moveToPos: 0
07-14 14:00:44.885 D/DB      (11587): onMove: 0
07-14 14:00:44.885 D/AuthenticationManager( 3494): [11587] binder package: com.pekall.emdm:remote
07-14 14:00:44.885 D/DB      (11587): query: SQLiteQuery: SELECT _id, displayName, emailAddress, syncKey, syncLookback, syncInterval, hostAuthKeyRecv, hostAuthKeySend, flags, isDefault, compatibilityUuid, senderName, ringtoneUri, protocolVersion, newMessageCount, securitySyncKey, signature, policyKey, notifiedMessageId, notifiedMessageCount FROM Account WHERE _id=5
07-14 14:00:44.885 D/DB      (11587): factory null
07-14 14:00:44.885 D/DB      (11587): fillWindow: 0
07-14 14:00:44.885 I/Sandbox (11587): [Sandbox] initUserSecret, from: 1405317644893, to: 1407909644893
07-14 14:00:44.885 D/DB      (11587): cursor 1
07-14 14:00:44.885 D/DB      (11587): moveToPos: 0
07-14 14:00:44.885 D/DB      (11587): onMove: 0
07-14 14:00:44.885 D/DB      (11587): moveToPos: 1
07-14 14:00:44.893 D/DB      (11587): query: SQLiteQuery: SELECT _id FROM HostAuth
07-14 14:00:44.893 D/DB      (11587): factory null
07-14 14:00:44.893 D/DB      (11587): fillWindow: 0
07-14 14:00:44.893 D/DB      (11587): cursor 2
07-14 14:00:44.893 D/DB      (11587): moveToPos: 0
07-14 14:00:44.893 D/DB      (11587): onMove: 0
07-14 14:00:44.893 D/DB      (11587): query: SQLiteQuery: SELECT _id, protocol, address, port, flags, login, password, domain, certAlias FROM HostAuth WHERE _id=9
07-14 14:00:44.893 D/DB      (11587): factory null
07-14 14:00:44.893 D/DB      (11587): fillWindow: 0
07-14 14:00:44.893 D/DB      (11587): cursor 1
07-14 14:00:44.893 D/DB      (11587): moveToPos: 0
07-14 14:00:44.893 D/DB      (11587): onMove: 0
07-14 14:00:44.901 D/DB      (11587): moveToPos: 1
07-14 14:00:44.901 D/DB      (11587): onMove: 1
07-14 14:00:44.901 D/DB      (11587): query: SQLiteQuery: SELECT _id, protocol, address, port, flags, login, password, domain, certAlias FROM HostAuth WHERE _id=10
07-14 14:00:44.901 D/DB      (11587): factory null
07-14 14:00:44.901 D/DB      (11587): fillWindow: 0
07-14 14:00:44.901 D/DB      (11587): cursor 1
07-14 14:00:44.901 D/DB      (11587): moveToPos: 0
07-14 14:00:44.901 D/DB      (11587): onMove: 0
07-14 14:00:44.901 D/DB      (11587): moveToPos: 2
07-14 14:00:44.901 D/DB      (11587): query: SQLiteQuery: SELECT _id FROM Policy
07-14 14:00:44.901 D/DB      (11587): factory null
07-14 14:00:44.901 D/DB      (11587): fillWindow: 0
07-14 14:00:44.901 D/DB      (11587): cursor 0
07-14 14:00:44.908 D/DB      (11587): moveToPos: 0
07-14 14:00:44.908 D/DB      (11587): query: SQLiteQuery: SELECT _id FROM Mailbox WHERE type IN (0,3,6,5,8,4)
07-14 14:00:44.908 D/DB      (11587): factory null
07-14 14:00:44.908 D/DB      (11587): fillWindow: 0
07-14 14:00:44.908 D/DB      (11587): cursor 0
07-14 14:00:44.908 D/DB      (11587): moveToPos: 0
07-14 14:00:44.916 D/DB      (11587): query: SQLiteQuery: SELECT _id FROM Account
07-14 14:00:44.916 D/DB      (11587): factory null
07-14 14:00:44.916 D/DB      (11587): fillWindow: 0
07-14 14:00:44.916 D/DB      (11587): cursor 1
07-14 14:00:44.916 D/DB      (11587): moveToPos: 0
07-14 14:00:44.916 D/DB      (11587): onMove: 0
07-14 14:00:44.924 E/DB      (11587): bind, index: 1, value: 5
07-14 14:00:44.924 D/DB      (11587): query: SQLiteQuery: SELECT _id FROM Mailbox WHERE accountKey=?
07-14 14:00:44.924 D/DB      (11587): factory null
07-14 14:00:44.924 D/DB      (11587): fillWindow: 0
07-14 14:00:44.924 D/DB      (11587): cursor 0
07-14 14:00:44.924 D/DB      (11587): moveToPos: 0
07-14 14:00:44.940 D/DB      (11587): moveToPos: 1
07-14 14:00:44.955 D/DB      (11587): query: SQLiteQuery: SELECT _id FROM Account
07-14 14:00:44.955 D/DB      (11587): factory null
07-14 14:00:44.955 D/DB      (11587): fillWindow: 0
07-14 14:00:44.955 D/DB      (11587): cursor 1
07-14 14:00:44.979 D/DB      ( 3494): query: SQLiteQuery: SELECT _id, displayName, emailAddress, syncKey, syncLookback, syncInterval, hostAuthKeyRecv, hostAuthKeySend, flags, isDefault, compatibilityUuid, senderName, ringtoneUri, protocolVersion, newMessageCount, securitySyncKey, signature, policyKey, notifiedMessageId, notifiedMessageCount FROM Account
07-14 14:00:44.979 D/DB      ( 3494): factory null
07-14 14:00:44.979 D/DB      ( 3494): fillWindow: 0
07-14 14:00:44.979 D/DB      ( 3494): cursor 1
07-14 14:00:44.987 E/DB      ( 3494): bind, index: 1, value: 6
07-14 14:00:44.987 D/DB      ( 3494): query: SQLiteQuery: SELECT _id FROM Attachment WHERE (flags & ?) != 0
07-14 14:00:44.987 D/DB      ( 3494): factory null
07-14 14:00:44.987 D/DB      ( 3494): fillWindow: 0
07-14 14:00:44.987 D/DB      ( 3494): cursor 0
07-14 14:00:44.987 D/AttachmentService( 3494): Count: 0
07-14 14:00:44.987 D/DB      ( 3494): moveToPos: 0
07-14 14:00:44.994 D/DB      ( 3494): query: SQLiteQuery: SELECT _id, size, fileName, mimeType, accountKey, flags FROM Attachment WHERE contentUri isnull AND flags=0 AND messageKey IN (SELECT _id FROM Message WHERE mailboxKey IN (SELECT _id FROM Mailbox WHERE type = 0) AND flagLoaded IN (2,1)) ORDER BY _id DESC LIMIT 25
07-14 14:00:44.994 D/DB      ( 3494): factory null
07-14 14:00:44.994 D/DB      ( 3494): fillWindow: 0
07-14 14:00:44.994 D/DB      ( 3494): cursor 0
07-14 14:00:44.994 D/DB      ( 3494): moveToPos: 0
07-14 14:00:44.994 D/AttachmentService( 3494): *** All done; shutting down service
07-14 14:00:44.994 D/DB      ( 3494): moveToPos: 0
07-14 14:00:45.002 D/DB      ( 3494): onMove: 0
07-14 14:00:45.002 D/DB      ( 3494): moveToPos: 1
07-14 14:00:45.026 D/dalvikvm(11587): GC_CONCURRENT freed 230K, 4% free 9811K/10116K, paused 4ms+3ms, total 28ms
07-14 14:00:45.033 D/DB      (11587): query: SQLiteQuery: SELECT _id FROM Account WHERE flags&1 != 0
07-14 14:00:45.033 D/DB      (11587): factory null
07-14 14:00:45.033 D/DB      (11587): fillWindow: 0
07-14 14:00:45.033 D/DB      (11587): cursor 1
07-14 14:00:45.033 D/DB      (11587): moveToPos: 0
07-14 14:00:45.033 D/DB      (11587): onMove: 0
07-14 14:00:45.041 E/DB      (11587): bind, index: 1, value: 0
07-14 14:00:45.041 E/DB      (11587): bind, index: 2, value: 5
07-14 14:00:45.041 D/DB      (11587): query: SQLiteQuery: SELECT _id FROM Mailbox WHERE type=? and accountKey=? LIMIT 1
07-14 14:00:45.041 D/DB      (11587): factory null
07-14 14:00:45.041 D/DB      (11587): fillWindow: 0
07-14 14:00:45.041 D/DB      (11587): cursor 0
07-14 14:00:45.041 D/DB      (11587): moveToPos: 0
07-14 14:00:45.041 W/Email   (11587): Could not load INBOX for account id: 5
07-14 14:00:45.041 D/DB      (11587): moveToPos: 1
07-14 14:00:45.065 I/Sandbox (11587): [Sandbox] init
07-14 14:00:45.080 V/l       (11587): Connected: com.pekall.exchange.ExchangeService
07-14 14:00:45.088 D/dalvikvm(11587): Trying to load lib /data/app-lib/com.pekall.emdm-1/liblocSDK3.so 0x4280aa18
07-14 14:00:45.088 D/dalvikvm(11587): Added shared lib /data/app-lib/com.pekall.emdm-1/liblocSDK3.so 0x4280aa18
07-14 14:00:45.088 D/dalvikvm(11587): No JNI_OnLoad found in /data/app-lib/com.pekall.emdm-1/liblocSDK3.so 0x4280aa18, skipping init
07-14 14:00:45.088 V/l       (11587): Task setLogging completed; disconnecting
07-14 14:00:45.096 D/ExchangeService( 3494): !!! EAS ExchangeService, onDestroy
07-14 14:00:45.158 V/DEBUG   ( 3494): HTTP 1
07-14 14:00:45.182 D/MDM :   ( 3494): [null:-1]->read network input stream
07-14 14:00:45.182 D/MDM :   ( 3494): [null:-1]->read network input stream
07-14 14:00:45.205 D/MdmDatabaseHelper( 3494): [null:-1]->update command 8a80888e4732aed5014733757ad91074 to status executed
07-14 14:00:45.244 D/CheckInTransInfo( 3494): [null:-1]->CommandMsg : CommandMsg{CommandUUID='8a80888e4732aed5014733757bcf1075', Command=CommandObject{RequestType='DeviceInformation'}}
07-14 14:00:45.252 D/DB      ( 3494): query: SQLiteQuery: SELECT * FROM command WHERE cmd_uuid='8a80888e4732aed5014733757bcf1075'
07-14 14:00:45.252 D/DB      ( 3494): factory null
07-14 14:00:45.252 D/DB      ( 3494): fillWindow: 0
07-14 14:00:45.252 D/DB      ( 3494): cursor 0
07-14 14:00:45.276 D/NetworkThread( 3494): [null:-1]->queue is empty, thread wait...
07-14 14:00:45.338 D/LocationUtil( 3494): [null:-1]->the LocType is 161
07-14 14:00:45.346 D/LocationUtil( 3494): [null:-1]->the Latitude is 39.991265
07-14 14:00:45.346 D/LocationUtil( 3494): [null:-1]->the lontitude is 116.476754
07-14 14:00:45.393 D/MdmService( 3494): [null:-1]->handleCheckInResult
07-14 14:00:45.393 D/MdmService( 3494): [null:-1]->handleCheckInResult result keyIndex: 3
07-14 14:00:45.393 D/CommandManager( 3494): [null:-1]->execute command: CommandMsg{CommandUUID='8a80888e4732aed5014733757bcf1075', Command=CommandObject{RequestType='DeviceInformation'}}
07-14 14:00:45.393 D/baidu_location_service(11587): baidu location service stop ...
07-14 14:00:45.393 I/Process (11587): Sending signal. PID: 11587 SIG: 9
07-14 14:00:45.408 I/ActivityManager(  374): Process com.pekall.emdm:remote (pid 11587) has died.
07-14 14:00:45.471 D/BluetoothManagerService(  374): checkIfCallerIsForegroundUser: valid=true callingUser=0 foregroundUser=0
07-14 14:00:48.385 D/dalvikvm(  374): GC_EXPLICIT freed 802K, 29% free 19482K/27344K, paused 4ms+11ms, total 109ms
07-14 14:00:48.862 D/dalvikvm(10278): GC_CONCURRENT freed 388K, 5% free 8945K/9368K, paused 2ms+1ms, total 21ms
07-14 14:00:49.752 I/TransInfo( 3494): TransInfo created, id: 3, class: class com.pekall.emdm.transaction.b.c
07-14 14:00:49.752 D/NetworkThread( 3494): [null:-1]->----isRunning-----true
07-14 14:00:49.752 D/NetworkThread( 3494): [null:-1]->----isRunning-----true
07-14 14:00:49.752 D/NetworkThread( 3494): [null:-1]->thread wakeup
07-14 14:00:50.026 D/dalvikvm( 3494): GC_CONCURRENT freed 5346K, 19% free 24260K/29720K, paused 6ms+27ms, total 155ms
07-14 14:00:50.026 D/dalvikvm( 3494): WAIT_FOR_CONCURRENT_GC blocked 128ms
07-14 14:00:50.033 D/HttpClient( 3494): enable apache.http debug
07-14 14:00:50.041 V/DEBUG   ( 3494): HTTP 0
07-14 14:00:50.330 D/dalvikvm( 3494): GC_FOR_ALLOC freed 2465K, 20% free 24072K/29720K, paused 118ms, total 118ms
07-14 14:00:50.330 I/dalvikvm-heap( 3494): Grow heap (frag case) to 23.854MB for 260000-byte allocation
07-14 14:00:50.432 D/dalvikvm( 3494): GC_FOR_ALLOC freed 180K, 20% free 24146K/29976K, paused 102ms, total 102ms
07-14 14:00:50.744 D/dalvikvm( 3494): GC_FOR_ALLOC freed 1610K, 20% free 24222K/29976K, paused 109ms, total 109ms
07-14 14:00:51.487 V/DEBUG   ( 3494): HTTP 1
07-14 14:00:51.487 D/MdmDatabaseHelper( 3494): [null:-1]->update command 8a80888e4732aed5014733757bcf1075 to status executed
07-14 14:00:51.549 D/NetworkThread( 3494): [null:-1]->queue is empty, thread wait...
07-14 14:00:51.588 D/MdmService( 3494): [null:-1]->handleCheckInResult
07-14 14:00:51.588 D/MdmService( 3494): [null:-1]->handleCheckInResult result keyIndex: 3
07-14 14:00:51.588 D/HandleCommandTask( 3494): [null:-1]->execute command msg but beanBase is null
07-14 14:00:51.588 D/MdmStatusManager( 3494): [null:-1]->change status to : Idle
07-14 14:01:07.783 D/JOBS    (11415): Thread-436: load factor check. true = (0 < 1)|| (0 * 3 < 0 + 0). consumer thread: true
07-14 14:01:07.783 D/JOBS    (11415): didn't allow me to die, re-running Thread-436
07-14 14:01:07.783 D/JOBS    (11415): re-running consumer Thread-436
07-14 14:01:14.057 D/ContactsProvider( 3494): [Contacts] query 'content://emdmcontacts/company_calllogs', segment size: 1
07-14 14:01:14.057 D/Assistant( 3494): [---null: -1---]  changeCursor
07-14 14:01:14.065 D/Assistant( 3494): [---null: -1---]  findGroups
07-14 14:01:14.065 D/Assistant( 3494): [---null: -1---]  addGroup
07-14 14:01:14.065 D/Assistant( 3494): [---null: -1---]  addGroup
07-14 14:01:14.073 D/Assistant( 3494): [---null: -1---]  addGroup
07-14 14:01:14.073 D/Assistant( 3494): [---null: -1---]  addGroup
07-14 14:01:14.073 D/Assistant( 3494): [---null: -1---]  addGroup
07-14 14:01:36.823 W/MountService(  374): getVolumeState(/storage/emulated/0/external_sd): Unknown volume
07-14 14:01:36.830 W/MountService(  374): getVolumeState(/mnt/sdcard-ext): Unknown volume
07-14 14:01:36.830 W/MountService(  374): getVolumeState(/mnt/ext_sdcard): Unknown volume
07-14 14:01:36.830 W/MountService(  374): getVolumeState(/mnt/sdcard2): Unknown volume
07-14 14:01:36.830 W/MountService(  374): getVolumeState(/mnt/emmc): Unknown volume
07-14 14:01:36.830 W/MountService(  374): getVolumeState(/mnt/extSdCard): Unknown volume
07-14 14:01:36.830 W/MountService(  374): getVolumeState(/mnt/sdcard/SD_CARD): Unknown volume
07-14 14:01:36.830 W/MountService(  374): getVolumeState(/mnt/sdcard/extra_sd): Unknown volume
07-14 14:01:36.830 W/MountService(  374): getVolumeState(/mnt/extrasd_bind): Unknown volume
07-14 14:01:36.830 W/MountService(  374): getVolumeState(/mnt/sdcard/ext_sd): Unknown volume
07-14 14:01:36.830 W/MountService(  374): getVolumeState(/storage/extSdCard): Unknown volume
07-14 14:01:36.838 W/MountService(  374): getVolumeState(/storage/sdcard1): Unknown volume
07-14 14:01:36.838 W/MountService(  374): getVolumeState(/mnt/sdcard/external_SD): Unknown volume
07-14 14:01:36.838 W/MountService(  374): getVolumeState(/mnt/sdcard/external_sd): Unknown volume
07-14 14:01:36.862 D/dalvikvm( 6152): GC_FOR_ALLOC freed 340K, 7% free 9419K/10072K, paused 20ms, total 20ms
07-14 14:01:37.065 D/dalvikvm( 6152): GC_CONCURRENT freed 499K, 6% free 9469K/10072K, paused 5ms+4ms, total 41ms
07-14 14:01:37.065 W/MountService(  374): getVolumeState(/storage/emulated/0/external_sd): Unknown volume
07-14 14:01:37.073 W/MountService(  374): getVolumeState(/mnt/sdcard-ext): Unknown volume
07-14 14:01:37.073 W/MountService(  374): getVolumeState(/mnt/ext_sdcard): Unknown volume
07-14 14:01:37.073 W/MountService(  374): getVolumeState(/mnt/sdcard2): Unknown volume
07-14 14:01:37.073 W/MountService(  374): getVolumeState(/mnt/emmc): Unknown volume
07-14 14:01:37.073 W/MountService(  374): getVolumeState(/mnt/extSdCard): Unknown volume
07-14 14:01:37.073 W/MountService(  374): getVolumeState(/mnt/sdcard/SD_CARD): Unknown volume
07-14 14:01:37.073 W/MountService(  374): getVolumeState(/mnt/sdcard/extra_sd): Unknown volume
07-14 14:01:37.073 W/MountService(  374): getVolumeState(/mnt/extrasd_bind): Unknown volume
07-14 14:01:37.073 W/MountService(  374): getVolumeState(/mnt/sdcard/ext_sd): Unknown volume
07-14 14:01:37.073 W/MountService(  374): getVolumeState(/storage/extSdCard): Unknown volume
07-14 14:01:37.073 W/MountService(  374): getVolumeState(/storage/sdcard1): Unknown volume
07-14 14:01:37.073 W/MountService(  374): getVolumeState(/mnt/sdcard/external_SD): Unknown volume
07-14 14:01:37.073 W/MountService(  374): getVolumeState(/mnt/sdcard/external_sd): Unknown volume
07-14 14:01:37.158 D/dalvikvm( 6152): GC_FOR_ALLOC freed 387K, 7% free 9392K/10072K, paused 20ms, total 20ms
07-14 14:01:44.080 D/ContactsProvider( 3494): [Contacts] query 'content://emdmcontacts/company_calllogs', segment size: 1
07-14 14:01:44.088 D/Assistant( 3494): [---null: -1---]  changeCursor
07-14 14:01:44.088 D/Assistant( 3494): [---null: -1---]  findGroups
07-14 14:01:44.096 D/Assistant( 3494): [---null: -1---]  addGroup
07-14 14:01:44.096 D/Assistant( 3494): [---null: -1---]  addGroup
07-14 14:01:44.096 D/Assistant( 3494): [---null: -1---]  addGroup
07-14 14:01:44.096 D/Assistant( 3494): [---null: -1---]  addGroup
07-14 14:01:44.096 D/Assistant( 3494): [---null: -1---]  addGroup
07-14 14:02:07.135 D/PushService(11415): [null:-1]->receiver action :com.pekall.mdm.action.PUSH_ALARM
07-14 14:02:07.143 D/PushService(11415): [null:-1]->keepAliveWithPushServer client is opened:true
07-14 14:02:07.143 D/PushLib : (11415): [null:-1]->ping!!!!!!!!!
07-14 14:02:07.143 D/PushLib : (11415): [null:-1]->pushClient is :not null
07-14 14:02:07.151 D/PushLib : (11415): [null:-1]->pushClient opened : opened
07-14 14:02:12.174 D/PushLib : (11415): [null:-1]->MSG_WEBSOCKET_PONG
07-14 14:02:13.002 D/dalvikvm(11496): GC_CONCURRENT freed 287K, 7% free 9520K/10136K, paused 3ms+3ms, total 26ms
07-14 14:02:13.799 W/ActivityThread(11496): ClassLoader.loadClass: The class loader returned by Thread.getContextClassLoader() may fail for processes that host multiple applications. You should explicitly specify a context class loader. For example: Thread.setContextClassLoader(getClass().getClassLoader());
07-14 14:02:14.119 D/ContactsProvider( 3494): [Contacts] query 'content://emdmcontacts/company_calllogs', segment size: 1
07-14 14:02:14.119 D/Assistant( 3494): [---null: -1---]  changeCursor
07-14 14:02:14.127 D/Assistant( 3494): [---null: -1---]  findGroups
07-14 14:02:14.127 D/Assistant( 3494): [---null: -1---]  addGroup
07-14 14:02:14.127 D/Assistant( 3494): [---null: -1---]  addGroup
07-14 14:02:14.127 D/Assistant( 3494): [---null: -1---]  addGroup
07-14 14:02:14.135 D/Assistant( 3494): [---null: -1---]  addGroup
07-14 14:02:14.135 D/Assistant( 3494): [---null: -1---]  addGroup
07-14 14:02:36.869 W/MountService(  374): getVolumeState(/storage/emulated/0/external_sd): Unknown volume
07-14 14:02:36.869 W/MountService(  374): getVolumeState(/mnt/sdcard-ext): Unknown volume
07-14 14:02:36.869 W/MountService(  374): getVolumeState(/mnt/ext_sdcard): Unknown volume
07-14 14:02:36.869 W/MountService(  374): getVolumeState(/mnt/sdcard2): Unknown volume
07-14 14:02:36.869 W/MountService(  374): getVolumeState(/mnt/emmc): Unknown volume
07-14 14:02:36.869 W/MountService(  374): getVolumeState(/mnt/extSdCard): Unknown volume
07-14 14:02:36.869 W/MountService(  374): getVolumeState(/mnt/sdcard/SD_CARD): Unknown volume
07-14 14:02:36.877 W/MountService(  374): getVolumeState(/mnt/sdcard/extra_sd): Unknown volume
07-14 14:02:36.877 W/MountService(  374): getVolumeState(/mnt/extrasd_bind): Unknown volume
07-14 14:02:36.877 W/MountService(  374): getVolumeState(/mnt/sdcard/ext_sd): Unknown volume
07-14 14:02:36.877 W/MountService(  374): getVolumeState(/storage/extSdCard): Unknown volume
07-14 14:02:36.877 W/MountService(  374): getVolumeState(/storage/sdcard1): Unknown volume
07-14 14:02:36.877 W/MountService(  374): getVolumeState(/mnt/sdcard/external_SD): Unknown volume
07-14 14:02:36.877 W/MountService(  374): getVolumeState(/mnt/sdcard/external_sd): Unknown volume
07-14 14:02:36.940 D/dalvikvm( 6152): GC_FOR_ALLOC freed 333K, 7% free 9409K/10072K, paused 21ms, total 22ms
07-14 14:02:37.096 D/dalvikvm(10533): GC_EXPLICIT freed 240K, 3% free 9191K/9476K, paused 2ms+5ms, total 32ms
07-14 14:02:37.119 W/MountService(  374): getVolumeState(/storage/emulated/0/external_sd): Unknown volume
07-14 14:02:37.119 W/MountService(  374): getVolumeState(/mnt/sdcard-ext): Unknown volume
07-14 14:02:37.119 W/MountService(  374): getVolumeState(/mnt/ext_sdcard): Unknown volume
07-14 14:02:37.119 W/MountService(  374): getVolumeState(/mnt/sdcard2): Unknown volume
07-14 14:02:37.119 W/MountService(  374): getVolumeState(/mnt/emmc): Unknown volume
07-14 14:02:37.119 W/MountService(  374): getVolumeState(/mnt/extSdCard): Unknown volume
07-14 14:02:37.119 W/MountService(  374): getVolumeState(/mnt/sdcard/SD_CARD): Unknown volume
07-14 14:02:37.127 W/MountService(  374): getVolumeState(/mnt/sdcard/extra_sd): Unknown volume
07-14 14:02:37.127 W/MountService(  374): getVolumeState(/mnt/extrasd_bind): Unknown volume
07-14 14:02:37.127 W/MountService(  374): getVolumeState(/mnt/sdcard/ext_sd): Unknown volume
07-14 14:02:37.127 W/MountService(  374): getVolumeState(/storage/extSdCard): Unknown volume
07-14 14:02:37.127 W/MountService(  374): getVolumeState(/storage/sdcard1): Unknown volume
07-14 14:02:37.127 W/MountService(  374): getVolumeState(/mnt/sdcard/external_SD): Unknown volume
07-14 14:02:37.127 W/MountService(  374): getVolumeState(/mnt/sdcard/external_sd): Unknown volume
07-14 14:02:37.135 D/dalvikvm( 6152): GC_CONCURRENT freed 452K, 7% free 9465K/10072K, paused 4ms+5ms, total 47ms
07-14 14:02:37.135 D/dalvikvm( 6152): WAIT_FOR_CONCURRENT_GC blocked 2ms
07-14 14:02:37.135 D/dalvikvm( 6152): WAIT_FOR_CONCURRENT_GC blocked 9ms
07-14 14:02:42.908 W/System.err( 6203): java.io.FileNotFoundException: /data/data/com.mgyapp.android/files/.cfpaps.i: open failed: ENOENT (No such file or directory)
07-14 14:02:42.908 W/System.err( 6203): 	at libcore.io.IoBridge.open(IoBridge.java:409)
07-14 14:02:42.908 W/System.err( 6203): 	at java.io.FileInputStream.<init>(FileInputStream.java:78)
07-14 14:02:42.908 W/System.err( 6203): 	at android.app.ContextImpl.openFileInput(ContextImpl.java:702)
07-14 14:02:42.908 W/System.err( 6203): 	at android.content.ContextWrapper.openFileInput(ContextWrapper.java:173)
07-14 14:02:42.908 W/System.err( 6203): 	at com.mgyun.shua.jc.service.f.run(Unknown Source)
07-14 14:02:42.908 W/System.err( 6203): 	at com.mgyun.shua.jc.service.CpWorkServer.onHandleIntent(Unknown Source)
07-14 14:02:42.908 W/System.err( 6203): 	at android.app.IntentService$ServiceHandler.handleMessage(IntentService.java:65)
07-14 14:02:42.908 W/System.err( 6203): 	at android.os.Handler.dispatchMessage(Handler.java:99)
07-14 14:02:42.908 W/System.err( 6203): 	at android.os.Looper.loop(Looper.java:137)
07-14 14:02:42.908 W/System.err( 6203): 	at android.os.HandlerThread.run(HandlerThread.java:61)
07-14 14:02:42.908 W/System.err( 6203): Caused by: libcore.io.ErrnoException: open failed: ENOENT (No such file or directory)
07-14 14:02:42.908 W/System.err( 6203): 	at libcore.io.Posix.open(Native Method)
07-14 14:02:42.908 W/System.err( 6203): 	at libcore.io.BlockGuardOs.open(BlockGuardOs.java:110)
07-14 14:02:42.908 W/System.err( 6203): 	at libcore.io.IoBridge.open(IoBridge.java:393)
07-14 14:02:42.908 W/System.err( 6203): 	... 9 more
07-14 14:02:44.143 D/ContactsProvider( 3494): [Contacts] query 'content://emdmcontacts/company_calllogs', segment size: 1
07-14 14:02:44.151 D/Assistant( 3494): [---null: -1---]  changeCursor
07-14 14:02:44.158 D/Assistant( 3494): [---null: -1---]  findGroups
07-14 14:02:44.158 D/Assistant( 3494): [---null: -1---]  addGroup
07-14 14:02:44.158 D/Assistant( 3494): [---null: -1---]  addGroup
07-14 14:02:44.158 D/Assistant( 3494): [---null: -1---]  addGroup
07-14 14:02:44.158 D/Assistant( 3494): [---null: -1---]  addGroup
07-14 14:02:44.158 D/Assistant( 3494): [---null: -1---]  addGroup
07-14 14:02:52.885 D/dalvikvm( 2019): GC_FOR_ALLOC freed 251K, 7% free 9927K/10588K, paused 28ms, total 28ms
07-14 14:02:52.901 W/System.err( 6203): java.io.FileNotFoundException: /data/data/com.mgyapp.android/files/.cfp.i: open failed: ENOENT (No such file or directory)
07-14 14:02:52.901 W/System.err( 6203): 	at libcore.io.IoBridge.open(IoBridge.java:409)
07-14 14:02:52.901 W/System.err( 6203): 	at java.io.FileInputStream.<init>(FileInputStream.java:78)
07-14 14:02:52.901 W/System.err( 6203): 	at android.app.ContextImpl.openFileInput(ContextImpl.java:702)
07-14 14:02:52.901 W/System.err( 6203): 	at android.content.ContextWrapper.openFileInput(ContextWrapper.java:173)
07-14 14:02:52.901 W/System.err( 6203): 	at com.mgyun.shua.jc.c.b(Unknown Source)
07-14 14:02:52.901 W/System.err( 6203): 	at com.mgyun.shua.jc.d.a(Unknown Source)
07-14 14:02:52.901 W/System.err( 6203): 	at com.mgyun.shua.jc.service.CpWorkServer.onHandleIntent(Unknown Source)
07-14 14:02:52.901 W/System.err( 6203): 	at android.app.IntentService$ServiceHandler.handleMessage(IntentService.java:65)
07-14 14:02:52.901 W/System.err( 6203): 	at android.os.Handler.dispatchMessage(Handler.java:99)
07-14 14:02:52.901 W/System.err( 6203): 	at android.os.Looper.loop(Looper.java:137)
07-14 14:02:52.901 W/System.err( 6203): 	at android.os.HandlerThread.run(HandlerThread.java:61)
07-14 14:02:52.901 W/System.err( 6203): Caused by: libcore.io.ErrnoException: open failed: ENOENT (No such file or directory)
07-14 14:02:52.901 W/System.err( 6203): 	at libcore.io.Posix.open(Native Method)
07-14 14:02:52.901 W/System.err( 6203): 	at libcore.io.BlockGuardOs.open(BlockGuardOs.java:110)
07-14 14:02:52.901 W/System.err( 6203): 	at libcore.io.IoBridge.open(IoBridge.java:393)
07-14 14:02:52.901 W/System.err( 6203): 	... 10 more
07-14 14:03:07.783 D/JOBS    (11415): Thread-436: load factor check. true = (0 < 1)|| (0 * 3 < 0 + 0). consumer thread: true
07-14 14:03:07.783 D/JOBS    (11415): didn't allow me to die, re-running Thread-436
07-14 14:03:07.783 D/JOBS    (11415): re-running consumer Thread-436
07-14 14:03:14.174 D/ContactsProvider( 3494): [Contacts] query 'content://emdmcontacts/company_calllogs', segment size: 1
07-14 14:03:14.182 D/Assistant( 3494): [---null: -1---]  changeCursor
07-14 14:03:14.182 D/Assistant( 3494): [---null: -1---]  findGroups
07-14 14:03:14.190 D/Assistant( 3494): [---null: -1---]  addGroup
07-14 14:03:14.190 D/Assistant( 3494): [---null: -1---]  addGroup
07-14 14:03:14.190 D/Assistant( 3494): [---null: -1---]  addGroup
07-14 14:03:14.190 D/Assistant( 3494): [---null: -1---]  addGroup
07-14 14:03:14.190 D/Assistant( 3494): [---null: -1---]  addGroup
07-14 14:03:30.682 D/dalvikvm( 6152): GC_FOR_ALLOC freed 407K, 7% free 9394K/10072K, paused 32ms, total 33ms
07-14 14:03:36.885 W/MountService(  374): getVolumeState(/storage/emulated/0/external_sd): Unknown volume
07-14 14:03:36.885 W/MountService(  374): getVolumeState(/mnt/sdcard-ext): Unknown volume
07-14 14:03:36.885 W/MountService(  374): getVolumeState(/mnt/ext_sdcard): Unknown volume
07-14 14:03:36.893 W/MountService(  374): getVolumeState(/mnt/sdcard2): Unknown volume
07-14 14:03:36.893 W/MountService(  374): getVolumeState(/mnt/emmc): Unknown volume
07-14 14:03:36.893 W/MountService(  374): getVolumeState(/mnt/extSdCard): Unknown volume
07-14 14:03:36.893 W/MountService(  374): getVolumeState(/mnt/sdcard/SD_CARD): Unknown volume
07-14 14:03:36.893 W/MountService(  374): getVolumeState(/mnt/sdcard/extra_sd): Unknown volume
07-14 14:03:36.893 W/MountService(  374): getVolumeState(/mnt/extrasd_bind): Unknown volume
07-14 14:03:36.893 W/MountService(  374): getVolumeState(/mnt/sdcard/ext_sd): Unknown volume
07-14 14:03:36.901 W/MountService(  374): getVolumeState(/storage/extSdCard): Unknown volume
07-14 14:03:36.901 W/MountService(  374): getVolumeState(/storage/sdcard1): Unknown volume
07-14 14:03:36.901 W/MountService(  374): getVolumeState(/mnt/sdcard/external_SD): Unknown volume
07-14 14:03:36.901 W/MountService(  374): getVolumeState(/mnt/sdcard/external_sd): Unknown volume
07-14 14:03:36.963 D/dalvikvm( 6152): GC_FOR_ALLOC freed 369K, 7% free 9403K/10072K, paused 21ms, total 21ms
07-14 14:03:37.174 D/dalvikvm(  374): GC_EXPLICIT freed 1455K, 29% free 19466K/27344K, paused 4ms+9ms, total 109ms
07-14 14:03:37.229 W/MountService(  374): getVolumeState(/storage/emulated/0/external_sd): Unknown volume
07-14 14:03:37.229 W/MountService(  374): getVolumeState(/mnt/sdcard-ext): Unknown volume
07-14 14:03:37.229 W/MountService(  374): getVolumeState(/mnt/ext_sdcard): Unknown volume
07-14 14:03:37.237 W/MountService(  374): getVolumeState(/mnt/sdcard2): Unknown volume
07-14 14:03:37.237 W/MountService(  374): getVolumeState(/mnt/emmc): Unknown volume
07-14 14:03:37.237 W/MountService(  374): getVolumeState(/mnt/extSdCard): Unknown volume
07-14 14:03:37.237 W/MountService(  374): getVolumeState(/mnt/sdcard/SD_CARD): Unknown volume
07-14 14:03:37.237 W/MountService(  374): getVolumeState(/mnt/sdcard/extra_sd): Unknown volume
07-14 14:03:37.244 W/MountService(  374): getVolumeState(/mnt/extrasd_bind): Unknown volume
07-14 14:03:37.244 W/MountService(  374): getVolumeState(/mnt/sdcard/ext_sd): Unknown volume
07-14 14:03:37.244 W/MountService(  374): getVolumeState(/storage/extSdCard): Unknown volume
07-14 14:03:37.244 W/MountService(  374): getVolumeState(/storage/sdcard1): Unknown volume
07-14 14:03:37.244 W/MountService(  374): getVolumeState(/mnt/sdcard/external_SD): Unknown volume
07-14 14:03:37.244 W/MountService(  374): getVolumeState(/mnt/sdcard/external_sd): Unknown volume
07-14 14:03:37.252 D/dalvikvm( 6152): GC_CONCURRENT freed 427K, 6% free 9518K/10072K, paused 4ms+5ms, total 42ms
07-14 14:03:37.338 D/dalvikvm( 6152): GC_FOR_ALLOC freed 365K, 7% free 9404K/10072K, paused 20ms, total 20ms
07-14 14:03:42.612 D/MdmService( 3494): [null:-1]->receiver action :com.pekall.mdm.action.MDM_ALARM
07-14 14:03:44.182 D/ContactsProvider( 3494): [Contacts] query 'content://emdmcontacts/company_calllogs', segment size: 1
07-14 14:03:44.182 D/Assistant( 3494): [---null: -1---]  changeCursor
07-14 14:03:44.190 D/Assistant( 3494): [---null: -1---]  findGroups
07-14 14:03:44.190 D/Assistant( 3494): [---null: -1---]  addGroup
07-14 14:03:44.190 D/Assistant( 3494): [---null: -1---]  addGroup
07-14 14:03:44.197 D/Assistant( 3494): [---null: -1---]  addGroup
07-14 14:03:44.197 D/Assistant( 3494): [---null: -1---]  addGroup
07-14 14:03:44.197 D/Assistant( 3494): [---null: -1---]  addGroup
07-14 14:04:14.190 D/ContactsProvider( 3494): [Contacts] query 'content://emdmcontacts/company_calllogs', segment size: 1
07-14 14:04:14.190 D/Assistant( 3494): [---null: -1---]  changeCursor
07-14 14:04:14.198 D/Assistant( 3494): [---null: -1---]  findGroups
07-14 14:04:14.198 D/Assistant( 3494): [---null: -1---]  addGroup
07-14 14:04:14.198 D/Assistant( 3494): [---null: -1---]  addGroup
07-14 14:04:14.205 D/Assistant( 3494): [---null: -1---]  addGroup
07-14 14:04:14.205 D/Assistant( 3494): [---null: -1---]  addGroup
07-14 14:04:14.205 D/Assistant( 3494): [---null: -1---]  addGroup
07-14 14:04:36.971 W/MountService(  374): getVolumeState(/storage/emulated/0/external_sd): Unknown volume
07-14 14:04:36.971 W/MountService(  374): getVolumeState(/mnt/sdcard-ext): Unknown volume
07-14 14:04:36.971 W/MountService(  374): getVolumeState(/mnt/ext_sdcard): Unknown volume
07-14 14:04:36.971 W/MountService(  374): getVolumeState(/mnt/sdcard2): Unknown volume
07-14 14:04:36.971 W/MountService(  374): getVolumeState(/mnt/emmc): Unknown volume
07-14 14:04:36.979 W/MountService(  374): getVolumeState(/mnt/extSdCard): Unknown volume
07-14 14:04:36.979 W/MountService(  374): getVolumeState(/mnt/sdcard/SD_CARD): Unknown volume
07-14 14:04:36.979 W/MountService(  374): getVolumeState(/mnt/sdcard/extra_sd): Unknown volume
07-14 14:04:36.979 W/MountService(  374): getVolumeState(/mnt/extrasd_bind): Unknown volume
07-14 14:04:36.979 W/MountService(  374): getVolumeState(/mnt/sdcard/ext_sd): Unknown volume
07-14 14:04:36.979 W/MountService(  374): getVolumeState(/storage/extSdCard): Unknown volume
07-14 14:04:36.979 W/MountService(  374): getVolumeState(/storage/sdcard1): Unknown volume
07-14 14:04:36.979 W/MountService(  374): getVolumeState(/mnt/sdcard/external_SD): Unknown volume
07-14 14:04:36.979 W/MountService(  374): getVolumeState(/mnt/sdcard/external_sd): Unknown volume
07-14 14:04:37.065 D/dalvikvm( 6152): GC_CONCURRENT freed 337K, 6% free 9555K/10072K, paused 4ms+4ms, total 32ms
07-14 14:04:37.112 D/dalvikvm(  577): GC_CONCURRENT freed 402K, 5% free 9543K/10004K, paused 5ms+3ms, total 36ms
07-14 14:04:37.198 W/MountService(  374): getVolumeState(/storage/emulated/0/external_sd): Unknown volume
07-14 14:04:37.198 W/MountService(  374): getVolumeState(/mnt/sdcard-ext): Unknown volume
07-14 14:04:37.198 W/MountService(  374): getVolumeState(/mnt/ext_sdcard): Unknown volume
07-14 14:04:37.198 W/MountService(  374): getVolumeState(/mnt/sdcard2): Unknown volume
07-14 14:04:37.198 W/MountService(  374): getVolumeState(/mnt/emmc): Unknown volume
07-14 14:04:37.198 W/MountService(  374): getVolumeState(/mnt/extSdCard): Unknown volume
07-14 14:04:37.198 W/MountService(  374): getVolumeState(/mnt/sdcard/SD_CARD): Unknown volume
07-14 14:04:37.198 W/MountService(  374): getVolumeState(/mnt/sdcard/extra_sd): Unknown volume
07-14 14:04:37.198 W/MountService(  374): getVolumeState(/mnt/extrasd_bind): Unknown volume
07-14 14:04:37.198 W/MountService(  374): getVolumeState(/mnt/sdcard/ext_sd): Unknown volume
07-14 14:04:37.198 W/MountService(  374): getVolumeState(/storage/extSdCard): Unknown volume
07-14 14:04:37.198 W/MountService(  374): getVolumeState(/storage/sdcard1): Unknown volume
07-14 14:04:37.198 W/MountService(  374): getVolumeState(/mnt/sdcard/external_SD): Unknown volume
07-14 14:04:37.205 W/MountService(  374): getVolumeState(/mnt/sdcard/external_sd): Unknown volume
07-14 14:04:37.237 D/dalvikvm( 6152): GC_CONCURRENT freed 539K, 7% free 9458K/10072K, paused 4ms+4ms, total 28ms
07-14 14:04:44.221 D/ContactsProvider( 3494): [Contacts] query 'content://emdmcontacts/company_calllogs', segment size: 1
07-14 14:04:44.221 D/Assistant( 3494): [---null: -1---]  changeCursor
07-14 14:04:44.221 D/Assistant( 3494): [---null: -1---]  findGroups
07-14 14:04:44.229 D/Assistant( 3494): [---null: -1---]  addGroup
07-14 14:04:44.229 D/Assistant( 3494): [---null: -1---]  addGroup
07-14 14:04:44.229 D/Assistant( 3494): [---null: -1---]  addGroup
07-14 14:04:44.237 D/Assistant( 3494): [---null: -1---]  addGroup
07-14 14:04:44.237 D/Assistant( 3494): [---null: -1---]  addGroup
07-14 14:04:53.283 D/GCM     (  624): Ignoring attempt to send heartbeat on dead connection.
07-14 14:05:07.276 D/dalvikvm(11553): GC_CONCURRENT freed 313K, 4% free 9853K/10212K, paused 2ms+3ms, total 27ms
07-14 14:05:07.408 D/dalvikvm(11553): Trying to load lib /data/app-lib/com.dragon.android.pandaspace-1/libBdMoplusMD5_V1.so 0x42809928
07-14 14:05:07.408 D/dalvikvm(11553): Added shared lib /data/app-lib/com.dragon.android.pandaspace-1/libBdMoplusMD5_V1.so 0x42809928
07-14 14:05:07.408 D/dalvikvm(11553): No JNI_OnLoad found in /data/app-lib/com.dragon.android.pandaspace-1/libBdMoplusMD5_V1.so 0x42809928, skipping init
07-14 14:05:07.643 D/dalvikvm(11553): GC_FOR_ALLOC freed 318K, 5% free 9834K/10348K, paused 23ms, total 23ms
07-14 14:05:07.791 D/JOBS    (11415): Thread-436: load factor check. true = (0 < 1)|| (0 * 3 < 0 + 0). consumer thread: true
07-14 14:05:07.791 D/JOBS    (11415): didn't allow me to die, re-running Thread-436
07-14 14:05:07.791 D/JOBS    (11415): re-running consumer Thread-436
07-14 14:05:07.963 D/dalvikvm(11553): GC_FOR_ALLOC freed 175K, 6% free 9817K/10348K, paused 22ms, total 22ms
07-14 14:05:08.143 D/dalvikvm(11553): GC_FOR_ALLOC freed 159K, 6% free 9818K/10348K, paused 22ms, total 22ms
07-14 14:05:08.994 D/dalvikvm(11553): GC_FOR_ALLOC freed 156K, 6% free 9818K/10348K, paused 22ms, total 22ms
