07-14 13:54:02.166 W/Resources( 2060): Converting to boolean: TypedValue{t=0x3/d=0x54 "false" a=-1}
07-14 13:54:02.166 W/Resources( 2060): Converting to boolean: TypedValue{t=0x3/d=0x54 "false" a=-1}
07-14 13:54:02.299 D/dalvikvm(10278): GC_CONCURRENT freed 387K, 5% free 8943K/9368K, paused 3ms+2ms, total 21ms
07-14 13:54:02.401 W/MountService(  374): getVolumeState(/storage/emulated/0/external_sd): Unknown volume
07-14 13:54:02.401 W/MountService(  374): getVolumeState(/mnt/sdcard-ext): Unknown volume
07-14 13:54:02.401 W/MountService(  374): getVolumeState(/mnt/ext_sdcard): Unknown volume
07-14 13:54:02.401 W/MountService(  374): getVolumeState(/mnt/sdcard2): Unknown volume
07-14 13:54:02.401 W/MountService(  374): getVolumeState(/mnt/emmc): Unknown volume
07-14 13:54:02.401 W/MountService(  374): getVolumeState(/mnt/extSdCard): Unknown volume
07-14 13:54:02.401 W/MountService(  374): getVolumeState(/mnt/sdcard/SD_CARD): Unknown volume
07-14 13:54:02.401 W/MountService(  374): getVolumeState(/mnt/sdcard/extra_sd): Unknown volume
07-14 13:54:02.401 W/MountService(  374): getVolumeState(/mnt/extrasd_bind): Unknown volume
07-14 13:54:02.401 W/MountService(  374): getVolumeState(/mnt/sdcard/ext_sd): Unknown volume
07-14 13:54:02.408 W/MountService(  374): getVolumeState(/storage/extSdCard): Unknown volume
07-14 13:54:02.408 W/MountService(  374): getVolumeState(/storage/sdcard1): Unknown volume
07-14 13:54:02.408 W/MountService(  374): getVolumeState(/mnt/sdcard/external_SD): Unknown volume
07-14 13:54:02.416 W/MountService(  374): getVolumeState(/mnt/sdcard/external_sd): Unknown volume
07-14 13:54:02.471 D/dalvikvm( 2060): GC_CONCURRENT freed 1617K, 28% free 13493K/18580K, paused 4ms+4ms, total 63ms
07-14 13:54:02.471 D/dalvikvm( 2060): WAIT_FOR_CONCURRENT_GC blocked 20ms
07-14 13:54:02.471 D/dalvikvm( 2060): WAIT_FOR_CONCURRENT_GC blocked 54ms
07-14 13:54:02.471 D/dalvikvm( 2060): WAIT_FOR_CONCURRENT_GC blocked 54ms
07-14 13:54:03.033 D/dalvikvm( 2060): GC_CONCURRENT freed 1500K, 28% free 13541K/18580K, paused 4ms+5ms, total 68ms
07-14 13:54:03.033 D/dalvikvm( 2060): WAIT_FOR_CONCURRENT_GC blocked 41ms
07-14 13:54:03.033 D/dalvikvm( 2060): WAIT_FOR_CONCURRENT_GC blocked 51ms
07-14 13:54:03.455 D/dalvikvm( 2060): GC_CONCURRENT freed 1539K, 27% free 13566K/18580K, paused 4ms+5ms, total 73ms
07-14 13:54:03.455 D/dalvikvm( 2060): WAIT_FOR_CONCURRENT_GC blocked 54ms
07-14 13:54:03.455 D/dalvikvm( 2060): WAIT_FOR_CONCURRENT_GC blocked 43ms
07-14 13:54:03.455 D/dalvikvm( 2060): WAIT_FOR_CONCURRENT_GC blocked 30ms
07-14 13:54:03.885 D/dalvikvm( 2060): GC_CONCURRENT freed 1259K, 26% free 13879K/18580K, paused 4ms+6ms, total 80ms
07-14 13:54:03.885 D/dalvikvm( 2060): WAIT_FOR_CONCURRENT_GC blocked 23ms
07-14 13:54:03.885 D/dalvikvm( 2060): WAIT_FOR_CONCURRENT_GC blocked 40ms
07-14 13:54:03.893 D/dalvikvm( 2060): WAIT_FOR_CONCURRENT_GC blocked 39ms
07-14 13:54:04.268 D/dalvikvm( 2060): GC_CONCURRENT freed 877K, 21% free 14678K/18580K, paused 4ms+6ms, total 82ms
07-14 13:54:04.268 D/dalvikvm( 2060): WAIT_FOR_CONCURRENT_GC blocked 23ms
07-14 13:54:04.268 D/dalvikvm( 2060): WAIT_FOR_CONCURRENT_GC blocked 23ms
07-14 13:54:04.807 D/dalvikvm( 2060): GC_CONCURRENT freed 3112K, 28% free 13510K/18580K, paused 2ms+5ms, total 76ms
07-14 13:54:04.807 D/dalvikvm( 2060): WAIT_FOR_CONCURRENT_GC blocked 59ms
07-14 13:54:04.815 D/dalvikvm( 2060): WAIT_FOR_CONCURRENT_GC blocked 65ms
07-14 13:54:05.307 D/dalvikvm( 2060): GC_CONCURRENT freed 1585K, 28% free 13477K/18580K, paused 3ms+6ms, total 100ms
07-14 13:54:05.307 D/dalvikvm( 2060): WAIT_FOR_CONCURRENT_GC blocked 23ms
07-14 13:54:13.783 D/ContactsProvider( 3494): [Contacts] query 'content://emdmcontacts/company_calllogs', segment size: 1
07-14 13:54:13.791 D/Assistant( 3494): [---null: -1---]  changeCursor
07-14 13:54:13.791 D/Assistant( 3494): [---null: -1---]  findGroups
07-14 13:54:13.791 D/Assistant( 3494): [---null: -1---]  addGroup
07-14 13:54:13.791 D/Assistant( 3494): [---null: -1---]  addGroup
07-14 13:54:13.791 D/Assistant( 3494): [---null: -1---]  addGroup
07-14 13:54:13.791 D/Assistant( 3494): [---null: -1---]  addGroup
07-14 13:54:13.799 D/Assistant( 3494): [---null: -1---]  addGroup
07-14 13:54:36.455 W/MountService(  374): getVolumeState(/storage/emulated/0/external_sd): Unknown volume
07-14 13:54:36.463 W/MountService(  374): getVolumeState(/mnt/sdcard-ext): Unknown volume
07-14 13:54:36.463 W/MountService(  374): getVolumeState(/mnt/ext_sdcard): Unknown volume
07-14 13:54:36.463 W/MountService(  374): getVolumeState(/mnt/sdcard2): Unknown volume
07-14 13:54:36.463 W/MountService(  374): getVolumeState(/mnt/emmc): Unknown volume
07-14 13:54:36.463 W/MountService(  374): getVolumeState(/mnt/extSdCard): Unknown volume
07-14 13:54:36.463 W/MountService(  374): getVolumeState(/mnt/sdcard/SD_CARD): Unknown volume
07-14 13:54:36.463 W/MountService(  374): getVolumeState(/mnt/sdcard/extra_sd): Unknown volume
07-14 13:54:36.463 W/MountService(  374): getVolumeState(/mnt/extrasd_bind): Unknown volume
07-14 13:54:36.463 W/MountService(  374): getVolumeState(/mnt/sdcard/ext_sd): Unknown volume
07-14 13:54:36.463 W/MountService(  374): getVolumeState(/storage/extSdCard): Unknown volume
07-14 13:54:36.463 W/MountService(  374): getVolumeState(/storage/sdcard1): Unknown volume
07-14 13:54:36.463 W/MountService(  374): getVolumeState(/mnt/sdcard/external_SD): Unknown volume
07-14 13:54:36.471 W/MountService(  374): getVolumeState(/mnt/sdcard/external_sd): Unknown volume
07-14 13:54:36.533 D/dalvikvm( 6152): GC_FOR_ALLOC freed 360K, 7% free 9427K/10072K, paused 25ms, total 25ms
07-14 13:54:36.565 D/dalvikvm( 6152): GC_CONCURRENT freed 152K, 7% free 9434K/10072K, paused 5ms+4ms, total 31ms
07-14 13:54:36.643 D/dalvikvm(10533): GC_EXPLICIT freed 248K, 4% free 9189K/9476K, paused 3ms+5ms, total 30ms
07-14 13:54:36.737 W/MountService(  374): getVolumeState(/storage/emulated/0/external_sd): Unknown volume
07-14 13:54:36.737 W/MountService(  374): getVolumeState(/mnt/sdcard-ext): Unknown volume
07-14 13:54:36.737 W/MountService(  374): getVolumeState(/mnt/ext_sdcard): Unknown volume
07-14 13:54:36.737 W/MountService(  374): getVolumeState(/mnt/sdcard2): Unknown volume
07-14 13:54:36.737 W/MountService(  374): getVolumeState(/mnt/emmc): Unknown volume
07-14 13:54:36.737 W/MountService(  374): getVolumeState(/mnt/extSdCard): Unknown volume
07-14 13:54:36.744 W/MountService(  374): getVolumeState(/mnt/sdcard/SD_CARD): Unknown volume
07-14 13:54:36.744 W/MountService(  374): getVolumeState(/mnt/sdcard/extra_sd): Unknown volume
07-14 13:54:36.744 W/MountService(  374): getVolumeState(/mnt/extrasd_bind): Unknown volume
07-14 13:54:36.744 W/MountService(  374): getVolumeState(/mnt/sdcard/ext_sd): Unknown volume
07-14 13:54:36.744 W/MountService(  374): getVolumeState(/storage/extSdCard): Unknown volume
07-14 13:54:36.744 W/MountService(  374): getVolumeState(/storage/sdcard1): Unknown volume
07-14 13:54:36.744 W/MountService(  374): getVolumeState(/mnt/sdcard/external_SD): Unknown volume
07-14 13:54:36.744 W/MountService(  374): getVolumeState(/mnt/sdcard/external_sd): Unknown volume
07-14 13:54:36.783 D/dalvikvm( 6152): GC_CONCURRENT freed 439K, 7% free 9441K/10072K, paused 4ms+4ms, total 30ms
07-14 13:54:36.783 D/dalvikvm( 6152): WAIT_FOR_CONCURRENT_GC blocked 12ms
07-14 13:54:42.612 D/MdmService( 3494): [null:-1]->receiver action :com.pekall.mdm.action.MDM_ALARM
07-14 13:54:42.612 D/MdmService( 3494): [null:-1]->keepAliveWithPushServer client is opened:true
07-14 13:54:42.612 D/MDM :   ( 3494): [null:-1]->ping!!!!!!!!!
07-14 13:54:42.619 D/MdmService( 3494): [null:-1]->pushUrl : ws://demo.everknow.cn:9030/websocket
07-14 13:54:42.619 D/MDM :   ( 3494): [null:-1]->mMdmPushClient is :not null
07-14 13:54:42.627 D/MDM :   ( 3494): [null:-1]->mMdmPushClient opened : opened
07-14 13:54:42.627 D/MDM :   ( 3494): [null:-1]->MSG_WEBSOCKET_PONG
07-14 13:54:43.783 D/ContactsProvider( 3494): [Contacts] query 'content://emdmcontacts/company_calllogs', segment size: 1
07-14 13:54:43.791 D/Assistant( 3494): [---null: -1---]  changeCursor
07-14 13:54:43.791 D/Assistant( 3494): [---null: -1---]  findGroups
07-14 13:54:43.799 D/Assistant( 3494): [---null: -1---]  addGroup
07-14 13:54:43.799 D/Assistant( 3494): [---null: -1---]  addGroup
07-14 13:54:43.799 D/Assistant( 3494): [---null: -1---]  addGroup
07-14 13:54:43.799 D/Assistant( 3494): [---null: -1---]  addGroup
07-14 13:54:43.799 D/Assistant( 3494): [---null: -1---]  addGroup
07-14 13:54:52.369 D/dalvikvm( 2019): GC_FOR_ALLOC freed 297K, 7% free 9929K/10588K, paused 28ms, total 29ms
07-14 13:55:08.705 D/dalvikvm(  563): GC_CONCURRENT freed 395K, 6% free 10087K/10716K, paused 19ms+4ms, total 56ms
07-14 13:55:13.815 D/ContactsProvider( 3494): [Contacts] query 'content://emdmcontacts/company_calllogs', segment size: 1
07-14 13:55:13.822 D/Assistant( 3494): [---null: -1---]  changeCursor
07-14 13:55:13.822 D/Assistant( 3494): [---null: -1---]  findGroups
07-14 13:55:13.822 D/Assistant( 3494): [---null: -1---]  addGroup
07-14 13:55:13.830 D/Assistant( 3494): [---null: -1---]  addGroup
07-14 13:55:13.830 D/Assistant( 3494): [---null: -1---]  addGroup
07-14 13:55:13.830 D/Assistant( 3494): [---null: -1---]  addGroup
07-14 13:55:13.830 D/Assistant( 3494): [---null: -1---]  addGroup
07-14 13:55:36.573 D/dalvikvm( 6152): GC_FOR_ALLOC freed 389K, 7% free 9395K/10072K, paused 27ms, total 28ms
07-14 13:55:36.580 W/MountService(  374): getVolumeState(/storage/emulated/0/external_sd): Unknown volume
07-14 13:55:36.580 W/MountService(  374): getVolumeState(/mnt/sdcard-ext): Unknown volume
07-14 13:55:36.580 W/MountService(  374): getVolumeState(/mnt/ext_sdcard): Unknown volume
07-14 13:55:36.580 W/MountService(  374): getVolumeState(/mnt/sdcard2): Unknown volume
07-14 13:55:36.588 W/MountService(  374): getVolumeState(/mnt/emmc): Unknown volume
07-14 13:55:36.588 W/MountService(  374): getVolumeState(/mnt/extSdCard): Unknown volume
07-14 13:55:36.588 W/MountService(  374): getVolumeState(/mnt/sdcard/SD_CARD): Unknown volume
07-14 13:55:36.588 W/MountService(  374): getVolumeState(/mnt/sdcard/extra_sd): Unknown volume
07-14 13:55:36.588 W/MountService(  374): getVolumeState(/mnt/extrasd_bind): Unknown volume
07-14 13:55:36.588 W/MountService(  374): getVolumeState(/mnt/sdcard/ext_sd): Unknown volume
07-14 13:55:36.588 W/MountService(  374): getVolumeState(/storage/extSdCard): Unknown volume
07-14 13:55:36.588 W/MountService(  374): getVolumeState(/storage/sdcard1): Unknown volume
07-14 13:55:36.588 W/MountService(  374): getVolumeState(/mnt/sdcard/external_SD): Unknown volume
07-14 13:55:36.588 W/MountService(  374): getVolumeState(/mnt/sdcard/external_sd): Unknown volume
07-14 13:55:36.690 D/dalvikvm( 6152): GC_CONCURRENT freed 283K, 6% free 9558K/10072K, paused 5ms+3ms, total 41ms
07-14 13:55:36.807 W/MountService(  374): getVolumeState(/storage/emulated/0/external_sd): Unknown volume
07-14 13:55:36.807 W/MountService(  374): getVolumeState(/mnt/sdcard-ext): Unknown volume
07-14 13:55:36.807 W/MountService(  374): getVolumeState(/mnt/ext_sdcard): Unknown volume
07-14 13:55:36.807 W/MountService(  374): getVolumeState(/mnt/sdcard2): Unknown volume
07-14 13:55:36.807 W/MountService(  374): getVolumeState(/mnt/emmc): Unknown volume
07-14 13:55:36.807 W/MountService(  374): getVolumeState(/mnt/extSdCard): Unknown volume
07-14 13:55:36.815 W/MountService(  374): getVolumeState(/mnt/sdcard/SD_CARD): Unknown volume
07-14 13:55:36.815 W/MountService(  374): getVolumeState(/mnt/sdcard/extra_sd): Unknown volume
07-14 13:55:36.815 W/MountService(  374): getVolumeState(/mnt/extrasd_bind): Unknown volume
07-14 13:55:36.815 W/MountService(  374): getVolumeState(/mnt/sdcard/ext_sd): Unknown volume
07-14 13:55:36.815 W/MountService(  374): getVolumeState(/storage/extSdCard): Unknown volume
07-14 13:55:36.815 W/MountService(  374): getVolumeState(/storage/sdcard1): Unknown volume
07-14 13:55:36.815 W/MountService(  374): getVolumeState(/mnt/sdcard/external_SD): Unknown volume
07-14 13:55:36.815 W/MountService(  374): getVolumeState(/mnt/sdcard/external_sd): Unknown volume
07-14 13:55:36.862 D/dalvikvm( 6152): GC_CONCURRENT freed 612K, 7% free 9432K/10092K, paused 7ms+3ms, total 41ms
07-14 13:55:36.862 D/dalvikvm( 6152): WAIT_FOR_CONCURRENT_GC blocked 8ms
07-14 13:55:43.846 D/ContactsProvider( 3494): [Contacts] query 'content://emdmcontacts/company_calllogs', segment size: 1
07-14 13:55:43.854 D/Assistant( 3494): [---null: -1---]  changeCursor
07-14 13:55:43.854 D/Assistant( 3494): [---null: -1---]  findGroups
07-14 13:55:43.862 D/Assistant( 3494): [---null: -1---]  addGroup
07-14 13:55:43.862 D/Assistant( 3494): [---null: -1---]  addGroup
07-14 13:55:43.862 D/Assistant( 3494): [---null: -1---]  addGroup
07-14 13:55:43.862 D/Assistant( 3494): [---null: -1---]  addGroup
07-14 13:55:43.862 D/Assistant( 3494): [---null: -1---]  addGroup
07-14 13:55:55.002 D/dalvikvm(  874): GC_CONCURRENT freed 402K, 17% free 9641K/11548K, paused 3ms+3ms, total 32ms
07-14 13:56:13.877 D/ContactsProvider( 3494): [Contacts] query 'content://emdmcontacts/company_calllogs', segment size: 1
07-14 13:56:13.885 D/Assistant( 3494): [---null: -1---]  changeCursor
07-14 13:56:13.885 D/Assistant( 3494): [---null: -1---]  findGroups
07-14 13:56:13.893 D/Assistant( 3494): [---null: -1---]  addGroup
07-14 13:56:13.893 D/Assistant( 3494): [---null: -1---]  addGroup
07-14 13:56:13.893 D/Assistant( 3494): [---null: -1---]  addGroup
07-14 13:56:13.893 D/Assistant( 3494): [---null: -1---]  addGroup
07-14 13:56:13.893 D/Assistant( 3494): [---null: -1---]  addGroup
07-14 13:56:36.604 W/MountService(  374): getVolumeState(/storage/emulated/0/external_sd): Unknown volume
07-14 13:56:36.604 W/MountService(  374): getVolumeState(/mnt/sdcard-ext): Unknown volume
07-14 13:56:36.604 W/MountService(  374): getVolumeState(/mnt/ext_sdcard): Unknown volume
07-14 13:56:36.604 W/MountService(  374): getVolumeState(/mnt/sdcard2): Unknown volume
07-14 13:56:36.604 W/MountService(  374): getVolumeState(/mnt/emmc): Unknown volume
07-14 13:56:36.604 W/MountService(  374): getVolumeState(/mnt/extSdCard): Unknown volume
07-14 13:56:36.612 W/MountService(  374): getVolumeState(/mnt/sdcard/SD_CARD): Unknown volume
07-14 13:56:36.612 W/MountService(  374): getVolumeState(/mnt/sdcard/extra_sd): Unknown volume
07-14 13:56:36.612 W/MountService(  374): getVolumeState(/mnt/extrasd_bind): Unknown volume
07-14 13:56:36.612 W/MountService(  374): getVolumeState(/mnt/sdcard/ext_sd): Unknown volume
07-14 13:56:36.612 W/MountService(  374): getVolumeState(/storage/extSdCard): Unknown volume
07-14 13:56:36.612 W/MountService(  374): getVolumeState(/storage/sdcard1): Unknown volume
07-14 13:56:36.612 W/MountService(  374): getVolumeState(/mnt/sdcard/external_SD): Unknown volume
07-14 13:56:36.612 W/MountService(  374): getVolumeState(/mnt/sdcard/external_sd): Unknown volume
07-14 13:56:36.666 D/dalvikvm( 6152): GC_FOR_ALLOC freed 397K, 7% free 9409K/10084K, paused 35ms, total 36ms
07-14 13:56:36.823 D/dalvikvm(  374): GC_EXPLICIT freed 1652K, 29% free 19418K/27344K, paused 4ms+10ms, total 109ms
07-14 13:56:36.955 D/dalvikvm( 6152): GC_CONCURRENT freed 438K, 6% free 9499K/10084K, paused 3ms+4ms, total 36ms
07-14 13:56:36.955 W/MountService(  374): getVolumeState(/storage/emulated/0/external_sd): Unknown volume
07-14 13:56:36.963 W/MountService(  374): getVolumeState(/mnt/sdcard-ext): Unknown volume
07-14 13:56:36.963 W/MountService(  374): getVolumeState(/mnt/ext_sdcard): Unknown volume
07-14 13:56:36.963 W/MountService(  374): getVolumeState(/mnt/sdcard2): Unknown volume
07-14 13:56:36.963 W/MountService(  374): getVolumeState(/mnt/emmc): Unknown volume
07-14 13:56:36.963 W/MountService(  374): getVolumeState(/mnt/extSdCard): Unknown volume
07-14 13:56:36.963 W/MountService(  374): getVolumeState(/mnt/sdcard/SD_CARD): Unknown volume
07-14 13:56:36.963 W/MountService(  374): getVolumeState(/mnt/sdcard/extra_sd): Unknown volume
07-14 13:56:36.963 W/MountService(  374): getVolumeState(/mnt/extrasd_bind): Unknown volume
07-14 13:56:36.963 W/MountService(  374): getVolumeState(/mnt/sdcard/ext_sd): Unknown volume
07-14 13:56:36.963 W/MountService(  374): getVolumeState(/storage/extSdCard): Unknown volume
07-14 13:56:36.963 W/MountService(  374): getVolumeState(/storage/sdcard1): Unknown volume
07-14 13:56:36.971 W/MountService(  374): getVolumeState(/mnt/sdcard/external_SD): Unknown volume
07-14 13:56:36.971 W/MountService(  374): getVolumeState(/mnt/sdcard/external_sd): Unknown volume
07-14 13:56:37.080 D/dalvikvm( 6152): GC_FOR_ALLOC freed 410K, 7% free 9391K/10084K, paused 29ms, total 29ms
07-14 13:56:43.885 D/ContactsProvider( 3494): [Contacts] query 'content://emdmcontacts/company_calllogs', segment size: 1
07-14 13:56:43.893 D/Assistant( 3494): [---null: -1---]  changeCursor
07-14 13:56:43.893 D/Assistant( 3494): [---null: -1---]  findGroups
07-14 13:56:43.893 D/Assistant( 3494): [---null: -1---]  addGroup
07-14 13:56:43.901 D/Assistant( 3494): [---null: -1---]  addGroup
07-14 13:56:43.901 D/Assistant( 3494): [---null: -1---]  addGroup
07-14 13:56:43.901 D/Assistant( 3494): [---null: -1---]  addGroup
07-14 13:56:43.901 D/Assistant( 3494): [---null: -1---]  addGroup
07-14 13:56:52.549 D/GCM     (  624): Ignoring attempt to send heartbeat on dead connection.
07-14 13:57:07.135 D/PushService(11415): [null:-1]->receiver action :com.pekall.mdm.action.PUSH_ALARM
07-14 13:57:07.151 D/PushService(11415): [null:-1]->keepAliveWithPushServer  client is null 
07-14 13:57:07.151 D/PushLib : (11415): [null:-1]->pushClient is :null
07-14 13:57:07.151 D/PushLib : (11415): [null:-1]->pushClient opened :not opened
07-14 13:57:07.158 D/PushLib : (11415): [null:-1]->pushClient connect:ws://192.168.10.35:9090/websocket
07-14 13:57:07.197 D/PushLib : (11415): [null:-1]->MSG_WEBSOCKET_OPEN
07-14 13:57:07.291 D/dalvikvm(11415): GC_CONCURRENT freed 296K, 4% free 9234K/9568K, paused 3ms+3ms, total 27ms
07-14 13:57:07.315 D/JOBS    (11415): added job id: -2147483647 class: PushMessageJob priority: 0 delay: 0 group : fetch-push persistent: false requires network: true
07-14 13:57:07.323 D/JOBS    (11415): main: load factor check. true = (0 < 1)|| (0 * 3 < 1 + 0). consumer thread: false
07-14 13:57:07.323 D/JOBS    (11415): adding another consumer
07-14 13:57:07.323 D/JOBS    (11415): starting consumer Thread-436
07-14 13:57:07.323 D/JOBS    (11415): running job PushMessageJob
07-14 13:57:07.323 D/JOBS    (11415): pool-4-thread-1: load factor check. false = (1 < 1)|| (1 * 3 < 0 + 1). consumer thread: false
07-14 13:57:07.737 D/PushLib : (11415): [null:-1]->MSG_WEBSOCKET_MESSAGE : {"id":2,"type":1,"command":0,"result":0,"reason":0}
07-14 13:57:07.752 D/PushService(11415): [null:-1]->push message type :1
07-14 13:57:07.768 D/dalvikvm(11415): GC_CONCURRENT freed 370K, 5% free 9258K/9664K, paused 3ms+4ms, total 25ms
07-14 13:57:07.768 D/JOBS    (11415): finished job PushMessageJob
07-14 13:57:13.916 D/ContactsProvider( 3494): [Contacts] query 'content://emdmcontacts/company_calllogs', segment size: 1
07-14 13:57:13.916 D/Assistant( 3494): [---null: -1---]  changeCursor
07-14 13:57:13.916 D/Assistant( 3494): [---null: -1---]  findGroups
07-14 13:57:13.924 D/Assistant( 3494): [---null: -1---]  addGroup
07-14 13:57:13.924 D/Assistant( 3494): [---null: -1---]  addGroup
07-14 13:57:13.924 D/Assistant( 3494): [---null: -1---]  addGroup
07-14 13:57:13.924 D/Assistant( 3494): [---null: -1---]  addGroup
07-14 13:57:13.932 D/Assistant( 3494): [---null: -1---]  addGroup
07-14 13:57:36.619 W/MountService(  374): getVolumeState(/storage/emulated/0/external_sd): Unknown volume
07-14 13:57:36.619 W/MountService(  374): getVolumeState(/mnt/sdcard-ext): Unknown volume
07-14 13:57:36.627 W/MountService(  374): getVolumeState(/mnt/ext_sdcard): Unknown volume
07-14 13:57:36.627 W/MountService(  374): getVolumeState(/mnt/sdcard2): Unknown volume
07-14 13:57:36.627 W/MountService(  374): getVolumeState(/mnt/emmc): Unknown volume
07-14 13:57:36.627 W/MountService(  374): getVolumeState(/mnt/extSdCard): Unknown volume
07-14 13:57:36.627 W/MountService(  374): getVolumeState(/mnt/sdcard/SD_CARD): Unknown volume
07-14 13:57:36.627 W/MountService(  374): getVolumeState(/mnt/sdcard/extra_sd): Unknown volume
07-14 13:57:36.627 W/MountService(  374): getVolumeState(/mnt/extrasd_bind): Unknown volume
07-14 13:57:36.627 W/MountService(  374): getVolumeState(/mnt/sdcard/ext_sd): Unknown volume
07-14 13:57:36.635 W/MountService(  374): getVolumeState(/storage/extSdCard): Unknown volume
07-14 13:57:36.635 W/MountService(  374): getVolumeState(/storage/sdcard1): Unknown volume
07-14 13:57:36.635 W/MountService(  374): getVolumeState(/mnt/sdcard/external_SD): Unknown volume
07-14 13:57:36.635 W/MountService(  374): getVolumeState(/mnt/sdcard/external_sd): Unknown volume
07-14 13:57:36.674 D/dalvikvm( 6152): GC_CONCURRENT freed 351K, 7% free 9446K/10072K, paused 3ms+3ms, total 35ms
07-14 13:57:36.674 D/dalvikvm( 6152): WAIT_FOR_CONCURRENT_GC blocked 18ms
07-14 13:57:36.838 W/MountService(  374): getVolumeState(/storage/emulated/0/external_sd): Unknown volume
07-14 13:57:36.838 W/MountService(  374): getVolumeState(/mnt/sdcard-ext): Unknown volume
07-14 13:57:36.838 W/MountService(  374): getVolumeState(/mnt/ext_sdcard): Unknown volume
07-14 13:57:36.838 W/MountService(  374): getVolumeState(/mnt/sdcard2): Unknown volume
07-14 13:57:36.838 W/MountService(  374): getVolumeState(/mnt/emmc): Unknown volume
07-14 13:57:36.838 W/MountService(  374): getVolumeState(/mnt/extSdCard): Unknown volume
07-14 13:57:36.846 W/MountService(  374): getVolumeState(/mnt/sdcard/SD_CARD): Unknown volume
07-14 13:57:36.846 W/MountService(  374): getVolumeState(/mnt/sdcard/extra_sd): Unknown volume
07-14 13:57:36.846 W/MountService(  374): getVolumeState(/mnt/extrasd_bind): Unknown volume
07-14 13:57:36.846 W/MountService(  374): getVolumeState(/mnt/sdcard/ext_sd): Unknown volume
07-14 13:57:36.854 D/dalvikvm( 6152): GC_CONCURRENT freed 484K, 7% free 9467K/10072K, paused 3ms+3ms, total 35ms
07-14 13:57:36.854 D/dalvikvm( 6152): WAIT_FOR_CONCURRENT_GC blocked 9ms
07-14 13:57:36.854 W/MountService(  374): getVolumeState(/storage/extSdCard): Unknown volume
07-14 13:57:36.854 W/MountService(  374): getVolumeState(/storage/sdcard1): Unknown volume
07-14 13:57:36.854 W/MountService(  374): getVolumeState(/mnt/sdcard/external_SD): Unknown volume
07-14 13:57:36.862 W/MountService(  374): getVolumeState(/mnt/sdcard/external_sd): Unknown volume
07-14 13:57:36.971 D/dalvikvm( 6152): GC_FOR_ALLOC freed 392K, 7% free 9394K/10072K, paused 26ms, total 27ms
07-14 13:57:42.612 I/ActivityManager(  374): No longer want com.google.android.apps.maps:LocationFriendService (pid 10598): empty for 1801s
07-14 13:57:42.612 I/ActivityManager(  374): No longer want com.google.android.apps.maps:FriendService (pid 10586): empty for 1802s
07-14 13:57:42.612 I/ActivityManager(  374): No longer want com.google.android.apps.maps:GoogleLocationService (pid 10565): empty for 1802s
07-14 13:57:42.619 D/MdmService( 3494): [null:-1]->receiver action :com.pekall.mdm.action.MDM_ALARM
07-14 13:57:42.643 W/ActivityManager(  374): Scheduling restart of crashed service com.google.android.apps.maps/com.google.android.location.internal.server.GoogleLocationService in 5000ms
07-14 13:57:42.901 W/System.err( 6203): java.io.FileNotFoundException: /data/data/com.mgyapp.android/files/.cfpaps.i: open failed: ENOENT (No such file or directory)
07-14 13:57:42.908 W/System.err( 6203): 	at libcore.io.IoBridge.open(IoBridge.java:409)
07-14 13:57:42.908 W/System.err( 6203): 	at java.io.FileInputStream.<init>(FileInputStream.java:78)
07-14 13:57:42.908 W/System.err( 6203): 	at android.app.ContextImpl.openFileInput(ContextImpl.java:702)
07-14 13:57:42.908 W/System.err( 6203): 	at android.content.ContextWrapper.openFileInput(ContextWrapper.java:173)
07-14 13:57:42.908 W/System.err( 6203): 	at com.mgyun.shua.jc.service.f.run(Unknown Source)
07-14 13:57:42.908 W/System.err( 6203): 	at com.mgyun.shua.jc.service.CpWorkServer.onHandleIntent(Unknown Source)
07-14 13:57:42.908 W/System.err( 6203): 	at android.app.IntentService$ServiceHandler.handleMessage(IntentService.java:65)
07-14 13:57:42.908 W/System.err( 6203): 	at android.os.Handler.dispatchMessage(Handler.java:99)
07-14 13:57:42.908 W/System.err( 6203): 	at android.os.Looper.loop(Looper.java:137)
07-14 13:57:42.908 W/System.err( 6203): 	at android.os.HandlerThread.run(HandlerThread.java:61)
07-14 13:57:42.908 W/System.err( 6203): Caused by: libcore.io.ErrnoException: open failed: ENOENT (No such file or directory)
07-14 13:57:42.908 W/System.err( 6203): 	at libcore.io.Posix.open(Native Method)
07-14 13:57:42.908 W/System.err( 6203): 	at libcore.io.BlockGuardOs.open(BlockGuardOs.java:110)
07-14 13:57:42.908 W/System.err( 6203): 	at libcore.io.IoBridge.open(IoBridge.java:393)
07-14 13:57:42.908 W/System.err( 6203): 	... 9 more
07-14 13:57:43.916 D/ContactsProvider( 3494): [Contacts] query 'content://emdmcontacts/company_calllogs', segment size: 1
07-14 13:57:43.916 D/Assistant( 3494): [---null: -1---]  changeCursor
07-14 13:57:43.924 D/Assistant( 3494): [---null: -1---]  findGroups
07-14 13:57:43.924 D/Assistant( 3494): [---null: -1---]  addGroup
07-14 13:57:43.924 D/Assistant( 3494): [---null: -1---]  addGroup
07-14 13:57:43.924 D/Assistant( 3494): [---null: -1---]  addGroup
07-14 13:57:43.924 D/Assistant( 3494): [---null: -1---]  addGroup
07-14 13:57:43.924 D/Assistant( 3494): [---null: -1---]  addGroup
07-14 13:57:47.651 I/ActivityManager(  374): Start proc com.google.android.apps.maps:GoogleLocationService for service com.google.android.apps.maps/com.google.android.location.internal.server.GoogleLocationService: pid=11496 uid=10038 gids={50038, 3003, 1015, 1028}
07-14 13:57:48.151 D/dalvikvm(11496): GC_CONCURRENT freed 232K, 3% free 9111K/9380K, paused 4ms+6ms, total 38ms
07-14 13:57:48.229 D/dalvikvm(11496): GC_CONCURRENT freed 185K, 4% free 9352K/9656K, paused 4ms+2ms, total 21ms
07-14 13:57:48.229 D/dalvikvm(11496): WAIT_FOR_CONCURRENT_GC blocked 14ms
07-14 13:57:48.323 D/dalvikvm(11496): GC_CONCURRENT freed 433K, 5% free 9369K/9840K, paused 2ms+3ms, total 21ms
07-14 13:57:48.424 D/dalvikvm(11496): GC_CONCURRENT freed 130K, 2% free 9705K/9876K, paused 2ms+3ms, total 24ms
07-14 13:57:48.573 I/ActivityManager(  374): Start proc com.google.android.apps.maps:FriendService for broadcast com.google.android.apps.maps/com.google.googlenav.friend.android.ServiceReceiver: pid=11517 uid=10038 gids={50038, 3003, 1015, 1028}
07-14 13:57:48.596 D/dalvikvm(  125): GC_EXPLICIT freed 40K, 1% free 8921K/9000K, paused 3ms+4ms, total 35ms
07-14 13:57:48.627 D/dalvikvm(  125): GC_EXPLICIT freed <1K, 1% free 8921K/9000K, paused 2ms+4ms, total 26ms
07-14 13:57:48.651 D/dalvikvm(  125): GC_EXPLICIT freed <1K, 1% free 8921K/9000K, paused 2ms+3ms, total 26ms
07-14 13:57:48.666 W/Settings(11496): Setting airplane_mode_on has moved from android.provider.Settings.System to android.provider.Settings.Global, returning read-only value.
07-14 13:57:48.690 W/ActivityManager(  374): Permission denied: checkComponentPermission() owningUid=10009
07-14 13:57:48.690 W/BroadcastQueue(  374): Permission Denial: broadcasting Intent { act=com.google.android.location.internal.server.ACTION_RESTARTED flg=0x10 } from com.google.android.apps.maps (pid=11496, uid=10038) is not exported from uid 10009 due to receiver com.google.android.gms/com.google.android.location.reporting.service.ExternalChangeReceiver
07-14 13:57:48.705 I/ActivityManager(  374): Start proc com.google.android.apps.maps:LocationFriendService for broadcast com.google.android.apps.maps/com.google.googlenav.friend.reporting.LocationReportingIntentReceiver: pid=11529 uid=10038 gids={50038, 3003, 1015, 1028}
07-14 13:57:48.729 D/dalvikvm(11496): GC_CONCURRENT freed 717K, 8% free 9377K/10136K, paused 3ms+3ms, total 50ms
07-14 13:57:52.908 W/System.err( 6203): java.io.FileNotFoundException: /data/data/com.mgyapp.android/files/.cfp.i: open failed: ENOENT (No such file or directory)
07-14 13:57:52.908 W/System.err( 6203): 	at libcore.io.IoBridge.open(IoBridge.java:409)
07-14 13:57:52.908 W/System.err( 6203): 	at java.io.FileInputStream.<init>(FileInputStream.java:78)
07-14 13:57:52.908 W/System.err( 6203): 	at android.app.ContextImpl.openFileInput(ContextImpl.java:702)
07-14 13:57:52.908 W/System.err( 6203): 	at android.content.ContextWrapper.openFileInput(ContextWrapper.java:173)
07-14 13:57:52.908 W/System.err( 6203): 	at com.mgyun.shua.jc.c.b(Unknown Source)
07-14 13:57:52.908 W/System.err( 6203): 	at com.mgyun.shua.jc.d.a(Unknown Source)
07-14 13:57:52.908 W/System.err( 6203): 	at com.mgyun.shua.jc.service.CpWorkServer.onHandleIntent(Unknown Source)
07-14 13:57:52.908 W/System.err( 6203): 	at android.app.IntentService$ServiceHandler.handleMessage(IntentService.java:65)
07-14 13:57:52.908 W/System.err( 6203): 	at android.os.Handler.dispatchMessage(Handler.java:99)
07-14 13:57:52.908 W/System.err( 6203): 	at android.os.Looper.loop(Looper.java:137)
07-14 13:57:52.908 W/System.err( 6203): 	at android.os.HandlerThread.run(HandlerThread.java:61)
07-14 13:57:52.908 W/System.err( 6203): Caused by: libcore.io.ErrnoException: open failed: ENOENT (No such file or directory)
07-14 13:57:52.908 W/System.err( 6203): 	at libcore.io.Posix.open(Native Method)
07-14 13:57:52.908 W/System.err( 6203): 	at libcore.io.BlockGuardOs.open(BlockGuardOs.java:110)
07-14 13:57:52.908 W/System.err( 6203): 	at libcore.io.IoBridge.open(IoBridge.java:393)
07-14 13:57:52.908 W/System.err( 6203): 	... 10 more
07-14 13:58:04.119 I/EventLogService(  624): Aggregate from 1405315684041 (log), 1405315684041 (data)
07-14 13:58:04.182 I/ServiceDumpSys(  624): dumping service [account]
07-14 13:58:13.947 D/ContactsProvider( 3494): [Contacts] query 'content://emdmcontacts/company_calllogs', segment size: 1
07-14 13:58:13.947 D/Assistant( 3494): [---null: -1---]  changeCursor
07-14 13:58:13.955 D/Assistant( 3494): [---null: -1---]  findGroups
07-14 13:58:13.955 D/Assistant( 3494): [---null: -1---]  addGroup
07-14 13:58:13.955 D/Assistant( 3494): [---null: -1---]  addGroup
07-14 13:58:13.955 D/Assistant( 3494): [---null: -1---]  addGroup
07-14 13:58:13.955 D/Assistant( 3494): [---null: -1---]  addGroup
07-14 13:58:13.955 D/Assistant( 3494): [---null: -1---]  addGroup
07-14 13:58:23.377 D/dalvikvm(  577): GC_CONCURRENT freed 409K, 5% free 9560K/10008K, paused 12ms+3ms, total 43ms
07-14 13:58:36.643 W/MountService(  374): getVolumeState(/storage/emulated/0/external_sd): Unknown volume
07-14 13:58:36.643 W/MountService(  374): getVolumeState(/mnt/sdcard-ext): Unknown volume
07-14 13:58:36.651 W/MountService(  374): getVolumeState(/mnt/ext_sdcard): Unknown volume
07-14 13:58:36.651 W/MountService(  374): getVolumeState(/mnt/sdcard2): Unknown volume
07-14 13:58:36.651 W/MountService(  374): getVolumeState(/mnt/emmc): Unknown volume
07-14 13:58:36.651 W/MountService(  374): getVolumeState(/mnt/extSdCard): Unknown volume
07-14 13:58:36.651 W/MountService(  374): getVolumeState(/mnt/sdcard/SD_CARD): Unknown volume
07-14 13:58:36.651 W/MountService(  374): getVolumeState(/mnt/sdcard/extra_sd): Unknown volume
07-14 13:58:36.651 W/MountService(  374): getVolumeState(/mnt/extrasd_bind): Unknown volume
07-14 13:58:36.651 W/MountService(  374): getVolumeState(/mnt/sdcard/ext_sd): Unknown volume
07-14 13:58:36.651 W/MountService(  374): getVolumeState(/storage/extSdCard): Unknown volume
07-14 13:58:36.651 W/MountService(  374): getVolumeState(/storage/sdcard1): Unknown volume
07-14 13:58:36.651 W/MountService(  374): getVolumeState(/mnt/sdcard/external_SD): Unknown volume
07-14 13:58:36.651 W/MountService(  374): getVolumeState(/mnt/sdcard/external_sd): Unknown volume
07-14 13:58:36.737 D/dalvikvm( 6152): GC_CONCURRENT freed 313K, 5% free 9585K/10072K, paused 4ms+4ms, total 32ms
07-14 13:58:36.854 W/MountService(  374): getVolumeState(/storage/emulated/0/external_sd): Unknown volume
07-14 13:58:36.854 W/MountService(  374): getVolumeState(/mnt/sdcard-ext): Unknown volume
07-14 13:58:36.854 W/MountService(  374): getVolumeState(/mnt/ext_sdcard): Unknown volume
07-14 13:58:36.854 W/MountService(  374): getVolumeState(/mnt/sdcard2): Unknown volume
07-14 13:58:36.854 W/MountService(  374): getVolumeState(/mnt/emmc): Unknown volume
07-14 13:58:36.854 W/MountService(  374): getVolumeState(/mnt/extSdCard): Unknown volume
07-14 13:58:36.854 W/MountService(  374): getVolumeState(/mnt/sdcard/SD_CARD): Unknown volume
07-14 13:58:36.854 W/MountService(  374): getVolumeState(/mnt/sdcard/extra_sd): Unknown volume
07-14 13:58:36.854 W/MountService(  374): getVolumeState(/mnt/extrasd_bind): Unknown volume
07-14 13:58:36.854 W/MountService(  374): getVolumeState(/mnt/sdcard/ext_sd): Unknown volume
07-14 13:58:36.854 W/MountService(  374): getVolumeState(/storage/extSdCard): Unknown volume
07-14 13:58:36.854 W/MountService(  374): getVolumeState(/storage/sdcard1): Unknown volume
07-14 13:58:36.854 W/MountService(  374): getVolumeState(/mnt/sdcard/external_SD): Unknown volume
07-14 13:58:36.862 W/MountService(  374): getVolumeState(/mnt/sdcard/external_sd): Unknown volume
07-14 13:58:36.893 D/dalvikvm( 6152): GC_CONCURRENT freed 560K, 7% free 9462K/10072K, paused 3ms+3ms, total 27ms
07-14 13:58:43.979 D/ContactsProvider( 3494): [Contacts] query 'content://emdmcontacts/company_calllogs', segment size: 1
07-14 13:58:43.987 D/Assistant( 3494): [---null: -1---]  changeCursor
07-14 13:58:43.987 D/Assistant( 3494): [---null: -1---]  findGroups
07-14 13:58:43.987 D/Assistant( 3494): [---null: -1---]  addGroup
07-14 13:58:43.987 D/Assistant( 3494): [---null: -1---]  addGroup
07-14 13:58:43.987 D/Assistant( 3494): [---null: -1---]  addGroup
07-14 13:58:43.987 D/Assistant( 3494): [---null: -1---]  addGroup
07-14 13:58:43.994 D/Assistant( 3494): [---null: -1---]  addGroup
07-14 13:59:07.776 D/JOBS    (11415): Thread-436: load factor check. true = (0 < 1)|| (0 * 3 < 0 + 0). consumer thread: true
07-14 13:59:07.776 D/JOBS    (11415): didn't allow me to die, re-running Thread-436
07-14 13:59:07.776 D/JOBS    (11415): re-running consumer Thread-436
07-14 13:59:13.994 D/ContactsProvider( 3494): [Contacts] query 'content://emdmcontacts/company_calllogs', segment size: 1
07-14 13:59:13.994 D/Assistant( 3494): [---null: -1---]  changeCursor
07-14 13:59:13.994 D/Assistant( 3494): [---null: -1---]  findGroups
07-14 13:59:14.002 D/Assistant( 3494): [---null: -1---]  addGroup
07-14 13:59:14.002 D/Assistant( 3494): [---null: -1---]  addGroup
07-14 13:59:14.002 D/Assistant( 3494): [---null: -1---]  addGroup
07-14 13:59:14.010 D/Assistant( 3494): [---null: -1---]  addGroup
07-14 13:59:14.010 D/Assistant( 3494): [---null: -1---]  addGroup
07-14 13:59:30.533 D/dalvikvm( 6152): GC_FOR_ALLOC freed 380K, 7% free 9390K/10072K, paused 20ms, total 21ms
07-14 13:59:36.697 W/MountService(  374): getVolumeState(/storage/emulated/0/external_sd): Unknown volume
07-14 13:59:36.697 W/MountService(  374): getVolumeState(/mnt/sdcard-ext): Unknown volume
07-14 13:59:36.697 W/MountService(  374): getVolumeState(/mnt/ext_sdcard): Unknown volume
07-14 13:59:36.697 W/MountService(  374): getVolumeState(/mnt/sdcard2): Unknown volume
07-14 13:59:36.705 W/MountService(  374): getVolumeState(/mnt/emmc): Unknown volume
07-14 13:59:36.705 W/MountService(  374): getVolumeState(/mnt/extSdCard): Unknown volume
07-14 13:59:36.705 W/MountService(  374): getVolumeState(/mnt/sdcard/SD_CARD): Unknown volume
07-14 13:59:36.705 W/MountService(  374): getVolumeState(/mnt/sdcard/extra_sd): Unknown volume
07-14 13:59:36.705 W/MountService(  374): getVolumeState(/mnt/extrasd_bind): Unknown volume
07-14 13:59:36.705 W/MountService(  374): getVolumeState(/mnt/sdcard/ext_sd): Unknown volume
07-14 13:59:36.713 W/MountService(  374): getVolumeState(/storage/extSdCard): Unknown volume
07-14 13:59:36.713 W/MountService(  374): getVolumeState(/storage/sdcard1): Unknown volume
07-14 13:59:36.713 W/MountService(  374): getVolumeState(/mnt/sdcard/external_SD): Unknown volume
07-14 13:59:36.713 W/MountService(  374): getVolumeState(/mnt/sdcard/external_sd): Unknown volume
07-14 13:59:36.815 D/dalvikvm( 6152): GC_CONCURRENT freed 309K, 6% free 9562K/10072K, paused 4ms+4ms, total 40ms
07-14 13:59:36.924 D/dalvikvm(  374): GC_EXPLICIT freed 1005K, 29% free 19436K/27344K, paused 4ms+10ms, total 107ms
07-14 13:59:37.041 W/MountService(  374): getVolumeState(/storage/emulated/0/external_sd): Unknown volume
07-14 13:59:37.041 W/MountService(  374): getVolumeState(/mnt/sdcard-ext): Unknown volume
07-14 13:59:37.041 W/MountService(  374): getVolumeState(/mnt/ext_sdcard): Unknown volume
07-14 13:59:37.041 W/MountService(  374): getVolumeState(/mnt/sdcard2): Unknown volume
07-14 13:59:37.041 W/MountService(  374): getVolumeState(/mnt/emmc): Unknown volume
07-14 13:59:37.041 W/MountService(  374): getVolumeState(/mnt/extSdCard): Unknown volume
07-14 13:59:37.041 W/MountService(  374): getVolumeState(/mnt/sdcard/SD_CARD): Unknown volume
07-14 13:59:37.041 W/MountService(  374): getVolumeState(/mnt/sdcard/extra_sd): Unknown volume
07-14 13:59:37.041 W/MountService(  374): getVolumeState(/mnt/extrasd_bind): Unknown volume
07-14 13:59:37.041 W/MountService(  374): getVolumeState(/mnt/sdcard/ext_sd): Unknown volume
07-14 13:59:37.041 W/MountService(  374): getVolumeState(/storage/extSdCard): Unknown volume
07-14 13:59:37.041 W/MountService(  374): getVolumeState(/storage/sdcard1): Unknown volume
07-14 13:59:37.041 W/MountService(  374): getVolumeState(/mnt/sdcard/external_SD): Unknown volume
07-14 13:59:37.049 W/MountService(  374): getVolumeState(/mnt/sdcard/external_sd): Unknown volume
07-14 13:59:37.080 D/dalvikvm( 6152): GC_CONCURRENT freed 588K, 7% free 9438K/10072K, paused 4ms+4ms, total 31ms
07-14 13:59:44.018 D/ContactsProvider( 3494): [Contacts] query 'content://emdmcontacts/company_calllogs', segment size: 1
07-14 13:59:44.026 D/Assistant( 3494): [---null: -1---]  changeCursor
07-14 13:59:44.026 D/Assistant( 3494): [---null: -1---]  findGroups
07-14 13:59:44.026 D/Assistant( 3494): [---null: -1---]  addGroup
07-14 13:59:44.033 D/Assistant( 3494): [---null: -1---]  addGroup
07-14 13:59:44.033 D/Assistant( 3494): [---null: -1---]  addGroup
07-14 13:59:44.033 D/Assistant( 3494): [---null: -1---]  addGroup
07-14 13:59:44.033 D/Assistant( 3494): [---null: -1---]  addGroup
07-14 14:00:01.276 I/ActivityManager(  374): No longer want com.dragon.android.pandaspace:bdservice_v1 (pid 10720): empty for 1801s
07-14 14:00:01.291 V/DigitalWidgetViewsFactory( 2502): DigitalWidget sets next alarm string to null
07-14 14:00:01.299 W/ActivityManager(  374): Scheduling restart of crashed service com.dragon.android.pandaspace/com.baidu.android.moplus.MoPlusService in 5000ms
07-14 14:00:06.323 I/ActivityManager(  374): Start proc com.dragon.android.pandaspace:bdservice_v1 for service com.dragon.android.pandaspace/com.baidu.android.moplus.MoPlusService: pid=11553 uid=10081 gids={50081, 1015, 3003, 1006, 1028}
07-14 14:00:06.338 I/dalvikvm(11553): Turning on JNI app bug workarounds for target SDK version 8...
07-14 14:00:06.463 D/dalvikvm(11553): Trying to load lib /data/app-lib/com.dragon.android.pandaspace-1/libroot.so 0x42809928
07-14 14:00:06.463 D/dalvikvm(11553): Added shared lib /data/app-lib/com.dragon.android.pandaspace-1/libroot.so 0x42809928
07-14 14:00:06.463 I/RootJni (11553): JNI_OnLoad......
07-14 14:00:06.643 D/dalvikvm(11553): GC_CONCURRENT freed 383K, 5% free 9046K/9464K, paused 3ms+2ms, total 32ms
07-14 14:00:06.744 D/dalvikvm(11553): GC_CONCURRENT freed 288K, 4% free 9210K/9536K, paused 1ms+6ms, total 23ms
07-14 14:00:06.830 D/dalvikvm(11553): GC_CONCURRENT freed 211K, 3% free 9506K/9756K, paused 3ms+8ms, total 35ms
07-14 14:00:06.830 D/dalvikvm(11553): WAIT_FOR_CONCURRENT_GC blocked 1ms
07-14 14:00:06.893 D/dalvikvm(11553): GC_CONCURRENT freed 416K, 5% free 9573K/10048K, paused 3ms+4ms, total 29ms
07-14 14:00:06.948 D/dalvikvm(11553): GC_CONCURRENT freed 457K, 6% free 9601K/10116K, paused 3ms+2ms, total 22ms
07-14 14:00:06.948 D/dalvikvm(11553): WAIT_FOR_CONCURRENT_GC blocked 9ms
07-14 14:00:06.963 I/dalvikvm(11553): Failed resolving Lcom/baidu/android/nebula/util/BDLocationManager$BaiduLocationListener; interface 1167 'Lcom/baidu/location/BDLocationListener;'
07-14 14:00:06.963 W/dalvikvm(11553): Link of class 'Lcom/baidu/android/nebula/util/BDLocationManager$BaiduLocationListener;' failed
07-14 14:00:06.971 W/dalvikvm(11553): VFY: unable to find class referenced in signature (Lcom/baidu/location/LocationClient;)
07-14 14:00:06.971 I/dalvikvm(11553): Failed resolving Lcom/baidu/android/nebula/util/BDLocationManager$BaiduLocationListener; interface 1167 'Lcom/baidu/location/BDLocationListener;'
07-14 14:00:06.971 W/dalvikvm(11553): Link of class 'Lcom/baidu/android/nebula/util/BDLocationManager$BaiduLocationListener;' failed
07-14 14:00:06.971 I/dalvikvm(11553): Failed resolving Lcom/baidu/android/nebula/util/BDLocationManager$BaiduLocationListener; interface 1167 'Lcom/baidu/location/BDLocationListener;'
07-14 14:00:06.971 W/dalvikvm(11553): Link of class 'Lcom/baidu/android/nebula/util/BDLocationManager$BaiduLocationListener;' failed
07-14 14:00:06.971 I/dalvikvm(11553): Could not find method com.baidu.location.LocationClient.unRegisterLocationListener, referenced from method com.baidu.android.nebula.util.BDLocationManager.d
07-14 14:00:06.971 W/dalvikvm(11553): VFY: unable to resolve virtual method 7875: Lcom/baidu/location/LocationClient;.unRegisterLocationListener (Lcom/baidu/location/BDLocationListener;)V
07-14 14:00:06.971 D/dalvikvm(11553): VFY: replacing opcode 0x6e at 0x0012
07-14 14:00:06.971 E/dalvikvm(11553): Could not find class 'com.baidu.location.LocationClient', referenced from method com.baidu.android.nebula.util.BDLocationManager.e
07-14 14:00:06.971 W/dalvikvm(11553): VFY: unable to resolve new-instance 1168 (Lcom/baidu/location/LocationClient;) in Lcom/baidu/android/nebula/util/BDLocationManager;
07-14 14:00:06.971 D/dalvikvm(11553): VFY: replacing opcode 0x22 at 0x0000
07-14 14:00:06.971 E/dalvikvm(11553): Could not find class 'com.baidu.location.LocationClientOption', referenced from method com.baidu.android.nebula.util.BDLocationManager.f
07-14 14:00:06.971 W/dalvikvm(11553): VFY: unable to resolve new-instance 1169 (Lcom/baidu/location/LocationClientOption;) in Lcom/baidu/android/nebula/util/BDLocationManager;
07-14 14:00:06.971 D/dalvikvm(11553): VFY: replacing opcode 0x22 at 0x0000
07-14 14:00:06.971 W/dalvikvm(11553): VFY: unable to find class referenced in signature (Lcom/baidu/location/LocationClientOption;)
07-14 14:00:06.971 I/dalvikvm(11553): Could not find method com.baidu.location.LocationClientOption.setOpenGps, referenced from method com.baidu.android.nebula.util.BDLocationManager.a
07-14 14:00:06.971 W/dalvikvm(11553): VFY: unable to resolve virtual method 7879: Lcom/baidu/location/LocationClientOption;.setOpenGps (Z)V
07-14 14:00:06.971 D/dalvikvm(11553): VFY: replacing opcode 0x6e at 0x0009
07-14 14:00:06.971 D/dalvikvm(11553): DexOpt: unable to opt direct call 0x1ebc at 0x04 in Lcom/baidu/android/nebula/util/BDLocationManager;.e
07-14 14:00:06.971 I/dalvikvm(11553): Failed resolving Lcom/baidu/android/nebula/util/BDLocationManager$BaiduLocationListener; interface 1167 'Lcom/baidu/location/BDLocationListener;'
07-14 14:00:06.971 W/dalvikvm(11553): Link of class 'Lcom/baidu/android/nebula/util/BDLocationManager$BaiduLocationListener;' failed
07-14 14:00:06.971 D/dalvikvm(11553): DexOpt: unable to opt direct call 0x1cca at 0x0b in Lcom/baidu/android/nebula/util/BDLocationManager;.e
07-14 14:00:06.971 D/dalvikvm(11553): DexOpt: unable to opt direct call 0x1ec4 at 0x02 in Lcom/baidu/android/nebula/util/BDLocationManager;.f
07-14 14:00:07.041 D/dalvikvm(11553): GC_CONCURRENT freed 646K, 7% free 9417K/10116K, paused 3ms+4ms, total 25ms
07-14 14:00:07.135 D/dalvikvm(11553): GC_CONCURRENT freed 102K, 4% free 9758K/10116K, paused 3ms+2ms, total 31ms
07-14 14:00:14.080 D/dalvikvm( 2221): GC_EXPLICIT freed 287K, 4% free 9674K/10076K, paused 4ms+4ms, total 41ms
07-14 14:00:14.088 D/ContactsProvider( 3494): [Contacts] query 'content://emdmcontacts/company_calllogs', segment size: 1
07-14 14:00:14.088 D/Assistant( 3494): [---null: -1---]  changeCursor
07-14 14:00:14.096 D/Assistant( 3494): [---null: -1---]  findGroups
07-14 14:00:14.096 D/Assistant( 3494): [---null: -1---]  addGroup
07-14 14:00:14.096 D/Assistant( 3494): [---null: -1---]  addGroup
07-14 14:00:14.096 D/Assistant( 3494): [---null: -1---]  addGroup
07-14 14:00:14.096 D/Assistant( 3494): [---null: -1---]  addGroup
07-14 14:00:14.096 D/Assistant( 3494): [---null: -1---]  addGroup
07-14 14:00:36.752 W/MountService(  374): getVolumeState(/storage/emulated/0/external_sd): Unknown volume
07-14 14:00:36.760 W/MountService(  374): getVolumeState(/mnt/sdcard-ext): Unknown volume
07-14 14:00:36.760 W/MountService(  374): getVolumeState(/mnt/ext_sdcard): Unknown volume
07-14 14:00:36.760 W/MountService(  374): getVolumeState(/mnt/sdcard2): Unknown volume
07-14 14:00:36.760 W/MountService(  374): getVolumeState(/mnt/emmc): Unknown volume
07-14 14:00:36.760 W/MountService(  374): getVolumeState(/mnt/extSdCard): Unknown volume
07-14 14:00:36.760 W/MountService(  374): getVolumeState(/mnt/sdcard/SD_CARD): Unknown volume
07-14 14:00:36.760 W/MountService(  374): getVolumeState(/mnt/sdcard/extra_sd): Unknown volume
07-14 14:00:36.768 W/MountService(  374): getVolumeState(/mnt/extrasd_bind): Unknown volume
07-14 14:00:36.768 W/MountService(  374): getVolumeState(/mnt/sdcard/ext_sd): Unknown volume
07-14 14:00:36.768 W/MountService(  374): getVolumeState(/storage/extSdCard): Unknown volume
07-14 14:00:36.768 W/MountService(  374): getVolumeState(/storage/sdcard1): Unknown volume
07-14 14:00:36.768 W/MountService(  374): getVolumeState(/mnt/sdcard/external_SD): Unknown volume
07-14 14:00:36.768 W/MountService(  374): getVolumeState(/mnt/sdcard/external_sd): Unknown volume
07-14 14:00:36.791 D/dalvikvm( 6152): GC_FOR_ALLOC freed 370K, 7% free 9438K/10072K, paused 20ms, total 21ms
07-14 14:00:36.994 D/dalvikvm( 6152): GC_CONCURRENT freed 511K, 7% free 9436K/10072K, paused 5ms+3ms, total 39ms
07-14 14:00:36.994 D/dalvikvm( 6152): WAIT_FOR_CONCURRENT_GC blocked 10ms
07-14 14:00:36.994 D/dalvikvm( 6152): WAIT_FOR_CONCURRENT_GC blocked 12ms
07-14 14:00:37.002 W/MountService(  374): getVolumeState(/storage/emulated/0/external_sd): Unknown volume
07-14 14:00:37.002 W/MountService(  374): getVolumeState(/mnt/sdcard-ext): Unknown volume
07-14 14:00:37.002 W/MountService(  374): getVolumeState(/mnt/ext_sdcard): Unknown volume
07-14 14:00:37.002 W/MountService(  374): getVolumeState(/mnt/sdcard2): Unknown volume
07-14 14:00:37.002 W/MountService(  374): getVolumeState(/mnt/emmc): Unknown volume
07-14 14:00:37.002 W/MountService(  374): getVolumeState(/mnt/extSdCard): Unknown volume
07-14 14:00:37.010 W/MountService(  374): getVolumeState(/mnt/sdcard/SD_CARD): Unknown volume
07-14 14:00:37.010 W/MountService(  374): getVolumeState(/mnt/sdcard/extra_sd): Unknown volume
07-14 14:00:37.010 W/MountService(  374): getVolumeState(/mnt/extrasd_bind): Unknown volume
07-14 14:00:37.010 W/MountService(  374): getVolumeState(/mnt/sdcard/ext_sd): Unknown volume
07-14 14:00:37.010 W/MountService(  374): getVolumeState(/storage/extSdCard): Unknown volume
07-14 14:00:37.010 W/MountService(  374): getVolumeState(/storage/sdcard1): Unknown volume
07-14 14:00:37.010 W/MountService(  374): getVolumeState(/mnt/sdcard/external_SD): Unknown volume
07-14 14:00:37.010 W/MountService(  374): getVolumeState(/mnt/sdcard/external_sd): Unknown volume
07-14 14:00:37.088 D/dalvikvm( 6152): GC_FOR_ALLOC freed 379K, 7% free 9390K/10072K, paused 21ms, total 21ms
07-14 14:00:42.619 D/MdmService( 3494): [null:-1]->receiver action :com.pekall.mdm.action.MDM_ALARM
07-14 14:00:42.619 I/TransInfo( 3494): TransInfo created, id: 5, class: class com.pekall.emdm.transaction.b.p
07-14 14:00:42.619 D/NetworkThread( 3494): [null:-1]->----isRunning-----true
07-14 14:00:42.619 D/NetworkThread( 3494): [null:-1]->----isRunning-----true
07-14 14:00:42.619 D/NetworkThread( 3494): [null:-1]->thread wakeup
07-14 14:00:42.619 D/HttpClient( 3494): enable apache.http debug
07-14 14:00:42.627 I/TransInfo( 3494): TransInfo created, id: 5, class: class com.pekall.emdm.transaction.b.p
07-14 14:00:42.627 D/NetworkThread( 3494): [null:-1]->----isRunning-----true
07-14 14:00:42.627 D/MdmService( 3494): [null:-1]->keepAliveWithPushServer client is opened:true
07-14 14:00:42.627 D/MDM :   ( 3494): [null:-1]->ping!!!!!!!!!
07-14 14:00:42.635 V/DEBUG   ( 3494): HTTP 0
07-14 14:00:42.635 D/MdmService( 3494): [null:-1]->pushUrl : ws://demo.everknow.cn:9030/websocket
07-14 14:00:42.635 D/MDM :   ( 3494): [null:-1]->mMdmPushClient is :not null
07-14 14:00:42.635 D/MDM :   ( 3494): [null:-1]->mMdmPushClient opened : opened
07-14 14:00:42.635 D/MdmStatusManager( 3494): [null:-1]->change status to : Busy
07-14 14:00:42.635 D/DB      ( 3494): query: SQLiteQuery: SELECT content, command_status, status FROM command WHERE status!=2
07-14 14:00:42.635 D/DB      ( 3494): factory null
07-14 14:00:42.635 D/DB      ( 3494): fillWindow: 0
07-14 14:00:42.635 D/DB      ( 3494): cursor 0
07-14 14:00:42.635 D/DB      ( 3494): moveToPos: 0
07-14 14:00:42.635 I/TransInfo( 3494): TransInfo created, id: 3, class: class com.pekall.emdm.transaction.b.c
07-14 14:00:42.658 D/MDM :   ( 3494): [null:-1]->MSG_WEBSOCKET_PONG
07-14 14:00:43.002 V/DEBUG   ( 3494): HTTP 1
07-14 14:00:43.010 D/HttpClient( 3494): enable apache.http debug
07-14 14:00:43.010 V/DEBUG   ( 3494): HTTP 0
