07-14 14:13:19.971 W/MountService(  374): getVolumeState(/mnt/sdcard/extra_sd): Unknown volume
07-14 14:13:19.971 W/MountService(  374): getVolumeState(/mnt/extrasd_bind): Unknown volume
07-14 14:13:19.971 W/MountService(  374): getVolumeState(/mnt/sdcard/ext_sd): Unknown volume
07-14 14:13:19.971 W/MountService(  374): getVolumeState(/storage/extSdCard): Unknown volume
07-14 14:13:19.971 W/MountService(  374): getVolumeState(/storage/sdcard1): Unknown volume
07-14 14:13:19.979 W/MountService(  374): getVolumeState(/mnt/sdcard/external_SD): Unknown volume
07-14 14:13:19.979 W/MountService(  374): getVolumeState(/mnt/sdcard/external_sd): Unknown volume
07-14 14:13:20.088 W/PackageParser( 2060): Unknown element under <application>: intent-filter at /storage/emulated/0/360MobileSafe_5.2.3.1061.apk Binary XML file line #1165
07-14 14:13:20.104 W/PackageParser( 2060): Unknown element under <application>: intent-filter at /storage/emulated/0/360MobileSafe_5.2.3.1061.apk Binary XML file line #1423
07-14 14:13:20.174 D/dalvikvm( 2060): GC_CONCURRENT freed 894K, 26% free 13675K/18440K, paused 8ms+5ms, total 114ms
07-14 14:13:20.174 D/dalvikvm( 2060): WAIT_FOR_CONCURRENT_GC blocked 12ms
07-14 14:13:20.174 D/dalvikvm( 2060): WAIT_FOR_CONCURRENT_GC blocked 12ms
07-14 14:13:20.299 D/dalvikvm(10278): GC_CONCURRENT freed 387K, 5% free 8952K/9376K, paused 2ms+1ms, total 20ms
07-14 14:13:20.424 W/PackageParser( 2060): No actions in intent filter at /storage/emulated/0/Download/emmp.apk Binary XML file line #687
07-14 14:13:20.573 W/PackageParser( 2060): No actions in intent filter at /storage/emulated/0/Download/emmp-1.apk Binary XML file line #687
07-14 14:13:20.588 D/dalvikvm(  374): GC_CONCURRENT freed 2304K, 28% free 19693K/27344K, paused 5ms+17ms, total 126ms
07-14 14:13:20.674 D/dalvikvm( 2060): GC_CONCURRENT freed 1540K, 26% free 13744K/18440K, paused 7ms+5ms, total 83ms
07-14 14:13:20.674 D/dalvikvm( 2060): WAIT_FOR_CONCURRENT_GC blocked 33ms
07-14 14:13:20.674 D/dalvikvm( 2060): WAIT_FOR_CONCURRENT_GC blocked 29ms
07-14 14:13:20.955 D/dalvikvm( 2060): GC_CONCURRENT freed 1841K, 27% free 13535K/18440K, paused 4ms+4ms, total 89ms
07-14 14:13:20.955 D/dalvikvm( 2060): WAIT_FOR_CONCURRENT_GC blocked 38ms
07-14 14:13:20.955 D/dalvikvm( 2060): WAIT_FOR_CONCURRENT_GC blocked 31ms
07-14 14:13:21.096 W/PackageParser( 2060): No actions in intent filter at /storage/emulated/0/360Download/Pekall.apk Binary XML file line #685
07-14 14:13:21.182 W/Resources( 2060): Converting to boolean: TypedValue{t=0x3/d=0x54 "false" a=-1}
07-14 14:13:21.182 W/Resources( 2060): Converting to boolean: TypedValue{t=0x3/d=0x54 "false" a=-1}
07-14 14:13:21.260 D/dalvikvm(10278): GC_CONCURRENT freed 395K, 5% free 8951K/9384K, paused 2ms+2ms, total 20ms
07-14 14:13:21.283 W/MountService(  374): getVolumeState(/storage/emulated/0/external_sd): Unknown volume
07-14 14:13:21.283 W/MountService(  374): getVolumeState(/mnt/sdcard-ext): Unknown volume
07-14 14:13:21.283 W/MountService(  374): getVolumeState(/mnt/ext_sdcard): Unknown volume
07-14 14:13:21.283 W/MountService(  374): getVolumeState(/mnt/sdcard2): Unknown volume
07-14 14:13:21.283 W/MountService(  374): getVolumeState(/mnt/emmc): Unknown volume
07-14 14:13:21.283 W/MountService(  374): getVolumeState(/mnt/extSdCard): Unknown volume
07-14 14:13:21.283 W/MountService(  374): getVolumeState(/mnt/sdcard/SD_CARD): Unknown volume
07-14 14:13:21.283 W/MountService(  374): getVolumeState(/mnt/sdcard/extra_sd): Unknown volume
07-14 14:13:21.283 W/MountService(  374): getVolumeState(/mnt/extrasd_bind): Unknown volume
07-14 14:13:21.283 W/MountService(  374): getVolumeState(/mnt/sdcard/ext_sd): Unknown volume
07-14 14:13:21.283 W/MountService(  374): getVolumeState(/storage/extSdCard): Unknown volume
07-14 14:13:21.291 W/MountService(  374): getVolumeState(/storage/sdcard1): Unknown volume
07-14 14:13:21.291 W/MountService(  374): getVolumeState(/mnt/sdcard/external_SD): Unknown volume
07-14 14:13:21.291 W/MountService(  374): getVolumeState(/mnt/sdcard/external_sd): Unknown volume
07-14 14:13:21.666 D/dalvikvm( 2060): GC_CONCURRENT freed 1572K, 27% free 13524K/18440K, paused 2ms+5ms, total 75ms
07-14 14:13:21.666 D/dalvikvm( 2060): WAIT_FOR_CONCURRENT_GC blocked 16ms
07-14 14:13:21.666 D/dalvikvm( 2060): WAIT_FOR_CONCURRENT_GC blocked 16ms
07-14 14:13:22.151 D/dalvikvm( 2060): GC_CONCURRENT freed 1560K, 27% free 13508K/18440K, paused 4ms+5ms, total 68ms
07-14 14:13:22.471 D/dalvikvm( 2060): GC_CONCURRENT freed 1125K, 25% free 13935K/18440K, paused 4ms+7ms, total 100ms
07-14 14:13:22.471 D/dalvikvm( 2060): WAIT_FOR_CONCURRENT_GC blocked 85ms
07-14 14:13:22.471 D/dalvikvm( 2060): WAIT_FOR_CONCURRENT_GC blocked 84ms
07-14 14:13:22.471 D/dalvikvm( 2060): WAIT_FOR_CONCURRENT_GC blocked 56ms
07-14 14:13:23.112 D/dalvikvm( 2060): GC_CONCURRENT freed 1839K, 26% free 13753K/18440K, paused 6ms+6ms, total 82ms
07-14 14:13:23.643 D/dalvikvm( 2060): GC_CONCURRENT freed 699K, 21% free 14687K/18440K, paused 3ms+6ms, total 73ms
07-14 14:13:23.643 D/dalvikvm( 2060): WAIT_FOR_CONCURRENT_GC blocked 13ms
07-14 14:13:23.643 D/dalvikvm( 2060): WAIT_FOR_CONCURRENT_GC blocked 28ms
07-14 14:13:24.510 D/dalvikvm( 2060): GC_CONCURRENT freed 3012K, 27% free 13608K/18440K, paused 5ms+11ms, total 112ms
07-14 14:13:37.698 D/dalvikvm( 6152): GC_FOR_ALLOC freed 437K, 8% free 9467K/10240K, paused 31ms, total 31ms
07-14 14:13:37.705 W/MountService(  374): getVolumeState(/storage/emulated/0/external_sd): Unknown volume
07-14 14:13:37.705 W/MountService(  374): getVolumeState(/mnt/sdcard-ext): Unknown volume
07-14 14:13:37.705 W/MountService(  374): getVolumeState(/mnt/ext_sdcard): Unknown volume
07-14 14:13:37.705 W/MountService(  374): getVolumeState(/mnt/sdcard2): Unknown volume
07-14 14:13:37.705 W/MountService(  374): getVolumeState(/mnt/emmc): Unknown volume
07-14 14:13:37.705 W/MountService(  374): getVolumeState(/mnt/extSdCard): Unknown volume
07-14 14:13:37.705 W/MountService(  374): getVolumeState(/mnt/sdcard/SD_CARD): Unknown volume
07-14 14:13:37.705 W/MountService(  374): getVolumeState(/mnt/sdcard/extra_sd): Unknown volume
07-14 14:13:37.713 W/MountService(  374): getVolumeState(/mnt/extrasd_bind): Unknown volume
07-14 14:13:37.713 W/MountService(  374): getVolumeState(/mnt/sdcard/ext_sd): Unknown volume
07-14 14:13:37.713 W/MountService(  374): getVolumeState(/storage/extSdCard): Unknown volume
07-14 14:13:37.713 W/MountService(  374): getVolumeState(/storage/sdcard1): Unknown volume
07-14 14:13:37.713 W/MountService(  374): getVolumeState(/mnt/sdcard/external_SD): Unknown volume
07-14 14:13:37.713 W/MountService(  374): getVolumeState(/mnt/sdcard/external_sd): Unknown volume
07-14 14:13:37.830 D/dalvikvm( 6152): GC_CONCURRENT freed 255K, 7% free 9604K/10240K, paused 4ms+3ms, total 36ms
07-14 14:13:37.979 W/MountService(  374): getVolumeState(/storage/emulated/0/external_sd): Unknown volume
07-14 14:13:37.979 W/MountService(  374): getVolumeState(/mnt/sdcard-ext): Unknown volume
07-14 14:13:37.979 W/MountService(  374): getVolumeState(/mnt/ext_sdcard): Unknown volume
07-14 14:13:37.979 W/MountService(  374): getVolumeState(/mnt/sdcard2): Unknown volume
07-14 14:13:37.979 W/MountService(  374): getVolumeState(/mnt/emmc): Unknown volume
07-14 14:13:37.979 W/MountService(  374): getVolumeState(/mnt/extSdCard): Unknown volume
07-14 14:13:37.979 W/MountService(  374): getVolumeState(/mnt/sdcard/SD_CARD): Unknown volume
07-14 14:13:37.979 W/MountService(  374): getVolumeState(/mnt/sdcard/extra_sd): Unknown volume
07-14 14:13:37.979 W/MountService(  374): getVolumeState(/mnt/extrasd_bind): Unknown volume
07-14 14:13:37.979 W/MountService(  374): getVolumeState(/mnt/sdcard/ext_sd): Unknown volume
07-14 14:13:37.979 W/MountService(  374): getVolumeState(/storage/extSdCard): Unknown volume
07-14 14:13:37.979 W/MountService(  374): getVolumeState(/storage/sdcard1): Unknown volume
07-14 14:13:37.979 W/MountService(  374): getVolumeState(/mnt/sdcard/external_SD): Unknown volume
07-14 14:13:37.987 W/MountService(  374): getVolumeState(/mnt/sdcard/external_sd): Unknown volume
07-14 14:13:38.018 D/dalvikvm( 6152): GC_CONCURRENT freed 587K, 8% free 9484K/10240K, paused 4ms+4ms, total 28ms
07-14 14:14:03.768 D/dalvikvm(  874): GC_CONCURRENT freed 1766K, 17% free 9646K/11548K, paused 6ms+5ms, total 52ms
07-14 14:14:37.737 W/MountService(  374): getVolumeState(/storage/emulated/0/external_sd): Unknown volume
07-14 14:14:37.737 W/MountService(  374): getVolumeState(/mnt/sdcard-ext): Unknown volume
07-14 14:14:37.737 W/MountService(  374): getVolumeState(/mnt/ext_sdcard): Unknown volume
07-14 14:14:37.737 W/MountService(  374): getVolumeState(/mnt/sdcard2): Unknown volume
07-14 14:14:37.737 W/MountService(  374): getVolumeState(/mnt/emmc): Unknown volume
07-14 14:14:37.737 W/MountService(  374): getVolumeState(/mnt/extSdCard): Unknown volume
07-14 14:14:37.737 W/MountService(  374): getVolumeState(/mnt/sdcard/SD_CARD): Unknown volume
07-14 14:14:37.737 W/MountService(  374): getVolumeState(/mnt/sdcard/extra_sd): Unknown volume
07-14 14:14:37.737 W/MountService(  374): getVolumeState(/mnt/extrasd_bind): Unknown volume
07-14 14:14:37.744 W/MountService(  374): getVolumeState(/mnt/sdcard/ext_sd): Unknown volume
07-14 14:14:37.744 W/MountService(  374): getVolumeState(/storage/extSdCard): Unknown volume
07-14 14:14:37.744 W/MountService(  374): getVolumeState(/storage/sdcard1): Unknown volume
07-14 14:14:37.744 W/MountService(  374): getVolumeState(/mnt/sdcard/external_SD): Unknown volume
07-14 14:14:37.744 W/MountService(  374): getVolumeState(/mnt/sdcard/external_sd): Unknown volume
07-14 14:14:37.791 D/dalvikvm( 6152): GC_CONCURRENT freed 435K, 8% free 9476K/10240K, paused 4ms+4ms, total 45ms
07-14 14:14:37.791 D/dalvikvm( 6152): WAIT_FOR_CONCURRENT_GC blocked 23ms
07-14 14:14:37.963 W/MountService(  374): getVolumeState(/storage/emulated/0/external_sd): Unknown volume
07-14 14:14:37.963 W/MountService(  374): getVolumeState(/mnt/sdcard-ext): Unknown volume
07-14 14:14:37.963 W/MountService(  374): getVolumeState(/mnt/ext_sdcard): Unknown volume
07-14 14:14:37.963 W/MountService(  374): getVolumeState(/mnt/sdcard2): Unknown volume
07-14 14:14:37.971 W/MountService(  374): getVolumeState(/mnt/emmc): Unknown volume
07-14 14:14:37.971 W/MountService(  374): getVolumeState(/mnt/extSdCard): Unknown volume
07-14 14:14:37.971 W/MountService(  374): getVolumeState(/mnt/sdcard/SD_CARD): Unknown volume
07-14 14:14:37.971 W/MountService(  374): getVolumeState(/mnt/sdcard/extra_sd): Unknown volume
07-14 14:14:37.971 W/MountService(  374): getVolumeState(/mnt/extrasd_bind): Unknown volume
07-14 14:14:37.971 W/MountService(  374): getVolumeState(/mnt/sdcard/ext_sd): Unknown volume
07-14 14:14:37.971 W/MountService(  374): getVolumeState(/storage/extSdCard): Unknown volume
07-14 14:14:37.971 W/MountService(  374): getVolumeState(/storage/sdcard1): Unknown volume
07-14 14:14:37.971 W/MountService(  374): getVolumeState(/mnt/sdcard/external_SD): Unknown volume
07-14 14:14:37.971 W/MountService(  374): getVolumeState(/mnt/sdcard/external_sd): Unknown volume
07-14 14:14:37.987 D/dalvikvm( 6152): GC_CONCURRENT freed 477K, 8% free 9511K/10240K, paused 3ms+3ms, total 43ms
07-14 14:14:37.987 D/dalvikvm( 6152): WAIT_FOR_CONCURRENT_GC blocked 10ms
07-14 14:14:37.987 D/dalvikvm( 6152): WAIT_FOR_CONCURRENT_GC blocked 13ms
07-14 14:14:52.158 W/System.err(12204): java.io.FileNotFoundException: /data/data/com.mgyapp.android/files/.cfpaps.i: open failed: ENOENT (No such file or directory)
07-14 14:14:52.158 W/System.err(12204): 	at libcore.io.IoBridge.open(IoBridge.java:409)
07-14 14:14:52.158 W/System.err(12204): 	at java.io.FileInputStream.<init>(FileInputStream.java:78)
07-14 14:14:52.158 W/System.err(12204): 	at android.app.ContextImpl.openFileInput(ContextImpl.java:702)
07-14 14:14:52.158 W/System.err(12204): 	at android.content.ContextWrapper.openFileInput(ContextWrapper.java:173)
07-14 14:14:52.158 W/System.err(12204): 	at com.mgyun.shua.jc.service.f.run(Unknown Source)
07-14 14:14:52.158 W/System.err(12204): 	at com.mgyun.shua.jc.service.CpWorkServer.onHandleIntent(Unknown Source)
07-14 14:14:52.158 W/System.err(12204): 	at android.app.IntentService$ServiceHandler.handleMessage(IntentService.java:65)
07-14 14:14:52.158 W/System.err(12204): 	at android.os.Handler.dispatchMessage(Handler.java:99)
07-14 14:14:52.158 W/System.err(12204): 	at android.os.Looper.loop(Looper.java:137)
07-14 14:14:52.158 W/System.err(12204): 	at android.os.HandlerThread.run(HandlerThread.java:61)
07-14 14:14:52.158 W/System.err(12204): Caused by: libcore.io.ErrnoException: open failed: ENOENT (No such file or directory)
07-14 14:14:52.158 W/System.err(12204): 	at libcore.io.Posix.open(Native Method)
07-14 14:14:52.158 W/System.err(12204): 	at libcore.io.BlockGuardOs.open(BlockGuardOs.java:110)
07-14 14:14:52.158 W/System.err(12204): 	at libcore.io.IoBridge.open(IoBridge.java:393)
07-14 14:14:52.158 W/System.err(12204): 	... 9 more
07-14 14:14:53.440 D/dalvikvm( 2019): GC_FOR_ALLOC freed 262K, 7% free 9927K/10588K, paused 32ms, total 32ms
07-14 14:14:54.971 D/dalvikvm( 2060): GC_CONCURRENT freed 1807K, 28% free 13258K/18220K, paused 10ms+4ms, total 73ms
07-14 14:15:01.580 V/DigitalWidgetViewsFactory(12684): DigitalWidget sets next alarm string to null
07-14 14:15:02.158 W/System.err(12204): java.io.FileNotFoundException: /data/data/com.mgyapp.android/files/.cfp.i: open failed: ENOENT (No such file or directory)
07-14 14:15:02.158 W/System.err(12204): 	at libcore.io.IoBridge.open(IoBridge.java:409)
07-14 14:15:02.158 W/System.err(12204): 	at java.io.FileInputStream.<init>(FileInputStream.java:78)
07-14 14:15:02.158 W/System.err(12204): 	at android.app.ContextImpl.openFileInput(ContextImpl.java:702)
07-14 14:15:02.158 W/System.err(12204): 	at android.content.ContextWrapper.openFileInput(ContextWrapper.java:173)
07-14 14:15:02.158 W/System.err(12204): 	at com.mgyun.shua.jc.c.b(Unknown Source)
07-14 14:15:02.158 W/System.err(12204): 	at com.mgyun.shua.jc.d.a(Unknown Source)
07-14 14:15:02.158 W/System.err(12204): 	at com.mgyun.shua.jc.service.CpWorkServer.onHandleIntent(Unknown Source)
07-14 14:15:02.158 W/System.err(12204): 	at android.app.IntentService$ServiceHandler.handleMessage(IntentService.java:65)
07-14 14:15:02.158 W/System.err(12204): 	at android.os.Handler.dispatchMessage(Handler.java:99)
07-14 14:15:02.158 W/System.err(12204): 	at android.os.Looper.loop(Looper.java:137)
07-14 14:15:02.158 W/System.err(12204): 	at android.os.HandlerThread.run(HandlerThread.java:61)
07-14 14:15:02.158 W/System.err(12204): Caused by: libcore.io.ErrnoException: open failed: ENOENT (No such file or directory)
07-14 14:15:02.166 W/System.err(12204): 	at libcore.io.Posix.open(Native Method)
07-14 14:15:02.166 W/System.err(12204): 	at libcore.io.BlockGuardOs.open(BlockGuardOs.java:110)
07-14 14:15:02.166 W/System.err(12204): 	at libcore.io.IoBridge.open(IoBridge.java:393)
07-14 14:15:02.166 W/System.err(12204): 	... 10 more
07-14 14:15:07.854 D/JOBS    (11415): Thread-436: load factor check. true = (0 < 1)|| (0 * 3 < 0 + 0). consumer thread: true
07-14 14:15:07.854 D/JOBS    (11415): didn't allow me to die, re-running Thread-436
07-14 14:15:07.854 D/JOBS    (11415): re-running consumer Thread-436
07-14 14:15:34.869 D/dalvikvm( 6152): GC_CONCURRENT freed 460K, 8% free 9443K/10240K, paused 6ms+3ms, total 33ms
07-14 14:15:34.869 D/dalvikvm( 6152): WAIT_FOR_CONCURRENT_GC blocked 11ms
07-14 14:15:37.744 W/MountService(  374): getVolumeState(/storage/emulated/0/external_sd): Unknown volume
07-14 14:15:37.752 W/MountService(  374): getVolumeState(/mnt/sdcard-ext): Unknown volume
07-14 14:15:37.752 W/MountService(  374): getVolumeState(/mnt/ext_sdcard): Unknown volume
07-14 14:15:37.752 W/MountService(  374): getVolumeState(/mnt/sdcard2): Unknown volume
07-14 14:15:37.752 W/MountService(  374): getVolumeState(/mnt/emmc): Unknown volume
07-14 14:15:37.752 W/MountService(  374): getVolumeState(/mnt/extSdCard): Unknown volume
07-14 14:15:37.752 W/MountService(  374): getVolumeState(/mnt/sdcard/SD_CARD): Unknown volume
07-14 14:15:37.760 W/MountService(  374): getVolumeState(/mnt/sdcard/extra_sd): Unknown volume
07-14 14:15:37.760 W/MountService(  374): getVolumeState(/mnt/extrasd_bind): Unknown volume
07-14 14:15:37.760 W/MountService(  374): getVolumeState(/mnt/sdcard/ext_sd): Unknown volume
07-14 14:15:37.760 W/MountService(  374): getVolumeState(/storage/extSdCard): Unknown volume
07-14 14:15:37.760 W/MountService(  374): getVolumeState(/storage/sdcard1): Unknown volume
07-14 14:15:37.760 W/MountService(  374): getVolumeState(/mnt/sdcard/external_SD): Unknown volume
07-14 14:15:37.760 W/MountService(  374): getVolumeState(/mnt/sdcard/external_sd): Unknown volume
07-14 14:15:37.838 D/dalvikvm( 6152): GC_CONCURRENT freed 361K, 7% free 9594K/10240K, paused 3ms+4ms, total 26ms
07-14 14:15:37.838 D/dalvikvm( 6152): WAIT_FOR_CONCURRENT_GC blocked 13ms
07-14 14:15:37.838 D/dalvikvm( 6152): WAIT_FOR_CONCURRENT_GC blocked 14ms
07-14 14:15:37.893 D/dalvikvm( 2221): GC_CONCURRENT freed 366K, 6% free 9601K/10164K, paused 3ms+2ms, total 49ms
07-14 14:15:37.948 D/dalvikvm(10533): GC_EXPLICIT freed 228K, 4% free 9183K/9476K, paused 2ms+5ms, total 40ms
07-14 14:15:38.041 W/MountService(  374): getVolumeState(/storage/emulated/0/external_sd): Unknown volume
07-14 14:15:38.041 W/MountService(  374): getVolumeState(/mnt/sdcard-ext): Unknown volume
07-14 14:15:38.041 W/MountService(  374): getVolumeState(/mnt/ext_sdcard): Unknown volume
07-14 14:15:38.041 W/MountService(  374): getVolumeState(/mnt/sdcard2): Unknown volume
07-14 14:15:38.041 W/MountService(  374): getVolumeState(/mnt/emmc): Unknown volume
07-14 14:15:38.049 W/MountService(  374): getVolumeState(/mnt/extSdCard): Unknown volume
07-14 14:15:38.049 W/MountService(  374): getVolumeState(/mnt/sdcard/SD_CARD): Unknown volume
07-14 14:15:38.049 W/MountService(  374): getVolumeState(/mnt/sdcard/extra_sd): Unknown volume
07-14 14:15:38.049 W/MountService(  374): getVolumeState(/mnt/extrasd_bind): Unknown volume
07-14 14:15:38.049 W/MountService(  374): getVolumeState(/mnt/sdcard/ext_sd): Unknown volume
07-14 14:15:38.049 W/MountService(  374): getVolumeState(/storage/extSdCard): Unknown volume
07-14 14:15:38.049 W/MountService(  374): getVolumeState(/storage/sdcard1): Unknown volume
07-14 14:15:38.049 W/MountService(  374): getVolumeState(/mnt/sdcard/external_SD): Unknown volume
07-14 14:15:38.049 W/MountService(  374): getVolumeState(/mnt/sdcard/external_sd): Unknown volume
07-14 14:15:38.088 D/dalvikvm( 6152): GC_CONCURRENT freed 591K, 8% free 9512K/10240K, paused 3ms+4ms, total 32ms
07-14 14:15:42.612 D/MdmService( 3494): [null:-1]->receiver action :com.pekall.mdm.action.MDM_ALARM
07-14 14:15:45.127 W/SystemClock(  563): time going backwards: prev 8683539062493(ioctl) vs now 8683536895731(ioctl), tid=1013
07-14 14:16:37.830 W/MountService(  374): getVolumeState(/storage/emulated/0/external_sd): Unknown volume
07-14 14:16:37.830 W/MountService(  374): getVolumeState(/mnt/sdcard-ext): Unknown volume
07-14 14:16:37.830 W/MountService(  374): getVolumeState(/mnt/ext_sdcard): Unknown volume
07-14 14:16:37.830 W/MountService(  374): getVolumeState(/mnt/sdcard2): Unknown volume
07-14 14:16:37.830 W/MountService(  374): getVolumeState(/mnt/emmc): Unknown volume
07-14 14:16:37.830 W/MountService(  374): getVolumeState(/mnt/extSdCard): Unknown volume
07-14 14:16:37.830 W/MountService(  374): getVolumeState(/mnt/sdcard/SD_CARD): Unknown volume
07-14 14:16:37.830 W/MountService(  374): getVolumeState(/mnt/sdcard/extra_sd): Unknown volume
07-14 14:16:37.838 W/MountService(  374): getVolumeState(/mnt/extrasd_bind): Unknown volume
07-14 14:16:37.838 W/MountService(  374): getVolumeState(/mnt/sdcard/ext_sd): Unknown volume
07-14 14:16:37.838 W/MountService(  374): getVolumeState(/storage/extSdCard): Unknown volume
07-14 14:16:37.838 W/MountService(  374): getVolumeState(/storage/sdcard1): Unknown volume
07-14 14:16:37.838 W/MountService(  374): getVolumeState(/mnt/sdcard/external_SD): Unknown volume
07-14 14:16:37.838 W/MountService(  374): getVolumeState(/mnt/sdcard/external_sd): Unknown volume
07-14 14:16:37.885 D/dalvikvm( 6152): GC_CONCURRENT freed 444K, 8% free 9487K/10240K, paused 5ms+4ms, total 36ms
07-14 14:16:37.885 D/dalvikvm( 6152): WAIT_FOR_CONCURRENT_GC blocked 27ms
07-14 14:16:38.073 D/dalvikvm( 6152): GC_CONCURRENT freed 520K, 8% free 9478K/10240K, paused 3ms+3ms, total 36ms
07-14 14:16:38.073 D/dalvikvm( 6152): WAIT_FOR_CONCURRENT_GC blocked 9ms
07-14 14:16:38.073 D/dalvikvm( 6152): WAIT_FOR_CONCURRENT_GC blocked 16ms
07-14 14:16:38.073 D/dalvikvm( 6152): WAIT_FOR_CONCURRENT_GC blocked 16ms
07-14 14:16:38.073 W/MountService(  374): getVolumeState(/storage/emulated/0/external_sd): Unknown volume
07-14 14:16:38.080 W/MountService(  374): getVolumeState(/mnt/sdcard-ext): Unknown volume
07-14 14:16:38.080 W/MountService(  374): getVolumeState(/mnt/ext_sdcard): Unknown volume
07-14 14:16:38.080 W/MountService(  374): getVolumeState(/mnt/sdcard2): Unknown volume
07-14 14:16:38.080 W/MountService(  374): getVolumeState(/mnt/emmc): Unknown volume
07-14 14:16:38.080 W/MountService(  374): getVolumeState(/mnt/extSdCard): Unknown volume
07-14 14:16:38.080 W/MountService(  374): getVolumeState(/mnt/sdcard/SD_CARD): Unknown volume
07-14 14:16:38.080 W/MountService(  374): getVolumeState(/mnt/sdcard/extra_sd): Unknown volume
07-14 14:16:38.080 W/MountService(  374): getVolumeState(/mnt/extrasd_bind): Unknown volume
07-14 14:16:38.080 W/MountService(  374): getVolumeState(/mnt/sdcard/ext_sd): Unknown volume
07-14 14:16:38.080 W/MountService(  374): getVolumeState(/storage/extSdCard): Unknown volume
07-14 14:16:38.088 W/MountService(  374): getVolumeState(/storage/sdcard1): Unknown volume
07-14 14:16:38.088 W/MountService(  374): getVolumeState(/mnt/sdcard/external_SD): Unknown volume
07-14 14:16:38.088 W/MountService(  374): getVolumeState(/mnt/sdcard/external_sd): Unknown volume
07-14 14:17:07.135 D/PushService(11415): [null:-1]->receiver action :com.pekall.mdm.action.PUSH_ALARM
07-14 14:17:07.143 D/PushService(11415): [null:-1]->keepAliveWithPushServer client is opened:true
07-14 14:17:07.143 D/PushLib : (11415): [null:-1]->ping!!!!!!!!!
07-14 14:17:07.151 D/PushLib : (11415): [null:-1]->pushClient is :not null
07-14 14:17:07.151 D/PushLib : (11415): [null:-1]->pushClient opened : opened
07-14 14:17:07.862 D/JOBS    (11415): Thread-436: load factor check. true = (0 < 1)|| (0 * 3 < 0 + 0). consumer thread: true
07-14 14:17:07.862 D/JOBS    (11415): didn't allow me to die, re-running Thread-436
07-14 14:17:07.862 D/JOBS    (11415): re-running consumer Thread-436
07-14 14:17:12.166 D/PushLib : (11415): [null:-1]->MSG_WEBSOCKET_PONG
07-14 14:17:35.002 D/dalvikvm( 6152): GC_CONCURRENT freed 420K, 8% free 9477K/10240K, paused 7ms+3ms, total 28ms
07-14 14:17:35.002 D/dalvikvm( 6152): WAIT_FOR_CONCURRENT_GC blocked 15ms
07-14 14:17:37.908 W/MountService(  374): getVolumeState(/storage/emulated/0/external_sd): Unknown volume
07-14 14:17:37.908 W/MountService(  374): getVolumeState(/mnt/sdcard-ext): Unknown volume
07-14 14:17:37.908 W/MountService(  374): getVolumeState(/mnt/ext_sdcard): Unknown volume
07-14 14:17:37.908 W/MountService(  374): getVolumeState(/mnt/sdcard2): Unknown volume
07-14 14:17:37.908 W/MountService(  374): getVolumeState(/mnt/emmc): Unknown volume
07-14 14:17:37.908 W/MountService(  374): getVolumeState(/mnt/extSdCard): Unknown volume
07-14 14:17:37.908 W/MountService(  374): getVolumeState(/mnt/sdcard/SD_CARD): Unknown volume
07-14 14:17:37.916 W/MountService(  374): getVolumeState(/mnt/sdcard/extra_sd): Unknown volume
07-14 14:17:37.916 W/MountService(  374): getVolumeState(/mnt/extrasd_bind): Unknown volume
07-14 14:17:37.916 W/MountService(  374): getVolumeState(/mnt/sdcard/ext_sd): Unknown volume
07-14 14:17:37.916 W/MountService(  374): getVolumeState(/storage/extSdCard): Unknown volume
07-14 14:17:37.916 W/MountService(  374): getVolumeState(/storage/sdcard1): Unknown volume
07-14 14:17:37.916 W/MountService(  374): getVolumeState(/mnt/sdcard/external_SD): Unknown volume
07-14 14:17:37.916 W/MountService(  374): getVolumeState(/mnt/sdcard/external_sd): Unknown volume
07-14 14:17:38.002 D/dalvikvm( 6152): GC_CONCURRENT freed 359K, 7% free 9602K/10240K, paused 3ms+4ms, total 30ms
07-14 14:17:38.104 D/dalvikvm(  374): GC_EXPLICIT freed 1843K, 29% free 19547K/27344K, paused 3ms+11ms, total 117ms
07-14 14:17:38.244 W/MountService(  374): getVolumeState(/storage/emulated/0/external_sd): Unknown volume
07-14 14:17:38.244 W/MountService(  374): getVolumeState(/mnt/sdcard-ext): Unknown volume
07-14 14:17:38.244 W/MountService(  374): getVolumeState(/mnt/ext_sdcard): Unknown volume
07-14 14:17:38.244 W/MountService(  374): getVolumeState(/mnt/sdcard2): Unknown volume
07-14 14:17:38.244 W/MountService(  374): getVolumeState(/mnt/emmc): Unknown volume
07-14 14:17:38.244 W/MountService(  374): getVolumeState(/mnt/extSdCard): Unknown volume
07-14 14:17:38.244 W/MountService(  374): getVolumeState(/mnt/sdcard/SD_CARD): Unknown volume
07-14 14:17:38.252 W/MountService(  374): getVolumeState(/mnt/sdcard/extra_sd): Unknown volume
07-14 14:17:38.252 W/MountService(  374): getVolumeState(/mnt/extrasd_bind): Unknown volume
07-14 14:17:38.252 W/MountService(  374): getVolumeState(/mnt/sdcard/ext_sd): Unknown volume
07-14 14:17:38.252 W/MountService(  374): getVolumeState(/storage/extSdCard): Unknown volume
07-14 14:17:38.252 W/MountService(  374): getVolumeState(/storage/sdcard1): Unknown volume
07-14 14:17:38.252 W/MountService(  374): getVolumeState(/mnt/sdcard/external_SD): Unknown volume
07-14 14:17:38.252 W/MountService(  374): getVolumeState(/mnt/sdcard/external_sd): Unknown volume
07-14 14:17:38.283 D/dalvikvm( 6152): GC_CONCURRENT freed 592K, 8% free 9481K/10240K, paused 4ms+4ms, total 29ms
07-14 14:18:37.948 W/MountService(  374): getVolumeState(/storage/emulated/0/external_sd): Unknown volume
07-14 14:18:37.948 W/MountService(  374): getVolumeState(/mnt/sdcard-ext): Unknown volume
07-14 14:18:37.948 W/MountService(  374): getVolumeState(/mnt/ext_sdcard): Unknown volume
07-14 14:18:37.948 W/MountService(  374): getVolumeState(/mnt/sdcard2): Unknown volume
07-14 14:18:37.948 W/MountService(  374): getVolumeState(/mnt/emmc): Unknown volume
07-14 14:18:37.955 W/MountService(  374): getVolumeState(/mnt/extSdCard): Unknown volume
07-14 14:18:37.955 W/MountService(  374): getVolumeState(/mnt/sdcard/SD_CARD): Unknown volume
07-14 14:18:37.955 W/MountService(  374): getVolumeState(/mnt/sdcard/extra_sd): Unknown volume
07-14 14:18:37.955 W/MountService(  374): getVolumeState(/mnt/extrasd_bind): Unknown volume
07-14 14:18:37.955 W/MountService(  374): getVolumeState(/mnt/sdcard/ext_sd): Unknown volume
07-14 14:18:37.955 W/MountService(  374): getVolumeState(/storage/extSdCard): Unknown volume
07-14 14:18:37.955 W/MountService(  374): getVolumeState(/storage/sdcard1): Unknown volume
07-14 14:18:37.955 W/MountService(  374): getVolumeState(/mnt/sdcard/external_SD): Unknown volume
07-14 14:18:37.955 W/MountService(  374): getVolumeState(/mnt/sdcard/external_sd): Unknown volume
07-14 14:18:38.010 D/dalvikvm( 6152): GC_CONCURRENT freed 408K, 8% free 9474K/10240K, paused 4ms+4ms, total 50ms
07-14 14:18:38.010 D/dalvikvm( 6152): WAIT_FOR_CONCURRENT_GC blocked 44ms
07-14 14:18:38.182 D/dalvikvm( 6152): GC_CONCURRENT freed 464K, 8% free 9514K/10240K, paused 2ms+4ms, total 34ms
07-14 14:18:38.182 D/dalvikvm( 6152): WAIT_FOR_CONCURRENT_GC blocked 7ms
07-14 14:18:38.190 W/MountService(  374): getVolumeState(/storage/emulated/0/external_sd): Unknown volume
07-14 14:18:38.190 W/MountService(  374): getVolumeState(/mnt/sdcard-ext): Unknown volume
07-14 14:18:38.190 W/MountService(  374): getVolumeState(/mnt/ext_sdcard): Unknown volume
07-14 14:18:38.190 W/MountService(  374): getVolumeState(/mnt/sdcard2): Unknown volume
07-14 14:18:38.190 W/MountService(  374): getVolumeState(/mnt/emmc): Unknown volume
07-14 14:18:38.190 W/MountService(  374): getVolumeState(/mnt/extSdCard): Unknown volume
07-14 14:18:38.190 W/MountService(  374): getVolumeState(/mnt/sdcard/SD_CARD): Unknown volume
07-14 14:18:38.190 W/MountService(  374): getVolumeState(/mnt/sdcard/extra_sd): Unknown volume
07-14 14:18:38.190 W/MountService(  374): getVolumeState(/mnt/extrasd_bind): Unknown volume
07-14 14:18:38.190 W/MountService(  374): getVolumeState(/mnt/sdcard/ext_sd): Unknown volume
07-14 14:18:38.198 W/MountService(  374): getVolumeState(/storage/extSdCard): Unknown volume
07-14 14:18:38.198 W/MountService(  374): getVolumeState(/storage/sdcard1): Unknown volume
07-14 14:18:38.198 W/MountService(  374): getVolumeState(/mnt/sdcard/external_SD): Unknown volume
07-14 14:18:38.198 W/MountService(  374): getVolumeState(/mnt/sdcard/external_sd): Unknown volume
07-14 14:18:38.291 D/dalvikvm( 6152): GC_FOR_ALLOC freed 430K, 8% free 9452K/10240K, paused 21ms, total 21ms
07-14 14:18:42.612 D/MdmService( 3494): [null:-1]->receiver action :com.pekall.mdm.action.MDM_ALARM
07-14 14:18:42.619 D/MdmService( 3494): [null:-1]->keepAliveWithPushServer client is opened:true
07-14 14:18:42.619 D/MDM :   ( 3494): [null:-1]->ping!!!!!!!!!
07-14 14:18:42.627 D/MdmService( 3494): [null:-1]->pushUrl : ws://demo.everknow.cn:9030/websocket
07-14 14:18:42.627 D/MDM :   ( 3494): [null:-1]->mMdmPushClient is :not null
07-14 14:18:42.627 D/MDM :   ( 3494): [null:-1]->mMdmPushClient opened : opened
07-14 14:18:42.627 D/MDM :   ( 3494): [null:-1]->MSG_WEBSOCKET_PONG
07-14 14:19:07.862 D/JOBS    (11415): Thread-436: load factor check. true = (0 < 1)|| (0 * 3 < 0 + 0). consumer thread: true
07-14 14:19:07.862 D/JOBS    (11415): didn't allow me to die, re-running Thread-436
07-14 14:19:07.862 D/JOBS    (11415): re-running consumer Thread-436
07-14 14:19:37.987 W/MountService(  374): getVolumeState(/storage/emulated/0/external_sd): Unknown volume
07-14 14:19:37.987 W/MountService(  374): getVolumeState(/mnt/sdcard-ext): Unknown volume
07-14 14:19:37.987 W/MountService(  374): getVolumeState(/mnt/ext_sdcard): Unknown volume
07-14 14:19:37.987 W/MountService(  374): getVolumeState(/mnt/sdcard2): Unknown volume
07-14 14:19:37.987 W/MountService(  374): getVolumeState(/mnt/emmc): Unknown volume
07-14 14:19:37.987 W/MountService(  374): getVolumeState(/mnt/extSdCard): Unknown volume
07-14 14:19:37.994 W/MountService(  374): getVolumeState(/mnt/sdcard/SD_CARD): Unknown volume
07-14 14:19:37.994 W/MountService(  374): getVolumeState(/mnt/sdcard/extra_sd): Unknown volume
07-14 14:19:37.994 W/MountService(  374): getVolumeState(/mnt/extrasd_bind): Unknown volume
07-14 14:19:37.994 W/MountService(  374): getVolumeState(/mnt/sdcard/ext_sd): Unknown volume
07-14 14:19:37.994 W/MountService(  374): getVolumeState(/storage/extSdCard): Unknown volume
07-14 14:19:37.994 W/MountService(  374): getVolumeState(/storage/sdcard1): Unknown volume
07-14 14:19:37.994 W/MountService(  374): getVolumeState(/mnt/sdcard/external_SD): Unknown volume
07-14 14:19:37.994 W/MountService(  374): getVolumeState(/mnt/sdcard/external_sd): Unknown volume
07-14 14:19:38.049 D/dalvikvm( 6152): GC_CONCURRENT freed 383K, 8% free 9482K/10240K, paused 6ms+3ms, total 30ms
07-14 14:19:38.190 W/MountService(  374): getVolumeState(/storage/emulated/0/external_sd): Unknown volume
07-14 14:19:38.198 W/MountService(  374): getVolumeState(/mnt/sdcard-ext): Unknown volume
07-14 14:19:38.198 W/MountService(  374): getVolumeState(/mnt/ext_sdcard): Unknown volume
07-14 14:19:38.198 W/MountService(  374): getVolumeState(/mnt/sdcard2): Unknown volume
07-14 14:19:38.198 W/MountService(  374): getVolumeState(/mnt/emmc): Unknown volume
07-14 14:19:38.198 W/MountService(  374): getVolumeState(/mnt/extSdCard): Unknown volume
07-14 14:19:38.198 W/MountService(  374): getVolumeState(/mnt/sdcard/SD_CARD): Unknown volume
07-14 14:19:38.198 W/MountService(  374): getVolumeState(/mnt/sdcard/extra_sd): Unknown volume
07-14 14:19:38.198 W/MountService(  374): getVolumeState(/mnt/extrasd_bind): Unknown volume
07-14 14:19:38.198 W/MountService(  374): getVolumeState(/mnt/sdcard/ext_sd): Unknown volume
07-14 14:19:38.198 W/MountService(  374): getVolumeState(/storage/extSdCard): Unknown volume
07-14 14:19:38.198 W/MountService(  374): getVolumeState(/storage/sdcard1): Unknown volume
07-14 14:19:38.198 W/MountService(  374): getVolumeState(/mnt/sdcard/external_SD): Unknown volume
07-14 14:19:38.205 W/MountService(  374): getVolumeState(/mnt/sdcard/external_sd): Unknown volume
07-14 14:19:38.221 D/dalvikvm( 6152): GC_CONCURRENT freed 457K, 7% free 9525K/10240K, paused 3ms+3ms, total 32ms
07-14 14:19:38.221 D/dalvikvm( 6152): WAIT_FOR_CONCURRENT_GC blocked 12ms
07-14 14:19:38.221 D/dalvikvm( 6152): WAIT_FOR_CONCURRENT_GC blocked 13ms
07-14 14:19:52.158 W/System.err(12204): java.io.FileNotFoundException: /data/data/com.mgyapp.android/files/.cfpaps.i: open failed: ENOENT (No such file or directory)
07-14 14:19:52.158 W/System.err(12204): 	at libcore.io.IoBridge.open(IoBridge.java:409)
07-14 14:19:52.158 W/System.err(12204): 	at java.io.FileInputStream.<init>(FileInputStream.java:78)
07-14 14:19:52.158 W/System.err(12204): 	at android.app.ContextImpl.openFileInput(ContextImpl.java:702)
07-14 14:19:52.158 W/System.err(12204): 	at android.content.ContextWrapper.openFileInput(ContextWrapper.java:173)
07-14 14:19:52.158 W/System.err(12204): 	at com.mgyun.shua.jc.service.f.run(Unknown Source)
07-14 14:19:52.158 W/System.err(12204): 	at com.mgyun.shua.jc.service.CpWorkServer.onHandleIntent(Unknown Source)
07-14 14:19:52.158 W/System.err(12204): 	at android.app.IntentService$ServiceHandler.handleMessage(IntentService.java:65)
07-14 14:19:52.158 W/System.err(12204): 	at android.os.Handler.dispatchMessage(Handler.java:99)
07-14 14:19:52.158 W/System.err(12204): 	at android.os.Looper.loop(Looper.java:137)
07-14 14:19:52.158 W/System.err(12204): 	at android.os.HandlerThread.run(HandlerThread.java:61)
07-14 14:19:52.158 W/System.err(12204): Caused by: libcore.io.ErrnoException: open failed: ENOENT (No such file or directory)
07-14 14:19:52.166 W/System.err(12204): 	at libcore.io.Posix.open(Native Method)
07-14 14:19:52.166 W/System.err(12204): 	at libcore.io.BlockGuardOs.open(BlockGuardOs.java:110)
07-14 14:19:52.166 W/System.err(12204): 	at libcore.io.IoBridge.open(IoBridge.java:393)
07-14 14:19:52.166 W/System.err(12204): 	... 9 more
07-14 14:20:02.158 W/System.err(12204): java.io.FileNotFoundException: /data/data/com.mgyapp.android/files/.cfp.i: open failed: ENOENT (No such file or directory)
07-14 14:20:02.158 W/System.err(12204): 	at libcore.io.IoBridge.open(IoBridge.java:409)
07-14 14:20:02.158 W/System.err(12204): 	at java.io.FileInputStream.<init>(FileInputStream.java:78)
07-14 14:20:02.158 W/System.err(12204): 	at android.app.ContextImpl.openFileInput(ContextImpl.java:702)
07-14 14:20:02.158 W/System.err(12204): 	at android.content.ContextWrapper.openFileInput(ContextWrapper.java:173)
07-14 14:20:02.158 W/System.err(12204): 	at com.mgyun.shua.jc.c.b(Unknown Source)
07-14 14:20:02.158 W/System.err(12204): 	at com.mgyun.shua.jc.d.a(Unknown Source)
07-14 14:20:02.158 W/System.err(12204): 	at com.mgyun.shua.jc.service.CpWorkServer.onHandleIntent(Unknown Source)
07-14 14:20:02.158 W/System.err(12204): 	at android.app.IntentService$ServiceHandler.handleMessage(IntentService.java:65)
07-14 14:20:02.158 W/System.err(12204): 	at android.os.Handler.dispatchMessage(Handler.java:99)
07-14 14:20:02.158 W/System.err(12204): 	at android.os.Looper.loop(Looper.java:137)
07-14 14:20:02.158 W/System.err(12204): 	at android.os.HandlerThread.run(HandlerThread.java:61)
07-14 14:20:02.158 W/System.err(12204): Caused by: libcore.io.ErrnoException: open failed: ENOENT (No such file or directory)
07-14 14:20:02.166 W/System.err(12204): 	at libcore.io.Posix.open(Native Method)
07-14 14:20:02.166 W/System.err(12204): 	at libcore.io.BlockGuardOs.open(BlockGuardOs.java:110)
07-14 14:20:02.166 W/System.err(12204): 	at libcore.io.IoBridge.open(IoBridge.java:393)
07-14 14:20:02.166 W/System.err(12204): 	... 10 more
07-14 14:20:38.057 D/dalvikvm( 6152): GC_FOR_ALLOC freed 441K, 8% free 9465K/10240K, paused 29ms, total 29ms
07-14 14:20:38.057 W/MountService(  374): getVolumeState(/storage/emulated/0/external_sd): Unknown volume
07-14 14:20:38.057 W/MountService(  374): getVolumeState(/mnt/sdcard-ext): Unknown volume
07-14 14:20:38.057 W/MountService(  374): getVolumeState(/mnt/ext_sdcard): Unknown volume
07-14 14:20:38.057 W/MountService(  374): getVolumeState(/mnt/sdcard2): Unknown volume
07-14 14:20:38.057 W/MountService(  374): getVolumeState(/mnt/emmc): Unknown volume
07-14 14:20:38.057 W/MountService(  374): getVolumeState(/mnt/extSdCard): Unknown volume
07-14 14:20:38.057 W/MountService(  374): getVolumeState(/mnt/sdcard/SD_CARD): Unknown volume
07-14 14:20:38.065 W/MountService(  374): getVolumeState(/mnt/sdcard/extra_sd): Unknown volume
07-14 14:20:38.065 W/MountService(  374): getVolumeState(/mnt/extrasd_bind): Unknown volume
07-14 14:20:38.065 W/MountService(  374): getVolumeState(/mnt/sdcard/ext_sd): Unknown volume
07-14 14:20:38.065 W/MountService(  374): getVolumeState(/storage/extSdCard): Unknown volume
07-14 14:20:38.065 W/MountService(  374): getVolumeState(/storage/sdcard1): Unknown volume
07-14 14:20:38.065 W/MountService(  374): getVolumeState(/mnt/sdcard/external_SD): Unknown volume
07-14 14:20:38.065 W/MountService(  374): getVolumeState(/mnt/sdcard/external_sd): Unknown volume
07-14 14:20:38.158 D/dalvikvm( 6152): GC_CONCURRENT freed 255K, 7% free 9610K/10240K, paused 3ms+4ms, total 34ms
07-14 14:20:38.276 W/MountService(  374): getVolumeState(/storage/emulated/0/external_sd): Unknown volume
07-14 14:20:38.276 W/MountService(  374): getVolumeState(/mnt/sdcard-ext): Unknown volume
07-14 14:20:38.276 W/MountService(  374): getVolumeState(/mnt/ext_sdcard): Unknown volume
07-14 14:20:38.276 W/MountService(  374): getVolumeState(/mnt/sdcard2): Unknown volume
07-14 14:20:38.276 W/MountService(  374): getVolumeState(/mnt/emmc): Unknown volume
07-14 14:20:38.276 W/MountService(  374): getVolumeState(/mnt/extSdCard): Unknown volume
07-14 14:20:38.276 W/MountService(  374): getVolumeState(/mnt/sdcard/SD_CARD): Unknown volume
07-14 14:20:38.276 W/MountService(  374): getVolumeState(/mnt/sdcard/extra_sd): Unknown volume
07-14 14:20:38.276 W/MountService(  374): getVolumeState(/mnt/extrasd_bind): Unknown volume
07-14 14:20:38.276 W/MountService(  374): getVolumeState(/mnt/sdcard/ext_sd): Unknown volume
07-14 14:20:38.276 W/MountService(  374): getVolumeState(/storage/extSdCard): Unknown volume
07-14 14:20:38.283 W/MountService(  374): getVolumeState(/storage/sdcard1): Unknown volume
07-14 14:20:38.283 W/MountService(  374): getVolumeState(/mnt/sdcard/external_SD): Unknown volume
07-14 14:20:38.283 W/MountService(  374): getVolumeState(/mnt/sdcard/external_sd): Unknown volume
07-14 14:20:38.315 D/dalvikvm( 6152): GC_CONCURRENT freed 581K, 8% free 9466K/10240K, paused 3ms+3ms, total 26ms
07-14 14:20:55.635 D/GCM     (  624): Ignoring attempt to send heartbeat on dead connection.
07-14 14:21:02.174 W/dashclock_WeatherExten( 1146): Stale or missing last-known location; requesting single coarse location update.
07-14 14:21:02.791 D/dalvikvm(  450): GC_CONCURRENT freed 1989K, 16% free 13643K/16156K, paused 2ms+19ms, total 88ms
07-14 14:21:02.791 D/dalvikvm( 1146): GC_CONCURRENT freed 681K, 9% free 9172K/9976K, paused 6ms+4ms, total 38ms
07-14 14:21:02.791 D/dalvikvm( 1146): WAIT_FOR_CONCURRENT_GC blocked 15ms
07-14 14:21:03.877 D/dalvikvm(  563): GC_CONCURRENT freed 439K, 6% free 10112K/10716K, paused 18ms+10ms, total 85ms
07-14 14:21:03.877 D/dalvikvm(  563): WAIT_FOR_CONCURRENT_GC blocked 29ms
07-14 14:21:03.877 I/dalvikvm-heap(  563): Grow heap (frag case) to 10.000MB for 32784-byte allocation
07-14 14:21:03.901 D/dalvikvm(  563): GC_FOR_ALLOC freed 8K, 6% free 10136K/10752K, paused 24ms, total 24ms
07-14 14:21:05.049 D/dalvikvm( 1146): GC_CONCURRENT freed 385K, 8% free 9210K/9976K, paused 9ms+3ms, total 33ms
07-14 14:21:05.330 D/dalvikvm(  563): GC_CONCURRENT freed 376K, 6% free 10156K/10752K, paused 4ms+3ms, total 36ms
07-14 14:21:05.713 D/dalvikvm( 1146): GC_CONCURRENT freed 393K, 8% free 9269K/9976K, paused 2ms+2ms, total 22ms
07-14 14:21:05.768 D/dalvikvm(  374): GC_EXPLICIT freed 2183K, 28% free 19727K/27344K, paused 4ms+13ms, total 138ms
07-14 14:21:07.869 D/JOBS    (11415): Thread-436: load factor check. true = (0 < 1)|| (0 * 3 < 0 + 0). consumer thread: true
07-14 14:21:07.869 D/JOBS    (11415): didn't allow me to die, re-running Thread-436
07-14 14:21:07.869 D/JOBS    (11415): re-running consumer Thread-436
07-14 14:21:08.807 D/dalvikvm(  577): GC_CONCURRENT freed 374K, 5% free 9557K/9972K, paused 2ms+4ms, total 32ms
07-14 14:21:18.877 D/dalvikvm( 2019): GC_FOR_ALLOC freed 276K, 7% free 9936K/10588K, paused 45ms, total 45ms
07-14 14:21:18.885 W/Settings( 2019): Setting airplane_mode_on has moved from android.provider.Settings.System to android.provider.Settings.Global, returning read-only value.
07-14 14:21:18.885 W/Settings( 2019): Setting mobile_data has moved from android.provider.Settings.Secure to android.provider.Settings.Global.
07-14 14:21:18.885 D/BluetoothAdapter( 2019): 1116407520: getState() :  mService = null. Returning STATE_OFF
07-14 14:21:18.885 W/Settings( 2019): Setting airplane_mode_on has moved from android.provider.Settings.System to android.provider.Settings.Global, returning read-only value.
07-14 14:21:18.901 W/Settings( 2019): Setting airplane_mode_on has moved from android.provider.Settings.System to android.provider.Settings.Global, returning read-only value.
07-14 14:21:18.901 W/Settings( 2019): Setting mobile_data has moved from android.provider.Settings.Secure to android.provider.Settings.Global.
07-14 14:21:18.901 D/BluetoothAdapter( 2019): 1116407520: getState() :  mService = null. Returning STATE_OFF
07-14 14:21:18.908 W/Settings( 2019): Setting airplane_mode_on has moved from android.provider.Settings.System to android.provider.Settings.Global, returning read-only value.
07-14 14:21:18.979 W/MountService(  374): getVolumeState(/storage/emulated/0/external_sd): Unknown volume
07-14 14:21:18.987 W/MountService(  374): getVolumeState(/mnt/sdcard-ext): Unknown volume
07-14 14:21:18.987 W/MountService(  374): getVolumeState(/mnt/ext_sdcard): Unknown volume
07-14 14:21:18.987 W/MountService(  374): getVolumeState(/mnt/sdcard2): Unknown volume
07-14 14:21:18.987 W/MountService(  374): getVolumeState(/mnt/emmc): Unknown volume
07-14 14:21:18.987 W/MountService(  374): getVolumeState(/mnt/extSdCard): Unknown volume
07-14 14:21:18.987 W/MountService(  374): getVolumeState(/mnt/sdcard/SD_CARD): Unknown volume
07-14 14:21:18.987 W/MountService(  374): getVolumeState(/mnt/sdcard/extra_sd): Unknown volume
07-14 14:21:18.987 W/MountService(  374): getVolumeState(/mnt/extrasd_bind): Unknown volume
07-14 14:21:18.987 W/MountService(  374): getVolumeState(/mnt/sdcard/ext_sd): Unknown volume
07-14 14:21:18.987 W/MountService(  374): getVolumeState(/storage/extSdCard): Unknown volume
07-14 14:21:18.994 W/MountService(  374): getVolumeState(/storage/sdcard1): Unknown volume
07-14 14:21:18.994 W/MountService(  374): getVolumeState(/mnt/sdcard/external_SD): Unknown volume
07-14 14:21:18.994 W/MountService(  374): getVolumeState(/mnt/sdcard/external_sd): Unknown volume
07-14 14:21:19.080 D/dalvikvm( 2060): GC_CONCURRENT freed 1143K, 26% free 13552K/18220K, paused 3ms+10ms, total 87ms
07-14 14:21:19.127 W/PackageParser( 2060): Unknown element under <application>: intent-filter at /storage/emulated/0/360MobileSafe_5.2.3.1061.apk Binary XML file line #1165
07-14 14:21:19.135 W/PackageParser( 2060): Unknown element under <application>: intent-filter at /storage/emulated/0/360MobileSafe_5.2.3.1061.apk Binary XML file line #1423
07-14 14:21:19.416 W/PackageParser( 2060): No actions in intent filter at /storage/emulated/0/Download/emmp.apk Binary XML file line #687
07-14 14:21:19.573 D/dalvikvm( 2060): GC_CONCURRENT freed 1417K, 25% free 13691K/18220K, paused 3ms+6ms, total 100ms
07-14 14:21:19.619 W/PackageParser( 2060): No actions in intent filter at /storage/emulated/0/Download/emmp-1.apk Binary XML file line #687
07-14 14:21:19.815 D/dalvikvm(10278): GC_CONCURRENT freed 385K, 5% free 8953K/9376K, paused 3ms+2ms, total 21ms
07-14 14:21:19.869 D/dalvikvm( 2060): GC_CONCURRENT freed 1718K, 26% free 13587K/18220K, paused 4ms+5ms, total 74ms
07-14 14:21:19.869 D/dalvikvm( 2060): WAIT_FOR_CONCURRENT_GC blocked 15ms
07-14 14:21:19.869 D/dalvikvm( 2060): WAIT_FOR_CONCURRENT_GC blocked 36ms
07-14 14:21:20.057 W/PackageParser( 2060): No actions in intent filter at /storage/emulated/0/360Download/Pekall.apk Binary XML file line #685
07-14 14:21:20.127 W/Resources( 2060): Converting to boolean: TypedValue{t=0x3/d=0x54 "false" a=-1}
07-14 14:21:20.127 W/Resources( 2060): Converting to boolean: TypedValue{t=0x3/d=0x54 "false" a=-1}
07-14 14:21:20.307 W/MountService(  374): getVolumeState(/storage/emulated/0/external_sd): Unknown volume
07-14 14:21:20.307 W/MountService(  374): getVolumeState(/mnt/sdcard-ext): Unknown volume
07-14 14:21:20.307 W/MountService(  374): getVolumeState(/mnt/ext_sdcard): Unknown volume
07-14 14:21:20.307 W/MountService(  374): getVolumeState(/mnt/sdcard2): Unknown volume
07-14 14:21:20.307 W/MountService(  374): getVolumeState(/mnt/emmc): Unknown volume
07-14 14:21:20.307 W/MountService(  374): getVolumeState(/mnt/extSd