07-14 14:05:09.268 D/dalvikvm(11553): GC_FOR_ALLOC freed 151K, 6% free 9818K/10348K, paused 22ms, total 23ms
07-14 14:05:09.424 D/dalvikvm(11553): GC_FOR_ALLOC freed 159K, 6% free 9819K/10348K, paused 26ms, total 26ms
07-14 14:05:09.666 D/dalvikvm(11553): GC_FOR_ALLOC freed 152K, 6% free 9819K/10348K, paused 22ms, total 22ms
07-14 14:05:09.916 D/dalvikvm(11553): GC_FOR_ALLOC freed 158K, 6% free 9820K/10348K, paused 22ms, total 22ms
07-14 14:05:10.080 D/dalvikvm(11553): GC_FOR_ALLOC freed 158K, 6% free 9820K/10348K, paused 22ms, total 22ms
07-14 14:05:10.369 D/dalvikvm(11553): GC_FOR_ALLOC freed 152K, 6% free 9820K/10348K, paused 22ms, total 22ms
07-14 14:05:10.658 D/dalvikvm(11553): GC_FOR_ALLOC freed 152K, 6% free 9821K/10348K, paused 22ms, total 23ms
07-14 14:05:11.213 D/dalvikvm(11553): GC_FOR_ALLOC freed 154K, 6% free 9821K/10348K, paused 22ms, total 22ms
07-14 14:05:11.362 D/dalvikvm(11553): GC_FOR_ALLOC freed 147K, 6% free 9822K/10348K, paused 25ms, total 25ms
07-14 14:05:11.916 D/dalvikvm(11553): GC_FOR_ALLOC freed 153K, 6% free 9822K/10348K, paused 25ms, total 25ms
07-14 14:05:12.291 D/dalvikvm(11553): GC_FOR_ALLOC freed 150K, 6% free 9822K/10348K, paused 26ms, total 26ms
07-14 14:05:12.408 D/dalvikvm(11553): GC_FOR_ALLOC freed 152K, 5% free 9823K/10340K, paused 22ms, total 22ms
07-14 14:05:12.830 D/dalvikvm(11553): GC_FOR_ALLOC freed 153K, 5% free 9823K/10340K, paused 22ms, total 23ms
07-14 14:05:13.213 D/dalvikvm(11553): GC_FOR_ALLOC freed 159K, 5% free 9824K/10340K, paused 21ms, total 22ms
07-14 14:05:14.033 D/dalvikvm(11553): GC_FOR_ALLOC freed 152K, 5% free 9824K/10340K, paused 22ms, total 22ms
07-14 14:05:14.518 D/ContactsProvider( 3494): [Contacts] query 'content://emdmcontacts/company_calllogs', segment size: 1
07-14 14:05:14.588 D/Assistant( 3494): [---null: -1---]  changeCursor
07-14 14:05:14.588 D/Assistant( 3494): [---null: -1---]  findGroups
07-14 14:05:14.596 D/Assistant( 3494): [---null: -1---]  addGroup
07-14 14:05:14.596 D/Assistant( 3494): [---null: -1---]  addGroup
07-14 14:05:14.596 D/Assistant( 3494): [---null: -1---]  addGroup
07-14 14:05:14.596 D/Assistant( 3494): [---null: -1---]  addGroup
07-14 14:05:14.596 D/Assistant( 3494): [---null: -1---]  addGroup
07-14 14:05:14.721 D/dalvikvm(11553): GC_FOR_ALLOC freed 158K, 5% free 9824K/10340K, paused 21ms, total 21ms
07-14 14:05:14.948 D/dalvikvm(11553): GC_FOR_ALLOC freed 153K, 5% free 9825K/10340K, paused 21ms, total 22ms
07-14 14:05:14.979 W/dalvikvm(11553): VFY: unable to find class referenced in signature (Lcom/baidu/location/LocationClient;)
07-14 14:05:14.979 W/dalvikvm(11553): VFY: unable to find class referenced in signature (Lcom/baidu/location/LocationClient;)
07-14 14:05:14.979 I/dalvikvm(11553): Could not find method com.baidu.location.LocationClient.isStarted, referenced from method com.baidu.android.nebula.util.a.run
07-14 14:05:14.979 W/dalvikvm(11553): VFY: unable to resolve virtual method 7869: Lcom/baidu/location/LocationClient;.isStarted ()Z
07-14 14:05:14.979 D/dalvikvm(11553): VFY: replacing opcode 0x6e at 0x000f
07-14 14:05:15.073 D/dalvikvm(  874): GC_CONCURRENT freed 424K, 17% free 9644K/11548K, paused 4ms+2ms, total 42ms
07-14 14:05:30.869 D/dalvikvm( 6152): GC_FOR_ALLOC freed 355K, 7% free 9402K/10072K, paused 41ms, total 41ms
07-14 14:05:38.237 W/MountService(  374): getVolumeState(/storage/emulated/0/external_sd): Unknown volume
07-14 14:05:38.237 W/MountService(  374): getVolumeState(/mnt/sdcard-ext): Unknown volume
07-14 14:05:38.237 W/MountService(  374): getVolumeState(/mnt/ext_sdcard): Unknown volume
07-14 14:05:38.237 W/MountService(  374): getVolumeState(/mnt/sdcard2): Unknown volume
07-14 14:05:38.244 W/MountService(  374): getVolumeState(/mnt/emmc): Unknown volume
07-14 14:05:38.244 W/MountService(  374): getVolumeState(/mnt/extSdCard): Unknown volume
07-14 14:05:38.244 W/MountService(  374): getVolumeState(/mnt/sdcard/SD_CARD): Unknown volume
07-14 14:05:38.244 W/MountService(  374): getVolumeState(/mnt/sdcard/extra_sd): Unknown volume
07-14 14:05:38.244 W/MountService(  374): getVolumeState(/mnt/extrasd_bind): Unknown volume
07-14 14:05:38.244 W/MountService(  374): getVolumeState(/mnt/sdcard/ext_sd): Unknown volume
07-14 14:05:38.252 W/MountService(  374): getVolumeState(/storage/extSdCard): Unknown volume
07-14 14:05:38.252 W/MountService(  374): getVolumeState(/storage/sdcard1): Unknown volume
07-14 14:05:38.252 W/MountService(  374): getVolumeState(/mnt/sdcard/external_SD): Unknown volume
07-14 14:05:38.252 W/MountService(  374): getVolumeState(/mnt/sdcard/external_sd): Unknown volume
07-14 14:05:38.385 D/dalvikvm( 6152): GC_CONCURRENT freed 335K, 6% free 9556K/10072K, paused 8ms+7ms, total 48ms
07-14 14:05:38.565 W/MountService(  374): getVolumeState(/storage/emulated/0/external_sd): Unknown volume
07-14 14:05:38.565 W/MountService(  374): getVolumeState(/mnt/sdcard-ext): Unknown volume
07-14 14:05:38.565 W/MountService(  374): getVolumeState(/mnt/ext_sdcard): Unknown volume
07-14 14:05:38.565 W/MountService(  374): getVolumeState(/mnt/sdcard2): Unknown volume
07-14 14:05:38.565 W/MountService(  374): getVolumeState(/mnt/emmc): Unknown volume
07-14 14:05:38.565 W/MountService(  374): getVolumeState(/mnt/extSdCard): Unknown volume
07-14 14:05:38.565 W/MountService(  374): getVolumeState(/mnt/sdcard/SD_CARD): Unknown volume
07-14 14:05:38.573 W/MountService(  374): getVolumeState(/mnt/sdcard/extra_sd): Unknown volume
07-14 14:05:38.573 W/MountService(  374): getVolumeState(/mnt/extrasd_bind): Unknown volume
07-14 14:05:38.573 W/MountService(  374): getVolumeState(/mnt/sdcard/ext_sd): Unknown volume
07-14 14:05:38.573 W/MountService(  374): getVolumeState(/storage/extSdCard): Unknown volume
07-14 14:05:38.573 W/MountService(  374): getVolumeState(/storage/sdcard1): Unknown volume
07-14 14:05:38.573 W/MountService(  374): getVolumeState(/mnt/sdcard/external_SD): Unknown volume
07-14 14:05:38.573 W/MountService(  374): getVolumeState(/mnt/sdcard/external_sd): Unknown volume
07-14 14:05:38.604 D/dalvikvm( 6152): GC_CONCURRENT freed 572K, 7% free 9450K/10072K, paused 3ms+4ms, total 29ms
07-14 14:05:44.283 D/ContactsProvider( 3494): [Contacts] query 'content://emdmcontacts/company_calllogs', segment size: 1
07-14 14:05:44.291 D/Assistant( 3494): [---null: -1---]  changeCursor
07-14 14:05:44.291 D/Assistant( 3494): [---null: -1---]  findGroups
07-14 14:05:44.291 D/Assistant( 3494): [---null: -1---]  addGroup
07-14 14:05:44.291 D/Assistant( 3494): [---null: -1---]  addGroup
07-14 14:05:44.291 D/Assistant( 3494): [---null: -1---]  addGroup
07-14 14:05:44.299 D/Assistant( 3494): [---null: -1---]  addGroup
07-14 14:05:44.299 D/Assistant( 3494): [---null: -1---]  addGroup
07-14 14:06:01.713 D/dalvikvm(11007): GC_FOR_ALLOC freed 262K, 7% free 9147K/9736K, paused 22ms, total 26ms
07-14 14:06:01.776 D/dalvikvm(11007): GC_FOR_ALLOC freed 240K, 7% free 9134K/9736K, paused 17ms, total 17ms
07-14 14:06:01.893 D/dalvikvm(  595): GC_CONCURRENT freed 1687K, 14% free 14926K/17260K, paused 9ms+6ms, total 47ms
07-14 14:06:02.174 W/dashclock_WeatherExten(11007): Stale or missing last-known location; requesting single coarse location update.
07-14 14:06:02.174 I/ActivityManager(  374): No longer want com.google.android.talk (pid 10976): empty for 1800s
07-14 14:06:03.737 D/dalvikvm(  563): GC_CONCURRENT freed 454K, 6% free 10115K/10716K, paused 2ms+7ms, total 57ms
07-14 14:06:14.315 D/ContactsProvider( 3494): [Contacts] query 'content://emdmcontacts/company_calllogs', segment size: 1
07-14 14:06:14.322 D/Assistant( 3494): [---null: -1---]  changeCursor
07-14 14:06:14.322 D/Assistant( 3494): [---null: -1---]  findGroups
07-14 14:06:14.322 D/Assistant( 3494): [---null: -1---]  addGroup
07-14 14:06:14.322 D/Assistant( 3494): [---null: -1---]  addGroup
07-14 14:06:14.322 D/Assistant( 3494): [---null: -1---]  addGroup
07-14 14:06:14.322 D/Assistant( 3494): [---null: -1---]  addGroup
07-14 14:06:14.322 D/Assistant( 3494): [---null: -1---]  addGroup
07-14 14:06:37.205 W/MountService(  374): getVolumeState(/storage/emulated/0/external_sd): Unknown volume
07-14 14:06:37.205 W/MountService(  374): getVolumeState(/mnt/sdcard-ext): Unknown volume
07-14 14:06:37.205 W/MountService(  374): getVolumeState(/mnt/ext_sdcard): Unknown volume
07-14 14:06:37.205 W/MountService(  374): getVolumeState(/mnt/sdcard2): Unknown volume
07-14 14:06:37.205 W/MountService(  374): getVolumeState(/mnt/emmc): Unknown volume
07-14 14:06:37.205 W/MountService(  374): getVolumeState(/mnt/extSdCard): Unknown volume
07-14 14:06:37.213 W/MountService(  374): getVolumeState(/mnt/sdcard/SD_CARD): Unknown volume
07-14 14:06:37.213 W/MountService(  374): getVolumeState(/mnt/sdcard/extra_sd): Unknown volume
07-14 14:06:37.213 W/MountService(  374): getVolumeState(/mnt/extrasd_bind): Unknown volume
07-14 14:06:37.213 W/MountService(  374): getVolumeState(/mnt/sdcard/ext_sd): Unknown volume
07-14 14:06:37.213 W/MountService(  374): getVolumeState(/storage/extSdCard): Unknown volume
07-14 14:06:37.213 W/MountService(  374): getVolumeState(/storage/sdcard1): Unknown volume
07-14 14:06:37.213 W/MountService(  374): getVolumeState(/mnt/sdcard/external_SD): Unknown volume
07-14 14:06:37.213 W/MountService(  374): getVolumeState(/mnt/sdcard/external_sd): Unknown volume
07-14 14:06:37.237 D/dalvikvm( 6152): GC_FOR_ALLOC freed 380K, 7% free 9408K/10072K, paused 20ms, total 20ms
07-14 14:06:37.432 D/dalvikvm( 6152): GC_CONCURRENT freed 501K, 6% free 9492K/10072K, paused 2ms+4ms, total 40ms
07-14 14:06:37.440 W/MountService(  374): getVolumeState(/storage/emulated/0/external_sd): Unknown volume
07-14 14:06:37.440 W/MountService(  374): getVolumeState(/mnt/sdcard-ext): Unknown volume
07-14 14:06:37.440 W/MountService(  374): getVolumeState(/mnt/ext_sdcard): Unknown volume
07-14 14:06:37.440 W/MountService(  374): getVolumeState(/mnt/sdcard2): Unknown volume
07-14 14:06:37.440 W/MountService(  374): getVolumeState(/mnt/emmc): Unknown volume
07-14 14:06:37.440 W/MountService(  374): getVolumeState(/mnt/extSdCard): Unknown volume
07-14 14:06:37.440 W/MountService(  374): getVolumeState(/mnt/sdcard/SD_CARD): Unknown volume
07-14 14:06:37.440 W/MountService(  374): getVolumeState(/mnt/sdcard/extra_sd): Unknown volume
07-14 14:06:37.440 W/MountService(  374): getVolumeState(/mnt/extrasd_bind): Unknown volume
07-14 14:06:37.440 W/MountService(  374): getVolumeState(/mnt/sdcard/ext_sd): Unknown volume
07-14 14:06:37.448 W/MountService(  374): getVolumeState(/storage/extSdCard): Unknown volume
07-14 14:06:37.448 W/MountService(  374): getVolumeState(/storage/sdcard1): Unknown volume
07-14 14:06:37.448 W/MountService(  374): getVolumeState(/mnt/sdcard/external_SD): Unknown volume
07-14 14:06:37.448 W/MountService(  374): getVolumeState(/mnt/sdcard/external_sd): Unknown volume
07-14 14:06:37.526 D/dalvikvm( 6152): GC_FOR_ALLOC freed 382K, 7% free 9392K/10072K, paused 20ms, total 20ms
07-14 14:06:42.612 D/MdmService( 3494): [null:-1]->receiver action :com.pekall.mdm.action.MDM_ALARM
07-14 14:06:42.619 D/MdmService( 3494): [null:-1]->keepAliveWithPushServer client is opened:true
07-14 14:06:42.619 D/MDM :   ( 3494): [null:-1]->ping!!!!!!!!!
07-14 14:06:42.627 D/MdmService( 3494): [null:-1]->pushUrl : ws://demo.everknow.cn:9030/websocket
07-14 14:06:42.627 D/MDM :   ( 3494): [null:-1]->mMdmPushClient is :not null
07-14 14:06:42.627 D/MDM :   ( 3494): [null:-1]->mMdmPushClient opened : opened
07-14 14:06:42.643 D/MDM :   ( 3494): [null:-1]->MSG_WEBSOCKET_PONG
07-14 14:06:44.323 D/ContactsProvider( 3494): [Contacts] query 'content://emdmcontacts/company_calllogs', segment size: 1
07-14 14:06:44.323 D/Assistant( 3494): [---null: -1---]  changeCursor
07-14 14:06:44.323 D/Assistant( 3494): [---null: -1---]  findGroups
07-14 14:06:44.330 D/Assistant( 3494): [---null: -1---]  addGroup
07-14 14:06:44.330 D/Assistant( 3494): [---null: -1---]  addGroup
07-14 14:06:44.330 D/Assistant( 3494): [---null: -1---]  addGroup
07-14 14:06:44.330 D/Assistant( 3494): [---null: -1---]  addGroup
07-14 14:06:44.338 D/Assistant( 3494): [---null: -1---]  addGroup
07-14 14:07:07.135 D/PushService(11415): [null:-1]->receiver action :com.pekall.mdm.action.PUSH_ALARM
07-14 14:07:07.143 D/PushService(11415): [null:-1]->keepAliveWithPushServer client is opened:true
07-14 14:07:07.143 D/PushLib : (11415): [null:-1]->ping!!!!!!!!!
07-14 14:07:07.143 D/PushLib : (11415): [null:-1]->pushClient is :not null
07-14 14:07:07.151 D/PushLib : (11415): [null:-1]->pushClient opened : opened
07-14 14:07:07.791 D/JOBS    (11415): Thread-436: load factor check. true = (0 < 1)|| (0 * 3 < 0 + 0). consumer thread: true
07-14 14:07:07.791 D/JOBS    (11415): didn't allow me to die, re-running Thread-436
07-14 14:07:07.791 D/JOBS    (11415): re-running consumer Thread-436
07-14 14:07:12.166 D/PushLib : (11415): [null:-1]->MSG_WEBSOCKET_PONG
07-14 14:07:14.330 D/ContactsProvider( 3494): [Contacts] query 'content://emdmcontacts/company_calllogs', segment size: 1
07-14 14:07:14.330 D/Assistant( 3494): [---null: -1---]  changeCursor
07-14 14:07:14.338 D/Assistant( 3494): [---null: -1---]  findGroups
07-14 14:07:14.338 D/Assistant( 3494): [---null: -1---]  addGroup
07-14 14:07:14.338 D/Assistant( 3494): [---null: -1---]  addGroup
07-14 14:07:14.346 D/Assistant( 3494): [---null: -1---]  addGroup
07-14 14:07:14.346 D/Assistant( 3494): [---null: -1---]  addGroup
07-14 14:07:14.346 D/Assistant( 3494): [---null: -1---]  addGroup
07-14 14:07:37.323 W/MountService(  374): getVolumeState(/storage/emulated/0/external_sd): Unknown volume
07-14 14:07:37.323 W/MountService(  374): getVolumeState(/mnt/sdcard-ext): Unknown volume
07-14 14:07:37.323 W/MountService(  374): getVolumeState(/mnt/ext_sdcard): Unknown volume
07-14 14:07:37.330 W/MountService(  374): getVolumeState(/mnt/sdcard2): Unknown volume
07-14 14:07:37.330 W/MountService(  374): getVolumeState(/mnt/emmc): Unknown volume
07-14 14:07:37.330 W/MountService(  374): getVolumeState(/mnt/extSdCard): Unknown volume
07-14 14:07:37.330 W/MountService(  374): getVolumeState(/mnt/sdcard/SD_CARD): Unknown volume
07-14 14:07:37.330 W/MountService(  374): getVolumeState(/mnt/sdcard/extra_sd): Unknown volume
07-14 14:07:37.330 W/MountService(  374): getVolumeState(/mnt/extrasd_bind): Unknown volume
07-14 14:07:37.330 W/MountService(  374): getVolumeState(/mnt/sdcard/ext_sd): Unknown volume
07-14 14:07:37.330 W/MountService(  374): getVolumeState(/storage/extSdCard): Unknown volume
07-14 14:07:37.330 W/MountService(  374): getVolumeState(/storage/sdcard1): Unknown volume
07-14 14:07:37.330 W/MountService(  374): getVolumeState(/mnt/sdcard/external_SD): Unknown volume
07-14 14:07:37.330 W/MountService(  374): getVolumeState(/mnt/sdcard/external_sd): Unknown volume
07-14 14:07:37.362 D/dalvikvm( 6152): GC_CONCURRENT freed 351K, 7% free 9428K/10072K, paused 4ms+3ms, total 25ms
07-14 14:07:37.362 D/dalvikvm( 6152): WAIT_FOR_CONCURRENT_GC blocked 14ms
07-14 14:07:37.362 D/dalvikvm( 6152): WAIT_FOR_CONCURRENT_GC blocked 15ms
07-14 14:07:37.580 D/dalvikvm( 6152): GC_CONCURRENT freed 467K, 6% free 9472K/10072K, paused 16ms+3ms, total 52ms
07-14 14:07:37.580 D/dalvikvm( 6152): WAIT_FOR_CONCURRENT_GC blocked 8ms
07-14 14:07:37.580 D/dalvikvm( 6152): WAIT_FOR_CONCURRENT_GC blocked 13ms
07-14 14:07:37.580 D/dalvikvm( 6152): WAIT_FOR_CONCURRENT_GC blocked 13ms
07-14 14:07:37.580 W/MountService(  374): getVolumeState(/storage/emulated/0/external_sd): Unknown volume
07-14 14:07:37.580 W/MountService(  374): getVolumeState(/mnt/sdcard-ext): Unknown volume
07-14 14:07:37.580 W/MountService(  374): getVolumeState(/mnt/ext_sdcard): Unknown volume
07-14 14:07:37.588 W/MountService(  374): getVolumeState(/mnt/sdcard2): Unknown volume
07-14 14:07:37.588 W/MountService(  374): getVolumeState(/mnt/emmc): Unknown volume
07-14 14:07:37.588 W/MountService(  374): getVolumeState(/mnt/extSdCard): Unknown volume
07-14 14:07:37.588 W/MountService(  374): getVolumeState(/mnt/sdcard/SD_CARD): Unknown volume
07-14 14:07:37.588 W/MountService(  374): getVolumeState(/mnt/sdcard/extra_sd): Unknown volume
07-14 14:07:37.588 W/MountService(  374): getVolumeState(/mnt/extrasd_bind): Unknown volume
07-14 14:07:37.588 W/MountService(  374): getVolumeState(/mnt/sdcard/ext_sd): Unknown volume
07-14 14:07:37.588 W/MountService(  374): getVolumeState(/storage/extSdCard): Unknown volume
07-14 14:07:37.588 W/MountService(  374): getVolumeState(/storage/sdcard1): Unknown volume
07-14 14:07:37.588 W/MountService(  374): getVolumeState(/mnt/sdcard/external_SD): Unknown volume
07-14 14:07:37.588 W/MountService(  374): getVolumeState(/mnt/sdcard/external_sd): Unknown volume
07-14 14:07:37.690 D/dalvikvm( 6152): GC_FOR_ALLOC freed 409K, 7% free 9392K/10072K, paused 21ms, total 21ms
07-14 14:07:42.924 W/System.err( 6203): java.io.FileNotFoundException: /data/data/com.mgyapp.android/files/.cfpaps.i: open failed: ENOENT (No such file or directory)
07-14 14:07:42.940 W/System.err( 6203): 	at libcore.io.IoBridge.open(IoBridge.java:409)
07-14 14:07:42.940 W/System.err( 6203): 	at java.io.FileInputStream.<init>(FileInputStream.java:78)
07-14 14:07:42.940 W/System.err( 6203): 	at android.app.ContextImpl.openFileInput(ContextImpl.java:702)
07-14 14:07:42.940 W/System.err( 6203): 	at android.content.ContextWrapper.openFileInput(ContextWrapper.java:173)
07-14 14:07:42.940 W/System.err( 6203): 	at com.mgyun.shua.jc.service.f.run(Unknown Source)
07-14 14:07:42.940 W/System.err( 6203): 	at com.mgyun.shua.jc.service.CpWorkServer.onHandleIntent(Unknown Source)
07-14 14:07:42.940 W/System.err( 6203): 	at android.app.IntentService$ServiceHandler.handleMessage(IntentService.java:65)
07-14 14:07:42.940 W/System.err( 6203): 	at android.os.Handler.dispatchMessage(Handler.java:99)
07-14 14:07:42.940 W/System.err( 6203): 	at android.os.Looper.loop(Looper.java:137)
07-14 14:07:42.940 W/System.err( 6203): 	at android.os.HandlerThread.run(HandlerThread.java:61)
07-14 14:07:42.940 W/System.err( 6203): Caused by: libcore.io.ErrnoException: open failed: ENOENT (No such file or directory)
07-14 14:07:42.940 W/System.err( 6203): 	at libcore.io.Posix.open(Native Method)
07-14 14:07:42.940 W/System.err( 6203): 	at libcore.io.BlockGuardOs.open(BlockGuardOs.java:110)
07-14 14:07:42.940 W/System.err( 6203): 	at libcore.io.IoBridge.open(IoBridge.java:393)
07-14 14:07:42.940 W/System.err( 6203): 	... 9 more
07-14 14:07:44.354 D/ContactsProvider( 3494): [Contacts] query 'content://emdmcontacts/company_calllogs', segment size: 1
07-14 14:07:44.362 D/Assistant( 3494): [---null: -1---]  changeCursor
07-14 14:07:44.362 D/Assistant( 3494): [---null: -1---]  findGroups
07-14 14:07:44.362 D/Assistant( 3494): [---null: -1---]  addGroup
07-14 14:07:44.369 D/Assistant( 3494): [---null: -1---]  addGroup
07-14 14:07:44.369 D/Assistant( 3494): [---null: -1---]  addGroup
07-14 14:07:44.369 D/Assistant( 3494): [---null: -1---]  addGroup
07-14 14:07:44.369 D/Assistant( 3494): [---null: -1---]  addGroup
07-14 14:07:52.908 W/System.err( 6203): java.io.FileNotFoundException: /data/data/com.mgyapp.android/files/.cfp.i: open failed: ENOENT (No such file or directory)
07-14 14:07:52.908 W/System.err( 6203): 	at libcore.io.IoBridge.open(IoBridge.java:409)
07-14 14:07:52.908 W/System.err( 6203): 	at java.io.FileInputStream.<init>(FileInputStream.java:78)
07-14 14:07:52.908 W/System.err( 6203): 	at android.app.ContextImpl.openFileInput(ContextImpl.java:702)
07-14 14:07:52.908 W/System.err( 6203): 	at android.content.ContextWrapper.openFileInput(ContextWrapper.java:173)
07-14 14:07:52.908 W/System.err( 6203): 	at com.mgyun.shua.jc.c.b(Unknown Source)
07-14 14:07:52.908 W/System.err( 6203): 	at com.mgyun.shua.jc.d.a(Unknown Source)
07-14 14:07:52.908 W/System.err( 6203): 	at com.mgyun.shua.jc.service.CpWorkServer.onHandleIntent(Unknown Source)
07-14 14:07:52.908 W/System.err( 6203): 	at android.app.IntentService$ServiceHandler.handleMessage(IntentService.java:65)
07-14 14:07:52.908 W/System.err( 6203): 	at android.os.Handler.dispatchMessage(Handler.java:99)
07-14 14:07:52.908 W/System.err( 6203): 	at android.os.Looper.loop(Looper.java:137)
07-14 14:07:52.908 W/System.err( 6203): 	at android.os.HandlerThread.run(HandlerThread.java:61)
07-14 14:07:52.908 W/System.err( 6203): Caused by: libcore.io.ErrnoException: open failed: ENOENT (No such file or directory)
07-14 14:07:52.908 W/System.err( 6203): 	at libcore.io.Posix.open(Native Method)
07-14 14:07:52.908 W/System.err( 6203): 	at libcore.io.BlockGuardOs.open(BlockGuardOs.java:110)
07-14 14:07:52.908 W/System.err( 6203): 	at libcore.io.IoBridge.open(IoBridge.java:393)
07-14 14:07:52.908 W/System.err( 6203): 	... 10 more
07-14 14:07:57.971 I/PowerManagerService(  374): Waking up from sleep...
07-14 14:07:58.119 I/WindowManager(  374): Lock screen displayed!
07-14 14:07:58.315 D/dalvikvm(  636): GC_FOR_ALLOC freed 1022K, 10% free 12707K/14084K, paused 83ms, total 83ms
07-14 14:07:58.323 D/PowerManagerService-JNI(  374): Excessive delay in autosuspend_disable() while turning screen on: 347ms
07-14 14:07:58.323 D/SurfaceFlinger(  124): Screen acquired, type=0 flinger=0x41e1a478
07-14 14:07:58.323 V/DigitalWidgetViewsFactory( 2502): DigitalWidget sets next alarm string to null
07-14 14:07:58.401 D/LightsService(  374): Excessive delay setting light: 83ms
07-14 14:07:58.471 D/LightsService(  374): Excessive delay setting light: 67ms
07-14 14:07:58.635 D/dalvikvm(  374): GC_EXPLICIT freed 1748K, 29% free 19489K/27344K, paused 9ms+9ms, total 176ms
07-14 14:07:58.760 W/GlowPadView(  374): The number of target drawables must be equal to the number of direction descriptions.
07-14 14:07:58.987 D/MdmApplication( 3494): [null:-1]->onActivityStarted contacts.activities.DialtactsActivity , mActivityCount = 3
07-14 14:07:58.994 D/MDM :   ( 3494): [null:-1]->query
07-14 14:07:58.994 D/MDM :   ( 3494): [null:-1]->QUERY_PINCODE_CHECK_RESULT
07-14 14:07:59.002 E/CursorWindow( 3494): Failed to read row 0, column -1 from a CursorWindow which has 38 rows, 9 columns.
07-14 14:07:59.002 D/CallLogAdapter( 3494): java.lang.IllegalStateException: Couldn't read row 0, col -1 from CursorWindow.  Make sure the Cursor is initialized correctly before accessing data from it.
07-14 14:07:59.002 D/CallLogAdapter( 3494): ======no department find======
07-14 14:07:59.002 D/CALLLOGADAPTER( 3494): ++++++++++++++++++================================
07-14 14:07:59.002 D/ContactsProvider( 3494): [Contacts] query 'content://emdmcontacts/company_calllogs', segment size: 1
07-14 14:07:59.002 D/PhoneStatusBar(  450): disable: < expand icons alerts ticker system_info BACK HOME recent* CLOCK search >
07-14 14:07:59.049 D/CallLogAdapter( 3494): quickContactView.number=============13220164537
07-14 14:07:59.049 D/CallLogAdapter( 3494): quickContactView.contactUri=============null
07-14 14:07:59.049 D/ContactsProvider( 3494): [Contacts] query 'content://emdmcontacts/contacts', segment size: 1
07-14 14:07:59.073 E/CursorWindow( 3494): Failed to read row 1, column -1 from a CursorWindow which has 38 rows, 9 columns.
07-14 14:07:59.073 D/CallLogAdapter( 3494): java.lang.IllegalStateException: Couldn't read row 1, col -1 from CursorWindow.  Make sure the Cursor is initialized correctly before accessing data from it.
07-14 14:07:59.073 D/CallLogAdapter( 3494): ======no department find======
07-14 14:07:59.073 D/CALLLOGADAPTER( 3494): ++++++++++++++++++================================
07-14 14:07:59.073 D/ContactsProvider( 3494): [Contacts] query 'content://emdmcontacts/company_calllogs', segment size: 1
07-14 14:07:59.080 D/CallLogAdapter( 3494): quickContactView.number=============01056299605
07-14 14:07:59.080 D/CallLogAdapter( 3494): quickContactView.contactUri=============null
07-14 14:07:59.080 D/ContactsProvider( 3494): [Contacts] query 'content://emdmcontacts/contacts', segment size: 1
07-14 14:07:59.088 E/CursorWindow( 3494): Failed to read row 4, column -1 from a CursorWindow which has 38 rows, 9 columns.
07-14 14:07:59.088 D/CallLogAdapter( 3494): java.lang.IllegalStateException: Couldn't read row 4, col -1 from CursorWindow.  Make sure the Cursor is initialized correctly before accessing data from it.
07-14 14:07:59.088 D/CallLogAdapter( 3494): ======no department find======
07-14 14:07:59.088 D/CALLLOGADAPTER( 3494): ++++++++++++++++++================================
07-14 14:07:59.088 D/ContactsProvider( 3494): [Contacts] query 'content://emdmcontacts/company_calllogs', segment size: 1
07-14 14:07:59.096 D/CallLogAdapter( 3494): quickContactView.number=============13263318053
07-14 14:07:59.096 D/CallLogAdapter( 3494): quickContactView.contactUri=============null
07-14 14:07:59.096 D/ContactsProvider( 3494): [Contacts] query 'content://emdmcontacts/contacts', segment size: 1
07-14 14:07:59.104 E/CursorWindow( 3494): Failed to read row 5, column -1 from a CursorWindow which has 38 rows, 9 columns.
07-14 14:07:59.104 D/CallLogAdapter( 3494): java.lang.IllegalStateException: Couldn't read row 5, col -1 from CursorWindow.  Make sure the Cursor is initialized correctly before accessing data from it.
07-14 14:07:59.104 D/CallLogAdapter( 3494): ======no department find======
07-14 14:07:59.104 D/CALLLOGADAPTER( 3494): ++++++++++++++++++================================
07-14 14:07:59.104 D/ContactsProvider( 3494): [Contacts] query 'content://emdmcontacts/company_calllogs', segment size: 1
07-14 14:07:59.112 D/CallLogAdapter( 3494): quickContactView.number=============13522849951
07-14 14:07:59.112 D/CallLogAdapter( 3494): quickContactView.contactUri=============null
07-14 14:07:59.112 D/ContactsProvider( 3494): [Contacts] query 'content://emdmcontacts/contacts', segment size: 1
07-14 14:07:59.119 E/CursorWindow( 3494): Failed to read row 6, column -1 from a CursorWindow which has 38 rows, 9 columns.
07-14 14:07:59.119 D/CallLogAdapter( 3494): java.lang.IllegalStateException: Couldn't read row 6, col -1 from CursorWindow.  Make sure the Cursor is initialized correctly before accessing data from it.
07-14 14:07:59.119 D/CallLogAdapter( 3494): ======no department find======
07-14 14:07:59.119 D/CALLLOGADAPTER( 3494): ++++++++++++++++++================================
07-14 14:07:59.119 D/ContactsProvider( 3494): [Contacts] query 'content://emdmcontacts/company_calllogs', segment size: 1
07-14 14:07:59.127 D/AndroidRuntime(11772): 
07-14 14:07:59.127 D/AndroidRuntime(11772): >>>>>> AndroidRuntime START com.android.internal.os.RuntimeInit <<<<<<
07-14 14:07:59.127 D/AndroidRuntime(11772): CheckJNI is OFF
07-14 14:07:59.135 D/CallLogAdapter( 3494): quickContactView.number=============15010093591
07-14 14:07:59.135 D/CallLogAdapter( 3494): quickContactView.contactUri=============null
07-14 14:07:59.135 D/ContactsProvider( 3494): [Contacts] query 'content://emdmcontacts/contacts', segment size: 1
07-14 14:07:59.190 D/ContactsProvider( 3494): [Contacts] query 'content://emdmcontacts/company_calllogs', segment size: 1
07-14 14:07:59.190 D/dalvikvm(11772): Trying to load lib libjavacore.so 0x0
07-14 14:07:59.190 D/NfcService(  582): NFC-C ON
07-14 14:07:59.198 D/Assistant( 3494): [---null: -1---]  changeCursor
07-14 14:07:59.198 D/Assistant( 3494): [---null: -1---]  findGroups
07-14 14:07:59.198 D/Assistant( 3494): [---null: -1---]  addGroup
07-14 14:07:59.198 D/dalvikvm(11772): Added shared lib libjavacore.so 0x0
07-14 14:07:59.205 D/Assistant( 3494): [---null: -1---]  addGroup
07-14 14:07:59.205 D/Assistant( 3494): [---null: -1---]  addGroup
07-14 14:07:59.205 V/PhoneStatusBar(  450): setLightsOn(true)
07-14 14:07:59.205 D/PhoneStatusBar(  450): disable: < expand icons alerts ticker system_info back* home* recent clock* search >
07-14 14:07:59.213 D/Assistant( 3494): [---null: -1---]  addGroup
07-14 14:07:59.213 D/Assistant( 3494): [---null: -1---]  addGroup
07-14 14:07:59.213 E/CursorWindow( 3494): Failed to read row 0, column -1 from a CursorWindow which has 38 rows, 9 columns.
07-14 14:07:59.213 D/CallLogAdapter( 3494): java.lang.IllegalStateException: Couldn't read row 0, col -1 from CursorWindow.  Make sure the Cursor is initialized correctly before accessing data from it.
07-14 14:07:59.213 D/CallLogAdapter( 3494): ======no department find======
07-14 14:07:59.213 D/CALLLOGADAPTER( 3494): ++++++++++++++++++================================
07-14 14:07:59.213 D/ContactsProvider( 3494): [Contacts] query 'content://emdmcontacts/company_calllogs', segment size: 1
07-14 14:07:59.221 D/CallLogAdapter( 3494): quickContactView.number=============13220164537
07-14 14:07:59.221 D/CallLogAdapter( 3494): quickContactView.contactUri=============null
07-14 14:07:59.221 D/ContactsProvider( 3494): [Contacts] query 'content://emdmcontacts/contacts', segment size: 1
07-14 14:07:59.229 E/CursorWindow( 3494): Failed to read row 1, column -1 from a CursorWindow which has 38 rows, 9 columns.
07-14 14:07:59.229 D/CallLogAdapter( 3494): java.lang.IllegalStateException: Couldn't read row 1, col -1 from CursorWindow.  Make sure the Cursor is initialized correctly before accessing data from it.
07-14 14:07:59.229 D/CallLogAdapter( 3494): ======no department find======
07-14 14:07:59.229 D/CALLLOGADAPTER( 3494): ++++++++++++++++++================================
07-14 14:07:59.229 D/ContactsProvider( 3494): [Contacts] query 'content://emdmcontacts/company_calllogs', segment size: 1
07-14 14:07:59.237 D/CallLogAdapter( 3494): quickContactView.number=============01056299605
07-14 14:07:59.237 D/CallLogAdapter( 3494): quickContactView.contactUri=============null
07-14 14:07:59.237 D/dalvikvm(11772): Trying to load lib libnativehelper.so 0x0
07-14 14:07:59.237 D/ContactsProvider( 3494): [Contacts] query 'content://emdmcontacts/contacts', segment size: 1
07-14 14:07:59.237 D/dalvikvm(11772): Added shared lib libnativehelper.so 0x0
07-14 14:07:59.244 E/CursorWindow( 3494): Failed to read row 4, column -1 from a CursorWindow which has 38 rows, 9 columns.
07-14 14:07:59.244 D/CallLogAdapter( 3494): java.lang.IllegalStateException: Couldn't read row 4, col -1 from CursorWindow.  Make sure the Cursor is initialized correctly before accessing data from it.
07-14 14:07:59.244 D/CallLogAdapter( 3494): ======no department find======
07-14 14:07:59.244 D/CALLLOGADAPTER( 3494): ++++++++++++++++++================================
07-14 14:07:59.244 D/ContactsProvider( 3494): [Contacts] query 'content://emdmcontacts/company_calllogs', segment size: 1
07-14 14:07:59.252 D/CallLogAdapter( 3494): quickContactView.number=============13263318053
07-14 14:07:59.252 D/CallLogAdapter( 3494): quickContactView.contactUri=============null
07-14 14:07:59.252 D/ContactsProvider( 3494): [Contacts] query 'content://emdmcontacts/contacts', segment size: 1
07-14 14:07:59.268 E/CursorWindow( 3494): Failed to read row 5, column -1 from a CursorWindow which has 38 rows, 9 columns.
07-14 14:07:59.268 D/CallLogAdapter( 3494): java.lang.IllegalStateException: Couldn't read row 5, col -1 from CursorWindow.  Make sure the Cursor is initialized correctly before accessing data from it.
07-14 14:07:59.268 D/CallLogAdapter( 3494): ======no department find======
07-14 14:07:59.268 D/CALLLOGADAPTER( 3494): ++++++++++++++++++================================
07-14 14:07:59.268 D/ContactsProvider( 3494): [Contacts] query 'content://emdmcontacts/company_calllogs', segment size: 1
07-14 14:07:59.276 D/CallLogAdapter( 3494): quickContactView.number=============13522849951
07-14 14:07:59.276 D/CallLogAdapter( 3494): quickContactView.contactUri=============null
07-14 14:07:59.276 D/ContactsProvider( 3494): [Contacts] query 'content://emdmcontacts/contacts', segment size: 1
07-14 14:07:59.283 E/CursorWindow( 3494): Failed to read row 6, column -1 from a CursorWindow which has 38 rows, 9 columns.
07-14 14:07:59.283 D/CallLogAdapter( 3494): java.lang.IllegalStateException: Couldn't read row 6, col -1 from CursorWindow.  Make sure the Cursor is initialized correctly before accessing data from it.
07-14 14:07:59.283 D/CallLogAdapter( 3494): ======no department find======
07-14 14:07:59.283 D/CALLLOGADAPTER( 3494): ++++++++++++++++++================================
07-14 14:07:59.283 D/ContactsProvider( 3494): [Contacts] query 'content://emdmcontacts/company_calllogs', segment size: 1
07-14 14:07:59.291 D/CallLogAdapter( 3494): quickContactView.number=============15010093591
07-14 14:07:59.291 D/CallLogAdapter( 3494): quickContactView.contactUri=============null
07-14 14:07:59.291 D/ContactsProvider( 3494): [Contacts] query 'content://emdmcontacts/contacts', segment size: 1
07-14 14:07:59.338 W/InputMethodManagerService(  374): Window already focused, ignoring focus gain of: com.android.internal.view.IInputMethodClient$Stub$Proxy@42eb9840 attribute=android.view.inputmethod.EditorInfo@42e9cf70, token = android.os.BinderProxy@4313fd00
07-14 14:07:59.502 D/AndroidRuntime(11772): Calling main entry com.qihoo360.powerctl.root.app.App
07-14 14:07:59.502 D/AndroidRuntime(11772): Shutting down VM
07-14 14:07:59.502 D/dalvikvm(11772): GC_CONCURRENT freed 114K, 22% free 467K/592K, paused 0ms+0ms, total 4ms
07-14 14:07:59.510 I/AndroidRuntime(11772): NOTE: attach of thread 'Binder_1' failed
07-14 14:07:59.557 D/dalvikvm( 1052): GC_CONCURRENT freed 726K, 10% free 10058K/11168K, paused 17ms+6ms, total 223ms
07-14 14:07:59.627 V/TAG     (  374): bug 7643792: fitSystemWindows([0,50][0,0])
07-14 14:07:59.705 I/RootJni (11800): su: permission denied
07-14 14:07:59.838 D/AndroidRuntime(11798): 
07-14 14:07:59.838 D/AndroidRuntime(11798): >>>>>> AndroidRuntime START com.android.internal.os.RuntimeInit <<<<<<
07-14 14:07:59.838 D/AndroidRuntime(11798): CheckJNI is OFF
07-14 14:07:59.854 D/dalvikvm(11798): Trying to load lib libjavacore.so 0x0
07-14 14:07:59.862 D/dalvikvm(11798): Added shared lib libjavacore.so 0x0
07-14 14:07:59.877 D/dalvikvm(11798): Trying to load lib libnativehelper.so 0x0
07-14 14:07:59.877 D/dalvikvm(11798): Added shared lib libnativehelper.so 0x0
07-14 14:08:00.151 D/AndroidRuntime(11798): Calling main entry com.qihoo360.powerctl.root.app.App
07-14 14:08:00.151 D/AndroidRuntime(11798): Shutting down VM
07-14 14:08:00.158 D/dalvikvm(11798): GC_CONCURRENT freed 115K, 21% free 467K/592K, paused 1ms+0ms, total 4ms
07-14 14:08:00.549 D/MdmApplication( 3494): [null:-1]->onActivityPaused contacts.activities.DialtactsActivity , mActivityCount = 4
07-14 14:08:00.549 D/MDM :   ( 3494): [null:-1]->query
07-14 14:08:00.549 D/MDM :   ( 3494): [null:-1]->QUERY_PINCODE_CHECK_RESULT
07-14 14:08:00.549 E/Mdm     ( 3494): Call Mdm service's setLastExitTime function
07-14 14:08:00.580 D/MdmApplication( 3494): [null:-1]->onActivityStarted ui.MainActivity , mActivityCount = 3
07-14 14:08:00.580 D/MDM :   ( 3494): [null:-1]->query
07-14 14:08:00.580 D/MDM :   ( 3494): [null:-1]->QUERY_PINCODE_CHECK_RESULT
07-14 14:08:01.127 D/AssistantCallLogFragment( 3494): [---null: -1---]onDestroyView==============
07-14 14:08:01.143 D/DefaultContactBrowseListFragment( 3494): onDestroyView==============
07-14 14:08:10.002 D/dalvikvm(  374): GC_FOR_ALLOC freed 1067K, 29% free 19541K/27344K, paused 97ms, total 99ms
07-14 14:08:10.104 D/dalvikvm(  374): GC_FOR_ALLOC freed 774K, 31% free 19138K/27344K, paused 91ms, total 91ms
07-14 14:08:10.112 D/MdmApplication( 3494): [null:-1]->onActivityPaused ui.MainActivity , mActivityCount = 4
07-14 14:08:10.112 D/MDM :   ( 3494): [null:-1]->query
07-14 14:08:10.112 D/MDM :   ( 3494): [null:-1]->QUERY_PINCODE_CHECK_RESULT
07-14 14:08:10.112 E/Mdm     ( 3494): Call Mdm service's setLastExitTime function
07-14 14:08:11.182 D/dalvikvm( 1052): GC_CONCURRENT freed 465K, 11% free 10026K/11168K, paused 3ms+4ms, total 36ms
07-14 14:08:17.940 I/dalvikvm(  595): Jit: resizing JitTable from 8192 to 16384
07-14 14:08:32.401 D/LightsService(  374): Excessive delay setting light: 68ms
07-14 14:08:32.635 D/LightsService(  374): Excessive delay setting light: 67ms
07-14 14:08:35.283 I/PowerManagerService(  374): Going to sleep due to screen timeout...
07-14 14:08:36.104 D/SurfaceFlinger(  124): Screen released, type=0 flinger=0x41e1a478
07-14 14:08:36.198 D/dalvikvm(  374): GC_FOR_ALLOC freed 513K, 27% free 20161K/27344K, paused 93ms, total 93ms
07-14 14:08:36.291 D/dalvikvm(  374): GC_FOR_ALLOC freed 759K, 28% free 19780K/27344K, paused 84ms, total 84ms
07-14 14:08:36.487 D/dalvikvm( 1052): GC_CONCURRENT freed 158K, 8% free 10344K/11168K, paused 3ms+3ms, total 102ms
07-14 14:08:36.487 D/NfcService(  582): NFC-C OFF, disconnect
07-14 14:08:36.526 V/KeyguardHostView(  374): hide transport, gen:55
07-14 14:08:36.526 V/KeyguardHostView(  374): music state changed: 0
07-14 14:08:36.533 D/dalvikvm(  636): GC_FOR_ALLOC freed 953K, 10% free 12681K/14084K, paused 56ms, total 57ms
07-14 14:08:36.573 D/PhoneStatusBar(  450): disable: < expand icons alerts ticker system_info back home RECENT* clock search >
07-14 14:08:36.604 V/TAG     (  374): bug 7643792: fitSystemWindows([0,50][0,0])
07-14 14:08:36.635 D/dalvikvm( 2019): GC_FOR_ALLOC freed 294K, 7% free 9929K/10588K, paused 28ms, total 29ms
07-14 14:08:36.682 D/dalvikvm( 1146): GC_FOR_ALLOC freed 404K, 7% free 9204K/9792K, paused 27ms, total 28ms
07-14 14:08:36.698 D/MDM :   ( 3494): [null:-1]->query
07-14 14:08:36.705 D/MDM :   ( 3494): [null:-1]->QUERY_SETTING_PIN_ONOFF
07-14 14:08:36.737 D/PhoneStatusBar(  450): disable: < expand icons alerts ticker system_info BACK* HOME* RECENT CLOCK* search >
07-14 14:08:37.440 W/MountService(  374): getVolumeState(/storage/emulated/0/external_sd): Unknown volume
07-14 14:08:37.440 W/MountService(  374): getVolumeState(/mnt/sdcard-ext): Unknown volume
07-14 14:08:37.448 W/MountService(  374): getVolumeState(/mnt/ext_sdcard): Unknown volume
07-14 14:08:37.448 W/MountService(  374): getVolumeState(/mnt/sdcard2): Unknown volume
07-14 14:08:37.448 W/MountService(  374): getVolumeState(/mnt/emmc): Unknown volume
07-14 14:08:37.448 W/MountService(  374): getVolumeState(/mnt/extSdCard): Unknown volume
07-14 14:08:37.448 W/MountService(  374): getVolumeState(/mnt/sdcard/SD_CARD): Unknown volume
07-14 14:08:37.448 W/MountService(  374): getVolumeState(/mnt/sdcard/extra_sd): Unknown volume
07-14 14:08:37.448 W/MountService(  374): getVolumeState(/mnt/extrasd_bind): Unknown volume
07-14 14:08:37.448 W/MountService(  374): getVolumeState(/mnt/sdcard/ext_sd): Unknown volume
07-14 14:08:37.448 W/MountService(  374): getVolumeState(/storage/extSdCard): Unknown volume
07-14 14:08:37.448 W/MountService(  374): getVolumeState(/storage/sdcard1): Unknown volume
07-14 14:08:37.448 W/MountService(  374): getVolumeState(/mnt/sdcard/external_SD): Unknown volume
07-14 14:08:37.455 W/MountService(  374): getVolumeState(/mnt/sdcard/external_sd): Unknown volume
07-14 14:08:37.494 D/dalvikvm( 6152): GC_CONCURRENT freed 383K, 7% free 9431K/10072K, paused 3ms+3ms, total 37ms
07-14 14:08:37.494 D/dalvikvm( 6152): WAIT_FOR_CONCURRENT_GC blocked 6ms
07-14 14:08:37.690 W/MountService(  374): getVolumeState(/storage/emulated/0/external_sd): Unknown volume
07-14 14:08:37.690 W/MountService(  374): getVolumeState(/mnt/sdcard-ext): Unknown volume
07-14 14:08:37.690 W/MountService(  374): getVolumeState(/mnt/ext_sdcard): Unknown volume
07-14 14:08:37.690 W/MountService(  374): getVolumeState(/mnt/sdcard2): Unknown volume
07-14 14:08:37.690 W/MountService(  374): getVolumeState(/mnt/emmc): Unknown volume
07-14 14:08:37.690 W/MountService(  374): getVolumeState(/mnt/extSdCard): Unknown volume
07-14 14:08:37.690 W/MountService(  374): getVolumeState(/mnt/sdcard/SD_CARD): Unknown volume
07-14 14:08:37.690 W/MountService(  374): getVolumeState(/mnt/sdcard/extra_sd): Unknown volume
07-14 14:08:37.690 W/MountService(  374): getVolumeState(/mnt/extrasd_bind): Unknown volume
07-14 14:08:37.690 W/MountService(  374): getVolumeState(/mnt/sdcard/ext_sd): Unknown volume
07-14 14:08:37.690 W/MountService(  374): getVolumeState(/storage/extSdCard): Unknown volume
07-14 14:08:37.690 W/MountService(  374): getVolumeState(/storage/sdcard1): Unknown volume
07-14 14:08:37.690 W/MountService(  374): getVolumeState(/mnt/sdcard/external_SD): Unknown volume
07-14 14:08:37.690 W/MountService(  374): getVolumeState(/mnt/sdcard/external_sd): Unknown volume
07-14 14:08:37.705 D/dalvikvm( 6152): GC_CONCURRENT freed 449K, 6% free 9493K/10072K, paused 4ms+4ms, total 43ms
07-14 14:08:37.807 D/dalvikvm( 6152): GC_FOR_ALLOC freed 390K, 7% free 9395K/10072K, paused 20ms, total 20ms
07-14 14:08:53.674 D/AndroidRuntime(11827): 
07-14 14:08:53.674 D/AndroidRuntime(11827): >>>>>> AndroidRuntime START com.android.internal.os.RuntimeInit <<<<<<
07-14 14:08:53.674 D/AndroidRuntime(11827): CheckJNI is OFF
07-14 14:08:53.682 D/dalvikvm(11827): Trying to load lib libjavacore.so 0x0
07-14 14:08:53.690 D/dalvikvm(11827): Added shared lib libjavacore.so 0x0
07-14 14:08:53.705 D/dalvikvm(11827): Trying to load lib libnativehelper.so 0x0
07-14 14:08:53.705 D/dalvikvm(11827): Added shared lib libnativehelper.so 0x0
07-14 14:08:53.963 D/AndroidRuntime(11827): Calling main entry com.android.commands.pm.Pm
07-14 14:08:53.994 W/ActivityManager(  374): No content provider found for permission revoke: file:///data/local/tmp/2048.apk
07-14 14:08:54.002 I/ActivityManager(  374): Start proc com.android.vending for broadcast com.android.vending/com.google.android.vending.verifier.PackageVerificationReceiver: pid=11839 uid=10047 gids={50047, 3003, 1015, 1028}
07-14 14:08:54.229 D/dalvikvm(  624): GC_EXPLICIT freed 244K, 6% free 9654K/10232K, paused 6ms+5ms, total 48ms
07-14 14:08:54.330 D/Finsky  (11839): [1] FinskyApp.onCreate: Initializing network with DFE https://android.clients.google.com/fdfe/
07-14 14:08:54.385 D/dalvikvm(11839): GC_CONCURRENT freed 281K, 4% free 9121K/9440K, paused 3ms+4ms, total 32ms
07-14 14:08:54.401 D/Finsky  (11839): [1] DailyHygiene.goMakeHygieneIfDirty: Dirty, need more hygiene.
07-14 14:08:54.424 W/Settings(11839): Setting download_manager_max_bytes_over_mobile has moved from android.provider.Settings.Secure to android.provider.Settings.Global.
07-14 14:08:54.424 W/Settings(11839): Setting download_manager_recommended_max_bytes_over_mobile has moved from android.provider.Settings.Secure to android.provider.Settings.Global.
07-14 14:08:54.424 W/Finsky  (11839): [1] FinskyApp.getCurrentAccount: No account configured on this device.
07-14 14:08:54.432 W/Finsky  (11839): [1] FinskyApp.getDfeApi: No account configured on this device.
07-14 14:08:54.440 D/Finsky  (11839): [1] PackageVerificationReceiver.onReceive: Verification requested, id = 2
07-14 14:08:54.455 D/Finsky  (11839): [1] WorkerTask.onPreExecute: Verification Requested for id = 2, data=file:///data/local/tmp/2048.apk flags=112 fromVerificationActivity=false
07-14 14:08:54.510 D/Finsky  (11839): [1] GmsCoreHelper.cleanupNlp: result=false type=4
07-14 14:08:54.541 D/dalvikvm(11839): GC_CONCURRENT freed 243K, 3% free 9329K/9612K, paused 3ms+3ms, total 26ms
07-14 14:08:54.635 D/dalvikvm(11839): GC_CONCURRENT freed 254K, 3% free 9500K/9792K, paused 2ms+2ms, total 25ms
07-14 14:08:54.721 D/dalvikvm(11839): GC_CONCURRENT freed 447K, 5% free 9566K/10048K, paused 2ms+2ms, total 24ms
07-14 14:08:54.721 D/dalvikvm(11839): WAIT_FOR_CONCURRENT_GC blocked 5ms
07-14 14:08:54.776 D/dalvikvm(11839): GC_CONCURRENT freed 467K, 6% free 9562K/10108K, paused 3ms+2ms, total 24ms
07-14 14:08:54.776 D/dalvikvm(11839): WAIT_FOR_CONCURRENT_GC blocked 14ms
07-14 14:08:54.830 D/dalvikvm(11839): GC_CONCURRENT freed 447K, 6% free 9565K/10108K, paused 3ms+5ms, total 28ms
07-14 14:08:54.885 D/dalvikvm(11839): GC_CONCURRENT freed 477K, 6% free 9559K/10108K, paused 3ms+2ms, total 29ms
07-14 14:08:54.885 D/dalvikvm(11839): WAIT_FOR_CONCURRENT_GC blocked 12ms
07-14 14:08:54.932 D/dalvikvm(11839): GC_CONCURRENT freed 461K, 6% free 9583K/10108K, paused 3ms+3ms, total 25ms
07-14 14:09:02.088 D/dalvikvm(  577): GC_CONCURRENT freed 406K, 5% free 9528K/9984K, paused 2ms+2ms, total 24ms
07-14 14:09:04.455 I/PackageManager(  374): Verification timed out for file:///data/local/tmp/2048.apk
07-14 14:09:04.455 I/PackageManager(  374): Continuing with installation of file:///data/local/tmp/2048.apk
07-14 14:09:04.463 D/Finsky  (11839): [1] PackageVerificationReceiver.onReceive: Verification requested, id = 2
07-14 14:09:04.471 D/Finsky  (11839): [1] PackageVerificationService.cancelVerificationIntent: Cancel active verification id=2
07-14 14:09:04.510 W/ActivityManager(  374): No content provider found for permission revoke: file:///data/local/tmp/2048.apk
07-14 14:09:04.510 I/PackageManager(  374): Copying native libraries to /data/app-lib/vmdl1531622094
07-14 14:09:04.666 D/dalvikvm(  374): JIT code cache reset in 10 ms (1048476 bytes 11/0)
07-14 14:09:04.674 D/dalvikvm(  374): GC_CONCURRENT freed 1568K, 24% free 20933K/27344K, paused 7ms+24ms, total 122ms
07-14 14:09:04.674 D/dalvikvm(  374): WAIT_FOR_CONCURRENT_GC blocked 73ms
07-14 14:09:05.135 I/PackageManager(  374): Running dexopt on: by.game.binumbers
07-14 14:09:05.448 D/dalvikvm(11874): DexOpt: 'Landroid/annotation/SuppressLint;' has an earlier definition; blocking out
07-14 14:09:05.448 D/dalvikvm(11874): DexOpt: 'Landroid/annotation/TargetApi;' has an earlier definition; blocking out
07-14 14:09:05.658 D/dalvikvm(11874): DexOpt: not verifying/optimizing 'Landroid/annotation/SuppressLint;': multiple definitions
07-14 14:09:05.658 D/dalvikvm(11874): DexOpt: not verifying/optimizing 'Landroid/annotation/TargetApi;': multiple definitions
07-14 14:09:05.854 W/dalvikvm(11874): DexOpt: resolve class illegal access: Lcom/baidu/android/pushservice/PushConstants; -> Lcom/baidu/android/silentupdate/a;
07-14 14:09:07.127 D/dalvikvm(11874): DexOpt: load 214ms, verify+opt 1469ms, 2369844 bytes
07-14 14:09:07.221 I/ActivityManager(  374): Force stopping package by.game.binumbers appid=10082 user=-1
07-14 14:09:07.408 D/dalvikvm(  374): GC_CONCURRENT freed 3939K, 28% free 19913K/27344K, paused 5ms+11ms, total 103ms
07-14 14:09:07.479 W/PackageManager(  374): Not granting permission android.permission.ACCESS_DOWNLOAD_MANAGER to package by.game.binumbers (protectionLevel=18 flags=0x8be44)
07-14 14:09:07.643 I/InputReader(  374): Reconfiguring input devices.  changes=0x00000010
07-14 14:09:07.705 D/dalvikvm(  595): GC_FOR_ALLOC freed 690K, 14% free 14829K/17232K, paused 47ms, total 50ms
07-14 14:09:07.705 I/dalvikvm-heap(  595): Grow heap (frag case) to 15.517MB for 1048592-byte allocation
07-14 14:09:07.776 I/ActivityManager(  374): Start proc com.qihoo360.mobilesafe for service com.qihoo360.mobilesafe/.service.GuardDelegateService: pid=11879 uid=10072 gids={50072, 3003, 1015, 3001, 3002, 1006, 1028}
07-14 14:09:07.799 D/dalvikvm(  595): GC_FOR_ALLOC freed 8K, 14% free 15845K/18260K, paused 93ms, total 93ms
07-14 14:09:07.830 D/JOBS    (11415): Thread-436: load factor check. true = (0 < 1)|| (0 * 3 < 0 + 0). consumer thread: true
07-14 14:09:07.830 D/JOBS    (11415): didn't allow me to die, re-running Thread-436
07-14 14:09:07.830 D/JOBS    (11415): re-running consumer Thread-436
07-14 14:09:07.963 D/dalvikvm(  595): GC_FOR_ALLOC freed 6K, 14% free 15839K/18260K, paused 44ms, total 44ms
07-14 14:09:07.979 I/dalvikvm-heap(  595): Grow heap (frag case) to 19.502MB for 4194320-byte allocation
07-14 14:09:08.018 I/ActivityManager(  374): Start proc com.qihoo360.mobilesafe:scan for service com.qihoo360.mobilesafe/com.qihoo.security.services.DeepScanService: pid=11892 uid=10072 gids={50072, 3003, 1015, 3001, 3002, 1006, 1028}
07-14 14:09:08.065 D/dalvikvm(  595): GC_FOR_ALLOC freed 0K, 11% free 19935K/22360K, paused 85ms, total 85ms
07-14 14:09:08.119 I/MobileSafeApplication(11879): runtime.process.name=com.qihoo360.mobilesafe
07-14 14:09:08.127 I/MobileSafeApplication(11879): process ui=true persist=false crash=false contact=false barcode=false permm=false
07-14 14:09:08.158 D/BackupManagerService(  374): Received broadcast Intent { act=android.intent.action.PACKAGE_ADDED dat=package:by.game.binumbers flg=0x8000010 (has extras) }
07-14 14:09:08.174 D/dalvikvm(  595): GC_CONCURRENT freed <1K, 11% free 19935K/22360K, paused 4ms+16ms, total 108ms
07-14 14:09:08.182 I/MobileSafeApplication(11879): use ipc_pref, try load
07-14 14:09:08.182 D/dalvikvm(11879): Trying to load lib /data/data/com.qihoo360.mobilesafe/files/so_libs/libipc_pref.520.1.so 0x4280d788
07-14 14:09:08.182 V/BackupManagerService(  374): addPackageParticipantsLocked: #1
07-14 14:09:08.190 I/ipc_pref(11879): [RegisterJniFunctions:19]	RegisterJniFunction methods count: 10
07-14 14:09:08.190 I/ipc_pref(11879): 
07-14 14:09:08.190 D/dalvikvm(11879): Added shared lib /data/data/com.qihoo360.mobilesafe/files/so_libs/libipc_pref.520.1.so 0x4280d788
07-14 14:09:08.190 I/ipc_pref(11879): [JNI_OnLoad:43]	JNI_OnLoad
07-14 14:09:08.190 I/ipc_pref(11879): 
07-14 14:09:08.190 I/ipc_pref(11879): [init:19]	init /data/data/com.qihoo360.mobilesafe/shared_prefs/ipc_pref
07-14 14:09:08.190 I/ipc_pref(11879): 
07-14 14:09:08.190 I/ipc_pref(11879): [init:45]	/data/data/com.qihoo360.mobilesafe/shared_prefs/ipc_pref
07-14 14:09:08.190 I/ipc_pref(11879): 
07-14 14:09:08.205 I/MobileSafeApplication(11879): use ipc_pref, loaded
07-14 14:09:08.237 I/MobileSafeApplication(11892): runtime.process.name=com.qihoo360.mobilesafe:scan
07-14 14:09:08.237 I/MobileSafeApplication(11892): process ui=false persist=false crash=false contact=false barcode=false permm=false
07-14 14:09:08.244 I/MobileSafeApplication(11892): use ipc_pref, try load
07-14 14:09:08.244 D/dalvikvm(11892): Trying to load lib /data/data/com.qihoo360.mobilesafe/files/so_libs/libipc_pref.520.1.so 0x4280d718
07-14 14:09:08.252 I/ipc_pref(11892): [RegisterJniFunctions:19]	RegisterJniFunction methods count: 10
07-14 14:09:08.252 I/ipc_pref(11892): 
07-14 14:09:08.252 D/dalvikvm(11892): Added shared lib /data/data/com.qihoo360.mobilesafe/files/so_libs/libipc_pref.520.1.so 0x4280d718
07-14 14:09:08.252 I/ipc_pref(11892): [JNI_OnLoad:43]	JNI_OnLoad
07-14 14:09:08.252 I/ipc_pref(11892): 
07-14 14:09:08.252 I/ipc_pref(11892): [init:19]	init /data/data/com.qihoo360.mobilesafe/shared_prefs/ipc_pref
