07-11 16:19:50.219 W/MountService(  374): getVolumeState(/storage/sdcard1): Unknown volume
07-11 16:19:50.219 W/MountService(  374): getVolumeState(/mnt/sdcard/external_SD): Unknown volume
07-11 16:19:50.219 W/MountService(  374): getVolumeState(/mnt/sdcard/external_sd): Unknown volume
07-11 16:19:50.476 W/MountService(  374): getVolumeState(/storage/emulated/0/external_sd): Unknown volume
07-11 16:19:50.476 W/MountService(  374): getVolumeState(/mnt/sdcard-ext): Unknown volume
07-11 16:19:50.476 W/MountService(  374): getVolumeState(/mnt/ext_sdcard): Unknown volume
07-11 16:19:50.476 W/MountService(  374): getVolumeState(/mnt/sdcard2): Unknown volume
07-11 16:19:50.484 W/MountService(  374): getVolumeState(/mnt/emmc): Unknown volume
07-11 16:19:50.484 W/MountService(  374): getVolumeState(/mnt/extSdCard): Unknown volume
07-11 16:19:50.484 W/MountService(  374): getVolumeState(/mnt/sdcard/SD_CARD): Unknown volume
07-11 16:19:50.484 W/MountService(  374): getVolumeState(/mnt/sdcard/extra_sd): Unknown volume
07-11 16:19:50.484 W/MountService(  374): getVolumeState(/mnt/extrasd_bind): Unknown volume
07-11 16:19:50.484 W/MountService(  374): getVolumeState(/mnt/sdcard/ext_sd): Unknown volume
07-11 16:19:50.492 W/MountService(  374): getVolumeState(/storage/extSdCard): Unknown volume
07-11 16:19:50.492 W/MountService(  374): getVolumeState(/storage/sdcard1): Unknown volume
07-11 16:19:50.492 W/MountService(  374): getVolumeState(/mnt/sdcard/external_SD): Unknown volume
07-11 16:19:50.492 W/MountService(  374): getVolumeState(/mnt/sdcard/external_sd): Unknown volume
07-11 16:20:36.398 I/PowerManagerService(  374): Waking up from sleep...
07-11 16:20:36.586 I/WindowManager(  374): Lock screen displayed!
07-11 16:20:37.047 I/ActivityManager(  374): Start proc com.android.providers.calendar for content provider com.android.providers.calendar/.CalendarProvider2: pid=31398 uid=10007 gids={50007, 3003, 1015, 1028}
07-11 16:20:37.547 D/PhoneStatusBar(  450): disable: < expand icons alerts ticker system_info BACK HOME recent* CLOCK search >
07-11 16:20:37.656 D/PhoneStatusBar(  450): disable: < expand icons alerts ticker system_info back* home* recent clock* search >
07-11 16:20:37.664 W/InputMethodManagerService(  374): Window already focused, ignoring focus gain of: com.android.internal.view.IInputMethodClient$Stub$Proxy@4274dc70 attribute=android.view.inputmethod.EditorInfo@4270e000, token = android.os.BinderProxy@42a77c18
07-11 16:20:38.625 I/ActivityManager(  374): Start proc com.google.android.calendar for broadcast com.google.android.calendar/com.android.calendar.alerts.AlertReceiver: pid=31456 uid=10006 gids={50006, 3003, 1028}
07-11 16:20:45.000 D/ConnectivityService(  374): Captive portal check NetworkInfo: type: WIFI[], state: CONNECTING/CAPTIVE_PORTAL_CHECK, reason: (unspecified), extra: "pekall_work", roaming: false, failover: false, isAvailable: true
07-11 16:20:45.015 D/ConnectivityService(  374): ConnectivityChange for WIFI: CONNECTED/CONNECTED
07-11 16:20:45.047 I/ActivityManager(  374): Start proc com.nd.assistance for broadcast com.nd.assistance/.receiver.WifiStateChangeReceiver: pid=31517 uid=10065 gids={50065, 3003, 1015, 1006, 1028}
07-11 16:20:45.054 D/ConnectivityService(  374): handleConnectivityChange: address are the same reset per doReset linkProperty[1]: resetMask=0
07-11 16:20:45.054 D/Nat464Xlat(  374): requiresClat: netType=1, hasIPv4Address=true
07-11 16:20:46.015 D/ConnectivityService(  374): NetTransition Wakelock for ConnectedState released by timeout
07-11 16:20:48.312 I/ActivityManager(  374): Start proc com.google.android.gallery3d for broadcast com.google.android.gallery3d/com.google.android.picasasync.ConnectivityReceiver: pid=31547 uid=10019 gids={50019, 1006, 3003, 1015, 1028}
07-11 16:20:48.640 D/ConnectivityService(  374): handleInetConditionHoldEnd: net=1, condition=100, published condition=0
07-11 16:20:48.719 I/ActivityManager(  374): Start proc com.google.android.apps.uploader for broadcast com.google.android.apps.uploader/com.google.android.picasasync.ConnectivityReceiver: pid=31572 uid=10039 gids={50039, 3003, 1015, 1028}
07-11 16:20:48.836 I/ActivityManager(  374): Start proc com.android.mms for broadcast com.android.mms/.transaction.MmsSystemEventReceiver: pid=31585 uid=10040 gids={50040, 3003, 1015, 1028}
07-11 16:20:48.929 D/CountryDetector(  374): The first listener is added
07-11 16:20:49.047 I/ActivityManager(  374): Start proc com.google.android.apps.plus for broadcast com.google.android.apps.plus/.service.ConnectivityReceiver: pid=31608 uid=10048 gids={50048, 3003, 3002, 1015, 1006, 1028}
07-11 16:20:49.164 I/ActivityManager(  374): No longer want com.google.android.partnersetup (pid 30371): empty #17
07-11 16:20:50.304 W/MountService(  374): getVolumeState(/storage/emulated/0/external_sd): Unknown volume
07-11 16:20:50.304 W/MountService(  374): getVolumeState(/mnt/sdcard-ext): Unknown volume
07-11 16:20:50.304 W/MountService(  374): getVolumeState(/mnt/ext_sdcard): Unknown volume
07-11 16:20:50.312 W/MountService(  374): getVolumeState(/mnt/sdcard2): Unknown volume
07-11 16:20:50.344 W/MountService(  374): getVolumeState(/mnt/emmc): Unknown volume
07-11 16:20:50.344 W/MountService(  374): getVolumeState(/mnt/extSdCard): Unknown volume
07-11 16:20:50.344 W/MountService(  374): getVolumeState(/mnt/sdcard/SD_CARD): Unknown volume
07-11 16:20:50.344 W/MountService(  374): getVolumeState(/mnt/sdcard/extra_sd): Unknown volume
07-11 16:20:50.344 W/MountService(  374): getVolumeState(/mnt/extrasd_bind): Unknown volume
07-11 16:20:50.351 W/MountService(  374): getVolumeState(/mnt/sdcard/ext_sd): Unknown volume
07-11 16:20:50.351 W/MountService(  374): getVolumeState(/storage/extSdCard): Unknown volume
07-11 16:20:50.351 W/MountService(  374): getVolumeState(/storage/sdcard1): Unknown volume
07-11 16:20:50.351 W/MountService(  374): getVolumeState(/mnt/sdcard/external_SD): Unknown volume
07-11 16:20:50.351 W/MountService(  374): getVolumeState(/mnt/sdcard/external_sd): Unknown volume
07-11 16:20:50.734 W/MountService(  374): getVolumeState(/storage/emulated/0/external_sd): Unknown volume
07-11 16:20:50.734 W/MountService(  374): getVolumeState(/mnt/sdcard-ext): Unknown volume
07-11 16:20:50.734 W/MountService(  374): getVolumeState(/mnt/ext_sdcard): Unknown volume
07-11 16:20:50.742 W/MountService(  374): getVolumeState(/mnt/sdcard2): Unknown volume
07-11 16:20:50.742 W/MountService(  374): getVolumeState(/mnt/emmc): Unknown volume
07-11 16:20:50.742 W/MountService(  374): getVolumeState(/mnt/extSdCard): Unknown volume
07-11 16:20:50.742 W/MountService(  374): getVolumeState(/mnt/sdcard/SD_CARD): Unknown volume
07-11 16:20:50.742 W/MountService(  374): getVolumeState(/mnt/sdcard/extra_sd): Unknown volume
07-11 16:20:50.750 W/MountService(  374): getVolumeState(/mnt/extrasd_bind): Unknown volume
07-11 16:20:50.750 W/MountService(  374): getVolumeState(/mnt/sdcard/ext_sd): Unknown volume
07-11 16:20:50.750 W/MountService(  374): getVolumeState(/storage/extSdCard): Unknown volume
07-11 16:20:50.750 W/MountService(  374): getVolumeState(/storage/sdcard1): Unknown volume
07-11 16:20:50.750 W/MountService(  374): getVolumeState(/mnt/sdcard/external_SD): Unknown volume
07-11 16:20:50.750 W/MountService(  374): getVolumeState(/mnt/sdcard/external_sd): Unknown volume
07-11 16:20:51.273 I/ActivityManager(  374): No longer want com.noshufou.android.su (pid 30450): empty #17
07-11 16:20:51.312 I/ActivityManager(  374): Start proc com.google.android.youtube for broadcast com.google.android.youtube/.app.prefetch.PrefetchService$DeviceStateReceiver: pid=31634 uid=10062 gids={50062, 3003, 1015, 1006, 1028}
07-11 16:20:52.172 I/ActivityManager(  374): No longer want com.google.android.gsf.login (pid 30477): empty #17
07-11 16:20:53.672 W/ActivityManager(  374): Unable to start service Intent { act=com.google.android.gms.analytics.service.START (has extras) } U=0: not found
07-11 16:20:58.531 W/BackupManagerService(  374): dataChanged but no participant pkg='com.android.providers.settings' uid=10079
07-11 16:20:58.562 W/BackupManagerService(  374): dataChanged but no participant pkg='com.android.providers.settings' uid=10079
07-11 16:20:58.672 W/BackupManagerService(  374): dataChanged but no participant pkg='com.android.providers.settings' uid=10079
07-11 16:20:58.679 W/ActivityManager(  374): Unable to start service Intent { act=com.google.android.gms.analytics.service.START (has extras) } U=0: not found
07-11 16:21:10.226 I/PowerManagerService(  374): Going to sleep due to screen timeout...
07-11 16:21:12.726 I/ActivityManager(  374): START u0 {act=android.intent.action.DELETE dat=package:by.game.binumbers flg=0x10000000 cmp=com.android.packageinstaller/.UninstallerActivity} from pid 3259
07-11 16:21:13.156 I/ActivityManager(  374): Process android.process.acore (pid 30763) has died.
07-11 16:21:16.094 I/ActivityManager(  374): Start proc com.google.android.deskclock for service com.google.android.deskclock/com.android.alarmclock.DigitalAppWidgetService: pid=31744 uid=10013 gids={50013, 1028}
07-11 16:21:16.281 D/PhoneStatusBar(  450): disable: < expand icons alerts ticker system_info back home RECENT* clock search >
07-11 16:21:16.336 I/ActivityManager(  374): Process com.google.android.googlequicksearchbox (pid 30339) has died.
07-11 16:21:16.476 D/PhoneStatusBar(  450): disable: < expand icons alerts ticker system_info BACK* HOME* RECENT CLOCK* search >
07-11 16:21:16.726 I/ActivityManager(  374): Process com.google.android.gallery3d (pid 31547) has died.
07-11 16:21:24.273 I/PowerManagerService(  374): Waking up from sleep...
07-11 16:21:24.383 I/WindowManager(  374): Lock screen displayed!
07-11 16:21:26.594 D/PhoneStatusBar(  450): disable: < expand icons alerts ticker system_info BACK HOME recent* CLOCK search >
07-11 16:21:26.672 D/PhoneStatusBar(  450): disable: < expand icons alerts ticker system_info back* home* recent clock* search >
07-11 16:21:26.679 W/InputMethodManagerService(  374): Window already focused, ignoring focus gain of: com.android.internal.view.IInputMethodClient$Stub$Proxy@42737460 attribute=null, token = android.os.BinderProxy@42355018
07-11 16:21:28.125 I/ActivityManager(  374): START u0 {act=android.intent.action.VIEW cmp=com.android.packageinstaller/.UninstallAppProgress (has extras)} from pid 28448
07-11 16:21:28.398 I/ActivityManager(  374): Force stopping package by.game.binumbers appid=10083 user=-1
07-11 16:21:28.422 W/PackageManager(  374): Couldn't delete native library directory /data/app-lib/by.game.binumbers
07-11 16:21:28.609 I/ActivityManager(  374): Force stopping package by.game.binumbers appid=10083 user=0
07-11 16:21:29.070 W/BackupManagerService(  374): dataChanged but no participant pkg='com.android.providers.settings' uid=10079
07-11 16:21:29.484 D/BackupManagerService(  374): Received broadcast Intent { act=android.intent.action.PACKAGE_REMOVED dat=package:by.game.binumbers flg=0x8000010 (has extras) }
07-11 16:21:29.484 V/BackupManagerService(  374): removePackageParticipantsLocked: uid=10083 #1
07-11 16:21:29.617 W/BackupManagerService(  374): dataChanged but no participant pkg='com.android.providers.settings' uid=10079
07-11 16:21:29.672 I/ActivityManager(  374): Start proc android.process.acore for broadcast com.android.providers.contacts/.PackageIntentReceiver: pid=31860 uid=10000 gids={50000, 3003, 1015, 1028}
07-11 16:21:29.976 I/ActivityManager(  374): Start proc com.google.android.gallery3d for broadcast com.google.android.gallery3d/com.android.gallery3d.app.PackagesMonitor: pid=31877 uid=10019 gids={50019, 1006, 3003, 1015, 1028}
07-11 16:21:30.476 I/ActivityManager(  374): Start proc com.android.keychain for broadcast com.android.keychain/.KeyChainBroadcastReceiver: pid=31900 uid=1000 gids={41000, 1015, 1028, 3002, 3001, 3003, 3007}
07-11 16:21:30.531 I/ActivityManager(  374): Process com.google.android.apps.plus (pid 31608) has died.
07-11 16:21:30.570 W/ContextImpl(31900): Calling a method in the system process without a qualified user: android.app.ContextImpl.startService:1385 android.content.ContextWrapper.startService:473 android.content.ContextWrapper.startService:473 com.android.keychain.KeyChainBroadcastReceiver.onReceive:12 android.app.ActivityThread.handleReceiver:2424 
07-11 16:21:30.703 I/ActivityManager(  374): Start proc com.android.musicfx for broadcast com.android.musicfx/.Compatibility$Receiver: pid=31914 uid=10042 gids={50042, 3003, 3002, 1028}
07-11 16:21:30.914 I/ActivityManager(  374): Start proc com.google.android.apps.plus for broadcast com.google.android.apps.plus/.service.PackagesMediaMonitor: pid=31929 uid=10048 gids={50048, 3003, 3002, 1015, 1006, 1028}
07-11 16:21:32.578 I/ActivityManager(  374): Process com.google.android.gms (pid 30312) has died.
07-11 16:21:33.453 I/ActivityManager(  374): Start proc com.google.android.gms for broadcast com.google.android.gms/.games.receiver.GamesSystemBroadcastReceiver: pid=31958 uid=10009 gids={50009, 3003, 1007, 1028, 1015, 1006, 2001, 3006}
07-11 16:21:33.828 I/ActivityManager(  374): Start proc com.google.android.googlequicksearchbox for broadcast com.google.android.googlequicksearchbox/com.google.android.apps.sidekick.GmmLocationProviderImpl$GmmPackageWatcher: pid=31985 uid=10056 gids={50056, 3003, 1028, 1007, 3002, 1015}
07-11 16:21:33.914 I/ActivityManager(  374): Process android.process.acore (pid 31860) has died.
07-11 16:21:34.078 I/ActivityManager(  374): Start proc com.google.android.partnersetup for content provider com.google.android.partnersetup/.RlzAppProvider: pid=32005 uid=10027 gids={50027, 3003, 1028}
07-11 16:21:34.281 I/ActivityManager(  374): No longer want com.google.android.calendar (pid 31456): empty #17
07-11 16:21:34.648 I/ActivityManager(  374): Start proc com.noshufou.android.su for broadcast com.noshufou.android.su/.UninstallReceiver: pid=32079 uid=10077 gids={50077, 3003, 1015, 1028}
07-11 16:21:34.734 I/ActivityManager(  374): Process com.google.android.gallery3d (pid 31877) has died.
07-11 16:21:34.789 I/ActivityManager(  374): Start proc com.qihoo.root for broadcast com.qihoo.root/.UninstallReceiver: pid=32094 uid=10078 gids={50078, 1015, 3003, 1028}
07-11 16:21:34.797 I/ActivityManager(  374): No longer want com.nd.assistance (pid 31517): empty #17
07-11 16:21:34.914 I/ActivityManager(  374): No longer want com.google.android.apps.uploader (pid 31572): empty #17
07-11 16:21:35.000 I/ActivityManager(  374): Start proc com.google.android.gsf.login for service com.google.android.gms/.recovery.AccountRecoveryBackgroundService: pid=32112 uid=10009 gids={50009, 3003, 1007, 1028, 1015, 1006, 2001, 3006}
07-11 16:21:35.179 I/ActivityManager(  374): No longer want com.google.android.youtube (pid 31634): empty #17
07-11 16:21:35.234 I/ActivityManager(  374): No longer want com.android.mms (pid 31585): empty #17
07-11 16:21:35.250 D/CountryDetector(  374): No listener is left
07-11 16:21:39.281 W/ActivityManager(  374): Unable to start service Intent { act=com.google.android.gms.analytics.service.START (has extras) } U=0: not found
07-11 16:21:44.281 W/ActivityManager(  374): Unable to start service Intent { act=com.google.android.gms.analytics.service.START (has extras) } U=0: not found
--------- beginning of /dev/log/main
07-11 16:21:48.039 D/dalvikvm(31783): GC_FOR_ALLOC freed 486K, 81% free 650K/3408K, paused 6ms, total 6ms
07-11 16:21:48.219 D/dalvikvm(31783): GC_FOR_ALLOC freed 539K, 82% free 623K/3408K, paused 6ms, total 6ms
07-11 16:21:48.422 D/dalvikvm(31783): GC_FOR_ALLOC freed 499K, 82% free 635K/3408K, paused 6ms, total 6ms
07-11 16:21:48.609 D/dalvikvm(31783): GC_FOR_ALLOC freed 502K, 82% free 645K/3408K, paused 6ms, total 6ms
07-11 16:21:48.781 D/dalvikvm(31783): GC_FOR_ALLOC freed 537K, 82% free 619K/3408K, paused 7ms, total 7ms
07-11 16:21:48.969 D/dalvikvm(31783): GC_FOR_ALLOC freed 486K, 82% free 645K/3408K, paused 6ms, total 6ms
07-11 16:21:49.133 D/dalvikvm(31783): GC_FOR_ALLOC freed 535K, 82% free 621K/3408K, paused 6ms, total 6ms
07-11 16:21:49.320 D/dalvikvm(31783): GC_FOR_ALLOC freed 505K, 82% free 628K/3408K, paused 6ms, total 6ms
07-11 16:21:49.492 D/dalvikvm(31783): GC_FOR_ALLOC freed 492K, 81% free 648K/3408K, paused 7ms, total 7ms
07-11 16:21:49.672 D/dalvikvm(31783): GC_FOR_ALLOC freed 536K, 82% free 623K/3408K, paused 6ms, total 7ms
07-11 16:21:49.883 D/dalvikvm(31783): GC_FOR_ALLOC freed 497K, 82% free 637K/3408K, paused 6ms, total 6ms
07-11 16:21:50.047 D/dalvikvm( 3259): GC_FOR_ALLOC freed 3390K, 33% free 17163K/25600K, paused 59ms, total 59ms
07-11 16:21:50.148 D/dalvikvm(31783): GC_FOR_ALLOC freed 507K, 82% free 641K/3408K, paused 6ms, total 6ms
07-11 16:21:50.344 D/dalvikvm(31783): GC_FOR_ALLOC freed 531K, 82% free 622K/3408K, paused 6ms, total 6ms
07-11 16:21:50.492 W/MountService(  374): getVolumeState(/storage/emulated/0/external_sd): Unknown volume
07-11 16:21:50.500 W/MountService(  374): getVolumeState(/mnt/sdcard-ext): Unknown volume
07-11 16:21:50.500 W/MountService(  374): getVolumeState(/mnt/ext_sdcard): Unknown volume
07-11 16:21:50.500 W/MountService(  374): getVolumeState(/mnt/sdcard2): Unknown volume
07-11 16:21:50.500 W/MountService(  374): getVolumeState(/mnt/emmc): Unknown volume
07-11 16:21:50.508 W/MountService(  374): getVolumeState(/mnt/extSdCard): Unknown volume
07-11 16:21:50.508 W/MountService(  374): getVolumeState(/mnt/sdcard/SD_CARD): Unknown volume
07-11 16:21:50.508 W/MountService(  374): getVolumeState(/mnt/sdcard/extra_sd): Unknown volume
07-11 16:21:50.508 W/MountService(  374): getVolumeState(/mnt/extrasd_bind): Unknown volume
07-11 16:21:50.508 W/MountService(  374): getVolumeState(/mnt/sdcard/ext_sd): Unknown volume
07-11 16:21:50.515 W/MountService(  374): getVolumeState(/storage/extSdCard): Unknown volume
07-11 16:21:50.515 W/MountService(  374): getVolumeState(/storage/sdcard1): Unknown volume
07-11 16:21:50.515 W/MountService(  374): getVolumeState(/mnt/sdcard/external_SD): Unknown volume
07-11 16:21:50.515 W/MountService(  374): getVolumeState(/mnt/sdcard/external_sd): Unknown volume
07-11 16:21:50.547 D/dalvikvm(31783): GC_FOR_ALLOC freed 486K, 81% free 647K/3408K, paused 8ms, total 8ms
07-11 16:21:50.625 I/ActivityManager(  374): Start proc android.process.acore for content provider com.android.providers.contacts/.ContactsProvider2: pid=32273 uid=10000 gids={50000, 3003, 1015, 1028}
07-11 16:21:50.672 D/dalvikvm(30248): GC_CONCURRENT freed 664K, 7% free 9483K/10184K, paused 5ms+4ms, total 92ms
07-11 16:21:50.742 D/dalvikvm(31783): GC_FOR_ALLOC freed 537K, 82% free 622K/3408K, paused 6ms, total 7ms
07-11 16:21:50.867 D/dalvikvm(32273): GC_CONCURRENT freed 231K, 3% free 9198K/9464K, paused 4ms+6ms, total 61ms
07-11 16:21:50.875 D/dalvikvm(32273): WAIT_FOR_CONCURRENT_GC blocked 21ms
07-11 16:21:50.961 D/dalvikvm(31783): GC_FOR_ALLOC freed 503K, 82% free 631K/3408K, paused 6ms, total 6ms
07-11 16:21:51.140 D/dalvikvm(31783): GC_FOR_ALLOC freed 495K, 81% free 647K/3408K, paused 8ms, total 8ms
07-11 16:21:51.336 D/dalvikvm(31783): GC_FOR_ALLOC freed 534K, 82% free 625K/3408K, paused 6ms, total 7ms
07-11 16:21:51.336 I/ContactLocale(32273): AddressBook Labels [zh_CN]: [, A, B, C, D, E, F, G, H, I, J, K, L, M, N, O, P, Q, R, S, T, U, V, W, X, Y, Z, , , , , , , , , , , , , , , , , , , , , , , , , , , , , , , , , , , , , , , , , , , , , , , , , , , , , , , , , , , , , , , , , , , , , , , , , , , , , , , , , , , , , , , , , , , , , , , , , , , , , , , , , , , , , , , , , , , , , , , , , , , , , , , , , , , , , , , , , , , , , , , , , , , , , , , , , , , , #, ]
07-11 16:21:51.547 D/dalvikvm(31783): GC_FOR_ALLOC freed 496K, 82% free 640K/3408K, paused 7ms, total 7ms
07-11 16:21:51.672 W/MountService(  374): getVolumeState(/storage/emulated/0/external_sd): Unknown volume
07-11 16:21:51.679 W/MountService(  374): getVolumeState(/mnt/sdcard-ext): Unknown volume
07-11 16:21:51.679 W/MountService(  374): getVolumeState(/mnt/ext_sdcard): Unknown volume
07-11 16:21:51.687 W/MountService(  374): getVolumeState(/mnt/sdcard2): Unknown volume
07-11 16:21:51.687 W/MountService(  374): getVolumeState(/mnt/emmc): Unknown volume
07-11 16:21:51.687 W/MountService(  374): getVolumeState(/mnt/extSdCard): Unknown volume
07-11 16:21:51.695 W/MountService(  374): getVolumeState(/mnt/sdcard/SD_CARD): Unknown volume
07-11 16:21:51.695 W/MountService(  374): getVolumeState(/mnt/sdcard/extra_sd): Unknown volume
07-11 16:21:51.695 W/MountService(  374): getVolumeState(/mnt/extrasd_bind): Unknown volume
07-11 16:21:51.695 W/MountService(  374): getVolumeState(/mnt/sdcard/ext_sd): Unknown volume
07-11 16:21:51.695 W/MountService(  374): getVolumeState(/storage/extSdCard): Unknown volume
07-11 16:21:51.703 W/MountService(  374): getVolumeState(/storage/sdcard1): Unknown volume
07-11 16:21:51.703 W/MountService(  374): getVolumeState(/mnt/sdcard/external_SD): Unknown volume
07-11 16:21:51.703 W/MountService(  374): getVolumeState(/mnt/sdcard/external_sd): Unknown volume
07-11 16:21:51.765 D/dalvikvm(30248): GC_CONCURRENT freed 610K, 8% free 9380K/10184K, paused 4ms+3ms, total 52ms
07-11 16:21:51.765 D/dalvikvm(30248): WAIT_FOR_CONCURRENT_GC blocked 10ms
07-11 16:21:51.789 D/dalvikvm(31783): GC_FOR_ALLOC freed 512K, 82% free 640K/3408K, paused 6ms, total 7ms
07-11 16:21:51.883 D/dalvikvm(32273): GC_CONCURRENT freed 180K, 3% free 9407K/9624K, paused 3ms+2ms, total 29ms
07-11 16:21:52.015 D/dalvikvm(31783): GC_FOR_ALLOC freed 527K, 82% free 624K/3408K, paused 6ms, total 7ms
07-11 16:21:52.219 D/dalvikvm(31783): GC_FOR_ALLOC freed 485K, 81% free 650K/3408K, paused 6ms, total 6ms
07-11 16:21:52.422 D/dalvikvm(31783): GC_FOR_ALLOC freed 540K, 82% free 622K/3408K, paused 8ms, total 8ms
07-11 16:21:52.648 D/dalvikvm(31783): GC_FOR_ALLOC freed 499K, 82% free 634K/3408K, paused 6ms, total 6ms
07-11 16:21:52.836 D/dalvikvm(31783): GC_FOR_ALLOC freed 501K, 82% free 645K/3408K, paused 6ms, total 7ms
07-11 16:21:53.023 D/dalvikvm(31783): GC_FOR_ALLOC freed 531K, 82% free 625K/3408K, paused 6ms, total 7ms
07-11 16:21:53.226 D/dalvikvm(31783): GC_FOR_ALLOC freed 494K, 82% free 643K/3408K, paused 7ms, total 7ms
07-11 16:21:53.414 D/dalvikvm(31783): GC_FOR_ALLOC freed 534K, 82% free 620K/3408K, paused 6ms, total 6ms
07-11 16:21:53.609 D/dalvikvm(31783): GC_FOR_ALLOC freed 505K, 82% free 627K/3408K, paused 6ms, total 7ms
07-11 16:21:53.789 D/dalvikvm(31783): GC_FOR_ALLOC freed 487K, 81% free 651K/3408K, paused 7ms, total 7ms
07-11 16:21:53.937 I/ActivityManager(  374): No longer want com.qihoo.daemon (pid 30248): empty #17
07-11 16:21:53.953 W/ActivityManager(  374): Scheduling restart of crashed service com.qihoo.appstore/com.qihoo.express.mini.service.DaemonCoreService in 5000ms
07-11 16:21:53.953 W/ActivityManager(  374): Scheduling restart of crashed service com.qihoo.appstore/com.qihoo360.mobilesafe.pcdaemon.service.DaemonService in 14999ms
07-11 16:21:53.961 D/dalvikvm(31783): GC_FOR_ALLOC freed 541K, 82% free 622K/3408K, paused 7ms, total 7ms
07-11 16:21:54.148 D/dalvikvm(31783): GC_FOR_ALLOC freed 497K, 82% free 637K/3408K, paused 9ms, total 9ms
07-11 16:21:54.359 D/dalvikvm(31783): GC_FOR_ALLOC freed 504K, 82% free 644K/3408K, paused 8ms, total 8ms
07-11 16:21:54.539 D/dalvikvm(31783): GC_FOR_ALLOC freed 536K, 82% free 620K/3408K, paused 6ms, total 6ms
07-11 16:21:54.656 D/AndroidRuntime(32303): 
07-11 16:21:54.656 D/AndroidRuntime(32303): >>>>>> AndroidRuntime START com.android.internal.os.RuntimeInit <<<<<<
07-11 16:21:54.656 D/AndroidRuntime(32303): CheckJNI is OFF
07-11 16:21:54.672 D/dalvikvm(32303): Trying to load lib libjavacore.so 0x0
07-11 16:21:54.679 D/dalvikvm(32303): Added shared lib libjavacore.so 0x0
07-11 16:21:54.695 D/dalvikvm(32303): Trying to load lib libnativehelper.so 0x0
07-11 16:21:54.695 D/dalvikvm(32303): Added shared lib libnativehelper.so 0x0
07-11 16:21:54.797 D/dalvikvm(31783): GC_FOR_ALLOC freed 485K, 82% free 646K/3408K, paused 7ms, total 7ms
07-11 16:21:54.961 D/AndroidRuntime(32303): Calling main entry com.android.commands.am.Am
07-11 16:21:54.969 D/dalvikvm(32303): Note: class Landroid/app/ActivityManagerNative; has 163 unimplemented (abstract) methods
07-11 16:21:54.984 D/AndroidRuntime(32303): Shutting down VM
07-11 16:21:54.984 D/jdwp    (32303): Got wake-up signal, bailing out of select
07-11 16:21:54.984 D/dalvikvm(32303): Debugger has detached; object registry had 1 entries
07-11 16:21:54.984 I/ActivityManager(  374): Start proc com.qihoo.daemon for service com.qihoo.appstore/com.qihoo360.mobilesafe.pcdaemon.service.DaemonService: pid=32313 uid=10064 gids={50064, 3003, 1015, 3002, 1006, 3001, 1028}
07-11 16:21:55.008 I/dalvikvm(32313): Turning on JNI app bug workarounds for target SDK version 10...
07-11 16:21:55.031 D/dalvikvm(31783): GC_FOR_ALLOC freed 517K, 82% free 640K/3408K, paused 8ms, total 9ms
07-11 16:21:55.133 D/ProxyApplication(32313): attachBaseContext mCurrentProcessName : com.qihoo.daemon
07-11 16:21:55.133 D/ProxyApplication(32313): attachBaseContext mIsConfigProcesso : false
07-11 16:21:55.281 D/dalvikvm(31783): GC_FOR_ALLOC freed 523K, 82% free 629K/3408K, paused 11ms, total 11ms
07-11 16:21:55.289 E/MyLog   (32313): ZY>>LOGD=false
07-11 16:21:55.367 D/dalvikvm(32313): GC_CONCURRENT freed 312K, 4% free 9099K/9452K, paused 22ms+2ms, total 69ms
07-11 16:21:55.367 D/dalvikvm(32313): WAIT_FOR_CONCURRENT_GC blocked 47ms
07-11 16:21:55.508 D/dalvikvm(32313): Trying to load lib /data/data/com.qihoo.appstore/files/baohecachefileaV2 0x42084cc8
07-11 16:21:55.515 D/dalvikvm(32313): Added shared lib /data/data/com.qihoo.appstore/files/baohecachefileaV2 0x42084cc8
07-11 16:21:55.515 D/dalvikvm(32313): No JNI_OnLoad found in /data/data/com.qihoo.appstore/files/baohecachefileaV2 0x42084cc8, skipping init
07-11 16:21:55.648 W/dalvikvm(32313): Unable to resolve superclass of Lcom/qihoo/appstore/clear/g; (44)
07-11 16:21:55.648 W/dalvikvm(32313): Link of class 'Lcom/qihoo/appstore/clear/g;' failed
07-11 16:21:55.648 E/dalvikvm(32313): Could not find class 'com.qihoo.appstore.clear.g', referenced from method com.qihoo.appstore.clear.d.a
07-11 16:21:55.648 W/dalvikvm(32313): VFY: unable to resolve new-instance 1669 (Lcom/qihoo/appstore/clear/g;) in Lcom/qihoo/appstore/clear/d;
07-11 16:21:55.648 D/dalvikvm(32313): VFY: replacing opcode 0x22 at 0x0011
07-11 16:21:55.664 I/dalvikvm(32313): Could not find method android.app.IActivityManager.unregisterActivityWatcher, referenced from method com.qihoo.appstore.clear.d.b
07-11 16:21:55.664 W/dalvikvm(32313): VFY: unable to resolve interface method 210: Landroid/app/IActivityManager;.unregisterActivityWatcher (Landroid/app/IActivityWatcher;)V
07-11 16:21:55.664 D/dalvikvm(32313): VFY: replacing opcode 0x72 at 0x0011
07-11 16:21:55.672 W/dalvikvm(32313): Unable to resolve superclass of Lcom/qihoo/appstore/clear/g; (44)
07-11 16:21:55.672 W/dalvikvm(32313): Link of class 'Lcom/qihoo/appstore/clear/g;' failed
07-11 16:21:55.672 D/dalvikvm(32313): DexOpt: unable to opt direct call 0x242a at 0x14 in Lcom/qihoo/appstore/clear/d;.a
07-11 16:21:55.742 D/dalvikvm(31783): GC_FOR_ALLOC freed 493K, 81% free 648K/3408K, paused 7ms, total 15ms
07-11 16:21:55.758 D/AndroidRuntime(32330): 
07-11 16:21:55.758 D/AndroidRuntime(32330): >>>>>> AndroidRuntime START com.android.internal.os.RuntimeInit <<<<<<
07-11 16:21:55.758 D/AndroidRuntime(32330): CheckJNI is OFF
07-11 16:21:55.765 D/dalvikvm(32330): Trying to load lib libjavacore.so 0x0
07-11 16:21:55.773 D/dalvikvm(32330): Added shared lib libjavacore.so 0x0
07-11 16:21:55.781 D/dalvikvm(32313): GC_CONCURRENT freed 443K, 6% free 9161K/9644K, paused 4ms+6ms, total 108ms
07-11 16:21:55.781 D/dalvikvm(32313): WAIT_FOR_CONCURRENT_GC blocked 25ms
07-11 16:21:55.789 D/dalvikvm(32330): Trying to load lib libnativehelper.so 0x0
07-11 16:21:55.797 D/dalvikvm(32330): Added shared lib libnativehelper.so 0x0
07-11 16:21:56.062 D/dalvikvm(31783): GC_FOR_ALLOC freed 517K, 82% free 643K/3408K, paused 10ms, total 10ms
07-11 16:21:56.125 D/AndroidRuntime(32330): Calling main entry com.android.commands.pm.Pm
07-11 16:21:56.211 D/AndroidRuntime(32330): Shutting down VM
07-11 16:21:56.211 D/dalvikvm(32330): Debugger has detached; object registry had 1 entries
07-11 16:21:56.234 D/dalvikvm(32313): GC_FOR_ALLOC freed 110K, 5% free 9164K/9644K, paused 94ms, total 99ms
07-11 16:21:56.328 D/dalvikvm(31783): GC_FOR_ALLOC freed 515K, 82% free 639K/3408K, paused 7ms, total 8ms
07-11 16:21:56.414 D/dalvikvm(32313): GC_CONCURRENT freed 366K, 5% free 9309K/9712K, paused 3ms+14ms, total 48ms
07-11 16:21:56.554 D/dalvikvm(32313): GC_FOR_ALLOC freed 575K, 7% free 9230K/9848K, paused 50ms, total 51ms
07-11 16:21:56.633 D/dalvikvm(31783): GC_FOR_ALLOC freed 510K, 82% free 641K/3408K, paused 7ms, total 7ms
07-11 16:21:56.726 D/dalvikvm( 3259): GC_FOR_ALLOC freed 2800K, 34% free 17136K/25600K, paused 68ms, total 69ms
07-11 16:21:56.765 D/dalvikvm(32313): GC_CONCURRENT freed 428K, 6% free 9303K/9848K, paused 8ms+82ms, total 132ms
07-11 16:21:56.765 D/dalvikvm(32313): WAIT_FOR_CONCURRENT_GC blocked 22ms
07-11 16:21:56.953 D/dalvikvm(31783): GC_FOR_ALLOC freed 530K, 82% free 622K/3408K, paused 6ms, total 6ms
07-11 16:21:57.133 D/AndroidRuntime(32366): 
07-11 16:21:57.133 D/AndroidRuntime(32366): >>>>>> AndroidRuntime START com.android.internal.os.RuntimeInit <<<<<<
07-11 16:21:57.133 D/AndroidRuntime(32366): CheckJNI is OFF
07-11 16:21:57.148 D/dalvikvm(32366): Trying to load lib libjavacore.so 0x0
07-11 16:21:57.148 D/dalvikvm(31783): GC_FOR_ALLOC freed 484K, 81% free 649K/3408K, paused 7ms, total 7ms
07-11 16:21:57.156 D/dalvikvm(32366): Added shared lib libjavacore.so 0x0
07-11 16:21:57.172 D/dalvikvm(32366): Trying to load lib libnativehelper.so 0x0
07-11 16:21:57.172 D/dalvikvm(32366): Added shared lib libnativehelper.so 0x0
07-11 16:21:57.344 D/dalvikvm(32313): GC_CONCURRENT freed 512K, 6% free 9285K/9848K, paused 3ms+341ms, total 469ms
07-11 16:21:57.344 D/dalvikvm(32313): WAIT_FOR_CONCURRENT_GC blocked 1ms
07-11 16:21:57.351 D/dalvikvm(31783): GC_FOR_ALLOC freed 522K, 82% free 639K/3408K, paused 8ms, total 15ms
07-11 16:21:57.461 D/AndroidRuntime(32366): Calling main entry com.android.commands.am.Am
07-11 16:21:57.461 D/dalvikvm(32366): Note: class Landroid/app/ActivityManagerNative; has 163 unimplemented (abstract) methods
07-11 16:21:57.476 D/AndroidRuntime(32366): Shutting down VM
07-11 16:21:57.476 D/jdwp    (32366): Got wake-up signal, bailing out of select
07-11 16:21:57.476 D/dalvikvm(32366): Debugger has detached; object registry had 1 entries
07-11 16:21:57.547 D/dalvikvm(32313): GC_CONCURRENT freed 512K, 6% free 9272K/9848K, paused 3ms+18ms, total 50ms
07-11 16:21:57.547 D/dalvikvm(32313): WAIT_FOR_CONCURRENT_GC blocked 3ms
07-11 16:21:57.633 D/dalvikvm(31783): GC_FOR_ALLOC freed 518K, 82% free 632K/3408K, paused 21ms, total 21ms
07-11 16:21:57.648 D/dalvikvm(32313): GC_CONCURRENT freed 474K, 6% free 9271K/9848K, paused 17ms+6ms, total 50ms
07-11 16:21:57.844 D/dalvikvm(32313): GC_CONCURRENT freed 552K, 7% free 9225K/9848K, paused 3ms+71ms, total 158ms
07-11 16:21:57.844 D/dalvikvm(32313): WAIT_FOR_CONCURRENT_GC blocked 93ms
07-11 16:21:57.851 D/dalvikvm(31783): GC_FOR_ALLOC freed 497K, 82% free 647K/3408K, paused 8ms, total 8ms
07-11 16:21:58.070 D/dalvikvm(31783): GC_FOR_ALLOC freed 517K, 82% free 641K/3408K, paused 14ms, total 15ms
07-11 16:21:58.187 D/AndroidRuntime(32390): 
07-11 16:21:58.187 D/AndroidRuntime(32390): >>>>>> AndroidRuntime START com.android.internal.os.RuntimeInit <<<<<<
07-11 16:21:58.187 D/AndroidRuntime(32390): CheckJNI is OFF
07-11 16:21:58.203 D/dalvikvm(32390): Trying to load lib libjavacore.so 0x0
07-11 16:21:58.211 D/dalvikvm(32390): Added shared lib libjavacore.so 0x0
07-11 16:21:58.226 D/dalvikvm(32390): Trying to load lib libnativehelper.so 0x0
07-11 16:21:58.226 D/dalvikvm(32390): Added shared lib libnativehelper.so 0x0
07-11 16:21:58.281 D/dalvikvm(31783): GC_FOR_ALLOC freed 510K, 82% free 642K/3408K, paused 7ms, total 7ms
07-11 16:21:58.484 D/dalvikvm(31783): GC_FOR_ALLOC freed 515K, 82% free 639K/3408K, paused 9ms, total 10ms
07-11 16:21:58.515 D/AndroidRuntime(32390): Calling main entry com.android.commands.pm.Pm
07-11 16:21:58.586 D/dalvikvm(32313): GC_CONCURRENT freed 490K, 7% free 9233K/9848K, paused 91ms+3ms, total 296ms
07-11 16:21:58.594 D/dalvikvm(32313): WAIT_FOR_CONCURRENT_GC blocked 45ms
07-11 16:21:58.601 D/AndroidRuntime(32390): Shutting down VM
07-11 16:21:58.609 D/dalvikvm(32390): Debugger has detached; object registry had 1 entries
07-11 16:21:58.687 D/dalvikvm(32313): GC_CONCURRENT freed 488K, 6% free 9257K/9848K, paused 3ms+19ms, total 45ms
07-11 16:21:58.703 D/dalvikvm(32313): WAIT_FOR_CONCURRENT_GC blocked 22ms
07-11 16:21:58.789 D/dalvikvm(32313): GC_CONCURRENT freed 535K, 7% free 9234K/9848K, paused 2ms+3ms, total 25ms
07-11 16:21:58.789 D/dalvikvm(32313): WAIT_FOR_CONCURRENT_GC blocked 14ms
07-11 16:21:58.797 D/dalvikvm(32313): WAIT_FOR_CONCURRENT_GC blocked 17ms
07-11 16:21:58.898 D/dalvikvm(32313): GC_CONCURRENT freed 471K, 6% free 9274K/9848K, paused 11ms+3ms, total 46ms
07-11 16:21:58.898 D/dalvikvm(32313): WAIT_FOR_CONCURRENT_GC blocked 6ms
07-11 16:21:59.039 D/dalvikvm(32313): GC_CONCURRENT freed 545K, 7% free 9234K/9848K, paused 3ms+2ms, total 69ms
07-11 16:21:59.039 D/dalvikvm(32313): WAIT_FOR_CONCURRENT_GC blocked 12ms
07-11 16:21:59.109 D/dalvikvm(20727): GC_CONCURRENT freed 387K, 7% free 9994K/10648K, paused 2ms+3ms, total 120ms
07-11 16:21:59.117 D/dalvikvm(32313): WAIT_FOR_CONCURRENT_GC blocked 108ms
07-11 16:21:59.570 D/AndroidRuntime(32410): 
07-11 16:21:59.570 D/AndroidRuntime(32410): >>>>>> AndroidRuntime START com.android.internal.os.RuntimeInit <<<<<<
07-11 16:21:59.570 D/AndroidRuntime(32410): CheckJNI is OFF
07-11 16:21:59.586 D/dalvikvm(32410): Trying to load lib libjavacore.so 0x0
07-11 16:21:59.594 D/dalvikvm(32410): Added shared lib libjavacore.so 0x0
07-11 16:21:59.609 D/dalvikvm(32410): Trying to load lib libnativehelper.so 0x0
07-11 16:21:59.609 D/dalvikvm(32410): Added shared lib libnativehelper.so 0x0
07-11 16:21:59.758 D/LightsService(  374): Excessive delay setting light: 350ms
07-11 16:21:59.820 D/dalvikvm(31783): GC_FOR_ALLOC freed 519K, 82% free 632K/3408K, paused 7ms, total 7ms
07-11 16:21:59.867 I/AndroidRuntime(31783): VM exiting with result code 0.
07-11 16:21:59.906 D/AndroidRuntime(32410): Calling main entry com.android.commands.am.Am
07-11 16:21:59.906 D/dalvikvm(32410): Note: class Landroid/app/ActivityManagerNative; has 163 unimplemented (abstract) methods
07-11 16:21:59.914 D/AndroidRuntime(32410): Shutting down VM
07-11 16:21:59.922 D/jdwp    (32410): Got wake-up signal, bailing out of select
07-11 16:21:59.922 D/dalvikvm(32410): Debugger has detached; object registry had 1 entries
07-11 16:21:59.969 D/LightsService(  374): Excessive delay setting light: 66ms
07-11 16:22:00.664 D/AndroidRuntime(32426): 
07-11 16:22:00.664 D/AndroidRuntime(32426): >>>>>> AndroidRuntime START com.android.internal.os.RuntimeInit <<<<<<
07-11 16:22:00.664 D/AndroidRuntime(32426): CheckJNI is OFF
07-11 16:22:00.679 D/dalvikvm(32426): Trying to load lib libjavacore.so 0x0
07-11 16:22:00.687 D/dalvikvm(32426): Added shared lib libjavacore.so 0x0
07-11 16:22:00.703 D/dalvikvm(32426): Trying to load lib libnativehelper.so 0x0
07-11 16:22:00.703 D/dalvikvm(32426): Added shared lib libnativehelper.so 0x0
07-11 16:22:00.937 D/AndroidRuntime(32426): Calling main entry com.android.commands.pm.Pm
07-11 16:22:01.000 D/AndroidRuntime(32426): Shutting down VM
07-11 16:22:01.000 D/jdwp    (32426): Got wake-up signal, bailing out of select
07-11 16:22:01.000 D/dalvikvm(32426): Debugger has detached; object registry had 1 entries
07-11 16:22:01.445 I/ActivityManager(  374): START u0 {act=com.qihoo360.daemon.pcdaemon.ACTION_START_OPERATE_AUTHOR flg=0x10000000 cmp=com.qihoo.appstore/com.qihoo.express.mini.activity.PCLinkConfirmDialogActivity (has extras)} from pid 32313
07-11 16:22:01.515 D/dalvikvm(32313): GC_CONCURRENT freed 373K, 7% free 9256K/9848K, paused 6ms+2ms, total 30ms
07-11 16:22:01.601 D/dalvikvm(  374): JIT code cache reset in 10 ms (1048428 bytes 39/0)
07-11 16:22:01.609 D/dalvikvm(  374): GC_FOR_ALLOC freed 2124K, 29% free 22860K/31968K, paused 112ms, total 112ms
07-11 16:22:01.617 D/MdmApplication( 3259): [null:-1]->onActivityPaused market.activity.AppListActivity , mActivityCount = 6
07-11 16:22:01.617 D/MDM :   ( 3259): [null:-1]->query
07-11 16:22:01.625 D/MDM :   ( 3259): [null:-1]->QUERY_PINCODE_CHECK_RESULT
07-11 16:22:01.625 E/Mdm     ( 3259): Call Mdm service's setLastExitTime function
07-11 16:22:01.672 W/InputMethodManagerService(  374): Window already focused, ignoring focus gain of: com.android.internal.view.IInputMethodClient$Stub$Proxy@42cf07e8 attribute=null, token = android.os.BinderProxy@42c9a5d0
07-11 16:22:01.679 D/mdm_log ( 3259): [null:-1]->has installed com.moji.mjweather
07-11 16:22:01.734 I/ActivityManager(  374): No longer want com.google.android.deskclock (pid 31744): empty #17
07-11 16:22:04.383 I/ActivityManager(  374): No longer want com.android.providers.calendar (pid 31398): empty #17
07-11 16:22:05.336 I/PowerManagerService(  374): Going to sleep due to screen timeout...
07-11 16:22:06.117 D/SurfaceFlinger(  124): Screen released, type=0 flinger=0x400b4008
07-11 16:22:06.281 D/dalvikvm(  374): GC_FOR_ALLOC freed 910K, 29% free 22818K/31968K, paused 97ms, total 97ms
07-11 16:22:06.289 D/MdmApplication( 3259): [null:-1]->onActivityPaused market.activity.AppListActivity , mActivityCount = 5
07-11 16:22:06.289 D/MDM :   ( 3259): [null:-1]->query
07-11 16:22:06.289 D/MDM :   ( 3259): [null:-1]->QUERY_PINCODE_CHECK_RESULT
07-11 16:22:06.289 E/Mdm     ( 3259): Call Mdm service's setLastExitTime function
07-11 16:22:06.422 D/NfcService(  592): NFC-C OFF, disconnect
07-11 16:22:06.492 D/MDM :   ( 3259): [null:-1]->query
07-11 16:22:06.492 D/MDM :   ( 3259): [null:-1]->QUERY_SETTING_PIN_ONOFF
07-11 16:22:11.211 I/ActivityManager(  374): Start proc com.google.android.deskclock for service com.google.android.deskclock/com.android.alarmclock.DigitalAppWidgetService: pid=32466 uid=10013 gids={50013, 1028}
07-11 16:22:11.250 D/dalvikvm(  125): GC_EXPLICIT freed 40K, 1% free 8921K/9000K, paused 2ms+3ms, total 54ms
07-11 16:22:11.281 D/dalvikvm(  125): GC_EXPLICIT freed <1K, 1% free 8921K/9000K, paused 2ms+4ms, total 27ms
07-11 16:22:11.304 D/dalvikvm(  125): GC_EXPLICIT freed <1K, 1% free 8921K/9000K, paused 2ms+4ms, total 26ms
07-11 16:22:11.406 V/KeyguardHostView(  374): hide transport, gen:145
07-11 16:22:11.406 V/KeyguardHostView(  374): music state changed: 0
07-11 16:22:11.445 D/PhoneStatusBar(  450): disable: < expand icons alerts ticker system_info back home RECENT* clock search >
07-11 16:22:11.476 V/TAG     (  374): bug 7643792: fitSystemWindows([0,50][0,0])
07-11 16:22:11.633 D/PhoneStatusBar(  450): disable: < expand icons alerts ticker system_info BACK* HOME* RECENT CLOCK* search >
07-11 16:22:12.492 W/ProcessStats(  374): Skipping unknown process pid 32481
07-11 16:22:16.422 I/ActivityManager(  374): No longer want com.mgyapp.android (pid 15128): empty #17
07-11 16:22:16.445 W/ActivityManager(  374): Scheduling restart of crashed service com.mgyapp.android/.service.AppService in 5000ms
07-11 16:22:21.469 I/ActivityManager(  374): Start proc com.mgyapp.android for service com.mgyapp.android/.service.AppService: pid=32501 uid=10079 gids={50079, 3003, 1015, 1028, 3002, 1006}
07-11 16:22:21.617 D/dalvikvm(32501): Trying to load lib /data/app-lib/com.mgyapp.android-1/libtpnsSecurity.so 0x4207b498
07-11 16:22:21.617 D/dalvikvm(32501): Added shared lib /data/app-lib/com.mgyapp.android-1/libtpnsSecurity.so 0x4207b498
07-11 16:22:21.617 I/TpnsSecurity(32501): JNI_OnLoad
07-11 16:22:21.711 D/dalvikvm(32501): GC_CONCURRENT freed 212K, 3% free 9206K/9456K, paused 3ms+4ms, total 28ms
07-11 16:22:21.765 D/dalvikvm(32501): GC_CONCURRENT freed 230K, 4% free 9388K/9704K, paused 2ms+2ms, total 21ms
07-11 16:22:21.765 D/dalvikvm(32501): WAIT_FOR_CONCURRENT_GC blocked 18ms
07-11 16:22:21.789 D/dalvikvm(32501): GC_FOR_ALLOC freed 245K, 5% free 9476K/9928K, paused 18ms, total 18ms
07-11 16:22:21.812 D/dalvikvm(32501): GC_FOR_ALLOC freed 179K, 5% free 9493K/9928K, paused 18ms, total 18ms
07-11 16:22:21.875 D/dalvikvm(32501): GC_CONCURRENT freed 246K, 3% free 9720K/10012K, paused 2ms+3ms, total 23ms
07-11 16:22:21.969 D/dalvikvm(32501): GC_CONCURRENT freed 104K, 2% free 10081K/10220K, paused 2ms+2ms, total 25ms
07-11 16:22:21.976 D/dalvikvm(32501): WAIT_FOR_CONCURRENT_GC blocked 9ms
07-11 16:22:22.070 D/dalvikvm(32501): GC_CONCURRENT freed 273K, 3% free 10294K/10604K, paused 2ms+3ms, total 27ms
07-11 16:22:22.125 I/XGService(32501): checkNativeMethod passed.
07-11 16:22:22.219 D/dalvikvm(32501): GC_CONCURRENT freed 461K, 5% free 10306K/10804K, paused 2ms+10ms, total 33ms
07-11 16:22:22.242 D/dalvikvm(25474): GC_CONCURRENT freed 427K, 16% free 9543K/11232K, paused 6ms+2ms, total 59ms
07-11 16:22:22.383 D/dalvikvm(25474): GC_CONCURRENT freed 233K, 13% free 9793K/11232K, paused 9ms+3ms, total 31ms
07-11 16:22:22.383 D/dalvikvm(25474): WAIT_FOR_CONCURRENT_GC blocked 22ms
07-11 16:22:22.390 D/dalvikvm(32501): GC_CONCURRENT freed 1562K, 16% free 9137K/10804K, paused 6ms+5ms, total 38ms
07-11 16:22:22.406 D/dalvikvm(25474): GC_FOR_ALLOC freed 30K, 13% free 9825K/11232K, paused 23ms, total 23ms
07-11 16:22:22.406 I/dalvikvm-heap(25474): Grow heap (frag case) to 9.750MB for 129040-byte allocation
07-11 16:22:22.437 D/dalvikvm(25474): GC_FOR_ALLOC freed 62K, 13% free 9889K/11360K, paused 27ms, total 27ms
07-11 16:22:22.469 D/dalvikvm(25474): GC_FOR_ALLOC freed 182K, 13% free 9914K/11360K, paused 26ms, total 26ms
07-11 16:22:22.500 D/dalvikvm(25474): GC_FOR_ALLOC freed 241K, 13% free 9994K/11360K, paused 30ms, total 30ms
07-11 16:22:22.531 D/dalvikvm(25474): GC_FOR_ALLOC freed 62K, 12% free 10058K/11360K, paused 30ms, total 30ms
07-11 16:22:22.531 I/dalvikvm-heap(25474): Grow heap (frag case) to 9.932MB for 81878-byte allocation
07-11 16:22:22.562 D/dalvikvm(25474): GC_FOR_ALLOC freed 0K, 12% free 10138K/11444K, paused 32ms, total 32ms
07-11 16:22:22.695 D/dalvikvm(25474): GC_CONCURRENT freed 236K, 10% free 10413K/11444K, paused 3ms+3ms, total 58ms
07-11 16:22:22.695 D/dalvikvm(25474): WAIT_FOR_CONCURRENT_GC blocked 6ms
07-11 16:22:22.734 D/dalvikvm(32501): GC_CONCURRENT freed 366K, 16% free 9155K/10804K, paused 3ms+2ms, total 22ms
07-11 16:22:22.773 D/dalvikvm(25474): GC_CONCURRENT freed 282K, 7% free 10643K/11444K, paused 2ms+6ms, total 35ms
07-11 16:22:22.781 D/dalvikvm(25474): WAIT_FOR_CONCURRENT_GC blocked 19ms
07-11 16:22:22.898 D/dalvikvm(25474): GC_CONCURRENT freed 406K, 7% free 10755K/11444K, paused 5ms+12ms, total 55ms
07-11 16:22:23.109 W/BackupManagerService(  374): dataChanged but no participant pkg='com.android.providers.settings' uid=10079
07-11 16:22:23.148 I/XGPushMessage(32501): >>TPushBaseReceiver receiver msg>>
07-11 16:22:23.148 I/TPush   (32501): >>TPushBaseReceiver receiver msg>>Intent { act=com.tencent.android.tpush.action.FEEDBACK flg=0x10 pkg=com.mgyapp.android cmp=com.mgyapp.android/com.mgyun.general.push.XGPushActionRecevier (has extras) },Bundle[mParcelledData.dataSize=348]
07-11 16:22:23.148 I/XGPushMessage(32501): >>XGPushBaseReceiver receiver feedbackHandler>>@feedbackType:1 ,@errorCode:0
07-11 16:22:29.054 D/dalvikvm(  833): GC_EXPLICIT freed 535K, 18% free 12817K/15584K, paused 6ms+6ms, total 80ms
07-11 16:22:29.054 D/dalvikvm(  833): WAIT_FOR_CONCURRENT_GC blocked 73ms
07-11 16:22:29.117 D/dalvikvm(  833): GC_EXPLICIT freed 25K, 18% free 12792K/15584K, paused 4ms+5ms, total 65ms
07-11 16:22:29.117 D/dalvikvm(  833): WAIT_FOR_CONCURRENT_GC blocked 127ms
07-11 16:22:29.187 D/dalvikvm(  833): GC_EXPLICIT freed <1K, 18% free 12791K/15584K, paused 4ms+5ms, total 64ms
07-11 16:22:29.203 W/ResponseProcessCookies(20340): Invalid cookie header: "Set-Cookie: BAIDUID=6DB1DD9245C14D1D576DD744892A03F4:FG=1; max-age=31536000; expires=Sat, 11-Jul-15 08:22:29 GMT; domain=.baidu.com; path=/; version=1". Unable to parse expires attribute: Sat
07-11 16:22:29.203 W/ResponseProcessCookies(20340): Invalid cookie header: "Set-Cookie: NBID=6DB1DD9245C14D1DB284CE1225D33270:FG=1; max-age=2592000; expires=Sun, 10-Aug-14 08:22:29 GMT; domain=.baidu.com; path=/; version=1". Unable to parse expires attribute: Sun
07-11 16:22:29.312 W/ResponseProcessCookies(20340): Invalid cookie header: "Set-Cookie: BAIDUID=6DB1DD9245C14D1D48AF05CE1B99163F:FG=1; max-age=31536000; expires=Sat, 11-Jul-15 08:22:29 GMT; domain=.baidu.com; path=/; version=1". Unable to parse expires attribute: Sat
07-11 16:22:29.320 W/ResponseProcessCookies(20340): Invalid cookie header: "Set-Cookie: NBID=6DB1DD9245C14D1D6392434CC53343C4:FG=1; max-age=2592000; expires=Sun, 10-Aug-14 08:22:29 GMT; domain=.baidu.com; path=/; version=1". Unable to parse expires attribute: Sun
07-11 16:22:29.375 D/dalvikvm(20340): GC_CONCURRENT freed 399K, 5% free 10137K/10668K, paused 3ms+3ms, total 32ms
07-11 16:22:38.578 D/dalvikvm(26136): GC_CONCURRENT freed 391K, 5% free 10138K/10580K, paused 4ms+2ms, total 40ms
07-11 16:22:44.320 D/GCM     (  647): Ignoring attempt to send heartbeat on dead connection.
07-11 16:22:50.750 W/MountService(  374): getVolumeState(/storage/emulated/0/external_sd): Unknown volume
07-11 16:22:50.750 W/MountService(  374): getVolumeState(/mnt/sdcard-ext): Unknown volume
07-11 16:22:50.750 W/MountService(  374): getVolumeState(/mnt/ext_sdcard): Unknown volume
07-11 16:22:50.750 W/MountService(  374): getVolumeState(/mnt/sdcard2): Unknown volume
07-11 16:22:50.750 W/MountService(  374): getVolumeState(/mnt/emmc): Unknown volume
07-11 16:22:50.750 W/MountService(  374): getVolumeState(/mnt/extSdCard): Unknown volume
07-11 16:22:50.750 W/MountService(  374): getVolumeState(/mnt/sdcard/SD_CARD): Unknown volume
07-11 16:22:50.758 W/MountService(  374): getVolumeState(/mnt/sdcard/extra_sd): Unknown volume
07-11 16:22:50.758 W/MountService(  374): getVolumeState(/mnt/extrasd_bind): Unknown volume
07-11 16:22:50.758 W/MountService(  374): getVolumeState(/mnt/sdcard/ext_sd): Unknown volume
07-11 16:22:50.758 W/MountService(  374): getVolumeState(/storage/extSdCard): Unknown volume
07-11 16:22:50.758 W/MountService(  374): getVolumeState(/storage/sdcard1): Unknown volume
07-11 16:22:50.758 W/MountService(  374): getVolumeState(/mnt/sdcard/external_SD): Unknown volume
07-11 16:22:50.765 W/MountService(  374): getVolumeState(/mnt/sdcard/external_sd): Unknown volume
07-11 16:22:50.844 D/dalvikvm(32313): GC_CONCURRENT freed 364K, 5% free 9386K/9820K, paused 2ms+4ms, total 24ms
07-11 16:22:51.047 W/MountService(  374): getVolumeState(/storage/emulated/0/external_sd): Unknown volume
07-11 16:22:51.047 W/MountService(  374): getVolumeState(/mnt/sdcard-ext): Unknown volume
07-11 16:22:51.047 W/MountService(  374): getVolumeState(/mnt/ext_sdcard): Unknown volume
07-11 16:22:51.054 W/MountService(  374): getVolumeState(/mnt/sdcard2): Unknown volume
07-11 16:22:51.054 W/MountService(  374): getVolumeState(/mnt/emmc): Unknown volume
07-11 16:22:51.054 W/MountService(  374): getVolumeState(/mnt/extSdCard): Unknown volume
07-11 16:22:51.054 W/MountService(  374): getVolumeState(/mnt/sdcard/SD_CARD): Unknown volume
07-11 16:22:51.054 W/MountService(  374): getVolumeState(/mnt/sdcard/extra_sd): Unknown volume
07-11 16:22:51.062 W/MountService(  374): getVolumeState(/mnt/extrasd_bind): Unknown volume
07-11 16:22:51.062 W/MountService(  374): getVolumeState(/mnt/sdcard/ext_sd): Unknown volume
07-11 16:22:51.062 W/MountService(  374): getVolumeState(/storage/extSdCard): Unknown volume
07-11 16:22:51.062 W/MountService(  374): getVolumeState(/storage/sdcard1): Unknown volume
07-11 16:22:51.062 W/MountService(  374): getVolumeState(/mnt/sdcard/external_SD): Unknown volume
07-11 16:22:51.062 W/MountService(  374): getVolumeState(/mnt/sdcard/external_sd): Unknown volume
07-11 16:22:51.078 D/dalvikvm(32313): GC_CONCURRENT freed 524K, 6% free 9368K/9932K, paused 4ms+5ms, total 38ms
07-11 16:22:51.078 D/dalvikvm(32313): WAIT_FOR_CONCURRENT_GC blocked 2ms
07-11 16:22:51.078 D/dalvikvm(32313): WAIT_FOR_CONCURRENT_GC blocked 8ms
07-11 16:22:52.484 W/System.err(32501): java.io.FileNotFoundException: /data/data/com.mgyapp.android/files/.cfpaps.i: open failed: ENOENT (No such file or directory)
07-11 16:22:52.484 W/System.err(32501): 	at libcore.io.IoBridge.open(IoBridge.java:409)
07-11 16:22:52.484 W/System.err(32501): 	at java.io.FileInputStream.<init>(FileInputStream.java:78)
07-11 16:22:52.484 W/System.err(32501): 	at android.app.ContextImpl.openFileInput(ContextImpl.java:702)
07-11 16:22:52.484 W/System.err(32501): 	at android.content.ContextWrapper.openFileInput(ContextWrapper.java:173)
07-11 16:22:52.484 W/System.err(32501): 	at com.mgyun.shua.jc.service.f.run(Unknown Source)
07-11 16:22:52.484 W/System.err(32501): 	at com.mgyun.shua.jc.service.CpWorkServer.onHandleIntent(Unknown Source)
07-11 16:22:52.484 W/System.err(32501): 	at android.app.IntentService$ServiceHandler.handleMessage(IntentService.java:65)
07-11 16:22:52.484 W/System.err(32501): 	at android.os.Handler.dispatchMessage(Handler.java:99)
07-11 16:22:52.484 W/System.err(32501): 	at android.os.Looper.loop(Looper.java:137)
07-11 16:22:52.484 W/System.err(32501): 	at android.os.HandlerThread.run(HandlerThread.java:61)
07-11 16:22:52.484 W/System.err(32501): Caused by: libcore.io.ErrnoException: open failed: ENOENT (No such file or directory)
07-11 16:22:52.484 W/System.err(32501): 	at libcore.io.Posix.open(Native Method)
07-11 16:22:52.484 W/System.err(32501): 	at libcore.io.BlockGuardOs.open(BlockGuardOs.java:110)
07-11 16:22:52.484 W/System.err(32501): 	at libcore.io.IoBridge.open(IoBridge.java:393)
07-11 16:22:52.484 W/System.err(32501): 	... 9 more
07-11 16:23:00.179 D/dalvikvm(  374): GC_CONCURRENT freed 1766K, 24% free 24497K/31968K, paused 5ms+13ms, total 134ms
