07-11 16:39:54.187 W/MountService(  374): getVolumeState(/mnt/ext_sdcard): Unknown volume
07-11 16:39:54.187 W/MountService(  374): getVolumeState(/mnt/sdcard2): Unknown volume
07-11 16:39:54.187 W/MountService(  374): getVolumeState(/mnt/emmc): Unknown volume
07-11 16:39:54.187 W/MountService(  374): getVolumeState(/mnt/extSdCard): Unknown volume
07-11 16:39:54.187 W/MountService(  374): getVolumeState(/mnt/sdcard/SD_CARD): Unknown volume
07-11 16:39:54.195 W/MountService(  374): getVolumeState(/mnt/sdcard/extra_sd): Unknown volume
07-11 16:39:54.195 W/MountService(  374): getVolumeState(/mnt/extrasd_bind): Unknown volume
07-11 16:39:54.195 W/MountService(  374): getVolumeState(/mnt/sdcard/ext_sd): Unknown volume
07-11 16:39:54.195 W/MountService(  374): getVolumeState(/storage/extSdCard): Unknown volume
07-11 16:39:54.195 W/MountService(  374): getVolumeState(/storage/sdcard1): Unknown volume
07-11 16:39:54.195 W/MountService(  374): getVolumeState(/mnt/sdcard/external_SD): Unknown volume
07-11 16:39:54.195 W/MountService(  374): getVolumeState(/mnt/sdcard/external_sd): Unknown volume
07-11 16:39:54.258 D/dalvikvm(32313): GC_FOR_ALLOC freed 443K, 7% free 9341K/10004K, paused 20ms, total 21ms
07-11 16:39:54.414 D/dalvikvm(  374): GC_EXPLICIT freed 2075K, 28% free 23322K/31968K, paused 4ms+11ms, total 120ms
07-11 16:39:54.554 D/dalvikvm(32313): GC_CONCURRENT freed 437K, 6% free 9412K/10004K, paused 3ms+3ms, total 27ms
07-11 16:39:54.554 D/dalvikvm(32313): WAIT_FOR_CONCURRENT_GC blocked 5ms
07-11 16:39:54.554 W/MountService(  374): getVolumeState(/storage/emulated/0/external_sd): Unknown volume
07-11 16:39:54.554 W/MountService(  374): getVolumeState(/mnt/sdcard-ext): Unknown volume
07-11 16:39:54.554 W/MountService(  374): getVolumeState(/mnt/ext_sdcard): Unknown volume
07-11 16:39:54.554 W/MountService(  374): getVolumeState(/mnt/sdcard2): Unknown volume
07-11 16:39:54.554 W/MountService(  374): getVolumeState(/mnt/emmc): Unknown volume
07-11 16:39:54.554 W/MountService(  374): getVolumeState(/mnt/extSdCard): Unknown volume
07-11 16:39:54.554 W/MountService(  374): getVolumeState(/mnt/sdcard/SD_CARD): Unknown volume
07-11 16:39:54.562 W/MountService(  374): getVolumeState(/mnt/sdcard/extra_sd): Unknown volume
07-11 16:39:54.562 W/MountService(  374): getVolumeState(/mnt/extrasd_bind): Unknown volume
07-11 16:39:54.562 W/MountService(  374): getVolumeState(/mnt/sdcard/ext_sd): Unknown volume
07-11 16:39:54.562 W/MountService(  374): getVolumeState(/storage/extSdCard): Unknown volume
07-11 16:39:54.562 W/MountService(  374): getVolumeState(/storage/sdcard1): Unknown volume
07-11 16:39:54.562 W/MountService(  374): getVolumeState(/mnt/sdcard/external_SD): Unknown volume
07-11 16:39:54.562 W/MountService(  374): getVolumeState(/mnt/sdcard/external_sd): Unknown volume
07-11 16:40:05.078 D/dalvikvm(32313): GC_FOR_ALLOC freed 449K, 7% free 9321K/10004K, paused 20ms, total 20ms
07-11 16:40:29.273 I/ActivityManager(  374): No longer want com.nd.assistance.ServerService (pid 24655): empty for 1804s
07-11 16:40:29.281 W/ActivityManager(  374): Scheduling restart of crashed service com.nd.assistance/.server.ServerService in 5000ms
07-11 16:40:29.726 D/AndroidRuntime( 2834): 
07-11 16:40:29.726 D/AndroidRuntime( 2834): >>>>>> AndroidRuntime START com.android.internal.os.RuntimeInit <<<<<<
07-11 16:40:29.726 D/AndroidRuntime( 2834): CheckJNI is OFF
07-11 16:40:29.742 D/dalvikvm( 2834): Trying to load lib libjavacore.so 0x0
07-11 16:40:29.750 D/dalvikvm( 2834): Added shared lib libjavacore.so 0x0
07-11 16:40:29.765 D/dalvikvm( 2834): Trying to load lib libnativehelper.so 0x0
07-11 16:40:29.765 D/dalvikvm( 2834): Added shared lib libnativehelper.so 0x0
07-11 16:40:30.015 D/AndroidRuntime( 2834): Calling main entry com.android.commands.am.Am
07-11 16:40:30.015 D/dalvikvm( 2834): Note: class Landroid/app/ActivityManagerNative; has 163 unimplemented (abstract) methods
07-11 16:40:30.039 D/dalvikvm( 2845): Late-enabling CheckJNI
07-11 16:40:30.039 I/ActivityManager(  374): Start proc com.nd.assistance for broadcast com.nd.assistance/.controller.DaemonController: pid=2845 uid=10065 gids={50065, 3003, 1015, 1006, 1028}
07-11 16:40:30.054 I/dalvikvm( 2845): Turning on JNI app bug workarounds for target SDK version 3...
07-11 16:40:30.101 E/LogCenter( 2845): logger_impl_ init
07-11 16:40:30.125 D/dalvikvm( 2858): Late-enabling CheckJNI
07-11 16:40:30.125 D/AndroidRuntime( 2834): Shutting down VM
07-11 16:40:30.125 D/jdwp    ( 2834): Got wake-up signal, bailing out of select
07-11 16:40:30.125 D/dalvikvm( 2834): Debugger has detached; object registry had 1 entries
07-11 16:40:30.125 I/ActivityManager(  374): Start proc com.nd.assistance.ServerService for service com.nd.assistance/.server.ServerService: pid=2858 uid=10065 gids={50065, 3003, 1015, 1006, 1028}
07-11 16:40:30.125 I/ActivityManager(  374): No longer want com.google.android.apps.plus (pid 31929): empty #17
07-11 16:40:30.140 I/dalvikvm( 2858): Turning on JNI app bug workarounds for target SDK version 3...
07-11 16:40:30.172 E/LogCenter( 2858): logger_impl_ init
07-11 16:40:30.179 D/com.nd.assistance.server.ServerService( 2858): ServerService onCreate()
07-11 16:40:30.179 D/com.nd.assistance.server.ServerService( 2858): ServerService onStart()
07-11 16:40:30.179 D/com.nd.assistance.server.ServerService( 2858): mIsStarting is false, set mIsStarting = true
07-11 16:40:30.179 D/com.nd.assistance.server.ServerService( 2858): startDaemonServer(false)
07-11 16:40:30.187 D/com.nd.assistance.server.ServerService( 2858): mDaemonServer == null
07-11 16:40:30.203 E/daemon.k.a( 2858): acquireWifiLock()
07-11 16:40:30.211 D/com.nd.assistance.server.ServerService( 2858): set mIsStarting = false
07-11 16:40:30.211 D/com.nd.assistance.server.ServerService( 2858): ServerService onStart used time: 30
07-11 16:40:30.219 D/daemon.h.b.b( 2858): start nio server
07-11 16:40:30.242 D/daemon.h.b.c( 2858): SelectReactor run()
07-11 16:40:31.125 E/daemon.c.c( 2858): start heartbeat server.
07-11 16:40:53.109 D/dalvikvm(26136): GC_CONCURRENT freed 384K, 5% free 10138K/10580K, paused 3ms+3ms, total 37ms
07-11 16:40:54.359 W/MountService(  374): getVolumeState(/storage/emulated/0/external_sd): Unknown volume
07-11 16:40:54.359 W/MountService(  374): getVolumeState(/mnt/sdcard-ext): Unknown volume
07-11 16:40:54.359 W/MountService(  374): getVolumeState(/mnt/ext_sdcard): Unknown volume
07-11 16:40:54.359 W/MountService(  374): getVolumeState(/mnt/sdcard2): Unknown volume
07-11 16:40:54.359 W/MountService(  374): getVolumeState(/mnt/emmc): Unknown volume
07-11 16:40:54.359 W/MountService(  374): getVolumeState(/mnt/extSdCard): Unknown volume
07-11 16:40:54.359 W/MountService(  374): getVolumeState(/mnt/sdcard/SD_CARD): Unknown volume
07-11 16:40:54.359 W/MountService(  374): getVolumeState(/mnt/sdcard/extra_sd): Unknown volume
07-11 16:40:54.367 W/MountService(  374): getVolumeState(/mnt/extrasd_bind): Unknown volume
07-11 16:40:54.367 W/MountService(  374): getVolumeState(/mnt/sdcard/ext_sd): Unknown volume
07-11 16:40:54.367 W/MountService(  374): getVolumeState(/storage/extSdCard): Unknown volume
07-11 16:40:54.367 W/MountService(  374): getVolumeState(/storage/sdcard1): Unknown volume
07-11 16:40:54.367 W/MountService(  374): getVolumeState(/mnt/sdcard/external_SD): Unknown volume
07-11 16:40:54.367 W/MountService(  374): getVolumeState(/mnt/sdcard/external_sd): Unknown volume
07-11 16:40:54.429 D/dalvikvm(32313): GC_CONCURRENT freed 361K, 6% free 9471K/10004K, paused 3ms+3ms, total 26ms
07-11 16:40:54.429 D/dalvikvm(32313): WAIT_FOR_CONCURRENT_GC blocked 11ms
07-11 16:40:54.429 D/dalvikvm(32313): WAIT_FOR_CONCURRENT_GC blocked 9ms
07-11 16:40:54.578 W/MountService(  374): getVolumeState(/storage/emulated/0/external_sd): Unknown volume
07-11 16:40:54.578 W/MountService(  374): getVolumeState(/mnt/sdcard-ext): Unknown volume
07-11 16:40:54.578 W/MountService(  374): getVolumeState(/mnt/ext_sdcard): Unknown volume
07-11 16:40:54.578 W/MountService(  374): getVolumeState(/mnt/sdcard2): Unknown volume
07-11 16:40:54.578 W/MountService(  374): getVolumeState(/mnt/emmc): Unknown volume
07-11 16:40:54.578 W/MountService(  374): getVolumeState(/mnt/extSdCard): Unknown volume
07-11 16:40:54.578 W/MountService(  374): getVolumeState(/mnt/sdcard/SD_CARD): Unknown volume
07-11 16:40:54.578 W/MountService(  374): getVolumeState(/mnt/sdcard/extra_sd): Unknown volume
07-11 16:40:54.586 W/MountService(  374): getVolumeState(/mnt/extrasd_bind): Unknown volume
07-11 16:40:54.586 W/MountService(  374): getVolumeState(/mnt/sdcard/ext_sd): Unknown volume
07-11 16:40:54.586 W/MountService(  374): getVolumeState(/storage/extSdCard): Unknown volume
07-11 16:40:54.586 W/MountService(  374): getVolumeState(/storage/sdcard1): Unknown volume
07-11 16:40:54.586 W/MountService(  374): getVolumeState(/mnt/sdcard/external_SD): Unknown volume
07-11 16:40:54.586 W/MountService(  374): getVolumeState(/mnt/sdcard/external_sd): Unknown volume
07-11 16:40:54.617 D/dalvikvm(32313): GC_CONCURRENT freed 558K, 7% free 9386K/10004K, paused 4ms+3ms, total 29ms
07-11 16:41:03.414 D/dalvikvm(25474): GC_CONCURRENT freed 436K, 16% free 9557K/11260K, paused 2ms+2ms, total 32ms
07-11 16:41:03.422 W/BackupManagerService(  374): dataChanged but no participant pkg='com.android.providers.settings' uid=10079
07-11 16:41:03.492 W/BackupManagerService(  374): dataChanged but no participant pkg='com.android.providers.settings' uid=10079
07-11 16:41:20.344 D/dalvikvm( 2858): GC_FOR_ALLOC freed 333K, 4% free 9100K/9468K, paused 29ms, total 29ms
07-11 16:41:33.734 D/dalvikvm(25429): GC_CONCURRENT freed 424K, 6% free 9698K/10252K, paused 5ms+3ms, total 32ms
07-11 16:41:46.547 D/JOBS    (31146): Thread-3874: load factor check. true = (0 < 1)|| (0 * 3 < 0 + 0). consumer thread: true
07-11 16:41:46.547 D/JOBS    (31146): didn't allow me to die, re-running Thread-3874
07-11 16:41:46.547 D/JOBS    (31146): re-running consumer Thread-3874
07-11 16:41:54.539 W/MountService(  374): getVolumeState(/storage/emulated/0/external_sd): Unknown volume
07-11 16:41:54.539 W/MountService(  374): getVolumeState(/mnt/sdcard-ext): Unknown volume
07-11 16:41:54.539 W/MountService(  374): getVolumeState(/mnt/ext_sdcard): Unknown volume
07-11 16:41:54.547 W/MountService(  374): getVolumeState(/mnt/sdcard2): Unknown volume
07-11 16:41:54.547 W/MountService(  374): getVolumeState(/mnt/emmc): Unknown volume
07-11 16:41:54.547 W/MountService(  374): getVolumeState(/mnt/extSdCard): Unknown volume
07-11 16:41:54.547 W/MountService(  374): getVolumeState(/mnt/sdcard/SD_CARD): Unknown volume
07-11 16:41:54.547 W/MountService(  374): getVolumeState(/mnt/sdcard/extra_sd): Unknown volume
07-11 16:41:54.547 W/MountService(  374): getVolumeState(/mnt/extrasd_bind): Unknown volume
07-11 16:41:54.547 W/MountService(  374): getVolumeState(/mnt/sdcard/ext_sd): Unknown volume
07-11 16:41:54.547 W/MountService(  374): getVolumeState(/storage/extSdCard): Unknown volume
07-11 16:41:54.547 W/MountService(  374): getVolumeState(/storage/sdcard1): Unknown volume
07-11 16:41:54.554 W/MountService(  374): getVolumeState(/mnt/sdcard/external_SD): Unknown volume
07-11 16:41:54.554 W/MountService(  374): getVolumeState(/mnt/sdcard/external_sd): Unknown volume
07-11 16:41:54.570 D/dalvikvm(32313): GC_FOR_ALLOC freed 402K, 7% free 9353K/10004K, paused 19ms, total 19ms
07-11 16:41:54.742 D/dalvikvm(16175): GC_EXPLICIT freed 241K, 5% free 9199K/9656K, paused 3ms+5ms, total 30ms
07-11 16:41:54.804 D/dalvikvm(32313): GC_CONCURRENT freed 475K, 7% free 9381K/10004K, paused 3ms+4ms, total 40ms
07-11 16:41:54.812 W/MountService(  374): getVolumeState(/storage/emulated/0/external_sd): Unknown volume
07-11 16:41:54.812 W/MountService(  374): getVolumeState(/mnt/sdcard-ext): Unknown volume
07-11 16:41:54.812 W/MountService(  374): getVolumeState(/mnt/ext_sdcard): Unknown volume
07-11 16:41:54.820 W/MountService(  374): getVolumeState(/mnt/sdcard2): Unknown volume
07-11 16:41:54.820 W/MountService(  374): getVolumeState(/mnt/emmc): Unknown volume
07-11 16:41:54.820 W/MountService(  374): getVolumeState(/mnt/extSdCard): Unknown volume
07-11 16:41:54.820 W/MountService(  374): getVolumeState(/mnt/sdcard/SD_CARD): Unknown volume
07-11 16:41:54.820 W/MountService(  374): getVolumeState(/mnt/sdcard/extra_sd): Unknown volume
07-11 16:41:54.820 W/MountService(  374): getVolumeState(/mnt/extrasd_bind): Unknown volume
07-11 16:41:54.820 W/MountService(  374): getVolumeState(/mnt/sdcard/ext_sd): Unknown volume
07-11 16:41:54.828 W/MountService(  374): getVolumeState(/storage/extSdCard): Unknown volume
07-11 16:41:54.828 W/MountService(  374): getVolumeState(/storage/sdcard1): Unknown volume
07-11 16:41:54.828 W/MountService(  374): getVolumeState(/mnt/sdcard/external_SD): Unknown volume
07-11 16:41:54.828 W/MountService(  374): getVolumeState(/mnt/sdcard/external_sd): Unknown volume
07-11 16:41:54.922 D/dalvikvm(32313): GC_FOR_ALLOC freed 446K, 7% free 9317K/10004K, paused 20ms, total 20ms
07-11 16:42:14.734 I/EntropyMixer(  374): Writing entropy...
07-11 16:42:27.195 D/MdmService( 3259): [null:-1]->receiver action :com.pekall.mdm.action.MDM_ALARM
07-11 16:42:52.476 W/System.err(32501): java.io.FileNotFoundException: /data/data/com.mgyapp.android/files/.cfpaps.i: open failed: ENOENT (No such file or directory)
07-11 16:42:52.476 W/System.err(32501): 	at libcore.io.IoBridge.open(IoBridge.java:409)
07-11 16:42:52.476 W/System.err(32501): 	at java.io.FileInputStream.<init>(FileInputStream.java:78)
07-11 16:42:52.476 W/System.err(32501): 	at android.app.ContextImpl.openFileInput(ContextImpl.java:702)
07-11 16:42:52.476 W/System.err(32501): 	at android.content.ContextWrapper.openFileInput(ContextWrapper.java:173)
07-11 16:42:52.476 W/System.err(32501): 	at com.mgyun.shua.jc.service.f.run(Unknown Source)
07-11 16:42:52.476 W/System.err(32501): 	at com.mgyun.shua.jc.service.CpWorkServer.onHandleIntent(Unknown Source)
07-11 16:42:52.476 W/System.err(32501): 	at android.app.IntentService$ServiceHandler.handleMessage(IntentService.java:65)
07-11 16:42:52.476 W/System.err(32501): 	at android.os.Handler.dispatchMessage(Handler.java:99)
07-11 16:42:52.476 W/System.err(32501): 	at android.os.Looper.loop(Looper.java:137)
07-11 16:42:52.484 W/System.err(32501): 	at android.os.HandlerThread.run(HandlerThread.java:61)
07-11 16:42:52.484 W/System.err(32501): Caused by: libcore.io.ErrnoException: open failed: ENOENT (No such file or directory)
07-11 16:42:52.484 W/System.err(32501): 	at libcore.io.Posix.open(Native Method)
07-11 16:42:52.484 W/System.err(32501): 	at libcore.io.BlockGuardOs.open(BlockGuardOs.java:110)
07-11 16:42:52.484 W/System.err(32501): 	at libcore.io.IoBridge.open(IoBridge.java:393)
07-11 16:42:52.484 W/System.err(32501): 	... 9 more
07-11 16:42:54.789 W/MountService(  374): getVolumeState(/storage/emulated/0/external_sd): Unknown volume
07-11 16:42:54.789 W/MountService(  374): getVolumeState(/mnt/sdcard-ext): Unknown volume
07-11 16:42:54.789 W/MountService(  374): getVolumeState(/mnt/ext_sdcard): Unknown volume
07-11 16:42:54.789 W/MountService(  374): getVolumeState(/mnt/sdcard2): Unknown volume
07-11 16:42:54.789 W/MountService(  374): getVolumeState(/mnt/emmc): Unknown volume
07-11 16:42:54.789 W/MountService(  374): getVolumeState(/mnt/extSdCard): Unknown volume
07-11 16:42:54.789 W/MountService(  374): getVolumeState(/mnt/sdcard/SD_CARD): Unknown volume
07-11 16:42:54.797 W/MountService(  374): getVolumeState(/mnt/sdcard/extra_sd): Unknown volume
07-11 16:42:54.797 W/MountService(  374): getVolumeState(/mnt/extrasd_bind): Unknown volume
07-11 16:42:54.797 W/MountService(  374): getVolumeState(/mnt/sdcard/ext_sd): Unknown volume
07-11 16:42:54.797 W/MountService(  374): getVolumeState(/storage/extSdCard): Unknown volume
07-11 16:42:54.797 W/MountService(  374): getVolumeState(/storage/sdcard1): Unknown volume
07-11 16:42:54.797 W/MountService(  374): getVolumeState(/mnt/sdcard/external_SD): Unknown volume
07-11 16:42:54.797 W/MountService(  374): getVolumeState(/mnt/sdcard/external_sd): Unknown volume
07-11 16:42:54.844 D/dalvikvm(32313): GC_CONCURRENT freed 369K, 7% free 9372K/9992K, paused 4ms+3ms, total 37ms
07-11 16:42:55.031 D/dalvikvm(  374): GC_EXPLICIT freed 1138K, 28% free 23294K/31968K, paused 4ms+10ms, total 120ms
07-11 16:42:55.164 D/dalvikvm(32313): GC_CONCURRENT freed 471K, 6% free 9413K/9992K, paused 2ms+23ms, total 52ms
07-11 16:42:55.164 D/dalvikvm(32313): WAIT_FOR_CONCURRENT_GC blocked 32ms
07-11 16:42:55.164 D/dalvikvm(32313): WAIT_FOR_CONCURRENT_GC blocked 32ms
07-11 16:42:55.164 D/dalvikvm(32313): WAIT_FOR_CONCURRENT_GC blocked 2ms
07-11 16:42:55.172 W/MountService(  374): getVolumeState(/storage/emulated/0/external_sd): Unknown volume
07-11 16:42:55.172 W/MountService(  374): getVolumeState(/mnt/sdcard-ext): Unknown volume
07-11 16:42:55.172 W/MountService(  374): getVolumeState(/mnt/ext_sdcard): Unknown volume
07-11 16:42:55.172 W/MountService(  374): getVolumeState(/mnt/sdcard2): Unknown volume
07-11 16:42:55.172 W/MountService(  374): getVolumeState(/mnt/emmc): Unknown volume
07-11 16:42:55.172 W/MountService(  374): getVolumeState(/mnt/extSdCard): Unknown volume
07-11 16:42:55.172 W/MountService(  374): getVolumeState(/mnt/sdcard/SD_CARD): Unknown volume
07-11 16:42:55.172 W/MountService(  374): getVolumeState(/mnt/sdcard/extra_sd): Unknown volume
07-11 16:42:55.179 W/MountService(  374): getVolumeState(/mnt/extrasd_bind): Unknown volume
07-11 16:42:55.179 W/MountService(  374): getVolumeState(/mnt/sdcard/ext_sd): Unknown volume
07-11 16:42:55.179 W/MountService(  374): getVolumeState(/storage/extSdCard): Unknown volume
07-11 16:42:55.179 W/MountService(  374): getVolumeState(/storage/sdcard1): Unknown volume
07-11 16:42:55.179 W/MountService(  374): getVolumeState(/mnt/sdcard/external_SD): Unknown volume
07-11 16:42:55.179 W/MountService(  374): getVolumeState(/mnt/sdcard/external_sd): Unknown volume
07-11 16:43:02.476 W/System.err(32501): java.io.FileNotFoundException: /data/data/com.mgyapp.android/files/.cfp.i: open failed: ENOENT (No such file or directory)
07-11 16:43:02.476 W/System.err(32501): 	at libcore.io.IoBridge.open(IoBridge.java:409)
07-11 16:43:02.476 W/System.err(32501): 	at java.io.FileInputStream.<init>(FileInputStream.java:78)
07-11 16:43:02.476 W/System.err(32501): 	at android.app.ContextImpl.openFileInput(ContextImpl.java:702)
07-11 16:43:02.476 W/System.err(32501): 	at android.content.ContextWrapper.openFileInput(ContextWrapper.java:173)
07-11 16:43:02.476 W/System.err(32501): 	at com.mgyun.shua.jc.c.b(Unknown Source)
07-11 16:43:02.476 W/System.err(32501): 	at com.mgyun.shua.jc.d.a(Unknown Source)
07-11 16:43:02.476 W/System.err(32501): 	at com.mgyun.shua.jc.service.CpWorkServer.onHandleIntent(Unknown Source)
07-11 16:43:02.476 W/System.err(32501): 	at android.app.IntentService$ServiceHandler.handleMessage(IntentService.java:65)
07-11 16:43:02.484 W/System.err(32501): 	at android.os.Handler.dispatchMessage(Handler.java:99)
07-11 16:43:02.484 W/System.err(32501): 	at android.os.Looper.loop(Looper.java:137)
07-11 16:43:02.484 W/System.err(32501): 	at android.os.HandlerThread.run(HandlerThread.java:61)
07-11 16:43:02.484 W/System.err(32501): Caused by: libcore.io.ErrnoException: open failed: ENOENT (No such file or directory)
07-11 16:43:02.484 W/System.err(32501): 	at libcore.io.Posix.open(Native Method)
07-11 16:43:02.484 W/System.err(32501): 	at libcore.io.BlockGuardOs.open(BlockGuardOs.java:110)
07-11 16:43:02.484 W/System.err(32501): 	at libcore.io.IoBridge.open(IoBridge.java:393)
07-11 16:43:02.484 W/System.err(32501): 	... 10 more
07-11 16:43:45.781 D/PushService(31146): [null:-1]->receiver action :com.pekall.mdm.action.PUSH_ALARM
07-11 16:43:45.789 D/PushService(31146): [null:-1]->keepAliveWithPushServer client is opened:true
07-11 16:43:45.789 D/PushLib : (31146): [null:-1]->ping!!!!!!!!!
07-11 16:43:45.797 D/PushLib : (31146): [null:-1]->pushClient is :not null
07-11 16:43:45.797 D/PushLib : (31146): [null:-1]->pushClient opened : opened
07-11 16:43:46.554 D/JOBS    (31146): Thread-3874: load factor check. true = (0 < 1)|| (0 * 3 < 0 + 0). consumer thread: true
07-11 16:43:46.554 D/JOBS    (31146): didn't allow me to die, re-running Thread-3874
07-11 16:43:46.554 D/JOBS    (31146): re-running consumer Thread-3874
07-11 16:43:50.812 D/PushLib : (31146): [null:-1]->MSG_WEBSOCKET_PONG
07-11 16:43:55.008 D/dalvikvm(32313): GC_FOR_ALLOC freed 431K, 7% free 9339K/9992K, paused 22ms, total 23ms
07-11 16:43:55.015 W/MountService(  374): getVolumeState(/storage/emulated/0/external_sd): Unknown volume
07-11 16:43:55.015 W/MountService(  374): getVolumeState(/mnt/sdcard-ext): Unknown volume
07-11 16:43:55.015 W/MountService(  374): getVolumeState(/mnt/ext_sdcard): Unknown volume
07-11 16:43:55.015 W/MountService(  374): getVolumeState(/mnt/sdcard2): Unknown volume
07-11 16:43:55.015 W/MountService(  374): getVolumeState(/mnt/emmc): Unknown volume
07-11 16:43:55.015 W/MountService(  374): getVolumeState(/mnt/extSdCard): Unknown volume
07-11 16:43:55.015 W/MountService(  374): getVolumeState(/mnt/sdcard/SD_CARD): Unknown volume
07-11 16:43:55.023 W/MountService(  374): getVolumeState(/mnt/sdcard/extra_sd): Unknown volume
07-11 16:43:55.023 W/MountService(  374): getVolumeState(/mnt/extrasd_bind): Unknown volume
07-11 16:43:55.023 W/MountService(  374): getVolumeState(/mnt/sdcard/ext_sd): Unknown volume
07-11 16:43:55.023 W/MountService(  374): getVolumeState(/storage/extSdCard): Unknown volume
07-11 16:43:55.023 W/MountService(  374): getVolumeState(/storage/sdcard1): Unknown volume
07-11 16:43:55.023 W/MountService(  374): getVolumeState(/mnt/sdcard/external_SD): Unknown volume
07-11 16:43:55.023 W/MountService(  374): getVolumeState(/mnt/sdcard/external_sd): Unknown volume
07-11 16:43:55.125 D/dalvikvm(32313): GC_CONCURRENT freed 285K, 5% free 9494K/9992K, paused 3ms+3ms, total 41ms
07-11 16:43:55.242 W/MountService(  374): getVolumeState(/storage/emulated/0/external_sd): Unknown volume
07-11 16:43:55.242 W/MountService(  374): getVolumeState(/mnt/sdcard-ext): Unknown volume
07-11 16:43:55.242 W/MountService(  374): getVolumeState(/mnt/ext_sdcard): Unknown volume
07-11 16:43:55.242 W/MountService(  374): getVolumeState(/mnt/sdcard2): Unknown volume
07-11 16:43:55.242 W/MountService(  374): getVolumeState(/mnt/emmc): Unknown volume
07-11 16:43:55.242 W/MountService(  374): getVolumeState(/mnt/extSdCard): Unknown volume
07-11 16:43:55.242 W/MountService(  374): getVolumeState(/mnt/sdcard/SD_CARD): Unknown volume
07-11 16:43:55.242 W/MountService(  374): getVolumeState(/mnt/sdcard/extra_sd): Unknown volume
07-11 16:43:55.242 W/MountService(  374): getVolumeState(/mnt/extrasd_bind): Unknown volume
07-11 16:43:55.242 W/MountService(  374): getVolumeState(/mnt/sdcard/ext_sd): Unknown volume
07-11 16:43:55.250 W/MountService(  374): getVolumeState(/storage/extSdCard): Unknown volume
07-11 16:43:55.250 W/MountService(  374): getVolumeState(/storage/sdcard1): Unknown volume
07-11 16:43:55.250 W/MountService(  374): getVolumeState(/mnt/sdcard/external_SD): Unknown volume
07-11 16:43:55.250 W/MountService(  374): getVolumeState(/mnt/sdcard/external_sd): Unknown volume
07-11 16:43:55.281 D/dalvikvm(32313): GC_CONCURRENT freed 567K, 7% free 9401K/10012K, paused 2ms+2ms, total 23ms
07-11 16:44:55.187 D/dalvikvm(32313): GC_FOR_ALLOC freed 366K, 7% free 9346K/10008K, paused 26ms, total 26ms
07-11 16:44:55.195 W/MountService(  374): getVolumeState(/storage/emulated/0/external_sd): Unknown volume
07-11 16:44:55.195 W/MountService(  374): getVolumeState(/mnt/sdcard-ext): Unknown volume
07-11 16:44:55.195 W/MountService(  374): getVolumeState(/mnt/ext_sdcard): Unknown volume
07-11 16:44:55.195 W/MountService(  374): getVolumeState(/mnt/sdcard2): Unknown volume
07-11 16:44:55.195 W/MountService(  374): getVolumeState(/mnt/emmc): Unknown volume
07-11 16:44:55.195 W/MountService(  374): getVolumeState(/mnt/extSdCard): Unknown volume
07-11 16:44:55.195 W/MountService(  374): getVolumeState(/mnt/sdcard/SD_CARD): Unknown volume
07-11 16:44:55.203 W/MountService(  374): getVolumeState(/mnt/sdcard/extra_sd): Unknown volume
07-11 16:44:55.203 W/MountService(  374): getVolumeState(/mnt/extrasd_bind): Unknown volume
07-11 16:44:55.203 W/MountService(  374): getVolumeState(/mnt/sdcard/ext_sd): Unknown volume
07-11 16:44:55.203 W/MountService(  374): getVolumeState(/storage/extSdCard): Unknown volume
07-11 16:44:55.203 W/MountService(  374): getVolumeState(/storage/sdcard1): Unknown volume
07-11 16:44:55.203 W/MountService(  374): getVolumeState(/mnt/sdcard/external_SD): Unknown volume
07-11 16:44:55.203 W/MountService(  374): getVolumeState(/mnt/sdcard/external_sd): Unknown volume
07-11 16:44:55.304 D/dalvikvm(32313): GC_CONCURRENT freed 282K, 6% free 9499K/10008K, paused 2ms+3ms, total 41ms
07-11 16:44:55.422 W/MountService(  374): getVolumeState(/storage/emulated/0/external_sd): Unknown volume
07-11 16:44:55.422 W/MountService(  374): getVolumeState(/mnt/sdcard-ext): Unknown volume
07-11 16:44:55.422 W/MountService(  374): getVolumeState(/mnt/ext_sdcard): Unknown volume
07-11 16:44:55.422 W/MountService(  374): getVolumeState(/mnt/sdcard2): Unknown volume
07-11 16:44:55.422 W/MountService(  374): getVolumeState(/mnt/emmc): Unknown volume
07-11 16:44:55.429 W/MountService(  374): getVolumeState(/mnt/extSdCard): Unknown volume
07-11 16:44:55.429 W/MountService(  374): getVolumeState(/mnt/sdcard/SD_CARD): Unknown volume
07-11 16:44:55.429 W/MountService(  374): getVolumeState(/mnt/sdcard/extra_sd): Unknown volume
07-11 16:44:55.429 W/MountService(  374): getVolumeState(/mnt/extrasd_bind): Unknown volume
07-11 16:44:55.429 W/MountService(  374): getVolumeState(/mnt/sdcard/ext_sd): Unknown volume
07-11 16:44:55.429 W/MountService(  374): getVolumeState(/storage/extSdCard): Unknown volume
07-11 16:44:55.429 W/MountService(  374): getVolumeState(/storage/sdcard1): Unknown volume
07-11 16:44:55.437 W/MountService(  374): getVolumeState(/mnt/sdcard/external_SD): Unknown volume
07-11 16:44:55.437 W/MountService(  374): getVolumeState(/mnt/sdcard/external_sd): Unknown volume
07-11 16:44:55.469 D/dalvikvm(32313): GC_CONCURRENT freed 608K, 7% free 9362K/10008K, paused 4ms+3ms, total 25ms
07-11 16:45:01.383 V/DigitalWidgetViewsFactory(32466): DigitalWidget sets next alarm string to null
07-11 16:45:27.195 D/MdmService( 3259): [null:-1]->receiver action :com.pekall.mdm.action.MDM_ALARM
07-11 16:45:27.195 D/MdmService( 3259): [null:-1]->keepAliveWithPushServer client is opened:true
07-11 16:45:27.203 D/MDM :   ( 3259): [null:-1]->ping!!!!!!!!!
07-11 16:45:27.211 D/MdmService( 3259): [null:-1]->pushUrl : ws://192.168.10.91:9070/websocket
07-11 16:45:27.211 D/MDM :   ( 3259): [null:-1]->mMdmPushClient is :not null
07-11 16:45:27.211 D/MDM :   ( 3259): [null:-1]->mMdmPushClient opened : opened
07-11 16:45:27.211 D/MdmStatusManager( 3259): [null:-1]->change status to : Busy
07-11 16:45:27.211 D/DB      ( 3259): query: SQLiteQuery: SELECT content, command_status, status FROM command WHERE status!=2
07-11 16:45:27.211 D/DB      ( 3259): factory null
07-11 16:45:27.211 D/DB      ( 3259): fillWindow: 0
07-11 16:45:27.219 D/DB      ( 3259): cursor 0
07-11 16:45:27.219 D/DB      ( 3259): moveToPos: 0
07-11 16:45:27.219 I/TransInfo( 3259): TransInfo created, id: 3, class: class com.pekall.emdm.transaction.b.c
07-11 16:45:27.219 D/NetworkThread( 3259): [null:-1]->----isRunning-----true
07-11 16:45:27.219 D/NetworkThread( 3259): [null:-1]->----isRunning-----true
07-11 16:45:27.219 D/NetworkThread( 3259): [null:-1]->thread wakeup
07-11 16:45:27.219 D/HttpClient( 3259): enable apache.http debug
07-11 16:45:27.219 D/MDM :   ( 3259): [null:-1]->MSG_WEBSOCKET_PONG
07-11 16:45:27.226 V/DEBUG   ( 3259): HTTP 0
07-11 16:45:27.461 V/DEBUG   ( 3259): HTTP 1
07-11 16:45:27.523 D/dalvikvm( 3259): GC_FOR_ALLOC freed 2670K, 33% free 17329K/25600K, paused 55ms, total 55ms
07-11 16:45:27.523 D/NetworkThread( 3259): [null:-1]->queue is empty, thread wait...
07-11 16:45:27.625 D/MdmService( 3259): [null:-1]->handleCheckInResult
07-11 16:45:27.625 D/MdmService( 3259): [null:-1]->handleCheckInResult result keyIndex: 3
07-11 16:45:27.625 D/HandleCommandTask( 3259): [null:-1]->execute command msg but beanBase is null
07-11 16:45:27.633 D/MdmStatusManager( 3259): [null:-1]->change status to : Idle
07-11 16:45:30.937 D/dalvikvm(  577): GC_EXPLICIT freed 238K, 7% free 11553K/12348K, paused 5ms+6ms, total 48ms
07-11 16:45:43.484 D/dalvikvm(25474): GC_CONCURRENT freed 470K, 16% free 9544K/11260K, paused 3ms+3ms, total 42ms
07-11 16:45:46.554 D/JOBS    (31146): Thread-3874: load factor check. true = (0 < 1)|| (0 * 3 < 0 + 0). consumer thread: true
07-11 16:45:46.554 D/JOBS    (31146): didn't allow me to die, re-running Thread-3874
07-11 16:45:46.562 D/JOBS    (31146): re-running consumer Thread-3874
07-11 16:45:55.281 W/MountService(  374): getVolumeState(/storage/emulated/0/external_sd): Unknown volume
07-11 16:45:55.289 W/MountService(  374): getVolumeState(/mnt/sdcard-ext): Unknown volume
07-11 16:45:55.289 W/MountService(  374): getVolumeState(/mnt/ext_sdcard): Unknown volume
07-11 16:45:55.289 W/MountService(  374): getVolumeState(/mnt/sdcard2): Unknown volume
07-11 16:45:55.289 W/MountService(  374): getVolumeState(/mnt/emmc): Unknown volume
07-11 16:45:55.289 W/MountService(  374): getVolumeState(/mnt/extSdCard): Unknown volume
07-11 16:45:55.289 W/MountService(  374): getVolumeState(/mnt/sdcard/SD_CARD): Unknown volume
07-11 16:45:55.289 W/MountService(  374): getVolumeState(/mnt/sdcard/extra_sd): Unknown volume
07-11 16:45:55.289 W/MountService(  374): getVolumeState(/mnt/extrasd_bind): Unknown volume
07-11 16:45:55.297 W/MountService(  374): getVolumeState(/mnt/sdcard/ext_sd): Unknown volume
07-11 16:45:55.297 W/MountService(  374): getVolumeState(/storage/extSdCard): Unknown volume
07-11 16:45:55.297 W/MountService(  374): getVolumeState(/storage/sdcard1): Unknown volume
07-11 16:45:55.297 W/MountService(  374): getVolumeState(/mnt/sdcard/external_SD): Unknown volume
07-11 16:45:55.297 W/MountService(  374): getVolumeState(/mnt/sdcard/external_sd): Unknown volume
07-11 16:45:55.336 D/dalvikvm(32313): GC_FOR_ALLOC freed 396K, 7% free 9342K/9992K, paused 20ms, total 20ms
07-11 16:45:55.406 D/dalvikvm(16175): null clazz in OP_INSTANCE_OF, single-stepping
07-11 16:45:55.508 D/dalvikvm(32313): GC_CONCURRENT freed 433K, 6% free 9421K/9992K, paused 2ms+3ms, total 36ms
07-11 16:45:55.508 D/dalvikvm(32313): WAIT_FOR_CONCURRENT_GC blocked 2ms
07-11 16:45:55.508 D/dalvikvm(32313): WAIT_FOR_CONCURRENT_GC blocked 8ms
07-11 16:45:55.508 D/dalvikvm(32313): WAIT_FOR_CONCURRENT_GC blocked 9ms
07-11 16:45:55.515 W/MountService(  374): getVolumeState(/storage/emulated/0/external_sd): Unknown volume
07-11 16:45:55.515 W/MountService(  374): getVolumeState(/mnt/sdcard-ext): Unknown volume
07-11 16:45:55.515 W/MountService(  374): getVolumeState(/mnt/ext_sdcard): Unknown volume
07-11 16:45:55.515 W/MountService(  374): getVolumeState(/mnt/sdcard2): Unknown volume
07-11 16:45:55.515 W/MountService(  374): getVolumeState(/mnt/emmc): Unknown volume
07-11 16:45:55.515 W/MountService(  374): getVolumeState(/mnt/extSdCard): Unknown volume
07-11 16:45:55.515 W/MountService(  374): getVolumeState(/mnt/sdcard/SD_CARD): Unknown volume
07-11 16:45:55.523 W/MountService(  374): getVolumeState(/mnt/sdcard/extra_sd): Unknown volume
07-11 16:45:55.523 W/MountService(  374): getVolumeState(/mnt/extrasd_bind): Unknown volume
07-11 16:45:55.523 W/MountService(  374): getVolumeState(/mnt/sdcard/ext_sd): Unknown volume
07-11 16:45:55.523 W/MountService(  374): getVolumeState(/storage/extSdCard): Unknown volume
07-11 16:45:55.523 W/MountService(  374): getVolumeState(/storage/sdcard1): Unknown volume
07-11 16:45:55.523 W/MountService(  374): getVolumeState(/mnt/sdcard/external_SD): Unknown volume
07-11 16:45:55.523 W/MountService(  374): getVolumeState(/mnt/sdcard/external_sd): Unknown volume
07-11 16:45:55.609 D/dalvikvm(32313): GC_FOR_ALLOC freed 404K, 7% free 9322K/9992K, paused 20ms, total 20ms
07-11 16:46:29.484 I/dalvikvm(25429): Total arena pages for JIT: 11
07-11 16:46:29.484 I/dalvikvm(25429): Total arena pages for JIT: 12
07-11 16:46:29.484 I/dalvikvm(25429): Total arena pages for JIT: 13
07-11 16:46:29.484 I/dalvikvm(25429): Total arena pages for JIT: 14
07-11 16:46:29.484 I/dalvikvm(25429): Total arena pages for JIT: 15
07-11 16:46:29.484 I/dalvikvm(25429): Total arena pages for JIT: 16
07-11 16:46:29.484 I/dalvikvm(25429): Total arena pages for JIT: 17
07-11 16:46:46.719 D/GCM     (  647): Ignoring attempt to send heartbeat on dead connection.
07-11 16:46:46.851 D/dalvikvm(  374): GC_EXPLICIT freed 1242K, 28% free 23292K/31968K, paused 9ms+12ms, total 126ms
07-11 16:46:55.554 W/MountService(  374): getVolumeState(/storage/emulated/0/external_sd): Unknown volume
07-11 16:46:55.562 W/MountService(  374): getVolumeState(/mnt/sdcard-ext): Unknown volume
07-11 16:46:55.562 W/MountService(  374): getVolumeState(/mnt/ext_sdcard): Unknown volume
07-11 16:46:55.562 W/MountService(  374): getVolumeState(/mnt/sdcard2): Unknown volume
07-11 16:46:55.562 W/MountService(  374): getVolumeState(/mnt/emmc): Unknown volume
07-11 16:46:55.562 W/MountService(  374): getVolumeState(/mnt/extSdCard): Unknown volume
07-11 16:46:55.562 W/MountService(  374): getVolumeState(/mnt/sdcard/SD_CARD): Unknown volume
07-11 16:46:55.562 W/MountService(  374): getVolumeState(/mnt/sdcard/extra_sd): Unknown volume
07-11 16:46:55.562 W/MountService(  374): getVolumeState(/mnt/extrasd_bind): Unknown volume
07-11 16:46:55.562 W/MountService(  374): getVolumeState(/mnt/sdcard/ext_sd): Unknown volume
07-11 16:46:55.570 W/MountService(  374): getVolumeState(/storage/extSdCard): Unknown volume
07-11 16:46:55.570 W/MountService(  374): getVolumeState(/storage/sdcard1): Unknown volume
07-11 16:46:55.570 W/MountService(  374): getVolumeState(/mnt/sdcard/external_SD): Unknown volume
07-11 16:46:55.570 W/MountService(  374): getVolumeState(/mnt/sdcard/external_sd): Unknown volume
07-11 16:46:55.617 D/dalvikvm(32313): GC_CONCURRENT freed 353K, 7% free 9367K/9992K, paused 5ms+3ms, total 30ms
07-11 16:46:55.617 D/dalvikvm(32313): WAIT_FOR_CONCURRENT_GC blocked 17ms
07-11 16:46:55.765 D/dalvikvm(32273): GC_CONCURRENT freed 389K, 5% free 9411K/9836K, paused 2ms+4ms, total 31ms
07-11 16:46:55.828 D/dalvikvm(32313): GC_CONCURRENT freed 485K, 6% free 9394K/9992K, paused 12ms+3ms, total 35ms
07-11 16:46:55.828 D/dalvikvm(32313): WAIT_FOR_CONCURRENT_GC blocked 21ms
07-11 16:46:55.828 D/dalvikvm(32313): WAIT_FOR_CONCURRENT_GC blocked 18ms
07-11 16:46:55.828 D/dalvikvm(32313): WAIT_FOR_CONCURRENT_GC blocked 23ms
07-11 16:46:55.836 W/MountService(  374): getVolumeState(/storage/emulated/0/external_sd): Unknown volume
07-11 16:46:55.836 W/MountService(  374): getVolumeState(/mnt/sdcard-ext): Unknown volume
07-11 16:46:55.836 W/MountService(  374): getVolumeState(/mnt/ext_sdcard): Unknown volume
07-11 16:46:55.836 W/MountService(  374): getVolumeState(/mnt/sdcard2): Unknown volume
07-11 16:46:55.836 W/MountService(  374): getVolumeState(/mnt/emmc): Unknown volume
07-11 16:46:55.836 W/MountService(  374): getVolumeState(/mnt/extSdCard): Unknown volume
07-11 16:46:55.836 W/MountService(  374): getVolumeState(/mnt/sdcard/SD_CARD): Unknown volume
07-11 16:46:55.836 W/MountService(  374): getVolumeState(/mnt/sdcard/extra_sd): Unknown volume
07-11 16:46:55.836 W/MountService(  374): getVolumeState(/mnt/extrasd_bind): Unknown volume
07-11 16:46:55.836 W/MountService(  374): getVolumeState(/mnt/sdcard/ext_sd): Unknown volume
07-11 16:46:55.836 W/MountService(  374): getVolumeState(/storage/extSdCard): Unknown volume
07-11 16:46:55.844 W/MountService(  374): getVolumeState(/storage/sdcard1): Unknown volume
07-11 16:46:55.844 W/MountService(  374): getVolumeState(/mnt/sdcard/external_SD): Unknown volume
07-11 16:46:55.844 W/MountService(  374): getVolumeState(/mnt/sdcard/external_sd): Unknown volume
07-11 16:46:56.867 D/dalvikvm(26136): GC_CONCURRENT freed 384K, 5% free 10138K/10580K, paused 4ms+2ms, total 38ms
07-11 16:47:46.453 I/dalvikvm(25429): Total arena pages for JIT: 18
07-11 16:47:46.562 D/JOBS    (31146): Thread-3874: load factor check. true = (0 < 1)|| (0 * 3 < 0 + 0). consumer thread: true
07-11 16:47:46.562 D/JOBS    (31146): didn't allow me to die, re-running Thread-3874
07-11 16:47:46.562 D/JOBS    (31146): re-running consumer Thread-3874
07-11 16:47:52.469 W/System.err(32501): java.io.FileNotFoundException: /data/data/com.mgyapp.android/files/.cfpaps.i: open failed: ENOENT (No such file or directory)
07-11 16:47:52.469 W/System.err(32501): 	at libcore.io.IoBridge.open(IoBridge.java:409)
07-11 16:47:52.469 W/System.err(32501): 	at java.io.FileInputStream.<init>(FileInputStream.java:78)
07-11 16:47:52.476 W/System.err(32501): 	at android.app.ContextImpl.openFileInput(ContextImpl.java:702)
07-11 16:47:52.476 W/System.err(32501): 	at android.content.ContextWrapper.openFileInput(ContextWrapper.java:173)
07-11 16:47:52.484 W/System.err(32501): 	at com.mgyun.shua.jc.service.f.run(Unknown Source)
07-11 16:47:52.484 W/System.err(32501): 	at com.mgyun.shua.jc.service.CpWorkServer.onHandleIntent(Unknown Source)
07-11 16:47:52.484 W/System.err(32501): 	at android.app.IntentService$ServiceHandler.handleMessage(IntentService.java:65)
07-11 16:47:52.484 W/System.err(32501): 	at android.os.Handler.dispatchMessage(Handler.java:99)
07-11 16:47:52.484 W/System.err(32501): 	at android.os.Looper.loop(Looper.java:137)
07-11 16:47:52.484 W/System.err(32501): 	at android.os.HandlerThread.run(HandlerThread.java:61)
07-11 16:47:52.484 W/System.err(32501): Caused by: libcore.io.ErrnoException: open failed: ENOENT (No such file or directory)
07-11 16:47:52.484 W/System.err(32501): 	at libcore.io.Posix.open(Native Method)
07-11 16:47:52.484 W/System.err(32501): 	at libcore.io.BlockGuardOs.open(BlockGuardOs.java:110)
07-11 16:47:52.484 W/System.err(32501): 	at libcore.io.IoBridge.open(IoBridge.java:393)
07-11 16:47:52.484 W/System.err(32501): 	... 9 more
07-11 16:47:55.734 D/dalvikvm(32313): GC_FOR_ALLOC freed 436K, 7% free 9340K/9992K, paused 29ms, total 30ms
07-11 16:47:55.742 W/MountService(  374): getVolumeState(/storage/emulated/0/external_sd): Unknown volume
07-11 16:47:55.742 W/MountService(  374): getVolumeState(/mnt/sdcard-ext): Unknown volume
07-11 16:47:55.742 W/MountService(  374): getVolumeState(/mnt/ext_sdcard): Unknown volume
07-11 16:47:55.742 W/MountService(  374): getVolumeState(/mnt/sdcard2): Unknown volume
07-11 16:47:55.742 W/MountService(  374): getVolumeState(/mnt/emmc): Unknown volume
07-11 16:47:55.742 W/MountService(  374): getVolumeState(/mnt/extSdCard): Unknown volume
07-11 16:47:55.742 W/MountService(  374): getVolumeState(/mnt/sdcard/SD_CARD): Unknown volume
07-11 16:47:55.742 W/MountService(  374): getVolumeState(/mnt/sdcard/extra_sd): Unknown volume
07-11 16:47:55.742 W/MountService(  374): getVolumeState(/mnt/extrasd_bind): Unknown volume
07-11 16:47:55.742 W/MountService(  374): getVolumeState(/mnt/sdcard/ext_sd): Unknown volume
07-11 16:47:55.750 W/MountService(  374): getVolumeState(/storage/extSdCard): Unknown volume
07-11 16:47:55.750 W/MountService(  374): getVolumeState(/storage/sdcard1): Unknown volume
07-11 16:47:55.750 W/MountService(  374): getVolumeState(/mnt/sdcard/external_SD): Unknown volume
07-11 16:47:55.750 W/MountService(  374): getVolumeState(/mnt/sdcard/external_sd): Unknown volume
07-11 16:47:55.844 D/dalvikvm(32313): GC_CONCURRENT freed 283K, 6% free 9489K/9992K, paused 4ms+3ms, total 37ms
07-11 16:47:55.984 W/MountService(  374): getVolumeState(/storage/emulated/0/external_sd): Unknown volume
07-11 16:47:55.984 W/MountService(  374): getVolumeState(/mnt/sdcard-ext): Unknown volume
07-11 16:47:55.984 W/MountService(  374): getVolumeState(/mnt/ext_sdcard): Unknown volume
07-11 16:47:55.984 W/MountService(  374): getVolumeState(/mnt/sdcard2): Unknown volume
07-11 16:47:55.984 W/MountService(  374): getVolumeState(/mnt/emmc): Unknown volume
07-11 16:47:55.984 W/MountService(  374): getVolumeState(/mnt/extSdCard): Unknown volume
07-11 16:47:55.984 W/MountService(  374): getVolumeState(/mnt/sdcard/SD_CARD): Unknown volume
07-11 16:47:55.984 W/MountService(  374): getVolumeState(/mnt/sdcard/extra_sd): Unknown volume
07-11 16:47:55.984 W/MountService(  374): getVolumeState(/mnt/extrasd_bind): Unknown volume
07-11 16:47:55.984 W/MountService(  374): getVolumeState(/mnt/sdcard/ext_sd): Unknown volume
07-11 16:47:55.992 W/MountService(  374): getVolumeState(/storage/extSdCard): Unknown volume
07-11 16:47:55.992 W/MountService(  374): getVolumeState(/storage/sdcard1): Unknown volume
07-11 16:47:55.992 W/MountService(  374): getVolumeState(/mnt/sdcard/external_SD): Unknown volume
07-11 16:47:55.992 W/MountService(  374): getVolumeState(/mnt/sdcard/external_sd): Unknown volume
07-11 16:47:56.023 D/dalvikvm(32313): GC_CONCURRENT freed 609K, 7% free 9379K/10028K, paused 4ms+3ms, total 27ms
07-11 16:47:56.023 D/dalvikvm(32313): WAIT_FOR_CONCURRENT_GC blocked 11ms
07-11 16:48:02.469 W/System.err(32501): java.io.FileNotFoundException: /data/data/com.mgyapp.android/files/.cfp.i: open failed: ENOENT (No such file or directory)
07-11 16:48:02.469 W/System.err(32501): 	at libcore.io.IoBridge.open(IoBridge.java:409)
07-11 16:48:02.469 W/System.err(32501): 	at java.io.FileInputStream.<init>(FileInputStream.java:78)
07-11 16:48:02.469 W/System.err(32501): 	at android.app.ContextImpl.openFileInput(ContextImpl.java:702)
07-11 16:48:02.469 W/System.err(32501): 	at android.content.ContextWrapper.openFileInput(ContextWrapper.java:173)
07-11 16:48:02.469 W/System.err(32501): 	at com.mgyun.shua.jc.c.b(Unknown Source)
07-11 16:48:02.469 W/System.err(32501): 	at com.mgyun.shua.jc.d.a(Unknown Source)
07-11 16:48:02.469 W/System.err(32501): 	at com.mgyun.shua.jc.service.CpWorkServer.onHandleIntent(Unknown Source)
07-11 16:48:02.469 W/System.err(32501): 	at android.app.IntentService$ServiceHandler.handleMessage(IntentService.java:65)
07-11 16:48:02.469 W/System.err(32501): 	at android.os.Handler.dispatchMessage(Handler.java:99)
07-11 16:48:02.476 W/System.err(32501): 	at android.os.Looper.loop(Looper.java:137)
07-11 16:48:02.476 W/System.err(32501): 	at android.os.HandlerThread.run(HandlerThread.java:61)
07-11 16:48:02.476 W/System.err(32501): Caused by: libcore.io.ErrnoException: open failed: ENOENT (No such file or directory)
07-11 16:48:02.476 W/System.err(32501): 	at libcore.io.Posix.open(Native Method)
07-11 16:48:02.476 W/System.err(32501): 	at libcore.io.BlockGuardOs.open(BlockGuardOs.java:110)
07-11 16:48:02.476 W/System.err(32501): 	at libcore.io.IoBridge.open(IoBridge.java:393)
07-11 16:48:02.476 W/System.err(32501): 	... 10 more
07-11 16:48:27.195 D/MdmService( 3259): [null:-1]->receiver action :com.pekall.mdm.action.MDM_ALARM
07-11 16:48:45.781 D/PushService(31146): [null:-1]->receiver action :com.pekall.mdm.action.PUSH_ALARM
07-11 16:48:45.781 D/PushService(31146): [null:-1]->keepAliveWithPushServer client is opened:true
07-11 16:48:45.789 D/PushLib : (31146): [null:-1]->ping!!!!!!!!!
07-11 16:48:45.789 D/PushLib : (31146): [null:-1]->pushClient is :not null
07-11 16:48:45.789 D/PushLib : (31146): [null:-1]->pushClient opened : opened
07-11 16:48:45.797 I/ActivityManager(  374): No longer want com.pekall.nmefc (pid 31146): empty for 1800s
07-11 16:48:45.804 W/ActivityManager(  374): Scheduling restart of crashed service com.pekall.nmefc/com.pekall.lib.push.PushService in 5000ms
07-11 16:48:50.828 I/ActivityManager(  374): Start proc com.pekall.nmefc for service com.pekall.nmefc/com.pekall.lib.push.PushService: pid=3947 uid=10068 gids={50068, 1015, 1028, 3003}
07-11 16:48:50.890 D/dalvikvm( 3947): Trying to load lib /data/app-lib/com.pekall.nmefc-1/libBaiduMapSDK_v2_4_0.so 0x42083040
07-11 16:48:50.898 D/dalvikvm( 3947): Added shared lib /data/app-lib/com.pekall.nmefc-1/libBaiduMapSDK_v2_4_0.so 0x42083040
07-11 16:48:50.929 D/AppCommonMemCache( 3947): commonmemcache addr: 1074034988
07-11 16:48:50.984 I/auth info( 3947): ak:  ryMGcVcAAGEj0xnPp0vbh8Q4
07-11 16:48:50.984 I/auth info( 3947): mcode:  62:30:B6:24:E3:55:96:DC:05:ED:3E:6E:44:83:87:D5:AF:E7:B3:B9;com.pekall.nmefc
07-11 16:48:51.023 D/dalvikvm( 3947): GC_CONCURRENT freed 293K, 4% free 9140K/9468K, paused 3ms+3ms, total 28ms
07-11 16:48:51.023 D/dalvikvm( 3947): WAIT_FOR_CONCURRENT_GC blocked 24ms
07-11 16:48:51.023 I/dalvikvm-heap( 3947): Grow heap (frag case) to 9.178MB for 230416-byte allocation
07-11 16:48:51.039 D/dalvikvm( 3947): GC_FOR_ALLOC freed <1K, 4% free 9365K/9696K, paused 18ms, total 18ms
07-11 16:48:51.039 D/dalvikvm( 3947): WAIT_FOR_CONCURRENT_GC blocked 25ms
07-11 16:48:51.140 D/PushService( 3947): [null:-1]->receiver action :android.net.conn.CONNECTIVITY_CHANGE
07-11 16:48:51.398 D/dalvikvm( 2858): GC_FOR_ALLOC freed 425K, 5% free 9188K/9648K, paused 20ms, total 20ms
07-11 16:48:51.797 E/baidumapsdk( 3947): Authentication Error,status: 102 message: IP/SN/SCODE/REFERER Illegal:
07-11 16:48:55.875 W/MountService(  374): getVolumeState(/storage/emulated/0/external_sd): Unknown volume
07-11 16:48:55.875 W/MountService(  374): getVolumeState(/mnt/sdcard-ext): Unknown volume
07-11 16:48:55.875 W/MountService(  374): getVolumeState(/mnt/ext_sdcard): Unknown volume
07-11 16:48:55.883 W/MountService(  374): getVolumeState(/mnt/sdcard2): Unknown volume
07-11 16:48:55.883 W/MountService(  374): getVolumeState(/mnt/emmc): Unknown volume
07-11 16:48:55.883 W/MountService(  374): getVolumeState(/mnt/extSdCard): Unknown volume
07-11 16:48:55.883 W/MountService(  374): getVolumeState(/mnt/sdcard/SD_CARD): Unknown volume
07-11 16:48:55.883 W/MountService(  374): getVolumeState(/mnt/sdcard/extra_sd): Unknown volume
07-11 16:48:55.890 W/MountService(  374): getVolumeState(/mnt/extrasd_bind): Unknown volume
07-11 16:48:55.890 W/MountService(  374): getVolumeState(/mnt/sdcard/ext_sd): Unknown volume
07-11 16:48:55.890 W/MountService(  374): getVolumeState(/storage/extSdCard): Unknown volume
07-11 16:48:55.890 W/MountService(  374): getVolumeState(/storage/sdcard1): Unknown volume
07-11 16:48:55.890 W/MountService(  374): getVolumeState(/mnt/sdcard/external_SD): Unknown volume
07-11 16:48:55.898 W/MountService(  374): getVolumeState(/mnt/sdcard/external_sd): Unknown volume
07-11 16:48:55.914 D/dalvikvm(32313): GC_CONCURRENT freed 426K, 7% free 9349K/10024K, paused 3ms+3ms, total 27ms
07-11 16:48:55.914 D/dalvikvm(32313): WAIT_FOR_CONCURRENT_GC blocked 20ms
07-11 16:48:55.914 D/dalvikvm(32313): WAIT_FOR_CONCURRENT_GC blocked 18ms
07-11 16:48:56.094 D/dalvikvm(32313): GC_CONCURRENT freed 429K, 7% free 9407K/10024K, paused 3ms+4ms, total 34ms
07-11 16:48:56.125 W/MountService(  374): getVolumeState(/storage/emulated/0/external_sd): Unknown volume
07-11 16:48:56.125 W/MountService(  374): getVolumeState(/mnt/sdcard-ext): Unknown volume
07-11 16:48:56.125 W/MountService(  374): getVolumeState(/mnt/ext_sdcard): Unknown volume
07-11 16:48:56.125 W/MountService(  374): getVolumeState(/mnt/sdcard2): Unknown volume
07-11 16:48:56.125 W/MountService(  374): getVolumeState(/mnt/emmc): Unknown volume
07-11 16:48:56.125 W/MountService(  374): getVolumeState(/mnt/extSdCard): Unknown volume
07-11 16:48:56.125 W/MountService(  374): getVolumeState(/mnt/sdcard/SD_CARD): Unknown volume
07-11 16:48:56.125 W/MountService(  374): getVolumeState(/mnt/sdcard/extra_sd): Unknown volume
07-11 16:48:56.125 W/MountService(  374): getVolumeState(/mnt/extrasd_bind): Unknown volume
07-11 16:48:56.125 W/MountService(  374): getVolumeState(/mnt/sdcard/ext_sd): Unknown volume
07-11 16:48:56.133 W/MountService(  374): getVolumeState(/storage/extSdCard): Unknown volume
07-11 16:48:56.133 W/MountService(  374): getVolumeState(/storage/sdcard1): Unknown volume
07-11 16:48:56.133 W/MountService(  374): getVolumeState(/mnt/sdcard/external_SD): Unknown volume
07-11 16:48:56.133 W/MountService(  374): getVolumeState(/mnt/sdcard/external_sd): Unknown volume
07-11 16:48:56.211 D/dalvikvm(32313): GC_CONCURRENT freed 455K, 7% free 9340K/10024K, paused 4ms+3ms, total 23ms
07-11 16:48:56.211 D/dalvikvm(32313): WAIT_FOR_CONCURRENT_GC blocked 14ms
07-11 16:49:55.992 W/MountService(  374): getVolumeState(/storage/emulated/0/external_sd): Unknown volume
07-11 16:49:55.992 W/MountService(  374): getVolumeState(/mnt/sdcard-ext): Unknown volume
07-11 16:49:56.000 W/MountService(  374): getVolumeState(/mnt/ext_sdcard): Unknown volume
07-11 16:49:56.000 W/MountService(  374): getVolumeState(/mnt/sdcard2): Unknown volume
07-11 16:49:56.000 W/MountService(  374): getVolumeState(/mnt/emmc): Unknown volume
07-11 16:49:56.000 W/MountService(  374): getVolumeState(/mnt/extSdCard): Unknown volume
07-11 16:49:56.000 W/MountService(  374): getVolumeState(/mnt/sdcard/SD_CARD): Unknown volume
07-11 16:49:56.000 W/MountService(  374): getVolumeState(/mnt/sdcard/extra_sd): Unknown volume
07-11 16:49:56.008 W/MountService(  374): getVolumeState(/mnt/extrasd_bind): Unknown volume
07-11 16:49:56.008 W/MountService(  374): getVolumeState(/mnt/sdcard/ext_sd): Unknown volume
07-11 16:49:56.008 W/MountService(  374): getVolumeState(/storage/extSdCard): Unknown volume
07-11 16:49:56.008 W/MountService(  374): getVolumeState(/storage/sdcard1): Unknown volume
07-11 16:49:56.008 W/MountService(  374): getVolumeState(/mnt/sdcard/external_SD): Unknown volume
07-11 16:49:56.008 W/MountService(  374): getVolumeState(/mnt/sdcard/external_sd): Unknown volume
07-11 16:49:56.078 D/dalvikvm(32313): GC_CONCURRENT freed 361K, 6% free 9490K/10024K, paused 2ms+3ms, total 23ms
07-11 16:49:56.078 D/dalvikvm(32313): WAIT_FOR_CONCURRENT_GC blocked 12ms
07-11 16:49:56.078 D/dalvikvm(32313): WAIT_FOR_CONCURRENT_GC blocked 13ms
07-11 16:49:56.242 W/MountService(  374): getVolumeState(/storage/emulated/0/external_sd): Unknown volume
