07-11 16:57:37.406 D/AndroidRuntime( 6009): Calling main entry com.qihoo360.powerctl.root.app.App
07-11 16:57:37.406 D/AndroidRuntime( 6009): Shutting down VM
07-11 16:57:37.406 D/dalvikvm( 6009): Debugger has detached; object registry had 1 entries
07-11 16:57:37.828 I/QueryController( 5957): Matched selector: UiSelector[TEXT=] <<==>> [android.view.accessibility.AccessibilityNodeInfo@90b2; boundsInParent: Rect(0, 0 - 384, 48); boundsInScreen: Rect(168, 596 - 552, 644); packageName: com.android.packageinstaller; className: android.widget.TextView; text: ; contentDescription: null; viewIdResName: com.android.packageinstaller:id/uninstall_confirm; checkable: false; checked: false; focusable: false; focused: false; selected: false; clickable: false; longClickable: false; enabled: true; password: false; scrollable: false; [ACTION_SELECT, ACTION_CLEAR_SELECTION, ACTION_ACCESSIBILITY_FOCUS, ACTION_NEXT_AT_MOVEMENT_GRANULARITY, ACTION_PREVIOUS_AT_MOVEMENT_GRANULARITY, ACTION_SET_SELECTION]]
07-11 16:57:37.844 I/QueryController( 5957): Matched selector: UiSelector[TEXT=, CLASS=android.widget.Button] <<==>> [android.view.accessibility.AccessibilityNodeInfo@9bf5; boundsInParent: Rect(0, 0 - 191, 96); boundsInScreen: Rect(361, 694 - 552, 790); packageName: com.android.packageinstaller; className: android.widget.Button; text: ; contentDescription: null; viewIdResName: com.android.packageinstaller:id/ok_button; checkable: false; checked: false; focusable: true; focused: false; selected: false; clickable: true; longClickable: false; enabled: true; password: false; scrollable: false; [ACTION_FOCUS, ACTION_SELECT, ACTION_CLEAR_SELECTION, ACTION_CLICK, ACTION_ACCESSIBILITY_FOCUS, ACTION_NEXT_AT_MOVEMENT_GRANULARITY, ACTION_PREVIOUS_AT_MOVEMENT_GRANULARITY, ACTION_SET_SELECTION]]
07-11 16:57:37.851 D/InteractionController( 5957): clickAndWaitForNewWindow(456, 742)
07-11 16:57:37.961 I/ActivityManager(  374): START u0 {act=android.intent.action.VIEW cmp=com.android.packageinstaller/.UninstallAppProgress (has extras)} from pid 5866
07-11 16:57:38.086 I/ActivityManager(  374): Force stopping package by.game.binumbers appid=10083 user=-1
07-11 16:57:38.094 W/PackageManager(  374): Couldn't delete native library directory /data/app-lib/by.game.binumbers
07-11 16:57:38.250 I/ActivityManager(  374): Force stopping package by.game.binumbers appid=10083 user=0
07-11 16:57:38.359 D/dalvikvm( 4476): GC_EXPLICIT freed 115K, 7% free 9228K/9836K, paused 3ms+4ms, total 70ms
07-11 16:57:38.390 D/dalvikvm(  833): GC_EXPLICIT freed 504K, 18% free 12824K/15584K, paused 4ms+8ms, total 121ms
07-11 16:57:38.461 D/dalvikvm( 5866): GC_EXPLICIT freed 1116K, 9% free 13180K/14332K, paused 3ms+4ms, total 44ms
07-11 16:57:38.531 D/dalvikvm( 2858): GC_EXPLICIT freed 527K, 7% free 9066K/9728K, paused 3ms+24ms, total 136ms
07-11 16:57:38.531 D/dalvikvm(  605): GC_EXPLICIT freed 5319K, 42% free 13937K/23692K, paused 106ms+11ms, total 191ms
07-11 16:57:38.594 D/dalvikvm( 3259): GC_EXPLICIT freed 1874K, 33% free 17273K/25600K, paused 84ms+13ms, total 205ms
07-11 16:57:38.601 D/dalvikvm( 5122): GC_EXPLICIT freed 957K, 10% free 9167K/10164K, paused 27ms+17ms, total 231ms
07-11 16:57:38.609 I/ActivityManager(  374): Displayed com.android.packageinstaller/.UninstallAppProgress: +585ms
07-11 16:57:38.617 D/dalvikvm(32313): GC_EXPLICIT freed 388K, 8% free 9367K/10152K, paused 20ms+25ms, total 244ms
07-11 16:57:38.640 I/Launcher(  605): Deferring update until onResume
07-11 16:57:38.648 D/dalvikvm( 4545): GC_EXPLICIT freed 174K, 6% free 10059K/10680K, paused 71ms+23ms, total 265ms
07-11 16:57:38.679 I/InputReader(  374): Reconfiguring input devices.  changes=0x00000010
07-11 16:57:39.234 W/MountService(  374): getVolumeState(/storage/emulated/0/external_sd): Unknown volume
07-11 16:57:39.242 I/Launcher(  605): Deferring update until onResume
07-11 16:57:39.242 W/MountService(  374): getVolumeState(/mnt/sdcard-ext): Unknown volume
07-11 16:57:39.242 W/MountService(  374): getVolumeState(/mnt/ext_sdcard): Unknown volume
07-11 16:57:39.242 W/MountService(  374): getVolumeState(/mnt/sdcard2): Unknown volume
07-11 16:57:39.242 W/MountService(  374): getVolumeState(/mnt/emmc): Unknown volume
07-11 16:57:39.242 W/MountService(  374): getVolumeState(/mnt/extSdCard): Unknown volume
07-11 16:57:39.242 W/MountService(  374): getVolumeState(/mnt/sdcard/SD_CARD): Unknown volume
07-11 16:57:39.242 W/MountService(  374): getVolumeState(/mnt/sdcard/extra_sd): Unknown volume
07-11 16:57:39.250 D/BackupManagerService(  374): Received broadcast Intent { act=android.intent.action.PACKAGE_REMOVED dat=package:by.game.binumbers flg=0x8000010 (has extras) }
07-11 16:57:39.250 V/BackupManagerService(  374): removePackageParticipantsLocked: uid=10083 #1
07-11 16:57:39.273 D/VoicemailCleanupService( 4476): Cleaning up data for package: by.game.binumbers
07-11 16:57:39.273 W/MountService(  374): getVolumeState(/mnt/extrasd_bind): Unknown volume
07-11 16:57:39.297 W/MountService(  374): getVolumeState(/mnt/sdcard/ext_sd): Unknown volume
07-11 16:57:39.297 W/MountService(  374): getVolumeState(/storage/extSdCard): Unknown volume
07-11 16:57:39.304 I/ActivityManager(  374): START u0 {act=android.intent.action.MAIN cat=[android.intent.category.HOME] flg=0x10200000 cmp=com.android.launcher/com.android.launcher2.Launcher} from pid 374
07-11 16:57:39.328 W/MountService(  374): getVolumeState(/storage/sdcard1): Unknown volume
07-11 16:57:39.336 W/BackupManagerService(  374): dataChanged but no participant pkg='com.android.providers.settings' uid=10079
07-11 16:57:39.351 W/MountService(  374): getVolumeState(/mnt/sdcard/external_SD): Unknown volume
07-11 16:57:39.351 W/MountService(  374): getVolumeState(/mnt/sdcard/external_sd): Unknown volume
07-11 16:57:39.445 W/BackupManagerService(  374): dataChanged but no participant pkg='com.android.providers.settings' uid=10079
07-11 16:57:39.492 D/dalvikvm(32313): GC_CONCURRENT freed 373K, 7% free 9456K/10152K, paused 23ms+5ms, total 131ms
07-11 16:57:39.492 D/dalvikvm(32313): WAIT_FOR_CONCURRENT_GC blocked 92ms
07-11 16:57:39.531 D/dalvikvm(32313): GC_FOR_ALLOC freed 39K, 7% free 9454K/10152K, paused 32ms, total 32ms
07-11 16:57:39.531 I/dalvikvm-heap(32313): Grow heap (frag case) to 9.398MB for 76082-byte allocation
07-11 16:57:39.562 D/dalvikvm(32313): GC_FOR_ALLOC freed 36K, 8% free 9492K/10228K, paused 35ms, total 35ms
07-11 16:57:39.750 D/dalvikvm(  374): JIT code cache reset in 9 ms (1048384 bytes 40/0)
07-11 16:57:39.750 D/dalvikvm(32313): GC_CONCURRENT freed 286K, 6% free 9649K/10228K, paused 3ms+10ms, total 39ms
07-11 16:57:39.804 D/dalvikvm(  374): GC_EXPLICIT freed 2824K, 26% free 23553K/31560K, paused 155ms+61ms, total 811ms
07-11 16:57:39.804 D/dalvikvm(  374): WAIT_FOR_CONCURRENT_GC blocked 431ms
07-11 16:57:39.929 D/dalvikvm(  374): GC_FOR_ALLOC freed 825K, 27% free 23100K/31560K, paused 116ms, total 116ms
07-11 16:57:39.984 I/ActivityManager(  374): Start proc com.android.keychain for broadcast com.android.keychain/.KeyChainBroadcastReceiver: pid=6045 uid=1000 gids={41000, 1015, 1028, 3002, 3001, 3003, 3007}
07-11 16:57:40.000 I/Choreographer(  450): Skipped 39 frames!  The application may be doing too much work on its main thread.
07-11 16:57:40.109 E/AppsCustomizePagedView(  605): Widget ComponentInfo{com.moji.mjweather/com.moji.mjweather.CMojiWidget5x1} can not fit on this device (642, 80)
07-11 16:57:40.117 E/AppsCustomizePagedView(  605): Widget ComponentInfo{com.moji.mjweather/com.moji.mjweather.CMojiWidget5x2} can not fit on this device (642, 220)
07-11 16:57:40.140 E/AppsCustomizePagedView(  605): Widget ComponentInfo{com.pekall.emdm/com.pekall.emdm.messagecenter.view.PushMessageWidget} has invalid dimensions (480, 0)
07-11 16:57:40.172 W/ContextImpl( 6045): Calling a method in the system process without a qualified user: android.app.ContextImpl.startService:1385 android.content.ContextWrapper.startService:473 android.content.ContextWrapper.startService:473 com.android.keychain.KeyChainBroadcastReceiver.onReceive:12 android.app.ActivityThread.handleReceiver:2424 
07-11 16:57:40.258 D/dalvikvm(  450): GC_FOR_ALLOC freed 1129K, 16% free 14831K/17536K, paused 168ms, total 169ms
07-11 16:57:40.273 I/dalvikvm-heap(  450): Grow heap (frag case) to 14.881MB for 380496-byte allocation
07-11 16:57:40.367 D/dalvikvm(  450): GC_FOR_ALLOC freed 62K, 16% free 15140K/17908K, paused 93ms, total 93ms
07-11 16:57:40.609 I/ActivityManager(  374): Process com.qihoo360.mobilesafe (pid 5193) has died.
07-11 16:57:40.625 D/dalvikvm(  577): GC_EXPLICIT freed 330K, 7% free 11553K/12348K, paused 6ms+9ms, total 91ms
07-11 16:57:40.640 I/Choreographer( 5866): Skipped 31 frames!  The application may be doing too much work on its main thread.
07-11 16:57:40.656 W/System.err( 5790): java.io.FileNotFoundException: /data/data/com.mgyapp.android/files/.cfp.i: open failed: ENOENT (No such file or directory)
07-11 16:57:40.664 W/System.err( 5790): 	at libcore.io.IoBridge.open(IoBridge.java:409)
07-11 16:57:40.664 W/System.err( 5790): 	at java.io.FileInputStream.<init>(FileInputStream.java:78)
07-11 16:57:40.664 W/System.err( 5790): 	at android.app.ContextImpl.openFileInput(ContextImpl.java:702)
07-11 16:57:40.664 W/System.err( 5790): 	at android.content.ContextWrapper.openFileInput(ContextWrapper.java:173)
07-11 16:57:40.664 W/System.err( 5790): 	at com.mgyun.shua.jc.c.b(Unknown Source)
07-11 16:57:40.664 W/System.err( 5790): 	at com.mgyun.shua.jc.d.a(Unknown Source)
07-11 16:57:40.664 W/System.err( 5790): 	at com.mgyun.shua.jc.service.CpWorkServer.onHandleIntent(Unknown Source)
07-11 16:57:40.664 W/System.err( 5790): 	at android.app.IntentService$ServiceHandler.handleMessage(IntentService.java:65)
07-11 16:57:40.664 W/System.err( 5790): 	at android.os.Handler.dispatchMessage(Handler.java:99)
07-11 16:57:40.672 W/System.err( 5790): 	at android.os.Looper.loop(Looper.java:137)
07-11 16:57:40.672 W/System.err( 5790): 	at android.os.HandlerThread.run(HandlerThread.java:61)
07-11 16:57:40.672 W/System.err( 5790): Caused by: libcore.io.ErrnoException: open failed: ENOENT (No such file or directory)
07-11 16:57:40.672 W/System.err( 5790): 	at libcore.io.Posix.open(Native Method)
07-11 16:57:40.672 W/System.err( 5790): 	at libcore.io.BlockGuardOs.open(BlockGuardOs.java:110)
07-11 16:57:40.679 W/System.err( 5790): 	at libcore.io.IoBridge.open(IoBridge.java:393)
07-11 16:57:40.679 W/System.err( 5790): 	... 10 more
07-11 16:57:40.961 I/Choreographer(  605): Skipped 52 frames!  The application may be doing too much work on its main thread.
07-11 16:57:41.086 W/MountService(  374): getVolumeState(/storage/emulated/0/external_sd): Unknown volume
07-11 16:57:41.094 W/MountService(  374): getVolumeState(/mnt/sdcard-ext): Unknown volume
07-11 16:57:41.109 W/MountService(  374): getVolumeState(/mnt/ext_sdcard): Unknown volume
07-11 16:57:41.125 W/MountService(  374): getVolumeState(/mnt/sdcard2): Unknown volume
07-11 16:57:41.125 W/MountService(  374): getVolumeState(/mnt/emmc): Unknown volume
07-11 16:57:41.133 W/MountService(  374): getVolumeState(/mnt/extSdCard): Unknown volume
07-11 16:57:41.133 W/MountService(  374): getVolumeState(/mnt/sdcard/SD_CARD): Unknown volume
07-11 16:57:41.133 W/MountService(  374): getVolumeState(/mnt/sdcard/extra_sd): Unknown volume
07-11 16:57:41.133 W/MountService(  374): getVolumeState(/mnt/extrasd_bind): Unknown volume
07-11 16:57:41.172 D/dalvikvm(32313): GC_CONCURRENT freed 683K, 8% free 9464K/10248K, paused 12ms+3ms, total 120ms
07-11 16:57:41.172 D/dalvikvm(32313): WAIT_FOR_CONCURRENT_GC blocked 50ms
07-11 16:57:41.195 W/MountService(  374): getVolumeState(/mnt/sdcard/ext_sd): Unknown volume
07-11 16:57:41.195 W/MountService(  374): getVolumeState(/storage/extSdCard): Unknown volume
07-11 16:57:41.203 W/MountService(  374): getVolumeState(/storage/sdcard1): Unknown volume
07-11 16:57:41.203 W/MountService(  374): getVolumeState(/mnt/sdcard/external_SD): Unknown volume
07-11 16:57:41.203 W/MountService(  374): getVolumeState(/mnt/sdcard/external_sd): Unknown volume
07-11 16:57:41.351 W/IInputConnectionWrapper(  605): showStatusIcon on inactive InputConnection
07-11 16:57:41.679 D/mdm_log ( 3259): [null:-1]->action is : android.intent.action.PACKAGE_REMOVED
07-11 16:57:41.711 D/dalvikvm( 5351): GC_CONCURRENT freed 337K, 4% free 9240K/9612K, paused 3ms+13ms, total 127ms
07-11 16:57:41.734 D/DB      ( 3259): query: SQLiteQuery: SELECT * FROM app WHERE readStatus =0
07-11 16:57:41.734 D/DB      ( 3259): factory null
07-11 16:57:41.734 D/DB      ( 3259): fillWindow: 0
07-11 16:57:41.734 D/DB      ( 3259): cursor 0
07-11 16:57:41.734 E/Mdm     ( 3259): Call Mdm service's recordIconCount function
07-11 16:57:41.734 D/DB      ( 3259): query: SQLiteQuery: SELECT * FROM app WHERE type = 51107
07-11 16:57:41.734 D/DB      ( 3259): factory null
07-11 16:57:41.734 D/DB      ( 3259): fillWindow: 0
07-11 16:57:41.742 D/DB      ( 3259): cursor 1
07-11 16:57:41.750 D/DB      ( 3259): moveToPos: 0
07-11 16:57:41.750 D/DB      ( 3259): onMove: 0
07-11 16:57:41.750 D/DB      ( 3259): moveToPos: 1
07-11 16:57:41.851 D/dalvikvm( 4389): GC_CONCURRENT freed 256K, 5% free 9269K/9692K, paused 6ms+8ms, total 67ms
07-11 16:57:41.875 W/ResourceType(  605): No known package when getting name for resource number 0x9b000000
07-11 16:57:41.875 W/ResourceType(  605): No known package when getting name for resource number 0x9b010100
07-11 16:57:41.875 W/ResourceType(  605): No known package when getting name for resource number 0x9b030300
07-11 16:57:41.875 W/ResourceType(  605): No known package when getting name for resource number 0x9b040400
07-11 16:57:41.875 W/ResourceType(  605): No known package when getting name for resource number 0x9c010003
07-11 16:57:41.898 D/dalvikvm( 1165): GC_CONCURRENT freed 411K, 6% free 9347K/9924K, paused 11ms+3ms, total 45ms
07-11 16:57:41.898 D/dalvikvm( 1165): WAIT_FOR_CONCURRENT_GC blocked 15ms
07-11 16:57:41.906 W/ResourceType(  605): No known package when getting name for resource number 0x9c020000
07-11 16:57:41.906 W/ResourceType(  605): No known package when getting name for resource number 0x9c020002
07-11 16:57:41.945 I/QueryController( 5957): Matched selector: UiSelector[DESCRIPTION=, PACKAGE NAME=com.android.launcher] <<==>> [android.view.accessibility.AccessibilityNodeInfo@eace; boundsInParent: Rect(524232, 0 - 524360, 128); boundsInScreen: Rect(296, 1040 - 424, 1168); packageName: com.android.launcher; className: android.widget.TextView; text: null; contentDescription: ; viewIdResName: null; checkable: false; checked: false; focusable: true; focused: false; selected: false; clickable: true; longClickable: false; enabled: true; password: false; scrollable: false; [ACTION_FOCUS, ACTION_SELECT, ACTION_CLEAR_SELECTION, ACTION_CLICK, ACTION_ACCESSIBILITY_FOCUS]]
07-11 16:57:41.953 D/InteractionController( 5957): clickAndWaitForNewWindow(360, 1104)
07-11 16:57:42.023 D/dalvikvm( 1165): GC_FOR_ALLOC freed 9K, 4% free 9604K/9924K, paused 30ms, total 31ms
07-11 16:57:42.023 D/dalvikvm( 5351): No JNI_OnLoad found in /system/lib/libAppDataSearch.so 0x420856e8, skipping init
07-11 16:57:42.039 D/Icing   ( 5351): Init last flush num docs 0 last docstore size 0
07-11 16:57:42.047 D/Icing   ( 5351): Docid map file has no data, nothing to scan
07-11 16:57:42.047 D/Icing   ( 5351): File /data/data/com.google.android.gms/files/AppDataSearch/main/cur/ds.perdocdata contains 0 records of size 6
07-11 16:57:42.078 D/Icing   ( 5351): Init docstore ok num docs 0 bytes 0
07-11 16:57:42.101 V/Icing   ( 5351): Lite index crc computed in 0.244ms
07-11 16:57:42.101 V/Icing   ( 5351): Lite index init ok in 15.961ms
07-11 16:57:42.101 V/Icing   ( 5351): Warming lite-index took 0.000ms
07-11 16:57:42.101 V/Icing   ( 5351): Warming lexicon took 0.031ms
07-11 16:57:42.101 V/Icing   ( 5351): Warming display mappings took 0.000ms
07-11 16:57:42.101 D/Icing   ( 5351): Init index ok num docs 0
07-11 16:57:42.101 D/Icing   ( 5351): Init done
07-11 16:57:42.164 I/dalvikvm( 6094): Turning on JNI app bug workarounds for target SDK version 7...
07-11 16:57:42.164 I/ActivityManager(  374): Start proc com.qihoo.root for broadcast com.qihoo.root/.UninstallReceiver: pid=6094 uid=10078 gids={50078, 1015, 3003, 1028}
07-11 16:57:42.219 I/Icing   ( 5351): 0 corpora need re-polling
07-11 16:57:42.250 D/dalvikvm( 6094): Trying to load lib /data/data/com.qihoo.root/lib/libnativeutil.so 0x42082618
07-11 16:57:42.258 D/dalvikvm( 6094): Added shared lib /data/data/com.qihoo.root/lib/libnativeutil.so 0x42082618
07-11 16:57:42.258 I/ActivityManager(  374): No longer want com.google.android.partnersetup (pid 5296): empty #17
07-11 16:57:42.828 I/ActivityManager(  374): Process android.process.acore (pid 4476) has died.
07-11 16:57:43.031 I/QueryController( 5957): Matched selector: UiSelector[TEXT=] <<==>> [android.view.accessibility.AccessibilityNodeInfo@5c91a; boundsInParent: Rect(0, 0 - 148, 184); boundsInScreen: Rect(16, 958 - 164, 1142); packageName: com.android.launcher; className: android.widget.TextView; text: ; contentDescription: null; viewIdResName: null; checkable: false; checked: false; focusable: true; focused: false; selected: false; clickable: true; longClickable: true; enabled: true; password: false; scrollable: false; [ACTION_FOCUS, ACTION_SELECT, ACTION_CLEAR_SELECTION, ACTION_CLICK, ACTION_LONG_CLICK, ACTION_ACCESSIBILITY_FOCUS, ACTION_NEXT_AT_MOVEMENT_GRANULARITY, ACTION_PREVIOUS_AT_MOVEMENT_GRANULARITY, ACTION_SET_SELECTION]]
07-11 16:57:43.086 E/SQLiteLog(  605): (1802) os_unix.c:30026: (2) stat(/data/user/0/com.android.launcher/cache/widgetpreviews.db) - 
07-11 16:57:43.086 E/SQLiteLog(  605): (1802) statement aborts at 19: [INSERT INTO shortcut_and_widget_previews(preview_bitmap,size,name) VALUES (?,?,?)] 
07-11 16:57:43.094 D/dalvikvm(  605): GC_CONCURRENT freed 1187K, 39% free 14542K/23692K, paused 8ms+13ms, total 99ms
07-11 16:57:43.109 E/SQLiteDatabase(  605): Error inserting preview_bitmap=[B@427398c8 size=260x165 name=Widget:com.moji.mjweather/com.moji.mjweather.CMojiWidget4x1
07-11 16:57:43.109 E/SQLiteDatabase(  605): android.database.sqlite.SQLiteDiskIOException: disk I/O error (code 1802)
07-11 16:57:43.109 E/SQLiteDatabase(  605): 	at android.database.sqlite.SQLiteConnection.nativeExecuteForLastInsertedRowId(Native Method)
07-11 16:57:43.109 E/SQLiteDatabase(  605): 	at android.database.sqlite.SQLiteConnection.executeForLastInsertedRowId(SQLiteConnection.java:782)
07-11 16:57:43.109 E/SQLiteDatabase(  605): 	at android.database.sqlite.SQLiteSession.executeForLastInsertedRowId(SQLiteSession.java:788)
07-11 16:57:43.109 E/SQLiteDatabase(  605): 	at android.database.sqlite.SQLiteStatement.executeInsert(SQLiteStatement.java:86)
07-11 16:57:43.109 E/SQLiteDatabase(  605): 	at android.database.sqlite.SQLiteDatabase.insertWithOnConflict(SQLiteDatabase.java:1469)
07-11 16:57:43.109 E/SQLiteDatabase(  605): 	at android.database.sqlite.SQLiteDatabase.insert(SQLiteDatabase.java:1339)
07-11 16:57:43.109 E/SQLiteDatabase(  605): 	at com.android.launcher2.WidgetPreviewLoader.writeToDb(WidgetPreviewLoader.java:334)
07-11 16:57:43.109 E/SQLiteDatabase(  605): 	at com.android.launcher2.WidgetPreviewLoader.access$000(WidgetPreviewLoader.java:103)
07-11 16:57:43.109 E/SQLiteDatabase(  605): 	at com.android.launcher2.WidgetPreviewLoader$1.doInBackground(WidgetPreviewLoader.java:229)
07-11 16:57:43.109 E/SQLiteDatabase(  605): 	at com.android.launcher2.WidgetPreviewLoader$1.doInBackground(WidgetPreviewLoader.java:227)
07-11 16:57:43.109 E/SQLiteDatabase(  605): 	at android.os.AsyncTask$2.call(AsyncTask.java:287)
07-11 16:57:43.109 E/SQLiteDatabase(  605): 	at java.util.concurrent.FutureTask.run(FutureTask.java:234)
07-11 16:57:43.109 E/SQLiteDatabase(  605): 	at java.util.concurrent.ThreadPoolExecutor.runWorker(ThreadPoolExecutor.java:1080)
07-11 16:57:43.109 E/SQLiteDatabase(  605): 	at java.util.concurrent.ThreadPoolExecutor$Worker.run(ThreadPoolExecutor.java:573)
07-11 16:57:43.109 E/SQLiteDatabase(  605): 	at java.lang.Thread.run(Thread.java:841)
07-11 16:57:43.203 E/SQLiteLog(  605): (1802) os_unix.c:30026: (2) stat(/data/user/0/com.android.launcher/cache/widgetpreviews.db) - 
07-11 16:57:43.203 E/SQLiteLog(  605): (1802) statement aborts at 19: [INSERT INTO shortcut_and_widget_previews(preview_bitmap,size,name) VALUES (?,?,?)] 
07-11 16:57:43.211 E/SQLiteDatabase(  605): Error inserting preview_bitmap=[B@421f0140 size=260x165 name=Widget:com.moji.mjweather/com.moji.mjweather.CMojiWidget4x2
07-11 16:57:43.211 E/SQLiteDatabase(  605): android.database.sqlite.SQLiteDiskIOException: disk I/O error (code 1802)
07-11 16:57:43.211 E/SQLiteDatabase(  605): 	at android.database.sqlite.SQLiteConnection.nativeExecuteForLastInsertedRowId(Native Method)
07-11 16:57:43.211 E/SQLiteDatabase(  605): 	at android.database.sqlite.SQLiteConnection.executeForLastInsertedRowId(SQLiteConnection.java:782)
07-11 16:57:43.211 E/SQLiteDatabase(  605): 	at android.database.sqlite.SQLiteSession.executeForLastInsertedRowId(SQLiteSession.java:788)
07-11 16:57:43.211 E/SQLiteDatabase(  605): 	at android.database.sqlite.SQLiteStatement.executeInsert(SQLiteStatement.java:86)
07-11 16:57:43.211 E/SQLiteDatabase(  605): 	at android.database.sqlite.SQLiteDatabase.insertWithOnConflict(SQLiteDatabase.java:1469)
07-11 16:57:43.211 E/SQLiteDatabase(  605): 	at android.database.sqlite.SQLiteDatabase.insert(SQLiteDatabase.java:1339)
07-11 16:57:43.211 E/SQLiteDatabase(  605): 	at com.android.launcher2.WidgetPreviewLoader.writeToDb(WidgetPreviewLoader.java:334)
07-11 16:57:43.211 E/SQLiteDatabase(  605): 	at com.android.launcher2.WidgetPreviewLoader.access$000(WidgetPreviewLoader.java:103)
07-11 16:57:43.211 E/SQLiteDatabase(  605): 	at com.android.launcher2.WidgetPreviewLoader$1.doInBackground(WidgetPreviewLoader.java:229)
07-11 16:57:43.211 E/SQLiteDatabase(  605): 	at com.android.launcher2.WidgetPreviewLoader$1.doInBackground(WidgetPreviewLoader.java:227)
07-11 16:57:43.211 E/SQLiteDatabase(  605): 	at android.os.AsyncTask$2.call(AsyncTask.java:287)
07-11 16:57:43.211 E/SQLiteDatabase(  605): 	at java.util.concurrent.FutureTask.run(FutureTask.java:234)
07-11 16:57:43.211 E/SQLiteDatabase(  605): 	at java.util.concurrent.ThreadPoolExecutor.runWorker(ThreadPoolExecutor.java:1080)
07-11 16:57:43.211 E/SQLiteDatabase(  605): 	at java.util.concurrent.ThreadPoolExecutor$Worker.run(ThreadPoolExecutor.java:573)
07-11 16:57:43.211 E/SQLiteDatabase(  605): 	at java.lang.Thread.run(Thread.java:841)
07-11 16:57:43.226 I/QueryController( 5957): Matched selector: UiSelector[TEXT=] <<==>> [android.view.accessibility.AccessibilityNodeInfo@5c91a; boundsInParent: Rect(0, 0 - 148, 184); boundsInScreen: Rect(16, 958 - 164, 1142); packageName: com.android.launcher; className: android.widget.TextView; text: ; contentDescription: null; viewIdResName: null; checkable: false; checked: false; focusable: true; focused: false; selected: false; clickable: true; longClickable: true; enabled: true; password: false; scrollable: false; [ACTION_FOCUS, ACTION_SELECT, ACTION_CLEAR_SELECTION, ACTION_CLICK, ACTION_LONG_CLICK, ACTION_ACCESSIBILITY_FOCUS, ACTION_NEXT_AT_MOVEMENT_GRANULARITY, ACTION_PREVIOUS_AT_MOVEMENT_GRANULARITY, ACTION_SET_SELECTION]]
07-11 16:57:43.234 D/InteractionController( 5957): clickAndWaitForNewWindow(90, 1050)
07-11 16:57:43.375 I/ActivityManager(  374): START u0 {act=android.intent.action.MAIN cat=[android.intent.category.LAUNCHER] flg=0x10200000 cmp=com.pekall.emdm/.ui.SplashActivity} from pid 605
07-11 16:57:43.547 D/dalvikvm(  374): GC_FOR_ALLOC freed 1774K, 27% free 23291K/31560K, paused 111ms, total 112ms
07-11 16:57:43.648 D/dalvikvm(  374): GC_FOR_ALLOC freed 790K, 28% free 22874K/31560K, paused 95ms, total 95ms
07-11 16:57:43.703 D/MdmApplication( 3259): [null:-1]->onActivityStarted market.activity.AppListActivity , mActivityCount = 5
07-11 16:57:43.703 D/MDM :   ( 3259): [null:-1]->query
07-11 16:57:43.703 D/MDM :   ( 3259): [null:-1]->QUERY_PINCODE_CHECK_RESULT
07-11 16:57:43.703 D/mdm_log ( 3259): [null:-1]->has installed com.moji.mjweather
07-11 16:57:43.914 D/dalvikvm( 4565): GC_FOR_ALLOC freed 378K, 6% free 9964K/10512K, paused 62ms, total 62ms
07-11 16:57:43.914 I/dalvikvm-heap( 4565): Grow heap (frag case) to 9.879MB for 122560-byte allocation
07-11 16:57:43.953 D/dalvikvm( 4565): GC_FOR_ALLOC freed 2K, 6% free 10081K/10632K, paused 36ms, total 36ms
07-11 16:57:44.000 I/ActivityManager(  374): Process com.google.android.gallery3d (pid 5274) has died.
07-11 16:57:44.023 D/dalvikvm( 4565): GC_FOR_ALLOC freed 9K, 6% free 10073K/10632K, paused 37ms, total 37ms
07-11 16:57:44.023 I/dalvikvm-heap( 4565): Grow heap (frag case) to 10.076MB for 217504-byte allocation
07-11 16:57:44.062 D/dalvikvm( 4565): GC_FOR_ALLOC freed 0K, 6% free 10285K/10848K, paused 40ms, total 40ms
07-11 16:57:44.414 I/WindowState(  374): WIN DEATH: Window{4305f7d0 u0 Toast EXITING}
07-11 16:57:44.414 I/ActivityManager(  374): Process com.android.packageinstaller (pid 5866) has died.
07-11 16:57:44.492 I/QueryController( 5957): Matched selector: UiSelector[PACKAGE NAME=com.pekall.emdm] <<==>> [android.view.accessibility.AccessibilityNodeInfo@d4b19; boundsInParent: Rect(0, 0 - 720, 1184); boundsInScreen: Rect(0, 0 - 720, 1184); packageName: com.pekall.emdm; className: android.widget.FrameLayout; text: null; contentDescription: null; viewIdResName: null; checkable: false; checked: false; focusable: false; focused: false; selected: false; clickable: false; longClickable: false; enabled: true; password: false; scrollable: false; [ACTION_SELECT, ACTION_CLEAR_SELECTION, ACTION_ACCESSIBILITY_FOCUS]]
07-11 16:57:44.523 I/QueryController( 5957): Matched selector: UiSelector[TEXT=, CLASS=android.widget.TextView] <<==>> [android.view.accessibility.AccessibilityNodeInfo@df045; boundsInParent: Rect(0, 0 - 144, 48); boundsInScreen: Rect(97, 74 - 241, 122); packageName: com.pekall.emdm; className: android.widget.TextView; text: ; contentDescription: null; viewIdResName: android:id/action_bar_title; checkable: false; checked: false; focusable: false; focused: false; selected: false; clickable: false; longClickable: false; enabled: true; password: false; scrollable: false; [ACTION_SELECT, ACTION_CLEAR_SELECTION, ACTION_ACCESSIBILITY_FOCUS, ACTION_NEXT_AT_MOVEMENT_GRANULARITY, ACTION_PREVIOUS_AT_MOVEMENT_GRANULARITY, ACTION_SET_SELECTION]]
07-11 16:57:44.734 I/TransInfo( 3259): TransInfo created, id: 5, class: class com.pekall.emdm.transaction.b.p
07-11 16:57:44.734 D/NetworkThread( 3259): [null:-1]->----isRunning-----true
07-11 16:57:44.734 D/NetworkThread( 3259): [null:-1]->----isRunning-----true
07-11 16:57:44.734 D/NetworkThread( 3259): [null:-1]->thread wakeup
07-11 16:57:44.742 D/HttpClient( 3259): enable apache.http debug
07-11 16:57:44.758 V/DEBUG   ( 3259): HTTP 0
07-11 16:57:44.969 D/MDM :   ( 3259): [null:-1]->MSG_WEBSOCKET_MESSAGE : {"id":-1920110947,"type":0,"command":0,"result":0,"reason":0,"params":{"msgId":"503a233d-b0aa-449b-8281-8152836c9a1a,503a233db0aa449b82818152836c9a1a","device":"ffffffffc539bb10fffffffff7aea961","message":"{\"cmd\":\"10119\"}"}}
07-11 16:57:44.969 V/DEBUG   ( 3259): HTTP 1
07-11 16:57:44.976 D/NetworkThread( 3259): [null:-1]->queue is empty, thread wait...
07-11 16:57:44.984 D/MdmService( 3259): [null:-1]->push message type :0
07-11 16:57:44.984 D/MdmService( 3259): [null:-1]->cmdMessage : {"cmd":"10119"}
07-11 16:57:44.984 D/MdmService( 3259): [null:-1]->command : PushCommandMsg{cmd='10119', msg='null'}
07-11 16:57:44.984 D/MDM :   ( 3259): [null:-1]->PUSH CMD: 10119
07-11 16:57:44.992 D/MdmStatusManager( 3259): [null:-1]->change status to : Busy
07-11 16:57:44.992 D/DB      ( 3259): query: SQLiteQuery: SELECT content, command_status, status FROM command WHERE status!=2
07-11 16:57:44.992 D/DB      ( 3259): factory null
07-11 16:57:44.992 D/DB      ( 3259): fillWindow: 0
07-11 16:57:44.992 D/DB      ( 3259): cursor 0
07-11 16:57:45.000 D/DB      ( 3259): moveToPos: 0
07-11 16:57:45.000 I/TransInfo( 3259): TransInfo created, id: 3, class: class com.pekall.emdm.transaction.b.c
07-11 16:57:45.000 D/NetworkThread( 3259): [null:-1]->----isRunning-----true
07-11 16:57:45.000 D/NetworkThread( 3259): [null:-1]->----isRunning-----true
07-11 16:57:45.000 D/NetworkThread( 3259): [null:-1]->thread wakeup
07-11 16:57:45.000 D/HttpClient( 3259): enable apache.http debug
07-11 16:57:45.008 V/DEBUG   ( 3259): HTTP 0
07-11 16:57:45.219 D/dalvikvm(  374): GC_FOR_ALLOC freed 464K, 27% free 23207K/31560K, paused 99ms, total 101ms
07-11 16:57:45.234 V/DEBUG   ( 3259): HTTP 1
07-11 16:57:45.258 D/MDM :   ( 3259): [null:-1]->read network input stream
07-11 16:57:45.258 D/MDM :   ( 3259): [null:-1]->read network input stream
07-11 16:57:45.289 D/CheckInTransInfo( 3259): [null:-1]->CommandMsg : CommandMsg{CommandUUID='8a8088bf471a79ec014724a4991e5d4a', Command=CommandObject{RequestType='DeviceInformation'}}
07-11 16:57:45.289 D/DB      ( 3259): query: SQLiteQuery: SELECT * FROM command WHERE cmd_uuid='8a8088bf471a79ec014724a4991e5d4a'
07-11 16:57:45.289 D/DB      ( 3259): factory null
07-11 16:57:45.289 D/DB      ( 3259): fillWindow: 0
07-11 16:57:45.289 D/DB      ( 3259): cursor 0
07-11 16:57:45.328 D/NetworkThread( 3259): [null:-1]->queue is empty, thread wait...
07-11 16:57:45.344 D/dalvikvm(  374): GC_FOR_ALLOC freed 762K, 28% free 22816K/31560K, paused 116ms, total 116ms
07-11 16:57:45.359 D/MdmApplication( 3259): [null:-1]->onActivityPaused market.activity.AppListActivity , mActivityCount = 6
07-11 16:57:45.359 D/MDM :   ( 3259): [null:-1]->query
07-11 16:57:45.367 D/MDM :   ( 3259): [null:-1]->QUERY_PINCODE_CHECK_RESULT
07-11 16:57:45.367 E/Mdm     ( 3259): Call Mdm service's setLastExitTime function
07-11 16:57:45.390 D/MdmApplication( 3259): [null:-1]->onActivityStarted ui.MainActivity , mActivityCount = 5
07-11 16:57:45.390 D/MDM :   ( 3259): [null:-1]->query
07-11 16:57:45.390 D/MDM :   ( 3259): [null:-1]->QUERY_PINCODE_CHECK_RESULT
07-11 16:57:45.484 D/MdmService( 3259): [null:-1]->handleCheckInResult
07-11 16:57:45.484 D/MdmService( 3259): [null:-1]->handleCheckInResult result keyIndex: 3
07-11 16:57:45.484 D/CommandManager( 3259): [null:-1]->execute command: CommandMsg{CommandUUID='8a8088bf471a79ec014724a4991e5d4a', Command=CommandObject{RequestType='DeviceInformation'}}
07-11 16:57:45.601 D/BluetoothManagerService(  374): checkIfCallerIsForegroundUser: valid=true callingUser=0 foregroundUser=0
07-11 16:57:46.070 D/DB      ( 3259): query: SQLiteQuery: SELECT * FROM app WHERE readStatus =0
07-11 16:57:46.070 D/DB      ( 3259): factory null
07-11 16:57:46.070 D/DB      ( 3259): fillWindow: 0
07-11 16:57:46.078 D/DB      ( 3259): cursor 0
07-11 16:57:46.078 E/Mdm     ( 3259): Call Mdm service's recordIconCount function
07-11 16:57:46.242 I/QueryController( 5957): Matched selector: UiSelector[TEXT=, CLASS=android.widget.TextView] <<==>> [android.view.accessibility.AccessibilityNodeInfo@e82ab; boundsInParent: Rect(0, 0 - 148, 184); boundsInScreen: Rect(376, 572 - 524, 756); packageName: com.pekall.emdm; className: android.widget.TextView; text: ; contentDescription: null; viewIdResName: com.pekall.emdm:id/application_icon_content; checkable: false; checked: false; focusable: true; focused: false; selected: false; clickable: false; longClickable: false; enabled: true; password: false; scrollable: false; [ACTION_FOCUS, ACTION_SELECT, ACTION_CLEAR_SELECTION, ACTION_ACCESSIBILITY_FOCUS, ACTION_NEXT_AT_MOVEMENT_GRANULARITY, ACTION_PREVIOUS_AT_MOVEMENT_GRANULARITY, ACTION_SET_SELECTION]]
07-11 16:57:46.304 I/QueryController( 5957): Matched selector: UiSelector[TEXT=, CLASS=android.widget.TextView] <<==>> [android.view.accessibility.AccessibilityNodeInfo@e7768; boundsInParent: Rect(0, 0 - 148, 184); boundsInScreen: Rect(16, 572 - 164, 756); packageName: com.pekall.emdm; className: android.widget.TextView; text: ; contentDescription: null; viewIdResName: com.pekall.emdm:id/application_icon_content; checkable: false; checked: false; focusable: true; focused: false; selected: false; clickable: false; longClickable: false; enabled: true; password: false; scrollable: false; [ACTION_FOCUS, ACTION_SELECT, ACTION_CLEAR_SELECTION, ACTION_ACCESSIBILITY_FOCUS, ACTION_NEXT_AT_MOVEMENT_GRANULARITY, ACTION_PREVIOUS_AT_MOVEMENT_GRANULARITY, ACTION_SET_SELECTION]]
07-11 16:57:46.328 I/QueryController( 5957): Matched selector: UiSelector[TEXT=, CLASS=android.widget.TextView] <<==>> [android.view.accessibility.AccessibilityNodeInfo@e82ab; boundsInParent: Rect(0, 0 - 148, 184); boundsInScreen: Rect(376, 572 - 524, 756); packageName: com.pekall.emdm; className: android.widget.TextView; text: ; contentDescription: null; viewIdResName: com.pekall.emdm:id/application_icon_content; checkable: false; checked: false; focusable: true; focused: false; selected: false; clickable: false; longClickable: false; enabled: true; password: false; scrollable: false; [ACTION_FOCUS, ACTION_SELECT, ACTION_CLEAR_SELECTION, ACTION_ACCESSIBILITY_FOCUS, ACTION_NEXT_AT_MOVEMENT_GRANULARITY, ACTION_PREVIOUS_AT_MOVEMENT_GRANULARITY, ACTION_SET_SELECTION]]
07-11 16:57:46.336 D/InteractionController( 5957): clickAndWaitForNewWindow(450, 664)
07-11 16:57:46.461 I/ActivityManager(  374): START u0 {cmp=com.pekall.emdm/.market.activity.AppListActivity} from pid 3259
07-11 16:57:46.601 D/dalvikvm(  374): GC_FOR_ALLOC freed 427K, 27% free 23195K/31560K, paused 95ms, total 95ms
07-11 16:57:46.711 D/dalvikvm(  374): GC_FOR_ALLOC freed 783K, 28% free 22783K/31560K, paused 99ms, total 99ms
07-11 16:57:46.719 D/MdmApplication( 3259): [null:-1]->onActivityPaused ui.MainActivity , mActivityCount = 6
07-11 16:57:46.719 D/MDM :   ( 3259): [null:-1]->query
07-11 16:57:46.719 D/MDM :   ( 3259): [null:-1]->QUERY_PINCODE_CHECK_RESULT
07-11 16:57:46.719 E/Mdm     ( 3259): Call Mdm service's setLastExitTime function
07-11 16:57:46.820 D/MdmApplication( 3259): [null:-1]->onActivityStarted market.activity.AppListActivity , mActivityCount = 5
07-11 16:57:46.820 D/MDM :   ( 3259): [null:-1]->query
07-11 16:57:46.820 D/MDM :   ( 3259): [null:-1]->QUERY_PINCODE_CHECK_RESULT
07-11 16:57:46.875 D/DB      ( 3259): query: SQLiteQuery: SELECT * FROM app WHERE type = 51107
07-11 16:57:46.875 D/DB      ( 3259): factory null
07-11 16:57:46.875 D/DB      ( 3259): fillWindow: 0
07-11 16:57:46.883 D/DB      ( 3259): cursor 1
07-11 16:57:46.898 D/mdm_log ( 3259): [null:-1]->has installed com.moji.mjweather
07-11 16:57:46.906 D/DB      ( 3259): query: SQLiteQuery: SELECT * FROM app WHERE type = 51106
07-11 16:57:46.906 D/DB      ( 3259): factory null
07-11 16:57:46.906 D/DB      ( 3259): fillWindow: 0
07-11 16:57:46.906 D/DB      ( 3259): cursor 0
07-11 16:57:47.054 D/DB      ( 3259): moveToPos: 0
07-11 16:57:47.054 D/DB      ( 3259): onMove: 0
07-11 16:57:47.062 D/DB      ( 3259): moveToPos: 1
07-11 16:57:47.133 D/dalvikvm( 3259): GC_FOR_ALLOC freed 2657K, 32% free 17425K/25600K, paused 67ms, total 67ms
07-11 16:57:47.234 I/ActivityManager(  374): Displayed com.pekall.emdm/.market.activity.AppListActivity: +502ms
07-11 16:57:47.929 I/QueryController( 5957): Matched selector: UiSelector[TEXT=, CLASS=android.widget.TextView] <<==>> [android.view.accessibility.AccessibilityNodeInfo@f0d98; boundsInParent: Rect(0, 0 - 144, 48); boundsInScreen: Rect(108, 170 - 252, 218); packageName: com.pekall.emdm; className: android.widget.TextView; text: ; contentDescription: null; viewIdResName: com.pekall.emdm:id/market_tab_text; checkable: false; checked: false; focusable: false; focused: false; selected: true; clickable: false; longClickable: false; enabled: true; password: false; scrollable: false; [ACTION_SELECT, ACTION_CLEAR_SELECTION, ACTION_ACCESSIBILITY_FOCUS, ACTION_NEXT_AT_MOVEMENT_GRANULARITY, ACTION_PREVIOUS_AT_MOVEMENT_GRANULARITY, ACTION_SET_SELECTION]]
07-11 16:57:47.937 D/InteractionController( 5957): clickAndWaitForNewWindow(180, 194)
07-11 16:57:48.617 D/dalvikvm( 5108): GC_CONCURRENT freed 390K, 5% free 8953K/9380K, paused 2ms+2ms, total 24ms
07-11 16:57:49.672 D/dalvikvm( 5108): GC_CONCURRENT freed 396K, 5% free 8950K/9384K, paused 3ms+2ms, total 26ms
07-11 16:57:50.211 I/TransInfo( 3259): TransInfo created, id: 3, class: class com.pekall.emdm.transaction.b.c
07-11 16:57:50.211 D/NetworkThread( 3259): [null:-1]->----isRunning-----true
07-11 16:57:50.211 D/NetworkThread( 3259): [null:-1]->----isRunning-----true
07-11 16:57:50.211 D/NetworkThread( 3259): [null:-1]->thread wakeup
07-11 16:57:50.359 D/dalvikvm( 3259): GC_FOR_ALLOC freed 2685K, 32% free 17587K/25600K, paused 65ms, total 65ms
07-11 16:57:50.429 D/HttpClient( 3259): enable apache.http debug
07-11 16:57:50.437 V/DEBUG   ( 3259): HTTP 0
07-11 16:57:50.656 D/dalvikvm( 3259): GC_FOR_ALLOC freed 2697K, 32% free 17608K/25600K, paused 62ms, total 62ms
07-11 16:57:51.078 W/InteractionController( 5957): runAndwaitForEvent timedout waiting for events
07-11 16:57:51.125 V/DEBUG   ( 3259): HTTP 1
07-11 16:57:51.125 D/MdmDatabaseHelper( 3259): [null:-1]->update command 8a8088bf471a79ec014724a4991e5d4a to status executed
07-11 16:57:51.211 D/NetworkThread( 3259): [null:-1]->queue is empty, thread wait...
07-11 16:57:51.242 D/MdmService( 3259): [null:-1]->handleCheckInResult
07-11 16:57:51.242 D/MdmService( 3259): [null:-1]->handleCheckInResult result keyIndex: 3
07-11 16:57:51.242 D/HandleCommandTask( 3259): [null:-1]->execute command msg but beanBase is null
07-11 16:57:51.242 D/MdmStatusManager( 3259): [null:-1]->change status to : Idle
07-11 16:57:51.367 I/AndroidRuntime( 5957): VM exiting with result code 0.
07-11 16:57:56.547 D/dalvikvm( 5122): GC_CONCURRENT freed 133K, 8% free 9443K/10164K, paused 3ms+3ms, total 32ms
07-11 16:57:56.609 D/Finsky  ( 5122): [1] 5.onFinished: Installation state replication succeeded.
07-11 16:57:57.234 W/MountService(  374): getVolumeState(/storage/emulated/0/external_sd): Unknown volume
07-11 16:57:57.234 W/MountService(  374): getVolumeState(/mnt/sdcard-ext): Unknown volume
07-11 16:57:57.234 W/MountService(  374): getVolumeState(/mnt/ext_sdcard): Unknown volume
07-11 16:57:57.234 W/MountService(  374): getVolumeState(/mnt/sdcard2): Unknown volume
07-11 16:57:57.242 W/MountService(  374): getVolumeState(/mnt/emmc): Unknown volume
07-11 16:57:57.242 W/MountService(  374): getVolumeState(/mnt/extSdCard): Unknown volume
07-11 16:57:57.242 W/MountService(  374): getVolumeState(/mnt/sdcard/SD_CARD): Unknown volume
07-11 16:57:57.242 W/MountService(  374): getVolumeState(/mnt/sdcard/extra_sd): Unknown volume
07-11 16:57:57.250 W/MountService(  374): getVolumeState(/mnt/extrasd_bind): Unknown volume
07-11 16:57:57.250 W/MountService(  374): getVolumeState(/mnt/sdcard/ext_sd): Unknown volume
07-11 16:57:57.250 W/MountService(  374): getVolumeState(/storage/extSdCard): Unknown volume
07-11 16:57:57.250 W/MountService(  374): getVolumeState(/storage/sdcard1): Unknown volume
07-11 16:57:57.250 W/MountService(  374): getVolumeState(/mnt/sdcard/external_SD): Unknown volume
07-11 16:57:57.250 W/MountService(  374): getVolumeState(/mnt/sdcard/external_sd): Unknown volume
07-11 16:57:57.265 D/dalvikvm(32313): GC_CONCURRENT freed 525K, 8% free 9442K/10244K, paused 5ms+5ms, total 49ms
07-11 16:57:57.265 D/dalvikvm(32313): WAIT_FOR_CONCURRENT_GC blocked 1ms
07-11 16:57:57.265 D/dalvikvm(32313): WAIT_FOR_CONCURRENT_GC blocked 11ms
07-11 16:57:57.344 I/ActivityManager(  374): Start proc android.process.acore for content provider com.android.providers.contacts/.ContactsProvider2: pid=6262 uid=10000 gids={50000, 3003, 1015, 1028}
07-11 16:57:57.508 D/dalvikvm( 6262): GC_CONCURRENT freed 225K, 3% free 9168K/9428K, paused 3ms+4ms, total 29ms
07-11 16:57:57.914 I/ContactLocale( 6262): AddressBook Labels [zh_CN]: [, A, B, C, D, E, F, G, H, I, J, K, L, M, N, O, P, Q, R, S, T, U, V, W, X, Y, Z, , , , , , , , , , , , , , , , , , , , , , , , , , , , , , , , , , , , , , , , , , , , , , , , , , , , , , , , , , , , , , , , , , , , , , , , , , , , , , , , , , , , , , , , , , , , , , , , , , , , , , , , , , , , , , , , , , , , , , , , , , , , , , , , , , , , , , , , , , , , , , , , , , , , , , , , , , , , #, ]
07-11 16:57:58.031 D/JOBS    ( 3947): Thread-3970: load factor check. true = (0 < 1)|| (0 * 3 < 0 + 0). consumer thread: true
07-11 16:57:58.031 D/JOBS    ( 3947): didn't allow me to die, re-running Thread-3970
07-11 16:57:58.031 D/JOBS    ( 3947): re-running consumer Thread-3970
07-11 16:57:58.172 D/dalvikvm(32313): GC_CONCURRENT freed 513K, 8% free 9432K/10244K, paused 2ms+3ms, total 40ms
07-11 16:57:58.172 D/dalvikvm(32313): WAIT_FOR_CONCURRENT_GC blocked 6ms
07-11 16:57:58.195 W/MountService(  374): getVolumeState(/storage/emulated/0/external_sd): Unknown volume
07-11 16:57:58.195 W/MountService(  374): getVolumeState(/mnt/sdcard-ext): Unknown volume
07-11 16:57:58.195 W/MountService(  374): getVolumeState(/mnt/ext_sdcard): Unknown volume
07-11 16:57:58.195 W/MountService(  374): getVolumeState(/mnt/sdcard2): Unknown volume
07-11 16:57:58.195 W/MountService(  374): getVolumeState(/mnt/emmc): Unknown volume
07-11 16:57:58.195 W/MountService(  374): getVolumeState(/mnt/extSdCard): Unknown volume
07-11 16:57:58.203 W/MountService(  374): getVolumeState(/mnt/sdcard/SD_CARD): Unknown volume
07-11 16:57:58.203 W/MountService(  374): getVolumeState(/mnt/sdcard/extra_sd): Unknown volume
07-11 16:57:58.203 W/MountService(  374): getVolumeState(/mnt/extrasd_bind): Unknown volume
07-11 16:57:58.203 W/MountService(  374): getVolumeState(/mnt/sdcard/ext_sd): Unknown volume
07-11 16:57:58.203 W/MountService(  374): getVolumeState(/storage/extSdCard): Unknown volume
07-11 16:57:58.203 W/MountService(  374): getVolumeState(/storage/sdcard1): Unknown volume
07-11 16:57:58.203 W/MountService(  374): getVolumeState(/mnt/sdcard/external_SD): Unknown volume
07-11 16:57:58.211 W/MountService(  374): getVolumeState(/mnt/sdcard/external_sd): Unknown volume
07-11 16:57:58.281 D/dalvikvm(32313): GC_CONCURRENT freed 463K, 9% free 9403K/10244K, paused 2ms+2ms, total 21ms
07-11 16:57:58.515 D/dalvikvm( 6262): GC_CONCURRENT freed 174K, 3% free 9404K/9616K, paused 3ms+3ms, total 24ms
07-11 16:58:12.125 D/LightsService(  374): Excessive delay setting light: 66ms
07-11 16:58:16.609 W/Settings( 4345): Setting airplane_mode_on has moved from android.provider.Settings.System to android.provider.Settings.Global, returning read-only value.
07-11 16:58:16.609 W/Settings( 4345): Setting mobile_data has moved from android.provider.Settings.Secure to android.provider.Settings.Global.
07-11 16:58:16.609 D/BluetoothAdapter( 4345): 1108414120: getState() :  mService = null. Returning STATE_OFF
07-11 16:58:16.617 W/Settings( 4345): Setting airplane_mode_on has moved from android.provider.Settings.System to android.provider.Settings.Global, returning read-only value.
07-11 16:58:16.633 W/Settings( 4345): Setting airplane_mode_on has moved from android.provider.Settings.System to android.provider.Settings.Global, returning read-only value.
07-11 16:58:16.633 W/Settings( 4345): Setting mobile_data has moved from android.provider.Settings.Secure to android.provider.Settings.Global.
07-11 16:58:16.633 D/BluetoothAdapter( 4345): 1108414120: getState() :  mService = null. Returning STATE_OFF
07-11 16:58:16.633 W/Settings( 4345): Setting airplane_mode_on has moved from android.provider.Settings.System to android.provider.Settings.Global, returning read-only value.
07-11 16:58:16.664 D/dalvikvm( 4345): GC_CONCURRENT freed 402K, 6% free 9720K/10248K, paused 7ms+2ms, total 29ms
07-11 16:58:17.101 D/dalvikvm( 4565): GC_CONCURRENT freed 535K, 7% free 10137K/10848K, paused 4ms+2ms, total 44ms
07-11 16:58:17.945 I/PowerManagerService(  374): Going to sleep due to screen timeout...
07-11 16:58:18.781 D/SurfaceFlinger(  124): Screen released, type=0 flinger=0x400b4008
07-11 16:58:18.906 D/dalvikvm(  374): GC_FOR_ALLOC freed 1731K, 27% free 23239K/31560K, paused 118ms, total 121ms
07-11 16:58:19.031 D/dalvikvm(  374): GC_FOR_ALLOC freed 773K, 28% free 22837K/31560K, paused 115ms, total 115ms
07-11 16:58:19.031 D/MdmApplication( 3259): [null:-1]->onActivityPaused market.activity.AppListActivity , mActivityCount = 6
07-11 16:58:19.031 D/MDM :   ( 3259): [null:-1]->query
07-11 16:58:19.031 D/MDM :   ( 3259): [null:-1]->QUERY_PINCODE_CHECK_RESULT
07-11 16:58:19.039 E/Mdm     ( 3259): Call Mdm service's setLastExitTime function
07-11 16:58:19.062 I/ActivityManager(  374): No longer want com.google.android.music:main (pid 1191): empty for 1801s
07-11 16:58:19.086 W/ActivityManager(  374): Scheduling restart of crashed service com.google.android.music/.playback.MusicPlaybackService in 5000ms
07-11 16:58:19.133 D/NfcService(  592): NFC-C OFF, disconnect
07-11 16:58:19.226 D/MDM :   ( 3259): [null:-1]->query
07-11 16:58:19.226 D/MDM :   ( 3259): [null:-1]->QUERY_SETTING_PIN_ONOFF
07-11 16:58:20.234 D/dalvikvm(  565): GC_CONCURRENT freed 324K, 7% free 10499K/11180K, paused 5ms+4ms, total 53ms
07-11 16:58:23.969 V/KeyguardHostView(  374): hide transport, gen:147
07-11 16:58:23.969 V/KeyguardHostView(  374): music state changed: 0
07-11 16:58:24.008 D/PhoneStatusBar(  450): disable: < expand icons alerts ticker system_info back home RECENT* clock search >
07-11 16:58:24.047 V/TAG     (  374): bug 7643792: fitSystemWindows([0,50][0,0])
07-11 16:58:24.109 I/ActivityManager(  374): Start proc com.google.android.music:main for service com.google.android.music/.playback.MusicPlaybackService: pid=6345 uid=10041 gids={50041, 3003, 1015, 1028}
07-11 16:58:24.234 D/PhoneStatusBar(  450): disable: < expand icons alerts ticker system_info BACK* HOME* RECENT CLOCK* search >
07-11 16:58:24.344 I/MusicStore( 6345): Database version: 69
