07-11 16:32:52.484 W/System.err(32501): 	at libcore.io.Posix.open(Native Method)
07-11 16:32:52.484 W/System.err(32501): 	at libcore.io.BlockGuardOs.open(BlockGuardOs.java:110)
07-11 16:32:52.484 W/System.err(32501): 	at libcore.io.IoBridge.open(IoBridge.java:393)
07-11 16:32:52.484 W/System.err(32501): 	... 9 more
07-11 16:32:52.922 D/dalvikvm(32313): GC_FOR_ALLOC freed 421K, 7% free 9347K/10016K, paused 29ms, total 29ms
07-11 16:32:52.929 W/MountService(  374): getVolumeState(/storage/emulated/0/external_sd): Unknown volume
07-11 16:32:52.929 W/MountService(  374): getVolumeState(/mnt/sdcard-ext): Unknown volume
07-11 16:32:52.929 W/MountService(  374): getVolumeState(/mnt/ext_sdcard): Unknown volume
07-11 16:32:52.929 W/MountService(  374): getVolumeState(/mnt/sdcard2): Unknown volume
07-11 16:32:52.929 W/MountService(  374): getVolumeState(/mnt/emmc): Unknown volume
07-11 16:32:52.929 W/MountService(  374): getVolumeState(/mnt/extSdCard): Unknown volume
07-11 16:32:52.929 W/MountService(  374): getVolumeState(/mnt/sdcard/SD_CARD): Unknown volume
07-11 16:32:52.929 W/MountService(  374): getVolumeState(/mnt/sdcard/extra_sd): Unknown volume
07-11 16:32:52.929 W/MountService(  374): getVolumeState(/mnt/extrasd_bind): Unknown volume
07-11 16:32:52.937 W/MountService(  374): getVolumeState(/mnt/sdcard/ext_sd): Unknown volume
07-11 16:32:52.937 W/MountService(  374): getVolumeState(/storage/extSdCard): Unknown volume
07-11 16:32:52.937 W/MountService(  374): getVolumeState(/storage/sdcard1): Unknown volume
07-11 16:32:52.937 W/MountService(  374): getVolumeState(/mnt/sdcard/external_SD): Unknown volume
07-11 16:32:52.937 W/MountService(  374): getVolumeState(/mnt/sdcard/external_sd): Unknown volume
07-11 16:32:53.039 D/dalvikvm(32313): GC_CONCURRENT freed 282K, 6% free 9492K/10016K, paused 4ms+3ms, total 45ms
07-11 16:32:53.148 W/MountService(  374): getVolumeState(/storage/emulated/0/external_sd): Unknown volume
07-11 16:32:53.148 W/MountService(  374): getVolumeState(/mnt/sdcard-ext): Unknown volume
07-11 16:32:53.148 W/MountService(  374): getVolumeState(/mnt/ext_sdcard): Unknown volume
07-11 16:32:53.148 W/MountService(  374): getVolumeState(/mnt/sdcard2): Unknown volume
07-11 16:32:53.156 W/MountService(  374): getVolumeState(/mnt/emmc): Unknown volume
07-11 16:32:53.156 W/MountService(  374): getVolumeState(/mnt/extSdCard): Unknown volume
07-11 16:32:53.156 W/MountService(  374): getVolumeState(/mnt/sdcard/SD_CARD): Unknown volume
07-11 16:32:53.156 W/MountService(  374): getVolumeState(/mnt/sdcard/extra_sd): Unknown volume
07-11 16:32:53.156 W/MountService(  374): getVolumeState(/mnt/extrasd_bind): Unknown volume
07-11 16:32:53.156 W/MountService(  374): getVolumeState(/mnt/sdcard/ext_sd): Unknown volume
07-11 16:32:53.156 W/MountService(  374): getVolumeState(/storage/extSdCard): Unknown volume
07-11 16:32:53.164 W/MountService(  374): getVolumeState(/storage/sdcard1): Unknown volume
07-11 16:32:53.164 W/MountService(  374): getVolumeState(/mnt/sdcard/external_SD): Unknown volume
07-11 16:32:53.164 W/MountService(  374): getVolumeState(/mnt/sdcard/external_sd): Unknown volume
07-11 16:32:53.195 D/dalvikvm(32313): GC_CONCURRENT freed 544K, 7% free 9372K/10016K, paused 3ms+4ms, total 27ms
07-11 16:32:58.148 D/dalvikvm(  577): GC_EXPLICIT freed 198K, 7% free 11555K/12348K, paused 5ms+6ms, total 46ms
07-11 16:33:02.476 W/System.err(32501): java.io.FileNotFoundException: /data/data/com.mgyapp.android/files/.cfp.i: open failed: ENOENT (No such file or directory)
07-11 16:33:02.476 W/System.err(32501): 	at libcore.io.IoBridge.open(IoBridge.java:409)
07-11 16:33:02.476 W/System.err(32501): 	at java.io.FileInputStream.<init>(FileInputStream.java:78)
07-11 16:33:02.476 W/System.err(32501): 	at android.app.ContextImpl.openFileInput(ContextImpl.java:702)
07-11 16:33:02.476 W/System.err(32501): 	at android.content.ContextWrapper.openFileInput(ContextWrapper.java:173)
07-11 16:33:02.476 W/System.err(32501): 	at com.mgyun.shua.jc.c.b(Unknown Source)
07-11 16:33:02.476 W/System.err(32501): 	at com.mgyun.shua.jc.d.a(Unknown Source)
07-11 16:33:02.476 W/System.err(32501): 	at com.mgyun.shua.jc.service.CpWorkServer.onHandleIntent(Unknown Source)
07-11 16:33:02.476 W/System.err(32501): 	at android.app.IntentService$ServiceHandler.handleMessage(IntentService.java:65)
07-11 16:33:02.476 W/System.err(32501): 	at android.os.Handler.dispatchMessage(Handler.java:99)
07-11 16:33:02.476 W/System.err(32501): 	at android.os.Looper.loop(Looper.java:137)
07-11 16:33:02.476 W/System.err(32501): 	at android.os.HandlerThread.run(HandlerThread.java:61)
07-11 16:33:02.476 W/System.err(32501): Caused by: libcore.io.ErrnoException: open failed: ENOENT (No such file or directory)
07-11 16:33:02.476 W/System.err(32501): 	at libcore.io.Posix.open(Native Method)
07-11 16:33:02.484 W/System.err(32501): 	at libcore.io.BlockGuardOs.open(BlockGuardOs.java:110)
07-11 16:33:02.484 W/System.err(32501): 	at libcore.io.IoBridge.open(IoBridge.java:393)
07-11 16:33:02.484 W/System.err(32501): 	... 10 more
07-11 16:33:27.195 D/MdmService( 3259): [null:-1]->receiver action :com.pekall.mdm.action.MDM_ALARM
07-11 16:33:27.195 I/TransInfo( 3259): TransInfo created, id: 5, class: class com.pekall.emdm.transaction.b.p
07-11 16:33:27.195 D/NetworkThread( 3259): [null:-1]->----isRunning-----true
07-11 16:33:27.203 D/NetworkThread( 3259): [null:-1]->----isRunning-----true
07-11 16:33:27.203 D/NetworkThread( 3259): [null:-1]->thread wakeup
07-11 16:33:27.203 D/HttpClient( 3259): enable apache.http debug
07-11 16:33:27.211 D/MdmService( 3259): [null:-1]->keepAliveWithPushServer client is opened:true
07-11 16:33:27.211 D/MDM :   ( 3259): [null:-1]->ping!!!!!!!!!
07-11 16:33:27.219 D/MdmService( 3259): [null:-1]->pushUrl : ws://192.168.10.91:9070/websocket
07-11 16:33:27.219 V/DEBUG   ( 3259): HTTP 0
07-11 16:33:27.219 D/MDM :   ( 3259): [null:-1]->mMdmPushClient is :not null
07-11 16:33:27.219 D/MDM :   ( 3259): [null:-1]->mMdmPushClient opened : opened
07-11 16:33:27.265 D/MDM :   ( 3259): [null:-1]->MSG_WEBSOCKET_PONG
07-11 16:33:27.406 D/dalvikvm( 3259): GC_FOR_ALLOC freed 2990K, 33% free 17210K/25600K, paused 54ms, total 55ms
07-11 16:33:27.562 D/MDM :   ( 3259): [null:-1]->MSG_WEBSOCKET_MESSAGE : {"id":934089868,"type":0,"command":0,"result":0,"reason":0,"params":{"msgId":"4d308441-96a7-417a-9961-d97b9479d637,4d30844196a7417a9961d97b9479d637","device":"ffffffffc539bb10fffffffff7aea961","message":"{\"cmd\":\"10119\"}"}}
07-11 16:33:27.578 V/DEBUG   ( 3259): HTTP 1
07-11 16:33:27.578 D/NetworkThread( 3259): [null:-1]->queue is empty, thread wait...
07-11 16:33:27.586 D/MdmService( 3259): [null:-1]->push message type :0
07-11 16:33:27.586 D/MdmService( 3259): [null:-1]->cmdMessage : {"cmd":"10119"}
07-11 16:33:27.586 D/MdmService( 3259): [null:-1]->command : PushCommandMsg{cmd='10119', msg='null'}
07-11 16:33:27.586 D/MDM :   ( 3259): [null:-1]->PUSH CMD: 10119
07-11 16:33:27.586 D/MdmStatusManager( 3259): [null:-1]->change status to : Busy
07-11 16:33:27.594 D/DB      ( 3259): query: SQLiteQuery: SELECT content, command_status, status FROM command WHERE status!=2
07-11 16:33:27.594 D/DB      ( 3259): factory null
07-11 16:33:27.594 D/DB      ( 3259): fillWindow: 0
07-11 16:33:27.594 D/DB      ( 3259): cursor 0
07-11 16:33:27.594 D/DB      ( 3259): moveToPos: 0
07-11 16:33:27.594 I/TransInfo( 3259): TransInfo created, id: 3, class: class com.pekall.emdm.transaction.b.c
07-11 16:33:27.594 D/NetworkThread( 3259): [null:-1]->----isRunning-----true
07-11 16:33:27.594 D/NetworkThread( 3259): [null:-1]->----isRunning-----true
07-11 16:33:27.594 D/NetworkThread( 3259): [null:-1]->thread wakeup
07-11 16:33:27.601 D/HttpClient( 3259): enable apache.http debug
07-11 16:33:27.609 V/DEBUG   ( 3259): HTTP 0
07-11 16:33:27.914 V/DEBUG   ( 3259): HTTP 1
07-11 16:33:27.922 D/MDM :   ( 3259): [null:-1]->read network input stream
07-11 16:33:27.929 D/CheckInTransInfo( 3259): [null:-1]->CommandMsg : CommandMsg{CommandUUID='8a8088bf471a79ec0147248e5be15cad', Command=CommandObject{RequestType='Location'}}
07-11 16:33:27.929 D/DB      ( 3259): query: SQLiteQuery: SELECT * FROM command WHERE cmd_uuid='8a8088bf471a79ec0147248e5be15cad'
07-11 16:33:27.929 D/DB      ( 3259): factory null
07-11 16:33:27.929 D/DB      ( 3259): fillWindow: 0
07-11 16:33:27.929 D/DB      ( 3259): cursor 0
07-11 16:33:27.961 D/NetworkThread( 3259): [null:-1]->queue is empty, thread wait...
07-11 16:33:28.062 D/MdmService( 3259): [null:-1]->handleCheckInResult
07-11 16:33:28.062 D/MdmService( 3259): [null:-1]->handleCheckInResult result keyIndex: 3
07-11 16:33:28.062 D/CommandManager( 3259): [null:-1]->execute command: CommandMsg{CommandUUID='8a8088bf471a79ec0147248e5be15cad', Command=CommandObject{RequestType='Location'}}
07-11 16:33:28.078 D/MdmService( 3259): [null:-1]->receiver action :com.pekall.mdm.action.LOCATION
07-11 16:33:28.094 I/ActivityManager(  374): Start proc com.pekall.emdm:remote for service com.pekall.emdm/com.baidu.location.f: pid=1917 uid=10066 gids={50066, 1015, 3002, 3001, 3003, 1028}
07-11 16:33:28.101 D/dalvikvm( 1917): Late-enabling CheckJNI
07-11 16:33:28.125 I/TransInfo( 3259): TransInfo created, id: 3, class: class com.pekall.emdm.transaction.b.c
07-11 16:33:28.125 D/NetworkThread( 3259): [null:-1]->----isRunning-----true
07-11 16:33:28.125 D/NetworkThread( 3259): [null:-1]->----isRunning-----true
07-11 16:33:28.125 D/NetworkThread( 3259): [null:-1]->thread wakeup
07-11 16:33:28.133 D/HttpClient( 3259): enable apache.http debug
07-11 16:33:28.140 V/DEBUG   ( 3259): HTTP 0
07-11 16:33:28.203 V/MyServiceConnection( 1917): [MConnection] mdm service is NOT installed.
07-11 16:33:28.203 V/MyServiceConnection( 1917): [MConnection] binding service: pekall.intent.action.MDM_SERVICE
07-11 16:33:28.219 D/ScClassLoader( 1917): >> SOURCE FILE: /data/data/com.pekall.emdm/app_jars/sc-jdk15on-1.47.0.2.dex.jar
07-11 16:33:28.219 V/SandboxConnection( 1917): [SConnection] sandbox service is NOT installed.
07-11 16:33:28.219 V/SandboxConnection( 1917): [SConnection] binding service: pekall.intent.action.SANDBOX_SERVICE
07-11 16:33:28.226 D/MDM :   ( 1917): [null:-1]->SettingApplication
07-11 16:33:28.273 D/dalvikvm( 1917): Trying to load lib /data/app-lib/com.pekall.emdm-1/libsandbox_database_jni.so 0x42080c68
07-11 16:33:28.312 D/dalvikvm( 1917): Added shared lib /data/app-lib/com.pekall.emdm-1/libsandbox_database_jni.so 0x42080c68
07-11 16:33:28.328 I/Sandbox ( 1917): [Sandbox] initForTest, modified on 6.3
07-11 16:33:28.351 D/dalvikvm( 1917): GC_FOR_ALLOC freed 157K, 3% free 9276K/9468K, paused 21ms, total 21ms
07-11 16:33:28.351 V/SandboxConnection( 1917): [SConnection] retry to bind service
07-11 16:33:28.359 V/SandboxConnection( 1917): [SConnection] sandbox service is NOT installed.
07-11 16:33:28.359 V/SandboxConnection( 1917): [SConnection] binding service: pekall.intent.action.SANDBOX_SERVICE
07-11 16:33:28.390 D/Email   ( 1917): Email: init sandbox at the beginning.
07-11 16:33:28.390 I/Sandbox ( 1917): [Sandbox] init
07-11 16:33:28.390 V/SandboxConnection( 1917): [SConnection] retry to bind service
07-11 16:33:28.390 V/SandboxConnection( 1917): [SConnection] sandbox service is NOT installed.
07-11 16:33:28.390 V/SandboxConnection( 1917): [SConnection] binding service: pekall.intent.action.SANDBOX_SERVICE
07-11 16:33:28.414 V/DEBUG   ( 3259): HTTP 1
07-11 16:33:28.414 D/MdmDatabaseHelper( 3259): [null:-1]->update command 8a8088bf471a79ec0147248e5be15cad to status executed
07-11 16:33:28.437 V/SandboxConnection( 1917): [SConnection] retry to bind service
07-11 16:33:28.445 V/SandboxConnection( 1917): [SConnection] sandbox service is NOT installed.
07-11 16:33:28.445 V/SandboxConnection( 1917): [SConnection] binding service: pekall.intent.action.SANDBOX_SERVICE
07-11 16:33:28.461 D/NetworkThread( 3259): [null:-1]->queue is empty, thread wait...
07-11 16:33:28.461 V/l       ( 1917): Bind requested for task setLogging
07-11 16:33:28.476 D/ExchangeService( 3259): !!! EAS ExchangeService, onCreate
07-11 16:33:28.476 D/ExchangeService( 3259): !!! EAS ExchangeService, onStartCommand, startingUp = false, running = false
07-11 16:33:28.476 D/ExchangeService( 3259): to start secureStorageService now
07-11 16:33:28.484 V/a       ( 3259): Bind requested for task test
07-11 16:33:28.492 D/ActivityThread( 1917): Loading provider com.pekall.semail.provider;com.pekall.semail.notifier: com.pekall.semail.provider.EmailProvider
07-11 16:33:28.500 V/browser ( 1917): Browser.onCreate: this=com.pekall.emdm.browser.at@42089248
07-11 16:33:28.500 D/ExchangeService( 3259): Reconciling accounts...
07-11 16:33:28.500 V/a       ( 3259): Bind requested for task reconcileAccounts
07-11 16:33:28.500 V/a       ( 3259): Waiting for task reconcileAccounts to complete...
07-11 16:33:28.508 V/a       ( 3259): Connected: com.pekall.semail.service.AccountServiceInternal
07-11 16:33:28.508 V/a       ( 3259): Connected: com.pekall.semail.service.AccountServiceInternal
07-11 16:33:28.508 D/DB      ( 3259): query: SQLiteQuery: SELECT _id FROM Account
07-11 16:33:28.508 V/a       ( 3259): Connection test succeeded in 22ms
07-11 16:33:28.508 V/a       ( 3259): Task test completed; disconnecting
07-11 16:33:28.515 D/DB      ( 3259): factory null
07-11 16:33:28.515 D/DB      ( 3259): fillWindow: 0
07-11 16:33:28.515 D/MdmService( 3259): [null:-1]->handleCheckInResult
07-11 16:33:28.515 D/MdmService( 3259): [null:-1]->handleCheckInResult result keyIndex: 3
07-11 16:33:28.515 D/HandleCommandTask( 3259): [null:-1]->execute command msg but beanBase is null
07-11 16:33:28.515 D/DB      ( 3259): cursor 0
07-11 16:33:28.515 D/MdmStatusManager( 3259): [null:-1]->change status to : Idle
07-11 16:33:28.515 D/DB      ( 3259): moveToPos: 0
07-11 16:33:28.515 D/ActivityThread( 1917): Loading provider com.pekall.semail.provider;com.pekall.semail.notifier: com.pekall.semail.provider.EmailProvider
07-11 16:33:28.523 V/a       ( 3259): Task reconcileAccounts completed; disconnecting
07-11 16:33:28.523 V/a       ( 3259): Wait for reconcileAccounts finished in 24ms
07-11 16:33:28.531 D/DB      ( 3259): query: SQLiteQuery: SELECT count(*) FROM HostAuth WHERE protocol="eas" LIMIT 1
07-11 16:33:28.531 D/DB      ( 3259): factory null
07-11 16:33:28.531 D/DB      ( 3259): fillWindow: 0
07-11 16:33:28.547 D/DB      ( 3259): cursor 1
07-11 16:33:28.547 D/DB      ( 3259): moveToPos: 0
07-11 16:33:28.547 D/DB      ( 3259): onMove: 0
07-11 16:33:28.547 D/ExchangeService( 3259): !!! EAS ExchangeService, stopping self
07-11 16:33:28.554 D/dalvikvm( 1917): GC_FOR_ALLOC freed 246K, 3% free 9542K/9824K, paused 24ms, total 24ms
07-11 16:33:28.570 I/Sandbox ( 1917): [Sandbox] initForTest, modified on 6.3
07-11 16:33:28.570 V/SandboxConnection( 1917): [SConnection] retry to bind service
07-11 16:33:28.570 V/SandboxConnection( 1917): [SConnection] sandbox service is NOT installed.
07-11 16:33:28.570 V/SandboxConnection( 1917): [SConnection] binding service: pekall.intent.action.SANDBOX_SERVICE
07-11 16:33:28.578 W/SQLiteOpenHelper( 1917): Opened /data/data/com.pekall.emdm/databases/message.db
07-11 16:33:28.617 E/DB      ( 1917): bind, index: 1, value: 0
07-11 16:33:28.617 D/DB      ( 1917): query: SQLiteQuery: SELECT * FROM message WHERE status =?
07-11 16:33:28.617 D/DB      ( 1917): factory null
07-11 16:33:28.617 D/DB      ( 1917): fillWindow: 0
07-11 16:33:28.633 W/SQLiteOpenHelper( 1917): Opened /data/data/com.pekall.emdm/databases/EmailProvider.db
07-11 16:33:28.656 D/DB      ( 1917): cursor 569
07-11 16:33:28.664 E/Mdm     ( 3259): Call Mdm service's recordIconCount function
07-11 16:33:28.664 E/DB      ( 1917): bind, index: 1, value: 0
07-11 16:33:28.664 E/DB      ( 1917): bind, index: 2, value: 100
07-11 16:33:28.664 D/DB      ( 1917): query: SQLiteQuery: SELECT * FROM message WHERE status=? and type=?
07-11 16:33:28.664 D/DB      ( 1917): factory null
07-11 16:33:28.664 D/DB      ( 1917): fillWindow: 0
07-11 16:33:28.679 D/DB      ( 1917): cursor 569
07-11 16:33:28.679 V/SettingApplication( 1917): SettingApplication.onCreate: this=com.pekall.emdm.setting.ai@420899d8
07-11 16:33:28.695 W/SQLiteOpenHelper( 1917): Opened /data/data/com.pekall.emdm/databases/EmailProviderBody.db
07-11 16:33:28.742 D/dalvikvm( 1917): GC_FOR_ALLOC freed 518K, 6% free 9538K/10092K, paused 21ms, total 22ms
07-11 16:33:28.750 D/DB      ( 1917): query: SQLiteQuery: SELECT _id FROM Account
07-11 16:33:28.750 D/DB      ( 1917): factory null
07-11 16:33:28.750 D/DB      ( 1917): fillWindow: 0
07-11 16:33:28.750 D/DB      ( 1917): cursor 0
07-11 16:33:28.750 D/DB      ( 1917): moveToPos: 0
07-11 16:33:28.750 W/SQLiteOpenHelper( 1917): Opened /data/data/com.pekall.emdm/databases/EmailProviderBackup.db
07-11 16:33:28.789 D/DB      ( 1917): query: SQLiteQuery: SELECT _id, displayName, emailAddress, syncKey, syncLookback, syncInterval, hostAuthKeyRecv, hostAuthKeySend, flags, isDefault, compatibilityUuid, senderName, ringtoneUri, protocolVersion, newMessageCount, securitySyncKey, signature, policyKey, notifiedMessageId, notifiedMessageCount FROM Account
07-11 16:33:28.789 D/DB      ( 1917): factory null
07-11 16:33:28.789 D/DB      ( 1917): fillWindow: 0
07-11 16:33:28.789 D/DB      ( 1917): cursor 0
07-11 16:33:28.789 D/DB      ( 1917): moveToPos: 0
07-11 16:33:28.812 W/System.err( 1917): java.lang.NoSuchMethodException: startScan [boolean]
07-11 16:33:28.812 W/System.err( 1917): 	at java.lang.Class.getConstructorOrMethod(Class.java:423)
07-11 16:33:28.812 W/System.err( 1917): 	at java.lang.Class.getDeclaredMethod(Class.java:589)
07-11 16:33:28.812 W/System.err( 1917): 	at com.baidu.location.e.try(Unknown Source)
07-11 16:33:28.812 W/System.err( 1917): 	at com.baidu.location.f.onCreate(Unknown Source)
07-11 16:33:28.812 W/System.err( 1917): 	at android.app.ActivityThread.handleCreateService(ActivityThread.java:2577)
07-11 16:33:28.812 W/System.err( 1917): 	at android.app.ActivityThread.access$1600(ActivityThread.java:141)
07-11 16:33:28.812 W/System.err( 1917): 	at android.app.ActivityThread$H.handleMessage(ActivityThread.java:1338)
07-11 16:33:28.812 W/System.err( 1917): 	at android.os.Handler.dispatchMessage(Handler.java:99)
07-11 16:33:28.812 W/System.err( 1917): 	at android.os.Looper.loop(Looper.java:137)
07-11 16:33:28.812 W/System.err( 1917): 	at android.app.ActivityThread.main(ActivityThread.java:5103)
07-11 16:33:28.812 W/System.err( 1917): 	at java.lang.reflect.Method.invokeNative(Native Method)
07-11 16:33:28.812 W/System.err( 1917): 	at java.lang.reflect.Method.invoke(Method.java:525)
07-11 16:33:28.812 W/System.err( 1917): 	at com.android.internal.os.ZygoteInit$MethodAndArgsCaller.run(ZygoteInit.java:737)
07-11 16:33:28.812 W/System.err( 1917): 	at com.android.internal.os.ZygoteInit.main(ZygoteInit.java:553)
07-11 16:33:28.812 W/System.err( 1917): 	at dalvik.system.NativeStart.main(Native Method)
07-11 16:33:28.836 D/baidu_location_service( 1917): baidu location service start1 ...1917
07-11 16:33:28.836 D/baidu_location_client( 3259): baidu location connected ...
07-11 16:33:28.844 V/MyServiceConnection( 1917): [MConnection] onServiceConnected, comp: com.pekall.emdm.service.MdmProxy
07-11 16:33:28.844 D/DB      ( 1917): query: SQLiteQuery: SELECT _id, mailboxKey FROM Message_Updates
07-11 16:33:28.844 V/SandboxConnection( 1917): [SConnection] onServiceConnected, comp: com.pekall.sandbox.service.SandboxService
07-11 16:33:28.844 D/DB      ( 1917): factory null
07-11 16:33:28.844 D/DB      ( 1917): fillWindow: 0
07-11 16:33:28.851 D/DB      ( 1917): cursor 0
07-11 16:33:28.851 D/DB      ( 1917): query: SQLiteQuery: SELECT _id, mailboxKey FROM Message_Deletes
07-11 16:33:28.851 D/DB      ( 1917): factory null
07-11 16:33:28.851 D/DB      ( 1917): fillWindow: 0
07-11 16:33:28.851 D/DB      ( 1917): cursor 0
07-11 16:33:28.851 D/AuthenticationManager( 3259): [1917] binder package: com.pekall.emdm:remote
07-11 16:33:28.851 I/Sandbox ( 1917): [Sandbox] initUserSecret, from: 1405067608860, to: 1407659608860
07-11 16:33:28.945 D/DB      ( 1917): query: SQLiteQuery: SELECT _id FROM Account
07-11 16:33:28.945 D/DB      ( 1917): factory null
07-11 16:33:28.945 D/DB      ( 1917): fillWindow: 0
07-11 16:33:28.945 D/DB      ( 1917): cursor 0
07-11 16:33:28.945 D/DB      ( 1917): moveToPos: 0
07-11 16:33:28.945 D/DB      ( 1917): query: SQLiteQuery: SELECT _id FROM HostAuth
07-11 16:33:28.945 D/DB      ( 1917): factory null
07-11 16:33:28.945 D/DB      ( 1917): fillWindow: 0
07-11 16:33:28.945 D/DB      ( 1917): cursor 0
07-11 16:33:28.953 D/DB      ( 1917): moveToPos: 0
07-11 16:33:28.953 D/DB      ( 1917): query: SQLiteQuery: SELECT _id FROM Policy
07-11 16:33:28.953 D/DB      ( 1917): factory null
07-11 16:33:28.953 D/DB      ( 1917): fillWindow: 0
07-11 16:33:28.953 D/DB      ( 1917): cursor 0
07-11 16:33:29.008 I/Sandbox ( 1917): [Sandbox] init
07-11 16:33:29.039 V/l       ( 1917): Connected: com.pekall.exchange.ExchangeService
07-11 16:33:29.047 D/dalvikvm( 1917): Trying to load lib /data/app-lib/com.pekall.emdm-1/liblocSDK3.so 0x42080c68
07-11 16:33:29.054 V/l       ( 1917): Task setLogging completed; disconnecting
07-11 16:33:29.054 D/ExchangeService( 3259): !!! EAS ExchangeService, onDestroy
07-11 16:33:29.054 D/dalvikvm( 1917): Added shared lib /data/app-lib/com.pekall.emdm-1/liblocSDK3.so 0x42080c68
07-11 16:33:29.054 D/dalvikvm( 1917): No JNI_OnLoad found in /data/app-lib/com.pekall.emdm-1/liblocSDK3.so 0x42080c68, skipping init
07-11 16:33:29.101 D/dalvikvm(  374): GC_EXPLICIT freed 1013K, 27% free 23363K/31968K, paused 4ms+12ms, total 148ms
07-11 16:33:29.109 D/DB      ( 1917): moveToPos: 0
07-11 16:33:29.156 D/dalvikvm( 1917): GC_FOR_ALLOC freed 290K, 4% free 9760K/10092K, paused 24ms, total 24ms
07-11 16:33:29.172 D/DB      ( 1917): query: SQLiteQuery: SELECT _id FROM Mailbox WHERE type IN (0,3,6,5,8,4)
07-11 16:33:29.172 D/DB      ( 1917): factory null
07-11 16:33:29.172 D/DB      ( 1917): fillWindow: 0
07-11 16:33:29.172 D/DB      ( 1917): cursor 0
07-11 16:33:29.172 D/DB      ( 1917): moveToPos: 0
07-11 16:33:29.172 D/DB      ( 1917): query: SQLiteQuery: SELECT _id FROM Account
07-11 16:33:29.172 D/DB      ( 1917): factory null
07-11 16:33:29.172 D/DB      ( 1917): fillWindow: 0
07-11 16:33:29.179 D/DB      ( 1917): cursor 0
07-11 16:33:29.195 W/ActivityManager(  374): Unable to start service Intent { cmp=com.pekall.emdm/com.pekall.semail.service.AttachmentDownloadService } U=0: not found
07-11 16:33:29.367 D/LocationUtil( 3259): [null:-1]->the LocType is 161
07-11 16:33:29.367 D/LocationUtil( 3259): [null:-1]->the Latitude is 39.991224
07-11 16:33:29.375 D/LocationUtil( 3259): [null:-1]->the lontitude is 116.476693
07-11 16:33:29.429 D/baidu_location_service( 1917): baidu location service stop ...
07-11 16:33:29.429 I/Process ( 1917): Sending signal. PID: 1917 SIG: 9
07-11 16:33:29.437 I/ActivityManager(  374): Process com.pekall.emdm:remote (pid 1917) has died.
07-11 16:33:34.234 W/DnsProxyListener(  121): Error writing DNS result to client
07-11 16:33:34.234 W/SocketClient(  121): write error (Broken pipe)
07-11 16:33:45.789 D/PushService(31146): [null:-1]->receiver action :com.pekall.mdm.action.PUSH_ALARM
07-11 16:33:45.789 D/PushService(31146): [null:-1]->keepAliveWithPushServer client is opened:true
07-11 16:33:45.789 D/PushLib : (31146): [null:-1]->ping!!!!!!!!!
07-11 16:33:45.797 D/PushLib : (31146): [null:-1]->pushClient is :not null
07-11 16:33:45.797 D/PushLib : (31146): [null:-1]->pushClient opened : opened
07-11 16:33:46.523 D/JOBS    (31146): Thread-3874: load factor check. true = (0 < 1)|| (0 * 3 < 0 + 0). consumer thread: true
07-11 16:33:46.523 D/JOBS    (31146): didn't allow me to die, re-running Thread-3874
07-11 16:33:46.523 D/JOBS    (31146): re-running consumer Thread-3874
07-11 16:33:50.836 D/PushLib : (31146): [null:-1]->MSG_WEBSOCKET_PONG
07-11 16:33:52.656 D/dalvikvm(20727): GC_CONCURRENT freed 398K, 7% free 9981K/10648K, paused 4ms+2ms, total 41ms
07-11 16:33:53.039 W/MountService(  374): getVolumeState(/storage/emulated/0/external_sd): Unknown volume
07-11 16:33:53.039 W/MountService(  374): getVolumeState(/mnt/sdcard-ext): Unknown volume
07-11 16:33:53.047 W/MountService(  374): getVolumeState(/mnt/ext_sdcard): Unknown volume
07-11 16:33:53.047 W/MountService(  374): getVolumeState(/mnt/sdcard2): Unknown volume
07-11 16:33:53.047 W/MountService(  374): getVolumeState(/mnt/emmc): Unknown volume
07-11 16:33:53.047 W/MountService(  374): getVolumeState(/mnt/extSdCard): Unknown volume
07-11 16:33:53.047 W/MountService(  374): getVolumeState(/mnt/sdcard/SD_CARD): Unknown volume
07-11 16:33:53.047 W/MountService(  374): getVolumeState(/mnt/sdcard/extra_sd): Unknown volume
07-11 16:33:53.047 W/MountService(  374): getVolumeState(/mnt/extrasd_bind): Unknown volume
07-11 16:33:53.047 W/MountService(  374): getVolumeState(/mnt/sdcard/ext_sd): Unknown volume
07-11 16:33:53.054 W/MountService(  374): getVolumeState(/storage/extSdCard): Unknown volume
07-11 16:33:53.054 W/MountService(  374): getVolumeState(/storage/sdcard1): Unknown volume
07-11 16:33:53.054 W/MountService(  374): getVolumeState(/mnt/sdcard/external_SD): Unknown volume
07-11 16:33:53.054 W/MountService(  374): getVolumeState(/mnt/sdcard/external_sd): Unknown volume
07-11 16:33:53.078 D/dalvikvm(32313): GC_FOR_ALLOC freed 360K, 7% free 9382K/10016K, paused 21ms, total 21ms
07-11 16:33:53.219 D/dalvikvm(16175): GC_EXPLICIT freed 231K, 5% free 9194K/9656K, paused 2ms+6ms, total 30ms
07-11 16:33:53.320 D/dalvikvm(32313): GC_CONCURRENT freed 503K, 7% free 9390K/10016K, paused 4ms+5ms, total 43ms
07-11 16:33:53.320 D/dalvikvm(32313): WAIT_FOR_CONCURRENT_GC blocked 4ms
07-11 16:33:53.328 W/MountService(  374): getVolumeState(/storage/emulated/0/external_sd): Unknown volume
07-11 16:33:53.336 W/MountService(  374): getVolumeState(/mnt/sdcard-ext): Unknown volume
07-11 16:33:53.336 W/MountService(  374): getVolumeState(/mnt/ext_sdcard): Unknown volume
07-11 16:33:53.336 W/MountService(  374): getVolumeState(/mnt/sdcard2): Unknown volume
07-11 16:33:53.336 W/MountService(  374): getVolumeState(/mnt/emmc): Unknown volume
07-11 16:33:53.336 W/MountService(  374): getVolumeState(/mnt/extSdCard): Unknown volume
07-11 16:33:53.336 W/MountService(  374): getVolumeState(/mnt/sdcard/SD_CARD): Unknown volume
07-11 16:33:53.336 W/MountService(  374): getVolumeState(/mnt/sdcard/extra_sd): Unknown volume
07-11 16:33:53.336 W/MountService(  374): getVolumeState(/mnt/extrasd_bind): Unknown volume
07-11 16:33:53.336 W/MountService(  374): getVolumeState(/mnt/sdcard/ext_sd): Unknown volume
07-11 16:33:53.344 W/MountService(  374): getVolumeState(/storage/extSdCard): Unknown volume
07-11 16:33:53.344 W/MountService(  374): getVolumeState(/storage/sdcard1): Unknown volume
07-11 16:33:53.344 W/MountService(  374): getVolumeState(/mnt/sdcard/external_SD): Unknown volume
07-11 16:33:53.344 W/MountService(  374): getVolumeState(/mnt/sdcard/external_sd): Unknown volume
07-11 16:33:53.437 D/dalvikvm(32313): GC_CONCURRENT freed 446K, 7% free 9337K/10016K, paused 4ms+2ms, total 25ms
07-11 16:33:53.437 D/dalvikvm(32313): WAIT_FOR_CONCURRENT_GC blocked 5ms
07-11 16:34:05.015 W/ProcessStats(  374): Skipping unknown process pid 2038
07-11 16:34:09.859 D/dalvikvm(  565): GC_CONCURRENT freed 398K, 7% free 10482K/11200K, paused 10ms+5ms, total 43ms
07-11 16:34:48.383 I/ActivityManager(  374): No longer want com.android.musicfx (pid 31914): empty #17
07-11 16:34:49.265 D/dalvikvm(26136): GC_CONCURRENT freed 384K, 5% free 10138K/10584K, paused 5ms+2ms, total 38ms
07-11 16:34:53.164 W/MountService(  374): getVolumeState(/storage/emulated/0/external_sd): Unknown volume
07-11 16:34:53.164 W/MountService(  374): getVolumeState(/mnt/sdcard-ext): Unknown volume
07-11 16:34:53.164 W/MountService(  374): getVolumeState(/mnt/ext_sdcard): Unknown volume
07-11 16:34:53.164 W/MountService(  374): getVolumeState(/mnt/sdcard2): Unknown volume
07-11 16:34:53.172 W/MountService(  374): getVolumeState(/mnt/emmc): Unknown volume
07-11 16:34:53.172 W/MountService(  374): getVolumeState(/mnt/extSdCard): Unknown volume
07-11 16:34:53.172 W/MountService(  374): getVolumeState(/mnt/sdcard/SD_CARD): Unknown volume
07-11 16:34:53.172 W/MountService(  374): getVolumeState(/mnt/sdcard/extra_sd): Unknown volume
07-11 16:34:53.172 W/MountService(  374): getVolumeState(/mnt/extrasd_bind): Unknown volume
07-11 16:34:53.179 W/MountService(  374): getVolumeState(/mnt/sdcard/ext_sd): Unknown volume
07-11 16:34:53.179 W/MountService(  374): getVolumeState(/storage/extSdCard): Unknown volume
07-11 16:34:53.179 W/MountService(  374): getVolumeState(/storage/sdcard1): Unknown volume
07-11 16:34:53.187 W/MountService(  374): getVolumeState(/mnt/sdcard/external_SD): Unknown volume
07-11 16:34:53.187 W/MountService(  374): getVolumeState(/mnt/sdcard/external_sd): Unknown volume
07-11 16:34:53.258 D/dalvikvm(32313): GC_CONCURRENT freed 378K, 6% free 9470K/10008K, paused 4ms+8ms, total 47ms
07-11 16:34:53.258 D/dalvikvm(32313): WAIT_FOR_CONCURRENT_GC blocked 32ms
07-11 16:34:53.258 D/dalvikvm(32313): WAIT_FOR_CONCURRENT_GC blocked 2ms
07-11 16:34:53.422 W/MountService(  374): getVolumeState(/storage/emulated/0/external_sd): Unknown volume
07-11 16:34:53.422 W/MountService(  374): getVolumeState(/mnt/sdcard-ext): Unknown volume
07-11 16:34:53.422 W/MountService(  374): getVolumeState(/mnt/ext_sdcard): Unknown volume
07-11 16:34:53.422 W/MountService(  374): getVolumeState(/mnt/sdcard2): Unknown volume
07-11 16:34:53.422 W/MountService(  374): getVolumeState(/mnt/emmc): Unknown volume
07-11 16:34:53.422 W/MountService(  374): getVolumeState(/mnt/extSdCard): Unknown volume
07-11 16:34:53.422 W/MountService(  374): getVolumeState(/mnt/sdcard/SD_CARD): Unknown volume
07-11 16:34:53.422 W/MountService(  374): getVolumeState(/mnt/sdcard/extra_sd): Unknown volume
07-11 16:34:53.429 W/MountService(  374): getVolumeState(/mnt/extrasd_bind): Unknown volume
07-11 16:34:53.429 W/MountService(  374): getVolumeState(/mnt/sdcard/ext_sd): Unknown volume
07-11 16:34:53.429 W/MountService(  374): getVolumeState(/storage/extSdCard): Unknown volume
07-11 16:34:53.429 W/MountService(  374): getVolumeState(/storage/sdcard1): Unknown volume
07-11 16:34:53.429 W/MountService(  374): getVolumeState(/mnt/sdcard/external_SD): Unknown volume
07-11 16:34:53.429 W/MountService(  374): getVolumeState(/mnt/sdcard/external_sd): Unknown volume
07-11 16:34:53.445 D/dalvikvm(32313): GC_CONCURRENT freed 583K, 7% free 9391K/10012K, paused 4ms+3ms, total 36ms
07-11 16:34:53.445 D/dalvikvm(32313): WAIT_FOR_CONCURRENT_GC blocked 13ms
07-11 16:34:53.453 D/dalvikvm(32313): WAIT_FOR_CONCURRENT_GC blocked 7ms
07-11 16:35:05.031 W/ProcessStats(  374): Skipping unknown process pid 2155
07-11 16:35:46.531 D/JOBS    (31146): Thread-3874: load factor check. true = (0 < 1)|| (0 * 3 < 0 + 0). consumer thread: true
07-11 16:35:46.531 D/JOBS    (31146): didn't allow me to die, re-running Thread-3874
07-11 16:35:46.531 D/JOBS    (31146): re-running consumer Thread-3874
07-11 16:35:53.437 W/MountService(  374): getVolumeState(/storage/emulated/0/external_sd): Unknown volume
07-11 16:35:53.437 W/MountService(  374): getVolumeState(/mnt/sdcard-ext): Unknown volume
07-11 16:35:53.445 W/MountService(  374): getVolumeState(/mnt/ext_sdcard): Unknown volume
07-11 16:35:53.445 W/MountService(  374): getVolumeState(/mnt/sdcard2): Unknown volume
07-11 16:35:53.445 W/MountService(  374): getVolumeState(/mnt/emmc): Unknown volume
07-11 16:35:53.445 W/MountService(  374): getVolumeState(/mnt/extSdCard): Unknown volume
07-11 16:35:53.445 W/MountService(  374): getVolumeState(/mnt/sdcard/SD_CARD): Unknown volume
07-11 16:35:53.445 W/MountService(  374): getVolumeState(/mnt/sdcard/extra_sd): Unknown volume
07-11 16:35:53.445 W/MountService(  374): getVolumeState(/mnt/extrasd_bind): Unknown volume
07-11 16:35:53.445 W/MountService(  374): getVolumeState(/mnt/sdcard/ext_sd): Unknown volume
07-11 16:35:53.453 W/MountService(  374): getVolumeState(/storage/extSdCard): Unknown volume
07-11 16:35:53.453 W/MountService(  374): getVolumeState(/storage/sdcard1): Unknown volume
07-11 16:35:53.453 W/MountService(  374): getVolumeState(/mnt/sdcard/external_SD): Unknown volume
07-11 16:35:53.453 W/MountService(  374): getVolumeState(/mnt/sdcard/external_sd): Unknown volume
07-11 16:35:53.476 D/dalvikvm(32313): GC_CONCURRENT freed 432K, 7% free 9343K/10012K, paused 3ms+3ms, total 23ms
07-11 16:35:53.476 D/dalvikvm(32313): WAIT_FOR_CONCURRENT_GC blocked 19ms
07-11 16:35:53.476 D/dalvikvm(32313): WAIT_FOR_CONCURRENT_GC blocked 15ms
07-11 16:35:53.664 D/dalvikvm(32313): GC_CONCURRENT freed 450K, 7% free 9356K/10012K, paused 2ms+3ms, total 24ms
07-11 16:35:53.695 W/MountService(  374): getVolumeState(/storage/emulated/0/external_sd): Unknown volume
07-11 16:35:53.703 W/MountService(  374): getVolumeState(/mnt/sdcard-ext): Unknown volume
07-11 16:35:53.703 W/MountService(  374): getVolumeState(/mnt/ext_sdcard): Unknown volume
07-11 16:35:53.703 W/MountService(  374): getVolumeState(/mnt/sdcard2): Unknown volume
07-11 16:35:53.703 W/MountService(  374): getVolumeState(/mnt/emmc): Unknown volume
07-11 16:35:53.703 W/MountService(  374): getVolumeState(/mnt/extSdCard): Unknown volume
07-11 16:35:53.703 W/MountService(  374): getVolumeState(/mnt/sdcard/SD_CARD): Unknown volume
07-11 16:35:53.703 W/MountService(  374): getVolumeState(/mnt/sdcard/extra_sd): Unknown volume
07-11 16:35:53.703 W/MountService(  374): getVolumeState(/mnt/extrasd_bind): Unknown volume
07-11 16:35:53.711 W/MountService(  374): getVolumeState(/mnt/sdcard/ext_sd): Unknown volume
07-11 16:35:53.711 W/MountService(  374): getVolumeState(/storage/extSdCard): Unknown volume
07-11 16:35:53.711 W/MountService(  374): getVolumeState(/storage/sdcard1): Unknown volume
07-11 16:35:53.711 W/MountService(  374): getVolumeState(/mnt/sdcard/external_SD): Unknown volume
07-11 16:35:53.711 W/MountService(  374): getVolumeState(/mnt/sdcard/external_sd): Unknown volume
07-11 16:35:53.773 D/dalvikvm(32313): GC_CONCURRENT freed 434K, 7% free 9344K/10012K, paused 2ms+3ms, total 22ms
07-11 16:36:23.226 D/dalvikvm(25474): GC_CONCURRENT freed 424K, 16% free 9567K/11288K, paused 6ms+3ms, total 45ms
07-11 16:36:27.203 D/MdmService( 3259): [null:-1]->receiver action :com.pekall.mdm.action.MDM_ALARM
07-11 16:36:53.547 W/MountService(  374): getVolumeState(/storage/emulated/0/external_sd): Unknown volume
07-11 16:36:53.547 W/MountService(  374): getVolumeState(/mnt/sdcard-ext): Unknown volume
07-11 16:36:53.547 W/MountService(  374): getVolumeState(/mnt/ext_sdcard): Unknown volume
07-11 16:36:53.554 W/MountService(  374): getVolumeState(/mnt/sdcard2): Unknown volume
07-11 16:36:53.554 W/MountService(  374): getVolumeState(/mnt/emmc): Unknown volume
07-11 16:36:53.554 W/MountService(  374): getVolumeState(/mnt/extSdCard): Unknown volume
07-11 16:36:53.554 W/MountService(  374): getVolumeState(/mnt/sdcard/SD_CARD): Unknown volume
07-11 16:36:53.554 W/MountService(  374): getVolumeState(/mnt/sdcard/extra_sd): Unknown volume
07-11 16:36:53.554 W/MountService(  374): getVolumeState(/mnt/extrasd_bind): Unknown volume
07-11 16:36:53.554 W/MountService(  374): getVolumeState(/mnt/sdcard/ext_sd): Unknown volume
07-11 16:36:53.562 W/MountService(  374): getVolumeState(/storage/extSdCard): Unknown volume
07-11 16:36:53.562 W/MountService(  374): getVolumeState(/storage/sdcard1): Unknown volume
07-11 16:36:53.562 W/MountService(  374): getVolumeState(/mnt/sdcard/external_SD): Unknown volume
07-11 16:36:53.562 W/MountService(  374): getVolumeState(/mnt/sdcard/external_sd): Unknown volume
07-11 16:36:53.601 D/dalvikvm(32313): GC_CONCURRENT freed 398K, 7% free 9370K/10000K, paused 2ms+4ms, total 34ms
07-11 16:36:53.601 D/dalvikvm(32313): WAIT_FOR_CONCURRENT_GC blocked 16ms
07-11 16:36:53.812 D/dalvikvm(32313): GC_CONCURRENT freed 441K, 7% free 9368K/10000K, paused 5ms+3ms, total 32ms
07-11 16:36:53.820 W/MountService(  374): getVolumeState(/storage/emulated/0/external_sd): Unknown volume
07-11 16:36:53.820 W/MountService(  374): getVolumeState(/mnt/sdcard-ext): Unknown volume
07-11 16:36:53.820 W/MountService(  374): getVolumeState(/mnt/ext_sdcard): Unknown volume
07-11 16:36:53.820 W/MountService(  374): getVolumeState(/mnt/sdcard2): Unknown volume
07-11 16:36:53.820 W/MountService(  374): getVolumeState(/mnt/emmc): Unknown volume
07-11 16:36:53.820 W/MountService(  374): getVolumeState(/mnt/extSdCard): Unknown volume
07-11 16:36:53.820 W/MountService(  374): getVolumeState(/mnt/sdcard/SD_CARD): Unknown volume
07-11 16:36:53.820 W/MountService(  374): getVolumeState(/mnt/sdcard/extra_sd): Unknown volume
07-11 16:36:53.820 W/MountService(  374): getVolumeState(/mnt/extrasd_bind): Unknown volume
07-11 16:36:53.828 W/MountService(  374): getVolumeState(/mnt/sdcard/ext_sd): Unknown volume
07-11 16:36:53.828 W/MountService(  374): getVolumeState(/storage/extSdCard): Unknown volume
07-11 16:36:53.828 W/MountService(  374): getVolumeState(/storage/sdcard1): Unknown volume
07-11 16:36:53.828 W/MountService(  374): getVolumeState(/mnt/sdcard/external_SD): Unknown volume
07-11 16:36:53.828 W/MountService(  374): getVolumeState(/mnt/sdcard/external_sd): Unknown volume
07-11 16:36:53.922 D/dalvikvm(32313): GC_CONCURRENT freed 432K, 7% free 9343K/10000K, paused 3ms+3ms, total 22ms
07-11 16:36:58.758 D/dalvikvm(  374): GC_EXPLICIT freed 1081K, 28% free 23285K/31968K, paused 8ms+10ms, total 130ms
07-11 16:37:04.859 W/dashclock_WeatherExten( 1165): Stale or missing last-known location; requesting single coarse location update.
07-11 16:37:05.445 D/dalvikvm(  450): GC_FOR_ALLOC freed 920K, 14% free 15101K/17536K, paused 54ms, total 54ms
07-11 16:37:05.453 D/dalvikvm( 1165): GC_FOR_ALLOC freed 667K, 9% free 9208K/10068K, paused 35ms, total 39ms
07-11 16:37:06.344 W/DiskTemporalCache(  565): IOException while writing LRU cache file: open failed: ENOENT (No such file or directory)
07-11 16:37:06.344 W/DiskTemporalCache(  565): IOException while writing LRU cache file: open failed: ENOENT (No such file or directory)
07-11 16:37:06.383 D/dalvikvm(  565): GC_CONCURRENT freed 541K, 8% free 10413K/11200K, paused 4ms+6ms, total 54ms
07-11 16:37:06.648 D/dalvikvm( 1165): GC_CONCURRENT freed 403K, 9% free 9190K/10068K, paused 5ms+2ms, total 31ms
07-11 16:37:08.437 D/dalvikvm(  450): GC_FOR_ALLOC freed 570K, 17% free 14697K/17536K, paused 52ms, total 52ms
07-11 16:37:08.461 D/dalvikvm( 1165): GC_CONCURRENT freed 329K, 8% free 9272K/10068K, paused 4ms+2ms, total 22ms
07-11 16:37:46.539 D/JOBS    (31146): Thread-3874: load factor check. true = (0 < 1)|| (0 * 3 < 0 + 0). consumer thread: true
07-11 16:37:46.539 D/JOBS    (31146): didn't allow me to die, re-running Thread-3874
07-11 16:37:46.539 D/JOBS    (31146): re-running consumer Thread-3874
07-11 16:37:52.476 W/System.err(32501): java.io.FileNotFoundException: /data/data/com.mgyapp.android/files/.cfpaps.i: open failed: ENOENT (No such file or directory)
07-11 16:37:52.476 W/System.err(32501): 	at libcore.io.IoBridge.open(IoBridge.java:409)
07-11 16:37:52.476 W/System.err(32501): 	at java.io.FileInputStream.<init>(FileInputStream.java:78)
07-11 16:37:52.476 W/System.err(32501): 	at android.app.ContextImpl.openFileInput(ContextImpl.java:702)
07-11 16:37:52.476 W/System.err(32501): 	at android.content.ContextWrapper.openFileInput(ContextWrapper.java:173)
07-11 16:37:52.476 W/System.err(32501): 	at com.mgyun.shua.jc.service.f.run(Unknown Source)
07-11 16:37:52.476 W/System.err(32501): 	at com.mgyun.shua.jc.service.CpWorkServer.onHandleIntent(Unknown Source)
07-11 16:37:52.476 W/System.err(32501): 	at android.app.IntentService$ServiceHandler.handleMessage(IntentService.java:65)
07-11 16:37:52.476 W/System.err(32501): 	at android.os.Handler.dispatchMessage(Handler.java:99)
07-11 16:37:52.484 W/System.err(32501): 	at android.os.Looper.loop(Looper.java:137)
07-11 16:37:52.484 W/System.err(32501): 	at android.os.HandlerThread.run(HandlerThread.java:61)
07-11 16:37:52.484 W/System.err(32501): Caused by: libcore.io.ErrnoException: open failed: ENOENT (No such file or directory)
07-11 16:37:52.484 W/System.err(32501): 	at libcore.io.Posix.open(Native Method)
07-11 16:37:52.484 W/System.err(32501): 	at libcore.io.BlockGuardOs.open(BlockGuardOs.java:110)
07-11 16:37:52.484 W/System.err(32501): 	at libcore.io.IoBridge.open(IoBridge.java:393)
07-11 16:37:52.484 W/System.err(32501): 	... 9 more
07-11 16:37:53.765 W/MountService(  374): getVolumeState(/storage/emulated/0/external_sd): Unknown volume
07-11 16:37:53.765 W/MountService(  374): getVolumeState(/mnt/sdcard-ext): Unknown volume
07-11 16:37:53.765 W/MountService(  374): getVolumeState(/mnt/ext_sdcard): Unknown volume
07-11 16:37:53.765 W/MountService(  374): getVolumeState(/mnt/sdcard2): Unknown volume
07-11 16:37:53.765 W/MountService(  374): getVolumeState(/mnt/emmc): Unknown volume
07-11 16:37:53.765 W/MountService(  374): getVolumeState(/mnt/extSdCard): Unknown volume
07-11 16:37:53.773 W/MountService(  374): getVolumeState(/mnt/sdcard/SD_CARD): Unknown volume
07-11 16:37:53.773 W/MountService(  374): getVolumeState(/mnt/sdcard/extra_sd): Unknown volume
07-11 16:37:53.773 W/MountService(  374): getVolumeState(/mnt/extrasd_bind): Unknown volume
07-11 16:37:53.773 W/MountService(  374): getVolumeState(/mnt/sdcard/ext_sd): Unknown volume
07-11 16:37:53.773 W/MountService(  374): getVolumeState(/storage/extSdCard): Unknown volume
07-11 16:37:53.773 W/MountService(  374): getVolumeState(/storage/sdcard1): Unknown volume
07-11 16:37:53.773 W/MountService(  374): getVolumeState(/mnt/sdcard/external_SD): Unknown volume
07-11 16:37:53.773 W/MountService(  374): getVolumeState(/mnt/sdcard/external_sd): Unknown volume
07-11 16:37:53.867 D/dalvikvm(32313): GC_CONCURRENT freed 314K, 5% free 9492K/9992K, paused 4ms+3ms, total 35ms
07-11 16:37:54.008 W/MountService(  374): getVolumeState(/storage/emulated/0/external_sd): Unknown volume
07-11 16:37:54.008 W/MountService(  374): getVolumeState(/mnt/sdcard-ext): Unknown volume
07-11 16:37:54.008 W/MountService(  374): getVolumeState(/mnt/ext_sdcard): Unknown volume
07-11 16:37:54.008 W/MountService(  374): getVolumeState(/mnt/sdcard2): Unknown volume
07-11 16:37:54.008 W/MountService(  374): getVolumeState(/mnt/emmc): Unknown volume
07-11 16:37:54.008 W/MountService(  374): getVolumeState(/mnt/extSdCard): Unknown volume
07-11 16:37:54.008 W/MountService(  374): getVolumeState(/mnt/sdcard/SD_CARD): Unknown volume
07-11 16:37:54.015 W/MountService(  374): getVolumeState(/mnt/sdcard/extra_sd): Unknown volume
07-11 16:37:54.015 W/MountService(  374): getVolumeState(/mnt/extrasd_bind): Unknown volume
07-11 16:37:54.015 W/MountService(  374): getVolumeState(/mnt/sdcard/ext_sd): Unknown volume
07-11 16:37:54.015 W/MountService(  374): getVolumeState(/storage/extSdCard): Unknown volume
07-11 16:37:54.015 W/MountService(  374): getVolumeState(/storage/sdcard1): Unknown volume
07-11 16:37:54.015 W/MountService(  374): getVolumeState(/mnt/sdcard/external_SD): Unknown volume
07-11 16:37:54.015 W/MountService(  374): getVolumeState(/mnt/sdcard/external_sd): Unknown volume
07-11 16:37:54.047 D/dalvikvm(32313): GC_CONCURRENT freed 579K, 7% free 9389K/10012K, paused 3ms+3ms, total 28ms
07-11 16:38:02.476 W/System.err(32501): java.io.FileNotFoundException: /data/data/com.mgyapp.android/files/.cfp.i: open failed: ENOENT (No such file or directory)
07-11 16:38:02.476 W/System.err(32501): 	at libcore.io.IoBridge.open(IoBridge.java:409)
07-11 16:38:02.476 W/System.err(32501): 	at java.io.FileInputStream.<init>(FileInputStream.java:78)
07-11 16:38:02.476 W/System.err(32501): 	at android.app.ContextImpl.openFileInput(ContextImpl.java:702)
07-11 16:38:02.476 W/System.err(32501): 	at android.content.ContextWrapper.openFileInput(ContextWrapper.java:173)
07-11 16:38:02.476 W/System.err(32501): 	at com.mgyun.shua.jc.c.b(Unknown Source)
07-11 16:38:02.476 W/System.err(32501): 	at com.mgyun.shua.jc.d.a(Unknown Source)
07-11 16:38:02.476 W/System.err(32501): 	at com.mgyun.shua.jc.service.CpWorkServer.onHandleIntent(Unknown Source)
07-11 16:38:02.476 W/System.err(32501): 	at android.app.IntentService$ServiceHandler.handleMessage(IntentService.java:65)
07-11 16:38:02.476 W/System.err(32501): 	at android.os.Handler.dispatchMessage(Handler.java:99)
07-11 16:38:02.476 W/System.err(32501): 	at android.os.Looper.loop(Looper.java:137)
07-11 16:38:02.476 W/System.err(32501): 	at android.os.HandlerThread.run(HandlerThread.java:61)
07-11 16:38:02.476 W/System.err(32501): Caused by: libcore.io.ErrnoException: open failed: ENOENT (No such file or directory)
07-11 16:38:02.484 W/System.err(32501): 	at libcore.io.Posix.open(Native Method)
07-11 16:38:02.484 W/System.err(32501): 	at libcore.io.BlockGuardOs.open(BlockGuardOs.java:110)
07-11 16:38:02.484 W/System.err(32501): 	at libcore.io.IoBridge.open(IoBridge.java:393)
07-11 16:38:02.484 W/System.err(32501): 	... 10 more
07-11 16:38:10.734 D/dalvikvm(  565): GC_CONCURRENT freed 410K, 7% free 10424K/11180K, paused 3ms+4ms, total 36ms
07-11 16:38:45.781 D/PushService(31146): [null:-1]->receiver action :com.pekall.mdm.action.PUSH_ALARM
07-11 16:38:45.781 D/PushService(31146): [null:-1]->keepAliveWithPushServer client is opened:true
07-11 16:38:45.781 D/PushLib : (31146): [null:-1]->ping!!!!!!!!!
07-11 16:38:45.789 D/PushLib : (31146): [null:-1]->pushClient is :not null
07-11 16:38:45.789 D/PushLib : (31146): [null:-1]->pushClient opened : opened
07-11 16:38:46.054 D/GCM     (  647): Ignoring attempt to send heartbeat on dead connection.
07-11 16:38:50.804 W/ProcessStats(  374): Skipping unknown process pid 2634
07-11 16:38:50.812 D/PushLib : (31146): [null:-1]->MSG_WEBSOCKET_PONG
07-11 16:38:53.976 W/MountService(  374): getVolumeState(/storage/emulated/0/external_sd): Unknown volume
07-11 16:38:53.976 W/MountService(  374): getVolumeState(/mnt/sdcard-ext): Unknown volume
07-11 16:38:53.976 W/MountService(  374): getVolumeState(/mnt/ext_sdcard): Unknown volume
07-11 16:38:53.976 W/MountService(  374): getVolumeState(/mnt/sdcard2): Unknown volume
07-11 16:38:53.976 W/MountService(  374): getVolumeState(/mnt/emmc): Unknown volume
07-11 16:38:54.000 D/dalvikvm(32313): GC_FOR_ALLOC freed 421K, 7% free 9341K/10004K, paused 19ms, total 19ms
07-11 16:38:54.000 W/MountService(  374): getVolumeState(/mnt/extSdCard): Unknown volume
07-11 16:38:54.000 W/MountService(  374): getVolumeState(/mnt/sdcard/SD_CARD): Unknown volume
07-11 16:38:54.000 W/MountService(  374): getVolumeState(/mnt/sdcard/extra_sd): Unknown volume
07-11 16:38:54.000 W/MountService(  374): getVolumeState(/mnt/extrasd_bind): Unknown volume
07-11 16:38:54.000 W/MountService(  374): getVolumeState(/mnt/sdcard/ext_sd): Unknown volume
07-11 16:38:54.000 W/MountService(  374): getVolumeState(/storage/extSdCard): Unknown volume
07-11 16:38:54.000 W/MountService(  374): getVolumeState(/storage/sdcard1): Unknown volume
07-11 16:38:54.000 W/MountService(  374): getVolumeState(/mnt/sdcard/external_SD): Unknown volume
07-11 16:38:54.008 W/MountService(  374): getVolumeState(/mnt/sdcard/external_sd): Unknown volume
07-11 16:38:54.148 D/dalvikvm(32313): GC_CONCURRENT freed 377K, 7% free 9354K/10004K, paused 3ms+3ms, total 34ms
07-11 16:38:54.234 W/MountService(  374): getVolumeState(/storage/emulated/0/external_sd): Unknown volume
07-11 16:38:54.242 W/MountService(  374): getVolumeState(/mnt/sdcard-ext): Unknown volume
07-11 16:38:54.242 W/MountService(  374): getVolumeState(/mnt/ext_sdcard): Unknown volume
07-11 16:38:54.242 W/MountService(  374): getVolumeState(/mnt/sdcard2): Unknown volume
07-11 16:38:54.242 W/MountService(  374): getVolumeState(/mnt/emmc): Unknown volume
07-11 16:38:54.242 W/MountService(  374): getVolumeState(/mnt/extSdCard): Unknown volume
07-11 16:38:54.242 W/MountService(  374): getVolumeState(/mnt/sdcard/SD_CARD): Unknown volume
07-11 16:38:54.242 W/MountService(  374): getVolumeState(/mnt/sdcard/extra_sd): Unknown volume
07-11 16:38:54.242 W/MountService(  374): getVolumeState(/mnt/extrasd_bind): Unknown volume
07-11 16:38:54.250 W/MountService(  374): getVolumeState(/mnt/sdcard/ext_sd): Unknown volume
07-11 16:38:54.250 W/MountService(  374): getVolumeState(/storage/extSdCard): Unknown volume
07-11 16:38:54.250 W/MountService(  374): getVolumeState(/storage/sdcard1): Unknown volume
07-11 16:38:54.250 W/MountService(  374): getVolumeState(/mnt/sdcard/external_SD): Unknown volume
07-11 16:38:54.250 W/MountService(  374): getVolumeState(/mnt/sdcard/external_sd): Unknown volume
07-11 16:38:54.281 D/dalvikvm(32313): GC_CONCURRENT freed 428K, 6% free 9408K/10004K, paused 2ms+3ms, total 28ms
07-11 16:39:07.906 D/dalvikvm(24655): GC_FOR_ALLOC freed 497K, 7% free 9123K/9720K, paused 28ms, total 29ms
07-11 16:39:19.109 D/dalvikvm(  577): GC_EXPLICIT freed 203K, 7% free 11554K/12348K, paused 5ms+6ms, total 52ms
07-11 16:39:27.195 D/MdmService( 3259): [null:-1]->receiver action :com.pekall.mdm.action.MDM_ALARM
07-11 16:39:27.203 D/MdmService( 3259): [null:-1]->keepAliveWithPushServer client is opened:true
07-11 16:39:27.203 D/MDM :   ( 3259): [null:-1]->ping!!!!!!!!!
07-11 16:39:27.211 D/MdmService( 3259): [null:-1]->pushUrl : ws://192.168.10.91:9070/websocket
07-11 16:39:27.211 D/MDM :   ( 3259): [null:-1]->mMdmPushClient is :not null
07-11 16:39:27.211 D/MDM :   ( 3259): [null:-1]->mMdmPushClient opened : opened
07-11 16:39:27.242 D/MDM :   ( 3259): [null:-1]->MSG_WEBSOCKET_PONG
07-11 16:39:46.539 D/JOBS    (31146): Thread-3874: load factor check. true = (0 < 1)|| (0 * 3 < 0 + 0). consumer thread: true
07-11 16:39:46.547 D/JOBS    (31146): didn't allow me to die, re-running Thread-3874
07-11 16:39:46.547 D/JOBS    (31146): re-running consumer Thread-3874
07-11 16:39:54.187 W/MountService(  374): getVolumeState(/storage/emulated/0/external_sd): Unknown volume
07-11 16:39:54.187 W/MountService(  374): getVolumeState(/mnt/sdcard-ext): Unknown volume
