07-11 17:32:00.609 W/MountService(  374): getVolumeState(/mnt/extrasd_bind): Unknown volume
07-11 17:32:00.609 W/MountService(  374): getVolumeState(/mnt/sdcard/ext_sd): Unknown volume
07-11 17:32:00.617 W/MountService(  374): getVolumeState(/storage/extSdCard): Unknown volume
07-11 17:32:00.617 W/MountService(  374): getVolumeState(/storage/sdcard1): Unknown volume
07-11 17:32:00.617 W/MountService(  374): getVolumeState(/mnt/sdcard/external_SD): Unknown volume
07-11 17:32:00.617 W/MountService(  374): getVolumeState(/mnt/sdcard/external_sd): Unknown volume
07-11 17:32:00.625 D/dalvikvm(32313): GC_CONCURRENT freed 406K, 7% free 9445K/10144K, paused 6ms+3ms, total 46ms
07-11 17:32:00.625 D/dalvikvm(32313): WAIT_FOR_CONCURRENT_GC blocked 26ms
07-11 17:32:00.625 D/dalvikvm(32313): WAIT_FOR_CONCURRENT_GC blocked 2ms
07-11 17:32:00.804 D/dalvikvm(32313): GC_CONCURRENT freed 473K, 7% free 9451K/10144K, paused 3ms+3ms, total 41ms
07-11 17:32:00.836 W/MountService(  374): getVolumeState(/storage/emulated/0/external_sd): Unknown volume
07-11 17:32:00.836 W/MountService(  374): getVolumeState(/mnt/sdcard-ext): Unknown volume
07-11 17:32:00.836 W/MountService(  374): getVolumeState(/mnt/ext_sdcard): Unknown volume
07-11 17:32:00.836 W/MountService(  374): getVolumeState(/mnt/sdcard2): Unknown volume
07-11 17:32:00.836 W/MountService(  374): getVolumeState(/mnt/emmc): Unknown volume
07-11 17:32:00.836 W/MountService(  374): getVolumeState(/mnt/extSdCard): Unknown volume
07-11 17:32:00.844 W/MountService(  374): getVolumeState(/mnt/sdcard/SD_CARD): Unknown volume
07-11 17:32:00.844 W/MountService(  374): getVolumeState(/mnt/sdcard/extra_sd): Unknown volume
07-11 17:32:00.844 W/MountService(  374): getVolumeState(/mnt/extrasd_bind): Unknown volume
07-11 17:32:00.844 W/MountService(  374): getVolumeState(/mnt/sdcard/ext_sd): Unknown volume
07-11 17:32:00.844 W/MountService(  374): getVolumeState(/storage/extSdCard): Unknown volume
07-11 17:32:00.844 W/MountService(  374): getVolumeState(/storage/sdcard1): Unknown volume
07-11 17:32:00.844 W/MountService(  374): getVolumeState(/mnt/sdcard/external_SD): Unknown volume
07-11 17:32:00.851 W/MountService(  374): getVolumeState(/mnt/sdcard/external_sd): Unknown volume
07-11 17:32:00.914 D/dalvikvm(32313): GC_CONCURRENT freed 456K, 8% free 9416K/10144K, paused 3ms+2ms, total 25ms
07-11 17:32:30.648 W/System.err( 5790): java.io.FileNotFoundException: /data/data/com.mgyapp.android/files/.cfpaps.i: open failed: ENOENT (No such file or directory)
07-11 17:32:30.648 W/System.err( 5790): 	at libcore.io.IoBridge.open(IoBridge.java:409)
07-11 17:32:30.648 W/System.err( 5790): 	at java.io.FileInputStream.<init>(FileInputStream.java:78)
07-11 17:32:30.648 W/System.err( 5790): 	at android.app.ContextImpl.openFileInput(ContextImpl.java:702)
07-11 17:32:30.648 W/System.err( 5790): 	at android.content.ContextWrapper.openFileInput(ContextWrapper.java:173)
07-11 17:32:30.648 W/System.err( 5790): 	at com.mgyun.shua.jc.service.f.run(Unknown Source)
07-11 17:32:30.648 W/System.err( 5790): 	at com.mgyun.shua.jc.service.CpWorkServer.onHandleIntent(Unknown Source)
07-11 17:32:30.648 W/System.err( 5790): 	at android.app.IntentService$ServiceHandler.handleMessage(IntentService.java:65)
07-11 17:32:30.656 W/System.err( 5790): 	at android.os.Handler.dispatchMessage(Handler.java:99)
07-11 17:32:30.656 W/System.err( 5790): 	at android.os.Looper.loop(Looper.java:137)
07-11 17:32:30.656 W/System.err( 5790): 	at android.os.HandlerThread.run(HandlerThread.java:61)
07-11 17:32:30.656 W/System.err( 5790): Caused by: libcore.io.ErrnoException: open failed: ENOENT (No such file or directory)
07-11 17:32:30.656 W/System.err( 5790): 	at libcore.io.Posix.open(Native Method)
07-11 17:32:30.656 W/System.err( 5790): 	at libcore.io.BlockGuardOs.open(BlockGuardOs.java:110)
07-11 17:32:30.656 W/System.err( 5790): 	at libcore.io.IoBridge.open(IoBridge.java:393)
07-11 17:32:30.656 W/System.err( 5790): 	... 9 more
07-11 17:32:40.648 W/System.err( 5790): java.io.FileNotFoundException: /data/data/com.mgyapp.android/files/.cfp.i: open failed: ENOENT (No such file or directory)
07-11 17:32:40.648 W/System.err( 5790): 	at libcore.io.IoBridge.open(IoBridge.java:409)
07-11 17:32:40.648 W/System.err( 5790): 	at java.io.FileInputStream.<init>(FileInputStream.java:78)
07-11 17:32:40.648 W/System.err( 5790): 	at android.app.ContextImpl.openFileInput(ContextImpl.java:702)
07-11 17:32:40.648 W/System.err( 5790): 	at android.content.ContextWrapper.openFileInput(ContextWrapper.java:173)
07-11 17:32:40.648 W/System.err( 5790): 	at com.mgyun.shua.jc.c.b(Unknown Source)
07-11 17:32:40.648 W/System.err( 5790): 	at com.mgyun.shua.jc.d.a(Unknown Source)
07-11 17:32:40.648 W/System.err( 5790): 	at com.mgyun.shua.jc.service.CpWorkServer.onHandleIntent(Unknown Source)
07-11 17:32:40.648 W/System.err( 5790): 	at android.app.IntentService$ServiceHandler.handleMessage(IntentService.java:65)
07-11 17:32:40.648 W/System.err( 5790): 	at android.os.Handler.dispatchMessage(Handler.java:99)
07-11 17:32:40.648 W/System.err( 5790): 	at android.os.Looper.loop(Looper.java:137)
07-11 17:32:40.648 W/System.err( 5790): 	at android.os.HandlerThread.run(HandlerThread.java:61)
07-11 17:32:40.648 W/System.err( 5790): Caused by: libcore.io.ErrnoException: open failed: ENOENT (No such file or directory)
07-11 17:32:40.656 W/System.err( 5790): 	at libcore.io.Posix.open(Native Method)
07-11 17:32:40.656 W/System.err( 5790): 	at libcore.io.BlockGuardOs.open(BlockGuardOs.java:110)
07-11 17:32:40.656 W/System.err( 5790): 	at libcore.io.IoBridge.open(IoBridge.java:393)
07-11 17:32:40.656 W/System.err( 5790): 	... 10 more
07-11 17:33:00.594 W/MountService(  374): getVolumeState(/storage/emulated/0/external_sd): Unknown volume
07-11 17:33:00.594 W/MountService(  374): getVolumeState(/mnt/sdcard-ext): Unknown volume
07-11 17:33:00.601 W/MountService(  374): getVolumeState(/mnt/ext_sdcard): Unknown volume
07-11 17:33:00.609 W/MountService(  374): getVolumeState(/mnt/sdcard2): Unknown volume
07-11 17:33:00.609 W/MountService(  374): getVolumeState(/mnt/emmc): Unknown volume
07-11 17:33:00.609 W/MountService(  374): getVolumeState(/mnt/extSdCard): Unknown volume
07-11 17:33:00.609 W/MountService(  374): getVolumeState(/mnt/sdcard/SD_CARD): Unknown volume
07-11 17:33:00.609 W/MountService(  374): getVolumeState(/mnt/sdcard/extra_sd): Unknown volume
07-11 17:33:00.609 W/MountService(  374): getVolumeState(/mnt/extrasd_bind): Unknown volume
07-11 17:33:00.617 W/MountService(  374): getVolumeState(/mnt/sdcard/ext_sd): Unknown volume
07-11 17:33:00.617 W/MountService(  374): getVolumeState(/storage/extSdCard): Unknown volume
07-11 17:33:00.617 W/MountService(  374): getVolumeState(/storage/sdcard1): Unknown volume
07-11 17:33:00.617 W/MountService(  374): getVolumeState(/mnt/sdcard/external_SD): Unknown volume
07-11 17:33:00.617 W/MountService(  374): getVolumeState(/mnt/sdcard/external_sd): Unknown volume
07-11 17:33:00.703 D/dalvikvm(32313): GC_CONCURRENT freed 361K, 6% free 9560K/10144K, paused 3ms+4ms, total 31ms
07-11 17:33:00.836 W/MountService(  374): getVolumeState(/storage/emulated/0/external_sd): Unknown volume
07-11 17:33:00.836 W/MountService(  374): getVolumeState(/mnt/sdcard-ext): Unknown volume
07-11 17:33:00.836 W/MountService(  374): getVolumeState(/mnt/ext_sdcard): Unknown volume
07-11 17:33:00.844 W/MountService(  374): getVolumeState(/mnt/sdcard2): Unknown volume
07-11 17:33:00.844 W/MountService(  374): getVolumeState(/mnt/emmc): Unknown volume
07-11 17:33:00.844 W/MountService(  374): getVolumeState(/mnt/extSdCard): Unknown volume
07-11 17:33:00.844 W/MountService(  374): getVolumeState(/mnt/sdcard/SD_CARD): Unknown volume
07-11 17:33:00.844 W/MountService(  374): getVolumeState(/mnt/sdcard/extra_sd): Unknown volume
07-11 17:33:00.844 W/MountService(  374): getVolumeState(/mnt/extrasd_bind): Unknown volume
07-11 17:33:00.844 W/MountService(  374): getVolumeState(/mnt/sdcard/ext_sd): Unknown volume
07-11 17:33:00.844 W/MountService(  374): getVolumeState(/storage/extSdCard): Unknown volume
07-11 17:33:00.844 W/MountService(  374): getVolumeState(/storage/sdcard1): Unknown volume
07-11 17:33:00.851 W/MountService(  374): getVolumeState(/mnt/sdcard/external_SD): Unknown volume
07-11 17:33:00.851 W/MountService(  374): getVolumeState(/mnt/sdcard/external_sd): Unknown volume
07-11 17:33:00.875 D/dalvikvm(32313): GC_CONCURRENT freed 590K, 7% free 9467K/10164K, paused 2ms+5ms, total 28ms
07-11 17:33:00.875 D/dalvikvm(32313): WAIT_FOR_CONCURRENT_GC blocked 1ms
07-11 17:33:14.515 D/dalvikvm( 8390): GC_FOR_ALLOC freed 499K, 6% free 9178K/9728K, paused 40ms, total 40ms
07-11 17:33:27.195 D/MdmService( 3259): [null:-1]->receiver action :com.pekall.mdm.action.MDM_ALARM
07-11 17:33:27.195 D/MdmService( 3259): [null:-1]->keepAliveWithPushServer client is opened:true
07-11 17:33:27.203 D/MDM :   ( 3259): [null:-1]->ping!!!!!!!!!
07-11 17:33:27.273 D/dalvikvm( 3259): GC_FOR_ALLOC freed 3061K, 33% free 17339K/25600K, paused 60ms, total 60ms
07-11 17:33:27.273 D/MdmService( 3259): [null:-1]->pushUrl : ws://192.168.10.91:9070/websocket
07-11 17:33:27.273 D/MDM :   ( 3259): [null:-1]->mMdmPushClient is :not null
07-11 17:33:27.273 D/MDM :   ( 3259): [null:-1]->mMdmPushClient opened : opened
07-11 17:33:27.281 D/MdmStatusManager( 3259): [null:-1]->change status to : Busy
07-11 17:33:27.281 D/DB      ( 3259): query: SQLiteQuery: SELECT content, command_status, status FROM command WHERE status!=2
07-11 17:33:27.281 D/DB      ( 3259): factory null
07-11 17:33:27.281 D/DB      ( 3259): fillWindow: 0
07-11 17:33:27.281 D/DB      ( 3259): cursor 0
07-11 17:33:27.281 D/DB      ( 3259): moveToPos: 0
07-11 17:33:27.281 I/TransInfo( 3259): TransInfo created, id: 3, class: class com.pekall.emdm.transaction.b.c
07-11 17:33:27.281 D/NetworkThread( 3259): [null:-1]->----isRunning-----true
07-11 17:33:27.281 D/NetworkThread( 3259): [null:-1]->----isRunning-----true
07-11 17:33:27.281 D/NetworkThread( 3259): [null:-1]->thread wakeup
07-11 17:33:27.289 D/HttpClient( 3259): enable apache.http debug
07-11 17:33:27.297 V/DEBUG   ( 3259): HTTP 0
07-11 17:33:27.297 D/MDM :   ( 3259): [null:-1]->MSG_WEBSOCKET_PONG
07-11 17:33:27.539 V/DEBUG   ( 3259): HTTP 1
07-11 17:33:27.547 D/NetworkThread( 3259): [null:-1]->queue is empty, thread wait...
07-11 17:33:27.648 D/MdmService( 3259): [null:-1]->handleCheckInResult
07-11 17:33:27.648 D/MdmService( 3259): [null:-1]->handleCheckInResult result keyIndex: 3
07-11 17:33:27.648 D/HandleCommandTask( 3259): [null:-1]->execute command msg but beanBase is null
07-11 17:33:27.648 D/MdmStatusManager( 3259): [null:-1]->change status to : Idle
07-11 17:33:56.500 D/PushService( 9446): [null:-1]->receiver action :com.pekall.mdm.action.PUSH_ALARM
07-11 17:33:56.508 D/PushService( 9446): [null:-1]->keepAliveWithPushServer  client is null 
07-11 17:33:56.508 D/PushLib : ( 9446): [null:-1]->pushClient is :null
07-11 17:33:56.508 D/PushLib : ( 9446): [null:-1]->pushClient opened :not opened
07-11 17:33:56.515 D/PushLib : ( 9446): [null:-1]->pushClient connect:ws://192.168.10.35:9090/websocket
07-11 17:34:00.601 W/MountService(  374): getVolumeState(/storage/emulated/0/external_sd): Unknown volume
07-11 17:34:00.601 W/MountService(  374): getVolumeState(/mnt/sdcard-ext): Unknown volume
07-11 17:34:00.601 W/MountService(  374): getVolumeState(/mnt/ext_sdcard): Unknown volume
07-11 17:34:00.601 W/MountService(  374): getVolumeState(/mnt/sdcard2): Unknown volume
07-11 17:34:00.609 W/MountService(  374): getVolumeState(/mnt/emmc): Unknown volume
07-11 17:34:00.609 W/MountService(  374): getVolumeState(/mnt/extSdCard): Unknown volume
07-11 17:34:00.609 W/MountService(  374): getVolumeState(/mnt/sdcard/SD_CARD): Unknown volume
07-11 17:34:00.625 D/dalvikvm(32313): GC_FOR_ALLOC freed 414K, 8% free 9427K/10160K, paused 20ms, total 20ms
07-11 17:34:00.625 W/MountService(  374): getVolumeState(/mnt/sdcard/extra_sd): Unknown volume
07-11 17:34:00.633 W/MountService(  374): getVolumeState(/mnt/extrasd_bind): Unknown volume
07-11 17:34:00.633 W/MountService(  374): getVolumeState(/mnt/sdcard/ext_sd): Unknown volume
07-11 17:34:00.633 W/MountService(  374): getVolumeState(/storage/extSdCard): Unknown volume
07-11 17:34:00.633 W/MountService(  374): getVolumeState(/storage/sdcard1): Unknown volume
07-11 17:34:00.633 W/MountService(  374): getVolumeState(/mnt/sdcard/external_SD): Unknown volume
07-11 17:34:00.633 W/MountService(  374): getVolumeState(/mnt/sdcard/external_sd): Unknown volume
07-11 17:34:00.797 D/dalvikvm(32313): GC_CONCURRENT freed 425K, 8% free 9428K/10160K, paused 3ms+3ms, total 40ms
07-11 17:34:00.828 D/dalvikvm( 8271): GC_CONCURRENT freed 387K, 5% free 9408K/9832K, paused 2ms+3ms, total 29ms
07-11 17:34:00.883 W/MountService(  374): getVolumeState(/storage/emulated/0/external_sd): Unknown volume
07-11 17:34:00.883 W/MountService(  374): getVolumeState(/mnt/sdcard-ext): Unknown volume
07-11 17:34:00.883 W/MountService(  374): getVolumeState(/mnt/ext_sdcard): Unknown volume
07-11 17:34:00.890 W/MountService(  374): getVolumeState(/mnt/sdcard2): Unknown volume
07-11 17:34:00.890 W/MountService(  374): getVolumeState(/mnt/emmc): Unknown volume
07-11 17:34:00.890 W/MountService(  374): getVolumeState(/mnt/extSdCard): Unknown volume
07-11 17:34:00.890 W/MountService(  374): getVolumeState(/mnt/sdcard/SD_CARD): Unknown volume
07-11 17:34:00.890 W/MountService(  374): getVolumeState(/mnt/sdcard/extra_sd): Unknown volume
07-11 17:34:00.890 W/MountService(  374): getVolumeState(/mnt/extrasd_bind): Unknown volume
07-11 17:34:00.890 W/MountService(  374): getVolumeState(/mnt/sdcard/ext_sd): Unknown volume
07-11 17:34:00.890 W/MountService(  374): getVolumeState(/storage/extSdCard): Unknown volume
07-11 17:34:00.890 W/MountService(  374): getVolumeState(/storage/sdcard1): Unknown volume
07-11 17:34:00.898 W/MountService(  374): getVolumeState(/mnt/sdcard/external_SD): Unknown volume
07-11 17:34:00.898 W/MountService(  374): getVolumeState(/mnt/sdcard/external_sd): Unknown volume
07-11 17:34:00.929 D/dalvikvm(32313): GC_CONCURRENT freed 461K, 8% free 9419K/10160K, paused 3ms+3ms, total 27ms
07-11 17:34:01.547 D/PushLib : ( 9446): [null:-1]->onClose code :-1 reason:failed to connect to /192.168.10.35 (port 9090): connect failed: ECONNREFUSED (Connection refused) remote:false
07-11 17:34:01.547 D/PushLib : ( 9446): [null:-1]->MSG_WEBSOCKET_ERROR
07-11 17:34:01.547 D/PushLib : ( 9446): [null:-1]->MSG_WEBSOCKET_CLOSE
07-11 17:34:21.609 D/dalvikvm( 4294): GC_CONCURRENT freed 409K, 18% free 9538K/11500K, paused 3ms+3ms, total 26ms
07-11 17:34:33.367 D/dalvikvm(  374): GC_EXPLICIT freed 1029K, 27% free 23318K/31932K, paused 8ms+11ms, total 128ms
07-11 17:34:51.304 D/GCM     (  647): Ignoring attempt to send heartbeat on dead connection.
07-11 17:35:00.617 W/MountService(  374): getVolumeState(/storage/emulated/0/external_sd): Unknown volume
07-11 17:35:00.617 W/MountService(  374): getVolumeState(/mnt/sdcard-ext): Unknown volume
07-11 17:35:00.625 W/MountService(  374): getVolumeState(/mnt/ext_sdcard): Unknown volume
07-11 17:35:00.625 W/MountService(  374): getVolumeState(/mnt/sdcard2): Unknown volume
07-11 17:35:00.625 W/MountService(  374): getVolumeState(/mnt/emmc): Unknown volume
07-11 17:35:00.625 W/MountService(  374): getVolumeState(/mnt/extSdCard): Unknown volume
07-11 17:35:00.625 W/MountService(  374): getVolumeState(/mnt/sdcard/SD_CARD): Unknown volume
07-11 17:35:00.625 W/MountService(  374): getVolumeState(/mnt/sdcard/extra_sd): Unknown volume
07-11 17:35:00.625 W/MountService(  374): getVolumeState(/mnt/extrasd_bind): Unknown volume
07-11 17:35:00.633 W/MountService(  374): getVolumeState(/mnt/sdcard/ext_sd): Unknown volume
07-11 17:35:00.633 W/MountService(  374): getVolumeState(/storage/extSdCard): Unknown volume
07-11 17:35:00.633 W/MountService(  374): getVolumeState(/storage/sdcard1): Unknown volume
07-11 17:35:00.633 W/MountService(  374): getVolumeState(/mnt/sdcard/external_SD): Unknown volume
07-11 17:35:00.633 W/MountService(  374): getVolumeState(/mnt/sdcard/external_sd): Unknown volume
07-11 17:35:00.695 D/dalvikvm(32313): GC_CONCURRENT freed 394K, 7% free 9509K/10144K, paused 3ms+5ms, total 27ms
07-11 17:35:00.844 W/MountService(  374): getVolumeState(/storage/emulated/0/external_sd): Unknown volume
07-11 17:35:00.844 W/MountService(  374): getVolumeState(/mnt/sdcard-ext): Unknown volume
07-11 17:35:00.851 W/MountService(  374): getVolumeState(/mnt/ext_sdcard): Unknown volume
07-11 17:35:00.851 W/MountService(  374): getVolumeState(/mnt/sdcard2): Unknown volume
07-11 17:35:00.851 W/MountService(  374): getVolumeState(/mnt/emmc): Unknown volume
07-11 17:35:00.851 W/MountService(  374): getVolumeState(/mnt/extSdCard): Unknown volume
07-11 17:35:00.859 W/MountService(  374): getVolumeState(/mnt/sdcard/SD_CARD): Unknown volume
07-11 17:35:00.859 W/MountService(  374): getVolumeState(/mnt/sdcard/extra_sd): Unknown volume
07-11 17:35:00.859 W/MountService(  374): getVolumeState(/mnt/extrasd_bind): Unknown volume
07-11 17:35:00.859 W/MountService(  374): getVolumeState(/mnt/sdcard/ext_sd): Unknown volume
07-11 17:35:00.859 W/MountService(  374): getVolumeState(/storage/extSdCard): Unknown volume
07-11 17:35:00.859 W/MountService(  374): getVolumeState(/storage/sdcard1): Unknown volume
07-11 17:35:00.859 W/MountService(  374): getVolumeState(/mnt/sdcard/external_SD): Unknown volume
07-11 17:35:00.867 W/MountService(  374): getVolumeState(/mnt/sdcard/external_sd): Unknown volume
07-11 17:35:00.883 D/dalvikvm(32313): GC_CONCURRENT freed 592K, 8% free 9428K/10144K, paused 4ms+3ms, total 34ms
07-11 17:35:00.883 D/dalvikvm(32313): WAIT_FOR_CONCURRENT_GC blocked 8ms
07-11 17:35:00.883 D/dalvikvm(32313): WAIT_FOR_CONCURRENT_GC blocked 15ms
07-11 17:36:00.640 W/MountService(  374): getVolumeState(/storage/emulated/0/external_sd): Unknown volume
07-11 17:36:00.640 W/MountService(  374): getVolumeState(/mnt/sdcard-ext): Unknown volume
07-11 17:36:00.640 W/MountService(  374): getVolumeState(/mnt/ext_sdcard): Unknown volume
07-11 17:36:00.640 W/MountService(  374): getVolumeState(/mnt/sdcard2): Unknown volume
07-11 17:36:00.640 W/MountService(  374): getVolumeState(/mnt/emmc): Unknown volume
07-11 17:36:00.648 W/MountService(  374): getVolumeState(/mnt/extSdCard): Unknown volume
07-11 17:36:00.648 W/MountService(  374): getVolumeState(/mnt/sdcard/SD_CARD): Unknown volume
07-11 17:36:00.648 W/MountService(  374): getVolumeState(/mnt/sdcard/extra_sd): Unknown volume
07-11 17:36:00.648 W/MountService(  374): getVolumeState(/mnt/extrasd_bind): Unknown volume
07-11 17:36:00.648 W/MountService(  374): getVolumeState(/mnt/sdcard/ext_sd): Unknown volume
07-11 17:36:00.648 W/MountService(  374): getVolumeState(/storage/extSdCard): Unknown volume
07-11 17:36:00.648 W/MountService(  374): getVolumeState(/storage/sdcard1): Unknown volume
07-11 17:36:00.648 W/MountService(  374): getVolumeState(/mnt/sdcard/external_SD): Unknown volume
07-11 17:36:00.648 W/MountService(  374): getVolumeState(/mnt/sdcard/external_sd): Unknown volume
07-11 17:36:00.664 D/dalvikvm(32313): GC_CONCURRENT freed 402K, 7% free 9442K/10144K, paused 6ms+3ms, total 35ms
07-11 17:36:00.664 D/dalvikvm(32313): WAIT_FOR_CONCURRENT_GC blocked 22ms
07-11 17:36:00.664 D/dalvikvm(32313): WAIT_FOR_CONCURRENT_GC blocked 11ms
07-11 17:36:00.812 D/dalvikvm(32313): GC_CONCURRENT freed 418K, 8% free 9421K/10144K, paused 2ms+3ms, total 34ms
07-11 17:36:00.898 W/MountService(  374): getVolumeState(/storage/emulated/0/external_sd): Unknown volume
07-11 17:36:00.898 W/MountService(  374): getVolumeState(/mnt/sdcard-ext): Unknown volume
07-11 17:36:00.898 W/MountService(  374): getVolumeState(/mnt/ext_sdcard): Unknown volume
07-11 17:36:00.898 W/MountService(  374): getVolumeState(/mnt/sdcard2): Unknown volume
07-11 17:36:00.898 W/MountService(  374): getVolumeState(/mnt/emmc): Unknown volume
07-11 17:36:00.898 W/MountService(  374): getVolumeState(/mnt/extSdCard): Unknown volume
07-11 17:36:00.898 W/MountService(  374): getVolumeState(/mnt/sdcard/SD_CARD): Unknown volume
07-11 17:36:00.898 W/MountService(  374): getVolumeState(/mnt/sdcard/extra_sd): Unknown volume
07-11 17:36:00.906 W/MountService(  374): getVolumeState(/mnt/extrasd_bind): Unknown volume
07-11 17:36:00.906 W/MountService(  374): getVolumeState(/mnt/sdcard/ext_sd): Unknown volume
07-11 17:36:00.906 W/MountService(  374): getVolumeState(/storage/extSdCard): Unknown volume
07-11 17:36:00.906 W/MountService(  374): getVolumeState(/storage/sdcard1): Unknown volume
07-11 17:36:00.906 W/MountService(  374): getVolumeState(/mnt/sdcard/external_SD): Unknown volume
07-11 17:36:00.906 W/MountService(  374): getVolumeState(/mnt/sdcard/external_sd): Unknown volume
07-11 17:36:00.937 D/dalvikvm(32313): GC_CONCURRENT freed 469K, 8% free 9420K/10144K, paused 4ms+3ms, total 29ms
07-11 17:36:05.617 D/dalvikvm( 4918): GC_CONCURRENT freed 464K, 5% free 9874K/10392K, paused 5ms+3ms, total 40ms
07-11 17:36:27.195 D/MdmService( 3259): [null:-1]->receiver action :com.pekall.mdm.action.MDM_ALARM
07-11 17:36:27.195 I/TransInfo( 3259): TransInfo created, id: 5, class: class com.pekall.emdm.transaction.b.p
07-11 17:36:27.203 D/NetworkThread( 3259): [null:-1]->----isRunning-----true
07-11 17:36:27.203 D/NetworkThread( 3259): [null:-1]->----isRunning-----true
07-11 17:36:27.211 D/NetworkThread( 3259): [null:-1]->thread wakeup
07-11 17:36:27.211 D/HttpClient( 3259): enable apache.http debug
07-11 17:36:27.219 V/DEBUG   ( 3259): HTTP 0
07-11 17:36:27.445 D/MDM :   ( 3259): [null:-1]->MSG_WEBSOCKET_MESSAGE : {"id":-277206850,"type":0,"command":0,"result":0,"reason":0,"params":{"msgId":"64e00f13-e429-4394-ba45-3bcd3c6cbefd,64e00f13e4294394ba453bcd3c6cbefd","device":"ffffffffc539bb10fffffffff7aea961","message":"{\"cmd\":\"10119\"}"}}
07-11 17:36:27.453 V/DEBUG   ( 3259): HTTP 1
07-11 17:36:27.461 D/NetworkThread( 3259): [null:-1]->queue is empty, thread wait...
07-11 17:36:27.469 D/MdmService( 3259): [null:-1]->push message type :0
07-11 17:36:27.469 D/MdmService( 3259): [null:-1]->cmdMessage : {"cmd":"10119"}
07-11 17:36:27.469 D/MdmService( 3259): [null:-1]->command : PushCommandMsg{cmd='10119', msg='null'}
07-11 17:36:27.469 D/MDM :   ( 3259): [null:-1]->PUSH CMD: 10119
07-11 17:36:27.469 D/MdmStatusManager( 3259): [null:-1]->change status to : Busy
07-11 17:36:27.469 D/DB      ( 3259): query: SQLiteQuery: SELECT content, command_status, status FROM command WHERE status!=2
07-11 17:36:27.469 D/DB      ( 3259): factory null
07-11 17:36:27.469 D/DB      ( 3259): fillWindow: 0
07-11 17:36:27.476 D/DB      ( 3259): cursor 0
07-11 17:36:27.476 D/DB      ( 3259): moveToPos: 0
07-11 17:36:27.476 I/TransInfo( 3259): TransInfo created, id: 3, class: class com.pekall.emdm.transaction.b.c
07-11 17:36:27.476 D/NetworkThread( 3259): [null:-1]->----isRunning-----true
07-11 17:36:27.476 D/NetworkThread( 3259): [null:-1]->----isRunning-----true
07-11 17:36:27.476 D/NetworkThread( 3259): [null:-1]->thread wakeup
07-11 17:36:27.476 D/HttpClient( 3259): enable apache.http debug
07-11 17:36:27.484 V/DEBUG   ( 3259): HTTP 0
07-11 17:36:27.726 V/DEBUG   ( 3259): HTTP 1
07-11 17:36:27.734 D/MDM :   ( 3259): [null:-1]->read network input stream
07-11 17:36:27.742 D/CheckInTransInfo( 3259): [null:-1]->CommandMsg : CommandMsg{CommandUUID='8a8088bf471a79ec014724c809635f5e', Command=CommandObject{RequestType='Location'}}
07-11 17:36:27.742 D/DB      ( 3259): query: SQLiteQuery: SELECT * FROM command WHERE cmd_uuid='8a8088bf471a79ec014724c809635f5e'
07-11 17:36:27.742 D/DB      ( 3259): factory null
07-11 17:36:27.742 D/DB      ( 3259): fillWindow: 0
07-11 17:36:27.742 D/DB      ( 3259): cursor 0
07-11 17:36:27.773 D/NetworkThread( 3259): [null:-1]->queue is empty, thread wait...
07-11 17:36:27.875 D/MdmService( 3259): [null:-1]->handleCheckInResult
07-11 17:36:27.875 D/MdmService( 3259): [null:-1]->handleCheckInResult result keyIndex: 3
07-11 17:36:27.883 D/CommandManager( 3259): [null:-1]->execute command: CommandMsg{CommandUUID='8a8088bf471a79ec014724c809635f5e', Command=CommandObject{RequestType='Location'}}
07-11 17:36:27.890 D/MdmService( 3259): [null:-1]->receiver action :com.pekall.mdm.action.LOCATION
07-11 17:36:27.929 D/dalvikvm(11780): Late-enabling CheckJNI
07-11 17:36:27.929 I/ActivityManager(  374): Start proc com.pekall.emdm:remote for service com.pekall.emdm/com.baidu.location.f: pid=11780 uid=10066 gids={50066, 1015, 3002, 3001, 3003, 1028}
07-11 17:36:27.969 I/TransInfo( 3259): TransInfo created, id: 3, class: class com.pekall.emdm.transaction.b.c
07-11 17:36:27.969 D/NetworkThread( 3259): [null:-1]->----isRunning-----true
07-11 17:36:27.969 D/NetworkThread( 3259): [null:-1]->----isRunning-----true
07-11 17:36:27.969 D/NetworkThread( 3259): [null:-1]->thread wakeup
07-11 17:36:27.969 D/HttpClient( 3259): enable apache.http debug
07-11 17:36:27.976 V/DEBUG   ( 3259): HTTP 0
07-11 17:36:28.039 V/MyServiceConnection(11780): [MConnection] mdm service is NOT installed.
07-11 17:36:28.039 V/MyServiceConnection(11780): [MConnection] binding service: pekall.intent.action.MDM_SERVICE
07-11 17:36:28.054 V/SandboxConnection(11780): [SConnection] sandbox service is NOT installed.
07-11 17:36:28.054 D/ScClassLoader(11780): >> SOURCE FILE: /data/data/com.pekall.emdm/app_jars/sc-jdk15on-1.47.0.2.dex.jar
07-11 17:36:28.062 V/SandboxConnection(11780): [SConnection] binding service: pekall.intent.action.SANDBOX_SERVICE
07-11 17:36:28.062 D/MDM :   (11780): [null:-1]->SettingApplication
07-11 17:36:28.086 D/dalvikvm(11780): Trying to load lib /data/app-lib/com.pekall.emdm-1/libsandbox_database_jni.so 0x42081b30
07-11 17:36:28.094 D/dalvikvm(11780): Added shared lib /data/app-lib/com.pekall.emdm-1/libsandbox_database_jni.so 0x42081b30
07-11 17:36:28.133 I/Sandbox (11780): [Sandbox] initForTest, modified on 6.3
07-11 17:36:28.133 V/SandboxConnection(11780): [SConnection] retry to bind service
07-11 17:36:28.133 V/SandboxConnection(11780): [SConnection] sandbox service is NOT installed.
07-11 17:36:28.133 V/SandboxConnection(11780): [SConnection] binding service: pekall.intent.action.SANDBOX_SERVICE
07-11 17:36:28.187 D/dalvikvm(11780): GC_FOR_ALLOC freed 159K, 3% free 9274K/9468K, paused 21ms, total 21ms
07-11 17:36:28.187 D/Email   (11780): Email: init sandbox at the beginning.
07-11 17:36:28.187 I/Sandbox (11780): [Sandbox] init
07-11 17:36:28.187 V/SandboxConnection(11780): [SConnection] retry to bind service
07-11 17:36:28.187 V/SandboxConnection(11780): [SConnection] sandbox service is NOT installed.
07-11 17:36:28.187 V/SandboxConnection(11780): [SConnection] binding service: pekall.intent.action.SANDBOX_SERVICE
07-11 17:36:28.234 V/SandboxConnection(11780): [SConnection] retry to bind service
07-11 17:36:28.234 V/SandboxConnection(11780): [SConnection] sandbox service is NOT installed.
07-11 17:36:28.234 V/SandboxConnection(11780): [SConnection] binding service: pekall.intent.action.SANDBOX_SERVICE
07-11 17:36:28.242 D/ActivityThread(11780): Loading provider com.pekall.semail.provider;com.pekall.semail.notifier: com.pekall.semail.provider.EmailProvider
07-11 17:36:28.250 V/DEBUG   ( 3259): HTTP 1
07-11 17:36:28.258 D/MdmDatabaseHelper( 3259): [null:-1]->update command 8a8088bf471a79ec014724c809635f5e to status executed
07-11 17:36:28.258 V/l       (11780): Bind requested for task setLogging
07-11 17:36:28.281 V/browser (11780): Browser.onCreate: this=com.pekall.emdm.browser.at@4208a0d0
07-11 17:36:28.281 D/ExchangeService( 3259): !!! EAS ExchangeService, onCreate
07-11 17:36:28.289 D/ExchangeService( 3259): !!! EAS ExchangeService, onStartCommand, startingUp = false, running = false
07-11 17:36:28.289 D/ExchangeService( 3259): to start secureStorageService now
07-11 17:36:28.289 V/a       ( 3259): Bind requested for task test
07-11 17:36:28.297 V/a       ( 3259): Connected: com.pekall.semail.service.AccountServiceInternal
07-11 17:36:28.304 V/a       ( 3259): Connection test succeeded in 14ms
07-11 17:36:28.304 D/ExchangeService( 3259): Reconciling accounts...
07-11 17:36:28.304 V/a       ( 3259): Bind requested for task reconcileAccounts
07-11 17:36:28.304 V/a       ( 3259): Waiting for task reconcileAccounts to complete...
07-11 17:36:28.304 V/a       ( 3259): Task test completed; disconnecting
07-11 17:36:28.304 V/a       ( 3259): Connected: com.pekall.semail.service.AccountServiceInternal
07-11 17:36:28.312 D/DB      ( 3259): query: SQLiteQuery: SELECT _id FROM Account
07-11 17:36:28.312 D/DB      ( 3259): factory null
07-11 17:36:28.312 D/DB      ( 3259): fillWindow: 0
07-11 17:36:28.320 D/NetworkThread( 3259): [null:-1]->queue is empty, thread wait...
07-11 17:36:28.336 D/DB      ( 3259): cursor 0
07-11 17:36:28.336 D/DB      ( 3259): moveToPos: 0
07-11 17:36:28.344 V/a       ( 3259): Task reconcileAccounts completed; disconnecting
07-11 17:36:28.351 V/a       ( 3259): Wait for reconcileAccounts finished in 42ms
07-11 17:36:28.359 D/MdmService( 3259): [null:-1]->handleCheckInResult
07-11 17:36:28.359 D/MdmService( 3259): [null:-1]->handleCheckInResult result keyIndex: 3
07-11 17:36:28.359 D/HandleCommandTask( 3259): [null:-1]->execute command msg but beanBase is null
07-11 17:36:28.359 D/MdmStatusManager( 3259): [null:-1]->change status to : Idle
07-11 17:36:28.359 D/DB      ( 3259): query: SQLiteQuery: SELECT count(*) FROM HostAuth WHERE protocol="eas" LIMIT 1
07-11 17:36:28.359 D/DB      ( 3259): factory null
07-11 17:36:28.359 D/DB      ( 3259): fillWindow: 0
07-11 17:36:28.375 D/DB      ( 3259): cursor 1
07-11 17:36:28.375 D/DB      ( 3259): moveToPos: 0
07-11 17:36:28.375 D/DB      ( 3259): onMove: 0
07-11 17:36:28.375 D/ExchangeService( 3259): !!! EAS ExchangeService, stopping self
07-11 17:36:28.375 D/dalvikvm(11780): GC_FOR_ALLOC freed 261K, 4% free 9524K/9820K, paused 24ms, total 24ms
07-11 17:36:28.383 D/ActivityThread(11780): Loading provider com.pekall.semail.provider;com.pekall.semail.notifier: com.pekall.semail.provider.EmailProvider
07-11 17:36:28.398 I/Sandbox (11780): [Sandbox] initForTest, modified on 6.3
07-11 17:36:28.398 V/SandboxConnection(11780): [SConnection] retry to bind service
07-11 17:36:28.398 V/SandboxConnection(11780): [SConnection] sandbox service is NOT installed.
07-11 17:36:28.398 V/SandboxConnection(11780): [SConnection] binding service: pekall.intent.action.SANDBOX_SERVICE
07-11 17:36:28.398 W/SQLiteOpenHelper(11780): Opened /data/data/com.pekall.emdm/databases/message.db
07-11 17:36:28.414 W/SQLiteOpenHelper(11780): Opened /data/data/com.pekall.emdm/databases/EmailProvider.db
07-11 17:36:28.453 E/DB      (11780): bind, index: 1, value: 0
07-11 17:36:28.453 D/DB      (11780): query: SQLiteQuery: SELECT * FROM message WHERE status =?
07-11 17:36:28.453 D/DB      (11780): factory null
07-11 17:36:28.453 D/DB      (11780): fillWindow: 0
07-11 17:36:28.492 W/SQLiteOpenHelper(11780): Opened /data/data/com.pekall.emdm/databases/EmailProviderBody.db
07-11 17:36:28.500 D/DB      (11780): cursor 569
07-11 17:36:28.500 E/Mdm     ( 3259): Call Mdm service's recordIconCount function
07-11 17:36:28.508 E/DB      (11780): bind, index: 1, value: 0
07-11 17:36:28.508 E/DB      (11780): bind, index: 2, value: 100
07-11 17:36:28.508 D/DB      (11780): query: SQLiteQuery: SELECT * FROM message WHERE status=? and type=?
07-11 17:36:28.508 D/DB      (11780): factory null
07-11 17:36:28.508 D/DB      (11780): fillWindow: 0
07-11 17:36:28.515 D/DB      (11780): query: SQLiteQuery: SELECT _id FROM Account
07-11 17:36:28.515 D/DB      (11780): factory null
07-11 17:36:28.515 D/DB      (11780): fillWindow: 0
07-11 17:36:28.523 D/DB      (11780): cursor 0
07-11 17:36:28.523 D/DB      (11780): moveToPos: 0
07-11 17:36:28.523 W/SQLiteOpenHelper(11780): Opened /data/data/com.pekall.emdm/databases/EmailProviderBackup.db
07-11 17:36:28.531 D/DB      (11780): cursor 569
07-11 17:36:28.531 V/SettingApplication(11780): SettingApplication.onCreate: this=com.pekall.emdm.setting.ai@4208a860
07-11 17:36:28.570 D/dalvikvm(11780): GC_FOR_ALLOC freed 513K, 6% free 9524K/10072K, paused 22ms, total 22ms
07-11 17:36:28.578 D/DB      (11780): query: SQLiteQuery: SELECT _id, displayName, emailAddress, syncKey, syncLookback, syncInterval, hostAuthKeyRecv, hostAuthKeySend, flags, isDefault, compatibilityUuid, senderName, ringtoneUri, protocolVersion, newMessageCount, securitySyncKey, signature, policyKey, notifiedMessageId, notifiedMessageCount FROM Account
07-11 17:36:28.578 D/DB      (11780): factory null
07-11 17:36:28.578 D/DB      (11780): fillWindow: 0
07-11 17:36:28.578 D/DB      (11780): cursor 0
07-11 17:36:28.578 D/DB      (11780): moveToPos: 0
07-11 17:36:28.633 D/DB      (11780): query: SQLiteQuery: SELECT _id, mailboxKey FROM Message_Updates
07-11 17:36:28.633 D/DB      (11780): factory null
07-11 17:36:28.633 D/DB      (11780): fillWindow: 0
07-11 17:36:28.633 D/DB      (11780): cursor 0
07-11 17:36:28.633 D/DB      (11780): query: SQLiteQuery: SELECT _id, mailboxKey FROM Message_Deletes
07-11 17:36:28.633 D/DB      (11780): factory null
07-11 17:36:28.633 D/DB      (11780): fillWindow: 0
07-11 17:36:28.640 D/DB      (11780): cursor 0
07-11 17:36:28.679 W/System.err(11780): java.lang.NoSuchMethodException: startScan [boolean]
07-11 17:36:28.679 W/System.err(11780): 	at java.lang.Class.getConstructorOrMethod(Class.java:423)
07-11 17:36:28.679 W/System.err(11780): 	at java.lang.Class.getDeclaredMethod(Class.java:589)
07-11 17:36:28.679 W/System.err(11780): 	at com.baidu.location.e.try(Unknown Source)
07-11 17:36:28.679 W/System.err(11780): 	at com.baidu.location.f.onCreate(Unknown Source)
07-11 17:36:28.679 W/System.err(11780): 	at android.app.ActivityThread.handleCreateService(ActivityThread.java:2577)
07-11 17:36:28.679 W/System.err(11780): 	at android.app.ActivityThread.access$1600(ActivityThread.java:141)
07-11 17:36:28.679 W/System.err(11780): 	at android.app.ActivityThread$H.handleMessage(ActivityThread.java:1338)
07-11 17:36:28.679 W/System.err(11780): 	at android.os.Handler.dispatchMessage(Handler.java:99)
07-11 17:36:28.679 W/System.err(11780): 	at android.os.Looper.loop(Looper.java:137)
07-11 17:36:28.679 W/System.err(11780): 	at android.app.ActivityThread.main(ActivityThread.java:5103)
07-11 17:36:28.679 W/System.err(11780): 	at java.lang.reflect.Method.invokeNative(Native Method)
07-11 17:36:28.679 W/System.err(11780): 	at java.lang.reflect.Method.invoke(Method.java:525)
07-11 17:36:28.679 W/System.err(11780): 	at com.android.internal.os.ZygoteInit$MethodAndArgsCaller.run(ZygoteInit.java:737)
07-11 17:36:28.679 W/System.err(11780): 	at com.android.internal.os.ZygoteInit.main(ZygoteInit.java:553)
07-11 17:36:28.679 W/System.err(11780): 	at dalvik.system.NativeStart.main(Native Method)
07-11 17:36:28.687 D/DB      (11780): query: SQLiteQuery: SELECT _id FROM Account
07-11 17:36:28.687 D/DB      (11780): factory null
07-11 17:36:28.687 D/DB      (11780): fillWindow: 0
07-11 17:36:28.687 D/DB      (11780): cursor 0
07-11 17:36:28.687 D/DB      (11780): moveToPos: 0
07-11 17:36:28.695 D/DB      (11780): query: SQLiteQuery: SELECT _id FROM HostAuth
07-11 17:36:28.695 D/DB      (11780): factory null
07-11 17:36:28.695 D/DB      (11780): fillWindow: 0
07-11 17:36:28.695 D/DB      (11780): cursor 0
07-11 17:36:28.695 D/DB      (11780): moveToPos: 0
07-11 17:36:28.695 D/DB      (11780): query: SQLiteQuery: SELECT _id FROM Policy
07-11 17:36:28.695 D/DB      (11780): factory null
07-11 17:36:28.695 D/DB      (11780): fillWindow: 0
07-11 17:36:28.695 D/DB      (11780): cursor 0
07-11 17:36:28.695 D/DB      (11780): moveToPos: 0
07-11 17:36:28.703 D/DB      (11780): query: SQLiteQuery: SELECT _id FROM Mailbox WHERE type IN (0,3,6,5,8,4)
07-11 17:36:28.703 D/DB      (11780): factory null
07-11 17:36:28.703 D/DB      (11780): fillWindow: 0
07-11 17:36:28.703 D/DB      (11780): cursor 0
07-11 17:36:28.703 D/DB      (11780): moveToPos: 0
07-11 17:36:28.703 D/DB      (11780): query: SQLiteQuery: SELECT _id FROM Account
07-11 17:36:28.703 D/DB      (11780): factory null
07-11 17:36:28.703 D/DB      (11780): fillWindow: 0
07-11 17:36:28.711 D/DB      (11780): cursor 0
07-11 17:36:28.711 D/baidu_location_service(11780): baidu location service start1 ...11780
07-11 17:36:28.711 D/DB      (11780): query: SQLiteQuery: SELECT _id FROM Account
07-11 17:36:28.711 D/DB      (11780): factory null
07-11 17:36:28.711 V/MyServiceConnection(11780): [MConnection] onServiceConnected, comp: com.pekall.emdm.service.MdmProxy
07-11 17:36:28.711 D/baidu_location_client( 3259): baidu location connected ...
07-11 17:36:28.719 V/SandboxConnection(11780): [SConnection] onServiceConnected, comp: com.pekall.sandbox.service.SandboxService
07-11 17:36:28.719 D/DB      (11780): fillWindow: 0
07-11 17:36:28.719 D/DB      (11780): cursor 0
07-11 17:36:28.726 D/AuthenticationManager( 3259): [11780] binder package: com.pekall.emdm:remote
07-11 17:36:28.726 I/Sandbox (11780): [Sandbox] initUserSecret, from: 1405071388732, to: 1407663388732
07-11 17:36:28.734 D/DB      (11780): moveToPos: 0
07-11 17:36:28.734 W/ActivityManager(  374): Unable to start service Intent { cmp=com.pekall.emdm/com.pekall.semail.service.AttachmentDownloadService } U=0: not found
07-11 17:36:28.883 D/dalvikvm( 3259): GC_FOR_ALLOC freed 2734K, 32% free 17435K/25600K, paused 56ms, total 57ms
07-11 17:36:28.945 I/Sandbox (11780): [Sandbox] init
07-11 17:36:28.976 V/l       (11780): Connected: com.pekall.exchange.ExchangeService
07-11 17:36:29.000 D/dalvikvm(11780): GC_FOR_ALLOC freed 222K, 3% free 9811K/10072K, paused 23ms, total 23ms
07-11 17:36:29.000 D/dalvikvm(11780): Trying to load lib /data/app-lib/com.pekall.emdm-1/liblocSDK3.so 0x42081b30
07-11 17:36:29.008 D/ExchangeService( 3259): !!! EAS ExchangeService, onDestroy
07-11 17:36:29.008 V/l       (11780): Task setLogging completed; disconnecting
07-11 17:36:29.015 D/dalvikvm(11780): Added shared lib /data/app-lib/com.pekall.emdm-1/liblocSDK3.so 0x42081b30
07-11 17:36:29.015 D/dalvikvm(11780): No JNI_OnLoad found in /data/app-lib/com.pekall.emdm-1/liblocSDK3.so 0x42081b30, skipping init
07-11 17:36:29.242 D/LocationUtil( 3259): [null:-1]->the LocType is 161
07-11 17:36:29.242 D/LocationUtil( 3259): [null:-1]->the Latitude is 39.991244
07-11 17:36:29.250 D/LocationUtil( 3259): [null:-1]->the lontitude is 116.476714
07-11 17:36:29.297 D/baidu_location_service(11780): baidu location service stop ...
07-11 17:36:29.297 I/Process (11780): Sending signal. PID: 11780 SIG: 9
07-11 17:36:29.312 I/ActivityManager(  374): Process com.pekall.emdm:remote (pid 11780) has died.
07-11 17:37:00.781 W/MountService(  374): getVolumeState(/storage/emulated/0/external_sd): Unknown volume
07-11 17:37:00.781 W/MountService(  374): getVolumeState(/mnt/sdcard-ext): Unknown volume
07-11 17:37:00.781 W/MountService(  374): getVolumeState(/mnt/ext_sdcard): Unknown volume
07-11 17:37:00.781 W/MountService(  374): getVolumeState(/mnt/sdcard2): Unknown volume
07-11 17:37:00.781 W/MountService(  374): getVolumeState(/mnt/emmc): Unknown volume
07-11 17:37:00.781 W/MountService(  374): getVolumeState(/mnt/extSdCard): Unknown volume
07-11 17:37:00.781 W/MountService(  374): getVolumeState(/mnt/sdcard/SD_CARD): Unknown volume
07-11 17:37:00.781 W/MountService(  374): getVolumeState(/mnt/sdcard/extra_sd): Unknown volume
07-11 17:37:00.789 W/MountService(  374): getVolumeState(/mnt/extrasd_bind): Unknown volume
07-11 17:37:00.789 W/MountService(  374): getVolumeState(/mnt/sdcard/ext_sd): Unknown volume
07-11 17:37:00.789 W/MountService(  374): getVolumeState(/storage/extSdCard): Unknown volume
07-11 17:37:00.789 W/MountService(  374): getVolumeState(/storage/sdcard1): Unknown volume
07-11 17:37:00.789 W/MountService(  374): getVolumeState(/mnt/sdcard/external_SD): Unknown volume
07-11 17:37:00.789 W/MountService(  374): getVolumeState(/mnt/sdcard/external_sd): Unknown volume
07-11 17:37:00.859 D/dalvikvm(32313): GC_CONCURRENT freed 391K, 6% free 9576K/10144K, paused 3ms+3ms, total 44ms
07-11 17:37:00.859 D/dalvikvm(32313): WAIT_FOR_CONCURRENT_GC blocked 30ms
07-11 17:37:01.062 D/dalvikvm(  374): GC_EXPLICIT freed 959K, 27% free 23314K/31932K, paused 4ms+12ms, total 118ms
07-11 17:37:01.148 W/MountService(  374): getVolumeState(/storage/emulated/0/external_sd): Unknown volume
07-11 17:37:01.148 W/MountService(  374): getVolumeState(/mnt/sdcard-ext): Unknown volume
07-11 17:37:01.148 W/MountService(  374): getVolumeState(/mnt/ext_sdcard): Unknown volume
07-11 17:37:01.148 W/MountService(  374): getVolumeState(/mnt/sdcard2): Unknown volume
07-11 17:37:01.148 W/MountService(  374): getVolumeState(/mnt/emmc): Unknown volume
07-11 17:37:01.148 W/MountService(  374): getVolumeState(/mnt/extSdCard): Unknown volume
07-11 17:37:01.148 W/MountService(  374): getVolumeState(/mnt/sdcard/SD_CARD): Unknown volume
07-11 17:37:01.148 W/MountService(  374): getVolumeState(/mnt/sdcard/extra_sd): Unknown volume
07-11 17:37:01.148 W/MountService(  374): getVolumeState(/mnt/extrasd_bind): Unknown volume
07-11 17:37:01.156 W/MountService(  374): getVolumeState(/mnt/sdcard/ext_sd): Unknown volume
07-11 17:37:01.156 W/MountService(  374): getVolumeState(/storage/extSdCard): Unknown volume
07-11 17:37:01.156 W/MountService(  374): getVolumeState(/storage/sdcard1): Unknown volume
07-11 17:37:01.156 W/MountService(  374): getVolumeState(/mnt/sdcard/external_SD): Unknown volume
07-11 17:37:01.164 W/MountService(  374): getVolumeState(/mnt/sdcard/external_sd): Unknown volume
07-11 17:37:01.187 D/dalvikvm(32313): GC_CONCURRENT freed 630K, 8% free 9457K/10184K, paused 3ms+3ms, total 27ms
07-11 17:37:01.187 D/dalvikvm(32313): WAIT_FOR_CONCURRENT_GC blocked 13ms
07-11 17:37:05.453 D/dalvikvm( 1165): GC_CONCURRENT freed 382K, 7% free 9277K/9944K, paused 4ms+2ms, total 33ms
07-11 17:37:06.351 D/dalvikvm( 1165): GC_CONCURRENT freed 430K, 7% free 9312K/9944K, paused 2ms+2ms, total 26ms
07-11 17:37:30.648 W/System.err( 5790): java.io.FileNotFoundException: /data/data/com.mgyapp.android/files/.cfpaps.i: open failed: ENOENT (No such file or directory)
07-11 17:37:30.648 W/System.err( 5790): 	at libcore.io.IoBridge.open(IoBridge.java:409)
07-11 17:37:30.656 W/System.err( 5790): 	at java.io.FileInputStream.<init>(FileInputStream.java:78)
07-11 17:37:30.656 W/System.err( 5790): 	at android.app.ContextImpl.openFileInput(ContextImpl.java:702)
07-11 17:37:30.656 W/System.err( 5790): 	at android.content.ContextWrapper.openFileInput(ContextWrapper.java:173)
07-11 17:37:30.656 W/System.err( 5790): 	at com.mgyun.shua.jc.service.f.run(Unknown Source)
07-11 17:37:30.656 W/System.err( 5790): 	at com.mgyun.shua.jc.service.CpWorkServer.onHandleIntent(Unknown Source)
07-11 17:37:30.656 W/System.err( 5790): 	at android.app.IntentService$ServiceHandler.handleMessage(IntentService.java:65)
07-11 17:37:30.656 W/System.err( 5790): 	at android.os.Handler.dispatchMessage(Handler.java:99)
07-11 17:37:30.656 W/System.err( 5790): 	at android.os.Looper.loop(Looper.java:137)
07-11 17:37:30.656 W/System.err( 5790): 	at android.os.HandlerThread.run(HandlerThread.java:61)
07-11 17:37:30.656 W/System.err( 5790): Caused by: libcore.io.ErrnoException: open failed: ENOENT (No such file or directory)
07-11 17:37:30.656 W/System.err( 5790): 	at libcore.io.Posix.open(Native Method)
07-11 17:37:30.656 W/System.err( 5790): 	at libcore.io.BlockGuardOs.open(BlockGuardOs.java:110)
07-11 17:37:30.656 W/System.err( 5790): 	at libcore.io.IoBridge.open(IoBridge.java:393)
07-11 17:37:30.656 W/System.err( 5790): 	... 9 more
07-11 17:37:40.648 W/System.err( 5790): java.io.FileNotFoundException: /data/data/com.mgyapp.android/files/.cfp.i: open failed: ENOENT (No such file or directory)
07-11 17:37:40.648 W/System.err( 5790): 	at libcore.io.IoBridge.open(IoBridge.java:409)
07-11 17:37:40.648 W/System.err( 5790): 	at java.io.FileInputStream.<init>(FileInputStream.java:78)
07-11 17:37:40.648 W/System.err( 5790): 	at android.app.ContextImpl.openFileInput(ContextImpl.java:702)
07-11 17:37:40.656 W/System.err( 5790): 	at android.content.ContextWrapper.openFileInput(ContextWrapper.java:173)
07-11 17:37:40.656 W/System.err( 5790): 	at com.mgyun.shua.jc.c.b(Unknown Source)
07-11 17:37:40.656 W/System.err( 5790): 	at com.mgyun.shua.jc.d.a(Unknown Source)
07-11 17:37:40.656 W/System.err( 5790): 	at com.mgyun.shua.jc.service.CpWorkServer.onHandleIntent(Unknown Source)
07-11 17:37:40.656 W/System.err( 5790): 	at android.app.IntentService$ServiceHandler.handleMessage(IntentService.java:65)
07-11 17:37:40.656 W/System.err( 5790): 	at android.os.Handler.dispatchMessage(Handler.java:99)
07-11 17:37:40.656 W/System.err( 5790): 	at android.os.Looper.loop(Looper.java:137)
07-11 17:37:40.656 W/System.err( 5790): 	at android.os.HandlerThread.run(HandlerThread.java:61)
07-11 17:37:40.656 W/System.err( 5790): Caused by: libcore.io.ErrnoException: open failed: ENOENT (No such file or directory)
07-11 17:37:40.656 W/System.err( 5790): 	at libcore.io.Posix.open(Native Method)
07-11 17:37:40.656 W/System.err( 5790): 	at libcore.io.BlockGuardOs.open(BlockGuardOs.java:110)
07-11 17:37:40.656 W/System.err( 5790): 	at libcore.io.IoBridge.open(IoBridge.java:393)
07-11 17:37:40.656 W/System.err( 5790): 	... 10 more
07-11 17:37:56.640 D/dalvikvm(  577): GC_EXPLICIT freed 740K, 7% free 11554K/12336K, paused 5ms+6ms, total 49ms
07-11 17:38:00.953 W/MountService(  374): getVolumeState(/storage/emulated/0/external_sd): Unknown volume
07-11 17:38:00.961 W/MountService(  374): getVolumeState(/mnt/sdcard-ext): Unknown volume
07-11 17:38:00.961 W/MountService(  374): getVolumeState(/mnt/ext_sdcard): Unknown volume
07-11 17:38:00.961 W/MountService(  374): getVolumeState(/mnt/sdcard2): Unknown volume
07-11 17:38:00.961 W/MountService(  374): getVolumeState(/mnt/emmc): Unknown volume
07-11 17:38:00.961 W/MountService(  374): getVolumeState(/mnt/extSdCard): Unknown volume
07-11 17:38:00.961 W/MountService(  374): getVolumeState(/mnt/sdcard/SD_CARD): Unknown volume
07-11 17:38:00.961 W/MountService(  374): getVolumeState(/mnt/sdcard/extra_sd): Unknown volume
07-11 17:38:00.961 W/MountService(  374): getVolumeState(/mnt/extrasd_bind): Unknown volume
07-11 17:38:00.969 W/MountService(  374): getVolumeState(/mnt/sdcard/ext_sd): Unknown volume
07-11 17:38:00.969 W/MountService(  374): getVolumeState(/storage/extSdCard): Unknown volume
07-11 17:38:00.969 W/MountService(  374): getVolumeState(/storage/sdcard1): Unknown volume
07-11 17:38:00.969 W/MountService(  374): getVolumeState(/mnt/sdcard/external_SD): Unknown volume
07-11 17:38:00.976 W/MountService(  374): getVolumeState(/mnt/sdcard/external_sd): Unknown volume
07-11 17:38:00.984 D/dalvikvm(32313): GC_CONCURRENT freed 447K, 8% free 9428K/10184K, paused 4ms+3ms, total 35ms
07-11 17:38:00.984 D/dalvikvm(32313): WAIT_FOR_CONCURRENT_GC blocked 22ms
07-11 17:38:00.984 D/dalvikvm(32313): WAIT_FOR_CONCURRENT_GC blocked 9ms
07-11 17:38:01.117 D/dalvikvm(10472): GC_EXPLICIT freed 161K, 3% free 9197K/9396K, paused 2ms+5ms, total 35ms
07-11 17:38:01.219 D/dalvikvm(32313): GC_CONCURRENT freed 486K, 8% free 9421K/10184K, paused 3ms+3ms, total 36ms
07-11 17:38:01.258 W/MountService(  374): getVolumeState(/storage/emulated/0/external_sd): Unknown volume
07-11 17:38:01.258 W/MountService(  374): getVolumeState(/mnt/sdcard-ext): Unknown volume
07-11 17:38:01.265 W/MountService(  374): getVolumeState(/mnt/ext_sdcard): Unknown volume
07-11 17:38:01.265 W/MountService(  374): getVolumeState(/mnt/sdcard2): Unknown volume
07-11 17:38:01.265 W/MountService(  374): getVolumeState(/mnt/emmc): Unknown volume
07-11 17:38:01.265 W/MountService(  374): getVolumeState(/mnt/extSdCard): Unknown volume
07-11 17:38:01.265 W/MountService(  374): getVolumeState(/mnt/sdcard/SD_CARD): Unknown volume
07-11 17:38:01.265 W/MountService(  374): getVolumeState(/mnt/sdcard/extra_sd): Unknown volume
07-11 17:38:01.265 W/MountService(  374): getVolumeState(/mnt/extrasd_bind): Unknown volume
07-11 17:38:01.273 W/MountService(  374): getVolumeState(/mnt/sdcard/ext_sd): Unknown volume
07-11 17:38:01.273 W/MountService(  374): getVolumeState(/storage/extSdCard): Unknown volume
07-11 17:38:01.273 W/MountService(  374): getVolumeState(/storage/sdcard1): Unknown volume
07-11 17:38:01.273 W/MountService(  374): getVolumeState(/mnt/sdcard/external_SD): Unknown volume
07-11 17:38:01.273 W/MountService(  374): getVolumeState(/mnt/sdcard/external_sd): Unknown volume
07-11 17:38:01.328 D/dalvikvm(32313): GC_CONCURRENT freed 424K, 8% free 9435K/10184K, paused 3ms+2ms, total 28ms
07-11 17:38:56.508 D/PushService( 9446): [null:-1]->receiver action :com.pekall.mdm.action.PUSH_ALARM
07-11 17:38:56.508 D/PushService( 9446): [null:-1]->keepAliveWithPushServer  client is null 
07-11 17:38:56.508 D/PushLib : ( 9446): [null:-1]->pushClient is :null
07-11 17:38:56.508 D/PushLib : ( 9446): [null:-1]->pushClient opened :not opened
07-11 17:38:56.508 D/PushLib : ( 9446): [null:-1]->pushClient connect:ws://192.168.10.35:9090/websocket
07-11 17:39:01.101 W/MountService(  374): getVolumeState(/storage/emulated/0/external_sd): Unknown volume
07-11 17:39:01.109 W/MountService(  374): getVolumeState(/mnt/sdcard-ext): Unknown volume
07-11 17:39:01.109 W/MountService(  374): getVolumeState(/mnt/ext_sdcard): Unknown volume
07-11 17:39:01.109 W/MountService(  374): getVolumeState(/mnt/sdcard2): Unknown volume
07-11 17:39:01.109 W/MountService(  374): getVolumeState(/mnt/emmc): Unknown volume
07-11 17:39:01.109 W/MountService(  374): getVolumeState(/mnt/extSdCard): Unknown volume
07-11 17:39:01.109 W/MountService(  374): getVolumeState(/mnt/sdcard/SD_CARD): Unknown volume
07-11 17:39:01.109 W/MountService(  374): getVolumeState(/mnt/sdcard/extra_sd): Unknown volume
07-11 17:39:01.109 W/MountService(  374): getVolumeState(/mnt/extrasd_bind): Unknown volume
07-11 17:39:01.109 W/MountService(  374): getVolumeState(/mnt/sdcard/ext_sd): Unknown volume
07-11 17:39:01.109 W/MountService(  374): getVolumeState(/storage/extSdCard): Unknown volume
