07-11 17:45:01.320 W/MountService(  374): getVolumeState(/mnt/sdcard/ext_sd): Unknown volume
07-11 17:45:01.320 W/MountService(  374): getVolumeState(/storage/extSdCard): Unknown volume
07-11 17:45:01.320 W/MountService(  374): getVolumeState(/storage/sdcard1): Unknown volume
07-11 17:45:01.320 W/MountService(  374): getVolumeState(/mnt/sdcard/external_SD): Unknown volume
07-11 17:45:01.320 W/MountService(  374): getVolumeState(/mnt/sdcard/external_sd): Unknown volume
07-11 17:45:01.367 D/dalvikvm(32313): GC_FOR_ALLOC freed 425K, 8% free 9422K/10156K, paused 23ms, total 24ms
07-11 17:45:01.398 D/dalvikvm(32313): GC_CONCURRENT freed 30K, 6% free 9582K/10156K, paused 3ms+6ms, total 30ms
07-11 17:45:01.578 W/MountService(  374): getVolumeState(/storage/emulated/0/external_sd): Unknown volume
07-11 17:45:01.578 W/MountService(  374): getVolumeState(/mnt/sdcard-ext): Unknown volume
07-11 17:45:01.578 W/MountService(  374): getVolumeState(/mnt/ext_sdcard): Unknown volume
07-11 17:45:01.578 W/MountService(  374): getVolumeState(/mnt/sdcard2): Unknown volume
07-11 17:45:01.578 W/MountService(  374): getVolumeState(/mnt/emmc): Unknown volume
07-11 17:45:01.578 W/MountService(  374): getVolumeState(/mnt/extSdCard): Unknown volume
07-11 17:45:01.578 W/MountService(  374): getVolumeState(/mnt/sdcard/SD_CARD): Unknown volume
07-11 17:45:01.586 W/MountService(  374): getVolumeState(/mnt/sdcard/extra_sd): Unknown volume
07-11 17:45:01.586 W/MountService(  374): getVolumeState(/mnt/extrasd_bind): Unknown volume
07-11 17:45:01.586 W/MountService(  374): getVolumeState(/mnt/sdcard/ext_sd): Unknown volume
07-11 17:45:01.586 W/MountService(  374): getVolumeState(/storage/extSdCard): Unknown volume
07-11 17:45:01.586 W/MountService(  374): getVolumeState(/storage/sdcard1): Unknown volume
07-11 17:45:01.586 W/MountService(  374): getVolumeState(/mnt/sdcard/external_SD): Unknown volume
07-11 17:45:01.586 W/MountService(  374): getVolumeState(/mnt/sdcard/external_sd): Unknown volume
07-11 17:45:01.617 D/dalvikvm(32313): GC_CONCURRENT freed 640K, 8% free 9450K/10192K, paused 3ms+3ms, total 26ms
07-11 17:45:27.195 D/MdmService( 3259): [null:-1]->receiver action :com.pekall.mdm.action.MDM_ALARM
07-11 17:45:27.195 D/MdmService( 3259): [null:-1]->keepAliveWithPushServer client is opened:true
07-11 17:45:27.203 D/MDM :   ( 3259): [null:-1]->ping!!!!!!!!!
07-11 17:45:27.211 D/MdmService( 3259): [null:-1]->pushUrl : ws://192.168.10.91:9070/websocket
07-11 17:45:27.211 D/MDM :   ( 3259): [null:-1]->mMdmPushClient is :not null
07-11 17:45:27.211 D/MDM :   ( 3259): [null:-1]->mMdmPushClient opened : opened
07-11 17:45:27.211 D/MDM :   ( 3259): [null:-1]->MSG_WEBSOCKET_PONG
07-11 17:46:01.328 W/MountService(  374): getVolumeState(/storage/emulated/0/external_sd): Unknown volume
07-11 17:46:01.328 W/MountService(  374): getVolumeState(/mnt/sdcard-ext): Unknown volume
07-11 17:46:01.328 W/MountService(  374): getVolumeState(/mnt/ext_sdcard): Unknown volume
07-11 17:46:01.328 W/MountService(  374): getVolumeState(/mnt/sdcard2): Unknown volume
07-11 17:46:01.328 W/MountService(  374): getVolumeState(/mnt/emmc): Unknown volume
07-11 17:46:01.328 W/MountService(  374): getVolumeState(/mnt/extSdCard): Unknown volume
07-11 17:46:01.328 W/MountService(  374): getVolumeState(/mnt/sdcard/SD_CARD): Unknown volume
07-11 17:46:01.328 W/MountService(  374): getVolumeState(/mnt/sdcard/extra_sd): Unknown volume
07-11 17:46:01.336 W/MountService(  374): getVolumeState(/mnt/extrasd_bind): Unknown volume
07-11 17:46:01.336 W/MountService(  374): getVolumeState(/mnt/sdcard/ext_sd): Unknown volume
07-11 17:46:01.336 W/MountService(  374): getVolumeState(/storage/extSdCard): Unknown volume
07-11 17:46:01.336 W/MountService(  374): getVolumeState(/storage/sdcard1): Unknown volume
07-11 17:46:01.336 W/MountService(  374): getVolumeState(/mnt/sdcard/external_SD): Unknown volume
07-11 17:46:01.344 W/MountService(  374): getVolumeState(/mnt/sdcard/external_sd): Unknown volume
07-11 17:46:01.367 D/dalvikvm(32313): GC_CONCURRENT freed 480K, 8% free 9410K/10188K, paused 3ms+3ms, total 27ms
07-11 17:46:01.367 D/dalvikvm(32313): WAIT_FOR_CONCURRENT_GC blocked 18ms
07-11 17:46:01.367 D/dalvikvm(32313): WAIT_FOR_CONCURRENT_GC blocked 21ms
07-11 17:46:01.508 D/dalvikvm(10472): GC_EXPLICIT freed 245K, 3% free 9193K/9476K, paused 2ms+6ms, total 30ms
07-11 17:46:01.594 D/dalvikvm(32313): GC_CONCURRENT freed 471K, 8% free 9436K/10188K, paused 7ms+4ms, total 44ms
07-11 17:46:01.609 W/MountService(  374): getVolumeState(/storage/emulated/0/external_sd): Unknown volume
07-11 17:46:01.609 W/MountService(  374): getVolumeState(/mnt/sdcard-ext): Unknown volume
07-11 17:46:01.609 W/MountService(  374): getVolumeState(/mnt/ext_sdcard): Unknown volume
07-11 17:46:01.609 W/MountService(  374): getVolumeState(/mnt/sdcard2): Unknown volume
07-11 17:46:01.609 W/MountService(  374): getVolumeState(/mnt/emmc): Unknown volume
07-11 17:46:01.609 W/MountService(  374): getVolumeState(/mnt/extSdCard): Unknown volume
07-11 17:46:01.617 W/MountService(  374): getVolumeState(/mnt/sdcard/SD_CARD): Unknown volume
07-11 17:46:01.617 W/MountService(  374): getVolumeState(/mnt/sdcard/extra_sd): Unknown volume
07-11 17:46:01.617 W/MountService(  374): getVolumeState(/mnt/extrasd_bind): Unknown volume
07-11 17:46:01.617 W/MountService(  374): getVolumeState(/mnt/sdcard/ext_sd): Unknown volume
07-11 17:46:01.617 W/MountService(  374): getVolumeState(/storage/extSdCard): Unknown volume
07-11 17:46:01.617 W/MountService(  374): getVolumeState(/storage/sdcard1): Unknown volume
07-11 17:46:01.617 W/MountService(  374): getVolumeState(/mnt/sdcard/external_SD): Unknown volume
07-11 17:46:01.617 W/MountService(  374): getVolumeState(/mnt/sdcard/external_sd): Unknown volume
07-11 17:46:01.703 D/dalvikvm(32313): GC_CONCURRENT freed 440K, 8% free 9407K/10188K, paused 3ms+2ms, total 28ms
07-11 17:46:12.758 D/dalvikvm(12151): GC_FOR_ALLOC freed 376K, 6% free 9693K/10224K, paused 19ms, total 19ms
07-11 17:46:19.078 D/dalvikvm(  577): GC_CONCURRENT freed 780K, 8% free 11502K/12376K, paused 5ms+4ms, total 46ms
07-11 17:46:32.812 D/dalvikvm(  374): GC_EXPLICIT freed 1010K, 28% free 23292K/31932K, paused 6ms+12ms, total 123ms
07-11 17:47:01.336 W/MountService(  374): getVolumeState(/storage/emulated/0/external_sd): Unknown volume
07-11 17:47:01.336 W/MountService(  374): getVolumeState(/mnt/sdcard-ext): Unknown volume
07-11 17:47:01.336 W/MountService(  374): getVolumeState(/mnt/ext_sdcard): Unknown volume
07-11 17:47:01.344 W/MountService(  374): getVolumeState(/mnt/sdcard2): Unknown volume
07-11 17:47:01.344 W/MountService(  374): getVolumeState(/mnt/emmc): Unknown volume
07-11 17:47:01.344 W/MountService(  374): getVolumeState(/mnt/extSdCard): Unknown volume
07-11 17:47:01.344 W/MountService(  374): getVolumeState(/mnt/sdcard/SD_CARD): Unknown volume
07-11 17:47:01.344 W/MountService(  374): getVolumeState(/mnt/sdcard/extra_sd): Unknown volume
07-11 17:47:01.344 W/MountService(  374): getVolumeState(/mnt/extrasd_bind): Unknown volume
07-11 17:47:01.344 W/MountService(  374): getVolumeState(/mnt/sdcard/ext_sd): Unknown volume
07-11 17:47:01.344 W/MountService(  374): getVolumeState(/storage/extSdCard): Unknown volume
07-11 17:47:01.344 W/MountService(  374): getVolumeState(/storage/sdcard1): Unknown volume
07-11 17:47:01.351 W/MountService(  374): getVolumeState(/mnt/sdcard/external_SD): Unknown volume
07-11 17:47:01.351 W/MountService(  374): getVolumeState(/mnt/sdcard/external_sd): Unknown volume
07-11 17:47:01.476 D/dalvikvm(32313): GC_CONCURRENT freed 332K, 7% free 9553K/10188K, paused 28ms+4ms, total 58ms
07-11 17:47:01.617 W/MountService(  374): getVolumeState(/storage/emulated/0/external_sd): Unknown volume
07-11 17:47:01.625 W/MountService(  374): getVolumeState(/mnt/sdcard-ext): Unknown volume
07-11 17:47:01.625 W/MountService(  374): getVolumeState(/mnt/ext_sdcard): Unknown volume
07-11 17:47:01.625 W/MountService(  374): getVolumeState(/mnt/sdcard2): Unknown volume
07-11 17:47:01.625 W/MountService(  374): getVolumeState(/mnt/emmc): Unknown volume
07-11 17:47:01.625 W/MountService(  374): getVolumeState(/mnt/extSdCard): Unknown volume
07-11 17:47:01.625 W/MountService(  374): getVolumeState(/mnt/sdcard/SD_CARD): Unknown volume
07-11 17:47:01.625 W/MountService(  374): getVolumeState(/mnt/sdcard/extra_sd): Unknown volume
07-11 17:47:01.625 W/MountService(  374): getVolumeState(/mnt/extrasd_bind): Unknown volume
07-11 17:47:01.625 W/MountService(  374): getVolumeState(/mnt/sdcard/ext_sd): Unknown volume
07-11 17:47:01.633 W/MountService(  374): getVolumeState(/storage/extSdCard): Unknown volume
07-11 17:47:01.633 W/MountService(  374): getVolumeState(/storage/sdcard1): Unknown volume
07-11 17:47:01.633 W/MountService(  374): getVolumeState(/mnt/sdcard/external_SD): Unknown volume
07-11 17:47:01.633 W/MountService(  374): getVolumeState(/mnt/sdcard/external_sd): Unknown volume
07-11 17:47:01.656 D/dalvikvm(32313): GC_CONCURRENT freed 583K, 8% free 9451K/10188K, paused 3ms+3ms, total 26ms
07-11 17:48:01.359 W/MountService(  374): getVolumeState(/storage/emulated/0/external_sd): Unknown volume
07-11 17:48:01.359 W/MountService(  374): getVolumeState(/mnt/sdcard-ext): Unknown volume
07-11 17:48:01.359 W/MountService(  374): getVolumeState(/mnt/ext_sdcard): Unknown volume
07-11 17:48:01.359 W/MountService(  374): getVolumeState(/mnt/sdcard2): Unknown volume
07-11 17:48:01.359 W/MountService(  374): getVolumeState(/mnt/emmc): Unknown volume
07-11 17:48:01.367 W/MountService(  374): getVolumeState(/mnt/extSdCard): Unknown volume
07-11 17:48:01.367 W/MountService(  374): getVolumeState(/mnt/sdcard/SD_CARD): Unknown volume
07-11 17:48:01.367 W/MountService(  374): getVolumeState(/mnt/sdcard/extra_sd): Unknown volume
07-11 17:48:01.367 W/MountService(  374): getVolumeState(/mnt/extrasd_bind): Unknown volume
07-11 17:48:01.375 W/MountService(  374): getVolumeState(/mnt/sdcard/ext_sd): Unknown volume
07-11 17:48:01.375 W/MountService(  374): getVolumeState(/storage/extSdCard): Unknown volume
07-11 17:48:01.375 W/MountService(  374): getVolumeState(/storage/sdcard1): Unknown volume
07-11 17:48:01.375 W/MountService(  374): getVolumeState(/mnt/sdcard/external_SD): Unknown volume
07-11 17:48:01.375 W/MountService(  374): getVolumeState(/mnt/sdcard/external_sd): Unknown volume
07-11 17:48:01.390 D/dalvikvm(32313): GC_CONCURRENT freed 463K, 8% free 9428K/10188K, paused 4ms+3ms, total 27ms
07-11 17:48:01.390 D/dalvikvm(32313): WAIT_FOR_CONCURRENT_GC blocked 10ms
07-11 17:48:01.390 D/dalvikvm(32313): WAIT_FOR_CONCURRENT_GC blocked 13ms
07-11 17:48:01.578 D/dalvikvm(32313): GC_CONCURRENT freed 463K, 8% free 9425K/10188K, paused 3ms+3ms, total 25ms
07-11 17:48:01.617 W/MountService(  374): getVolumeState(/storage/emulated/0/external_sd): Unknown volume
07-11 17:48:01.617 W/MountService(  374): getVolumeState(/mnt/sdcard-ext): Unknown volume
07-11 17:48:01.617 W/MountService(  374): getVolumeState(/mnt/ext_sdcard): Unknown volume
07-11 17:48:01.617 W/MountService(  374): getVolumeState(/mnt/sdcard2): Unknown volume
07-11 17:48:01.617 W/MountService(  374): getVolumeState(/mnt/emmc): Unknown volume
07-11 17:48:01.617 W/MountService(  374): getVolumeState(/mnt/extSdCard): Unknown volume
07-11 17:48:01.617 W/MountService(  374): getVolumeState(/mnt/sdcard/SD_CARD): Unknown volume
07-11 17:48:01.617 W/MountService(  374): getVolumeState(/mnt/sdcard/extra_sd): Unknown volume
07-11 17:48:01.617 W/MountService(  374): getVolumeState(/mnt/extrasd_bind): Unknown volume
07-11 17:48:01.617 W/MountService(  374): getVolumeState(/mnt/sdcard/ext_sd): Unknown volume
07-11 17:48:01.625 W/MountService(  374): getVolumeState(/storage/extSdCard): Unknown volume
07-11 17:48:01.625 W/MountService(  374): getVolumeState(/storage/sdcard1): Unknown volume
07-11 17:48:01.625 W/MountService(  374): getVolumeState(/mnt/sdcard/external_SD): Unknown volume
07-11 17:48:01.625 W/MountService(  374): getVolumeState(/mnt/sdcard/external_sd): Unknown volume
07-11 17:48:01.687 D/dalvikvm(32313): GC_CONCURRENT freed 435K, 8% free 9412K/10188K, paused 3ms+3ms, total 24ms
07-11 17:48:17.187 D/dalvikvm( 4918): GC_CONCURRENT freed 387K, 5% free 9870K/10316K, paused 5ms+2ms, total 37ms
07-11 17:48:27.203 D/MdmService( 3259): [null:-1]->receiver action :com.pekall.mdm.action.MDM_ALARM
07-11 17:48:27.211 D/MdmStatusManager( 3259): [null:-1]->change status to : Busy
07-11 17:48:27.211 D/DB      ( 3259): query: SQLiteQuery: SELECT content, command_status, status FROM command WHERE status!=2
07-11 17:48:27.211 D/DB      ( 3259): factory null
07-11 17:48:27.211 D/DB      ( 3259): fillWindow: 0
07-11 17:48:27.211 D/DB      ( 3259): cursor 0
07-11 17:48:27.211 D/DB      ( 3259): moveToPos: 0
07-11 17:48:27.211 I/TransInfo( 3259): TransInfo created, id: 3, class: class com.pekall.emdm.transaction.b.c
07-11 17:48:27.219 D/NetworkThread( 3259): [null:-1]->----isRunning-----true
07-11 17:48:27.219 D/NetworkThread( 3259): [null:-1]->----isRunning-----true
07-11 17:48:27.219 D/NetworkThread( 3259): [null:-1]->thread wakeup
07-11 17:48:27.219 D/HttpClient( 3259): enable apache.http debug
07-11 17:48:27.226 V/DEBUG   ( 3259): HTTP 0
07-11 17:48:27.414 V/DEBUG   ( 3259): HTTP 1
07-11 17:48:27.414 D/NetworkThread( 3259): [null:-1]->queue is empty, thread wait...
07-11 17:48:27.515 D/MdmService( 3259): [null:-1]->handleCheckInResult
07-11 17:48:27.515 D/MdmService( 3259): [null:-1]->handleCheckInResult result keyIndex: 3
07-11 17:48:27.515 D/HandleCommandTask( 3259): [null:-1]->execute command msg but beanBase is null
07-11 17:48:27.515 D/MdmStatusManager( 3259): [null:-1]->change status to : Idle
07-11 17:48:43.937 W/BackupManagerService(  374): dataChanged but no participant pkg='com.android.providers.settings' uid=10079
07-11 17:48:43.984 D/dalvikvm(12193): GC_CONCURRENT freed 410K, 12% free 9516K/10796K, paused 2ms+3ms, total 36ms
07-11 17:48:56.500 D/PushService( 9446): [null:-1]->receiver action :com.pekall.mdm.action.PUSH_ALARM
07-11 17:48:56.500 D/PushService( 9446): [null:-1]->keepAliveWithPushServer  client is null 
07-11 17:48:56.508 D/PushLib : ( 9446): [null:-1]->pushClient is :null
07-11 17:48:56.508 D/PushLib : ( 9446): [null:-1]->pushClient opened :not opened
07-11 17:48:56.508 I/ActivityManager(  374): No longer want com.pekall.nmefc (pid 9446): empty for 1800s
07-11 17:48:56.523 W/ActivityManager(  374): Scheduling restart of crashed service com.pekall.nmefc/com.pekall.lib.push.PushService in 5000ms
07-11 17:49:01.390 W/MountService(  374): getVolumeState(/storage/emulated/0/external_sd): Unknown volume
07-11 17:49:01.398 W/MountService(  374): getVolumeState(/mnt/sdcard-ext): Unknown volume
07-11 17:49:01.398 W/MountService(  374): getVolumeState(/mnt/ext_sdcard): Unknown volume
07-11 17:49:01.398 W/MountService(  374): getVolumeState(/mnt/sdcard2): Unknown volume
07-11 17:49:01.398 W/MountService(  374): getVolumeState(/mnt/emmc): Unknown volume
07-11 17:49:01.398 W/MountService(  374): getVolumeState(/mnt/extSdCard): Unknown volume
07-11 17:49:01.398 W/MountService(  374): getVolumeState(/mnt/sdcard/SD_CARD): Unknown volume
07-11 17:49:01.406 W/MountService(  374): getVolumeState(/mnt/sdcard/extra_sd): Unknown volume
07-11 17:49:01.406 W/MountService(  374): getVolumeState(/mnt/extrasd_bind): Unknown volume
07-11 17:49:01.406 W/MountService(  374): getVolumeState(/mnt/sdcard/ext_sd): Unknown volume
07-11 17:49:01.406 W/MountService(  374): getVolumeState(/storage/extSdCard): Unknown volume
07-11 17:49:01.414 W/MountService(  374): getVolumeState(/storage/sdcard1): Unknown volume
07-11 17:49:01.414 W/MountService(  374): getVolumeState(/mnt/sdcard/external_SD): Unknown volume
07-11 17:49:01.414 W/MountService(  374): getVolumeState(/mnt/sdcard/external_sd): Unknown volume
07-11 17:49:01.500 D/dalvikvm(32313): GC_CONCURRENT freed 363K, 7% free 9555K/10176K, paused 3ms+4ms, total 36ms
07-11 17:49:01.531 I/ActivityManager(  374): Start proc com.pekall.nmefc for service com.pekall.nmefc/com.pekall.lib.push.PushService: pid=13555 uid=10068 gids={50068, 1015, 1028, 3003}
07-11 17:49:01.672 W/MountService(  374): getVolumeState(/storage/emulated/0/external_sd): Unknown volume
07-11 17:49:01.672 W/MountService(  374): getVolumeState(/mnt/sdcard-ext): Unknown volume
07-11 17:49:01.672 W/MountService(  374): getVolumeState(/mnt/ext_sdcard): Unknown volume
07-11 17:49:01.672 W/MountService(  374): getVolumeState(/mnt/sdcard2): Unknown volume
07-11 17:49:01.672 W/MountService(  374): getVolumeState(/mnt/emmc): Unknown volume
07-11 17:49:01.672 W/MountService(  374): getVolumeState(/mnt/extSdCard): Unknown volume
07-11 17:49:01.672 W/MountService(  374): getVolumeState(/mnt/sdcard/SD_CARD): Unknown volume
07-11 17:49:01.679 W/MountService(  374): getVolumeState(/mnt/sdcard/extra_sd): Unknown volume
07-11 17:49:01.679 W/MountService(  374): getVolumeState(/mnt/extrasd_bind): Unknown volume
07-11 17:49:01.679 W/MountService(  374): getVolumeState(/mnt/sdcard/ext_sd): Unknown volume
07-11 17:49:01.679 W/MountService(  374): getVolumeState(/storage/extSdCard): Unknown volume
07-11 17:49:01.679 W/MountService(  374): getVolumeState(/storage/sdcard1): Unknown volume
07-11 17:49:01.679 W/MountService(  374): getVolumeState(/mnt/sdcard/external_SD): Unknown volume
07-11 17:49:01.679 W/MountService(  374): getVolumeState(/mnt/sdcard/external_sd): Unknown volume
07-11 17:49:01.711 D/dalvikvm(13555): Trying to load lib /data/app-lib/com.pekall.nmefc-1/libBaiduMapSDK_v2_4_0.so 0x4207d5e0
07-11 17:49:01.719 D/dalvikvm(13555): Added shared lib /data/app-lib/com.pekall.nmefc-1/libBaiduMapSDK_v2_4_0.so 0x4207d5e0
07-11 17:49:01.719 D/dalvikvm(32313): GC_CONCURRENT freed 535K, 7% free 9474K/10176K, paused 6ms+6ms, total 32ms
07-11 17:49:01.765 D/AppCommonMemCache(13555): commonmemcache addr: 1466107828
07-11 17:49:01.828 I/auth info(13555): ak:  ryMGcVcAAGEj0xnPp0vbh8Q4
07-11 17:49:01.828 I/auth info(13555): mcode:  62:30:B6:24:E3:55:96:DC:05:ED:3E:6E:44:83:87:D5:AF:E7:B3:B9;com.pekall.nmefc
07-11 17:49:01.859 D/dalvikvm(13555): GC_CONCURRENT freed 260K, 4% free 9139K/9436K, paused 4ms+3ms, total 30ms
07-11 17:49:01.859 D/dalvikvm(13555): WAIT_FOR_CONCURRENT_GC blocked 19ms
07-11 17:49:01.961 D/PushService(13555): [null:-1]->receiver action :android.net.conn.CONNECTIVITY_CHANGE
07-11 17:49:02.156 D/dalvikvm(13555): GC_CONCURRENT freed 388K, 6% free 9141K/9664K, paused 7ms+2ms, total 25ms
07-11 17:49:02.289 E/baidumapsdk(13555): Authentication Error,status: 102 message: IP/SN/SCODE/REFERER Illegal:
07-11 17:49:15.390 D/dalvikvm(12475): GC_FOR_ALLOC freed 434K, 5% free 9184K/9656K, paused 29ms, total 29ms
07-11 17:49:29.586 D/dalvikvm(  374): GC_EXPLICIT freed 1007K, 28% free 23295K/31932K, paused 8ms+12ms, total 126ms
07-11 17:49:48.429 D/dalvikvm(  833): GC_CONCURRENT freed 1327K, 18% free 12864K/15584K, paused 4ms+6ms, total 70ms
07-11 17:49:48.429 D/dalvikvm(  833): WAIT_FOR_CONCURRENT_GC blocked 37ms
07-11 17:49:52.000 W/System.err( 5790): java.io.FileNotFoundException: /data/data/com.mgyapp.android/files/.cfpaps.i: open failed: ENOENT (No such file or directory)
07-11 17:49:52.000 W/System.err( 5790): 	at libcore.io.IoBridge.open(IoBridge.java:409)
07-11 17:49:52.000 W/System.err( 5790): 	at java.io.FileInputStream.<init>(FileInputStream.java:78)
07-11 17:49:52.000 W/System.err( 5790): 	at android.app.ContextImpl.openFileInput(ContextImpl.java:702)
07-11 17:49:52.000 W/System.err( 5790): 	at android.content.ContextWrapper.openFileInput(ContextWrapper.java:173)
07-11 17:49:52.000 W/System.err( 5790): 	at com.mgyun.shua.jc.service.f.run(Unknown Source)
07-11 17:49:52.000 W/System.err( 5790): 	at com.mgyun.shua.jc.service.CpWorkServer.onHandleIntent(Unknown Source)
07-11 17:49:52.000 W/System.err( 5790): 	at android.app.IntentService$ServiceHandler.handleMessage(IntentService.java:65)
07-11 17:49:52.000 W/System.err( 5790): 	at android.os.Handler.dispatchMessage(Handler.java:99)
07-11 17:49:52.000 W/System.err( 5790): 	at android.os.Looper.loop(Looper.java:137)
07-11 17:49:52.000 W/System.err( 5790): 	at android.os.HandlerThread.run(HandlerThread.java:61)
07-11 17:49:52.000 W/System.err( 5790): Caused by: libcore.io.ErrnoException: open failed: ENOENT (No such file or directory)
07-11 17:49:52.000 W/System.err( 5790): 	at libcore.io.Posix.open(Native Method)
07-11 17:49:52.008 W/System.err( 5790): 	at libcore.io.BlockGuardOs.open(BlockGuardOs.java:110)
07-11 17:49:52.008 W/System.err( 5790): 	at libcore.io.IoBridge.open(IoBridge.java:393)
07-11 17:49:52.008 W/System.err( 5790): 	... 9 more
07-11 17:50:01.422 D/dalvikvm(32313): GC_FOR_ALLOC freed 407K, 8% free 9439K/10176K, paused 25ms, total 25ms
07-11 17:50:01.422 W/MountService(  374): getVolumeState(/storage/emulated/0/external_sd): Unknown volume
07-11 17:50:01.422 W/MountService(  374): getVolumeState(/mnt/sdcard-ext): Unknown volume
07-11 17:50:01.422 W/MountService(  374): getVolumeState(/mnt/ext_sdcard): Unknown volume
07-11 17:50:01.429 W/MountService(  374): getVolumeState(/mnt/sdcard2): Unknown volume
07-11 17:50:01.429 W/MountService(  374): getVolumeState(/mnt/emmc): Unknown volume
07-11 17:50:01.429 W/MountService(  374): getVolumeState(/mnt/extSdCard): Unknown volume
07-11 17:50:01.429 W/MountService(  374): getVolumeState(/mnt/sdcard/SD_CARD): Unknown volume
07-11 17:50:01.429 W/MountService(  374): getVolumeState(/mnt/sdcard/extra_sd): Unknown volume
07-11 17:50:01.429 W/MountService(  374): getVolumeState(/mnt/extrasd_bind): Unknown volume
07-11 17:50:01.429 W/MountService(  374): getVolumeState(/mnt/sdcard/ext_sd): Unknown volume
07-11 17:50:01.429 W/MountService(  374): getVolumeState(/storage/extSdCard): Unknown volume
07-11 17:50:01.437 W/MountService(  374): getVolumeState(/storage/sdcard1): Unknown volume
07-11 17:50:01.437 W/MountService(  374): getVolumeState(/mnt/sdcard/external_SD): Unknown volume
07-11 17:50:01.437 W/MountService(  374): getVolumeState(/mnt/sdcard/external_sd): Unknown volume
07-11 17:50:01.523 D/dalvikvm(32313): GC_CONCURRENT freed 281K, 7% free 9554K/10176K, paused 4ms+3ms, total 31ms
07-11 17:50:01.656 W/MountService(  374): getVolumeState(/storage/emulated/0/external_sd): Unknown volume
07-11 17:50:01.656 W/MountService(  374): getVolumeState(/mnt/sdcard-ext): Unknown volume
07-11 17:50:01.656 W/MountService(  374): getVolumeState(/mnt/ext_sdcard): Unknown volume
07-11 17:50:01.664 W/MountService(  374): getVolumeState(/mnt/sdcard2): Unknown volume
07-11 17:50:01.664 W/MountService(  374): getVolumeState(/mnt/emmc): Unknown volume
07-11 17:50:01.664 W/MountService(  374): getVolumeState(/mnt/extSdCard): Unknown volume
07-11 17:50:01.664 W/MountService(  374): getVolumeState(/mnt/sdcard/SD_CARD): Unknown volume
07-11 17:50:01.664 W/MountService(  374): getVolumeState(/mnt/sdcard/extra_sd): Unknown volume
07-11 17:50:01.664 W/MountService(  374): getVolumeState(/mnt/extrasd_bind): Unknown volume
07-11 17:50:01.672 W/MountService(  374): getVolumeState(/mnt/sdcard/ext_sd): Unknown volume
07-11 17:50:01.672 W/MountService(  374): getVolumeState(/storage/extSdCard): Unknown volume
07-11 17:50:01.672 W/MountService(  374): getVolumeState(/storage/sdcard1): Unknown volume
07-11 17:50:01.672 W/MountService(  374): getVolumeState(/mnt/sdcard/external_SD): Unknown volume
07-11 17:50:01.672 W/MountService(  374): getVolumeState(/mnt/sdcard/external_sd): Unknown volume
07-11 17:50:01.703 D/dalvikvm(32313): GC_CONCURRENT freed 587K, 8% free 9447K/10176K, paused 3ms+3ms, total 26ms
07-11 17:50:33.750 D/dalvikvm(  565): GC_CONCURRENT freed 393K, 7% free 10489K/11180K, paused 5ms+4ms, total 43ms
07-11 17:50:52.836 D/GCM     (  647): Ignoring attempt to send heartbeat on dead connection.
07-11 17:51:01.554 W/MountService(  374): getVolumeState(/storage/emulated/0/external_sd): Unknown volume
07-11 17:51:01.562 W/MountService(  374): getVolumeState(/mnt/sdcard-ext): Unknown volume
07-11 17:51:01.562 W/MountService(  374): getVolumeState(/mnt/ext_sdcard): Unknown volume
07-11 17:51:01.562 W/MountService(  374): getVolumeState(/mnt/sdcard2): Unknown volume
07-11 17:51:01.562 W/MountService(  374): getVolumeState(/mnt/emmc): Unknown volume
07-11 17:51:01.562 W/MountService(  374): getVolumeState(/mnt/extSdCard): Unknown volume
07-11 17:51:01.570 W/MountService(  374): getVolumeState(/mnt/sdcard/SD_CARD): Unknown volume
07-11 17:51:01.578 W/MountService(  374): getVolumeState(/mnt/sdcard/extra_sd): Unknown volume
07-11 17:51:01.578 W/MountService(  374): getVolumeState(/mnt/extrasd_bind): Unknown volume
07-11 17:51:01.578 W/MountService(  374): getVolumeState(/mnt/sdcard/ext_sd): Unknown volume
07-11 17:51:01.578 W/MountService(  374): getVolumeState(/storage/extSdCard): Unknown volume
07-11 17:51:01.578 W/MountService(  374): getVolumeState(/storage/sdcard1): Unknown volume
07-11 17:51:01.586 W/MountService(  374): getVolumeState(/mnt/sdcard/external_SD): Unknown volume
07-11 17:51:01.586 W/MountService(  374): getVolumeState(/mnt/sdcard/external_sd): Unknown volume
07-11 17:51:01.640 D/dalvikvm(32313): GC_CONCURRENT freed 451K, 8% free 9424K/10176K, paused 5ms+4ms, total 49ms
07-11 17:51:01.640 D/dalvikvm(32313): WAIT_FOR_CONCURRENT_GC blocked 26ms
07-11 17:51:01.820 W/MountService(  374): getVolumeState(/storage/emulated/0/external_sd): Unknown volume
07-11 17:51:01.820 W/MountService(  374): getVolumeState(/mnt/sdcard-ext): Unknown volume
07-11 17:51:01.820 W/MountService(  374): getVolumeState(/mnt/ext_sdcard): Unknown volume
07-11 17:51:01.820 W/MountService(  374): getVolumeState(/mnt/sdcard2): Unknown volume
07-11 17:51:01.820 W/MountService(  374): getVolumeState(/mnt/emmc): Unknown volume
07-11 17:51:01.820 W/MountService(  374): getVolumeState(/mnt/extSdCard): Unknown volume
07-11 17:51:01.828 W/MountService(  374): getVolumeState(/mnt/sdcard/SD_CARD): Unknown volume
07-11 17:51:01.828 W/MountService(  374): getVolumeState(/mnt/sdcard/extra_sd): Unknown volume
07-11 17:51:01.828 W/MountService(  374): getVolumeState(/mnt/extrasd_bind): Unknown volume
07-11 17:51:01.828 W/MountService(  374): getVolumeState(/mnt/sdcard/ext_sd): Unknown volume
07-11 17:51:01.828 W/MountService(  374): getVolumeState(/storage/extSdCard): Unknown volume
07-11 17:51:01.828 W/MountService(  374): getVolumeState(/storage/sdcard1): Unknown volume
07-11 17:51:01.836 D/dalvikvm(32313): GC_CONCURRENT freed 492K, 8% free 9432K/10176K, paused 3ms+3ms, total 35ms
07-11 17:51:01.836 D/dalvikvm(32313): WAIT_FOR_CONCURRENT_GC blocked 12ms
07-11 17:51:01.836 W/MountService(  374): getVolumeState(/mnt/sdcard/external_SD): Unknown volume
07-11 17:51:01.836 W/MountService(  374): getVolumeState(/mnt/sdcard/external_sd): Unknown volume
07-11 17:51:14.976 D/dalvikvm(32313): GC_CONCURRENT freed 440K, 8% free 9412K/10176K, paused 6ms+2ms, total 39ms
07-11 17:51:14.976 D/dalvikvm(32313): WAIT_FOR_CONCURRENT_GC blocked 9ms
07-11 17:51:27.195 D/MdmService( 3259): [null:-1]->receiver action :com.pekall.mdm.action.MDM_ALARM
07-11 17:51:27.203 D/MdmService( 3259): [null:-1]->keepAliveWithPushServer client is opened:true
07-11 17:51:27.203 D/MDM :   ( 3259): [null:-1]->ping!!!!!!!!!
07-11 17:51:27.211 D/MdmService( 3259): [null:-1]->pushUrl : ws://192.168.10.91:9070/websocket
07-11 17:51:27.211 D/MDM :   ( 3259): [null:-1]->mMdmPushClient is :not null
07-11 17:51:27.211 D/MDM :   ( 3259): [null:-1]->mMdmPushClient opened : opened
07-11 17:51:27.219 D/MDM :   ( 3259): [null:-1]->MSG_WEBSOCKET_PONG
07-11 17:51:47.258 D/AlarmManagerService(  374): Kernel timezone updated to -480 minutes west of GMT
07-11 17:52:01.586 W/MountService(  374): getVolumeState(/storage/emulated/0/external_sd): Unknown volume
07-11 17:52:01.586 W/MountService(  374): getVolumeState(/mnt/sdcard-ext): Unknown volume
07-11 17:52:01.586 W/MountService(  374): getVolumeState(/mnt/ext_sdcard): Unknown volume
07-11 17:52:01.586 W/MountService(  374): getVolumeState(/mnt/sdcard2): Unknown volume
07-11 17:52:01.586 W/MountService(  374): getVolumeState(/mnt/emmc): Unknown volume
07-11 17:52:01.586 W/MountService(  374): getVolumeState(/mnt/extSdCard): Unknown volume
07-11 17:52:01.594 W/MountService(  374): getVolumeState(/mnt/sdcard/SD_CARD): Unknown volume
07-11 17:52:01.594 W/MountService(  374): getVolumeState(/mnt/sdcard/extra_sd): Unknown volume
07-11 17:52:01.594 W/MountService(  374): getVolumeState(/mnt/extrasd_bind): Unknown volume
07-11 17:52:01.594 W/MountService(  374): getVolumeState(/mnt/sdcard/ext_sd): Unknown volume
07-11 17:52:01.594 W/MountService(  374): getVolumeState(/storage/extSdCard): Unknown volume
07-11 17:52:01.594 W/MountService(  374): getVolumeState(/storage/sdcard1): Unknown volume
07-11 17:52:01.594 W/MountService(  374): getVolumeState(/mnt/sdcard/external_SD): Unknown volume
07-11 17:52:01.601 W/MountService(  374): getVolumeState(/mnt/sdcard/external_sd): Unknown volume
07-11 17:52:01.679 D/dalvikvm(32313): GC_CONCURRENT freed 331K, 7% free 9560K/10176K, paused 3ms+4ms, total 28ms
07-11 17:52:01.812 W/MountService(  374): getVolumeState(/storage/emulated/0/external_sd): Unknown volume
07-11 17:52:01.812 W/MountService(  374): getVolumeState(/mnt/sdcard-ext): Unknown volume
07-11 17:52:01.812 W/MountService(  374): getVolumeState(/mnt/ext_sdcard): Unknown volume
07-11 17:52:01.812 W/MountService(  374): getVolumeState(/mnt/sdcard2): Unknown volume
07-11 17:52:01.812 W/MountService(  374): getVolumeState(/mnt/emmc): Unknown volume
07-11 17:52:01.812 W/MountService(  374): getVolumeState(/mnt/extSdCard): Unknown volume
07-11 17:52:01.812 W/MountService(  374): getVolumeState(/mnt/sdcard/SD_CARD): Unknown volume
07-11 17:52:01.812 W/MountService(  374): getVolumeState(/mnt/sdcard/extra_sd): Unknown volume
07-11 17:52:01.820 W/MountService(  374): getVolumeState(/mnt/extrasd_bind): Unknown volume
07-11 17:52:01.820 W/MountService(  374): getVolumeState(/mnt/sdcard/ext_sd): Unknown volume
07-11 17:52:01.820 W/MountService(  374): getVolumeState(/storage/extSdCard): Unknown volume
07-11 17:52:01.820 W/MountService(  374): getVolumeState(/storage/sdcard1): Unknown volume
07-11 17:52:01.820 W/MountService(  374): getVolumeState(/mnt/sdcard/external_SD): Unknown volume
07-11 17:52:01.820 W/MountService(  374): getVolumeState(/mnt/sdcard/external_sd): Unknown volume
07-11 17:52:01.859 D/dalvikvm(32313): GC_CONCURRENT freed 601K, 8% free 9435K/10176K, paused 4ms+3ms, total 29ms
07-11 17:52:04.390 W/SystemClock(  374): time going backwards: prev 116100062499672(ioctl) vs now 116100062408120(ioctl), tid=426
07-11 17:52:04.406 D/dalvikvm(10635): GC_FOR_ALLOC freed 229K, 7% free 9133K/9732K, paused 31ms, total 31ms
07-11 17:52:04.422 W/CallerInfoCache(  577): Previous cache task is remaining.
07-11 17:52:04.461 D/dalvikvm(10635): GC_FOR_ALLOC freed 228K, 7% free 9132K/9732K, paused 17ms, total 17ms
07-11 17:52:04.609 D/dalvikvm(  374): GC_EXPLICIT freed 1257K, 28% free 23298K/31932K, paused 4ms+12ms, total 118ms
07-11 17:52:04.875 W/dashclock_WeatherExten(10635): Stale or missing last-known location; requesting single coarse location update.
07-11 17:52:04.883 I/ActivityManager(  374): Start proc com.android.providers.calendar for content provider com.android.providers.calendar/.CalendarProvider2: pid=13951 uid=10007 gids={50007, 3003, 1015, 1028}
07-11 17:52:04.914 I/ActivityManager(  374): No longer want com.google.android.talk (pid 9842): empty for 1800s
07-11 17:52:06.015 I/CalendarProvider2(13951): Sending notification intent: Intent { act=android.intent.action.PROVIDER_CHANGED dat=content://com.android.calendar }
07-11 17:52:06.015 W/ContentResolver(13951): Failed to get type for: content://com.android.calendar (Unknown URL content://com.android.calendar)
07-11 17:52:06.039 I/ActivityManager(  374): Start proc com.google.android.calendar for broadcast com.google.android.calendar/com.android.calendar.alerts.AlertReceiver: pid=13965 uid=10006 gids={50006, 3003, 1028}
07-11 17:52:06.140 D/AlertReceiver(13965): onReceive: a=android.intent.action.PROVIDER_CHANGED Intent { act=android.intent.action.PROVIDER_CHANGED dat=content://com.android.calendar flg=0x10 cmp=com.google.android.calendar/com.android.calendar.alerts.AlertReceiver }
07-11 17:52:06.156 D/AlertService(13965): 0 Action = android.intent.action.PROVIDER_CHANGED
07-11 17:52:07.765 D/dalvikvm(10562): GC_CONCURRENT freed 323K, 8% free 9484K/10232K, paused 8ms+12ms, total 77ms
07-11 17:52:07.789 D/dalvikvm(  565): GC_CONCURRENT freed 503K, 7% free 10445K/11180K, paused 13ms+34ms, total 89ms
07-11 17:52:09.945 D/dalvikvm(  577): GC_CONCURRENT freed 689K, 7% free 11549K/12364K, paused 5ms+5ms, total 40ms
07-11 17:52:11.164 D/AlertService(13965): Beginning updateAlertNotification
07-11 17:52:11.179 D/AlertService(13965): No fired or scheduled alerts
07-11 17:52:11.195 D/AlertService(13965): Scheduling next alarm with AlarmScheduler. sEventReminderReceived: null
07-11 17:52:11.211 D/AlarmScheduler(13965): No events found starting within 1 week.
07-11 17:52:21.625 D/AlarmManagerService(  374): Kernel timezone updated to -480 minutes west of GMT
07-11 17:52:23.828 D/AlarmManagerService(  374): Kernel timezone updated to -480 minutes west of GMT
07-11 17:52:26.328 E/GlsClient-query(  565): requestFailed
07-11 17:52:26.328 E/GlsClient-query(  565): com.google.gmm.common.async.WatchdogException
07-11 17:52:26.328 E/GlsClient-query(  565): 	at com.google.gmm.common.async.AsyncHttpRequestFactory$AsyncHttpRequestImpl.watchdogFired(Unknown Source)
07-11 17:52:26.328 E/GlsClient-query(  565): 	at com.google.gmm.common.async.AsyncHttpRequestFactory$WatchdogTask.run(Unknown Source)
07-11 17:52:26.328 E/GlsClient-query(  565): 	at com.google.gmm.common.task.AbstractTask.runInternal(Unknown Source)
07-11 17:52:26.328 E/GlsClient-query(  565): 	at com.google.gmm.common.task.TimerTask.runInternal(Unknown Source)
07-11 17:52:26.328 E/GlsClient-query(  565): 	at com.google.gmm.common.task.TaskRunner.run(Unknown Source)
07-11 17:52:26.328 E/GlsClient-query(  565): 	at com.google.gmm.common.lang.BaseThreadFactory$ThreadImpl.run(Unknown Source)
07-11 17:52:26.437 D/dalvikvm(  565): GC_CONCURRENT freed 559K, 7% free 10417K/11180K, paused 3ms+4ms, total 42ms
07-11 17:52:26.437 D/dalvikvm(  565): WAIT_FOR_CONCURRENT_GC blocked 18ms
07-11 17:53:01.726 W/MountService(  374): getVolumeState(/storage/emulated/0/external_sd): Unknown volume
07-11 17:53:01.726 W/MountService(  374): getVolumeState(/mnt/sdcard-ext): Unknown volume
07-11 17:53:01.726 W/MountService(  374): getVolumeState(/mnt/ext_sdcard): Unknown volume
07-11 17:53:01.726 W/MountService(  374): getVolumeState(/mnt/sdcard2): Unknown volume
07-11 17:53:01.726 W/MountService(  374): getVolumeState(/mnt/emmc): Unknown volume
07-11 17:53:01.726 W/MountService(  374): getVolumeState(/mnt/extSdCard): Unknown volume
07-11 17:53:01.726 W/MountService(  374): getVolumeState(/mnt/sdcard/SD_CARD): Unknown volume
07-11 17:53:01.734 W/MountService(  374): getVolumeState(/mnt/sdcard/extra_sd): Unknown volume
07-11 17:53:01.734 W/MountService(  374): getVolumeState(/mnt/extrasd_bind): Unknown volume
07-11 17:53:01.734 W/MountService(  374): getVolumeState(/mnt/sdcard/ext_sd): Unknown volume
07-11 17:53:01.734 W/MountService(  374): getVolumeState(/storage/extSdCard): Unknown volume
07-11 17:53:01.734 W/MountService(  374): getVolumeState(/storage/sdcard1): Unknown volume
07-11 17:53:01.734 W/MountService(  374): getVolumeState(/mnt/sdcard/external_SD): Unknown volume
07-11 17:53:01.734 W/MountService(  374): getVolumeState(/mnt/sdcard/external_sd): Unknown volume
07-11 17:53:01.781 D/dalvikvm(32313): GC_CONCURRENT freed 436K, 8% free 9434K/10176K, paused 4ms+3ms, total 30ms
07-11 17:53:01.953 W/MountService(  374): getVolumeState(/storage/emulated/0/external_sd): Unknown volume
07-11 17:53:01.953 W/MountService(  374): getVolumeState(/mnt/sdcard-ext): Unknown volume
07-11 17:53:01.953 W/MountService(  374): getVolumeState(/mnt/ext_sdcard): Unknown volume
07-11 17:53:01.953 W/MountService(  374): getVolumeState(/mnt/sdcard2): Unknown volume
07-11 17:53:01.953 W/MountService(  374): getVolumeState(/mnt/emmc): Unknown volume
07-11 17:53:01.953 W/MountService(  374): getVolumeState(/mnt/extSdCard): Unknown volume
07-11 17:53:01.961 W/MountService(  374): getVolumeState(/mnt/sdcard/SD_CARD): Unknown volume
07-11 17:53:01.961 W/MountService(  374): getVolumeState(/mnt/sdcard/extra_sd): Unknown volume
07-11 17:53:01.961 W/MountService(  374): getVolumeState(/mnt/extrasd_bind): Unknown volume
07-11 17:53:01.961 W/MountService(  374): getVolumeState(/mnt/sdcard/ext_sd): Unknown volume
07-11 17:53:01.961 W/MountService(  374): getVolumeState(/storage/extSdCard): Unknown volume
07-11 17:53:01.961 W/MountService(  374): getVolumeState(/storage/sdcard1): Unknown volume
07-11 17:53:01.961 W/MountService(  374): getVolumeState(/mnt/sdcard/external_SD): Unknown volume
07-11 17:53:01.969 W/MountService(  374): getVolumeState(/mnt/sdcard/external_sd): Unknown volume
07-11 17:53:01.976 D/dalvikvm(32313): GC_CONCURRENT freed 498K, 8% free 9441K/10176K, paused 5ms+2ms, total 36ms
07-11 17:53:01.976 D/dalvikvm(32313): WAIT_FOR_CONCURRENT_GC blocked 10ms
07-11 17:53:01.984 D/dalvikvm(32313): WAIT_FOR_CONCURRENT_GC blocked 14ms
07-11 17:53:15.148 D/dalvikvm(32313): GC_CONCURRENT freed 461K, 8% free 9389K/10176K, paused 5ms+3ms, total 32ms
07-11 17:53:15.148 D/dalvikvm(32313): WAIT_FOR_CONCURRENT_GC blocked 11ms
07-11 17:53:24.094 D/dalvikvm(12193): GC_CONCURRENT freed 424K, 12% free 9511K/10796K, paused 4ms+2ms, total 36ms
07-11 17:53:24.109 W/BackupManagerService(  374): dataChanged but no participant pkg='com.android.providers.settings' uid=10079
07-11 17:53:24.148 W/BackupManagerService(  374): dataChanged but no participant pkg='com.android.providers.settings' uid=10079
07-11 17:53:33.867 I/EventLogService(  647): Aggregate from 1405070613765 (log), 1405070613765 (data)
07-11 17:53:33.914 I/ServiceDumpSys(  647): dumping service [account]
07-11 17:54:01.734 W/MountService(  374): getVolumeState(/storage/emulated/0/external_sd): Unknown volume
07-11 17:54:01.734 W/MountService(  374): getVolumeState(/mnt/sdcard-ext): Unknown volume
07-11 17:54:01.742 W/MountService(  374): getVolumeState(/mnt/ext_sdcard): Unknown volume
07-11 17:54:01.742 W/MountService(  374): getVolumeState(/mnt/sdcard2): Unknown volume
07-11 17:54:01.742 W/MountService(  374): getVolumeState(/mnt/emmc): Unknown volume
07-11 17:54:01.742 W/MountService(  374): getVolumeState(/mnt/extSdCard): Unknown volume
07-11 17:54:01.742 W/MountService(  374): getVolumeState(/mnt/sdcard/SD_CARD): Unknown volume
07-11 17:54:01.742 W/MountService(  374): getVolumeState(/mnt/sdcard/extra_sd): Unknown volume
07-11 17:54:01.750 W/MountService(  374): getVolumeState(/mnt/extrasd_bind): Unknown volume
07-11 17:54:01.750 W/MountService(  374): getVolumeState(/mnt/sdcard/ext_sd): Unknown volume
07-11 17:54:01.750 W/MountService(  374): getVolumeState(/storage/extSdCard): Unknown volume
07-11 17:54:01.750 W/MountService(  374): getVolumeState(/storage/sdcard1): Unknown volume
07-11 17:54:01.750 W/MountService(  374): getVolumeState(/mnt/sdcard/external_SD): Unknown volume
07-11 17:54:01.750 W/MountService(  374): getVolumeState(/mnt/sdcard/external_sd): Unknown volume
07-11 17:54:01.836 D/dalvikvm(32313): GC_CONCURRENT freed 307K, 7% free 9560K/10176K, paused 2ms+3ms, total 28ms
07-11 17:54:01.945 D/PushService(13555): [null:-1]->receiver action :com.pekall.mdm.action.PUSH_ALARM
07-11 17:54:01.969 D/PushService(13555): [null:-1]->keepAliveWithPushServer  client is null 
07-11 17:54:01.969 D/PushLib : (13555): [null:-1]->pushClient is :null
07-11 17:54:01.969 D/PushLib : (13555): [null:-1]->pushClient opened :not opened
07-11 17:54:01.976 D/PushLib : (13555): [null:-1]->pushClient connect:ws://192.168.10.35:9090/websocket
07-11 17:54:01.984 D/dalvikvm(10472): GC_EXPLICIT freed 246K, 4% free 9191K/9476K, paused 2ms+6ms, total 34ms
07-11 17:54:02.015 D/PushLib : (13555): [null:-1]->MSG_WEBSOCKET_OPEN
07-11 17:54:02.031 W/MountService(  374): getVolumeState(/storage/emulated/0/external_sd): Unknown volume
07-11 17:54:02.031 W/MountService(  374): getVolumeState(/mnt/sdcard-ext): Unknown volume
07-11 17:54:02.031 W/MountService(  374): getVolumeState(/mnt/ext_sdcard): Unknown volume
07-11 17:54:02.039 W/MountService(  374): getVolumeState(/mnt/sdcard2): Unknown volume
07-11 17:54:02.039 W/MountService(  374): getVolumeState(/mnt/emmc): Unknown volume
07-11 17:54:02.039 W/MountService(  374): getVolumeState(/mnt/extSdCard): Unknown volume
07-11 17:54:02.047 W/MountService(  374): getVolumeState(/mnt/sdcard/SD_CARD): Unknown volume
07-11 17:54:02.047 W/MountService(  374): getVolumeState(/mnt/sdcard/extra_sd): Unknown volume
07-11 17:54:02.047 W/MountService(  374): getVolumeState(/mnt/extrasd_bind): Unknown volume
07-11 17:54:02.047 W/MountService(  374): getVolumeState(/mnt/sdcard/ext_sd): Unknown volume
07-11 17:54:02.047 W/MountService(  374): getVolumeState(/storage/extSdCard): Unknown volume
07-11 17:54:02.047 W/MountService(  374): getVolumeState(/storage/sdcard1): Unknown volume
07-11 17:54:02.054 W/MountService(  374): getVolumeState(/mnt/sdcard/external_SD): Unknown volume
07-11 17:54:02.054 W/MountService(  374): getVolumeState(/mnt/sdcard/external_sd): Unknown volume
07-11 17:54:02.070 D/dalvikvm(32313): GC_CONCURRENT freed 635K, 8% free 9432K/10176K, paused 4ms+4ms, total 44ms
07-11 17:54:02.070 D/dalvikvm(32313): WAIT_FOR_CONCURRENT_GC blocked 14ms
07-11 17:54:02.148 D/dalvikvm(13555): GC_CONCURRENT freed 296K, 4% free 9234K/9568K, paused 5ms+2ms, total 26ms
07-11 17:54:02.172 D/JOBS    (13555): added job id: -2147483647 class: PushMessageJob priority: 0 delay: 0 group : fetch-push persistent: false requires network: true
07-11 17:54:02.179 D/JOBS    (13555): pool-4-thread-1: load factor check. true = (0 < 1)|| (0 * 3 < 1 + 0). consumer thread: false
07-11 17:54:02.179 D/JOBS    (13555): adding another consumer
07-11 17:54:02.179 D/JOBS    (13555): starting consumer Thread-4150
07-11 17:54:02.179 D/JOBS    (13555): running job PushMessageJob
07-11 17:54:02.586 D/PushLib : (13555): [null:-1]->MSG_WEBSOCKET_MESSAGE : {"id":2,"type":1,"command":0,"result":0,"reason":0}
07-11 17:54:02.601 D/PushService(13555): [null:-1]->push message type :1
07-11 17:54:02.609 D/JOBS    (13555): finished job PushMessageJob
07-11 17:54:02.625 D/dalvikvm(13555): GC_CONCURRENT freed 334K, 4% free 9290K/9660K, paused 3ms+3ms, total 25ms
07-11 17:54:24.820 D/dalvikvm( 4918): GC_CONCURRENT freed 387K, 5% free 9870K/10316K, paused 5ms+2ms, total 36ms
07-11 17:54:27.195 D/MdmService( 3259): [null:-1]->receiver action :com.pekall.mdm.action.MDM_ALARM
07-11 17:54:33.890 D/dalvikvm(  374): GC_EXPLICIT freed 933K, 27% free 23324K/31932K, paused 8ms+10ms, total 123ms
07-11 17:54:52.000 W/System.err( 5790): java.io.FileNotFoundException: /data/data/com.mgyapp.android/files/.cfpaps.i: open failed: ENOENT (No such file or directory)
07-11 17:54:52.000 W/System.err( 5790): 	at libcore.io.IoBridge.open(IoBridge.java:409)
07-11 17:54:52.000 W/System.err( 5790): 	at java.io.FileInputStream.<init>(FileInputStream.java:78)
07-11 17:54:52.000 W/System.err( 5790): 	at android.app.ContextImpl.openFileInput(ContextImpl.java:702)
07-11 17:54:52.008 W/System.err( 5790): 	at android.content.ContextWrapper.openFileInput(ContextWrapper.java:173)
07-11 17:54:52.008 W/System.err( 5790): 	at com.mgyun.shua.jc.service.f.run(Unknown Source)
07-11 17:54:52.008 W/System.err( 5790): 	at com.mgyun.shua.jc.service.CpWorkServer.onHandleIntent(Unknown Source)
07-11 17:54:52.008 W/System.err( 5790): 	at android.app.IntentService$ServiceHandler.handleMessage(IntentService.java:65)
07-11 17:54:52.008 W/System.err( 5790): 	at android.os.Handler.dispatchMessage(Handler.java:99)
07-11 17:54:52.008 W/System.err( 5790): 	at android.os.Looper.loop(Looper.java:137)
07-11 17:54:52.008 W/System.err( 5790): 	at android.os.HandlerThread.run(HandlerThread.java:61)
07-11 17:54:52.008 W/System.err( 5790): Caused by: libcore.io.ErrnoException: open failed: ENOENT (No such file or directory)
07-11 17:54:52.008 W/System.err( 5790): 	at libcore.io.Posix.open(Native Method)
07-11 17:54:52.008 W/System.err( 5790): 	at libcore.io.BlockGuardOs.open(BlockGuardOs.java:110)
07-11 17:54:52.008 W/System.err( 5790): 	at libcore.io.IoBridge.open(IoBridge.java:393)
07-11 17:54:52.008 W/System.err( 5790): 	... 9 more
07-11 17:55:01.758 W/MountService(  374): getVolumeState(/storage/emulated/0/external_sd): Unknown volume
07-11 17:55:01.758 W/MountService(  374): getVolumeState(/mnt/sdcard-ext): Unknown volume
07-11 17:55:01.758 W/MountService(  374): getVolumeState(/mnt/ext_sdcard): Unknown volume
07-11 17:55:01.758 W/MountService(  374): getVolumeState(/mnt/sdcard2): Unknown volume
07-11 17:55:01.758 W/MountService(  374): getVolumeState(/mnt/emmc): Unknown volume
07-11 17:55:01.758 W/MountService(  374): getVolumeState(/mnt/extSdCard): Unknown volume
07-11 17:55:01.758 W/MountService(  374): getVolumeState(/mnt/sdcard/SD_CARD): Unknown volume
07-11 17:55:01.765 W/MountService(  374): getVolumeState(/mnt/sdcard/extra_sd): Unknown volume
07-11 17:55:01.765 W/MountService(  374): getVolumeState(/mnt/extrasd_bind): Unknown volume
07-11 17:55:01.765 W/MountService(  374): getVolumeState(/mnt/sdcard/ext_sd): Unknown volume
07-11 17:55:01.765 W/MountService(  374): getVolumeState(/storage/extSdCard): Unknown volume
07-11 17:55:01.765 W/MountService(  374): getVolumeState(/storage/sdcard1): Unknown volume
07-11 17:55:01.765 W/MountService(  374): getVolumeState(/mnt/sdcard/external_SD): Unknown volume
07-11 17:55:01.765 W/MountService(  374): getVolumeState(/mnt/sdcard/external_sd): Unknown volume
07-11 17:55:01.836 D/dalvikvm(32313): GC_CONCURRENT freed 452K, 7% free 9491K/10176K, paused 2ms+3ms, total 36ms
07-11 17:55:01.836 D/dalvikvm(32313): WAIT_FOR_CONCURRENT_GC blocked 14ms
07-11 17:55:01.844 D/dalvikvm(32313): WAIT_FOR_CONCURRENT_GC blocked 13ms
07-11 17:55:02.015 W/MountService(  374): getVolumeState(/storage/emulated/0/external_sd): Unknown volume
07-11 17:55:02.015 W/MountService(  374): getVolumeState(/mnt/sdcard-ext): Unknown volume
07-11 17:55:02.015 W/MountService(  374): getVolumeState(/mnt/ext_sdcard): Unknown volume
07-11 17:55:02.023 W/MountService(  374): getVolumeState(/mnt/sdcard2): Unknown volume
07-11 17:55:02.023 W/MountService(  374): getVolumeState(/mnt/emmc): Unknown volume
07-11 17:55:02.023 W/MountService(  374): getVolumeState(/mnt/extSdCard): Unknown volume
07-11 17:55:02.023 W/MountService(  374): getVolumeState(/mnt/sdcard/SD_CARD): Unknown volume
07-11 17:55:02.023 W/MountService(  374): getVolumeState(/mnt/sdcard/extra_sd): Unknown volume
07-11 17:55:02.023 W/MountService(  374): getVolumeState(/mnt/extrasd_bind): Unknown volume
07-11 17:55:02.031 W/MountService(  374): getVolumeState(/mnt/sdcard/ext_sd): Unknown volume
07-11 17:55:02.031 W/MountService(  374): getVolumeState(/storage/extSdCard): Unknown volume
07-11 17:55:02.031 W/MountService(  374): getVolumeState(/storage/sdcard1): Unknown volume
07-11 17:55:02.031 W/MountService(  374): getVolumeState(/mnt/sdcard/external_SD): Unknown volume
07-11 17:55:02.031 W/MountService(  374): getVolumeState(/mnt/sdcard/external_sd): Unknown volume
07-11 17:55:02.039 D/dalvikvm(32313): GC_CONCURRENT freed 530K, 8% free 9459K/10176K, paused 2ms+4ms, total 34ms
07-11 17:55:02.039 D/dalvikvm(32313): WAIT_FOR_CONCURRENT_GC blocked 3ms
07-11 17:56:01.758 W/MountService(  374): getVolumeState(/storage/emulated/0/external_sd): Unknown volume
07-11 17:56:01.758 W/MountService(  374): getVolumeState(/mnt/sdcard-ext): Unknown volume
07-11 17:56:01.758 W/MountService(  374): getVolumeState(/mnt/ext_sdcard): Unknown volume
07-11 17:56:01.758 W/MountService(  374): getVolumeState(/mnt/sdcard2): Unknown volume
07-11 17:56:01.758 W/MountService(  374): getVolumeState(/mnt/emmc): Unknown volume
07-11 17:56:01.758 W/MountService(  374): getVolumeState(/mnt/extSdCard): Unknown volume
07-11 17:56:01.758 W/MountService(  374): getVolumeState(/mnt/sdcard/SD_CARD): Unknown volume
07-11 17:56:01.758 W/MountService(  374): getVolumeState(/mnt/sdcard/extra_sd): Unknown volume
07-11 17:56:01.765 W/MountService(  374): getVolumeState(/mnt/extrasd_bind): Unknown volume
07-11 17:56:01.765 W/MountService(  374): getVolumeState(/mnt/sdcard/ext_sd): Unknown volume
07-11 17:56:01.765 W/MountService(  374): getVolumeState(/storage/extSdCard): Unknown volume
07-11 17:56:01.765 W/MountService(  374): getVolumeState(/storage/sdcard1): Unknown volume
07-11 17:56:01.765 W/MountService(  374): getVolumeState(/mnt/sdcard/external_SD): Unknown volume
07-11 17:56:01.765 W/MountService(  374): getVolumeState(/mnt/sdcard/external_sd): Unknown volume
07-11 17:56:01.781 D/dalvikvm(32313): GC_CONCURRENT freed 421K, 7% free 9473K/10176K, paused 5ms+3ms, total 36ms
07-11 17:56:01.781 D/dalvikvm(32313): WAIT_FOR_CONCURRENT_GC blocked 8ms
07-11 17:56:01.781 D/dalvikvm(32313): WAIT_FOR_CONCURRENT_GC blocked 9ms
07-11 17:56:01.945 D/dalvikvm(32313): GC_CONCURRENT freed 480K, 8% free 9424K/10176K, paused 3ms+3ms, total 42ms
07-11 17:56:02.015 W/MountService(  374): getVolumeState(/storage/emulated/0/external_sd): Unknown volume
07-11 17:56:02.015 W/MountService(  374): getVolumeState(/mnt/sdcard-ext): Unknown volume
07-11 17:56:02.015 W/MountService(  374): getVolumeState(/mnt/ext_sdcard): Unknown volume
07-11 17:56:02.015 W/MountService(  374): getVolumeState(/mnt/sdcard2): Unknown volume
07-11 17:56:02.015 W/MountService(  374): getVolumeState(/mnt/emmc): Unknown volume
07-11 17:56:02.015 W/MountService(  374): getVolumeState(/mnt/extSdCard): Unknown volume
07-11 17:56:02.015 W/MountService(  374): getVolumeState(/mnt/sdcard/SD_CARD): Unknown volume
07-11 17:56:02.015 W/MountService(  374): getVolumeState(/mnt/sdcard/extra_sd): Unknown volume
07-11 17:56:02.015 W/MountService(  374): getVolumeState(/mnt/extrasd_bind): Unknown volume
