07-11 18:07:02.242 W/MountService(  374): getVolumeState(/mnt/sdcard/external_SD): Unknown volume
07-11 18:07:02.242 W/MountService(  374): getVolumeState(/mnt/sdcard/external_sd): Unknown volume
07-11 18:07:02.258 D/dalvikvm(32313): GC_CONCURRENT freed 584K, 8% free 9457K/10172K, paused 3ms+3ms, total 36ms
07-11 18:07:02.258 D/dalvikvm(32313): WAIT_FOR_CONCURRENT_GC blocked 15ms
07-11 18:07:04.851 W/dashclock_WeatherExten( 1165): Stale or missing last-known location; requesting single coarse location update.
07-11 18:07:05.414 D/dalvikvm( 1165): GC_CONCURRENT freed 460K, 7% free 9275K/9900K, paused 3ms+2ms, total 26ms
07-11 18:07:06.281 W/DiskTemporalCache(  565): IOException while writing LRU cache file: open failed: ENOENT (No such file or directory)
07-11 18:07:06.281 W/DiskTemporalCache(  565): IOException while writing LRU cache file: open failed: ENOENT (No such file or directory)
07-11 18:07:06.320 D/dalvikvm(  565): GC_CONCURRENT freed 513K, 7% free 10436K/11180K, paused 8ms+3ms, total 48ms
07-11 18:07:08.070 D/dalvikvm( 1165): GC_CONCURRENT freed 503K, 7% free 9211K/9900K, paused 5ms+2ms, total 24ms
07-11 18:07:08.734 D/dalvikvm( 1165): GC_CONCURRENT freed 419K, 7% free 9272K/9900K, paused 2ms+11ms, total 28ms
07-11 18:07:24.086 D/dalvikvm(12193): GC_CONCURRENT freed 455K, 12% free 9530K/10796K, paused 5ms+3ms, total 42ms
07-11 18:07:27.867 W/ProcessStats(  374): Skipping unknown process pid 15984
07-11 18:08:01.922 W/MountService(  374): getVolumeState(/storage/emulated/0/external_sd): Unknown volume
07-11 18:08:01.922 W/MountService(  374): getVolumeState(/mnt/sdcard-ext): Unknown volume
07-11 18:08:01.922 W/MountService(  374): getVolumeState(/mnt/ext_sdcard): Unknown volume
07-11 18:08:01.930 W/MountService(  374): getVolumeState(/mnt/sdcard2): Unknown volume
07-11 18:08:01.930 W/MountService(  374): getVolumeState(/mnt/emmc): Unknown volume
07-11 18:08:01.930 W/MountService(  374): getVolumeState(/mnt/extSdCard): Unknown volume
07-11 18:08:01.930 W/MountService(  374): getVolumeState(/mnt/sdcard/SD_CARD): Unknown volume
07-11 18:08:01.930 W/MountService(  374): getVolumeState(/mnt/sdcard/extra_sd): Unknown volume
07-11 18:08:01.930 W/MountService(  374): getVolumeState(/mnt/extrasd_bind): Unknown volume
07-11 18:08:01.937 W/MountService(  374): getVolumeState(/mnt/sdcard/ext_sd): Unknown volume
07-11 18:08:01.937 W/MountService(  374): getVolumeState(/storage/extSdCard): Unknown volume
07-11 18:08:01.937 W/MountService(  374): getVolumeState(/storage/sdcard1): Unknown volume
07-11 18:08:01.937 W/MountService(  374): getVolumeState(/mnt/sdcard/external_SD): Unknown volume
07-11 18:08:01.937 W/MountService(  374): getVolumeState(/mnt/sdcard/external_sd): Unknown volume
07-11 18:08:01.945 D/dalvikvm(32313): GC_CONCURRENT freed 462K, 8% free 9444K/10168K, paused 5ms+3ms, total 44ms
07-11 18:08:01.945 D/dalvikvm(32313): WAIT_FOR_CONCURRENT_GC blocked 21ms
07-11 18:08:02.125 D/dalvikvm(32313): GC_CONCURRENT freed 447K, 8% free 9421K/10168K, paused 3ms+2ms, total 35ms
07-11 18:08:02.226 D/dalvikvm(  374): GC_EXPLICIT freed 1892K, 28% free 23257K/31932K, paused 4ms+10ms, total 118ms
07-11 18:08:02.281 W/MountService(  374): getVolumeState(/storage/emulated/0/external_sd): Unknown volume
07-11 18:08:02.281 W/MountService(  374): getVolumeState(/mnt/sdcard-ext): Unknown volume
07-11 18:08:02.289 W/MountService(  374): getVolumeState(/mnt/ext_sdcard): Unknown volume
07-11 18:08:02.289 W/MountService(  374): getVolumeState(/mnt/sdcard2): Unknown volume
07-11 18:08:02.289 W/MountService(  374): getVolumeState(/mnt/emmc): Unknown volume
07-11 18:08:02.289 W/MountService(  374): getVolumeState(/mnt/extSdCard): Unknown volume
07-11 18:08:02.289 W/MountService(  374): getVolumeState(/mnt/sdcard/SD_CARD): Unknown volume
07-11 18:08:02.289 W/MountService(  374): getVolumeState(/mnt/sdcard/extra_sd): Unknown volume
07-11 18:08:02.289 W/MountService(  374): getVolumeState(/mnt/extrasd_bind): Unknown volume
07-11 18:08:02.289 W/MountService(  374): getVolumeState(/mnt/sdcard/ext_sd): Unknown volume
07-11 18:08:02.289 W/MountService(  374): getVolumeState(/storage/extSdCard): Unknown volume
07-11 18:08:02.297 W/MountService(  374): getVolumeState(/storage/sdcard1): Unknown volume
07-11 18:08:02.297 W/MountService(  374): getVolumeState(/mnt/sdcard/external_SD): Unknown volume
07-11 18:08:02.297 W/MountService(  374): getVolumeState(/mnt/sdcard/external_sd): Unknown volume
07-11 18:08:02.344 D/dalvikvm(32313): GC_CONCURRENT freed 433K, 8% free 9416K/10168K, paused 3ms+2ms, total 25ms
07-11 18:08:02.656 D/JOBS    (13555): Thread-4150: load factor check. true = (0 < 1)|| (0 * 3 < 0 + 0). consumer thread: true
07-11 18:08:02.656 D/JOBS    (13555): didn't allow me to die, re-running Thread-4150
07-11 18:08:02.656 D/JOBS    (13555): re-running consumer Thread-4150
07-11 18:09:01.922 W/MountService(  374): getVolumeState(/storage/emulated/0/external_sd): Unknown volume
07-11 18:09:01.929 W/MountService(  374): getVolumeState(/mnt/sdcard-ext): Unknown volume
07-11 18:09:01.929 W/MountService(  374): getVolumeState(/mnt/ext_sdcard): Unknown volume
07-11 18:09:01.929 W/MountService(  374): getVolumeState(/mnt/sdcard2): Unknown volume
07-11 18:09:01.929 W/MountService(  374): getVolumeState(/mnt/emmc): Unknown volume
07-11 18:09:01.929 W/MountService(  374): getVolumeState(/mnt/extSdCard): Unknown volume
07-11 18:09:01.929 W/MountService(  374): getVolumeState(/mnt/sdcard/SD_CARD): Unknown volume
07-11 18:09:01.929 W/MountService(  374): getVolumeState(/mnt/sdcard/extra_sd): Unknown volume
07-11 18:09:01.929 W/MountService(  374): getVolumeState(/mnt/extrasd_bind): Unknown volume
07-11 18:09:01.929 W/MountService(  374): getVolumeState(/mnt/sdcard/ext_sd): Unknown volume
07-11 18:09:01.929 W/MountService(  374): getVolumeState(/storage/extSdCard): Unknown volume
07-11 18:09:01.929 W/MountService(  374): getVolumeState(/storage/sdcard1): Unknown volume
07-11 18:09:01.937 D/PushService(13555): [null:-1]->receiver action :com.pekall.mdm.action.PUSH_ALARM
07-11 18:09:01.937 W/MountService(  374): getVolumeState(/mnt/sdcard/external_SD): Unknown volume
07-11 18:09:01.937 W/MountService(  374): getVolumeState(/mnt/sdcard/external_sd): Unknown volume
07-11 18:09:01.945 D/PushService(13555): [null:-1]->keepAliveWithPushServer client is opened:true
07-11 18:09:01.945 D/PushLib : (13555): [null:-1]->ping!!!!!!!!!
07-11 18:09:01.945 D/PushLib : (13555): [null:-1]->pushClient is :not null
07-11 18:09:01.945 D/PushLib : (13555): [null:-1]->pushClient opened : opened
07-11 18:09:02.008 D/dalvikvm(32313): GC_CONCURRENT freed 417K, 7% free 9511K/10144K, paused 4ms+4ms, total 33ms
07-11 18:09:02.008 D/dalvikvm(32313): WAIT_FOR_CONCURRENT_GC blocked 1ms
07-11 18:09:02.008 D/dalvikvm(32313): WAIT_FOR_CONCURRENT_GC blocked 13ms
07-11 18:09:02.148 W/MountService(  374): getVolumeState(/storage/emulated/0/external_sd): Unknown volume
07-11 18:09:02.148 W/MountService(  374): getVolumeState(/mnt/sdcard-ext): Unknown volume
07-11 18:09:02.148 W/MountService(  374): getVolumeState(/mnt/ext_sdcard): Unknown volume
07-11 18:09:02.156 W/MountService(  374): getVolumeState(/mnt/sdcard2): Unknown volume
07-11 18:09:02.156 W/MountService(  374): getVolumeState(/mnt/emmc): Unknown volume
07-11 18:09:02.156 W/MountService(  374): getVolumeState(/mnt/extSdCard): Unknown volume
07-11 18:09:02.156 W/MountService(  374): getVolumeState(/mnt/sdcard/SD_CARD): Unknown volume
07-11 18:09:02.156 W/MountService(  374): getVolumeState(/mnt/sdcard/extra_sd): Unknown volume
07-11 18:09:02.156 W/MountService(  374): getVolumeState(/mnt/extrasd_bind): Unknown volume
07-11 18:09:02.164 W/MountService(  374): getVolumeState(/mnt/sdcard/ext_sd): Unknown volume
07-11 18:09:02.164 W/MountService(  374): getVolumeState(/storage/extSdCard): Unknown volume
07-11 18:09:02.164 W/MountService(  374): getVolumeState(/storage/sdcard1): Unknown volume
07-11 18:09:02.164 W/MountService(  374): getVolumeState(/mnt/sdcard/external_SD): Unknown volume
07-11 18:09:02.172 W/MountService(  374): getVolumeState(/mnt/sdcard/external_sd): Unknown volume
07-11 18:09:02.187 D/dalvikvm(32313): GC_CONCURRENT freed 594K, 8% free 9428K/10144K, paused 3ms+3ms, total 30ms
07-11 18:09:02.187 D/dalvikvm(32313): WAIT_FOR_CONCURRENT_GC blocked 9ms
07-11 18:09:02.187 D/dalvikvm(32313): WAIT_FOR_CONCURRENT_GC blocked 12ms
07-11 18:09:06.961 D/PushLib : (13555): [null:-1]->MSG_WEBSOCKET_PONG
07-11 18:09:22.250 I/ActivityManager(  374): No longer want com.mgyapp.android:xg_service_v2 (pid 12193): empty for 1800s
07-11 18:09:22.258 W/ActivityManager(  374): Scheduling restart of crashed service com.mgyapp.android/com.tencent.android.tpush.service.XGPushService in 5000ms
07-11 18:09:27.195 D/MdmService( 3259): [null:-1]->receiver action :com.pekall.mdm.action.MDM_ALARM
07-11 18:09:27.195 I/ActivityManager(  374): No longer want com.qihoo360.mobilesafe.opti.powerctl (pid 12151): empty for 1815s
07-11 18:09:27.203 D/MdmService( 3259): [null:-1]->keepAliveWithPushServer client is opened:true
07-11 18:09:27.203 D/MDM :   ( 3259): [null:-1]->ping!!!!!!!!!
07-11 18:09:27.211 D/MdmService( 3259): [null:-1]->pushUrl : ws://192.168.10.91:9070/websocket
07-11 18:09:27.211 D/MDM :   ( 3259): [null:-1]->mMdmPushClient is :not null
07-11 18:09:27.211 D/MDM :   ( 3259): [null:-1]->mMdmPushClient opened : opened
07-11 18:09:27.219 W/ActivityManager(  374): Scheduling restart of crashed service com.qihoo360.mobilesafe.opti.powerctl/.service.PowerCtlService in 10039ms
07-11 18:09:27.234 D/MDM :   ( 3259): [null:-1]->MSG_WEBSOCKET_PONG
07-11 18:09:27.281 I/ActivityManager(  374): Start proc com.mgyapp.android:xg_service_v2 for service com.mgyapp.android/com.tencent.android.tpush.service.XGPushService: pid=16226 uid=10079 gids={50079, 3003, 1015, 1028, 3002, 1006}
07-11 18:09:27.304 D/dalvikvm(  125): GC_EXPLICIT freed 41K, 1% free 8921K/9000K, paused 3ms+3ms, total 36ms
07-11 18:09:27.336 D/dalvikvm(  125): GC_EXPLICIT freed <1K, 1% free 8921K/9000K, paused 2ms+4ms, total 26ms
07-11 18:09:27.359 D/dalvikvm(  125): GC_EXPLICIT freed <1K, 1% free 8921K/9000K, paused 2ms+3ms, total 27ms
07-11 18:09:27.390 D/dalvikvm(16226): Trying to load lib /data/app-lib/com.mgyapp.android-1/libtpnsSecurity.so 0x42084c80
07-11 18:09:27.398 D/dalvikvm(16226): Added shared lib /data/app-lib/com.mgyapp.android-1/libtpnsSecurity.so 0x42084c80
07-11 18:09:27.398 I/TpnsSecurity(16226): JNI_OnLoad
07-11 18:09:27.492 D/dalvikvm(16226): GC_CONCURRENT freed 240K, 3% free 9223K/9452K, paused 3ms+2ms, total 36ms
07-11 18:09:27.539 D/dalvikvm(16226): GC_CONCURRENT freed 239K, 4% free 9388K/9692K, paused 3ms+2ms, total 22ms
07-11 18:09:27.539 D/dalvikvm(16226): WAIT_FOR_CONCURRENT_GC blocked 19ms
07-11 18:09:27.562 D/dalvikvm(16226): GC_FOR_ALLOC freed 245K, 5% free 9477K/9916K, paused 17ms, total 18ms
07-11 18:09:27.586 D/dalvikvm(16226): GC_FOR_ALLOC freed 179K, 5% free 9493K/9916K, paused 18ms, total 18ms
07-11 18:09:27.640 D/dalvikvm(16226): GC_CONCURRENT freed 244K, 3% free 9715K/9996K, paused 1ms+3ms, total 22ms
07-11 18:09:27.742 D/dalvikvm(16226): GC_CONCURRENT freed 105K, 2% free 10081K/10224K, paused 2ms+3ms, total 25ms
07-11 18:09:27.742 D/dalvikvm(16226): WAIT_FOR_CONCURRENT_GC blocked 8ms
07-11 18:09:27.836 D/dalvikvm(16226): GC_CONCURRENT freed 273K, 3% free 10294K/10604K, paused 2ms+3ms, total 28ms
07-11 18:09:27.906 I/XGService(16226): checkNativeMethod passed.
07-11 18:09:28.015 D/dalvikvm(16226): GC_CONCURRENT freed 498K, 5% free 10311K/10844K, paused 4ms+25ms, total 51ms
07-11 18:09:28.015 D/dalvikvm(16226): WAIT_FOR_CONCURRENT_GC blocked 3ms
07-11 18:09:28.070 I/TPush   (16226): >>> Setting info from com.mgyapp.android. ver:2.21,pri:0
07-11 18:09:28.140 D/dalvikvm(16226): GC_CONCURRENT freed 1648K, 16% free 9139K/10844K, paused 3ms+4ms, total 47ms
07-11 18:09:28.156 W/BackupManagerService(  374): dataChanged but no participant pkg='com.android.providers.settings' uid=10079
07-11 18:09:28.304 D/dalvikvm(16226): GC_CONCURRENT freed 428K, 15% free 9230K/10844K, paused 3ms+4ms, total 32ms
07-11 18:09:28.445 D/dalvikvm(16226): GC_CONCURRENT freed 328K, 14% free 9414K/10844K, paused 3ms+2ms, total 26ms
07-11 18:09:28.445 D/dalvikvm(16226): WAIT_FOR_CONCURRENT_GC blocked 16ms
07-11 18:09:28.445 D/dalvikvm(16226): WAIT_FOR_CONCURRENT_GC blocked 16ms
07-11 18:09:28.672 W/BackupManagerService(  374): dataChanged but no participant pkg='com.android.providers.settings' uid=10079
07-11 18:09:28.719 W/BackupManagerService(  374): dataChanged but no participant pkg='com.android.providers.settings' uid=10079
07-11 18:09:28.773 D/dalvikvm(16226): GC_CONCURRENT freed 482K, 14% free 9381K/10844K, paused 4ms+3ms, total 31ms
07-11 18:09:28.828 W/BackupManagerService(  374): dataChanged but no participant pkg='com.android.providers.settings' uid=10079
07-11 18:09:28.929 D/dalvikvm(16226): GC_CONCURRENT freed 343K, 13% free 9502K/10844K, paused 4ms+5ms, total 40ms
07-11 18:09:37.281 I/ActivityManager(  374): Start proc com.qihoo360.mobilesafe.opti.powerctl for service com.qihoo360.mobilesafe.opti.powerctl/.service.PowerCtlService: pid=16277 uid=10080 gids={50080, 3002, 3001, 3003, 1015, 1028}
07-11 18:09:37.297 I/dalvikvm(16277): Turning on JNI app bug workarounds for target SDK version 7...
07-11 18:09:37.312 I/ActivityManager(  374): No longer want com.dragon.android.pandaspace:bdservice_v1 (pid 12260): empty for 1805s
07-11 18:09:37.312 I/ActivityManager(  374): No longer want com.dragon.android.pandaspace (pid 4565): empty for 3622s
07-11 18:09:37.320 W/ActivityManager(  374): Scheduling restart of crashed service com.dragon.android.pandaspace/com.baidu.android.moplus.MoPlusService in 5000ms
07-11 18:09:37.336 W/ActivityManager(  374): Scheduling restart of crashed service com.dragon.android.pandaspace/com.dragon.pandaspace.download.flow.DownloadTaskService in 14985ms
07-11 18:09:37.336 W/ActivityManager(  374): Scheduling restart of crashed service com.dragon.android.pandaspace/.receiver.UpdateAndMessageService in 24985ms
07-11 18:09:37.351 D/dalvikvm(16277): Trying to load lib /data/data/com.qihoo360.mobilesafe.opti.powerctl/lib/libnativeutil.so 0x4207b840
07-11 18:09:37.359 D/dalvikvm(16277): Added shared lib /data/data/com.qihoo360.mobilesafe.opti.powerctl/lib/libnativeutil.so 0x4207b840
07-11 18:09:37.359 D/dalvikvm(16277): Trying to load lib /data/data/com.qihoo360.mobilesafe.opti.powerctl/lib/libsecurity.so 0x4207b840
07-11 18:09:37.359 D/dalvikvm(16277): Added shared lib /data/data/com.qihoo360.mobilesafe.opti.powerctl/lib/libsecurity.so 0x4207b840
07-11 18:09:37.359 D/dalvikvm(16277): No JNI_OnLoad found in /data/data/com.qihoo360.mobilesafe.opti.powerctl/lib/libsecurity.so 0x4207b840, skipping init
07-11 18:09:37.492 D/dalvikvm(16277): GC_CONCURRENT freed 345K, 5% free 9078K/9464K, paused 4ms+7ms, total 33ms
07-11 18:09:37.492 D/dalvikvm(16277): WAIT_FOR_CONCURRENT_GC blocked 10ms
07-11 18:09:37.554 D/dalvikvm(16277): GC_CONCURRENT freed 144K, 3% free 9386K/9612K, paused 3ms+2ms, total 20ms
07-11 18:09:37.601 W/Settings(16277): Setting mobile_data has moved from android.provider.Settings.Secure to android.provider.Settings.Global, returning global URI.
07-11 18:09:37.601 W/Settings(16277): Setting location_providers_allowed has moved from android.provider.Settings.System to android.provider.Settings.Secure, returning Secure URI.
07-11 18:09:37.617 W/Settings(16277): Setting airplane_mode_on has moved from android.provider.Settings.System to android.provider.Settings.Global, returning read-only value.
07-11 18:09:37.617 W/Settings(16277): Setting mobile_data has moved from android.provider.Settings.Secure to android.provider.Settings.Global.
07-11 18:09:37.625 D/BluetoothManagerService(  374): Message: 20
07-11 18:09:37.633 D/BluetoothAdapter(16277): 1108029160: getState() :  mService = null. Returning STATE_OFF
07-11 18:09:37.640 D/BluetoothManagerService(  374): Added callback: android.bluetooth.IBluetoothManagerCallback$Stub$Proxy@427a7b68:true
07-11 18:09:37.640 W/Settings(16277): Setting airplane_mode_on has moved from android.provider.Settings.System to android.provider.Settings.Global, returning read-only value.
07-11 18:09:37.711 D/dalvikvm(16277): GC_CONCURRENT freed 220K, 3% free 9617K/9872K, paused 3ms+4ms, total 24ms
07-11 18:09:37.883 W/Settings(16277): Setting airplane_mode_on has moved from android.provider.Settings.System to android.provider.Settings.Global, returning read-only value.
07-11 18:09:37.883 W/Settings(16277): Setting mobile_data has moved from android.provider.Settings.Secure to android.provider.Settings.Global.
07-11 18:09:37.883 D/BluetoothAdapter(16277): 1108029160: getState() :  mService = null. Returning STATE_OFF
07-11 18:09:37.883 W/Settings(16277): Setting airplane_mode_on has moved from android.provider.Settings.System to android.provider.Settings.Global, returning read-only value.
07-11 18:09:37.914 W/Settings(16277): Setting airplane_mode_on has moved from android.provider.Settings.System to android.provider.Settings.Global, returning read-only value.
07-11 18:09:37.914 W/Settings(16277): Setting mobile_data has moved from android.provider.Settings.Secure to android.provider.Settings.Global.
07-11 18:09:37.914 D/BluetoothAdapter(16277): 1108029160: getState() :  mService = null. Returning STATE_OFF
07-11 18:09:37.914 W/Settings(16277): Setting airplane_mode_on has moved from android.provider.Settings.System to android.provider.Settings.Global, returning read-only value.
07-11 18:09:37.937 W/Settings(16277): Setting airplane_mode_on has moved from android.provider.Settings.System to android.provider.Settings.Global, returning read-only value.
07-11 18:09:37.937 W/Settings(16277): Setting mobile_data has moved from android.provider.Settings.Secure to android.provider.Settings.Global.
07-11 18:09:37.937 D/BluetoothAdapter(16277): 1108029160: getState() :  mService = null. Returning STATE_OFF
07-11 18:09:37.937 W/Settings(16277): Setting airplane_mode_on has moved from android.provider.Settings.System to android.provider.Settings.Global, returning read-only value.
07-11 18:09:37.961 W/Settings(16277): Setting airplane_mode_on has moved from android.provider.Settings.System to android.provider.Settings.Global, returning read-only value.
07-11 18:09:37.961 W/Settings(16277): Setting mobile_data has moved from android.provider.Settings.Secure to android.provider.Settings.Global.
07-11 18:09:42.336 I/ActivityManager(  374): Start proc com.dragon.android.pandaspace:bdservice_v1 for service com.dragon.android.pandaspace/com.baidu.android.moplus.MoPlusService: pid=16309 uid=10081 gids={50081, 1015, 3003, 1006, 1028}
07-11 18:09:42.351 I/dalvikvm(16309): Turning on JNI app bug workarounds for target SDK version 8...
07-11 18:09:42.414 D/dalvikvm(16309): Trying to load lib /data/app-lib/com.dragon.android.pandaspace-1/libroot.so 0x4207c938
07-11 18:09:42.422 D/dalvikvm(16309): Added shared lib /data/app-lib/com.dragon.android.pandaspace-1/libroot.so 0x4207c938
07-11 18:09:42.422 I/RootJni (16309): JNI_OnLoad......
07-11 18:09:42.539 I/ActivityManager(  374): Start proc com.dragon.android.pandaspace for service com.dragon.android.pandaspace/com.dragon.pandaspace.download.flow.DownloadTaskService: pid=16329 uid=10081 gids={50081, 1015, 3003, 1006, 1028}
07-11 18:09:42.554 I/dalvikvm(16329): Turning on JNI app bug workarounds for target SDK version 8...
07-11 18:09:42.609 D/dalvikvm(16309): GC_CONCURRENT freed 327K, 4% free 9046K/9412K, paused 3ms+5ms, total 35ms
07-11 18:09:42.625 D/dalvikvm(16329): Trying to load lib /data/app-lib/com.dragon.android.pandaspace-1/libroot.so 0x4207e120
07-11 18:09:42.625 D/dalvikvm(16329): Added shared lib /data/app-lib/com.dragon.android.pandaspace-1/libroot.so 0x4207e120
07-11 18:09:42.625 I/RootJni (16329): JNI_OnLoad......
07-11 18:09:42.859 D/dalvikvm(16309): GC_CONCURRENT freed 324K, 4% free 9237K/9596K, paused 3ms+17ms, total 55ms
07-11 18:09:42.859 D/dalvikvm(16309): WAIT_FOR_CONCURRENT_GC blocked 2ms
07-11 18:09:42.867 D/dalvikvm(16329): GC_CONCURRENT freed 251K, 4% free 9111K/9400K, paused 4ms+27ms, total 62ms
07-11 18:09:42.969 D/dalvikvm(16309): GC_CONCURRENT freed 268K, 4% free 9475K/9784K, paused 3ms+2ms, total 24ms
07-11 18:09:42.969 D/dalvikvm(16309): WAIT_FOR_CONCURRENT_GC blocked 10ms
07-11 18:09:43.031 D/dalvikvm(16309): GC_CONCURRENT freed 391K, 5% free 9552K/10024K, paused 2ms+2ms, total 27ms
07-11 18:09:43.031 D/dalvikvm(16309): WAIT_FOR_CONCURRENT_GC blocked 13ms
07-11 18:09:43.086 D/dalvikvm(16309): GC_CONCURRENT freed 431K, 5% free 9602K/10100K, paused 2ms+2ms, total 21ms
07-11 18:09:43.086 D/dalvikvm(16309): WAIT_FOR_CONCURRENT_GC blocked 11ms
07-11 18:09:43.109 I/dalvikvm(16309): Failed resolving Lcom/baidu/android/nebula/util/BDLocationManager$BaiduLocationListener; interface 1167 'Lcom/baidu/location/BDLocationListener;'
07-11 18:09:43.109 W/dalvikvm(16309): Link of class 'Lcom/baidu/android/nebula/util/BDLocationManager$BaiduLocationListener;' failed
07-11 18:09:43.109 W/dalvikvm(16309): VFY: unable to find class referenced in signature (Lcom/baidu/location/LocationClient;)
07-11 18:09:43.109 I/dalvikvm(16309): Failed resolving Lcom/baidu/android/nebula/util/BDLocationManager$BaiduLocationListener; interface 1167 'Lcom/baidu/location/BDLocationListener;'
07-11 18:09:43.109 W/dalvikvm(16309): Link of class 'Lcom/baidu/android/nebula/util/BDLocationManager$BaiduLocationListener;' failed
07-11 18:09:43.117 I/dalvikvm(16309): Failed resolving Lcom/baidu/android/nebula/util/BDLocationManager$BaiduLocationListener; interface 1167 'Lcom/baidu/location/BDLocationListener;'
07-11 18:09:43.117 W/dalvikvm(16309): Link of class 'Lcom/baidu/android/nebula/util/BDLocationManager$BaiduLocationListener;' failed
07-11 18:09:43.117 I/dalvikvm(16309): Could not find method com.baidu.location.LocationClient.unRegisterLocationListener, referenced from method com.baidu.android.nebula.util.BDLocationManager.d
07-11 18:09:43.117 W/dalvikvm(16309): VFY: unable to resolve virtual method 7875: Lcom/baidu/location/LocationClient;.unRegisterLocationListener (Lcom/baidu/location/BDLocationListener;)V
07-11 18:09:43.117 D/dalvikvm(16309): VFY: replacing opcode 0x6e at 0x0012
07-11 18:09:43.117 E/dalvikvm(16309): Could not find class 'com.baidu.location.LocationClient', referenced from method com.baidu.android.nebula.util.BDLocationManager.e
07-11 18:09:43.117 W/dalvikvm(16309): VFY: unable to resolve new-instance 1168 (Lcom/baidu/location/LocationClient;) in Lcom/baidu/android/nebula/util/BDLocationManager;
07-11 18:09:43.117 D/dalvikvm(16309): VFY: replacing opcode 0x22 at 0x0000
07-11 18:09:43.117 E/dalvikvm(16309): Could not find class 'com.baidu.location.LocationClientOption', referenced from method com.baidu.android.nebula.util.BDLocationManager.f
07-11 18:09:43.117 W/dalvikvm(16309): VFY: unable to resolve new-instance 1169 (Lcom/baidu/location/LocationClientOption;) in Lcom/baidu/android/nebula/util/BDLocationManager;
07-11 18:09:43.117 D/dalvikvm(16309): VFY: replacing opcode 0x22 at 0x0000
07-11 18:09:43.117 W/dalvikvm(16309): VFY: unable to find class referenced in signature (Lcom/baidu/location/LocationClientOption;)
07-11 18:09:43.117 I/dalvikvm(16309): Could not find method com.baidu.location.LocationClientOption.setOpenGps, referenced from method com.baidu.android.nebula.util.BDLocationManager.a
07-11 18:09:43.117 W/dalvikvm(16309): VFY: unable to resolve virtual method 7879: Lcom/baidu/location/LocationClientOption;.setOpenGps (Z)V
07-11 18:09:43.117 D/dalvikvm(16309): VFY: replacing opcode 0x6e at 0x0009
07-11 18:09:43.117 D/dalvikvm(16309): DexOpt: unable to opt direct call 0x1ebc at 0x04 in Lcom/baidu/android/nebula/util/BDLocationManager;.e
07-11 18:09:43.117 I/dalvikvm(16309): Failed resolving Lcom/baidu/android/nebula/util/BDLocationManager$BaiduLocationListener; interface 1167 'Lcom/baidu/location/BDLocationListener;'
07-11 18:09:43.117 W/dalvikvm(16309): Link of class 'Lcom/baidu/android/nebula/util/BDLocationManager$BaiduLocationListener;' failed
07-11 18:09:43.117 D/dalvikvm(16309): DexOpt: unable to opt direct call 0x1cca at 0x0b in Lcom/baidu/android/nebula/util/BDLocationManager;.e
07-11 18:09:43.117 D/dalvikvm(16309): DexOpt: unable to opt direct call 0x1ec4 at 0x02 in Lcom/baidu/android/nebula/util/BDLocationManager;.f
07-11 18:09:43.179 D/dalvikvm(16309): GC_CONCURRENT freed 666K, 7% free 9430K/10136K, paused 4ms+3ms, total 25ms
07-11 18:09:43.265 D/dalvikvm(16309): GC_CONCURRENT freed 98K, 4% free 9775K/10136K, paused 2ms+2ms, total 26ms
07-11 18:09:43.273 D/dalvikvm(16309): WAIT_FOR_CONCURRENT_GC blocked 7ms
07-11 18:09:47.781 D/dalvikvm(16277): GC_CONCURRENT freed 352K, 4% free 9697K/10084K, paused 3ms+2ms, total 26ms
07-11 18:09:48.336 D/AndroidRuntime(16378): 
07-11 18:09:48.336 D/AndroidRuntime(16378): >>>>>> AndroidRuntime START com.android.internal.os.RuntimeInit <<<<<<
07-11 18:09:48.336 D/AndroidRuntime(16378): CheckJNI is OFF
07-11 18:09:48.351 D/dalvikvm(16378): Trying to load lib libjavacore.so 0x0
07-11 18:09:48.359 D/dalvikvm(16378): Added shared lib libjavacore.so 0x0
07-11 18:09:48.375 D/dalvikvm(16378): Trying to load lib libnativehelper.so 0x0
07-11 18:09:48.375 D/dalvikvm(16378): Added shared lib libnativehelper.so 0x0
07-11 18:09:48.609 D/AndroidRuntime(16378): Calling main entry com.qihoo360.powerctl.root.app.App
07-11 18:09:48.617 D/AndroidRuntime(16378): Shutting down VM
07-11 18:09:48.617 D/jdwp    (16378): Got wake-up signal, bailing out of select
07-11 18:09:48.617 D/dalvikvm(16378): Debugger has detached; object registry had 1 entries
07-11 18:09:57.390 W/System.err( 5790): java.io.FileNotFoundException: /data/data/com.mgyapp.android/files/.cfpaps.i: open failed: ENOENT (No such file or directory)
07-11 18:09:57.390 W/System.err( 5790): 	at libcore.io.IoBridge.open(IoBridge.java:409)
07-11 18:09:57.390 W/System.err( 5790): 	at java.io.FileInputStream.<init>(FileInputStream.java:78)
07-11 18:09:57.390 W/System.err( 5790): 	at android.app.ContextImpl.openFileInput(ContextImpl.java:702)
07-11 18:09:57.390 W/System.err( 5790): 	at android.content.ContextWrapper.openFileInput(ContextWrapper.java:173)
07-11 18:09:57.390 W/System.err( 5790): 	at com.mgyun.shua.jc.service.f.run(Unknown Source)
07-11 18:09:57.390 W/System.err( 5790): 	at com.mgyun.shua.jc.service.CpWorkServer.onHandleIntent(Unknown Source)
07-11 18:09:57.390 W/System.err( 5790): 	at android.app.IntentService$ServiceHandler.handleMessage(IntentService.java:65)
07-11 18:09:57.390 W/System.err( 5790): 	at android.os.Handler.dispatchMessage(Handler.java:99)
07-11 18:09:57.398 W/System.err( 5790): 	at android.os.Looper.loop(Looper.java:137)
07-11 18:09:57.398 W/System.err( 5790): 	at android.os.HandlerThread.run(HandlerThread.java:61)
07-11 18:09:57.398 W/System.err( 5790): Caused by: libcore.io.ErrnoException: open failed: ENOENT (No such file or directory)
07-11 18:09:57.398 W/System.err( 5790): 	at libcore.io.Posix.open(Native Method)
07-11 18:09:57.398 W/System.err( 5790): 	at libcore.io.BlockGuardOs.open(BlockGuardOs.java:110)
07-11 18:09:57.398 W/System.err( 5790): 	at libcore.io.IoBridge.open(IoBridge.java:393)
07-11 18:09:57.398 W/System.err( 5790): 	... 9 more
07-11 18:10:01.961 W/MountService(  374): getVolumeState(/storage/emulated/0/external_sd): Unknown volume
07-11 18:10:01.961 W/MountService(  374): getVolumeState(/mnt/sdcard-ext): Unknown volume
07-11 18:10:01.961 W/MountService(  374): getVolumeState(/mnt/ext_sdcard): Unknown volume
07-11 18:10:01.961 W/MountService(  374): getVolumeState(/mnt/sdcard2): Unknown volume
07-11 18:10:01.961 W/MountService(  374): getVolumeState(/mnt/emmc): Unknown volume
07-11 18:10:01.961 W/MountService(  374): getVolumeState(/mnt/extSdCard): Unknown volume
07-11 18:10:01.961 W/MountService(  374): getVolumeState(/mnt/sdcard/SD_CARD): Unknown volume
07-11 18:10:01.969 W/MountService(  374): getVolumeState(/mnt/sdcard/extra_sd): Unknown volume
07-11 18:10:01.969 W/MountService(  374): getVolumeState(/mnt/extrasd_bind): Unknown volume
07-11 18:10:01.969 W/MountService(  374): getVolumeState(/mnt/sdcard/ext_sd): Unknown volume
07-11 18:10:01.976 W/MountService(  374): getVolumeState(/storage/extSdCard): Unknown volume
07-11 18:10:01.976 W/MountService(  374): getVolumeState(/storage/sdcard1): Unknown volume
07-11 18:10:01.976 W/MountService(  374): getVolumeState(/mnt/sdcard/external_SD): Unknown volume
07-11 18:10:01.976 W/MountService(  374): getVolumeState(/mnt/sdcard/external_sd): Unknown volume
07-11 18:10:01.984 D/dalvikvm(32313): GC_CONCURRENT freed 382K, 7% free 9466K/10144K, paused 7ms+3ms, total 39ms
07-11 18:10:01.984 D/dalvikvm(32313): WAIT_FOR_CONCURRENT_GC blocked 23ms
07-11 18:10:01.984 D/dalvikvm(32313): WAIT_FOR_CONCURRENT_GC blocked 8ms
07-11 18:10:02.140 D/dalvikvm(32313): GC_CONCURRENT freed 448K, 8% free 9424K/10144K, paused 3ms+3ms, total 42ms
07-11 18:10:02.211 W/MountService(  374): getVolumeState(/storage/emulated/0/external_sd): Unknown volume
07-11 18:10:02.211 W/MountService(  374): getVolumeState(/mnt/sdcard-ext): Unknown volume
07-11 18:10:02.219 W/MountService(  374): getVolumeState(/mnt/ext_sdcard): Unknown volume
07-11 18:10:02.219 W/MountService(  374): getVolumeState(/mnt/sdcard2): Unknown volume
07-11 18:10:02.219 W/MountService(  374): getVolumeState(/mnt/emmc): Unknown volume
07-11 18:10:02.219 W/MountService(  374): getVolumeState(/mnt/extSdCard): Unknown volume
07-11 18:10:02.219 W/MountService(  374): getVolumeState(/mnt/sdcard/SD_CARD): Unknown volume
07-11 18:10:02.219 W/MountService(  374): getVolumeState(/mnt/sdcard/extra_sd): Unknown volume
07-11 18:10:02.219 W/MountService(  374): getVolumeState(/mnt/extrasd_bind): Unknown volume
07-11 18:10:02.219 W/MountService(  374): getVolumeState(/mnt/sdcard/ext_sd): Unknown volume
07-11 18:10:02.226 W/MountService(  374): getVolumeState(/storage/extSdCard): Unknown volume
07-11 18:10:02.226 W/MountService(  374): getVolumeState(/storage/sdcard1): Unknown volume
07-11 18:10:02.226 W/MountService(  374): getVolumeState(/mnt/sdcard/external_SD): Unknown volume
07-11 18:10:02.226 W/MountService(  374): getVolumeState(/mnt/sdcard/external_sd): Unknown volume
07-11 18:10:02.273 D/dalvikvm(32313): GC_CONCURRENT freed 460K, 8% free 9424K/10144K, paused 3ms+4ms, total 31ms
07-11 18:10:02.656 D/JOBS    (13555): Thread-4150: load factor check. true = (0 < 1)|| (0 * 3 < 0 + 0). consumer thread: true
07-11 18:10:02.656 D/JOBS    (13555): didn't allow me to die, re-running Thread-4150
07-11 18:10:02.656 D/JOBS    (13555): re-running consumer Thread-4150
07-11 18:10:07.390 W/System.err( 5790): java.io.FileNotFoundException: /data/data/com.mgyapp.android/files/.cfp.i: open failed: ENOENT (No such file or directory)
07-11 18:10:07.390 W/System.err( 5790): 	at libcore.io.IoBridge.open(IoBridge.java:409)
07-11 18:10:07.390 W/System.err( 5790): 	at java.io.FileInputStream.<init>(FileInputStream.java:78)
07-11 18:10:07.390 W/System.err( 5790): 	at android.app.ContextImpl.openFileInput(ContextImpl.java:702)
07-11 18:10:07.390 W/System.err( 5790): 	at android.content.ContextWrapper.openFileInput(ContextWrapper.java:173)
07-11 18:10:07.390 W/System.err( 5790): 	at com.mgyun.shua.jc.c.b(Unknown Source)
07-11 18:10:07.390 W/System.err( 5790): 	at com.mgyun.shua.jc.d.a(Unknown Source)
07-11 18:10:07.390 W/System.err( 5790): 	at com.mgyun.shua.jc.service.CpWorkServer.onHandleIntent(Unknown Source)
07-11 18:10:07.390 W/System.err( 5790): 	at android.app.IntentService$ServiceHandler.handleMessage(IntentService.java:65)
07-11 18:10:07.390 W/System.err( 5790): 	at android.os.Handler.dispatchMessage(Handler.java:99)
07-11 18:10:07.390 W/System.err( 5790): 	at android.os.Looper.loop(Looper.java:137)
07-11 18:10:07.398 W/System.err( 5790): 	at android.os.HandlerThread.run(HandlerThread.java:61)
07-11 18:10:07.398 W/System.err( 5790): Caused by: libcore.io.ErrnoException: open failed: ENOENT (No such file or directory)
07-11 18:10:07.398 W/System.err( 5790): 	at libcore.io.Posix.open(Native Method)
07-11 18:10:07.398 W/System.err( 5790): 	at libcore.io.BlockGuardOs.open(BlockGuardOs.java:110)
07-11 18:10:07.398 W/System.err( 5790): 	at libcore.io.IoBridge.open(IoBridge.java:393)
07-11 18:10:07.398 W/System.err( 5790): 	... 10 more
07-11 18:10:10.328 D/dalvikvm(  374): GC_EXPLICIT freed 1003K, 28% free 23257K/31932K, paused 8ms+11ms, total 126ms
07-11 18:10:13.539 D/dalvikvm(16309): GC_CONCURRENT freed 307K, 4% free 9896K/10240K, paused 3ms+4ms, total 32ms
07-11 18:10:13.703 W/ResponseProcessCookies(16309): Invalid cookie header: "Set-Cookie: BAIDUID=21F64F953A3CE753AF17DF98B0A07722:FG=1; max-age=31536000; expires=Sat, 11-Jul-15 10:10:14 GMT; domain=.baidu.com; path=/; version=1". Unable to parse expires attribute: Sat
07-11 18:10:13.711 W/ResponseProcessCookies(16309): Invalid cookie header: "Set-Cookie: NBID=21F64F953A3CE753BDBBEA7E40D0D254:FG=1; max-age=2592000; expires=Sun, 10-Aug-14 10:10:14 GMT; domain=.baidu.com; path=/; version=1". Unable to parse expires attribute: Sun
07-11 18:10:13.789 D/dalvikvm(16309): GC_CONCURRENT freed 234K, 3% free 10078K/10352K, paused 2ms+2ms, total 34ms
07-11 18:10:14.094 D/dalvikvm(16309): Trying to load lib /data/app-lib/com.dragon.android.pandaspace-1/libBdMoplusMD5_V1.so 0x4207c938
07-11 18:10:14.094 D/dalvikvm(16309): Added shared lib /data/app-lib/com.dragon.android.pandaspace-1/libBdMoplusMD5_V1.so 0x4207c938
07-11 18:10:14.094 D/dalvikvm(16309): No JNI_OnLoad found in /data/app-lib/com.dragon.android.pandaspace-1/libBdMoplusMD5_V1.so 0x4207c938, skipping init
07-11 18:10:14.140 D/dalvikvm(16309): GC_CONCURRENT freed 548K, 6% free 9992K/10584K, paused 3ms+4ms, total 31ms
07-11 18:10:14.265 D/dalvikvm(16309): GC_FOR_ALLOC freed 220K, 7% free 9945K/10584K, paused 24ms, total 25ms
07-11 18:10:14.781 D/dalvikvm(16309): GC_FOR_ALLOC freed 181K, 7% free 9946K/10584K, paused 23ms, total 23ms
07-11 18:10:14.969 D/dalvikvm(16309): GC_FOR_ALLOC freed 159K, 7% free 9947K/10584K, paused 23ms, total 23ms
07-11 18:10:15.078 D/dalvikvm(16309): GC_FOR_ALLOC freed 152K, 7% free 9947K/10584K, paused 23ms, total 23ms
07-11 18:10:15.242 D/dalvikvm(16309): GC_FOR_ALLOC freed 181K, 6% free 9949K/10584K, paused 23ms, total 23ms
07-11 18:10:15.281 D/dalvikvm(16309): GC_FOR_ALLOC freed 155K, 6% free 9949K/10584K, paused 24ms, total 24ms
07-11 18:10:15.625 D/dalvikvm(16309): GC_FOR_ALLOC freed 152K, 6% free 9950K/10584K, paused 23ms, total 23ms
07-11 18:10:16.062 D/dalvikvm(16309): GC_FOR_ALLOC freed 177K, 6% free 9952K/10584K, paused 24ms, total 24ms
07-11 18:10:16.101 D/dalvikvm(16309): GC_FOR_ALLOC freed 151K, 6% free 9953K/10584K, paused 23ms, total 24ms
07-11 18:10:16.336 D/dalvikvm(16309): GC_FOR_ALLOC freed 184K, 6% free 9954K/10584K, paused 23ms, total 23ms
07-11 18:10:16.422 D/dalvikvm(16309): GC_FOR_ALLOC freed 158K, 6% free 9955K/10584K, paused 23ms, total 24ms
07-11 18:10:16.844 D/dalvikvm(16309): GC_FOR_ALLOC freed 153K, 6% free 9956K/10584K, paused 23ms, total 24ms
07-11 18:10:17.031 D/dalvikvm(16309): GC_FOR_ALLOC freed 158K, 6% free 9957K/10584K, paused 23ms, total 23ms
07-11 18:10:17.390 D/dalvikvm(16309): GC_FOR_ALLOC freed 152K, 6% free 9957K/10584K, paused 28ms, total 28ms
07-11 18:10:17.469 D/dalvikvm(16309): GC_FOR_ALLOC freed 153K, 6% free 9958K/10584K, paused 23ms, total 24ms
07-11 18:10:17.719 D/dalvikvm(16309): GC_FOR_ALLOC freed 194K, 6% free 9960K/10584K, paused 24ms, total 24ms
07-11 18:10:17.992 D/dalvikvm(16309): GC_FOR_ALLOC freed 158K, 6% free 9961K/10584K, paused 23ms, total 23ms
07-11 18:10:18.234 D/dalvikvm(16309): GC_FOR_ALLOC freed 158K, 6% free 9961K/10584K, paused 23ms, total 23ms
07-11 18:10:18.859 D/dalvikvm(16309): GC_FOR_ALLOC freed 152K, 6% free 9962K/10584K, paused 23ms, total 23ms
07-11 18:10:19.062 D/dalvikvm(16309): GC_FOR_ALLOC freed 141K, 6% free 9963K/10584K, paused 23ms, total 24ms
07-11 18:10:19.390 D/dalvikvm(16309): GC_FOR_ALLOC freed 158K, 6% free 9964K/10580K, paused 23ms, total 23ms
07-11 18:10:19.554 D/dalvikvm(16309): GC_FOR_ALLOC freed 178K, 6% free 9966K/10580K, paused 24ms, total 24ms
07-11 18:10:19.601 D/dalvikvm(16309): GC_FOR_ALLOC freed 200K, 6% free 9967K/10580K, paused 25ms, total 25ms
07-11 18:10:19.804 D/dalvikvm(16309): GC_FOR_ALLOC freed 150K, 6% free 9968K/10580K, paused 23ms, total 24ms
07-11 18:10:20.242 D/dalvikvm(16309): GC_FOR_ALLOC freed 153K, 6% free 9969K/10580K, paused 28ms, total 28ms
07-11 18:10:20.281 D/dalvikvm(16309): GC_FOR_ALLOC freed 153K, 6% free 9970K/10580K, paused 24ms, total 24ms
07-11 18:10:20.445 D/dalvikvm(16309): GC_FOR_ALLOC freed 170K, 6% free 9971K/10580K, paused 26ms, total 26ms
07-11 18:10:21.140 D/dalvikvm(16309): GC_FOR_ALLOC freed 209K, 6% free 9973K/10580K, paused 24ms, total 24ms
07-11 18:10:21.179 D/dalvikvm(16309): GC_FOR_ALLOC freed 126K, 6% free 9974K/10580K, paused 23ms, total 24ms
07-11 18:10:21.586 D/dalvikvm(16309): GC_FOR_ALLOC freed 153K, 6% free 9974K/10580K, paused 24ms, total 24ms
07-11 18:10:21.922 D/dalvikvm(16309): GC_FOR_ALLOC freed 158K, 6% free 9975K/10580K, paused 23ms, total 23ms
07-11 18:10:21.976 D/dalvikvm(16309): GC_FOR_ALLOC freed 185K, 6% free 9978K/10580K, paused 24ms, total 24ms
07-11 18:10:22.469 D/dalvikvm(16309): GC_FOR_ALLOC freed 159K, 6% free 9978K/10580K, paused 28ms, total 28ms
07-11 18:10:22.508 D/dalvikvm(16309): GC_FOR_ALLOC freed 213K, 6% free 9983K/10580K, paused 23ms, total 23ms
07-11 18:10:23.383 D/dalvikvm(16309): GC_FOR_ALLOC freed 166K, 6% free 9981K/10580K, paused 23ms, total 23ms
07-11 18:10:23.695 D/dalvikvm(16309): GC_FOR_ALLOC freed 154K, 6% free 9982K/10580K, paused 23ms, total 23ms
07-11 18:10:23.898 D/dalvikvm(16309): GC_FOR_ALLOC freed 201K, 6% free 9989K/10580K, paused 23ms, total 23ms
07-11 18:10:24.023 D/dalvikvm(16309): GC_FOR_ALLOC freed 171K, 6% free 9984K/10580K, paused 24ms, total 24ms
07-11 18:10:24.172 D/dalvikvm(16309): GC_FOR_ALLOC freed 189K, 6% free 9986K/10580K, paused 23ms, total 23ms
07-11 18:10:24.648 D/dalvikvm(16309): GC_FOR_ALLOC freed 153K, 6% free 9987K/10580K, paused 23ms, total 23ms
07-11 18:10:24.828 D/dalvikvm(16309): GC_FOR_ALLOC freed 158K, 6% free 9988K/10580K, paused 23ms, total 24ms
07-11 18:10:24.945 D/dalvikvm(16309): GC_FOR_ALLOC freed 207K, 6% free 9996K/10580K, paused 24ms, total 24ms
07-11 18:10:25.226 D/dalvikvm(16309): GC_CONCURRENT freed 375K, 6% free 10040K/10580K, paused 8ms+3ms, total 33ms
07-11 18:10:25.226 D/dalvikvm(16309): WAIT_FOR_CONCURRENT_GC blocked 15ms
07-11 18:10:25.265 D/dalvikvm(16309): GC_FOR_ALLOC freed 50K, 6% free 10048K/10580K, paused 25ms, total 25ms
07-11 18:10:25.265 I/dalvikvm-heap(16309): Grow heap (frag case) to 9.927MB for 87220-byte allocation
07-11 18:10:25.289 D/dalvikvm(16309): GC_FOR_ALLOC freed 56K, 6% free 10076K/10668K, paused 25ms, total 25ms
07-11 18:10:25.320 D/dalvikvm(16309): GC_FOR_ALLOC freed 115K, 6% free 10108K/10668K, paused 24ms, total 24ms
07-11 18:10:25.351 D/dalvikvm(16309): GC_FOR_ALLOC freed 59K, 5% free 10149K/10668K, paused 24ms, total 24ms
07-11 18:10:25.351 I/dalvikvm-heap(16309): Grow heap (frag case) to 10.023MB for 82754-byte allocation
07-11 18:10:25.383 D/dalvikvm(16309): GC_FOR_ALLOC freed 0K, 5% free 10230K/10752K, paused 24ms, total 24ms
07-11 18:10:25.406 D/dalvikvm(16309): GC_FOR_ALLOC freed 70K, 6% free 10160K/10752K, paused 24ms, total 24ms
07-11 18:10:25.406 I/dalvikvm-heap(16309): Grow heap (frag case) to 10.033MB for 82786-byte allocation
07-11 18:10:25.429 D/dalvikvm(16309): GC_FOR_ALLOC freed 0K, 6% free 10241K/10836K, paused 25ms, total 25ms
07-11 18:10:25.500 D/dalvikvm(16309): GC_FOR_ALLOC freed 184K, 6% free 10241K/10836K, paused 25ms, total 25ms
07-11 18:10:25.500 I/dalvikvm-heap(16309): Grow heap (frag case) to 10.151MB for 124174-byte allocation
07-11 18:10:25.523 D/dalvikvm(16309): GC_FOR_ALLOC freed 80K, 7% free 10281K/10960K, paused 25ms, total 25ms
07-11 18:10:25.554 D/dalvikvm(16309): GC_FOR_ALLOC freed 15K, 7% free 10281K/10960K, paused 24ms, total 24ms
07-11 18:10:25.554 I/dalvikvm-heap(16309): Grow heap (frag case) to 10.159MB for 90082-byte allocation
07-11 18:10:25.578 D/dalvikvm(16309): GC_FOR_ALLOC freed 0K, 7% free 10369K/11052K, paused 25ms, total 25ms
07-11 18:10:26.633 W/ResponseProcessCookies(16309): Invalid cookie header: "Set-Cookie: BAIDUID=3591AE2DD80BB33174CB9D43798E11AF:FG=1; max-age=31536000; expires=Sat, 11-Jul-15 10:10:26 GMT; domain=.baidu.com; path=/; version=1". Unable to parse expires attribute: Sat
07-11 18:10:26.640 W/ResponseProcessCookies(16309): Invalid cookie header: "Set-Cookie: NBID=3591AE2DD80BB331BE5D4754763DAF15:FG=1; max-age=2592000; expires=Sun, 10-Aug-14 10:10:26 GMT; domain=.baidu.com; path=/; version=1". Unable to parse expires attribute: Sun
07-11 18:10:34.203 D/dalvikvm(  565): GC_CONCURRENT freed 454K, 7% free 10416K/11180K, paused 5ms+4ms, total 46ms
07-11 18:10:42.500 I/ActivityManager(  374): No longer want com.nd.assistance.ServerService (pid 12475): empty for 1804s
07-11 18:10:42.500 I/ActivityManager(  374): No longer want com.nd.assistance (pid 12462): empty for 1804s
07-11 18:10:42.523 W/ActivityManager(  374): Scheduling restart of crashed service com.nd.assistance/.server.ServerService in 5000ms
07-11 18:10:43.062 D/AndroidRuntime(16508): 
07-11 18:10:43.062 D/AndroidRuntime(16508): >>>>>> AndroidRuntime START com.android.internal.os.RuntimeInit <<<<<<
07-11 18:10:43.062 D/AndroidRuntime(16508): CheckJNI is OFF
07-11 18:10:43.086 D/dalvikvm(16508): Trying to load lib libjavacore.so 0x0
07-11 18:10:43.101 D/dalvikvm(16508): Added shared lib libjavacore.so 0x0
07-11 18:10:43.125 D/dalvikvm(16508): Trying to load lib libnativehelper.so 0x0
07-11 18:10:43.125 D/dalvikvm(16508): Added shared lib libnativehelper.so 0x0
07-11 18:10:43.398 D/AndroidRuntime(16508): Calling main entry com.android.commands.am.Am
07-11 18:10:43.398 D/dalvikvm(16508): Note: class Landroid/app/ActivityManagerNative; has 163 unimplemented (abstract) methods
07-11 18:10:43.422 D/dalvikvm(16530): Late-enabling CheckJNI
07-11 18:10:43.422 I/ActivityManager(  374): Start proc com.nd.assistance for broadcast com.nd.assistance/.controller.DaemonController: pid=16530 uid=10065 gids={50065, 3003, 1015, 1006, 1028}
07-11 18:10:43.445 I/dalvikvm(16530): Turning on JNI app bug workarounds for target SDK version 3...
07-11 18:10:43.492 E/LogCenter(16530): logger_impl_ init
07-11 18:10:43.508 D/dalvikvm(16543): Late-enabling CheckJNI
07-11 18:10:43.508 D/AndroidRuntime(16508): Shutting down VM
07-11 18:10:43.508 D/jdwp    (16508): Got wake-up signal, bailing out of select
07-11 18:10:43.508 D/dalvikvm(16508): Debugger has detached; object registry had 1 entries
07-11 18:10:43.508 I/ActivityManager(  374): Start proc com.nd.assistance.ServerService for service com.nd.assistance/.server.ServerService: pid=16543 uid=10065 gids={50065, 3003, 1015, 1006, 1028}
07-11 18:10:43.523 I/dalvikvm(16543): Turning on JNI app bug workarounds for target SDK version 3...
07-11 18:10:43.539 D/dalvikvm(16543): Debugger has detached; object registry had 1 entries
07-11 18:10:43.554 E/LogCenter(16543): logger_impl_ init
07-11 18:10:43.554 D/com.nd.assistance.server.ServerService(16543): ServerService onCreate()
07-11 18:10:43.562 D/com.nd.assistance.server.ServerService(16543): ServerService onStart()
07-11 18:10:43.562 D/com.nd.assistance.server.ServerService(16543): mIsStarting is false, set mIsStarting = true
07-11 18:10:43.562 D/com.nd.assistance.server.ServerService(16543): startDaemonServer(false)
07-11 18:10:43.562 D/com.nd.assistance.server.ServerService(16543): mDaemonServer == null
07-11 18:10:43.586 E/daemon.k.a(16543): acquireWifiLock()
07-11 18:10:43.594 D/com.nd.assistance.server.ServerService(16543): set mIsStarting = false
07-11 18:10:43.594 D/daemon.h.b.b(16543): ServerService onStart used time: 32
07-11 18:10:43.601 D/daemon.h.b.b(16543): start nio server
07-11 18:10:43.640 D/daemon.h.b.c(16543): SelectReactor run()
07-11 18:10:44.492 E/daemon.c.c(16543): start heartbeat server.
07-11 18:10:44.539 D/dalvikvm(16543): GC_CONCURRENT freed 211K, 3% free 9096K/9344K, paused 7ms+2ms, total 28ms
07-11 18:11:02.047 W/MountService(  374): getVolumeState(/storage/emulated/0/external_sd): Unknown volume
07-11 18:11:02.047 W/MountService(  374): getVolumeState(/mnt/sdcard-ext): Unknown volume
07-11 18:11:02.054 W/MountService(  374): getVolumeState(/mnt/ext_sdcard): Unknown volume
07-11 18:11:02.054 W/MountService(  374): getVolumeState(/mnt/sdcard2): Unknown volume
07-11 18:11:02.054 W/MountService(  374): getVolumeState(/mnt/emmc): Unknown volume
07-11 18:11:02.054 W/MountService(  374): getVolumeState(/mnt/extSdCard): Unknown volume
07-11 18:11:02.054 W/MountService(  374): getVolumeState(/mnt/sdcard/SD_CARD): Unknown volume
07-11 18:11:02.054 W/MountService(  374): getVolumeState(/mnt/sdcard/extra_sd): Unknown volume
07-11 18:11:02.054 W/MountService(  374): getVolumeState(/mnt/extrasd_bind): Unknown volume
07-11 18:11:02.062 W/MountService(  374): getVolumeState(/mnt/sdcard/ext_sd): Unknown volume
07-11 18:11:02.062 W/MountService(  374): getVolumeState(/storage/extSdCard): Unknown volume
07-11 18:11:02.062 W/MountService(  374): getVolumeState(/storage/sdcard1): Unknown volume
07-11 18:11:02.062 W/MountService(  374): getVolumeState(/mnt/sdcard/external_SD): Unknown volume
07-11 18:11:02.062 W/MountService(  374): getVolumeState(/mnt/sdcard/external_sd): Unknown volume
07-11 18:11:02.125 D/dalvikvm(32313): GC_CONCURRENT freed 396K, 7% free 9455K/10144K, paused 3ms+3ms, total 36ms
07-11 18:11:02.125 D/dalvikvm(32313): WAIT_FOR_CONCURRENT_GC blocked 23ms
07-11 18:11:02.203 D/dalvikvm(  577): GC_EXPLICIT freed 443K, 7% free 11554K/123