07-11 17:07:33.664 E/Mdm     ( 3259): Call Mdm service's setLastExitTime function
07-11 17:07:33.742 D/dalvikvm( 6094): GC_CONCURRENT freed 241K, 3% free 9116K/9392K, paused 6ms+2ms, total 35ms
07-11 17:07:33.984 V/PhoneStatusBar(  450): setLightsOn(true)
07-11 17:07:34.117 I/ActivityManager(  374): Displayed com.qihoo.root/.SuRequestActivity: +437ms
07-11 17:07:37.133 D/dalvikvm( 4565): GC_CONCURRENT freed 553K, 7% free 9941K/10612K, paused 13ms+2ms, total 47ms
07-11 17:07:40.320 D/dalvikvm(32313): GC_CONCURRENT freed 457K, 8% free 9402K/10180K, paused 3ms+3ms, total 27ms
07-11 17:07:40.648 W/System.err( 5790): java.io.FileNotFoundException: /data/data/com.mgyapp.android/files/.cfp.i: open failed: ENOENT (No such file or directory)
07-11 17:07:40.648 W/System.err( 5790): 	at libcore.io.IoBridge.open(IoBridge.java:409)
07-11 17:07:40.648 W/System.err( 5790): 	at java.io.FileInputStream.<init>(FileInputStream.java:78)
07-11 17:07:40.648 W/System.err( 5790): 	at android.app.ContextImpl.openFileInput(ContextImpl.java:702)
07-11 17:07:40.648 W/System.err( 5790): 	at android.content.ContextWrapper.openFileInput(ContextWrapper.java:173)
07-11 17:07:40.648 W/System.err( 5790): 	at com.mgyun.shua.jc.c.b(Unknown Source)
07-11 17:07:40.648 W/System.err( 5790): 	at com.mgyun.shua.jc.d.a(Unknown Source)
07-11 17:07:40.648 W/System.err( 5790): 	at com.mgyun.shua.jc.service.CpWorkServer.onHandleIntent(Unknown Source)
07-11 17:07:40.648 W/System.err( 5790): 	at android.app.IntentService$ServiceHandler.handleMessage(IntentService.java:65)
07-11 17:07:40.656 W/System.err( 5790): 	at android.os.Handler.dispatchMessage(Handler.java:99)
07-11 17:07:40.656 W/System.err( 5790): 	at android.os.Looper.loop(Looper.java:137)
07-11 17:07:40.656 W/System.err( 5790): 	at android.os.HandlerThread.run(HandlerThread.java:61)
07-11 17:07:40.656 W/System.err( 5790): Caused by: libcore.io.ErrnoException: open failed: ENOENT (No such file or directory)
07-11 17:07:40.656 W/System.err( 5790): 	at libcore.io.Posix.open(Native Method)
07-11 17:07:40.656 W/System.err( 5790): 	at libcore.io.BlockGuardOs.open(BlockGuardOs.java:110)
07-11 17:07:40.656 W/System.err( 5790): 	at libcore.io.IoBridge.open(IoBridge.java:393)
07-11 17:07:40.656 W/System.err( 5790): 	... 10 more
07-11 17:07:48.094 D/dalvikvm(  374): GC_FOR_ALLOC freed 2871K, 28% free 22734K/31560K, paused 107ms, total 115ms
07-11 17:07:48.367 D/dalvikvm(  374): GC_FOR_ALLOC freed 796K, 29% free 22681K/31560K, paused 264ms, total 264ms
07-11 17:07:48.390 D/mdm_log ( 3259): [null:-1]->has installed com.moji.mjweather
07-11 17:07:48.414 D/AndroidRuntime( 7605): 
07-11 17:07:48.414 D/AndroidRuntime( 7605): >>>>>> AndroidRuntime START com.android.internal.os.RuntimeInit <<<<<<
07-11 17:07:48.414 D/AndroidRuntime( 7605): CheckJNI is OFF
07-11 17:07:48.429 D/dalvikvm( 7605): Trying to load lib libjavacore.so 0x0
07-11 17:07:48.437 D/dalvikvm( 7605): Added shared lib libjavacore.so 0x0
07-11 17:07:48.453 D/dalvikvm( 7605): Trying to load lib libnativehelper.so 0x0
07-11 17:07:48.453 D/dalvikvm( 7605): Added shared lib libnativehelper.so 0x0
07-11 17:07:48.734 D/dalvikvm( 6094): GC_CONCURRENT freed 177K, 3% free 9338K/9552K, paused 2ms+3ms, total 33ms
07-11 17:07:48.742 D/AndroidRuntime( 7605): Calling main entry com.android.commands.am.Am
07-11 17:07:48.750 D/dalvikvm( 7605): Note: class Landroid/app/ActivityManagerNative; has 163 unimplemented (abstract) methods
07-11 17:07:48.765 D/AndroidRuntime( 7605): Shutting down VM
07-11 17:07:48.773 D/jdwp    ( 7605): Got wake-up signal, bailing out of select
07-11 17:07:48.773 D/dalvikvm( 7605): Debugger has detached; object registry had 1 entries
07-11 17:07:49.015 W/su      ( 7559): request rejected (10081->0 /system/bin/sh)
07-11 17:07:49.015 D/su      ( 7619): child exited 
07-11 17:07:49.023 D/su      ( 7620): client exited 1 
07-11 17:07:49.039 W/System.err( 4565): com.dragon.android.pandaspace.util.jni.a: Root Not Pass
07-11 17:07:49.047 W/System.err( 4565): 	at com.dragon.android.pandaspace.util.jni.RootUtil.a(Unknown Source)
07-11 17:07:49.047 W/System.err( 4565): 	at com.dragon.android.pandaspace.util.jni.RootUtil.a(Unknown Source)
07-11 17:07:49.047 W/System.err( 4565): 	at com.dragon.android.pandaspace.a.bf.b(Unknown Source)
07-11 17:07:49.047 W/System.err( 4565): 	at com.dragon.android.pandaspace.a.bg.a(Unknown Source)
07-11 17:07:49.047 W/System.err( 4565): 	at com.dragon.android.pandaspace.a.bg.doInBackground(Unknown Source)
07-11 17:07:49.047 W/System.err( 4565): 	at android.os.AsyncTask$2.call(AsyncTask.java:287)
07-11 17:07:49.047 W/System.err( 4565): 	at java.util.concurrent.FutureTask.run(FutureTask.java:234)
07-11 17:07:49.047 W/System.err( 4565): 	at java.util.concurrent.ThreadPoolExecutor.runWorker(ThreadPoolExecutor.java:1080)
07-11 17:07:49.047 W/System.err( 4565): 	at java.util.concurrent.ThreadPoolExecutor$Worker.run(ThreadPoolExecutor.java:573)
07-11 17:07:49.047 W/System.err( 4565): 	at java.lang.Thread.run(Thread.java:841)
07-11 17:07:58.054 D/JOBS    ( 3947): Thread-3970: load factor check. true = (0 < 1)|| (0 * 3 < 0 + 0). consumer thread: true
07-11 17:07:58.054 D/JOBS    ( 3947): didn't allow me to die, re-running Thread-3970
07-11 17:07:58.054 D/JOBS    ( 3947): re-running consumer Thread-3970
07-11 17:07:58.765 W/MountService(  374): getVolumeState(/storage/emulated/0/external_sd): Unknown volume
07-11 17:07:58.765 W/MountService(  374): getVolumeState(/mnt/sdcard-ext): Unknown volume
07-11 17:07:58.765 W/MountService(  374): getVolumeState(/mnt/ext_sdcard): Unknown volume
07-11 17:07:58.773 W/MountService(  374): getVolumeState(/mnt/sdcard2): Unknown volume
07-11 17:07:58.773 W/MountService(  374): getVolumeState(/mnt/emmc): Unknown volume
07-11 17:07:58.773 W/MountService(  374): getVolumeState(/mnt/extSdCard): Unknown volume
07-11 17:07:58.773 W/MountService(  374): getVolumeState(/mnt/sdcard/SD_CARD): Unknown volume
07-11 17:07:58.773 W/MountService(  374): getVolumeState(/mnt/sdcard/extra_sd): Unknown volume
07-11 17:07:58.773 W/MountService(  374): getVolumeState(/mnt/extrasd_bind): Unknown volume
07-11 17:07:58.773 W/MountService(  374): getVolumeState(/mnt/sdcard/ext_sd): Unknown volume
07-11 17:07:58.773 W/MountService(  374): getVolumeState(/storage/extSdCard): Unknown volume
07-11 17:07:58.773 W/MountService(  374): getVolumeState(/storage/sdcard1): Unknown volume
07-11 17:07:58.781 W/MountService(  374): getVolumeState(/mnt/sdcard/external_SD): Unknown volume
07-11 17:07:58.781 W/MountService(  374): getVolumeState(/mnt/sdcard/external_sd): Unknown volume
07-11 17:07:58.875 D/dalvikvm(32313): GC_CONCURRENT freed 362K, 6% free 9552K/10148K, paused 2ms+3ms, total 38ms
07-11 17:07:58.875 D/dalvikvm(32313): WAIT_FOR_CONCURRENT_GC blocked 8ms
07-11 17:07:59.008 W/MountService(  374): getVolumeState(/storage/emulated/0/external_sd): Unknown volume
07-11 17:07:59.008 W/MountService(  374): getVolumeState(/mnt/sdcard-ext): Unknown volume
07-11 17:07:59.008 W/MountService(  374): getVolumeState(/mnt/ext_sdcard): Unknown volume
07-11 17:07:59.008 W/MountService(  374): getVolumeState(/mnt/sdcard2): Unknown volume
07-11 17:07:59.008 W/MountService(  374): getVolumeState(/mnt/emmc): Unknown volume
07-11 17:07:59.008 W/MountService(  374): getVolumeState(/mnt/extSdCard): Unknown volume
07-11 17:07:59.008 W/MountService(  374): getVolumeState(/mnt/sdcard/SD_CARD): Unknown volume
07-11 17:07:59.008 W/MountService(  374): getVolumeState(/mnt/sdcard/extra_sd): Unknown volume
07-11 17:07:59.015 W/MountService(  374): getVolumeState(/mnt/extrasd_bind): Unknown volume
07-11 17:07:59.015 W/MountService(  374): getVolumeState(/mnt/sdcard/ext_sd): Unknown volume
07-11 17:07:59.015 W/MountService(  374): getVolumeState(/storage/extSdCard): Unknown volume
07-11 17:07:59.015 W/MountService(  374): getVolumeState(/storage/sdcard1): Unknown volume
07-11 17:07:59.015 W/MountService(  374): getVolumeState(/mnt/sdcard/external_SD): Unknown volume
07-11 17:07:59.015 W/MountService(  374): getVolumeState(/mnt/sdcard/external_sd): Unknown volume
07-11 17:07:59.047 D/dalvikvm(32313): GC_CONCURRENT freed 608K, 8% free 9422K/10148K, paused 4ms+3ms, total 26ms
07-11 17:08:10.984 D/dalvikvm( 4565): GC_CONCURRENT freed 394K, 6% free 9933K/10488K, paused 5ms+2ms, total 36ms
07-11 17:08:11.039 W/Settings( 4345): Setting airplane_mode_on has moved from android.provider.Settings.System to android.provider.Settings.Global, returning read-only value.
07-11 17:08:11.039 W/Settings( 4345): Setting mobile_data has moved from android.provider.Settings.Secure to android.provider.Settings.Global.
07-11 17:08:11.039 D/BluetoothAdapter( 4345): 1108414120: getState() :  mService = null. Returning STATE_OFF
07-11 17:08:11.039 W/Settings( 4345): Setting airplane_mode_on has moved from android.provider.Settings.System to android.provider.Settings.Global, returning read-only value.
07-11 17:08:11.062 W/Settings( 4345): Setting airplane_mode_on has moved from android.provider.Settings.System to android.provider.Settings.Global, returning read-only value.
07-11 17:08:11.062 W/Settings( 4345): Setting mobile_data has moved from android.provider.Settings.Secure to android.provider.Settings.Global.
07-11 17:08:11.062 D/BluetoothAdapter( 4345): 1108414120: getState() :  mService = null. Returning STATE_OFF
07-11 17:08:11.062 W/Settings( 4345): Setting airplane_mode_on has moved from android.provider.Settings.System to android.provider.Settings.Global, returning read-only value.
07-11 17:08:12.719 D/dalvikvm( 2858): GC_FOR_ALLOC freed 463K, 7% free 9121K/9728K, paused 32ms, total 32ms
07-11 17:08:15.554 D/LightsService(  374): Excessive delay setting light: 66ms
07-11 17:08:15.773 D/dalvikvm(  565): GC_CONCURRENT freed 434K, 7% free 10426K/11180K, paused 2ms+3ms, total 36ms
07-11 17:08:17.344 D/dalvikvm(  374): GC_FOR_ALLOC freed 452K, 26% free 23414K/31560K, paused 109ms, total 111ms
07-11 17:08:17.351 I/dalvikvm-heap(  374): Grow heap (frag case) to 23.267MB for 380496-byte allocation
07-11 17:08:17.469 D/dalvikvm(  374): GC_FOR_ALLOC freed 10K, 26% free 23775K/31932K, paused 115ms, total 115ms
07-11 17:08:17.515 D/LightsService(  374): Excessive delay setting light: 52ms
07-11 17:08:17.586 D/dalvikvm(  374): GC_FOR_ALLOC freed 744K, 28% free 23031K/31932K, paused 117ms, total 117ms
07-11 17:08:17.601 D/MdmApplication( 3259): [null:-1]->onActivityPaused market.activity.AppListActivity , mActivityCount = 5
07-11 17:08:17.601 D/MDM :   ( 3259): [null:-1]->query
07-11 17:08:17.601 D/MDM :   ( 3259): [null:-1]->QUERY_PINCODE_CHECK_RESULT
07-11 17:08:17.601 E/Mdm     ( 3259): Call Mdm service's setLastExitTime function
07-11 17:08:17.625 D/MdmApplication( 3259): [null:-1]->onActivityStarted ui.MainActivity , mActivityCount = 4
07-11 17:08:17.625 D/MDM :   ( 3259): [null:-1]->query
07-11 17:08:17.625 D/MDM :   ( 3259): [null:-1]->QUERY_PINCODE_CHECK_RESULT
07-11 17:08:18.179 D/DB      ( 3259): query: SQLiteQuery: SELECT * FROM app WHERE readStatus =0
07-11 17:08:18.179 D/DB      ( 3259): factory null
07-11 17:08:18.179 D/DB      ( 3259): fillWindow: 0
07-11 17:08:18.179 D/DB      ( 3259): cursor 0
07-11 17:08:18.179 E/Mdm     ( 3259): Call Mdm service's recordIconCount function
07-11 17:08:29.554 D/dalvikvm( 4918): GC_CONCURRENT freed 385K, 5% free 9833K/10280K, paused 5ms+3ms, total 38ms
07-11 17:08:41.320 D/LightsService(  374): Excessive delay setting light: 68ms
07-11 17:08:45.711 D/dalvikvm( 4565): GC_CONCURRENT freed 383K, 6% free 9933K/10488K, paused 3ms+2ms, total 29ms
07-11 17:08:47.140 I/PowerManagerService(  374): Going to sleep due to screen timeout...
07-11 17:08:48.000 D/SurfaceFlinger(  124): Screen released, type=0 flinger=0x400b4008
07-11 17:08:48.101 D/dalvikvm(  374): GC_FOR_ALLOC freed 581K, 27% free 23402K/31932K, paused 97ms, total 97ms
07-11 17:08:48.195 D/dalvikvm(  374): GC_FOR_ALLOC freed 752K, 28% free 23022K/31932K, paused 91ms, total 91ms
07-11 17:08:48.195 D/MdmApplication( 3259): [null:-1]->onActivityPaused ui.MainActivity , mActivityCount = 5
07-11 17:08:48.203 D/MDM :   ( 3259): [null:-1]->query
07-11 17:08:48.203 D/MDM :   ( 3259): [null:-1]->QUERY_PINCODE_CHECK_RESULT
07-11 17:08:48.203 E/Mdm     ( 3259): Call Mdm service's setLastExitTime function
07-11 17:08:48.289 D/NfcService(  592): NFC-C OFF, disconnect
07-11 17:08:48.344 D/MDM :   ( 3259): [null:-1]->query
07-11 17:08:48.344 D/MDM :   ( 3259): [null:-1]->QUERY_SETTING_PIN_ONOFF
07-11 17:08:51.125 D/PushService( 3947): [null:-1]->receiver action :com.pekall.mdm.action.PUSH_ALARM
07-11 17:08:51.133 D/PushService( 3947): [null:-1]->keepAliveWithPushServer  client is null 
07-11 17:08:51.133 D/PushLib : ( 3947): [null:-1]->pushClient is :null
07-11 17:08:51.133 D/PushLib : ( 3947): [null:-1]->pushClient opened :not opened
07-11 17:08:51.140 D/PushLib : ( 3947): [null:-1]->pushClient connect:ws://192.168.10.35:9090/websocket
07-11 17:08:51.820 D/MDM :   ( 3259): [null:-1]->MSG_WEBSOCKET_MESSAGE : {"id":997902457,"type":0,"command":0,"result":0,"reason":0,"params":{"msgId":"989bc1fd-ac21-46f6-9c74-50b13029ad03,989bc1fdac2146f69c7450b13029ad03","device":"ffffffffc539bb10fffffffff7aea961","message":"{\"cmd\":\"10119\"}"}}
07-11 17:08:51.836 D/MdmService( 3259): [null:-1]->push message type :0
07-11 17:08:51.844 D/MdmService( 3259): [null:-1]->cmdMessage : {"cmd":"10119"}
07-11 17:08:51.844 D/MdmService( 3259): [null:-1]->command : PushCommandMsg{cmd='10119', msg='null'}
07-11 17:08:51.844 D/MDM :   ( 3259): [null:-1]->PUSH CMD: 10119
07-11 17:08:51.844 D/MdmStatusManager( 3259): [null:-1]->change status to : Busy
07-11 17:08:51.844 D/DB      ( 3259): query: SQLiteQuery: SELECT content, command_status, status FROM command WHERE status!=2
07-11 17:08:51.844 D/DB      ( 3259): factory null
07-11 17:08:51.844 D/DB      ( 3259): fillWindow: 0
07-11 17:08:51.844 D/DB      ( 3259): cursor 0
07-11 17:08:51.844 D/DB      ( 3259): moveToPos: 0
07-11 17:08:51.851 I/TransInfo( 3259): TransInfo created, id: 3, class: class com.pekall.emdm.transaction.b.c
07-11 17:08:51.851 D/NetworkThread( 3259): [null:-1]->----isRunning-----true
07-11 17:08:51.851 D/NetworkThread( 3259): [null:-1]->----isRunning-----true
07-11 17:08:51.851 D/NetworkThread( 3259): [null:-1]->thread wakeup
07-11 17:08:51.851 D/HttpClient( 3259): enable apache.http debug
07-11 17:08:51.859 V/DEBUG   ( 3259): HTTP 0
07-11 17:08:52.242 V/DEBUG   ( 3259): HTTP 1
07-11 17:08:52.250 D/MDM :   ( 3259): [null:-1]->read network input stream
07-11 17:08:52.258 D/CheckInTransInfo( 3259): [null:-1]->CommandMsg : CommandMsg{CommandUUID='8a8088bf471a79ec014724aec5e75efd', Command=CommandRemoveApp{Identifier='com.moji.mjweather', fromMarket=true}}
07-11 17:08:52.258 D/DB      ( 3259): query: SQLiteQuery: SELECT * FROM command WHERE cmd_uuid='8a8088bf471a79ec014724aec5e75efd'
07-11 17:08:52.258 D/DB      ( 3259): factory null
07-11 17:08:52.258 D/DB      ( 3259): fillWindow: 0
07-11 17:08:52.258 D/DB      ( 3259): cursor 0
07-11 17:08:52.297 D/NetworkThread( 3259): [null:-1]->queue is empty, thread wait...
07-11 17:08:52.398 D/MdmService( 3259): [null:-1]->handleCheckInResult
07-11 17:08:52.398 D/MdmService( 3259): [null:-1]->handleCheckInResult result keyIndex: 3
07-11 17:08:52.398 D/CommandManager( 3259): [null:-1]->execute command: CommandMsg{CommandUUID='8a8088bf471a79ec014724aec5e75efd', Command=CommandRemoveApp{Identifier='com.moji.mjweather', fromMarket=true}}
07-11 17:08:52.398 D/TEST_ALL( 3259): [null:-1]->REQ_TYPE_RM_APP
07-11 17:08:52.437 I/ActivityManager(  374): START u0 {act=android.intent.action.DELETE dat=package:com.moji.mjweather flg=0x10000000 cmp=com.android.packageinstaller/.UninstallerActivity} from pid 3259
07-11 17:08:52.461 I/ActivityManager(  374): Start proc com.android.packageinstaller for activity com.android.packageinstaller/.UninstallerActivity: pid=7770 uid=10045 gids={50045, 1028}
07-11 17:08:52.492 D/DB      ( 3259): query: SQLiteQuery: SELECT * FROM app WHERE readStatus =0
07-11 17:08:52.492 D/DB      ( 3259): factory null
07-11 17:08:52.492 D/DB      ( 3259): fillWindow: 0
07-11 17:08:52.492 D/DB      ( 3259): cursor 0
07-11 17:08:52.492 D/dalvikvm(  125): GC_EXPLICIT freed 40K, 1% free 8921K/9000K, paused 2ms+4ms, total 39ms
07-11 17:08:52.500 E/Mdm     ( 3259): Call Mdm service's recordIconCount function
07-11 17:08:52.523 D/dalvikvm(  125): GC_EXPLICIT freed <1K, 1% free 8921K/9000K, paused 2ms+4ms, total 28ms
07-11 17:08:52.547 D/dalvikvm(  125): GC_EXPLICIT freed <1K, 1% free 8921K/9000K, paused 2ms+3ms, total 26ms
07-11 17:08:52.656 I/TransInfo( 3259): TransInfo created, id: 3, class: class com.pekall.emdm.transaction.b.c
07-11 17:08:52.656 D/NetworkThread( 3259): [null:-1]->----isRunning-----true
07-11 17:08:52.656 D/NetworkThread( 3259): [null:-1]->----isRunning-----true
07-11 17:08:52.656 D/NetworkThread( 3259): [null:-1]->thread wakeup
07-11 17:08:52.656 D/HttpClient( 3259): enable apache.http debug
07-11 17:08:52.664 V/DEBUG   ( 3259): HTTP 0
07-11 17:08:52.703 D/libEGL  ( 7770): loaded /vendor/lib/egl/libEGL_POWERVR_SGX540_120.so
07-11 17:08:52.719 D/libEGL  ( 7770): loaded /vendor/lib/egl/libGLESv1_CM_POWERVR_SGX540_120.so
07-11 17:08:52.726 D/libEGL  ( 7770): loaded /vendor/lib/egl/libGLESv2_POWERVR_SGX540_120.so
07-11 17:08:52.851 D/OpenGLRenderer( 7770): Enabling debug mode 0
07-11 17:08:52.922 V/RenderScript( 7770): 0x592959f8 Launching thread(s), CPUs 2
07-11 17:08:52.922 V/DEBUG   ( 3259): HTTP 1
07-11 17:08:52.929 D/MdmDatabaseHelper( 3259): [null:-1]->update command 8a8088bf471a79ec014724aec5e75efd to status executed
07-11 17:08:52.961 W/IInputConnectionWrapper( 7770): showStatusIcon on inactive InputConnection
07-11 17:08:52.961 D/NetworkThread( 3259): [null:-1]->queue is empty, thread wait...
07-11 17:08:52.984 I/ActivityManager(  374): Displayed com.android.packageinstaller/.UninstallerActivity: +538ms
07-11 17:08:53.023 D/MdmService( 3259): [null:-1]->handleCheckInResult
07-11 17:08:53.023 D/MdmService( 3259): [null:-1]->handleCheckInResult result keyIndex: 3
07-11 17:08:53.031 D/HandleCommandTask( 3259): [null:-1]->execute command msg but beanBase is null
07-11 17:08:53.031 D/MdmStatusManager( 3259): [null:-1]->change status to : Idle
07-11 17:08:53.133 V/KeyguardHostView(  374): hide transport, gen:147
07-11 17:08:53.133 V/KeyguardHostView(  374): music state changed: 0
07-11 17:08:53.164 D/PhoneStatusBar(  450): disable: < expand icons alerts ticker system_info back home RECENT* clock search >
07-11 17:08:53.203 V/TAG     (  374): bug 7643792: fitSystemWindows([0,50][0,0])
07-11 17:08:53.312 I/ActivityManager(  374): Process com.google.android.apps.plus (pid 5326) has died.
07-11 17:08:53.344 D/PhoneStatusBar(  450): disable: < expand icons alerts ticker system_info BACK* HOME* RECENT CLOCK* search >
07-11 17:08:56.172 D/PushLib : ( 3947): [null:-1]->onClose code :-1 reason:failed to connect to /192.168.10.35 (port 9090): connect failed: ECONNREFUSED (Connection refused) remote:false
07-11 17:08:56.172 D/PushLib : ( 3947): [null:-1]->MSG_WEBSOCKET_ERROR
07-11 17:08:56.172 D/PushLib : ( 3947): [null:-1]->MSG_WEBSOCKET_CLOSE
07-11 17:08:58.922 W/MountService(  374): getVolumeState(/storage/emulated/0/external_sd): Unknown volume
07-11 17:08:58.922 W/MountService(  374): getVolumeState(/mnt/sdcard-ext): Unknown volume
07-11 17:08:58.922 W/MountService(  374): getVolumeState(/mnt/ext_sdcard): Unknown volume
07-11 17:08:58.922 W/MountService(  374): getVolumeState(/mnt/sdcard2): Unknown volume
07-11 17:08:58.922 W/MountService(  374): getVolumeState(/mnt/emmc): Unknown volume
07-11 17:08:58.922 W/MountService(  374): getVolumeState(/mnt/extSdCard): Unknown volume
07-11 17:08:58.922 W/MountService(  374): getVolumeState(/mnt/sdcard/SD_CARD): Unknown volume
07-11 17:08:58.929 W/MountService(  374): getVolumeState(/mnt/sdcard/extra_sd): Unknown volume
07-11 17:08:58.929 W/MountService(  374): getVolumeState(/mnt/extrasd_bind): Unknown volume
07-11 17:08:58.929 W/MountService(  374): getVolumeState(/mnt/sdcard/ext_sd): Unknown volume
07-11 17:08:58.929 W/MountService(  374): getVolumeState(/storage/extSdCard): Unknown volume
07-11 17:08:58.929 W/MountService(  374): getVolumeState(/storage/sdcard1): Unknown volume
07-11 17:08:58.929 W/MountService(  374): getVolumeState(/mnt/sdcard/external_SD): Unknown volume
07-11 17:08:58.929 W/MountService(  374): getVolumeState(/mnt/sdcard/external_sd): Unknown volume
07-11 17:08:58.961 D/dalvikvm(32313): GC_CONCURRENT freed 374K, 7% free 9467K/10148K, paused 4ms+2ms, total 24ms
07-11 17:08:58.961 D/dalvikvm(32313): WAIT_FOR_CONCURRENT_GC blocked 17ms
07-11 17:08:58.961 D/dalvikvm(32313): WAIT_FOR_CONCURRENT_GC blocked 14ms
07-11 17:08:59.164 D/dalvikvm(32313): GC_CONCURRENT freed 519K, 7% free 9458K/10148K, paused 3ms+3ms, total 37ms
07-11 17:08:59.172 W/MountService(  374): getVolumeState(/storage/emulated/0/external_sd): Unknown volume
07-11 17:08:59.179 W/MountService(  374): getVolumeState(/mnt/sdcard-ext): Unknown volume
07-11 17:08:59.179 W/MountService(  374): getVolumeState(/mnt/ext_sdcard): Unknown volume
07-11 17:08:59.179 W/MountService(  374): getVolumeState(/mnt/sdcard2): Unknown volume
07-11 17:08:59.179 W/MountService(  374): getVolumeState(/mnt/emmc): Unknown volume
07-11 17:08:59.179 W/MountService(  374): getVolumeState(/mnt/extSdCard): Unknown volume
07-11 17:08:59.179 W/MountService(  374): getVolumeState(/mnt/sdcard/SD_CARD): Unknown volume
07-11 17:08:59.179 W/MountService(  374): getVolumeState(/mnt/sdcard/extra_sd): Unknown volume
07-11 17:08:59.179 W/MountService(  374): getVolumeState(/mnt/extrasd_bind): Unknown volume
07-11 17:08:59.179 W/MountService(  374): getVolumeState(/mnt/sdcard/ext_sd): Unknown volume
07-11 17:08:59.187 W/MountService(  374): getVolumeState(/storage/extSdCard): Unknown volume
07-11 17:08:59.187 W/MountService(  374): getVolumeState(/storage/sdcard1): Unknown volume
07-11 17:08:59.187 W/MountService(  374): getVolumeState(/mnt/sdcard/external_SD): Unknown volume
07-11 17:08:59.187 W/MountService(  374): getVolumeState(/mnt/sdcard/external_sd): Unknown volume
07-11 17:09:03.695 D/AndroidRuntime( 7812): 
07-11 17:09:03.695 D/AndroidRuntime( 7812): >>>>>> AndroidRuntime START com.android.internal.os.RuntimeInit <<<<<<
07-11 17:09:03.695 D/AndroidRuntime( 7812): CheckJNI is OFF
07-11 17:09:03.711 D/dalvikvm( 7812): Trying to load lib libjavacore.so 0x0
07-11 17:09:03.719 D/dalvikvm( 7812): Added shared lib libjavacore.so 0x0
07-11 17:09:03.734 D/dalvikvm( 7812): Trying to load lib libnativehelper.so 0x0
07-11 17:09:03.734 D/dalvikvm( 7812): Added shared lib libnativehelper.so 0x0
07-11 17:09:03.765 I/dalvikvm( 7812): DexOpt: source file mod time mismatch (44eb86f6 vs 44eb88e6)
07-11 17:09:03.765 D/dalvikvm( 7812): ODEX file is stale or bad; removing and retrying (/data/local/tmp/dalvik-cache/data@local@tmp@MDMMobileTest.jar@classes.dex)
07-11 17:09:03.773 D/dalvikvm( 7812): DexOpt: --- BEGIN 'MDMMobileTest.jar' (bootstrap=0) ---
07-11 17:09:03.828 D/dalvikvm( 7813): DexOpt: load 7ms, verify+opt 4ms, 124100 bytes
07-11 17:09:03.851 D/dalvikvm( 7812): DexOpt: --- END 'MDMMobileTest.jar' (success) ---
07-11 17:09:03.851 D/dalvikvm( 7812): DEX prep '/data/local/tmp/MDMMobileTest.jar': unzip in 3ms, rewrite 77ms
07-11 17:09:04.054 D/AndroidRuntime( 7812): Calling main entry com.android.commands.uiautomator.Launcher
07-11 17:09:04.094 E/UiDevice( 7812): Exceuting watcher: ANRWatcher
07-11 17:09:04.094 E/UiDevice( 7812): java.lang.RuntimeException: UiDevice not initialized
07-11 17:09:04.094 E/UiDevice( 7812): 	at com.android.uiautomator.core.UiDevice.getAutomatorBridge(UiDevice.java:87)
07-11 17:09:04.094 E/UiDevice( 7812): 	at com.android.uiautomator.core.UiDevice.wakeUp(UiDevice.java:719)
07-11 17:09:04.094 E/UiDevice( 7812): 	at com.pekall.test.mdmui.util.UiANRWatcher.checkForCondition(UiANRWatcher.java:23)
07-11 17:09:04.094 E/UiDevice( 7812): 	at com.android.uiautomator.core.UiDevice.runWatchers(UiDevice.java:554)
07-11 17:09:04.094 E/UiDevice( 7812): 	at com.pekall.test.mdmui.util.UiANRWatcher.run(UiANRWatcher.java:41)
07-11 17:09:04.094 E/UiDevice( 7812): 	at com.pekall.test.mdmui.App.<clinit>(App.java:24)
07-11 17:09:04.094 E/UiDevice( 7812): 	at java.lang.Class.newInstanceImpl(Native Method)
07-11 17:09:04.094 E/UiDevice( 7812): 	at java.lang.Class.newInstance(Class.java:1130)
07-11 17:09:04.094 E/UiDevice( 7812): 	at com.android.uiautomator.testrunner.TestCaseCollector.addSingleTestMethod(TestCaseCollector.java:110)
07-11 17:09:04.094 E/UiDevice( 7812): 	at com.android.uiautomator.testrunner.TestCaseCollector.addTestClass(TestCaseCollector.java:86)
07-11 17:09:04.094 E/UiDevice( 7812): 	at com.android.uiautomator.testrunner.TestCaseCollector.addTestClass(TestCaseCollector.java:72)
07-11 17:09:04.094 E/UiDevice( 7812): 	at com.android.uiautomator.testrunner.TestCaseCollector.addTestClasses(TestCaseCollector.java:53)
07-11 17:09:04.094 E/UiDevice( 7812): 	at com.android.uiautomator.testrunner.UiAutomatorTestRunner.start(UiAutomatorTestRunner.java:106)
07-11 17:09:04.094 E/UiDevice( 7812): 	at com.android.uiautomator.testrunner.UiAutomatorTestRunner.run(UiAutomatorTestRunner.java:96)
07-11 17:09:04.094 E/UiDevice( 7812): 	at com.android.commands.uiautomator.RunTestCommand.run(RunTestCommand.java:91)
07-11 17:09:04.094 E/UiDevice( 7812): 	at com.android.commands.uiautomator.Launcher.main(Launcher.java:83)
07-11 17:09:04.094 E/UiDevice( 7812): 	at com.android.internal.os.RuntimeInit.nativeFinishInit(Native Method)
07-11 17:09:04.094 E/UiDevice( 7812): 	at com.android.internal.os.RuntimeInit.main(RuntimeInit.java:235)
07-11 17:09:04.094 E/UiDevice( 7812): 	at dalvik.system.NativeStart.main(Native Method)
07-11 17:09:04.117 D/dalvikvm( 7812): Note: class Landroid/app/ActivityManagerNative; has 163 unimplemented (abstract) methods
07-11 17:09:04.211 I/PowerManagerService(  374): Waking up from sleep...
07-11 17:09:04.320 I/ActivityManager(  374): Process com.google.android.gms (pid 5351) has died.
07-11 17:09:04.344 I/WindowManager(  374): Lock screen displayed!
07-11 17:09:04.515 D/dalvikvm(  833): GC_CONCURRENT freed 1242K, 18% free 12863K/15584K, paused 11ms+6ms, total 125ms
07-11 17:09:04.515 D/dalvikvm(  833): WAIT_FOR_CONCURRENT_GC blocked 37ms
07-11 17:09:04.515 D/dalvikvm(  833): WAIT_FOR_CONCURRENT_GC blocked 28ms
07-11 17:09:04.578 D/PowerManagerService-JNI(  374): Excessive delay in autosuspend_disable() while turning screen on: 354ms
07-11 17:09:04.726 V/DigitalWidgetViewsFactory( 5680): DigitalWidget sets next alarm string to null
07-11 17:09:04.961 D/AndroidRuntime( 7833): 
07-11 17:09:04.961 D/AndroidRuntime( 7833): >>>>>> AndroidRuntime START com.android.internal.os.RuntimeInit <<<<<<
07-11 17:09:04.961 D/AndroidRuntime( 7833): CheckJNI is OFF
07-11 17:09:04.976 D/dalvikvm( 7833): Trying to load lib libjavacore.so 0x0
07-11 17:09:04.976 D/dalvikvm( 7833): Added shared lib libjavacore.so 0x0
07-11 17:09:04.992 D/dalvikvm( 7833): Trying to load lib libnativehelper.so 0x0
07-11 17:09:05.000 D/dalvikvm( 7833): Added shared lib libnativehelper.so 0x0
07-11 17:09:05.023 D/SurfaceFlinger(  124): Screen acquired, type=0 flinger=0x400b4008
07-11 17:09:05.289 D/AndroidRuntime( 7833): Calling main entry com.qihoo360.powerctl.root.app.App
07-11 17:09:05.297 D/AndroidRuntime( 7833): Shutting down VM
07-11 17:09:05.297 D/dalvikvm( 7833): Debugger has detached; object registry had 1 entries
07-11 17:09:05.297 I/AndroidRuntime( 7833): NOTE: attach of thread 'Binder_1' failed
07-11 17:09:05.344 D/LightsService(  374): Excessive delay setting light: 222ms
07-11 17:09:05.453 I/ActivityManager(  374): Process com.google.android.googlequicksearchbox (pid 5368) has died.
07-11 17:09:06.234 I/QueryController( 7812): Matched selector: UiSelector[DESCRIPTION=] <<==>> [android.view.accessibility.AccessibilityNodeInfo@36ce71; boundsInParent: Rect(0, 0 - 720, 756); boundsInScreen: Rect(0, 547 - 720, 1303); packageName: android; className: android.view.View; text: null; contentDescription: ; viewIdResName: android:id/glow_pad_view; checkable: false; checked: false; focusable: false; focused: false; selected: false; clickable: false; longClickable: false; enabled: true; password: false; scrollable: false; [ACTION_SELECT, ACTION_CLEAR_SELECTION, ACTION_ACCESSIBILITY_FOCUS, ACTION_NEXT_AT_MOVEMENT_GRANULARITY, ACTION_PREVIOUS_AT_MOVEMENT_GRANULARITY, ACTION_SET_SELECTION]]
07-11 17:09:06.242 W/GlowPadView(  374): The number of target drawables must be equal to the number of direction descriptions.
07-11 17:09:06.523 D/MdmApplication( 3259): [null:-1]->onActivityStarted ui.MainActivity , mActivityCount = 4
07-11 17:09:06.523 D/MDM :   ( 3259): [null:-1]->query
07-11 17:09:06.531 D/PhoneStatusBar(  450): disable: < expand icons alerts ticker system_info BACK HOME recent* CLOCK search >
07-11 17:09:06.539 D/MDM :   ( 3259): [null:-1]->QUERY_PINCODE_CHECK_RESULT
07-11 17:09:06.547 D/NfcService(  592): NFC-C ON
07-11 17:09:06.601 D/PhoneStatusBar(  450): disable: < expand icons alerts ticker system_info back* home* recent clock* search >
07-11 17:09:06.640 W/InputMethodManagerService(  374): Window already focused, ignoring focus gain of: com.android.internal.view.IInputMethodClient$Stub$Proxy@42c81138 attribute=null, token = android.os.BinderProxy@422f4a10
07-11 17:09:07.008 I/RootJni ( 7863): su: permission denied
07-11 17:09:07.054 V/TAG     (  374): bug 7643792: fitSystemWindows([0,50][0,0])
07-11 17:09:07.062 D/dalvikvm( 4565): GC_CONCURRENT freed 250K, 4% free 10114K/10488K, paused 7ms+12ms, total 122ms
07-11 17:09:07.187 D/AndroidRuntime( 7862): 
07-11 17:09:07.187 D/AndroidRuntime( 7862): >>>>>> AndroidRuntime START com.android.internal.os.RuntimeInit <<<<<<
07-11 17:09:07.187 D/AndroidRuntime( 7862): CheckJNI is OFF
07-11 17:09:07.203 D/dalvikvm( 7862): Trying to load lib libjavacore.so 0x0
07-11 17:09:07.211 D/dalvikvm( 7862): Added shared lib libjavacore.so 0x0
07-11 17:09:07.234 D/dalvikvm( 7862): Trying to load lib libnativehelper.so 0x0
07-11 17:09:07.234 D/dalvikvm( 7862): Added shared lib libnativehelper.so 0x0
07-11 17:09:07.312 I/QueryController( 7812): Matched selector: UiSelector[TEXT=] <<==>> [android.view.accessibility.AccessibilityNodeInfo@90c3; boundsInParent: Rect(0, 0 - 384, 48); boundsInScreen: Rect(168, 596 - 552, 644); packageName: com.android.packageinstaller; className: android.widget.TextView; text: ; contentDescription: null; viewIdResName: com.android.packageinstaller:id/uninstall_confirm; checkable: false; checked: false; focusable: false; focused: false; selected: false; clickable: false; longClickable: false; enabled: true; password: false; scrollable: false; [ACTION_SELECT, ACTION_CLEAR_SELECTION, ACTION_ACCESSIBILITY_FOCUS, ACTION_NEXT_AT_MOVEMENT_GRANULARITY, ACTION_PREVIOUS_AT_MOVEMENT_GRANULARITY, ACTION_SET_SELECTION]]
07-11 17:09:07.336 I/QueryController( 7812): Matched selector: UiSelector[TEXT=, CLASS=android.widget.Button] <<==>> [android.view.accessibility.AccessibilityNodeInfo@ab0a; boundsInParent: Rect(0, 0 - 191, 96); boundsInScreen: Rect(361, 694 - 552, 790); packageName: com.android.packageinstaller; className: android.widget.Button; text: ; contentDescription: null; viewIdResName: com.android.packageinstaller:id/ok_button; checkable: false; checked: false; focusable: true; focused: false; selected: false; clickable: true; longClickable: false; enabled: true; password: false; scrollable: false; [ACTION_FOCUS, ACTION_SELECT, ACTION_CLEAR_SELECTION, ACTION_CLICK, ACTION_ACCESSIBILITY_FOCUS, ACTION_NEXT_AT_MOVEMENT_GRANULARITY, ACTION_PREVIOUS_AT_MOVEMENT_GRANULARITY, ACTION_SET_SELECTION]]
07-11 17:09:07.336 D/InteractionController( 7812): clickAndWaitForNewWindow(456, 742)
07-11 17:09:07.461 I/ActivityManager(  374): START u0 {act=android.intent.action.VIEW cmp=com.android.packageinstaller/.UninstallAppProgress (has extras)} from pid 7770
07-11 17:09:07.531 D/AndroidRuntime( 7862): Calling main entry com.qihoo360.powerctl.root.app.App
07-11 17:09:07.531 D/AndroidRuntime( 7862): Shutting down VM
07-11 17:09:07.531 D/dalvikvm( 7862): Debugger has detached; object registry had 1 entries
07-11 17:09:07.531 I/AndroidRuntime( 7862): NOTE: attach of thread 'Binder_1' failed
07-11 17:09:07.640 D/dalvikvm(  374): GC_FOR_ALLOC freed 3084K, 29% free 22799K/31932K, paused 121ms, total 121ms
07-11 17:09:07.719 I/ActivityManager(  374): Force stopping package com.moji.mjweather appid=10082 user=-1
07-11 17:09:07.726 D/dalvikvm(32313): GC_CONCURRENT freed 448K, 8% free 9397K/10148K, paused 6ms+6ms, total 59ms
07-11 17:09:07.726 D/dalvikvm(32313): WAIT_FOR_CONCURRENT_GC blocked 54ms
07-11 17:09:07.726 W/PackageManager(  374): Couldn't delete native library directory /data/app-lib/com.moji.mjweather
07-11 17:09:07.758 I/PackageManager(  374): Removing old permission: getui.permission.GetuiService from package com.moji.mjweather
07-11 17:09:07.758 W/PackageManager(  374): Not granting permission android.permission.SEND_DOWNLOAD_COMPLETED_INTENTS to package com.google.android.browser (protectionLevel=2 flags=0x89be45)
07-11 17:09:07.773 W/PackageManager(  374): Not granting permission android.permission.WRITE_SECURE_SETTINGS to package com.qihoo360.mobilesafe.opti.powerctl (protectionLevel=50 flags=0x80be44)
07-11 17:09:07.773 W/PackageManager(  374): Unknown permission android.permission.READ_SETTINGS in package com.qihoo360.mobilesafe.opti.powerctl
07-11 17:09:07.773 W/PackageManager(  374): Not granting permission android.permission.READ_LOGS to package com.qihoo360.mobilesafe.opti.powerctl (protectionLevel=50 flags=0x80be44)
07-11 17:09:07.773 W/PackageManager(  374): Not granting permission android.permission.STATUS_BAR to package com.qihoo360.mobilesafe.opti.powerctl (protectionLevel=18 flags=0x80be44)
07-11 17:09:07.781 W/PackageManager(  374): Unknown permission android.permission.ADD_SYSTEM_SERVICE in package com.android.phone
07-11 17:09:07.789 W/PackageManager(  374): Unknown permission com.android.smspush.WAPPUSH_MANAGER_BIND in package com.android.phone
07-11 17:09:07.789 W/PackageManager(  374): Not granting permission android.permission.READ_LOGS to package com.qihoo.root (protectionLevel=50 flags=0x80be44)
07-11 17:09:07.789 W/PackageManager(  374): Not granting permission android.permission.INSTALL_PACKAGES to package com.qihoo.root (protectionLevel=18 flags=0x80be44)
07-11 17:09:07.789 W/PackageManager(  374): Not granting permission android.permission.DELETE_PACKAGES to package com.qihoo.root (protectionLevel=18 flags=0x80be44)
07-11 17:09:07.797 W/PackageManager(  374): Unknown permission com.android.vending.billing.IBillingAccountService.BIND2 in package com.google.android.gsf.login
07-11 17:09:07.797 W/PackageManager(  374): Unknown permission com.android.chrome.TOS_ACKED in package com.google.android.gsf.login
07-11 17:09:07.804 W/PackageManager(  374): Unknown permission com.android.gallery3d.permission.GALLERY_PROVIDER in package com.android.bluetooth
07-11 17:09:07.804 W/PackageManager(  374): Not granting permission android.permission.INSTALL_PACKAGES to package com.mgyapp.android (protectionLevel=18 flags=0x88be44)
07-11 17:09:07.804 W/PackageManager(  374): Not granting permission android.permission.DELETE_PACKAGES to package com.mgyapp.android (protectionLevel=18 flags=0x88be44)
07-11 17:09:07.804 W/PackageManager(  374): Not granting permission android.permission.FORCE_STOP_PACKAGES to package com.mgyapp.android (protectionLevel=2 flags=0x88be44)
07-11 17:09:07.812 W/PackageManager(  374): Not granting permission android.permission.DELETE_CACHE_FILES to package com.mgyapp.android (protectionLevel=18 flags=0x88be44)
07-11 17:09:07.812 W/PackageManager(  374): Not granting permission android.permission.READ_LOGS to package com.mgyapp.android (protectionLevel=50 flags=0x88be44)
07-11 17:09:07.812 W/PackageManager(  374): Not granting permission android.permission.WRITE_SECURE_SETTINGS to package com.mgyapp.android (protectionLevel=50 flags=0x88be44)
07-11 17:09:07.812 W/PackageManager(  374): Unknown permission android.permission.READ_OWNER_DATA in package com.mgyapp.android
07-11 17:09:07.812 W/PackageManager(  374): Unknown permission android.permission.WRITE_OWNER_DATA in package com.mgyapp.android
07-11 17:09:07.812 W/PackageManager(  374): Not granting permission android.permission.ACCESS_CACHE_FILESYSTEM to package com.mgyapp.android (protectionLevel=18 flags=0x88be44)
07-11 17:09:07.820 W/PackageManager(  374): Not granting permission android.permission.WRITE_APN_SETTINGS to package com.mgyapp.android (protectionLevel=18 flags=0x88be44)
07-11 17:09:07.820 W/PackageManager(  374): Not granting permission android.permission.MOUNT_UNMOUNT_FILESYSTEMS to package com.mgyapp.android (protectionLevel=18 flags=0x88be44)
07-11 17:09:07.820 W/PackageManager(  374): Unknown permission android.permission.RECEIVE_USER_PRESENT in package com.mgyapp.android
07-11 17:09:07.820 W/PackageManager(  374): Not granting permission android.permission.MODIFY_PHONE_STATE to package com.qihoo360.mobilesafe (protectionLevel=18 flags=0x88be44)
07-11 17:09:07.820 W/PackageManager(  374): Not granting permission android.permission.WRITE_SECURE_SETTINGS to package com.qihoo360.mobilesafe (protectionLevel=50 flags=0x88be44)
07-11 17:09:07.820 W/PackageManager(  374): Not granting permission android.permission.WRITE_APN_SETTINGS to package com.qihoo360.mobilesafe (protectionLevel=18 flags=0x88be44)
07-11 17:09:07.828 W/PackageManager(  374): Not granting permission android.permission.READ_LOGS to package com.qihoo360.mobilesafe (protectionLevel=50 flags=0x88be44)
07-11 17:09:07.828 W/PackageManager(  374): Unknown permission com.qihoo360.mobilesafe_lite.permission.FORCE_CLOSE in package com.qihoo360.mobilesafe
07-11 17:09:07.828 W/PackageManager(  374): Unknown permission telecom.mdesk.permission.FORCE_CLOSE in package com.qihoo360.mobilesafe
07-11 17:09:07.828 W/PackageManager(  374): Not granting permission android.permission.INSTALL_PACKAGES to package com.qihoo360.mobilesafe (protectionLevel=18 flags=0x88be44)
07-11 17:09:07.828 W/PackageManager(  374): Not granting permission android.permission.SET_ALWAYS_FINISH to package com.qihoo360.mobilesafe (protectionLevel=50 flags=0x88be44)
07-11 17:09:07.828 W/PackageManager(  374): Unknown permission android.permission.ACCESS_SUPERUSER in package com.qihoo360.mobilesafe
07-11 17:09:07.828 W/PackageManager(  374): Unknown permission com.qihoo360.mobilesafe.shield.permission.broadcast in package com.qihoo360.mobilesafe
07-11 17:09:07.828 W/PackageManager(  374): Unknown permission com.qihoo360.contacts.permission.broadcast in package com.qihoo360.mobilesafe
07-11 17:09:07.828 W/PackageManager(  374): Unknown permission com.qihoo360.privatehome.permission.openAppActivity in package com.qihoo360.mobilesafe
07-11 17:09:07.836 W/PackageManager(  374): Not granting permission android.permission.INSTALL_PACKAGES to package com.qihoo.appstore (protectionLevel=18 flags=0x88be44)
07-11 17:09:07.836 W/PackageManager(  374): Not granting permission android.permission.DELETE_PACKAGES to package com.qihoo.appstore (protectionLevel=18 flags=0x88be44)
07-11 17:09:07.836 W/PackageManager(  374): Not granting permission android.permission.CLEAR_APP_USER_DATA to package com.qihoo.appstore (protectionLevel=2 flags=0x88be44)
07-11 17:09:07.836 W/PackageManager(  374): Not granting permission android.permission.WRITE_MEDIA_STORAGE to package com.qihoo.appstore (protectionLevel=18 flags=0x88be44)
07-11 17:09:07.836 W/PackageManager(  374): Not granting permission android.permission.ACCESS_CACHE_FILESYSTEM to package com.qihoo.appstore (protectionLevel=18 flags=0x88be44)
07-11 17:09:07.836 W/PackageManager(  374): Unknown permission android.permission.READ_OWNER_DATA in package com.qihoo.appstore
07-11 17:09:07.836 W/PackageManager(  374): Unknown permission android.permission.WRITE_OWNER_DATA in package com.qihoo.appstore
07-11 17:09:07.836 W/PackageManager(  374): Not granting permission android.permission.CHANGE_CONFIGURATION to package com.qihoo.appstore (protectionLevel=50 flags=0x88be44)
07-11 17:09:07.836 W/PackageManager(  374): Unknown permission com.htc.launcher.permission.READ_SETTINGS in package com.qihoo.appstore
07-11 17:09:07.844 W/PackageManager(  374): Not granting permission android.permission.DEVICE_POWER to package com.qihoo.appstore (protectionLevel=2 flags=0x88be44)
07-11 17:09:07.844 W/PackageManager(  374): Not granting permission android.permission.MOUNT_UNMOUNT_FILESYSTEMS to package com.qihoo.appstore (protectionLevel=18 flags=0x88be44)
07-11 17:09:07.844 W/PackageManager(  374): Unknown permission com.huaqin.launcherEx.permission.READ_SETTINGS in package com.qihoo.appstore
07-11 17:09:07.844 W/PackageManager(  374): Unknown permission com.huaqin.launcherEx.permission.WRITE_SETTINGS in package com.qihoo.appstore
07-11 17:09:07.844 W/PackageManager(  374): Unknown permission com.android.launcher.permission.READ_PHONE_STATE in package com.qihoo.appstore
07-11 17:09:07.851 W/PackageManager(  374): Unknown permission com.huawei.launcher3.permission.READ_SETTINGS in package com.qihoo.appstore
07-11 17:09:07.851 W/PackageManager(  374): Unknown permission com.qihoo360.launcher.permission.WRITE_SETTINGS in package com.qihoo.appstore
07-11 17:09:07.851 W/PackageManager(  374): Unknown permission com.qihoo360.launcher.permission.READ_SETTINGS in package com.qihoo.appstore
07-11 17:09:07.851 W/PackageManager(  374): Not granting permission android.permission.DEVICE_POWER to package com.google.android.deskclock (protectionLevel=2 flags=0xc8be45)
07-11 17:09:07.859 W/PackageManager(  374): Unknown permission android.permission.READ_OWNER_DATA in package com.google.android.setupwizard
07-11 17:09:07.859 W/PackageManager(  374): Unknown permission android.permission.WRITE_OWNER_DATA in package com.google.android.setupwizard
07-11 17:09:07.875 W/PackageManager(  374): Unknown permission android.permission.ACCESS_MTK_MMHW in package com.qihoo.permroot
07-11 17:09:07.875 W/PackageManager(  374): Unknown permission com.google.android.voicesearch.SHORTCUTS_ACCESS in package com.google.android.googlequicksearchbox
07-11 17:09:07.875 W/PackageManager(  374): Not granting permission android.permission.ACCOUNT_MANAGER to package com.google.android.music (protectionLevel=2 flags=0x88be65)
07-11 17:09:07.875 W/PackageManager(  374): Unknown permission android.permission.READ_OWNER_DATA in package com.nd.assistance
07-11 17:09:07.875 W/PackageManager(  374): Unknown permission android.permission.WRITE_OWNER_DATA in package com.nd.assistance
07-11 17:09:07.875 W/PackageManager(  374): Not granting permission android.permission.DEVICE_POWER to package com.nd.assistance (protectionLevel=2 flags=0x80ae46)
07-11 17:09:07.875 W/PackageManager(  374): Unknown permission com.android.providers.im.permission.READ_ONLY in package com.google.android.apps.maps
07-11 17:09:07.883 W/PackageManager(  374): Unknown permission android.permission.ACCESS_SUPERUSER in package com.jrummy.root.browser
07-11 17:09:07.883 W/PackageManager(  374): Not granting permission android.permission.ACCESS_CHECKIN_PROPERTIES to package com.google.android.apps.googlevoice (protectionLevel=18 flags=0x8be44)
07-11 17:09:07.883 W/PackageManager(  374): Unknown permission com.google.android.apps.googlevoice.REMOTE_INTENT in package com.google.android.apps.googlevoice
07-11 17:09:07.883 W/PackageManager(  374): Unknown permission com.google.android.permission.RECEIVE_DATA_MESSAGE in package com.google.android.apps.googlevoice
07-11 17:09:07.883 W/PackageManager(  374): Unknown permission com.google.android.permission.SEND_DATA_MESSAGE in package com.google.android.apps.googlevoice
07-11 17:09:07.883 W/PackageManager(  374): Unknown permission com.android.providers.voicemail.permission.READ_WRITE_ALL_VOICEMAIL in package com.google.android.apps.googlevoice
07-11 17:09:07.883 W/PackageManager(  374): Unknown permission com.android.providers.voicemail.permission.READ_WRITE_OWN_VOICEMAIL in package com.google.android.apps.googlevoice
07-11 17:09:07.890 W/PackageManager(  374): Not granting permission com.google.android.apps.dashclock.permission.READ_EXTENSION_DATA to package com.betterapps.dashclock (protectionLevel=2 flags=0x8bbe44)
07-11 17:09:07.890 W/PackageManager(  374): Not granting permission android.permission.READ_LOGS to package com.pekall.emdm (protectionLevel=50 flags=0x88be46)
07-11 17:09:07.890 W/PackageManager(  374): Not granting permission android.permission.BIND_APPWIDGET to package com.pekall.emdm (protectionLevel=18 flags=0x88be46)
07-11 17:09:07.890 W/PackageManager(  374): Unknown permission com.pekall.emdm.launcher.permission.READ_SETTINGS in package com.pekall.emdm
07-11 17:09:07.890 W/PackageManager(  374): Unknown permission com.pekall.emdm.launcher.permission.WRITE_SETTINGS in package com.pekall.emdm
07-11 17:09:07.890 W/PackageManager(  374): Not granting permission android.permission.CHANGE_CONFIGURATION to package com.pekall.emdm (protectionLevel=50 flags=0x88be46)
07-11 17:09:07.890 W/PackageManager(  374): Not granting permission android.permission.INSTALL_PACKAGES to package com.pekall.emdm (protectionLevel=18 flags=0x88be46)
07-11 17:09:07.890 W/PackageManager(  374): Unknown permission android.permission.sec.ENTERPRISE_DEVICE_ADMIN in package com.pekall.emdm
07-11 17:09:07.890 W/PackageManager(  374): Unknown permission android.permission.sec.MDM_APP_MGMT in package com.pekall.emdm
07-11 17:09:07.890 W/PackageManager(  374): Unknown permission android.permission.sec.MDM_BLUETOOTH in package com.pekall.emdm
07-11 17:09:07.898 W/PackageManager(  374): Unknown permission android.permission.sec.MDM_INVENTORY in package com.pekall.emdm
07-11 17:09:07.898 W/PackageManager(  374): Unknown permission android.permission.sec.MDM_EXCHANGE in package com.pekall.emdm
07-11 17:09:07.898 W/PackageManager(  374): Unknown permission android.permission.sec.MDM_ROAMING in package com.pekall.emdm
07-11 17:09:07.898 W/PackageManager(  374): Unknown permission android.permission.sec.MDM_WIFI in package com.pekall.emdm
07-11 17:09:07.898 W/PackageManager(  374): Unknown permission android.permission.sec.MDM_SECURITY in package com.pekall.emdm
07-11 17:09:07.898 W/PackageManager(  374): Unknown permission android.permission.sec.MDM_HW_CONTROL in package com.pekall.emdm
07-11 17:09:07.898 W/PackageManager(  374): Unknown permission android.permission.sec.MDM_RESTRICTION in package com.pekall.emdm
07-11 17:09:07.898 W/PackageManager(  374): Unknown permission android.permission.sec.MDM_LOCATION in package com.pekall.emdm
07-11 17:09:07.898 W/PackageManager(  374): Not granting permission android.permission.INTERACT_ACROSS_USERS_FULL to package com.pekall.emdm (protectionLevel=2 flags=0x88be46)
07-11 17:09:07.898 W/PackageManager(  374): Unknown permission android.permission.sec.MDM_CALLING in package com.pekall.emdm
07-11 17:09:07.898 W/PackageManager(  374): Unknown permission android.permission.sec.MDM_EMAIL in package com.pekall.emdm
07-11 17:09:07.898 W/PackageManager(  374): Unknown permission android.permission.sec.MDM_VPN in package com.pekall.emdm
07-11 17:09:07.898 W/PackageManager(  374): Unknown permission android.permission.sec.MDM_APN in package com.pekall.emdm
07-11 17:09:07.898 W/PackageManager(  374): Unknown permission android.permission.sec.MDM_PHONE_RESTRICTION in package com.pekall.emdm
07-11 17:09:07.898 W/PackageManager(  374): Unknown permission android.permission.sec.MDM_BROWSER_SETTINGS in package com.pekall.emdm
07-11 17:09:07.906 W/PackageManager(  374): Unknown permission android.permission.sec.MDM_DATE_TIME in package com.pekall.emdm
07-11 17:09:07.906 W/PackageManager(  374): Unknown permission android.permission.sec.MDM_ENTERPRISE_VPN in package com.pekall.emdm
07-11 17:09:07.906 W/PackageManager(  374): Unknown permission android.permission.sec.MDM_FIREWALL in package com.pekall.emdm
07-11 17:09:07.906 W/PackageManager(  374): Unknown permission android.permission.sec.MDM_APP_PERMISSION_MGMT in package com.pekall.emdm
07-11 17:09:07.906 W/PackageManager(  374): Unknown permission android.permission.sec.MDM_KIOSK_MODE in package com.pekall.emdm
07-11 17:09:07.906 W/PackageManager(  374): Not granting permission android.permission.ACCESS_DOWNLOAD_MANAGER to package com.pekall.emdm (protectionLevel=18 flags=0x88be46)
07-11 17:09:07.906 W/PackageManager(  374): Not granting permission android.permission.SEND_DOWNLOAD_COMPLETED_INTENTS to package com.pekall.emdm (protectionLevel=2 flags=0x88be46)
07-11 17:09:07.906 W/PackageManager(  374): Unknown permission com.pekall.emdm.browser.permission.READ_HISTORY_BOOKMARKS in package com.pekall.emdm
07-11 17:09:07.906 W/PackageManager(  374): Unknown permission com.pekall.emdm.browser.permission.WRITE_HISTORY_BOOKMARKS in package com.pekall.emdm
07-11 17:09:07.906 W/PackageManager(  374): Unknown permission com.pekall.semail.permission.READ_ATTACHMENT in package com.pekall.emdm
07-11 17:09:07.906 W/PackageManager(  374): Unknown permission com.pekall.semail.permission.ACCESS_PROVIDER in package com.pekall.emdm
07-11 17:09:07.922 W/PackageManager(  374): Not granting permission android.permission.WRITE_APN_SETTINGS to package com.dragon.android.pandaspace (protectionLevel=18 flags=0x80be44)
07-11 17:09:07.922 W/PackageManager(  374): Not granting permission android.permission.INSTALL_PACKAGES to package com.dragon.android.pandaspace (protectionLevel=18 flags=0x80be44)
07-11 17:09:07.929 W/PackageManager(  374): Not granting permission android.permission.CHANGE_CONFIGURATION to package com.dragon.android.pandaspace (protectionLevel=50 flags=0x80be44)
07-11 17:09:07.929 W/PackageManager(  374): Not granting permission android.permission.READ_LOGS to package com.dragon.android.pandaspace (protectionLevel=50 flags=0x80be44)
