07-11 14:43:54.101 W/PackageManager(  374): Unknown permission com.google.android.apps.googlevoice.REMOTE_INTENT in package com.google.android.apps.googlevoice
07-11 14:43:54.101 W/PackageManager(  374): Unknown permission com.google.android.permission.RECEIVE_DATA_MESSAGE in package com.google.android.apps.googlevoice
07-11 14:43:54.101 W/PackageManager(  374): Unknown permission com.google.android.permission.SEND_DATA_MESSAGE in package com.google.android.apps.googlevoice
07-11 14:43:54.109 W/PackageManager(  374): Unknown permission com.android.providers.voicemail.permission.READ_WRITE_ALL_VOICEMAIL in package com.google.android.apps.googlevoice
07-11 14:43:54.109 W/PackageManager(  374): Unknown permission com.android.providers.voicemail.permission.READ_WRITE_OWN_VOICEMAIL in package com.google.android.apps.googlevoice
07-11 14:43:54.109 W/PackageManager(  374): Not granting permission com.google.android.apps.dashclock.permission.READ_EXTENSION_DATA to package com.betterapps.dashclock (protectionLevel=2 flags=0x8bbe44)
07-11 14:43:54.109 W/PackageManager(  374): Not granting permission android.permission.READ_LOGS to package com.pekall.emdm (protectionLevel=50 flags=0x88be46)
07-11 14:43:54.117 W/PackageManager(  374): Not granting permission android.permission.BIND_APPWIDGET to package com.pekall.emdm (protectionLevel=18 flags=0x88be46)
07-11 14:43:54.117 W/PackageManager(  374): Unknown permission com.pekall.emdm.launcher.permission.READ_SETTINGS in package com.pekall.emdm
07-11 14:43:54.117 W/PackageManager(  374): Unknown permission com.pekall.emdm.launcher.permission.WRITE_SETTINGS in package com.pekall.emdm
07-11 14:43:54.117 W/PackageManager(  374): Not granting permission android.permission.CHANGE_CONFIGURATION to package com.pekall.emdm (protectionLevel=50 flags=0x88be46)
07-11 14:43:54.117 W/PackageManager(  374): Not granting permission android.permission.INSTALL_PACKAGES to package com.pekall.emdm (protectionLevel=18 flags=0x88be46)
07-11 14:43:54.117 W/PackageManager(  374): Unknown permission android.permission.sec.ENTERPRISE_DEVICE_ADMIN in package com.pekall.emdm
07-11 14:43:54.117 W/PackageManager(  374): Unknown permission android.permission.sec.MDM_APP_MGMT in package com.pekall.emdm
07-11 14:43:54.117 W/PackageManager(  374): Unknown permission android.permission.sec.MDM_BLUETOOTH in package com.pekall.emdm
07-11 14:43:54.117 W/PackageManager(  374): Unknown permission android.permission.sec.MDM_INVENTORY in package com.pekall.emdm
07-11 14:43:54.117 W/PackageManager(  374): Unknown permission android.permission.sec.MDM_EXCHANGE in package com.pekall.emdm
07-11 14:43:54.117 W/PackageManager(  374): Unknown permission android.permission.sec.MDM_ROAMING in package com.pekall.emdm
07-11 14:43:54.117 W/PackageManager(  374): Unknown permission android.permission.sec.MDM_WIFI in package com.pekall.emdm
07-11 14:43:54.125 W/PackageManager(  374): Unknown permission android.permission.sec.MDM_SECURITY in package com.pekall.emdm
07-11 14:43:54.125 W/PackageManager(  374): Unknown permission android.permission.sec.MDM_HW_CONTROL in package com.pekall.emdm
07-11 14:43:54.125 W/PackageManager(  374): Unknown permission android.permission.sec.MDM_RESTRICTION in package com.pekall.emdm
07-11 14:43:54.125 W/PackageManager(  374): Unknown permission android.permission.sec.MDM_LOCATION in package com.pekall.emdm
07-11 14:43:54.125 W/PackageManager(  374): Not granting permission android.permission.INTERACT_ACROSS_USERS_FULL to package com.pekall.emdm (protectionLevel=2 flags=0x88be46)
07-11 14:43:54.125 W/PackageManager(  374): Unknown permission android.permission.sec.MDM_CALLING in package com.pekall.emdm
07-11 14:43:54.125 W/PackageManager(  374): Unknown permission android.permission.sec.MDM_EMAIL in package com.pekall.emdm
07-11 14:43:54.125 W/PackageManager(  374): Unknown permission android.permission.sec.MDM_VPN in package com.pekall.emdm
07-11 14:43:54.125 W/PackageManager(  374): Unknown permission android.permission.sec.MDM_APN in package com.pekall.emdm
07-11 14:43:54.125 W/PackageManager(  374): Unknown permission android.permission.sec.MDM_PHONE_RESTRICTION in package com.pekall.emdm
07-11 14:43:54.125 W/PackageManager(  374): Unknown permission android.permission.sec.MDM_BROWSER_SETTINGS in package com.pekall.emdm
07-11 14:43:54.125 W/PackageManager(  374): Unknown permission android.permission.sec.MDM_DATE_TIME in package com.pekall.emdm
07-11 14:43:54.133 W/PackageManager(  374): Unknown permission android.permission.sec.MDM_ENTERPRISE_VPN in package com.pekall.emdm
07-11 14:43:54.133 W/PackageManager(  374): Unknown permission android.permission.sec.MDM_FIREWALL in package com.pekall.emdm
07-11 14:43:54.133 W/PackageManager(  374): Unknown permission android.permission.sec.MDM_APP_PERMISSION_MGMT in package com.pekall.emdm
07-11 14:43:54.133 W/PackageManager(  374): Unknown permission android.permission.sec.MDM_KIOSK_MODE in package com.pekall.emdm
07-11 14:43:54.133 W/PackageManager(  374): Not granting permission android.permission.ACCESS_DOWNLOAD_MANAGER to package com.pekall.emdm (protectionLevel=18 flags=0x88be46)
07-11 14:43:54.133 W/PackageManager(  374): Not granting permission android.permission.SEND_DOWNLOAD_COMPLETED_INTENTS to package com.pekall.emdm (protectionLevel=2 flags=0x88be46)
07-11 14:43:54.133 W/PackageManager(  374): Unknown permission com.pekall.emdm.browser.permission.READ_HISTORY_BOOKMARKS in package com.pekall.emdm
07-11 14:43:54.133 W/PackageManager(  374): Unknown permission com.pekall.emdm.browser.permission.WRITE_HISTORY_BOOKMARKS in package com.pekall.emdm
07-11 14:43:54.133 W/PackageManager(  374): Unknown permission com.pekall.semail.permission.READ_ATTACHMENT in package com.pekall.emdm
07-11 14:43:54.133 W/PackageManager(  374): Unknown permission com.pekall.semail.permission.ACCESS_PROVIDER in package com.pekall.emdm
07-11 14:43:54.148 W/PackageManager(  374): Not granting permission android.permission.WRITE_APN_SETTINGS to package com.dragon.android.pandaspace (protectionLevel=18 flags=0x80be44)
07-11 14:43:54.148 W/PackageManager(  374): Not granting permission android.permission.INSTALL_PACKAGES to package com.dragon.android.pandaspace (protectionLevel=18 flags=0x80be44)
07-11 14:43:54.148 W/PackageManager(  374): Not granting permission android.permission.CHANGE_CONFIGURATION to package com.dragon.android.pandaspace (protectionLevel=50 flags=0x80be44)
07-11 14:43:54.148 W/PackageManager(  374): Not granting permission android.permission.READ_LOGS to package com.dragon.android.pandaspace (protectionLevel=50 flags=0x80be44)
07-11 14:43:54.148 W/PackageManager(  374): Not granting permission android.permission.PACKAGE_USAGE_STATS to package com.dragon.android.pandaspace (protectionLevel=18 flags=0x80be44)
07-11 14:43:54.148 W/PackageManager(  374): Not granting permission android.permission.MOUNT_UNMOUNT_FILESYSTEMS to package com.dragon.android.pandaspace (protectionLevel=18 flags=0x80be44)
07-11 14:43:54.148 W/PackageManager(  374): Not granting permission android.permission.SET_ACTIVITY_WATCHER to package com.dragon.android.pandaspace (protectionLevel=2 flags=0x80be44)
07-11 14:43:54.156 W/PackageManager(  374): Not granting permission android.permission.DELETE_PACKAGES to package com.dragon.android.pandaspace (protectionLevel=18 flags=0x80be44)
07-11 14:43:54.156 W/PackageManager(  374): Not granting permission android.permission.CHANGE_COMPONENT_ENABLED_STATE to package com.dragon.android.pandaspace (protectionLevel=18 flags=0x80be44)
07-11 14:43:54.156 W/PackageManager(  374): Not granting permission android.permission.SEND_DOWNLOAD_COMPLETED_INTENTS to package com.android.vending (protectionLevel=2 flags=0x8abe45)
07-11 14:43:54.156 W/PackageManager(  374): Unknown permission android.permission.SEND_SMS_NO_CONFIRMATION in package com.android.vending
07-11 14:43:54.164 W/PackageManager(  374): Unknown permission android.permission.ACCESS_SUPERUSER in package com.speedsoftware.rootexplorer
07-11 14:43:54.164 W/PackageManager(  374): Not granting permission android.permission.WRITE_SECURE_SETTINGS to package com.pekall.nmefc (protectionLevel=50 flags=0x88be44)
07-11 14:43:54.164 W/PackageManager(  374): Unknown permission android.permission.ACCESS_GPS in package com.pekall.nmefc
07-11 14:43:54.164 W/PackageManager(  374): Unknown permission android.permission.BAIDU_LOCATION_SERVICE in package com.pekall.nmefc
07-11 14:43:54.164 W/PackageManager(  374): Not granting permission android.permission.MOUNT_UNMOUNT_FILESYSTEMS to package com.pekall.nmefc (protectionLevel=18 flags=0x88be44)
07-11 14:43:54.172 D/dalvikvm( 4987): GC_FOR_ALLOC freed 513K, 60% free 603K/1476K, paused 8ms, total 8ms
07-11 14:43:54.172 W/PackageManager(  374): Not granting permission android.permission.READ_DREAM_STATE to package com.google.android.gsf (protectionLevel=2 flags=0x883e45)
07-11 14:43:54.172 W/PackageManager(  374): Unknown permission android.permission.RECEIVE_USER_PRESENT in package com.moji.mjweather
07-11 14:43:54.179 W/PackageManager(  374): Not granting permission android.permission.INTERACT_ACROSS_USERS_FULL to package com.moji.mjweather (protectionLevel=2 flags=0x18be44)
07-11 14:43:54.179 W/PackageManager(  374): Not granting permission android.permission.MOUNT_UNMOUNT_FILESYSTEMS to package com.moji.mjweather (protectionLevel=18 flags=0x18be44)
07-11 14:43:54.179 W/PackageManager(  374): Not granting permission android.permission.READ_LOGS to package com.moji.mjweather (protectionLevel=50 flags=0x18be44)
07-11 14:43:54.390 D/dalvikvm( 4987): GC_FOR_ALLOC freed 509K, 59% free 606K/1476K, paused 7ms, total 8ms
07-11 14:43:54.406 I/InputReader(  374): Reconfiguring input devices.  changes=0x00000010
07-11 14:43:54.719 D/dalvikvm(  833): GC_CONCURRENT freed 1090K, 17% free 13054K/15584K, paused 7ms+11ms, total 188ms
07-11 14:43:54.750 D/dalvikvm( 5199): GC_CONCURRENT freed 400K, 30% free 9222K/13064K, paused 9ms+3ms, total 67ms
07-11 14:43:54.859 I/ActivityManager(  374): Start proc com.qihoo360.mobilesafe for service com.qihoo360.mobilesafe/.service.GuardDelegateService: pid=5387 uid=10072 gids={50072, 3003, 1015, 3001, 3002, 1006, 1028}
07-11 14:43:54.984 D/dalvikvm( 4987): GC_FOR_ALLOC freed 512K, 59% free 605K/1476K, paused 10ms, total 10ms
07-11 14:43:54.992 I/ActivityManager(  374): Start proc com.qihoo360.mobilesafe:scan for service com.qihoo360.mobilesafe/com.qihoo.security.services.DeepScanService: pid=5399 uid=10072 gids={50072, 3003, 1015, 3001, 3002, 1006, 1028}
07-11 14:43:55.008 D/dalvikvm(  592): GC_CONCURRENT freed 504K, 6% free 9171K/9720K, paused 3ms+3ms, total 109ms
07-11 14:43:55.226 I/Launcher(  605): Deferring update until onResume
07-11 14:43:55.273 I/MobileSafeApplication( 5387): runtime.process.name=com.qihoo360.mobilesafe
07-11 14:43:55.273 I/MobileSafeApplication( 5387): process ui=true persist=false crash=false contact=false barcode=false permm=false
07-11 14:43:55.344 I/MobileSafeApplication( 5387): use ipc_pref, try load
07-11 14:43:55.367 D/dalvikvm( 5387): Trying to load lib /data/data/com.qihoo360.mobilesafe/files/so_libs/libipc_pref.520.1.so 0x4207d9b8
07-11 14:43:55.367 D/BackupManagerService(  374): Received broadcast Intent { act=android.intent.action.PACKAGE_ADDED dat=package:com.moji.mjweather flg=0x8000010 (has extras) }
07-11 14:43:55.375 V/BackupManagerService(  374): addPackageParticipantsLocked: #1
07-11 14:43:55.390 I/ipc_pref( 5387): [RegisterJniFunctions:19]	RegisterJniFunction methods count: 10
07-11 14:43:55.390 I/ipc_pref( 5387): 
07-11 14:43:55.390 D/dalvikvm( 5387): Added shared lib /data/data/com.qihoo360.mobilesafe/files/so_libs/libipc_pref.520.1.so 0x4207d9b8
07-11 14:43:55.390 I/ipc_pref( 5387): [JNI_OnLoad:43]	JNI_OnLoad
07-11 14:43:55.390 I/ipc_pref( 5387): 
07-11 14:43:55.398 I/ipc_pref( 5387): [init:19]	init /data/data/com.qihoo360.mobilesafe/shared_prefs/ipc_pref
07-11 14:43:55.398 I/ipc_pref( 5387): 
07-11 14:43:55.398 I/ipc_pref( 5387): [init:45]	/data/data/com.qihoo360.mobilesafe/shared_prefs/ipc_pref
07-11 14:43:55.398 I/ipc_pref( 5387): 
07-11 14:43:55.422 I/MobileSafeApplication( 5387): use ipc_pref, loaded
07-11 14:43:55.445 I/MobileSafeApplication( 5399): runtime.process.name=com.qihoo360.mobilesafe:scan
07-11 14:43:55.453 I/MobileSafeApplication( 5399): process ui=false persist=false crash=false contact=false barcode=false permm=false
07-11 14:43:55.469 I/MobileSafeApplication( 5399): use ipc_pref, try load
07-11 14:43:55.476 D/dalvikvm( 5399): Trying to load lib /data/data/com.qihoo360.mobilesafe/files/so_libs/libipc_pref.520.1.so 0x4207d940
07-11 14:43:55.484 I/ipc_pref( 5399): [RegisterJniFunctions:19]	RegisterJniFunction methods count: 10
07-11 14:43:55.484 I/ipc_pref( 5399): 
07-11 14:43:55.484 D/dalvikvm( 5399): Added shared lib /data/data/com.qihoo360.mobilesafe/files/so_libs/libipc_pref.520.1.so 0x4207d940
07-11 14:43:55.484 I/ipc_pref( 5399): [JNI_OnLoad:43]	JNI_OnLoad
07-11 14:43:55.484 I/ipc_pref( 5399): 
07-11 14:43:55.484 I/ipc_pref( 5399): [init:19]	init /data/data/com.qihoo360.mobilesafe/shared_prefs/ipc_pref
07-11 14:43:55.484 I/ipc_pref( 5399): 
07-11 14:43:55.492 I/ipc_pref( 5399): [init:45]	/data/data/com.qihoo360.mobilesafe/shared_prefs/ipc_pref
07-11 14:43:55.492 I/ipc_pref( 5399): 
07-11 14:43:55.500 I/MobileSafeApplication( 5399): use ipc_pref, loaded
07-11 14:43:55.562 D/dalvikvm(27881): GC_CONCURRENT freed 314K, 6% free 9498K/10028K, paused 253ms+7ms, total 516ms
07-11 14:43:55.609 D/dalvikvm( 5399): Trying to load lib /data/data/com.qihoo360.mobilesafe/files/so_libs/libbreakpad-jni-1.0.so 0x4207d940
07-11 14:43:55.617 D/dalvikvm( 5399): Added shared lib /data/data/com.qihoo360.mobilesafe/files/so_libs/libbreakpad-jni-1.0.so 0x4207d940
07-11 14:43:55.617 D/dalvikvm( 5399): No JNI_OnLoad found in /data/data/com.qihoo360.mobilesafe/files/so_libs/libbreakpad-jni-1.0.so 0x4207d940, skipping init
07-11 14:43:55.617 D/CrashHandler( 5399): path = /data/data/com.qihoo360.mobilesafe/files/native_crash
07-11 14:43:55.648 D/dalvikvm( 5399): Trying to load lib /data/data/com.qihoo360.mobilesafe/lib/libcloudscan-1.0.0.so 0x4207d940
07-11 14:43:55.679 D/dalvikvm( 4987): GC_FOR_ALLOC freed 514K, 60% free 602K/1476K, paused 8ms, total 8ms
07-11 14:43:55.679 D/dalvikvm( 5399): Added shared lib /data/data/com.qihoo360.mobilesafe/lib/libcloudscan-1.0.0.so 0x4207d940
07-11 14:43:55.758 D/dalvikvm( 5387): Trying to load lib /data/data/com.qihoo360.mobilesafe/files/so_libs/libbreakpad-jni-1.0.so 0x4207d9b8
07-11 14:43:55.765 D/dalvikvm( 5387): Added shared lib /data/data/com.qihoo360.mobilesafe/files/so_libs/libbreakpad-jni-1.0.so 0x4207d9b8
07-11 14:43:55.765 D/dalvikvm( 5387): No JNI_OnLoad found in /data/data/com.qihoo360.mobilesafe/files/so_libs/libbreakpad-jni-1.0.so 0x4207d9b8, skipping init
07-11 14:43:55.765 D/CrashHandler( 5387): path = /data/data/com.qihoo360.mobilesafe/files/native_crash
07-11 14:43:55.797 D/dalvikvm(27801): GC_CONCURRENT freed 389K, 16% free 9205K/10844K, paused 115ms+61ms, total 208ms
07-11 14:43:55.820 D/dalvikvm( 5387): GC_CONCURRENT freed 187K, 3% free 9135K/9364K, paused 4ms+3ms, total 44ms
07-11 14:43:55.828 I/NativeManager( 5387): wait native manager ...
07-11 14:43:55.828 D/dalvikvm( 5387): Trying to load lib /data/data/com.qihoo360.mobilesafe/files/so_libs/libmobilesafe360-jni-520.2.so 0x4207d9b8
07-11 14:43:55.859 D/dalvikvm( 5387): Added shared lib /data/data/com.qihoo360.mobilesafe/files/so_libs/libmobilesafe360-jni-520.2.so 0x4207d9b8
07-11 14:43:55.859 D/MobileSafeApplication( 5387): -- not cold launch...
07-11 14:43:55.859 I/ActivityManager(  374): Start proc com.google.android.gallery3d for broadcast com.google.android.gallery3d/com.android.gallery3d.app.PackagesMonitor: pid=5415 uid=10019 gids={50019, 1006, 3003, 1015, 1028}
07-11 14:43:55.883 I/ipc_pref( 5387): [open:30]	open /data/data/com.qihoo360.mobilesafe/shared_prefs/com.qihoo360.mobilesafe_preferences.xml
07-11 14:43:55.883 I/ipc_pref( 5387): 
07-11 14:43:55.890 I/ActivityManager(  374): Start proc com.qihoo360.mobilesafe:engine for service com.qihoo360.mobilesafe/com.qihoo.security.services.ScanEngineService: pid=5426 uid=10072 gids={50072, 3003, 1015, 3001, 3002, 1006, 1028}
07-11 14:43:55.922 W/Settings( 5387): Setting always_finish_activities has moved from android.provider.Settings.System to android.provider.Settings.Global, returning read-only value.
07-11 14:43:55.969 I/ipc_pref( 5387): [open:30]	open /data/data/com.qihoo360.mobilesafe/shared_prefs/upgrade_pref.xml
07-11 14:43:55.969 I/ipc_pref( 5387): 
07-11 14:43:56.109 I/MobileSafeApplication( 5426): runtime.process.name=com.qihoo360.mobilesafe:engine
07-11 14:43:56.133 I/MobileSafeApplication( 5426): process ui=false persist=false crash=false contact=false barcode=false permm=false
07-11 14:43:56.164 I/MobileSafeApplication( 5426): use ipc_pref, try load
07-11 14:43:56.164 D/dalvikvm( 5426): Trying to load lib /data/data/com.qihoo360.mobilesafe/files/so_libs/libipc_pref.520.1.so 0x4207f700
07-11 14:43:56.172 I/ipc_pref( 5426): [RegisterJniFunctions:19]	RegisterJniFunction methods count: 10
07-11 14:43:56.172 I/ipc_pref( 5426): 
07-11 14:43:56.172 D/dalvikvm( 5426): Added shared lib /data/data/com.qihoo360.mobilesafe/files/so_libs/libipc_pref.520.1.so 0x4207f700
07-11 14:43:56.172 I/ipc_pref( 5426): [JNI_OnLoad:43]	JNI_OnLoad
07-11 14:43:56.172 I/ipc_pref( 5426): 
07-11 14:43:56.172 I/ipc_pref( 5426): [init:19]	init /data/data/com.qihoo360.mobilesafe/shared_prefs/ipc_pref
07-11 14:43:56.172 I/ipc_pref( 5426): 
07-11 14:43:56.172 I/ipc_pref( 5426): [init:45]	/data/data/com.qihoo360.mobilesafe/shared_prefs/ipc_pref
07-11 14:43:56.172 I/ipc_pref( 5426): 
07-11 14:43:56.179 I/MobileSafeApplication( 5426): use ipc_pref, loaded
07-11 14:43:56.195 D/dalvikvm( 5426): Trying to load lib /data/data/com.qihoo360.mobilesafe/files/so_libs/libbreakpad-jni-1.0.so 0x4207f700
07-11 14:43:56.195 D/dalvikvm( 5426): Added shared lib /data/data/com.qihoo360.mobilesafe/files/so_libs/libbreakpad-jni-1.0.so 0x4207f700
07-11 14:43:56.203 D/dalvikvm( 5426): No JNI_OnLoad found in /data/data/com.qihoo360.mobilesafe/files/so_libs/libbreakpad-jni-1.0.so 0x4207f700, skipping init
07-11 14:43:56.203 D/CrashHandler( 5426): path = /data/data/com.qihoo360.mobilesafe/files/native_crash
07-11 14:43:56.265 D/dalvikvm( 1789): GC_CONCURRENT freed 302K, 4% free 10011K/10416K, paused 24ms+14ms, total 619ms
07-11 14:43:56.289 D/dalvikvm( 5426): Trying to load lib /data/data/com.qihoo360.mobilesafe/lib/libdejavu-2.1.0.so 0x4207f700
07-11 14:43:56.297 D/dalvikvm( 5426): Added shared lib /data/data/com.qihoo360.mobilesafe/lib/libdejavu-2.1.0.so 0x4207f700
07-11 14:43:56.297 D/dalvikvm( 5426): Trying to load lib /data/data/com.qihoo360.mobilesafe/lib/libqvmwrapper-1.0.0.so 0x4207f700
07-11 14:43:56.304 D/dalvikvm( 5426): Added shared lib /data/data/com.qihoo360.mobilesafe/lib/libqvmwrapper-1.0.0.so 0x4207f700
07-11 14:43:56.304 D/dalvikvm( 5426): Trying to load lib /data/data/com.qihoo360.mobilesafe/lib/libcloudscan-1.0.0.so 0x4207f700
07-11 14:43:56.312 D/dalvikvm( 5426): Added shared lib /data/data/com.qihoo360.mobilesafe/lib/libcloudscan-1.0.0.so 0x4207f700
07-11 14:43:56.328 I/Launcher(  605): Deferring update until onResume
07-11 14:43:56.328 I/Launcher(  605): Deferring update until onResume
07-11 14:43:56.398 D/dalvikvm( 5387): GC_CONCURRENT freed 355K, 5% free 9226K/9620K, paused 8ms+4ms, total 51ms
07-11 14:43:56.711 D/dalvikvm( 5415): GC_CONCURRENT freed 320K, 4% free 9068K/9420K, paused 3ms+7ms, total 150ms
07-11 14:43:56.711 D/dalvikvm( 5426): GC_CONCURRENT freed 226K, 3% free 9153K/9416K, paused 11ms+28ms, total 128ms
07-11 14:43:56.781 W/MountService(  374): getVolumeState(/storage/emulated/0/external_sd): Unknown volume
07-11 14:43:56.781 W/MountService(  374): getVolumeState(/mnt/sdcard-ext): Unknown volume
07-11 14:43:56.789 W/MountService(  374): getVolumeState(/mnt/ext_sdcard): Unknown volume
07-11 14:43:56.820 W/MountService(  374): getVolumeState(/mnt/sdcard2): Unknown volume
07-11 14:43:56.828 W/MountService(  374): getVolumeState(/mnt/emmc): Unknown volume
07-11 14:43:56.836 W/MountService(  374): getVolumeState(/mnt/extSdCard): Unknown volume
07-11 14:43:56.859 D/dalvikvm( 4987): GC_FOR_ALLOC freed 511K, 60% free 603K/1476K, paused 7ms, total 7ms
07-11 14:43:56.875 W/MountService(  374): getVolumeState(/mnt/sdcard/SD_CARD): Unknown volume
07-11 14:43:56.883 W/MountService(  374): getVolumeState(/mnt/sdcard/extra_sd): Unknown volume
07-11 14:43:56.890 W/MountService(  374): getVolumeState(/mnt/extrasd_bind): Unknown volume
07-11 14:43:56.890 W/MountService(  374): getVolumeState(/mnt/sdcard/ext_sd): Unknown volume
07-11 14:43:56.890 W/MountService(  374): getVolumeState(/storage/extSdCard): Unknown volume
07-11 14:43:56.898 W/MountService(  374): getVolumeState(/storage/sdcard1): Unknown volume
07-11 14:43:56.953 W/MountService(  374): getVolumeState(/mnt/sdcard/external_SD): Unknown volume
07-11 14:43:56.984 I/ActivityManager(  374): Start proc com.google.android.partnersetup for broadcast com.google.android.partnersetup/.RlzPingBroadcastReceiver: pid=5459 uid=10027 gids={50027, 3003, 1028}
07-11 14:43:57.117 D/dalvikvm(27881): GC_CONCURRENT freed 436K, 5% free 9541K/10028K, paused 14ms+7ms, total 286ms
07-11 14:43:57.125 D/dalvikvm(27881): WAIT_FOR_CONCURRENT_GC blocked 26ms
07-11 14:43:57.148 D/dalvikvm( 1908): GC_CONCURRENT freed 365K, 5% free 9435K/9836K, paused 37ms+45ms, total 114ms
07-11 14:43:57.195 W/MountService(  374): getVolumeState(/mnt/sdcard/external_sd): Unknown volume
07-11 14:43:57.250 D/dalvikvm( 4987): GC_FOR_ALLOC freed 510K, 60% free 604K/1476K, paused 8ms, total 11ms
07-11 14:43:57.406 I/ActivityManager(  374): Start proc com.android.musicfx for broadcast com.android.musicfx/.Compatibility$Receiver: pid=5477 uid=10042 gids={50042, 3003, 3002, 1028}
07-11 14:43:57.625 D/dalvikvm( 4987): GC_FOR_ALLOC freed 517K, 60% free 599K/1476K, paused 6ms, total 6ms
07-11 14:43:57.773 D/dalvikvm( 5199): GC_CONCURRENT freed 402K, 30% free 9227K/13064K, paused 2ms+10ms, total 68ms
07-11 14:43:57.812 I/ActivityManager(  374): Start proc com.google.android.apps.plus for broadcast com.google.android.apps.plus/.service.PackagesMediaMonitor: pid=5492 uid=10048 gids={50048, 3003, 3002, 1015, 1006, 1028}
07-11 14:43:57.984 D/dalvikvm( 4987): GC_FOR_ALLOC freed 505K, 59% free 606K/1476K, paused 10ms, total 10ms
07-11 14:43:58.211 D/LightsService(  374): Excessive delay setting light: 59ms
07-11 14:43:58.351 D/dalvikvm( 5492): GC_CONCURRENT freed 330K, 4% free 9061K/9428K, paused 9ms+3ms, total 53ms
07-11 14:43:58.422 D/dalvikvm( 5387): TRACE stop requested, but not running
07-11 14:43:58.445 D/LightsService(  374): Excessive delay setting light: 200ms
07-11 14:43:58.625 I/ipc_pref( 5387): [open:30]	open /data/data/com.qihoo360.mobilesafe/shared_prefs/shield_pref.xml
07-11 14:43:58.625 I/ipc_pref( 5387): 
07-11 14:43:58.656 D/dalvikvm( 5492): GC_CONCURRENT freed 104K, 2% free 9443K/9584K, paused 17ms+11ms, total 66ms
07-11 14:43:58.797 D/dalvikvm( 5492): GC_CONCURRENT freed 139K, 2% free 9728K/9912K, paused 4ms+5ms, total 35ms
07-11 14:43:58.922 D/dalvikvm( 5492): GC_CONCURRENT freed 145K, 2% free 10078K/10276K, paused 4ms+3ms, total 32ms
07-11 14:43:58.922 D/dalvikvm( 5492): WAIT_FOR_CONCURRENT_GC blocked 7ms
07-11 14:43:59.062 D/dalvikvm( 5492): GC_CONCURRENT freed 141K, 2% free 10417K/10624K, paused 3ms+3ms, total 32ms
07-11 14:43:59.062 D/dalvikvm( 5492): WAIT_FOR_CONCURRENT_GC blocked 12ms
07-11 14:43:59.086 I/FWL.PkgCoreBase( 5387): loading /data/data/com.qihoo360.mobilesafe/files/appmgr.apk ...
07-11 14:43:59.094 D/LightsService(  374): Excessive delay setting light: 81ms
07-11 14:43:59.101 I/dex     ( 5387): load /data/data/com.qihoo360.mobilesafe/files/appmgr.apk ...
07-11 14:43:59.109 I/dex     ( 5387): load /data/data/com.qihoo360.mobilesafe/files/appmgr.apk = dalvik.system.DexClassLoader[DexPathList[[zip file "/data/data/com.qihoo360.mobilesafe/files/appmgr.apk"],nativeLibraryDirectories=[/vendor/lib, /system/lib]]]
07-11 14:43:59.109 D/dalvikvm(27881): GC_CONCURRENT freed 419K, 5% free 9529K/10028K, paused 4ms+25ms, total 94ms
07-11 14:43:59.187 D/dalvikvm( 5492): GC_CONCURRENT freed 308K, 4% free 10544K/10936K, paused 3ms+6ms, total 42ms
07-11 14:43:59.187 D/dalvikvm( 5492): WAIT_FOR_CONCURRENT_GC blocked 25ms
07-11 14:43:59.242 D/dalvikvm( 5492): GC_FOR_ALLOC freed 92K, 3% free 10641K/10936K, paused 49ms, total 49ms
07-11 14:43:59.281 D/dalvikvm( 5492): GC_FOR_ALLOC freed 126K, 4% free 10770K/11192K, paused 30ms, total 30ms
07-11 14:43:59.320 D/dalvikvm( 5492): GC_FOR_ALLOC freed 373K, 5% free 10881K/11384K, paused 29ms, total 29ms
07-11 14:43:59.336 D/dalvikvm( 5387): GC_CONCURRENT freed 288K, 4% free 9447K/9772K, paused 71ms+18ms, total 158ms
07-11 14:43:59.336 D/dalvikvm( 5387): WAIT_FOR_CONCURRENT_GC blocked 60ms
07-11 14:43:59.336 D/dalvikvm( 5387): WAIT_FOR_CONCURRENT_GC blocked 60ms
07-11 14:43:59.344 D/dalvikvm( 5387): WAIT_FOR_CONCURRENT_GC blocked 61ms
07-11 14:43:59.344 I/FWL.PkgCoreBase( 5387): loading ok
07-11 14:43:59.367 D/dalvikvm( 5492): GC_FOR_ALLOC freed 126K, 4% free 11009K/11384K, paused 41ms, total 41ms
07-11 14:43:59.406 D/dalvikvm( 5492): GC_FOR_ALLOC freed 369K, 5% free 11118K/11624K, paused 28ms, total 28ms
07-11 14:43:59.500 D/dalvikvm( 5492): GC_CONCURRENT freed 429K, 5% free 11407K/11888K, paused 2ms+13ms, total 49ms
07-11 14:43:59.500 D/dalvikvm( 5492): WAIT_FOR_CONCURRENT_GC blocked 24ms
07-11 14:43:59.625 D/dalvikvm(  374): GC_EXPLICIT freed 4388K, 29% free 22915K/31996K, paused 97ms+328ms, total 5188ms
07-11 14:43:59.758 D/dalvikvm( 4987): GC_FOR_ALLOC freed 513K, 60% free 604K/1476K, paused 10ms, total 10ms
07-11 14:43:59.758 I/QueryController( 4987): Matched selector: UiSelector[TEXT=] <<==>> [android.view.accessibility.AccessibilityNodeInfo@2a8f2; boundsInParent: Rect(0, 0 - 359, 96); boundsInScreen: Rect(0, 1088 - 359, 1184); packageName: com.android.packageinstaller; className: android.widget.Button; text: ; contentDescription: null; viewIdResName: com.android.packageinstaller:id/done_button; checkable: false; checked: false; focusable: true; focused: false; selected: false; clickable: true; longClickable: false; enabled: true; password: false; scrollable: false; [ACTION_FOCUS, ACTION_SELECT, ACTION_CLEAR_SELECTION, ACTION_CLICK, ACTION_ACCESSIBILITY_FOCUS, ACTION_NEXT_AT_MOVEMENT_GRANULARITY, ACTION_PREVIOUS_AT_MOVEMENT_GRANULARITY, ACTION_SET_SELECTION]]
07-11 14:43:59.773 I/QueryController( 4987): Matched selector: UiSelector[TEXT=, CLASS=android.widget.Button] <<==>> [android.view.accessibility.AccessibilityNodeInfo@2a8f2; boundsInParent: Rect(0, 0 - 359, 96); boundsInScreen: Rect(0, 1088 - 359, 1184); packageName: com.android.packageinstaller; className: android.widget.Button; text: ; contentDescription: null; viewIdResName: com.android.packageinstaller:id/done_button; checkable: false; checked: false; focusable: true; focused: false; selected: false; clickable: true; longClickable: false; enabled: true; password: false; scrollable: false; [ACTION_FOCUS, ACTION_SELECT, ACTION_CLEAR_SELECTION, ACTION_CLICK, ACTION_ACCESSIBILITY_FOCUS, ACTION_NEXT_AT_MOVEMENT_GRANULARITY, ACTION_PREVIOUS_AT_MOVEMENT_GRANULARITY, ACTION_SET_SELECTION]]
07-11 14:43:59.773 D/InteractionController( 4987): clickAndWaitForNewWindow(179, 1136)
07-11 14:43:59.898 D/dalvikvm( 5492): GC_CONCURRENT freed 178K, 2% free 12063K/12276K, paused 8ms+6ms, total 128ms
07-11 14:43:59.898 D/dalvikvm( 5492): WAIT_FOR_CONCURRENT_GC blocked 10ms
07-11 14:43:59.906 I/InstallAppProgress( 5199): Finished installing com.moji.mjweather
07-11 14:44:00.054 D/MdmApplication( 3259): [null:-1]->onActivityStarted market.activity.AppDetailActivity , mActivityCount = 2
07-11 14:44:00.070 W/PackageParser(  833): No actions in intent filter at /storage/emulated/0/360Download/Pekall.apk Binary XML file line #685
07-11 14:44:00.078 D/MDM :   ( 3259): [null:-1]->query
07-11 14:44:00.078 D/MDM :   ( 3259): [null:-1]->QUERY_PINCODE_CHECK_RESULT
07-11 14:44:00.078 D/ypy     ( 3259): [null:-1]-> ================ checkDownLoadStatus status is 4
07-11 14:44:00.351 W/PackageParser(  833): No actions in intent filter at /storage/emulated/0/Download/emmp.apk Binary XML file line #687
07-11 14:44:00.406 D/dalvikvm( 1789): GC_CONCURRENT freed 373K, 5% free 10074K/10496K, paused 4ms+148ms, total 690ms
07-11 14:44:00.414 I/ActivityManager(  374): Process com.android.providers.calendar (pid 28798) has died.
07-11 14:44:00.492 I/ActivityManager(  374): Process com.google.android.apps.maps:FriendService (pid 5318) has died.
07-11 14:44:00.554 W/PackageParser(  833): No actions in intent filter at /storage/emulated/0/Download/emmp-1.apk Binary XML file line #687
07-11 14:44:00.594 D/dalvikvm( 5492): GC_CONCURRENT freed 226K, 2% free 12887K/13148K, paused 4ms+7ms, total 212ms
07-11 14:44:00.594 D/dalvikvm( 5492): WAIT_FOR_CONCURRENT_GC blocked 57ms
07-11 14:44:00.656 W/PackageParser(  833): No actions in intent filter at /storage/emulated/0/360Download/Pekall.apk Binary XML file line #685
07-11 14:44:00.719 W/System.err(27801): java.io.FileNotFoundException: /data/data/com.mgyapp.android/files/.cfpaps.i: open failed: ENOENT (No such file or directory)
07-11 14:44:00.898 W/System.err(27801): 	at libcore.io.IoBridge.open(IoBridge.java:409)
07-11 14:44:00.898 W/System.err(27801): 	at java.io.FileInputStream.<init>(FileInputStream.java:78)
07-11 14:44:00.898 W/System.err(27801): 	at android.app.ContextImpl.openFileInput(ContextImpl.java:702)
07-11 14:44:00.898 W/System.err(27801): 	at android.content.ContextWrapper.openFileInput(ContextWrapper.java:173)
07-11 14:44:00.898 W/System.err(27801): 	at com.mgyun.shua.jc.service.f.run(Unknown Source)
07-11 14:44:00.898 W/System.err(27801): 	at com.mgyun.shua.jc.service.CpWorkServer.onHandleIntent(Unknown Source)
07-11 14:44:00.898 W/System.err(27801): 	at android.app.IntentService$ServiceHandler.handleMessage(IntentService.java:65)
07-11 14:44:00.898 W/System.err(27801): 	at android.os.Handler.dispatchMessage(Handler.java:99)
07-11 14:44:00.898 W/System.err(27801): 	at android.os.Looper.loop(Looper.java:137)
07-11 14:44:00.914 W/System.err(27801): 	at android.os.HandlerThread.run(HandlerThread.java:61)
07-11 14:44:00.914 W/System.err(27801): Caused by: libcore.io.ErrnoException: open failed: ENOENT (No such file or directory)
07-11 14:44:00.922 W/System.err(27801): 	at libcore.io.Posix.open(Native Method)
07-11 14:44:00.922 W/System.err(27801): 	at libcore.io.BlockGuardOs.open(BlockGuardOs.java:110)
07-11 14:44:00.922 W/System.err(27801): 	at libcore.io.IoBridge.open(IoBridge.java:393)
07-11 14:44:00.922 W/System.err(27801): 	... 9 more
07-11 14:44:01.062 W/MountService(  374): getVolumeState(/storage/emulated/0/external_sd): Unknown volume
07-11 14:44:01.062 W/MountService(  374): getVolumeState(/mnt/sdcard-ext): Unknown volume
07-11 14:44:01.070 W/MountService(  374): getVolumeState(/mnt/ext_sdcard): Unknown volume
07-11 14:44:01.086 D/dalvikvm( 5492): GC_CONCURRENT freed 798K, 6% free 13415K/14248K, paused 2ms+7ms, total 90ms
07-11 14:44:01.086 D/dalvikvm( 5492): WAIT_FOR_CONCURRENT_GC blocked 66ms
07-11 14:44:01.086 W/MountService(  374): getVolumeState(/mnt/sdcard2): Unknown volume
07-11 14:44:01.133 W/MountService(  374): getVolumeState(/mnt/emmc): Unknown volume
07-11 14:44:01.140 W/MountService(  374): getVolumeState(/mnt/extSdCard): Unknown volume
07-11 14:44:01.140 W/MountService(  374): getVolumeState(/mnt/sdcard/SD_CARD): Unknown volume
07-11 14:44:01.140 W/MountService(  374): getVolumeState(/mnt/sdcard/extra_sd): Unknown volume
07-11 14:44:01.140 W/MountService(  374): getVolumeState(/mnt/extrasd_bind): Unknown volume
07-11 14:44:01.140 W/MountService(  374): getVolumeState(/mnt/sdcard/ext_sd): Unknown volume
07-11 14:44:01.140 W/MountService(  374): getVolumeState(/storage/extSdCard): Unknown volume
07-11 14:44:01.140 W/MountService(  374): getVolumeState(/storage/sdcard1): Unknown volume
07-11 14:44:01.148 W/MountService(  374): getVolumeState(/mnt/sdcard/external_SD): Unknown volume
07-11 14:44:01.148 W/MountService(  374): getVolumeState(/mnt/sdcard/external_sd): Unknown volume
07-11 14:44:01.351 D/dalvikvm( 4987): GC_FOR_ALLOC freed 500K, 59% free 616K/1476K, paused 6ms, total 6ms
07-11 14:44:01.359 D/dalvikvm( 5387): GC_CONCURRENT freed 304K, 4% free 9654K/9996K, paused 8ms+63ms, total 414ms
07-11 14:44:01.359 D/dalvikvm( 5387): WAIT_FOR_CONCURRENT_GC blocked 127ms
07-11 14:44:01.359 D/dalvikvm( 5387): WAIT_FOR_CONCURRENT_GC blocked 128ms
07-11 14:44:01.359 D/dalvikvm( 5387): WAIT_FOR_CONCURRENT_GC blocked 128ms
07-11 14:44:01.359 D/dalvikvm( 5387): WAIT_FOR_CONCURRENT_GC blocked 129ms
07-11 14:44:01.383 I/QueryController( 4987): Matched selector: UiSelector[TEXT=] <<==>> [android.view.accessibility.AccessibilityNodeInfo@86874; boundsInParent: Rect(0, 0 - 640, 76); boundsInScreen: Rect(40, 1068 - 680, 1144); packageName: com.pekall.emdm; className: android.widget.Button; text: ; contentDescription: null; viewIdResName: com.pekall.emdm:id/market_app_detail_download_btn; checkable: false; checked: false; focusable: true; focused: false; selected: false; clickable: true; longClickable: false; enabled: true; password: false; scrollable: false; [ACTION_FOCUS, ACTION_SELECT, ACTION_CLEAR_SELECTION, ACTION_CLICK, ACTION_ACCESSIBILITY_FOCUS, ACTION_NEXT_AT_MOVEMENT_GRANULARITY, ACTION_PREVIOUS_AT_MOVEMENT_GRANULARITY, ACTION_SET_SELECTION]]
07-11 14:44:01.422 W/Settings( 5387): Setting android_id has moved from android.provider.Settings.System to android.provider.Settings.Secure, returning read-only value.
07-11 14:44:01.429 I/AndroidRuntime( 4987): VM exiting with result code 0.
07-11 14:44:01.437 D/gp.PicasaPhotoCP( 5492): set fsid first time:-1
07-11 14:44:01.476 D/dalvikvm(27881): GC_CONCURRENT freed 378K, 5% free 9557K/10060K, paused 5ms+75ms, total 325ms
07-11 14:44:01.476 D/dalvikvm(27881): WAIT_FOR_CONCURRENT_GC blocked 279ms
07-11 14:44:01.476 D/dalvikvm(27881): WAIT_FOR_CONCURRENT_GC blocked 305ms
07-11 14:44:01.562 I/ActivityManager(  374): Process com.android.packageinstaller (pid 5199) has died.
07-11 14:44:01.578 I/ipc_pref( 5387): [open:30]	open /data/data/com.qihoo360.mobilesafe/shared_prefs/adblock_pref.xml
07-11 14:44:01.578 I/ipc_pref( 5387): 
07-11 14:44:01.820 I/ActivityManager(  374): Start proc com.google.android.gms for broadcast com.google.android.gms/.games.receiver.GamesSystemBroadcastReceiver: pid=5536 uid=10009 gids={50009, 3003, 1007, 1028, 1015, 1006, 2001, 3006}
07-11 14:44:01.859 W/GAV2    ( 5415): Thread[GAThread,5,main]: Service unavailable (code=1), will retry.
07-11 14:44:01.859 W/ActivityManager(  374): Unable to start service Intent { act=com.google.android.gms.analytics.service.START (has extras) } U=0: not found
07-11 14:44:01.890 I/GAV2    ( 5415): Thread[GAThread,5,main]: No campaign data found.
07-11 14:44:02.133 D/dalvikvm(27801): GC_CONCURRENT freed 355K, 15% free 9237K/10844K, paused 2ms+6ms, total 52ms
07-11 14:44:02.383 I/ActivityManager(  374): Start proc com.google.android.googlequicksearchbox for broadcast com.google.android.googlequicksearchbox/com.google.android.apps.sidekick.GmmLocationProviderImpl$GmmPackageWatcher: pid=5559 uid=10056 gids={50056, 3003, 1028, 1007, 3002, 1015}
07-11 14:44:02.554 D/dalvikvm( 5492): GC_CONCURRENT freed 1113K, 8% free 13698K/14848K, paused 21ms+3ms, total 237ms
07-11 14:44:02.672 D/dalvikvm(27801): GC_CONCURRENT freed 413K, 14% free 9336K/10844K, paused 5ms+4ms, total 53ms
07-11 14:44:02.672 D/dalvikvm(27801): WAIT_FOR_CONCURRENT_GC blocked 21ms
07-11 14:44:02.844 D/dalvikvm( 5387): GC_CONCURRENT freed 346K, 4% free 9781K/10164K, paused 5ms+107ms, total 177ms
07-11 14:44:03.094 D/dalvikvm(  647): GC_EXPLICIT freed 315K, 7% free 9712K/10372K, paused 10ms+7ms, total 93ms
07-11 14:44:03.203 D/dalvikvm( 5559): GC_CONCURRENT freed 247K, 4% free 9162K/9448K, paused 38ms+44ms, total 128ms
07-11 14:44:03.336 W/GAV2    ( 5559): Thread[main,5,main]: Need to call initialize() and be in fallback mode to start dispatch.
07-11 14:44:03.359 D/dalvikvm( 5536): GC_CONCURRENT freed 204K, 3% free 9108K/9344K, paused 7ms+3ms, total 256ms
07-11 14:44:03.414 D/mdm_log ( 3259): [null:-1]->action is : android.intent.action.PACKAGE_ADDED
07-11 14:44:03.703 I/PeopleDatabaseHelper( 5536): cleanUpNonGplusAccounts done.
07-11 14:44:03.711 D/DB      ( 3259): query: SQLiteQuery: SELECT * FROM app WHERE readStatus =0
07-11 14:44:03.711 D/DB      ( 3259): factory null
07-11 14:44:03.711 D/DB      ( 3259): fillWindow: 0
07-11 14:44:03.711 D/DB      ( 3259): cursor 0
07-11 14:44:03.711 D/DB      ( 3259): query: SQLiteQuery: SELECT * FROM app WHERE type = 51107
07-11 14:44:03.711 D/DB      ( 3259): factory null
07-11 14:44:03.719 D/DB      ( 3259): fillWindow: 0
07-11 14:44:03.719 D/DB      ( 3259): cursor 2
07-11 14:44:03.719 D/DB      ( 3259): query: SQLiteQuery: SELECT * FROM app WHERE type = 51107
07-11 14:44:03.719 E/Mdm     ( 3259): Call Mdm service's recordIconCount function
07-11 14:44:03.719 D/DB      ( 3259): factory null
07-11 14:44:03.719 D/DB      ( 3259): fillWindow: 0
07-11 14:44:03.726 D/DB      ( 3259): cursor 2
07-11 14:44:03.734 D/DB      ( 3259): query: SQLiteQuery: SELECT appUUID, status FROM app WHERE status=4 AND uploadStatus=0
07-11 14:44:03.734 D/DB      ( 3259): factory null
07-11 14:44:03.734 D/DB      ( 3259): fillWindow: 0
07-11 14:44:03.734 D/DB      ( 3259): cursor 1
07-11 14:44:03.734 D/DB      ( 3259): moveToPos: 0
07-11 14:44:03.734 D/DB      ( 3259): onMove: 0
07-11 14:44:03.734 D/DB      ( 3259): moveToPos: 1
07-11 14:44:03.781 E/Mdm     ( 3259): Call Mdm service's upLoadDocStatus function, request id: 3
07-11 14:44:03.781 I/TransInfo( 3259): TransInfo created, id: 18, class: class com.pekall.emdm.transaction.b.q
07-11 14:44:03.781 D/NetworkThread( 3259): [null:-1]->----isRunning-----true
07-11 14:44:03.789 D/NetworkThread( 3259): [null:-1]->----isRunning-----true
07-11 14:44:03.789 D/NetworkThread( 3259): [null:-1]->thread wakeup
07-11 14:44:03.828 D/DB      ( 3259): moveToPos: 0
07-11 14:44:03.828 D/DB      ( 3259): onMove: 0
07-11 14:44:03.844 D/DB      ( 3259): moveToPos: 1
07-11 14:44:03.844 D/DB      ( 3259): onMove: 1
07-11 14:44:03.844 D/DB      ( 3259): moveToPos: 2
07-11 14:44:03.867 D/dalvikvm( 5651): Late-enabling CheckJNI
07-11 14:44:03.883 I/ActivityManager(  374): Start proc com.noshufou.android.su for broadcast com.noshufou.android.su/.InstallReceiver: pid=5651 uid=10077 gids={50077, 3003, 1015, 1028}
07-11 14:44:03.929 D/dalvikvm(  125): GC_EXPLICIT freed 41K, 1% free 8921K/9000K, paused 2ms+8ms, total 52ms
07-11 14:44:03.961 D/dalvikvm(  125): GC_EXPLICIT freed <1K, 1% free 8921K/9000K, paused 2ms+4ms, total 30ms
07-11 14:44:03.969 D/HttpClient( 3259): enable apache.http debug
07-11 14:44:03.969 D/DB      ( 3259): moveToPos: 0
07-11 14:44:03.969 D/DB      ( 3259): onMove: 0
07-11 14:44:03.976 D/DB      ( 3259): moveToPos: 1
07-11 14:44:03.976 D/DB      ( 3259): onMove: 1
07-11 14:44:03.976 D/DB      ( 3259): moveToPos: 2
07-11 14:44:03.984 V/DEBUG   ( 3259): HTTP 0
07-11 14:44:03.992 D/dalvikvm(  125): GC_EXPLICIT freed <1K, 1% free 8921K/9000K, paused 2ms+4ms, total 35ms
07-11 14:44:04.000 D/AndroidRuntime( 5624): 
07-11 14:44:04.000 D/AndroidRuntime( 5624): >>>>>> AndroidRuntime START com.android.internal.os.RuntimeInit <<<<<<
07-11 14:44:04.000 D/AndroidRuntime( 5624): CheckJNI is OFF
07-11 14:44:04.047 D/dalvikvm( 5624): Trying to load lib libjavacore.so 0x0
07-11 14:44:04.078 D/dalvikvm( 5624): Added shared lib libjavacore.so 0x0
07-11 14:44:04.086 I/dalvikvm( 5651): Turning on JNI app bug workarounds for target SDK version 11...
07-11 14:44:04.101 D/dalvikvm( 5624): Trying to load lib libnativehelper.so 0x0
07-11 14:44:04.101 D/dalvikvm( 5624): Added shared lib libnativehelper.so 0x0
07-11 14:44:04.328 V/DEBUG   ( 3259): HTTP 1
07-11 14:44:04.336 D/NetworkThread( 3259): [null:-1]->queue is empty, thread wait...
07-11 14:44:04.437 D/MDM :   ( 3259): [null:-1]->Got trans result.
07-11 14:44:04.437 D/MDM :   ( 3259): [null:-1]->Trigger client's callback, request id: 3
07-11 14:44:04.437 D/Mdm     ( 3259): Receive trans result, request id: 3
07-11 14:44:04.539 I/Recovery( 5536): Received: Intent { act=com.google.android.gms.INITIALIZE flg=0x10 pkg=com.google.android.gms cmp=com.google.android.gms/.recovery.AccountRecoveryBackgroundService$Receiver }
07-11 14:44:04.554 I/ActivityManager(  374): Start proc com.google.android.gsf.login for service com.google.android.gms/.recovery.AccountRecoveryBackgroundService: pid=5674 uid=10009 gids={50009, 3003, 1007, 1028, 1015, 1006, 2001, 3006}
07-11 14:44:04.586 D/AndroidRuntime( 5624): Calling main entry com.android.commands.uiautomator.Launcher
07-11 14:44:04.609 D/GCM     (  647): GcmService start Intent { act=com.google.android.gms.INITIALIZE flg=0x10 pkg=com.google.android.gms cmp=com.google.android.gms/.gcm.GcmService } com.google.android.gms.INITIALIZE
07-11 14:44:04.648 E/UiDevice( 5624): Exceuting watcher: ANRWatcher
07-11 14:44:04.648 E/UiDevice( 5624): java.lang.RuntimeException: UiDevice not initialized
07-11 14:44:04.648 E/UiDevice( 5624): 	at com.android.uiautomator.core.UiDevice.getAutomatorBridge(UiDevice.java:87)
07-11 14:44:04.648 E/UiDevice( 5624): 	at com.android.uiautomator.core.UiDevice.wakeUp(UiDevice.java:719)
07-11 14:44:04.648 E/UiDevice( 5624): 	at com.pekall.test.mdmui.util.UiANRWatcher.checkForCondition(UiANRWatcher.java:23)
07-11 14:44:04.648 E/UiDevice( 5624): 	at com.android.uiautomator.core.UiDevice.runWatchers(UiDevice.java:554)
07-11 14:44:04.648 E/UiDevice( 5624): 	at com.pekall.test.mdmui.util.UiANRWatcher.run(UiANRWatcher.java:41)
07-11 14:44:04.648 E/UiDevice( 5624): 	at com.pekall.test.mdmui.App.<clinit>(App.java:24)
07-11 14:44:04.648 E/UiDevice( 5624): 	at java.lang.Class.newInstanceImpl(Native Method)
07-11 14:44:04.648 E/UiDevice( 5624): 	at java.lang.Class.newInstance(Class.java:1130)
07-11 14:44:04.648 E/UiDevice( 5624): 	at com.android.uiautomator.testrunner.TestCaseCollector.addSingleTestMethod(TestCaseCollector.java:110)
07-11 14:44:04.648 E/UiDevice( 5624): 	at com.android.uiautomator.testrunner.TestCaseCollector.addTestClass(TestCaseCollector.java:86)
07-11 14:44:04.648 E/UiDevice( 5624): 	at com.android.uiautomator.testrunner.TestCaseCollector.addTestClass(TestCaseCollector.java:72)
07-11 14:44:04.648 E/UiDevice( 5624): 	at com.android.uiautomator.testrunner.TestCaseCollector.addTestClasses(TestCaseCollector.java:53)
07-11 14:44:04.648 E/UiDevice( 5624): 	at com.android.uiautomator.testrunner.UiAutomatorTestRunner.start(UiAutomatorTestRunner.java:106)
07-11 14:44:04.648 E/UiDevice( 5624): 	at com.android.uiautomator.testrunner.UiAutomatorTestRunner.run(UiAutomatorTestRunner.java:96)
07-11 14:44:04.648 E/UiDevice( 5624): 	at com.android.commands.uiautomator.RunTestCommand.run(RunTestCommand.java:91)
07-11 14:44:04.648 E/UiDevice( 5624): 	at com.android.commands.uiautomator.Launcher.main(Launcher.java:83)
07-11 14:44:04.648 E/UiDevice( 5624): 	at com.android.internal.os.RuntimeInit.nativeFinishInit(Native Method)
07-11 14:44:04.648 E/UiDevice( 5624): 	at com.android.internal.os.RuntimeInit.main(RuntimeInit.java:235)
07-11 14:44:04.648 E/UiDevice( 5624): 	at dalvik.system.NativeStart.main(Native Method)
07-11 14:44:04.687 D/dalvikvm( 5624): Note: class Landroid/app/ActivityManagerNative; has 163 unimplemented (abstract) methods
07-11 14:44:04.734 I/Recovery( 5536): Received: Intent { act=com.google.android.gms.INITIALIZE flg=0x10 pkg=com.google.android.gms cmp=com.google.android.gms/.recovery.AccountRecoveryBackgroundService$Receiver }
07-11 14:44:04.750 D/GCM     (  647): GcmService start Intent { act=com.google.android.gms.INITIALIZE flg=0x10 pkg=com.google.android.gms cmp=com.google.android.gms/.gcm.GcmService } com.google.android.gms.INITIALIZE
07-11 14:44:04.765 I/ActivityManager(  374): No longer want com.nd.assistance (pid 4613): empty #17
07-11 14:44:05.179 D/dalvikvm(20727): GC_CONCURRENT freed 467K, 7% free 10161K/10920K, paused 4ms+3ms, total 44ms
07-11 14:44:05.179 D/dalvikvm(20727): WAIT_FOR_CONCURRENT_GC blocked 32ms
07-11 14:44:05.445 I/QueryController( 5624): Matched selector: UiSelector[TEXT=, CLASS=android.widget.Button] <<==>> [android.view.accessibility.AccessibilityNodeInfo@86874; boundsInParent: Rect(0, 0 - 640, 76); boundsInScreen: Rect(40, 1068 - 680, 1144); packageName: com.pekall.emdm; className: android.widget.Button; text: ; contentDescription: null; viewIdResName: com.pekall.emdm:id/market_app_detail_download_btn; checkable: false; checked: false; focusable: true; focused: false; selected: false; clickable: true; longClickable: false; enabled: true; password: false; scrollable: false; [ACTION_FOCUS, ACTION_SELECT, ACTION_CLEAR_SELECTION, ACTION_CLICK, ACTION_ACCESSIBILITY_FOCUS, ACTION_NEXT_AT_MOVEMENT_GRANULARITY, ACTION_PREVIOUS_AT_MOVEMENT_GRANULARITY, ACTION_SET_SELECTION]]
07-11 14:44:05.445 D/InteractionController( 5624): clickAndWaitForNewWindow(360, 1106)
07-11 14:44:05.562 I/ActivityManager(  374): START u0 {act=android.intent.action.VIEW dat=file:///storage/emulated/0/MDM/download/commojimjweather.apk typ=application/vnd.android.package-archive flg=0x10000000 cmp=com.android.packageinstaller/.PackageInstallerActivity} from pid 3259
07-11 14:44:05.734 D/dalvikvm(  374): GC_FOR_ALLOC freed 2086K, 29% free 22818K/31744K, paused 102ms, total 102ms
07-11 14:44:05.765 D/MdmApplication( 3259): [null:-1]->onActivityPaused market.activity.AppDetailActivity , mActivityCount = 3
07-11 14:44:05.765 D/MDM :   ( 3259): [null:-1]->query
07-11 14:44:05.765 D/MDM :   ( 3259): [null:-1]->QUERY_PINCODE_CHECK_RESULT
07-11 14:44:05.765 E/Mdm     ( 3259): Call Mdm service's setLastExitTime function
07-11 14:44:05.804 I/ActivityManager(  374): Start proc com.android.packageinstaller for activity com.android.packageinstaller/.PackageInstallerActivity: pid=5697 uid=10045 gids={50045, 1028}
07-11 14:44:06.062 D/dalvikvm( 5697): GC_CONCURRENT freed 147K, 2% free 9286K/9468K, paused 7ms+5ms, total 42ms
07-11 14:44:06.062 D/dalvikvm( 5697): WAIT_FOR_CONCURRENT_GC blocked 10ms
07-11 14:44:06.164 D/dalvikvm( 5697): GC_CONCURRENT freed 285K, 4% free 9508K/9836K, paused 3ms+2ms, total 31ms
07-11 14:44:06.164 D/dalvikvm( 5697): WAIT_FOR_CONCURRENT_GC blocked 13ms
07-11 14:44:06.203 D/dalvikvm( 5697): GC_FOR_ALLOC freed 120K, 4% free 9635K/9964K, paused 23ms, total 23ms
07-11 14:44:06.203 I/dalvikvm-heap( 5697): Grow heap (frag case) to 9.689MB for 260112-byte allocation
07-11 14:44:06.226 D/dalvikvm( 5697): GC_FOR_ALLOC freed 126K, 5% free 9763K/10220K, paused 26ms, total 26ms
07-11 14:44:06.265 D/dalvikvm( 5697): GC_FOR_ALLOC freed 311K, 5% free 9752K/10220K, paused 26ms, total 26ms
07-11 14:44:06.297 D/dalvikvm( 5697): GC_FOR_ALLOC freed 62K, 4% free 9816K/10220K, paused 21ms, total 22ms
07-11 14:44:06.320 D/dalvikvm( 5697): GC_FOR_ALLOC freed 126K, 3% free 9944K/10220K, paused 22ms, total 22ms
07-11 14:44:06.351 D/dalvikvm( 5697): GC_FOR_ALLOC freed 307K, 5% free 9932K/10400K, paused 25ms, total 25ms
07-11 14:44:06.375 D/dalvikvm( 5697): GC_FOR_ALLOC freed 62K, 4% free 9996K/10400K, paused 26ms, total 26ms
07-11 14:44:06.383 I/dalvikvm-heap( 5697): Grow heap (frag case) to 10.042MB for 260112-byte allocation
07-11 14:44:06.406 D/dalvikvm( 5697): GC_FOR_ALLOC freed 126K, 5% free 10124K/10656K, paused 26ms, total 26ms
07-11 14:44:06.492 D/dalvikvm( 5697): GC_CONCURRENT freed 320K, 4% free 10291K/10656K, paused 2ms+3ms, total 34ms
07-11 14:44:06.633 D/dalvikvm( 5697): GC_CONCURRENT freed 110K, 2% free 10690K/10836K, paused 4ms+6ms, total 52ms
07-11 14:44:06.679 I/TransInfo( 3259): TransInfo created, id: 5, class: class com.pekall.emdm.transaction.b.p
07-11 14:44:06.679 D/NetworkThread( 3259): [null:-1]->----isRunning-----true
07-11 14:44:06.679 D/NetworkThread( 3259): [null:-1]->----isRunning-----true
07-11 14:44:06.679 D/NetworkThread( 3259): [null:-1]->thread wakeup
07-11 14:44:06.687 D/HttpClient( 3259): enable apache.http debug
07-11 14:44:06.695 V/DEBUG   ( 3259): HTTP 0
07-11 14:44:06.765 D/dalvikvm( 5697): GC_CONCURRENT freed 131K, 2% free 11150K/11316K, paused 2ms+3ms, total 36ms
07-11 14:44:06.765 D/dalvikvm( 5697): WAIT_FOR_CONCURRENT_GC blocked 6ms
07-11 14:44:06.867 W/GAV2    ( 5415): Thread[Service Reconnect,5,main]: Service unavailable (code=1), using local store.
07-11 14:44:06.867 W/ActivityManager(  374): Unable to start service Intent { act=com.google.android.gms.analytics.service.START (has extras) } U=0: not found
07-11 14:44:06.929 D/dalvikvm( 5697): GC_CONCURRENT freed 562K, 5% free 11335K/11932K, paused 3ms+4ms, total 42ms
07-11 14:44:06.929 D/dalvikvm( 5697): WAIT_FOR_CONCURRENT_GC blocked 9ms
07-11 14:44:06.953 D/MDM :   ( 3259): [null:-1]->MSG_WEBSOCKET_MESSAGE : {"id":1850926535,"type":0,"command":0,"result":0,"reason":0,"params":{"msgId":"c7deaa44-3ec8-4a28-b6ef-9663304ad7db,c7deaa443ec84a28b6ef9663304ad7db","device":"ffffffffc539bb10fffffffff7aea961","message":"{\"cmd\":\"10119\"}"}}
07-11 14:44:06.961 V/DEBUG   ( 3259): HTTP 1
07-11 14:44:06.976 D/NetworkThread( 3259): [null:-1]->queue is empty, thread wait...
07-11 14:44:06.976 D/MdmService( 3259): [null:-1]->push message type :0
07-11 14:44:06.976 D/MdmService( 3259): [null:-1]->cmdMessage : {"cmd":"10119"}
07-11 14:44:06.984 D/MdmService( 3259): [null:-1]->command : PushCommandMsg{cmd='10119', msg='null'}
07-11 14:44:06.984 D/MDM :   ( 3259): [null:-1]->PUSH CMD: 10119
07-11 14:44:06.992 D/MdmStatusManager( 3259): [null:-1]->change status to : Busy
07-11 14:44:06.992 D/DB      ( 3259): query: SQLiteQuery: SELECT content, command_status, status FROM command WHERE status!=2
07-11 14:44:06.992 D/DB      ( 3259): factory null
07-11 14:44:06.992 D/DB      ( 3259): fillWindow: 0
07-11 14:44:06.992 D/DB      ( 3259): cursor 0
07-11 14:44:07.000 D/DB      ( 3259): moveToPos: 0
