07-11 14:08:29.617 W/MountService(  374): getVolumeState(/mnt/sdcard2): Unknown volume
07-11 14:08:29.617 W/MountService(  374): getVolumeState(/mnt/emmc): Unknown volume
07-11 14:08:29.617 W/MountService(  374): getVolumeState(/mnt/extSdCard): Unknown volume
07-11 14:08:29.625 W/MountService(  374): getVolumeState(/mnt/sdcard/SD_CARD): Unknown volume
07-11 14:08:29.625 W/MountService(  374): getVolumeState(/mnt/sdcard/extra_sd): Unknown volume
07-11 14:08:29.625 W/MountService(  374): getVolumeState(/mnt/extrasd_bind): Unknown volume
07-11 14:08:29.625 W/MountService(  374): getVolumeState(/mnt/sdcard/ext_sd): Unknown volume
07-11 14:08:29.625 W/MountService(  374): getVolumeState(/storage/extSdCard): Unknown volume
07-11 14:08:29.625 W/MountService(  374): getVolumeState(/storage/sdcard1): Unknown volume
07-11 14:08:29.625 W/MountService(  374): getVolumeState(/mnt/sdcard/external_SD): Unknown volume
07-11 14:08:29.633 W/MountService(  374): getVolumeState(/mnt/sdcard/external_sd): Unknown volume
07-11 14:09:29.617 W/MountService(  374): getVolumeState(/storage/emulated/0/external_sd): Unknown volume
07-11 14:09:29.617 W/MountService(  374): getVolumeState(/mnt/sdcard-ext): Unknown volume
07-11 14:09:29.617 W/MountService(  374): getVolumeState(/mnt/ext_sdcard): Unknown volume
07-11 14:09:29.617 W/MountService(  374): getVolumeState(/mnt/sdcard2): Unknown volume
07-11 14:09:29.617 W/MountService(  374): getVolumeState(/mnt/emmc): Unknown volume
07-11 14:09:29.617 W/MountService(  374): getVolumeState(/mnt/extSdCard): Unknown volume
07-11 14:09:29.625 W/MountService(  374): getVolumeState(/mnt/sdcard/SD_CARD): Unknown volume
07-11 14:09:29.625 W/MountService(  374): getVolumeState(/mnt/sdcard/extra_sd): Unknown volume
07-11 14:09:29.625 W/MountService(  374): getVolumeState(/mnt/extrasd_bind): Unknown volume
07-11 14:09:29.625 W/MountService(  374): getVolumeState(/mnt/sdcard/ext_sd): Unknown volume
07-11 14:09:29.625 W/MountService(  374): getVolumeState(/storage/extSdCard): Unknown volume
07-11 14:09:29.625 W/MountService(  374): getVolumeState(/storage/sdcard1): Unknown volume
07-11 14:09:29.625 W/MountService(  374): getVolumeState(/mnt/sdcard/external_SD): Unknown volume
07-11 14:09:29.625 W/MountService(  374): getVolumeState(/mnt/sdcard/external_sd): Unknown volume
07-11 14:09:29.851 W/MountService(  374): getVolumeState(/storage/emulated/0/external_sd): Unknown volume
07-11 14:09:29.851 W/MountService(  374): getVolumeState(/mnt/sdcard-ext): Unknown volume
07-11 14:09:29.859 W/MountService(  374): getVolumeState(/mnt/ext_sdcard): Unknown volume
07-11 14:09:29.859 W/MountService(  374): getVolumeState(/mnt/sdcard2): Unknown volume
07-11 14:09:29.859 W/MountService(  374): getVolumeState(/mnt/emmc): Unknown volume
07-11 14:09:29.859 W/MountService(  374): getVolumeState(/mnt/extSdCard): Unknown volume
07-11 14:09:29.859 W/MountService(  374): getVolumeState(/mnt/sdcard/SD_CARD): Unknown volume
07-11 14:09:29.859 W/MountService(  374): getVolumeState(/mnt/sdcard/extra_sd): Unknown volume
07-11 14:09:29.859 W/MountService(  374): getVolumeState(/mnt/extrasd_bind): Unknown volume
07-11 14:09:29.859 W/MountService(  374): getVolumeState(/mnt/sdcard/ext_sd): Unknown volume
07-11 14:09:29.867 W/MountService(  374): getVolumeState(/storage/extSdCard): Unknown volume
07-11 14:09:29.867 W/MountService(  374): getVolumeState(/storage/sdcard1): Unknown volume
07-11 14:09:29.867 W/MountService(  374): getVolumeState(/mnt/sdcard/external_SD): Unknown volume
07-11 14:09:29.867 W/MountService(  374): getVolumeState(/mnt/sdcard/external_sd): Unknown volume
07-11 14:09:51.640 I/PowerManagerService(  374): Waking up from sleep...
07-11 14:09:51.789 I/WindowManager(  374): Lock screen displayed!
07-11 14:09:52.609 D/PhoneStatusBar(  450): disable: < expand icons alerts ticker system_info BACK HOME recent* CLOCK search >
07-11 14:09:52.679 W/InputMethodManagerService(  374): Window already focused, ignoring focus gain of: com.android.internal.view.IInputMethodClient$Stub$Proxy@42479760 attribute=null, token = android.os.BinderProxy@42c679d0
07-11 14:09:52.679 D/PhoneStatusBar(  450): disable: < expand icons alerts ticker system_info back* home* recent clock* search >
07-11 14:10:00.000 I/ActivityManager(  374): No longer want com.nd.assistance.ServerService (pid 26313): empty for 1803s
07-11 14:10:00.031 W/ActivityManager(  374): Scheduling restart of crashed service com.nd.assistance/.server.ServerService in 5000ms
07-11 14:10:00.773 I/ActivityManager(  374): Start proc com.nd.assistance for broadcast com.nd.assistance/.controller.DaemonController: pid=32027 uid=10065 gids={50065, 3003, 1015, 1006, 1028}
07-11 14:10:00.851 I/ActivityManager(  374): Start proc com.nd.assistance.ServerService for service com.nd.assistance/.server.ServerService: pid=32040 uid=10065 gids={50065, 3003, 1015, 1006, 1028}
07-11 14:10:05.344 I/ActivityManager(  374): START u0 {act=android.intent.action.MAIN cat=[android.intent.category.LAUNCHER] flg=0x10200000 cmp=com.pekall.emdm/.ui.SplashActivity} from pid 605
07-11 14:10:07.125 I/ActivityManager(  374): START u0 {cmp=com.pekall.emdm/.ui.MainActivity} from pid 3259
07-11 14:10:09.664 I/ActivityManager(  374): START u0 {cmp=com.pekall.emdm/.market.activity.AppListActivity} from pid 3259
07-11 14:10:29.804 W/MountService(  374): getVolumeState(/storage/emulated/0/external_sd): Unknown volume
07-11 14:10:29.812 W/MountService(  374): getVolumeState(/mnt/sdcard-ext): Unknown volume
07-11 14:10:29.812 W/MountService(  374): getVolumeState(/mnt/ext_sdcard): Unknown volume
07-11 14:10:29.812 W/MountService(  374): getVolumeState(/mnt/sdcard2): Unknown volume
07-11 14:10:29.812 W/MountService(  374): getVolumeState(/mnt/emmc): Unknown volume
07-11 14:10:29.812 W/MountService(  374): getVolumeState(/mnt/extSdCard): Unknown volume
07-11 14:10:29.812 W/MountService(  374): getVolumeState(/mnt/sdcard/SD_CARD): Unknown volume
07-11 14:10:29.820 W/MountService(  374): getVolumeState(/mnt/sdcard/extra_sd): Unknown volume
07-11 14:10:29.820 W/MountService(  374): getVolumeState(/mnt/extrasd_bind): Unknown volume
07-11 14:10:29.820 W/MountService(  374): getVolumeState(/mnt/sdcard/ext_sd): Unknown volume
07-11 14:10:29.820 W/MountService(  374): getVolumeState(/storage/extSdCard): Unknown volume
07-11 14:10:29.820 W/MountService(  374): getVolumeState(/storage/sdcard1): Unknown volume
07-11 14:10:29.820 W/MountService(  374): getVolumeState(/mnt/sdcard/external_SD): Unknown volume
07-11 14:10:29.828 W/MountService(  374): getVolumeState(/mnt/sdcard/external_sd): Unknown volume
07-11 14:10:30.039 W/MountService(  374): getVolumeState(/storage/emulated/0/external_sd): Unknown volume
07-11 14:10:30.039 W/MountService(  374): getVolumeState(/mnt/sdcard-ext): Unknown volume
07-11 14:10:30.039 W/MountService(  374): getVolumeState(/mnt/ext_sdcard): Unknown volume
07-11 14:10:30.047 W/MountService(  374): getVolumeState(/mnt/sdcard2): Unknown volume
07-11 14:10:30.047 W/MountService(  374): getVolumeState(/mnt/emmc): Unknown volume
07-11 14:10:30.047 W/MountService(  374): getVolumeState(/mnt/extSdCard): Unknown volume
07-11 14:10:30.047 W/MountService(  374): getVolumeState(/mnt/sdcard/SD_CARD): Unknown volume
07-11 14:10:30.047 W/MountService(  374): getVolumeState(/mnt/sdcard/extra_sd): Unknown volume
07-11 14:10:30.054 W/MountService(  374): getVolumeState(/mnt/extrasd_bind): Unknown volume
07-11 14:10:30.054 W/MountService(  374): getVolumeState(/mnt/sdcard/ext_sd): Unknown volume
07-11 14:10:30.054 W/MountService(  374): getVolumeState(/storage/extSdCard): Unknown volume
07-11 14:10:30.054 W/MountService(  374): getVolumeState(/storage/sdcard1): Unknown volume
07-11 14:10:30.054 W/MountService(  374): getVolumeState(/mnt/sdcard/external_SD): Unknown volume
07-11 14:10:30.054 W/MountService(  374): getVolumeState(/mnt/sdcard/external_sd): Unknown volume
07-11 14:10:39.601 I/PowerManagerService(  374): Going to sleep due to screen timeout...
07-11 14:10:45.523 D/PhoneStatusBar(  450): disable: < expand icons alerts ticker system_info back home RECENT* clock search >
07-11 14:10:45.672 D/PhoneStatusBar(  450): disable: < expand icons alerts ticker system_info BACK* HOME* RECENT CLOCK* search >
07-11 14:10:51.750 I/PowerManagerService(  374): Waking up from sleep...
07-11 14:10:51.859 I/WindowManager(  374): Lock screen displayed!
07-11 14:10:53.586 D/PhoneStatusBar(  450): disable: < expand icons alerts ticker system_info BACK HOME recent* CLOCK search >
07-11 14:10:53.648 D/PhoneStatusBar(  450): disable: < expand icons alerts ticker system_info back* home* recent clock* search >
07-11 14:10:53.672 W/InputMethodManagerService(  374): Window already focused, ignoring focus gain of: com.android.internal.view.IInputMethodClient$Stub$Proxy@42842690 attribute=android.view.inputmethod.EditorInfo@42c44398, token = android.os.BinderProxy@42c86710
07-11 14:11:23.539 I/PowerManagerService(  374): Going to sleep due to screen timeout...
07-11 14:11:29.523 D/PhoneStatusBar(  450): disable: < expand icons alerts ticker system_info back home RECENT* clock search >
07-11 14:11:29.679 D/PhoneStatusBar(  450): disable: < expand icons alerts ticker system_info BACK* HOME* RECENT CLOCK* search >
07-11 14:11:29.883 W/MountService(  374): getVolumeState(/storage/emulated/0/external_sd): Unknown volume
07-11 14:11:29.883 W/MountService(  374): getVolumeState(/mnt/sdcard-ext): Unknown volume
07-11 14:11:29.883 W/MountService(  374): getVolumeState(/mnt/ext_sdcard): Unknown volume
07-11 14:11:29.883 W/MountService(  374): getVolumeState(/mnt/sdcard2): Unknown volume
07-11 14:11:29.883 W/MountService(  374): getVolumeState(/mnt/emmc): Unknown volume
07-11 14:11:29.883 W/MountService(  374): getVolumeState(/mnt/extSdCard): Unknown volume
07-11 14:11:29.883 W/MountService(  374): getVolumeState(/mnt/sdcard/SD_CARD): Unknown volume
07-11 14:11:29.883 W/MountService(  374): getVolumeState(/mnt/sdcard/extra_sd): Unknown volume
07-11 14:11:29.890 W/MountService(  374): getVolumeState(/mnt/extrasd_bind): Unknown volume
07-11 14:11:29.890 W/MountService(  374): getVolumeState(/mnt/sdcard/ext_sd): Unknown volume
07-11 14:11:29.890 W/MountService(  374): getVolumeState(/storage/extSdCard): Unknown volume
07-11 14:11:29.890 W/MountService(  374): getVolumeState(/storage/sdcard1): Unknown volume
07-11 14:11:29.890 W/MountService(  374): getVolumeState(/mnt/sdcard/external_SD): Unknown volume
07-11 14:11:29.890 W/MountService(  374): getVolumeState(/mnt/sdcard/external_sd): Unknown volume
07-11 14:11:30.156 W/MountService(  374): getVolumeState(/storage/emulated/0/external_sd): Unknown volume
07-11 14:11:30.156 W/MountService(  374): getVolumeState(/mnt/sdcard-ext): Unknown volume
07-11 14:11:30.156 W/MountService(  374): getVolumeState(/mnt/ext_sdcard): Unknown volume
07-11 14:11:30.156 W/MountService(  374): getVolumeState(/mnt/sdcard2): Unknown volume
07-11 14:11:30.156 W/MountService(  374): getVolumeState(/mnt/emmc): Unknown volume
07-11 14:11:30.156 W/MountService(  374): getVolumeState(/mnt/extSdCard): Unknown volume
07-11 14:11:30.156 W/MountService(  374): getVolumeState(/mnt/sdcard/SD_CARD): Unknown volume
07-11 14:11:30.164 W/MountService(  374): getVolumeState(/mnt/sdcard/extra_sd): Unknown volume
07-11 14:11:30.164 W/MountService(  374): getVolumeState(/mnt/extrasd_bind): Unknown volume
07-11 14:11:30.164 W/MountService(  374): getVolumeState(/mnt/sdcard/ext_sd): Unknown volume
07-11 14:11:30.164 W/MountService(  374): getVolumeState(/storage/extSdCard): Unknown volume
07-11 14:11:30.164 W/MountService(  374): getVolumeState(/storage/sdcard1): Unknown volume
07-11 14:11:30.164 W/MountService(  374): getVolumeState(/mnt/sdcard/external_SD): Unknown volume
07-11 14:11:30.164 W/MountService(  374): getVolumeState(/mnt/sdcard/external_sd): Unknown volume
07-11 14:11:55.312 I/PowerManagerService(  374): Waking up from sleep...
07-11 14:11:55.359 I/WindowManager(  374): Lock screen displayed!
07-11 14:11:57.695 D/PhoneStatusBar(  450): disable: < expand icons alerts ticker system_info BACK HOME recent* CLOCK search >
07-11 14:11:57.765 D/PhoneStatusBar(  450): disable: < expand icons alerts ticker system_info back* home* recent clock* search >
07-11 14:11:57.851 W/InputMethodManagerService(  374): Window already focused, ignoring focus gain of: com.android.internal.view.IInputMethodClient$Stub$Proxy@42572890 attribute=android.view.inputmethod.EditorInfo@42683678, token = android.os.BinderProxy@42c86710
07-11 14:11:58.625 V/PanelView(  450): animationTick called with dtms=0; nothing to do (h=0.0 v=4000.0)
07-11 14:11:59.390 I/ActivityManager(  374): START u0 {act=android.intent.action.VIEW dat=http://play.google.com/store/apps/details?id=com.betterapps.dashclock.prokey flg=0x10000000 cmp=android/com.android.internal.app.ResolverActivity bnds=[0,382][720,510]} from pid -1
07-11 14:11:59.398 V/PanelView(  450): animationTick called with dtms=0; nothing to do (h=1184.0 v=-4000.0)
07-11 14:11:59.429 I/ActivityManager(  374): Start proc system:ui for activity android/com.android.internal.app.ResolverActivity: pid=32444 uid=1000 gids={41000, 1015, 1028, 3002, 3001, 3003, 3007}
07-11 14:12:04.976 W/InputMethodManagerService(  374): Window already focused, ignoring focus gain of: com.android.internal.view.IInputMethodClient$Stub$Proxy@427d8fe8 attribute=null, token = android.os.BinderProxy@42c86710
07-11 14:12:05.062 I/ActivityManager(  374): No longer want com.android.keychain (pid 26486): empty #17
07-11 14:12:05.070 W/ActivityManager(  374): Duplicate finish request for ActivityRecord{42092048 u0 android/com.android.internal.app.ResolverActivity}
07-11 14:12:09.047 I/ActivityManager(  374): START u0 {cmp=com.pekall.emdm/.market.activity.AppDetailActivity (has extras)} from pid 3259
07-11 14:12:30.101 W/MountService(  374): getVolumeState(/storage/emulated/0/external_sd): Unknown volume
07-11 14:12:30.133 W/MountService(  374): getVolumeState(/mnt/sdcard-ext): Unknown volume
07-11 14:12:30.133 W/MountService(  374): getVolumeState(/mnt/ext_sdcard): Unknown volume
07-11 14:12:30.133 W/MountService(  374): getVolumeState(/mnt/sdcard2): Unknown volume
07-11 14:12:30.140 W/MountService(  374): getVolumeState(/mnt/emmc): Unknown volume
07-11 14:12:30.164 W/MountService(  374): getVolumeState(/mnt/extSdCard): Unknown volume
07-11 14:12:30.164 W/MountService(  374): getVolumeState(/mnt/sdcard/SD_CARD): Unknown volume
07-11 14:12:30.172 W/MountService(  374): getVolumeState(/mnt/sdcard/extra_sd): Unknown volume
07-11 14:12:30.172 W/MountService(  374): getVolumeState(/mnt/extrasd_bind): Unknown volume
07-11 14:12:30.172 W/MountService(  374): getVolumeState(/mnt/sdcard/ext_sd): Unknown volume
07-11 14:12:30.179 W/MountService(  374): getVolumeState(/storage/extSdCard): Unknown volume
07-11 14:12:30.179 W/MountService(  374): getVolumeState(/storage/sdcard1): Unknown volume
07-11 14:12:30.179 W/MountService(  374): getVolumeState(/mnt/sdcard/external_SD): Unknown volume
07-11 14:12:30.179 W/MountService(  374): getVolumeState(/mnt/sdcard/external_sd): Unknown volume
07-11 14:12:30.578 W/MountService(  374): getVolumeState(/storage/emulated/0/external_sd): Unknown volume
07-11 14:12:30.578 W/MountService(  374): getVolumeState(/mnt/sdcard-ext): Unknown volume
07-11 14:12:30.586 W/MountService(  374): getVolumeState(/mnt/ext_sdcard): Unknown volume
07-11 14:12:30.586 W/MountService(  374): getVolumeState(/mnt/sdcard2): Unknown volume
07-11 14:12:30.594 W/MountService(  374): getVolumeState(/mnt/emmc): Unknown volume
07-11 14:12:30.594 W/MountService(  374): getVolumeState(/mnt/extSdCard): Unknown volume
07-11 14:12:30.594 W/MountService(  374): getVolumeState(/mnt/sdcard/SD_CARD): Unknown volume
07-11 14:12:30.601 W/MountService(  374): getVolumeState(/mnt/sdcard/extra_sd): Unknown volume
07-11 14:12:30.601 W/MountService(  374): getVolumeState(/mnt/extrasd_bind): Unknown volume
07-11 14:12:30.601 W/MountService(  374): getVolumeState(/mnt/sdcard/ext_sd): Unknown volume
07-11 14:12:30.609 W/MountService(  374): getVolumeState(/storage/extSdCard): Unknown volume
07-11 14:12:30.617 W/MountService(  374): getVolumeState(/storage/sdcard1): Unknown volume
07-11 14:12:30.617 W/MountService(  374): getVolumeState(/mnt/sdcard/external_SD): Unknown volume
07-11 14:12:30.617 W/MountService(  374): getVolumeState(/mnt/sdcard/external_sd): Unknown volume
07-11 14:13:13.062 I/PowerManagerService(  374): Going to sleep due to screen timeout...
07-11 14:13:19.086 D/PhoneStatusBar(  450): disable: < expand icons alerts ticker system_info back home RECENT* clock search >
07-11 14:13:19.265 D/PhoneStatusBar(  450): disable: < expand icons alerts ticker system_info BACK* HOME* RECENT CLOCK* search >
07-11 14:13:23.961 I/ActivityManager(  374): No longer want com.google.android.apps.maps:GoogleLocationService (pid 22832): empty for 3507s
07-11 14:13:23.984 W/ActivityManager(  374): Scheduling restart of crashed service com.google.android.apps.maps/com.google.android.location.internal.server.GoogleLocationService in 5000ms
07-11 14:13:29.008 I/ActivityManager(  374): Start proc com.google.android.apps.maps:GoogleLocationService for service com.google.android.apps.maps/com.google.android.location.internal.server.GoogleLocationService: pid=32672 uid=10038 gids={50038, 3003, 1015, 1028}
07-11 14:13:29.039 I/ActivityManager(  374): No longer want com.google.android.gallery3d (pid 27516): empty #17
07-11 14:13:29.961 I/ActivityManager(  374): Start proc com.google.android.apps.maps:FriendService for broadcast com.google.android.apps.maps/com.google.googlenav.friend.android.ServiceReceiver: pid=32693 uid=10038 gids={50038, 3003, 1015, 1028}
07-11 14:13:30.094 W/ActivityManager(  374): Permission denied: checkComponentPermission() owningUid=10009
07-11 14:13:30.094 W/BroadcastQueue(  374): Permission Denial: broadcasting Intent { act=com.google.android.location.internal.server.ACTION_RESTARTED flg=0x10 } from com.google.android.apps.maps (pid=32672, uid=10038) is not exported from uid 10009 due to receiver com.google.android.gms/com.google.android.location.reporting.service.ExternalChangeReceiver
07-11 14:13:30.094 I/ActivityManager(  374): No longer want com.android.musicfx (pid 26513): empty #17
07-11 14:13:30.109 I/ActivityManager(  374): Start proc com.google.android.apps.maps:LocationFriendService for broadcast com.google.android.apps.maps/com.google.googlenav.friend.reporting.LocationReportingIntentReceiver: pid=32705 uid=10038 gids={50038, 3003, 1015, 1028}
07-11 14:13:30.281 I/ActivityManager(  374): No longer want com.noshufou.android.su (pid 26714): empty #17
07-11 14:13:30.414 W/MountService(  374): getVolumeState(/storage/emulated/0/external_sd): Unknown volume
07-11 14:13:30.414 W/MountService(  374): getVolumeState(/mnt/sdcard-ext): Unknown volume
07-11 14:13:30.422 W/MountService(  374): getVolumeState(/mnt/ext_sdcard): Unknown volume
07-11 14:13:30.422 W/MountService(  374): getVolumeState(/mnt/sdcard2): Unknown volume
07-11 14:13:30.422 W/MountService(  374): getVolumeState(/mnt/emmc): Unknown volume
07-11 14:13:30.422 W/MountService(  374): getVolumeState(/mnt/extSdCard): Unknown volume
07-11 14:13:30.422 W/MountService(  374): getVolumeState(/mnt/sdcard/SD_CARD): Unknown volume
07-11 14:13:30.429 W/MountService(  374): getVolumeState(/mnt/sdcard/extra_sd): Unknown volume
07-11 14:13:30.429 W/MountService(  374): getVolumeState(/mnt/extrasd_bind): Unknown volume
07-11 14:13:30.429 W/MountService(  374): getVolumeState(/mnt/sdcard/ext_sd): Unknown volume
07-11 14:13:30.429 W/MountService(  374): getVolumeState(/storage/extSdCard): Unknown volume
07-11 14:13:30.429 W/MountService(  374): getVolumeState(/storage/sdcard1): Unknown volume
07-11 14:13:30.429 W/MountService(  374): getVolumeState(/mnt/sdcard/external_SD): Unknown volume
07-11 14:13:30.429 W/MountService(  374): getVolumeState(/mnt/sdcard/external_sd): Unknown volume
07-11 14:13:30.664 W/MountService(  374): getVolumeState(/storage/emulated/0/external_sd): Unknown volume
07-11 14:13:30.664 W/MountService(  374): getVolumeState(/mnt/sdcard-ext): Unknown volume
07-11 14:13:30.664 W/MountService(  374): getVolumeState(/mnt/ext_sdcard): Unknown volume
07-11 14:13:30.664 W/MountService(  374): getVolumeState(/mnt/sdcard2): Unknown volume
07-11 14:13:30.664 W/MountService(  374): getVolumeState(/mnt/emmc): Unknown volume
07-11 14:13:30.664 W/MountService(  374): getVolumeState(/mnt/extSdCard): Unknown volume
07-11 14:13:30.664 W/MountService(  374): getVolumeState(/mnt/sdcard/SD_CARD): Unknown volume
07-11 14:13:30.664 W/MountService(  374): getVolumeState(/mnt/sdcard/extra_sd): Unknown volume
07-11 14:13:30.672 W/MountService(  374): getVolumeState(/mnt/extrasd_bind): Unknown volume
07-11 14:13:30.672 W/MountService(  374): getVolumeState(/mnt/sdcard/ext_sd): Unknown volume
07-11 14:13:30.672 W/MountService(  374): getVolumeState(/storage/extSdCard): Unknown volume
07-11 14:13:30.672 W/MountService(  374): getVolumeState(/storage/sdcard1): Unknown volume
07-11 14:13:30.672 W/MountService(  374): getVolumeState(/mnt/sdcard/external_SD): Unknown volume
07-11 14:13:30.672 W/MountService(  374): getVolumeState(/mnt/sdcard/external_sd): Unknown volume
07-11 14:14:30.578 W/MountService(  374): getVolumeState(/storage/emulated/0/external_sd): Unknown volume
07-11 14:14:30.586 W/MountService(  374): getVolumeState(/mnt/sdcard-ext): Unknown volume
07-11 14:14:30.586 W/MountService(  374): getVolumeState(/mnt/ext_sdcard): Unknown volume
07-11 14:14:30.586 W/MountService(  374): getVolumeState(/mnt/sdcard2): Unknown volume
07-11 14:14:30.586 W/MountService(  374): getVolumeState(/mnt/emmc): Unknown volume
07-11 14:14:30.586 W/MountService(  374): getVolumeState(/mnt/extSdCard): Unknown volume
07-11 14:14:30.586 W/MountService(  374): getVolumeState(/mnt/sdcard/SD_CARD): Unknown volume
07-11 14:14:30.586 W/MountService(  374): getVolumeState(/mnt/sdcard/extra_sd): Unknown volume
07-11 14:14:30.594 W/MountService(  374): getVolumeState(/mnt/extrasd_bind): Unknown volume
07-11 14:14:30.594 W/MountService(  374): getVolumeState(/mnt/sdcard/ext_sd): Unknown volume
07-11 14:14:30.594 W/MountService(  374): getVolumeState(/storage/extSdCard): Unknown volume
07-11 14:14:30.594 W/MountService(  374): getVolumeState(/storage/sdcard1): Unknown volume
07-11 14:14:30.594 W/MountService(  374): getVolumeState(/mnt/sdcard/external_SD): Unknown volume
07-11 14:14:30.594 W/MountService(  374): getVolumeState(/mnt/sdcard/external_sd): Unknown volume
07-11 14:14:30.820 W/MountService(  374): getVolumeState(/storage/emulated/0/external_sd): Unknown volume
07-11 14:14:30.828 W/MountService(  374): getVolumeState(/mnt/sdcard-ext): Unknown volume
07-11 14:14:30.828 W/MountService(  374): getVolumeState(/mnt/ext_sdcard): Unknown volume
07-11 14:14:30.828 W/MountService(  374): getVolumeState(/mnt/sdcard2): Unknown volume
07-11 14:14:30.828 W/MountService(  374): getVolumeState(/mnt/emmc): Unknown volume
07-11 14:14:30.828 W/MountService(  374): getVolumeState(/mnt/extSdCard): Unknown volume
07-11 14:14:30.828 W/MountService(  374): getVolumeState(/mnt/sdcard/SD_CARD): Unknown volume
07-11 14:14:30.828 W/MountService(  374): getVolumeState(/mnt/sdcard/extra_sd): Unknown volume
07-11 14:14:30.828 W/MountService(  374): getVolumeState(/mnt/extrasd_bind): Unknown volume
07-11 14:14:30.828 W/MountService(  374): getVolumeState(/mnt/sdcard/ext_sd): Unknown volume
07-11 14:14:30.836 W/MountService(  374): getVolumeState(/storage/extSdCard): Unknown volume
07-11 14:14:30.836 W/MountService(  374): getVolumeState(/storage/sdcard1): Unknown volume
07-11 14:14:30.836 W/MountService(  374): getVolumeState(/mnt/sdcard/external_SD): Unknown volume
07-11 14:14:30.844 W/MountService(  374): getVolumeState(/mnt/sdcard/external_sd): Unknown volume
07-11 14:15:30.812 W/MountService(  374): getVolumeState(/storage/emulated/0/external_sd): Unknown volume
07-11 14:15:30.812 W/MountService(  374): getVolumeState(/mnt/sdcard-ext): Unknown volume
07-11 14:15:30.812 W/MountService(  374): getVolumeState(/mnt/ext_sdcard): Unknown volume
07-11 14:15:30.812 W/MountService(  374): getVolumeState(/mnt/sdcard2): Unknown volume
07-11 14:15:30.812 W/MountService(  374): getVolumeState(/mnt/emmc): Unknown volume
07-11 14:15:30.812 W/MountService(  374): getVolumeState(/mnt/extSdCard): Unknown volume
07-11 14:15:30.812 W/MountService(  374): getVolumeState(/mnt/sdcard/SD_CARD): Unknown volume
07-11 14:15:30.812 W/MountService(  374): getVolumeState(/mnt/sdcard/extra_sd): Unknown volume
07-11 14:15:30.820 W/MountService(  374): getVolumeState(/mnt/extrasd_bind): Unknown volume
07-11 14:15:30.820 W/MountService(  374): getVolumeState(/mnt/sdcard/ext_sd): Unknown volume
07-11 14:15:30.820 W/MountService(  374): getVolumeState(/storage/extSdCard): Unknown volume
07-11 14:15:30.820 W/MountService(  374): getVolumeState(/storage/sdcard1): Unknown volume
07-11 14:15:30.820 W/MountService(  374): getVolumeState(/mnt/sdcard/external_SD): Unknown volume
07-11 14:15:30.820 W/MountService(  374): getVolumeState(/mnt/sdcard/external_sd): Unknown volume
07-11 14:15:31.070 W/MountService(  374): getVolumeState(/storage/emulated/0/external_sd): Unknown volume
07-11 14:15:31.070 W/MountService(  374): getVolumeState(/mnt/sdcard-ext): Unknown volume
07-11 14:15:31.070 W/MountService(  374): getVolumeState(/mnt/ext_sdcard): Unknown volume
07-11 14:15:31.070 W/MountService(  374): getVolumeState(/mnt/sdcard2): Unknown volume
07-11 14:15:31.078 W/MountService(  374): getVolumeState(/mnt/emmc): Unknown volume
07-11 14:15:31.078 W/MountService(  374): getVolumeState(/mnt/extSdCard): Unknown volume
07-11 14:15:31.078 W/MountService(  374): getVolumeState(/mnt/sdcard/SD_CARD): Unknown volume
07-11 14:15:31.078 W/MountService(  374): getVolumeState(/mnt/sdcard/extra_sd): Unknown volume
07-11 14:15:31.078 W/MountService(  374): getVolumeState(/mnt/extrasd_bind): Unknown volume
07-11 14:15:31.078 W/MountService(  374): getVolumeState(/mnt/sdcard/ext_sd): Unknown volume
07-11 14:15:31.078 W/MountService(  374): getVolumeState(/storage/extSdCard): Unknown volume
07-11 14:15:31.078 W/MountService(  374): getVolumeState(/storage/sdcard1): Unknown volume
07-11 14:15:31.078 W/MountService(  374): getVolumeState(/mnt/sdcard/external_SD): Unknown volume
07-11 14:15:31.086 W/MountService(  374): getVolumeState(/mnt/sdcard/external_sd): Unknown volume
07-11 14:16:31.047 W/MountService(  374): getVolumeState(/storage/emulated/0/external_sd): Unknown volume
07-11 14:16:31.047 W/MountService(  374): getVolumeState(/mnt/sdcard-ext): Unknown volume
07-11 14:16:31.047 W/MountService(  374): getVolumeState(/mnt/ext_sdcard): Unknown volume
07-11 14:16:31.047 W/MountService(  374): getVolumeState(/mnt/sdcard2): Unknown volume
07-11 14:16:31.047 W/MountService(  374): getVolumeState(/mnt/emmc): Unknown volume
07-11 14:16:31.047 W/MountService(  374): getVolumeState(/mnt/extSdCard): Unknown volume
07-11 14:16:31.047 W/MountService(  374): getVolumeState(/mnt/sdcard/SD_CARD): Unknown volume
07-11 14:16:31.054 W/MountService(  374): getVolumeState(/mnt/sdcard/extra_sd): Unknown volume
07-11 14:16:31.054 W/MountService(  374): getVolumeState(/mnt/extrasd_bind): Unknown volume
07-11 14:16:31.054 W/MountService(  374): getVolumeState(/mnt/sdcard/ext_sd): Unknown volume
07-11 14:16:31.054 W/MountService(  374): getVolumeState(/storage/extSdCard): Unknown volume
07-11 14:16:31.054 W/MountService(  374): getVolumeState(/storage/sdcard1): Unknown volume
07-11 14:16:31.054 W/MountService(  374): getVolumeState(/mnt/sdcard/external_SD): Unknown volume
07-11 14:16:31.054 W/MountService(  374): getVolumeState(/mnt/sdcard/external_sd): Unknown volume
07-11 14:16:31.273 W/MountService(  374): getVolumeState(/storage/emulated/0/external_sd): Unknown volume
07-11 14:16:31.273 W/MountService(  374): getVolumeState(/mnt/sdcard-ext): Unknown volume
07-11 14:16:31.281 W/MountService(  374): getVolumeState(/mnt/ext_sdcard): Unknown volume
07-11 14:16:31.281 W/MountService(  374): getVolumeState(/mnt/sdcard2): Unknown volume
07-11 14:16:31.281 W/MountService(  374): getVolumeState(/mnt/emmc): Unknown volume
07-11 14:16:31.289 W/MountService(  374): getVolumeState(/mnt/extSdCard): Unknown volume
07-11 14:16:31.289 W/MountService(  374): getVolumeState(/mnt/sdcard/SD_CARD): Unknown volume
07-11 14:16:31.289 W/MountService(  374): getVolumeState(/mnt/sdcard/extra_sd): Unknown volume
07-11 14:16:31.297 W/MountService(  374): getVolumeState(/mnt/extrasd_bind): Unknown volume
07-11 14:16:31.297 W/MountService(  374): getVolumeState(/mnt/sdcard/ext_sd): Unknown volume
07-11 14:16:31.297 W/MountService(  374): getVolumeState(/storage/extSdCard): Unknown volume
07-11 14:16:31.297 W/MountService(  374): getVolumeState(/storage/sdcard1): Unknown volume
07-11 14:16:31.297 W/MountService(  374): getVolumeState(/mnt/sdcard/external_SD): Unknown volume
07-11 14:16:31.297 W/MountService(  374): getVolumeState(/mnt/sdcard/external_sd): Unknown volume
07-11 14:16:45.953 I/PowerManagerService(  374): Waking up from sleep...
07-11 14:16:45.992 I/WindowManager(  374): Lock screen displayed!
07-11 14:16:47.109 D/PhoneStatusBar(  450): disable: < expand icons alerts ticker system_info BACK HOME recent* CLOCK search >
07-11 14:16:47.234 D/PhoneStatusBar(  450): disable: < expand icons alerts ticker system_info back* home* recent clock* search >
07-11 14:16:47.258 W/InputMethodManagerService(  374): Window already focused, ignoring focus gain of: com.android.internal.view.IInputMethodClient$Stub$Proxy@42427db8 attribute=android.view.inputmethod.EditorInfo@428cf6d0, token = android.os.BinderProxy@42cb9b18
07-11 14:17:19.015 I/PowerManagerService(  374): Going to sleep due to screen timeout...
07-11 14:17:25.109 D/PhoneStatusBar(  450): disable: < expand icons alerts ticker system_info back home RECENT* clock search >
07-11 14:17:25.242 D/PhoneStatusBar(  450): disable: < expand icons alerts ticker system_info BACK* HOME* RECENT CLOCK* search >
07-11 14:17:31.195 W/MountService(  374): getVolumeState(/storage/emulated/0/external_sd): Unknown volume
07-11 14:17:31.195 W/MountService(  374): getVolumeState(/mnt/sdcard-ext): Unknown volume
07-11 14:17:31.203 W/MountService(  374): getVolumeState(/mnt/ext_sdcard): Unknown volume
07-11 14:17:31.203 W/MountService(  374): getVolumeState(/mnt/sdcard2): Unknown volume
07-11 14:17:31.203 W/MountService(  374): getVolumeState(/mnt/emmc): Unknown volume
07-11 14:17:31.203 W/MountService(  374): getVolumeState(/mnt/extSdCard): Unknown volume
07-11 14:17:31.203 W/MountService(  374): getVolumeState(/mnt/sdcard/SD_CARD): Unknown volume
07-11 14:17:31.203 W/MountService(  374): getVolumeState(/mnt/sdcard/extra_sd): Unknown volume
07-11 14:17:31.203 W/MountService(  374): getVolumeState(/mnt/extrasd_bind): Unknown volume
07-11 14:17:31.211 W/MountService(  374): getVolumeState(/mnt/sdcard/ext_sd): Unknown volume
07-11 14:17:31.211 W/MountService(  374): getVolumeState(/storage/extSdCard): Unknown volume
07-11 14:17:31.211 W/MountService(  374): getVolumeState(/storage/sdcard1): Unknown volume
07-11 14:17:31.211 W/MountService(  374): getVolumeState(/mnt/sdcard/external_SD): Unknown volume
07-11 14:17:31.211 W/MountService(  374): getVolumeState(/mnt/sdcard/external_sd): Unknown volume
07-11 14:17:31.445 W/MountService(  374): getVolumeState(/storage/emulated/0/external_sd): Unknown volume
07-11 14:17:31.445 W/MountService(  374): getVolumeState(/mnt/sdcard-ext): Unknown volume
07-11 14:17:31.445 W/MountService(  374): getVolumeState(/mnt/ext_sdcard): Unknown volume
07-11 14:17:31.445 W/MountService(  374): getVolumeState(/mnt/sdcard2): Unknown volume
07-11 14:17:31.445 W/MountService(  374): getVolumeState(/mnt/emmc): Unknown volume
07-11 14:17:31.445 W/MountService(  374): getVolumeState(/mnt/extSdCard): Unknown volume
07-11 14:17:31.445 W/MountService(  374): getVolumeState(/mnt/sdcard/SD_CARD): Unknown volume
07-11 14:17:31.445 W/MountService(  374): getVolumeState(/mnt/sdcard/extra_sd): Unknown volume
07-11 14:17:31.445 W/MountService(  374): getVolumeState(/mnt/extrasd_bind): Unknown volume
07-11 14:17:31.445 W/MountService(  374): getVolumeState(/mnt/sdcard/ext_sd): Unknown volume
07-11 14:17:31.445 W/MountService(  374): getVolumeState(/storage/extSdCard): Unknown volume
07-11 14:17:31.445 W/MountService(  374): getVolumeState(/storage/sdcard1): Unknown volume
07-11 14:17:31.453 W/MountService(  374): getVolumeState(/mnt/sdcard/external_SD): Unknown volume
07-11 14:17:31.453 W/MountService(  374): getVolumeState(/mnt/sdcard/external_sd): Unknown volume
07-11 14:18:18.812 I/ActivityManager(  374): No longer want com.pekall.nmefc (pid 28570): empty for 1800s
07-11 14:18:18.836 W/ActivityManager(  374): Scheduling restart of crashed service com.pekall.nmefc/com.pekall.lib.push.PushService in 5000ms
07-11 14:18:23.851 I/ActivityManager(  374): Start proc com.pekall.nmefc for service com.pekall.nmefc/com.pekall.lib.push.PushService: pid=1190 uid=10068 gids={50068, 1015, 1028, 3003}
07-11 14:18:31.359 W/MountService(  374): getVolumeState(/storage/emulated/0/external_sd): Unknown volume
07-11 14:18:31.359 W/MountService(  374): getVolumeState(/mnt/sdcard-ext): Unknown volume
07-11 14:18:31.367 W/MountService(  374): getVolumeState(/mnt/ext_sdcard): Unknown volume
07-11 14:18:31.367 W/MountService(  374): getVolumeState(/mnt/sdcard2): Unknown volume
07-11 14:18:31.367 W/MountService(  374): getVolumeState(/mnt/emmc): Unknown volume
07-11 14:18:31.367 W/MountService(  374): getVolumeState(/mnt/extSdCard): Unknown volume
07-11 14:18:31.367 W/MountService(  374): getVolumeState(/mnt/sdcard/SD_CARD): Unknown volume
07-11 14:18:31.367 W/MountService(  374): getVolumeState(/mnt/sdcard/extra_sd): Unknown volume
07-11 14:18:31.375 W/MountService(  374): getVolumeState(/mnt/extrasd_bind): Unknown volume
07-11 14:18:31.375 W/MountService(  374): getVolumeState(/mnt/sdcard/ext_sd): Unknown volume
07-11 14:18:31.375 W/MountService(  374): getVolumeState(/storage/extSdCard): Unknown volume
07-11 14:18:31.375 W/MountService(  374): getVolumeState(/storage/sdcard1): Unknown volume
07-11 14:18:31.375 W/MountService(  374): getVolumeState(/mnt/sdcard/external_SD): Unknown volume
07-11 14:18:31.375 W/MountService(  374): getVolumeState(/mnt/sdcard/external_sd): Unknown volume
07-11 14:18:31.656 W/MountService(  374): getVolumeState(/storage/emulated/0/external_sd): Unknown volume
07-11 14:18:31.656 W/MountService(  374): getVolumeState(/mnt/sdcard-ext): Unknown volume
07-11 14:18:31.664 W/MountService(  374): getVolumeState(/mnt/ext_sdcard): Unknown volume
07-11 14:18:31.664 W/MountService(  374): getVolumeState(/mnt/sdcard2): Unknown volume
07-11 14:18:31.664 W/MountService(  374): getVolumeState(/mnt/emmc): Unknown volume
07-11 14:18:31.664 W/MountService(  374): getVolumeState(/mnt/extSdCard): Unknown volume
07-11 14:18:31.664 W/MountService(  374): getVolumeState(/mnt/sdcard/SD_CARD): Unknown volume
07-11 14:18:31.664 W/MountService(  374): getVolumeState(/mnt/sdcard/extra_sd): Unknown volume
07-11 14:18:31.664 W/MountService(  374): getVolumeState(/mnt/extrasd_bind): Unknown volume
07-11 14:18:31.672 W/MountService(  374): getVolumeState(/mnt/sdcard/ext_sd): Unknown volume
07-11 14:18:31.672 W/MountService(  374): getVolumeState(/storage/extSdCard): Unknown volume
07-11 14:18:31.672 W/MountService(  374): getVolumeState(/storage/sdcard1): Unknown volume
07-11 14:18:31.672 W/MountService(  374): getVolumeState(/mnt/sdcard/external_SD): Unknown volume
07-11 14:18:31.672 W/MountService(  374): getVolumeState(/mnt/sdcard/external_sd): Unknown volume
07-11 14:19:31.570 W/MountService(  374): getVolumeState(/storage/emulated/0/external_sd): Unknown volume
07-11 14:19:31.570 W/MountService(  374): getVolumeState(/mnt/sdcard-ext): Unknown volume
07-11 14:19:31.570 W/MountService(  374): getVolumeState(/mnt/ext_sdcard): Unknown volume
07-11 14:19:31.570 W/MountService(  374): getVolumeState(/mnt/sdcard2): Unknown volume
07-11 14:19:31.570 W/MountService(  374): getVolumeState(/mnt/emmc): Unknown volume
07-11 14:19:31.570 W/MountService(  374): getVolumeState(/mnt/extSdCard): Unknown volume
07-11 14:19:31.578 W/MountService(  374): getVolumeState(/mnt/sdcard/SD_CARD): Unknown volume
07-11 14:19:31.578 W/MountService(  374): getVolumeState(/mnt/sdcard/extra_sd): Unknown volume
07-11 14:19:31.578 W/MountService(  374): getVolumeState(/mnt/extrasd_bind): Unknown volume
07-11 14:19:31.578 W/MountService(  374): getVolumeState(/mnt/sdcard/ext_sd): Unknown volume
07-11 14:19:31.578 W/MountService(  374): getVolumeState(/storage/extSdCard): Unknown volume
07-11 14:19:31.578 W/MountService(  374): getVolumeState(/storage/sdcard1): Unknown volume
07-11 14:19:31.578 W/MountService(  374): getVolumeState(/mnt/sdcard/external_SD): Unknown volume
07-11 14:19:31.578 W/MountService(  374): getVolumeState(/mnt/sdcard/external_sd): Unknown volume
07-11 14:19:31.797 W/MountService(  374): getVolumeState(/storage/emulated/0/external_sd): Unknown volume
07-11 14:19:31.797 W/MountService(  374): getVolumeState(/mnt/sdcard-ext): Unknown volume
07-11 14:19:31.797 W/MountService(  374): getVolumeState(/mnt/ext_sdcard): Unknown volume
07-11 14:19:31.804 W/MountService(  374): getVolumeState(/mnt/sdcard2): Unknown volume
07-11 14:19:31.804 W/MountService(  374): getVolumeState(/mnt/emmc): Unknown volume
07-11 14:19:31.804 W/MountService(  374): getVolumeState(/mnt/extSdCard): Unknown volume
07-11 14:19:31.804 W/MountService(  374): getVolumeState(/mnt/sdcard/SD_CARD): Unknown volume
07-11 14:19:31.804 W/MountService(  374): getVolumeState(/mnt/sdcard/extra_sd): Unknown volume
07-11 14:19:31.804 W/MountService(  374): getVolumeState(/mnt/extrasd_bind): Unknown volume
07-11 14:19:31.804 W/MountService(  374): getVolumeState(/mnt/sdcard/ext_sd): Unknown volume
07-11 14:19:31.804 W/MountService(  374): getVolumeState(/storage/extSdCard): Unknown volume
07-11 14:19:31.804 W/MountService(  374): getVolumeState(/storage/sdcard1): Unknown volume
07-11 14:19:31.804 W/MountService(  374): getVolumeState(/mnt/sdcard/external_SD): Unknown volume
07-11 14:19:31.812 W/MountService(  374): getVolumeState(/mnt/sdcard/external_sd): Unknown volume
07-11 14:20:31.719 W/MountService(  374): getVolumeState(/storage/emulated/0/external_sd): Unknown volume
07-11 14:20:31.726 W/MountService(  374): getVolumeState(/mnt/sdcard-ext): Unknown volume
07-11 14:20:31.726 W/MountService(  374): getVolumeState(/mnt/ext_sdcard): Unknown volume
07-11 14:20:31.726 W/MountService(  374): getVolumeState(/mnt/sdcard2): Unknown volume
07-11 14:20:31.726 W/MountService(  374): getVolumeState(/mnt/emmc): Unknown volume
07-11 14:20:31.726 W/MountService(  374): getVolumeState(/mnt/extSdCard): Unknown volume
07-11 14:20:31.726 W/MountService(  374): getVolumeState(/mnt/sdcard/SD_CARD): Unknown volume
07-11 14:20:31.726 W/MountService(  374): getVolumeState(/mnt/sdcard/extra_sd): Unknown volume
07-11 14:20:31.734 W/MountService(  374): getVolumeState(/mnt/extrasd_bind): Unknown volume
07-11 14:20:31.734 W/MountService(  374): getVolumeState(/mnt/sdcard/ext_sd): Unknown volume
07-11 14:20:31.734 W/MountService(  374): getVolumeState(/storage/extSdCard): Unknown volume
07-11 14:20:31.734 W/MountService(  374): getVolumeState(/storage/sdcard1): Unknown volume
07-11 14:20:31.734 W/MountService(  374): getVolumeState(/mnt/sdcard/external_SD): Unknown volume
07-11 14:20:31.734 W/MountService(  374): getVolumeState(/mnt/sdcard/external_sd): Unknown volume
07-11 14:20:31.969 W/MountService(  374): getVolumeState(/storage/emulated/0/external_sd): Unknown volume
07-11 14:20:31.969 W/MountService(  374): getVolumeState(/mnt/sdcard-ext): Unknown volume
07-11 14:20:31.969 W/MountService(  374): getVolumeState(/mnt/ext_sdcard): Unknown volume
07-11 14:20:31.969 W/MountService(  374): getVolumeState(/mnt/sdcard2): Unknown volume
07-11 14:20:31.969 W/MountService(  374): getVolumeState(/mnt/emmc): Unknown volume
07-11 14:20:31.976 W/MountService(  374): getVolumeState(/mnt/extSdCard): Unknown volume
07-11 14:20:31.976 W/MountService(  374): getVolumeState(/mnt/sdcard/SD_CARD): Unknown volume
07-11 14:20:31.976 W/MountService(  374): getVolumeState(/mnt/sdcard/extra_sd): Unknown volume
07-11 14:20:31.976 W/MountService(  374): getVolumeState(/mnt/extrasd_bind): Unknown volume
07-11 14:20:31.976 W/MountService(  374): getVolumeState(/mnt/sdcard/ext_sd): Unknown volume
07-11 14:20:31.976 W/MountService(  374): getVolumeState(/storage/extSdCard): Unknown volume
07-11 14:20:31.984 W/MountService(  374): getVolumeState(/storage/sdcard1): Unknown volume
07-11 14:20:31.984 W/MountService(  374): getVolumeState(/mnt/sdcard/external_SD): Unknown volume
07-11 14:20:31.984 W/MountService(  374): getVolumeState(/mnt/sdcard/external_sd): Unknown volume
07-11 14:21:31.890 W/MountService(  374): getVolumeState(/storage/emulated/0/external_sd): Unknown volume
07-11 14:21:31.890 W/MountService(  374): getVolumeState(/mnt/sdcard-ext): Unknown volume
07-11 14:21:31.890 W/MountService(  374): getVolumeState(/mnt/ext_sdcard): Unknown volume
07-11 14:21:31.890 W/MountService(  374): getVolumeState(/mnt/sdcard2): Unknown volume
07-11 14:21:31.890 W/MountService(  374): getVolumeState(/mnt/emmc): Unknown volume
07-11 14:21:31.890 W/MountService(  374): getVolumeState(/mnt/extSdCard): Unknown volume
07-11 14:21:31.890 W/MountService(  374): getVolumeState(/mnt/sdcard/SD_CARD): Unknown volume
07-11 14:21:31.890 W/MountService(  374): getVolumeState(/mnt/sdcard/extra_sd): Unknown volume
07-11 14:21:31.898 W/MountService(  374): getVolumeState(/mnt/extrasd_bind): Unknown volume
07-11 14:21:31.898 W/MountService(  374): getVolumeState(/mnt/sdcard/ext_sd): Unknown volume
07-11 14:21:31.898 W/MountService(  374): getVolumeState(/storage/extSdCard): Unknown volume
07-11 14:21:31.898 W/MountService(  374): getVolumeState(/storage/sdcard1): Unknown volume
07-11 14:21:31.898 W/MountService(  374): getVolumeState(/mnt/sdcard/external_SD): Unknown volume
07-11 14:21:31.906 W/MountService(  374): getVolumeState(/mnt/sdcard/external_sd): Unknown volume
07-11 14:21:32.195 W/MountService(  374): getVolumeState(/storage/emulated/0/external_sd): Unknown volume
07-11 14:21:32.195 W/MountService(  374): getVolumeState(/mnt/sdcard-ext): Unknown volume
07-11 14:21:32.195 W/MountService(  374): getVolumeState(/mnt/ext_sdcard): Unknown volume
07-11 14:21:32.195 W/MountService(  374): getVolumeState(/mnt/sdcard2): Unknown volume
07-11 14:21:32.203 W/MountService(  374): getVolumeState(/mnt/emmc): Unknown volume
07-11 14:21:32.203 W/MountService(  374): getVolumeState(/mnt/extSdCard): Unknown volume
07-11 14:21:32.203 W/MountService(  374): getVolumeState(/mnt/sdcard/SD_CARD): Unknown volume
07-11 14:21:32.203 W/MountService(  374): getVolumeState(/mnt/sdcard/extra_sd): Unknown volume
07-11 14:21:32.203 W/MountService(  374): getVolumeState(/mnt/extrasd_bind): Unknown volume
07-11 14:21:32.203 W/MountService(  374): getVolumeState(/mnt/sdcard/ext_sd): Unknown volume
07-11 14:21:32.203 W/MountService(  374): getVolumeState(/storage/extSdCard): Unknown volume
07-11 14:21:32.211 W/MountService(  374): getVolumeState(/storage/sdcard1): Unknown volume
07-11 14:21:32.211 W/MountService(  374): getVolumeState(/mnt/sdcard/external_SD): Unknown volume
07-11 14:21:32.211 W/MountService(  374): getVolumeState(/mnt/sdcard/external_sd): Unknown volume
07-11 14:21:52.734 I/ActivityManager(  374): No longer want com.google.android.gms (pid 29184): empty for 1801s
07-11 14:21:52.734 I/ActivityManager(  374): No longer want com.google.android.gsf.login (pid 29269): empty for 1801s
07-11 14:21:52.734 I/ActivityManager(  374): No longer want com.google.android.googlequicksearchbox (pid 27267): empty for 1801s
07-11 14:21:52.742 I/ActivityManager(  374): No longer want com.dragon.android.pandaspace:bdservice_v1 (pid 25010): empty for 1801s
07-11 14:21:52.742 I/ActivityManager(  374): No longer want com.qihoo.root (pid 27553): empty for 1801s
07-11 14:21:52.812 W/ActivityManager(  374): Scheduling restart of crashed service com.dragon.android.pandaspace/com.baidu.android.moplus.MoPlusService in 5000ms
07-11 14:21:57.836 I/ActivityManager(  374): Start proc com.dragon.android.pandaspace:bdservice_v1 for service com.dragon.android.pandaspace/com.baidu.android.moplus.MoPlusService: pid=1789 uid=10081 gids={50081, 1015, 3003, 1006, 1028}
07-11 14:22:02.758 I/ActivityManager(  374): No longer want com.android.vending (pid 26529): empty for 1800s
07-11 14:22:02.781 W/ActivityManager(  374): Scheduling restart of crashed service com.android.vending/com.google.android.finsky.services.DailyHygiene in 5000ms
07-11 14:22:04.515 I/ActivityManager(  374): No longer want net.nurik.roman.dashclock (pid 23787): empty for 1800s
07-11 14:22:04.531 W/ActivityManager(  374): Scheduling restart of crashed service net.nurik.roman.dashclock/com.google.android.apps.dashclock.DashClockService in 5000ms
07-11 14:22:09.547 I/ActivityManager(  374): Start proc net.nurik.roman.dashclock for service net.nurik.roman.dashclock/com.google.android.apps.dashclock.DashClockService: pid=1844 uid=10070 gids={50070, 3003, 1028}
07-11 14:22:32.125 W/MountService(  374): getVolumeState(/storage/emulated/0/external_sd): Unknown volume
07-11 14:22:32.125 W/MountService(  374): getVolumeState(/mnt/sdcard-ext): Unknown volume
07-11 14:22:32.125 W/MountService(  374): getVolumeState(/mnt/ext_sdcard): Unknown volume
07-11 14:22:32.125 W/MountService(  374): getVolumeState(/mnt/sdcard2): Unknown volume
07-11 14:22:32.133 W/MountService(  374): getVolumeState(/mnt/emmc): Unknown volume
07-11 14:22:32.133 W/MountService(  374): getVolumeState(/mnt/extSdCard): Unknown volume
07-11 14:22:32.133 W/MountService(  374): getVolumeState(/mnt/sdcard/SD_CARD): Unknown volume
07-11 14:22:32.133 W/MountService(  374): getVolumeState(/mnt/sdcard/extra_sd): Unknown volume
07-11 14:22:32.133 W/MountService(  374): getVolumeState(/mnt/extrasd_bind): Unknown volume
07-11 14:22:32.133 W/MountService(  374): getVolumeState(/mnt/sdcard/ext_sd): Unknown volume
07-11 14:22:32.133 W/MountService(  374): getVolumeState(/storage/extSdCard): Unknown volume
07-11 14:22:32.140 W/MountService(  374): getVolumeState(/storage/sdcard1): Unknown volume
07-11 14:22:32.140 W/MountService(  374): getVolumeState(/mnt/sdcard/external_SD): Unknown volume
07-11 14:22:32.140 W/MountService(  374): getVolumeState(/mnt/sdcard/external_sd): Unknown volume
07-11 14:22:32.242 I/ActivityManager(  374): No longer want android.process.acore (pid 29476): empty for 1805s
07-11 14:22:32.336 I/ActivityManager(  374): Start proc android.process.acore for content provider com.android.providers.contacts/.CallLogProvider: pid=1908 uid=10000 gids={50000, 3003, 1015, 1028}
07-11 14:22:32.625 W/MountService(  374): getVolumeState(/storage/emulated/0/external_sd): Unknown volume
07-11 14:22:32.625 W/MountService(  374): getVolumeState(/mnt/sdcard-ext): Unknown volume
07-11 14:22:32.625 W/MountService(  374): getVolumeState(/mnt/ext_sdcard): Unknown volume
07-11 14:22:32.625 W/MountService(  374): getVolumeState(/mnt/sdcard2): Unknown volume
07-11 14:22:32.625 W/MountService(  374): getVolumeState(/mnt/emmc): Unknown volume
07-11 14:22:32.625 W/MountService(  374): getVolumeState(/mnt/extSdCard): Unknown volume
07-11 14:22:32.625 W/MountService(  374): getVolumeState(/mnt/sdcard/SD_CARD): Unknown volume
07-11 14:22:32.625 W/MountService(  374): getVolumeState(/mnt/sdcard/extra_sd): Unknown volume
07-11 14:22:32.625 W/MountService(  374): getVolumeState(/mnt/extrasd_bind): Unknown volume
07-11 14:22:32.633 W/MountService(  374): getVolumeState(/mnt/sdcard/ext_sd): Unknown volume
07-11 14:22:32.633 W/MountService(  374): getVolumeState(/storage/extSdCard): Unknown volume
07-11 14:22:32.633 W/MountService(  374): getVolumeState(/storage/sdcard1): Unknown volume
07-11 14:22:32.633 W/MountService(  374): getVolumeState(/mnt/sdcard/external_SD): Unknown volume
07-11 14:22:32.633 W/MountService(  374): getVolumeState(/mnt/sdcard/external_sd): Unknown volume
07-11 14:23:30.000 I/PowerManagerService(  374): Waking up from sleep...
07-11 14:23:30.125 I/WindowManager(  374): Lock screen displayed!
07-11 14:23:31.015 D/PhoneStatusBar(  450): disable: < expand icons alerts ticker system_info BACK HOME recent* CLOCK search >
07-11 14:23:31.094 W/InputMethodManagerService(  374): Window already focused, ignoring focus gain of: com.android.internal.view.IInputMethodClient$Stub$Proxy@425449b0 attribute=android.view.inputmethod.EditorInfo@427c4c18, token = android.os.BinderProxy@42cb9b18
07-11 14:23:31.094 D/PhoneStatusBar(  450): disable: < expand icons alerts ticker system_info back* home* recent clock* search >
07-11 14:23:32.390 W/MountService(  374): getVolumeState(/storage/emulated/0/external_sd): Unknown volume
07-11 14:23:32.390 W/MountService(  374): getVolumeState(/mnt/sdcard-ext): Unknown volume
07-11 14:23:32.390 W/MountService(  374): getVolumeState(/mnt/ext_sdcard): Unknown volume
07-11 14:23:32.390 W/MountService(  374): getVolumeState(/mnt/sdcard2): Unknown volume
07-11 14:23:32.398 W/MountService(  374): getVolumeState(/mnt/emmc): Unknown volume
07-11 14:23:32.398 W/MountService(  374): getVolumeState(/mnt/extSdCard): Unknown volume
07-11 14:23:32.398 W/MountService(  374): getVolumeState(/mnt/sdcard/SD_CARD): Unknown volume
07-11 14:23:32.398 W/MountService(  374): getVolumeState(/mnt/sdcard/extra_sd): Unknown volume
07-11 14:23:32.398 W/MountService(  374): getVolumeState(/mnt/extrasd_bind): Unknown volume
07-11 14:23:32.398 W/MountService(  374): getVolumeState(/mnt/sdcard/ext_sd): Unknown volume
07-11 14:23:32.406 W/MountService(  374): getVolumeState(/storage/extSdCard): Unknown volume
07-11 14:23:32.406 W/MountService(  374): getVolumeState(/storage/sdcard1): Unknown volume
