07-11 14:44:07.000 I/TransInfo( 3259): TransInfo created, id: 3, class: class com.pekall.emdm.transaction.b.c
07-11 14:44:07.000 D/NetworkThread( 3259): [null:-1]->----isRunning-----true
07-11 14:44:07.008 D/NetworkThread( 3259): [null:-1]->----isRunning-----true
07-11 14:44:07.008 D/NetworkThread( 3259): [null:-1]->thread wakeup
07-11 14:44:07.008 D/HttpClient( 3259): enable apache.http debug
07-11 14:44:07.023 V/DEBUG   ( 3259): HTTP 0
07-11 14:44:07.133 D/dalvikvm( 5697): GC_CONCURRENT freed 183K, 2% free 11962K/12180K, paused 1ms+3ms, total 46ms
07-11 14:44:07.133 D/dalvikvm( 5697): WAIT_FOR_CONCURRENT_GC blocked 16ms
07-11 14:44:07.367 V/DEBUG   ( 3259): HTTP 1
07-11 14:44:07.383 I/AppSecurityPermissions( 5697): Ignoring unknown permission:android.permission.RECEIVE_USER_PRESENT
07-11 14:44:07.515 D/MDM :   ( 3259): [null:-1]->read network input stream
07-11 14:44:07.554 D/dalvikvm( 5697): GC_CONCURRENT freed 778K, 7% free 12181K/12960K, paused 2ms+29ms, total 61ms
07-11 14:44:07.617 D/dalvikvm( 3259): GC_FOR_ALLOC freed 3120K, 26% free 19141K/25600K, paused 86ms, total 103ms
07-11 14:44:07.617 D/MDM :   ( 3259): [null:-1]->read network input stream
07-11 14:44:07.726 D/CheckInTransInfo( 3259): [null:-1]->CommandMsg : CommandMsg{CommandUUID='8a8088bf471a79ec0147242a400e4749', Command=CommandObject{RequestType='DeviceInformation'}}
07-11 14:44:07.726 D/DB      ( 3259): query: SQLiteQuery: SELECT * FROM command WHERE cmd_uuid='8a8088bf471a79ec0147242a400e4749'
07-11 14:44:07.726 D/DB      ( 3259): factory null
07-11 14:44:07.726 D/DB      ( 3259): fillWindow: 0
07-11 14:44:07.726 D/DB      ( 3259): cursor 0
07-11 14:44:07.789 D/NetworkThread( 3259): [null:-1]->queue is empty, thread wait...
07-11 14:44:07.890 D/MdmService( 3259): [null:-1]->handleCheckInResult
07-11 14:44:07.890 D/MdmService( 3259): [null:-1]->handleCheckInResult result keyIndex: 3
07-11 14:44:07.906 D/CommandManager( 3259): [null:-1]->execute command: CommandMsg{CommandUUID='8a8088bf471a79ec0147242a400e4749', Command=CommandObject{RequestType='DeviceInformation'}}
07-11 14:44:07.937 D/libEGL  ( 5697): loaded /vendor/lib/egl/libEGL_POWERVR_SGX540_120.so
07-11 14:44:07.961 D/libEGL  ( 5697): loaded /vendor/lib/egl/libGLESv1_CM_POWERVR_SGX540_120.so
07-11 14:44:07.976 D/libEGL  ( 5697): loaded /vendor/lib/egl/libGLESv2_POWERVR_SGX540_120.so
07-11 14:44:08.086 D/BluetoothManagerService(  374): checkIfCallerIsForegroundUser: valid=true callingUser=0 foregroundUser=0
07-11 14:44:08.101 D/OpenGLRenderer( 5697): Enabling debug mode 0
07-11 14:44:08.211 V/RenderScript( 5697): 0x595048e8 Launching thread(s), CPUs 2
07-11 14:44:08.351 I/ActivityManager(  374): Displayed com.android.packageinstaller/.PackageInstallerActivity: +2s571ms
07-11 14:44:08.359 W/GAV2    ( 5559): Thread[GAThread,5,main]: Service unavailable (code=1), will retry.
07-11 14:44:08.359 W/ActivityManager(  374): Unable to start service Intent { act=com.google.android.gms.analytics.service.START (has extras) } U=0: not found
07-11 14:44:08.414 I/GAV2    ( 5559): Thread[GAThread,5,main]: No campaign data found.
07-11 14:44:08.554 W/InteractionController( 5624): runAndwaitForEvent timedout waiting for events
07-11 14:44:08.687 I/ActivityManager(  374): Process android.process.acore (pid 1908) has died.
07-11 14:44:09.461 I/QueryController( 5624): Matched selector: UiSelector[TEXT=, CLASS=android.widget.Button] <<==>> [android.view.accessibility.AccessibilityNodeInfo@ae2e; boundsInParent: Rect(0, 0 - 359, 96); boundsInScreen: Rect(361, 1088 - 720, 1184); packageName: com.android.packageinstaller; className: android.widget.Button; text: ; contentDescription: null; viewIdResName: com.android.packageinstaller:id/ok_button; checkable: false; checked: false; focusable: true; focused: false; selected: false; clickable: true; longClickable: false; enabled: true; password: false; scrollable: false; [ACTION_FOCUS, ACTION_SELECT, ACTION_CLEAR_SELECTION, ACTION_CLICK, ACTION_ACCESSIBILITY_FOCUS, ACTION_NEXT_AT_MOVEMENT_GRANULARITY, ACTION_PREVIOUS_AT_MOVEMENT_GRANULARITY, ACTION_SET_SELECTION]]
07-11 14:44:09.469 D/InteractionController( 5624): clickAndWaitForNewWindow(540, 1136)
07-11 14:44:09.640 I/ActivityManager(  374): START u0 {dat=file:///storage/emulated/0/MDM/download/commojimjweather.apk cmp=com.android.packageinstaller/.InstallAppProgress (has extras)} from pid 5697
07-11 14:44:09.797 D/dalvikvm(  374): GC_FOR_ALLOC freed 1690K, 30% free 22375K/31744K, paused 93ms, total 93ms
07-11 14:44:09.867 W/InstallAppProgress( 5697): Replacing package:com.moji.mjweather
07-11 14:44:09.937 W/ActivityManager(  374): No content provider found for permission revoke: file:///storage/emulated/0/MDM/download/commojimjweather.apk
07-11 14:44:10.054 D/Finsky  ( 5250): [1] PackageVerificationReceiver.onReceive: Verification requested, id = 10
07-11 14:44:10.094 D/Finsky  ( 5250): [1] WorkerTask.onPreExecute: Verification Requested for id = 10, data=file:///storage/emulated/0/MDM/download/commojimjweather.apk flags=18 fromVerificationActivity=false
07-11 14:44:10.125 I/ActivityManager(  374): Displayed com.android.packageinstaller/.InstallAppProgress: +306ms
07-11 14:44:10.281 D/dalvikvm(20727): GC_CONCURRENT freed 418K, 8% free 10150K/10920K, paused 7ms+3ms, total 264ms
07-11 14:44:10.312 I/ActivityManager(  374): Process com.qihoo360.mobilesafe (pid 5387) has died.
07-11 14:44:10.484 W/System.err(27801): java.io.FileNotFoundException: /data/data/com.mgyapp.android/files/.cfp.i: open failed: ENOENT (No such file or directory)
07-11 14:44:10.508 W/System.err(27801): 	at libcore.io.IoBridge.open(IoBridge.java:409)
07-11 14:44:10.508 W/System.err(27801): 	at java.io.FileInputStream.<init>(FileInputStream.java:78)
07-11 14:44:10.508 W/System.err(27801): 	at android.app.ContextImpl.openFileInput(ContextImpl.java:702)
07-11 14:44:10.508 W/System.err(27801): 	at android.content.ContextWrapper.openFileInput(ContextWrapper.java:173)
07-11 14:44:10.508 W/System.err(27801): 	at com.mgyun.shua.jc.c.b(Unknown Source)
07-11 14:44:10.508 W/System.err(27801): 	at com.mgyun.shua.jc.d.a(Unknown Source)
07-11 14:44:10.508 W/System.err(27801): 	at com.mgyun.shua.jc.service.CpWorkServer.onHandleIntent(Unknown Source)
07-11 14:44:10.508 W/System.err(27801): 	at android.app.IntentService$ServiceHandler.handleMessage(IntentService.java:65)
07-11 14:44:10.508 W/System.err(27801): 	at android.os.Handler.dispatchMessage(Handler.java:99)
07-11 14:44:10.508 W/System.err(27801): 	at android.os.Looper.loop(Looper.java:137)
07-11 14:44:10.508 W/System.err(27801): 	at android.os.HandlerThread.run(HandlerThread.java:61)
07-11 14:44:10.508 W/System.err(27801): Caused by: libcore.io.ErrnoException: open failed: ENOENT (No such file or directory)
07-11 14:44:10.508 W/System.err(27801): 	at libcore.io.Posix.open(Native Method)
07-11 14:44:10.508 W/System.err(27801): 	at libcore.io.BlockGuardOs.open(BlockGuardOs.java:110)
07-11 14:44:10.508 W/System.err(27801): 	at libcore.io.IoBridge.open(IoBridge.java:393)
07-11 14:44:10.515 W/System.err(27801): 	... 10 more
07-11 14:44:10.578 D/dalvikvm( 5250): GC_CONCURRENT freed 539K, 8% free 12701K/13720K, paused 12ms+48ms, total 175ms
07-11 14:44:10.578 D/dalvikvm( 5250): WAIT_FOR_CONCURRENT_GC blocked 137ms
07-11 14:44:10.687 D/dalvikvm( 5250): GC_FOR_ALLOC freed 3358K, 29% free 10052K/13976K, paused 60ms, total 61ms
07-11 14:44:10.734 D/dalvikvm( 5250): GC_CONCURRENT freed 373K, 28% free 10105K/13976K, paused 4ms+6ms, total 39ms
07-11 14:44:10.734 D/dalvikvm( 5250): WAIT_FOR_CONCURRENT_GC blocked 29ms
07-11 14:44:10.812 D/dalvikvm( 5250): GC_CONCURRENT freed 148K, 26% free 10444K/13976K, paused 4ms+3ms, total 78ms
07-11 14:44:10.812 D/dalvikvm( 5250): WAIT_FOR_CONCURRENT_GC blocked 65ms
07-11 14:44:10.883 D/dalvikvm( 5250): GC_FOR_ALLOC freed 347K, 27% free 10285K/13976K, paused 33ms, total 34ms
07-11 14:44:10.922 D/dalvikvm( 5250): GC_FOR_ALLOC freed 126K, 26% free 10413K/13976K, paused 27ms, total 28ms
07-11 14:44:10.922 I/dalvikvm-heap( 5250): Grow heap (frag case) to 10.376MB for 184156-byte allocation
07-11 14:44:10.953 D/dalvikvm( 5250): GC_FOR_ALLOC freed 0K, 26% free 10593K/14156K, paused 25ms, total 25ms
07-11 14:44:11.054 D/dalvikvm( 5250): GC_CONCURRENT freed 355K, 25% free 10701K/14156K, paused 4ms+4ms, total 39ms
07-11 14:44:11.172 D/dalvikvm( 5250): GC_CONCURRENT freed 112K, 22% free 11113K/14156K, paused 4ms+5ms, total 53ms
07-11 14:44:11.328 D/dalvikvm( 5250): GC_CONCURRENT freed 137K, 18% free 11612K/14156K, paused 3ms+10ms, total 61ms
07-11 14:44:11.648 D/dalvikvm( 5250): GC_CONCURRENT freed 535K, 17% free 11887K/14156K, paused 6ms+10ms, total 155ms
07-11 14:44:11.672 D/dalvikvm(25474): GC_CONCURRENT freed 460K, 16% free 9536K/11232K, paused 8ms+2ms, total 118ms
07-11 14:44:12.117 D/dalvikvm( 5250): GC_CONCURRENT freed 739K, 15% free 12109K/14156K, paused 5ms+3ms, total 118ms
07-11 14:44:12.289 I/ActivityManager(  374): Process com.google.android.apps.plus (pid 5492) has died.
07-11 14:44:13.015 D/dalvikvm( 5697): GC_CONCURRENT freed 3314K, 26% free 9841K/13188K, paused 8ms+8ms, total 78ms
07-11 14:44:13.219 D/dalvikvm( 5250): GC_CONCURRENT freed 726K, 13% free 12372K/14156K, paused 12ms+4ms, total 148ms
07-11 14:44:13.375 W/GAV2    ( 5559): Thread[Service Reconnect,5,main]: Service unavailable (code=1), using local store.
07-11 14:44:13.375 W/ActivityManager(  374): Unable to start service Intent { act=com.google.android.gms.analytics.service.START (has extras) } U=0: not found
07-11 14:44:13.640 D/Finsky  ( 5250): [1] 5.onFinished: Installation state replication succeeded.
07-11 14:44:13.797 D/dalvikvm( 5250): GC_CONCURRENT freed 1436K, 15% free 12090K/14156K, paused 4ms+4ms, total 87ms
07-11 14:44:13.797 D/dalvikvm( 5250): WAIT_FOR_CONCURRENT_GC blocked 63ms
07-11 14:44:14.000 D/dalvikvm( 5250): GC_CONCURRENT freed 1060K, 15% free 12085K/14156K, paused 4ms+3ms, total 112ms
07-11 14:44:14.000 D/dalvikvm( 5250): WAIT_FOR_CONCURRENT_GC blocked 84ms
07-11 14:44:14.179 D/dalvikvm( 5250): GC_CONCURRENT freed 1045K, 15% free 12090K/14156K, paused 4ms+3ms, total 76ms
07-11 14:44:14.179 D/dalvikvm( 5250): WAIT_FOR_CONCURRENT_GC blocked 50ms
07-11 14:44:14.336 D/dalvikvm( 5250): GC_CONCURRENT freed 999K, 15% free 12107K/14156K, paused 3ms+7ms, total 70ms
07-11 14:44:14.422 D/dalvikvm( 5697): GC_CONCURRENT freed 1007K, 31% free 9228K/13188K, paused 3ms+14ms, total 68ms
07-11 14:44:14.609 D/dalvikvm( 5250): GC_CONCURRENT freed 1060K, 15% free 12105K/14156K, paused 4ms+9ms, total 100ms
07-11 14:44:14.609 D/dalvikvm( 5250): WAIT_FOR_CONCURRENT_GC blocked 33ms
07-11 14:44:14.937 D/dalvikvm( 5250): GC_CONCURRENT freed 1056K, 15% free 12110K/14156K, paused 5ms+5ms, total 113ms
07-11 14:44:14.937 D/dalvikvm( 5250): WAIT_FOR_CONCURRENT_GC blocked 69ms
07-11 14:44:15.148 D/dalvikvm(26499): GC_CONCURRENT freed 380K, 5% free 8958K/9376K, paused 3ms+2ms, total 26ms
07-11 14:44:15.250 D/dalvikvm( 5250): GC_CONCURRENT freed 1049K, 15% free 12120K/14156K, paused 6ms+12ms, total 137ms
07-11 14:44:15.250 D/dalvikvm( 5250): WAIT_FOR_CONCURRENT_GC blocked 73ms
07-11 14:44:15.476 D/dalvikvm( 5250): GC_CONCURRENT freed 1055K, 15% free 12125K/14156K, paused 4ms+8ms, total 83ms
07-11 14:44:15.476 D/dalvikvm( 5250): WAIT_FOR_CONCURRENT_GC blocked 47ms
07-11 14:44:15.531 D/dalvikvm( 5624): GC_FOR_ALLOC freed 7596K, 93% free 595K/8192K, paused 43ms, total 43ms
07-11 14:44:15.648 D/dalvikvm( 5250): GC_CONCURRENT freed 1065K, 15% free 12131K/14156K, paused 4ms+4ms, total 74ms
07-11 14:44:15.648 D/dalvikvm( 5250): WAIT_FOR_CONCURRENT_GC blocked 21ms
07-11 14:44:15.758 D/dalvikvm( 5697): GC_CONCURRENT freed 398K, 31% free 9220K/13188K, paused 3ms+3ms, total 29ms
07-11 14:44:15.844 D/dalvikvm( 5250): GC_CONCURRENT freed 1065K, 15% free 12137K/14156K, paused 5ms+6ms, total 127ms
07-11 14:44:15.851 D/dalvikvm( 5250): WAIT_FOR_CONCURRENT_GC blocked 70ms
07-11 14:44:15.859 D/dalvikvm( 5624): GC_FOR_ALLOC freed 512K, 46% free 594K/1088K, paused 12ms, total 12ms
07-11 14:44:16.031 D/dalvikvm( 5250): GC_CONCURRENT freed 1065K, 15% free 12143K/14156K, paused 6ms+4ms, total 94ms
07-11 14:44:16.031 D/dalvikvm( 5250): WAIT_FOR_CONCURRENT_GC blocked 75ms
07-11 14:44:16.125 D/dalvikvm( 5624): GC_FOR_ALLOC freed 517K, 47% free 590K/1108K, paused 10ms, total 10ms
07-11 14:44:16.211 D/dalvikvm( 5250): GC_CONCURRENT freed 1065K, 15% free 12149K/14156K, paused 6ms+3ms, total 80ms
07-11 14:44:16.211 D/dalvikvm( 5250): WAIT_FOR_CONCURRENT_GC blocked 62ms
07-11 14:44:16.383 D/dalvikvm( 5624): GC_FOR_ALLOC freed 504K, 47% free 597K/1108K, paused 6ms, total 6ms
07-11 14:44:16.461 D/dalvikvm( 5250): GC_CONCURRENT freed 1065K, 15% free 12155K/14156K, paused 4ms+5ms, total 88ms
07-11 14:44:16.461 D/dalvikvm( 5250): WAIT_FOR_CONCURRENT_GC blocked 60ms
07-11 14:44:16.617 D/dalvikvm( 5250): GC_CONCURRENT freed 977K, 15% free 12173K/14156K, paused 4ms+7ms, total 72ms
07-11 14:44:16.617 D/dalvikvm( 5624): GC_FOR_ALLOC freed 522K, 48% free 589K/1112K, paused 6ms, total 8ms
07-11 14:44:16.867 D/dalvikvm( 5624): GC_FOR_ALLOC freed 504K, 47% free 596K/1112K, paused 5ms, total 6ms
07-11 14:44:16.883 D/dalvikvm( 5250): GC_CONCURRENT freed 1075K, 14% free 12182K/14156K, paused 7ms+6ms, total 100ms
07-11 14:44:16.883 D/dalvikvm( 5250): WAIT_FOR_CONCURRENT_GC blocked 82ms
07-11 14:44:17.000 D/dalvikvm( 5697): GC_CONCURRENT freed 397K, 31% free 9224K/13188K, paused 2ms+8ms, total 59ms
07-11 14:44:17.078 D/dalvikvm( 5250): GC_CONCURRENT freed 1085K, 14% free 12188K/14156K, paused 7ms+4ms, total 86ms
07-11 14:44:17.078 D/dalvikvm( 5250): WAIT_FOR_CONCURRENT_GC blocked 32ms
07-11 14:44:17.117 D/dalvikvm( 5624): GC_FOR_ALLOC freed 513K, 47% free 595K/1112K, paused 7ms, total 10ms
07-11 14:44:17.273 D/dalvikvm( 5250): GC_CONCURRENT freed 1078K, 14% free 12195K/14156K, paused 3ms+4ms, total 87ms
07-11 14:44:17.273 D/dalvikvm( 5250): WAIT_FOR_CONCURRENT_GC blocked 53ms
07-11 14:44:17.367 D/dalvikvm( 5624): GC_FOR_ALLOC freed 515K, 47% free 591K/1112K, paused 6ms, total 7ms
07-11 14:44:17.523 D/dalvikvm( 5250): GC_CONCURRENT freed 1088K, 14% free 12202K/14156K, paused 4ms+8ms, total 84ms
07-11 14:44:17.523 D/dalvikvm( 5250): WAIT_FOR_CONCURRENT_GC blocked 32ms
07-11 14:44:17.617 D/dalvikvm( 5624): GC_FOR_ALLOC freed 507K, 47% free 596K/1112K, paused 7ms, total 7ms
07-11 14:44:17.875 D/dalvikvm( 5624): GC_FOR_ALLOC freed 514K, 47% free 593K/1112K, paused 7ms, total 8ms
07-11 14:44:18.117 D/dalvikvm( 5624): GC_FOR_ALLOC freed 509K, 47% free 595K/1112K, paused 7ms, total 8ms
07-11 14:44:18.195 D/dalvikvm( 5697): GC_CONCURRENT freed 395K, 31% free 9223K/13188K, paused 2ms+9ms, total 43ms
07-11 14:44:18.390 D/dalvikvm( 5624): GC_FOR_ALLOC freed 512K, 47% free 595K/1112K, paused 7ms, total 7ms
07-11 14:44:18.594 I/TransInfo( 3259): TransInfo created, id: 3, class: class com.pekall.emdm.transaction.b.c
07-11 14:44:18.601 D/NetworkThread( 3259): [null:-1]->----isRunning-----true
07-11 14:44:18.601 D/NetworkThread( 3259): [null:-1]->----isRunning-----true
07-11 14:44:18.601 D/NetworkThread( 3259): [null:-1]->thread wakeup
07-11 14:44:18.633 D/dalvikvm( 5624): GC_FOR_ALLOC freed 515K, 47% free 592K/1112K, paused 5ms, total 6ms
07-11 14:44:18.844 D/dalvikvm( 5624): GC_FOR_ALLOC freed 509K, 47% free 595K/1112K, paused 14ms, total 14ms
07-11 14:44:18.898 D/dalvikvm( 3259): GC_FOR_ALLOC freed 4092K, 28% free 18480K/25600K, paused 116ms, total 119ms
07-11 14:44:19.039 D/dalvikvm( 5624): GC_FOR_ALLOC freed 513K, 47% free 593K/1112K, paused 7ms, total 7ms
07-11 14:44:19.062 D/HttpClient( 3259): enable apache.http debug
07-11 14:44:19.070 V/DEBUG   ( 3259): HTTP 0
07-11 14:44:19.265 D/dalvikvm( 5697): GC_CONCURRENT freed 397K, 31% free 9221K/13188K, paused 6ms+8ms, total 57ms
07-11 14:44:19.265 D/dalvikvm( 5624): GC_FOR_ALLOC freed 509K, 47% free 596K/1112K, paused 9ms, total 9ms
07-11 14:44:19.469 D/dalvikvm( 5624): GC_FOR_ALLOC freed 512K, 47% free 595K/1112K, paused 7ms, total 7ms
07-11 14:44:19.640 D/dalvikvm( 3259): GC_FOR_ALLOC freed 3100K, 28% free 18591K/25600K, paused 139ms, total 140ms
07-11 14:44:19.664 D/dalvikvm( 5624): GC_FOR_ALLOC freed 514K, 47% free 592K/1112K, paused 6ms, total 6ms
07-11 14:44:19.883 D/dalvikvm( 5624): GC_FOR_ALLOC freed 508K, 47% free 595K/1112K, paused 6ms, total 7ms
07-11 14:44:20.078 I/PackageManager(  374): Verification timed out for file:///storage/emulated/0/MDM/download/commojimjweather.apk
07-11 14:44:20.078 I/PackageManager(  374): Continuing with installation of file:///storage/emulated/0/MDM/download/commojimjweather.apk
07-11 14:44:20.086 D/Finsky  ( 5250): [1] PackageVerificationReceiver.onReceive: Verification requested, id = 10
07-11 14:44:20.101 D/Finsky  ( 5250): [1] PackageVerificationService.cancelVerificationIntent: Cancel active verification id=10
07-11 14:44:20.109 D/dalvikvm( 5624): GC_FOR_ALLOC freed 518K, 47% free 589K/1112K, paused 9ms, total 9ms
07-11 14:44:20.297 D/dalvikvm( 5697): GC_CONCURRENT freed 392K, 31% free 9221K/13188K, paused 3ms+2ms, total 47ms
07-11 14:44:20.422 D/dalvikvm( 5624): GC_FOR_ALLOC freed 504K, 47% free 596K/1112K, paused 8ms, total 8ms
07-11 14:44:20.531 V/DEBUG   ( 3259): HTTP 1
07-11 14:44:20.539 D/MdmDatabaseHelper( 3259): [null:-1]->update command 8a8088bf471a79ec0147242a400e4749 to status executed
07-11 14:44:20.601 W/ActivityManager(  374): No content provider found for permission revoke: file:///storage/emulated/0/MDM/download/commojimjweather.apk
07-11 14:44:20.601 I/PackageManager(  374): Copying native libraries to /data/app-lib/vmdl-832569686
07-11 14:44:20.633 D/MdmService( 3259): [null:-1]->handleCheckInResult
07-11 14:44:20.633 D/MdmService( 3259): [null:-1]->handleCheckInResult result keyIndex: 3
07-11 14:44:20.640 D/HandleCommandTask( 3259): [null:-1]->execute command msg but beanBase is null
07-11 14:44:20.640 D/MdmStatusManager( 3259): [null:-1]->change status to : Idle
07-11 14:44:20.679 D/dalvikvm( 5624): GC_FOR_ALLOC freed 513K, 47% free 595K/1112K, paused 7ms, total 7ms
07-11 14:44:20.781 D/NetworkThread( 3259): [null:-1]->queue is empty, thread wait...
07-11 14:44:20.906 D/dalvikvm( 5624): GC_FOR_ALLOC freed 514K, 47% free 593K/1112K, paused 6ms, total 6ms
07-11 14:44:21.133 D/dalvikvm( 5624): GC_FOR_ALLOC freed 508K, 47% free 596K/1112K, paused 7ms, total 8ms
07-11 14:44:21.328 D/dalvikvm(  374): GC_CONCURRENT freed 2292K, 27% free 23412K/31744K, paused 9ms+12ms, total 149ms
07-11 14:44:21.328 D/dalvikvm(  374): WAIT_FOR_CONCURRENT_GC blocked 34ms
07-11 14:44:21.375 D/dalvikvm( 5624): GC_FOR_ALLOC freed 518K, 48% free 589K/1112K, paused 9ms, total 9ms
07-11 14:44:21.492 D/dalvikvm(  374): GC_FOR_ALLOC freed 1272K, 25% free 23876K/31744K, paused 106ms, total 106ms
07-11 14:44:21.578 D/dalvikvm( 5697): GC_CONCURRENT freed 391K, 31% free 9221K/13188K, paused 5ms+4ms, total 35ms
07-11 14:44:21.719 D/dalvikvm( 5624): GC_FOR_ALLOC freed 504K, 47% free 596K/1112K, paused 6ms, total 7ms
07-11 14:44:21.929 D/dalvikvm( 5624): GC_FOR_ALLOC freed 517K, 47% free 591K/1112K, paused 6ms, total 6ms
07-11 14:44:22.133 D/dalvikvm( 5624): GC_FOR_ALLOC freed 510K, 47% free 593K/1112K, paused 6ms, total 6ms
07-11 14:44:22.328 D/dalvikvm( 5624): GC_FOR_ALLOC freed 509K, 47% free 596K/1112K, paused 6ms, total 6ms
07-11 14:44:22.390 D/dalvikvm(  374): GC_CONCURRENT freed 2092K, 20% free 25530K/31744K, paused 6ms+9ms, total 169ms
07-11 14:44:22.390 D/dalvikvm(  374): WAIT_FOR_CONCURRENT_GC blocked 44ms
07-11 14:44:22.390 D/dalvikvm(  374): WAIT_FOR_CONCURRENT_GC blocked 49ms
07-11 14:44:22.390 D/dalvikvm(  374): WAIT_FOR_CONCURRENT_GC blocked 38ms
07-11 14:44:22.594 D/dalvikvm( 5624): GC_FOR_ALLOC freed 519K, 48% free 589K/1112K, paused 6ms, total 6ms
07-11 14:44:22.640 D/dalvikvm( 5697): GC_CONCURRENT freed 396K, 31% free 9222K/13188K, paused 4ms+3ms, total 38ms
07-11 14:44:22.820 D/dalvikvm( 5624): GC_FOR_ALLOC freed 503K, 47% free 597K/1112K, paused 7ms, total 7ms
07-11 14:44:23.031 D/dalvikvm( 5624): GC_FOR_ALLOC freed 513K, 47% free 595K/1112K, paused 7ms, total 7ms
07-11 14:44:23.234 D/dalvikvm( 5624): GC_FOR_ALLOC freed 515K, 47% free 592K/1112K, paused 7ms, total 7ms
07-11 14:44:23.484 D/dalvikvm( 5624): GC_FOR_ALLOC freed 508K, 47% free 595K/1112K, paused 7ms, total 7ms
07-11 14:44:23.640 D/dalvikvm(  374): GC_CONCURRENT freed 4077K, 20% free 25607K/31744K, paused 6ms+14ms, total 211ms
07-11 14:44:23.640 D/dalvikvm(  374): WAIT_FOR_CONCURRENT_GC blocked 181ms
07-11 14:44:23.687 D/dalvikvm( 5697): GC_CONCURRENT freed 393K, 31% free 9222K/13188K, paused 3ms+4ms, total 47ms
07-11 14:44:23.726 D/dalvikvm( 5624): GC_FOR_ALLOC freed 518K, 48% free 589K/1112K, paused 6ms, total 6ms
07-11 14:44:23.945 D/dalvikvm( 5624): GC_FOR_ALLOC freed 504K, 47% free 596K/1112K, paused 7ms, total 7ms
07-11 14:44:24.156 D/dalvikvm( 5624): GC_FOR_ALLOC freed 516K, 47% free 591K/1112K, paused 6ms, total 6ms
07-11 14:44:24.383 D/dalvikvm( 5624): GC_FOR_ALLOC freed 510K, 47% free 592K/1112K, paused 5ms, total 6ms
07-11 14:44:24.414 D/dalvikvm(  374): GC_CONCURRENT freed 4159K, 20% free 25628K/31744K, paused 6ms+14ms, total 187ms
07-11 14:44:24.414 D/dalvikvm(  374): WAIT_FOR_CONCURRENT_GC blocked 109ms
07-11 14:44:24.617 D/dalvikvm( 5624): GC_FOR_ALLOC freed 509K, 47% free 594K/1112K, paused 6ms, total 6ms
07-11 14:44:24.750 D/dalvikvm( 5697): GC_CONCURRENT freed 392K, 31% free 9223K/13188K, paused 3ms+4ms, total 33ms
07-11 14:44:24.851 D/dalvikvm( 5624): GC_FOR_ALLOC freed 517K, 48% free 589K/1112K, paused 6ms, total 6ms
07-11 14:44:24.984 D/dalvikvm(  374): GC_CONCURRENT freed 4165K, 20% free 25649K/31744K, paused 9ms+12ms, total 161ms
07-11 14:44:24.984 D/dalvikvm(  374): WAIT_FOR_CONCURRENT_GC blocked 122ms
07-11 14:44:24.984 D/dalvikvm(  374): WAIT_FOR_CONCURRENT_GC blocked 146ms
07-11 14:44:25.179 D/dalvikvm( 5624): GC_FOR_ALLOC freed 504K, 47% free 596K/1112K, paused 5ms, total 5ms
07-11 14:44:25.383 D/dalvikvm( 5624): GC_FOR_ALLOC freed 512K, 47% free 595K/1112K, paused 7ms, total 7ms
07-11 14:44:25.508 D/dalvikvm(  374): GC_CONCURRENT freed 4142K, 20% free 25694K/31744K, paused 6ms+12ms, total 200ms
07-11 14:44:25.508 D/dalvikvm(  374): WAIT_FOR_CONCURRENT_GC blocked 152ms
07-11 14:44:25.633 D/dalvikvm( 5624): GC_FOR_ALLOC freed 514K, 47% free 592K/1112K, paused 7ms, total 7ms
07-11 14:44:25.844 D/dalvikvm( 5624): GC_FOR_ALLOC freed 509K, 47% free 595K/1112K, paused 8ms, total 8ms
07-11 14:44:25.929 D/dalvikvm( 5697): GC_CONCURRENT freed 394K, 31% free 9221K/13188K, paused 5ms+4ms, total 37ms
07-11 14:44:25.937 I/ActivityManager(  374): Force stopping package com.moji.mjweather appid=10082 user=-1
07-11 14:44:26.094 D/dalvikvm( 5624): GC_FOR_ALLOC freed 517K, 47% free 589K/1112K, paused 6ms, total 6ms
07-11 14:44:26.101 I/PackageManager(  374): Package com.moji.mjweather codePath changed from /data/app/com.moji.mjweather-1.apk to /data/app/com.moji.mjweather-2.apk; Retaining data and using new
07-11 14:44:26.304 I/PackageManager(  374): Running dexopt on: com.moji.mjweather
07-11 14:44:26.312 D/dalvikvm( 5624): GC_FOR_ALLOC freed 504K, 47% free 596K/1112K, paused 7ms, total 7ms
07-11 14:44:26.554 D/dalvikvm( 5624): GC_FOR_ALLOC freed 513K, 47% free 595K/1112K, paused 7ms, total 7ms
07-11 14:44:26.804 D/dalvikvm( 5624): GC_FOR_ALLOC freed 513K, 47% free 593K/1112K, paused 9ms, total 9ms
07-11 14:44:27.054 D/dalvikvm( 5624): GC_FOR_ALLOC freed 509K, 47% free 595K/1112K, paused 7ms, total 7ms
07-11 14:44:27.078 D/dalvikvm( 5697): GC_CONCURRENT freed 391K, 31% free 9227K/13188K, paused 3ms+3ms, total 76ms
07-11 14:44:27.281 D/dalvikvm( 5624): GC_FOR_ALLOC freed 518K, 48% free 589K/1112K, paused 6ms, total 6ms
07-11 14:44:27.492 D/dalvikvm( 5877): DexOpt: 'Landroid/net/http/SslError;' has an earlier definition; blocking out
07-11 14:44:27.515 D/dalvikvm( 5624): GC_FOR_ALLOC freed 503K, 47% free 597K/1112K, paused 6ms, total 6ms
07-11 14:44:27.625 W/dalvikvm( 5877): method Lcom/actionbarsherlock/internal/widget/IcsLinearLayout;.drawDividersHorizontal incorrectly overrides package-private method with same name in Landroid/widget/LinearLayout;
07-11 14:44:27.625 W/dalvikvm( 5877): method Lcom/actionbarsherlock/internal/widget/IcsLinearLayout;.drawDividersVertical incorrectly overrides package-private method with same name in Landroid/widget/LinearLayout;
07-11 14:44:27.625 W/dalvikvm( 5877): method Lcom/actionbarsherlock/internal/widget/IcsLinearLayout;.drawHorizontalDivider incorrectly overrides package-private method with same name in Landroid/widget/LinearLayout;
07-11 14:44:27.625 W/dalvikvm( 5877): method Lcom/actionbarsherlock/internal/widget/IcsLinearLayout;.drawVerticalDivider incorrectly overrides package-private method with same name in Landroid/widget/LinearLayout;
07-11 14:44:27.726 D/dalvikvm( 5624): GC_FOR_ALLOC freed 513K, 47% free 595K/1112K, paused 7ms, total 7ms
07-11 14:44:27.992 D/dalvikvm( 5624): GC_FOR_ALLOC freed 513K, 47% free 594K/1112K, paused 6ms, total 6ms
07-11 14:44:28.164 D/dalvikvm( 5697): GC_CONCURRENT freed 392K, 31% free 9224K/13188K, paused 3ms+10ms, total 45ms
07-11 14:44:28.187 D/dalvikvm( 5877): DexOpt: not verifying/optimizing 'Landroid/net/http/SslError;': multiple definitions
07-11 14:44:28.242 D/dalvikvm( 5624): GC_FOR_ALLOC freed 510K, 47% free 595K/1112K, paused 7ms, total 7ms
07-11 14:44:28.273 D/dalvikvm( 5877): DexOpt: load 725ms, verify+opt 86ms, 4232804 bytes
07-11 14:44:28.367 I/ActivityManager(  374): Force stopping package com.moji.mjweather appid=10082 user=-1
07-11 14:44:28.375 W/PackageManager(  374): Code path for pkg : com.moji.mjweather changing from /data/app/com.moji.mjweather-1.apk to /data/app/com.moji.mjweather-2.apk
07-11 14:44:28.375 W/PackageManager(  374): Resource path for pkg : com.moji.mjweather changing from /data/app/com.moji.mjweather-1.apk to /data/app/com.moji.mjweather-2.apk
07-11 14:44:28.484 D/dalvikvm( 5624): GC_FOR_ALLOC freed 518K, 47% free 589K/1112K, paused 14ms, total 14ms
07-11 14:44:28.586 W/PackageManager(  374): Not granting permission android.permission.SEND_DOWNLOAD_COMPLETED_INTENTS to package com.google.android.browser (protectionLevel=2 flags=0x89be45)
07-11 14:44:28.586 W/PackageManager(  374): Not granting permission android.permission.WRITE_SECURE_SETTINGS to package com.qihoo360.mobilesafe.opti.powerctl (protectionLevel=50 flags=0x80be44)
07-11 14:44:28.586 W/PackageManager(  374): Unknown permission android.permission.READ_SETTINGS in package com.qihoo360.mobilesafe.opti.powerctl
07-11 14:44:28.586 W/PackageManager(  374): Not granting permission android.permission.READ_LOGS to package com.qihoo360.mobilesafe.opti.powerctl (protectionLevel=50 flags=0x80be44)
07-11 14:44:28.594 W/PackageManager(  374): Not granting permission android.permission.STATUS_BAR to package com.qihoo360.mobilesafe.opti.powerctl (protectionLevel=18 flags=0x80be44)
07-11 14:44:28.594 W/PackageManager(  374): Unknown permission android.permission.ADD_SYSTEM_SERVICE in package com.android.phone
07-11 14:44:28.594 W/PackageManager(  374): Unknown permission com.android.smspush.WAPPUSH_MANAGER_BIND in package com.android.phone
07-11 14:44:28.594 W/PackageManager(  374): Not granting permission android.permission.READ_LOGS to package com.qihoo.root (protectionLevel=50 flags=0x80be44)
07-11 14:44:28.594 W/PackageManager(  374): Not granting permission android.permission.INSTALL_PACKAGES to package com.qihoo.root (protectionLevel=18 flags=0x80be44)
07-11 14:44:28.594 W/PackageManager(  374): Not granting permission android.permission.DELETE_PACKAGES to package com.qihoo.root (protectionLevel=18 flags=0x80be44)
07-11 14:44:28.601 W/PackageManager(  374): Unknown permission com.android.vending.billing.IBillingAccountService.BIND2 in package com.google.android.gsf.login
07-11 14:44:28.601 W/PackageManager(  374): Unknown permission com.android.chrome.TOS_ACKED in package com.google.android.gsf.login
07-11 14:44:28.601 W/PackageManager(  374): Unknown permission com.android.gallery3d.permission.GALLERY_PROVIDER in package com.android.bluetooth
07-11 14:44:28.609 W/PackageManager(  374): Not granting permission android.permission.INSTALL_PACKAGES to package com.mgyapp.android (protectionLevel=18 flags=0x88be44)
07-11 14:44:28.609 W/PackageManager(  374): Not granting permission android.permission.DELETE_PACKAGES to package com.mgyapp.android (protectionLevel=18 flags=0x88be44)
07-11 14:44:28.609 W/PackageManager(  374): Not granting permission android.permission.FORCE_STOP_PACKAGES to package com.mgyapp.android (protectionLevel=2 flags=0x88be44)
07-11 14:44:28.609 W/PackageManager(  374): Not granting permission android.permission.DELETE_CACHE_FILES to package com.mgyapp.android (protectionLevel=18 flags=0x88be44)
07-11 14:44:28.609 W/PackageManager(  374): Not granting permission android.permission.READ_LOGS to package com.mgyapp.android (protectionLevel=50 flags=0x88be44)
07-11 14:44:28.617 W/PackageManager(  374): Not granting permission android.permission.WRITE_SECURE_SETTINGS to package com.mgyapp.android (protectionLevel=50 flags=0x88be44)
07-11 14:44:28.617 W/PackageManager(  374): Unknown permission android.permission.READ_OWNER_DATA in package com.mgyapp.android
07-11 14:44:28.617 W/PackageManager(  374): Unknown permission android.permission.WRITE_OWNER_DATA in package com.mgyapp.android
07-11 14:44:28.617 W/PackageManager(  374): Not granting permission android.permission.ACCESS_CACHE_FILESYSTEM to package com.mgyapp.android (protectionLevel=18 flags=0x88be44)
07-11 14:44:28.617 W/PackageManager(  374): Not granting permission android.permission.WRITE_APN_SETTINGS to package com.mgyapp.android (protectionLevel=18 flags=0x88be44)
07-11 14:44:28.617 W/PackageManager(  374): Not granting permission android.permission.MOUNT_UNMOUNT_FILESYSTEMS to package com.mgyapp.android (protectionLevel=18 flags=0x88be44)
07-11 14:44:28.617 W/PackageManager(  374): Unknown permission android.permission.RECEIVE_USER_PRESENT in package com.mgyapp.android
07-11 14:44:28.617 W/PackageManager(  374): Not granting permission android.permission.MODIFY_PHONE_STATE to package com.qihoo360.mobilesafe (protectionLevel=18 flags=0x88be44)
07-11 14:44:28.617 W/PackageManager(  374): Not granting permission android.permission.WRITE_SECURE_SETTINGS to package com.qihoo360.mobilesafe (protectionLevel=50 flags=0x88be44)
07-11 14:44:28.617 W/PackageManager(  374): Not granting permission android.permission.WRITE_APN_SETTINGS to package com.qihoo360.mobilesafe (protectionLevel=18 flags=0x88be44)
07-11 14:44:28.617 W/PackageManager(  374): Not granting permission android.permission.READ_LOGS to package com.qihoo360.mobilesafe (protectionLevel=50 flags=0x88be44)
07-11 14:44:28.617 W/PackageManager(  374): Unknown permission com.qihoo360.mobilesafe_lite.permission.FORCE_CLOSE in package com.qihoo360.mobilesafe
07-11 14:44:28.617 W/PackageManager(  374): Unknown permission telecom.mdesk.permission.FORCE_CLOSE in package com.qihoo360.mobilesafe
07-11 14:44:28.617 W/PackageManager(  374): Not granting permission android.permission.INSTALL_PACKAGES to package com.qihoo360.mobilesafe (protectionLevel=18 flags=0x88be44)
07-11 14:44:28.617 W/PackageManager(  374): Not granting permission android.permission.SET_ALWAYS_FINISH to package com.qihoo360.mobilesafe (protectionLevel=50 flags=0x88be44)
07-11 14:44:28.617 W/PackageManager(  374): Unknown permission android.permission.ACCESS_SUPERUSER in package com.qihoo360.mobilesafe
07-11 14:44:28.617 W/PackageManager(  374): Unknown permission com.qihoo360.mobilesafe.shield.permission.broadcast in package com.qihoo360.mobilesafe
07-11 14:44:28.617 W/PackageManager(  374): Unknown permission com.qihoo360.contacts.permission.broadcast in package com.qihoo360.mobilesafe
07-11 14:44:28.617 W/PackageManager(  374): Unknown permission com.qihoo360.privatehome.permission.openAppActivity in package com.qihoo360.mobilesafe
07-11 14:44:28.625 W/PackageManager(  374): Not granting permission android.permission.INSTALL_PACKAGES to package com.qihoo.appstore (protectionLevel=18 flags=0x88be44)
07-11 14:44:28.625 W/PackageManager(  374): Not granting permission android.permission.DELETE_PACKAGES to package com.qihoo.appstore (protectionLevel=18 flags=0x88be44)
07-11 14:44:28.625 W/PackageManager(  374): Not granting permission android.permission.CLEAR_APP_USER_DATA to package com.qihoo.appstore (protectionLevel=2 flags=0x88be44)
07-11 14:44:28.625 W/PackageManager(  374): Not granting permission android.permission.WRITE_MEDIA_STORAGE to package com.qihoo.appstore (protectionLevel=18 flags=0x88be44)
07-11 14:44:28.625 W/PackageManager(  374): Not granting permission android.permission.ACCESS_CACHE_FILESYSTEM to package com.qihoo.appstore (protectionLevel=18 flags=0x88be44)
07-11 14:44:28.625 W/PackageManager(  374): Unknown permission android.permission.READ_OWNER_DATA in package com.qihoo.appstore
07-11 14:44:28.625 W/PackageManager(  374): Unknown permission android.permission.WRITE_OWNER_DATA in package com.qihoo.appstore
07-11 14:44:28.625 W/PackageManager(  374): Not granting permission android.permission.CHANGE_CONFIGURATION to package com.qihoo.appstore (protectionLevel=50 flags=0x88be44)
07-11 14:44:28.625 W/PackageManager(  374): Unknown permission com.htc.launcher.permission.READ_SETTINGS in package com.qihoo.appstore
07-11 14:44:28.625 W/PackageManager(  374): Not granting permission android.permission.DEVICE_POWER to package com.qihoo.appstore (protectionLevel=2 flags=0x88be44)
07-11 14:44:28.625 W/PackageManager(  374): Not granting permission android.permission.MOUNT_UNMOUNT_FILESYSTEMS to package com.qihoo.appstore (protectionLevel=18 flags=0x88be44)
07-11 14:44:28.625 W/PackageManager(  374): Unknown permission com.huaqin.launcherEx.permission.READ_SETTINGS in package com.qihoo.appstore
07-11 14:44:28.633 W/PackageManager(  374): Unknown permission com.huaqin.launcherEx.permission.WRITE_SETTINGS in package com.qihoo.appstore
07-11 14:44:28.633 W/PackageManager(  374): Unknown permission com.android.launcher.permission.READ_PHONE_STATE in package com.qihoo.appstore
07-11 14:44:28.633 W/PackageManager(  374): Unknown permission com.huawei.launcher3.permission.READ_SETTINGS in package com.qihoo.appstore
07-11 14:44:28.633 W/PackageManager(  374): Unknown permission com.qihoo360.launcher.permission.WRITE_SETTINGS in package com.qihoo.appstore
07-11 14:44:28.633 W/PackageManager(  374): Unknown permission com.qihoo360.launcher.permission.READ_SETTINGS in package com.qihoo.appstore
07-11 14:44:28.633 W/PackageManager(  374): Not granting permission android.permission.DEVICE_POWER to package com.google.android.deskclock (protectionLevel=2 flags=0xc8be45)
07-11 14:44:28.633 W/PackageManager(  374): Unknown permission android.permission.READ_OWNER_DATA in package com.google.android.setupwizard
07-11 14:44:28.633 W/PackageManager(  374): Unknown permission android.permission.WRITE_OWNER_DATA in package com.google.android.setupwizard
07-11 14:44:28.640 W/PackageManager(  374): Not granting permission android.permission.ACCESS_DOWNLOAD_MANAGER to package by.game.binumbers (protectionLevel=18 flags=0x8be44)
07-11 14:44:28.640 W/PackageManager(  374): Unknown permission android.permission.ACCESS_MTK_MMHW in package com.qihoo.permroot
07-11 14:44:28.640 W/PackageManager(  374): Unknown permission com.google.android.voicesearch.SHORTCUTS_ACCESS in package com.google.android.googlequicksearchbox
07-11 14:44:28.640 W/PackageManager(  374): Not granting permission android.permission.ACCOUNT_MANAGER to package com.google.android.music (protectionLevel=2 flags=0x88be65)
07-11 14:44:28.640 W/PackageManager(  374): Unknown permission android.permission.READ_OWNER_DATA in package com.nd.assistance
07-11 14:44:28.640 W/PackageManager(  374): Unknown permission android.permission.WRITE_OWNER_DATA in package com.nd.assistance
07-11 14:44:28.640 W/PackageManager(  374): Not granting permission android.permission.DEVICE_POWER to package com.nd.assistance (protectionLevel=2 flags=0x80ae46)
07-11 14:44:28.640 W/PackageManager(  374): Unknown permission com.android.providers.im.permission.READ_ONLY in package com.google.android.apps.maps
07-11 14:44:28.648 W/PackageManager(  374): Unknown permission android.permission.ACCESS_SUPERUSER in package com.jrummy.root.browser
07-11 14:44:28.648 W/PackageManager(  374): Not granting permission android.permission.ACCESS_CHECKIN_PROPERTIES to package com.google.android.apps.googlevoice (protectionLevel=18 flags=0x8be44)
07-11 14:44:28.648 W/PackageManager(  374): Unknown permission com.google.android.apps.googlevoice.REMOTE_INTENT in package com.google.android.apps.googlevoice
07-11 14:44:28.648 W/PackageManager(  374): Unknown permission com.google.android.permission.RECEIVE_DATA_MESSAGE in package com.google.android.apps.googlevoice
07-11 14:44:28.648 W/PackageManager(  374): Unknown permission com.google.android.permission.SEND_DATA_MESSAGE in package com.google.android.apps.googlevoice
07-11 14:44:28.656 W/PackageManager(  374): Unknown permission com.android.providers.voicemail.permission.READ_WRITE_ALL_VOICEMAIL in package com.google.android.apps.googlevoice
07-11 14:44:28.656 W/PackageManager(  374): Unknown permission com.android.providers.voicemail.permission.READ_WRITE_OWN_VOICEMAIL in package com.google.android.apps.googlevoice
07-11 14:44:28.656 W/PackageManager(  374): Not granting permission com.google.android.apps.dashclock.permission.READ_EXTENSION_DATA to package com.betterapps.dashclock (protectionLevel=2 flags=0x8bbe44)
07-11 14:44:28.656 W/PackageManager(  374): Not granting permission android.permission.READ_LOGS to package com.pekall.emdm (protectionLevel=50 flags=0x88be46)
07-11 14:44:28.656 W/PackageManager(  374): Not granting permission android.permission.BIND_APPWIDGET to package com.pekall.emdm (protectionLevel=18 flags=0x88be46)
07-11 14:44:28.656 W/PackageManager(  374): Unknown permission com.pekall.emdm.launcher.permission.READ_SETTINGS in package com.pekall.emdm
07-11 14:44:28.656 W/PackageManager(  374): Unknown permission com.pekall.emdm.launcher.permission.WRITE_SETTINGS in package com.pekall.emdm
07-11 14:44:28.656 W/PackageManager(  374): Not granting permission android.permission.CHANGE_CONFIGURATION to package com.pekall.emdm (protectionLevel=50 flags=0x88be46)
07-11 14:44:28.656 W/PackageManager(  374): Not granting permission android.permission.INSTALL_PACKAGES to package com.pekall.emdm (protectionLevel=18 flags=0x88be46)
07-11 14:44:28.656 W/PackageManager(  374): Unknown permission android.permission.sec.ENTERPRISE_DEVICE_ADMIN in package com.pekall.emdm
07-11 14:44:28.664 W/PackageManager(  374): Unknown permission android.permission.sec.MDM_APP_MGMT in package com.pekall.emdm
07-11 14:44:28.664 W/PackageManager(  374): Unknown permission android.permission.sec.MDM_BLUETOOTH in package com.pekall.emdm
07-11 14:44:28.664 W/PackageManager(  374): Unknown permission android.permission.sec.MDM_INVENTORY in package com.pekall.emdm
07-11 14:44:28.664 W/PackageManager(  374): Unknown permission android.permission.sec.MDM_EXCHANGE in package com.pekall.emdm
07-11 14:44:28.664 W/PackageManager(  374): Unknown permission android.permission.sec.MDM_ROAMING in package com.pekall.emdm
07-11 14:44:28.664 W/PackageManager(  374): Unknown permission android.permission.sec.MDM_WIFI in package com.pekall.emdm
07-11 14:44:28.664 W/PackageManager(  374): Unknown permission android.permission.sec.MDM_SECURITY in package com.pekall.emdm
07-11 14:44:28.664 W/PackageManager(  374): Unknown permission android.permission.sec.MDM_HW_CONTROL in package com.pekall.emdm
07-11 14:44:28.664 W/PackageManager(  374): Unknown permission android.permission.sec.MDM_RESTRICTION in package com.pekall.emdm
07-11 14:44:28.664 W/PackageManager(  374): Unknown permission android.permission.sec.MDM_LOCATION in package com.pekall.emdm
07-11 14:44:28.664 W/PackageManager(  374): Not granting permission android.permission.INTERACT_ACROSS_USERS_FULL to package com.pekall.emdm (protectionLevel=2 flags=0x88be46)
07-11 14:44:28.664 W/PackageManager(  374): Unknown permission android.permission.sec.MDM_CALLING in package com.pekall.emdm
07-11 14:44:28.664 W/PackageManager(  374): Unknown permission android.permission.sec.MDM_EMAIL in package com.pekall.emdm
07-11 14:44:28.664 W/PackageManager(  374): Unknown permission android.permission.sec.MDM_VPN in package com.pekall.emdm
07-11 14:44:28.664 W/PackageManager(  374): Unknown permission android.permission.sec.MDM_APN in package com.pekall.emdm
07-11 14:44:28.664 W/PackageManager(  374): Unknown permission android.permission.sec.MDM_PHONE_RESTRICTION in package com.pekall.emdm
07-11 14:44:28.664 W/PackageManager(  374): Unknown permission android.permission.sec.MDM_BROWSER_SETTINGS in package com.pekall.emdm
07-11 14:44:28.664 W/PackageManager(  374): Unknown permission android.permission.sec.MDM_DATE_TIME in package com.pekall.emdm
07-11 14:44:28.664 W/PackageManager(  374): Unknown permission android.permission.sec.MDM_ENTERPRISE_VPN in package com.pekall.emdm
07-11 14:44:28.664 W/PackageManager(  374): Unknown permission android.permission.sec.MDM_FIREWALL in package com.pekall.emdm
07-11 14:44:28.672 W/PackageManager(  374): Unknown permission android.permission.sec.MDM_APP_PERMISSION_MGMT in package com.pekall.emdm
07-11 14:44:28.672 W/PackageManager(  374): Unknown permission android.permission.sec.MDM_KIOSK_MODE in package com.pekall.emdm
07-11 14:44:28.672 W/PackageManager(  374): Not granting permission android.permission.ACCESS_DOWNLOAD_MANAGER to package com.pekall.emdm (protectionLevel=18 flags=0x88be46)
07-11 14:44:28.672 W/PackageManager(  374): Not granting permission android.permission.SEND_DOWNLOAD_COMPLETED_INTENTS to package com.pekall.emdm (protectionLevel=2 flags=0x88be46)
07-11 14:44:28.672 W/PackageManager(  374): Unknown permission com.pekall.emdm.browser.permission.READ_HISTORY_BOOKMARKS in package com.pekall.emdm
07-11 14:44:28.672 W/PackageManager(  374): Unknown permission com.pekall.emdm.browser.permission.WRITE_HISTORY_BOOKMARKS in package com.pekall.emdm
07-11 14:44:28.672 W/PackageManager(  374): Unknown permission com.pekall.semail.permission.READ_ATTACHMENT in package com.pekall.emdm
07-11 14:44:28.672 W/PackageManager(  374): Unknown permission com.pekall.semail.permission.ACCESS_PROVIDER in package com.pekall.emdm
07-11 14:44:28.672 W/PackageManager(  374): Not granting permission android.permission.WRITE_APN_SETTINGS to package com.dragon.android.pandaspace (protectionLevel=18 flags=0x80be44)
07-11 14:44:28.679 W/PackageManager(  374): Not granting permission android.permission.INSTALL_PACKAGES to package com.dragon.android.pandaspace (protectionLevel=18 flags=0x80be44)
07-11 14:44:28.679 W/PackageManager(  374): Not granting permission android.permission.CHANGE_CONFIGURATION to package com.dragon.android.pandaspace (protectionLevel=50 flags=0x80be44)
07-11 14:44:28.679 W/PackageManager(  374): Not granting permission android.permission.READ_LOGS to package com.dragon.android.pandaspace (protectionLevel=50 flags=0x80be44)
07-11 14:44:28.679 W/PackageManager(  374): Not granting permission android.permission.PACKAGE_USAGE_STATS to package com.dragon.android.pandaspace (protectionLevel=18 flags=0x80be44)
07-11 14:44:28.679 W/PackageManager(  374): Not granting permission android.permission.MOUNT_UNMOUNT_FILESYSTEMS to package com.dragon.android.pandaspace (protectionLevel=18 flags=0x80be44)
07-11 14:44:28.679 W/PackageManager(  374): Not granting permission android.permission.SET_ACTIVITY_WATCHER to package com.dragon.android.pandaspace (protectionLevel=2 flags=0x80be44)
07-11 14:44:28.679 W/PackageManager(  374): Not granting permission android.permission.DELETE_PACKAGES to package com.dragon.android.pandaspace (protectionLevel=18 flags=0x80be44)
07-11 14:44:28.679 W/PackageManager(  374): Not granting permission android.permission.CHANGE_COMPONENT_ENABLED_STATE to package com.dragon.android.pandaspace (protectionLevel=18 flags=0x80be44)
07-11 14:44:28.687 W/PackageManager(  374): Not granting permission android.permission.SEND_DOWNLOAD_COMPLETED_INTENTS to package com.android.vending (protectionLevel=2 flags=0x8abe45)
07-11 14:44:28.687 W/PackageManager(  374): Unknown permission android.permission.SEND_SMS_NO_CONFIRMATION in package com.android.vending
07-11 14:44:28.687 W/PackageManager(  374): Unknown permission android.permission.ACCESS_SUPERUSER in package com.speedsoftware.rootexplorer
07-11 14:44:28.687 W/PackageManager(  374): Not granting permission android.permission.WRITE_SECURE_SETTINGS to package com.pekall.nmefc (protectionLevel=50 flags=0x88be44)
07-11 14:44:28.687 W/PackageManager(  374): Unknown permission android.permission.ACCESS_GPS in package com.pekall.nmefc
07-11 14:44:28.687 W/PackageManager(  374): Unknown permission android.permission.BAIDU_LOCATION_SERVICE in package com.pekall.nmefc
07-11 14:44:28.687 W/PackageManager(  374): Not granting permission android.permission.MOUNT_UNMOUNT_FILESYSTEMS to package com.pekall.nmefc (protectionLevel=18 flags=0x88be44)
07-11 14:44:28.695 W/PackageManager(  374): Not granting permission android.permission.READ_DREAM_STATE to package com.google.android.gsf (protectionLevel=2 flags=0x883e45)
07-11 14:44:28.703 W/PackageManager(  374): Unknown permission android.permission.RECEIVE_USER_PRESENT in package com.moji.mjweather
07-11 14:44:28.703 W/PackageManager(  374): Not granting permission android.permission.INTERACT_ACROSS_USERS_FULL to package com.moji.mjweather (protectionLevel=2 flags=0x18be44)
07-11 14:44:28.703 W/PackageManager(  374): Not granting permission android.permission.MOUNT_UNMOUNT_FILESYSTEMS to package com.moji.mjweather (protectionLevel=18 flags=0x18be44)
07-11 14:44:28.703 W/PackageManager(  374): Not granting permission android.permission.READ_LOGS to package com.moji.mjweather (protectionLevel=50 flags=0x18be44)
07-11 14:44:28.750 D/dalvikvm( 5624): GC_FOR_ALLOC freed 504K, 47% free 596K/1112K, paused 7ms, total 7ms
07-11 14:44:28.867 I/ActivityManager(  374): Force stopping package com.moji.mjweather appid=10082 user=0
07-11 14:44:28.969 D/dalvikvm( 5624): GC_FOR_ALLOC freed 517K, 47% free 591K/1112K, paused 6ms, total 7ms
07-11 14:44:29.133 D/dalvikvm(  833): GC_EXPLICIT freed 1061K, 16% free 13094K/15584K, paused 4ms+8ms, total 210ms
07-11 14:44:29.156 D/dalvikvm(20727): GC_EXPLICIT freed 27K, 8% free 10130K/10920K, paused 10ms+67ms, total 255ms
07-11 14:44:29.203 D/dalvikvm(27881): GC_EXPLICIT freed 495K, 7% free 9399K/10100K, paused 3ms+46ms, total 268ms
07-11 14:44:29.226 D/dalvikvm( 4626): GC_FOR_ALLOC freed 457K, 6% free 9155K/9648K, paused 146ms, total 154ms
07-11 14:44:29.281 D/dalvikvm( 1789): GC_EXPLICIT freed 254K, 5% free 10063K/10496K, paused 6ms+7ms, total 173ms
07-11 14:44:29.289 D/dalvikvm( 5624): GC_FOR_ALLOC freed 510K, 47% free 593K/1112K, paused 9ms, total 9ms
07-11 14:44:29.390 D/dalvikvm( 5697): GC_CONCURRENT freed 399K, 31% free 9221K/13188K, paused 2ms+3ms, total 33ms
07-11 14:44:29.461 D/dalvikvm( 5250): GC_EXPLICIT freed 365K, 13% free 12047K/13716K, paused 8ms+310ms, total 570ms
07-11 14:44:29.461 D/dalvikvm( 4626): GC_EXPLICIT freed 127K, 7% free 9029K/9648K, paused 58ms+24ms, total 236ms
07-11 14:44:29.476 D/dalvikvm( 3259): GC_EXPLICIT freed 2671K, 29% free 18180K/25600K, paused 16ms+38ms, total 575ms
07-11 14:44:29.523 D/dalvikvm(  605): GC_EXPLICIT freed 647K, 37% free 14963K/23700K, paused 4ms+32ms, total 384ms
07-11 14:44:29.539 D/dalvikvm( 5624): GC_FOR_ALLOC freed 510K, 47% free 594K/1112K, paused 8ms, total 8ms
07-11 14:44:29.570 I/InputReader(  374): Reconfiguring input devices.  changes=0x00000010
07-11 14:44:29.922 D/dalvikvm(  374): GC_CONCURRENT freed 4097K, 19% free 25745K/31744K, paused 44ms+68ms, total 354ms
07-11 14:44:29.937 D/dalvikvm( 5624): GC_FOR_ALLOC freed 517K, 47% free 589K/1112K, paused 11ms, total 11ms
07-11 14:44:29.945 D/dalvikvm(27881): GC_FOR_ALLOC freed 79K, 7% free 9462K/10100K, paused 74ms, total 75ms
07-11 14:44:29.945 I/dalvikvm-heap(27881): Grow heap (frag case) to 9.406MB for 76082-byte allocation
07-11 14:44:29.992 D/BackupManagerService(  374): Received broadcast Intent { act=android.intent.action.PACKAGE_REMOVED dat=package:com.moji.mjweather flg=0x8000010 (has extras) }
07-11 14:44:30.054 D/dalvikvm(27881): GC_FOR_ALLOC freed 36K, 7% free 9500K/10176K, paused 108ms, total 108ms
07-11 14:44:30.094 I/InputReader(  374): Reconfiguring input devices.  changes=0x00000010
07-11 14:44:30.133 W/BackupManagerService(  374): dataChanged but no participant pkg='com.android.providers.settings' uid=10079
07-11 14:44:30.164 D/dalvikvm(27881): GC_FOR_ALLOC freed 1K, 7% free 9501K/10176K, paused 32ms, total 33ms
07-11 14:44:30.164 I/dalvikvm-heap(27881): Grow heap (frag case) to 9.425MB for 56330-byte allocation
07-11 14:44:30.195 I/ActivityManager(  374): Start proc android.process.acore for broadcast com.android.providers.contacts/.PackageIntentReceiver: pid=5892 uid=10000 gids={50000, 3003, 1015, 1028}
07-11 14:44:30.281 I/ActivityManager(  374): Start proc com.qihoo360.mobilesafe for service com.qihoo360.mobilesafe/.service.GuardDelegateService: pid=5903 uid=10072 gids={50072, 3003, 1015, 3001, 3002, 1006, 1028}
07-11 14:44:30.508 D/dalvikvm( 5624): GC_FOR_ALLOC freed 504K, 47% free 597K/1112K, paused 6ms, total 6ms
07-11 14:44:30.601 D/BackupManagerService(  374): Received broadcast Intent { act=android.intent.action.PACKAGE_ADDED dat=package:com.moji.mjweather flg=0x8000010 (has extras) }
07-11 14:44:30.601 V/BackupManagerService(  374): removePackageParticipantsLocked: uid=10082 #1
07-11 14:44:30.609 V/BackupManagerService(  374): addPackageParticipantsLocked: #1
07-11 14:44:30.679 I/MobileSafeApplication( 5903): runtime.process.name=com.qihoo360.mobilesafe
07-11 14:44:30.687 I/MobileSafeApplication( 5903): process ui=true persist=false crash=false contact=false barcode=false permm=false
07-11 14:44:30.711 I/MobileSafeApplication( 5903): use ipc_pref, try load
