07-11 14:44:30.726 D/dalvikvm( 5903): Trying to load lib /data/data/com.qihoo360.mobilesafe/files/so_libs/libipc_pref.520.1.so 0x4207f5e8
07-11 14:44:30.726 I/ipc_pref( 5903): [RegisterJniFunctions:19]	RegisterJniFunction methods count: 10
07-11 14:44:30.726 I/ipc_pref( 5903): 
07-11 14:44:30.734 D/dalvikvm( 5903): Added shared lib /data/data/com.qihoo360.mobilesafe/files/so_libs/libipc_pref.520.1.so 0x4207f5e8
07-11 14:44:30.734 I/ipc_pref( 5903): [JNI_OnLoad:43]	JNI_OnLoad
07-11 14:44:30.734 I/ipc_pref( 5903): 
07-11 14:44:30.734 I/ipc_pref( 5903): [init:19]	init /data/data/com.qihoo360.mobilesafe/shared_prefs/ipc_pref
07-11 14:44:30.734 I/ipc_pref( 5903): 
07-11 14:44:30.742 I/ipc_pref( 5903): [init:45]	/data/data/com.qihoo360.mobilesafe/shared_prefs/ipc_pref
07-11 14:44:30.742 I/ipc_pref( 5903): 
07-11 14:44:30.750 I/MobileSafeApplication( 5903): use ipc_pref, loaded
07-11 14:44:30.797 D/dalvikvm( 5892): GC_CONCURRENT freed 203K, 3% free 9173K/9412K, paused 5ms+9ms, total 95ms
07-11 14:44:30.984 D/dalvikvm(27881): GC_FOR_ALLOC freed <1K, 7% free 9556K/10232K, paused 816ms, total 816ms
07-11 14:44:31.015 I/Launcher(  605): Deferring update until onResume
07-11 14:44:31.054 D/dalvikvm(27801): GC_CONCURRENT freed 498K, 15% free 9235K/10844K, paused 10ms+4ms, total 492ms
07-11 14:44:31.117 D/dalvikvm( 5624): GC_FOR_ALLOC freed 513K, 47% free 596K/1112K, paused 8ms, total 8ms
07-11 14:44:31.148 D/dalvikvm( 5903): Trying to load lib /data/data/com.qihoo360.mobilesafe/files/so_libs/libbreakpad-jni-1.0.so 0x4207f5e8
07-11 14:44:31.156 D/dalvikvm( 5903): Added shared lib /data/data/com.qihoo360.mobilesafe/files/so_libs/libbreakpad-jni-1.0.so 0x4207f5e8
07-11 14:44:31.156 D/dalvikvm( 5903): No JNI_OnLoad found in /data/data/com.qihoo360.mobilesafe/files/so_libs/libbreakpad-jni-1.0.so 0x4207f5e8, skipping init
07-11 14:44:31.156 D/CrashHandler( 5903): path = /data/data/com.qihoo360.mobilesafe/files/native_crash
07-11 14:44:31.195 W/Settings(25429): Setting airplane_mode_on has moved from android.provider.Settings.System to android.provider.Settings.Global, returning read-only value.
07-11 14:44:31.195 W/Settings(25429): Setting mobile_data has moved from android.provider.Settings.Secure to android.provider.Settings.Global.
07-11 14:44:31.195 D/BluetoothAdapter(25429): 1108510848: getState() :  mService = null. Returning STATE_OFF
07-11 14:44:31.203 W/Settings(25429): Setting airplane_mode_on has moved from android.provider.Settings.System to android.provider.Settings.Global, returning read-only value.
07-11 14:44:31.219 I/ActivityManager(  374): Start proc com.android.keychain for broadcast com.android.keychain/.KeyChainBroadcastReceiver: pid=5932 uid=1000 gids={41000, 1015, 1028, 3002, 3001, 3003, 3007}
07-11 14:44:31.226 I/NativeManager( 5903): wait native manager ...
07-11 14:44:31.226 D/dalvikvm( 5903): Trying to load lib /data/data/com.qihoo360.mobilesafe/files/so_libs/libmobilesafe360-jni-520.2.so 0x4207f5e8
07-11 14:44:31.242 D/dalvikvm( 5903): Added shared lib /data/data/com.qihoo360.mobilesafe/files/so_libs/libmobilesafe360-jni-520.2.so 0x4207f5e8
07-11 14:44:31.242 D/MobileSafeApplication( 5903): -- not cold launch...
07-11 14:44:31.258 I/ipc_pref( 5903): [open:30]	open /data/data/com.qihoo360.mobilesafe/shared_prefs/com.qihoo360.mobilesafe_preferences.xml
07-11 14:44:31.258 I/ipc_pref( 5903): 
07-11 14:44:31.273 D/dalvikvm( 5903): GC_CONCURRENT freed 221K, 3% free 9158K/9416K, paused 36ms+4ms, total 104ms
07-11 14:44:31.344 W/Settings( 5903): Setting always_finish_activities has moved from android.provider.Settings.System to android.provider.Settings.Global, returning read-only value.
07-11 14:44:31.390 I/ipc_pref( 5903): [open:30]	open /data/data/com.qihoo360.mobilesafe/shared_prefs/upgrade_pref.xml
07-11 14:44:31.390 I/ipc_pref( 5903): 
07-11 14:44:31.398 D/dalvikvm(27881): GC_CONCURRENT freed 346K, 5% free 9721K/10232K, paused 118ms+5ms, total 323ms
07-11 14:44:31.398 D/dalvikvm(27881): WAIT_FOR_CONCURRENT_GC blocked 60ms
07-11 14:44:31.398 D/dalvikvm(27881): WAIT_FOR_CONCURRENT_GC blocked 29ms
07-11 14:44:31.500 W/BackupManagerService(  374): dataChanged but no participant pkg='com.android.providers.settings' uid=10079
07-11 14:44:31.515 W/ContextImpl( 5932): Calling a method in the system process without a qualified user: android.app.ContextImpl.startService:1385 android.content.ContextWrapper.startService:473 android.content.ContextWrapper.startService:473 com.android.keychain.KeyChainBroadcastReceiver.onReceive:12 android.app.ActivityThread.handleReceiver:2424 
07-11 14:44:31.625 D/dalvikvm(27881): GC_CONCURRENT freed 678K, 8% free 9443K/10232K, paused 4ms+3ms, total 36ms
07-11 14:44:31.672 W/MountService(  374): getVolumeState(/storage/emulated/0/external_sd): Unknown volume
07-11 14:44:31.726 W/MountService(  374): getVolumeState(/mnt/sdcard-ext): Unknown volume
07-11 14:44:31.851 D/dalvikvm( 4626): GC_FOR_ALLOC freed 437K, 6% free 9104K/9648K, paused 38ms, total 38ms
07-11 14:44:31.937 I/Launcher(  605): Deferring update until onResume
07-11 14:44:31.976 W/MountService(  374): getVolumeState(/mnt/ext_sdcard): Unknown volume
07-11 14:44:31.992 W/MountService(  374): getVolumeState(/mnt/sdcard2): Unknown volume
07-11 14:44:31.992 W/MountService(  374): getVolumeState(/mnt/emmc): Unknown volume
07-11 14:44:32.008 W/MountService(  374): getVolumeState(/mnt/extSdCard): Unknown volume
07-11 14:44:32.062 W/MountService(  374): getVolumeState(/mnt/sdcard/SD_CARD): Unknown volume
07-11 14:44:32.078 W/MountService(  374): getVolumeState(/mnt/sdcard/extra_sd): Unknown volume
07-11 14:44:32.078 W/MountService(  374): getVolumeState(/mnt/extrasd_bind): Unknown volume
07-11 14:44:32.078 W/MountService(  374): getVolumeState(/mnt/sdcard/ext_sd): Unknown volume
07-11 14:44:32.094 W/MountService(  374): getVolumeState(/storage/extSdCard): Unknown volume
07-11 14:44:32.094 W/MountService(  374): getVolumeState(/storage/sdcard1): Unknown volume
07-11 14:44:32.094 W/MountService(  374): getVolumeState(/mnt/sdcard/external_SD): Unknown volume
07-11 14:44:32.094 W/MountService(  374): getVolumeState(/mnt/sdcard/external_sd): Unknown volume
07-11 14:44:32.312 D/dalvikvm(  374): GC_EXPLICIT freed 3421K, 28% free 22909K/31744K, paused 34ms+169ms, total 1878ms
07-11 14:44:32.383 D/dalvikvm( 5903): TRACE stop requested, but not running
07-11 14:44:32.437 D/dalvikvm( 5903): GC_CONCURRENT freed 357K, 4% free 9271K/9632K, paused 25ms+11ms, total 104ms
07-11 14:44:32.437 I/ActivityManager(  374): Start proc com.google.android.apps.plus for broadcast com.google.android.apps.plus/.service.PackagesMediaMonitor: pid=5956 uid=10048 gids={50048, 3003, 3002, 1015, 1006, 1028}
07-11 14:44:32.586 D/dalvikvm(27881): GC_CONCURRENT freed 350K, 7% free 9589K/10232K, paused 4ms+14ms, total 239ms
07-11 14:44:32.695 I/ipc_pref( 5903): [open:30]	open /data/data/com.qihoo360.mobilesafe/shared_prefs/shield_pref.xml
07-11 14:44:32.695 I/ipc_pref( 5903): 
07-11 14:44:32.742 I/FWL.PkgCoreBase( 5903): loading /data/data/com.qihoo360.mobilesafe/files/appmgr.apk ...
07-11 14:44:32.812 I/dex     ( 5903): load /data/data/com.qihoo360.mobilesafe/files/appmgr.apk ...
07-11 14:44:32.820 I/dex     ( 5903): load /data/data/com.qihoo360.mobilesafe/files/appmgr.apk = dalvik.system.DexClassLoader[DexPathList[[zip file "/data/data/com.qihoo360.mobilesafe/files/appmgr.apk"],nativeLibraryDirectories=[/vendor/lib, /system/lib]]]
07-11 14:44:32.890 I/FWL.PkgCoreBase( 5903): loading ok
07-11 14:44:32.898 D/dalvikvm( 5956): GC_CONCURRENT freed 322K, 4% free 9062K/9420K, paused 5ms+2ms, total 60ms
07-11 14:44:32.976 I/ActivityManager(  374): Process com.google.android.googlequicksearchbox (pid 5559) has died.
07-11 14:44:33.023 D/dalvikvm( 5903): GC_CONCURRENT freed 307K, 4% free 9477K/9820K, paused 10ms+14ms, total 91ms
07-11 14:44:33.023 D/dalvikvm( 5903): WAIT_FOR_CONCURRENT_GC blocked 50ms
07-11 14:44:33.031 D/dalvikvm( 5903): WAIT_FOR_CONCURRENT_GC blocked 48ms
07-11 14:44:33.070 D/dalvikvm( 5903): WAIT_FOR_CONCURRENT_GC blocked 81ms
07-11 14:44:33.390 W/Settings( 5903): Setting android_id has moved from android.provider.Settings.System to android.provider.Settings.Secure, returning read-only value.
07-11 14:44:33.492 D/dalvikvm( 5956): GC_CONCURRENT freed 123K, 2% free 9440K/9600K, paused 16ms+18ms, total 180ms
07-11 14:44:33.562 D/dalvikvm( 5903): GC_CONCURRENT freed 310K, 4% free 9679K/10024K, paused 62ms+68ms, total 266ms
07-11 14:44:33.562 D/dalvikvm( 5903): WAIT_FOR_CONCURRENT_GC blocked 14ms
07-11 14:44:33.562 D/dalvikvm( 5903): WAIT_FOR_CONCURRENT_GC blocked 16ms
07-11 14:44:33.633 D/dalvikvm( 5956): GC_CONCURRENT freed 148K, 2% free 9794K/9988K, paused 3ms+3ms, total 63ms
07-11 14:44:33.633 D/dalvikvm( 5956): WAIT_FOR_CONCURRENT_GC blocked 17ms
07-11 14:44:33.812 D/dalvikvm( 5956): GC_CONCURRENT freed 141K, 2% free 10146K/10344K, paused 7ms+3ms, total 69ms
07-11 14:44:33.812 D/dalvikvm( 5956): WAIT_FOR_CONCURRENT_GC blocked 12ms
07-11 14:44:34.000 D/dalvikvm( 5956): GC_CONCURRENT freed 140K, 2% free 10482K/10692K, paused 3ms+7ms, total 107ms
07-11 14:44:34.000 D/dalvikvm( 5956): WAIT_FOR_CONCURRENT_GC blocked 72ms
07-11 14:44:34.031 I/QueryController( 5624): Matched selector: UiSelector[TEXT=] <<==>> [android.view.accessibility.AccessibilityNodeInfo@1a9b2; boundsInParent: Rect(0, 0 - 359, 96); boundsInScreen: Rect(0, 1088 - 359, 1184); packageName: com.android.packageinstaller; className: android.widget.Button; text: ; contentDescription: null; viewIdResName: com.android.packageinstaller:id/done_button; checkable: false; checked: false; focusable: true; focused: false; selected: false; clickable: true; longClickable: false; enabled: true; password: false; scrollable: false; [ACTION_FOCUS, ACTION_SELECT, ACTION_CLEAR_SELECTION, ACTION_CLICK, ACTION_ACCESSIBILITY_FOCUS, ACTION_NEXT_AT_MOVEMENT_GRANULARITY, ACTION_PREVIOUS_AT_MOVEMENT_GRANULARITY, ACTION_SET_SELECTION]]
07-11 14:44:34.047 D/dalvikvm( 5697): GC_CONCURRENT freed 372K, 30% free 9251K/13188K, paused 6ms+19ms, total 99ms
07-11 14:44:34.062 D/dalvikvm( 5624): GC_FOR_ALLOC freed 500K, 46% free 607K/1112K, paused 7ms, total 9ms
07-11 14:44:34.062 I/QueryController( 5624): Matched selector: UiSelector[TEXT=, CLASS=android.widget.Button] <<==>> [android.view.accessibility.AccessibilityNodeInfo@1a9b2; boundsInParent: Rect(0, 0 - 359, 96); boundsInScreen: Rect(0, 1088 - 359, 1184); packageName: com.android.packageinstaller; className: android.widget.Button; text: ; contentDescription: null; viewIdResName: com.android.packageinstaller:id/done_button; checkable: false; checked: false; focusable: true; focused: false; selected: false; clickable: true; longClickable: false; enabled: true; password: false; scrollable: false; [ACTION_FOCUS, ACTION_SELECT, ACTION_CLEAR_SELECTION, ACTION_CLICK, ACTION_ACCESSIBILITY_FOCUS, ACTION_NEXT_AT_MOVEMENT_GRANULARITY, ACTION_PREVIOUS_AT_MOVEMENT_GRANULARITY, ACTION_SET_SELECTION]]
07-11 14:44:34.070 D/InteractionController( 5624): clickAndWaitForNewWindow(179, 1136)
07-11 14:44:34.140 I/ActivityManager(  374): Process com.google.android.gms (pid 5536) has died.
07-11 14:44:34.164 D/dalvikvm( 5956): GC_CONCURRENT freed 315K, 4% free 10581K/10988K, paused 8ms+3ms, total 69ms
07-11 14:44:34.164 D/dalvikvm( 5956): WAIT_FOR_CONCURRENT_GC blocked 61ms
07-11 14:44:34.187 I/InstallAppProgress( 5697): Finished installing com.moji.mjweather
07-11 14:44:34.211 D/dalvikvm( 5956): GC_FOR_ALLOC freed 62K, 4% free 10645K/10988K, paused 43ms, total 43ms
07-11 14:44:34.258 D/dalvikvm( 5956): GC_FOR_ALLOC freed 126K, 5% free 10773K/11244K, paused 31ms, total 31ms
07-11 14:44:34.258 I/dalvikvm-heap( 5956): Grow heap (frag case) to 10.784MB for 242378-byte allocation
07-11 14:44:34.289 D/dalvikvm( 5956): GC_FOR_ALLOC freed 0K, 5% free 11009K/11484K, paused 32ms, total 32ms
07-11 14:44:34.336 D/dalvikvm( 5956): GC_FOR_ALLOC freed 499K, 7% free 11011K/11740K, paused 26ms, total 27ms
07-11 14:44:34.375 D/dalvikvm( 5956): GC_FOR_ALLOC freed 369K, 6% free 11120K/11740K, paused 30ms, total 31ms
07-11 14:44:34.406 D/dalvikvm( 5956): GC_FOR_ALLOC freed 126K, 5% free 11248K/11740K, paused 27ms, total 27ms
07-11 14:44:34.414 D/dalvikvm(  374): GC_FOR_ALLOC freed 1145K, 29% free 22818K/31744K, paused 129ms, total 134ms
07-11 14:44:34.484 D/MdmApplication( 3259): [null:-1]->onActivityStarted market.activity.AppDetailActivity , mActivityCount = 2
07-11 14:44:34.484 D/MDM :   ( 3259): [null:-1]->query
07-11 14:44:34.484 D/MDM :   ( 3259): [null:-1]->QUERY_PINCODE_CHECK_RESULT
07-11 14:44:34.484 D/ypy     ( 3259): [null:-1]-> ================ checkDownLoadStatus status is 4
07-11 14:44:34.672 D/dalvikvm( 5956): GC_CONCURRENT freed 371K, 4% free 11658K/12064K, paused 9ms+4ms, total 95ms
07-11 14:44:34.672 D/dalvikvm( 5956): WAIT_FOR_CONCURRENT_GC blocked 10ms
07-11 14:44:34.898 I/ActivityManager(  374): Process com.google.android.apps.maps:LocationFriendService (pid 5330) has died.
07-11 14:44:34.929 D/dalvikvm(26136): GC_CONCURRENT freed 352K, 4% free 9903K/10288K, paused 12ms+10ms, total 393ms
07-11 14:44:34.976 D/dalvikvm( 5956): GC_CONCURRENT freed 198K, 2% free 12365K/12600K, paused 3ms+4ms, total 53ms
07-11 14:44:35.219 D/dalvikvm( 5903): GC_CONCURRENT freed 378K, 5% free 9694K/10108K, paused 34ms+6ms, total 96ms
07-11 14:44:35.320 D/dalvikvm( 5956): GC_CONCURRENT freed 485K, 4% free 13032K/13552K, paused 12ms+3ms, total 88ms
07-11 14:44:35.320 D/dalvikvm( 5956): WAIT_FOR_CONCURRENT_GC blocked 20ms
07-11 14:44:35.617 W/PackageParser(  833): No actions in intent filter at /storage/emulated/0/360Download/Pekall.apk Binary XML file line #685
07-11 14:44:35.789 W/PackageParser(  833): No actions in intent filter at /storage/emulated/0/Download/emmp.apk Binary XML file line #687
07-11 14:44:35.836 D/dalvikvm( 5956): GC_CONCURRENT freed 570K, 5% free 13835K/14440K, paused 13ms+4ms, total 123ms
07-11 14:44:35.836 D/dalvikvm( 5956): WAIT_FOR_CONCURRENT_GC blocked 52ms
07-11 14:44:35.969 W/PackageParser(  833): No actions in intent filter at /storage/emulated/0/Download/emmp-1.apk Binary XML file line #687
07-11 14:44:36.039 I/ActivityManager(  374): Start proc com.google.android.gms for broadcast com.google.android.gms/.games.receiver.GamesSystemBroadcastReceiver: pid=5994 uid=10009 gids={50009, 3003, 1007, 1028, 1015, 1006, 2001, 3006}
07-11 14:44:36.054 D/gp.PicasaPhotoCP( 5956): set fsid first time:-1
07-11 14:44:36.086 W/PackageParser(  833): No actions in intent filter at /storage/emulated/0/360Download/Pekall.apk Binary XML file line #685
07-11 14:44:36.156 D/dalvikvm(  833): GC_CONCURRENT freed 1280K, 16% free 13205K/15584K, paused 18ms+11ms, total 121ms
07-11 14:44:36.414 I/ActivityManager(  374): Start proc com.google.android.googlequicksearchbox for broadcast com.google.android.googlequicksearchbox/com.google.android.apps.sidekick.GmmLocationProviderImpl$GmmPackageWatcher: pid=6017 uid=10056 gids={50056, 3003, 1028, 1007, 3002, 1015}
07-11 14:44:36.515 D/dalvikvm(27801): GC_CONCURRENT freed 374K, 15% free 9286K/10844K, paused 15ms+49ms, total 184ms
07-11 14:44:36.523 I/ActivityManager(  374): Process com.android.packageinstaller (pid 5697) has died.
07-11 14:44:36.664 D/dalvikvm( 5994): GC_CONCURRENT freed 270K, 4% free 9054K/9360K, paused 63ms+5ms, total 110ms
07-11 14:44:36.890 I/PeopleDatabaseHelper( 5994): cleanUpNonGplusAccounts done.
07-11 14:44:37.000 D/dalvikvm( 6017): GC_CONCURRENT freed 238K, 3% free 9192K/9468K, paused 16ms+14ms, total 73ms
07-11 14:44:37.031 D/Volley  ( 5250): [3210] BasicNetwork.logSlowRequests: HTTP response for request=<[ ] https://safebrowsing.google.com/safebrowsing/clientreport/download 0xc9395b26 NORMAL 1> [lifetime=53065], [size=2], [rc=200], [retryCount=0]
07-11 14:44:37.054 W/GAV2    ( 6017): Thread[main,5,main]: Need to call initialize() and be in fallback mode to start dispatch.
07-11 14:44:37.094 D/Finsky  ( 5250): [1] 2.onResponse: Verification id=9 response=0
07-11 14:44:37.101 D/Volley  ( 5250): [1] Request.finish: 53163 ms: [ ] https://safebrowsing.google.com/safebrowsing/clientreport/download 0xc9395b26 NORMAL 1
07-11 14:44:37.101 W/PackageManager(  374): Invalid verification token 9 received
07-11 14:44:37.109 D/mdm_log ( 3259): [null:-1]->action is : android.intent.action.PACKAGE_REMOVED
07-11 14:44:37.179 W/InteractionController( 5624): runAndwaitForEvent timedout waiting for events
07-11 14:44:37.203 I/ipc_pref( 5903): [open:30]	open /data/data/com.qihoo360.mobilesafe/shared_prefs/adblock_pref.xml
07-11 14:44:37.203 I/ipc_pref( 5903): 
07-11 14:44:37.242 D/dalvikvm(27801): GC_CONCURRENT freed 431K, 15% free 9283K/10844K, paused 5ms+6ms, total 62ms
07-11 14:44:37.297 D/dalvikvm( 5994): No JNI_OnLoad found in /system/lib/libAppDataSearch.so 0x420848f0, skipping init
07-11 14:44:37.344 D/Icing   ( 5994): Init last flush num docs 0 last docstore size 0
07-11 14:44:37.344 D/Icing   ( 5994): Docid map file has no data, nothing to scan
07-11 14:44:37.351 D/Icing   ( 5994): File /data/data/com.google.android.gms/files/AppDataSearch/main/cur/ds.perdocdata contains 0 records of size 6
07-11 14:44:37.359 D/DB      ( 3259): query: SQLiteQuery: SELECT * FROM app WHERE readStatus =0
07-11 14:44:37.359 D/DB      ( 3259): factory null
07-11 14:44:37.359 D/DB      ( 3259): fillWindow: 0
07-11 14:44:37.359 D/DB      ( 3259): cursor 0
07-11 14:44:37.359 E/Mdm     ( 3259): Call Mdm service's recordIconCount function
07-11 14:44:37.367 D/DB      ( 3259): query: SQLiteQuery: SELECT * FROM app WHERE type = 51107
07-11 14:44:37.367 D/DB      ( 3259): factory null
07-11 14:44:37.367 D/DB      ( 3259): fillWindow: 0
07-11 14:44:37.367 D/DB      ( 3259): cursor 2
07-11 14:44:37.367 D/DB      ( 3259): query: SQLiteQuery: SELECT * FROM app WHERE type = 51107
07-11 14:44:37.367 D/DB      ( 3259): factory null
07-11 14:44:37.367 D/DB      ( 3259): fillWindow: 0
07-11 14:44:37.375 D/DB      ( 3259): cursor 2
07-11 14:44:37.414 D/dalvikvm( 5994): GC_CONCURRENT freed 276K, 4% free 9162K/9476K, paused 5ms+5ms, total 77ms
07-11 14:44:37.422 D/Icing   ( 5994): Init docstore ok num docs 0 bytes 0
07-11 14:44:37.469 D/DB      ( 3259): moveToPos: 0
07-11 14:44:37.469 D/DB      ( 3259): onMove: 0
07-11 14:44:37.476 D/DB      ( 3259): moveToPos: 1
07-11 14:44:37.476 D/DB      ( 3259): onMove: 1
07-11 14:44:37.476 D/DB      ( 3259): moveToPos: 2
07-11 14:44:37.484 D/DB      ( 3259): moveToPos: 0
07-11 14:44:37.484 D/DB      ( 3259): onMove: 0
07-11 14:44:37.484 D/DB      ( 3259): moveToPos: 1
07-11 14:44:37.484 D/DB      ( 3259): onMove: 1
07-11 14:44:37.484 D/DB      ( 3259): moveToPos: 2
07-11 14:44:37.539 V/Icing   ( 5994): Lite index crc computed in 0.183ms
07-11 14:44:37.539 V/Icing   ( 5994): Lite index init ok in 38.300ms
07-11 14:44:37.539 V/Icing   ( 5994): Warming lite-index took 0.031ms
07-11 14:44:37.539 V/Icing   ( 5994): Warming lexicon took 0.031ms
07-11 14:44:37.547 V/Icing   ( 5994): Warming display mappings took 0.000ms
07-11 14:44:37.547 D/Icing   ( 5994): Init index ok num docs 0
07-11 14:44:37.547 D/Icing   ( 5994): Init done
07-11 14:44:37.648 D/dalvikvm( 5892): GC_CONCURRENT freed 182K, 3% free 9376K/9596K, paused 11ms+12ms, total 59ms
07-11 14:44:37.672 D/dalvikvm(27801): GC_CONCURRENT freed 420K, 15% free 9274K/10844K, paused 4ms+128ms, total 235ms
07-11 14:44:37.726 D/dalvikvm( 1165): GC_FOR_ALLOC freed 247K, 5% free 9309K/9736K, paused 134ms, total 135ms
07-11 14:44:37.773 I/Icing   ( 5994): 0 corpora need re-polling
07-11 14:44:37.781 D/dalvikvm( 1165): GC_FOR_ALLOC freed 7K, 3% free 9605K/9856K, paused 41ms, total 41ms
07-11 14:44:37.867 I/dalvikvm( 6068): Turning on JNI app bug workarounds for target SDK version 7...
07-11 14:44:37.898 I/ActivityManager(  374): Start proc com.qihoo.root for broadcast com.qihoo.root/.UninstallReceiver: pid=6068 uid=10078 gids={50078, 1015, 3003, 1028}
07-11 14:44:37.961 D/dalvikvm( 6068): Trying to load lib /data/data/com.qihoo.root/lib/libnativeutil.so 0x420835a0
07-11 14:44:37.969 D/dalvikvm( 6068): Added shared lib /data/data/com.qihoo.root/lib/libnativeutil.so 0x420835a0
07-11 14:44:37.976 I/ActivityManager(  374): No longer want com.google.android.deskclock (pid 28000): empty #17
07-11 14:44:38.375 I/ContactLocale( 5892): AddressBook Labels [zh_CN]: [, A, B, C, D, E, F, G, H, I, J, K, L, M, N, O, P, Q, R, S, T, U, V, W, X, Y, Z, , , , , , , , , , , , , , , , , , , , , , , , , , , , , , , , , , , , , , , , , , , , , , , , , , , , , , , , , , , , , , , , , , , , , , , , , , , , , , , , , , , , , , , , , , , , , , , , , , , , , , , , , , , , , , , , , , , , , , , , , , , , , , , , , , , , , , , , , , , , , , , , , , , , , , , , , , , , #, ]
07-11 14:44:38.383 D/mdm_log ( 3259): [null:-1]->action is : android.intent.action.PACKAGE_ADDED
07-11 14:44:38.515 D/DB      ( 3259): query: SQLiteQuery: SELECT * FROM app WHERE readStatus =0
07-11 14:44:38.515 D/DB      ( 3259): factory null
07-11 14:44:38.515 D/DB      ( 3259): fillWindow: 0
07-11 14:44:38.515 D/DB      ( 3259): cursor 0
07-11 14:44:38.515 D/DB      ( 3259): query: SQLiteQuery: SELECT * FROM app WHERE type = 51107
07-11 14:44:38.515 D/DB      ( 3259): factory null
07-11 14:44:38.515 D/DB      ( 3259): fillWindow: 0
07-11 14:44:38.523 D/DB      ( 3259): cursor 2
07-11 14:44:38.523 E/Mdm     ( 3259): Call Mdm service's recordIconCount function
07-11 14:44:38.523 D/DB      ( 3259): query: SQLiteQuery: SELECT * FROM app WHERE type = 51107
07-11 14:44:38.523 D/DB      ( 3259): factory null
07-11 14:44:38.523 D/DB      ( 3259): fillWindow: 0
07-11 14:44:38.531 D/DB      ( 3259): cursor 2
07-11 14:44:38.531 D/DB      ( 3259): query: SQLiteQuery: SELECT appUUID, status FROM app WHERE status=4 AND uploadStatus=0
07-11 14:44:38.531 D/DB      ( 3259): factory null
07-11 14:44:38.531 D/DB      ( 3259): fillWindow: 0
07-11 14:44:38.531 D/DB      ( 3259): cursor 0
07-11 14:44:38.531 D/DB      ( 3259): moveToPos: 0
07-11 14:44:38.539 D/DB      ( 3259): moveToPos: 0
07-11 14:44:38.539 D/DB      ( 3259): onMove: 0
07-11 14:44:38.539 D/DB      ( 3259): moveToPos: 1
07-11 14:44:38.539 D/DB      ( 3259): onMove: 1
07-11 14:44:38.547 D/DB      ( 3259): moveToPos: 2
07-11 14:44:38.547 D/DB      ( 3259): moveToPos: 0
07-11 14:44:38.547 D/DB      ( 3259): onMove: 0
07-11 14:44:38.547 D/DB      ( 3259): moveToPos: 1
07-11 14:44:38.547 D/DB      ( 3259): onMove: 1
07-11 14:44:38.547 D/DB      ( 3259): moveToPos: 2
07-11 14:44:38.687 I/ActivityManager(  374): Start proc com.google.android.talk for broadcast com.google.android.talk/com.google.android.apps.babel.phone.PackageReplacedReceiver: pid=6109 uid=10030 gids={50030, 3003, 1015, 1006, 3002, 1028}
07-11 14:44:39.039 I/AndroidRuntime( 5624): VM exiting with result code 0.
07-11 14:44:39.320 D/dalvikvm( 6109): GC_CONCURRENT freed 260K, 4% free 9074K/9372K, paused 14ms+34ms, total 82ms
07-11 14:44:39.344 W/Settings( 6109): Setting airplane_mode_on has moved from android.provider.Settings.System to android.provider.Settings.Global, returning read-only value.
07-11 14:44:39.461 I/ActivityManager(  374): No longer want com.qihoo.daemon (pid 27881): empty #17
07-11 14:44:39.469 D/dalvikvm( 6109): GC_CONCURRENT freed 408K, 5% free 9071K/9516K, paused 8ms+2ms, total 35ms
07-11 14:44:39.508 I/ActivityManager(  374): Start proc com.google.android.apps.maps:FriendService for broadcast com.google.android.apps.maps/com.google.googlenav.friend.android.ServiceReceiver: pid=6151 uid=10038 gids={50038, 3003, 1015, 1028}
07-11 14:44:39.515 W/ActivityManager(  374): Scheduling restart of crashed service com.qihoo.appstore/com.qihoo.express.mini.service.DaemonCoreService in 5000ms
07-11 14:44:39.515 W/ActivityManager(  374): Scheduling restart of crashed service com.qihoo.appstore/com.qihoo360.mobilesafe.pcdaemon.service.DaemonService in 15000ms
07-11 14:44:39.523 D/dalvikvm(  125): GC_EXPLICIT freed 40K, 1% free 8921K/9000K, paused 3ms+6ms, total 40ms
07-11 14:44:39.554 D/dalvikvm(  125): GC_EXPLICIT freed <1K, 1% free 8921K/9000K, paused 3ms+3ms, total 30ms
07-11 14:44:39.586 D/dalvikvm(  125): GC_EXPLICIT freed <1K, 1% free 8921K/9000K, paused 2ms+4ms, total 31ms
07-11 14:44:39.625 D/dalvikvm(20727): GC_CONCURRENT freed 473K, 7% free 10167K/10920K, paused 7ms+5ms, total 55ms
07-11 14:44:39.625 D/dalvikvm(20727): WAIT_FOR_CONCURRENT_GC blocked 40ms
07-11 14:44:39.804 D/dalvikvm(  647): GC_EXPLICIT freed 129K, 7% free 9713K/10372K, paused 6ms+11ms, total 68ms
07-11 14:44:39.961 I/ActivityManager(  374): No longer want com.google.android.gsf.login (pid 5674): empty #17
07-11 14:44:40.054 W/GCoreUlr(  565): sending intent to update reporting state
07-11 14:44:40.133 D/dalvikvm(  565): GC_CONCURRENT freed 420K, 7% free 10389K/11148K, paused 14ms+3ms, total 88ms
07-11 14:44:40.133 D/dalvikvm(  565): WAIT_FOR_CONCURRENT_GC blocked 58ms
07-11 14:44:40.211 D/dalvikvm(  565): GC_FOR_ALLOC freed 42K, 7% free 10390K/11148K, paused 65ms, total 65ms
07-11 14:44:40.297 I/Velvet.VelvetFactory( 6017): refreshing search history.
07-11 14:44:40.304 W/GAV2    ( 6017): Thread[Thread-3267,5,main]: dispatch call queued.  Need to call GAServiceManager.getInstance().initialize().
07-11 14:44:40.312 I/TransInfo( 3259): TransInfo created, id: 5, class: class com.pekall.emdm.transaction.b.p
07-11 14:44:40.312 D/NetworkThread( 3259): [null:-1]->----isRunning-----true
07-11 14:44:40.312 D/NetworkThread( 3259): [null:-1]->----isRunning-----true
07-11 14:44:40.312 D/NetworkThread( 3259): [null:-1]->thread wakeup
07-11 14:44:40.344 D/HttpClient( 3259): enable apache.http debug
07-11 14:44:40.351 V/DEBUG   ( 3259): HTTP 0
07-11 14:44:40.367 W/Sidekick_LocationOracleImpl( 6017): Best location was null
07-11 14:44:40.367 I/Recovery( 5994): Received: Intent { act=com.google.android.gms.INITIALIZE flg=0x10 pkg=com.google.android.gms cmp=com.google.android.gms/.recovery.AccountRecoveryBackgroundService$Receiver }
07-11 14:44:40.390 I/ActivityManager(  374): Start proc com.google.android.gsf.login for service com.google.android.gms/.recovery.AccountRecoveryBackgroundService: pid=6191 uid=10009 gids={50009, 3003, 1007, 1028, 1015, 1006, 2001, 3006}
07-11 14:44:40.414 D/GCM     (  647): GcmService start Intent { act=com.google.android.gms.INITIALIZE flg=0x10 pkg=com.google.android.gms cmp=com.google.android.gms/.gcm.GcmService } com.google.android.gms.INITIALIZE
07-11 14:44:40.523 I/ActivityManager(  374): Start proc com.google.android.apps.maps:LocationFriendService for broadcast com.google.android.apps.maps/com.google.googlenav.friend.reporting.LocationReportingIntentReceiver: pid=6204 uid=10038 gids={50038, 3003, 1015, 1028}
07-11 14:44:40.570 I/GCoreUlr(  565): Ensuring that reporting is stopped because of reasons: (no Google accounts)
07-11 14:44:40.578 D/MDM :   ( 3259): [null:-1]->MSG_WEBSOCKET_MESSAGE : {"id":-80246369,"type":0,"command":0,"result":0,"reason":0,"params":{"msgId":"83ded15d-5e47-4622-8e0f-1f9140d1b920,83ded15d5e4746228e0f1f9140d1b920","device":"ffffffffc539bb10fffffffff7aea961","message":"{\"cmd\":\"10119\"}"}}
07-11 14:44:40.609 I/GCoreUlr(  565): Ensuring that reporting is stopped because of reasons: (no Google accounts)
07-11 14:44:40.617 V/DEBUG   ( 3259): HTTP 1
07-11 14:44:40.633 D/GCoreFlp(  565): Unknown pending intent to remove.
07-11 14:44:40.640 D/NetworkThread( 3259): [null:-1]->queue is empty, thread wait...
07-11 14:44:40.648 D/MdmService( 3259): [null:-1]->push message type :0
07-11 14:44:40.648 D/MdmService( 3259): [null:-1]->cmdMessage : {"cmd":"10119"}
07-11 14:44:40.656 D/MdmService( 3259): [null:-1]->command : PushCommandMsg{cmd='10119', msg='null'}
07-11 14:44:40.656 D/MDM :   ( 3259): [null:-1]->PUSH CMD: 10119
07-11 14:44:40.656 D/GCoreFlp(  565): Unknown pending intent to remove.
07-11 14:44:40.656 I/GCoreUlr(  565): Unbound from all location providers
07-11 14:44:40.664 I/GCoreUlr(  565): Unbound from all location providers
07-11 14:44:40.672 D/MdmStatusManager( 3259): [null:-1]->change status to : Busy
07-11 14:44:40.672 D/DB      ( 3259): query: SQLiteQuery: SELECT content, command_status, status FROM command WHERE status!=2
07-11 14:44:40.672 D/DB      ( 3259): factory null
07-11 14:44:40.672 D/DB      ( 3259): fillWindow: 0
07-11 14:44:40.672 D/DB      ( 3259): cursor 0
07-11 14:44:40.672 D/DB      ( 3259): moveToPos: 0
07-11 14:44:40.711 I/TransInfo( 3259): TransInfo created, id: 3, class: class com.pekall.emdm.transaction.b.c
07-11 14:44:40.711 D/NetworkThread( 3259): [null:-1]->----isRunning-----true
07-11 14:44:40.711 D/NetworkThread( 3259): [null:-1]->----isRunning-----true
07-11 14:44:40.711 D/NetworkThread( 3259): [null:-1]->thread wakeup
07-11 14:44:40.726 D/HttpClient( 3259): enable apache.http debug
07-11 14:44:40.750 V/DEBUG   ( 3259): HTTP 0
07-11 14:44:40.750 D/AndroidRuntime( 6174): 
07-11 14:44:40.750 D/AndroidRuntime( 6174): >>>>>> AndroidRuntime START com.android.internal.os.RuntimeInit <<<<<<
07-11 14:44:40.750 D/AndroidRuntime( 6174): CheckJNI is OFF
07-11 14:44:40.789 D/dalvikvm( 6174): Trying to load lib libjavacore.so 0x0
07-11 14:44:40.797 D/dalvikvm( 6174): Added shared lib libjavacore.so 0x0
07-11 14:44:40.812 D/dalvikvm(  565): GC_FOR_ALLOC freed 106K, 7% free 10390K/11148K, paused 93ms, total 95ms
07-11 14:44:40.836 D/dalvikvm( 6174): Trying to load lib libnativehelper.so 0x0
07-11 14:44:40.844 D/dalvikvm( 6174): Added shared lib libnativehelper.so 0x0
07-11 14:44:40.875 I/ActivityManager(  374): No longer want com.mgyapp.android (pid 27801): empty #17
07-11 14:44:41.054 D/dalvikvm(  374): GC_EXPLICIT freed 1549K, 28% free 22878K/31744K, paused 4ms+19ms, total 167ms
07-11 14:44:41.086 D/dalvikvm( 6017): GC_CONCURRENT freed 287K, 4% free 9312K/9636K, paused 5ms+7ms, total 143ms
07-11 14:44:41.086 E/Velvet.VelvetBackgroundTasksImpl( 6017): Background task refresh_search_history failed
07-11 14:44:41.086 E/Velvet.VelvetBackgroundTasksImpl( 6017): java.lang.NullPointerException
07-11 14:44:41.086 E/Velvet.VelvetBackgroundTasksImpl( 6017): 	at com.google.common.base.Preconditions.checkNotNull(Preconditions.java:187)
07-11 14:44:41.086 E/Velvet.VelvetBackgroundTasksImpl( 6017): 	at com.google.android.apps.sidekick.LocationOracleImpl.getBgHandler(LocationOracleImpl.java:270)
07-11 14:44:41.086 E/Velvet.VelvetBackgroundTasksImpl( 6017): 	at com.google.android.apps.sidekick.LocationOracleImpl.requestRecentLocation(LocationOracleImpl.java:522)
07-11 14:44:41.086 E/Velvet.VelvetBackgroundTasksImpl( 6017): 	at com.google.android.searchcommon.google.complete.CompleteServerClient.query(CompleteServerClient.java:157)
07-11 14:44:41.086 E/Velvet.VelvetBackgroundTasksImpl( 6017): 	at com.google.android.searchcommon.google.AbstractGoogleWebSource.doQueryInternal(AbstractGoogleWebSource.java:61)
07-11 14:44:41.086 E/Velvet.VelvetBackgroundTasksImpl( 6017): 	at com.google.android.searchcommon.google.AbstractGoogleSource.getSuggestions(AbstractGoogleSource.java:65)
07-11 14:44:41.086 E/Velvet.VelvetBackgroundTasksImpl( 6017): 	at com.google.android.searchcommon.google.WebSuggestSourceWrapper.getSuggestions(WebSuggestSourceWrapper.java:60)
07-11 14:44:41.086 E/Velvet.VelvetBackgroundTasksImpl( 6017): 	at com.google.android.searchcommon.google.WebSuggestSourceWithLocalHistory.getSuggestions(WebSuggestSourceWithLocalHistory.java:111)
07-11 14:44:41.086 E/Velvet.VelvetBackgroundTasksImpl( 6017): 	at com.google.android.searchcommon.google.WebSuggestSourceWrapper.getSuggestions(WebSuggestSourceWrapper.java:60)
07-11 14:44:41.086 E/Velvet.VelvetBackgroundTasksImpl( 6017): 	at com.google.android.searchcommon.google.ZeroQueryCachingWebSuggestSource.getSuggestions(ZeroQueryCachingWebSuggestSource.java:105)
07-11 14:44:41.086 E/Velvet.VelvetBackgroundTasksImpl( 6017): 	at com.google.android.searchcommon.google.WebSuggestSourceWrapper.getSuggestions(WebSuggestSourceWrapper.java:60)
07-11 14:44:41.086 E/Velvet.VelvetBackgroundTasksImpl( 6017): 	at com.google.android.searchcommon.google.DeletedQueryRemovingSourceWrapper.getSuggestions(DeletedQueryRemovingSourceWrapper.java:47)
07-11 14:44:41.086 E/Velvet.VelvetBackgroundTasksImpl( 6017): 	at com.google.android.velvet.VelvetFactory$1.call(VelvetFactory.java:588)
07-11 14:44:41.086 E/Velvet.VelvetBackgroundTasksImpl( 6017): 	at com.google.android.velvet.VelvetFactory$1.call(VelvetFactory.java:584)
07-11 14:44:41.086 E/Velvet.VelvetBackgroundTasksImpl( 6017): 	at java.util.concurrent.FutureTask.run(FutureTask.java:234)
07-11 14:44:41.086 E/Velvet.VelvetBackgroundTasksImpl( 6017): 	at com.google.android.searchcommon.util.NamingTaskExecutor$1.run(NamingTaskExecutor.java:50)
07-11 14:44:41.086 E/Velvet.VelvetBackgroundTasksImpl( 6017): 	at java.util.concurrent.Executors$RunnableAdapter.call(Executors.java:390)
07-11 14:44:41.086 E/Velvet.VelvetBackgroundTasksImpl( 6017): 	at java.util.concurrent.FutureTask.run(FutureTask.java:234)
07-11 14:44:41.086 E/Velvet.VelvetBackgroundTasksImpl( 6017): 	at java.util.concurrent.ScheduledThreadPoolExecutor$ScheduledFutureTask.access$201(ScheduledThreadPoolExecutor.java:153)
07-11 14:44:41.086 E/Velvet.VelvetBackgroundTasksImpl( 6017): 	at java.util.concurrent.ScheduledThreadPoolExecutor$ScheduledFutureTask.run(ScheduledThreadPoolExecutor.java:267)
07-11 14:44:41.086 E/Velvet.VelvetBackgroundTasksImpl( 6017): 	at java.util.concurrent.ThreadPoolExecutor.runWorker(ThreadPoolExecutor.java:1080)
07-11 14:44:41.086 E/Velvet.VelvetBackgroundTasksImpl( 6017): 	at java.util.concurrent.ThreadPoolExecutor$Worker.run(ThreadPoolExecutor.java:573)
07-11 14:44:41.086 E/Velvet.VelvetBackgroundTasksImpl( 6017): 	at java.lang.Thread.run(Thread.java:841)
07-11 14:44:41.086 E/Velvet.VelvetBackgroundTasksImpl( 6017): 	at com.google.android.searchcommon.util.PriorityThreadFactory$1.run(PriorityThreadFactory.java:49)
07-11 14:44:41.101 V/DEBUG   ( 3259): HTTP 1
07-11 14:44:41.133 D/MDM :   ( 3259): [null:-1]->read network input stream
07-11 14:44:41.133 D/MDM :   ( 3259): [null:-1]->read network input stream
07-11 14:44:41.203 D/CheckInTransInfo( 3259): [null:-1]->CommandMsg : CommandMsg{CommandUUID='8a8088bf471a79ec0147242ac38a47d4', Command=CommandObject{RequestType='DeviceInformation'}}
07-11 14:44:41.203 D/DB      ( 3259): query: SQLiteQuery: SELECT * FROM command WHERE cmd_uuid='8a8088bf471a79ec0147242ac38a47d4'
07-11 14:44:41.203 D/DB      ( 3259): factory null
07-11 14:44:41.203 D/DB      ( 3259): fillWindow: 0
07-11 14:44:41.211 D/DB      ( 3259): cursor 0
07-11 14:44:41.219 I/Recovery( 5994): Received: Intent { act=com.google.android.gms.INITIALIZE flg=0x10 pkg=com.google.android.gms cmp=com.google.android.gms/.recovery.AccountRecoveryBackgroundService$Receiver }
07-11 14:44:41.234 D/GCM     (  647): GcmService start Intent { act=com.google.android.gms.INITIALIZE flg=0x10 pkg=com.google.android.gms cmp=com.google.android.gms/.gcm.GcmService } com.google.android.gms.INITIALIZE
07-11 14:44:41.242 W/ActivityManager(  374): Scheduling restart of crashed service com.mgyapp.android/.service.AppService in 13274ms
07-11 14:44:41.265 I/ActivityManager(  374): No longer want com.android.defcontainer (pid 26499): empty #17
07-11 14:44:41.344 D/AndroidRuntime( 6174): Calling main entry com.android.commands.am.Am
07-11 14:44:41.344 D/dalvikvm( 6174): Note: class Landroid/app/ActivityManagerNative; has 163 unimplemented (abstract) methods
07-11 14:44:41.359 D/NetworkThread( 3259): [null:-1]->queue is empty, thread wait...
07-11 14:44:41.367 I/ActivityManager(  374): Start proc com.qihoo.daemon for service com.qihoo.appstore/com.qihoo360.mobilesafe.pcdaemon.service.DaemonService: pid=6245 uid=10064 gids={50064, 3003, 1015, 3002, 1006, 3001, 1028}
07-11 14:44:41.375 D/AndroidRuntime( 6174): Shutting down VM
07-11 14:44:41.375 D/jdwp    ( 6174): Got wake-up signal, bailing out of select
07-11 14:44:41.375 D/dalvikvm( 6174): Debugger has detached; object registry had 1 entries
07-11 14:44:41.390 I/dalvikvm( 6245): Turning on JNI app bug workarounds for target SDK version 10...
07-11 14:44:41.461 D/MdmService( 3259): [null:-1]->handleCheckInResult
07-11 14:44:41.461 D/MdmService( 3259): [null:-1]->handleCheckInResult result keyIndex: 3
07-11 14:44:41.484 I/TransInfo( 3259): TransInfo created, id: 5, class: class com.pekall.emdm.transaction.b.p
07-11 14:44:41.484 D/NetworkThread( 3259): [null:-1]->----isRunning-----true
07-11 14:44:41.484 D/NetworkThread( 3259): [null:-1]->----isRunning-----true
07-11 14:44:41.484 D/NetworkThread( 3259): [null:-1]->thread wakeup
07-11 14:44:41.492 D/HttpClient( 3259): enable apache.http debug
07-11 14:44:41.492 D/CommandManager( 3259): [null:-1]->execute command: CommandMsg{CommandUUID='8a8088bf471a79ec0147242ac38a47d4', Command=CommandObject{RequestType='DeviceInformation'}}
07-11 14:44:41.500 V/DEBUG   ( 3259): HTTP 0
07-11 14:44:41.547 I/ActivityManager(  374): Start proc com.android.defcontainer for service com.android.defcontainer/.DefaultContainerService: pid=6259 uid=10012 gids={50012, 1015, 1023, 2001, 1028}
07-11 14:44:41.578 D/ProxyApplication( 6245): attachBaseContext mCurrentProcessName : com.qihoo.daemon
07-11 14:44:41.586 D/ProxyApplication( 6245): attachBaseContext mIsConfigProcesso : false
07-11 14:44:41.773 E/MyLog   ( 6245): ZY>>LOGD=false
07-11 14:44:41.820 D/MDM :   ( 3259): [null:-1]->MSG_WEBSOCKET_MESSAGE : {"id":-1966605539,"type":0,"command":0,"result":0,"reason":0,"params":{"msgId":"d4939be0-4398-4067-a0d8-5dc3542dbfe2,d4939be043984067a0d85dc3542dbfe2","device":"ffffffffc539bb10fffffffff7aea961","message":"{\"cmd\":\"10119\"}"}}
07-11 14:44:41.844 D/MdmService( 3259): [null:-1]->push message type :0
07-11 14:44:41.844 D/MdmService( 3259): [null:-1]->cmdMessage : {"cmd":"10119"}
07-11 14:44:41.851 D/MdmService( 3259): [null:-1]->command : PushCommandMsg{cmd='10119', msg='null'}
07-11 14:44:41.859 D/MDM :   ( 3259): [null:-1]->PUSH CMD: 10119
07-11 14:44:41.859 D/MdmService( 3259): [null:-1]->MdmStatusManager is busy , wait......
07-11 14:44:41.875 V/DEBUG   ( 3259): HTTP 1
07-11 14:44:41.890 D/NetworkThread( 3259): [null:-1]->queue is empty, thread wait...
07-11 14:44:41.953 D/dalvikvm( 6245): GC_CONCURRENT freed 288K, 4% free 9123K/9448K, paused 35ms+9ms, total 118ms
07-11 14:44:42.039 D/dalvikvm( 6245): Trying to load lib /data/data/com.qihoo.appstore/files/baohecachefileaV2 0x4207e448
07-11 14:44:42.047 D/dalvikvm( 6245): Added shared lib /data/data/com.qihoo.appstore/files/baohecachefileaV2 0x4207e448
07-11 14:44:42.047 D/dalvikvm( 6245): No JNI_OnLoad found in /data/data/com.qihoo.appstore/files/baohecachefileaV2 0x4207e448, skipping init
07-11 14:44:42.179 D/AndroidRuntime( 6277): 
07-11 14:44:42.179 D/AndroidRuntime( 6277): >>>>>> AndroidRuntime START com.android.internal.os.RuntimeInit <<<<<<
07-11 14:44:42.179 D/AndroidRuntime( 6277): CheckJNI is OFF
07-11 14:44:42.195 D/dalvikvm( 6277): Trying to load lib libjavacore.so 0x0
07-11 14:44:42.195 D/dalvikvm( 6277): Added shared lib libjavacore.so 0x0
07-11 14:44:42.211 D/dalvikvm( 6277): Trying to load lib libnativehelper.so 0x0
07-11 14:44:42.211 D/dalvikvm( 6277): Added shared lib libnativehelper.so 0x0
07-11 14:44:42.242 W/ActivityManager(  374): Unable to start service Intent { act=com.google.android.gms.analytics.service.START (has extras) } U=0: not found
07-11 14:44:42.250 W/GAV2    ( 6017): Thread[GAThread,5,main]: Service unavailable (code=1), will retry.
07-11 14:44:42.258 I/GAV2    ( 6017): Thread[GAThread,5,main]: No campaign data found.
07-11 14:44:42.328 W/dalvikvm( 6245): Unable to resolve superclass of Lcom/qihoo/appstore/clear/g; (44)
07-11 14:44:42.328 W/dalvikvm( 6245): Link of class 'Lcom/qihoo/appstore/clear/g;' failed
07-11 14:44:42.328 E/dalvikvm( 6245): Could not find class 'com.qihoo.appstore.clear.g', referenced from method com.qihoo.appstore.clear.d.a
07-11 14:44:42.328 W/dalvikvm( 6245): VFY: unable to resolve new-instance 1669 (Lcom/qihoo/appstore/clear/g;) in Lcom/qihoo/appstore/clear/d;
07-11 14:44:42.328 D/dalvikvm( 6245): VFY: replacing opcode 0x22 at 0x0011
07-11 14:44:42.328 I/dalvikvm( 6245): Could not find method android.app.IActivityManager.unregisterActivityWatcher, referenced from method com.qihoo.appstore.clear.d.b
07-11 14:44:42.328 W/dalvikvm( 6245): VFY: unable to resolve interface method 210: Landroid/app/IActivityManager;.unregisterActivityWatcher (Landroid/app/IActivityWatcher;)V
07-11 14:44:42.328 D/dalvikvm( 6245): VFY: replacing opcode 0x72 at 0x0011
07-11 14:44:42.344 W/dalvikvm( 6245): Unable to resolve superclass of Lcom/qihoo/appstore/clear/g; (44)
07-11 14:44:42.344 W/dalvikvm( 6245): Link of class 'Lcom/qihoo/appstore/clear/g;' failed
07-11 14:44:42.344 D/dalvikvm( 6245): DexOpt: unable to opt direct call 0x242a at 0x14 in Lcom/qihoo/appstore/clear/d;.a
07-11 14:44:42.461 D/dalvikvm( 6245): GC_CONCURRENT freed 443K, 6% free 9172K/9656K, paused 12ms+17ms, total 116ms
07-11 14:44:42.515 D/AndroidRuntime( 6277): Calling main entry com.android.commands.pm.Pm
07-11 14:44:42.633 D/AndroidRuntime( 6277): Shutting down VM
07-11 14:44:42.633 D/jdwp    ( 6277): Got wake-up signal, bailing out of select
07-11 14:44:42.633 D/dalvikvm( 6277): Debugger has detached; object registry had 1 entries
07-11 14:44:42.640 D/dalvikvm( 3259): GC_FOR_ALLOC freed 2972K, 29% free 18317K/25600K, paused 109ms, total 109ms
07-11 14:44:42.695 D/BluetoothManagerService(  374): checkIfCallerIsForegroundUser: valid=true callingUser=0 foregroundUser=0
07-11 14:44:42.742 D/dalvikvm( 6245): GC_FOR_ALLOC freed 353K, 5% free 9178K/9656K, paused 30ms, total 32ms
07-11 14:44:42.828 D/dalvikvm( 6245): GC_CONCURRENT freed 347K, 6% free 9222K/9724K, paused 4ms+3ms, total 29ms
07-11 14:44:42.828 D/dalvikvm( 6245): WAIT_FOR_CONCURRENT_GC blocked 21ms
07-11 14:44:42.883 W/ProcessStats(  374): Skipping unknown process pid 6274
07-11 14:44:42.883 W/ProcessStats(  374): Skipping unknown process pid 6277
07-11 14:44:43.023 D/dalvikvm( 6245): GC_CONCURRENT freed 459K, 6% free 9235K/9764K, paused 23ms+3ms, total 143ms
07-11 14:44:43.023 D/dalvikvm( 6245): WAIT_FOR_CONCURRENT_GC blocked 81ms
07-11 14:44:43.023 D/dalvikvm( 6245): WAIT_FOR_CONCURRENT_GC blocked 82ms
07-11 14:44:43.156 D/dalvikvm( 6245): GC_CONCURRENT freed 480K, 6% free 9240K/9776K, paused 11ms+6ms, total 73ms
07-11 14:44:43.156 D/dalvikvm( 6245): WAIT_FOR_CONCURRENT_GC blocked 33ms
07-11 14:44:43.344 D/dalvikvm( 6245): GC_CONCURRENT freed 460K, 6% free 9238K/9776K, paused 41ms+5ms, total 146ms
07-11 14:44:43.344 D/dalvikvm( 6245): WAIT_FOR_CONCURRENT_GC blocked 24ms
07-11 14:44:43.469 D/dalvikvm( 6245): GC_CONCURRENT freed 463K, 6% free 9238K/9776K, paused 4ms+5ms, total 53ms
07-11 14:44:43.469 D/dalvikvm( 6245): WAIT_FOR_CONCURRENT_GC blocked 38ms
07-11 14:44:43.633 D/AndroidRuntime( 6328): 
07-11 14:44:43.633 D/AndroidRuntime( 6328): >>>>>> AndroidRuntime START com.android.internal.os.RuntimeInit <<<<<<
07-11 14:44:43.633 D/AndroidRuntime( 6328): CheckJNI is OFF
07-11 14:44:43.648 D/dalvikvm( 6328): Trying to load lib libjavacore.so 0x0
07-11 14:44:43.656 D/dalvikvm( 6328): Added shared lib libjavacore.so 0x0
07-11 14:44:43.672 D/dalvikvm( 6328): Trying to load lib libnativehelper.so 0x0
07-11 14:44:43.672 D/dalvikvm( 6328): Added shared lib libnativehelper.so 0x0
07-11 14:44:43.890 D/dalvikvm( 6245): GC_CONCURRENT freed 473K, 6% free 9238K/9776K, paused 3ms+6ms, total 51ms
07-11 14:44:43.890 D/dalvikvm( 6245): WAIT_FOR_CONCURRENT_GC blocked 16ms
07-11 14:44:43.953 D/AndroidRuntime( 6328): Calling main entry com.android.commands.am.Am
07-11 14:44:43.961 D/dalvikvm( 6328): Note: class Landroid/app/ActivityManagerNative; has 163 unimplemented (abstract) methods
07-11 14:44:43.969 D/AndroidRuntime( 6328): Shutting down VM
07-11 14:44:43.969 D/dalvikvm( 6328): Debugger has detached; object registry had 1 entries
07-11 14:44:44.015 D/dalvikvm( 6245): GC_CONCURRENT freed 481K, 6% free 9238K/9776K, paused 3ms+3ms, total 33ms
07-11 14:44:44.015 D/dalvikvm( 6245): WAIT_FOR_CONCURRENT_GC blocked 15ms
07-11 14:44:44.086 D/dalvikvm( 6245): GC_CONCURRENT freed 484K, 6% free 9238K/9776K, paused 3ms+3ms, total 31ms
07-11 14:44:44.086 D/dalvikvm( 6245): WAIT_FOR_CONCURRENT_GC blocked 12ms
07-11 14:44:44.156 D/dalvikvm( 6245): GC_CONCURRENT freed 479K, 6% free 9238K/9776K, paused 6ms+3ms, total 44ms
07-11 14:44:44.156 D/dalvikvm( 6245): WAIT_FOR_CONCURRENT_GC blocked 22ms
07-11 14:44:44.242 D/dalvikvm( 6245): GC_CONCURRENT freed 486K, 6% free 9230K/9776K, paused 5ms+2ms, total 38ms
07-11 14:44:44.242 D/dalvikvm( 6245): WAIT_FOR_CONCURRENT_GC blocked 21ms
07-11 14:44:44.539 D/dalvikvm( 6245): GC_CONCURRENT freed 491K, 6% free 9238K/9776K, paused 56ms+2ms, total 240ms
07-11 14:44:44.539 D/dalvikvm( 6245): WAIT_FOR_CONCURRENT_GC blocked 9ms
07-11 14:44:44.765 D/dalvikvm( 6245): GC_CONCURRENT freed 486K, 6% free 9238K/9776K, paused 65ms+3ms, total 158ms
07-11 14:44:44.765 D/dalvikvm( 6245): WAIT_FOR_CONCURRENT_GC blocked 9ms
07-11 14:44:44.820 D/AndroidRuntime( 6352): 
07-11 14:44:44.820 D/AndroidRuntime( 6352): >>>>>> AndroidRuntime START com.android.internal.os.RuntimeInit <<<<<<
07-11 14:44:44.820 D/AndroidRuntime( 6352): CheckJNI is OFF
07-11 14:44:44.836 D/dalvikvm( 6352): Trying to load lib libjavacore.so 0x0
07-11 14:44:44.844 D/dalvikvm( 6352): Added shared lib libjavacore.so 0x0
07-11 14:44:44.859 D/dalvikvm( 6352): Trying to load lib libnativehelper.so 0x0
07-11 14:44:44.859 D/dalvikvm( 6352): Added shared lib libnativehelper.so 0x0
07-11 14:44:45.203 D/AndroidRuntime( 6352): Calling main entry com.android.commands.pm.Pm
07-11 14:44:45.289 D/AndroidRuntime( 6352): Shutting down VM
07-11 14:44:45.297 D/jdwp    ( 6352): Got wake-up signal, bailing out of select
07-11 14:44:45.297 D/dalvikvm( 6352): Debugger has detached; object registry had 1 entries
07-11 14:44:45.679 I/ActivityManager(  374): START u0 {act=com.qihoo360.daemon.pcdaemon.ACTION_START_OPERATE_AUTHOR flg=0x10000000 cmp=com.qihoo.appstore/com.qihoo.express.mini.activity.PCLinkConfirmDialogActivity (has extras)} from pid 6245
07-11 14:44:45.750 D/dalvikvm( 6245): GC_CONCURRENT freed 399K, 6% free 9229K/9776K, paused 4ms+26ms, total 87ms
07-11 14:44:45.844 D/dalvikvm(  374): GC_FOR_ALLOC freed 1446K, 29% free 22790K/31744K, paused 108ms, total 109ms
07-11 14:44:45.851 D/MdmApplication( 3259): [null:-1]->onActivityPaused market.activity.AppDetailActivity , mActivityCount = 3
07-11 14:44:45.851 D/MDM :   ( 3259): [null:-1]->query
07-11 14:44:45.851 D/MDM :   ( 3259): [null:-1]->QUERY_PINCODE_CHECK_RESULT
07-11 14:44:45.851 E/Mdm     ( 3259): Call Mdm service's setLastExitTime function
07-11 14:44:45.898 W/InputMethodManagerService(  374): Window already focused, ignoring focus gain of: com.android.internal.view.IInputMethodClient$Stub$Proxy@42c82118 attribute=null, token = android.os.BinderProxy@42c65328
07-11 14:44:45.914 D/ypy     ( 3259): [null:-1]-> ================ checkDownLoadStatus status is 4
07-11 14:44:45.976 I/ActivityManager(  374): No longer want com.android.keychain (pid 5932): empty #17
07-11 14:44:47.258 W/GAV2    ( 6017): Thread[Service Reconnect,5,main]: Service unavailable (code=1), using local store.
07-11 14:44:47.258 W/ActivityManager(  374): Unable to start service Intent { act=com.google.android.gms.analytics.service.START (has extras) } U=0: not found
07-11 14:44:47.781 D/dalvikvm( 6259): GC_CONCURRENT freed 367K, 5% free 8943K/9348K, paused 4ms+2ms, total 28ms
07-11 14:44:48.867 I/TransInfo( 3259): TransInfo created, id: 3, class: class com.pekall.emdm.transaction.b.c
07-11 14:44:48.867 D/NetworkThread( 3259): [null:-1]->----isRunning-----true
07-11 14:44:48.867 D/NetworkThread( 3259): [null:-1]->----isRunning-----true
07-11 14:44:48.875 D/NetworkThread( 3259): [null:-1]->thread wakeup
07-11 14:44:49.015 D/dalvikvm( 3259): GC_FOR_ALLOC freed 2970K, 28% free 18492K/25600K, paused 58ms, total 60ms
07-11 14:44:49.070 D/HttpClient( 3259): enable apache.http debug
07-11 14:44:49.078 V/DEBUG   ( 3259): HTTP 0
07-11 14:44:49.336 D/dalvikvm( 3259): GC_FOR_ALLOC freed 3085K, 28% free 18572K/25600K, paused 72ms, total 72ms
07-11 14:44:50.265 V/DEBUG   ( 3259): HTTP 1
07-11 14:44:50.320 D/MDM :   ( 3259): [null:-1]->read network input stream
07-11 14:44:50.320 D/MDM :   ( 3259): [null:-1]->read network input stream
07-11 14:44:50.359 D/MdmDatabaseHelper( 3259): [null:-1]->update command 8a8088bf471a79ec0147242ac38a47d4 to status executed
07-11 14:44:50.445 D/CheckInTransInfo( 3259): [null:-1]->CommandMsg : CommandMsg{CommandUUID='8a8088bf471a79ec0147242ac83a47d5', Command=CommandObject{RequestType='DeviceInformation'}}
07-11 14:44:50.445 D/DB      ( 3259): query: SQLiteQuery: SELECT * FROM command WHERE cmd_uuid='8a8088bf471a79ec0147242ac83a47d5'
07-11 14:44:50.445 D/DB      ( 3259): factory null
07-11 14:44:50.445 D/DB      ( 3259): fillWindow: 0
07-11 14:44:50.453 D/DB      ( 3259): cursor 0
07-11 14:44:50.484 D/NetworkThread( 3259): [null:-1]->queue is empty, thread wait...
07-11 14:44:50.586 D/MdmService( 3259): [null:-1]->handleCheckInResult
07-11 14:44:50.586 D/MdmService( 3259): [null:-1]->handleCheckInResult result keyIndex: 3
07-11 14:44:50.586 D/CommandManager( 3259): [null:-1]->execute command: CommandMsg{CommandUUID='8a8088bf471a79ec0147242ac83a47d5', Command=CommandObject{RequestType='DeviceInformation'}}
07-11 14:44:50.648 D/BluetoothManagerService(  374): checkIfCallerIsForegroundUser: valid=true callingUser=0 foregroundUser=0
07-11 14:44:52.828 D/dalvikvm( 3259): GC_FOR_ALLOC freed 3438K, 29% free 18376K/25600K, paused 51ms, total 51ms
07-11 14:44:52.851 E/JavaBinder( 3259): !!! FAILED BINDER TRANSACTION !!!
07-11 14:44:52.859 W/ParceledListSlice( 3259): Failure retrieving array; only received 53 of 108
07-11 14:44:52.859 W/ParceledListSlice( 3259): android.os.TransactionTooLargeException
07-11 14:44:52.859 W/ParceledListSlice( 3259): 	at android.os.BinderProxy.transact(Native Method)
07-11 14:44:52.859 W/ParceledListSlice( 3259): 	at android.content.pm.ParceledListSlice.<init>(ParceledListSlice.java:79)
07-11 14:44:52.859 W/ParceledListSlice( 3259): 	at android.content.pm.ParceledListSlice.<init>(ParceledListSlice.java:35)
