07-11 13:40:40.179 D/DB      ( 3259): factory null
07-11 13:40:40.179 D/DB      ( 3259): fillWindow: 0
07-11 13:40:40.179 D/DB      ( 3259): cursor 0
07-11 13:40:40.234 D/NetworkThread( 3259): [null:-1]->queue is empty, thread wait...
07-11 13:40:40.336 D/MdmService( 3259): [null:-1]->handleCheckInResult
07-11 13:40:40.336 D/MdmService( 3259): [null:-1]->handleCheckInResult result keyIndex: 3
07-11 13:40:40.336 D/CommandManager( 3259): [null:-1]->execute command: CommandMsg{CommandUUID='8a8088bf471a79ec014723f028784403', Command=CommandObject{RequestType='DeviceInformation'}}
07-11 13:40:40.406 D/BluetoothManagerService(  374): checkIfCallerIsForegroundUser: valid=true callingUser=0 foregroundUser=0
07-11 13:40:41.484 W/GAV2    (26617): Thread[GAThread,5,main]: Service unavailable (code=1), will retry.
07-11 13:40:41.484 W/ActivityManager(  374): Unable to start service Intent { act=com.google.android.gms.analytics.service.START (has extras) } U=0: not found
07-11 13:40:41.492 I/GAV2    (26617): Thread[GAThread,5,main]: No campaign data found.
07-11 13:40:42.172 W/GAV2    (26464): Thread[Service Reconnect,5,main]: Service unavailable (code=1), using local store.
07-11 13:40:42.172 W/ActivityManager(  374): Unable to start service Intent { act=com.google.android.gms.analytics.service.START (has extras) } U=0: not found
07-11 13:40:42.781 D/dalvikvm( 3259): GC_FOR_ALLOC freed 2294K, 32% free 17536K/25748K, paused 53ms, total 53ms
07-11 13:40:43.679 D/dalvikvm(26499): GC_CONCURRENT freed 371K, 5% free 8945K/9352K, paused 3ms+5ms, total 38ms
07-11 13:40:44.484 I/TransInfo( 3259): TransInfo created, id: 3, class: class com.pekall.emdm.transaction.b.c
07-11 13:40:44.484 D/NetworkThread( 3259): [null:-1]->----isRunning-----true
07-11 13:40:44.484 D/NetworkThread( 3259): [null:-1]->----isRunning-----true
07-11 13:40:44.484 D/NetworkThread( 3259): [null:-1]->thread wakeup
07-11 13:40:44.648 D/dalvikvm( 3259): GC_FOR_ALLOC freed 2983K, 33% free 17384K/25748K, paused 52ms, total 52ms
07-11 13:40:44.664 D/HttpClient( 3259): enable apache.http debug
07-11 13:40:44.672 V/DEBUG   ( 3259): HTTP 0
07-11 13:40:44.906 D/dalvikvm( 3259): GC_FOR_ALLOC freed 2656K, 33% free 17376K/25748K, paused 55ms, total 55ms
07-11 13:40:45.359 V/DEBUG   ( 3259): HTTP 1
07-11 13:40:45.359 D/MdmDatabaseHelper( 3259): [null:-1]->update command 8a8088bf471a79ec014723f028784403 to status executed
07-11 13:40:45.414 W/SystemClock(  565): time going backwards: prev 101021089111001(ioctl) vs now 101021087798745(ioctl), tid=1070
07-11 13:40:45.429 D/NetworkThread( 3259): [null:-1]->queue is empty, thread wait...
07-11 13:40:45.461 D/MdmService( 3259): [null:-1]->handleCheckInResult
07-11 13:40:45.461 D/MdmService( 3259): [null:-1]->handleCheckInResult result keyIndex: 3
07-11 13:40:45.461 D/HandleCommandTask( 3259): [null:-1]->execute command msg but beanBase is null
07-11 13:40:45.461 D/MdmStatusManager( 3259): [null:-1]->change status to : Idle
07-11 13:40:46.484 W/ActivityManager(  374): Unable to start service Intent { act=com.google.android.gms.analytics.service.START (has extras) } U=0: not found
07-11 13:40:46.492 W/GAV2    (26617): Thread[Service Reconnect,5,main]: Service unavailable (code=1), using local store.
07-11 13:40:48.539 D/dalvikvm(26529): GC_CONCURRENT freed 173K, 3% free 9452K/9660K, paused 3ms+3ms, total 29ms
07-11 13:40:48.539 D/dalvikvm(26529): WAIT_FOR_CONCURRENT_GC blocked 4ms
07-11 13:40:48.656 D/Finsky  (26529): [1] 5.onFinished: Installation state replication succeeded.
07-11 13:40:49.148 D/MDM :   ( 3259): [null:-1]->MSG_WEBSOCKET_MESSAGE : {"id":1817099535,"type":0,"command":0,"result":0,"reason":0,"params":{"msgId":"30a3cc72-437c-457e-83e5-10fb988fe562,30a3cc72437c457e83e510fb988fe562","device":"ffffffffc539bb10fffffffff7aea961","message":"{\"cmd\":\"10119\"}"}}
07-11 13:40:49.156 D/MdmService( 3259): [null:-1]->push message type :0
07-11 13:40:49.156 D/MdmService( 3259): [null:-1]->cmdMessage : {"cmd":"10119"}
07-11 13:40:49.164 D/MdmService( 3259): [null:-1]->command : PushCommandMsg{cmd='10119', msg='null'}
07-11 13:40:49.164 D/MDM :   ( 3259): [null:-1]->PUSH CMD: 10119
07-11 13:40:49.164 D/MdmStatusManager( 3259): [null:-1]->change status to : Busy
07-11 13:40:49.164 D/DB      ( 3259): query: SQLiteQuery: SELECT content, command_status, status FROM command WHERE status!=2
07-11 13:40:49.164 D/DB      ( 3259): factory null
07-11 13:40:49.164 D/DB      ( 3259): fillWindow: 0
07-11 13:40:49.164 D/DB      ( 3259): cursor 0
07-11 13:40:49.164 D/DB      ( 3259): moveToPos: 0
07-11 13:40:49.164 I/TransInfo( 3259): TransInfo created, id: 3, class: class com.pekall.emdm.transaction.b.c
07-11 13:40:49.164 D/NetworkThread( 3259): [null:-1]->----isRunning-----true
07-11 13:40:49.164 D/NetworkThread( 3259): [null:-1]->----isRunning-----true
07-11 13:40:49.164 D/NetworkThread( 3259): [null:-1]->thread wakeup
07-11 13:40:49.172 D/HttpClient( 3259): enable apache.http debug
07-11 13:40:49.179 V/DEBUG   ( 3259): HTTP 0
07-11 13:40:49.375 V/DEBUG   ( 3259): HTTP 1
07-11 13:40:49.437 D/dalvikvm( 3259): GC_FOR_ALLOC freed 3158K, 34% free 17061K/25748K, paused 47ms, total 48ms
07-11 13:40:49.453 D/MDM :   ( 3259): [null:-1]->read network input stream
07-11 13:40:49.453 D/MDM :   ( 3259): [null:-1]->read network input stream
07-11 13:40:49.476 D/CheckInTransInfo( 3259): [null:-1]->CommandMsg : CommandMsg{CommandUUID='8a8088bf471a79ec014723f04cb34493', Command=CommandObject{RequestType='InstallApplication'}}
07-11 13:40:49.476 D/DB      ( 3259): query: SQLiteQuery: SELECT * FROM command WHERE cmd_uuid='8a8088bf471a79ec014723f04cb34493'
07-11 13:40:49.476 D/DB      ( 3259): factory null
07-11 13:40:49.476 D/DB      ( 3259): fillWindow: 0
07-11 13:40:49.484 D/DB      ( 3259): cursor 0
07-11 13:40:49.515 D/NetworkThread( 3259): [null:-1]->queue is empty, thread wait...
07-11 13:40:49.617 D/MdmService( 3259): [null:-1]->handleCheckInResult
07-11 13:40:49.617 D/MdmService( 3259): [null:-1]->handleCheckInResult result keyIndex: 3
07-11 13:40:49.617 D/CommandManager( 3259): [null:-1]->execute command: CommandMsg{CommandUUID='8a8088bf471a79ec014723f04cb34493', Command=CommandObject{RequestType='InstallApplication'}}
07-11 13:40:49.617 D/TEST_ALL( 3259): [null:-1]->REQ_TYPE_INST_APP
07-11 13:40:49.625 E/DB      ( 3259): bind, index: 1, value: com.moji.mjweather
07-11 13:40:49.625 D/DB      ( 3259): query: SQLiteQuery: SELECT * FROM app WHERE package=?
07-11 13:40:49.625 D/DB      ( 3259): factory null
07-11 13:40:49.625 D/DB      ( 3259): fillWindow: 0
07-11 13:40:49.633 D/DB      ( 3259): cursor 0
07-11 13:40:49.633 D/DB      ( 3259): moveToPos: 0
07-11 13:40:49.679 D/DB      ( 3259): query: SQLiteQuery: SELECT * FROM app WHERE type = 51107
07-11 13:40:49.687 D/DB      ( 3259): factory null
07-11 13:40:49.687 D/DB      ( 3259): fillWindow: 0
07-11 13:40:49.687 D/DB      ( 3259): cursor 2
07-11 13:40:49.687 D/DB      ( 3259): query: SQLiteQuery: SELECT * FROM app WHERE readStatus =0
07-11 13:40:49.687 D/DB      ( 3259): factory null
07-11 13:40:49.687 D/DB      ( 3259): fillWindow: 0
07-11 13:40:49.687 D/DB      ( 3259): cursor 1
07-11 13:40:49.687 E/Mdm     ( 3259): Call Mdm service's recordIconCount function
07-11 13:40:49.695 D/DB      ( 3259): query: SQLiteQuery: SELECT * FROM app WHERE type = 51107
07-11 13:40:49.695 D/DB      ( 3259): factory null
07-11 13:40:49.695 D/DB      ( 3259): fillWindow: 0
07-11 13:40:49.695 D/DB      ( 3259): cursor 2
07-11 13:40:49.703 D/DB      ( 3259): query: SQLiteQuery: SELECT * FROM app WHERE readStatus =0
07-11 13:40:49.703 D/DB      ( 3259): factory null
07-11 13:40:49.703 D/DB      ( 3259): fillWindow: 0
07-11 13:40:49.703 D/DB      ( 3259): cursor 1
07-11 13:40:49.742 D/DB      ( 3259): moveToPos: 0
07-11 13:40:49.742 D/DB      ( 3259): onMove: 0
07-11 13:40:49.742 D/DB      ( 3259): moveToPos: 1
07-11 13:40:49.742 D/DB      ( 3259): onMove: 1
07-11 13:40:49.742 D/DB      ( 3259): moveToPos: 2
07-11 13:40:49.742 D/DB      ( 3259): moveToPos: 0
07-11 13:40:49.742 D/DB      ( 3259): onMove: 0
07-11 13:40:49.742 D/DB      ( 3259): moveToPos: 1
07-11 13:40:49.742 D/DB      ( 3259): onMove: 1
07-11 13:40:49.742 D/DB      ( 3259): moveToPos: 2
07-11 13:40:49.820 I/TransInfo( 3259): TransInfo created, id: 3, class: class com.pekall.emdm.transaction.b.c
07-11 13:40:49.820 D/NetworkThread( 3259): [null:-1]->----isRunning-----true
07-11 13:40:49.828 D/NetworkThread( 3259): [null:-1]->----isRunning-----true
07-11 13:40:49.828 D/NetworkThread( 3259): [null:-1]->thread wakeup
07-11 13:40:49.828 I/AudioService(  374):  AudioFocus  requestAudioFocus() from android.media.AudioManager@424496a0
07-11 13:40:49.836 D/HttpClient( 3259): enable apache.http debug
07-11 13:40:49.851 V/DEBUG   ( 3259): HTTP 0
07-11 13:40:50.140 V/DEBUG   ( 3259): HTTP 1
07-11 13:40:50.140 D/MdmDatabaseHelper( 3259): [null:-1]->update command 8a8088bf471a79ec014723f04cb34493 to status executed
07-11 13:40:50.179 D/NetworkThread( 3259): [null:-1]->queue is empty, thread wait...
07-11 13:40:50.242 D/MdmService( 3259): [null:-1]->handleCheckInResult
07-11 13:40:50.242 D/MdmService( 3259): [null:-1]->handleCheckInResult result keyIndex: 3
07-11 13:40:50.242 D/HandleCommandTask( 3259): [null:-1]->execute command msg but beanBase is null
07-11 13:40:50.250 D/MdmStatusManager( 3259): [null:-1]->change status to : Idle
07-11 13:40:51.054 I/AudioService(  374):  AudioFocus  abandonAudioFocus() from android.media.AudioManager@424496a0
07-11 13:40:51.164 D/MarketDatabaseHelper( 3259): [null:-1]->----------urlStr =com.moji.mjweather
07-11 13:40:51.164 E/DB      ( 3259): bind, index: 1, value: com.moji.mjweather
07-11 13:40:51.164 D/DB      ( 3259): query: SQLiteQuery: SELECT package, endPos, status, size, downloadUrl FROM app WHERE package=?
07-11 13:40:51.164 D/DB      ( 3259): factory null
07-11 13:40:51.164 D/DB      ( 3259): fillWindow: 0
07-11 13:40:51.172 D/DB      ( 3259): cursor 1
07-11 13:40:51.172 D/DB      ( 3259): moveToPos: 0
07-11 13:40:51.172 D/DB      ( 3259): onMove: 0
07-11 13:40:51.172 D/mdm_log ( 3259): [null:-1]->info.downLoadPos  : 0
07-11 13:40:51.172 D/mdm_log ( 3259): [null:-1]->file.length  : 0
07-11 13:40:51.179 D/mdm_log ( 3259): [null:-1]->has installed by.game.binumbers
07-11 13:40:51.351 D/DB      ( 3259): query: SQLiteQuery: SELECT * FROM app WHERE readStatus =0
07-11 13:40:51.351 D/DB      ( 3259): factory null
07-11 13:40:51.351 D/DB      ( 3259): fillWindow: 0
07-11 13:40:51.359 D/DB      ( 3259): cursor 1
07-11 13:40:51.359 E/Mdm     ( 3259): Call Mdm service's recordIconCount function
07-11 13:40:51.359 D/mdm_log ( 3259): [null:-1]->lastModifiedDate : null
07-11 13:40:51.359 D/mdm_log ( 3259): [null:-1]->serverLastModifiedDate : null
07-11 13:40:51.359 D/DB      ( 3259): query: SQLiteQuery: SELECT * FROM app WHERE type = 51107
07-11 13:40:51.367 D/DB      ( 3259): factory null
07-11 13:40:51.367 D/DB      ( 3259): fillWindow: 0
07-11 13:40:51.367 D/DB      ( 3259): cursor 2
07-11 13:40:51.367 D/DB      ( 3259): moveToPos: 0
07-11 13:40:51.367 D/DB      ( 3259): onMove: 0
07-11 13:40:51.375 D/DB      ( 3259): moveToPos: 1
07-11 13:40:51.375 D/DB      ( 3259): onMove: 1
07-11 13:40:51.375 D/DB      ( 3259): moveToPos: 2
07-11 13:40:51.406 D/DB      ( 3259): query: SQLiteQuery: SELECT * FROM app WHERE type = 51107
07-11 13:40:51.406 D/DB      ( 3259): factory null
07-11 13:40:51.406 D/DB      ( 3259): fillWindow: 0
07-11 13:40:51.406 D/DB      ( 3259): cursor 2
07-11 13:40:51.406 D/DB      ( 3259): moveToPos: 0
07-11 13:40:51.406 D/DB      ( 3259): onMove: 0
07-11 13:40:51.406 D/DB      ( 3259): moveToPos: 1
07-11 13:40:51.406 D/DB      ( 3259): onMove: 1
07-11 13:40:51.406 D/DB      ( 3259): moveToPos: 2
07-11 13:41:07.719 W/Settings(25429): Setting airplane_mode_on has moved from android.provider.Settings.System to android.provider.Settings.Global, returning read-only value.
07-11 13:41:07.719 W/Settings(25429): Setting mobile_data has moved from android.provider.Settings.Secure to android.provider.Settings.Global.
07-11 13:41:07.719 D/BluetoothAdapter(25429): 1108510848: getState() :  mService = null. Returning STATE_OFF
07-11 13:41:07.719 W/Settings(25429): Setting airplane_mode_on has moved from android.provider.Settings.System to android.provider.Settings.Global, returning read-only value.
07-11 13:41:07.734 W/Settings(25429): Setting airplane_mode_on has moved from android.provider.Settings.System to android.provider.Settings.Global, returning read-only value.
07-11 13:41:07.734 W/Settings(25429): Setting mobile_data has moved from android.provider.Settings.Secure to android.provider.Settings.Global.
07-11 13:41:07.734 D/BluetoothAdapter(25429): 1108510848: getState() :  mService = null. Returning STATE_OFF
07-11 13:41:07.742 W/Settings(25429): Setting airplane_mode_on has moved from android.provider.Settings.System to android.provider.Settings.Global, returning read-only value.
07-11 13:41:13.226 D/mdm_market( 3259): [null:-1]->appinfo : AppInfo{appName='', pkgName='com.moji.mjweather', appVersionCode=33002, appVersionName='3.30.02', appIcon='https://192.168.10.91/resources/api/v1/download/guest?uuid=754d276aeb8d43b4d38614e83b87', appImages='https://192.168.10.91/resources/api/v1/download/guest?uuid=ff8db40b13d1480690f15fe838b1', appSize='10418000', appTag='', appUUID='8a8088bf471a79ec01471a8b5d4c00de', downloadStatus='1', readStatus='0', type='51107', url='https://192.168.10.91/resources/api/v1/download/guest?uuid=b8990980c21a451625892eb7a93a', description='', instantInstall='', time='1405057249638', enforceAppPolicy=''}
07-11 13:41:13.234 I/ActivityManager(  374): START u0 {cmp=com.pekall.emdm/.market.activity.AppDetailActivity (has extras)} from pid 3259
07-11 13:41:13.297 D/MdmApplication( 3259): [null:-1]->onActivityPaused market.activity.AppListActivity , mActivityCount = 2
07-11 13:41:13.297 D/MDM :   ( 3259): [null:-1]->query
07-11 13:41:13.297 D/MDM :   ( 3259): [null:-1]->QUERY_PINCODE_CHECK_RESULT
07-11 13:41:13.297 E/Mdm     ( 3259): Call Mdm service's setLastExitTime function
07-11 13:41:13.531 D/dalvikvm( 3259): GC_FOR_ALLOC freed 2531K, 33% free 17259K/25748K, paused 70ms, total 72ms
07-11 13:41:13.554 D/MdmApplication( 3259): [null:-1]->onActivityStarted market.activity.AppDetailActivity , mActivityCount = 1
07-11 13:41:13.554 D/MDM :   ( 3259): [null:-1]->query
07-11 13:41:13.554 D/MDM :   ( 3259): [null:-1]->QUERY_PINCODE_CHECK_RESULT
07-11 13:41:13.562 W/System.err( 3259): android.content.pm.PackageManager$NameNotFoundException: com.moji.mjweather
07-11 13:41:13.562 W/System.err( 3259): 	at android.app.ApplicationPackageManager.getPackageInfo(ApplicationPackageManager.java:81)
07-11 13:41:13.562 W/System.err( 3259): 	at com.pekall.emdm.market.activity.AppDetailActivity.onResume(Unknown Source)
07-11 13:41:13.562 W/System.err( 3259): 	at android.app.Instrumentation.callActivityOnResume(Instrumentation.java:1192)
07-11 13:41:13.562 W/System.err( 3259): 	at android.app.Activity.performResume(Activity.java:5211)
07-11 13:41:13.562 W/System.err( 3259): 	at android.app.ActivityThread.performResumeActivity(ActivityThread.java:2780)
07-11 13:41:13.562 W/System.err( 3259): 	at android.app.ActivityThread.handleResumeActivity(ActivityThread.java:2819)
07-11 13:41:13.562 W/System.err( 3259): 	at android.app.ActivityThread.handleLaunchActivity(ActivityThread.java:2266)
07-11 13:41:13.570 W/System.err( 3259): 	at android.app.ActivityThread.access$600(ActivityThread.java:141)
07-11 13:41:13.570 W/System.err( 3259): 	at android.app.ActivityThread$H.handleMessage(ActivityThread.java:1256)
07-11 13:41:13.570 W/System.err( 3259): 	at android.os.Handler.dispatchMessage(Handler.java:99)
07-11 13:41:13.570 W/System.err( 3259): 	at android.os.Looper.loop(Looper.java:137)
07-11 13:41:13.570 W/System.err( 3259): 	at android.app.ActivityThread.main(ActivityThread.java:5103)
07-11 13:41:13.570 W/System.err( 3259): 	at java.lang.reflect.Method.invokeNative(Native Method)
07-11 13:41:13.570 W/System.err( 3259): 	at java.lang.reflect.Method.invoke(Method.java:525)
07-11 13:41:13.570 W/System.err( 3259): 	at com.android.internal.os.ZygoteInit$MethodAndArgsCaller.run(ZygoteInit.java:737)
07-11 13:41:13.570 W/System.err( 3259): 	at com.android.internal.os.ZygoteInit.main(ZygoteInit.java:553)
07-11 13:41:13.570 W/System.err( 3259): 	at dalvik.system.NativeStart.main(Native Method)
07-11 13:41:13.570 D/ypy     ( 3259): [null:-1]-> ================ checkDownLoadStatus status is 1
07-11 13:41:14.023 I/ActivityManager(  374): Displayed com.pekall.emdm/.market.activity.AppDetailActivity: +709ms
07-11 13:41:14.039 D/JOBS    (23278): Thread-3013: load factor check. true = (0 < 1)|| (0 * 3 < 0 + 0). consumer thread: true
07-11 13:41:14.039 D/JOBS    (23278): didn't allow me to die, re-running Thread-3013
07-11 13:41:14.039 D/JOBS    (23278): re-running consumer Thread-3013
07-11 13:41:16.390 W/Settings(25429): Setting airplane_mode_on has moved from android.provider.Settings.System to android.provider.Settings.Global, returning read-only value.
07-11 13:41:16.390 W/Settings(25429): Setting mobile_data has moved from android.provider.Settings.Secure to android.provider.Settings.Global.
07-11 13:41:16.406 D/BluetoothAdapter(25429): 1108510848: getState() :  mService = null. Returning STATE_OFF
07-11 13:41:16.406 W/Settings(25429): Setting airplane_mode_on has moved from android.provider.Settings.System to android.provider.Settings.Global, returning read-only value.
07-11 13:41:16.445 W/Settings(25429): Setting airplane_mode_on has moved from android.provider.Settings.System to android.provider.Settings.Global, returning read-only value.
07-11 13:41:16.445 W/Settings(25429): Setting mobile_data has moved from android.provider.Settings.Secure to android.provider.Settings.Global.
07-11 13:41:16.445 D/BluetoothAdapter(25429): 1108510848: getState() :  mService = null. Returning STATE_OFF
07-11 13:41:16.445 W/Settings(25429): Setting airplane_mode_on has moved from android.provider.Settings.System to android.provider.Settings.Global, returning read-only value.
07-11 13:41:16.461 D/dalvikvm(25429): GC_CONCURRENT freed 441K, 6% free 9697K/10224K, paused 3ms+4ms, total 72ms
07-11 13:41:24.867 W/MountService(  374): getVolumeState(/storage/emulated/0/external_sd): Unknown volume
07-11 13:41:24.867 W/MountService(  374): getVolumeState(/mnt/sdcard-ext): Unknown volume
07-11 13:41:24.867 W/MountService(  374): getVolumeState(/mnt/ext_sdcard): Unknown volume
07-11 13:41:24.867 W/MountService(  374): getVolumeState(/mnt/sdcard2): Unknown volume
07-11 13:41:24.867 W/MountService(  374): getVolumeState(/mnt/emmc): Unknown volume
07-11 13:41:24.875 W/MountService(  374): getVolumeState(/mnt/extSdCard): Unknown volume
07-11 13:41:24.875 W/MountService(  374): getVolumeState(/mnt/sdcard/SD_CARD): Unknown volume
07-11 13:41:24.875 W/MountService(  374): getVolumeState(/mnt/sdcard/extra_sd): Unknown volume
07-11 13:41:24.883 W/MountService(  374): getVolumeState(/mnt/extrasd_bind): Unknown volume
07-11 13:41:24.883 W/MountService(  374): getVolumeState(/mnt/sdcard/ext_sd): Unknown volume
07-11 13:41:24.883 W/MountService(  374): getVolumeState(/storage/extSdCard): Unknown volume
07-11 13:41:24.883 W/MountService(  374): getVolumeState(/storage/sdcard1): Unknown volume
07-11 13:41:24.883 W/MountService(  374): getVolumeState(/mnt/sdcard/external_SD): Unknown volume
07-11 13:41:24.883 W/MountService(  374): getVolumeState(/mnt/sdcard/external_sd): Unknown volume
07-11 13:41:24.953 D/dalvikvm( 1736): GC_CONCURRENT freed 499K, 21% free 9542K/12000K, paused 4ms+6ms, total 67ms
07-11 13:41:25.226 D/dalvikvm(  374): GC_CONCURRENT freed 3304K, 27% free 22530K/30824K, paused 5ms+14ms, total 187ms
07-11 13:41:25.320 W/MountService(  374): getVolumeState(/storage/emulated/0/external_sd): Unknown volume
07-11 13:41:25.320 W/MountService(  374): getVolumeState(/mnt/sdcard-ext): Unknown volume
07-11 13:41:25.320 W/MountService(  374): getVolumeState(/mnt/ext_sdcard): Unknown volume
07-11 13:41:25.320 W/MountService(  374): getVolumeState(/mnt/sdcard2): Unknown volume
07-11 13:41:25.328 W/MountService(  374): getVolumeState(/mnt/emmc): Unknown volume
07-11 13:41:25.328 W/MountService(  374): getVolumeState(/mnt/extSdCard): Unknown volume
07-11 13:41:25.328 W/MountService(  374): getVolumeState(/mnt/sdcard/SD_CARD): Unknown volume
07-11 13:41:25.328 W/MountService(  374): getVolumeState(/mnt/sdcard/extra_sd): Unknown volume
07-11 13:41:25.328 W/MountService(  374): getVolumeState(/mnt/extrasd_bind): Unknown volume
07-11 13:41:25.328 W/MountService(  374): getVolumeState(/mnt/sdcard/ext_sd): Unknown volume
07-11 13:41:25.336 W/MountService(  374): getVolumeState(/storage/extSdCard): Unknown volume
07-11 13:41:25.336 W/MountService(  374): getVolumeState(/storage/sdcard1): Unknown volume
07-11 13:41:25.344 W/MountService(  374): getVolumeState(/mnt/sdcard/external_SD): Unknown volume
07-11 13:41:25.351 D/dalvikvm( 1736): GC_CONCURRENT freed 530K, 21% free 9514K/12000K, paused 4ms+4ms, total 57ms
07-11 13:41:25.351 D/dalvikvm( 1736): WAIT_FOR_CONCURRENT_GC blocked 14ms
07-11 13:41:25.351 W/MountService(  374): getVolumeState(/mnt/sdcard/external_sd): Unknown volume
07-11 13:41:30.969 D/dalvikvm(  833): GC_EXPLICIT freed 272K, 18% free 12816K/15584K, paused 7ms+12ms, total 98ms
07-11 13:41:30.969 D/dalvikvm(  833): WAIT_FOR_CONCURRENT_GC blocked 92ms
07-11 13:41:31.054 D/dalvikvm(  833): GC_EXPLICIT freed 27K, 18% free 12789K/15584K, paused 10ms+7ms, total 86ms
07-11 13:41:31.054 D/dalvikvm(  833): WAIT_FOR_CONCURRENT_GC blocked 81ms
07-11 13:41:31.133 D/dalvikvm(  833): GC_EXPLICIT freed <1K, 18% free 12789K/15584K, paused 7ms+6ms, total 77ms
07-11 13:41:32.336 D/dalvikvm( 3259): GC_FOR_ALLOC freed 2141K, 31% free 17922K/25748K, paused 55ms, total 56ms
07-11 13:41:33.164 W/ResponseProcessCookies(25010): Invalid cookie header: "Set-Cookie: BAIDUID=822FA3F613F3617FDE1EBA9C7F5EFF29:FG=1; max-age=31536000; expires=Sat, 11-Jul-15 05:41:33 GMT; domain=.baidu.com; path=/; version=1". Unable to parse expires attribute: Sat
07-11 13:41:33.179 W/ResponseProcessCookies(25010): Invalid cookie header: "Set-Cookie: NBID=822FA3F613F3617F6CE2AB80942E7F8F:FG=1; max-age=2592000; expires=Sun, 10-Aug-14 05:41:33 GMT; domain=.baidu.com; path=/; version=1". Unable to parse expires attribute: Sun
07-11 13:41:33.289 W/ResponseProcessCookies(25010): Invalid cookie header: "Set-Cookie: BAIDUID=822FA3F613F3617F7C3FC58BAC7CDD8B:FG=1; max-age=31536000; expires=Sat, 11-Jul-15 05:41:33 GMT; domain=.baidu.com; path=/; version=1". Unable to parse expires attribute: Sat
07-11 13:41:33.297 W/ResponseProcessCookies(25010): Invalid cookie header: "Set-Cookie: NBID=822FA3F613F3617F90EB538DB473B951:FG=1; max-age=2592000; expires=Sun, 10-Aug-14 05:41:33 GMT; domain=.baidu.com; path=/; version=1". Unable to parse expires attribute: Sun
07-11 13:41:33.429 D/dalvikvm(25010): GC_CONCURRENT freed 401K, 5% free 10139K/10648K, paused 13ms+3ms, total 63ms
07-11 13:41:33.429 D/dalvikvm(25010): WAIT_FOR_CONCURRENT_GC blocked 7ms
07-11 13:41:37.265 D/LightsService(  374): Excessive delay setting light: 67ms
07-11 13:41:39.078 D/LightsService(  374): Excessive delay setting light: 66ms
07-11 13:41:47.781 W/Settings(25429): Setting airplane_mode_on has moved from android.provider.Settings.System to android.provider.Settings.Global, returning read-only value.
07-11 13:41:47.781 W/Settings(25429): Setting mobile_data has moved from android.provider.Settings.Secure to android.provider.Settings.Global.
07-11 13:41:47.781 D/BluetoothAdapter(25429): 1108510848: getState() :  mService = null. Returning STATE_OFF
07-11 13:41:47.781 W/Settings(25429): Setting airplane_mode_on has moved from android.provider.Settings.System to android.provider.Settings.Global, returning read-only value.
07-11 13:42:01.039 D/mdm_log ( 3259): [null:-1]->read buffer is -1 , download done
07-11 13:42:01.109 D/mdm_log ( 3259): [null:-1]->file download complete! url is/storage/emulated/0/MDM/download/commojimjweather.apk
07-11 13:42:01.156 D/ypy     ( 3259): [null:-1]-> ================ checkDownLoadStatus status is 3
07-11 13:42:01.156 D/ypy     ( 3259): [null:-1]-> ================ checkDownLoadStatus status is 3
07-11 13:42:01.164 D/ypy     ( 3259): [null:-1]-> ================ checkDownLoadStatus status is 3
07-11 13:42:01.648 D/LightsService(  374): Excessive delay setting light: 67ms
07-11 13:42:07.617 D/LightsService(  374): Excessive delay setting light: 67ms
07-11 13:42:09.375 I/ActivityManager(  374): START u0 {act=android.intent.action.VIEW dat=file:///storage/emulated/0/MDM/download/commojimjweather.apk typ=application/vnd.android.package-archive flg=0x10000000 cmp=com.android.packageinstaller/.PackageInstallerActivity} from pid 3259
07-11 13:42:09.461 D/MdmApplication( 3259): [null:-1]->onActivityPaused market.activity.AppDetailActivity , mActivityCount = 2
07-11 13:42:09.461 D/MDM :   ( 3259): [null:-1]->query
07-11 13:42:09.461 D/MDM :   ( 3259): [null:-1]->QUERY_PINCODE_CHECK_RESULT
07-11 13:42:09.461 E/Mdm     ( 3259): Call Mdm service's setLastExitTime function
07-11 13:42:09.695 D/dalvikvm(26400): GC_CONCURRENT freed 136K, 2% free 9499K/9672K, paused 3ms+4ms, total 34ms
07-11 13:42:09.695 D/dalvikvm(26400): WAIT_FOR_CONCURRENT_GC blocked 9ms
07-11 13:42:09.804 D/dalvikvm(26400): GC_CONCURRENT freed 455K, 6% free 9534K/10040K, paused 3ms+4ms, total 32ms
07-11 13:42:09.804 D/dalvikvm(26400): WAIT_FOR_CONCURRENT_GC blocked 14ms
07-11 13:42:09.844 D/dalvikvm(26400): GC_FOR_ALLOC freed 50K, 5% free 9590K/10040K, paused 26ms, total 27ms
07-11 13:42:09.844 I/dalvikvm-heap(26400): Grow heap (frag case) to 9.522MB for 129040-byte allocation
07-11 13:42:09.867 D/dalvikvm(26400): GC_FOR_ALLOC freed 62K, 6% free 9654K/10168K, paused 23ms, total 23ms
07-11 13:42:09.898 D/dalvikvm(26400): GC_FOR_ALLOC freed <1K, 6% free 9654K/10168K, paused 26ms, total 26ms
07-11 13:42:09.906 I/dalvikvm-heap(26400): Grow heap (frag case) to 9.709MB for 260112-byte allocation
07-11 13:42:09.929 D/dalvikvm(26400): GC_FOR_ALLOC freed 126K, 7% free 9782K/10424K, paused 25ms, total 25ms
07-11 13:42:09.969 D/dalvikvm(26400): GC_FOR_ALLOC freed 311K, 7% free 9771K/10424K, paused 24ms, total 25ms
07-11 13:42:09.992 D/dalvikvm(26400): GC_FOR_ALLOC freed 62K, 6% free 9835K/10424K, paused 25ms, total 25ms
07-11 13:42:09.992 I/dalvikvm-heap(26400): Grow heap (frag case) to 9.886MB for 260112-byte allocation
07-11 13:42:10.023 D/dalvikvm(26400): GC_FOR_ALLOC freed 126K, 7% free 9963K/10680K, paused 24ms, total 24ms
07-11 13:42:10.062 D/dalvikvm(26400): GC_CONCURRENT freed 369K, 7% free 10015K/10680K, paused 3ms+4ms, total 29ms
07-11 13:42:10.062 D/dalvikvm(26400): WAIT_FOR_CONCURRENT_GC blocked 23ms
07-11 13:42:10.094 D/dalvikvm(26400): GC_FOR_ALLOC freed 126K, 6% free 10143K/10680K, paused 32ms, total 32ms
07-11 13:42:10.219 D/dalvikvm(26400): GC_CONCURRENT freed 324K, 4% free 10332K/10692K, paused 4ms+3ms, total 35ms
07-11 13:42:10.219 D/dalvikvm(26400): WAIT_FOR_CONCURRENT_GC blocked 6ms
07-11 13:42:10.312 D/dalvikvm(26400): GC_CONCURRENT freed 113K, 2% free 10730K/10880K, paused 7ms+3ms, total 35ms
07-11 13:42:10.312 D/dalvikvm(26400): WAIT_FOR_CONCURRENT_GC blocked 7ms
07-11 13:42:10.414 D/dalvikvm(26400): GC_CONCURRENT freed 134K, 2% free 11206K/11376K, paused 2ms+3ms, total 34ms
07-11 13:42:10.414 D/dalvikvm(26400): WAIT_FOR_CONCURRENT_GC blocked 12ms
07-11 13:42:10.570 D/dalvikvm(26400): GC_CONCURRENT freed 568K, 6% free 11403K/12008K, paused 2ms+3ms, total 36ms
07-11 13:42:10.570 D/dalvikvm(26400): WAIT_FOR_CONCURRENT_GC blocked 15ms
07-11 13:42:10.711 D/dalvikvm(26400): GC_CONCURRENT freed 187K, 2% free 12048K/12272K, paused 2ms+3ms, total 43ms
07-11 13:42:10.711 D/dalvikvm(26400): WAIT_FOR_CONCURRENT_GC blocked 22ms
07-11 13:42:10.890 I/AppSecurityPermissions(26400): Ignoring unknown permission:android.permission.RECEIVE_USER_PRESENT
07-11 13:42:10.906 I/AppSecurityPermissions(26400): Ignoring unknown permission:getui.permission.GetuiService
07-11 13:42:11.086 D/dalvikvm(26400): GC_CONCURRENT freed 748K, 7% free 12259K/13044K, paused 4ms+24ms, total 58ms
07-11 13:42:11.586 I/ActivityManager(  374): Displayed com.android.packageinstaller/.PackageInstallerActivity: +2s106ms
07-11 13:42:14.476 I/ActivityManager(  374): START u0 {dat=file:///storage/emulated/0/MDM/download/commojimjweather.apk cmp=com.android.packageinstaller/.InstallAppProgress (has extras)} from pid 26400
07-11 13:42:14.625 D/dalvikvm(  374): GC_FOR_ALLOC freed 2358K, 29% free 22122K/30824K, paused 109ms, total 109ms
07-11 13:42:14.703 I/EntropyMixer(  374): Writing entropy...
07-11 13:42:14.773 W/ActivityManager(  374): No content provider found for permission revoke: file:///storage/emulated/0/MDM/download/commojimjweather.apk
07-11 13:42:14.781 D/Finsky  (26529): [1] PackageVerificationReceiver.onReceive: Verification requested, id = 7
07-11 13:42:14.804 D/Finsky  (26529): [1] WorkerTask.onPreExecute: Verification Requested for id = 7, data=file:///storage/emulated/0/MDM/download/commojimjweather.apk flags=16 fromVerificationActivity=false
07-11 13:42:14.922 I/ActivityManager(  374): Displayed com.android.packageinstaller/.InstallAppProgress: +277ms
07-11 13:42:15.140 D/dalvikvm(26529): GC_CONCURRENT freed 524K, 6% free 9385K/9952K, paused 3ms+5ms, total 38ms
07-11 13:42:15.234 D/dalvikvm(26529): GC_CONCURRENT freed 168K, 3% free 9728K/9952K, paused 3ms+4ms, total 36ms
07-11 13:42:15.234 D/dalvikvm(26529): WAIT_FOR_CONCURRENT_GC blocked 11ms
07-11 13:42:15.336 D/dalvikvm(26529): GC_FOR_ALLOC freed 258K, 4% free 9825K/10172K, paused 24ms, total 25ms
07-11 13:42:15.375 D/dalvikvm(26529): GC_FOR_ALLOC freed 62K, 4% free 9889K/10300K, paused 23ms, total 23ms
07-11 13:42:15.375 I/dalvikvm-heap(26529): Grow heap (frag case) to 9.937MB for 260112-byte allocation
07-11 13:42:15.398 D/dalvikvm(26529): GC_FOR_ALLOC freed 126K, 6% free 10017K/10556K, paused 26ms, total 26ms
07-11 13:42:15.445 D/dalvikvm(26529): GC_FOR_ALLOC freed 311K, 6% free 10006K/10556K, paused 25ms, total 26ms
07-11 13:42:15.476 D/dalvikvm(26529): GC_FOR_ALLOC freed 62K, 5% free 10070K/10556K, paused 24ms, total 24ms
07-11 13:42:15.476 I/dalvikvm-heap(26529): Grow heap (frag case) to 10.114MB for 260112-byte allocation
07-11 13:42:15.500 D/dalvikvm(26529): GC_FOR_ALLOC freed 126K, 6% free 10198K/10812K, paused 28ms, total 28ms
07-11 13:42:15.539 D/dalvikvm(26529): GC_CONCURRENT freed 369K, 6% free 10250K/10812K, paused 3ms+3ms, total 28ms
07-11 13:42:15.539 D/dalvikvm(26529): WAIT_FOR_CONCURRENT_GC blocked 22ms
07-11 13:42:15.570 D/dalvikvm(26529): GC_FOR_ALLOC freed 126K, 5% free 10378K/10812K, paused 23ms, total 24ms
07-11 13:42:15.570 I/dalvikvm-heap(26529): Grow heap (frag case) to 10.342MB for 184156-byte allocation
07-11 13:42:15.594 D/dalvikvm(26529): GC_FOR_ALLOC freed 0K, 4% free 10558K/10992K, paused 29ms, total 29ms
07-11 13:42:15.765 D/dalvikvm(26529): GC_CONCURRENT freed 372K, 4% free 10733K/11140K, paused 2ms+4ms, total 32ms
07-11 13:42:15.765 D/dalvikvm(26529): WAIT_FOR_CONCURRENT_GC blocked 8ms
07-11 13:42:15.867 D/dalvikvm(26529): GC_CONCURRENT freed 128K, 2% free 11213K/11376K, paused 3ms+4ms, total 39ms
07-11 13:42:15.867 D/dalvikvm(26529): WAIT_FOR_CONCURRENT_GC blocked 12ms
07-11 13:42:16.000 D/dalvikvm(26529): GC_CONCURRENT freed 324K, 3% free 11657K/12016K, paused 6ms+3ms, total 46ms
07-11 13:42:16.000 D/dalvikvm(26529): WAIT_FOR_CONCURRENT_GC blocked 13ms
07-11 13:42:16.179 D/dalvikvm(26529): GC_CONCURRENT freed 407K, 4% free 12166K/12608K, paused 3ms+4ms, total 53ms
07-11 13:42:16.179 D/dalvikvm(26529): WAIT_FOR_CONCURRENT_GC blocked 26ms
07-11 13:42:16.422 D/dalvikvm(26529): GC_CONCURRENT freed 1204K, 10% free 12041K/13284K, paused 6ms+6ms, total 80ms
07-11 13:42:16.422 D/dalvikvm(26529): WAIT_FOR_CONCURRENT_GC blocked 21ms
07-11 13:42:17.078 D/dalvikvm(26529): GC_CONCURRENT freed 1029K, 10% free 12048K/13284K, paused 2ms+4ms, total 48ms
07-11 13:42:17.078 D/dalvikvm(26529): WAIT_FOR_CONCURRENT_GC blocked 36ms
07-11 13:42:17.211 D/dalvikvm(26529): GC_CONCURRENT freed 1036K, 10% free 12055K/13284K, paused 3ms+3ms, total 54ms
07-11 13:42:17.211 D/dalvikvm(26529): WAIT_FOR_CONCURRENT_GC blocked 39ms
07-11 13:42:17.344 D/dalvikvm(26529): GC_CONCURRENT freed 1036K, 10% free 12060K/13284K, paused 4ms+3ms, total 51ms
07-11 13:42:17.344 D/dalvikvm(26529): WAIT_FOR_CONCURRENT_GC blocked 38ms
07-11 13:42:17.476 D/dalvikvm(26529): GC_CONCURRENT freed 1046K, 10% free 12061K/13284K, paused 3ms+3ms, total 48ms
07-11 13:42:17.476 D/dalvikvm(26529): WAIT_FOR_CONCURRENT_GC blocked 31ms
07-11 13:42:17.633 D/dalvikvm(26529): GC_CONCURRENT freed 1037K, 10% free 12067K/13284K, paused 3ms+5ms, total 71ms
07-11 13:42:17.633 D/dalvikvm(26529): WAIT_FOR_CONCURRENT_GC blocked 54ms
07-11 13:42:17.804 D/dalvikvm(26529): GC_CONCURRENT freed 1038K, 10% free 12079K/13284K, paused 3ms+3ms, total 51ms
07-11 13:42:17.804 D/dalvikvm(26529): WAIT_FOR_CONCURRENT_GC blocked 31ms
07-11 13:42:17.984 D/dalvikvm(26529): GC_CONCURRENT freed 1047K, 10% free 12081K/13284K, paused 2ms+3ms, total 53ms
07-11 13:42:17.984 D/dalvikvm(26529): WAIT_FOR_CONCURRENT_GC blocked 20ms
07-11 13:42:18.109 D/dalvikvm(26529): GC_CONCURRENT freed 1037K, 9% free 12095K/13284K, paused 3ms+3ms, total 49ms
07-11 13:42:18.109 D/dalvikvm(26529): WAIT_FOR_CONCURRENT_GC blocked 39ms
07-11 13:42:18.234 D/dalvikvm(26529): GC_CONCURRENT freed 1055K, 9% free 12101K/13284K, paused 3ms+3ms, total 49ms
07-11 13:42:18.234 D/dalvikvm(26529): WAIT_FOR_CONCURRENT_GC blocked 35ms
07-11 13:42:18.359 D/dalvikvm(26529): GC_CONCURRENT freed 1054K, 9% free 12107K/13284K, paused 3ms+4ms, total 51ms
07-11 13:42:18.359 D/dalvikvm(26529): WAIT_FOR_CONCURRENT_GC blocked 38ms
07-11 13:42:18.492 D/dalvikvm(26529): GC_CONCURRENT freed 1054K, 9% free 12112K/13284K, paused 3ms+4ms, total 49ms
07-11 13:42:18.492 D/dalvikvm(26529): WAIT_FOR_CONCURRENT_GC blocked 33ms
07-11 13:42:18.625 D/dalvikvm(26529): GC_CONCURRENT freed 1063K, 9% free 12110K/13284K, paused 3ms+3ms, total 53ms
07-11 13:42:18.625 D/dalvikvm(26529): WAIT_FOR_CONCURRENT_GC blocked 33ms
07-11 13:42:18.789 D/dalvikvm(26529): GC_CONCURRENT freed 1055K, 9% free 12116K/13284K, paused 4ms+3ms, total 51ms
07-11 13:42:18.789 D/dalvikvm(26529): WAIT_FOR_CONCURRENT_GC blocked 38ms
07-11 13:42:18.898 D/dalvikvm(26529): GC_CONCURRENT freed 1057K, 9% free 12127K/13284K, paused 3ms+4ms, total 50ms
07-11 13:42:18.898 D/dalvikvm(26529): WAIT_FOR_CONCURRENT_GC blocked 32ms
07-11 13:42:19.031 D/dalvikvm(26529): GC_CONCURRENT freed 1053K, 9% free 12143K/13284K, paused 4ms+3ms, total 54ms
07-11 13:42:19.031 D/dalvikvm(26529): WAIT_FOR_CONCURRENT_GC blocked 25ms
07-11 13:42:19.078 D/GCM     (  647): Ignoring attempt to send heartbeat on dead connection.
07-11 13:42:19.187 W/Settings(25429): Setting airplane_mode_on has moved from android.provider.Settings.System to android.provider.Settings.Global, returning read-only value.
07-11 13:42:19.187 W/Settings(25429): Setting mobile_data has moved from android.provider.Settings.Secure to android.provider.Settings.Global.
07-11 13:42:19.187 D/BluetoothAdapter(25429): 1108510848: getState() :  mService = null. Returning STATE_OFF
07-11 13:42:19.187 W/Settings(25429): Setting airplane_mode_on has moved from android.provider.Settings.System to android.provider.Settings.Global, returning read-only value.
07-11 13:42:19.203 W/Settings(25429): Setting airplane_mode_on has moved from android.provider.Settings.System to android.provider.Settings.Global, returning read-only value.
07-11 13:42:19.203 W/Settings(25429): Setting mobile_data has moved from android.provider.Settings.Secure to android.provider.Settings.Global.
07-11 13:42:19.203 D/BluetoothAdapter(25429): 1108510848: getState() :  mService = null. Returning STATE_OFF
07-11 13:42:19.203 W/Settings(25429): Setting airplane_mode_on has moved from android.provider.Settings.System to android.provider.Settings.Global, returning read-only value.
07-11 13:42:19.219 W/Settings(25429): Setting airplane_mode_on has moved from android.provider.Settings.System to android.provider.Settings.Global, returning read-only value.
07-11 13:42:19.219 W/Settings(25429): Setting mobile_data has moved from android.provider.Settings.Secure to android.provider.Settings.Global.
07-11 13:42:19.226 D/BluetoothAdapter(25429): 1108510848: getState() :  mService = null. Returning STATE_OFF
07-11 13:42:19.226 W/Settings(25429): Setting airplane_mode_on has moved from android.provider.Settings.System to android.provider.Settings.Global, returning read-only value.
07-11 13:42:19.226 D/dalvikvm(26529): GC_CONCURRENT freed 1065K, 9% free 12148K/13284K, paused 3ms+20ms, total 130ms
07-11 13:42:19.226 D/dalvikvm(26529): WAIT_FOR_CONCURRENT_GC blocked 39ms
07-11 13:42:19.351 D/dalvikvm(26529): GC_CONCURRENT freed 1057K, 9% free 12164K/13284K, paused 3ms+4ms, total 51ms
07-11 13:42:19.351 D/dalvikvm(26529): WAIT_FOR_CONCURRENT_GC blocked 29ms
07-11 13:42:19.476 D/dalvikvm(26529): GC_CONCURRENT freed 1068K, 9% free 12170K/13284K, paused 2ms+3ms, total 48ms
07-11 13:42:19.476 D/dalvikvm(26529): WAIT_FOR_CONCURRENT_GC blocked 38ms
07-11 13:42:24.820 I/PackageManager(  374): Verification timed out for file:///storage/emulated/0/MDM/download/commojimjweather.apk
07-11 13:42:24.820 I/PackageManager(  374): Continuing with installation of file:///storage/emulated/0/MDM/download/commojimjweather.apk
07-11 13:42:24.844 D/Finsky  (26529): [1] PackageVerificationReceiver.onReceive: Verification requested, id = 7
07-11 13:42:24.851 D/Finsky  (26529): [1] PackageVerificationService.cancelVerificationIntent: Cancel active verification id=7
07-11 13:42:24.890 W/MountService(  374): getVolumeState(/storage/emulated/0/external_sd): Unknown volume
07-11 13:42:24.890 W/MountService(  374): getVolumeState(/mnt/sdcard-ext): Unknown volume
07-11 13:42:24.898 W/MountService(  374): getVolumeState(/mnt/ext_sdcard): Unknown volume
07-11 13:42:24.898 W/MountService(  374): getVolumeState(/mnt/sdcard2): Unknown volume
07-11 13:42:24.898 W/MountService(  374): getVolumeState(/mnt/emmc): Unknown volume
07-11 13:42:24.898 W/MountService(  374): getVolumeState(/mnt/extSdCard): Unknown volume
07-11 13:42:24.898 W/MountService(  374): getVolumeState(/mnt/sdcard/SD_CARD): Unknown volume
07-11 13:42:24.898 W/MountService(  374): getVolumeState(/mnt/sdcard/extra_sd): Unknown volume
07-11 13:42:24.898 W/MountService(  374): getVolumeState(/mnt/extrasd_bind): Unknown volume
07-11 13:42:24.906 W/MountService(  374): getVolumeState(/mnt/sdcard/ext_sd): Unknown volume
07-11 13:42:24.906 W/MountService(  374): getVolumeState(/storage/extSdCard): Unknown volume
07-11 13:42:24.914 W/MountService(  374): getVolumeState(/storage/sdcard1): Unknown volume
07-11 13:42:24.914 W/MountService(  374): getVolumeState(/mnt/sdcard/external_SD): Unknown volume
07-11 13:42:24.914 W/MountService(  374): getVolumeState(/mnt/sdcard/external_sd): Unknown volume
07-11 13:42:24.945 D/dalvikvm( 1736): GC_CONCURRENT freed 487K, 21% free 9534K/12000K, paused 5ms+3ms, total 60ms
07-11 13:42:24.945 D/dalvikvm( 1736): WAIT_FOR_CONCURRENT_GC blocked 26ms
07-11 13:42:24.945 D/dalvikvm( 1736): WAIT_FOR_CONCURRENT_GC blocked 20ms
07-11 13:42:25.265 D/dalvikvm( 1736): GC_CONCURRENT freed 461K, 21% free 9531K/12000K, paused 5ms+5ms, total 90ms
07-11 13:42:25.297 W/MountService(  374): getVolumeState(/storage/emulated/0/external_sd): Unknown volume
07-11 13:42:25.297 W/MountService(  374): getVolumeState(/mnt/sdcard-ext): Unknown volume
07-11 13:42:25.297 W/MountService(  374): getVolumeState(/mnt/ext_sdcard): Unknown volume
07-11 13:42:25.297 W/MountService(  374): getVolumeState(/mnt/sdcard2): Unknown volume
07-11 13:42:25.304 W/MountService(  374): getVolumeState(/mnt/emmc): Unknown volume
07-11 13:42:25.304 W/MountService(  374): getVolumeState(/mnt/extSdCard): Unknown volume
07-11 13:42:25.304 W/MountService(  374): getVolumeState(/mnt/sdcard/SD_CARD): Unknown volume
07-11 13:42:25.304 W/MountService(  374): getVolumeState(/mnt/sdcard/extra_sd): Unknown volume
07-11 13:42:25.304 W/MountService(  374): getVolumeState(/mnt/extrasd_bind): Unknown volume
07-11 13:42:25.304 W/MountService(  374): getVolumeState(/mnt/sdcard/ext_sd): Unknown volume
07-11 13:42:25.312 W/MountService(  374): getVolumeState(/storage/extSdCard): Unknown volume
07-11 13:42:25.312 W/MountService(  374): getVolumeState(/storage/sdcard1): Unknown volume
07-11 13:42:25.312 W/MountService(  374): getVolumeState(/mnt/sdcard/external_SD): Unknown volume
07-11 13:42:25.312 W/MountService(  374): getVolumeState(/mnt/sdcard/external_sd): Unknown volume
07-11 13:42:25.609 W/ActivityManager(  374): No content provider found for permission revoke: file:///storage/emulated/0/MDM/download/commojimjweather.apk
07-11 13:42:25.609 I/PackageManager(  374): Copying native libraries to /data/app-lib/vmdl877114482
07-11 13:42:25.625 D/dalvikvm( 1736): GC_CONCURRENT freed 516K, 22% free 9476K/12000K, paused 4ms+3ms, total 38ms
07-11 13:42:26.164 D/dalvikvm(  374): GC_CONCURRENT freed 2039K, 25% free 23362K/30824K, paused 7ms+11ms, total 118ms
07-11 13:42:26.164 D/dalvikvm(  374): WAIT_FOR_CONCURRENT_GC blocked 108ms
07-11 13:42:26.679 D/dalvikvm(  374): GC_CONCURRENT freed 1812K, 19% free 25167K/30824K, paused 4ms+11ms, total 132ms
07-11 13:42:26.679 D/dalvikvm(  374): WAIT_FOR_CONCURRENT_GC blocked 45ms
07-11 13:42:26.679 D/dalvikvm(  374): WAIT_FOR_CONCURRENT_GC blocked 114ms
07-11 13:42:27.195 D/MdmService( 3259): [null:-1]->receiver action :com.pekall.mdm.action.MDM_ALARM
07-11 13:42:27.203 D/MdmService( 3259): [null:-1]->keepAliveWithPushServer client is opened:true
07-11 13:42:27.203 D/MDM :   ( 3259): [null:-1]->ping!!!!!!!!!
07-11 13:42:27.203 D/MdmService( 3259): [null:-1]->pushUrl : ws://192.168.10.91:9070/websocket
07-11 13:42:27.203 D/MDM :   ( 3259): [null:-1]->mMdmPushClient is :not null
07-11 13:42:27.203 D/MDM :   ( 3259): [null:-1]->mMdmPushClient opened : opened
07-11 13:42:27.234 D/MDM :   ( 3259): [null:-1]->MSG_WEBSOCKET_PONG
07-11 13:42:27.734 D/dalvikvm(  374): GC_CONCURRENT freed 3873K, 18% free 25363K/30824K, paused 4ms+11ms, total 148ms
07-11 13:42:27.734 D/dalvikvm(  374): WAIT_FOR_CONCURRENT_GC blocked 85ms
07-11 13:42:27.734 D/dalvikvm(  374): WAIT_FOR_CONCURRENT_GC blocked 134ms
07-11 13:42:27.812 W/Settings(25429): Setting airplane_mode_on has moved from android.provider.Settings.System to android.provider.Settings.Global, returning read-only value.
07-11 13:42:27.812 W/Settings(25429): Setting mobile_data has moved from android.provider.Settings.Secure to android.provider.Settings.Global.
07-11 13:42:27.812 D/BluetoothAdapter(25429): 1108510848: getState() :  mService = null. Returning STATE_OFF
07-11 13:42:27.812 W/Settings(25429): Setting airplane_mode_on has moved from android.provider.Settings.System to android.provider.Settings.Global, returning read-only value.
07-11 13:42:27.820 W/Settings(25429): Setting airplane_mode_on has moved from android.provider.Settings.System to android.provider.Settings.Global, returning read-only value.
07-11 13:42:27.820 W/Settings(25429): Setting mobile_data has moved from android.provider.Settings.Secure to android.provider.Settings.Global.
07-11 13:42:27.820 D/BluetoothAdapter(25429): 1108510848: getState() :  mService = null. Returning STATE_OFF
07-11 13:42:27.820 W/Settings(25429): Setting airplane_mode_on has moved from android.provider.Settings.System to android.provider.Settings.Global, returning read-only value.
07-11 13:42:28.242 D/dalvikvm(  374): GC_CONCURRENT freed 4090K, 18% free 25388K/30824K, paused 5ms+11ms, total 137ms
07-11 13:42:28.242 D/dalvikvm(  374): WAIT_FOR_CONCURRENT_GC blocked 108ms
07-11 13:42:28.703 D/dalvikvm(  374): GC_CONCURRENT freed 4096K, 18% free 25412K/30824K, paused 5ms+11ms, total 137ms
07-11 13:42:28.703 D/dalvikvm(  374): WAIT_FOR_CONCURRENT_GC blocked 112ms
07-11 13:42:29.117 D/dalvikvm(  374): GC_CONCURRENT freed 4093K, 18% free 25449K/30824K, paused 5ms+11ms, total 137ms
07-11 13:42:29.117 D/dalvikvm(  374): WAIT_FOR_CONCURRENT_GC blocked 121ms
07-11 13:42:29.531 D/dalvikvm(  374): GC_CONCURRENT freed 4095K, 18% free 25495K/30824K, paused 4ms+12ms, total 137ms
07-11 13:42:29.531 D/dalvikvm(  374): WAIT_FOR_CONCURRENT_GC blocked 117ms
07-11 13:42:29.726 I/PackageManager(  374): Running dexopt on: com.moji.mjweather
07-11 13:42:31.015 D/dalvikvm(27141): DexOpt: 'Landroid/net/http/SslError;' has an earlier definition; blocking out
07-11 13:42:31.125 W/dalvikvm(27141): method Lcom/actionbarsherlock/internal/widget/IcsLinearLayout;.drawDividersHorizontal incorrectly overrides package-private method with same name in Landroid/widget/LinearLayout;
07-11 13:42:31.125 W/dalvikvm(27141): method Lcom/actionbarsherlock/internal/widget/IcsLinearLayout;.drawDividersVertical incorrectly overrides package-private method with same name in Landroid/widget/LinearLayout;
07-11 13:42:31.125 W/dalvikvm(27141): method Lcom/actionbarsherlock/internal/widget/IcsLinearLayout;.drawHorizontalDivider incorrectly overrides package-private method with same name in Landroid/widget/LinearLayout;
07-11 13:42:31.125 W/dalvikvm(27141): method Lcom/actionbarsherlock/internal/widget/IcsLinearLayout;.drawVerticalDivider incorrectly overrides package-private method with same name in Landroid/widget/LinearLayout;
07-11 13:42:31.578 D/dalvikvm(27141): DexOpt: not verifying/optimizing 'Landroid/net/http/SslError;': multiple definitions
07-11 13:42:31.656 D/dalvikvm(27141): DexOpt: load 568ms, verify+opt 79ms, 4232804 bytes
07-11 13:42:31.789 I/ActivityManager(  374): Force stopping package com.moji.mjweather appid=10082 user=-1
07-11 13:42:31.929 W/PackageManager(  374): Not granting permission android.permission.SEND_DOWNLOAD_COMPLETED_INTENTS to package com.google.android.browser (protectionLevel=2 flags=0x89be45)
07-11 13:42:31.929 W/PackageManager(  374): Not granting permission android.permission.WRITE_SECURE_SETTINGS to package com.qihoo360.mobilesafe.opti.powerctl (protectionLevel=50 flags=0x80be44)
07-11 13:42:31.929 W/PackageManager(  374): Unknown permission android.permission.READ_SETTINGS in package com.qihoo360.mobilesafe.opti.powerctl
07-11 13:42:31.929 W/PackageManager(  374): Not granting permission android.permission.READ_LOGS to package com.qihoo360.mobilesafe.opti.powerctl (protectionLevel=50 flags=0x80be44)
07-11 13:42:31.937 W/PackageManager(  374): Not granting permission android.permission.STATUS_BAR to package com.qihoo360.mobilesafe.opti.powerctl (protectionLevel=18 flags=0x80be44)
07-11 13:42:31.937 W/PackageManager(  374): Unknown permission android.permission.ADD_SYSTEM_SERVICE in package com.android.phone
07-11 13:42:31.937 W/PackageManager(  374): Unknown permission com.android.smspush.WAPPUSH_MANAGER_BIND in package com.android.phone
07-11 13:42:31.945 W/PackageManager(  374): Not granting permission android.permission.READ_LOGS to package com.qihoo.root (protectionLevel=50 flags=0x80be44)
07-11 13:42:31.945 W/PackageManager(  374): Not granting permission android.permission.INSTALL_PACKAGES to package com.qihoo.root (protectionLevel=18 flags=0x80be44)
07-11 13:42:31.945 W/PackageManager(  374): Not granting permission android.permission.DELETE_PACKAGES to package com.qihoo.root (protectionLevel=18 flags=0x80be44)
07-11 13:42:31.945 W/PackageManager(  374): Unknown permission com.android.vending.billing.IBillingAccountService.BIND2 in package com.google.android.gsf.login
07-11 13:42:31.945 W/PackageManager(  374): Unknown permission com.android.chrome.TOS_ACKED in package com.google.android.gsf.login
07-11 13:42:31.953 W/PackageManager(  374): Unknown permission com.android.gallery3d.permission.GALLERY_PROVIDER in package com.android.bluetooth
07-11 13:42:31.953 W/PackageManager(  374): Not granting permission android.permission.INSTALL_PACKAGES to package com.mgyapp.android (protectionLevel=18 flags=0x88be44)
07-11 13:42:31.953 W/PackageManager(  374): Not granting permission android.permission.DELETE_PACKAGES to package com.mgyapp.android (protectionLevel=18 flags=0x88be44)
07-11 13:42:31.953 W/PackageManager(  374): Not granting permission android.permission.FORCE_STOP_PACKAGES to package com.mgyapp.android (protectionLevel=2 flags=0x88be44)
07-11 13:42:31.953 W/PackageManager(  374): Not granting permission android.permission.DELETE_CACHE_FILES to package com.mgyapp.android (protectionLevel=18 flags=0x88be44)
07-11 13:42:31.953 W/PackageManager(  374): Not granting permission android.permission.READ_LOGS to package com.mgyapp.android (protectionLevel=50 flags=0x88be44)
07-11 13:42:31.953 W/PackageManager(  374): Not granting permission android.permission.WRITE_SECURE_SETTINGS to package com.mgyapp.android (protectionLevel=50 flags=0x88be44)
07-11 13:42:31.953 W/PackageManager(  374): Unknown permission android.permission.READ_OWNER_DATA in package com.mgyapp.android
07-11 13:42:31.953 W/PackageManager(  374): Unknown permission android.permission.WRITE_OWNER_DATA in package com.mgyapp.android
07-11 13:42:31.953 W/PackageManager(  374): Not granting permission android.permission.ACCESS_CACHE_FILESYSTEM to package com.mgyapp.android (protectionLevel=18 flags=0x88be44)
07-11 13:42:31.953 W/PackageManager(  374): Not granting permission android.permission.WRITE_APN_SETTINGS to package com.mgyapp.android (protectionLevel=18 flags=0x88be44)
07-11 13:42:31.953 W/PackageManager(  374): Not granting permission android.permission.MOUNT_UNMOUNT_FILESYSTEMS to package com.mgyapp.android (protectionLevel=18 flags=0x88be44)
07-11 13:42:31.953 W/PackageManager(  374): Unknown permission android.permission.RECEIVE_USER_PRESENT in package com.mgyapp.android
07-11 13:42:31.953 W/PackageManager(  374): Not granting permission android.permission.MODIFY_PHONE_STATE to package com.qihoo360.mobilesafe (protectionLevel=18 flags=0x88be44)
