07-11 13:42:58.250 D/dalvikvm(26529): GC_FOR_ALLOC freed 119K, 26% free 9930K/13280K, paused 28ms, total 28ms
07-11 13:42:58.250 I/dalvikvm-heap(26529): Grow heap (frag case) to 9.977MB for 260112-byte allocation
07-11 13:42:58.281 D/dalvikvm(26529): GC_FOR_ALLOC freed 126K, 26% free 10058K/13536K, paused 27ms, total 27ms
07-11 13:42:58.320 D/dalvikvm(26529): GC_FOR_ALLOC freed 311K, 26% free 10047K/13536K, paused 28ms, total 28ms
07-11 13:42:58.359 D/dalvikvm(26529): GC_FOR_ALLOC freed 62K, 26% free 10111K/13536K, paused 41ms, total 41ms
07-11 13:42:58.359 I/dalvikvm-heap(26529): Grow heap (frag case) to 10.154MB for 260112-byte allocation
07-11 13:42:58.390 D/dalvikvm(26529): GC_FOR_ALLOC freed 126K, 26% free 10239K/13792K, paused 30ms, total 30ms
07-11 13:42:58.422 D/dalvikvm(26529): GC_FOR_ALLOC freed <1K, 26% free 10239K/13792K, paused 27ms, total 27ms
07-11 13:42:58.422 I/dalvikvm-heap(26529): Grow heap (frag case) to 10.207MB for 184156-byte allocation
07-11 13:42:58.453 D/dalvikvm(26529): GC_FOR_ALLOC freed 255K, 28% free 10164K/13972K, paused 27ms, total 27ms
07-11 13:42:58.492 D/dalvikvm(26529): GC_CONCURRENT freed 240K, 26% free 10419K/13972K, paused 4ms+2ms, total 32ms
07-11 13:42:58.492 D/dalvikvm(26529): WAIT_FOR_CONCURRENT_GC blocked 25ms
07-11 13:42:58.492 I/dalvikvm-heap(26529): Grow heap (frag case) to 10.382MB for 184156-byte allocation
07-11 13:42:58.523 D/dalvikvm(26529): GC_FOR_ALLOC freed <1K, 26% free 10599K/14152K, paused 31ms, total 31ms
07-11 13:42:58.633 D/dalvikvm(26529): GC_CONCURRENT freed 375K, 24% free 10786K/14152K, paused 3ms+5ms, total 39ms
07-11 13:42:58.633 D/dalvikvm(26529): WAIT_FOR_CONCURRENT_GC blocked 9ms
07-11 13:42:58.742 D/dalvikvm(26529): GC_CONCURRENT freed 132K, 21% free 11278K/14152K, paused 3ms+4ms, total 41ms
07-11 13:42:58.742 D/dalvikvm(26529): WAIT_FOR_CONCURRENT_GC blocked 16ms
07-11 13:42:58.867 D/dalvikvm(26529): GC_CONCURRENT freed 530K, 19% free 11535K/14152K, paused 4ms+4ms, total 46ms
07-11 13:42:58.867 D/dalvikvm(26529): WAIT_FOR_CONCURRENT_GC blocked 15ms
07-11 13:42:59.023 D/dalvikvm(26529): GC_CONCURRENT freed 197K, 14% free 12212K/14152K, paused 3ms+5ms, total 51ms
07-11 13:42:59.031 D/dalvikvm(26529): WAIT_FOR_CONCURRENT_GC blocked 30ms
07-11 13:42:59.234 D/dalvikvm(26529): GC_CONCURRENT freed 1223K, 15% free 12089K/14152K, paused 6ms+3ms, total 66ms
07-11 13:42:59.828 D/dalvikvm(26529): GC_CONCURRENT freed 1060K, 15% free 12087K/14152K, paused 3ms+4ms, total 53ms
07-11 13:42:59.836 D/dalvikvm(26529): WAIT_FOR_CONCURRENT_GC blocked 37ms
07-11 13:42:59.937 D/dalvikvm(26529): GC_CONCURRENT freed 1046K, 15% free 12095K/14152K, paused 6ms+3ms, total 51ms
07-11 13:42:59.937 D/dalvikvm(26529): WAIT_FOR_CONCURRENT_GC blocked 36ms
07-11 13:43:00.078 D/dalvikvm(26529): GC_CONCURRENT freed 1062K, 15% free 12092K/14152K, paused 7ms+4ms, total 77ms
07-11 13:43:00.078 D/dalvikvm(26529): WAIT_FOR_CONCURRENT_GC blocked 46ms
07-11 13:43:00.203 D/dalvikvm(26529): GC_CONCURRENT freed 1041K, 15% free 12110K/14152K, paused 3ms+6ms, total 53ms
07-11 13:43:00.203 D/dalvikvm(26529): WAIT_FOR_CONCURRENT_GC blocked 43ms
07-11 13:43:00.320 D/dalvikvm(26529): GC_CONCURRENT freed 1065K, 15% free 12107K/14152K, paused 3ms+4ms, total 55ms
07-11 13:43:00.320 D/dalvikvm(26529): WAIT_FOR_CONCURRENT_GC blocked 40ms
07-11 13:43:00.492 D/dalvikvm(26529): GC_CONCURRENT freed 1048K, 15% free 12120K/14152K, paused 3ms+4ms, total 65ms
07-11 13:43:00.492 D/dalvikvm(26529): WAIT_FOR_CONCURRENT_GC blocked 30ms
07-11 13:43:00.664 D/dalvikvm(26529): GC_CONCURRENT freed 1061K, 15% free 12122K/14152K, paused 3ms+4ms, total 54ms
07-11 13:43:00.664 D/dalvikvm(26529): WAIT_FOR_CONCURRENT_GC blocked 38ms
07-11 13:43:00.781 D/dalvikvm(26529): GC_CONCURRENT freed 1056K, 15% free 12136K/14152K, paused 3ms+10ms, total 56ms
07-11 13:43:00.781 D/dalvikvm(26529): WAIT_FOR_CONCURRENT_GC blocked 47ms
07-11 13:43:00.898 D/dalvikvm(26529): GC_CONCURRENT freed 1066K, 15% free 12142K/14152K, paused 3ms+4ms, total 53ms
07-11 13:43:00.906 D/dalvikvm(26529): WAIT_FOR_CONCURRENT_GC blocked 43ms
07-11 13:43:01.015 D/dalvikvm(26529): GC_CONCURRENT freed 1073K, 15% free 12140K/14152K, paused 3ms+4ms, total 53ms
07-11 13:43:01.015 D/dalvikvm(26529): WAIT_FOR_CONCURRENT_GC blocked 38ms
07-11 13:43:01.117 D/dalvikvm(26529): GC_CONCURRENT freed 1057K, 15% free 12154K/14152K, paused 3ms+3ms, total 52ms
07-11 13:43:01.117 D/dalvikvm(26529): WAIT_FOR_CONCURRENT_GC blocked 42ms
07-11 13:43:01.226 D/dalvikvm(26529): GC_CONCURRENT freed 1082K, 15% free 12152K/14152K, paused 3ms+4ms, total 53ms
07-11 13:43:01.226 D/dalvikvm(26529): WAIT_FOR_CONCURRENT_GC blocked 32ms
07-11 13:43:01.359 D/dalvikvm(26529): GC_CONCURRENT freed 1058K, 15% free 12166K/14152K, paused 3ms+4ms, total 51ms
07-11 13:43:01.359 D/dalvikvm(26529): WAIT_FOR_CONCURRENT_GC blocked 43ms
07-11 13:43:01.476 D/dalvikvm(26529): GC_CONCURRENT freed 1049K, 14% free 12194K/14152K, paused 4ms+4ms, total 61ms
07-11 13:43:01.476 D/dalvikvm(26529): WAIT_FOR_CONCURRENT_GC blocked 49ms
07-11 13:43:01.601 D/dalvikvm(26529): GC_CONCURRENT freed 1093K, 14% free 12193K/14152K, paused 4ms+4ms, total 53ms
07-11 13:43:01.601 D/dalvikvm(26529): WAIT_FOR_CONCURRENT_GC blocked 42ms
07-11 13:43:01.719 D/dalvikvm(26529): GC_CONCURRENT freed 1094K, 14% free 12192K/14152K, paused 4ms+4ms, total 52ms
07-11 13:43:01.719 D/dalvikvm(26529): WAIT_FOR_CONCURRENT_GC blocked 38ms
07-11 13:43:01.844 D/dalvikvm(26529): GC_CONCURRENT freed 1078K, 14% free 12207K/14152K, paused 4ms+4ms, total 56ms
07-11 13:43:01.844 D/dalvikvm(26529): WAIT_FOR_CONCURRENT_GC blocked 33ms
07-11 13:43:01.969 D/dalvikvm(26529): GC_CONCURRENT freed 1099K, 14% free 12205K/14152K, paused 3ms+3ms, total 54ms
07-11 13:43:01.969 D/dalvikvm(26529): WAIT_FOR_CONCURRENT_GC blocked 23ms
07-11 13:43:05.633 D/dalvikvm(26136): GC_CONCURRENT freed 313K, 4% free 9845K/10200K, paused 16ms+2ms, total 55ms
07-11 13:43:07.883 I/PackageManager(  374): Verification timed out for file:///storage/emulated/0/MDM/download/commojimjweather.apk
07-11 13:43:07.883 I/PackageManager(  374): Continuing with installation of file:///storage/emulated/0/MDM/download/commojimjweather.apk
07-11 13:43:07.890 W/Settings(25429): Setting airplane_mode_on has moved from android.provider.Settings.System to android.provider.Settings.Global, returning read-only value.
07-11 13:43:07.890 W/Settings(25429): Setting mobile_data has moved from android.provider.Settings.Secure to android.provider.Settings.Global.
07-11 13:43:07.890 D/BluetoothAdapter(25429): 1108510848: getState() :  mService = null. Returning STATE_OFF
07-11 13:43:07.890 W/Settings(25429): Setting airplane_mode_on has moved from android.provider.Settings.System to android.provider.Settings.Global, returning read-only value.
07-11 13:43:07.898 D/Finsky  (26529): [1] PackageVerificationReceiver.onReceive: Verification requested, id = 8
07-11 13:43:07.906 D/Finsky  (26529): [1] PackageVerificationService.cancelVerificationIntent: Cancel active verification id=8
07-11 13:43:07.929 W/Settings(25429): Setting airplane_mode_on has moved from android.provider.Settings.System to android.provider.Settings.Global, returning read-only value.
07-11 13:43:07.929 W/Settings(25429): Setting mobile_data has moved from android.provider.Settings.Secure to android.provider.Settings.Global.
07-11 13:43:07.929 D/BluetoothAdapter(25429): 1108510848: getState() :  mService = null. Returning STATE_OFF
07-11 13:43:07.929 W/Settings(25429): Setting airplane_mode_on has moved from android.provider.Settings.System to android.provider.Settings.Global, returning read-only value.
07-11 13:43:08.273 W/ActivityManager(  374): No content provider found for permission revoke: file:///storage/emulated/0/MDM/download/commojimjweather.apk
07-11 13:43:08.273 I/PackageManager(  374): Copying native libraries to /data/app-lib/vmdl-2114670861
07-11 13:43:08.804 D/dalvikvm(  374): GC_FOR_ALLOC freed 1821K, 24% free 23657K/30824K, paused 112ms, total 112ms
07-11 13:43:09.375 D/dalvikvm(  374): GC_CONCURRENT freed 1504K, 17% free 25845K/30824K, paused 4ms+9ms, total 135ms
07-11 13:43:09.375 D/dalvikvm(  374): WAIT_FOR_CONCURRENT_GC blocked 114ms
07-11 13:43:10.203 D/dalvikvm(  374): GC_CONCURRENT freed 4603K, 18% free 25479K/30824K, paused 3ms+11ms, total 140ms
07-11 13:43:10.203 D/dalvikvm(  374): WAIT_FOR_CONCURRENT_GC blocked 131ms
07-11 13:43:10.648 D/dalvikvm(  374): GC_CONCURRENT freed 4131K, 18% free 25495K/30824K, paused 5ms+13ms, total 162ms
07-11 13:43:10.648 D/dalvikvm(  374): WAIT_FOR_CONCURRENT_GC blocked 133ms
07-11 13:43:10.648 D/dalvikvm(  374): WAIT_FOR_CONCURRENT_GC blocked 147ms
07-11 13:43:11.031 D/dalvikvm(  374): GC_CONCURRENT freed 4135K, 18% free 25509K/30824K, paused 6ms+14ms, total 157ms
07-11 13:43:11.031 D/dalvikvm(  374): WAIT_FOR_CONCURRENT_GC blocked 136ms
07-11 13:43:11.469 D/dalvikvm(  374): GC_CONCURRENT freed 4112K, 18% free 25552K/30824K, paused 4ms+12ms, total 148ms
07-11 13:43:11.469 D/dalvikvm(  374): WAIT_FOR_CONCURRENT_GC blocked 138ms
07-11 13:43:11.469 D/dalvikvm(  374): WAIT_FOR_CONCURRENT_GC blocked 43ms
07-11 13:43:11.750 I/ActivityManager(  374): Force stopping package com.moji.mjweather appid=10082 user=-1
07-11 13:43:11.883 I/PackageManager(  374): Package com.moji.mjweather codePath changed from /data/app/com.moji.mjweather-1.apk to /data/app/com.moji.mjweather-2.apk; Retaining data and using new
07-11 13:43:12.000 I/PackageManager(  374): Running dexopt on: com.moji.mjweather
07-11 13:43:13.195 D/dalvikvm(27477): DexOpt: 'Landroid/net/http/SslError;' has an earlier definition; blocking out
07-11 13:43:13.312 W/dalvikvm(27477): method Lcom/actionbarsherlock/internal/widget/IcsLinearLayout;.drawDividersHorizontal incorrectly overrides package-private method with same name in Landroid/widget/LinearLayout;
07-11 13:43:13.312 W/dalvikvm(27477): method Lcom/actionbarsherlock/internal/widget/IcsLinearLayout;.drawDividersVertical incorrectly overrides package-private method with same name in Landroid/widget/LinearLayout;
07-11 13:43:13.312 W/dalvikvm(27477): method Lcom/actionbarsherlock/internal/widget/IcsLinearLayout;.drawHorizontalDivider incorrectly overrides package-private method with same name in Landroid/widget/LinearLayout;
07-11 13:43:13.312 W/dalvikvm(27477): method Lcom/actionbarsherlock/internal/widget/IcsLinearLayout;.drawVerticalDivider incorrectly overrides package-private method with same name in Landroid/widget/LinearLayout;
07-11 13:43:13.375 D/PushService(23278): [null:-1]->receiver action :com.pekall.mdm.action.PUSH_ALARM
07-11 13:43:13.383 D/PushService(23278): [null:-1]->keepAliveWithPushServer client is opened:true
07-11 13:43:13.383 D/PushLib : (23278): [null:-1]->ping!!!!!!!!!
07-11 13:43:13.390 D/PushLib : (23278): [null:-1]->pushClient is :not null
07-11 13:43:13.390 D/PushLib : (23278): [null:-1]->pushClient opened : opened
07-11 13:43:13.804 D/dalvikvm(27477): DexOpt: not verifying/optimizing 'Landroid/net/http/SslError;': multiple definitions
07-11 13:43:13.883 D/dalvikvm(27477): DexOpt: load 631ms, verify+opt 76ms, 4232804 bytes
07-11 13:43:13.890 I/ActivityManager(  374): Process com.google.android.gallery3d (pid 26464) has died.
07-11 13:43:14.140 D/JOBS    (23278): Thread-3013: load factor check. true = (0 < 1)|| (0 * 3 < 0 + 0). consumer thread: true
07-11 13:43:14.140 D/JOBS    (23278): didn't allow me to die, re-running Thread-3013
07-11 13:43:14.140 D/JOBS    (23278): re-running consumer Thread-3013
07-11 13:43:14.187 W/PackageManager(  374): Code path for pkg : com.moji.mjweather changing from /data/app/com.moji.mjweather-1.apk to /data/app/com.moji.mjweather-2.apk
07-11 13:43:14.187 W/PackageManager(  374): Resource path for pkg : com.moji.mjweather changing from /data/app/com.moji.mjweather-1.apk to /data/app/com.moji.mjweather-2.apk
07-11 13:43:14.187 I/ActivityManager(  374): Force stopping package com.moji.mjweather appid=10082 user=-1
07-11 13:43:14.289 W/PackageManager(  374): Not granting permission android.permission.SEND_DOWNLOAD_COMPLETED_INTENTS to package com.google.android.browser (protectionLevel=2 flags=0x89be45)
07-11 13:43:14.289 W/PackageManager(  374): Not granting permission android.permission.WRITE_SECURE_SETTINGS to package com.qihoo360.mobilesafe.opti.powerctl (protectionLevel=50 flags=0x80be44)
07-11 13:43:14.289 W/PackageManager(  374): Unknown permission android.permission.READ_SETTINGS in package com.qihoo360.mobilesafe.opti.powerctl
07-11 13:43:14.289 W/PackageManager(  374): Not granting permission android.permission.READ_LOGS to package com.qihoo360.mobilesafe.opti.powerctl (protectionLevel=50 flags=0x80be44)
07-11 13:43:14.289 W/PackageManager(  374): Not granting permission android.permission.STATUS_BAR to package com.qihoo360.mobilesafe.opti.powerctl (protectionLevel=18 flags=0x80be44)
07-11 13:43:14.289 W/PackageManager(  374): Unknown permission android.permission.ADD_SYSTEM_SERVICE in package com.android.phone
07-11 13:43:14.289 W/PackageManager(  374): Unknown permission com.android.smspush.WAPPUSH_MANAGER_BIND in package com.android.phone
07-11 13:43:14.289 W/PackageManager(  374): Not granting permission android.permission.READ_LOGS to package com.qihoo.root (protectionLevel=50 flags=0x80be44)
07-11 13:43:14.289 W/PackageManager(  374): Not granting permission android.permission.INSTALL_PACKAGES to package com.qihoo.root (protectionLevel=18 flags=0x80be44)
07-11 13:43:14.289 W/PackageManager(  374): Not granting permission android.permission.DELETE_PACKAGES to package com.qihoo.root (protectionLevel=18 flags=0x80be44)
07-11 13:43:14.289 W/PackageManager(  374): Unknown permission com.android.vending.billing.IBillingAccountService.BIND2 in package com.google.android.gsf.login
07-11 13:43:14.289 W/PackageManager(  374): Unknown permission com.android.chrome.TOS_ACKED in package com.google.android.gsf.login
07-11 13:43:14.297 W/PackageManager(  374): Unknown permission com.android.gallery3d.permission.GALLERY_PROVIDER in package com.android.bluetooth
07-11 13:43:14.297 W/PackageManager(  374): Not granting permission android.permission.INSTALL_PACKAGES to package com.mgyapp.android (protectionLevel=18 flags=0x88be44)
07-11 13:43:14.297 W/PackageManager(  374): Not granting permission android.permission.DELETE_PACKAGES to package com.mgyapp.android (protectionLevel=18 flags=0x88be44)
07-11 13:43:14.297 W/PackageManager(  374): Not granting permission android.permission.FORCE_STOP_PACKAGES to package com.mgyapp.android (protectionLevel=2 flags=0x88be44)
07-11 13:43:14.297 W/PackageManager(  374): Not granting permission android.permission.DELETE_CACHE_FILES to package com.mgyapp.android (protectionLevel=18 flags=0x88be44)
07-11 13:43:14.297 W/PackageManager(  374): Not granting permission android.permission.READ_LOGS to package com.mgyapp.android (protectionLevel=50 flags=0x88be44)
07-11 13:43:14.297 W/PackageManager(  374): Not granting permission android.permission.WRITE_SECURE_SETTINGS to package com.mgyapp.android (protectionLevel=50 flags=0x88be44)
07-11 13:43:14.297 W/PackageManager(  374): Unknown permission android.permission.READ_OWNER_DATA in package com.mgyapp.android
07-11 13:43:14.297 W/PackageManager(  374): Unknown permission android.permission.WRITE_OWNER_DATA in package com.mgyapp.android
07-11 13:43:14.297 W/PackageManager(  374): Not granting permission android.permission.ACCESS_CACHE_FILESYSTEM to package com.mgyapp.android (protectionLevel=18 flags=0x88be44)
07-11 13:43:14.297 W/PackageManager(  374): Not granting permission android.permission.WRITE_APN_SETTINGS to package com.mgyapp.android (protectionLevel=18 flags=0x88be44)
07-11 13:43:14.297 W/PackageManager(  374): Not granting permission android.permission.MOUNT_UNMOUNT_FILESYSTEMS to package com.mgyapp.android (protectionLevel=18 flags=0x88be44)
07-11 13:43:14.297 W/PackageManager(  374): Unknown permission android.permission.RECEIVE_USER_PRESENT in package com.mgyapp.android
07-11 13:43:14.297 W/PackageManager(  374): Not granting permission android.permission.MODIFY_PHONE_STATE to package com.qihoo360.mobilesafe (protectionLevel=18 flags=0x88be44)
07-11 13:43:14.297 W/PackageManager(  374): Not granting permission android.permission.WRITE_SECURE_SETTINGS to package com.qihoo360.mobilesafe (protectionLevel=50 flags=0x88be44)
07-11 13:43:14.297 W/PackageManager(  374): Not granting permission android.permission.WRITE_APN_SETTINGS to package com.qihoo360.mobilesafe (protectionLevel=18 flags=0x88be44)
07-11 13:43:14.297 W/PackageManager(  374): Not granting permission android.permission.READ_LOGS to package com.qihoo360.mobilesafe (protectionLevel=50 flags=0x88be44)
07-11 13:43:14.297 W/PackageManager(  374): Unknown permission com.qihoo360.mobilesafe_lite.permission.FORCE_CLOSE in package com.qihoo360.mobilesafe
07-11 13:43:14.297 W/PackageManager(  374): Unknown permission telecom.mdesk.permission.FORCE_CLOSE in package com.qihoo360.mobilesafe
07-11 13:43:14.297 W/PackageManager(  374): Not granting permission android.permission.INSTALL_PACKAGES to package com.qihoo360.mobilesafe (protectionLevel=18 flags=0x88be44)
07-11 13:43:14.297 W/PackageManager(  374): Not granting permission android.permission.SET_ALWAYS_FINISH to package com.qihoo360.mobilesafe (protectionLevel=50 flags=0x88be44)
07-11 13:43:14.297 W/PackageManager(  374): Unknown permission android.permission.ACCESS_SUPERUSER in package com.qihoo360.mobilesafe
07-11 13:43:14.297 W/PackageManager(  374): Unknown permission com.qihoo360.mobilesafe.shield.permission.broadcast in package com.qihoo360.mobilesafe
07-11 13:43:14.297 W/PackageManager(  374): Unknown permission com.qihoo360.contacts.permission.broadcast in package com.qihoo360.mobilesafe
07-11 13:43:14.297 W/PackageManager(  374): Unknown permission com.qihoo360.privatehome.permission.openAppActivity in package com.qihoo360.mobilesafe
07-11 13:43:14.297 W/PackageManager(  374): Not granting permission android.permission.INSTALL_PACKAGES to package com.qihoo.appstore (protectionLevel=18 flags=0x88be44)
07-11 13:43:14.297 W/PackageManager(  374): Not granting permission android.permission.DELETE_PACKAGES to package com.qihoo.appstore (protectionLevel=18 flags=0x88be44)
07-11 13:43:14.297 W/PackageManager(  374): Not granting permission android.permission.CLEAR_APP_USER_DATA to package com.qihoo.appstore (protectionLevel=2 flags=0x88be44)
07-11 13:43:14.297 W/PackageManager(  374): Not granting permission android.permission.WRITE_MEDIA_STORAGE to package com.qihoo.appstore (protectionLevel=18 flags=0x88be44)
07-11 13:43:14.304 W/PackageManager(  374): Not granting permission android.permission.ACCESS_CACHE_FILESYSTEM to package com.qihoo.appstore (protectionLevel=18 flags=0x88be44)
07-11 13:43:14.304 W/PackageManager(  374): Unknown permission android.permission.READ_OWNER_DATA in package com.qihoo.appstore
07-11 13:43:14.304 W/PackageManager(  374): Unknown permission android.permission.WRITE_OWNER_DATA in package com.qihoo.appstore
07-11 13:43:14.304 W/PackageManager(  374): Not granting permission android.permission.CHANGE_CONFIGURATION to package com.qihoo.appstore (protectionLevel=50 flags=0x88be44)
07-11 13:43:14.304 W/PackageManager(  374): Unknown permission com.htc.launcher.permission.READ_SETTINGS in package com.qihoo.appstore
07-11 13:43:14.304 W/PackageManager(  374): Not granting permission android.permission.DEVICE_POWER to package com.qihoo.appstore (protectionLevel=2 flags=0x88be44)
07-11 13:43:14.304 W/PackageManager(  374): Not granting permission android.permission.MOUNT_UNMOUNT_FILESYSTEMS to package com.qihoo.appstore (protectionLevel=18 flags=0x88be44)
07-11 13:43:14.304 W/PackageManager(  374): Unknown permission com.huaqin.launcherEx.permission.READ_SETTINGS in package com.qihoo.appstore
07-11 13:43:14.304 W/PackageManager(  374): Unknown permission com.huaqin.launcherEx.permission.WRITE_SETTINGS in package com.qihoo.appstore
07-11 13:43:14.304 W/PackageManager(  374): Unknown permission com.android.launcher.permission.READ_PHONE_STATE in package com.qihoo.appstore
07-11 13:43:14.304 W/PackageManager(  374): Unknown permission com.huawei.launcher3.permission.READ_SETTINGS in package com.qihoo.appstore
07-11 13:43:14.304 W/PackageManager(  374): Unknown permission com.qihoo360.launcher.permission.WRITE_SETTINGS in package com.qihoo.appstore
07-11 13:43:14.304 W/PackageManager(  374): Unknown permission com.qihoo360.launcher.permission.READ_SETTINGS in package com.qihoo.appstore
07-11 13:43:14.304 W/PackageManager(  374): Not granting permission android.permission.DEVICE_POWER to package com.google.android.deskclock (protectionLevel=2 flags=0xc8be45)
07-11 13:43:14.304 W/PackageManager(  374): Unknown permission android.permission.READ_OWNER_DATA in package com.google.android.setupwizard
07-11 13:43:14.304 W/PackageManager(  374): Unknown permission android.permission.WRITE_OWNER_DATA in package com.google.android.setupwizard
07-11 13:43:14.304 W/PackageManager(  374): Not granting permission android.permission.ACCESS_DOWNLOAD_MANAGER to package by.game.binumbers (protectionLevel=18 flags=0x8be44)
07-11 13:43:14.304 W/PackageManager(  374): Unknown permission android.permission.ACCESS_MTK_MMHW in package com.qihoo.permroot
07-11 13:43:14.312 W/PackageManager(  374): Unknown permission com.google.android.voicesearch.SHORTCUTS_ACCESS in package com.google.android.googlequicksearchbox
07-11 13:43:14.312 W/PackageManager(  374): Not granting permission android.permission.ACCOUNT_MANAGER to package com.google.android.music (protectionLevel=2 flags=0x88be65)
07-11 13:43:14.312 W/PackageManager(  374): Unknown permission android.permission.READ_OWNER_DATA in package com.nd.assistance
07-11 13:43:14.312 W/PackageManager(  374): Unknown permission android.permission.WRITE_OWNER_DATA in package com.nd.assistance
07-11 13:43:14.312 W/PackageManager(  374): Not granting permission android.permission.DEVICE_POWER to package com.nd.assistance (protectionLevel=2 flags=0x80ae46)
07-11 13:43:14.312 W/PackageManager(  374): Unknown permission com.android.providers.im.permission.READ_ONLY in package com.google.android.apps.maps
07-11 13:43:14.312 W/PackageManager(  374): Unknown permission android.permission.ACCESS_SUPERUSER in package com.jrummy.root.browser
07-11 13:43:14.312 W/PackageManager(  374): Not granting permission android.permission.ACCESS_CHECKIN_PROPERTIES to package com.google.android.apps.googlevoice (protectionLevel=18 flags=0x8be44)
07-11 13:43:14.312 W/PackageManager(  374): Unknown permission com.google.android.apps.googlevoice.REMOTE_INTENT in package com.google.android.apps.googlevoice
07-11 13:43:14.312 W/PackageManager(  374): Unknown permission com.google.android.permission.RECEIVE_DATA_MESSAGE in package com.google.android.apps.googlevoice
07-11 13:43:14.320 W/PackageManager(  374): Unknown permission com.google.android.permission.SEND_DATA_MESSAGE in package com.google.android.apps.googlevoice
07-11 13:43:14.320 W/PackageManager(  374): Unknown permission com.android.providers.voicemail.permission.READ_WRITE_ALL_VOICEMAIL in package com.google.android.apps.googlevoice
07-11 13:43:14.320 W/PackageManager(  374): Unknown permission com.android.providers.voicemail.permission.READ_WRITE_OWN_VOICEMAIL in package com.google.android.apps.googlevoice
07-11 13:43:14.328 W/PackageManager(  374): Not granting permission com.google.android.apps.dashclock.permission.READ_EXTENSION_DATA to package com.betterapps.dashclock (protectionLevel=2 flags=0x8bbe44)
07-11 13:43:14.328 W/PackageManager(  374): Not granting permission android.permission.READ_LOGS to package com.pekall.emdm (protectionLevel=50 flags=0x88be46)
07-11 13:43:14.328 W/PackageManager(  374): Not granting permission android.permission.BIND_APPWIDGET to package com.pekall.emdm (protectionLevel=18 flags=0x88be46)
07-11 13:43:14.328 W/PackageManager(  374): Unknown permission com.pekall.emdm.launcher.permission.READ_SETTINGS in package com.pekall.emdm
07-11 13:43:14.328 W/PackageManager(  374): Unknown permission com.pekall.emdm.launcher.permission.WRITE_SETTINGS in package com.pekall.emdm
07-11 13:43:14.328 W/PackageManager(  374): Not granting permission android.permission.CHANGE_CONFIGURATION to package com.pekall.emdm (protectionLevel=50 flags=0x88be46)
07-11 13:43:14.328 W/PackageManager(  374): Not granting permission android.permission.INSTALL_PACKAGES to package com.pekall.emdm (protectionLevel=18 flags=0x88be46)
07-11 13:43:14.328 W/PackageManager(  374): Unknown permission android.permission.sec.ENTERPRISE_DEVICE_ADMIN in package com.pekall.emdm
07-11 13:43:14.328 W/PackageManager(  374): Unknown permission android.permission.sec.MDM_APP_MGMT in package com.pekall.emdm
07-11 13:43:14.328 W/PackageManager(  374): Unknown permission android.permission.sec.MDM_BLUETOOTH in package com.pekall.emdm
07-11 13:43:14.328 W/PackageManager(  374): Unknown permission android.permission.sec.MDM_INVENTORY in package com.pekall.emdm
07-11 13:43:14.328 W/PackageManager(  374): Unknown permission android.permission.sec.MDM_EXCHANGE in package com.pekall.emdm
07-11 13:43:14.328 W/PackageManager(  374): Unknown permission android.permission.sec.MDM_ROAMING in package com.pekall.emdm
07-11 13:43:14.328 W/PackageManager(  374): Unknown permission android.permission.sec.MDM_WIFI in package com.pekall.emdm
07-11 13:43:14.328 W/PackageManager(  374): Unknown permission android.permission.sec.MDM_SECURITY in package com.pekall.emdm
07-11 13:43:14.328 W/PackageManager(  374): Unknown permission android.permission.sec.MDM_HW_CONTROL in package com.pekall.emdm
07-11 13:43:14.328 W/PackageManager(  374): Unknown permission android.permission.sec.MDM_RESTRICTION in package com.pekall.emdm
07-11 13:43:14.328 W/PackageManager(  374): Unknown permission android.permission.sec.MDM_LOCATION in package com.pekall.emdm
07-11 13:43:14.328 W/PackageManager(  374): Not granting permission android.permission.INTERACT_ACROSS_USERS_FULL to package com.pekall.emdm (protectionLevel=2 flags=0x88be46)
07-11 13:43:14.328 W/PackageManager(  374): Unknown permission android.permission.sec.MDM_CALLING in package com.pekall.emdm
07-11 13:43:14.328 W/PackageManager(  374): Unknown permission android.permission.sec.MDM_EMAIL in package com.pekall.emdm
07-11 13:43:14.328 W/PackageManager(  374): Unknown permission android.permission.sec.MDM_VPN in package com.pekall.emdm
07-11 13:43:14.328 W/PackageManager(  374): Unknown permission android.permission.sec.MDM_APN in package com.pekall.emdm
07-11 13:43:14.328 W/PackageManager(  374): Unknown permission android.permission.sec.MDM_PHONE_RESTRICTION in package com.pekall.emdm
07-11 13:43:14.328 W/PackageManager(  374): Unknown permission android.permission.sec.MDM_BROWSER_SETTINGS in package com.pekall.emdm
07-11 13:43:14.328 W/PackageManager(  374): Unknown permission android.permission.sec.MDM_DATE_TIME in package com.pekall.emdm
07-11 13:43:14.328 W/PackageManager(  374): Unknown permission android.permission.sec.MDM_ENTERPRISE_VPN in package com.pekall.emdm
07-11 13:43:14.328 W/PackageManager(  374): Unknown permission android.permission.sec.MDM_FIREWALL in package com.pekall.emdm
07-11 13:43:14.328 W/PackageManager(  374): Unknown permission android.permission.sec.MDM_APP_PERMISSION_MGMT in package com.pekall.emdm
07-11 13:43:14.328 W/PackageManager(  374): Unknown permission android.permission.sec.MDM_KIOSK_MODE in package com.pekall.emdm
07-11 13:43:14.328 W/PackageManager(  374): Not granting permission android.permission.ACCESS_DOWNLOAD_MANAGER to package com.pekall.emdm (protectionLevel=18 flags=0x88be46)
07-11 13:43:14.328 W/PackageManager(  374): Not granting permission android.permission.SEND_DOWNLOAD_COMPLETED_INTENTS to package com.pekall.emdm (protectionLevel=2 flags=0x88be46)
07-11 13:43:14.328 W/PackageManager(  374): Unknown permission com.pekall.emdm.browser.permission.READ_HISTORY_BOOKMARKS in package com.pekall.emdm
07-11 13:43:14.328 W/PackageManager(  374): Unknown permission com.pekall.emdm.browser.permission.WRITE_HISTORY_BOOKMARKS in package com.pekall.emdm
07-11 13:43:14.328 W/PackageManager(  374): Unknown permission com.pekall.semail.permission.READ_ATTACHMENT in package com.pekall.emdm
07-11 13:43:14.328 W/PackageManager(  374): Unknown permission com.pekall.semail.permission.ACCESS_PROVIDER in package com.pekall.emdm
07-11 13:43:14.336 W/PackageManager(  374): Not granting permission android.permission.WRITE_APN_SETTINGS to package com.dragon.android.pandaspace (protectionLevel=18 flags=0x80be44)
07-11 13:43:14.336 W/PackageManager(  374): Not granting permission android.permission.INSTALL_PACKAGES to package com.dragon.android.pandaspace (protectionLevel=18 flags=0x80be44)
07-11 13:43:14.336 W/PackageManager(  374): Not granting permission android.permission.CHANGE_CONFIGURATION to package com.dragon.android.pandaspace (protectionLevel=50 flags=0x80be44)
07-11 13:43:14.336 W/PackageManager(  374): Not granting permission android.permission.READ_LOGS to package com.dragon.android.pandaspace (protectionLevel=50 flags=0x80be44)
07-11 13:43:14.336 W/PackageManager(  374): Not granting permission android.permission.PACKAGE_USAGE_STATS to package com.dragon.android.pandaspace (protectionLevel=18 flags=0x80be44)
07-11 13:43:14.336 W/PackageManager(  374): Not granting permission android.permission.MOUNT_UNMOUNT_FILESYSTEMS to package com.dragon.android.pandaspace (protectionLevel=18 flags=0x80be44)
07-11 13:43:14.336 W/PackageManager(  374): Not granting permission android.permission.SET_ACTIVITY_WATCHER to package com.dragon.android.pandaspace (protectionLevel=2 flags=0x80be44)
07-11 13:43:14.336 W/PackageManager(  374): Not granting permission android.permission.DELETE_PACKAGES to package com.dragon.android.pandaspace (protectionLevel=18 flags=0x80be44)
07-11 13:43:14.336 W/PackageManager(  374): Not granting permission android.permission.CHANGE_COMPONENT_ENABLED_STATE to package com.dragon.android.pandaspace (protectionLevel=18 flags=0x80be44)
07-11 13:43:14.344 W/PackageManager(  374): Not granting permission android.permission.SEND_DOWNLOAD_COMPLETED_INTENTS to package com.android.vending (protectionLevel=2 flags=0x8abe45)
07-11 13:43:14.344 W/PackageManager(  374): Unknown permission android.permission.SEND_SMS_NO_CONFIRMATION in package com.android.vending
07-11 13:43:14.344 W/PackageManager(  374): Unknown permission android.permission.ACCESS_SUPERUSER in package com.speedsoftware.rootexplorer
07-11 13:43:14.344 W/PackageManager(  374): Not granting permission android.permission.WRITE_SECURE_SETTINGS to package com.pekall.nmefc (protectionLevel=50 flags=0x88be44)
07-11 13:43:14.344 W/PackageManager(  374): Unknown permission android.permission.ACCESS_GPS in package com.pekall.nmefc
07-11 13:43:14.344 W/PackageManager(  374): Unknown permission android.permission.BAIDU_LOCATION_SERVICE in package com.pekall.nmefc
07-11 13:43:14.344 W/PackageManager(  374): Not granting permission android.permission.MOUNT_UNMOUNT_FILESYSTEMS to package com.pekall.nmefc (protectionLevel=18 flags=0x88be44)
07-11 13:43:14.351 W/PackageManager(  374): Not granting permission android.permission.READ_DREAM_STATE to package com.google.android.gsf (protectionLevel=2 flags=0x883e45)
07-11 13:43:14.351 W/PackageManager(  374): Unknown permission android.permission.RECEIVE_USER_PRESENT in package com.moji.mjweather
07-11 13:43:14.351 W/PackageManager(  374): Not granting permission android.permission.INTERACT_ACROSS_USERS_FULL to package com.moji.mjweather (protectionLevel=2 flags=0x18be44)
07-11 13:43:14.351 W/PackageManager(  374): Not granting permission android.permission.MOUNT_UNMOUNT_FILESYSTEMS to package com.moji.mjweather (protectionLevel=18 flags=0x18be44)
07-11 13:43:14.351 W/PackageManager(  374): Not granting permission android.permission.READ_LOGS to package com.moji.mjweather (protectionLevel=50 flags=0x18be44)
07-11 13:43:14.469 D/dalvikvm(  374): GC_CONCURRENT freed 4121K, 17% free 25596K/30824K, paused 6ms+40ms, total 155ms
07-11 13:43:14.469 D/dalvikvm(  374): WAIT_FOR_CONCURRENT_GC blocked 116ms
07-11 13:43:14.578 I/ActivityManager(  374): Force stopping package com.moji.mjweather appid=10082 user=0
07-11 13:43:14.703 D/dalvikvm(26400): GC_EXPLICIT freed 559K, 7% free 12489K/13368K, paused 10ms+57ms, total 108ms
07-11 13:43:14.742 D/dalvikvm(  833): GC_EXPLICIT freed 720K, 17% free 13073K/15584K, paused 4ms+12ms, total 146ms
07-11 13:43:14.789 D/dalvikvm( 1736): GC_EXPLICIT freed 88K, 22% free 9468K/12000K, paused 4ms+5ms, total 76ms
07-11 13:43:14.859 I/InputReader(  374): Reconfiguring input devices.  changes=0x00000010
07-11 13:43:14.867 D/dalvikvm(20727): GC_EXPLICIT freed 153K, 7% free 9879K/10532K, paused 10ms+22ms, total 242ms
07-11 13:43:14.914 D/dalvikvm(25010): GC_EXPLICIT freed 220K, 6% free 10064K/10640K, paused 8ms+4ms, total 307ms
07-11 13:43:14.914 D/dalvikvm(  605): GC_EXPLICIT freed 1051K, 37% free 15061K/23724K, paused 7ms+11ms, total 302ms
07-11 13:43:14.937 D/dalvikvm(26313): GC_EXPLICIT freed 362K, 7% free 9048K/9708K, paused 3ms+4ms, total 164ms
07-11 13:43:15.000 D/dalvikvm( 3259): GC_EXPLICIT freed 2071K, 31% free 17930K/25748K, paused 14ms+18ms, total 378ms
07-11 13:43:15.031 D/dalvikvm(26529): GC_EXPLICIT freed 236K, 10% free 12047K/13336K, paused 3ms+136ms, total 442ms
07-11 13:43:15.109 I/InputReader(  374): Reconfiguring input devices.  changes=0x00000010
07-11 13:43:15.164 I/ActivityManager(  374): Start proc android.process.acore for broadcast com.android.providers.contacts/.PackageIntentReceiver: pid=27492 uid=10000 gids={50000, 3003, 1015, 1028}
07-11 13:43:15.234 D/BackupManagerService(  374): Received broadcast Intent { act=android.intent.action.PACKAGE_REMOVED dat=package:com.moji.mjweather flg=0x8000010 (has extras) }
07-11 13:43:15.281 D/BackupManagerService(  374): Received broadcast Intent { act=android.intent.action.PACKAGE_ADDED dat=package:com.moji.mjweather flg=0x8000010 (has extras) }
07-11 13:43:15.281 V/BackupManagerService(  374): removePackageParticipantsLocked: uid=10082 #1
07-11 13:43:15.281 V/BackupManagerService(  374): addPackageParticipantsLocked: #1
07-11 13:43:15.344 D/dalvikvm(  592): GC_CONCURRENT freed 476K, 6% free 9206K/9720K, paused 6ms+21ms, total 132ms
07-11 13:43:15.344 D/dalvikvm(  592): WAIT_FOR_CONCURRENT_GC blocked 3ms
07-11 13:43:15.445 I/Launcher(  605): Deferring update until onResume
07-11 13:43:15.492 D/dalvikvm(27159): Trying to load lib /data/data/com.qihoo360.mobilesafe/lib/libsc.so 0x4207e880
07-11 13:43:15.515 D/dalvikvm(27159): Added shared lib /data/data/com.qihoo360.mobilesafe/lib/libsc.so 0x4207e880
07-11 13:43:15.515 D/dalvikvm(27159): No JNI_OnLoad found in /data/data/com.qihoo360.mobilesafe/lib/libsc.so 0x4207e880, skipping init
07-11 13:43:15.531 D/dalvikvm(27159): GC_CONCURRENT freed 292K, 4% free 9955K/10300K, paused 64ms+3ms, total 118ms
07-11 13:43:15.570 D/dalvikvm( 1736): GC_CONCURRENT freed 269K, 20% free 9711K/12000K, paused 3ms+4ms, total 519ms
07-11 13:43:15.570 D/dalvikvm( 1736): WAIT_FOR_CONCURRENT_GC blocked 135ms
07-11 13:43:15.578 D/dalvikvm( 1736): WAIT_FOR_CONCURRENT_GC blocked 148ms
07-11 13:43:15.578 D/dalvikvm( 1736): WAIT_FOR_CONCURRENT_GC blocked 144ms
07-11 13:43:15.578 D/dalvikvm( 1736): WAIT_FOR_CONCURRENT_GC blocked 140ms
07-11 13:43:16.086 D/dalvikvm(27159): GC_CONCURRENT freed 162K, 3% free 10280K/10496K, paused 10ms+24ms, total 104ms
07-11 13:43:16.086 D/dalvikvm(27159): WAIT_FOR_CONCURRENT_GC blocked 55ms
07-11 13:43:16.187 D/dalvikvm(27492): GC_CONCURRENT freed 226K, 3% free 9207K/9468K, paused 10ms+3ms, total 140ms
07-11 13:43:16.187 D/dalvikvm(27492): WAIT_FOR_CONCURRENT_GC blocked 40ms
07-11 13:43:16.187 D/dalvikvm(27492): WAIT_FOR_CONCURRENT_GC blocked 32ms
07-11 13:43:16.211 I/ActivityManager(  374): Start proc com.google.android.gallery3d for broadcast com.google.android.gallery3d/com.android.gallery3d.app.PackagesMonitor: pid=27516 uid=10019 gids={50019, 1006, 3003, 1015, 1028}
07-11 13:43:16.437 D/dalvikvm(27159): GC_CONCURRENT freed 647K, 7% free 10056K/10736K, paused 3ms+2ms, total 131ms
07-11 13:43:16.656 D/dalvikvm(27516): GC_CONCURRENT freed 335K, 4% free 9055K/9428K, paused 5ms+13ms, total 88ms
07-11 13:43:16.703 D/dalvikvm(27159): GC_CONCURRENT freed 491K, 7% free 10023K/10736K, paused 20ms+3ms, total 80ms
07-11 13:43:16.812 W/ContextImpl(26486): Calling a method in the system process without a qualified user: android.app.ContextImpl.startService:1385 android.content.ContextWrapper.startService:473 android.content.ContextWrapper.startService:473 com.android.keychain.KeyChainBroadcastReceiver.onReceive:12 android.app.ActivityThread.handleReceiver:2424 
07-11 13:43:16.867 D/dalvikvm( 1736): GC_CONCURRENT freed 568K, 20% free 9629K/12000K, paused 5ms+3ms, total 150ms
07-11 13:43:16.984 W/MountService(  374): getVolumeState(/storage/emulated/0/external_sd): Unknown volume
07-11 13:43:16.984 W/MountService(  374): getVolumeState(/mnt/sdcard-ext): Unknown volume
07-11 13:43:16.992 W/MountService(  374): getVolumeState(/mnt/ext_sdcard): Unknown volume
07-11 13:43:16.992 W/MountService(  374): getVolumeState(/mnt/sdcard2): Unknown volume
07-11 13:43:16.992 W/MountService(  374): getVolumeState(/mnt/emmc): Unknown volume
07-11 13:43:16.992 W/MountService(  374): getVolumeState(/mnt/extSdCard): Unknown volume
07-11 13:43:16.992 W/MountService(  374): getVolumeState(/mnt/sdcard/SD_CARD): Unknown volume
07-11 13:43:16.992 W/MountService(  374): getVolumeState(/mnt/sdcard/extra_sd): Unknown volume
07-11 13:43:17.000 W/MountService(  374): getVolumeState(/mnt/extrasd_bind): Unknown volume
07-11 13:43:17.000 W/MountService(  374): getVolumeState(/mnt/sdcard/ext_sd): Unknown volume
07-11 13:43:17.000 W/MountService(  374): getVolumeState(/storage/extSdCard): Unknown volume
07-11 13:43:17.000 W/MountService(  374): getVolumeState(/storage/sdcard1): Unknown volume
07-11 13:43:17.000 W/MountService(  374): getVolumeState(/mnt/sdcard/external_SD): Unknown volume
07-11 13:43:17.008 W/MountService(  374): getVolumeState(/mnt/sdcard/external_sd): Unknown volume
07-11 13:43:17.023 D/dalvikvm(26313): GC_FOR_ALLOC freed 516K, 7% free 9043K/9708K, paused 120ms, total 120ms
07-11 13:43:17.039 I/Launcher(  605): Deferring update until onResume
07-11 13:43:17.054 I/ActivityManager(  374): Process com.google.android.apps.plus (pid 27216) has died.
07-11 13:43:17.117 D/dalvikvm( 1736): GC_CONCURRENT freed 613K, 21% free 9521K/12000K, paused 6ms+6ms, total 73ms
07-11 13:43:17.125 D/dalvikvm( 1736): WAIT_FOR_CONCURRENT_GC blocked 5ms
07-11 13:43:17.328 D/dalvikvm( 7946): GC_CONCURRENT freed 571K, 15% free 9226K/10796K, paused 3ms+15ms, total 54ms
07-11 13:43:17.398 D/dalvikvm(  374): GC_EXPLICIT freed 3845K, 27% free 22738K/30824K, paused 315ms+19ms, total 1973ms
07-11 13:43:17.531 D/dalvikvm(27171): GC_CONCURRENT freed 202K, 3% free 9106K/9344K, paused 4ms+3ms, total 53ms
07-11 13:43:17.929 D/dalvikvm( 7946): GC_CONCURRENT freed 287K, 14% free 9340K/10796K, paused 3ms+2ms, total 37ms
07-11 13:43:18.008 D/mdm_log ( 3259): [null:-1]->action is : android.intent.action.PACKAGE_REMOVED
07-11 13:43:18.117 D/dalvikvm( 7946): GC_CONCURRENT freed 438K, 13% free 9414K/10796K, paused 4ms+9ms, total 46ms
07-11 13:43:18.117 D/dalvikvm( 7946): WAIT_FOR_CONCURRENT_GC blocked 23ms
07-11 13:43:18.226 D/DB      ( 3259): query: SQLiteQuery: SELECT * FROM app WHERE type = 51107
07-11 13:43:18.226 D/DB      ( 3259): factory null
07-11 13:43:18.226 D/DB      ( 3259): fillWindow: 0
07-11 13:43:18.226 D/DB      ( 3259): cursor 2
07-11 13:43:18.234 D/DB      ( 3259): query: SQLiteQuery: SELECT * FROM app WHERE readStatus =0
07-11 13:43:18.234 D/DB      ( 3259): factory null
07-11 13:43:18.234 D/DB      ( 3259): fillWindow: 0
07-11 13:43:18.234 D/DB      ( 3259): cursor 0
07-11 13:43:18.234 E/Mdm     ( 3259): Call Mdm service's recordIconCount function
07-11 13:43:18.242 D/DB      ( 3259): query: SQLiteQuery: SELECT * FROM app WHERE type = 51107
07-11 13:43:18.242 D/DB      ( 3259): factory null
07-11 13:43:18.250 D/DB      ( 3259): fillWindow: 0
07-11 13:43:18.250 D/DB      ( 3259): cursor 2
07-11 13:43:18.258 D/DB      ( 3259): moveToPos: 0
07-11 13:43:18.258 D/DB      ( 3259): onMove: 0
07-11 13:43:18.258 D/DB      ( 3259): moveToPos: 1
07-11 13:43:18.258 D/DB      ( 3259): onMove: 1
07-11 13:43:18.258 D/DB      ( 3259): moveToPos: 2
07-11 13:43:18.265 D/DB      ( 3259): moveToPos: 0
07-11 13:43:18.265 D/DB      ( 3259): onMove: 0
07-11 13:43:18.273 D/DB      ( 3259): moveToPos: 1
07-11 13:43:18.273 D/DB      ( 3259): onMove: 1
07-11 13:43:18.273 D/DB      ( 3259): moveToPos: 2
07-11 13:43:18.367 I/ActivityManager(  374): Start proc com.qihoo.root for broadcast com.qihoo.root/.UninstallReceiver: pid=27553 uid=10078 gids={50078, 1015, 3003, 1028}
07-11 13:43:18.383 I/dalvikvm(27553): Turning on JNI app bug workarounds for target SDK version 7...
07-11 13:43:18.406 D/PushLib : (23278): [null:-1]->MSG_WEBSOCKET_PONG
07-11 13:43:18.461 D/dalvikvm(27553): Trying to load lib /data/data/com.qihoo.root/lib/libnativeutil.so 0x42084568
07-11 13:43:18.469 D/dalvikvm(27553): Added shared lib /data/data/com.qihoo.root/lib/libnativeutil.so 0x42084568
07-11 13:43:18.695 I/ContactLocale(27492): AddressBook Labels [zh_CN]: [, A, B, C, D, E, F, G, H, I, J, K, L, M, N, O, P, Q, R, S, T, U, V, W, X, Y, Z, , , , , , , , , , , , , , , , , , , , , , , , , , , , , , , , , , , , , , , , , , , , , , , , , , , , , , , , , , , , , , , , , , , , , , , , , , , , , , , , , , , , , , , , , , , , , , , , , , , , , , , , , , , , , , , , , , , , , , , , , , , , , , , , , , , , , , , , , , , , , , , , , , , , , , , , , , , , #, ]
07-11 13:43:18.734 D/dalvikvm(27492): GC_CONCURRENT freed 330K, 4% free 9286K/9656K, paused 2ms+11ms, total 62ms
07-11 13:43:18.758 D/dalvikvm(  125): GC_EXPLICIT freed 40K, 1% free 8921K/9000K, paused 2ms+3ms, total 37ms
07-11 13:43:18.781 D/dalvikvm(  125): GC_EXPLICIT freed <1K, 1% free 8921K/9000K, paused 2ms+4ms, total 27ms
07-11 13:43:18.804 I/ActivityManager(  374): Start proc com.google.android.apps.plus for broadcast com.google.android.apps.plus/.service.PackagesMediaMonitor: pid=27574 uid=10048 gids={50048, 3003, 3002, 1015, 1006, 1028}
07-11 13:43:18.812 D/dalvikvm(  125): GC_EXPLICIT freed <1K, 1% free 8921K/9000K, paused 2ms+3ms, total 27ms
07-11 13:43:19.172 D/dalvikvm(27574): GC_CONCURRENT freed 334K, 4% free 9029K/9400K, paused 25ms+40ms, total 90ms
07-11 13:43:19.297 D/dalvikvm(27574): GC_CONCURRENT freed 87K, 2% free 9349K/9472K, paused 13ms+5ms, total 42ms
07-11 13:43:19.344 I/InstallAppProgress(26400): Finished installing com.moji.mjweather
07-11 13:43:19.383 D/dalvikvm( 1736): GC_CONCURRENT freed 414K, 21% free 9543K/12000K, paused 2ms+10ms, total 49ms
07-11 13:43:19.469 D/dalvikvm(27574): GC_CONCURRENT freed 147K, 2% free 9708K/9896K, paused 3ms+3ms, total 33ms
07-11 13:43:19.469 D/dalvikvm(27574): WAIT_FOR_CONCURRENT_GC blocked 10ms
07-11 13:43:19.570 D/dalvikvm(27574): GC_CONCURRENT freed 119K, 2% free 9975K/10156K, paused 4ms+2ms, total 31ms
07-11 13:43:19.594 D/dalvikvm(  374): GC_FOR_ALLOC freed 579K, 26% free 23060K/30824K, paused 171ms, total 172ms
07-11 13:43:19.594 I/dalvikvm-heap(  374): Grow heap (frag case) to 22.920MB for 380496-byte allocation
07-11 13:43:19.695 D/dalvikvm(27574): GC_CONCURRENT freed 116K, 2% free 10276K/10460K, paused 4ms+4ms, total 36ms
07-11 13:43:19.726 D/dalvikvm(  374): GC_FOR_ALLOC freed 763K, 28% free 22668K/31196K, paused 95ms, total 95ms
07-11 13:43:19.734 I/ActivityManager(  374): Process com.qihoo360.mobilesafe (pid 27159) has died.
07-11 13:43:19.789 D/MdmApplication( 3259): [null:-1]->onActivityStarted market.activity.AppDetailActivity , mActivityCount = 1
07-11 13:43:19.789 W/MountService(  374): getVolumeState(/storage/emulated/0/external_sd): Unknown volume
07-11 13:43:19.789 W/MountService(  374): getVolumeState(/mnt/sdcard-ext): Unknown volume
07-11 13:43:19.789 W/MountService(  374): getVolumeState(/mnt/ext_sdcard): Unknown volume
07-11 13:43:19.789 W/MountService(  374): getVolumeState(/mnt/sdcard2): Unknown volume
07-11 13:43:19.789 W/MountService(  374): getVolumeState(/mnt/emmc): Unknown volume
07-11 13:43:19.789 W/MountService(  374): getVolumeState(/mnt/extSdCard): Unknown volume
07-11 13:43:19.797 W/MountService(  374): getVolumeState(/mnt/sdcard/SD_CARD): Unknown volume
07-11 13:43:19.797 W/MountService(  374): getVolumeState(/mnt/sdcard/extra_sd): Unknown volume
07-11 13:43:19.797 W/MountService(  374): getVolumeState(/mnt/extrasd_bind): Unknown volume
07-11 13:43:19.797 W/MountService(  374): getVolumeState(/mnt/sdcard/ext_sd): Unknown volume
07-11 13:43:19.797 W/MountService(  374): getVolumeState(/storage/extSdCard): Unknown volume
07-11 13:43:19.797 W/MountService(  374): getVolumeState(/storage/sdcard1): Unknown volume
07-11 13:43:19.804 W/MountService(  374): getVolumeState(/mnt/sdcard/external_SD): Unknown volume
07-11 13:43:19.804 W/MountService(  374): getVolumeState(/mnt/sdcard/external_sd): Unknown volume
07-11 13:43:19.820 D/MDM :   ( 3259): [null:-1]->query
07-11 13:43:19.820 D/MDM :   ( 3259): [null:-1]->QUERY_PINCODE_CHECK_RESULT
07-11 13:43:19.828 D/ypy     ( 3259): [null:-1]-> ================ checkDownLoadStatus status is 4
07-11 13:43:19.859 D/dalvikvm( 1736): GC_CONCURRENT freed 446K, 21% free 9510K/12000K, paused 13ms+3ms, total 48ms
07-11 13:43:19.890 D/dalvikvm(27574): GC_CONCURRENT freed 158K, 3% free 10517K/10748K, paused 3ms+4ms, total 54ms
07-11 13:43:20.000 D/dalvikvm(27574): GC_CONCURRENT freed 310K, 4% free 10645K/11084K, paused 4ms+2ms, total 49ms
07-11 13:43:20.000 D/dalvikvm(27574): WAIT_FOR_CONCURRENT_GC blocked 6ms
07-11 13:43:20.008 I/dalvikvm-heap(27574): Grow heap (frag case) to 10.675MB for 260112-byte allocation
07-11 13:43:20.047 D/dalvikvm(27574): GC_FOR_ALLOC freed 126K, 5% free 10773K/11340K, paused 37ms, total 37ms
07-11 13:43:20.086 D/dalvikvm(27574): GC_FOR_ALLOC freed 311K, 5% free 10819K/11340K, paused 34ms, total 34ms
07-11 13:43:20.125 D/dalvikvm(27574): GC_FOR_ALLOC freed 62K, 5% free 10883K/11340K, paused 33ms, total 33ms
07-11 13:43:20.125 I/dalvikvm-heap(27574): Grow heap (frag case) to 10.908MB for 260112-byte allocation
07-11 13:43:20.164 D/dalvikvm(27574): GC_FOR_ALLOC freed 126K, 6% free 11011K/11596K, paused 31ms, total 31ms
07-11 13:43:20.195 D/dalvikvm(27574): GC_FOR_ALLOC freed <1K, 6% free 11011K/11596K, paused 30ms, total 30ms
07-11 13:43:20.195 I/dalvikvm-heap(27574): Grow heap (frag case) to 11.016MB for 242333-byte allocation
07-11 13:43:20.226 D/dalvikvm(27574): GC_FOR_ALLOC freed 0K, 5% free 11248K/11836K, paused 32ms, total 32ms
07-11 13:43:20.265 D/dalvikvm(27574): GC_FOR_ALLOC freed 369K, 7% free 11120K/11836K, paused 29ms, total 30ms
07-11 13:43:20.304 D/dalvikvm(27574): GC_FOR_ALLOC freed 126K, 5% free 11248K/11836K, paused 28ms, total 28ms
07-11 13:43:20.304 I/dalvikvm-heap(27574): Grow heap (frag case) to 11.248MB for 242333-byte allocation
07-11 13:43:20.336 D/dalvikvm(27574): GC_FOR_ALLOC freed 0K, 5% free 11485K/12076K, paused 33ms, total 33ms
07-11 13:43:20.453 W/PackageParser(  833): No actions in intent filter at /storage/emulated/0/360Download/Pekall.apk Binary XML file line #685
07-11 13:43:20.609 W/PackageParser(  833): No actions in intent filter at /storage/emulated/0/Download/emmp.apk Binary XML file line #687
07-11 13:43:20.703 D/dalvikvm(27574): GC_CONCURRENT freed 420K, 4% free 11825K/12280K, paused 8ms+5ms, total 75ms
07-11 13:43:20.719 W/PackageParser(  833): No actions in intent filter at /storage/emulated/0/Download/emmp-1.apk Binary XML file line #687
07-11 13:43:20.812 W/PackageParser(  833): No actions in intent filter at /storage/emulated/0/360Download/Pekall.apk Binary XML file line #685
07-11 13:43:20.984 D/dalvikvm(27574): GC_CONCURRENT freed 207K, 2% free 12590K/12832K, paused 3ms+4ms, total 43ms
07-11 13:43:20.984 D/dalvikvm(27574): WAIT_FOR_CONCURRENT_GC blocked 13ms
07-11 13:43:21.179 I/TransInfo( 3259): TransInfo created, id: 5, class: class com.pekall.emdm.transaction.b.p
07-11 13:43:21.179 D/NetworkThread( 3259): [null:-1]->----isRunning-----true
07-11 13:43:21.179 D/NetworkThread( 3259): [null:-1]->----isRunning-----true
07-11 13:43:21.179 D/NetworkThread( 3259): [null:-1]->thread wakeup
07-11 13:43:21.219 D/HttpClient( 3259): enable apache.http debug
07-11 13:43:21.226 V/DEBUG   ( 3259): HTTP 0
07-11 13:43:21.265 D/dalvikvm(27574): GC_CONCURRENT freed 767K, 6% free 13050K/13852K, paused 5ms+4ms, total 80ms
07-11 13:43:21.265 D/dalvikvm(27574): WAIT_FOR_CONCURRENT_GC blocked 15ms
07-11 13:43:21.429 D/MDM :   ( 3259): [null:-1]->MSG_WEBSOCKET_MESSAGE : {"id":824926844,"type":0,"command":0,"result":0,"reason":0,"params":{"msgId":"e551c6dc-78cc-4c15-9f4b-5ff461add989,e551c6dc78cc4c159f4b5ff461add989","device":"ffffffffc539bb10fffffffff7aea961","message":"{\"cmd\":\"10119\"}"}}
07-11 13:43:21.429 V/DEBUG   ( 3259): HTTP 1
07-11 13:43:21.445 D/NetworkThread( 3259): [null:-1]->queue is empty, thread wait...
07-11 13:43:21.469 D/MdmService( 3259): [null:-1]->push message type :0
07-11 13:43:21.469 D/MdmService( 3259): [null:-1]->cmdMessage : {"cmd":"10119"}
07-11 13:43:21.469 D/MdmService( 3259): [null:-1]->command : PushCommandMsg{cmd='10119', msg='null'}
07-11 13:43:21.469 D/MDM :   ( 3259): [null:-1]->PUSH CMD: 10119
07-11 13:43:21.476 D/MdmStatusManager( 3259): [null:-1]->change status to : Busy
07-11 13:43:21.476 D/DB      ( 3259): query: SQLiteQuery: SELECT content, command_status, status FROM command WHERE status!=2
07-11 13:43:21.476 D/DB      ( 3259): factory null
07-11 13:43:21.476 D/DB      ( 3259): fillWindow: 0
07-11 13:43:21.476 D/DB      ( 3259): cursor 0
07-11 13:43:21.476 D/DB      ( 3259): moveToPos: 0
07-11 13:43:21.484 I/TransInfo( 3259): TransInfo created, id: 3, class: class com.pekall.emdm.transaction.b.c
07-11 13:43:21.484 D/NetworkThread( 3259): [null:-1]->----isRunning-----true
07-11 13:43:21.484 D/NetworkThread( 3259): [null:-1]->----isRunning-----true
