07-11 13:43:21.484 D/NetworkThread( 3259): [null:-1]->thread wakeup
07-11 13:43:21.492 D/HttpClient( 3259): enable apache.http debug
07-11 13:43:21.508 V/DEBUG   ( 3259): HTTP 0
07-11 13:43:21.633 D/dalvikvm(27574): GC_CONCURRENT freed 310K, 3% free 14119K/14464K, paused 2ms+4ms, total 75ms
07-11 13:43:21.633 D/dalvikvm(27574): WAIT_FOR_CONCURRENT_GC blocked 23ms
07-11 13:43:21.656 D/gp.PicasaPhotoCP(27574): set fsid first time:-1
07-11 13:43:21.750 W/ActivityManager(  374): Unable to start service Intent { act=com.google.android.gms.analytics.service.START (has extras) } U=0: not found
07-11 13:43:21.758 W/GAV2    (27516): Thread[GAThread,5,main]: Service unavailable (code=1), will retry.
07-11 13:43:21.765 V/DEBUG   ( 3259): HTTP 1
07-11 13:43:21.773 D/mdm_log ( 3259): [null:-1]->action is : android.intent.action.PACKAGE_ADDED
07-11 13:43:21.820 I/GAV2    (27516): Thread[GAThread,5,main]: No campaign data found.
07-11 13:43:21.820 D/MDM :   ( 3259): [null:-1]->read network input stream
07-11 13:43:21.820 D/MDM :   ( 3259): [null:-1]->read network input stream
07-11 13:43:21.875 D/CheckInTransInfo( 3259): [null:-1]->CommandMsg : CommandMsg{CommandUUID='8a8088bf471a79ec014723f29fa04523', Command=CommandObject{RequestType='DeviceInformation'}}
07-11 13:43:21.922 D/DB      ( 3259): query: SQLiteQuery: SELECT * FROM command WHERE cmd_uuid='8a8088bf471a79ec014723f29fa04523'
07-11 13:43:21.922 D/DB      ( 3259): factory null
07-11 13:43:21.922 D/DB      ( 3259): fillWindow: 0
07-11 13:43:21.922 D/DB      ( 3259): cursor 0
07-11 13:43:21.969 D/NetworkThread( 3259): [null:-1]->queue is empty, thread wait...
07-11 13:43:21.976 D/DB      ( 3259): query: SQLiteQuery: SELECT * FROM app WHERE readStatus =0
07-11 13:43:21.976 D/DB      ( 3259): factory null
07-11 13:43:21.976 D/DB      ( 3259): fillWindow: 0
07-11 13:43:21.976 D/DB      ( 3259): cursor 0
07-11 13:43:21.976 D/DB      ( 3259): query: SQLiteQuery: SELECT * FROM app WHERE type = 51107
07-11 13:43:21.976 D/DB      ( 3259): factory null
07-11 13:43:21.976 D/DB      ( 3259): fillWindow: 0
07-11 13:43:21.976 D/DB      ( 3259): cursor 2
07-11 13:43:21.976 E/Mdm     ( 3259): Call Mdm service's recordIconCount function
07-11 13:43:21.984 D/DB      ( 3259): query: SQLiteQuery: SELECT * FROM app WHERE type = 51107
07-11 13:43:21.984 D/DB      ( 3259): factory null
07-11 13:43:21.984 D/DB      ( 3259): fillWindow: 0
07-11 13:43:21.984 D/DB      ( 3259): cursor 2
07-11 13:43:21.984 D/DB      ( 3259): query: SQLiteQuery: SELECT appUUID, status FROM app WHERE status=4 AND uploadStatus=0
07-11 13:43:21.984 D/DB      ( 3259): factory null
07-11 13:43:21.984 D/DB      ( 3259): fillWindow: 0
07-11 13:43:21.984 D/DB      ( 3259): cursor 0
07-11 13:43:21.984 D/DB      ( 3259): moveToPos: 0
07-11 13:43:21.984 D/DB      ( 3259): moveToPos: 0
07-11 13:43:21.984 D/DB      ( 3259): onMove: 0
07-11 13:43:21.992 D/DB      ( 3259): moveToPos: 1
07-11 13:43:21.992 D/DB      ( 3259): onMove: 1
07-11 13:43:21.992 D/DB      ( 3259): moveToPos: 2
07-11 13:43:21.992 D/DB      ( 3259): moveToPos: 0
07-11 13:43:21.992 D/DB      ( 3259): onMove: 0
07-11 13:43:21.992 D/DB      ( 3259): moveToPos: 1
07-11 13:43:21.992 D/DB      ( 3259): onMove: 1
07-11 13:43:21.992 D/DB      ( 3259): moveToPos: 2
07-11 13:43:22.039 I/ActivityManager(  374): Start proc com.google.android.talk for broadcast com.google.android.talk/com.google.android.apps.babel.phone.PackageReplacedReceiver: pid=27603 uid=10030 gids={50030, 3003, 1015, 1006, 3002, 1028}
07-11 13:43:22.117 I/ActivityManager(  374): Process com.android.packageinstaller (pid 26400) has died.
07-11 13:43:22.133 D/MdmService( 3259): [null:-1]->handleCheckInResult
07-11 13:43:22.133 D/MdmService( 3259): [null:-1]->handleCheckInResult result keyIndex: 3
07-11 13:43:22.203 D/CommandManager( 3259): [null:-1]->execute command: CommandMsg{CommandUUID='8a8088bf471a79ec014723f29fa04523', Command=CommandObject{RequestType='DeviceInformation'}}
07-11 13:43:22.304 D/BluetoothManagerService(  374): checkIfCallerIsForegroundUser: valid=true callingUser=0 foregroundUser=0
07-11 13:43:22.601 D/dalvikvm(27603): GC_CONCURRENT freed 322K, 4% free 9043K/9404K, paused 35ms+3ms, total 81ms
07-11 13:43:22.601 W/Settings(27603): Setting airplane_mode_on has moved from android.provider.Settings.System to android.provider.Settings.Global, returning read-only value.
07-11 13:43:22.695 I/ActivityManager(  374): Start proc com.google.android.apps.maps:FriendService for broadcast com.google.android.apps.maps/com.google.googlenav.friend.android.ServiceReceiver: pid=27635 uid=10038 gids={50038, 3003, 1015, 1028}
07-11 13:43:23.140 W/GCoreUlr(  565): sending intent to update reporting state
07-11 13:43:23.219 D/dalvikvm(  565): GC_FOR_ALLOC freed 213K, 8% free 10367K/11148K, paused 69ms, total 69ms
07-11 13:43:23.281 D/dalvikvm(27603): GC_CONCURRENT freed 347K, 5% free 9091K/9476K, paused 13ms+12ms, total 150ms
07-11 13:43:23.289 D/dalvikvm(20727): GC_CONCURRENT freed 470K, 6% free 9919K/10532K, paused 7ms+8ms, total 254ms
07-11 13:43:23.297 D/dalvikvm(20727): WAIT_FOR_CONCURRENT_GC blocked 234ms
07-11 13:43:23.375 D/dalvikvm(  565): GC_FOR_ALLOC freed 80K, 8% free 10367K/11148K, paused 30ms, total 31ms
07-11 13:43:23.414 I/Velvet.VelvetFactory(27267): refreshing search history.
07-11 13:43:23.484 I/GCoreUlr(  565): Ensuring that reporting is stopped because of reasons: (no Google accounts)
07-11 13:43:23.500 I/ActivityManager(  374): Start proc com.google.android.apps.maps:LocationFriendService for broadcast com.google.android.apps.maps/com.google.googlenav.friend.reporting.LocationReportingIntentReceiver: pid=27659 uid=10038 gids={50038, 3003, 1015, 1028}
07-11 13:43:23.508 D/GCoreFlp(  565): Unknown pending intent to remove.
07-11 13:43:23.508 I/GCoreUlr(  565): Unbound from all location providers
07-11 13:43:23.703 D/dalvikvm(27267): GC_CONCURRENT freed 258K, 3% free 9317K/9604K, paused 19ms+3ms, total 120ms
07-11 13:43:23.773 D/dalvikvm(  647): GC_EXPLICIT freed 158K, 7% free 9709K/10372K, paused 7ms+5ms, total 57ms
07-11 13:43:23.812 W/Sidekick_LocationOracleImpl(27267): Best location was null
07-11 13:43:23.844 I/ActivityManager(  374): No longer want com.mgyapp.android (pid 7946): empty #17
07-11 13:43:23.906 E/Velvet.VelvetBackgroundTasksImpl(27267): Background task refresh_search_history failed
07-11 13:43:23.906 E/Velvet.VelvetBackgroundTasksImpl(27267): java.lang.NullPointerException
07-11 13:43:23.906 E/Velvet.VelvetBackgroundTasksImpl(27267): 	at com.google.common.base.Preconditions.checkNotNull(Preconditions.java:187)
07-11 13:43:23.906 E/Velvet.VelvetBackgroundTasksImpl(27267): 	at com.google.android.apps.sidekick.LocationOracleImpl.getBgHandler(LocationOracleImpl.java:270)
07-11 13:43:23.906 E/Velvet.VelvetBackgroundTasksImpl(27267): 	at com.google.android.apps.sidekick.LocationOracleImpl.requestRecentLocation(LocationOracleImpl.java:522)
07-11 13:43:23.906 E/Velvet.VelvetBackgroundTasksImpl(27267): 	at com.google.android.searchcommon.google.complete.CompleteServerClient.query(CompleteServerClient.java:157)
07-11 13:43:23.906 E/Velvet.VelvetBackgroundTasksImpl(27267): 	at com.google.android.searchcommon.google.AbstractGoogleWebSource.doQueryInternal(AbstractGoogleWebSource.java:61)
07-11 13:43:23.906 E/Velvet.VelvetBackgroundTasksImpl(27267): 	at com.google.android.searchcommon.google.AbstractGoogleSource.getSuggestions(AbstractGoogleSource.java:65)
07-11 13:43:23.906 E/Velvet.VelvetBackgroundTasksImpl(27267): 	at com.google.android.searchcommon.google.WebSuggestSourceWrapper.getSuggestions(WebSuggestSourceWrapper.java:60)
07-11 13:43:23.906 E/Velvet.VelvetBackgroundTasksImpl(27267): 	at com.google.android.searchcommon.google.WebSuggestSourceWithLocalHistory.getSuggestions(WebSuggestSourceWithLocalHistory.java:111)
07-11 13:43:23.906 E/Velvet.VelvetBackgroundTasksImpl(27267): 	at com.google.android.searchcommon.google.WebSuggestSourceWrapper.getSuggestions(WebSuggestSourceWrapper.java:60)
07-11 13:43:23.906 E/Velvet.VelvetBackgroundTasksImpl(27267): 	at com.google.android.searchcommon.google.ZeroQueryCachingWebSuggestSource.getSuggestions(ZeroQueryCachingWebSuggestSource.java:105)
07-11 13:43:23.906 E/Velvet.VelvetBackgroundTasksImpl(27267): 	at com.google.android.searchcommon.google.WebSuggestSourceWrapper.getSuggestions(WebSuggestSourceWrapper.java:60)
07-11 13:43:23.906 E/Velvet.VelvetBackgroundTasksImpl(27267): 	at com.google.android.searchcommon.google.DeletedQueryRemovingSourceWrapper.getSuggestions(DeletedQueryRemovingSourceWrapper.java:47)
07-11 13:43:23.906 E/Velvet.VelvetBackgroundTasksImpl(27267): 	at com.google.android.velvet.VelvetFactory$1.call(VelvetFactory.java:588)
07-11 13:43:23.906 E/Velvet.VelvetBackgroundTasksImpl(27267): 	at com.google.android.velvet.VelvetFactory$1.call(VelvetFactory.java:584)
07-11 13:43:23.906 E/Velvet.VelvetBackgroundTasksImpl(27267): 	at java.util.concurrent.FutureTask.run(FutureTask.java:234)
07-11 13:43:23.906 E/Velvet.VelvetBackgroundTasksImpl(27267): 	at com.google.android.searchcommon.util.NamingTaskExecutor$1.run(NamingTaskExecutor.java:50)
07-11 13:43:23.906 E/Velvet.VelvetBackgroundTasksImpl(27267): 	at java.util.concurrent.Executors$RunnableAdapter.call(Executors.java:390)
07-11 13:43:23.906 E/Velvet.VelvetBackgroundTasksImpl(27267): 	at java.util.concurrent.FutureTask.run(FutureTask.java:234)
07-11 13:43:23.906 E/Velvet.VelvetBackgroundTasksImpl(27267): 	at java.util.concurrent.ScheduledThreadPoolExecutor$ScheduledFutureTask.access$201(ScheduledThreadPoolExecutor.java:153)
07-11 13:43:23.906 E/Velvet.VelvetBackgroundTasksImpl(27267): 	at java.util.concurrent.ScheduledThreadPoolExecutor$ScheduledFutureTask.run(ScheduledThreadPoolExecutor.java:267)
07-11 13:43:23.906 E/Velvet.VelvetBackgroundTasksImpl(27267): 	at java.util.concurrent.ThreadPoolExecutor.runWorker(ThreadPoolExecutor.java:1080)
07-11 13:43:23.906 E/Velvet.VelvetBackgroundTasksImpl(27267): 	at java.util.concurrent.ThreadPoolExecutor$Worker.run(ThreadPoolExecutor.java:573)
07-11 13:43:23.906 E/Velvet.VelvetBackgroundTasksImpl(27267): 	at java.lang.Thread.run(Thread.java:841)
07-11 13:43:23.906 E/Velvet.VelvetBackgroundTasksImpl(27267): 	at com.google.android.searchcommon.util.PriorityThreadFactory$1.run(PriorityThreadFactory.java:49)
07-11 13:43:23.922 D/dalvikvm(  565): GC_FOR_ALLOC freed 56K, 7% free 10379K/11148K, paused 411ms, total 411ms
07-11 13:43:23.922 W/ActivityManager(  374): Scheduling restart of crashed service com.mgyapp.android/.service.AppService in 5000ms
07-11 13:43:23.945 I/GCoreUlr(  565): Ensuring that reporting is stopped because of reasons: (no Google accounts)
07-11 13:43:23.945 D/GCoreFlp(  565): Unknown pending intent to remove.
07-11 13:43:23.945 I/GCoreUlr(  565): Unbound from all location providers
07-11 13:43:24.898 W/MountService(  374): getVolumeState(/storage/emulated/0/external_sd): Unknown volume
07-11 13:43:24.898 W/MountService(  374): getVolumeState(/mnt/sdcard-ext): Unknown volume
07-11 13:43:24.898 W/MountService(  374): getVolumeState(/mnt/ext_sdcard): Unknown volume
07-11 13:43:24.906 W/MountService(  374): getVolumeState(/mnt/sdcard2): Unknown volume
07-11 13:43:24.906 W/MountService(  374): getVolumeState(/mnt/emmc): Unknown volume
07-11 13:43:24.906 W/MountService(  374): getVolumeState(/mnt/extSdCard): Unknown volume
07-11 13:43:24.906 W/MountService(  374): getVolumeState(/mnt/sdcard/SD_CARD): Unknown volume
07-11 13:43:24.906 W/MountService(  374): getVolumeState(/mnt/sdcard/extra_sd): Unknown volume
07-11 13:43:24.906 W/MountService(  374): getVolumeState(/mnt/extrasd_bind): Unknown volume
07-11 13:43:24.906 W/MountService(  374): getVolumeState(/mnt/sdcard/ext_sd): Unknown volume
07-11 13:43:24.906 W/MountService(  374): getVolumeState(/storage/extSdCard): Unknown volume
07-11 13:43:24.906 W/MountService(  374): getVolumeState(/storage/sdcard1): Unknown volume
07-11 13:43:24.914 W/MountService(  374): getVolumeState(/mnt/sdcard/external_SD): Unknown volume
07-11 13:43:24.914 W/MountService(  374): getVolumeState(/mnt/sdcard/external_sd): Unknown volume
07-11 13:43:24.922 I/TransInfo( 3259): TransInfo created, id: 5, class: class com.pekall.emdm.transaction.b.p
07-11 13:43:24.922 D/NetworkThread( 3259): [null:-1]->----isRunning-----true
07-11 13:43:24.922 D/NetworkThread( 3259): [null:-1]->----isRunning-----true
07-11 13:43:24.922 D/NetworkThread( 3259): [null:-1]->thread wakeup
07-11 13:43:24.922 D/HttpClient( 3259): enable apache.http debug
07-11 13:43:24.929 V/DEBUG   ( 3259): HTTP 0
07-11 13:43:25.125 D/dalvikvm( 1736): GC_CONCURRENT freed 395K, 20% free 9627K/12000K, paused 10ms+3ms, total 39ms
07-11 13:43:25.125 D/dalvikvm( 1736): WAIT_FOR_CONCURRENT_GC blocked 25ms
07-11 13:43:25.133 D/dalvikvm( 3259): GC_FOR_ALLOC freed 2862K, 30% free 18095K/25748K, paused 66ms, total 66ms
07-11 13:43:25.258 D/MDM :   ( 3259): [null:-1]->MSG_WEBSOCKET_MESSAGE : {"id":1896041176,"type":0,"command":0,"result":0,"reason":0,"params":{"msgId":"24c788bf-216c-42f4-9347-7164bb1cf1f1,24c788bf216c42f493477164bb1cf1f1","device":"ffffffffc539bb10fffffffff7aea961","message":"{\"cmd\":\"10119\"}"}}
07-11 13:43:25.273 V/DEBUG   ( 3259): HTTP 1
07-11 13:43:25.273 D/MdmService( 3259): [null:-1]->push message type :0
07-11 13:43:25.273 D/MdmService( 3259): [null:-1]->cmdMessage : {"cmd":"10119"}
07-11 13:43:25.273 D/MdmService( 3259): [null:-1]->command : PushCommandMsg{cmd='10119', msg='null'}
07-11 13:43:25.281 D/MDM :   ( 3259): [null:-1]->PUSH CMD: 10119
07-11 13:43:25.281 D/MdmService( 3259): [null:-1]->MdmStatusManager is busy , wait......
07-11 13:43:25.289 D/NetworkThread( 3259): [null:-1]->queue is empty, thread wait...
07-11 13:43:25.390 W/MountService(  374): getVolumeState(/storage/emulated/0/external_sd): Unknown volume
07-11 13:43:25.390 W/MountService(  374): getVolumeState(/mnt/sdcard-ext): Unknown volume
07-11 13:43:25.398 W/MountService(  374): getVolumeState(/mnt/ext_sdcard): Unknown volume
07-11 13:43:25.398 W/MountService(  374): getVolumeState(/mnt/sdcard2): Unknown volume
07-11 13:43:25.398 W/MountService(  374): getVolumeState(/mnt/emmc): Unknown volume
07-11 13:43:25.398 W/MountService(  374): getVolumeState(/mnt/extSdCard): Unknown volume
07-11 13:43:25.398 W/MountService(  374): getVolumeState(/mnt/sdcard/SD_CARD): Unknown volume
07-11 13:43:25.398 W/MountService(  374): getVolumeState(/mnt/sdcard/extra_sd): Unknown volume
07-11 13:43:25.398 W/MountService(  374): getVolumeState(/mnt/extrasd_bind): Unknown volume
07-11 13:43:25.398 W/MountService(  374): getVolumeState(/mnt/sdcard/ext_sd): Unknown volume
07-11 13:43:25.406 W/MountService(  374): getVolumeState(/storage/extSdCard): Unknown volume
07-11 13:43:25.406 W/MountService(  374): getVolumeState(/storage/sdcard1): Unknown volume
07-11 13:43:25.406 W/MountService(  374): getVolumeState(/mnt/sdcard/external_SD): Unknown volume
07-11 13:43:25.406 W/MountService(  374): getVolumeState(/mnt/sdcard/external_sd): Unknown volume
07-11 13:43:25.453 D/dalvikvm( 1736): GC_CONCURRENT freed 609K, 21% free 9522K/12000K, paused 4ms+5ms, total 45ms
07-11 13:43:25.453 D/dalvikvm( 1736): WAIT_FOR_CONCURRENT_GC blocked 3ms
07-11 13:43:26.226 D/dalvikvm(26499): GC_CONCURRENT freed 389K, 5% free 8954K/9380K, paused 5ms+2ms, total 26ms
07-11 13:43:26.437 D/dalvikvm(  374): GC_EXPLICIT freed 1512K, 28% free 22688K/31196K, paused 4ms+12ms, total 124ms
07-11 13:43:26.758 W/ActivityManager(  374): Unable to start service Intent { act=com.google.android.gms.analytics.service.START (has extras) } U=0: not found
07-11 13:43:26.765 W/GAV2    (27516): Thread[Service Reconnect,5,main]: Service unavailable (code=1), using local store.
07-11 13:43:27.508 I/TransInfo( 3259): TransInfo created, id: 3, class: class com.pekall.emdm.transaction.b.c
07-11 13:43:27.508 D/NetworkThread( 3259): [null:-1]->----isRunning-----true
07-11 13:43:27.508 D/NetworkThread( 3259): [null:-1]->----isRunning-----true
07-11 13:43:27.508 D/NetworkThread( 3259): [null:-1]->thread wakeup
07-11 13:43:27.695 D/dalvikvm( 3259): GC_FOR_ALLOC freed 2935K, 30% free 18244K/25748K, paused 72ms, total 73ms
07-11 13:43:27.758 D/HttpClient( 3259): enable apache.http debug
07-11 13:43:27.765 V/DEBUG   ( 3259): HTTP 0
07-11 13:43:28.008 D/dalvikvm( 3259): GC_FOR_ALLOC freed 3042K, 29% free 18334K/25748K, paused 56ms, total 56ms
07-11 13:43:28.945 I/ActivityManager(  374): Start proc com.mgyapp.android for service com.mgyapp.android/.service.AppService: pid=27801 uid=10079 gids={50079, 3003, 1015, 1028, 3002, 1006}
07-11 13:43:29.054 V/DEBUG   ( 3259): HTTP 1
07-11 13:43:29.094 D/MDM :   ( 3259): [null:-1]->read network input stream
07-11 13:43:29.094 D/MDM :   ( 3259): [null:-1]->read network input stream
07-11 13:43:29.117 D/MdmDatabaseHelper( 3259): [null:-1]->update command 8a8088bf471a79ec014723f29fa04523 to status executed
07-11 13:43:29.133 D/dalvikvm(27801): Trying to load lib /data/app-lib/com.mgyapp.android-1/libtpnsSecurity.so 0x4207e3e8
07-11 13:43:29.156 D/dalvikvm(27801): Added shared lib /data/app-lib/com.mgyapp.android-1/libtpnsSecurity.so 0x4207e3e8
07-11 13:43:29.156 I/TpnsSecurity(27801): JNI_OnLoad
07-11 13:43:29.219 D/CheckInTransInfo( 3259): [null:-1]->CommandMsg : CommandMsg{CommandUUID='8a8088bf471a79ec014723f2ae7d4524', Command=CommandObject{RequestType='DeviceInformation'}}
07-11 13:43:29.219 D/DB      ( 3259): query: SQLiteQuery: SELECT * FROM command WHERE cmd_uuid='8a8088bf471a79ec014723f2ae7d4524'
07-11 13:43:29.219 D/DB      ( 3259): factory null
07-11 13:43:29.219 D/DB      ( 3259): fillWindow: 0
07-11 13:43:29.219 D/DB      ( 3259): cursor 0
07-11 13:43:29.289 D/NetworkThread( 3259): [null:-1]->queue is empty, thread wait...
07-11 13:43:29.320 D/dalvikvm(27801): GC_CONCURRENT freed 218K, 3% free 9185K/9440K, paused 4ms+4ms, total 29ms
07-11 13:43:29.383 D/dalvikvm(27801): GC_CONCURRENT freed 236K, 4% free 9388K/9688K, paused 3ms+2ms, total 21ms
07-11 13:43:29.383 D/dalvikvm(27801): WAIT_FOR_CONCURRENT_GC blocked 17ms
07-11 13:43:29.390 D/MdmService( 3259): [null:-1]->handleCheckInResult
07-11 13:43:29.390 D/MdmService( 3259): [null:-1]->handleCheckInResult result keyIndex: 3
07-11 13:43:29.390 D/CommandManager( 3259): [null:-1]->execute command: CommandMsg{CommandUUID='8a8088bf471a79ec014723f2ae7d4524', Command=CommandObject{RequestType='DeviceInformation'}}
07-11 13:43:29.414 D/dalvikvm(27801): GC_FOR_ALLOC freed 245K, 5% free 9477K/9912K, paused 23ms, total 23ms
07-11 13:43:29.437 D/dalvikvm(27801): GC_FOR_ALLOC freed 179K, 5% free 9493K/9912K, paused 24ms, total 24ms
07-11 13:43:29.484 D/BluetoothManagerService(  374): checkIfCallerIsForegroundUser: valid=true callingUser=0 foregroundUser=0
07-11 13:43:29.515 D/dalvikvm(27801): GC_CONCURRENT freed 243K, 3% free 9710K/9996K, paused 3ms+4ms, total 40ms
07-11 13:43:29.640 D/dalvikvm(27801): GC_CONCURRENT freed 99K, 2% free 10089K/10224K, paused 3ms+7ms, total 45ms
07-11 13:43:29.640 D/dalvikvm(27801): WAIT_FOR_CONCURRENT_GC blocked 1ms
07-11 13:43:29.758 D/dalvikvm(27801): GC_CONCURRENT freed 283K, 4% free 10299K/10620K, paused 3ms+4ms, total 54ms
07-11 13:43:29.812 I/XGService(27801): checkNativeMethod passed.
07-11 13:43:29.937 D/dalvikvm(27801): GC_CONCURRENT freed 512K, 6% free 10301K/10848K, paused 4ms+11ms, total 52ms
07-11 13:43:29.937 D/dalvikvm(27801): WAIT_FOR_CONCURRENT_GC blocked 4ms
07-11 13:43:30.086 D/dalvikvm(25474): GC_CONCURRENT freed 394K, 11% free 9642K/10780K, paused 3ms+8ms, total 61ms
07-11 13:43:30.086 D/dalvikvm(25474): WAIT_FOR_CONCURRENT_GC blocked 5ms
07-11 13:43:30.195 D/dalvikvm(25474): GC_CONCURRENT freed 245K, 9% free 9868K/10780K, paused 3ms+2ms, total 41ms
07-11 13:43:30.195 D/dalvikvm(25474): WAIT_FOR_CONCURRENT_GC blocked 24ms
07-11 13:43:30.242 D/dalvikvm(25474): GC_FOR_ALLOC freed 183K, 9% free 9893K/10780K, paused 26ms, total 30ms
07-11 13:43:30.289 D/dalvikvm(25474): GC_FOR_ALLOC freed 211K, 8% free 9941K/10780K, paused 41ms, total 41ms
07-11 13:43:30.336 D/dalvikvm(25474): GC_FOR_ALLOC freed 92K, 7% free 10037K/10780K, paused 34ms, total 44ms
07-11 13:43:30.336 I/dalvikvm-heap(25474): Grow heap (frag case) to 9.912MB for 81878-byte allocation
07-11 13:43:30.375 D/dalvikvm(27801): GC_CONCURRENT freed 1550K, 16% free 9144K/10848K, paused 4ms+3ms, total 63ms
07-11 13:43:30.375 D/dalvikvm(25474): GC_FOR_ALLOC freed 0K, 7% free 10117K/10864K, paused 44ms, total 44ms
07-11 13:43:30.578 D/dalvikvm(25474): GC_CONCURRENT freed 235K, 5% free 10393K/10864K, paused 3ms+3ms, total 55ms
07-11 13:43:30.578 D/dalvikvm(25474): WAIT_FOR_CONCURRENT_GC blocked 17ms
07-11 13:43:30.711 D/dalvikvm(25474): GC_CONCURRENT freed 282K, 3% free 10623K/10940K, paused 8ms+4ms, total 64ms
07-11 13:43:30.711 D/dalvikvm(25474): WAIT_FOR_CONCURRENT_GC blocked 13ms
07-11 13:43:30.883 D/dalvikvm(25474): GC_CONCURRENT freed 418K, 5% free 10760K/11216K, paused 11ms+21ms, total 80ms
07-11 13:43:30.922 I/dalvikvm(25474): Total arena pages for JIT: 18
07-11 13:43:31.094 W/BackupManagerService(  374): dataChanged but no participant pkg='com.android.providers.settings' uid=10079
07-11 13:43:31.172 I/XGPushMessage(27801): >>TPushBaseReceiver receiver msg>>
07-11 13:43:31.172 I/TPush   (27801): >>TPushBaseReceiver receiver msg>>Intent { act=com.tencent.android.tpush.action.FEEDBACK flg=0x10 pkg=com.mgyapp.android cmp=com.mgyapp.android/com.mgyun.general.push.XGPushActionRecevier (has extras) },Bundle[mParcelledData.dataSize=348]
07-11 13:43:31.172 I/XGPushMessage(27801): >>XGPushBaseReceiver receiver feedbackHandler>>@feedbackType:1 ,@errorCode:0
07-11 13:43:31.211 D/dalvikvm(27801): GC_CONCURRENT freed 305K, 15% free 9252K/10848K, paused 4ms+7ms, total 31ms
07-11 13:43:31.820 E/JavaBinder( 3259): !!! FAILED BINDER TRANSACTION !!!
07-11 13:43:31.875 D/dalvikvm( 3259): GC_FOR_ALLOC freed 3540K, 31% free 17957K/25748K, paused 55ms, total 55ms
07-11 13:43:31.875 D/CommandManager( 3259): [null:-1]->execute command :DeviceInformation error.Package manager has died
07-11 13:43:31.875 W/System.err( 3259): java.lang.RuntimeException: Package manager has died
07-11 13:43:31.875 W/System.err( 3259): 	at android.app.ApplicationPackageManager.getInstalledPackages(ApplicationPackageManager.java:433)
07-11 13:43:31.883 W/System.err( 3259): 	at android.app.ApplicationPackageManager.getInstalledPackages(ApplicationPackageManager.java:423)
07-11 13:43:31.883 W/System.err( 3259): 	at com.pekall.emdm.e.b.a(Unknown Source)
07-11 13:43:31.883 W/System.err( 3259): 	at com.pekall.emdm.e.b.a(Unknown Source)
07-11 13:43:31.883 W/System.err( 3259): 	at com.pekall.emdm.c.a.g.a(Unknown Source)
07-11 13:43:31.883 W/System.err( 3259): 	at com.pekall.emdm.c.a.b.a(Unknown Source)
07-11 13:43:31.883 W/System.err( 3259): 	at com.pekall.emdm.c.a.af.a(Unknown Source)
07-11 13:43:31.883 W/System.err( 3259): 	at com.pekall.emdm.c.a.af.doInBackground(Unknown Source)
07-11 13:43:31.883 W/System.err( 3259): 	at android.os.AsyncTask$2.call(AsyncTask.java:287)
07-11 13:43:31.883 W/System.err( 3259): 	at java.util.concurrent.FutureTask.run(FutureTask.java:234)
07-11 13:43:31.883 W/System.err( 3259): 	at android.os.AsyncTask$SerialExecutor$1.run(AsyncTask.java:230)
07-11 13:43:31.883 W/System.err( 3259): 	at java.util.concurrent.ThreadPoolExecutor.runWorker(ThreadPoolExecutor.java:1080)
07-11 13:43:31.883 W/System.err( 3259): 	at java.util.concurrent.ThreadPoolExecutor$Worker.run(ThreadPoolExecutor.java:573)
07-11 13:43:31.883 W/System.err( 3259): 	at java.lang.Thread.run(Thread.java:841)
07-11 13:43:31.890 W/System.err( 3259): Caused by: android.os.TransactionTooLargeException
07-11 13:43:31.890 W/System.err( 3259): 	at android.os.BinderProxy.transact(Native Method)
07-11 13:43:31.890 W/System.err( 3259): 	at android.content.pm.IPackageManager$Stub$Proxy.getInstalledPackages(IPackageManager.java:2130)
07-11 13:43:31.890 W/System.err( 3259): 	at android.app.ApplicationPackageManager.getInstalledPackages(ApplicationPackageManager.java:430)
07-11 13:43:31.890 W/System.err( 3259): 	... 13 more
07-11 13:43:31.890 I/TransInfo( 3259): TransInfo created, id: 3, class: class com.pekall.emdm.transaction.b.c
07-11 13:43:31.890 D/NetworkThread( 3259): [null:-1]->----isRunning-----true
07-11 13:43:31.890 D/NetworkThread( 3259): [null:-1]->----isRunning-----true
07-11 13:43:31.890 D/NetworkThread( 3259): [null:-1]->thread wakeup
07-11 13:43:31.898 D/HttpClient( 3259): enable apache.http debug
07-11 13:43:31.898 V/DEBUG   ( 3259): HTTP 0
07-11 13:43:32.219 V/DEBUG   ( 3259): HTTP 1
07-11 13:43:32.226 D/MdmDatabaseHelper( 3259): [null:-1]->update command 8a8088bf471a79ec014723f2ae7d4524 to status executed
07-11 13:43:32.258 D/NetworkThread( 3259): [null:-1]->queue is empty, thread wait...
07-11 13:43:32.328 D/MdmService( 3259): [null:-1]->handleCheckInResult
07-11 13:43:32.328 D/MdmService( 3259): [null:-1]->handleCheckInResult result keyIndex: 3
07-11 13:43:32.328 D/HandleCommandTask( 3259): [null:-1]->execute command msg but beanBase is null
07-11 13:43:32.328 D/MdmStatusManager( 3259): [null:-1]->change status to : Idle
07-11 13:43:32.453 D/dalvikvm(  833): GC_EXPLICIT freed 1117K, 16% free 13102K/15584K, paused 4ms+7ms, total 91ms
07-11 13:43:32.719 D/dalvikvm(  833): GC_EXPLICIT freed 250K, 18% free 12852K/15584K, paused 4ms+6ms, total 67ms
07-11 13:43:33.867 D/Finsky  (26529): [1] 5.onFinished: Installation state replication succeeded.
07-11 13:43:34.953 D/MDM :   ( 3259): [null:-1]->MSG_WEBSOCKET_MESSAGE : {"id":-810842572,"type":0,"command":0,"result":0,"reason":0,"params":{"msgId":"ac6e2a50-a927-4322-bf89-c5d5e5b64d2c,ac6e2a50a9274322bf89c5d5e5b64d2c","device":"ffffffffc539bb10fffffffff7aea961","message":"{\"cmd\":\"10119\"}"}}
07-11 13:43:34.969 D/MdmService( 3259): [null:-1]->push message type :0
07-11 13:43:34.969 D/MdmService( 3259): [null:-1]->cmdMessage : {"cmd":"10119"}
07-11 13:43:34.969 D/MdmService( 3259): [null:-1]->command : PushCommandMsg{cmd='10119', msg='null'}
07-11 13:43:34.969 D/MDM :   ( 3259): [null:-1]->PUSH CMD: 10119
07-11 13:43:34.976 D/MdmStatusManager( 3259): [null:-1]->change status to : Busy
07-11 13:43:34.976 D/DB      ( 3259): query: SQLiteQuery: SELECT content, command_status, status FROM command WHERE status!=2
07-11 13:43:34.976 D/DB      ( 3259): factory null
07-11 13:43:34.976 D/DB      ( 3259): fillWindow: 0
07-11 13:43:34.984 D/DB      ( 3259): cursor 0
07-11 13:43:34.984 D/DB      ( 3259): moveToPos: 0
07-11 13:43:34.984 I/TransInfo( 3259): TransInfo created, id: 3, class: class com.pekall.emdm.transaction.b.c
07-11 13:43:34.984 D/NetworkThread( 3259): [null:-1]->----isRunning-----true
07-11 13:43:34.984 D/NetworkThread( 3259): [null:-1]->----isRunning-----true
07-11 13:43:34.984 D/NetworkThread( 3259): [null:-1]->thread wakeup
07-11 13:43:34.992 D/HttpClient( 3259): enable apache.http debug
07-11 13:43:35.000 V/DEBUG   ( 3259): HTTP 0
07-11 13:43:35.453 V/DEBUG   ( 3259): HTTP 1
07-11 13:43:35.461 D/MDM :   ( 3259): [null:-1]->read network input stream
07-11 13:43:35.469 D/CheckInTransInfo( 3259): [null:-1]->CommandMsg : CommandMsg{CommandUUID='8a8088bf471a79ec014723f2d45545b1', Command=CommandRemoveApp{Identifier='com.moji.mjweather', fromMarket=true}}
07-11 13:43:35.469 D/DB      ( 3259): query: SQLiteQuery: SELECT * FROM command WHERE cmd_uuid='8a8088bf471a79ec014723f2d45545b1'
07-11 13:43:35.469 D/DB      ( 3259): factory null
07-11 13:43:35.469 D/DB      ( 3259): fillWindow: 0
07-11 13:43:35.469 D/DB      ( 3259): cursor 0
07-11 13:43:35.515 D/NetworkThread( 3259): [null:-1]->queue is empty, thread wait...
07-11 13:43:35.617 D/MdmService( 3259): [null:-1]->handleCheckInResult
07-11 13:43:35.617 D/MdmService( 3259): [null:-1]->handleCheckInResult result keyIndex: 3
07-11 13:43:35.617 D/CommandManager( 3259): [null:-1]->execute command: CommandMsg{CommandUUID='8a8088bf471a79ec014723f2d45545b1', Command=CommandRemoveApp{Identifier='com.moji.mjweather', fromMarket=true}}
07-11 13:43:35.617 D/TEST_ALL( 3259): [null:-1]->REQ_TYPE_RM_APP
07-11 13:43:35.672 I/ActivityManager(  374): START u0 {act=android.intent.action.DELETE dat=package:com.moji.mjweather flg=0x10000000 cmp=com.android.packageinstaller/.UninstallerActivity} from pid 3259
07-11 13:43:35.711 D/DB      ( 3259): query: SQLiteQuery: SELECT * FROM app WHERE readStatus =0
07-11 13:43:35.711 D/DB      ( 3259): factory null
07-11 13:43:35.711 D/DB      ( 3259): fillWindow: 0
07-11 13:43:35.711 D/DB      ( 3259): cursor 0
07-11 13:43:35.711 D/DB      ( 3259): query: SQLiteQuery: SELECT * FROM app WHERE type = 51107
07-11 13:43:35.711 D/DB      ( 3259): factory null
07-11 13:43:35.711 D/DB      ( 3259): fillWindow: 0
07-11 13:43:35.711 D/DB      ( 3259): cursor 1
07-11 13:43:35.719 E/Mdm     ( 3259): Call Mdm service's recordIconCount function
07-11 13:43:35.719 D/DB      ( 3259): query: SQLiteQuery: SELECT * FROM app WHERE type = 51107
07-11 13:43:35.719 D/DB      ( 3259): factory null
07-11 13:43:35.719 D/DB      ( 3259): fillWindow: 0
07-11 13:43:35.726 D/DB      ( 3259): cursor 1
07-11 13:43:35.734 D/DB      ( 3259): moveToPos: 0
07-11 13:43:35.734 D/DB      ( 3259): onMove: 0
07-11 13:43:35.734 D/DB      ( 3259): moveToPos: 1
07-11 13:43:35.734 D/DB      ( 3259): moveToPos: 0
07-11 13:43:35.734 D/DB      ( 3259): onMove: 0
07-11 13:43:35.734 D/DB      ( 3259): moveToPos: 1
07-11 13:43:35.844 D/dalvikvm(  374): GC_FOR_ALLOC freed 1473K, 28% free 22717K/31196K, paused 107ms, total 107ms
07-11 13:43:35.859 D/MdmApplication( 3259): [null:-1]->onActivityPaused market.activity.AppDetailActivity , mActivityCount = 2
07-11 13:43:35.859 D/MDM :   ( 3259): [null:-1]->query
07-11 13:43:35.859 D/MDM :   ( 3259): [null:-1]->QUERY_PINCODE_CHECK_RESULT
07-11 13:43:35.859 E/Mdm     ( 3259): Call Mdm service's setLastExitTime function
07-11 13:43:35.890 I/ActivityManager(  374): Start proc com.android.packageinstaller for activity com.android.packageinstaller/.UninstallerActivity: pid=27842 uid=10045 gids={50045, 1028}
07-11 13:43:35.914 I/TransInfo( 3259): TransInfo created, id: 3, class: class com.pekall.emdm.transaction.b.c
07-11 13:43:35.914 D/NetworkThread( 3259): [null:-1]->----isRunning-----true
07-11 13:43:35.922 D/NetworkThread( 3259): [null:-1]->----isRunning-----true
07-11 13:43:35.922 D/NetworkThread( 3259): [null:-1]->thread wakeup
07-11 13:43:35.922 D/HttpClient( 3259): enable apache.http debug
07-11 13:43:35.929 V/DEBUG   ( 3259): HTTP 0
07-11 13:43:36.281 D/libEGL  (27842): loaded /vendor/lib/egl/libEGL_POWERVR_SGX540_120.so
07-11 13:43:36.320 D/libEGL  (27842): loaded /vendor/lib/egl/libGLESv1_CM_POWERVR_SGX540_120.so
07-11 13:43:36.328 D/libEGL  (27842): loaded /vendor/lib/egl/libGLESv2_POWERVR_SGX540_120.so
07-11 13:43:36.367 V/DEBUG   ( 3259): HTTP 1
07-11 13:43:36.375 D/MdmDatabaseHelper( 3259): [null:-1]->update command 8a8088bf471a79ec014723f2d45545b1 to status executed
07-11 13:43:36.406 D/OpenGLRenderer(27842): Enabling debug mode 0
07-11 13:43:36.422 D/NetworkThread( 3259): [null:-1]->queue is empty, thread wait...
07-11 13:43:36.469 D/MdmService( 3259): [null:-1]->handleCheckInResult
07-11 13:43:36.469 D/MdmService( 3259): [null:-1]->handleCheckInResult result keyIndex: 3
07-11 13:43:36.476 D/HandleCommandTask( 3259): [null:-1]->execute command msg but beanBase is null
07-11 13:43:36.476 D/MdmStatusManager( 3259): [null:-1]->change status to : Idle
07-11 13:43:36.554 V/RenderScript(27842): 0x592959f8 Launching thread(s), CPUs 2
07-11 13:43:36.586 I/ActivityManager(  374): Displayed com.android.packageinstaller/.UninstallerActivity: +703ms
07-11 13:43:39.461 I/ActivityManager(  374): No longer want com.qihoo.daemon (pid 1736): empty #17
07-11 13:43:39.476 W/ActivityManager(  374): Scheduling restart of crashed service com.qihoo.appstore/com.qihoo360.mobilesafe.pcdaemon.service.DaemonService in 5000ms
07-11 13:43:39.476 W/ActivityManager(  374): Scheduling restart of crashed service com.qihoo.appstore/com.qihoo.express.mini.service.DaemonCoreService in 5000ms
07-11 13:43:40.789 D/AndroidRuntime(27871): 
07-11 13:43:40.789 D/AndroidRuntime(27871): >>>>>> AndroidRuntime START com.android.internal.os.RuntimeInit <<<<<<
07-11 13:43:40.789 D/AndroidRuntime(27871): CheckJNI is OFF
07-11 13:43:40.828 D/dalvikvm(27871): Trying to load lib libjavacore.so 0x0
07-11 13:43:40.836 D/dalvikvm(27871): Added shared lib libjavacore.so 0x0
07-11 13:43:40.867 D/dalvikvm(27871): Trying to load lib libnativehelper.so 0x0
07-11 13:43:40.867 D/dalvikvm(27871): Added shared lib libnativehelper.so 0x0
07-11 13:43:41.179 D/AndroidRuntime(27871): Calling main entry com.android.commands.am.Am
07-11 13:43:41.179 D/dalvikvm(27871): Note: class Landroid/app/ActivityManagerNative; has 163 unimplemented (abstract) methods
07-11 13:43:41.203 D/AndroidRuntime(27871): Shutting down VM
07-11 13:43:41.203 D/jdwp    (27871): Got wake-up signal, bailing out of select
07-11 13:43:41.203 D/dalvikvm(27871): Debugger has detached; object registry had 1 entries
07-11 13:43:41.203 I/ActivityManager(  374): Start proc com.qihoo.daemon for service com.qihoo.appstore/com.qihoo360.mobilesafe.pcdaemon.service.DaemonService: pid=27881 uid=10064 gids={50064, 3003, 1015, 3002, 1006, 3001, 1028}
07-11 13:43:41.219 I/dalvikvm(27881): Turning on JNI app bug workarounds for target SDK version 10...
07-11 13:43:41.367 D/ProxyApplication(27881): attachBaseContext mCurrentProcessName : com.qihoo.daemon
07-11 13:43:41.375 D/ProxyApplication(27881): attachBaseContext mIsConfigProcesso : false
07-11 13:43:41.508 E/MyLog   (27881): ZY>>LOGD=false
07-11 13:43:41.586 D/dalvikvm(27881): GC_CONCURRENT freed 285K, 4% free 9139K/9460K, paused 3ms+13ms, total 63ms
07-11 13:43:41.640 D/dalvikvm(27881): Trying to load lib /data/data/com.qihoo.appstore/files/baohecachefileaV2 0x42080fb8
07-11 13:43:41.648 D/dalvikvm(27881): Added shared lib /data/data/com.qihoo.appstore/files/baohecachefileaV2 0x42080fb8
07-11 13:43:41.648 D/dalvikvm(27881): No JNI_OnLoad found in /data/data/com.qihoo.appstore/files/baohecachefileaV2 0x42080fb8, skipping init
07-11 13:43:41.734 W/dalvikvm(27881): Unable to resolve superclass of Lcom/qihoo/appstore/clear/g; (44)
07-11 13:43:41.742 W/dalvikvm(27881): Link of class 'Lcom/qihoo/appstore/clear/g;' failed
07-11 13:43:41.742 E/dalvikvm(27881): Could not find class 'com.qihoo.appstore.clear.g', referenced from method com.qihoo.appstore.clear.d.a
07-11 13:43:41.742 W/dalvikvm(27881): VFY: unable to resolve new-instance 1669 (Lcom/qihoo/appstore/clear/g;) in Lcom/qihoo/appstore/clear/d;
07-11 13:43:41.742 D/dalvikvm(27881): VFY: replacing opcode 0x22 at 0x0011
07-11 13:43:41.742 I/dalvikvm(27881): Could not find method android.app.IActivityManager.unregisterActivityWatcher, referenced from method com.qihoo.appstore.clear.d.b
07-11 13:43:41.742 W/dalvikvm(27881): VFY: unable to resolve interface method 210: Landroid/app/IActivityManager;.unregisterActivityWatcher (Landroid/app/IActivityWatcher;)V
07-11 13:43:41.742 D/dalvikvm(27881): VFY: replacing opcode 0x72 at 0x0011
07-11 13:43:41.750 W/dalvikvm(27881): Unable to resolve superclass of Lcom/qihoo/appstore/clear/g; (44)
07-11 13:43:41.750 W/dalvikvm(27881): Link of class 'Lcom/qihoo/appstore/clear/g;' failed
07-11 13:43:41.758 D/dalvikvm(27881): DexOpt: unable to opt direct call 0x242a at 0x14 in Lcom/qihoo/appstore/clear/d;.a
07-11 13:43:41.828 D/dalvikvm(27881): GC_CONCURRENT freed 459K, 6% free 9177K/9680K, paused 3ms+3ms, total 66ms
07-11 13:43:41.922 D/AndroidRuntime(27897): 
07-11 13:43:41.922 D/AndroidRuntime(27897): >>>>>> AndroidRuntime START com.android.internal.os.RuntimeInit <<<<<<
07-11 13:43:41.922 D/AndroidRuntime(27897): CheckJNI is OFF
07-11 13:43:41.937 D/dalvikvm(27897): Trying to load lib libjavacore.so 0x0
07-11 13:43:41.945 D/dalvikvm(27897): Added shared lib libjavacore.so 0x0
07-11 13:43:41.961 D/dalvikvm(27897): Trying to load lib libnativehelper.so 0x0
07-11 13:43:41.961 D/dalvikvm(27897): Added shared lib libnativehelper.so 0x0
07-11 13:43:41.976 D/dalvikvm(27881): GC_FOR_ALLOC freed 114K, 6% free 9154K/9680K, paused 23ms, total 26ms
07-11 13:43:41.976 I/dalvikvm-heap(27881): Grow heap (frag case) to 9.034MB for 65552-byte allocation
07-11 13:43:41.992 D/dalvikvm(27881): GC_FOR_ALLOC freed 1K, 6% free 9216K/9748K, paused 22ms, total 22ms
07-11 13:43:42.203 D/dalvikvm(27881): GC_CONCURRENT freed 459K, 6% free 9254K/9760K, paused 4ms+3ms, total 55ms
07-11 13:43:42.203 D/dalvikvm(27881): WAIT_FOR_CONCURRENT_GC blocked 23ms
07-11 13:43:42.258 D/AndroidRuntime(27897): Calling main entry com.android.commands.pm.Pm
07-11 13:43:42.304 D/dalvikvm(27881): GC_CONCURRENT freed 465K, 6% free 9273K/9792K, paused 6ms+6ms, total 48ms
07-11 13:43:42.304 D/dalvikvm(27881): WAIT_FOR_CONCURRENT_GC blocked 2ms
07-11 13:43:42.351 D/AndroidRuntime(27897): Shutting down VM
07-11 13:43:42.351 D/jdwp    (27897): Got wake-up signal, bailing out of select
07-11 13:43:42.351 D/dalvikvm(27897): Debugger has detached; object registry had 1 entries
07-11 13:43:42.375 D/dalvikvm(27881): GC_CONCURRENT freed 494K, 6% free 9237K/9812K, paused 4ms+3ms, total 27ms
07-11 13:43:42.375 D/dalvikvm(27881): WAIT_FOR_CONCURRENT_GC blocked 14ms
07-11 13:43:42.422 D/dalvikvm(27881): GC_CONCURRENT freed 494K, 6% free 9237K/9812K, paused 2ms+3ms, total 22ms
07-11 13:43:42.422 D/dalvikvm(27881): WAIT_FOR_CONCURRENT_GC blocked 12ms
07-11 13:43:42.476 D/dalvikvm(27881): GC_CONCURRENT freed 493K, 6% free 9237K/9812K, paused 3ms+2ms, total 23ms
07-11 13:43:42.476 D/dalvikvm(27881): WAIT_FOR_CONCURRENT_GC blocked 9ms
07-11 13:43:42.539 D/dalvikvm(27881): GC_CONCURRENT freed 513K, 6% free 9229K/9812K, paused 3ms+2ms, total 34ms
07-11 13:43:42.539 D/dalvikvm(27881): WAIT_FOR_CONCURRENT_GC blocked 21ms
07-11 13:43:42.609 D/dalvikvm(27881): GC_CONCURRENT freed 482K, 6% free 9259K/9812K, paused 4ms+5ms, total 28ms
07-11 13:43:42.609 D/dalvikvm(27881): WAIT_FOR_CONCURRENT_GC blocked 2ms
07-11 13:43:42.711 D/dalvikvm(27881): GC_CONCURRENT freed 490K, 6% free 9270K/9812K, paused 8ms+6ms, total 52ms
07-11 13:43:42.711 D/dalvikvm(27881): WAIT_FOR_CONCURRENT_GC blocked 2ms
07-11 13:43:42.789 D/dalvikvm(27881): GC_CONCURRENT freed 516K, 6% free 9237K/9812K, paused 3ms+15ms, total 39ms
07-11 13:43:42.789 D/dalvikvm(27881): WAIT_FOR_CONCURRENT_GC blocked 24ms
07-11 13:43:42.851 D/dalvikvm(27881): GC_CONCURRENT freed 504K, 6% free 9237K/9812K, paused 3ms+3ms, total 31ms
07-11 13:43:42.851 D/dalvikvm(27881): WAIT_FOR_CONCURRENT_GC blocked 10ms
07-11 13:43:42.945 D/dalvikvm(27881): GC_CONCURRENT freed 498K, 6% free 9237K/9812K, paused 3ms+2ms, total 56ms
07-11 13:43:42.945 D/dalvikvm(27881): WAIT_FOR_CONCURRENT_GC blocked 4ms
07-11 13:43:43.008 D/dalvikvm(27881): GC_CONCURRENT freed 496K, 6% free 9253K/9812K, paused 3ms+3ms, total 35ms
07-11 13:43:43.008 D/dalvikvm(27881): WAIT_FOR_CONCURRENT_GC blocked 10ms
07-11 13:43:43.219 D/AndroidRuntime(27944): 
07-11 13:43:43.219 D/AndroidRuntime(27944): >>>>>> AndroidRuntime START com.android.internal.os.RuntimeInit <<<<<<
07-11 13:43:43.219 D/AndroidRuntime(27944): CheckJNI is OFF
07-11 13:43:43.234 D/dalvikvm(27944): Trying to load lib libjavacore.so 0x0
07-11 13:43:43.242 D/dalvikvm(27944): Added shared lib libjavacore.so 0x0
07-11 13:43:43.258 D/dalvikvm(27944): Trying to load lib libnativehelper.so 0x0
07-11 13:43:43.258 D/dalvikvm(27944): Added shared lib libnativehelper.so 0x0
07-11 13:43:43.429 D/LightsService(  374): Excessive delay setting light: 67ms
07-11 13:43:43.484 D/AndroidRuntime(27944): Calling main entry com.android.commands.am.Am
07-11 13:43:43.492 D/dalvikvm(27944): Note: class Landroid/app/ActivityManagerNative; has 163 unimplemented (abstract) methods
07-11 13:43:43.500 D/AndroidRuntime(27944): Shutting down VM
07-11 13:43:43.500 D/jdwp    (27944): Got wake-up signal, bailing out of select
07-11 13:43:43.500 D/dalvikvm(27944): Debugger has detached; object registry had 1 entries
07-11 13:43:44.195 D/AndroidRuntime(27958): 
07-11 13:43:44.195 D/AndroidRuntime(27958): >>>>>> AndroidRuntime START com.android.internal.os.RuntimeInit <<<<<<
07-11 13:43:44.195 D/AndroidRuntime(27958): CheckJNI is OFF
07-11 13:43:44.211 D/dalvikvm(27958): Trying to load lib libjavacore.so 0x0
07-11 13:43:44.219 D/dalvikvm(27958): Added shared lib libjavacore.so 0x0
07-11 13:43:44.234 D/dalvikvm(27958): Trying to load lib libnativehelper.so 0x0
07-11 13:43:44.234 D/dalvikvm(27958): Added shared lib libnativehelper.so 0x0
07-11 13:43:44.469 D/AndroidRuntime(27958): Calling main entry com.android.commands.pm.Pm
07-11 13:43:44.554 D/AndroidRuntime(27958): Shutting down VM
07-11 13:43:44.554 D/dalvikvm(27958): Debugger has detached; object registry had 1 entries
07-11 13:43:44.945 D/dalvikvm(27881): GC_CONCURRENT freed 403K, 6% free 9256K/9812K, paused 3ms+3ms, total 31ms
07-11 13:43:44.976 I/ActivityManager(  374): START u0 {act=com.qihoo360.daemon.pcdaemon.ACTION_START_OPERATE_AUTHOR flg=0x10000000 cmp=com.qihoo.appstore/com.qihoo.express.mini.activity.PCLinkConfirmDialogActivity (has extras)} from pid 27881
07-11 13:43:45.015 D/Volley  (26529): [3068] BasicNetwork.logSlowRequests: HTTP response for request=<[ ] https://safebrowsing.google.com/safebrowsing/clientreport/download 0xc9395b26 NORMAL 1> [lifetime=84799], [size=2], [rc=200], [retryCount=1]
07-11 13:43:45.047 D/Finsky  (26529): [1] 2.onResponse: Verification id=7 response=0
07-11 13:43:45.047 W/PackageManager(  374): Invalid verification token 7 received
07-11 13:43:45.156 D/dalvikvm(  374): JIT code cache reset in 10 ms (1048528 bytes 28/0)
07-11 13:43:45.172 D/dalvikvm(  374): GC_FOR_ALLOC freed 1305K, 28% free 22669K/31196K, paused 107ms, total 112ms
07-11 13:43:45.195 D/Volley  (26529): [1] Request.finish: 84966 ms: [ ] https://safebrowsing.google.com/safebrowsing/clientreport/download 0xc9395b26 NORMAL 1
07-11 13:43:45.203 W/InputMethodManagerService(  374): Window already focused, ignoring focus gain of: com.android.internal.view.IInputMethodClient$Stub$Proxy@42cca850 attribute=null, token = android.os.BinderProxy@42c3f3a0
07-11 13:43:45.250 I/ActivityManager(  374): No longer want com.android.providers.calendar (pid 26157): empty #17
07-11 13:43:45.289 D/dalvikvm(26529): GC_CONCURRENT freed 3693K, 31% free 9299K/13336K, paused 16ms+3ms, total 90ms
07-11 13:43:47.976 W/Settings(25429): Setting airplane_mode_on has moved from android.provider.Settings.System to android.provider.Settings.Global, returning read-only value.
07-11 13:43:47.976 W/Settings(25429): Setting mobile_data has moved from android.provider.Settings.Secure to android.provider.Settings.Global.
07-11 13:43:47.976 D/BluetoothAdapter(25429): 1108510848: getState() :  mService = null. Returning STATE_OFF
07-11 13:43:47.976 W/Settings(25429): Setting airplane_mode_on has moved from android.provider.Settings.System to android.provider.Settings.Global, returning read-only value.
07-11 13:43:48.000 W/Settings(25429): Setting airplane_mode_on has moved from android.provider.Settings.System to android.provider.Settings.Global, returning read-only value.
07-11 13:43:48.000 W/Settings(25429): Setting mobile_data has moved from android.provider.Settings.Secure to android.provider.Settings.Global.
07-11 13:43:48.000 D/BluetoothAdapter(25429): 1108510848: getState() :  mService = null. Returning STATE_OFF
07-11 13:43:48.000 W/Settings(25429): Setting airplane_mode_on has moved from android.provider.Settings.System to android.provider.Settings.Global, returning read-only value.
07-11 13:43:49.273 I/PowerManagerService(  374): Going to sleep due to screen timeout...
07-11 13:43:50.140 D/SurfaceFlinger(  124): Screen released, type=0 flinger=0x400b4008
07-11 13:43:50.328 D/dalvikvm(  374): GC_FOR_ALLOC freed 1180K, 29% free 22285K/31196K, paused 104ms, total 104ms
07-11 13:43:50.344 I/WindowManager(  374): Screenshot Window{42543b68 u0 com.android.packageinstaller/com.android.packageinstaller.UninstallerActivity} was all black! mSurfaceLayer=21040 minLayer=21035 maxLayer=21040
07-11 13:43:50.492 D/NfcService(  592): NFC-C OFF, disconnect
07-11 13:43:50.656 D/MDM :   ( 3259): [null:-1]->query
07-11 13:43:50.656 D/MDM :   ( 3259): [null:-1]->QUERY_SETTING_PIN_ONOFF
07-11 13:43:50.828 D/dalvikvm(25429): GC_CONCURRENT freed 365K, 5% free 9718K/10204K, paused 15ms+4ms, total 44ms
07-11 13:43:52.336 I/ActivityManager(  374): Process com.google.android.apps.plus (pid 27574) has died.
07-11 13:43:55.281 D/dalvikvm(  374): GC_FOR_ALLOC freed 1057K, 27% free 22919K/31196K, paused 95ms, total 95ms
07-11 13:43:55.367 I/ActivityManager(  374): Start proc com.google.android.deskclock for service com.google.android.deskclock/com.android.alarmclock.DigitalAppWidgetService: pid=28000 uid=10013 gids={50013, 1028}
07-11 13:43:55.601 D/dalvikvm(  374): GC_FOR_ALLOC freed 104K, 24% free 23861K/31196K, paused 93ms, total 94ms
07-11 13:43:55.601 I/dalvikvm-heap(  374): Grow heap (frag case) to 23.518MB for 186640-byte allocation
07-11 13:43:55.695 D/dalvikvm(  374): GC_FOR_ALLOC freed 5K, 24% free 24038K/31380K, paused 96ms, total 96ms
07-11 13:43:55.789 D/dalvikvm(  374): GC_FOR_ALLOC freed 10K, 24% free 24029K/31380K, paused 92ms, total 93ms
07-11 13:43:55.789 I/dalvikvm-heap(  374): Grow heap (frag case) to 23.682MB for 186640-byte allocation
07-11 13:43:55.898 D/dalvikvm(  374): GC_FOR_ALLOC freed <1K, 24% free 24211K/31564K, paused 102ms, total 102ms
07-11 13:43:55.937 V/KeyguardHostView(  374): hide transport, gen:91
07-11 13:43:55.937 V/KeyguardHostView(  374): music state changed: 0
07-11 13:43:55.976 D/PhoneStatusBar(  450): disable: < expand icons alerts ticker system_info back home RECENT* clock search >
07-11 13:43:56.008 V/TAG     (  374): bug 7643792: fitSystemWindows([0,50][0,0])
07-11 13:43:56.101 D/dalvikvm( 1165): GC_FOR_ALLOC freed 604K, 8% free 9210K/9960K, paused 24ms, total 25ms
07-11 13:43:56.172 D/PhoneStatusBar(  450): disable: < expand icons alerts ticker system_info BACK* HOME* RECENT CLOCK* search >
07-11 13:44:00.461 W/System.err(27801): java.io.FileNotFoundException: /data/data/com.mgyapp.android/files/.cfpaps.i: open failed: ENOENT (No such file or directory)
07-11 13:44:00.476 W/System.err(27801): 	at libcore.io.IoBridge.open(IoBridge.java:409)
07-11 13:44:00.476 W/System.err(27801): 	at java.io.FileInputStream.<init>(FileInputStream.java:78)
07-11 13:44:00.476 W/System.err(27801): 	at android.app.ContextImpl.openFileInput(ContextImpl.java:702)
07-11 13:44:00.476 W/System.err(27801): 	at android.content.ContextWrapper.openFileInput(ContextWrapper.java:173)
07-11 13:44:00.476 W/System.err(27801): 	at com.mgyun.shua.jc.service.f.run(Unknown Source)
07-11 13:44:00.476 W/System.err(27801): 	at com.mgyun.shua.jc.service.CpWorkServer.onHandleIntent(Unknown Source)
07-11 13:44:00.476 W/System.err(27801): 	at android.app.IntentService$ServiceHandler.handleMessage(IntentService.java:65)
07-11 13:44:00.476 W/System.err(27801): 	at android.os.Handler.dispatchMessage(Handler.java:99)
07-11 13:44:00.476 W/System.err(27801): 	at android.os.Looper.loop(Looper.java:137)
07-11 13:44:00.476 W/System.err(27801): 	at android.os.HandlerThread.run(HandlerThread.java:61)
07-11 13:44:00.476 W/System.err(27801): Caused by: libcore.io.ErrnoException: open failed: ENOENT (No such file or directory)
07-11 13:44:00.484 W/System.err(27801): 	at libcore.io.Posix.open(Native Method)
07-11 13:44:00.484 W/System.err(27801): 	at libcore.io.BlockGuardOs.open(BlockGuardOs.java:110)
07-11 13:44:00.484 W/System.err(27801): 	at libcore.io.IoBridge.open(IoBridge.java:393)
07-11 13:44:00.484 W/System.err(27801): 	... 9 more
07-11 13:44:10.461 W/System.err(27801): java.io.FileNotFoundException: /data/data/com.mgyapp.android/files/.cfp.i: open failed: ENOENT (No such file or directory)
07-11 13:44:10.461 W/System.err(27801): 	at libcore.io.IoBridge.open(IoBridge.java:409)
07-11 13:44:10.461 W/System.err(27801): 	at java.io.FileInputStream.<init>(FileInputStream.java:78)
07-11 13:44:10.461 W/System.err(27801): 	at android.app.ContextImpl.openFileInput(ContextImpl.java:702)
07-11 13:44:10.469 W/System.err(27801): 	at android.content.ContextWrapper.openFileInput(ContextWrapper.java:173)
07-11 13:44:10.469 W/System.err(27801): 	at com.mgyun.shua.jc.c.b(Unknown Source)
07-11 13:44:10.469 W/System.err(27801): 	at com.mgyun.shua.jc.d.a(Unknown Source)
07-11 13:44:10.469 W/System.err(27801): 	at com.mgyun.shua.jc.service.CpWorkServer.onHandleIntent(Unknown Source)
07-11 13:44:10.469 W/System.err(27801): 	at android.app.IntentService$ServiceHandler.handleMessage(IntentService.java:65)
07-11 13:44:10.469 W/System.err(27801): 	at android.os.Handler.dispatchMessage(Handler.java:99)
07-11 13:44:10.469 W/System.err(27801): 	at android.os.Looper.loop(Looper.java:137)
07-11 13:44:10.469 W/System.err(27801): 	at android.os.HandlerThread.run(HandlerThread.java:61)
07-11 13:44:10.469 W/System.err(27801): Caused by: libcore.io.ErrnoException: open failed: ENOENT (No such file or directory)
07-11 13:44:10.469 W/System.err(27801): 	at libcore.io.Posix.open(Native Method)
07-11 13:44:10.469 W/System.err(27801): 	at libcore.io.BlockGuardOs.open(BlockGuardOs.java:110)
07-11 13:44:10.469 W/System.err(27801): 	at libcore.io.IoBridge.open(IoBridge.java:393)
07-11 13:44:10.469 W/System.err(27801): 	... 10 more
07-11 13:44:12.734 D/Volley  (26529): [3069] BasicNetwork.logSlowRequests: HTTP response for request=<[ ] https://safebrowsing.google.com/safebrowsing/clientreport/download 0xc9395b26 NORMAL 2> [lifetime=27549], [size=2], [rc=200], [retryCount=0]
07-11 13:44:12.734 D/Finsky  (26529): [1] 2.onResponse: Verification id=8 response=0
07-11 13:44:12.734 D/Volley  (26529): [1] Request.finish: 70095 ms: [ ] https://safebrowsing.google.com/safebrowsing/clientreport/download 0xc9395b26 NORMAL 2
07-11 13:44:12.734 W/PackageManager(  374): Invalid verification token 8 received
07-11 13:44:15.242 D/dalvikvm(  833): GC_EXPLICIT freed 458K, 18% free 12870K/15584K, paused 8ms+6ms, total 77ms
