07-11 13:40:23.922 D/TEST_ALL( 3259): [null:-1]->REQ_TYPE_RM_APP
07-11 13:40:23.976 I/ActivityManager(  374): START u0 {act=android.intent.action.DELETE dat=package:com.moji.mjweather flg=0x10000000 cmp=com.android.packageinstaller/.UninstallerActivity} from pid 3259
07-11 13:40:24.015 D/DB      ( 3259): query: SQLiteQuery: SELECT * FROM app WHERE readStatus =0
07-11 13:40:24.015 D/DB      ( 3259): factory null
07-11 13:40:24.015 D/DB      ( 3259): fillWindow: 0
07-11 13:40:24.015 D/DB      ( 3259): cursor 0
07-11 13:40:24.015 D/DB      ( 3259): query: SQLiteQuery: SELECT * FROM app WHERE type = 51107
07-11 13:40:24.015 D/DB      ( 3259): factory null
07-11 13:40:24.015 D/DB      ( 3259): fillWindow: 0
07-11 13:40:24.015 D/DB      ( 3259): cursor 1
07-11 13:40:24.015 D/DB      ( 3259): query: SQLiteQuery: SELECT * FROM app WHERE type = 51107
07-11 13:40:24.023 E/Mdm     ( 3259): Call Mdm service's recordIconCount function
07-11 13:40:24.023 D/DB      ( 3259): factory null
07-11 13:40:24.023 D/DB      ( 3259): fillWindow: 0
07-11 13:40:24.023 D/DB      ( 3259): cursor 1
07-11 13:40:24.023 D/DB      ( 3259): moveToPos: 0
07-11 13:40:24.023 D/DB      ( 3259): onMove: 0
07-11 13:40:24.031 D/DB      ( 3259): moveToPos: 1
07-11 13:40:24.031 D/DB      ( 3259): moveToPos: 0
07-11 13:40:24.031 D/DB      ( 3259): onMove: 0
07-11 13:40:24.031 D/DB      ( 3259): moveToPos: 1
07-11 13:40:24.086 D/MdmApplication( 3259): [null:-1]->onActivityPaused market.activity.AppListActivity , mActivityCount = 1
07-11 13:40:24.086 D/MDM :   ( 3259): [null:-1]->query
07-11 13:40:24.086 D/MDM :   ( 3259): [null:-1]->QUERY_PINCODE_CHECK_RESULT
07-11 13:40:24.086 E/Mdm     ( 3259): Call Mdm service's setLastExitTime function
07-11 13:40:24.109 I/ActivityManager(  374): Start proc com.android.packageinstaller for activity com.android.packageinstaller/.UninstallerActivity: pid=26400 uid=10045 gids={50045, 1028}
07-11 13:40:24.211 I/TransInfo( 3259): TransInfo created, id: 3, class: class com.pekall.emdm.transaction.b.c
07-11 13:40:24.211 D/NetworkThread( 3259): [null:-1]->----isRunning-----true
07-11 13:40:24.211 D/NetworkThread( 3259): [null:-1]->----isRunning-----true
07-11 13:40:24.211 D/NetworkThread( 3259): [null:-1]->thread wakeup
07-11 13:40:24.211 D/HttpClient( 3259): enable apache.http debug
07-11 13:40:24.219 V/DEBUG   ( 3259): HTTP 0
07-11 13:40:24.445 V/DEBUG   ( 3259): HTTP 1
07-11 13:40:24.445 D/MdmDatabaseHelper( 3259): [null:-1]->update command 8a8088bf471a79ec014723efe73943fc to status executed
07-11 13:40:24.453 D/libEGL  (26400): loaded /vendor/lib/egl/libEGL_POWERVR_SGX540_120.so
07-11 13:40:24.492 D/libEGL  (26400): loaded /vendor/lib/egl/libGLESv1_CM_POWERVR_SGX540_120.so
07-11 13:40:24.500 D/NetworkThread( 3259): [null:-1]->queue is empty, thread wait...
07-11 13:40:24.515 D/libEGL  (26400): loaded /vendor/lib/egl/libGLESv2_POWERVR_SGX540_120.so
07-11 13:40:24.547 D/MdmService( 3259): [null:-1]->handleCheckInResult
07-11 13:40:24.547 D/MdmService( 3259): [null:-1]->handleCheckInResult result keyIndex: 3
07-11 13:40:24.547 D/HandleCommandTask( 3259): [null:-1]->execute command msg but beanBase is null
07-11 13:40:24.547 D/MdmStatusManager( 3259): [null:-1]->change status to : Idle
07-11 13:40:24.601 D/OpenGLRenderer(26400): Enabling debug mode 0
07-11 13:40:24.672 V/RenderScript(26400): 0x5929a598 Launching thread(s), CPUs 2
07-11 13:40:24.703 I/ActivityManager(  374): Displayed com.android.packageinstaller/.UninstallerActivity: +602ms
07-11 13:40:24.875 W/MountService(  374): getVolumeState(/storage/emulated/0/external_sd): Unknown volume
07-11 13:40:24.875 W/MountService(  374): getVolumeState(/mnt/sdcard-ext): Unknown volume
07-11 13:40:24.875 W/MountService(  374): getVolumeState(/mnt/ext_sdcard): Unknown volume
07-11 13:40:24.875 W/MountService(  374): getVolumeState(/mnt/sdcard2): Unknown volume
07-11 13:40:24.875 W/MountService(  374): getVolumeState(/mnt/emmc): Unknown volume
07-11 13:40:24.875 W/MountService(  374): getVolumeState(/mnt/extSdCard): Unknown volume
07-11 13:40:24.875 W/MountService(  374): getVolumeState(/mnt/sdcard/SD_CARD): Unknown volume
07-11 13:40:24.875 W/MountService(  374): getVolumeState(/mnt/sdcard/extra_sd): Unknown volume
07-11 13:40:24.883 W/MountService(  374): getVolumeState(/mnt/extrasd_bind): Unknown volume
07-11 13:40:24.883 W/MountService(  374): getVolumeState(/mnt/sdcard/ext_sd): Unknown volume
07-11 13:40:24.883 W/MountService(  374): getVolumeState(/storage/extSdCard): Unknown volume
07-11 13:40:24.883 W/MountService(  374): getVolumeState(/storage/sdcard1): Unknown volume
07-11 13:40:24.883 W/MountService(  374): getVolumeState(/mnt/sdcard/external_SD): Unknown volume
07-11 13:40:24.883 W/MountService(  374): getVolumeState(/mnt/sdcard/external_sd): Unknown volume
07-11 13:40:24.992 D/dalvikvm( 1736): GC_CONCURRENT freed 328K, 20% free 9650K/12000K, paused 4ms+4ms, total 37ms
07-11 13:40:25.117 W/MountService(  374): getVolumeState(/storage/emulated/0/external_sd): Unknown volume
07-11 13:40:25.117 W/MountService(  374): getVolumeState(/mnt/sdcard-ext): Unknown volume
07-11 13:40:25.117 W/MountService(  374): getVolumeState(/mnt/ext_sdcard): Unknown volume
07-11 13:40:25.125 W/MountService(  374): getVolumeState(/mnt/sdcard2): Unknown volume
07-11 13:40:25.125 W/MountService(  374): getVolumeState(/mnt/emmc): Unknown volume
07-11 13:40:25.125 W/MountService(  374): getVolumeState(/mnt/extSdCard): Unknown volume
07-11 13:40:25.125 W/MountService(  374): getVolumeState(/mnt/sdcard/SD_CARD): Unknown volume
07-11 13:40:25.125 W/MountService(  374): getVolumeState(/mnt/sdcard/extra_sd): Unknown volume
07-11 13:40:25.125 W/MountService(  374): getVolumeState(/mnt/extrasd_bind): Unknown volume
07-11 13:40:25.125 W/MountService(  374): getVolumeState(/mnt/sdcard/ext_sd): Unknown volume
07-11 13:40:25.125 W/MountService(  374): getVolumeState(/storage/extSdCard): Unknown volume
07-11 13:40:25.125 W/MountService(  374): getVolumeState(/storage/sdcard1): Unknown volume
07-11 13:40:25.125 W/MountService(  374): getVolumeState(/mnt/sdcard/external_SD): Unknown volume
07-11 13:40:25.125 W/MountService(  374): getVolumeState(/mnt/sdcard/external_sd): Unknown volume
07-11 13:40:25.164 D/dalvikvm( 1736): GC_CONCURRENT freed 581K, 21% free 9549K/12000K, paused 3ms+6ms, total 31ms
07-11 13:40:25.328 I/PowerManagerService(  374): Going to sleep due to screen timeout...
07-11 13:40:26.203 D/SurfaceFlinger(  124): Screen released, type=0 flinger=0x400b4008
07-11 13:40:26.304 D/dalvikvm(  374): GC_FOR_ALLOC freed 2100K, 29% free 22073K/30824K, paused 100ms, total 101ms
07-11 13:40:26.414 D/NfcService(  592): NFC-C OFF, disconnect
07-11 13:40:26.492 D/MDM :   ( 3259): [null:-1]->query
07-11 13:40:26.492 D/MDM :   ( 3259): [null:-1]->QUERY_SETTING_PIN_ONOFF
07-11 13:40:27.320 I/PowerManagerService(  374): Waking up from sleep...
07-11 13:40:27.328 I/WindowManager(  374): No lock screen!
07-11 13:40:27.390 D/MdmApplication( 3259): [null:-1]->onActivityStarted market.activity.AppListActivity , mActivityCount = 0
07-11 13:40:27.390 E/Mdm     ( 3259): Call Mdm service's setLastExitTime function
07-11 13:40:27.390 D/MDM :   ( 3259): [null:-1]->query
07-11 13:40:27.390 D/MDM :   ( 3259): [null:-1]->QUERY_SETTING_PIN_TIMEOUT
07-11 13:40:27.398 D/MDM :   ( 3259): [null:-1]->query
07-11 13:40:27.398 D/MDM :   ( 3259): [null:-1]->QUERY_PINCODE_CHECK_RESULT
07-11 13:40:27.445 D/NfcService(  592): NFC-C ON
07-11 13:40:27.586 V/DigitalWidgetViewsFactory( 9147): DigitalWidget sets next alarm string to null
07-11 13:40:27.672 D/dalvikvm(  833): GC_CONCURRENT freed 1294K, 18% free 12848K/15584K, paused 7ms+7ms, total 111ms
07-11 13:40:27.703 D/PowerManagerService-JNI(  374): Excessive delay in autosuspend_disable() while turning screen on: 360ms
07-11 13:40:27.703 D/SurfaceFlinger(  124): Screen acquired, type=0 flinger=0x400b4008
07-11 13:40:27.726 D/dalvikvm(26136): GC_CONCURRENT freed 288K, 4% free 9761K/10152K, paused 7ms+15ms, total 157ms
07-11 13:40:28.086 D/AndroidRuntime(26440): 
07-11 13:40:28.086 D/AndroidRuntime(26440): >>>>>> AndroidRuntime START com.android.internal.os.RuntimeInit <<<<<<
07-11 13:40:28.086 D/AndroidRuntime(26440): CheckJNI is OFF
07-11 13:40:28.094 D/dalvikvm(26440): Trying to load lib libjavacore.so 0x0
07-11 13:40:28.101 D/dalvikvm(26440): Added shared lib libjavacore.so 0x0
07-11 13:40:28.109 D/dalvikvm(26440): Trying to load lib libnativehelper.so 0x0
07-11 13:40:28.109 D/dalvikvm(26440): Added shared lib libnativehelper.so 0x0
07-11 13:40:28.265 D/AndroidRuntime(26440): Calling main entry com.qihoo360.powerctl.root.app.App
07-11 13:40:28.273 D/AndroidRuntime(26440): Shutting down VM
07-11 13:40:28.273 D/dalvikvm(26440): Debugger has detached; object registry had 1 entries
07-11 13:40:30.094 I/ActivityManager(  374): START u0 {act=android.intent.action.VIEW cmp=com.android.packageinstaller/.UninstallAppProgress (has extras)} from pid 26400
07-11 13:40:30.187 I/ActivityManager(  374): Force stopping package com.moji.mjweather appid=10082 user=-1
07-11 13:40:30.203 W/PackageManager(  374): Couldn't delete native library directory /data/app-lib/com.moji.mjweather
07-11 13:40:30.211 I/PackageManager(  374): Removing old permission: getui.permission.GetuiService from package com.moji.mjweather
07-11 13:40:30.219 W/PackageManager(  374): Not granting permission android.permission.SEND_DOWNLOAD_COMPLETED_INTENTS to package com.google.android.browser (protectionLevel=2 flags=0x89be45)
07-11 13:40:30.234 W/PackageManager(  374): Not granting permission android.permission.WRITE_SECURE_SETTINGS to package com.qihoo360.mobilesafe.opti.powerctl (protectionLevel=50 flags=0x80be44)
07-11 13:40:30.234 W/PackageManager(  374): Unknown permission android.permission.READ_SETTINGS in package com.qihoo360.mobilesafe.opti.powerctl
07-11 13:40:30.242 W/PackageManager(  374): Not granting permission android.permission.READ_LOGS to package com.qihoo360.mobilesafe.opti.powerctl (protectionLevel=50 flags=0x80be44)
07-11 13:40:30.242 W/PackageManager(  374): Not granting permission android.permission.STATUS_BAR to package com.qihoo360.mobilesafe.opti.powerctl (protectionLevel=18 flags=0x80be44)
07-11 13:40:30.250 W/PackageManager(  374): Unknown permission android.permission.ADD_SYSTEM_SERVICE in package com.android.phone
07-11 13:40:30.250 W/PackageManager(  374): Unknown permission com.android.smspush.WAPPUSH_MANAGER_BIND in package com.android.phone
07-11 13:40:30.258 W/PackageManager(  374): Not granting permission android.permission.READ_LOGS to package com.qihoo.root (protectionLevel=50 flags=0x80be44)
07-11 13:40:30.258 W/PackageManager(  374): Not granting permission android.permission.INSTALL_PACKAGES to package com.qihoo.root (protectionLevel=18 flags=0x80be44)
07-11 13:40:30.258 W/PackageManager(  374): Not granting permission android.permission.DELETE_PACKAGES to package com.qihoo.root (protectionLevel=18 flags=0x80be44)
07-11 13:40:30.265 W/PackageManager(  374): Unknown permission com.android.vending.billing.IBillingAccountService.BIND2 in package com.google.android.gsf.login
07-11 13:40:30.265 W/PackageManager(  374): Unknown permission com.android.chrome.TOS_ACKED in package com.google.android.gsf.login
07-11 13:40:30.281 W/PackageManager(  374): Unknown permission com.android.gallery3d.permission.GALLERY_PROVIDER in package com.android.bluetooth
07-11 13:40:30.281 W/PackageManager(  374): Not granting permission android.permission.INSTALL_PACKAGES to package com.mgyapp.android (protectionLevel=18 flags=0x88be44)
07-11 13:40:30.289 W/PackageManager(  374): Not granting permission android.permission.DELETE_PACKAGES to package com.mgyapp.android (protectionLevel=18 flags=0x88be44)
07-11 13:40:30.289 W/PackageManager(  374): Not granting permission android.permission.FORCE_STOP_PACKAGES to package com.mgyapp.android (protectionLevel=2 flags=0x88be44)
07-11 13:40:30.289 W/PackageManager(  374): Not granting permission android.permission.DELETE_CACHE_FILES to package com.mgyapp.android (protectionLevel=18 flags=0x88be44)
07-11 13:40:30.289 W/PackageManager(  374): Not granting permission android.permission.READ_LOGS to package com.mgyapp.android (protectionLevel=50 flags=0x88be44)
07-11 13:40:30.289 W/PackageManager(  374): Not granting permission android.permission.WRITE_SECURE_SETTINGS to package com.mgyapp.android (protectionLevel=50 flags=0x88be44)
07-11 13:40:30.289 W/PackageManager(  374): Unknown permission android.permission.READ_OWNER_DATA in package com.mgyapp.android
07-11 13:40:30.289 W/PackageManager(  374): Unknown permission android.permission.WRITE_OWNER_DATA in package com.mgyapp.android
07-11 13:40:30.289 W/PackageManager(  374): Not granting permission android.permission.ACCESS_CACHE_FILESYSTEM to package com.mgyapp.android (protectionLevel=18 flags=0x88be44)
07-11 13:40:30.289 W/PackageManager(  374): Not granting permission android.permission.WRITE_APN_SETTINGS to package com.mgyapp.android (protectionLevel=18 flags=0x88be44)
07-11 13:40:30.289 W/PackageManager(  374): Not granting permission android.permission.MOUNT_UNMOUNT_FILESYSTEMS to package com.mgyapp.android (protectionLevel=18 flags=0x88be44)
07-11 13:40:30.289 W/PackageManager(  374): Unknown permission android.permission.RECEIVE_USER_PRESENT in package com.mgyapp.android
07-11 13:40:30.297 W/PackageManager(  374): Not granting permission android.permission.MODIFY_PHONE_STATE to package com.qihoo360.mobilesafe (protectionLevel=18 flags=0x88be44)
07-11 13:40:30.297 W/PackageManager(  374): Not granting permission android.permission.WRITE_SECURE_SETTINGS to package com.qihoo360.mobilesafe (protectionLevel=50 flags=0x88be44)
07-11 13:40:30.297 W/PackageManager(  374): Not granting permission android.permission.WRITE_APN_SETTINGS to package com.qihoo360.mobilesafe (protectionLevel=18 flags=0x88be44)
07-11 13:40:30.297 W/PackageManager(  374): Not granting permission android.permission.READ_LOGS to package com.qihoo360.mobilesafe (protectionLevel=50 flags=0x88be44)
07-11 13:40:30.304 W/PackageManager(  374): Unknown permission com.qihoo360.mobilesafe_lite.permission.FORCE_CLOSE in package com.qihoo360.mobilesafe
07-11 13:40:30.304 W/PackageManager(  374): Unknown permission telecom.mdesk.permission.FORCE_CLOSE in package com.qihoo360.mobilesafe
07-11 13:40:30.304 W/PackageManager(  374): Not granting permission android.permission.INSTALL_PACKAGES to package com.qihoo360.mobilesafe (protectionLevel=18 flags=0x88be44)
07-11 13:40:30.304 W/PackageManager(  374): Not granting permission android.permission.SET_ALWAYS_FINISH to package com.qihoo360.mobilesafe (protectionLevel=50 flags=0x88be44)
07-11 13:40:30.304 W/PackageManager(  374): Unknown permission android.permission.ACCESS_SUPERUSER in package com.qihoo360.mobilesafe
07-11 13:40:30.304 W/PackageManager(  374): Unknown permission com.qihoo360.mobilesafe.shield.permission.broadcast in package com.qihoo360.mobilesafe
07-11 13:40:30.304 W/PackageManager(  374): Unknown permission com.qihoo360.contacts.permission.broadcast in package com.qihoo360.mobilesafe
07-11 13:40:30.304 W/PackageManager(  374): Unknown permission com.qihoo360.privatehome.permission.openAppActivity in package com.qihoo360.mobilesafe
07-11 13:40:30.304 W/PackageManager(  374): Not granting permission android.permission.INSTALL_PACKAGES to package com.qihoo.appstore (protectionLevel=18 flags=0x88be44)
07-11 13:40:30.304 W/PackageManager(  374): Not granting permission android.permission.DELETE_PACKAGES to package com.qihoo.appstore (protectionLevel=18 flags=0x88be44)
07-11 13:40:30.304 W/PackageManager(  374): Not granting permission android.permission.CLEAR_APP_USER_DATA to package com.qihoo.appstore (protectionLevel=2 flags=0x88be44)
07-11 13:40:30.312 W/PackageManager(  374): Not granting permission android.permission.WRITE_MEDIA_STORAGE to package com.qihoo.appstore (protectionLevel=18 flags=0x88be44)
07-11 13:40:30.312 W/PackageManager(  374): Not granting permission android.permission.ACCESS_CACHE_FILESYSTEM to package com.qihoo.appstore (protectionLevel=18 flags=0x88be44)
07-11 13:40:30.312 W/PackageManager(  374): Unknown permission android.permission.READ_OWNER_DATA in package com.qihoo.appstore
07-11 13:40:30.312 W/PackageManager(  374): Unknown permission android.permission.WRITE_OWNER_DATA in package com.qihoo.appstore
07-11 13:40:30.312 W/PackageManager(  374): Not granting permission android.permission.CHANGE_CONFIGURATION to package com.qihoo.appstore (protectionLevel=50 flags=0x88be44)
07-11 13:40:30.312 W/PackageManager(  374): Unknown permission com.htc.launcher.permission.READ_SETTINGS in package com.qihoo.appstore
07-11 13:40:30.312 W/PackageManager(  374): Not granting permission android.permission.DEVICE_POWER to package com.qihoo.appstore (protectionLevel=2 flags=0x88be44)
07-11 13:40:30.320 W/PackageManager(  374): Not granting permission android.permission.MOUNT_UNMOUNT_FILESYSTEMS to package com.qihoo.appstore (protectionLevel=18 flags=0x88be44)
07-11 13:40:30.320 W/PackageManager(  374): Unknown permission com.huaqin.launcherEx.permission.READ_SETTINGS in package com.qihoo.appstore
07-11 13:40:30.320 W/PackageManager(  374): Unknown permission com.huaqin.launcherEx.permission.WRITE_SETTINGS in package com.qihoo.appstore
07-11 13:40:30.320 W/PackageManager(  374): Unknown permission com.android.launcher.permission.READ_PHONE_STATE in package com.qihoo.appstore
07-11 13:40:30.320 W/PackageManager(  374): Unknown permission com.huawei.launcher3.permission.READ_SETTINGS in package com.qihoo.appstore
07-11 13:40:30.320 W/PackageManager(  374): Unknown permission com.qihoo360.launcher.permission.WRITE_SETTINGS in package com.qihoo.appstore
07-11 13:40:30.320 W/PackageManager(  374): Unknown permission com.qihoo360.launcher.permission.READ_SETTINGS in package com.qihoo.appstore
07-11 13:40:30.328 W/PackageManager(  374): Not granting permission android.permission.DEVICE_POWER to package com.google.android.deskclock (protectionLevel=2 flags=0xc8be45)
07-11 13:40:30.328 W/PackageManager(  374): Unknown permission android.permission.READ_OWNER_DATA in package com.google.android.setupwizard
07-11 13:40:30.328 W/PackageManager(  374): Unknown permission android.permission.WRITE_OWNER_DATA in package com.google.android.setupwizard
07-11 13:40:30.336 W/PackageManager(  374): Not granting permission android.permission.ACCESS_DOWNLOAD_MANAGER to package by.game.binumbers (protectionLevel=18 flags=0x8be44)
07-11 13:40:30.344 W/PackageManager(  374): Unknown permission android.permission.ACCESS_MTK_MMHW in package com.qihoo.permroot
07-11 13:40:30.344 W/PackageManager(  374): Unknown permission com.google.android.voicesearch.SHORTCUTS_ACCESS in package com.google.android.googlequicksearchbox
07-11 13:40:30.344 W/PackageManager(  374): Not granting permission android.permission.ACCOUNT_MANAGER to package com.google.android.music (protectionLevel=2 flags=0x88be65)
07-11 13:40:30.344 W/PackageManager(  374): Unknown permission android.permission.READ_OWNER_DATA in package com.nd.assistance
07-11 13:40:30.344 W/PackageManager(  374): Unknown permission android.permission.WRITE_OWNER_DATA in package com.nd.assistance
07-11 13:40:30.351 W/PackageManager(  374): Not granting permission android.permission.DEVICE_POWER to package com.nd.assistance (protectionLevel=2 flags=0x80ae46)
07-11 13:40:30.351 W/PackageManager(  374): Unknown permission com.android.providers.im.permission.READ_ONLY in package com.google.android.apps.maps
07-11 13:40:30.351 W/PackageManager(  374): Unknown permission android.permission.ACCESS_SUPERUSER in package com.jrummy.root.browser
07-11 13:40:30.351 W/PackageManager(  374): Not granting permission android.permission.ACCESS_CHECKIN_PROPERTIES to package com.google.android.apps.googlevoice (protectionLevel=18 flags=0x8be44)
07-11 13:40:30.351 W/PackageManager(  374): Unknown permission com.google.android.apps.googlevoice.REMOTE_INTENT in package com.google.android.apps.googlevoice
07-11 13:40:30.359 W/PackageManager(  374): Unknown permission com.google.android.permission.RECEIVE_DATA_MESSAGE in package com.google.android.apps.googlevoice
07-11 13:40:30.359 W/PackageManager(  374): Unknown permission com.google.android.permission.SEND_DATA_MESSAGE in package com.google.android.apps.googlevoice
07-11 13:40:30.359 W/PackageManager(  374): Unknown permission com.android.providers.voicemail.permission.READ_WRITE_ALL_VOICEMAIL in package com.google.android.apps.googlevoice
07-11 13:40:30.359 W/PackageManager(  374): Unknown permission com.android.providers.voicemail.permission.READ_WRITE_OWN_VOICEMAIL in package com.google.android.apps.googlevoice
07-11 13:40:30.367 W/PackageManager(  374): Not granting permission com.google.android.apps.dashclock.permission.READ_EXTENSION_DATA to package com.betterapps.dashclock (protectionLevel=2 flags=0x8bbe44)
07-11 13:40:30.367 W/PackageManager(  374): Not granting permission android.permission.READ_LOGS to package com.pekall.emdm (protectionLevel=50 flags=0x88be46)
07-11 13:40:30.367 W/PackageManager(  374): Not granting permission android.permission.BIND_APPWIDGET to package com.pekall.emdm (protectionLevel=18 flags=0x88be46)
07-11 13:40:30.367 W/PackageManager(  374): Unknown permission com.pekall.emdm.launcher.permission.READ_SETTINGS in package com.pekall.emdm
07-11 13:40:30.367 W/PackageManager(  374): Unknown permission com.pekall.emdm.launcher.permission.WRITE_SETTINGS in package com.pekall.emdm
07-11 13:40:30.367 W/PackageManager(  374): Not granting permission android.permission.CHANGE_CONFIGURATION to package com.pekall.emdm (protectionLevel=50 flags=0x88be46)
07-11 13:40:30.367 W/PackageManager(  374): Not granting permission android.permission.INSTALL_PACKAGES to package com.pekall.emdm (protectionLevel=18 flags=0x88be46)
07-11 13:40:30.367 W/PackageManager(  374): Unknown permission android.permission.sec.ENTERPRISE_DEVICE_ADMIN in package com.pekall.emdm
07-11 13:40:30.367 W/PackageManager(  374): Unknown permission android.permission.sec.MDM_APP_MGMT in package com.pekall.emdm
07-11 13:40:30.367 W/PackageManager(  374): Unknown permission android.permission.sec.MDM_BLUETOOTH in package com.pekall.emdm
07-11 13:40:30.367 W/PackageManager(  374): Unknown permission android.permission.sec.MDM_INVENTORY in package com.pekall.emdm
07-11 13:40:30.367 W/PackageManager(  374): Unknown permission android.permission.sec.MDM_EXCHANGE in package com.pekall.emdm
07-11 13:40:30.367 W/PackageManager(  374): Unknown permission android.permission.sec.MDM_ROAMING in package com.pekall.emdm
07-11 13:40:30.367 W/PackageManager(  374): Unknown permission android.permission.sec.MDM_WIFI in package com.pekall.emdm
07-11 13:40:30.367 W/PackageManager(  374): Unknown permission android.permission.sec.MDM_SECURITY in package com.pekall.emdm
07-11 13:40:30.367 W/PackageManager(  374): Unknown permission android.permission.sec.MDM_HW_CONTROL in package com.pekall.emdm
07-11 13:40:30.367 W/PackageManager(  374): Unknown permission android.permission.sec.MDM_RESTRICTION in package com.pekall.emdm
07-11 13:40:30.367 W/PackageManager(  374): Unknown permission android.permission.sec.MDM_LOCATION in package com.pekall.emdm
07-11 13:40:30.367 W/PackageManager(  374): Not granting permission android.permission.INTERACT_ACROSS_USERS_FULL to package com.pekall.emdm (protectionLevel=2 flags=0x88be46)
07-11 13:40:30.367 W/PackageManager(  374): Unknown permission android.permission.sec.MDM_CALLING in package com.pekall.emdm
07-11 13:40:30.367 W/PackageManager(  374): Unknown permission android.permission.sec.MDM_EMAIL in package com.pekall.emdm
07-11 13:40:30.367 W/PackageManager(  374): Unknown permission android.permission.sec.MDM_VPN in package com.pekall.emdm
07-11 13:40:30.375 I/ActivityManager(  374): Displayed com.android.packageinstaller/.UninstallAppProgress: +265ms
07-11 13:40:30.375 W/PackageManager(  374): Unknown permission android.permission.sec.MDM_APN in package com.pekall.emdm
07-11 13:40:30.375 W/PackageManager(  374): Unknown permission android.permission.sec.MDM_PHONE_RESTRICTION in package com.pekall.emdm
07-11 13:40:30.375 W/PackageManager(  374): Unknown permission android.permission.sec.MDM_BROWSER_SETTINGS in package com.pekall.emdm
07-11 13:40:30.375 W/PackageManager(  374): Unknown permission android.permission.sec.MDM_DATE_TIME in package com.pekall.emdm
07-11 13:40:30.375 W/PackageManager(  374): Unknown permission android.permission.sec.MDM_ENTERPRISE_VPN in package com.pekall.emdm
07-11 13:40:30.375 W/PackageManager(  374): Unknown permission android.permission.sec.MDM_FIREWALL in package com.pekall.emdm
07-11 13:40:30.375 W/PackageManager(  374): Unknown permission android.permission.sec.MDM_APP_PERMISSION_MGMT in package com.pekall.emdm
07-11 13:40:30.375 W/PackageManager(  374): Unknown permission android.permission.sec.MDM_KIOSK_MODE in package com.pekall.emdm
07-11 13:40:30.375 W/PackageManager(  374): Not granting permission android.permission.ACCESS_DOWNLOAD_MANAGER to package com.pekall.emdm (protectionLevel=18 flags=0x88be46)
07-11 13:40:30.383 W/PackageManager(  374): Not granting permission android.permission.SEND_DOWNLOAD_COMPLETED_INTENTS to package com.pekall.emdm (protectionLevel=2 flags=0x88be46)
07-11 13:40:30.383 W/PackageManager(  374): Unknown permission com.pekall.emdm.browser.permission.READ_HISTORY_BOOKMARKS in package com.pekall.emdm
07-11 13:40:30.383 W/PackageManager(  374): Unknown permission com.pekall.emdm.browser.permission.WRITE_HISTORY_BOOKMARKS in package com.pekall.emdm
07-11 13:40:30.383 W/PackageManager(  374): Unknown permission com.pekall.semail.permission.READ_ATTACHMENT in package com.pekall.emdm
07-11 13:40:30.383 W/PackageManager(  374): Unknown permission com.pekall.semail.permission.ACCESS_PROVIDER in package com.pekall.emdm
07-11 13:40:30.390 W/PackageManager(  374): Not granting permission android.permission.WRITE_APN_SETTINGS to package com.dragon.android.pandaspace (protectionLevel=18 flags=0x80be44)
07-11 13:40:30.390 W/PackageManager(  374): Not granting permission android.permission.INSTALL_PACKAGES to package com.dragon.android.pandaspace (protectionLevel=18 flags=0x80be44)
07-11 13:40:30.398 W/PackageManager(  374): Not granting permission android.permission.CHANGE_CONFIGURATION to package com.dragon.android.pandaspace (protectionLevel=50 flags=0x80be44)
07-11 13:40:30.398 W/PackageManager(  374): Not granting permission android.permission.READ_LOGS to package com.dragon.android.pandaspace (protectionLevel=50 flags=0x80be44)
07-11 13:40:30.398 W/PackageManager(  374): Not granting permission android.permission.PACKAGE_USAGE_STATS to package com.dragon.android.pandaspace (protectionLevel=18 flags=0x80be44)
07-11 13:40:30.406 W/PackageManager(  374): Not granting permission android.permission.MOUNT_UNMOUNT_FILESYSTEMS to package com.dragon.android.pandaspace (protectionLevel=18 flags=0x80be44)
07-11 13:40:30.406 W/PackageManager(  374): Not granting permission android.permission.SET_ACTIVITY_WATCHER to package com.dragon.android.pandaspace (protectionLevel=2 flags=0x80be44)
07-11 13:40:30.406 W/PackageManager(  374): Not granting permission android.permission.DELETE_PACKAGES to package com.dragon.android.pandaspace (protectionLevel=18 flags=0x80be44)
07-11 13:40:30.406 W/PackageManager(  374): Not granting permission android.permission.CHANGE_COMPONENT_ENABLED_STATE to package com.dragon.android.pandaspace (protectionLevel=18 flags=0x80be44)
07-11 13:40:30.414 W/PackageManager(  374): Not granting permission android.permission.SEND_DOWNLOAD_COMPLETED_INTENTS to package com.android.vending (protectionLevel=2 flags=0x8abe45)
07-11 13:40:30.414 W/PackageManager(  374): Unknown permission android.permission.SEND_SMS_NO_CONFIRMATION in package com.android.vending
07-11 13:40:30.414 W/PackageManager(  374): Unknown permission android.permission.ACCESS_SUPERUSER in package com.speedsoftware.rootexplorer
07-11 13:40:30.414 W/PackageManager(  374): Not granting permission android.permission.WRITE_SECURE_SETTINGS to package com.pekall.nmefc (protectionLevel=50 flags=0x88be44)
07-11 13:40:30.414 W/PackageManager(  374): Unknown permission android.permission.ACCESS_GPS in package com.pekall.nmefc
07-11 13:40:30.414 W/PackageManager(  374): Unknown permission android.permission.BAIDU_LOCATION_SERVICE in package com.pekall.nmefc
07-11 13:40:30.414 W/PackageManager(  374): Not granting permission android.permission.MOUNT_UNMOUNT_FILESYSTEMS to package com.pekall.nmefc (protectionLevel=18 flags=0x88be44)
07-11 13:40:30.422 W/PackageManager(  374): Not granting permission android.permission.READ_DREAM_STATE to package com.google.android.gsf (protectionLevel=2 flags=0x883e45)
07-11 13:40:30.640 I/ActivityManager(  374): Force stopping package com.moji.mjweather appid=10082 user=0
07-11 13:40:30.703 D/dalvikvm(26400): GC_EXPLICIT freed 79K, 2% free 9124K/9240K, paused 5ms+5ms, total 55ms
07-11 13:40:30.734 D/dalvikvm(25048): GC_EXPLICIT freed 352K, 5% free 9273K/9664K, paused 2ms+4ms, total 45ms
07-11 13:40:30.789 D/dalvikvm(20727): GC_EXPLICIT freed 365K, 7% free 9857K/10532K, paused 7ms+6ms, total 132ms
07-11 13:40:30.851 I/Launcher(  605): Deferring update until onResume
07-11 13:40:30.906 I/InputReader(  374): Reconfiguring input devices.  changes=0x00000010
07-11 13:40:31.140 D/dalvikvm(25010): GC_EXPLICIT freed 262K, 6% free 9770K/10340K, paused 2ms+5ms, total 367ms
07-11 13:40:31.148 D/dalvikvm( 3259): GC_EXPLICIT freed 2551K, 34% free 17084K/25748K, paused 5ms+157ms, total 440ms
07-11 13:40:31.187 D/dalvikvm(26313): GC_FOR_ALLOC freed 274K, 4% free 9159K/9468K, paused 38ms, total 40ms
07-11 13:40:31.273 I/Launcher(  605): Deferring update until onResume
07-11 13:40:31.273 D/dalvikvm( 1736): GC_CONCURRENT freed 449K, 21% free 9546K/12000K, paused 4ms+7ms, total 90ms
07-11 13:40:31.281 D/dalvikvm( 1736): WAIT_FOR_CONCURRENT_GC blocked 41ms
07-11 13:40:31.390 I/ActivityManager(  374): Start proc com.google.android.gallery3d for broadcast com.google.android.gallery3d/com.android.gallery3d.app.PackagesMonitor: pid=26464 uid=10019 gids={50019, 1006, 3003, 1015, 1028}
07-11 13:40:31.414 D/VoicemailCleanupService(25048): Cleaning up data for package: com.moji.mjweather
07-11 13:40:31.492 D/dalvikvm( 1736): GC_CONCURRENT freed 196K, 19% free 9805K/12000K, paused 16ms+16ms, total 133ms
07-11 13:40:31.601 D/BackupManagerService(  374): Received broadcast Intent { act=android.intent.action.PACKAGE_REMOVED dat=package:com.moji.mjweather flg=0x8000010 (has extras) }
07-11 13:40:31.601 V/BackupManagerService(  374): removePackageParticipantsLocked: uid=10082 #1
07-11 13:40:31.758 I/Launcher(  605): Deferring update until onResume
07-11 13:40:31.883 D/dalvikvm(  374): GC_EXPLICIT freed 2729K, 27% free 22640K/30824K, paused 234ms+16ms, total 785ms
07-11 13:40:31.883 D/dalvikvm(  374): WAIT_FOR_CONCURRENT_GC blocked 132ms
07-11 13:40:31.883 D/dalvikvm(  374): WAIT_FOR_CONCURRENT_GC blocked 131ms
07-11 13:40:31.890 D/dalvikvm(  374): WAIT_FOR_CONCURRENT_GC blocked 136ms
07-11 13:40:31.890 D/dalvikvm(  374): WAIT_FOR_CONCURRENT_GC blocked 139ms
07-11 13:40:31.890 D/dalvikvm(  374): WAIT_FOR_CONCURRENT_GC blocked 132ms
07-11 13:40:31.890 D/dalvikvm(  374): WAIT_FOR_CONCURRENT_GC blocked 136ms
07-11 13:40:31.898 D/dalvikvm(  374): WAIT_FOR_CONCURRENT_GC blocked 133ms
07-11 13:40:31.898 D/dalvikvm(  374): WAIT_FOR_CONCURRENT_GC blocked 45ms
07-11 13:40:31.984 D/dalvikvm(26464): GC_CONCURRENT freed 314K, 4% free 9066K/9416K, paused 3ms+8ms, total 41ms
07-11 13:40:32.117 I/ActivityManager(  374): Start proc com.android.keychain for broadcast com.android.keychain/.KeyChainBroadcastReceiver: pid=26486 uid=1000 gids={41000, 1015, 1028, 3002, 3001, 3003, 3007}
07-11 13:40:32.203 D/dalvikvm(25010): GC_CONCURRENT freed 242K, 4% free 9954K/10340K, paused 16ms+20ms, total 152ms
07-11 13:40:32.226 W/ContextImpl(26486): Calling a method in the system process without a qualified user: android.app.ContextImpl.startService:1385 android.content.ContextWrapper.startService:473 android.content.ContextWrapper.startService:473 com.android.keychain.KeyChainBroadcastReceiver.onReceive:12 android.app.ActivityThread.handleReceiver:2424 
07-11 13:40:32.234 I/ActivityManager(  374): Start proc com.android.defcontainer for service com.android.defcontainer/.DefaultContainerService: pid=26499 uid=10012 gids={50012, 1015, 1023, 2001, 1028}
07-11 13:40:32.351 D/MdmApplication( 3259): [null:-1]->onActivityStarted market.activity.AppListActivity , mActivityCount = 1
07-11 13:40:32.359 D/MDM :   ( 3259): [null:-1]->query
07-11 13:40:32.359 D/MDM :   ( 3259): [null:-1]->QUERY_PINCODE_CHECK_RESULT
07-11 13:40:32.359 D/mdm_log ( 3259): [null:-1]->has installed by.game.binumbers
07-11 13:40:32.406 I/ActivityManager(  374): Start proc com.android.musicfx for broadcast com.android.musicfx/.Compatibility$Receiver: pid=26513 uid=10042 gids={50042, 3003, 3002, 1028}
07-11 13:40:32.562 I/ActivityManager(  374): Start proc com.android.vending for broadcast com.android.vending/com.google.android.finsky.receivers.PackageMonitorReceiver$RegisteredReceiver: pid=26529 uid=10047 gids={50047, 3003, 1015, 1028}
07-11 13:40:33.133 W/MountService(  374): getVolumeState(/storage/emulated/0/external_sd): Unknown volume
07-11 13:40:33.133 W/MountService(  374): getVolumeState(/mnt/sdcard-ext): Unknown volume
07-11 13:40:33.133 W/MountService(  374): getVolumeState(/mnt/ext_sdcard): Unknown volume
07-11 13:40:33.148 W/MountService(  374): getVolumeState(/mnt/sdcard2): Unknown volume
07-11 13:40:33.148 W/MountService(  374): getVolumeState(/mnt/emmc): Unknown volume
07-11 13:40:33.148 W/MountService(  374): getVolumeState(/mnt/extSdCard): Unknown volume
07-11 13:40:33.148 W/MountService(  374): getVolumeState(/mnt/sdcard/SD_CARD): Unknown volume
07-11 13:40:33.156 W/MountService(  374): getVolumeState(/mnt/sdcard/extra_sd): Unknown volume
07-11 13:40:33.156 W/MountService(  374): getVolumeState(/mnt/extrasd_bind): Unknown volume
07-11 13:40:33.156 W/MountService(  374): getVolumeState(/mnt/sdcard/ext_sd): Unknown volume
07-11 13:40:33.156 W/MountService(  374): getVolumeState(/storage/extSdCard): Unknown volume
07-11 13:40:33.164 D/Finsky  (26529): [1] FinskyApp.onCreate: Initializing network with DFE https://android.clients.google.com/fdfe/
07-11 13:40:33.164 W/MountService(  374): getVolumeState(/storage/sdcard1): Unknown volume
07-11 13:40:33.164 W/MountService(  374): getVolumeState(/mnt/sdcard/external_SD): Unknown volume
07-11 13:40:33.164 W/MountService(  374): getVolumeState(/mnt/sdcard/external_sd): Unknown volume
07-11 13:40:33.250 D/dalvikvm(26529): GC_CONCURRENT freed 280K, 4% free 9113K/9432K, paused 5ms+4ms, total 44ms
07-11 13:40:33.281 D/Finsky  (26529): [1] DailyHygiene.goMakeHygieneIfDirty: Dirty, need more hygiene.
07-11 13:40:33.304 W/Settings(26529): Setting download_manager_max_bytes_over_mobile has moved from android.provider.Settings.Secure to android.provider.Settings.Global.
07-11 13:40:33.320 W/Settings(26529): Setting download_manager_recommended_max_bytes_over_mobile has moved from android.provider.Settings.Secure to android.provider.Settings.Global.
07-11 13:40:33.320 W/Finsky  (26529): [1] FinskyApp.getCurrentAccount: No account configured on this device.
07-11 13:40:33.320 W/Finsky  (26529): [1] FinskyApp.getDfeApi: No account configured on this device.
07-11 13:40:33.390 D/dalvikvm( 1736): GC_CONCURRENT freed 610K, 20% free 9649K/12000K, paused 3ms+4ms, total 56ms
07-11 13:40:33.461 D/dalvikvm(  577): GC_EXPLICIT freed 416K, 7% free 11549K/12344K, paused 3ms+8ms, total 84ms
07-11 13:40:33.476 I/ActivityManager(  374): Start proc com.google.android.apps.plus for broadcast com.google.android.apps.plus/.service.PackagesMediaMonitor: pid=26572 uid=10048 gids={50048, 3003, 3002, 1015, 1006, 1028}
07-11 13:40:33.492 D/Finsky  (26529): [1] GmsCoreHelper.cleanupNlp: result=false type=4
07-11 13:40:33.547 D/LightsService(  374): Excessive delay setting light: 61ms
07-11 13:40:33.804 W/MountService(  374): getVolumeState(/storage/emulated/0/external_sd): Unknown volume
07-11 13:40:33.812 W/MountService(  374): getVolumeState(/mnt/sdcard-ext): Unknown volume
07-11 13:40:33.812 W/MountService(  374): getVolumeState(/mnt/ext_sdcard): Unknown volume
07-11 13:40:33.812 W/MountService(  374): getVolumeState(/mnt/sdcard2): Unknown volume
07-11 13:40:33.812 W/MountService(  374): getVolumeState(/mnt/emmc): Unknown volume
07-11 13:40:33.812 W/MountService(  374): getVolumeState(/mnt/extSdCard): Unknown volume
07-11 13:40:33.812 W/MountService(  374): getVolumeState(/mnt/sdcard/SD_CARD): Unknown volume
07-11 13:40:33.820 W/MountService(  374): getVolumeState(/mnt/sdcard/extra_sd): Unknown volume
07-11 13:40:33.820 W/MountService(  374): getVolumeState(/mnt/extrasd_bind): Unknown volume
07-11 13:40:33.820 W/MountService(  374): getVolumeState(/mnt/sdcard/ext_sd): Unknown volume
07-11 13:40:33.820 W/MountService(  374): getVolumeState(/storage/extSdCard): Unknown volume
07-11 13:40:33.820 W/MountService(  374): getVolumeState(/storage/sdcard1): Unknown volume
07-11 13:40:33.820 W/MountService(  374): getVolumeState(/mnt/sdcard/external_SD): Unknown volume
07-11 13:40:33.828 W/MountService(  374): getVolumeState(/mnt/sdcard/external_sd): Unknown volume
07-11 13:40:33.929 D/dalvikvm(26572): GC_CONCURRENT freed 319K, 4% free 9072K/9428K, paused 8ms+13ms, total 44ms
07-11 13:40:33.929 D/dalvikvm(25010): GC_CONCURRENT freed 295K, 4% free 10047K/10444K, paused 3ms+7ms, total 70ms
07-11 13:40:33.937 D/dalvikvm( 1736): GC_CONCURRENT freed 619K, 21% free 9513K/12000K, paused 9ms+3ms, total 91ms
07-11 13:40:34.000 D/dalvikvm(24931): GC_EXPLICIT freed 161K, 3% free 9189K/9388K, paused 19ms+10ms, total 76ms
07-11 13:40:34.078 D/dalvikvm(26572): GC_CONCURRENT freed 123K, 2% free 9418K/9580K, paused 4ms+3ms, total 25ms
07-11 13:40:34.164 D/dalvikvm(26572): GC_CONCURRENT freed 145K, 2% free 9768K/9960K, paused 1ms+4ms, total 26ms
07-11 13:40:34.265 D/dalvikvm(26572): GC_CONCURRENT freed 145K, 2% free 10116K/10316K, paused 3ms+3ms, total 35ms
07-11 13:40:34.265 D/dalvikvm(26572): WAIT_FOR_CONCURRENT_GC blocked 12ms
07-11 13:40:34.367 D/dalvikvm(26572): GC_CONCURRENT freed 137K, 2% free 10459K/10664K, paused 4ms+3ms, total 38ms
07-11 13:40:34.367 D/dalvikvm(26572): WAIT_FOR_CONCURRENT_GC blocked 7ms
07-11 13:40:34.445 D/dalvikvm(26572): GC_CONCURRENT freed 324K, 4% free 10580K/10988K, paused 3ms+2ms, total 30ms
07-11 13:40:34.445 D/dalvikvm(26572): WAIT_FOR_CONCURRENT_GC blocked 26ms
07-11 13:40:34.476 D/dalvikvm(26572): GC_FOR_ALLOC freed 62K, 4% free 10644K/10988K, paused 27ms, total 27ms
07-11 13:40:34.508 D/dalvikvm(26572): GC_FOR_ALLOC freed 126K, 5% free 10772K/11244K, paused 26ms, total 26ms
07-11 13:40:34.508 I/dalvikvm-heap(26572): Grow heap (frag case) to 10.783MB for 242378-byte allocation
07-11 13:40:34.539 D/dalvikvm(26572): GC_FOR_ALLOC freed 0K, 5% free 11009K/11484K, paused 28ms, total 28ms
07-11 13:40:34.578 D/dalvikvm(26572): GC_FOR_ALLOC freed 499K, 7% free 11011K/11740K, paused 27ms, total 27ms
07-11 13:40:34.609 D/dalvikvm(26572): GC_FOR_ALLOC freed 369K, 6% free 11120K/11740K, paused 26ms, total 26ms
07-11 13:40:34.640 D/dalvikvm(26572): GC_FOR_ALLOC freed 126K, 5% free 11248K/11740K, paused 26ms, total 26ms
07-11 13:40:34.758 D/dalvikvm(26572): GC_CONCURRENT freed 370K, 4% free 11655K/12060K, paused 2ms+3ms, total 34ms
07-11 13:40:34.758 D/dalvikvm(26572): WAIT_FOR_CONCURRENT_GC blocked 7ms
07-11 13:40:34.945 D/dalvikvm(26572): GC_CONCURRENT freed 200K, 2% free 12369K/12604K, paused 2ms+4ms, total 40ms
07-11 13:40:34.945 D/dalvikvm(26572): WAIT_FOR_CONCURRENT_GC blocked 12ms
07-11 13:40:35.172 D/dalvikvm(26572): GC_CONCURRENT freed 485K, 4% free 13036K/13556K, paused 3ms+3ms, total 46ms
07-11 13:40:35.172 D/dalvikvm(26572): WAIT_FOR_CONCURRENT_GC blocked 14ms
07-11 13:40:35.484 D/dalvikvm(26572): GC_CONCURRENT freed 570K, 5% free 13839K/14444K, paused 3ms+4ms, total 55ms
07-11 13:40:35.484 D/dalvikvm(26572): WAIT_FOR_CONCURRENT_GC blocked 23ms
07-11 13:40:35.609 D/gp.PicasaPhotoCP(26572): set fsid first time:-1
07-11 13:40:35.609 I/ActivityManager(  374): Start proc com.google.android.gms for broadcast com.google.android.gms/.games.receiver.GamesSystemBroadcastReceiver: pid=26590 uid=10009 gids={50009, 3003, 1007, 1028, 1015, 1006, 2001, 3006}
07-11 13:40:35.969 I/ActivityManager(  374): Start proc com.google.android.googlequicksearchbox for broadcast com.google.android.googlequicksearchbox/com.google.android.apps.sidekick.GmmLocationProviderImpl$GmmPackageWatcher: pid=26617 uid=10056 gids={50056, 3003, 1028, 1007, 3002, 1015}
07-11 13:40:36.109 D/dalvikvm(26590): GC_CONCURRENT freed 292K, 4% free 9142K/9468K, paused 5ms+14ms, total 175ms
07-11 13:40:36.109 D/dalvikvm(26590): WAIT_FOR_CONCURRENT_GC blocked 15ms
07-11 13:40:36.109 D/dalvikvm(26590): WAIT_FOR_CONCURRENT_GC blocked 11ms
07-11 13:40:36.109 D/dalvikvm(26590): WAIT_FOR_CONCURRENT_GC blocked 11ms
07-11 13:40:36.273 I/ActivityManager(  374): Start proc com.google.android.partnersetup for content provider com.google.android.partnersetup/.RlzAppProvider: pid=26667 uid=10027 gids={50027, 3003, 1028}
07-11 13:40:36.312 D/dalvikvm(  647): GC_EXPLICIT freed 316K, 7% free 9714K/10372K, paused 77ms+6ms, total 163ms
07-11 13:40:36.437 D/dalvikvm(26617): GC_CONCURRENT freed 252K, 4% free 9177K/9464K, paused 13ms+5ms, total 57ms
07-11 13:40:36.476 W/GAV2    (26617): Thread[main,5,main]: Need to call initialize() and be in fallback mode to start dispatch.
07-11 13:40:36.492 I/ActivityManager(  374): No longer want com.google.android.apps.maps:FriendService (pid 22853): empty #17
07-11 13:40:36.500 D/mdm_log ( 3259): [null:-1]->action is : android.intent.action.PACKAGE_REMOVED
07-11 13:40:36.570 D/DB      ( 3259): query: SQLiteQuery: SELECT * FROM app WHERE type = 51107
07-11 13:40:36.570 D/DB      ( 3259): factory null
07-11 13:40:36.570 D/DB      ( 3259): fillWindow: 0
07-11 13:40:36.570 D/DB      ( 3259): cursor 1
07-11 13:40:36.578 D/DB      ( 3259): query: SQLiteQuery: SELECT * FROM app WHERE readStatus =0
07-11 13:40:36.578 D/DB      ( 3259): factory null
07-11 13:40:36.578 D/DB      ( 3259): fillWindow: 0
07-11 13:40:36.578 D/DB      ( 3259): cursor 0
07-11 13:40:36.578 D/DB      ( 3259): query: SQLiteQuery: SELECT * FROM app WHERE type = 51107
07-11 13:40:36.578 D/DB      ( 3259): factory null
07-11 13:40:36.578 D/DB      ( 3259): fillWindow: 0
07-11 13:40:36.578 D/DB      ( 3259): cursor 1
07-11 13:40:36.578 E/Mdm     ( 3259): Call Mdm service's recordIconCount function
07-11 13:40:36.586 D/DB      ( 3259): moveToPos: 0
07-11 13:40:36.586 D/DB      ( 3259): onMove: 0
07-11 13:40:36.586 D/DB      ( 3259): moveToPos: 1
07-11 13:40:36.586 D/DB      ( 3259): moveToPos: 0
07-11 13:40:36.586 D/DB      ( 3259): onMove: 0
07-11 13:40:36.586 D/DB      ( 3259): moveToPos: 1
07-11 13:40:36.586 D/dalvikvm(26590): No JNI_OnLoad found in /system/lib/libAppDataSearch.so 0x420855d8, skipping init
07-11 13:40:36.687 D/dalvikvm( 1165): GC_FOR_ALLOC freed 129K, 4% free 9455K/9840K, paused 20ms, total 21ms
07-11 13:40:36.719 D/dalvikvm(26714): Late-enabling CheckJNI
07-11 13:40:36.726 D/Icing   (26590): Init last flush num docs 0 last docstore size 0
07-11 13:40:36.726 D/Icing   (26590): Docid map file has no data, nothing to scan
07-11 13:40:36.726 D/Icing   (26590): File /data/data/com.google.android.gms/files/AppDataSearch/main/cur/ds.perdocdata contains 0 records of size 6
07-11 13:40:36.726 I/ActivityManager(  374): Start proc com.noshufou.android.su for broadcast com.noshufou.android.su/.UninstallReceiver: pid=26714 uid=10077 gids={50077, 3003, 1015, 1028}
07-11 13:40:36.765 D/dalvikvm(  125): GC_EXPLICIT freed 40K, 1% free 8921K/9000K, paused 3ms+4ms, total 43ms
07-11 13:40:36.765 I/dalvikvm(26714): Turning on JNI app bug workarounds for target SDK version 11...
07-11 13:40:36.789 D/dalvikvm(  125): GC_EXPLICIT freed <1K, 1% free 8921K/9000K, paused 2ms+4ms, total 27ms
07-11 13:40:36.820 D/dalvikvm(  125): GC_EXPLICIT freed <1K, 1% free 8921K/9000K, paused 2ms+4ms, total 27ms
07-11 13:40:36.844 D/dalvikvm(26590): GC_CONCURRENT freed 310K, 4% free 9256K/9604K, paused 10ms+19ms, total 160ms
07-11 13:40:36.844 D/Icing   (26590): Init docstore ok num docs 0 bytes 0
07-11 13:40:36.883 I/ActivityManager(  374): Start proc com.qihoo.root for broadcast com.qihoo.root/.UninstallReceiver: pid=26728 uid=10078 gids={50078, 1015, 3003, 1028}
07-11 13:40:36.883 I/ActivityManager(  374): No longer want com.google.android.apps.maps:LocationFriendService (pid 22865): empty #17
07-11 13:40:36.890 V/Icing   (26590): Lite index crc computed in 0.183ms
07-11 13:40:36.890 V/Icing   (26590): Lite index init ok in 11.810ms
07-11 13:40:36.890 V/Icing   (26590): Warming lite-index took 0.000ms
07-11 13:40:36.890 V/Icing   (26590): Warming lexicon took 0.000ms
07-11 13:40:36.890 V/Icing   (26590): Warming display mappings took 0.000ms
07-11 13:40:36.890 D/Icing   (26590): Init index ok num docs 0
07-11 13:40:36.890 D/Icing   (26590): Init done
07-11 13:40:36.914 I/dalvikvm(26728): Turning on JNI app bug workarounds for target SDK version 7...
07-11 13:40:36.922 I/PeopleDatabaseHelper(26590): cleanUpNonGplusAccounts done.
07-11 13:40:36.984 I/Icing   (26590): 0 corpora need re-polling
07-11 13:40:36.984 D/dalvikvm(26728): Trying to load lib /data/data/com.qihoo.root/lib/libnativeutil.so 0x4207bef8
07-11 13:40:36.984 D/dalvikvm(26728): Added shared lib /data/data/com.qihoo.root/lib/libnativeutil.so 0x4207bef8
07-11 13:40:36.992 I/ActivityManager(  374): No longer want com.google.android.deskclock (pid 9147): empty #17
07-11 13:40:37.000 I/ActivityManager(  374): No longer want com.google.android.calendar (pid 26218): empty #17
07-11 13:40:37.140 D/dalvikvm(  374): GC_EXPLICIT freed 2600K, 27% free 22532K/30824K, paused 4ms+13ms, total 131ms
07-11 13:40:37.148 W/GAV2    (26464): Thread[GAThread,5,main]: Service unavailable (code=1), will retry.
07-11 13:40:37.148 W/ActivityManager(  374): Unable to start service Intent { act=com.google.android.gms.analytics.service.START (has extras) } U=0: not found
07-11 13:40:37.179 I/GAV2    (26464): Thread[GAThread,5,main]: No campaign data found.
07-11 13:40:37.195 I/Recovery(26590): Received: Intent { act=com.google.android.gms.INITIALIZE flg=0x10 pkg=com.google.android.gms cmp=com.google.android.gms/.recovery.AccountRecoveryBackgroundService$Receiver }
07-11 13:40:37.219 I/ActivityManager(  374): Start proc com.google.android.gsf.login for service com.google.android.gms/.recovery.AccountRecoveryBackgroundService: pid=26747 uid=10009 gids={50009, 3003, 1007, 1028, 1015, 1006, 2001, 3006}
07-11 13:40:37.234 D/GCM     (  647): GcmService start Intent { act=com.google.android.gms.INITIALIZE flg=0x10 pkg=com.google.android.gms cmp=com.google.android.gms/.gcm.GcmService } com.google.android.gms.INITIALIZE
07-11 13:40:37.281 I/Recovery(26590): Received: Intent { act=com.google.android.gms.INITIALIZE flg=0x10 pkg=com.google.android.gms cmp=com.google.android.gms/.recovery.AccountRecoveryBackgroundService$Receiver }
07-11 13:40:37.289 D/GCM     (  647): GcmService start Intent { act=com.google.android.gms.INITIALIZE flg=0x10 pkg=com.google.android.gms cmp=com.google.android.gms/.gcm.GcmService } com.google.android.gms.INITIALIZE
07-11 13:40:37.320 I/ActivityManager(  374): No longer want com.nd.assistance (pid 26300): empty #17
07-11 13:40:39.570 I/TransInfo( 3259): TransInfo created, id: 5, class: class com.pekall.emdm.transaction.b.p
07-11 13:40:39.570 D/NetworkThread( 3259): [null:-1]->----isRunning-----true
07-11 13:40:39.570 D/NetworkThread( 3259): [null:-1]->----isRunning-----true
07-11 13:40:39.570 D/NetworkThread( 3259): [null:-1]->thread wakeup
07-11 13:40:39.570 D/HttpClient( 3259): enable apache.http debug
07-11 13:40:39.586 V/DEBUG   ( 3259): HTTP 0
07-11 13:40:39.844 D/MDM :   ( 3259): [null:-1]->MSG_WEBSOCKET_MESSAGE : {"id":1185896508,"type":0,"command":0,"result":0,"reason":0,"params":{"msgId":"8cb1c1bf-5cda-48d7-8d55-07f63b1309cd,8cb1c1bf5cda48d78d5507f63b1309cd","device":"ffffffffc539bb10fffffffff7aea961","message":"{\"cmd\":\"10119\"}"}}
07-11 13:40:39.859 D/MdmService( 3259): [null:-1]->push message type :0
07-11 13:40:39.859 D/MdmService( 3259): [null:-1]->cmdMessage : {"cmd":"10119"}
07-11 13:40:39.859 V/DEBUG   ( 3259): HTTP 1
07-11 13:40:39.859 D/MdmService( 3259): [null:-1]->command : PushCommandMsg{cmd='10119', msg='null'}
07-11 13:40:39.867 D/MDM :   ( 3259): [null:-1]->PUSH CMD: 10119
07-11 13:40:39.867 D/MdmStatusManager( 3259): [null:-1]->change status to : Busy
07-11 13:40:39.867 D/NetworkThread( 3259): [null:-1]->queue is empty, thread wait...
07-11 13:40:39.867 D/DB      ( 3259): query: SQLiteQuery: SELECT content, command_status, status FROM command WHERE status!=2
07-11 13:40:39.867 D/DB      ( 3259): factory null
07-11 13:40:39.867 D/DB      ( 3259): fillWindow: 0
07-11 13:40:39.867 D/DB      ( 3259): cursor 0
07-11 13:40:39.875 D/DB      ( 3259): moveToPos: 0
07-11 13:40:39.875 I/TransInfo( 3259): TransInfo created, id: 3, class: class com.pekall.emdm.transaction.b.c
07-11 13:40:39.875 D/NetworkThread( 3259): [null:-1]->----isRunning-----true
07-11 13:40:39.875 D/NetworkThread( 3259): [null:-1]->----isRunning-----true
07-11 13:40:39.883 D/NetworkThread( 3259): [null:-1]->thread wakeup
07-11 13:40:39.883 D/HttpClient( 3259): enable apache.http debug
07-11 13:40:39.890 V/DEBUG   ( 3259): HTTP 0
07-11 13:40:40.109 V/DEBUG   ( 3259): HTTP 1
07-11 13:40:40.140 D/MDM :   ( 3259): [null:-1]->read network input stream
07-11 13:40:40.140 D/MDM :   ( 3259): [null:-1]->read network input stream
07-11 13:40:40.179 D/CheckInTransInfo( 3259): [null:-1]->CommandMsg : CommandMsg{CommandUUID='8a8088bf471a79ec014723f028784403', Command=CommandObject{RequestType='DeviceInformation'}}
07-11 13:40:40.179 D/DB      ( 3259): query: SQLiteQuery: SELECT * FROM command WHERE cmd_uuid='8a8088bf471a79ec014723f028784403'
