07-11 14:27:28.648 D/DB      ( 3259): moveToPos: 0
07-11 14:27:28.648 D/DB      ( 3259): onMove: 0
07-11 14:27:28.656 D/ExchangeService( 3259): !!! EAS ExchangeService, stopping self
07-11 14:27:28.672 D/dalvikvm( 2759): GC_FOR_ALLOC freed 231K, 3% free 9562K/9828K, paused 37ms, total 38ms
07-11 14:27:28.726 D/ActivityThread( 2759): Loading provider com.pekall.semail.provider;com.pekall.semail.notifier: com.pekall.semail.provider.EmailProvider
07-11 14:27:28.726 D/ActivityThread( 2759): Loading provider com.pekall.semail.provider;com.pekall.semail.notifier: com.pekall.semail.provider.EmailProvider
07-11 14:27:28.734 I/Sandbox ( 2759): [Sandbox] initForTest, modified on 6.3
07-11 14:27:28.734 V/SandboxConnection( 2759): [SConnection] retry to bind service
07-11 14:27:28.734 V/SandboxConnection( 2759): [SConnection] sandbox service is NOT installed.
07-11 14:27:28.734 V/SandboxConnection( 2759): [SConnection] binding service: pekall.intent.action.SANDBOX_SERVICE
07-11 14:27:28.742 W/SQLiteOpenHelper( 2759): Opened /data/data/com.pekall.emdm/databases/message.db
07-11 14:27:28.773 D/dalvikvm( 2651): GC_FOR_ALLOC freed 504K, 72% free 744K/2588K, paused 9ms, total 9ms
07-11 14:27:28.789 E/DB      ( 2759): bind, index: 1, value: 0
07-11 14:27:28.789 D/DB      ( 2759): query: SQLiteQuery: SELECT * FROM message WHERE status =?
07-11 14:27:28.789 D/DB      ( 2759): factory null
07-11 14:27:28.789 D/DB      ( 2759): fillWindow: 0
07-11 14:27:28.797 D/DB      ( 2759): cursor 0
07-11 14:27:28.797 E/Mdm     ( 3259): Call Mdm service's recordIconCount function
07-11 14:27:28.797 E/DB      ( 2759): bind, index: 1, value: 0
07-11 14:27:28.797 E/DB      ( 2759): bind, index: 2, value: 100
07-11 14:27:28.804 D/DB      ( 2759): query: SQLiteQuery: SELECT * FROM message WHERE status=? and type=?
07-11 14:27:28.804 D/DB      ( 2759): factory null
07-11 14:27:28.804 D/DB      ( 2759): fillWindow: 0
07-11 14:27:28.804 D/DB      ( 2759): cursor 0
07-11 14:27:28.804 V/SettingApplication( 2759): SettingApplication.onCreate: this=com.pekall.emdm.setting.ai@42087b00
07-11 14:27:28.890 D/dalvikvm( 2759): GC_FOR_ALLOC freed 523K, 6% free 9548K/10108K, paused 22ms, total 23ms
07-11 14:27:28.890 W/SQLiteOpenHelper( 2759): Opened /data/data/com.pekall.emdm/databases/EmailProvider.db
07-11 14:27:28.969 D/dalvikvm( 2651): GC_FOR_ALLOC freed 533K, 73% free 722K/2588K, paused 14ms, total 14ms
07-11 14:27:29.008 W/System.err( 2759): java.lang.NoSuchMethodException: startScan [boolean]
07-11 14:27:29.008 W/System.err( 2759): 	at java.lang.Class.getConstructorOrMethod(Class.java:423)
07-11 14:27:29.015 W/System.err( 2759): 	at java.lang.Class.getDeclaredMethod(Class.java:589)
07-11 14:27:29.015 W/System.err( 2759): 	at com.baidu.location.e.try(Unknown Source)
07-11 14:27:29.015 W/System.err( 2759): 	at com.baidu.location.f.onCreate(Unknown Source)
07-11 14:27:29.015 W/System.err( 2759): 	at android.app.ActivityThread.handleCreateService(ActivityThread.java:2577)
07-11 14:27:29.015 W/System.err( 2759): 	at android.app.ActivityThread.access$1600(ActivityThread.java:141)
07-11 14:27:29.015 W/System.err( 2759): 	at android.app.ActivityThread$H.handleMessage(ActivityThread.java:1338)
07-11 14:27:29.015 W/System.err( 2759): 	at android.os.Handler.dispatchMessage(Handler.java:99)
07-11 14:27:29.015 W/System.err( 2759): 	at android.os.Looper.loop(Looper.java:137)
07-11 14:27:29.015 W/System.err( 2759): 	at android.app.ActivityThread.main(ActivityThread.java:5103)
07-11 14:27:29.015 W/System.err( 2759): 	at java.lang.reflect.Method.invokeNative(Native Method)
07-11 14:27:29.015 W/System.err( 2759): 	at java.lang.reflect.Method.invoke(Method.java:525)
07-11 14:27:29.015 W/System.err( 2759): 	at com.android.internal.os.ZygoteInit$MethodAndArgsCaller.run(ZygoteInit.java:737)
07-11 14:27:29.015 W/System.err( 2759): 	at com.android.internal.os.ZygoteInit.main(ZygoteInit.java:553)
07-11 14:27:29.015 W/System.err( 2759): 	at dalvik.system.NativeStart.main(Native Method)
07-11 14:27:29.039 D/dalvikvm(  833): GC_CONCURRENT freed 1208K, 18% free 12852K/15584K, paused 3ms+17ms, total 121ms
07-11 14:27:29.054 W/SQLiteOpenHelper( 2759): Opened /data/data/com.pekall.emdm/databases/EmailProviderBody.db
07-11 14:27:29.054 D/baidu_location_service( 2759): baidu location service start1 ...2759
07-11 14:27:29.062 D/baidu_location_client( 3259): baidu location connected ...
07-11 14:27:29.062 V/MyServiceConnection( 2759): [MConnection] onServiceConnected, comp: com.pekall.emdm.service.MdmProxy
07-11 14:27:29.062 V/SandboxConnection( 2759): [SConnection] onServiceConnected, comp: com.pekall.sandbox.service.SandboxService
07-11 14:27:29.070 D/AuthenticationManager( 3259): [2759] binder package: com.pekall.emdm:remote
07-11 14:27:29.070 I/Sandbox ( 2759): [Sandbox] initUserSecret, from: 1405060049080, to: 1407652049080
07-11 14:27:29.117 D/DB      ( 2759): query: SQLiteQuery: SELECT _id FROM Account
07-11 14:27:29.117 D/DB      ( 2759): factory null
07-11 14:27:29.117 D/DB      ( 2759): fillWindow: 0
07-11 14:27:29.125 D/DB      ( 2759): cursor 0
07-11 14:27:29.179 D/dalvikvm( 2651): GC_FOR_ALLOC freed 514K, 73% free 720K/2588K, paused 7ms, total 7ms
07-11 14:27:29.179 D/DB      ( 2759): moveToPos: 0
07-11 14:27:29.179 W/SQLiteOpenHelper( 2759): Opened /data/data/com.pekall.emdm/databases/EmailProviderBackup.db
07-11 14:27:29.265 D/DB      ( 2759): query: SQLiteQuery: SELECT _id, displayName, emailAddress, syncKey, syncLookback, syncInterval, hostAuthKeyRecv, hostAuthKeySend, flags, isDefault, compatibilityUuid, senderName, ringtoneUri, protocolVersion, newMessageCount, securitySyncKey, signature, policyKey, notifiedMessageId, notifiedMessageCount FROM Account
07-11 14:27:29.265 D/DB      ( 2759): factory null
07-11 14:27:29.265 D/DB      ( 2759): fillWindow: 0
07-11 14:27:29.273 D/DB      ( 2759): cursor 0
07-11 14:27:29.273 D/DB      ( 2759): moveToPos: 0
07-11 14:27:29.304 I/Sandbox ( 2759): [Sandbox] init
07-11 14:27:29.328 V/l       ( 2759): Connected: com.pekall.exchange.ExchangeService
07-11 14:27:29.344 D/dalvikvm( 2759): Trying to load lib /data/app-lib/com.pekall.emdm-1/liblocSDK3.so 0x4207ee38
07-11 14:27:29.351 D/ExchangeService( 3259): !!! EAS ExchangeService, onDestroy
07-11 14:27:29.351 V/l       ( 2759): Task setLogging completed; disconnecting
07-11 14:27:29.367 D/DB      ( 2759): query: SQLiteQuery: SELECT _id, mailboxKey FROM Message_Updates
07-11 14:27:29.367 D/DB      ( 2759): factory null
07-11 14:27:29.367 D/DB      ( 2759): fillWindow: 0
07-11 14:27:29.375 D/DB      ( 2759): cursor 0
07-11 14:27:29.375 D/DB      ( 2759): query: SQLiteQuery: SELECT _id, mailboxKey FROM Message_Deletes
07-11 14:27:29.375 D/DB      ( 2759): factory null
07-11 14:27:29.375 D/DB      ( 2759): fillWindow: 0
07-11 14:27:29.375 D/DB      ( 2759): cursor 0
07-11 14:27:29.383 D/dalvikvm( 2759): Added shared lib /data/app-lib/com.pekall.emdm-1/liblocSDK3.so 0x4207ee38
07-11 14:27:29.383 D/dalvikvm( 2759): No JNI_OnLoad found in /data/app-lib/com.pekall.emdm-1/liblocSDK3.so 0x4207ee38, skipping init
07-11 14:27:29.445 D/dalvikvm( 2651): GC_FOR_ALLOC freed 496K, 72% free 736K/2588K, paused 18ms, total 18ms
07-11 14:27:29.554 D/dalvikvm( 2759): GC_FOR_ALLOC freed 297K, 4% free 9763K/10108K, paused 30ms, total 30ms
07-11 14:27:29.617 D/DB      ( 2759): query: SQLiteQuery: SELECT _id FROM Account
07-11 14:27:29.617 D/DB      ( 2759): factory null
07-11 14:27:29.617 D/DB      ( 2759): fillWindow: 0
07-11 14:27:29.617 D/DB      ( 2759): cursor 0
07-11 14:27:29.625 D/DB      ( 2759): moveToPos: 0
07-11 14:27:29.633 D/DB      ( 2759): query: SQLiteQuery: SELECT _id FROM HostAuth
07-11 14:27:29.633 D/DB      ( 2759): factory null
07-11 14:27:29.633 D/DB      ( 2759): fillWindow: 0
07-11 14:27:29.633 D/DB      ( 2759): cursor 0
07-11 14:27:29.633 D/DB      ( 2759): moveToPos: 0
07-11 14:27:29.633 D/DB      ( 2759): query: SQLiteQuery: SELECT _id FROM Policy
07-11 14:27:29.633 D/DB      ( 2759): factory null
07-11 14:27:29.633 D/DB      ( 2759): fillWindow: 0
07-11 14:27:29.633 D/DB      ( 2759): cursor 0
07-11 14:27:29.640 D/DB      ( 2759): moveToPos: 0
07-11 14:27:29.640 D/DB      ( 2759): query: SQLiteQuery: SELECT _id FROM Mailbox WHERE type IN (0,3,6,5,8,4)
07-11 14:27:29.640 D/DB      ( 2759): factory null
07-11 14:27:29.640 D/DB      ( 2759): fillWindow: 0
07-11 14:27:29.640 D/DB      ( 2759): cursor 0
07-11 14:27:29.640 D/DB      ( 2759): moveToPos: 0
07-11 14:27:29.648 D/DB      ( 2759): query: SQLiteQuery: SELECT _id FROM Account
07-11 14:27:29.648 D/DB      ( 2759): factory null
07-11 14:27:29.648 D/DB      ( 2759): fillWindow: 0
07-11 14:27:29.648 D/DB      ( 2759): cursor 0
07-11 14:27:29.656 D/dalvikvm( 2651): GC_FOR_ALLOC freed 501K, 72% free 746K/2588K, paused 10ms, total 10ms
07-11 14:27:29.656 W/ActivityManager(  374): Unable to start service Intent { cmp=com.pekall.emdm/com.pekall.semail.service.AttachmentDownloadService } U=0: not found
07-11 14:27:29.773 D/LocationUtil( 3259): [null:-1]->the LocType is 161
07-11 14:27:29.773 D/LocationUtil( 3259): [null:-1]->the Latitude is 39.991303
07-11 14:27:29.781 D/LocationUtil( 3259): [null:-1]->the lontitude is 116.476789
07-11 14:27:29.844 D/baidu_location_service( 2759): baidu location service stop ...
07-11 14:27:29.844 I/Process ( 2759): Sending signal. PID: 2759 SIG: 9
07-11 14:27:29.851 D/dalvikvm( 2651): GC_FOR_ALLOC freed 533K, 73% free 724K/2588K, paused 9ms, total 9ms
07-11 14:27:29.859 I/ActivityManager(  374): Process com.pekall.emdm:remote (pid 2759) has died.
07-11 14:27:30.039 D/dalvikvm( 2651): GC_FOR_ALLOC freed 516K, 73% free 719K/2588K, paused 7ms, total 7ms
07-11 14:27:30.109 I/TransInfo( 3259): TransInfo created, id: 3, class: class com.pekall.emdm.transaction.b.c
07-11 14:27:30.109 D/NetworkThread( 3259): [null:-1]->----isRunning-----true
07-11 14:27:30.109 D/NetworkThread( 3259): [null:-1]->----isRunning-----true
07-11 14:27:30.109 D/NetworkThread( 3259): [null:-1]->thread wakeup
07-11 14:27:30.117 D/HttpClient( 3259): enable apache.http debug
07-11 14:27:30.125 V/DEBUG   ( 3259): HTTP 0
07-11 14:27:30.265 D/dalvikvm( 2651): GC_FOR_ALLOC freed 497K, 72% free 734K/2588K, paused 14ms, total 14ms
07-11 14:27:30.422 V/DEBUG   ( 3259): HTTP 1
07-11 14:27:30.422 D/MdmDatabaseHelper( 3259): [null:-1]->update command 8a8088bf471a79ec0147241affcc4723 to status executed
07-11 14:27:30.445 D/dalvikvm( 2651): GC_FOR_ALLOC freed 500K, 72% free 745K/2588K, paused 7ms, total 7ms
07-11 14:27:30.476 D/NetworkThread( 3259): [null:-1]->queue is empty, thread wait...
07-11 14:27:30.523 D/MdmService( 3259): [null:-1]->handleCheckInResult
07-11 14:27:30.523 D/MdmService( 3259): [null:-1]->handleCheckInResult result keyIndex: 3
07-11 14:27:30.523 D/HandleCommandTask( 3259): [null:-1]->execute command msg but beanBase is null
07-11 14:27:30.531 D/MdmStatusManager( 3259): [null:-1]->change status to : Idle
07-11 14:27:31.031 D/LightsService(  374): Excessive delay setting light: 67ms
07-11 14:27:31.140 D/dalvikvm( 2651): GC_FOR_ALLOC freed 537K, 73% free 720K/2588K, paused 8ms, total 8ms
07-11 14:27:31.312 D/dalvikvm( 2651): GC_FOR_ALLOC freed 489K, 72% free 742K/2588K, paused 8ms, total 8ms
07-11 14:27:31.492 D/dalvikvm( 2651): GC_FOR_ALLOC freed 537K, 73% free 717K/2588K, paused 7ms, total 7ms
07-11 14:27:32.133 D/dalvikvm( 2651): GC_FOR_ALLOC freed 498K, 72% free 730K/2588K, paused 7ms, total 7ms
07-11 14:27:32.312 D/dalvikvm( 2651): GC_FOR_ALLOC freed 494K, 72% free 748K/2588K, paused 7ms, total 7ms
07-11 14:27:32.476 D/dalvikvm( 2651): GC_FOR_ALLOC freed 517K, 72% free 743K/2588K, paused 11ms, total 11ms
07-11 14:27:32.672 D/dalvikvm( 2651): GC_FOR_ALLOC freed 533K, 73% free 721K/2588K, paused 7ms, total 7ms
07-11 14:27:32.875 D/dalvikvm( 2651): GC_FOR_ALLOC freed 505K, 72% free 728K/2588K, paused 6ms, total 6ms
07-11 14:27:33.054 D/dalvikvm( 2651): GC_FOR_ALLOC freed 489K, 72% free 750K/2588K, paused 7ms, total 7ms
07-11 14:27:33.164 W/MountService(  374): getVolumeState(/storage/emulated/0/external_sd): Unknown volume
07-11 14:27:33.164 W/MountService(  374): getVolumeState(/mnt/sdcard-ext): Unknown volume
07-11 14:27:33.164 W/MountService(  374): getVolumeState(/mnt/ext_sdcard): Unknown volume
07-11 14:27:33.164 W/MountService(  374): getVolumeState(/mnt/sdcard2): Unknown volume
07-11 14:27:33.164 W/MountService(  374): getVolumeState(/mnt/emmc): Unknown volume
07-11 14:27:33.172 W/MountService(  374): getVolumeState(/mnt/extSdCard): Unknown volume
07-11 14:27:33.179 W/MountService(  374): getVolumeState(/mnt/sdcard/SD_CARD): Unknown volume
07-11 14:27:33.179 W/MountService(  374): getVolumeState(/mnt/sdcard/extra_sd): Unknown volume
07-11 14:27:33.179 W/MountService(  374): getVolumeState(/mnt/extrasd_bind): Unknown volume
07-11 14:27:33.187 W/MountService(  374): getVolumeState(/mnt/sdcard/ext_sd): Unknown volume
07-11 14:27:33.187 W/MountService(  374): getVolumeState(/storage/extSdCard): Unknown volume
07-11 14:27:33.187 W/MountService(  374): getVolumeState(/storage/sdcard1): Unknown volume
07-11 14:27:33.187 W/MountService(  374): getVolumeState(/mnt/sdcard/external_SD): Unknown volume
07-11 14:27:33.187 W/MountService(  374): getVolumeState(/mnt/sdcard/external_sd): Unknown volume
07-11 14:27:33.234 D/dalvikvm( 2651): GC_FOR_ALLOC freed 539K, 73% free 722K/2588K, paused 15ms, total 15ms
07-11 14:27:33.234 D/dalvikvm(27881): GC_CONCURRENT freed 408K, 7% free 9389K/10048K, paused 4ms+3ms, total 38ms
07-11 14:27:33.234 D/dalvikvm(27881): WAIT_FOR_CONCURRENT_GC blocked 23ms
07-11 14:27:33.234 D/dalvikvm(27881): WAIT_FOR_CONCURRENT_GC blocked 26ms
07-11 14:27:33.414 D/dalvikvm( 2651): GC_FOR_ALLOC freed 491K, 72% free 743K/2588K, paused 7ms, total 8ms
07-11 14:27:33.500 D/dalvikvm(27881): GC_CONCURRENT freed 491K, 7% free 9390K/10048K, paused 2ms+8ms, total 64ms
07-11 14:27:33.508 W/MountService(  374): getVolumeState(/storage/emulated/0/external_sd): Unknown volume
07-11 14:27:33.508 W/MountService(  374): getVolumeState(/mnt/sdcard-ext): Unknown volume
07-11 14:27:33.515 W/MountService(  374): getVolumeState(/mnt/ext_sdcard): Unknown volume
07-11 14:27:33.515 W/MountService(  374): getVolumeState(/mnt/sdcard2): Unknown volume
07-11 14:27:33.515 W/MountService(  374): getVolumeState(/mnt/emmc): Unknown volume
07-11 14:27:33.515 W/MountService(  374): getVolumeState(/mnt/extSdCard): Unknown volume
07-11 14:27:33.515 W/MountService(  374): getVolumeState(/mnt/sdcard/SD_CARD): Unknown volume
07-11 14:27:33.515 W/MountService(  374): getVolumeState(/mnt/sdcard/extra_sd): Unknown volume
07-11 14:27:33.523 W/MountService(  374): getVolumeState(/mnt/extrasd_bind): Unknown volume
07-11 14:27:33.523 W/MountService(  374): getVolumeState(/mnt/sdcard/ext_sd): Unknown volume
07-11 14:27:33.531 W/MountService(  374): getVolumeState(/storage/extSdCard): Unknown volume
07-11 14:27:33.531 W/MountService(  374): getVolumeState(/storage/sdcard1): Unknown volume
07-11 14:27:33.531 W/MountService(  374): getVolumeState(/mnt/sdcard/external_SD): Unknown volume
07-11 14:27:33.539 W/MountService(  374): getVolumeState(/mnt/sdcard/external_sd): Unknown volume
07-11 14:27:33.656 D/dalvikvm( 2651): GC_FOR_ALLOC freed 529K, 72% free 725K/2588K, paused 7ms, total 7ms
07-11 14:27:33.672 D/dalvikvm(27881): GC_CONCURRENT freed 455K, 7% free 9344K/10048K, paused 3ms+3ms, total 61ms
07-11 14:27:33.836 D/dalvikvm( 2651): GC_FOR_ALLOC freed 484K, 71% free 753K/2588K, paused 8ms, total 8ms
07-11 14:27:34.008 D/dalvikvm( 2651): GC_FOR_ALLOC freed 541K, 73% free 723K/2588K, paused 6ms, total 6ms
07-11 14:27:34.179 D/dalvikvm( 2651): GC_FOR_ALLOC freed 512K, 73% free 723K/2588K, paused 7ms, total 7ms
07-11 14:27:34.297 D/dalvikvm(20727): GC_CONCURRENT freed 535K, 8% free 10118K/10920K, paused 2ms+3ms, total 33ms
07-11 14:27:34.383 D/dalvikvm( 2651): GC_FOR_ALLOC freed 512K, 73% free 722K/2588K, paused 7ms, total 7ms
07-11 14:27:34.562 D/dalvikvm( 2651): GC_FOR_ALLOC freed 481K, 71% free 752K/2588K, paused 6ms, total 7ms
07-11 14:27:34.726 D/dalvikvm( 2651): GC_FOR_ALLOC freed 523K, 72% free 741K/2588K, paused 8ms, total 8ms
07-11 14:27:34.898 D/dalvikvm( 2651): GC_FOR_ALLOC freed 531K, 73% free 722K/2588K, paused 7ms, total 7ms
07-11 14:27:35.039 D/dalvikvm(  450): GC_CONCURRENT freed 1777K, 17% free 14599K/17536K, paused 3ms+17ms, total 96ms
07-11 14:27:35.148 D/dalvikvm( 2651): GC_FOR_ALLOC freed 514K, 73% free 719K/2588K, paused 6ms, total 6ms
07-11 14:27:35.328 D/dalvikvm( 2651): GC_FOR_ALLOC freed 482K, 72% free 749K/2588K, paused 7ms, total 8ms
07-11 14:27:35.500 D/dalvikvm( 2651): GC_FOR_ALLOC freed 540K, 73% free 720K/2588K, paused 6ms, total 6ms
07-11 14:27:35.695 D/dalvikvm( 2651): GC_FOR_ALLOC freed 508K, 73% free 723K/2588K, paused 7ms, total 7ms
07-11 14:27:35.898 D/dalvikvm( 2651): GC_FOR_ALLOC freed 517K, 73% free 718K/2588K, paused 6ms, total 7ms
07-11 14:27:36.094 D/dalvikvm( 2651): GC_FOR_ALLOC freed 483K, 72% free 746K/2588K, paused 6ms, total 7ms
07-11 14:27:36.281 D/dalvikvm( 2651): GC_FOR_ALLOC freed 538K, 73% free 720K/2588K, paused 8ms, total 9ms
07-11 14:27:36.469 D/dalvikvm( 2651): GC_FOR_ALLOC freed 510K, 73% free 721K/2588K, paused 6ms, total 7ms
07-11 14:27:36.656 D/dalvikvm( 2651): GC_FOR_ALLOC freed 513K, 73% free 719K/2588K, paused 8ms, total 8ms
07-11 14:27:36.844 I/PowerManagerService(  374): Going to sleep due to screen timeout...
07-11 14:27:37.367 I/PowerManagerService(  374): Waking up from sleep...
07-11 14:27:37.383 D/MdmApplication( 3259): [null:-1]->onActivityPaused market.activity.AppListActivity , mActivityCount = 3
07-11 14:27:37.383 D/MDM :   ( 3259): [null:-1]->query
07-11 14:27:37.390 D/MDM :   ( 3259): [null:-1]->QUERY_PINCODE_CHECK_RESULT
07-11 14:27:37.390 E/Mdm     ( 3259): Call Mdm service's setLastExitTime function
07-11 14:27:37.422 I/dalvikvm(20727): Jit: resizing JitTable from 4096 to 8192
07-11 14:27:37.484 D/NfcService(  592): NFC-C OFF, disconnect
07-11 14:27:37.500 W/InputMethodManagerService(  374): Window already focused, ignoring focus gain of: com.android.internal.view.IInputMethodClient$Stub$Proxy@4285e488 attribute=android.view.inputmethod.EditorInfo@42c342c0, token = android.os.BinderProxy@42c77208
07-11 14:27:37.570 D/MDM :   ( 3259): [null:-1]->query
07-11 14:27:37.578 D/MDM :   ( 3259): [null:-1]->QUERY_SETTING_PIN_ONOFF
07-11 14:27:37.594 D/LightsService(  374): Excessive delay setting light: 64ms
07-11 14:27:37.617 I/ActivityManager(  374): No longer want com.google.android.music:main (pid 30307): empty for 1800s
07-11 14:27:37.648 W/ActivityManager(  374): Scheduling restart of crashed service com.google.android.music/.playback.MusicPlaybackService in 5000ms
07-11 14:27:37.679 I/WindowManager(  374): No lock screen!
07-11 14:27:37.695 D/MdmApplication( 3259): [null:-1]->onActivityStarted market.activity.AppListActivity , mActivityCount = 2
07-11 14:27:37.695 D/MDM :   ( 3259): [null:-1]->query
07-11 14:27:37.695 D/MDM :   ( 3259): [null:-1]->QUERY_PINCODE_CHECK_RESULT
07-11 14:27:37.719 D/mdm_log ( 3259): [null:-1]->has installed by.game.binumbers
07-11 14:27:37.828 D/LightsService(  374): Excessive delay setting light: 164ms
07-11 14:27:37.875 D/dalvikvm(  374): GC_EXPLICIT freed 3354K, 29% free 22943K/31960K, paused 12ms+33ms, total 281ms
07-11 14:27:37.929 D/LightsService(  374): Excessive delay setting light: 97ms
07-11 14:27:38.039 V/DigitalWidgetViewsFactory(28000): DigitalWidget sets next alarm string to null
07-11 14:27:38.531 D/AndroidRuntime( 2832): 
07-11 14:27:38.531 D/AndroidRuntime( 2832): >>>>>> AndroidRuntime START com.android.internal.os.RuntimeInit <<<<<<
07-11 14:27:38.531 D/AndroidRuntime( 2832): CheckJNI is OFF
07-11 14:27:38.547 D/dalvikvm( 2832): Trying to load lib libjavacore.so 0x0
07-11 14:27:38.554 D/dalvikvm( 2832): Added shared lib libjavacore.so 0x0
07-11 14:27:38.570 D/dalvikvm( 2832): Trying to load lib libnativehelper.so 0x0
07-11 14:27:38.570 D/dalvikvm( 2832): Added shared lib libnativehelper.so 0x0
07-11 14:27:38.594 D/NfcService(  592): NFC-C ON
07-11 14:27:38.609 D/dalvikvm( 2651): GC_FOR_ALLOC freed 577K, 75% free 653K/2588K, paused 8ms, total 8ms
07-11 14:27:38.617 I/QueryController( 2651): Matched selector: UiSelector[TEXT=] <<==>> [android.view.accessibility.AccessibilityNodeInfo@6047e; boundsInParent: Rect(0, 0 - 434, 43); boundsInScreen: Rect(136, 423 - 570, 466); packageName: com.pekall.emdm; className: android.widget.TextView; text: ; contentDescription: null; viewIdResName: com.pekall.emdm:id/market_item_name; checkable: false; checked: false; focusable: false; focused: false; selected: false; clickable: false; longClickable: false; enabled: true; password: false; scrollable: false; [ACTION_SELECT, ACTION_CLEAR_SELECTION, ACTION_ACCESSIBILITY_FOCUS, ACTION_NEXT_AT_MOVEMENT_GRANULARITY, ACTION_PREVIOUS_AT_MOVEMENT_GRANULARITY, ACTION_SET_SELECTION]]
07-11 14:27:38.633 I/AndroidRuntime( 2651): VM exiting with result code 0.
07-11 14:27:38.844 D/AndroidRuntime( 2832): Calling main entry com.qihoo360.powerctl.root.app.App
07-11 14:27:38.844 D/AndroidRuntime( 2832): Shutting down VM
07-11 14:27:38.844 D/dalvikvm( 2832): Debugger has detached; object registry had 1 entries
07-11 14:27:40.719 D/AndroidRuntime( 2848): 
07-11 14:27:40.719 D/AndroidRuntime( 2848): >>>>>> AndroidRuntime START com.android.internal.os.RuntimeInit <<<<<<
07-11 14:27:40.719 D/AndroidRuntime( 2848): CheckJNI is OFF
07-11 14:27:40.734 D/dalvikvm( 2848): Trying to load lib libjavacore.so 0x0
07-11 14:27:40.742 D/dalvikvm( 2848): Added shared lib libjavacore.so 0x0
07-11 14:27:40.758 D/dalvikvm( 2848): Trying to load lib libnativehelper.so 0x0
07-11 14:27:40.758 D/dalvikvm( 2848): Added shared lib libnativehelper.so 0x0
07-11 14:27:40.976 D/AndroidRuntime( 2848): Calling main entry com.android.commands.uiautomator.Launcher
07-11 14:27:41.015 E/UiDevice( 2848): Exceuting watcher: ANRWatcher
07-11 14:27:41.015 E/UiDevice( 2848): java.lang.RuntimeException: UiDevice not initialized
07-11 14:27:41.015 E/UiDevice( 2848): 	at com.android.uiautomator.core.UiDevice.getAutomatorBridge(UiDevice.java:87)
07-11 14:27:41.015 E/UiDevice( 2848): 	at com.android.uiautomator.core.UiDevice.wakeUp(UiDevice.java:719)
07-11 14:27:41.015 E/UiDevice( 2848): 	at com.pekall.test.mdmui.util.UiANRWatcher.checkForCondition(UiANRWatcher.java:23)
07-11 14:27:41.015 E/UiDevice( 2848): 	at com.android.uiautomator.core.UiDevice.runWatchers(UiDevice.java:554)
07-11 14:27:41.015 E/UiDevice( 2848): 	at com.pekall.test.mdmui.util.UiANRWatcher.run(UiANRWatcher.java:41)
07-11 14:27:41.015 E/UiDevice( 2848): 	at com.pekall.test.mdmui.App.<clinit>(App.java:24)
07-11 14:27:41.015 E/UiDevice( 2848): 	at java.lang.Class.newInstanceImpl(Native Method)
07-11 14:27:41.015 E/UiDevice( 2848): 	at java.lang.Class.newInstance(Class.java:1130)
07-11 14:27:41.015 E/UiDevice( 2848): 	at com.android.uiautomator.testrunner.TestCaseCollector.addSingleTestMethod(TestCaseCollector.java:110)
07-11 14:27:41.015 E/UiDevice( 2848): 	at com.android.uiautomator.testrunner.TestCaseCollector.addTestClass(TestCaseCollector.java:86)
07-11 14:27:41.015 E/UiDevice( 2848): 	at com.android.uiautomator.testrunner.TestCaseCollector.addTestClass(TestCaseCollector.java:72)
07-11 14:27:41.015 E/UiDevice( 2848): 	at com.android.uiautomator.testrunner.TestCaseCollector.addTestClasses(TestCaseCollector.java:53)
07-11 14:27:41.015 E/UiDevice( 2848): 	at com.android.uiautomator.testrunner.UiAutomatorTestRunner.start(UiAutomatorTestRunner.java:106)
07-11 14:27:41.015 E/UiDevice( 2848): 	at com.android.uiautomator.testrunner.UiAutomatorTestRunner.run(UiAutomatorTestRunner.java:96)
07-11 14:27:41.015 E/UiDevice( 2848): 	at com.android.commands.uiautomator.RunTestCommand.run(RunTestCommand.java:91)
07-11 14:27:41.015 E/UiDevice( 2848): 	at com.android.commands.uiautomator.Launcher.main(Launcher.java:83)
07-11 14:27:41.015 E/UiDevice( 2848): 	at com.android.internal.os.RuntimeInit.nativeFinishInit(Native Method)
07-11 14:27:41.015 E/UiDevice( 2848): 	at com.android.internal.os.RuntimeInit.main(RuntimeInit.java:235)
07-11 14:27:41.015 E/UiDevice( 2848): 	at dalvik.system.NativeStart.main(Native Method)
07-11 14:27:41.031 D/dalvikvm( 2848): Note: class Landroid/app/ActivityManagerNative; has 163 unimplemented (abstract) methods
07-11 14:27:41.640 I/QueryController( 2848): Matched selector: UiSelector[TEXT=, CLASS=android.widget.TextView] <<==>> [android.view.accessibility.AccessibilityNodeInfo@6047e; boundsInParent: Rect(0, 0 - 434, 43); boundsInScreen: Rect(136, 423 - 570, 466); packageName: com.pekall.emdm; className: android.widget.TextView; text: ; contentDescription: null; viewIdResName: com.pekall.emdm:id/market_item_name; checkable: false; checked: false; focusable: false; focused: false; selected: false; clickable: false; longClickable: false; enabled: true; password: false; scrollable: false; [ACTION_SELECT, ACTION_CLEAR_SELECTION, ACTION_ACCESSIBILITY_FOCUS, ACTION_NEXT_AT_MOVEMENT_GRANULARITY, ACTION_PREVIOUS_AT_MOVEMENT_GRANULARITY, ACTION_SET_SELECTION]]
07-11 14:27:41.648 D/InteractionController( 2848): clickAndWaitForNewWindow(353, 444)
07-11 14:27:41.836 D/mdm_market( 3259): [null:-1]->appinfo : AppInfo{appName='', pkgName='com.moji.mjweather', appVersionCode=33002, appVersionName='3.30.02', appIcon='https://192.168.10.91/resources/api/v1/download/guest?uuid=754d276aeb8d43b4d38614e83b87', appImages='https://192.168.10.91/resources/api/v1/download/guest?uuid=ff8db40b13d1480690f15fe838b1', appSize='10418000', appTag='', appUUID='8a8088bf471a79ec01471a8b5d4c00de', downloadStatus='0', readStatus='0', type='51107', url='https://192.168.10.91/resources/api/v1/download/guest?uuid=b8990980c21a451625892eb7a93a', description='', instantInstall='', time='1405060011133', enforceAppPolicy=''}
07-11 14:27:41.836 D/MdmApplication( 3259): [null:-1]->onActivityPaused market.activity.AppListActivity , mActivityCount = 3
07-11 14:27:41.836 I/ActivityManager(  374): START u0 {cmp=com.pekall.emdm/.market.activity.AppDetailActivity (has extras)} from pid 3259
07-11 14:27:41.844 D/MDM :   ( 3259): [null:-1]->query
07-11 14:27:41.844 D/MDM :   ( 3259): [null:-1]->QUERY_PINCODE_CHECK_RESULT
07-11 14:27:41.844 E/Mdm     ( 3259): Call Mdm service's setLastExitTime function
07-11 14:27:41.945 D/MdmApplication( 3259): [null:-1]->onActivityStarted market.activity.AppDetailActivity , mActivityCount = 2
07-11 14:27:41.945 D/MDM :   ( 3259): [null:-1]->query
07-11 14:27:41.945 D/MDM :   ( 3259): [null:-1]->QUERY_PINCODE_CHECK_RESULT
07-11 14:27:41.953 W/System.err( 3259): android.content.pm.PackageManager$NameNotFoundException: com.moji.mjweather
07-11 14:27:41.953 W/System.err( 3259): 	at android.app.ApplicationPackageManager.getPackageInfo(ApplicationPackageManager.java:81)
07-11 14:27:41.953 W/System.err( 3259): 	at com.pekall.emdm.market.activity.AppDetailActivity.onResume(Unknown Source)
07-11 14:27:41.953 W/System.err( 3259): 	at android.app.Instrumentation.callActivityOnResume(Instrumentation.java:1192)
07-11 14:27:41.953 W/System.err( 3259): 	at android.app.Activity.performResume(Activity.java:5211)
07-11 14:27:41.953 W/System.err( 3259): 	at android.app.ActivityThread.performResumeActivity(ActivityThread.java:2780)
07-11 14:27:41.953 W/System.err( 3259): 	at android.app.ActivityThread.handleResumeActivity(ActivityThread.java:2819)
07-11 14:27:41.953 W/System.err( 3259): 	at android.app.ActivityThread.handleLaunchActivity(ActivityThread.java:2266)
07-11 14:27:41.961 W/System.err( 3259): 	at android.app.ActivityThread.access$600(ActivityThread.java:141)
07-11 14:27:41.961 W/System.err( 3259): 	at android.app.ActivityThread$H.handleMessage(ActivityThread.java:1256)
07-11 14:27:41.961 W/System.err( 3259): 	at android.os.Handler.dispatchMessage(Handler.java:99)
07-11 14:27:41.961 W/System.err( 3259): 	at android.os.Looper.loop(Looper.java:137)
07-11 14:27:41.961 W/System.err( 3259): 	at android.app.ActivityThread.main(ActivityThread.java:5103)
07-11 14:27:41.961 W/System.err( 3259): 	at java.lang.reflect.Method.invokeNative(Native Method)
07-11 14:27:41.961 W/System.err( 3259): 	at java.lang.reflect.Method.invoke(Method.java:525)
07-11 14:27:41.961 W/System.err( 3259): 	at com.android.internal.os.ZygoteInit$MethodAndArgsCaller.run(ZygoteInit.java:737)
07-11 14:27:41.961 W/System.err( 3259): 	at com.android.internal.os.ZygoteInit.main(ZygoteInit.java:553)
07-11 14:27:41.961 W/System.err( 3259): 	at dalvik.system.NativeStart.main(Native Method)
07-11 14:27:41.969 D/ypy     ( 3259): [null:-1]-> ================ checkDownLoadStatus status is 0
07-11 14:27:42.172 D/dalvikvm( 3259): GC_FOR_ALLOC freed 3371K, 29% free 18188K/25600K, paused 67ms, total 67ms
07-11 14:27:42.289 I/ActivityManager(  374): Displayed com.pekall.emdm/.market.activity.AppDetailActivity: +432ms
07-11 14:27:42.664 I/ActivityManager(  374): Start proc com.google.android.music:main for service com.google.android.music/.playback.MusicPlaybackService: pid=2873 uid=10041 gids={50041, 3003, 1015, 1028}
07-11 14:27:42.859 I/QueryController( 2848): Matched selector: UiSelector[TEXT=, CLASS=android.widget.TextView] <<==>> [android.view.accessibility.AccessibilityNodeInfo@6b8b1; boundsInParent: Rect(0, 0 - 680, 38); boundsInScreen: Rect(20, 959 - 700, 997); packageName: com.pekall.emdm; className: android.widget.TextView; text: ; contentDescription: null; viewIdResName: com.pekall.emdm:id/market_app_introduce_content; checkable: false; checked: false; focusable: false; focused: false; selected: false; clickable: false; longClickable: false; enabled: true; password: false; scrollable: false; [ACTION_SELECT, ACTION_CLEAR_SELECTION, ACTION_ACCESSIBILITY_FOCUS, ACTION_NEXT_AT_MOVEMENT_GRANULARITY, ACTION_PREVIOUS_AT_MOVEMENT_GRANULARITY, ACTION_SET_SELECTION]]
07-11 14:27:42.914 I/MusicStore( 2873): Database version: 69
07-11 14:27:42.945 I/QueryController( 2848): Matched selector: UiSelector[TEXT=, CLASS=android.widget.TextView] <<==>> [android.view.accessibility.AccessibilityNodeInfo@6cf37; boundsInParent: Rect(0, 0 - 298, 43); boundsInScreen: Rect(136, 173 - 434, 216); packageName: com.pekall.emdm; className: android.widget.TextView; text: ; contentDescription: null; viewIdResName: com.pekall.emdm:id/market_detail_name; checkable: false; checked: false; focusable: false; focused: false; selected: false; clickable: false; longClickable: false; enabled: true; password: false; scrollable: false; [ACTION_SELECT, ACTION_CLEAR_SELECTION, ACTION_ACCESSIBILITY_FOCUS, ACTION_NEXT_AT_MOVEMENT_GRANULARITY, ACTION_PREVIOUS_AT_MOVEMENT_GRANULARITY, ACTION_SET_SELECTION]]
07-11 14:27:42.945 D/InteractionController( 2848): clickAndWaitForNewWindow(285, 194)
07-11 14:27:43.008 D/dalvikvm( 2873): GC_CONCURRENT freed 317K, 4% free 9106K/9460K, paused 5ms+10ms, total 38ms
07-11 14:27:43.117 D/SystemUtils( 2873): getSystemProperty: lpa.decode=null
07-11 14:27:43.140 D/CacheService( 2873): onCreate
07-11 14:27:43.148 D/CacheService( 2873): onBind
07-11 14:27:43.172 I/LocalDevicePlayback( 2873): Streaming client created.
07-11 14:27:44.211 D/dalvikvm( 2873): GC_CONCURRENT freed 216K, 3% free 9364K/9628K, paused 4ms+3ms, total 27ms
07-11 14:27:44.242 I/MediaStoreImporter( 2873): Update: incremental Added music: 0 Updated music: 0 Deleted music: 0 Created playlists: 0 Updated playlists: 0 Deleted playlists: 0 Inserted playlist items: 0 Deleted playlist items: 0 Removed orphaned playlist items: 0
07-11 14:27:46.054 W/InteractionController( 2848): runAndwaitForEvent timedout waiting for events
07-11 14:27:46.273 I/QueryController( 2848): Matched selector: UiSelector[TEXT=] <<==>> [android.view.accessibility.AccessibilityNodeInfo@6cf37; boundsInParent: Rect(0, 0 - 298, 43); boundsInScreen: Rect(136, 173 - 434, 216); packageName: com.pekall.emdm; className: android.widget.TextView; text: ; contentDescription: null; viewIdResName: com.pekall.emdm:id/market_detail_name; checkable: false; checked: false; focusable: false; focused: false; selected: false; clickable: false; longClickable: false; enabled: true; password: false; scrollable: false; [ACTION_SELECT, ACTION_CLEAR_SELECTION, ACTION_ACCESSIBILITY_FOCUS, ACTION_NEXT_AT_MOVEMENT_GRANULARITY, ACTION_PREVIOUS_AT_MOVEMENT_GRANULARITY, ACTION_SET_SELECTION]]
07-11 14:27:46.289 I/QueryController( 2848): Matched selector: UiSelector[TEXT=, CLASS=android.widget.Button] <<==>> [android.view.accessibility.AccessibilityNodeInfo@6a22b; boundsInParent: Rect(0, 0 - 640, 76); boundsInScreen: Rect(40, 1068 - 680, 1144); packageName: com.pekall.emdm; className: android.widget.Button; text: ; contentDescription: null; viewIdResName: com.pekall.emdm:id/market_app_detail_download_btn; checkable: false; checked: false; focusable: true; focused: false; selected: false; clickable: true; longClickable: false; enabled: true; password: false; scrollable: false; [ACTION_FOCUS, ACTION_SELECT, ACTION_CLEAR_SELECTION, ACTION_CLICK, ACTION_ACCESSIBILITY_FOCUS, ACTION_NEXT_AT_MOVEMENT_GRANULARITY, ACTION_PREVIOUS_AT_MOVEMENT_GRANULARITY, ACTION_SET_SELECTION]]
07-11 14:27:46.297 D/InteractionController( 2848): clickAndSync(360, 1106)
07-11 14:27:46.414 D/MarketDatabaseHelper( 3259): [null:-1]->----------urlStr =com.moji.mjweather
07-11 14:27:46.414 E/DB      ( 3259): bind, index: 1, value: com.moji.mjweather
07-11 14:27:46.414 D/DB      ( 3259): query: SQLiteQuery: SELECT package, endPos, status, size, downloadUrl FROM app WHERE package=?
07-11 14:27:46.414 D/DB      ( 3259): factory null
07-11 14:27:46.414 D/DB      ( 3259): fillWindow: 0
07-11 14:27:46.414 D/DB      ( 3259): cursor 1
07-11 14:27:46.414 D/DB      ( 3259): moveToPos: 0
07-11 14:27:46.414 D/DB      ( 3259): onMove: 0
07-11 14:27:46.422 D/mdm_log ( 3259): [null:-1]->info.downLoadPos  : 0
07-11 14:27:46.422 D/mdm_log ( 3259): [null:-1]->file.length  : 0
07-11 14:27:46.429 D/ypy     ( 3259): [null:-1]-> ================ checkDownLoadStatus status is 1
07-11 14:27:46.625 D/DB      ( 3259): query: SQLiteQuery: SELECT * FROM app WHERE readStatus =0
07-11 14:27:46.625 D/DB      ( 3259): factory null
07-11 14:27:46.625 D/DB      ( 3259): fillWindow: 0
07-11 14:27:46.625 D/DB      ( 3259): cursor 0
07-11 14:27:46.633 D/DB      ( 3259): query: SQLiteQuery: SELECT * FROM app WHERE type = 51107
07-11 14:27:46.633 D/DB      ( 3259): factory null
07-11 14:27:46.633 D/DB      ( 3259): fillWindow: 0
07-11 14:27:46.633 D/DB      ( 3259): cursor 2
07-11 14:27:46.633 E/Mdm     ( 3259): Call Mdm service's recordIconCount function
07-11 14:27:46.640 D/DB      ( 3259): moveToPos: 0
07-11 14:27:46.640 D/DB      ( 3259): onMove: 0
07-11 14:27:46.640 D/DB      ( 3259): moveToPos: 1
07-11 14:27:46.640 D/DB      ( 3259): onMove: 1
07-11 14:27:46.648 D/DB      ( 3259): moveToPos: 2
07-11 14:27:46.648 D/mdm_log ( 3259): [null:-1]->lastModifiedDate : null
07-11 14:27:46.648 D/mdm_log ( 3259): [null:-1]->serverLastModifiedDate : null
07-11 14:27:48.156 I/MusicLeanback( 2873): Conditions not met for autocaching.
07-11 14:27:48.156 I/MusicLeanback( 2873): Stop autocaching.
07-11 14:27:50.289 W/Settings(25429): Setting airplane_mode_on has moved from android.provider.Settings.System to android.provider.Settings.Global, returning read-only value.
07-11 14:27:50.289 W/Settings(25429): Setting mobile_data has moved from android.provider.Settings.Secure to android.provider.Settings.Global.
07-11 14:27:50.289 D/BluetoothAdapter(25429): 1108510848: getState() :  mService = null. Returning STATE_OFF
07-11 14:27:50.289 W/Settings(25429): Setting airplane_mode_on has moved from android.provider.Settings.System to android.provider.Settings.Global, returning read-only value.
07-11 14:27:50.351 W/Settings(25429): Setting airplane_mode_on has moved from android.provider.Settings.System to android.provider.Settings.Global, returning read-only value.
07-11 14:27:50.351 W/Settings(25429): Setting mobile_data has moved from android.provider.Settings.Secure to android.provider.Settings.Global.
07-11 14:27:50.351 D/BluetoothAdapter(25429): 1108510848: getState() :  mService = null. Returning STATE_OFF
07-11 14:27:50.351 W/Settings(25429): Setting airplane_mode_on has moved from android.provider.Settings.System to android.provider.Settings.Global, returning read-only value.
07-11 14:27:51.429 D/dalvikvm( 2848): GC_FOR_ALLOC freed 7552K, 93% free 639K/8192K, paused 41ms, total 42ms
07-11 14:27:51.742 D/dalvikvm( 2848): GC_FOR_ALLOC freed 533K, 93% free 617K/8192K, paused 8ms, total 8ms
07-11 14:27:52.086 D/dalvikvm( 2848): GC_FOR_ALLOC freed 491K, 93% free 638K/8192K, paused 12ms, total 13ms
07-11 14:27:52.219 D/dalvikvm( 3259): GC_FOR_ALLOC freed 2557K, 27% free 18745K/25600K, paused 60ms, total 62ms
07-11 14:27:52.476 D/dalvikvm( 2848): GC_FOR_ALLOC freed 515K, 93% free 634K/8192K, paused 14ms, total 15ms
07-11 14:27:52.844 D/dalvikvm( 2848): GC_FOR_ALLOC freed 527K, 93% free 619K/8192K, paused 9ms, total 9ms
07-11 14:27:53.148 D/dalvikvm( 2848): GC_FOR_ALLOC freed 490K, 93% free 640K/8192K, paused 9ms, total 9ms
07-11 14:27:53.484 D/dalvikvm( 2848): GC_FOR_ALLOC freed 518K, 93% free 634K/8192K, paused 14ms, total 14ms
07-11 14:27:53.797 D/dalvikvm( 2848): GC_FOR_ALLOC freed 524K, 93% free 621K/8192K, paused 8ms, total 8ms
07-11 14:27:54.086 D/dalvikvm( 2848): GC_FOR_ALLOC freed 491K, 93% free 642K/8192K, paused 10ms, total 10ms
07-11 14:27:54.351 D/dalvikvm( 2848): GC_FOR_ALLOC freed 518K, 93% free 635K/8192K, paused 9ms, total 9ms
07-11 14:27:54.679 D/dalvikvm( 2848): GC_FOR_ALLOC freed 524K, 93% free 622K/8192K, paused 6ms, total 7ms
07-11 14:27:54.945 D/dalvikvm( 2848): GC_FOR_ALLOC freed 490K, 93% free 644K/8192K, paused 10ms, total 10ms
07-11 14:27:55.242 D/dalvikvm( 2848): GC_FOR_ALLOC freed 519K, 93% free 636K/8192K, paused 8ms, total 10ms
07-11 14:27:55.617 D/dalvikvm( 2848): GC_FOR_ALLOC freed 524K, 93% free 624K/8192K, paused 9ms, total 9ms
07-11 14:27:55.890 D/dalvikvm( 2848): GC_FOR_ALLOC freed 491K, 93% free 644K/8192K, paused 8ms, total 8ms
07-11 14:27:56.179 D/dalvikvm( 2848): GC_FOR_ALLOC freed 519K, 93% free 636K/8192K, paused 8ms, total 9ms
07-11 14:27:56.500 D/dalvikvm( 2848): GC_FOR_ALLOC freed 523K, 93% free 625K/8192K, paused 7ms, total 8ms
07-11 14:27:56.797 D/dalvikvm( 2848): GC_FOR_ALLOC freed 493K, 93% free 643K/8192K, paused 8ms, total 8ms
07-11 14:27:57.078 D/dalvikvm( 2848): GC_FOR_ALLOC freed 536K, 93% free 619K/8192K, paused 9ms, total 9ms
07-11 14:27:57.375 D/dalvikvm( 2848): GC_FOR_ALLOC freed 504K, 93% free 627K/8192K, paused 9ms, total 9ms
07-11 14:27:57.679 D/dalvikvm( 2848): GC_FOR_ALLOC freed 495K, 93% free 643K/8192K, paused 7ms, total 7ms
07-11 14:27:57.969 D/dalvikvm( 2848): GC_FOR_ALLOC freed 518K, 93% free 636K/8192K, paused 10ms, total 10ms
07-11 14:27:58.297 D/dalvikvm( 2848): GC_FOR_ALLOC freed 520K, 93% free 628K/8192K, paused 11ms, total 12ms
07-11 14:27:58.578 D/dalvikvm( 2848): GC_FOR_ALLOC freed 498K, 93% free 641K/8192K, paused 8ms, total 9ms
07-11 14:27:58.890 D/dalvikvm( 2848): GC_FOR_ALLOC freed 532K, 93% free 620K/8192K, paused 6ms, total 9ms
07-11 14:27:59.203 D/dalvikvm( 2848): GC_FOR_ALLOC freed 502K, 93% free 629K/8192K, paused 11ms, total 11ms
07-11 14:27:59.484 D/dalvikvm( 2848): GC_FOR_ALLOC freed 501K, 93% free 640K/8192K, paused 7ms, total 7ms
07-11 14:27:59.773 D/dalvikvm( 2848): GC_FOR_ALLOC freed 531K, 93% free 621K/8192K, paused 6ms, total 7ms
07-11 14:28:00.086 D/dalvikvm( 2848): GC_FOR_ALLOC freed 502K, 93% free 631K/8192K, paused 8ms, total 8ms
07-11 14:28:00.383 D/dalvikvm( 2848): GC_FOR_ALLOC freed 503K, 93% free 639K/8192K, paused 9ms, total 9ms
07-11 14:28:00.695 D/dalvikvm( 3259): GC_FOR_ALLOC freed 3313K, 27% free 18732K/25600K, paused 82ms, total 82ms
07-11 14:28:00.820 D/dalvikvm( 2848): GC_FOR_ALLOC freed 530K, 93% free 621K/8192K, paused 11ms, total 11ms
07-11 14:28:01.133 D/dalvikvm( 2848): GC_FOR_ALLOC freed 499K, 93% free 633K/8192K, paused 10ms, total 10ms
07-11 14:28:01.437 D/dalvikvm( 2848): GC_FOR_ALLOC freed 506K, 93% free 638K/8192K, paused 7ms, total 8ms
07-11 14:28:01.742 D/dalvikvm( 2848): GC_FOR_ALLOC freed 531K, 93% free 619K/8192K, paused 8ms, total 8ms
07-11 14:28:02.094 D/dalvikvm( 2848): GC_FOR_ALLOC freed 496K, 93% free 634K/8192K, paused 8ms, total 8ms
07-11 14:28:02.383 D/dalvikvm( 2848): GC_FOR_ALLOC freed 509K, 93% free 636K/8192K, paused 11ms, total 11ms
07-11 14:28:02.656 D/dalvikvm( 2848): GC_FOR_ALLOC freed 515K, 93% free 632K/8192K, paused 9ms, total 9ms
07-11 14:28:02.945 D/dalvikvm( 2848): GC_FOR_ALLOC freed 508K, 93% free 636K/8192K, paused 10ms, total 10ms
07-11 14:28:03.250 D/dalvikvm( 2848): GC_FOR_ALLOC freed 512K, 93% free 635K/8192K, paused 7ms, total 7ms
07-11 14:28:03.554 D/dalvikvm( 2848): GC_FOR_ALLOC freed 529K, 93% free 618K/8192K, paused 7ms, total 7ms
07-11 14:28:03.875 D/dalvikvm( 2848): GC_FOR_ALLOC freed 491K, 93% free 638K/8192K, paused 8ms, total 8ms
07-11 14:28:04.164 D/dalvikvm( 2848): GC_FOR_ALLOC freed 515K, 93% free 634K/8192K, paused 8ms, total 8ms
07-11 14:28:04.484 D/dalvikvm( 2848): GC_FOR_ALLOC freed 526K, 93% free 619K/8192K, paused 8ms, total 9ms
07-11 14:28:04.781 D/dalvikvm( 2848): GC_FOR_ALLOC freed 491K, 93% free 640K/8192K, paused 8ms, total 8ms
07-11 14:28:05.086 D/dalvikvm( 2848): GC_FOR_ALLOC freed 533K, 93% free 618K/8192K, paused 7ms, total 7ms
07-11 14:28:05.429 D/dalvikvm( 2848): GC_FOR_ALLOC freed 509K, 93% free 620K/8192K, paused 9ms, total 9ms
07-11 14:28:05.719 D/dalvikvm( 2848): GC_FOR_ALLOC freed 491K, 93% free 641K/8192K, paused 7ms, total 7ms
07-11 14:28:06.023 D/dalvikvm( 2848): GC_FOR_ALLOC freed 518K, 93% free 635K/8192K, paused 8ms, total 8ms
07-11 14:28:06.344 D/dalvikvm( 2848): GC_FOR_ALLOC freed 524K, 93% free 622K/8192K, paused 10ms, total 10ms
07-11 14:28:06.625 D/dalvikvm( 2848): GC_FOR_ALLOC freed 491K, 93% free 643K/8192K, paused 14ms, total 14ms
07-11 14:28:06.922 D/dalvikvm( 2848): GC_FOR_ALLOC freed 534K, 93% free 620K/8192K, paused 7ms, total 10ms
07-11 14:28:07.226 D/dalvikvm( 2848): GC_FOR_ALLOC freed 509K, 93% free 623K/8192K, paused 8ms, total 8ms
07-11 14:28:07.539 D/dalvikvm( 2848): GC_FOR_ALLOC freed 491K, 93% free 644K/8192K, paused 8ms, total 8ms
07-11 14:28:07.812 D/dalvikvm( 2848): GC_FOR_ALLOC freed 519K, 93% free 636K/8192K, paused 10ms, total 10ms
07-11 14:28:08.179 D/dalvikvm( 2848): GC_FOR_ALLOC freed 523K, 93% free 625K/8192K, paused 7ms, total 7ms
07-11 14:28:08.453 D/dalvikvm( 2848): GC_FOR_ALLOC freed 493K, 93% free 643K/8192K, paused 8ms, total 8ms
07-11 14:28:08.773 D/dalvikvm( 2848): GC_FOR_ALLOC freed 521K, 93% free 634K/8192K, paused 8ms, total 8ms
07-11 14:28:09.125 D/dalvikvm( 3259): GC_FOR_ALLOC freed 3309K, 27% free 18719K/25600K, paused 71ms, total 72ms
07-11 14:28:09.226 D/dalvikvm( 2848): GC_FOR_ALLOC freed 520K, 93% free 626K/8192K, paused 9ms, total 9ms
07-11 14:28:09.523 D/dalvikvm( 2848): GC_FOR_ALLOC freed 494K, 93% free 643K/8192K, paused 8ms, total 9ms
07-11 14:28:09.820 D/dalvikvm( 2848): GC_FOR_ALLOC freed 519K, 93% free 636K/8192K, paused 8ms, total 8ms
07-11 14:28:10.140 D/dalvikvm( 2848): GC_FOR_ALLOC freed 520K, 93% free 628K/8192K, paused 14ms, total 15ms
07-11 14:28:10.414 D/dalvikvm( 2848): GC_FOR_ALLOC freed 498K, 93% free 641K/8192K, paused 7ms, total 9ms
07-11 14:28:10.703 D/dalvikvm( 2848): GC_FOR_ALLOC freed 517K, 93% free 636K/8192K, paused 8ms, total 8ms
07-11 14:28:11.000 D/dalvikvm( 2848): GC_FOR_ALLOC freed 519K, 93% free 628K/8192K, paused 11ms, total 11ms
07-11 14:28:11.258 D/dalvikvm( 2848): GC_FOR_ALLOC freed 499K, 93% free 641K/8192K, paused 8ms, total 9ms
07-11 14:28:11.547 D/dalvikvm( 2848): GC_FOR_ALLOC freed 517K, 93% free 636K/8192K, paused 9ms, total 9ms
07-11 14:28:11.859 D/dalvikvm( 2848): GC_FOR_ALLOC freed 517K, 93% free 631K/8192K, paused 6ms, total 7ms
07-11 14:28:12.140 D/dalvikvm( 2848): GC_FOR_ALLOC freed 503K, 93% free 639K/8192K, paused 7ms, total 7ms
07-11 14:28:12.445 D/dalvikvm( 2848): GC_FOR_ALLOC freed 531K, 93% free 620K/8192K, paused 9ms, total 9ms
07-11 14:28:12.789 D/dalvikvm( 2848): GC_FOR_ALLOC freed 500K, 93% free 632K/8192K, paused 7ms, total 8ms
07-11 14:28:13.070 D/dalvikvm( 2848): GC_FOR_ALLOC freed 504K, 93% free 639K/8192K, paused 8ms, total 9ms
07-11 14:28:13.179 D/LightsService(  374): Excessive delay setting light: 66ms
07-11 14:28:13.359 D/dalvikvm( 2848): GC_FOR_ALLOC freed 531K, 93% free 619K/8192K, paused 9ms, total 9ms
07-11 14:28:13.672 D/dalvikvm( 2848): GC_FOR_ALLOC freed 496K, 93% free 634K/8192K, paused 8ms, total 8ms
07-11 14:28:13.945 D/dalvikvm( 2848): GC_FOR_ALLOC freed 510K, 93% free 636K/8192K, paused 9ms, total 9ms
07-11 14:28:14.234 D/dalvikvm( 2848): GC_FOR_ALLOC freed 531K, 93% free 617K/8192K, paused 8ms, total 8ms
07-11 14:28:14.562 D/dalvikvm( 2848): GC_FOR_ALLOC freed 493K, 93% free 635K/8192K, paused 9ms, total 9ms
07-11 14:28:14.836 D/dalvikvm( 2848): GC_FOR_ALLOC freed 511K, 93% free 636K/8192K, paused 9ms, total 9ms
07-11 14:28:15.125 D/dalvikvm( 2848): GC_FOR_ALLOC freed 531K, 93% free 617K/8192K, paused 7ms, total 7ms
07-11 14:28:15.429 D/dalvikvm( 2848): GC_FOR_ALLOC freed 490K, 93% free 638K/8192K, paused 10ms, total 10ms
07-11 14:28:15.758 D/dalvikvm( 2848): GC_FOR_ALLOC freed 515K, 93% free 634K/8192K, paused 9ms, total 10ms
07-11 14:28:16.078 D/dalvikvm( 2848): GC_FOR_ALLOC freed 528K, 93% free 618K/8192K, paused 8ms, total 8ms
07-11 14:28:16.359 D/dalvikvm( 2848): GC_FOR_ALLOC freed 491K, 93% free 639K/8192K, paused 8ms, total 8ms
07-11 14:28:16.656 D/dalvikvm( 2848): GC_FOR_ALLOC freed 516K, 93% free 634K/8192K, paused 11ms, total 11ms
07-11 14:28:16.969 D/dalvikvm( 2848): GC_FOR_ALLOC freed 527K, 93% free 619K/8192K, paused 10ms, total 10ms
07-11 14:28:17.289 D/dalvikvm( 2848): GC_FOR_ALLOC freed 490K, 93% free 640K/8192K, paused 9ms, total 9ms
07-11 14:28:17.406 D/dalvikvm( 3259): GC_FOR_ALLOC freed 3296K, 27% free 18714K/25600K, paused 68ms, total 69ms
07-11 14:28:17.625 D/dalvikvm( 2848): GC_FOR_ALLOC freed 534K, 93% free 618K/8192K, paused 8ms, total 8ms
07-11 14:28:17.969 D/dalvikvm( 2848): GC_FOR_ALLOC freed 509K, 93% free 620K/8192K, paused 7ms, total 7ms
07-11 14:28:18.047 W/Settings(25429): Setting airplane_mode_on has moved from android.provider.Settings.System to android.provider.Settings.Global, returning read-only value.
07-11 14:28:18.047 W/Settings(25429): Setting mobile_data has moved from android.provider.Settings.Secure to android.provider.Settings.Global.
07-11 14:28:18.054 D/BluetoothAdapter(25429): 1108510848: getState() :  mService = null. Returning STATE_OFF
07-11 14:28:18.054 W/Settings(25429): Setting airplane_mode_on has moved from android.provider.Settings.System to android.provider.Settings.Global, returning read-only value.
07-11 14:28:18.758 D/dalvikvm( 2848): GC_FOR_ALLOC freed 495K, 93% free 637K/8192K, paused 16ms, total 16ms
07-11 14:28:19.031 I/PowerManagerService(  374): Going to sleep due to screen timeout...
07-11 14:28:19.054 D/dalvikvm( 2848): GC_FOR_ALLOC freed 513K, 93% free 635K/8192K, paused 10ms, total 10ms
07-11 14:28:19.094 I/PowerManagerService(  374): Waking up from sleep...
07-11 14:28:19.476 D/dalvikvm(  374): GC_FOR_ALLOC freed 2589K, 30% free 22586K/31960K, paused 153ms, total 159ms
07-11 14:28:19.515 D/MdmApplication( 3259): [null:-1]->onActivityPaused market.activity.AppDetailActivity , mActivityCount = 3
07-11 14:28:19.515 D/MDM :   ( 3259): [null:-1]->query
07-11 14:28:19.515 D/MDM :   ( 3259): [null:-1]->QUERY_PINCODE_CHECK_RESULT
07-11 14:28:19.515 E/Mdm     ( 3259): Call Mdm service's setLastExitTime function
07-11 14:28:19.601 D/NfcService(  592): NFC-C OFF, disconnect
07-11 14:28:19.695 D/LightsService(  374): Excessive delay setting light: 54ms
07-11 14:28:19.765 D/LightsService(  374): Excessive delay setting light: 66ms
07-11 14:28:19.773 D/MDM :   ( 3259): [null:-1]->query
07-11 14:28:19.781 D/dalvikvm(  833): GC_CONCURRENT freed 1339K, 18% free 12846K/15584K, paused 5ms+12ms, total 112ms
07-11 14:28:19.781 D/dalvikvm(  833): WAIT_FOR_CONCURRENT_GC blocked 73ms
07-11 14:28:19.781 D/MDM :   ( 3259): [null:-1]->QUERY_SETTING_PIN_ONOFF
07-11 14:28:19.906 I/WindowManager(  374): No lock screen!
07-11 14:28:19.961 D/MdmApplication( 3259): [null:-1]->onActivityStarted market.activity.AppDetailActivity , mActivityCount = 2
07-11 14:28:19.961 D/MDM :   ( 3259): [null:-1]->query
07-11 14:28:19.961 D/MDM :   ( 3259): [null:-1]->QUERY_PINCODE_CHECK_RESULT
07-11 14:28:19.969 W/System.err( 3259): android.content.pm.PackageManager$NameNotFoundException: com.moji.mjweather
07-11 14:28:19.969 W/System.err( 3259): 	at android.app.ApplicationPackageManager.getPackageInfo(ApplicationPackageManager.java:81)
07-11 14:28:19.969 W/System.err( 3259): 	at com.pekall.emdm.market.activity.AppDetailActivity.onResume(Unknown Source)
07-11 14:28:19.969 W/System.err( 3259): 	at android.app.Instrumentation.callActivityOnResume(Instrumentation.java:1192)
07-11 14:28:19.969 W/System.err( 3259): 	at android.app.Activity.performResume(Activity.java:5211)
07-11 14:28:19.969 W/System.err( 3259): 	at android.app.ActivityThread.performResumeActivity(ActivityThread.java:2780)
07-11 14:28:19.969 W/System.err( 3259): 	at android.app.ActivityThread.handleResumeActivity(ActivityThread.java:2819)
07-11 14:28:19.976 W/System.err( 3259): 	at android.app.ActivityThread$H.handleMessage(ActivityThread.java:1298)
07-11 14:28:19.976 W/System.err( 3259): 	at android.os.Handler.dispatchMessage(Handler.java:99)
07-11 14:28:19.976 W/System.err( 3259): 	at android.os.Looper.loop(Looper.java:137)
07-11 14:28:19.976 W/System.err( 3259): 	at android.app.ActivityThread.main(ActivityThread.java:5103)
07-11 14:28:19.984 W/System.err( 3259): 	at java.lang.reflect.Method.invokeNative(Native Method)
07-11 14:28:19.984 W/System.err( 3259): 	at java.lang.reflect.Method.invoke(Method.java:525)
07-11 14:28:19.992 W/System.err( 3259): 	at com.android.internal.os.ZygoteInit$MethodAndArgsCaller.run(ZygoteInit.java:737)
07-11 14:28:19.992 W/System.err( 3259): 	at com.android.internal.os.ZygoteInit.main(ZygoteInit.java:553)
07-11 14:28:19.992 W/System.err( 3259): 	at dalvik.system.NativeStart.main(Native Method)
