07-11 14:28:20.000 D/ypy     ( 3259): [null:-1]-> ================ checkDownLoadStatus status is 1
07-11 14:28:20.054 D/LightsService(  374): Excessive delay setting light: 131ms
07-11 14:28:20.117 D/dalvikvm( 2848): GC_FOR_ALLOC freed 530K, 93% free 617K/8192K, paused 16ms, total 16ms
07-11 14:28:20.133 D/LightsService(  374): Excessive delay setting light: 67ms
07-11 14:28:20.265 D/dalvikvm(25429): GC_CONCURRENT freed 425K, 6% free 9707K/10256K, paused 11ms+3ms, total 38ms
07-11 14:28:20.320 V/DigitalWidgetViewsFactory(28000): DigitalWidget sets next alarm string to null
07-11 14:28:20.734 D/AndroidRuntime( 2997): 
07-11 14:28:20.734 D/AndroidRuntime( 2997): >>>>>> AndroidRuntime START com.android.internal.os.RuntimeInit <<<<<<
07-11 14:28:20.734 D/AndroidRuntime( 2997): CheckJNI is OFF
07-11 14:28:20.758 D/dalvikvm( 2997): Trying to load lib libjavacore.so 0x0
07-11 14:28:20.765 D/dalvikvm( 2997): Added shared lib libjavacore.so 0x0
07-11 14:28:20.781 D/dalvikvm( 2997): Trying to load lib libnativehelper.so 0x0
07-11 14:28:20.781 D/dalvikvm( 2997): Added shared lib libnativehelper.so 0x0
07-11 14:28:20.820 D/NfcService(  592): NFC-C ON
07-11 14:28:21.094 D/AndroidRuntime( 2997): Calling main entry com.qihoo360.powerctl.root.app.App
07-11 14:28:21.101 D/AndroidRuntime( 2997): Shutting down VM
07-11 14:28:21.101 D/jdwp    ( 2997): Got wake-up signal, bailing out of select
07-11 14:28:21.101 D/dalvikvm( 2997): Debugger has detached; object registry had 1 entries
07-11 14:28:21.101 I/AndroidRuntime( 2997): NOTE: attach of thread 'Binder_1' failed
07-11 14:28:21.148 D/dalvikvm( 2848): GC_FOR_ALLOC freed 496K, 93% free 632K/8192K, paused 10ms, total 10ms
07-11 14:28:21.953 D/dalvikvm( 2848): GC_FOR_ALLOC freed 499K, 93% free 644K/8192K, paused 8ms, total 9ms
07-11 14:28:22.258 D/dalvikvm( 2848): GC_FOR_ALLOC freed 535K, 93% free 620K/8192K, paused 10ms, total 10ms
07-11 14:28:22.539 D/dalvikvm( 2848): GC_FOR_ALLOC freed 504K, 93% free 627K/8192K, paused 8ms, total 8ms
07-11 14:28:22.836 D/dalvikvm( 2848): GC_FOR_ALLOC freed 496K, 93% free 642K/8192K, paused 11ms, total 11ms
07-11 14:28:23.125 D/dalvikvm( 2848): GC_FOR_ALLOC freed 533K, 93% free 620K/8192K, paused 10ms, total 10ms
07-11 14:28:23.437 D/dalvikvm( 2848): GC_FOR_ALLOC freed 502K, 93% free 629K/8192K, paused 8ms, total 8ms
07-11 14:28:23.758 D/dalvikvm( 2848): GC_FOR_ALLOC freed 500K, 93% free 641K/8192K, paused 8ms, total 8ms
07-11 14:28:24.039 D/dalvikvm( 2848): GC_FOR_ALLOC freed 516K, 93% free 636K/8192K, paused 9ms, total 9ms
07-11 14:28:24.140 D/PushService( 1190): [null:-1]->receiver action :com.pekall.mdm.action.PUSH_ALARM
07-11 14:28:24.148 D/PushService( 1190): [null:-1]->keepAliveWithPushServer client is opened:true
07-11 14:28:24.148 D/PushLib : ( 1190): [null:-1]->ping!!!!!!!!!
07-11 14:28:24.156 D/PushLib : ( 1190): [null:-1]->pushClient is :not null
07-11 14:28:24.156 D/PushLib : ( 1190): [null:-1]->pushClient opened : opened
07-11 14:28:24.351 D/dalvikvm( 2848): GC_FOR_ALLOC freed 518K, 93% free 630K/8192K, paused 7ms, total 8ms
07-11 14:28:24.672 D/dalvikvm( 2848): GC_FOR_ALLOC freed 501K, 93% free 641K/8192K, paused 9ms, total 9ms
07-11 14:28:24.945 D/dalvikvm( 2848): GC_FOR_ALLOC freed 532K, 93% free 620K/8192K, paused 7ms, total 7ms
07-11 14:28:25.242 D/dalvikvm( 2848): GC_FOR_ALLOC freed 500K, 93% free 632K/8192K, paused 9ms, total 9ms
07-11 14:28:25.531 D/dalvikvm( 2848): GC_FOR_ALLOC freed 505K, 93% free 639K/8192K, paused 9ms, total 13ms
07-11 14:28:25.851 D/dalvikvm( 2848): GC_FOR_ALLOC freed 530K, 93% free 621K/8192K, paused 9ms, total 9ms
07-11 14:28:26.187 D/dalvikvm( 2848): GC_FOR_ALLOC freed 500K, 93% free 632K/8192K, paused 8ms, total 9ms
07-11 14:28:26.469 D/dalvikvm( 2848): GC_FOR_ALLOC freed 505K, 93% free 639K/8192K, paused 9ms, total 9ms
07-11 14:28:26.742 D/dalvikvm( 2848): GC_FOR_ALLOC freed 531K, 93% free 620K/8192K, paused 8ms, total 8ms
07-11 14:28:27.125 D/dalvikvm( 2848): GC_FOR_ALLOC freed 496K, 93% free 635K/8192K, paused 9ms, total 9ms
07-11 14:28:27.297 D/dalvikvm( 3259): GC_FOR_ALLOC freed 3279K, 27% free 18724K/25600K, paused 69ms, total 69ms
07-11 14:28:27.539 D/dalvikvm( 2848): GC_FOR_ALLOC freed 510K, 93% free 637K/8192K, paused 8ms, total 8ms
07-11 14:28:27.828 D/dalvikvm( 2848): GC_FOR_ALLOC freed 513K, 93% free 635K/8192K, paused 15ms, total 15ms
07-11 14:28:28.156 D/dalvikvm( 2848): GC_FOR_ALLOC freed 511K, 93% free 635K/8192K, paused 9ms, total 10ms
07-11 14:28:28.437 D/dalvikvm( 2848): GC_FOR_ALLOC freed 511K, 93% free 636K/8192K, paused 8ms, total 8ms
07-11 14:28:28.695 D/dalvikvm( 2848): GC_FOR_ALLOC freed 531K, 93% free 617K/8192K, paused 7ms, total 7ms
07-11 14:28:29.000 D/dalvikvm( 2848): GC_FOR_ALLOC freed 491K, 93% free 638K/8192K, paused 10ms, total 10ms
07-11 14:28:29.164 D/PushLib : ( 1190): [null:-1]->MSG_WEBSOCKET_PONG
07-11 14:28:29.289 D/dalvikvm( 2848): GC_FOR_ALLOC freed 514K, 93% free 635K/8192K, paused 7ms, total 7ms
07-11 14:28:29.562 D/dalvikvm( 2848): GC_FOR_ALLOC freed 529K, 93% free 618K/8192K, paused 8ms, total 9ms
07-11 14:28:29.883 D/dalvikvm( 2848): GC_FOR_ALLOC freed 491K, 93% free 638K/8192K, paused 10ms, total 11ms
07-11 14:28:29.922 W/ActivityManager(  374): Activity idle timeout for ActivityRecord{42584b98 u0 com.pekall.emdm/.market.activity.AppDetailActivity}
07-11 14:28:30.203 D/dalvikvm( 2848): GC_FOR_ALLOC freed 515K, 93% free 635K/8192K, paused 9ms, total 9ms
07-11 14:28:30.539 D/dalvikvm( 2848): GC_FOR_ALLOC freed 528K, 93% free 619K/8192K, paused 7ms, total 7ms
07-11 14:28:30.875 D/dalvikvm( 2848): GC_FOR_ALLOC freed 490K, 93% free 640K/8192K, paused 9ms, total 9ms
07-11 14:28:31.156 D/dalvikvm( 2848): GC_FOR_ALLOC freed 518K, 93% free 633K/8192K, paused 9ms, total 9ms
07-11 14:28:31.469 D/dalvikvm( 2848): GC_FOR_ALLOC freed 525K, 93% free 620K/8192K, paused 7ms, total 7ms
07-11 14:28:31.742 D/dalvikvm( 2848): GC_FOR_ALLOC freed 491K, 93% free 641K/8192K, paused 10ms, total 10ms
07-11 14:28:32.031 D/dalvikvm( 2848): GC_FOR_ALLOC freed 534K, 93% free 619K/8192K, paused 7ms, total 7ms
07-11 14:28:32.336 D/dalvikvm( 2848): GC_FOR_ALLOC freed 509K, 93% free 621K/8192K, paused 8ms, total 8ms
07-11 14:28:32.648 D/dalvikvm( 2848): GC_FOR_ALLOC freed 490K, 93% free 643K/8192K, paused 9ms, total 9ms
07-11 14:28:32.922 D/dalvikvm( 2848): GC_FOR_ALLOC freed 519K, 93% free 635K/8192K, paused 9ms, total 9ms
07-11 14:28:33.250 D/dalvikvm( 2848): GC_FOR_ALLOC freed 524K, 93% free 623K/8192K, paused 12ms, total 13ms
07-11 14:28:33.320 W/MountService(  374): getVolumeState(/storage/emulated/0/external_sd): Unknown volume
07-11 14:28:33.328 W/MountService(  374): getVolumeState(/mnt/sdcard-ext): Unknown volume
07-11 14:28:33.328 W/MountService(  374): getVolumeState(/mnt/ext_sdcard): Unknown volume
07-11 14:28:33.336 W/MountService(  374): getVolumeState(/mnt/sdcard2): Unknown volume
07-11 14:28:33.336 W/MountService(  374): getVolumeState(/mnt/emmc): Unknown volume
07-11 14:28:33.336 W/MountService(  374): getVolumeState(/mnt/extSdCard): Unknown volume
07-11 14:28:33.336 W/MountService(  374): getVolumeState(/mnt/sdcard/SD_CARD): Unknown volume
07-11 14:28:33.336 W/MountService(  374): getVolumeState(/mnt/sdcard/extra_sd): Unknown volume
07-11 14:28:33.344 W/MountService(  374): getVolumeState(/mnt/extrasd_bind): Unknown volume
07-11 14:28:33.344 W/MountService(  374): getVolumeState(/mnt/sdcard/ext_sd): Unknown volume
07-11 14:28:33.344 W/MountService(  374): getVolumeState(/storage/extSdCard): Unknown volume
07-11 14:28:33.344 W/MountService(  374): getVolumeState(/storage/sdcard1): Unknown volume
07-11 14:28:33.359 W/MountService(  374): getVolumeState(/mnt/sdcard/external_SD): Unknown volume
07-11 14:28:33.359 W/MountService(  374): getVolumeState(/mnt/sdcard/external_sd): Unknown volume
07-11 14:28:33.453 D/dalvikvm(27881): GC_CONCURRENT freed 430K, 7% free 9386K/10032K, paused 5ms+15ms, total 92ms
07-11 14:28:33.453 D/dalvikvm(27881): WAIT_FOR_CONCURRENT_GC blocked 36ms
07-11 14:28:33.562 D/dalvikvm( 2848): GC_FOR_ALLOC freed 491K, 93% free 643K/8192K, paused 12ms, total 12ms
07-11 14:28:33.804 W/MountService(  374): getVolumeState(/storage/emulated/0/external_sd): Unknown volume
07-11 14:28:33.812 W/MountService(  374): getVolumeState(/mnt/sdcard-ext): Unknown volume
07-11 14:28:33.812 W/MountService(  374): getVolumeState(/mnt/ext_sdcard): Unknown volume
07-11 14:28:33.812 W/MountService(  374): getVolumeState(/mnt/sdcard2): Unknown volume
07-11 14:28:33.836 W/MountService(  374): getVolumeState(/mnt/emmc): Unknown volume
07-11 14:28:33.844 D/dalvikvm(27881): GC_CONCURRENT freed 468K, 7% free 9418K/10032K, paused 9ms+6ms, total 81ms
07-11 14:28:33.844 W/MountService(  374): getVolumeState(/mnt/extSdCard): Unknown volume
07-11 14:28:33.844 W/MountService(  374): getVolumeState(/mnt/sdcard/SD_CARD): Unknown volume
07-11 14:28:33.844 W/MountService(  374): getVolumeState(/mnt/sdcard/extra_sd): Unknown volume
07-11 14:28:33.844 W/MountService(  374): getVolumeState(/mnt/extrasd_bind): Unknown volume
07-11 14:28:33.844 W/MountService(  374): getVolumeState(/mnt/sdcard/ext_sd): Unknown volume
07-11 14:28:33.851 W/MountService(  374): getVolumeState(/storage/extSdCard): Unknown volume
07-11 14:28:33.851 W/MountService(  374): getVolumeState(/storage/sdcard1): Unknown volume
07-11 14:28:33.851 W/MountService(  374): getVolumeState(/mnt/sdcard/external_SD): Unknown volume
07-11 14:28:33.851 W/MountService(  374): getVolumeState(/mnt/sdcard/external_sd): Unknown volume
07-11 14:28:33.890 D/dalvikvm( 2848): GC_FOR_ALLOC freed 534K, 93% free 620K/8192K, paused 9ms, total 9ms
07-11 14:28:34.203 D/dalvikvm( 2848): GC_FOR_ALLOC freed 508K, 93% free 624K/8192K, paused 7ms, total 8ms
07-11 14:28:34.500 D/dalvikvm( 2848): GC_FOR_ALLOC freed 492K, 93% free 643K/8192K, paused 8ms, total 8ms
07-11 14:28:34.820 D/dalvikvm( 2848): GC_FOR_ALLOC freed 535K, 93% free 619K/8192K, paused 7ms, total 7ms
07-11 14:28:35.133 D/dalvikvm( 2848): GC_FOR_ALLOC freed 506K, 93% free 625K/8192K, paused 8ms, total 8ms
07-11 14:28:35.461 D/dalvikvm( 2848): GC_FOR_ALLOC freed 493K, 93% free 644K/8192K, paused 9ms, total 9ms
07-11 14:28:35.719 D/dalvikvm( 3259): GC_FOR_ALLOC freed 3300K, 27% free 18717K/25600K, paused 73ms, total 74ms
07-11 14:28:35.867 D/dalvikvm( 2848): GC_FOR_ALLOC freed 536K, 93% free 619K/8192K, paused 7ms, total 7ms
07-11 14:28:36.195 D/dalvikvm( 2848): GC_FOR_ALLOC freed 504K, 93% free 626K/8192K, paused 15ms, total 15ms
07-11 14:28:36.484 D/dalvikvm( 2848): GC_FOR_ALLOC freed 497K, 93% free 641K/8192K, paused 9ms, total 10ms
07-11 14:28:36.765 D/dalvikvm( 2848): GC_FOR_ALLOC freed 533K, 93% free 620K/8192K, paused 7ms, total 7ms
07-11 14:28:37.101 D/dalvikvm( 2848): GC_FOR_ALLOC freed 504K, 93% free 628K/8192K, paused 9ms, total 10ms
07-11 14:28:37.437 D/dalvikvm( 2848): GC_FOR_ALLOC freed 497K, 93% free 642K/8192K, paused 8ms, total 8ms
07-11 14:28:37.719 D/dalvikvm( 2848): GC_FOR_ALLOC freed 518K, 93% free 636K/8192K, paused 9ms, total 9ms
07-11 14:28:38.031 D/dalvikvm( 2848): GC_FOR_ALLOC freed 519K, 93% free 629K/8192K, paused 8ms, total 8ms
07-11 14:28:38.312 D/dalvikvm( 2848): GC_FOR_ALLOC freed 500K, 93% free 640K/8192K, paused 8ms, total 8ms
07-11 14:28:38.578 D/dalvikvm( 2848): GC_FOR_ALLOC freed 515K, 93% free 637K/8192K, paused 8ms, total 9ms
07-11 14:28:38.883 D/dalvikvm( 2848): GC_FOR_ALLOC freed 518K, 93% free 631K/8192K, paused 8ms, total 8ms
07-11 14:28:39.172 D/dalvikvm( 2848): GC_FOR_ALLOC freed 501K, 93% free 641K/8192K, paused 8ms, total 8ms
07-11 14:28:39.469 D/dalvikvm( 2848): GC_FOR_ALLOC freed 516K, 93% free 636K/8192K, paused 10ms, total 10ms
07-11 14:28:39.804 D/dalvikvm( 2848): GC_FOR_ALLOC freed 515K, 93% free 632K/8192K, paused 8ms, total 8ms
07-11 14:28:40.101 D/dalvikvm( 2848): GC_FOR_ALLOC freed 505K, 93% free 638K/8192K, paused 8ms, total 8ms
07-11 14:28:40.359 D/dalvikvm( 2848): GC_FOR_ALLOC freed 530K, 93% free 620K/8192K, paused 6ms, total 7ms
07-11 14:28:40.648 D/dalvikvm( 2848): GC_FOR_ALLOC freed 498K, 93% free 633K/8192K, paused 11ms, total 11ms
07-11 14:28:40.945 D/dalvikvm( 2848): GC_FOR_ALLOC freed 505K, 93% free 639K/8192K, paused 9ms, total 10ms
07-11 14:28:41.242 D/dalvikvm( 2848): GC_FOR_ALLOC freed 516K, 93% free 635K/8192K, paused 11ms, total 11ms
07-11 14:28:41.562 D/dalvikvm( 2848): GC_FOR_ALLOC freed 512K, 93% free 634K/8192K, paused 8ms, total 8ms
07-11 14:28:41.844 D/dalvikvm( 2848): GC_FOR_ALLOC freed 511K, 93% free 635K/8192K, paused 7ms, total 7ms
07-11 14:28:42.156 D/dalvikvm( 2848): GC_FOR_ALLOC freed 529K, 93% free 617K/8192K, paused 8ms, total 8ms
07-11 14:28:42.453 D/dalvikvm( 2848): GC_FOR_ALLOC freed 493K, 93% free 636K/8192K, paused 8ms, total 8ms
07-11 14:28:42.765 D/dalvikvm( 2848): GC_FOR_ALLOC freed 511K, 93% free 636K/8192K, paused 7ms, total 7ms
07-11 14:28:43.094 D/dalvikvm( 2848): GC_FOR_ALLOC freed 515K, 93% free 633K/8192K, paused 13ms, total 13ms
07-11 14:28:43.148 W/Settings(25429): Setting airplane_mode_on has moved from android.provider.Settings.System to android.provider.Settings.Global, returning read-only value.
07-11 14:28:43.148 W/Settings(25429): Setting mobile_data has moved from android.provider.Settings.Secure to android.provider.Settings.Global.
07-11 14:28:43.156 D/BluetoothAdapter(25429): 1108510848: getState() :  mService = null. Returning STATE_OFF
07-11 14:28:43.156 W/Settings(25429): Setting airplane_mode_on has moved from android.provider.Settings.System to android.provider.Settings.Global, returning read-only value.
07-11 14:28:43.211 W/Settings(25429): Setting airplane_mode_on has moved from android.provider.Settings.System to android.provider.Settings.Global, returning read-only value.
07-11 14:28:43.219 W/Settings(25429): Setting mobile_data has moved from android.provider.Settings.Secure to android.provider.Settings.Global.
07-11 14:28:43.219 D/BluetoothAdapter(25429): 1108510848: getState() :  mService = null. Returning STATE_OFF
07-11 14:28:43.219 W/Settings(25429): Setting airplane_mode_on has moved from android.provider.Settings.System to android.provider.Settings.Global, returning read-only value.
07-11 14:28:43.242 D/LightsService(  374): Excessive delay setting light: 63ms
07-11 14:28:44.000 D/dalvikvm( 2848): GC_FOR_ALLOC freed 521K, 93% free 624K/8192K, paused 6ms, total 6ms
07-11 14:28:44.351 D/dalvikvm( 2848): GC_FOR_ALLOC freed 491K, 93% free 644K/8192K, paused 9ms, total 9ms
07-11 14:28:44.476 D/dalvikvm( 3259): GC_FOR_ALLOC freed 3291K, 27% free 18717K/25600K, paused 69ms, total 70ms
07-11 14:28:44.726 D/dalvikvm( 2848): GC_FOR_ALLOC freed 535K, 93% free 620K/8192K, paused 8ms, total 9ms
07-11 14:28:45.039 D/dalvikvm( 2848): GC_FOR_ALLOC freed 507K, 93% free 624K/8192K, paused 8ms, total 8ms
07-11 14:28:45.336 D/dalvikvm( 2848): GC_FOR_ALLOC freed 491K, 93% free 645K/8192K, paused 9ms, total 9ms
07-11 14:28:45.640 D/dalvikvm( 2848): GC_FOR_ALLOC freed 520K, 93% free 637K/8192K, paused 14ms, total 14ms
07-11 14:28:45.906 D/LightsService(  374): Excessive delay setting light: 67ms
07-11 14:28:45.976 D/dalvikvm( 2848): GC_FOR_ALLOC freed 523K, 93% free 625K/8192K, paused 9ms, total 10ms
07-11 14:28:46.242 D/MDnsDS  (  121): MDnsSdListener::Monitor poll timed out
07-11 14:28:46.242 D/MDnsDS  (  121): Going to poll with pollCount 1
07-11 14:28:46.250 D/dalvikvm( 2848): GC_FOR_ALLOC freed 494K, 93% free 642K/8192K, paused 11ms, total 11ms
07-11 14:28:46.570 D/dalvikvm( 2848): GC_FOR_ALLOC freed 519K, 93% free 635K/8192K, paused 9ms, total 9ms
07-11 14:28:46.883 D/dalvikvm( 2848): GC_FOR_ALLOC freed 520K, 93% free 627K/8192K, paused 9ms, total 9ms
07-11 14:28:48.484 I/AndroidRuntime( 2848): VM exiting with result code 0.
07-11 14:28:53.617 D/AndroidRuntime( 3084): 
07-11 14:28:53.617 D/AndroidRuntime( 3084): >>>>>> AndroidRuntime START com.android.internal.os.RuntimeInit <<<<<<
07-11 14:28:53.617 D/AndroidRuntime( 3084): CheckJNI is OFF
07-11 14:28:53.633 D/dalvikvm( 3084): Trying to load lib libjavacore.so 0x0
07-11 14:28:53.633 D/dalvikvm( 3084): Added shared lib libjavacore.so 0x0
07-11 14:28:53.648 D/dalvikvm( 3084): Trying to load lib libnativehelper.so 0x0
07-11 14:28:53.648 D/dalvikvm( 3084): Added shared lib libnativehelper.so 0x0
07-11 14:28:53.929 D/AndroidRuntime( 3084): Calling main entry com.android.commands.uiautomator.Launcher
07-11 14:28:55.203 W/AccessibilityNodeInfoDumper( 3084): Fetch time: 42ms
07-11 14:28:55.258 D/AndroidRuntime( 3084): Shutting down VM
07-11 14:28:55.265 D/jdwp    ( 3084): Got wake-up signal, bailing out of select
07-11 14:28:55.265 D/dalvikvm( 3084): Debugger has detached; object registry had 1 entries
07-11 14:29:00.258 W/Settings(25429): Setting airplane_mode_on has moved from android.provider.Settings.System to android.provider.Settings.Global, returning read-only value.
07-11 14:29:00.258 W/Settings(25429): Setting mobile_data has moved from android.provider.Settings.Secure to android.provider.Settings.Global.
07-11 14:29:00.258 D/BluetoothAdapter(25429): 1108510848: getState() :  mService = null. Returning STATE_OFF
07-11 14:29:00.258 W/Settings(25429): Setting airplane_mode_on has moved from android.provider.Settings.System to android.provider.Settings.Global, returning read-only value.
07-11 14:29:00.453 W/System.err(27801): java.io.FileNotFoundException: /data/data/com.mgyapp.android/files/.cfpaps.i: open failed: ENOENT (No such file or directory)
07-11 14:29:00.461 W/System.err(27801): 	at libcore.io.IoBridge.open(IoBridge.java:409)
07-11 14:29:00.461 W/System.err(27801): 	at java.io.FileInputStream.<init>(FileInputStream.java:78)
07-11 14:29:00.461 W/System.err(27801): 	at android.app.ContextImpl.openFileInput(ContextImpl.java:702)
07-11 14:29:00.461 W/System.err(27801): 	at android.content.ContextWrapper.openFileInput(ContextWrapper.java:173)
07-11 14:29:00.461 W/System.err(27801): 	at com.mgyun.shua.jc.service.f.run(Unknown Source)
07-11 14:29:00.461 W/System.err(27801): 	at com.mgyun.shua.jc.service.CpWorkServer.onHandleIntent(Unknown Source)
07-11 14:29:00.461 W/System.err(27801): 	at android.app.IntentService$ServiceHandler.handleMessage(IntentService.java:65)
07-11 14:29:00.461 W/System.err(27801): 	at android.os.Handler.dispatchMessage(Handler.java:99)
07-11 14:29:00.461 W/System.err(27801): 	at android.os.Looper.loop(Looper.java:137)
07-11 14:29:00.461 W/System.err(27801): 	at android.os.HandlerThread.run(HandlerThread.java:61)
07-11 14:29:00.461 W/System.err(27801): Caused by: libcore.io.ErrnoException: open failed: ENOENT (No such file or directory)
07-11 14:29:00.461 W/System.err(27801): 	at libcore.io.Posix.open(Native Method)
07-11 14:29:00.461 W/System.err(27801): 	at libcore.io.BlockGuardOs.open(BlockGuardOs.java:110)
07-11 14:29:00.461 W/System.err(27801): 	at libcore.io.IoBridge.open(IoBridge.java:393)
07-11 14:29:00.461 W/System.err(27801): 	... 9 more
07-11 14:29:01.844 D/mdm_log ( 3259): [null:-1]->read buffer is -1 , download done
07-11 14:29:01.937 D/mdm_log ( 3259): [null:-1]->file download complete! url is/storage/emulated/0/MDM/download/commojimjweather.apk
07-11 14:29:02.000 D/ypy     ( 3259): [null:-1]-> ================ checkDownLoadStatus status is 3
07-11 14:29:02.000 D/ypy     ( 3259): [null:-1]-> ================ checkDownLoadStatus status is 3
07-11 14:29:02.000 D/ypy     ( 3259): [null:-1]-> ================ checkDownLoadStatus status is 3
07-11 14:29:09.883 D/LightsService(  374): Excessive delay setting light: 67ms
07-11 14:29:10.461 W/System.err(27801): java.io.FileNotFoundException: /data/data/com.mgyapp.android/files/.cfp.i: open failed: ENOENT (No such file or directory)
07-11 14:29:10.461 W/System.err(27801): 	at libcore.io.IoBridge.open(IoBridge.java:409)
07-11 14:29:10.461 W/System.err(27801): 	at java.io.FileInputStream.<init>(FileInputStream.java:78)
07-11 14:29:10.461 W/System.err(27801): 	at android.app.ContextImpl.openFileInput(ContextImpl.java:702)
07-11 14:29:10.461 W/System.err(27801): 	at android.content.ContextWrapper.openFileInput(ContextWrapper.java:173)
07-11 14:29:10.461 W/System.err(27801): 	at com.mgyun.shua.jc.c.b(Unknown Source)
07-11 14:29:10.461 W/System.err(27801): 	at com.mgyun.shua.jc.d.a(Unknown Source)
07-11 14:29:10.461 W/System.err(27801): 	at com.mgyun.shua.jc.service.CpWorkServer.onHandleIntent(Unknown Source)
07-11 14:29:10.461 W/System.err(27801): 	at android.app.IntentService$ServiceHandler.handleMessage(IntentService.java:65)
07-11 14:29:10.469 W/System.err(27801): 	at android.os.Handler.dispatchMessage(Handler.java:99)
07-11 14:29:10.469 W/System.err(27801): 	at android.os.Looper.loop(Looper.java:137)
07-11 14:29:10.469 W/System.err(27801): 	at android.os.HandlerThread.run(HandlerThread.java:61)
07-11 14:29:10.469 W/System.err(27801): Caused by: libcore.io.ErrnoException: open failed: ENOENT (No such file or directory)
07-11 14:29:10.469 W/System.err(27801): 	at libcore.io.Posix.open(Native Method)
07-11 14:29:10.469 W/System.err(27801): 	at libcore.io.BlockGuardOs.open(BlockGuardOs.java:110)
07-11 14:29:10.469 W/System.err(27801): 	at libcore.io.IoBridge.open(IoBridge.java:393)
07-11 14:29:10.469 W/System.err(27801): 	... 10 more
07-11 14:29:15.687 I/PowerManagerService(  374): Going to sleep due to screen timeout...
07-11 14:29:16.476 D/MdmApplication( 3259): [null:-1]->onActivityPaused market.activity.AppDetailActivity , mActivityCount = 3
07-11 14:29:16.484 D/MDM :   ( 3259): [null:-1]->query
07-11 14:29:16.508 D/SurfaceFlinger(  124): Screen released, type=0 flinger=0x400b4008
07-11 14:29:16.554 D/NfcService(  592): NFC-C OFF, disconnect
07-11 14:29:16.617 D/dalvikvm( 3259): GC_FOR_ALLOC freed 3170K, 27% free 18838K/25600K, paused 123ms, total 126ms
07-11 14:29:16.633 D/MDM :   ( 3259): [null:-1]->QUERY_PINCODE_CHECK_RESULT
07-11 14:29:16.633 E/Mdm     ( 3259): Call Mdm service's setLastExitTime function
07-11 14:29:16.656 D/MDM :   ( 3259): [null:-1]->query
07-11 14:29:16.656 D/MDM :   ( 3259): [null:-1]->QUERY_SETTING_PIN_ONOFF
07-11 14:29:16.734 D/dalvikvm(27881): GC_FOR_ALLOC freed 447K, 7% free 9348K/10032K, paused 20ms, total 20ms
07-11 14:29:16.773 D/dalvikvm( 1789): GC_FOR_ALLOC freed 274K, 6% free 9839K/10416K, paused 22ms, total 23ms
07-11 14:29:21.656 D/dalvikvm(  374): GC_CONCURRENT freed 2621K, 27% free 23359K/31960K, paused 7ms+9ms, total 111ms
07-11 14:29:21.656 D/dalvikvm(  374): WAIT_FOR_CONCURRENT_GC blocked 79ms
07-11 14:29:21.765 V/KeyguardHostView(  374): hide transport, gen:99
07-11 14:29:21.765 V/KeyguardHostView(  374): music state changed: 0
07-11 14:29:21.789 D/PhoneStatusBar(  450): disable: < expand icons alerts ticker system_info back home RECENT* clock search >
07-11 14:29:21.820 V/TAG     (  374): bug 7643792: fitSystemWindows([0,50][0,0])
07-11 14:29:21.945 D/PhoneStatusBar(  450): disable: < expand icons alerts ticker system_info BACK* HOME* RECENT CLOCK* search >
07-11 14:29:24.836 D/JOBS    ( 1190): Thread-3184: load factor check. true = (0 < 1)|| (0 * 3 < 0 + 0). consumer thread: true
07-11 14:29:24.836 D/JOBS    ( 1190): didn't allow me to die, re-running Thread-3184
07-11 14:29:24.836 D/JOBS    ( 1190): re-running consumer Thread-3184
07-11 14:29:33.445 W/MountService(  374): getVolumeState(/storage/emulated/0/external_sd): Unknown volume
07-11 14:29:33.445 W/MountService(  374): getVolumeState(/mnt/sdcard-ext): Unknown volume
07-11 14:29:33.445 W/MountService(  374): getVolumeState(/mnt/ext_sdcard): Unknown volume
07-11 14:29:33.453 W/MountService(  374): getVolumeState(/mnt/sdcard2): Unknown volume
07-11 14:29:33.453 W/MountService(  374): getVolumeState(/mnt/emmc): Unknown volume
07-11 14:29:33.453 W/MountService(  374): getVolumeState(/mnt/extSdCard): Unknown volume
07-11 14:29:33.453 W/MountService(  374): getVolumeState(/mnt/sdcard/SD_CARD): Unknown volume
07-11 14:29:33.453 W/MountService(  374): getVolumeState(/mnt/sdcard/extra_sd): Unknown volume
07-11 14:29:33.453 W/MountService(  374): getVolumeState(/mnt/extrasd_bind): Unknown volume
07-11 14:29:33.453 W/MountService(  374): getVolumeState(/mnt/sdcard/ext_sd): Unknown volume
07-11 14:29:33.453 W/MountService(  374): getVolumeState(/storage/extSdCard): Unknown volume
07-11 14:29:33.461 W/MountService(  374): getVolumeState(/storage/sdcard1): Unknown volume
07-11 14:29:33.461 W/MountService(  374): getVolumeState(/mnt/sdcard/external_SD): Unknown volume
07-11 14:29:33.461 W/MountService(  374): getVolumeState(/mnt/sdcard/external_sd): Unknown volume
07-11 14:29:33.539 D/dalvikvm(27881): GC_CONCURRENT freed 308K, 6% free 9517K/10032K, paused 5ms+4ms, total 30ms
07-11 14:29:33.687 W/MountService(  374): getVolumeState(/storage/emulated/0/external_sd): Unknown volume
07-11 14:29:33.687 W/MountService(  374): getVolumeState(/mnt/sdcard-ext): Unknown volume
07-11 14:29:33.687 W/MountService(  374): getVolumeState(/mnt/ext_sdcard): Unknown volume
07-11 14:29:33.687 W/MountService(  374): getVolumeState(/mnt/sdcard2): Unknown volume
07-11 14:29:33.687 W/MountService(  374): getVolumeState(/mnt/emmc): Unknown volume
07-11 14:29:33.687 W/MountService(  374): getVolumeState(/mnt/extSdCard): Unknown volume
07-11 14:29:33.695 W/MountService(  374): getVolumeState(/mnt/sdcard/SD_CARD): Unknown volume
07-11 14:29:33.695 W/MountService(  374): getVolumeState(/mnt/sdcard/extra_sd): Unknown volume
07-11 14:29:33.695 W/MountService(  374): getVolumeState(/mnt/extrasd_bind): Unknown volume
07-11 14:29:33.695 W/MountService(  374): getVolumeState(/mnt/sdcard/ext_sd): Unknown volume
07-11 14:29:33.695 W/MountService(  374): getVolumeState(/storage/extSdCard): Unknown volume
07-11 14:29:33.695 W/MountService(  374): getVolumeState(/storage/sdcard1): Unknown volume
07-11 14:29:33.695 W/MountService(  374): getVolumeState(/mnt/sdcard/external_SD): Unknown volume
07-11 14:29:33.703 W/MountService(  374): getVolumeState(/mnt/sdcard/external_sd): Unknown volume
07-11 14:29:33.726 D/dalvikvm(27881): GC_CONCURRENT freed 590K, 7% free 9412K/10044K, paused 4ms+4ms, total 27ms
07-11 14:29:49.211 I/PowerManagerService(  374): Waking up from sleep...
07-11 14:29:49.258 I/WindowManager(  374): Lock screen displayed!
07-11 14:29:49.476 D/dalvikvm(  833): GC_CONCURRENT freed 1326K, 18% free 12852K/15584K, paused 10ms+8ms, total 105ms
07-11 14:29:49.476 D/dalvikvm(  833): WAIT_FOR_CONCURRENT_GC blocked 51ms
07-11 14:29:49.484 D/dalvikvm(  833): WAIT_FOR_CONCURRENT_GC blocked 42ms
07-11 14:29:49.531 V/DigitalWidgetViewsFactory(28000): DigitalWidget sets next alarm string to null
07-11 14:29:49.640 D/PowerManagerService-JNI(  374): Excessive delay in autosuspend_disable() while turning screen on: 419ms
07-11 14:29:49.640 D/SurfaceFlinger(  124): Screen acquired, type=0 flinger=0x400b4008
07-11 14:29:49.859 D/LightsService(  374): Excessive delay setting light: 118ms
07-11 14:29:49.945 D/AndroidRuntime( 3229): 
07-11 14:29:49.945 D/AndroidRuntime( 3229): >>>>>> AndroidRuntime START com.android.internal.os.RuntimeInit <<<<<<
07-11 14:29:49.953 D/AndroidRuntime( 3229): CheckJNI is OFF
07-11 14:29:49.961 D/dalvikvm( 3229): Trying to load lib libjavacore.so 0x0
07-11 14:29:49.969 D/dalvikvm( 3229): Added shared lib libjavacore.so 0x0
07-11 14:29:49.984 D/dalvikvm( 3229): Trying to load lib libnativehelper.so 0x0
07-11 14:29:49.992 D/dalvikvm( 3229): Added shared lib libnativehelper.so 0x0
07-11 14:29:50.101 W/GlowPadView(  374): The number of target drawables must be equal to the number of direction descriptions.
07-11 14:29:50.187 D/AndroidRuntime( 3229): Calling main entry com.qihoo360.powerctl.root.app.App
07-11 14:29:50.187 D/AndroidRuntime( 3229): Shutting down VM
07-11 14:29:50.187 D/dalvikvm( 3229): Debugger has detached; object registry had 1 entries
07-11 14:29:50.195 I/AndroidRuntime( 3229): NOTE: attach of thread 'Binder_1' failed
07-11 14:29:50.289 D/MdmApplication( 3259): [null:-1]->onActivityStarted market.activity.AppDetailActivity , mActivityCount = 2
07-11 14:29:50.289 D/MDM :   ( 3259): [null:-1]->query
07-11 14:29:50.289 D/MDM :   ( 3259): [null:-1]->QUERY_PINCODE_CHECK_RESULT
07-11 14:29:50.297 D/PhoneStatusBar(  450): disable: < expand icons alerts ticker system_info BACK HOME recent* CLOCK search >
07-11 14:29:50.320 W/System.err( 3259): android.content.pm.PackageManager$NameNotFoundException: com.moji.mjweather
07-11 14:29:50.320 W/System.err( 3259): 	at android.app.ApplicationPackageManager.getPackageInfo(ApplicationPackageManager.java:81)
07-11 14:29:50.320 W/System.err( 3259): 	at com.pekall.emdm.market.activity.AppDetailActivity.onResume(Unknown Source)
07-11 14:29:50.320 W/System.err( 3259): 	at android.app.Instrumentation.callActivityOnResume(Instrumentation.java:1192)
07-11 14:29:50.320 W/System.err( 3259): 	at android.app.Activity.performResume(Activity.java:5211)
07-11 14:29:50.320 W/System.err( 3259): 	at android.app.ActivityThread.performResumeActivity(ActivityThread.java:2780)
07-11 14:29:50.320 W/System.err( 3259): 	at android.app.ActivityThread.handleResumeActivity(ActivityThread.java:2819)
07-11 14:29:50.320 W/System.err( 3259): 	at android.app.ActivityThread$H.handleMessage(ActivityThread.java:1298)
07-11 14:29:50.328 W/System.err( 3259): 	at android.os.Handler.dispatchMessage(Handler.java:99)
07-11 14:29:50.328 W/System.err( 3259): 	at android.os.Looper.loop(Looper.java:137)
07-11 14:29:50.328 W/System.err( 3259): 	at android.app.ActivityThread.main(ActivityThread.java:5103)
07-11 14:29:50.328 W/System.err( 3259): 	at java.lang.reflect.Method.invokeNative(Native Method)
07-11 14:29:50.328 W/System.err( 3259): 	at java.lang.reflect.Method.invoke(Method.java:525)
07-11 14:29:50.328 W/System.err( 3259): 	at com.android.internal.os.ZygoteInit$MethodAndArgsCaller.run(ZygoteInit.java:737)
07-11 14:29:50.328 W/System.err( 3259): 	at com.android.internal.os.ZygoteInit.main(ZygoteInit.java:553)
07-11 14:29:50.328 W/System.err( 3259): 	at dalvik.system.NativeStart.main(Native Method)
07-11 14:29:50.328 D/ypy     ( 3259): [null:-1]-> ================ checkDownLoadStatus status is 3
07-11 14:29:50.336 D/NfcService(  592): NFC-C ON
07-11 14:29:50.375 D/PhoneStatusBar(  450): disable: < expand icons alerts ticker system_info back* home* recent clock* search >
07-11 14:29:50.390 W/InputMethodManagerService(  374): Window already focused, ignoring focus gain of: com.android.internal.view.IInputMethodClient$Stub$Proxy@428555f0 attribute=android.view.inputmethod.EditorInfo@42c2f4e8, token = android.os.BinderProxy@42328ce0
07-11 14:29:50.617 D/dalvikvm(20727): GC_CONCURRENT freed 352K, 7% free 10156K/10920K, paused 6ms+3ms, total 67ms
07-11 14:29:50.773 I/RootJni ( 3250): su: permission denied
07-11 14:29:50.859 V/TAG     (  374): bug 7643792: fitSystemWindows([0,50][0,0])
07-11 14:29:50.976 D/AndroidRuntime( 3249): 
07-11 14:29:50.976 D/AndroidRuntime( 3249): >>>>>> AndroidRuntime START com.android.internal.os.RuntimeInit <<<<<<
07-11 14:29:50.976 D/AndroidRuntime( 3249): CheckJNI is OFF
07-11 14:29:50.992 D/dalvikvm( 3249): Trying to load lib libjavacore.so 0x0
07-11 14:29:51.000 D/dalvikvm( 3249): Added shared lib libjavacore.so 0x0
07-11 14:29:51.023 D/dalvikvm( 3249): Trying to load lib libnativehelper.so 0x0
07-11 14:29:51.023 D/dalvikvm( 3249): Added shared lib libnativehelper.so 0x0
07-11 14:29:51.203 D/SizeAdaptiveLayout(  450): com.android.internal.widget.SizeAdaptiveLayout{42389f18 V.E..... ......ID 0,0-720,128 #7f070058 app:id/adaptive}child view android.widget.LinearLayout{4221a9e8 V.E..... ......ID 0,0-720,124} measured out of bounds at 124px clamped to 128px
07-11 14:29:51.289 D/AndroidRuntime( 3249): Calling main entry com.qihoo360.powerctl.root.app.App
07-11 14:29:51.289 D/AndroidRuntime( 3249): Shutting down VM
07-11 14:29:51.297 D/dalvikvm( 3249): Debugger has detached; object registry had 1 entries
07-11 14:29:51.453 D/SizeAdaptiveLayout(  450): com.android.internal.widget.SizeAdaptiveLayout{42389f18 V.E..... ......ID 0,0-720,128 #7f070058 app:id/adaptive}child view android.widget.LinearLayout{4221a9e8 V.E..... ......ID 0,0-720,124} measured out of bounds at 124px clamped to 128px
07-11 14:29:51.570 V/PanelView(  450): animationTick called with dtms=0; nothing to do (h=1021.0 v=1593.8154)
07-11 14:29:51.570 V/PanelView(  450): animationTick called with dtms=-14; nothing to do (h=1021.0 v=1593.8154)
07-11 14:29:51.664 D/SizeAdaptiveLayout(  450): com.android.internal.widget.SizeAdaptiveLayout{42389f18 V.E..... ......ID 0,0-720,128 #7f070058 app:id/adaptive}child view android.widget.LinearLayout{4221a9e8 V.E..... ......ID 0,0-720,124} measured out of bounds at 124px clamped to 128px
07-11 14:30:01.781 V/DigitalWidgetViewsFactory(28000): DigitalWidget sets next alarm string to null
07-11 14:30:07.828 D/dalvikvm(20727): GC_CONCURRENT freed 423K, 8% free 10121K/10920K, paused 5ms+2ms, total 42ms
07-11 14:30:11.500 D/dalvikvm(25474): GC_CONCURRENT freed 426K, 16% free 9527K/11232K, paused 2ms+2ms, total 28ms
07-11 14:30:20.484 D/LightsService(  374): Excessive delay setting light: 67ms
07-11 14:30:25.226 W/SystemClock(  565): time going backwards: prev 104000901214272(ioctl) vs now 104000900512367(ioctl), tid=854
07-11 14:30:26.297 I/PowerManagerService(  374): Going to sleep due to screen timeout...
07-11 14:30:26.562 D/GCM     (  647): Ignoring attempt to send heartbeat on dead connection.
07-11 14:30:27.133 D/SurfaceFlinger(  124): Screen released, type=0 flinger=0x400b4008
07-11 14:30:27.148 D/MdmApplication( 3259): [null:-1]->onActivityPaused market.activity.AppDetailActivity , mActivityCount = 3
07-11 14:30:27.148 D/MDM :   ( 3259): [null:-1]->query
07-11 14:30:27.148 D/MDM :   ( 3259): [null:-1]->QUERY_PINCODE_CHECK_RESULT
07-11 14:30:27.148 E/Mdm     ( 3259): Call Mdm service's setLastExitTime function
07-11 14:30:27.195 D/MdmService( 3259): [null:-1]->receiver action :com.pekall.mdm.action.MDM_ALARM
07-11 14:30:27.195 D/MdmService( 3259): [null:-1]->keepAliveWithPushServer client is opened:true
07-11 14:30:27.195 D/MDM :   ( 3259): [null:-1]->ping!!!!!!!!!
07-11 14:30:27.203 D/MdmService( 3259): [null:-1]->pushUrl : ws://192.168.10.91:9070/websocket
07-11 14:30:27.203 D/MDM :   ( 3259): [null:-1]->mMdmPushClient is :not null
07-11 14:30:27.203 D/MDM :   ( 3259): [null:-1]->mMdmPushClient opened : opened
07-11 14:30:27.203 D/MDM :   ( 3259): [null:-1]->MSG_WEBSOCKET_PONG
07-11 14:30:27.242 D/NfcService(  592): NFC-C OFF, disconnect
07-11 14:30:27.273 W/InputMethodManagerService(  374): Window already focused, ignoring focus gain of: com.android.internal.view.IInputMethodClient$Stub$Proxy@42c38e00 attribute=android.view.inputmethod.EditorInfo@426b0d08, token = android.os.BinderProxy@42328ce0
07-11 14:30:27.328 D/MDM :   ( 3259): [null:-1]->query
07-11 14:30:27.328 D/MDM :   ( 3259): [null:-1]->QUERY_SETTING_PIN_ONOFF
07-11 14:30:27.390 D/dalvikvm(25429): GC_CONCURRENT freed 420K, 6% free 9723K/10252K, paused 4ms+3ms, total 27ms
07-11 14:30:32.250 V/KeyguardHostView(  374): hide transport, gen:99
07-11 14:30:32.250 V/KeyguardHostView(  374): music state changed: 0
07-11 14:30:32.273 D/PhoneStatusBar(  450): disable: < expand icons alerts ticker system_info back home RECENT* clock search >
07-11 14:30:32.312 V/TAG     (  374): bug 7643792: fitSystemWindows([0,50][0,0])
07-11 14:30:32.375 D/dalvikvm( 1165): GC_FOR_ALLOC freed 229K, 6% free 9204K/9772K, paused 18ms, total 18ms
07-11 14:30:32.414 D/PhoneStatusBar(  450): disable: < expand icons alerts ticker system_info BACK* HOME* RECENT CLOCK* search >
07-11 14:30:33.601 D/dalvikvm(27881): GC_FOR_ALLOC freed 396K, 7% free 9378K/10032K, paused 31ms, total 31ms
07-11 14:30:33.609 W/MountService(  374): getVolumeState(/storage/emulated/0/external_sd): Unknown volume
07-11 14:30:33.609 W/MountService(  374): getVolumeState(/mnt/sdcard-ext): Unknown volume
07-11 14:30:33.609 W/MountService(  374): getVolumeState(/mnt/ext_sdcard): Unknown volume
07-11 14:30:33.609 W/MountService(  374): getVolumeState(/mnt/sdcard2): Unknown volume
07-11 14:30:33.609 W/MountService(  374): getVolumeState(/mnt/emmc): Unknown volume
07-11 14:30:33.609 W/MountService(  374): getVolumeState(/mnt/extSdCard): Unknown volume
07-11 14:30:33.609 W/MountService(  374): getVolumeState(/mnt/sdcard/SD_CARD): Unknown volume
07-11 14:30:33.617 W/MountService(  374): getVolumeState(/mnt/sdcard/extra_sd): Unknown volume
07-11 14:30:33.617 W/MountService(  374): getVolumeState(/mnt/extrasd_bind): Unknown volume
07-11 14:30:33.617 W/MountService(  374): getVolumeState(/mnt/sdcard/ext_sd): Unknown volume
07-11 14:30:33.617 W/MountService(  374): getVolumeState(/storage/extSdCard): Unknown volume
07-11 14:30:33.617 W/MountService(  374): getVolumeState(/storage/sdcard1): Unknown volume
07-11 14:30:33.625 W/MountService(  374): getVolumeState(/mnt/sdcard/external_SD): Unknown volume
07-11 14:30:33.625 W/MountService(  374): getVolumeState(/mnt/sdcard/external_sd): Unknown volume
07-11 14:30:33.719 D/dalvikvm(27881): GC_CONCURRENT freed 284K, 6% free 9522K/10032K, paused 4ms+3ms, total 39ms
07-11 14:30:33.758 D/dalvikvm(  577): GC_EXPLICIT freed 435K, 7% free 11552K/12344K, paused 2ms+6ms, total 45ms
07-11 14:30:33.883 W/MountService(  374): getVolumeState(/storage/emulated/0/external_sd): Unknown volume
07-11 14:30:33.890 W/MountService(  374): getVolumeState(/mnt/sdcard-ext): Unknown volume
07-11 14:30:33.890 W/MountService(  374): getVolumeState(/mnt/ext_sdcard): Unknown volume
07-11 14:30:33.890 W/MountService(  374): getVolumeState(/mnt/sdcard2): Unknown volume
07-11 14:30:33.890 W/MountService(  374): getVolumeState(/mnt/emmc): Unknown volume
07-11 14:30:33.890 W/MountService(  374): getVolumeState(/mnt/extSdCard): Unknown volume
07-11 14:30:33.890 W/MountService(  374): getVolumeState(/mnt/sdcard/SD_CARD): Unknown volume
07-11 14:30:33.890 W/MountService(  374): getVolumeState(/mnt/sdcard/extra_sd): Unknown volume
07-11 14:30:33.890 W/MountService(  374): getVolumeState(/mnt/extrasd_bind): Unknown volume
07-11 14:30:33.890 W/MountService(  374): getVolumeState(/mnt/sdcard/ext_sd): Unknown volume
07-11 14:30:33.890 W/MountService(  374): getVolumeState(/storage/extSdCard): Unknown volume
07-11 14:30:33.898 W/MountService(  374): getVolumeState(/storage/sdcard1): Unknown volume
07-11 14:30:33.898 W/MountService(  374): getVolumeState(/mnt/sdcard/external_SD): Unknown volume
07-11 14:30:33.898 W/MountService(  374): getVolumeState(/mnt/sdcard/external_sd): Unknown volume
07-11 14:30:33.929 D/dalvikvm(27881): GC_CONCURRENT freed 578K, 7% free 9396K/10032K, paused 4ms+3ms, total 26ms
07-11 14:30:36.929 W/Settings(25429): Setting airplane_mode_on has moved from android.provider.Settings.System to android.provider.Settings.Global, returning read-only value.
07-11 14:30:36.929 W/Settings(25429): Setting mobile_data has moved from android.provider.Settings.Secure to android.provider.Settings.Global.
07-11 14:30:36.929 D/BluetoothAdapter(25429): 1108510848: getState() :  mService = null. Returning STATE_OFF
07-11 14:30:36.929 W/Settings(25429): Setting airplane_mode_on has moved from android.provider.Settings.System to android.provider.Settings.Global, returning read-only value.
07-11 14:30:36.945 W/Settings(25429): Setting airplane_mode_on has moved from android.provider.Settings.System to android.provider.Settings.Global, returning read-only value.
07-11 14:30:36.945 W/Settings(25429): Setting mobile_data has moved from android.provider.Settings.Secure to android.provider.Settings.Global.
07-11 14:30:36.945 D/BluetoothAdapter(25429): 1108510848: getState() :  mService = null. Returning STATE_OFF
07-11 14:30:36.945 W/Settings(25429): Setting airplane_mode_on has moved from android.provider.Settings.System to android.provider.Settings.Global, returning read-only value.
07-11 14:30:36.945 W/Settings(25429): Setting airplane_mode_on has moved from android.provider.Settings.System to android.provider.Settings.Global, returning read-only value.
07-11 14:30:36.945 W/Settings(25429): Setting mobile_data has moved from android.provider.Settings.Secure to android.provider.Settings.Global.
07-11 14:30:36.945 D/BluetoothAdapter(25429): 1108510848: getState() :  mService = null. Returning STATE_OFF
07-11 14:30:36.945 W/Settings(25429): Setting airplane_mode_on has moved from android.provider.Settings.System to android.provider.Settings.Global, returning read-only value.
07-11 14:31:21.594 D/dalvikvm(  450): GC_CONCURRENT freed 1582K, 16% free 14785K/17536K, paused 4ms+7ms, total 54ms
07-11 14:31:24.844 D/JOBS    ( 1190): Thread-3184: load factor check. true = (0 < 1)|| (0 * 3 < 0 + 0). consumer thread: true
07-11 14:31:24.844 D/JOBS    ( 1190): didn't allow me to die, re-running Thread-3184
07-11 14:31:24.844 D/JOBS    ( 1190): re-running consumer Thread-3184
07-11 14:31:33.726 W/MountService(  374): getVolumeState(/storage/emulated/0/external_sd): Unknown volume
07-11 14:31:33.726 W/MountService(  374): getVolumeState(/mnt/sdcard-ext): Unknown volume
07-11 14:31:33.726 W/MountService(  374): getVolumeState(/mnt/ext_sdcard): Unknown volume
07-11 14:31:33.726 W/MountService(  374): getVolumeState(/mnt/sdcard2): Unknown volume
07-11 14:31:33.726 W/MountService(  374): getVolumeState(/mnt/emmc): Unknown volume
07-11 14:31:33.726 W/MountService(  374): getVolumeState(/mnt/extSdCard): Unknown volume
07-11 14:31:33.726 W/MountService(  374): getVolumeState(/mnt/sdcard/SD_CARD): Unknown volume
07-11 14:31:33.734 W/MountService(  374): getVolumeState(/mnt/sdcard/extra_sd): Unknown volume
07-11 14:31:33.734 W/MountService(  374): getVolumeState(/mnt/extrasd_bind): Unknown volume
07-11 14:31:33.734 W/MountService(  374): getVolumeState(/mnt/sdcard/ext_sd): Unknown volume
07-11 14:31:33.734 W/MountService(  374): getVolumeState(/storage/extSdCard): Unknown volume
07-11 14:31:33.734 W/MountService(  374): getVolumeState(/storage/sdcard1): Unknown volume
07-11 14:31:33.734 W/MountService(  374): getVolumeState(/mnt/sdcard/external_SD): Unknown volume
07-11 14:31:33.742 W/MountService(  374): getVolumeState(/mnt/sdcard/external_sd): Unknown volume
07-11 14:31:33.765 D/dalvikvm(27881): GC_FOR_ALLOC freed 394K, 7% free 9379K/10032K, paused 20ms, total 20ms
07-11 14:31:33.898 D/dalvikvm(24931): GC_EXPLICIT freed 247K, 4% free 9193K/9480K, paused 2ms+5ms, total 35ms
07-11 14:31:34.015 D/dalvikvm(27881): GC_CONCURRENT freed 470K, 7% free 9420K/10032K, paused 14ms+4ms, total 51ms
07-11 14:31:34.015 D/dalvikvm(27881): WAIT_FOR_CONCURRENT_GC blocked 15ms
07-11 14:31:34.031 W/MountService(  374): getVolumeState(/storage/emulated/0/external_sd): Unknown volume
07-11 14:31:34.039 W/MountService(  374): getVolumeState(/mnt/sdcard-ext): Unknown volume
07-11 14:31:34.039 W/MountService(  374): getVolumeState(/mnt/ext_sdcard): Unknown volume
07-11 14:31:34.047 D/dalvikvm(  374): GC_CONCURRENT freed 2397K, 23% free 24474K/31624K, paused 4ms+19ms, total 148ms
07-11 14:31:34.047 W/MountService(  374): getVolumeState(/mnt/sdcard2): Unknown volume
07-11 14:31:34.047 W/MountService(  374): getVolumeState(/mnt/emmc): Unknown volume
07-11 14:31:34.054 W/MountService(  374): getVolumeState(/mnt/extSdCard): Unknown volume
07-11 14:31:34.054 W/MountService(  374): getVolumeState(/mnt/sdcard/SD_CARD): Unknown volume
07-11 14:31:34.054 W/MountService(  374): getVolumeState(/mnt/sdcard/extra_sd): Unknown volume
07-11 14:31:34.054 W/MountService(  374): getVolumeState(/mnt/extrasd_bind): Unknown volume
07-11 14:31:34.054 W/MountService(  374): getVolumeState(/mnt/sdcard/ext_sd): Unknown volume
07-11 14:31:34.054 W/MountService(  374): getVolumeState(/storage/extSdCard): Unknown volume
07-11 14:31:34.054 W/MountService(  374): getVolumeState(/storage/sdcard1): Unknown volume
07-11 14:31:34.054 W/MountService(  374): getVolumeState(/mnt/sdcard/external_SD): Unknown volume
07-11 14:31:34.062 W/MountService(  374): getVolumeState(/mnt/sdcard/external_sd): Unknown volume
07-11 14:31:34.148 D/dalvikvm(27881): GC_FOR_ALLOC freed 415K, 7% free 9344K/10032K, paused 20ms, total 20ms
07-11 14:31:47.101 D/dalvikvm(32040): GC_FOR_ALLOC freed 510K, 6% free 9182K/9728K, paused 30ms, total 32ms
07-11 14:32:05.094 D/dalvikvm(  565): GC_CONCURRENT freed 485K, 7% free 10371K/11148K, paused 2ms+3ms, total 33ms
07-11 14:32:33.609 D/dalvikvm(26136): GC_CONCURRENT freed 386K, 5% free 9840K/10280K, paused 5ms+2ms, total 39ms
07-11 14:32:33.984 W/MountService(  374): getVolumeState(/storage/emulated/0/external_sd): Unknown volume
07-11 14:32:33.984 W/MountService(  374): getVolumeState(/mnt/sdcard-ext): Unknown volume
07-11 14:32:33.992 W/MountService(  374): getVolumeState(/mnt/ext_sdcard): Unknown volume
07-11 14:32:33.992 W/MountService(  374): getVolumeState(/mnt/sdcard2): Unknown volume
07-11 14:32:33.992 W/MountService(  374): getVolumeState(/mnt/emmc): Unknown volume
07-11 14:32:33.992 W/MountService(  374): getVolumeState(/mnt/extSdCard): Unknown volume
07-11 14:32:33.992 W/MountService(  374): getVolumeState(/mnt/sdcard/SD_CARD): Unknown volume
07-11 14:32:33.992 W/MountService(  374): getVolumeState(/mnt/sdcard/extra_sd): Unknown volume
07-11 14:32:33.992 W/MountService(  374): getVolumeState(/mnt/extrasd_bind): Unknown volume
07-11 14:32:34.000 W/MountService(  374): getVolumeState(/mnt/sdcard/ext_sd): Unknown volume
07-11 14:32:34.000 W/MountService(  374): getVolumeState(/storage/extSdCard): Unknown volume
07-11 14:32:34.000 W/MountService(  374): getVolumeState(/storage/sdcard1): Unknown volume
07-11 14:32:34.000 W/MountService(  374): getVolumeState(/mnt/sdcard/external_SD): Unknown volume
07-11 14:32:34.000 W/MountService(  374): getVolumeState(/mnt/sdcard/external_sd): Unknown volume
07-11 14:32:34.047 D/dalvikvm(27881): GC_CONCURRENT freed 386K, 7% free 9383K/10028K, paused 4ms+11ms, total 42ms
07-11 14:32:34.047 D/dalvikvm(27881): WAIT_FOR_CONCURRENT_GC blocked 23ms
07-11 14:32:34.234 D/dalvikvm(27881): GC_CONCURRENT freed 417K, 6% free 9441K/10028K, paused 4ms+3ms, total 31ms
07-11 14:32:34.234 W/MountService(  374): getVolumeState(/storage/emulated/0/external_sd): Unknown volume
07-11 14:32:34.234 W/MountService(  374): getVolumeState(/mnt/sdcard-ext): Unknown volume
07-11 14:32:34.242 W/MountService(  3