07-11 13:51:46.054 W/PackageManager(  374): Not granting permission android.permission.ACCOUNT_MANAGER to package com.google.android.music (protectionLevel=2 flags=0x88be65)
07-11 13:51:46.062 W/PackageManager(  374): Unknown permission android.permission.READ_OWNER_DATA in package com.nd.assistance
07-11 13:51:46.062 W/PackageManager(  374): Unknown permission android.permission.WRITE_OWNER_DATA in package com.nd.assistance
07-11 13:51:46.062 W/PackageManager(  374): Not granting permission android.permission.DEVICE_POWER to package com.nd.assistance (protectionLevel=2 flags=0x80ae46)
07-11 13:51:46.062 W/PackageManager(  374): Unknown permission com.android.providers.im.permission.READ_ONLY in package com.google.android.apps.maps
07-11 13:51:46.070 W/PackageManager(  374): Unknown permission android.permission.ACCESS_SUPERUSER in package com.jrummy.root.browser
07-11 13:51:46.078 W/PackageManager(  374): Not granting permission android.permission.ACCESS_CHECKIN_PROPERTIES to package com.google.android.apps.googlevoice (protectionLevel=18 flags=0x8be44)
07-11 13:51:46.078 W/PackageManager(  374): Unknown permission com.google.android.apps.googlevoice.REMOTE_INTENT in package com.google.android.apps.googlevoice
07-11 13:51:46.078 W/PackageManager(  374): Unknown permission com.google.android.permission.RECEIVE_DATA_MESSAGE in package com.google.android.apps.googlevoice
07-11 13:51:46.078 W/PackageManager(  374): Unknown permission com.google.android.permission.SEND_DATA_MESSAGE in package com.google.android.apps.googlevoice
07-11 13:51:46.078 W/PackageManager(  374): Unknown permission com.android.providers.voicemail.permission.READ_WRITE_ALL_VOICEMAIL in package com.google.android.apps.googlevoice
07-11 13:51:46.078 W/PackageManager(  374): Unknown permission com.android.providers.voicemail.permission.READ_WRITE_OWN_VOICEMAIL in package com.google.android.apps.googlevoice
07-11 13:51:46.078 W/PackageManager(  374): Not granting permission com.google.android.apps.dashclock.permission.READ_EXTENSION_DATA to package com.betterapps.dashclock (protectionLevel=2 flags=0x8bbe44)
07-11 13:51:46.086 W/PackageManager(  374): Not granting permission android.permission.READ_LOGS to package com.pekall.emdm (protectionLevel=50 flags=0x88be46)
07-11 13:51:46.086 W/PackageManager(  374): Not granting permission android.permission.BIND_APPWIDGET to package com.pekall.emdm (protectionLevel=18 flags=0x88be46)
07-11 13:51:46.086 W/PackageManager(  374): Unknown permission com.pekall.emdm.launcher.permission.READ_SETTINGS in package com.pekall.emdm
07-11 13:51:46.086 W/PackageManager(  374): Unknown permission com.pekall.emdm.launcher.permission.WRITE_SETTINGS in package com.pekall.emdm
07-11 13:51:46.094 W/PackageManager(  374): Not granting permission android.permission.CHANGE_CONFIGURATION to package com.pekall.emdm (protectionLevel=50 flags=0x88be46)
07-11 13:51:46.094 W/PackageManager(  374): Not granting permission android.permission.INSTALL_PACKAGES to package com.pekall.emdm (protectionLevel=18 flags=0x88be46)
07-11 13:51:46.094 W/PackageManager(  374): Unknown permission android.permission.sec.ENTERPRISE_DEVICE_ADMIN in package com.pekall.emdm
07-11 13:51:46.094 W/PackageManager(  374): Unknown permission android.permission.sec.MDM_APP_MGMT in package com.pekall.emdm
07-11 13:51:46.094 W/PackageManager(  374): Unknown permission android.permission.sec.MDM_BLUETOOTH in package com.pekall.emdm
07-11 13:51:46.094 W/PackageManager(  374): Unknown permission android.permission.sec.MDM_INVENTORY in package com.pekall.emdm
07-11 13:51:46.094 W/PackageManager(  374): Unknown permission android.permission.sec.MDM_EXCHANGE in package com.pekall.emdm
07-11 13:51:46.101 W/PackageManager(  374): Unknown permission android.permission.sec.MDM_ROAMING in package com.pekall.emdm
07-11 13:51:46.101 W/PackageManager(  374): Unknown permission android.permission.sec.MDM_WIFI in package com.pekall.emdm
07-11 13:51:46.101 W/PackageManager(  374): Unknown permission android.permission.sec.MDM_SECURITY in package com.pekall.emdm
07-11 13:51:46.109 W/PackageManager(  374): Unknown permission android.permission.sec.MDM_HW_CONTROL in package com.pekall.emdm
07-11 13:51:46.109 W/PackageManager(  374): Unknown permission android.permission.sec.MDM_RESTRICTION in package com.pekall.emdm
07-11 13:51:46.109 W/PackageManager(  374): Unknown permission android.permission.sec.MDM_LOCATION in package com.pekall.emdm
07-11 13:51:46.109 W/PackageManager(  374): Not granting permission android.permission.INTERACT_ACROSS_USERS_FULL to package com.pekall.emdm (protectionLevel=2 flags=0x88be46)
07-11 13:51:46.109 W/PackageManager(  374): Unknown permission android.permission.sec.MDM_CALLING in package com.pekall.emdm
07-11 13:51:46.109 W/PackageManager(  374): Unknown permission android.permission.sec.MDM_EMAIL in package com.pekall.emdm
07-11 13:51:46.109 W/PackageManager(  374): Unknown permission android.permission.sec.MDM_VPN in package com.pekall.emdm
07-11 13:51:46.109 W/PackageManager(  374): Unknown permission android.permission.sec.MDM_APN in package com.pekall.emdm
07-11 13:51:46.117 W/PackageManager(  374): Unknown permission android.permission.sec.MDM_PHONE_RESTRICTION in package com.pekall.emdm
07-11 13:51:46.117 W/PackageManager(  374): Unknown permission android.permission.sec.MDM_BROWSER_SETTINGS in package com.pekall.emdm
07-11 13:51:46.117 W/PackageManager(  374): Unknown permission android.permission.sec.MDM_DATE_TIME in package com.pekall.emdm
07-11 13:51:46.117 W/PackageManager(  374): Unknown permission android.permission.sec.MDM_ENTERPRISE_VPN in package com.pekall.emdm
07-11 13:51:46.117 W/PackageManager(  374): Unknown permission android.permission.sec.MDM_FIREWALL in package com.pekall.emdm
07-11 13:51:46.117 W/PackageManager(  374): Unknown permission android.permission.sec.MDM_APP_PERMISSION_MGMT in package com.pekall.emdm
07-11 13:51:46.117 W/PackageManager(  374): Unknown permission android.permission.sec.MDM_KIOSK_MODE in package com.pekall.emdm
07-11 13:51:46.117 W/PackageManager(  374): Not granting permission android.permission.ACCESS_DOWNLOAD_MANAGER to package com.pekall.emdm (protectionLevel=18 flags=0x88be46)
07-11 13:51:46.125 W/PackageManager(  374): Not granting permission android.permission.SEND_DOWNLOAD_COMPLETED_INTENTS to package com.pekall.emdm (protectionLevel=2 flags=0x88be46)
07-11 13:51:46.125 W/PackageManager(  374): Unknown permission com.pekall.emdm.browser.permission.READ_HISTORY_BOOKMARKS in package com.pekall.emdm
07-11 13:51:46.125 W/PackageManager(  374): Unknown permission com.pekall.emdm.browser.permission.WRITE_HISTORY_BOOKMARKS in package com.pekall.emdm
07-11 13:51:46.125 W/PackageManager(  374): Unknown permission com.pekall.semail.permission.READ_ATTACHMENT in package com.pekall.emdm
07-11 13:51:46.125 W/PackageManager(  374): Unknown permission com.pekall.semail.permission.ACCESS_PROVIDER in package com.pekall.emdm
07-11 13:51:46.133 W/PackageManager(  374): Not granting permission android.permission.WRITE_APN_SETTINGS to package com.dragon.android.pandaspace (protectionLevel=18 flags=0x80be44)
07-11 13:51:46.133 W/PackageManager(  374): Not granting permission android.permission.INSTALL_PACKAGES to package com.dragon.android.pandaspace (protectionLevel=18 flags=0x80be44)
07-11 13:51:46.133 W/PackageManager(  374): Not granting permission android.permission.CHANGE_CONFIGURATION to package com.dragon.android.pandaspace (protectionLevel=50 flags=0x80be44)
07-11 13:51:46.133 W/PackageManager(  374): Not granting permission android.permission.READ_LOGS to package com.dragon.android.pandaspace (protectionLevel=50 flags=0x80be44)
07-11 13:51:46.133 W/PackageManager(  374): Not granting permission android.permission.PACKAGE_USAGE_STATS to package com.dragon.android.pandaspace (protectionLevel=18 flags=0x80be44)
07-11 13:51:46.140 W/PackageManager(  374): Not granting permission android.permission.MOUNT_UNMOUNT_FILESYSTEMS to package com.dragon.android.pandaspace (protectionLevel=18 flags=0x80be44)
07-11 13:51:46.140 W/PackageManager(  374): Not granting permission android.permission.SET_ACTIVITY_WATCHER to package com.dragon.android.pandaspace (protectionLevel=2 flags=0x80be44)
07-11 13:51:46.140 W/PackageManager(  374): Not granting permission android.permission.DELETE_PACKAGES to package com.dragon.android.pandaspace (protectionLevel=18 flags=0x80be44)
07-11 13:51:46.140 W/PackageManager(  374): Not granting permission android.permission.CHANGE_COMPONENT_ENABLED_STATE to package com.dragon.android.pandaspace (protectionLevel=18 flags=0x80be44)
07-11 13:51:46.140 W/PackageManager(  374): Not granting permission android.permission.SEND_DOWNLOAD_COMPLETED_INTENTS to package com.android.vending (protectionLevel=2 flags=0x8abe45)
07-11 13:51:46.140 W/PackageManager(  374): Unknown permission android.permission.SEND_SMS_NO_CONFIRMATION in package com.android.vending
07-11 13:51:46.140 W/PackageManager(  374): Unknown permission android.permission.ACCESS_SUPERUSER in package com.speedsoftware.rootexplorer
07-11 13:51:46.148 W/PackageManager(  374): Not granting permission android.permission.WRITE_SECURE_SETTINGS to package com.pekall.nmefc (protectionLevel=50 flags=0x88be44)
07-11 13:51:46.148 W/PackageManager(  374): Unknown permission android.permission.ACCESS_GPS in package com.pekall.nmefc
07-11 13:51:46.148 W/PackageManager(  374): Unknown permission android.permission.BAIDU_LOCATION_SERVICE in package com.pekall.nmefc
07-11 13:51:46.148 W/PackageManager(  374): Not granting permission android.permission.MOUNT_UNMOUNT_FILESYSTEMS to package com.pekall.nmefc (protectionLevel=18 flags=0x88be44)
07-11 13:51:46.156 W/PackageManager(  374): Not granting permission android.permission.READ_DREAM_STATE to package com.google.android.gsf (protectionLevel=2 flags=0x883e45)
07-11 13:51:46.367 I/ActivityManager(  374): Force stopping package com.moji.mjweather appid=10082 user=0
07-11 13:51:47.047 W/BackupManagerService(  374): dataChanged but no participant pkg='com.android.providers.settings' uid=10079
07-11 13:51:47.086 W/MountService(  374): getVolumeState(/storage/emulated/0/external_sd): Unknown volume
07-11 13:51:47.094 W/MountService(  374): getVolumeState(/mnt/sdcard-ext): Unknown volume
07-11 13:51:47.094 W/MountService(  374): getVolumeState(/mnt/ext_sdcard): Unknown volume
07-11 13:51:47.211 W/BackupManagerService(  374): dataChanged but no participant pkg='com.android.providers.settings' uid=10079
07-11 13:51:47.250 W/ContextImpl(26486): Calling a method in the system process without a qualified user: android.app.ContextImpl.startService:1385 android.content.ContextWrapper.startService:473 android.content.ContextWrapper.startService:473 com.android.keychain.KeyChainBroadcastReceiver.onReceive:12 android.app.ActivityThread.handleReceiver:2424 
07-11 13:51:47.351 W/MountService(  374): getVolumeState(/mnt/sdcard2): Unknown volume
07-11 13:51:47.359 W/MountService(  374): getVolumeState(/mnt/emmc): Unknown volume
07-11 13:51:47.367 W/MountService(  374): getVolumeState(/mnt/extSdCard): Unknown volume
07-11 13:51:47.375 W/MountService(  374): getVolumeState(/mnt/sdcard/SD_CARD): Unknown volume
07-11 13:51:47.383 W/MountService(  374): getVolumeState(/mnt/sdcard/extra_sd): Unknown volume
07-11 13:51:47.383 W/MountService(  374): getVolumeState(/mnt/extrasd_bind): Unknown volume
07-11 13:51:47.383 W/MountService(  374): getVolumeState(/mnt/sdcard/ext_sd): Unknown volume
07-11 13:51:47.383 W/MountService(  374): getVolumeState(/storage/extSdCard): Unknown volume
07-11 13:51:47.390 W/MountService(  374): getVolumeState(/storage/sdcard1): Unknown volume
07-11 13:51:47.390 W/MountService(  374): getVolumeState(/mnt/sdcard/external_SD): Unknown volume
07-11 13:51:47.398 W/MountService(  374): getVolumeState(/mnt/sdcard/external_sd): Unknown volume
07-11 13:51:47.492 I/ActivityManager(  374): Start proc com.google.android.apps.plus for broadcast com.google.android.apps.plus/.service.PackagesMediaMonitor: pid=29152 uid=10048 gids={50048, 3003, 3002, 1015, 1006, 1028}
07-11 13:51:47.812 D/BackupManagerService(  374): Received broadcast Intent { act=android.intent.action.PACKAGE_REMOVED dat=package:com.moji.mjweather flg=0x8000010 (has extras) }
07-11 13:51:47.812 V/BackupManagerService(  374): removePackageParticipantsLocked: uid=10082 #1
07-11 13:51:48.656 W/MountService(  374): getVolumeState(/storage/emulated/0/external_sd): Unknown volume
07-11 13:51:48.672 W/MountService(  374): getVolumeState(/mnt/sdcard-ext): Unknown volume
07-11 13:51:48.695 W/MountService(  374): getVolumeState(/mnt/ext_sdcard): Unknown volume
07-11 13:51:48.703 W/MountService(  374): getVolumeState(/mnt/sdcard2): Unknown volume
07-11 13:51:48.703 W/MountService(  374): getVolumeState(/mnt/emmc): Unknown volume
07-11 13:51:48.703 W/MountService(  374): getVolumeState(/mnt/extSdCard): Unknown volume
07-11 13:51:48.703 W/MountService(  374): getVolumeState(/mnt/sdcard/SD_CARD): Unknown volume
07-11 13:51:48.703 W/MountService(  374): getVolumeState(/mnt/sdcard/extra_sd): Unknown volume
07-11 13:51:48.703 W/MountService(  374): getVolumeState(/mnt/extrasd_bind): Unknown volume
07-11 13:51:48.703 W/MountService(  374): getVolumeState(/mnt/sdcard/ext_sd): Unknown volume
07-11 13:51:48.711 W/MountService(  374): getVolumeState(/storage/extSdCard): Unknown volume
07-11 13:51:48.711 W/MountService(  374): getVolumeState(/storage/sdcard1): Unknown volume
07-11 13:51:48.719 W/MountService(  374): getVolumeState(/mnt/sdcard/external_SD): Unknown volume
07-11 13:51:48.719 W/MountService(  374): getVolumeState(/mnt/sdcard/external_sd): Unknown volume
07-11 13:51:50.148 I/ActivityManager(  374): Process com.google.android.gms (pid 26590) has died.
07-11 13:51:50.320 I/ActivityManager(  374): Start proc com.google.android.gms for broadcast com.google.android.gms/.games.receiver.GamesSystemBroadcastReceiver: pid=29184 uid=10009 gids={50009, 3003, 1007, 1028, 1015, 1006, 2001, 3006}
07-11 13:51:50.781 I/ActivityManager(  374): Process com.google.android.apps.maps:LocationFriendService (pid 27659) has died.
07-11 13:51:51.070 I/ActivityManager(  374): Start proc com.google.android.gsf.login for service com.google.android.gms/.recovery.AccountRecoveryBackgroundService: pid=29269 uid=10009 gids={50009, 3003, 1007, 1028, 1015, 1006, 2001, 3006}
07-11 13:51:51.172 I/ActivityManager(  374): Process android.process.acore (pid 27492) has died.
07-11 13:51:52.422 I/ActivityManager(  374): No longer want com.google.android.partnersetup (pid 26667): empty #17
07-11 13:52:26.047 I/PowerManagerService(  374): Going to sleep due to screen timeout...
07-11 13:52:26.562 W/MountService(  374): getVolumeState(/storage/emulated/0/external_sd): Unknown volume
07-11 13:52:26.562 W/MountService(  374): getVolumeState(/mnt/sdcard-ext): Unknown volume
07-11 13:52:26.570 W/MountService(  374): getVolumeState(/mnt/ext_sdcard): Unknown volume
07-11 13:52:26.570 W/MountService(  374): getVolumeState(/mnt/sdcard2): Unknown volume
07-11 13:52:26.570 W/MountService(  374): getVolumeState(/mnt/emmc): Unknown volume
07-11 13:52:26.570 W/MountService(  374): getVolumeState(/mnt/extSdCard): Unknown volume
07-11 13:52:26.570 W/MountService(  374): getVolumeState(/mnt/sdcard/SD_CARD): Unknown volume
07-11 13:52:26.570 W/MountService(  374): getVolumeState(/mnt/sdcard/extra_sd): Unknown volume
07-11 13:52:26.570 W/MountService(  374): getVolumeState(/mnt/extrasd_bind): Unknown volume
07-11 13:52:26.578 W/MountService(  374): getVolumeState(/mnt/sdcard/ext_sd): Unknown volume
07-11 13:52:26.586 W/MountService(  374): getVolumeState(/storage/extSdCard): Unknown volume
07-11 13:52:26.586 W/MountService(  374): getVolumeState(/storage/sdcard1): Unknown volume
07-11 13:52:26.594 W/MountService(  374): getVolumeState(/mnt/sdcard/external_SD): Unknown volume
07-11 13:52:26.594 W/MountService(  374): getVolumeState(/mnt/sdcard/external_sd): Unknown volume
07-11 13:52:26.687 I/ActivityManager(  374): Start proc android.process.acore for content provider com.android.providers.contacts/.ContactsProvider2: pid=29476 uid=10000 gids={50000, 3003, 1015, 1028}
07-11 13:52:26.719 I/ActivityManager(  374): No longer want com.google.android.apps.maps:FriendService (pid 27635): empty #17
07-11 13:52:27.742 W/MountService(  374): getVolumeState(/storage/emulated/0/external_sd): Unknown volume
07-11 13:52:27.742 W/MountService(  374): getVolumeState(/mnt/sdcard-ext): Unknown volume
07-11 13:52:27.742 W/MountService(  374): getVolumeState(/mnt/ext_sdcard): Unknown volume
07-11 13:52:27.742 W/MountService(  374): getVolumeState(/mnt/sdcard2): Unknown volume
07-11 13:52:27.742 W/MountService(  374): getVolumeState(/mnt/emmc): Unknown volume
07-11 13:52:27.742 W/MountService(  374): getVolumeState(/mnt/extSdCard): Unknown volume
07-11 13:52:27.750 W/MountService(  374): getVolumeState(/mnt/sdcard/SD_CARD): Unknown volume
07-11 13:52:27.750 W/MountService(  374): getVolumeState(/mnt/sdcard/extra_sd): Unknown volume
07-11 13:52:27.750 W/MountService(  374): getVolumeState(/mnt/extrasd_bind): Unknown volume
07-11 13:52:27.750 W/MountService(  374): getVolumeState(/mnt/sdcard/ext_sd): Unknown volume
07-11 13:52:27.750 W/MountService(  374): getVolumeState(/storage/extSdCard): Unknown volume
07-11 13:52:27.750 W/MountService(  374): getVolumeState(/storage/sdcard1): Unknown volume
07-11 13:52:27.750 W/MountService(  374): getVolumeState(/mnt/sdcard/external_SD): Unknown volume
07-11 13:52:27.750 W/MountService(  374): getVolumeState(/mnt/sdcard/external_sd): Unknown volume
07-11 13:52:28.820 I/PowerManagerService(  374): Waking up from sleep...
07-11 13:52:28.820 I/WindowManager(  374): No lock screen!
07-11 13:52:35.492 I/ActivityManager(  374): No longer want com.google.android.calendar (pid 28838): empty #17
07-11 13:53:04.242 I/PowerManagerService(  374): Going to sleep due to screen timeout...
07-11 13:53:10.250 D/PhoneStatusBar(  450): disable: < expand icons alerts ticker system_info back home RECENT* clock search >
07-11 13:53:10.445 D/PhoneStatusBar(  450): disable: < expand icons alerts ticker system_info BACK* HOME* RECENT CLOCK* search >
07-11 13:53:12.015 I/ActivityManager(  374): Process com.android.packageinstaller (pid 27842) has died.
07-11 13:53:22.773 I/PowerManagerService(  374): Waking up from sleep...
07-11 13:53:22.804 I/WindowManager(  374): Lock screen displayed!
07-11 13:53:23.703 I/ActivityManager(  374): Process com.google.android.apps.plus (pid 29152) has died.
07-11 13:53:25.195 D/PhoneStatusBar(  450): disable: < expand icons alerts ticker system_info BACK HOME recent* CLOCK search >
07-11 13:53:25.289 D/PhoneStatusBar(  450): disable: < expand icons alerts ticker system_info back* home* recent clock* search >
07-11 13:53:25.304 W/InputMethodManagerService(  374): Window already focused, ignoring focus gain of: com.android.internal.view.IInputMethodClient$Stub$Proxy@42bbbfb8 attribute=android.view.inputmethod.EditorInfo@42634760, token = android.os.BinderProxy@425fcae0
07-11 13:53:26.140 V/PanelView(  450): animationTick called with dtms=0; nothing to do (h=0.0 v=4000.0)
07-11 13:53:26.773 W/MountService(  374): getVolumeState(/storage/emulated/0/external_sd): Unknown volume
07-11 13:53:26.773 W/MountService(  374): getVolumeState(/mnt/sdcard-ext): Unknown volume
07-11 13:53:26.773 W/MountService(  374): getVolumeState(/mnt/ext_sdcard): Unknown volume
07-11 13:53:26.773 W/MountService(  374): getVolumeState(/mnt/sdcard2): Unknown volume
07-11 13:53:26.773 W/MountService(  374): getVolumeState(/mnt/emmc): Unknown volume
07-11 13:53:26.773 W/MountService(  374): getVolumeState(/mnt/extSdCard): Unknown volume
07-11 13:53:26.781 W/MountService(  374): getVolumeState(/mnt/sdcard/SD_CARD): Unknown volume
07-11 13:53:26.781 W/MountService(  374): getVolumeState(/mnt/sdcard/extra_sd): Unknown volume
07-11 13:53:26.781 W/MountService(  374): getVolumeState(/mnt/extrasd_bind): Unknown volume
07-11 13:53:26.781 W/MountService(  374): getVolumeState(/mnt/sdcard/ext_sd): Unknown volume
07-11 13:53:26.781 W/MountService(  374): getVolumeState(/storage/extSdCard): Unknown volume
07-11 13:53:26.781 W/MountService(  374): getVolumeState(/storage/sdcard1): Unknown volume
07-11 13:53:26.781 W/MountService(  374): getVolumeState(/mnt/sdcard/external_SD): Unknown volume
07-11 13:53:26.789 W/MountService(  374): getVolumeState(/mnt/sdcard/external_sd): Unknown volume
07-11 13:53:27.094 W/MountService(  374): getVolumeState(/storage/emulated/0/external_sd): Unknown volume
07-11 13:53:27.094 W/MountService(  374): getVolumeState(/mnt/sdcard-ext): Unknown volume
07-11 13:53:27.094 W/MountService(  374): getVolumeState(/mnt/ext_sdcard): Unknown volume
07-11 13:53:27.101 W/MountService(  374): getVolumeState(/mnt/sdcard2): Unknown volume
07-11 13:53:27.101 W/MountService(  374): getVolumeState(/mnt/emmc): Unknown volume
07-11 13:53:27.101 W/MountService(  374): getVolumeState(/mnt/extSdCard): Unknown volume
07-11 13:53:27.101 W/MountService(  374): getVolumeState(/mnt/sdcard/SD_CARD): Unknown volume
07-11 13:53:27.117 W/MountService(  374): getVolumeState(/mnt/sdcard/extra_sd): Unknown volume
07-11 13:53:27.117 W/MountService(  374): getVolumeState(/mnt/extrasd_bind): Unknown volume
07-11 13:53:27.125 W/MountService(  374): getVolumeState(/mnt/sdcard/ext_sd): Unknown volume
07-11 13:53:27.125 W/MountService(  374): getVolumeState(/storage/extSdCard): Unknown volume
07-11 13:53:27.125 W/MountService(  374): getVolumeState(/storage/sdcard1): Unknown volume
07-11 13:53:27.125 W/MountService(  374): getVolumeState(/mnt/sdcard/external_SD): Unknown volume
07-11 13:53:27.125 W/MountService(  374): getVolumeState(/mnt/sdcard/external_sd): Unknown volume
07-11 13:53:31.906 I/ActivityManager(  374): START u0 {cmp=com.pekall.emdm/.market.activity.AppListActivity bnds=[0,242][720,370] (has extras)} from pid -1
07-11 13:53:31.906 W/ActivityManager(  374): startActivity called from non-Activity context; forcing Intent.FLAG_ACTIVITY_NEW_TASK for: Intent { cmp=com.pekall.emdm/.market.activity.AppListActivity bnds=[0,242][720,370] (has extras) }
07-11 13:53:31.961 V/PanelView(  450): animationTick called with dtms=0; nothing to do (h=1184.0 v=-4000.0)
07-11 13:53:31.969 V/PanelView(  450): animationTick called with dtms=0; nothing to do (h=1184.0 v=-4000.0)
07-11 13:53:39.094 I/ActivityManager(  374): START u0 {cmp=com.pekall.emdm/.market.activity.AppDetailActivity (has extras)} from pid 3259
07-11 13:54:26.929 W/MountService(  374): getVolumeState(/storage/emulated/0/external_sd): Unknown volume
07-11 13:54:26.929 W/MountService(  374): getVolumeState(/mnt/sdcard-ext): Unknown volume
07-11 13:54:26.929 W/MountService(  374): getVolumeState(/mnt/ext_sdcard): Unknown volume
07-11 13:54:26.929 W/MountService(  374): getVolumeState(/mnt/sdcard2): Unknown volume
07-11 13:54:26.937 W/MountService(  374): getVolumeState(/mnt/emmc): Unknown volume
07-11 13:54:26.937 W/MountService(  374): getVolumeState(/mnt/extSdCard): Unknown volume
07-11 13:54:26.937 W/MountService(  374): getVolumeState(/mnt/sdcard/SD_CARD): Unknown volume
07-11 13:54:26.937 W/MountService(  374): getVolumeState(/mnt/sdcard/extra_sd): Unknown volume
07-11 13:54:26.945 W/MountService(  374): getVolumeState(/mnt/extrasd_bind): Unknown volume
07-11 13:54:26.945 W/MountService(  374): getVolumeState(/mnt/sdcard/ext_sd): Unknown volume
07-11 13:54:26.945 W/MountService(  374): getVolumeState(/storage/extSdCard): Unknown volume
07-11 13:54:26.945 W/MountService(  374): getVolumeState(/storage/sdcard1): Unknown volume
07-11 13:54:26.945 W/MountService(  374): getVolumeState(/mnt/sdcard/external_SD): Unknown volume
07-11 13:54:26.953 W/MountService(  374): getVolumeState(/mnt/sdcard/external_sd): Unknown volume
07-11 13:54:27.336 W/MountService(  374): getVolumeState(/storage/emulated/0/external_sd): Unknown volume
07-11 13:54:27.336 W/MountService(  374): getVolumeState(/mnt/sdcard-ext): Unknown volume
07-11 13:54:27.336 W/MountService(  374): getVolumeState(/mnt/ext_sdcard): Unknown volume
07-11 13:54:27.344 W/MountService(  374): getVolumeState(/mnt/sdcard2): Unknown volume
07-11 13:54:27.344 W/MountService(  374): getVolumeState(/mnt/emmc): Unknown volume
07-11 13:54:27.344 W/MountService(  374): getVolumeState(/mnt/extSdCard): Unknown volume
07-11 13:54:27.344 W/MountService(  374): getVolumeState(/mnt/sdcard/SD_CARD): Unknown volume
07-11 13:54:27.344 W/MountService(  374): getVolumeState(/mnt/sdcard/extra_sd): Unknown volume
07-11 13:54:27.344 W/MountService(  374): getVolumeState(/mnt/extrasd_bind): Unknown volume
07-11 13:54:27.344 W/MountService(  374): getVolumeState(/mnt/sdcard/ext_sd): Unknown volume
07-11 13:54:27.351 W/MountService(  374): getVolumeState(/storage/extSdCard): Unknown volume
07-11 13:54:27.351 W/MountService(  374): getVolumeState(/storage/sdcard1): Unknown volume
07-11 13:54:27.351 W/MountService(  374): getVolumeState(/mnt/sdcard/external_SD): Unknown volume
07-11 13:54:27.351 W/MountService(  374): getVolumeState(/mnt/sdcard/external_sd): Unknown volume
07-11 13:54:44.351 I/PowerManagerService(  374): Going to sleep due to screen timeout...
07-11 13:54:50.367 D/PhoneStatusBar(  450): disable: < expand icons alerts ticker system_info back home RECENT* clock search >
07-11 13:54:50.531 D/PhoneStatusBar(  450): disable: < expand icons alerts ticker system_info BACK* HOME* RECENT CLOCK* search >
07-11 13:55:10.320 I/PowerManagerService(  374): Waking up from sleep...
07-11 13:55:10.375 I/WindowManager(  374): Lock screen displayed!
07-11 13:55:11.828 D/PhoneStatusBar(  450): disable: < expand icons alerts ticker system_info BACK HOME recent* CLOCK search >
07-11 13:55:11.922 D/PhoneStatusBar(  450): disable: < expand icons alerts ticker system_info back* home* recent clock* search >
07-11 13:55:11.929 W/InputMethodManagerService(  374): Window already focused, ignoring focus gain of: com.android.internal.view.IInputMethodClient$Stub$Proxy@4259cd10 attribute=android.view.inputmethod.EditorInfo@4275ed30, token = android.os.BinderProxy@42c679d0
07-11 13:55:15.914 V/PanelView(  450): animationTick called with dtms=0; nothing to do (h=990.0 v=3444.184)
07-11 13:55:15.914 V/PanelView(  450): animationTick called with dtms=-15; nothing to do (h=990.0 v=3444.184)
07-11 13:55:18.312 V/PanelView(  450): animationTick called with dtms=0; nothing to do (h=1184.0 v=-4000.0)
07-11 13:55:18.312 V/PanelView(  450): animationTick called with dtms=-3; nothing to do (h=1184.0 v=-4000.0)
07-11 13:55:18.672 W/InputMethodManagerService(  374): Window already focused, ignoring focus gain of: com.android.internal.view.IInputMethodClient$Stub$Proxy@42986578 attribute=null, token = android.os.BinderProxy@42c679d0
07-11 13:55:19.359 V/PanelView(  450): animationTick called with dtms=0; nothing to do (h=1137.0 v=1036.59)
07-11 13:55:19.359 V/PanelView(  450): animationTick called with dtms=-3; nothing to do (h=1137.0 v=1036.59)
07-11 13:55:27.117 W/MountService(  374): getVolumeState(/storage/emulated/0/external_sd): Unknown volume
07-11 13:55:27.117 W/MountService(  374): getVolumeState(/mnt/sdcard-ext): Unknown volume
07-11 13:55:27.125 W/MountService(  374): getVolumeState(/mnt/ext_sdcard): Unknown volume
07-11 13:55:27.133 W/MountService(  374): getVolumeState(/mnt/sdcard2): Unknown volume
07-11 13:55:27.133 W/MountService(  374): getVolumeState(/mnt/emmc): Unknown volume
07-11 13:55:27.133 W/MountService(  374): getVolumeState(/mnt/extSdCard): Unknown volume
07-11 13:55:27.133 W/MountService(  374): getVolumeState(/mnt/sdcard/SD_CARD): Unknown volume
07-11 13:55:27.133 W/MountService(  374): getVolumeState(/mnt/sdcard/extra_sd): Unknown volume
07-11 13:55:27.133 W/MountService(  374): getVolumeState(/mnt/extrasd_bind): Unknown volume
07-11 13:55:27.133 W/MountService(  374): getVolumeState(/mnt/sdcard/ext_sd): Unknown volume
07-11 13:55:27.133 W/MountService(  374): getVolumeState(/storage/extSdCard): Unknown volume
07-11 13:55:27.140 W/MountService(  374): getVolumeState(/storage/sdcard1): Unknown volume
07-11 13:55:27.140 W/MountService(  374): getVolumeState(/mnt/sdcard/external_SD): Unknown volume
07-11 13:55:27.140 W/MountService(  374): getVolumeState(/mnt/sdcard/external_sd): Unknown volume
07-11 13:55:27.414 W/MountService(  374): getVolumeState(/storage/emulated/0/external_sd): Unknown volume
07-11 13:55:27.414 W/MountService(  374): getVolumeState(/mnt/sdcard-ext): Unknown volume
07-11 13:55:27.414 W/MountService(  374): getVolumeState(/mnt/ext_sdcard): Unknown volume
07-11 13:55:27.422 W/MountService(  374): getVolumeState(/mnt/sdcard2): Unknown volume
07-11 13:55:27.422 W/MountService(  374): getVolumeState(/mnt/emmc): Unknown volume
07-11 13:55:27.422 W/MountService(  374): getVolumeState(/mnt/extSdCard): Unknown volume
07-11 13:55:27.422 W/MountService(  374): getVolumeState(/mnt/sdcard/SD_CARD): Unknown volume
07-11 13:55:27.422 W/MountService(  374): getVolumeState(/mnt/sdcard/extra_sd): Unknown volume
07-11 13:55:27.429 W/MountService(  374): getVolumeState(/mnt/extrasd_bind): Unknown volume
07-11 13:55:27.429 W/MountService(  374): getVolumeState(/mnt/sdcard/ext_sd): Unknown volume
07-11 13:55:27.429 W/MountService(  374): getVolumeState(/storage/extSdCard): Unknown volume
07-11 13:55:27.437 W/MountService(  374): getVolumeState(/storage/sdcard1): Unknown volume
07-11 13:55:27.445 W/MountService(  374): getVolumeState(/mnt/sdcard/external_SD): Unknown volume
07-11 13:55:27.445 W/MountService(  374): getVolumeState(/mnt/sdcard/external_sd): Unknown volume
07-11 13:56:11.976 I/PowerManagerService(  374): Going to sleep due to screen timeout...
07-11 13:56:13.023 W/InputMethodManagerService(  374): Window already focused, ignoring focus gain of: com.android.internal.view.IInputMethodClient$Stub$Proxy@42090ba0 attribute=android.view.inputmethod.EditorInfo@4307da20, token = android.os.BinderProxy@42c679d0
07-11 13:56:17.992 D/PhoneStatusBar(  450): disable: < expand icons alerts ticker system_info back home RECENT* clock search >
07-11 13:56:18.125 D/PhoneStatusBar(  450): disable: < expand icons alerts ticker system_info BACK* HOME* RECENT CLOCK* search >
07-11 13:56:27.234 W/MountService(  374): getVolumeState(/storage/emulated/0/external_sd): Unknown volume
07-11 13:56:27.234 W/MountService(  374): getVolumeState(/mnt/sdcard-ext): Unknown volume
07-11 13:56:27.234 W/MountService(  374): getVolumeState(/mnt/ext_sdcard): Unknown volume
07-11 13:56:27.242 W/MountService(  374): getVolumeState(/mnt/sdcard2): Unknown volume
07-11 13:56:27.242 W/MountService(  374): getVolumeState(/mnt/emmc): Unknown volume
07-11 13:56:27.242 W/MountService(  374): getVolumeState(/mnt/extSdCard): Unknown volume
07-11 13:56:27.242 W/MountService(  374): getVolumeState(/mnt/sdcard/SD_CARD): Unknown volume
07-11 13:56:27.242 W/MountService(  374): getVolumeState(/mnt/sdcard/extra_sd): Unknown volume
07-11 13:56:27.242 W/MountService(  374): getVolumeState(/mnt/extrasd_bind): Unknown volume
07-11 13:56:27.242 W/MountService(  374): getVolumeState(/mnt/sdcard/ext_sd): Unknown volume
07-11 13:56:27.242 W/MountService(  374): getVolumeState(/storage/extSdCard): Unknown volume
07-11 13:56:27.242 W/MountService(  374): getVolumeState(/storage/sdcard1): Unknown volume
07-11 13:56:27.250 W/MountService(  374): getVolumeState(/mnt/sdcard/external_SD): Unknown volume
07-11 13:56:27.250 W/MountService(  374): getVolumeState(/mnt/sdcard/external_sd): Unknown volume
07-11 13:56:27.484 W/MountService(  374): getVolumeState(/storage/emulated/0/external_sd): Unknown volume
07-11 13:56:27.484 W/MountService(  374): getVolumeState(/mnt/sdcard-ext): Unknown volume
07-11 13:56:27.484 W/MountService(  374): getVolumeState(/mnt/ext_sdcard): Unknown volume
07-11 13:56:27.492 W/MountService(  374): getVolumeState(/mnt/sdcard2): Unknown volume
07-11 13:56:27.492 W/MountService(  374): getVolumeState(/mnt/emmc): Unknown volume
07-11 13:56:27.492 W/MountService(  374): getVolumeState(/mnt/extSdCard): Unknown volume
07-11 13:56:27.492 W/MountService(  374): getVolumeState(/mnt/sdcard/SD_CARD): Unknown volume
07-11 13:56:27.492 W/MountService(  374): getVolumeState(/mnt/sdcard/extra_sd): Unknown volume
07-11 13:56:27.492 W/MountService(  374): getVolumeState(/mnt/extrasd_bind): Unknown volume
07-11 13:56:27.492 W/MountService(  374): getVolumeState(/mnt/sdcard/ext_sd): Unknown volume
07-11 13:56:27.500 W/MountService(  374): getVolumeState(/storage/extSdCard): Unknown volume
07-11 13:56:27.500 W/MountService(  374): getVolumeState(/storage/sdcard1): Unknown volume
07-11 13:56:27.500 W/MountService(  374): getVolumeState(/mnt/sdcard/external_SD): Unknown volume
07-11 13:56:27.500 W/MountService(  374): getVolumeState(/mnt/sdcard/external_sd): Unknown volume
07-11 13:57:27.195 I/ActivityManager(  374): No longer want com.google.android.music:main (pid 24475): empty for 1803s
07-11 13:57:27.219 W/ActivityManager(  374): Scheduling restart of crashed service com.google.android.music/.playback.MusicPlaybackService in 5000ms
07-11 13:57:27.422 W/MountService(  374): getVolumeState(/storage/emulated/0/external_sd): Unknown volume
07-11 13:57:27.429 W/MountService(  374): getVolumeState(/mnt/sdcard-ext): Unknown volume
07-11 13:57:27.429 W/MountService(  374): getVolumeState(/mnt/ext_sdcard): Unknown volume
07-11 13:57:27.429 W/MountService(  374): getVolumeState(/mnt/sdcard2): Unknown volume
07-11 13:57:27.429 W/MountService(  374): getVolumeState(/mnt/emmc): Unknown volume
07-11 13:57:27.429 W/MountService(  374): getVolumeState(/mnt/extSdCard): Unknown volume
07-11 13:57:27.437 W/MountService(  374): getVolumeState(/mnt/sdcard/SD_CARD): Unknown volume
07-11 13:57:27.437 W/MountService(  374): getVolumeState(/mnt/sdcard/extra_sd): Unknown volume
07-11 13:57:27.437 W/MountService(  374): getVolumeState(/mnt/extrasd_bind): Unknown volume
07-11 13:57:27.437 W/MountService(  374): getVolumeState(/mnt/sdcard/ext_sd): Unknown volume
07-11 13:57:27.437 W/MountService(  374): getVolumeState(/storage/extSdCard): Unknown volume
07-11 13:57:27.445 W/MountService(  374): getVolumeState(/storage/sdcard1): Unknown volume
07-11 13:57:27.445 W/MountService(  374): getVolumeState(/mnt/sdcard/external_SD): Unknown volume
07-11 13:57:27.445 W/MountService(  374): getVolumeState(/mnt/sdcard/external_sd): Unknown volume
07-11 13:57:27.664 W/MountService(  374): getVolumeState(/storage/emulated/0/external_sd): Unknown volume
07-11 13:57:27.664 W/MountService(  374): getVolumeState(/mnt/sdcard-ext): Unknown volume
07-11 13:57:27.664 W/MountService(  374): getVolumeState(/mnt/ext_sdcard): Unknown volume
07-11 13:57:27.672 W/MountService(  374): getVolumeState(/mnt/sdcard2): Unknown volume
07-11 13:57:27.672 W/MountService(  374): getVolumeState(/mnt/emmc): Unknown volume
07-11 13:57:27.672 W/MountService(  374): getVolumeState(/mnt/extSdCard): Unknown volume
07-11 13:57:27.672 W/MountService(  374): getVolumeState(/mnt/sdcard/SD_CARD): Unknown volume
07-11 13:57:27.672 W/MountService(  374): getVolumeState(/mnt/sdcard/extra_sd): Unknown volume
07-11 13:57:27.672 W/MountService(  374): getVolumeState(/mnt/extrasd_bind): Unknown volume
07-11 13:57:27.679 W/MountService(  374): getVolumeState(/mnt/sdcard/ext_sd): Unknown volume
07-11 13:57:27.679 W/MountService(  374): getVolumeState(/storage/extSdCard): Unknown volume
07-11 13:57:27.679 W/MountService(  374): getVolumeState(/storage/sdcard1): Unknown volume
07-11 13:57:27.679 W/MountService(  374): getVolumeState(/mnt/sdcard/external_SD): Unknown volume
07-11 13:57:27.679 W/MountService(  374): getVolumeState(/mnt/sdcard/external_sd): Unknown volume
07-11 13:57:32.234 I/ActivityManager(  374): Start proc com.google.android.music:main for service com.google.android.music/.playback.MusicPlaybackService: pid=30307 uid=10041 gids={50041, 3003, 1015, 1028}
07-11 13:58:05.047 W/ProcessStats(  374): Skipping unknown process pid 30399
07-11 13:58:07.164 I/PowerManagerService(  374): Waking up from sleep...
07-11 13:58:07.281 I/WindowManager(  374): Lock screen displayed!
07-11 13:58:10.570 D/PhoneStatusBar(  450): disable: < expand icons alerts ticker system_info BACK HOME recent* CLOCK search >
07-11 13:58:10.648 D/PhoneStatusBar(  450): disable: < expand icons alerts ticker system_info back* home* recent clock* search >
07-11 13:58:10.656 W/InputMethodManagerService(  374): Window already focused, ignoring focus gain of: com.android.internal.view.IInputMethodClient$Stub$Proxy@425a7c38 attribute=null, token = android.os.BinderProxy@42c679d0
07-11 13:58:27.640 W/MountService(  374): getVolumeState(/storage/emulated/0/external_sd): Unknown volume
07-11 13:58:27.640 W/MountService(  374): getVolumeState(/mnt/sdcard-ext): Unknown volume
07-11 13:58:27.640 W/MountService(  374): getVolumeState(/mnt/ext_sdcard): Unknown volume
07-11 13:58:27.640 W/MountService(  374): getVolumeState(/mnt/sdcard2): Unknown volume
07-11 13:58:27.640 W/MountService(  374): getVolumeState(/mnt/emmc): Unknown volume
07-11 13:58:27.640 W/MountService(  374): getVolumeState(/mnt/extSdCard): Unknown volume
07-11 13:58:27.640 W/MountService(  374): getVolumeState(/mnt/sdcard/SD_CARD): Unknown volume
07-11 13:58:27.640 W/MountService(  374): getVolumeState(/mnt/sdcard/extra_sd): Unknown volume
07-11 13:58:27.648 W/MountService(  374): getVolumeState(/mnt/extrasd_bind): Unknown volume
07-11 13:58:27.648 W/MountService(  374): getVolumeState(/mnt/sdcard/ext_sd): Unknown volume
07-11 13:58:27.648 W/MountService(  374): getVolumeState(/storage/extSdCard): Unknown volume
07-11 13:58:27.648 W/MountService(  374): getVolumeState(/storage/sdcard1): Unknown volume
07-11 13:58:27.648 W/MountService(  374): getVolumeState(/mnt/sdcard/external_SD): Unknown volume
07-11 13:58:27.648 W/MountService(  374): getVolumeState(/mnt/sdcard/external_sd): Unknown volume
07-11 13:58:27.945 W/MountService(  374): getVolumeState(/storage/emulated/0/external_sd): Unknown volume
07-11 13:58:27.953 W/MountService(  374): getVolumeState(/mnt/sdcard-ext): Unknown volume
07-11 13:58:27.953 W/MountService(  374): getVolumeState(/mnt/ext_sdcard): Unknown volume
07-11 13:58:27.953 W/MountService(  374): getVolumeState(/mnt/sdcard2): Unknown volume
07-11 13:58:27.953 W/MountService(  374): getVolumeState(/mnt/emmc): Unknown volume
07-11 13:58:27.953 W/MountService(  374): getVolumeState(/mnt/extSdCard): Unknown volume
07-11 13:58:27.953 W/MountService(  374): getVolumeState(/mnt/sdcard/SD_CARD): Unknown volume
07-11 13:58:27.953 W/MountService(  374): getVolumeState(/mnt/sdcard/extra_sd): Unknown volume
07-11 13:58:27.953 W/MountService(  374): getVolumeState(/mnt/extrasd_bind): Unknown volume
07-11 13:58:27.961 W/MountService(  374): getVolumeState(/mnt/sdcard/ext_sd): Unknown volume
07-11 13:58:27.961 W/MountService(  374): getVolumeState(/storage/extSdCard): Unknown volume
07-11 13:58:27.961 W/MountService(  374): getVolumeState(/storage/sdcard1): Unknown volume
07-11 13:58:27.961 W/MountService(  374): getVolumeState(/mnt/sdcard/external_SD): Unknown volume
07-11 13:58:27.961 W/MountService(  374): getVolumeState(/mnt/sdcard/external_sd): Unknown volume
07-11 13:58:40.539 I/PowerManagerService(  374): Going to sleep due to screen timeout...
07-11 13:58:46.445 D/PhoneStatusBar(  450): disable: < expand icons alerts ticker system_info back home RECENT* clock search >
07-11 13:58:46.531 D/PhoneStatusBar(  450): disable: < expand icons alerts ticker system_info BACK* HOME* RECENT CLOCK* search >
07-11 13:59:10.336 W/ProcessStats(  374): Skipping unknown process pid 30580
07-11 13:59:27.890 W/MountService(  374): getVolumeState(/storage/emulated/0/external_sd): Unknown volume
07-11 13:59:27.898 W/MountService(  374): getVolumeState(/mnt/sdcard-ext): Unknown volume
07-11 13:59:27.898 W/MountService(  374): getVolumeState(/mnt/ext_sdcard): Unknown volume
07-11 13:59:27.898 W/MountService(  374): getVolumeState(/mnt/sdcard2): Unknown volume
07-11 13:59:27.898 W/MountService(  374): getVolumeState(/mnt/emmc): Unknown volume
07-11 13:59:27.906 W/MountService(  374): getVolumeState(/mnt/extSdCard): Unknown volume
07-11 13:59:27.906 W/MountService(  374): getVolumeState(/mnt/sdcard/SD_CARD): Unknown volume
07-11 13:59:27.906 W/MountService(  374): getVolumeState(/mnt/sdcard/extra_sd): Unknown volume
07-11 13:59:27.906 W/MountService(  374): getVolumeState(/mnt/extrasd_bind): Unknown volume
07-11 13:59:27.906 W/MountService(  374): getVolumeState(/mnt/sdcard/ext_sd): Unknown volume
07-11 13:59:27.906 W/MountService(  374): getVolumeState(/storage/extSdCard): Unknown volume
07-11 13:59:27.906 W/MountService(  374): getVolumeState(/storage/sdcard1): Unknown volume
07-11 13:59:27.906 W/MountService(  374): getVolumeState(/mnt/sdcard/external_SD): Unknown volume
07-11 13:59:27.914 W/MountService(  374): getVolumeState(/mnt/sdcard/external_sd): Unknown volume
07-11 13:59:28.133 W/MountService(  374): getVolumeState(/storage/emulated/0/external_sd): Unknown volume
07-11 13:59:28.133 W/MountService(  374): getVolumeState(/mnt/sdcard-ext): Unknown volume
07-11 13:59:28.133 W/MountService(  374): getVolumeState(/mnt/ext_sdcard): Unknown volume
07-11 13:59:28.133 W/MountService(  374): getVolumeState(/mnt/sdcard2): Unknown volume
07-11 13:59:28.133 W/MountService(  374): getVolumeState(/mnt/emmc): Unknown volume
07-11 13:59:28.133 W/MountService(  374): getVolumeState(/mnt/extSdCard): Unknown volume
07-11 13:59:28.133 W/MountService(  374): getVolumeState(/mnt/sdcard/SD_CARD): Unknown volume
07-11 13:59:28.133 W/MountService(  374): getVolumeState(/mnt/sdcard/extra_sd): Unknown volume
07-11 13:59:28.133 W/MountService(  374): getVolumeState(/mnt/extrasd_bind): Unknown volume
07-11 13:59:28.140 W/MountService(  374): getVolumeState(/mnt/sdcard/ext_sd): Unknown volume
07-11 13:59:28.140 W/MountService(  374): getVolumeState(/storage/extSdCard): Unknown volume
07-11 13:59:28.140 W/MountService(  374): getVolumeState(/storage/sdcard1): Unknown volume
07-11 13:59:28.140 W/MountService(  374): getVolumeState(/mnt/sdcard/external_SD): Unknown volume
07-11 13:59:28.148 W/MountService(  374): getVolumeState(/mnt/sdcard/external_sd): Unknown volume
07-11 13:59:36.406 I/PowerManagerService(  374): Waking up from sleep...
07-11 13:59:36.547 I/WindowManager(  374): Lock screen displayed!
07-11 13:59:37.640 D/PhoneStatusBar(  450): disable: < expand icons alerts ticker system_info BACK HOME recent* CLOCK search >
07-11 13:59:37.734 D/PhoneStatusBar(  450): disable: < expand icons alerts ticker system_info back* home* recent clock* search >
07-11 13:59:37.734 W/InputMethodManagerService(  374): Window already focused, ignoring focus gain of: com.android.internal.view.IInputMethodClient$Stub$Proxy@424ea850 attribute=android.view.inputmethod.EditorInfo@427670b8, token = android.os.BinderProxy@42c679d0
07-11 13:59:41.781 V/PanelView(  450): animationTick called with dtms=0; nothing to do (h=840.0 v=2165.4724)
07-11 13:59:41.781 V/PanelView(  450): animationTick called with dtms=-3; nothing to do (h=840.0 v=2165.4724)
07-11 14:00:14.328 I/PowerManagerService(  374): Going to sleep due to screen timeout...
07-11 14:00:15.234 W/InputMethodManagerService(  374): Window already focused, ignoring focus gain of: com.android.internal.view.IInputMethodClient$Stub$Proxy@4255ea90 attribute=android.view.inputmethod.EditorInfo@43020cb0, token = android.os.BinderProxy@42c679d0
07-11 14:00:20.304 D/PhoneStatusBar(  450): disable: < expand icons alerts ticker system_info back home RECENT* clock search >
07-11 14:00:20.469 D/PhoneStatusBar(  450): disable: < expand icons alerts ticker system_info BACK* HOME* RECENT CLOCK* search >
07-11 14:00:28.094 W/MountService(  374): getVolumeState(/storage/emulated/0/external_sd): Unknown volume
07-11 14:00:28.101 W/MountService(  374): getVolumeState(/mnt/sdcard-ext): Unknown volume
07-11 14:00:28.101 W/MountService(  374): getVolumeState(/mnt/ext_sdcard): Unknown volume
07-11 14:00:28.101 W/MountService(  374): getVolumeState(/mnt/sdcard2): Unknown volume
07-11 14:00:28.101 W/MountService(  374): getVolumeState(/mnt/emmc): Unknown volume
07-11 14:00:28.101 W/MountService(  374): getVolumeState(/mnt/extSdCard): Unknown volume
07-11 14:00:28.101 W/MountService(  374): getVolumeState(/mnt/sdcard/SD_CARD): Unknown volume
07-11 14:00:28.101 W/MountService(  374): getVolumeState(/mnt/sdcard/extra_sd): Unknown volume
07-11 14:00:28.101 W/MountService(  374): getVolumeState(/mnt/extrasd_bind): Unknown volume
07-11 14:00:28.101 W/MountService(  374): getVolumeState(/mnt/sdcard/ext_sd): Unknown volume
07-11 14:00:28.109 W/MountService(  374): getVolumeState(/storage/extSdCard): Unknown volume
07-11 14:00:28.109 W/MountService(  374): getVolumeState(/storage/sdcard1): Unknown volume
07-11 14:00:28.109 W/MountService(  374): getVolumeState(/mnt/sdcard/external_SD): Unknown volume
07-11 14:00:28.109 W/MountService(  374): getVolumeState(/mnt/sdcard/external_sd): Unknown volume
07-11 14:00:28.344 W/MountService(  374): getVolumeState(/storage/emulated/0/external_sd): Unknown volume
07-11 14:00:28.344 W/MountService(  374): getVolumeState(/mnt/sdcard-ext): Unknown volume
07-11 14:00:28.344 W/MountService(  374): getVolumeState(/mnt/ext_sdcard): Unknown volume
07-11 14:00:28.344 W/MountService(  374): getVolumeState(/mnt/sdcard2): Unknown volume
07-11 14:00:28.344 W/MountService(  374): getVolumeState(/mnt/emmc): Unknown volume
07-11 14:00:28.344 W/MountService(  374): getVolumeState(/mnt/extSdCard): Unknown volume
07-11 14:00:28.344 W/MountService(  374): getVolumeState(/mnt/sdcard/SD_CARD): Unknown volume
07-11 14:00:28.351 W/MountService(  374): getVolumeState(/mnt/sdcard/extra_sd): Unknown volume
07-11 14:00:28.351 W/MountService(  374): getVolumeState(/mnt/extrasd_bind): Unknown volume
07-11 14:00:28.351 W/MountService(  374): getVolumeState(/mnt/sdcard/ext_sd): Unknown volume
07-11 14:00:28.351 W/MountService(  374): getVolumeState(/storage/extSdCard): Unknown volume
07-11 14:00:28.351 W/MountService(  374): getVolumeState(/storage/sdcard1): Unknown volume
07-11 14:00:28.351 W/MountService(  374): getVolumeState(/mnt/sdcard/external_SD): Unknown volume
07-11 14:00:28.351 W/MountService(  374): getVolumeState(/mnt/sdcard/external_sd): Unknown volume
07-11 14:01:28.304 W/MountService(  374): getVolumeState(/storage/emulated/0/external_sd): Unknown volume
07-11 14:01:28.304 W/MountService(  374): getVolumeState(/mnt/sdcard-ext): Unknown volume
07-11 14:01:28.304 W/MountService(  374): getVolumeState(/mnt/ext_sdcard): Unknown volume
07-11 14:01:28.304 W/MountService(  374): getVolumeState(/mnt/sdcard2): Unknown volume
07-11 14:01:28.304 W/MountService(  374): getVolumeState(/mnt/emmc): Unknown volume
07-11 14:01:28.304 W/MountService(  374): getVolumeState(/mnt/extSdCard): Unknown volume
07-11 14:01:28.312 W/MountService(  374): getVolumeState(/mnt/sdcard/SD_CARD): Unknown volume
07-11 14:01:28.312 W/MountService(  374): getVolumeState(/mnt/sdcard/extra_sd): Unknown volume
07-11 14:01:28.312 W/MountService(  374): getVolumeState(/mnt/extrasd_bind): Unknown volume
07-11 14:01:28.312 W/MountService(  374): getVolumeState(/mnt/sdcard/ext_sd): Unknown volume
07-11 14:01:28.312 W/MountService(  374): getVolumeState(/storage/extSdCard): Unknown volume
07-11 14:01:28.312 W/MountService(  374): getVolumeState(/storage/sdcard1): Unknown volume
07-11 14:01:28.312 W/MountService(  374): getVolumeState(/mnt/sdcard/external_SD): Unknown volume
07-11 14:01:28.312 W/MountService(  374): getVolumeState(/mnt/sdcard/external_sd): Unknown volume
07-11 14:01:28.554 W/MountService(  374): getVolumeState(/storage/emulated/0/external_sd): Unknown volume
07-11 14:01:28.554 W/MountService(  374): getVolumeState(/mnt/sdcard-ext): Unknown volume
07-11 14:01:28.554 W/MountService(  374): getVolumeState(/mnt/ext_sdcard): Unknown volume
07-11 14:01:28.554 W/MountService(  374): getVolumeState(/mnt/sdcard2): Unknown volume
07-11 14:01:28.554 W/MountService(  374): getVolumeState(/mnt/emmc): Unknown volume
07-11 14:01:28.554 W/MountService(  374): getVolumeState(/mnt/extSdCard): Unknown volume
07-11 14:01:28.554 W/MountService(  374): getVolumeState(/mnt/sdcard/SD_CARD): Unknown volume
07-11 14:01:28.554 W/MountService(  374): getVolumeState(/mnt/sdcard/extra_sd): Unknown volume
07-11 14:01:28.554 W/MountService(  374): getVolumeState(/mnt/extrasd_bind): Unknown volume
07-11 14:01:28.554 W/MountService(  374): getVolumeState(/mnt/sdcard/ext_sd): Unknown volume
07-11 14:01:28.562 W/MountService(  374): getVolumeState(/storage/extSdCard): Unknown volume
07-11 14:01:28.562 W/MountService(  374): getVolumeState(/storage/sdcard1): Unknown volume
07-11 14:01:28.562 W/MountService(  374): getVolumeState(/mnt/sdcard/external_SD): Unknown volume
07-11 14:01:28.562 W/MountService(  374): getVolumeState(/mnt/sdcard/external_sd): Unknown volume
07-11 14:02:28.437 W/MountService(  374): getVolumeState(/storage/emulated/0/external_sd): Unknown volume
07-11 14:02:28.437 W/MountService(  374): getVolumeState(/mnt/sdcard-ext): Unknown volume
07-11 14:02:28.437 W/MountService(  374): getVolumeState(/mnt/ext_sdcard): Unknown volume
07-11 14:02:28.437 W/MountService(  374): getVolumeState(/mnt/sdcard2): Unknown volume
07-11 14:02:28.437 W/MountService(  374): getVolumeState(/mnt/emmc): Unknown volume
07-11 14:02:28.445 W/MountService(  374): getVolumeState(/mnt/extSdCard): Unknown volume
07-11 14:02:28.445 W/MountService(  374): getVolumeState(/mnt/sdcard/SD_CARD): Unknown volume
07-11 14:02:28.445 W/MountService(  374): getVolumeState(/mnt/sdcard/extra_sd): Unknown volume
07-11 14:02:28.445 W/MountService(  374): getVolumeState(/mnt/extrasd_bind): Unknown volume
07-11 14:02:28.445 W/MountService(  374): getVolumeState(/mnt/sdcard/ext_sd): Unknown volume
07-11 14:02:28.445 W/MountService(  374): getVolumeState(/storage/extSdCard): Unknown volume
07-11 14:02:28.445 W/MountService(  374): getVolumeState(/storage/sdcard1): Unknown volume
