07-11 14:23:52.781 D/CheckInTransInfo( 3259): [null:-1]->CommandMsg : CommandMsg{CommandUUID='8a8088bf471a79ec01472417b7c546fb', Command=CommandRemoveApp{Identifier='com.moji.mjweather', fromMarket=true}}
07-11 14:23:52.781 D/DB      ( 3259): query: SQLiteQuery: SELECT * FROM command WHERE cmd_uuid='8a8088bf471a79ec01472417b7c546fb'
07-11 14:23:52.781 D/DB      ( 3259): factory null
07-11 14:23:52.781 D/DB      ( 3259): fillWindow: 0
07-11 14:23:52.781 D/dalvikvm(27881): GC_FOR_ALLOC freed 455K, 7% free 9339K/10040K, paused 20ms, total 22ms
07-11 14:23:52.781 D/DB      ( 3259): cursor 0
07-11 14:23:52.844 D/NetworkThread( 3259): [null:-1]->queue is empty, thread wait...
07-11 14:23:52.945 D/MdmService( 3259): [null:-1]->handleCheckInResult
07-11 14:23:52.945 D/MdmService( 3259): [null:-1]->handleCheckInResult result keyIndex: 3
07-11 14:23:52.945 D/CommandManager( 3259): [null:-1]->execute command: CommandMsg{CommandUUID='8a8088bf471a79ec01472417b7c546fb', Command=CommandRemoveApp{Identifier='com.moji.mjweather', fromMarket=true}}
07-11 14:23:52.945 D/TEST_ALL( 3259): [null:-1]->REQ_TYPE_RM_APP
07-11 14:23:53.015 D/DB      ( 3259): query: SQLiteQuery: SELECT * FROM app WHERE readStatus =0
07-11 14:23:53.015 D/DB      ( 3259): factory null
07-11 14:23:53.015 D/DB      ( 3259): fillWindow: 0
07-11 14:23:53.023 D/DB      ( 3259): cursor 0
07-11 14:23:53.023 D/DB      ( 3259): query: SQLiteQuery: SELECT * FROM app WHERE type = 51107
07-11 14:23:53.023 D/DB      ( 3259): factory null
07-11 14:23:53.023 D/DB      ( 3259): fillWindow: 0
07-11 14:23:53.023 E/Mdm     ( 3259): Call Mdm service's recordIconCount function
07-11 14:23:53.023 D/DB      ( 3259): cursor 1
07-11 14:23:53.054 D/DB      ( 3259): moveToPos: 0
07-11 14:23:53.054 D/DB      ( 3259): onMove: 0
07-11 14:23:53.054 D/DB      ( 3259): moveToPos: 1
07-11 14:23:53.054 I/TransInfo( 3259): TransInfo created, id: 3, class: class com.pekall.emdm.transaction.b.c
07-11 14:23:53.054 D/NetworkThread( 3259): [null:-1]->----isRunning-----true
07-11 14:23:53.054 D/NetworkThread( 3259): [null:-1]->----isRunning-----true
07-11 14:23:53.054 D/NetworkThread( 3259): [null:-1]->thread wakeup
07-11 14:23:53.062 D/HttpClient( 3259): enable apache.http debug
07-11 14:23:53.062 V/DEBUG   ( 3259): HTTP 0
07-11 14:23:53.453 V/DEBUG   ( 3259): HTTP 1
07-11 14:23:53.461 D/MdmDatabaseHelper( 3259): [null:-1]->update command 8a8088bf471a79ec01472417b7c546fb to status executed
07-11 14:23:53.492 D/NetworkThread( 3259): [null:-1]->queue is empty, thread wait...
07-11 14:23:53.554 D/MdmService( 3259): [null:-1]->handleCheckInResult
07-11 14:23:53.562 D/MdmService( 3259): [null:-1]->handleCheckInResult result keyIndex: 3
07-11 14:23:53.562 D/HandleCommandTask( 3259): [null:-1]->execute command msg but beanBase is null
07-11 14:23:53.562 D/MdmStatusManager( 3259): [null:-1]->change status to : Idle
07-11 14:23:55.140 D/LightsService(  374): Excessive delay setting light: 75ms
07-11 14:23:58.062 D/MdmApplication( 3259): [null:-1]->onActivityPaused market.activity.AppDetailActivity , mActivityCount = 3
07-11 14:23:58.062 D/MDM :   ( 3259): [null:-1]->query
07-11 14:23:58.070 D/MDM :   ( 3259): [null:-1]->QUERY_PINCODE_CHECK_RESULT
07-11 14:23:58.070 E/Mdm     ( 3259): Call Mdm service's setLastExitTime function
07-11 14:23:58.109 D/MdmApplication( 3259): [null:-1]->onActivityStarted market.activity.AppListActivity , mActivityCount = 2
07-11 14:23:58.109 D/MDM :   ( 3259): [null:-1]->query
07-11 14:23:58.117 D/MDM :   ( 3259): [null:-1]->QUERY_PINCODE_CHECK_RESULT
07-11 14:23:58.117 D/mdm_log ( 3259): [null:-1]->has installed by.game.binumbers
07-11 14:23:58.117 D/LightsService(  374): Excessive delay setting light: 64ms
07-11 14:24:00.461 W/System.err(27801): java.io.FileNotFoundException: /data/data/com.mgyapp.android/files/.cfpaps.i: open failed: ENOENT (No such file or directory)
07-11 14:24:00.461 W/System.err(27801): 	at libcore.io.IoBridge.open(IoBridge.java:409)
07-11 14:24:00.461 W/System.err(27801): 	at java.io.FileInputStream.<init>(FileInputStream.java:78)
07-11 14:24:00.461 W/System.err(27801): 	at android.app.ContextImpl.openFileInput(ContextImpl.java:702)
07-11 14:24:00.461 W/System.err(27801): 	at android.content.ContextWrapper.openFileInput(ContextWrapper.java:173)
07-11 14:24:00.461 W/System.err(27801): 	at com.mgyun.shua.jc.service.f.run(Unknown Source)
07-11 14:24:00.461 W/System.err(27801): 	at com.mgyun.shua.jc.service.CpWorkServer.onHandleIntent(Unknown Source)
07-11 14:24:00.461 W/System.err(27801): 	at android.app.IntentService$ServiceHandler.handleMessage(IntentService.java:65)
07-11 14:24:00.461 W/System.err(27801): 	at android.os.Handler.dispatchMessage(Handler.java:99)
07-11 14:24:00.461 W/System.err(27801): 	at android.os.Looper.loop(Looper.java:137)
07-11 14:24:00.461 W/System.err(27801): 	at android.os.HandlerThread.run(HandlerThread.java:61)
07-11 14:24:00.461 W/System.err(27801): Caused by: libcore.io.ErrnoException: open failed: ENOENT (No such file or directory)
07-11 14:24:00.469 W/System.err(27801): 	at libcore.io.Posix.open(Native Method)
07-11 14:24:00.469 W/System.err(27801): 	at libcore.io.BlockGuardOs.open(BlockGuardOs.java:110)
07-11 14:24:00.469 W/System.err(27801): 	at libcore.io.IoBridge.open(IoBridge.java:393)
07-11 14:24:00.469 W/System.err(27801): 	... 9 more
07-11 14:24:10.461 W/System.err(27801): java.io.FileNotFoundException: /data/data/com.mgyapp.android/files/.cfp.i: open failed: ENOENT (No such file or directory)
07-11 14:24:10.461 W/System.err(27801): 	at libcore.io.IoBridge.open(IoBridge.java:409)
07-11 14:24:10.461 W/System.err(27801): 	at java.io.FileInputStream.<init>(FileInputStream.java:78)
07-11 14:24:10.461 W/System.err(27801): 	at android.app.ContextImpl.openFileInput(ContextImpl.java:702)
07-11 14:24:10.461 W/System.err(27801): 	at android.content.ContextWrapper.openFileInput(ContextWrapper.java:173)
07-11 14:24:10.461 W/System.err(27801): 	at com.mgyun.shua.jc.c.b(Unknown Source)
07-11 14:24:10.461 W/System.err(27801): 	at com.mgyun.shua.jc.d.a(Unknown Source)
07-11 14:24:10.461 W/System.err(27801): 	at com.mgyun.shua.jc.service.CpWorkServer.onHandleIntent(Unknown Source)
07-11 14:24:10.469 W/System.err(27801): 	at android.app.IntentService$ServiceHandler.handleMessage(IntentService.java:65)
07-11 14:24:10.469 W/System.err(27801): 	at android.os.Handler.dispatchMessage(Handler.java:99)
07-11 14:24:10.469 W/System.err(27801): 	at android.os.Looper.loop(Looper.java:137)
07-11 14:24:10.469 W/System.err(27801): 	at android.os.HandlerThread.run(HandlerThread.java:61)
07-11 14:24:10.469 W/System.err(27801): Caused by: libcore.io.ErrnoException: open failed: ENOENT (No such file or directory)
07-11 14:24:10.476 W/System.err(27801): 	at libcore.io.Posix.open(Native Method)
07-11 14:24:10.476 W/System.err(27801): 	at libcore.io.BlockGuardOs.open(BlockGuardOs.java:110)
07-11 14:24:10.476 W/System.err(27801): 	at libcore.io.IoBridge.open(IoBridge.java:393)
07-11 14:24:10.476 W/System.err(27801): 	... 10 more
07-11 14:24:10.492 D/dalvikvm(27801): GC_CONCURRENT freed 359K, 16% free 9209K/10844K, paused 5ms+3ms, total 27ms
07-11 14:24:11.195 W/Settings(25429): Setting airplane_mode_on has moved from android.provider.Settings.System to android.provider.Settings.Global, returning read-only value.
07-11 14:24:11.195 W/Settings(25429): Setting mobile_data has moved from android.provider.Settings.Secure to android.provider.Settings.Global.
07-11 14:24:11.195 D/BluetoothAdapter(25429): 1108510848: getState() :  mService = null. Returning STATE_OFF
07-11 14:24:11.195 W/Settings(25429): Setting airplane_mode_on has moved from android.provider.Settings.System to android.provider.Settings.Global, returning read-only value.
07-11 14:24:11.219 W/Settings(25429): Setting airplane_mode_on has moved from android.provider.Settings.System to android.provider.Settings.Global, returning read-only value.
07-11 14:24:11.219 W/Settings(25429): Setting mobile_data has moved from android.provider.Settings.Secure to android.provider.Settings.Global.
07-11 14:24:11.219 D/BluetoothAdapter(25429): 1108510848: getState() :  mService = null. Returning STATE_OFF
07-11 14:24:11.219 W/Settings(25429): Setting airplane_mode_on has moved from android.provider.Settings.System to android.provider.Settings.Global, returning read-only value.
07-11 14:24:11.273 D/SizeAdaptiveLayout(  450): com.android.internal.widget.SizeAdaptiveLayout{42389f18 V.E..... ......ID 0,0-720,128 #7f070058 app:id/adaptive}child view android.widget.LinearLayout{4221a9e8 V.E..... ......ID 0,0-720,124} measured out of bounds at 124px clamped to 128px
07-11 14:24:11.492 D/SizeAdaptiveLayout(  450): com.android.internal.widget.SizeAdaptiveLayout{42389f18 V.E..... ......ID 0,0-720,128 #7f070058 app:id/adaptive}child view android.widget.LinearLayout{4221a9e8 V.E..... ......ID 0,0-720,124} measured out of bounds at 124px clamped to 128px
07-11 14:24:11.508 V/PanelView(  450): animationTick called with dtms=0; nothing to do (h=840.0 v=1343.1272)
07-11 14:24:11.508 V/PanelView(  450): animationTick called with dtms=-10; nothing to do (h=840.0 v=1343.1272)
07-11 14:24:15.078 V/PanelView(  450): animationTick called with dtms=0; nothing to do (h=1184.0 v=-4000.0)
07-11 14:24:15.078 V/PanelView(  450): animationTick called with dtms=-3; nothing to do (h=1184.0 v=-4000.0)
07-11 14:24:15.109 D/dalvikvm(  450): GC_CONCURRENT freed 1638K, 14% free 15126K/17536K, paused 3ms+11ms, total 64ms
07-11 14:24:15.437 W/InputMethodManagerService(  374): Window already focused, ignoring focus gain of: com.android.internal.view.IInputMethodClient$Stub$Proxy@42667e38 attribute=null, token = android.os.BinderProxy@42c86710
07-11 14:24:19.148 D/dalvikvm(20727): GC_CONCURRENT freed 386K, 8% free 10117K/10920K, paused 5ms+2ms, total 41ms
07-11 14:24:20.156 V/PanelView(  450): animationTick called with dtms=0; nothing to do (h=1008.0 v=2369.693)
07-11 14:24:20.156 V/PanelView(  450): animationTick called with dtms=-11; nothing to do (h=1008.0 v=2369.693)
07-11 14:24:27.195 D/MdmService( 3259): [null:-1]->receiver action :com.pekall.mdm.action.MDM_ALARM
07-11 14:24:27.195 D/MdmService( 3259): [null:-1]->keepAliveWithPushServer client is opened:true
07-11 14:24:27.203 D/MDM :   ( 3259): [null:-1]->ping!!!!!!!!!
07-11 14:24:27.211 D/MdmService( 3259): [null:-1]->pushUrl : ws://192.168.10.91:9070/websocket
07-11 14:24:27.211 D/MDM :   ( 3259): [null:-1]->mMdmPushClient is :not null
07-11 14:24:27.211 D/MDM :   ( 3259): [null:-1]->mMdmPushClient opened : opened
07-11 14:24:27.219 D/MDM :   ( 3259): [null:-1]->MSG_WEBSOCKET_PONG
07-11 14:24:27.898 I/ActivityManager(  374): START u0 {cmp=com.pekall.emdm/.market.activity.AppListActivity bnds=[0,382][720,510] (has extras)} from pid -1
07-11 14:24:27.898 W/ActivityManager(  374): startActivity called from non-Activity context; forcing Intent.FLAG_ACTIVITY_NEW_TASK for: Intent { cmp=com.pekall.emdm/.market.activity.AppListActivity bnds=[0,382][720,510] (has extras) }
07-11 14:24:28.062 D/dalvikvm(  374): GC_FOR_ALLOC freed 1775K, 29% free 22868K/31960K, paused 98ms, total 98ms
07-11 14:24:28.062 D/MdmApplication( 3259): [null:-1]->onActivityPaused market.activity.AppListActivity , mActivityCount = 3
07-11 14:24:28.062 D/MDM :   ( 3259): [null:-1]->query
07-11 14:24:28.062 D/MDM :   ( 3259): [null:-1]->QUERY_PINCODE_CHECK_RESULT
07-11 14:24:28.062 E/Mdm     ( 3259): Call Mdm service's setLastExitTime function
07-11 14:24:28.070 W/KeyguardViewMediator(  374): verifyUnlock called when not externally disabled
07-11 14:24:28.070 V/PanelView(  450): animationTick called with dtms=0; nothing to do (h=1184.0 v=-4000.0)
07-11 14:24:28.148 D/MdmApplication( 3259): [null:-1]->onActivityStarted market.activity.AppListActivity , mActivityCount = 2
07-11 14:24:28.156 D/MDM :   ( 3259): [null:-1]->query
07-11 14:24:28.156 D/MDM :   ( 3259): [null:-1]->QUERY_PINCODE_CHECK_RESULT
07-11 14:24:28.195 D/DB      ( 3259): query: SQLiteQuery: SELECT * FROM app WHERE type = 51107
07-11 14:24:28.195 D/DB      ( 3259): factory null
07-11 14:24:28.195 D/DB      ( 3259): fillWindow: 0
07-11 14:24:28.203 D/DB      ( 3259): cursor 1
07-11 14:24:28.203 D/mdm_log ( 3259): [null:-1]->has installed by.game.binumbers
07-11 14:24:28.219 D/DB      ( 3259): query: SQLiteQuery: SELECT * FROM app WHERE type = 51106
07-11 14:24:28.219 D/DB      ( 3259): factory null
07-11 14:24:28.219 D/DB      ( 3259): fillWindow: 0
07-11 14:24:28.219 D/DB      ( 3259): cursor 0
07-11 14:24:28.383 D/DB      ( 3259): moveToPos: 0
07-11 14:24:28.383 D/DB      ( 3259): onMove: 0
07-11 14:24:28.383 D/DB      ( 3259): moveToPos: 1
07-11 14:24:28.461 D/dalvikvm( 3259): GC_FOR_ALLOC freed 3408K, 27% free 18901K/25600K, paused 72ms, total 72ms
07-11 14:24:28.586 I/ActivityManager(  374): Displayed com.pekall.emdm/.market.activity.AppListActivity: +497ms
07-11 14:24:29.547 D/dalvikvm(  374): JIT code cache reset in 11 ms (1048536 bytes 30/0)
07-11 14:24:29.562 D/dalvikvm(  374): GC_FOR_ALLOC freed 1199K, 29% free 22841K/31960K, paused 127ms, total 127ms
07-11 14:24:29.562 D/MdmApplication( 3259): [null:-1]->onActivityPaused market.activity.AppListActivity , mActivityCount = 3
07-11 14:24:29.570 D/MDM :   ( 3259): [null:-1]->query
07-11 14:24:29.570 D/MDM :   ( 3259): [null:-1]->QUERY_PINCODE_CHECK_RESULT
07-11 14:24:29.570 E/Mdm     ( 3259): Call Mdm service's setLastExitTime function
07-11 14:24:29.609 D/MdmApplication( 3259): [null:-1]->onActivityStarted market.activity.AppListActivity , mActivityCount = 2
07-11 14:24:29.609 D/MDM :   ( 3259): [null:-1]->query
07-11 14:24:29.609 D/MDM :   ( 3259): [null:-1]->QUERY_PINCODE_CHECK_RESULT
07-11 14:24:29.609 D/mdm_log ( 3259): [null:-1]->has installed by.game.binumbers
07-11 14:24:30.148 D/DB      ( 3259): query: SQLiteQuery: SELECT * FROM app WHERE type = 51107
07-11 14:24:30.148 D/DB      ( 3259): factory null
07-11 14:24:30.148 D/DB      ( 3259): fillWindow: 0
07-11 14:24:30.148 D/DB      ( 3259): cursor 1
07-11 14:24:30.156 D/DB      ( 3259): query: SQLiteQuery: SELECT * FROM app WHERE readStatus =0
07-11 14:24:30.156 D/DB      ( 3259): factory null
07-11 14:24:30.156 D/DB      ( 3259): fillWindow: 0
07-11 14:24:30.156 D/DB      ( 3259): cursor 0
07-11 14:24:30.156 E/Mdm     ( 3259): Call Mdm service's recordIconCount function
07-11 14:24:30.203 D/DB      ( 3259): moveToPos: 0
07-11 14:24:30.203 D/DB      ( 3259): onMove: 0
07-11 14:24:30.203 D/DB      ( 3259): moveToPos: 1
07-11 14:24:30.508 D/dalvikvm(  374): GC_FOR_ALLOC freed 1161K, 29% free 22835K/31960K, paused 100ms, total 102ms
07-11 14:24:30.515 D/MdmApplication( 3259): [null:-1]->onActivityPaused market.activity.AppListActivity , mActivityCount = 3
07-11 14:24:30.515 D/MDM :   ( 3259): [null:-1]->query
07-11 14:24:30.515 D/MDM :   ( 3259): [null:-1]->QUERY_PINCODE_CHECK_RESULT
07-11 14:24:30.515 E/Mdm     ( 3259): Call Mdm service's setLastExitTime function
07-11 14:24:30.547 D/MdmApplication( 3259): [null:-1]->onActivityStarted ui.MainActivity , mActivityCount = 2
07-11 14:24:30.547 D/MDM :   ( 3259): [null:-1]->query
07-11 14:24:30.554 D/MDM :   ( 3259): [null:-1]->QUERY_PINCODE_CHECK_RESULT
07-11 14:24:31.133 D/DB      ( 3259): query: SQLiteQuery: SELECT * FROM app WHERE readStatus =0
07-11 14:24:31.133 D/DB      ( 3259): factory null
07-11 14:24:31.133 D/DB      ( 3259): fillWindow: 0
07-11 14:24:31.133 D/DB      ( 3259): cursor 0
07-11 14:24:31.133 E/Mdm     ( 3259): Call Mdm service's recordIconCount function
07-11 14:24:32.554 W/MountService(  374): getVolumeState(/storage/emulated/0/external_sd): Unknown volume
07-11 14:24:32.554 W/MountService(  374): getVolumeState(/mnt/sdcard-ext): Unknown volume
07-11 14:24:32.562 W/MountService(  374): getVolumeState(/mnt/ext_sdcard): Unknown volume
07-11 14:24:32.562 W/MountService(  374): getVolumeState(/mnt/sdcard2): Unknown volume
07-11 14:24:32.562 W/MountService(  374): getVolumeState(/mnt/emmc): Unknown volume
07-11 14:24:32.570 W/MountService(  374): getVolumeState(/mnt/extSdCard): Unknown volume
07-11 14:24:32.570 W/MountService(  374): getVolumeState(/mnt/sdcard/SD_CARD): Unknown volume
07-11 14:24:32.578 W/MountService(  374): getVolumeState(/mnt/sdcard/extra_sd): Unknown volume
07-11 14:24:32.578 W/MountService(  374): getVolumeState(/mnt/extrasd_bind): Unknown volume
07-11 14:24:32.578 W/MountService(  374): getVolumeState(/mnt/sdcard/ext_sd): Unknown volume
07-11 14:24:32.578 W/MountService(  374): getVolumeState(/storage/extSdCard): Unknown volume
07-11 14:24:32.578 W/MountService(  374): getVolumeState(/storage/sdcard1): Unknown volume
07-11 14:24:32.578 W/MountService(  374): getVolumeState(/mnt/sdcard/external_SD): Unknown volume
07-11 14:24:32.586 W/MountService(  374): getVolumeState(/mnt/sdcard/external_sd): Unknown volume
07-11 14:24:32.672 D/dalvikvm(27881): GC_CONCURRENT freed 367K, 6% free 9484K/10040K, paused 3ms+3ms, total 25ms
07-11 14:24:32.672 D/dalvikvm(27881): WAIT_FOR_CONCURRENT_GC blocked 12ms
07-11 14:24:32.750 D/dalvikvm(  577): GC_EXPLICIT freed 633K, 7% free 11549K/12344K, paused 2ms+7ms, total 45ms
07-11 14:24:32.906 W/MountService(  374): getVolumeState(/storage/emulated/0/external_sd): Unknown volume
07-11 14:24:32.906 W/MountService(  374): getVolumeState(/mnt/sdcard-ext): Unknown volume
07-11 14:24:32.906 W/MountService(  374): getVolumeState(/mnt/ext_sdcard): Unknown volume
07-11 14:24:32.914 W/MountService(  374): getVolumeState(/mnt/sdcard2): Unknown volume
07-11 14:24:32.914 W/MountService(  374): getVolumeState(/mnt/emmc): Unknown volume
07-11 14:24:32.914 W/MountService(  374): getVolumeState(/mnt/extSdCard): Unknown volume
07-11 14:24:32.914 W/MountService(  374): getVolumeState(/mnt/sdcard/SD_CARD): Unknown volume
07-11 14:24:32.914 W/MountService(  374): getVolumeState(/mnt/sdcard/extra_sd): Unknown volume
07-11 14:24:32.914 W/MountService(  374): getVolumeState(/mnt/extrasd_bind): Unknown volume
07-11 14:24:32.922 W/MountService(  374): getVolumeState(/mnt/sdcard/ext_sd): Unknown volume
07-11 14:24:32.922 W/MountService(  374): getVolumeState(/storage/extSdCard): Unknown volume
07-11 14:24:32.922 W/MountService(  374): getVolumeState(/storage/sdcard1): Unknown volume
07-11 14:24:32.929 W/MountService(  374): getVolumeState(/mnt/sdcard/external_SD): Unknown volume
07-11 14:24:32.929 W/MountService(  374): getVolumeState(/mnt/sdcard/external_sd): Unknown volume
07-11 14:24:32.953 D/dalvikvm(27881): GC_CONCURRENT freed 603K, 7% free 9391K/10040K, paused 3ms+3ms, total 35ms
07-11 14:24:32.953 D/dalvikvm(27881): WAIT_FOR_CONCURRENT_GC blocked 10ms
07-11 14:24:33.656 D/dalvikvm(  833): GC_CONCURRENT freed 1213K, 18% free 12852K/15584K, paused 7ms+6ms, total 70ms
07-11 14:24:44.695 D/MDM :   ( 3259): [null:-1]->MSG_WEBSOCKET_MESSAGE : {"id":-54470840,"type":0,"command":0,"result":0,"reason":0,"params":{"msgId":"594baa86-cf82-434c-a0e1-0c3fab50b051,594baa86cf82434ca0e10c3fab50b051","device":"ffffffffc539bb10fffffffff7aea961","message":"{\"cmd\":\"10119\"}"}}
07-11 14:24:44.719 D/MdmService( 3259): [null:-1]->push message type :0
07-11 14:24:44.719 D/MdmService( 3259): [null:-1]->cmdMessage : {"cmd":"10119"}
07-11 14:24:44.719 D/MdmService( 3259): [null:-1]->command : PushCommandMsg{cmd='10119', msg='null'}
07-11 14:24:44.719 D/MDM :   ( 3259): [null:-1]->PUSH CMD: 10119
07-11 14:24:44.726 D/MdmStatusManager( 3259): [null:-1]->change status to : Busy
07-11 14:24:44.726 D/DB      ( 3259): query: SQLiteQuery: SELECT content, command_status, status FROM command WHERE status!=2
07-11 14:24:44.726 D/DB      ( 3259): factory null
07-11 14:24:44.726 D/DB      ( 3259): fillWindow: 0
07-11 14:24:44.726 D/DB      ( 3259): cursor 0
07-11 14:24:44.726 D/DB      ( 3259): moveToPos: 0
07-11 14:24:44.726 I/TransInfo( 3259): TransInfo created, id: 3, class: class com.pekall.emdm.transaction.b.c
07-11 14:24:44.726 D/NetworkThread( 3259): [null:-1]->----isRunning-----true
07-11 14:24:44.726 D/NetworkThread( 3259): [null:-1]->----isRunning-----true
07-11 14:24:44.734 D/NetworkThread( 3259): [null:-1]->thread wakeup
07-11 14:24:44.734 D/HttpClient( 3259): enable apache.http debug
07-11 14:24:44.750 V/DEBUG   ( 3259): HTTP 0
07-11 14:24:45.328 V/DEBUG   ( 3259): HTTP 1
07-11 14:24:45.351 D/MDM :   ( 3259): [null:-1]->read network input stream
07-11 14:24:45.351 D/MDM :   ( 3259): [null:-1]->read network input stream
07-11 14:24:45.375 D/CheckInTransInfo( 3259): [null:-1]->CommandMsg : CommandMsg{CommandUUID='8a8088bf471a79ec01472418839c4709', Command=CommandObject{RequestType='InstallApplication'}}
07-11 14:24:45.383 D/DB      ( 3259): query: SQLiteQuery: SELECT * FROM command WHERE cmd_uuid='8a8088bf471a79ec01472418839c4709'
07-11 14:24:45.383 D/DB      ( 3259): factory null
07-11 14:24:45.383 D/DB      ( 3259): fillWindow: 0
07-11 14:24:45.383 D/DB      ( 3259): cursor 0
07-11 14:24:45.422 D/NetworkThread( 3259): [null:-1]->queue is empty, thread wait...
07-11 14:24:45.523 D/MdmService( 3259): [null:-1]->handleCheckInResult
07-11 14:24:45.523 D/MdmService( 3259): [null:-1]->handleCheckInResult result keyIndex: 3
07-11 14:24:45.523 D/CommandManager( 3259): [null:-1]->execute command: CommandMsg{CommandUUID='8a8088bf471a79ec01472418839c4709', Command=CommandObject{RequestType='InstallApplication'}}
07-11 14:24:45.523 D/TEST_ALL( 3259): [null:-1]->REQ_TYPE_INST_APP
07-11 14:24:45.531 E/DB      ( 3259): bind, index: 1, value: com.moji.mjweather
07-11 14:24:45.531 D/DB      ( 3259): query: SQLiteQuery: SELECT * FROM app WHERE package=?
07-11 14:24:45.531 D/DB      ( 3259): factory null
07-11 14:24:45.531 D/DB      ( 3259): fillWindow: 0
07-11 14:24:45.531 D/DB      ( 3259): cursor 0
07-11 14:24:45.531 D/DB      ( 3259): moveToPos: 0
07-11 14:24:45.586 D/DB      ( 3259): query: SQLiteQuery: SELECT * FROM app WHERE readStatus =0
07-11 14:24:45.586 D/DB      ( 3259): factory null
07-11 14:24:45.586 D/DB      ( 3259): fillWindow: 0
07-11 14:24:45.586 D/DB      ( 3259): cursor 1
07-11 14:24:45.586 E/Mdm     ( 3259): Call Mdm service's recordIconCount function
07-11 14:24:45.633 D/DB      ( 3259): query: SQLiteQuery: SELECT * FROM app WHERE readStatus =0
07-11 14:24:45.633 D/DB      ( 3259): factory null
07-11 14:24:45.633 D/DB      ( 3259): fillWindow: 0
07-11 14:24:45.640 D/DB      ( 3259): cursor 1
07-11 14:24:45.695 I/TransInfo( 3259): TransInfo created, id: 3, class: class com.pekall.emdm.transaction.b.c
07-11 14:24:45.695 D/NetworkThread( 3259): [null:-1]->----isRunning-----true
07-11 14:24:45.695 D/NetworkThread( 3259): [null:-1]->----isRunning-----true
07-11 14:24:45.695 D/NetworkThread( 3259): [null:-1]->thread wakeup
07-11 14:24:45.703 D/HttpClient( 3259): enable apache.http debug
07-11 14:24:45.711 I/AudioService(  374):  AudioFocus  requestAudioFocus() from android.media.AudioManager@42317a88
07-11 14:24:45.719 V/DEBUG   ( 3259): HTTP 0
07-11 14:24:46.047 V/DEBUG   ( 3259): HTTP 1
07-11 14:24:46.047 D/MdmDatabaseHelper( 3259): [null:-1]->update command 8a8088bf471a79ec01472418839c4709 to status executed
07-11 14:24:46.086 D/NetworkThread( 3259): [null:-1]->queue is empty, thread wait...
07-11 14:24:46.148 D/MdmService( 3259): [null:-1]->handleCheckInResult
07-11 14:24:46.148 D/MdmService( 3259): [null:-1]->handleCheckInResult result keyIndex: 3
07-11 14:24:46.156 D/HandleCommandTask( 3259): [null:-1]->execute command msg but beanBase is null
07-11 14:24:46.156 D/MdmStatusManager( 3259): [null:-1]->change status to : Idle
07-11 14:24:46.914 I/AudioService(  374):  AudioFocus  abandonAudioFocus() from android.media.AudioManager@42317a88
07-11 14:24:51.265 W/Settings(25429): Setting airplane_mode_on has moved from android.provider.Settings.System to android.provider.Settings.Global, returning read-only value.
07-11 14:24:51.265 W/Settings(25429): Setting mobile_data has moved from android.provider.Settings.Secure to android.provider.Settings.Global.
07-11 14:24:51.265 D/BluetoothAdapter(25429): 1108510848: getState() :  mService = null. Returning STATE_OFF
07-11 14:24:51.265 W/Settings(25429): Setting airplane_mode_on has moved from android.provider.Settings.System to android.provider.Settings.Global, returning read-only value.
07-11 14:24:51.289 W/Settings(25429): Setting airplane_mode_on has moved from android.provider.Settings.System to android.provider.Settings.Global, returning read-only value.
07-11 14:24:51.289 W/Settings(25429): Setting mobile_data has moved from android.provider.Settings.Secure to android.provider.Settings.Global.
07-11 14:24:51.289 D/BluetoothAdapter(25429): 1108510848: getState() :  mService = null. Returning STATE_OFF
07-11 14:24:51.289 W/Settings(25429): Setting airplane_mode_on has moved from android.provider.Settings.System to android.provider.Settings.Global, returning read-only value.
07-11 14:24:53.109 D/dalvikvm(32040): GC_FOR_ALLOC freed 503K, 6% free 9186K/9724K, paused 37ms, total 40ms
07-11 14:24:53.867 D/dalvikvm(20727): GC_CONCURRENT freed 386K, 8% free 10117K/10920K, paused 6ms+2ms, total 37ms
07-11 14:24:54.336 D/AndroidRuntime( 2306): 
07-11 14:24:54.336 D/AndroidRuntime( 2306): >>>>>> AndroidRuntime START com.android.internal.os.RuntimeInit <<<<<<
07-11 14:24:54.336 D/AndroidRuntime( 2306): CheckJNI is OFF
07-11 14:24:54.351 D/dalvikvm( 2306): Trying to load lib libjavacore.so 0x0
07-11 14:24:54.359 D/dalvikvm( 2306): Added shared lib libjavacore.so 0x0
07-11 14:24:54.375 D/dalvikvm( 2306): Trying to load lib libnativehelper.so 0x0
07-11 14:24:54.375 D/dalvikvm( 2306): Added shared lib libnativehelper.so 0x0
07-11 14:24:54.398 I/dalvikvm( 2306): DexOpt: source file mod time mismatch (44eb714f vs 44eb72ed)
07-11 14:24:54.398 D/dalvikvm( 2306): ODEX file is stale or bad; removing and retrying (/data/local/tmp/dalvik-cache/data@local@tmp@MDMMobileTest.jar@classes.dex)
07-11 14:24:54.406 D/dalvikvm( 2306): DexOpt: --- BEGIN 'MDMMobileTest.jar' (bootstrap=0) ---
07-11 14:24:54.406 D/LightsService(  374): Excessive delay setting light: 66ms
07-11 14:24:54.461 D/dalvikvm( 2307): DexOpt: load 7ms, verify+opt 4ms, 124100 bytes
07-11 14:24:54.484 D/dalvikvm( 2306): DexOpt: --- END 'MDMMobileTest.jar' (success) ---
07-11 14:24:54.484 D/dalvikvm( 2306): DEX prep '/data/local/tmp/MDMMobileTest.jar': unzip in 2ms, rewrite 83ms
07-11 14:24:54.711 D/AndroidRuntime( 2306): Calling main entry com.android.commands.uiautomator.Launcher
07-11 14:24:54.742 E/UiDevice( 2306): Exceuting watcher: ANRWatcher
07-11 14:24:54.742 E/UiDevice( 2306): java.lang.RuntimeException: UiDevice not initialized
07-11 14:24:54.742 E/UiDevice( 2306): 	at com.android.uiautomator.core.UiDevice.getAutomatorBridge(UiDevice.java:87)
07-11 14:24:54.742 E/UiDevice( 2306): 	at com.android.uiautomator.core.UiDevice.wakeUp(UiDevice.java:719)
07-11 14:24:54.742 E/UiDevice( 2306): 	at com.pekall.test.mdmui.util.UiANRWatcher.checkForCondition(UiANRWatcher.java:23)
07-11 14:24:54.742 E/UiDevice( 2306): 	at com.android.uiautomator.core.UiDevice.runWatchers(UiDevice.java:554)
07-11 14:24:54.742 E/UiDevice( 2306): 	at com.pekall.test.mdmui.util.UiANRWatcher.run(UiANRWatcher.java:41)
07-11 14:24:54.742 E/UiDevice( 2306): 	at com.pekall.test.mdmui.App.<clinit>(App.java:24)
07-11 14:24:54.742 E/UiDevice( 2306): 	at java.lang.Class.newInstanceImpl(Native Method)
07-11 14:24:54.742 E/UiDevice( 2306): 	at java.lang.Class.newInstance(Class.java:1130)
07-11 14:24:54.742 E/UiDevice( 2306): 	at com.android.uiautomator.testrunner.TestCaseCollector.addSingleTestMethod(TestCaseCollector.java:110)
07-11 14:24:54.742 E/UiDevice( 2306): 	at com.android.uiautomator.testrunner.TestCaseCollector.addTestClass(TestCaseCollector.java:86)
07-11 14:24:54.742 E/UiDevice( 2306): 	at com.android.uiautomator.testrunner.TestCaseCollector.addTestClass(TestCaseCollector.java:72)
07-11 14:24:54.742 E/UiDevice( 2306): 	at com.android.uiautomator.testrunner.TestCaseCollector.addTestClasses(TestCaseCollector.java:53)
07-11 14:24:54.742 E/UiDevice( 2306): 	at com.android.uiautomator.testrunner.UiAutomatorTestRunner.start(UiAutomatorTestRunner.java:106)
07-11 14:24:54.742 E/UiDevice( 2306): 	at com.android.uiautomator.testrunner.UiAutomatorTestRunner.run(UiAutomatorTestRunner.java:96)
07-11 14:24:54.742 E/UiDevice( 2306): 	at com.android.commands.uiautomator.RunTestCommand.run(RunTestCommand.java:91)
07-11 14:24:54.742 E/UiDevice( 2306): 	at com.android.commands.uiautomator.Launcher.main(Launcher.java:83)
07-11 14:24:54.742 E/UiDevice( 2306): 	at com.android.internal.os.RuntimeInit.nativeFinishInit(Native Method)
07-11 14:24:54.742 E/UiDevice( 2306): 	at com.android.internal.os.RuntimeInit.main(RuntimeInit.java:235)
07-11 14:24:54.742 E/UiDevice( 2306): 	at dalvik.system.NativeStart.main(Native Method)
07-11 14:24:54.765 D/dalvikvm( 2306): Note: class Landroid/app/ActivityManagerNative; has 163 unimplemented (abstract) methods
07-11 14:24:56.062 V/PanelView(  450): animationTick called with dtms=0; nothing to do (h=0.0 v=4000.0)
07-11 14:24:56.117 D/SizeAdaptiveLayout(  450): com.android.internal.widget.SizeAdaptiveLayout{42389f18 V.E..... ......ID 0,0-720,128 #7f070058 app:id/adaptive}child view android.widget.LinearLayout{4221a9e8 V.E..... ......ID 0,0-720,124} measured out of bounds at 124px clamped to 128px
07-11 14:24:56.312 D/SizeAdaptiveLayout(  450): com.android.internal.widget.SizeAdaptiveLayout{42389f18 V.E..... ......ID 0,0-720,128 #7f070058 app:id/adaptive}child view android.widget.LinearLayout{4221a9e8 V.E..... ......ID 0,0-720,124} measured out of bounds at 124px clamped to 128px
07-11 14:24:56.367 D/LightsService(  374): Excessive delay setting light: 71ms
07-11 14:24:56.375 V/PanelView(  450): animationTick called with dtms=0; nothing to do (h=20.100002 v=-4000.0)
07-11 14:24:56.375 V/PanelView(  450): animationTick called with dtms=0; nothing to do (h=20.100002 v=-4000.0)
07-11 14:24:56.375 V/PanelView(  450): animationTick called with dtms=-13; nothing to do (h=20.100002 v=-4000.0)
07-11 14:24:56.515 W/InputMethodManagerService(  374): Window already focused, ignoring focus gain of: com.android.internal.view.IInputMethodClient$Stub$Proxy@42261170 attribute=null, token = android.os.BinderProxy@42c88528
07-11 14:24:59.836 D/dalvikvm( 2306): GC_FOR_ALLOC freed 7575K, 93% free 615K/8192K, paused 35ms, total 35ms
07-11 14:25:00.172 D/dalvikvm( 3259): GC_FOR_ALLOC freed 3351K, 27% free 18902K/25600K, paused 74ms, total 74ms
07-11 14:25:00.234 D/dalvikvm( 2306): GC_FOR_ALLOC freed 502K, 93% free 624K/8192K, paused 7ms, total 7ms
07-11 14:25:00.453 D/dalvikvm( 2306): GC_FOR_ALLOC freed 502K, 74% free 634K/2440K, paused 10ms, total 10ms
07-11 14:25:00.648 D/dalvikvm( 2306): GC_FOR_ALLOC freed 519K, 75% free 627K/2440K, paused 6ms, total 6ms
07-11 14:25:00.844 D/dalvikvm( 2306): GC_FOR_ALLOC freed 525K, 75% free 613K/2440K, paused 6ms, total 6ms
07-11 14:25:01.023 D/dalvikvm( 2306): GC_FOR_ALLOC freed 515K, 75% free 610K/2440K, paused 6ms, total 6ms
07-11 14:25:01.226 D/dalvikvm( 2306): GC_FOR_ALLOC freed 497K, 75% free 624K/2440K, paused 6ms, total 6ms
07-11 14:25:01.437 D/dalvikvm( 2306): GC_FOR_ALLOC freed 502K, 75% free 634K/2440K, paused 6ms, total 6ms
07-11 14:25:01.633 D/dalvikvm( 2306): GC_FOR_ALLOC freed 518K, 75% free 627K/2440K, paused 7ms, total 7ms
07-11 14:25:01.828 D/dalvikvm( 2306): GC_FOR_ALLOC freed 525K, 75% free 613K/2440K, paused 6ms, total 6ms
07-11 14:25:02.008 D/dalvikvm( 2306): GC_FOR_ALLOC freed 514K, 75% free 611K/2440K, paused 6ms, total 6ms
07-11 14:25:02.211 D/dalvikvm( 2306): GC_FOR_ALLOC freed 499K, 75% free 623K/2440K, paused 7ms, total 7ms
07-11 14:25:02.390 D/dalvikvm( 2306): GC_FOR_ALLOC freed 502K, 75% free 633K/2440K, paused 6ms, total 6ms
07-11 14:25:02.586 D/dalvikvm( 2306): GC_FOR_ALLOC freed 518K, 75% free 627K/2440K, paused 6ms, total 7ms
07-11 14:25:02.781 D/dalvikvm( 2306): GC_FOR_ALLOC freed 525K, 75% free 613K/2440K, paused 6ms, total 6ms
07-11 14:25:02.953 D/dalvikvm( 2306): GC_FOR_ALLOC freed 498K, 75% free 627K/2440K, paused 7ms, total 7ms
07-11 14:25:03.164 D/dalvikvm( 2306): GC_FOR_ALLOC freed 532K, 76% free 606K/2440K, paused 6ms, total 6ms
07-11 14:25:03.359 D/dalvikvm( 2306): GC_FOR_ALLOC freed 485K, 75% free 633K/2440K, paused 6ms, total 6ms
07-11 14:25:03.547 D/dalvikvm( 2306): GC_FOR_ALLOC freed 517K, 75% free 627K/2440K, paused 6ms, total 6ms
07-11 14:25:03.726 D/dalvikvm( 2306): GC_FOR_ALLOC freed 525K, 75% free 614K/2440K, paused 6ms, total 6ms
07-11 14:25:03.898 D/dalvikvm( 2306): GC_FOR_ALLOC freed 499K, 75% free 626K/2440K, paused 8ms, total 8ms
07-11 14:25:04.086 D/dalvikvm( 2306): GC_FOR_ALLOC freed 514K, 75% free 624K/2440K, paused 7ms, total 7ms
07-11 14:25:04.281 D/dalvikvm( 2306): GC_FOR_ALLOC freed 502K, 75% free 634K/2440K, paused 6ms, total 6ms
07-11 14:25:04.476 D/dalvikvm( 2306): GC_FOR_ALLOC freed 518K, 75% free 627K/2440K, paused 6ms, total 6ms
07-11 14:25:04.672 D/dalvikvm( 2306): GC_FOR_ALLOC freed 525K, 75% free 614K/2440K, paused 6ms, total 6ms
07-11 14:25:04.851 D/dalvikvm( 2306): GC_FOR_ALLOC freed 516K, 75% free 610K/2440K, paused 6ms, total 6ms
07-11 14:25:05.039 D/dalvikvm( 2306): GC_FOR_ALLOC freed 514K, 76% free 608K/2440K, paused 6ms, total 6ms
07-11 14:25:05.250 D/dalvikvm( 2306): GC_FOR_ALLOC freed 486K, 75% free 633K/2440K, paused 6ms, total 7ms
07-11 14:25:05.437 D/dalvikvm( 2306): GC_FOR_ALLOC freed 517K, 75% free 628K/2440K, paused 6ms, total 6ms
07-11 14:25:05.633 D/dalvikvm( 2306): GC_FOR_ALLOC freed 525K, 75% free 614K/2440K, paused 6ms, total 6ms
07-11 14:25:05.804 D/dalvikvm( 2306): GC_FOR_ALLOC freed 499K, 75% free 627K/2440K, paused 8ms, total 8ms
07-11 14:25:06.000 D/dalvikvm( 2306): GC_FOR_ALLOC freed 514K, 75% free 624K/2440K, paused 8ms, total 8ms
07-11 14:25:06.179 D/dalvikvm( 2306): GC_FOR_ALLOC freed 503K, 75% free 633K/2440K, paused 6ms, total 6ms
07-11 14:25:06.375 D/dalvikvm( 2306): GC_FOR_ALLOC freed 517K, 75% free 628K/2440K, paused 6ms, total 6ms
07-11 14:25:06.562 D/dalvikvm( 2306): GC_FOR_ALLOC freed 524K, 75% free 615K/2440K, paused 6ms, total 6ms
07-11 14:25:06.742 D/dalvikvm( 2306): GC_FOR_ALLOC freed 519K, 76% free 608K/2440K, paused 6ms, total 6ms
07-11 14:25:06.922 D/dalvikvm( 2306): GC_FOR_ALLOC freed 495K, 75% free 625K/2440K, paused 7ms, total 7ms
07-11 14:25:07.117 D/dalvikvm( 2306): GC_FOR_ALLOC freed 504K, 75% free 632K/2440K, paused 6ms, total 7ms
07-11 14:25:07.359 D/dalvikvm( 2306): GC_FOR_ALLOC freed 515K, 75% free 629K/2440K, paused 6ms, total 6ms
07-11 14:25:07.523 D/dalvikvm( 3259): GC_FOR_ALLOC freed 3796K, 28% free 18458K/25600K, paused 64ms, total 64ms
07-11 14:25:07.640 D/dalvikvm( 2306): GC_FOR_ALLOC freed 524K, 75% free 616K/2440K, paused 6ms, total 6ms
07-11 14:25:07.820 D/dalvikvm( 2306): GC_FOR_ALLOC freed 517K, 75% free 610K/2440K, paused 6ms, total 6ms
07-11 14:25:08.023 D/dalvikvm( 2306): GC_FOR_ALLOC freed 513K, 76% free 609K/2440K, paused 6ms, total 6ms
07-11 14:25:08.219 D/dalvikvm( 2306): GC_FOR_ALLOC freed 487K, 75% free 633K/2440K, paused 7ms, total 8ms
07-11 14:25:08.406 D/dalvikvm( 2306): GC_FOR_ALLOC freed 515K, 75% free 629K/2440K, paused 6ms, total 6ms
07-11 14:25:08.601 D/dalvikvm( 2306): GC_FOR_ALLOC freed 524K, 75% free 617K/2440K, paused 6ms, total 6ms
07-11 14:25:08.765 D/dalvikvm( 2306): GC_FOR_ALLOC freed 503K, 75% free 625K/2440K, paused 8ms, total 8ms
07-11 14:25:08.945 D/dalvikvm( 2306): GC_FOR_ALLOC freed 511K, 75% free 625K/2440K, paused 7ms, total 7ms
07-11 14:25:09.148 D/dalvikvm( 2306): GC_FOR_ALLOC freed 505K, 75% free 632K/2440K, paused 6ms, total 7ms
07-11 14:25:09.344 D/dalvikvm( 2306): GC_FOR_ALLOC freed 514K, 75% free 630K/2440K, paused 6ms, total 6ms
07-11 14:25:09.523 D/dalvikvm( 2306): GC_FOR_ALLOC freed 524K, 75% free 617K/2440K, paused 7ms, total 7ms
07-11 14:25:09.711 D/dalvikvm( 2306): GC_FOR_ALLOC freed 502K, 75% free 627K/2440K, paused 7ms, total 7ms
07-11 14:25:09.890 D/dalvikvm( 2306): GC_FOR_ALLOC freed 529K, 76% free 609K/2440K, paused 7ms, total 7ms
07-11 14:25:10.094 D/dalvikvm( 2306): GC_FOR_ALLOC freed 488K, 75% free 632K/2440K, paused 6ms, total 7ms
07-11 14:25:10.281 D/dalvikvm( 2306): GC_FOR_ALLOC freed 513K, 75% free 631K/2440K, paused 6ms, total 6ms
07-11 14:25:10.461 D/dalvikvm( 2306): GC_FOR_ALLOC freed 525K, 75% free 617K/2440K, paused 6ms, total 6ms
07-11 14:25:10.625 D/dalvikvm( 2306): GC_FOR_ALLOC freed 520K, 76% free 609K/2440K, paused 6ms, total 7ms
07-11 14:25:10.804 D/dalvikvm( 2306): GC_FOR_ALLOC freed 511K, 76% free 609K/2440K, paused 6ms, total 6ms
07-11 14:25:10.984 D/dalvikvm( 2306): GC_FOR_ALLOC freed 489K, 75% free 632K/2440K, paused 6ms, total 6ms
07-11 14:25:11.179 D/dalvikvm( 2306): GC_FOR_ALLOC freed 513K, 75% free 630K/2440K, paused 7ms, total 7ms
07-11 14:25:11.375 D/dalvikvm( 2306): GC_FOR_ALLOC freed 525K, 75% free 617K/2440K, paused 7ms, total 7ms
07-11 14:25:11.554 D/dalvikvm( 2306): GC_FOR_ALLOC freed 518K, 75% free 611K/2440K, paused 7ms, total 7ms
07-11 14:25:11.758 D/dalvikvm( 2306): GC_FOR_ALLOC freed 496K, 75% free 626K/2440K, paused 7ms, total 7ms
07-11 14:25:11.961 D/dalvikvm( 2306): GC_FOR_ALLOC freed 506K, 75% free 632K/2440K, paused 7ms, total 7ms
07-11 14:25:12.148 D/dalvikvm( 2306): GC_FOR_ALLOC freed 513K, 75% free 630K/2440K, paused 6ms, total 6ms
07-11 14:25:12.336 D/dalvikvm( 2306): GC_FOR_ALLOC freed 525K, 75% free 617K/2440K, paused 6ms, total 6ms
07-11 14:25:12.523 D/dalvikvm( 2306): GC_FOR_ALLOC freed 506K, 75% free 623K/2440K, paused 7ms, total 7ms
07-11 14:25:12.711 D/dalvikvm( 2306): GC_FOR_ALLOC freed 526K, 76% free 608K/2440K, paused 6ms, total 6ms
07-11 14:25:12.906 D/dalvikvm( 2306): GC_FOR_ALLOC freed 489K, 75% free 631K/2440K, paused 6ms, total 6ms
07-11 14:25:13.101 D/dalvikvm( 2306): GC_FOR_ALLOC freed 512K, 75% free 631K/2440K, paused 6ms, total 6ms
07-11 14:25:13.297 D/dalvikvm( 2306): GC_FOR_ALLOC freed 525K, 75% free 617K/2440K, paused 6ms, total 6ms
07-11 14:25:13.461 D/dalvikvm( 2306): GC_FOR_ALLOC freed 523K, 76% free 606K/2440K, paused 6ms, total 6ms
07-11 14:25:13.656 D/dalvikvm( 2306): GC_FOR_ALLOC freed 508K, 76% free 609K/2440K, paused 6ms, total 7ms
07-11 14:25:13.851 D/dalvikvm( 2306): GC_FOR_ALLOC freed 488K, 75% free 632K/2440K, paused 6ms, total 7ms
07-11 14:25:14.054 D/dalvikvm( 2306): GC_FOR_ALLOC freed 513K, 75% free 631K/2440K, paused 6ms, total 6ms
07-11 14:25:14.281 D/dalvikvm( 2306): GC_FOR_ALLOC freed 525K, 75% free 617K/2440K, paused 6ms, total 6ms
07-11 14:25:14.469 D/dalvikvm( 3259): GC_FOR_ALLOC freed 3229K, 28% free 18433K/25600K, paused 61ms, total 61ms
07-11 14:25:14.562 D/dalvikvm( 2306): GC_FOR_ALLOC freed 523K, 76% free 606K/2440K, paused 6ms, total 7ms
07-11 14:25:14.758 D/dalvikvm( 2306): GC_FOR_ALLOC freed 508K, 75% free 610K/2440K, paused 6ms, total 6ms
07-11 14:25:14.961 D/dalvikvm( 2306): GC_FOR_ALLOC freed 490K, 75% free 632K/2440K, paused 6ms, total 6ms
07-11 14:25:15.195 D/dalvikvm( 2306): GC_FOR_ALLOC freed 512K, 75% free 631K/2440K, paused 6ms, total 7ms
07-11 14:25:15.390 D/dalvikvm( 2306): GC_FOR_ALLOC freed 525K, 75% free 618K/2440K, paused 6ms, total 7ms
07-11 14:25:15.594 D/dalvikvm( 2306): GC_FOR_ALLOC freed 523K, 76% free 606K/2440K, paused 6ms, total 6ms
07-11 14:25:15.797 D/dalvikvm( 2306): GC_FOR_ALLOC freed 508K, 75% free 610K/2440K, paused 6ms, total 6ms
07-11 14:25:15.992 D/dalvikvm( 2306): GC_FOR_ALLOC freed 489K, 75% free 632K/2440K, paused 6ms, total 6ms
07-11 14:25:16.179 D/dalvikvm( 2306): GC_FOR_ALLOC freed 512K, 75% free 631K/2440K, paused 7ms, total 7ms
07-11 14:25:16.367 D/dalvikvm( 2306): GC_FOR_ALLOC freed 524K, 75% free 618K/2440K, paused 6ms, total 6ms
07-11 14:25:16.562 D/dalvikvm( 2306): GC_FOR_ALLOC freed 524K, 76% free 606K/2440K, paused 7ms, total 7ms
07-11 14:25:16.742 D/dalvikvm( 2306): GC_FOR_ALLOC freed 508K, 75% free 610K/2440K, paused 6ms, total 6ms
07-11 14:25:16.945 D/dalvikvm( 2306): GC_FOR_ALLOC freed 491K, 75% free 631K/2440K, paused 7ms, total 7ms
07-11 14:25:17.140 D/dalvikvm( 2306): GC_FOR_ALLOC freed 511K, 75% free 632K/2440K, paused 7ms, total 7ms
07-11 14:25:17.344 D/dalvikvm( 2306): GC_FOR_ALLOC freed 525K, 75% free 619K/2440K, paused 6ms, total 7ms
07-11 14:25:17.539 D/dalvikvm( 2306): GC_FOR_ALLOC freed 524K, 76% free 607K/2440K, paused 6ms, total 7ms
07-11 14:25:17.719 D/dalvikvm( 2306): GC_FOR_ALLOC freed 491K, 75% free 627K/2440K, paused 7ms, total 7ms
07-11 14:25:17.906 D/dalvikvm( 2306): GC_FOR_ALLOC freed 507K, 75% free 631K/2440K, paused 6ms, total 7ms
07-11 14:25:18.101 D/dalvikvm( 2306): GC_FOR_ALLOC freed 510K, 75% free 632K/2440K, paused 6ms, total 6ms
07-11 14:25:18.289 D/dalvikvm( 2306): GC_FOR_ALLOC freed 524K, 75% free 620K/2440K, paused 6ms, total 6ms
07-11 14:25:18.476 D/dalvikvm( 2306): GC_FOR_ALLOC freed 525K, 76% free 607K/2440K, paused 6ms, total 6ms
07-11 14:25:18.679 D/dalvikvm( 2306): GC_FOR_ALLOC freed 508K, 75% free 610K/2440K, paused 7ms, total 8ms
07-11 14:25:18.734 V/PanelView(  450): animationTick called with dtms=0; nothing to do (h=594.0 v=1732.806)
07-11 14:25:18.734 V/PanelView(  450): animationTick called with dtms=-13; nothing to do (h=594.0 v=1732.806)
07-11 14:25:19.789 D/dalvikvm( 2306): GC_FOR_ALLOC freed 526K, 76% free 596K/2440K, paused 7ms, total 7ms
07-11 14:25:20.539 D/dalvikvm( 2306): GC_FOR_ALLOC freed 350K, 69% free 757K/2440K, paused 8ms, total 8ms
07-11 14:25:20.773 D/dalvikvm( 2306): GC_FOR_ALLOC freed 532K, 70% free 736K/2440K, paused 6ms, total 6ms
07-11 14:25:20.828 I/QueryController( 2306): Matched selector: UiSelector[TEXT=] <<==>> [android.view.accessibility.AccessibilityNodeInfo@7781b; boundsInParent: Rect(0, 0 - 434, 43); boundsInScreen: Rect(147, 251 - 581, 294); packageName: com.pekall.emdm; className: android.widget.TextView; text: ; contentDescription: null; viewIdResName: com.pekall.emdm:id/market_notify_app_name; checkable: false; checked: false; focusable: false; focused: false; selected: false; clickable: false; longClickable: false; enabled: true; password: false; scrollable: false; [ACTION_SELECT, ACTION_CLEAR_SELECTION, ACTION_ACCESSIBILITY_FOCUS, ACTION_NEXT_AT_MOVEMENT_GRANULARITY, ACTION_PREVIOUS_AT_MOVEMENT_GRANULARITY, ACTION_SET_SELECTION]]
07-11 14:25:20.844 I/AndroidRuntime( 2306): VM exiting with result code 0.
07-11 14:25:22.890 D/AndroidRuntime( 2391): 
07-11 14:25:22.890 D/AndroidRuntime( 2391): >>>>>> AndroidRuntime START com.android.internal.os.RuntimeInit <<<<<<
07-11 14:25:22.890 D/AndroidRuntime( 2391): CheckJNI is OFF
07-11 14:25:22.906 D/dalvikvm( 2391): Trying to load lib libjavacore.so 0x0
07-11 14:25:22.914 D/dalvikvm( 2391): Added shared lib libjavacore.so 0x0
07-11 14:25:22.929 D/dalvikvm( 2391): Trying to load lib libnativehelper.so 0x0
07-11 14:25:22.929 D/dalvikvm( 2391): Added shared lib libnativehelper.so 0x0
07-11 14:25:23.179 D/AndroidRuntime( 2391): Calling main entry com.android.commands.uiautomator.Launcher
07-11 14:25:23.219 E/UiDevice( 2391): Exceuting watcher: ANRWatcher
07-11 14:25:23.219 E/UiDevice( 2391): java.lang.RuntimeException: UiDevice not initialized
07-11 14:25:23.219 E/UiDevice( 2391): 	at com.android.uiautomator.core.UiDevice.getAutomatorBridge(UiDevice.java:87)
07-11 14:25:23.219 E/UiDevice( 2391): 	at com.android.uiautomator.core.UiDevice.wakeUp(UiDevice.java:719)
07-11 14:25:23.219 E/UiDevice( 2391): 	at com.pekall.test.mdmui.util.UiANRWatcher.checkForCondition(UiANRWatcher.java:23)
07-11 14:25:23.219 E/UiDevice( 2391): 	at com.android.uiautomator.core.UiDevice.runWatchers(UiDevice.java:554)
07-11 14:25:23.219 E/UiDevice( 2391): 	at com.pekall.test.mdmui.util.UiANRWatcher.run(UiANRWatcher.java:41)
07-11 14:25:23.219 E/UiDevice( 2391): 	at com.pekall.test.mdmui.App.<clinit>(App.java:24)
07-11 14:25:23.219 E/UiDevice( 2391): 	at java.lang.Class.newInstanceImpl(Native Method)
07-11 14:25:23.219 E/UiDevice( 2391): 	at java.lang.Class.newInstance(Class.java:1130)
07-11 14:25:23.219 E/UiDevice( 2391): 	at com.android.uiautomator.testrunner.TestCaseCollector.addSingleTestMethod(TestCaseCollector.java:110)
07-11 14:25:23.219 E/UiDevice( 2391): 	at com.android.uiautomator.testrunner.TestCaseCollector.addTestClass(TestCaseCollector.java:86)
07-11 14:25:23.219 E/UiDevice( 2391): 	at com.android.uiautomator.testrunner.TestCaseCollector.addTestClass(TestCaseCollector.java:72)
07-11 14:25:23.219 E/UiDevice( 2391): 	at com.android.uiautomator.testrunner.TestCaseCollector.addTestClasses(TestCaseCollector.java:53)
07-11 14:25:23.219 E/UiDevice( 2391): 	at com.android.uiautomator.testrunner.UiAutomatorTestRunner.start(UiAutomatorTestRunner.java:106)
07-11 14:25:23.219 E/UiDevice( 2391): 	at com.android.uiautomator.testrunner.UiAutomatorTestRunner.run(UiAutomatorTestRunner.java:96)
07-11 14:25:23.219 E/UiDevice( 2391): 	at com.android.commands.uiautomator.RunTestCommand.run(RunTestCommand.java:91)
07-11 14:25:23.219 E/UiDevice( 2391): 	at com.android.commands.uiautomator.Launcher.main(Launcher.java:83)
07-11 14:25:23.219 E/UiDevice( 2391): 	at com.android.internal.os.RuntimeInit.nativeFinishInit(Native Method)
07-11 14:25:23.219 E/UiDevice( 2391): 	at com.android.internal.os.RuntimeInit.main(RuntimeInit.java:235)
07-11 14:25:23.219 E/UiDevice( 2391): 	at dalvik.system.NativeStart.main(Native Method)
07-11 14:25:23.234 D/dalvikvm( 2391): Note: class Landroid/app/ActivityManagerNative; has 163 unimplemented (abstract) methods
07-11 14:25:23.914 I/QueryController( 2391): Matched selector: UiSelector[TEXT=, CLASS=android.widget.TextView] <<==>> [android.view.accessibility.AccessibilityNodeInfo@7781b; boundsInParent: Rect(0, 0 - 434, 43); boundsInScreen: Rect(147, 251 - 581, 294); packageName: com.pekall.emdm; className: android.widget.TextView; text: ; contentDescription: null; viewIdResName: com.pekall.emdm:id/market_notify_app_name; checkable: false; checked: false; focusable: false; focused: false; selected: false; clickable: false; longClickable: false; enabled: true; password: false; scrollable: false; [ACTION_SELECT, ACTION_CLEAR_SELECTION, ACTION_ACCESSIBILITY_FOCUS, ACTION_NEXT_AT_MOVEMENT_GRANULARITY, ACTION_PREVIOUS_AT_MOVEMENT_GRANULARITY, ACTION_SET_SELECTION]]
07-11 14:25:23.922 D/InteractionController( 2391): clickAndWaitForNewWindow(364, 272)
07-11 14:25:24.039 I/ActivityManager(  374): START u0 {cmp=com.pekall.emdm/.market.activity.AppListActivity bnds=[0,242][720,370] (has extras)} from pid -1
07-11 14:25:24.039 W/ActivityManager(  374): startActivity called from non-Activity context; forcing Intent.FLAG_ACTIVITY_NEW_TASK for: Intent { cmp=com.pekall.emdm/.market.activity.AppListActivity bnds=[0,242][720,370] (has extras) }
07-11 14:25:24.195 D/dalvikvm(  374): GC_FOR_ALLOC freed 1708K, 29% free 22858K/31960K, paused 98ms, total 100ms
07-11 14:25:24.203 D/MdmApplication( 3259): [null:-1]->onActivityPaused ui.MainActivity , mActivityCount = 3
07-11 14:25:24.203 D/MDM :   ( 3259): [null:-1]->query
07-11 14:25:24.203 W/KeyguardViewMediator(  374): verifyUnlock called when not externally disabled
07-11 14:25:24.203 D/MDM :   ( 3259): [null:-1]->QUERY_PINCODE_CHECK_RESULT
07-11 14:25:24.203 E/Mdm     ( 3259): Call Mdm service's setLastExitTime function
07-11 14:25:24.211 V/PanelView(  450): animationTick called with dtms=0; nothing to do (h=1184.0 v=-4000.0)
07-11 14:25:24.289 D/MdmApplication( 3259): [null:-1]->onActivityStarted market.activity.AppListActivity , mActivityCount = 2
07-11 14:25:24.289 D/MDM :   ( 3259): [null:-1]->query
07-11 14:25:24.297 D/MDM :   ( 3259): [null:-1]->QUERY_PINCODE_CHECK_RESULT
07-11 14:25:24.328 D/DB      ( 3259): query: SQLiteQuery: SELECT * FROM app WHERE type = 51107
07-11 14:25:24.328 D/DB      ( 3259): factory null
07-11 14:25:24.328 D/DB      ( 3259): fillWindow: 0
07-11 14:25:24.328 D/DB      ( 3259): cursor 2
07-11 14:25:24.336 D/mdm_log ( 3259): [null:-1]->has installed by.game.binumbers
07-11 14:25:24.344 D/DB      ( 3259): query: SQLiteQuery: SELECT * FROM app WHERE type = 51106
07-11 14:25:24.344 D/DB      ( 3259): factory null
07-11 14:25:24.351 D/DB      ( 3259): fillWindow: 0
07-11 14:25:24.351 D/DB      ( 3259): cursor 0
07-11 14:25:24.492 D/DB      ( 3259): moveToPos: 0
07-11 14:25:24.492 D/DB      ( 3259): onMove: 0
07-11 14:25:24.492 D/DB      ( 3259): moveToPos: 1
07-11 14:25:24.492 D/DB      ( 3259): onMove: 1
07-11 14:25:24.492 D/DB      ( 3259): moveToPos: 2
07-11 14:25:24.640 I/ActivityManager(  374): Displayed com.pekall.emdm/.market.activity.AppListActivity: +418ms
07-11 14:25:24.820 D/JOBS    ( 1190): Thread-3184: load factor check. true = (0 < 1)|| (0 * 3 < 0 + 0). consumer thread: true
07-11 14:25:24.820 D/JOBS    ( 1190): didn't allow me to die, re-running Thread-3184
07-11 14:25:24.820 D/JOBS    ( 1190): re-running consumer Thread-3184
07-11 14:25:24.851 D/dalvikvm( 1190): GC_CONCURRENT freed 376K, 5% free 9250K/9664K, paused 7ms+4ms, total 37ms
07-11 14:25:26.523 I/AndroidRuntime( 2391): VM exiting with result code 0.
07-11 14:25:28.500 D/dalvikvm(20727): GC_CONCURRENT freed 388K, 8% free 10117K/10920K, paused 4ms+2ms, total 46ms
07-11 14:25:31.312 W/Settings(25429): Setting airplane_mode_on has moved from android.provider.Settings.System to android.provider.Settings.Global, returning read-only value.
07-11 14:25:31.312 W/Settings(25429): Setting mobile_data has moved from android.provider.Settings.Secure to android.provider.Settings.Global.
07-11 14:25:31.312 D/BluetoothAdapter(25429): 1108510848: getState() :  mService = null. Returning STATE_OFF
07-11 14:25:31.320 W/Settings(25429): Setting airplane_mode_on has moved from android.provider.Settings.System to android.provider.Settings.Global, returning read-only value.
07-11 14:25:31.344 W/Settings(25429): Setting airplane_mode_on has moved from android.provider.Settings.System to android.provider.Settings.Global, returning read-only value.
07-11 14:25:31.344 W/Settings(25429): Setting mobile_data has moved from android.provider.Settings.Secure to android.provider.Settings.Global.
07-11 14:25:31.344 D/BluetoothAdapter(25429): 1108510848: getState() :  mService = null. Returning STATE_OFF
