07-11 15:35:43.258 W/MountService(  374): getVolumeState(/mnt/sdcard/SD_CARD): Unknown volume
07-11 15:35:43.258 W/MountService(  374): getVolumeState(/mnt/sdcard/extra_sd): Unknown volume
07-11 15:35:43.258 W/MountService(  374): getVolumeState(/mnt/extrasd_bind): Unknown volume
07-11 15:35:43.265 W/MountService(  374): getVolumeState(/mnt/sdcard/ext_sd): Unknown volume
07-11 15:35:43.265 W/MountService(  374): getVolumeState(/storage/extSdCard): Unknown volume
07-11 15:35:43.265 W/MountService(  374): getVolumeState(/storage/sdcard1): Unknown volume
07-11 15:35:43.265 W/MountService(  374): getVolumeState(/mnt/sdcard/external_SD): Unknown volume
07-11 15:35:43.265 W/MountService(  374): getVolumeState(/mnt/sdcard/external_sd): Unknown volume
07-11 15:35:43.312 D/dalvikvm(15337): GC_CONCURRENT freed 441K, 7% free 9507K/10152K, paused 4ms+3ms, total 39ms
07-11 15:35:43.484 W/MountService(  374): getVolumeState(/storage/emulated/0/external_sd): Unknown volume
07-11 15:35:43.492 W/MountService(  374): getVolumeState(/mnt/sdcard-ext): Unknown volume
07-11 15:35:43.492 W/MountService(  374): getVolumeState(/mnt/ext_sdcard): Unknown volume
07-11 15:35:43.492 W/MountService(  374): getVolumeState(/mnt/sdcard2): Unknown volume
07-11 15:35:43.492 W/MountService(  374): getVolumeState(/mnt/emmc): Unknown volume
07-11 15:35:43.492 W/MountService(  374): getVolumeState(/mnt/extSdCard): Unknown volume
07-11 15:35:43.492 W/MountService(  374): getVolumeState(/mnt/sdcard/SD_CARD): Unknown volume
07-11 15:35:43.492 W/MountService(  374): getVolumeState(/mnt/sdcard/extra_sd): Unknown volume
07-11 15:35:43.500 D/dalvikvm(15337): GC_CONCURRENT freed 490K, 7% free 9528K/10152K, paused 3ms+3ms, total 36ms
07-11 15:35:43.500 D/dalvikvm(15337): WAIT_FOR_CONCURRENT_GC blocked 9ms
07-11 15:35:43.500 D/dalvikvm(15337): WAIT_FOR_CONCURRENT_GC blocked 7ms
07-11 15:35:43.508 D/dalvikvm(15337): WAIT_FOR_CONCURRENT_GC blocked 8ms
07-11 15:35:43.508 W/MountService(  374): getVolumeState(/mnt/extrasd_bind): Unknown volume
07-11 15:35:43.508 W/MountService(  374): getVolumeState(/mnt/sdcard/ext_sd): Unknown volume
07-11 15:35:43.508 W/MountService(  374): getVolumeState(/storage/extSdCard): Unknown volume
07-11 15:35:43.508 W/MountService(  374): getVolumeState(/storage/sdcard1): Unknown volume
07-11 15:35:43.508 W/MountService(  374): getVolumeState(/mnt/sdcard/external_SD): Unknown volume
07-11 15:35:43.515 W/MountService(  374): getVolumeState(/mnt/sdcard/external_sd): Unknown volume
07-11 15:36:27.195 D/MdmService( 3259): [null:-1]->receiver action :com.pekall.mdm.action.MDM_ALARM
07-11 15:36:27.203 D/MdmService( 3259): [null:-1]->keepAliveWithPushServer client is opened:true
07-11 15:36:27.203 D/MDM :   ( 3259): [null:-1]->ping!!!!!!!!!
07-11 15:36:27.211 D/MdmService( 3259): [null:-1]->pushUrl : ws://192.168.10.91:9070/websocket
07-11 15:36:27.211 D/MDM :   ( 3259): [null:-1]->mMdmPushClient is :not null
07-11 15:36:27.211 D/MDM :   ( 3259): [null:-1]->mMdmPushClient opened : opened
07-11 15:36:27.219 D/MDM :   ( 3259): [null:-1]->MSG_WEBSOCKET_PONG
07-11 15:36:31.328 D/dalvikvm(25474): GC_CONCURRENT freed 394K, 16% free 9538K/11260K, paused 2ms+2ms, total 26ms
07-11 15:36:31.422 W/BackupManagerService(  374): dataChanged but no participant pkg='com.android.providers.settings' uid=10079
07-11 15:36:43.508 W/MountService(  374): getVolumeState(/storage/emulated/0/external_sd): Unknown volume
07-11 15:36:43.508 W/MountService(  374): getVolumeState(/mnt/sdcard-ext): Unknown volume
07-11 15:36:43.508 W/MountService(  374): getVolumeState(/mnt/ext_sdcard): Unknown volume
07-11 15:36:43.515 W/MountService(  374): getVolumeState(/mnt/sdcard2): Unknown volume
07-11 15:36:43.515 W/MountService(  374): getVolumeState(/mnt/emmc): Unknown volume
07-11 15:36:43.515 W/MountService(  374): getVolumeState(/mnt/extSdCard): Unknown volume
07-11 15:36:43.515 W/MountService(  374): getVolumeState(/mnt/sdcard/SD_CARD): Unknown volume
07-11 15:36:43.515 W/MountService(  374): getVolumeState(/mnt/sdcard/extra_sd): Unknown volume
07-11 15:36:43.515 W/MountService(  374): getVolumeState(/mnt/extrasd_bind): Unknown volume
07-11 15:36:43.515 W/MountService(  374): getVolumeState(/mnt/sdcard/ext_sd): Unknown volume
07-11 15:36:43.523 W/MountService(  374): getVolumeState(/storage/extSdCard): Unknown volume
07-11 15:36:43.523 W/MountService(  374): getVolumeState(/storage/sdcard1): Unknown volume
07-11 15:36:43.523 W/MountService(  374): getVolumeState(/mnt/sdcard/external_SD): Unknown volume
07-11 15:36:43.523 W/MountService(  374): getVolumeState(/mnt/sdcard/external_sd): Unknown volume
07-11 15:36:43.539 D/dalvikvm(15337): GC_CONCURRENT freed 443K, 7% free 9485K/10152K, paused 6ms+3ms, total 41ms
07-11 15:36:43.539 D/dalvikvm(15337): WAIT_FOR_CONCURRENT_GC blocked 30ms
07-11 15:36:43.539 D/dalvikvm(15337): WAIT_FOR_CONCURRENT_GC blocked 12ms
07-11 15:36:43.687 D/dalvikvm(16175): GC_EXPLICIT freed 154K, 3% free 9178K/9368K, paused 3ms+5ms, total 36ms
07-11 15:36:43.711 D/dalvikvm(  374): GC_CONCURRENT freed 1639K, 24% free 24410K/32108K, paused 4ms+14ms, total 140ms
07-11 15:36:43.765 D/dalvikvm(15337): GC_CONCURRENT freed 405K, 7% free 9481K/10152K, paused 4ms+3ms, total 39ms
07-11 15:36:43.844 W/MountService(  374): getVolumeState(/storage/emulated/0/external_sd): Unknown volume
07-11 15:36:43.844 W/MountService(  374): getVolumeState(/mnt/sdcard-ext): Unknown volume
07-11 15:36:43.844 W/MountService(  374): getVolumeState(/mnt/ext_sdcard): Unknown volume
07-11 15:36:43.844 W/MountService(  374): getVolumeState(/mnt/sdcard2): Unknown volume
07-11 15:36:43.844 W/MountService(  374): getVolumeState(/mnt/emmc): Unknown volume
07-11 15:36:43.844 W/MountService(  374): getVolumeState(/mnt/extSdCard): Unknown volume
07-11 15:36:43.844 W/MountService(  374): getVolumeState(/mnt/sdcard/SD_CARD): Unknown volume
07-11 15:36:43.851 W/MountService(  374): getVolumeState(/mnt/sdcard/extra_sd): Unknown volume
07-11 15:36:43.851 W/MountService(  374): getVolumeState(/mnt/extrasd_bind): Unknown volume
07-11 15:36:43.851 W/MountService(  374): getVolumeState(/mnt/sdcard/ext_sd): Unknown volume
07-11 15:36:43.851 W/MountService(  374): getVolumeState(/storage/extSdCard): Unknown volume
07-11 15:36:43.851 W/MountService(  374): getVolumeState(/storage/sdcard1): Unknown volume
07-11 15:36:43.851 W/MountService(  374): getVolumeState(/mnt/sdcard/external_SD): Unknown volume
07-11 15:36:43.851 W/MountService(  374): getVolumeState(/mnt/sdcard/external_sd): Unknown volume
07-11 15:36:43.890 D/dalvikvm(15337): GC_CONCURRENT freed 456K, 7% free 9493K/10152K, paused 3ms+3ms, total 27ms
07-11 15:37:04.859 W/dashclock_WeatherExten( 1165): Stale or missing last-known location; requesting single coarse location update.
07-11 15:37:05.390 D/dalvikvm( 1165): GC_CONCURRENT freed 474K, 8% free 9208K/9904K, paused 2ms+2ms, total 24ms
07-11 15:37:05.539 D/dalvikvm( 1165): GC_CONCURRENT freed 349K, 7% free 9272K/9904K, paused 3ms+3ms, total 29ms
07-11 15:37:06.344 W/DiskTemporalCache(  565): IOException while writing LRU cache file: open failed: ENOENT (No such file or directory)
07-11 15:37:06.344 W/DiskTemporalCache(  565): IOException while writing LRU cache file: open failed: ENOENT (No such file or directory)
07-11 15:37:06.375 D/dalvikvm(  565): GC_CONCURRENT freed 620K, 7% free 10410K/11152K, paused 8ms+4ms, total 47ms
07-11 15:37:08.094 D/dalvikvm( 1165): GC_FOR_ALLOC freed 436K, 8% free 9208K/9904K, paused 29ms, total 38ms
07-11 15:37:08.140 D/dalvikvm(  450): GC_CONCURRENT freed 1567K, 13% free 15385K/17536K, paused 6ms+23ms, total 117ms
07-11 15:37:35.695 D/JOBS    (14262): Thread-3535: load factor check. true = (0 < 1)|| (0 * 3 < 0 + 0). consumer thread: true
07-11 15:37:35.695 D/JOBS    (14262): didn't allow me to die, re-running Thread-3535
07-11 15:37:35.703 D/JOBS    (14262): re-running consumer Thread-3535
07-11 15:37:43.648 W/MountService(  374): getVolumeState(/storage/emulated/0/external_sd): Unknown volume
07-11 15:37:43.648 W/MountService(  374): getVolumeState(/mnt/sdcard-ext): Unknown volume
07-11 15:37:43.648 W/MountService(  374): getVolumeState(/mnt/ext_sdcard): Unknown volume
07-11 15:37:43.656 W/MountService(  374): getVolumeState(/mnt/sdcard2): Unknown volume
07-11 15:37:43.656 W/MountService(  374): getVolumeState(/mnt/emmc): Unknown volume
07-11 15:37:43.656 W/MountService(  374): getVolumeState(/mnt/extSdCard): Unknown volume
07-11 15:37:43.656 W/MountService(  374): getVolumeState(/mnt/sdcard/SD_CARD): Unknown volume
07-11 15:37:43.656 W/MountService(  374): getVolumeState(/mnt/sdcard/extra_sd): Unknown volume
07-11 15:37:43.656 W/MountService(  374): getVolumeState(/mnt/extrasd_bind): Unknown volume
07-11 15:37:43.656 W/MountService(  374): getVolumeState(/mnt/sdcard/ext_sd): Unknown volume
07-11 15:37:43.656 W/MountService(  374): getVolumeState(/storage/extSdCard): Unknown volume
07-11 15:37:43.664 W/MountService(  374): getVolumeState(/storage/sdcard1): Unknown volume
07-11 15:37:43.664 W/MountService(  374): getVolumeState(/mnt/sdcard/external_SD): Unknown volume
07-11 15:37:43.664 W/MountService(  374): getVolumeState(/mnt/sdcard/external_sd): Unknown volume
07-11 15:37:43.695 D/dalvikvm(15337): GC_CONCURRENT freed 466K, 7% free 9479K/10152K, paused 3ms+2ms, total 36ms
07-11 15:37:43.695 D/dalvikvm(15337): WAIT_FOR_CONCURRENT_GC blocked 17ms
07-11 15:37:43.875 D/dalvikvm(15337): GC_CONCURRENT freed 492K, 7% free 9474K/10152K, paused 3ms+3ms, total 34ms
07-11 15:37:43.890 W/MountService(  374): getVolumeState(/storage/emulated/0/external_sd): Unknown volume
07-11 15:37:43.890 W/MountService(  374): getVolumeState(/mnt/sdcard-ext): Unknown volume
07-11 15:37:43.890 W/MountService(  374): getVolumeState(/mnt/ext_sdcard): Unknown volume
07-11 15:37:43.890 W/MountService(  374): getVolumeState(/mnt/sdcard2): Unknown volume
07-11 15:37:43.890 W/MountService(  374): getVolumeState(/mnt/emmc): Unknown volume
07-11 15:37:43.890 W/MountService(  374): getVolumeState(/mnt/extSdCard): Unknown volume
07-11 15:37:43.890 W/MountService(  374): getVolumeState(/mnt/sdcard/SD_CARD): Unknown volume
07-11 15:37:43.898 W/MountService(  374): getVolumeState(/mnt/sdcard/extra_sd): Unknown volume
07-11 15:37:43.898 W/MountService(  374): getVolumeState(/mnt/extrasd_bind): Unknown volume
07-11 15:37:43.898 W/MountService(  374): getVolumeState(/mnt/sdcard/ext_sd): Unknown volume
07-11 15:37:43.898 W/MountService(  374): getVolumeState(/storage/extSdCard): Unknown volume
07-11 15:37:43.898 W/MountService(  374): getVolumeState(/storage/sdcard1): Unknown volume
07-11 15:37:43.898 W/MountService(  374): getVolumeState(/mnt/sdcard/external_SD): Unknown volume
07-11 15:37:43.898 W/MountService(  374): getVolumeState(/mnt/sdcard/external_sd): Unknown volume
07-11 15:37:43.992 D/dalvikvm(15337): GC_CONCURRENT freed 418K, 7% free 9464K/10152K, paused 4ms+3ms, total 26ms
07-11 15:38:00.320 W/System.err(15128): java.io.FileNotFoundException: /data/data/com.mgyapp.android/files/.cfpaps.i: open failed: ENOENT (No such file or directory)
07-11 15:38:00.328 W/System.err(15128): 	at libcore.io.IoBridge.open(IoBridge.java:409)
07-11 15:38:00.328 W/System.err(15128): 	at java.io.FileInputStream.<init>(FileInputStream.java:78)
07-11 15:38:00.328 W/System.err(15128): 	at android.app.ContextImpl.openFileInput(ContextImpl.java:702)
07-11 15:38:00.328 W/System.err(15128): 	at android.content.ContextWrapper.openFileInput(ContextWrapper.java:173)
07-11 15:38:00.328 W/System.err(15128): 	at com.mgyun.shua.jc.service.f.run(Unknown Source)
07-11 15:38:00.328 W/System.err(15128): 	at com.mgyun.shua.jc.service.CpWorkServer.onHandleIntent(Unknown Source)
07-11 15:38:00.328 W/System.err(15128): 	at android.app.IntentService$ServiceHandler.handleMessage(IntentService.java:65)
07-11 15:38:00.328 W/System.err(15128): 	at android.os.Handler.dispatchMessage(Handler.java:99)
07-11 15:38:00.328 W/System.err(15128): 	at android.os.Looper.loop(Looper.java:137)
07-11 15:38:00.328 W/System.err(15128): 	at android.os.HandlerThread.run(HandlerThread.java:61)
07-11 15:38:00.328 W/System.err(15128): Caused by: libcore.io.ErrnoException: open failed: ENOENT (No such file or directory)
07-11 15:38:00.328 W/System.err(15128): 	at libcore.io.Posix.open(Native Method)
07-11 15:38:00.328 W/System.err(15128): 	at libcore.io.BlockGuardOs.open(BlockGuardOs.java:110)
07-11 15:38:00.328 W/System.err(15128): 	at libcore.io.IoBridge.open(IoBridge.java:393)
07-11 15:38:00.328 W/System.err(15128): 	... 9 more
07-11 15:38:10.328 W/System.err(15128): java.io.FileNotFoundException: /data/data/com.mgyapp.android/files/.cfp.i: open failed: ENOENT (No such file or directory)
07-11 15:38:10.328 W/System.err(15128): 	at libcore.io.IoBridge.open(IoBridge.java:409)
07-11 15:38:10.328 W/System.err(15128): 	at java.io.FileInputStream.<init>(FileInputStream.java:78)
07-11 15:38:10.328 W/System.err(15128): 	at android.app.ContextImpl.openFileInput(ContextImpl.java:702)
07-11 15:38:10.328 W/System.err(15128): 	at android.content.ContextWrapper.openFileInput(ContextWrapper.java:173)
07-11 15:38:10.328 W/System.err(15128): 	at com.mgyun.shua.jc.c.b(Unknown Source)
07-11 15:38:10.328 W/System.err(15128): 	at com.mgyun.shua.jc.d.a(Unknown Source)
07-11 15:38:10.328 W/System.err(15128): 	at com.mgyun.shua.jc.service.CpWorkServer.onHandleIntent(Unknown Source)
07-11 15:38:10.328 W/System.err(15128): 	at android.app.IntentService$ServiceHandler.handleMessage(IntentService.java:65)
07-11 15:38:10.328 W/System.err(15128): 	at android.os.Handler.dispatchMessage(Handler.java:99)
07-11 15:38:10.328 W/System.err(15128): 	at android.os.Looper.loop(Looper.java:137)
07-11 15:38:10.328 W/System.err(15128): 	at android.os.HandlerThread.run(HandlerThread.java:61)
07-11 15:38:10.336 W/System.err(15128): Caused by: libcore.io.ErrnoException: open failed: ENOENT (No such file or directory)
07-11 15:38:10.336 W/System.err(15128): 	at libcore.io.Posix.open(Native Method)
07-11 15:38:10.336 W/System.err(15128): 	at libcore.io.BlockGuardOs.open(BlockGuardOs.java:110)
07-11 15:38:10.336 W/System.err(15128): 	at libcore.io.IoBridge.open(IoBridge.java:393)
07-11 15:38:10.336 W/System.err(15128): 	... 10 more
07-11 15:38:34.969 D/PushService(14262): [null:-1]->receiver action :com.pekall.mdm.action.PUSH_ALARM
07-11 15:38:34.976 D/PushService(14262): [null:-1]->keepAliveWithPushServer client is opened:true
07-11 15:38:34.976 D/PushLib : (14262): [null:-1]->ping!!!!!!!!!
07-11 15:38:34.976 D/PushLib : (14262): [null:-1]->pushClient is :not null
07-11 15:38:34.984 D/PushLib : (14262): [null:-1]->pushClient opened : opened
07-11 15:38:40.000 D/PushLib : (14262): [null:-1]->MSG_WEBSOCKET_PONG
07-11 15:38:43.820 W/MountService(  374): getVolumeState(/storage/emulated/0/external_sd): Unknown volume
07-11 15:38:43.820 W/MountService(  374): getVolumeState(/mnt/sdcard-ext): Unknown volume
07-11 15:38:43.820 W/MountService(  374): getVolumeState(/mnt/ext_sdcard): Unknown volume
07-11 15:38:43.828 W/MountService(  374): getVolumeState(/mnt/sdcard2): Unknown volume
07-11 15:38:43.828 W/MountService(  374): getVolumeState(/mnt/emmc): Unknown volume
07-11 15:38:43.828 W/MountService(  374): getVolumeState(/mnt/extSdCard): Unknown volume
07-11 15:38:43.828 W/MountService(  374): getVolumeState(/mnt/sdcard/SD_CARD): Unknown volume
07-11 15:38:43.836 W/MountService(  374): getVolumeState(/mnt/sdcard/extra_sd): Unknown volume
07-11 15:38:43.836 W/MountService(  374): getVolumeState(/mnt/extrasd_bind): Unknown volume
07-11 15:38:43.844 W/MountService(  374): getVolumeState(/mnt/sdcard/ext_sd): Unknown volume
07-11 15:38:43.844 W/MountService(  374): getVolumeState(/storage/extSdCard): Unknown volume
07-11 15:38:43.844 W/MountService(  374): getVolumeState(/storage/sdcard1): Unknown volume
07-11 15:38:43.844 W/MountService(  374): getVolumeState(/mnt/sdcard/external_SD): Unknown volume
07-11 15:38:43.844 W/MountService(  374): getVolumeState(/mnt/sdcard/external_sd): Unknown volume
07-11 15:38:43.929 D/dalvikvm(15337): GC_CONCURRENT freed 315K, 6% free 9617K/10152K, paused 3ms+5ms, total 36ms
07-11 15:38:44.039 W/MountService(  374): getVolumeState(/storage/emulated/0/external_sd): Unknown volume
07-11 15:38:44.039 W/MountService(  374): getVolumeState(/mnt/sdcard-ext): Unknown volume
07-11 15:38:44.039 W/MountService(  374): getVolumeState(/mnt/ext_sdcard): Unknown volume
07-11 15:38:44.039 W/MountService(  374): getVolumeState(/mnt/sdcard2): Unknown volume
07-11 15:38:44.039 W/MountService(  374): getVolumeState(/mnt/emmc): Unknown volume
07-11 15:38:44.047 W/MountService(  374): getVolumeState(/mnt/extSdCard): Unknown volume
07-11 15:38:44.047 W/MountService(  374): getVolumeState(/mnt/sdcard/SD_CARD): Unknown volume
07-11 15:38:44.047 W/MountService(  374): getVolumeState(/mnt/sdcard/extra_sd): Unknown volume
07-11 15:38:44.047 W/MountService(  374): getVolumeState(/mnt/extrasd_bind): Unknown volume
07-11 15:38:44.047 W/MountService(  374): getVolumeState(/mnt/sdcard/ext_sd): Unknown volume
07-11 15:38:44.047 W/MountService(  374): getVolumeState(/storage/extSdCard): Unknown volume
07-11 15:38:44.047 W/MountService(  374): getVolumeState(/storage/sdcard1): Unknown volume
07-11 15:38:44.047 W/MountService(  374): getVolumeState(/mnt/sdcard/external_SD): Unknown volume
07-11 15:38:44.047 W/MountService(  374): getVolumeState(/mnt/sdcard/external_sd): Unknown volume
07-11 15:38:44.086 D/dalvikvm(15337): GC_CONCURRENT freed 603K, 7% free 9485K/10152K, paused 3ms+3ms, total 24ms
07-11 15:38:58.094 D/dalvikvm(26136): GC_CONCURRENT freed 389K, 5% free 10072K/10520K, paused 10ms+2ms, total 41ms
07-11 15:39:00.523 D/dalvikvm(  565): GC_CONCURRENT freed 349K, 7% free 10457K/11152K, paused 2ms+3ms, total 38ms
07-11 15:39:02.094 D/dalvikvm(  565): GC_CONCURRENT freed 446K, 6% free 10546K/11152K, paused 4ms+4ms, total 35ms
07-11 15:39:02.094 D/dalvikvm(  565): WAIT_FOR_CONCURRENT_GC blocked 24ms
07-11 15:39:02.219 D/dalvikvm(  374): GC_EXPLICIT freed 3155K, 28% free 23335K/32108K, paused 4ms+12ms, total 121ms
07-11 15:39:27.195 D/MdmService( 3259): [null:-1]->receiver action :com.pekall.mdm.action.MDM_ALARM
07-11 15:39:35.703 D/JOBS    (14262): Thread-3535: load factor check. true = (0 < 1)|| (0 * 3 < 0 + 0). consumer thread: true
07-11 15:39:35.703 D/JOBS    (14262): didn't allow me to die, re-running Thread-3535
07-11 15:39:35.703 D/JOBS    (14262): re-running consumer Thread-3535
07-11 15:39:43.969 W/MountService(  374): getVolumeState(/storage/emulated/0/external_sd): Unknown volume
07-11 15:39:43.969 W/MountService(  374): getVolumeState(/mnt/sdcard-ext): Unknown volume
07-11 15:39:43.969 W/MountService(  374): getVolumeState(/mnt/ext_sdcard): Unknown volume
07-11 15:39:43.969 W/MountService(  374): getVolumeState(/mnt/sdcard2): Unknown volume
07-11 15:39:43.976 W/MountService(  374): getVolumeState(/mnt/emmc): Unknown volume
07-11 15:39:43.976 W/MountService(  374): getVolumeState(/mnt/extSdCard): Unknown volume
07-11 15:39:43.976 W/MountService(  374): getVolumeState(/mnt/sdcard/SD_CARD): Unknown volume
07-11 15:39:43.976 W/MountService(  374): getVolumeState(/mnt/sdcard/extra_sd): Unknown volume
07-11 15:39:43.984 W/MountService(  374): getVolumeState(/mnt/extrasd_bind): Unknown volume
07-11 15:39:43.984 W/MountService(  374): getVolumeState(/mnt/sdcard/ext_sd): Unknown volume
07-11 15:39:43.984 W/MountService(  374): getVolumeState(/storage/extSdCard): Unknown volume
07-11 15:39:43.984 W/MountService(  374): getVolumeState(/storage/sdcard1): Unknown volume
07-11 15:39:43.984 W/MountService(  374): getVolumeState(/mnt/sdcard/external_SD): Unknown volume
07-11 15:39:43.984 W/MountService(  374): getVolumeState(/mnt/sdcard/external_sd): Unknown volume
07-11 15:39:44.008 D/dalvikvm(15337): GC_CONCURRENT freed 401K, 7% free 9497K/10152K, paused 3ms+3ms, total 27ms
07-11 15:39:44.008 D/dalvikvm(15337): WAIT_FOR_CONCURRENT_GC blocked 16ms
07-11 15:39:44.008 D/dalvikvm(15337): WAIT_FOR_CONCURRENT_GC blocked 11ms
07-11 15:39:44.187 D/dalvikvm(15337): GC_CONCURRENT freed 467K, 7% free 9527K/10152K, paused 4ms+3ms, total 39ms
07-11 15:39:44.219 W/MountService(  374): getVolumeState(/storage/emulated/0/external_sd): Unknown volume
07-11 15:39:44.219 W/MountService(  374): getVolumeState(/mnt/sdcard-ext): Unknown volume
07-11 15:39:44.219 W/MountService(  374): getVolumeState(/mnt/ext_sdcard): Unknown volume
07-11 15:39:44.219 W/MountService(  374): getVolumeState(/mnt/sdcard2): Unknown volume
07-11 15:39:44.219 W/MountService(  374): getVolumeState(/mnt/emmc): Unknown volume
07-11 15:39:44.226 W/MountService(  374): getVolumeState(/mnt/extSdCard): Unknown volume
07-11 15:39:44.226 W/MountService(  374): getVolumeState(/mnt/sdcard/SD_CARD): Unknown volume
07-11 15:39:44.226 W/MountService(  374): getVolumeState(/mnt/sdcard/extra_sd): Unknown volume
07-11 15:39:44.226 W/MountService(  374): getVolumeState(/mnt/extrasd_bind): Unknown volume
07-11 15:39:44.226 W/MountService(  374): getVolumeState(/mnt/sdcard/ext_sd): Unknown volume
07-11 15:39:44.226 W/MountService(  374): getVolumeState(/storage/extSdCard): Unknown volume
07-11 15:39:44.226 W/MountService(  374): getVolumeState(/storage/sdcard1): Unknown volume
07-11 15:39:44.226 W/MountService(  374): getVolumeState(/mnt/sdcard/external_SD): Unknown volume
07-11 15:39:44.234 W/MountService(  374): getVolumeState(/mnt/sdcard/external_sd): Unknown volume
07-11 15:39:44.289 D/dalvikvm(15337): GC_CONCURRENT freed 444K, 7% free 9489K/10152K, paused 3ms+3ms, total 23ms
07-11 15:39:44.289 D/dalvikvm(15337): WAIT_FOR_CONCURRENT_GC blocked 10ms
07-11 15:39:57.836 D/dalvikvm(13209): GC_FOR_ALLOC freed 454K, 6% free 9192K/9740K, paused 29ms, total 29ms
07-11 15:40:17.992 I/ActivityManager(  374): No longer want com.nd.assistance.ServerService (pid 13209): empty for 1804s
07-11 15:40:18.008 W/ActivityManager(  374): Scheduling restart of crashed service com.nd.assistance/.server.ServerService in 5000ms
07-11 15:40:18.508 D/AndroidRuntime(18679): 
07-11 15:40:18.508 D/AndroidRuntime(18679): >>>>>> AndroidRuntime START com.android.internal.os.RuntimeInit <<<<<<
07-11 15:40:18.508 D/AndroidRuntime(18679): CheckJNI is OFF
07-11 15:40:18.523 D/dalvikvm(18679): Trying to load lib libjavacore.so 0x0
07-11 15:40:18.531 D/dalvikvm(18679): Added shared lib libjavacore.so 0x0
07-11 15:40:18.547 D/dalvikvm(18679): Trying to load lib libnativehelper.so 0x0
07-11 15:40:18.547 D/dalvikvm(18679): Added shared lib libnativehelper.so 0x0
07-11 15:40:18.765 D/AndroidRuntime(18679): Calling main entry com.android.commands.am.Am
07-11 15:40:18.765 D/dalvikvm(18679): Note: class Landroid/app/ActivityManagerNative; has 163 unimplemented (abstract) methods
07-11 15:40:18.789 D/dalvikvm(18690): Late-enabling CheckJNI
07-11 15:40:18.789 I/ActivityManager(  374): Start proc com.nd.assistance for broadcast com.nd.assistance/.controller.DaemonController: pid=18690 uid=10065 gids={50065, 3003, 1015, 1006, 1028}
07-11 15:40:18.804 I/dalvikvm(18690): Turning on JNI app bug workarounds for target SDK version 3...
07-11 15:40:18.844 E/LogCenter(18690): logger_impl_ init
07-11 15:40:18.859 D/AndroidRuntime(18679): Shutting down VM
07-11 15:40:18.859 I/ActivityManager(  374): Start proc com.nd.assistance.ServerService for service com.nd.assistance/.server.ServerService: pid=18703 uid=10065 gids={50065, 3003, 1015, 1006, 1028}
07-11 15:40:18.867 D/jdwp    (18679): Got wake-up signal, bailing out of select
07-11 15:40:18.867 D/dalvikvm(18679): Debugger has detached; object registry had 1 entries
07-11 15:40:18.867 D/dalvikvm(18703): Late-enabling CheckJNI
07-11 15:40:18.883 I/dalvikvm(18703): Turning on JNI app bug workarounds for target SDK version 3...
07-11 15:40:18.914 E/LogCenter(18703): logger_impl_ init
07-11 15:40:18.922 D/com.nd.assistance.server.ServerService(18703): ServerService onCreate()
07-11 15:40:18.929 D/com.nd.assistance.server.ServerService(18703): ServerService onStart()
07-11 15:40:18.929 D/com.nd.assistance.server.ServerService(18703): mIsStarting is false, set mIsStarting = true
07-11 15:40:18.929 D/com.nd.assistance.server.ServerService(18703): startDaemonServer(false)
07-11 15:40:18.937 D/com.nd.assistance.server.ServerService(18703): mDaemonServer == null
07-11 15:40:18.961 E/daemon.k.a(18703): acquireWifiLock()
07-11 15:40:18.969 D/daemon.h.b.b(18703): set mIsStarting = false
07-11 15:40:18.969 D/com.nd.assistance.server.ServerService(18703): ServerService onStart used time: 37
07-11 15:40:18.976 D/com.nd.assistance.server.ServerService(18703): start nio server
07-11 15:40:19.000 D/daemon.h.b.c(18703): SelectReactor run()
07-11 15:40:19.851 E/daemon.c.c(18703): start heartbeat server.
07-11 15:40:39.054 D/dalvikvm(  577): GC_EXPLICIT freed 360K, 7% free 11551K/12348K, paused 5ms+6ms, total 51ms
07-11 15:40:44.164 W/MountService(  374): getVolumeState(/storage/emulated/0/external_sd): Unknown volume
07-11 15:40:44.164 W/MountService(  374): getVolumeState(/mnt/sdcard-ext): Unknown volume
07-11 15:40:44.164 W/MountService(  374): getVolumeState(/mnt/ext_sdcard): Unknown volume
07-11 15:40:44.164 W/MountService(  374): getVolumeState(/mnt/sdcard2): Unknown volume
07-11 15:40:44.164 W/MountService(  374): getVolumeState(/mnt/emmc): Unknown volume
07-11 15:40:44.164 W/MountService(  374): getVolumeState(/mnt/extSdCard): Unknown volume
07-11 15:40:44.164 W/MountService(  374): getVolumeState(/mnt/sdcard/SD_CARD): Unknown volume
07-11 15:40:44.164 W/MountService(  374): getVolumeState(/mnt/sdcard/extra_sd): Unknown volume
07-11 15:40:44.164 W/MountService(  374): getVolumeState(/mnt/extrasd_bind): Unknown volume
07-11 15:40:44.164 W/MountService(  374): getVolumeState(/mnt/sdcard/ext_sd): Unknown volume
07-11 15:40:44.172 W/MountService(  374): getVolumeState(/storage/extSdCard): Unknown volume
07-11 15:40:44.172 W/MountService(  374): getVolumeState(/storage/sdcard1): Unknown volume
07-11 15:40:44.172 W/MountService(  374): getVolumeState(/mnt/sdcard/external_SD): Unknown volume
07-11 15:40:44.172 W/MountService(  374): getVolumeState(/mnt/sdcard/external_sd): Unknown volume
07-11 15:40:44.242 D/dalvikvm(15337): GC_CONCURRENT freed 386K, 6% free 9614K/10152K, paused 3ms+3ms, total 25ms
07-11 15:40:44.250 D/dalvikvm(15337): WAIT_FOR_CONCURRENT_GC blocked 12ms
07-11 15:40:44.406 W/MountService(  374): getVolumeState(/storage/emulated/0/external_sd): Unknown volume
07-11 15:40:44.414 W/MountService(  374): getVolumeState(/mnt/sdcard-ext): Unknown volume
07-11 15:40:44.414 W/MountService(  374): getVolumeState(/mnt/ext_sdcard): Unknown volume
07-11 15:40:44.414 W/MountService(  374): getVolumeState(/mnt/sdcard2): Unknown volume
07-11 15:40:44.414 W/MountService(  374): getVolumeState(/mnt/emmc): Unknown volume
07-11 15:40:44.414 W/MountService(  374): getVolumeState(/mnt/extSdCard): Unknown volume
07-11 15:40:44.414 W/MountService(  374): getVolumeState(/mnt/sdcard/SD_CARD): Unknown volume
07-11 15:40:44.414 W/MountService(  374): getVolumeState(/mnt/sdcard/extra_sd): Unknown volume
07-11 15:40:44.422 W/MountService(  374): getVolumeState(/mnt/extrasd_bind): Unknown volume
07-11 15:40:44.422 W/MountService(  374): getVolumeState(/mnt/sdcard/ext_sd): Unknown volume
07-11 15:40:44.422 W/MountService(  374): getVolumeState(/storage/extSdCard): Unknown volume
07-11 15:40:44.422 W/MountService(  374): getVolumeState(/storage/sdcard1): Unknown volume
07-11 15:40:44.422 W/MountService(  374): getVolumeState(/mnt/sdcard/external_SD): Unknown volume
07-11 15:40:44.422 W/MountService(  374): getVolumeState(/mnt/sdcard/external_sd): Unknown volume
07-11 15:40:44.453 D/dalvikvm(15337): GC_CONCURRENT freed 604K, 7% free 9497K/10152K, paused 2ms+3ms, total 24ms
07-11 15:40:44.453 D/dalvikvm(15337): WAIT_FOR_CONCURRENT_GC blocked 8ms
07-11 15:40:55.578 W/SystemClock(  565): time going backwards: prev 108231255370798(ioctl) vs now 108231254821482(ioctl), tid=1070
07-11 15:41:35.703 D/JOBS    (14262): Thread-3535: load factor check. true = (0 < 1)|| (0 * 3 < 0 + 0). consumer thread: true
07-11 15:41:35.711 D/JOBS    (14262): didn't allow me to die, re-running Thread-3535
07-11 15:41:35.711 D/JOBS    (14262): re-running consumer Thread-3535
07-11 15:41:39.242 D/dalvikvm(18703): GC_FOR_ALLOC freed 324K, 4% free 9109K/9468K, paused 23ms, total 23ms
07-11 15:41:44.265 W/MountService(  374): getVolumeState(/storage/emulated/0/external_sd): Unknown volume
07-11 15:41:44.265 W/MountService(  374): getVolumeState(/mnt/sdcard-ext): Unknown volume
07-11 15:41:44.265 W/MountService(  374): getVolumeState(/mnt/ext_sdcard): Unknown volume
07-11 15:41:44.265 W/MountService(  374): getVolumeState(/mnt/sdcard2): Unknown volume
07-11 15:41:44.273 W/MountService(  374): getVolumeState(/mnt/emmc): Unknown volume
07-11 15:41:44.273 W/MountService(  374): getVolumeState(/mnt/extSdCard): Unknown volume
07-11 15:41:44.273 W/MountService(  374): getVolumeState(/mnt/sdcard/SD_CARD): Unknown volume
07-11 15:41:44.273 W/MountService(  374): getVolumeState(/mnt/sdcard/extra_sd): Unknown volume
07-11 15:41:44.289 W/MountService(  374): getVolumeState(/mnt/extrasd_bind): Unknown volume
07-11 15:41:44.289 W/MountService(  374): getVolumeState(/mnt/sdcard/ext_sd): Unknown volume
07-11 15:41:44.289 W/MountService(  374): getVolumeState(/storage/extSdCard): Unknown volume
07-11 15:41:44.289 W/MountService(  374): getVolumeState(/storage/sdcard1): Unknown volume
07-11 15:41:44.289 W/MountService(  374): getVolumeState(/mnt/sdcard/external_SD): Unknown volume
07-11 15:41:44.297 W/MountService(  374): getVolumeState(/mnt/sdcard/external_sd): Unknown volume
07-11 15:41:44.312 D/dalvikvm(15337): GC_CONCURRENT freed 411K, 7% free 9490K/10152K, paused 6ms+3ms, total 29ms
07-11 15:41:44.312 D/dalvikvm(15337): WAIT_FOR_CONCURRENT_GC blocked 9ms
07-11 15:41:44.312 D/dalvikvm(15337): WAIT_FOR_CONCURRENT_GC blocked 16ms
07-11 15:41:44.484 D/dalvikvm(15337): GC_CONCURRENT freed 477K, 7% free 9468K/10152K, paused 6ms+3ms, total 32ms
07-11 15:41:44.523 W/MountService(  374): getVolumeState(/storage/emulated/0/external_sd): Unknown volume
07-11 15:41:44.523 W/MountService(  374): getVolumeState(/mnt/sdcard-ext): Unknown volume
07-11 15:41:44.523 W/MountService(  374): getVolumeState(/mnt/ext_sdcard): Unknown volume
07-11 15:41:44.531 W/MountService(  374): getVolumeState(/mnt/sdcard2): Unknown volume
07-11 15:41:44.531 W/MountService(  374): getVolumeState(/mnt/emmc): Unknown volume
07-11 15:41:44.531 W/MountService(  374): getVolumeState(/mnt/extSdCard): Unknown volume
07-11 15:41:44.531 W/MountService(  374): getVolumeState(/mnt/sdcard/SD_CARD): Unknown volume
07-11 15:41:44.531 W/MountService(  374): getVolumeState(/mnt/sdcard/extra_sd): Unknown volume
07-11 15:41:44.531 W/MountService(  374): getVolumeState(/mnt/extrasd_bind): Unknown volume
07-11 15:41:44.531 W/MountService(  374): getVolumeState(/mnt/sdcard/ext_sd): Unknown volume
07-11 15:41:44.531 W/MountService(  374): getVolumeState(/storage/extSdCard): Unknown volume
07-11 15:41:44.539 W/MountService(  374): getVolumeState(/storage/sdcard1): Unknown volume
07-11 15:41:44.539 W/MountService(  374): getVolumeState(/mnt/sdcard/external_SD): Unknown volume
07-11 15:41:44.539 W/MountService(  374): getVolumeState(/mnt/sdcard/external_sd): Unknown volume
07-11 15:41:44.594 D/dalvikvm(15337): GC_CONCURRENT freed 408K, 7% free 9474K/10152K, paused 3ms+3ms, total 25ms
07-11 15:42:27.195 D/MdmService( 3259): [null:-1]->receiver action :com.pekall.mdm.action.MDM_ALARM
07-11 15:42:27.203 D/MdmService( 3259): [null:-1]->keepAliveWithPushServer client is opened:true
07-11 15:42:27.203 D/MDM :   ( 3259): [null:-1]->ping!!!!!!!!!
07-11 15:42:27.211 D/MdmService( 3259): [null:-1]->pushUrl : ws://192.168.10.91:9070/websocket
07-11 15:42:27.211 D/MDM :   ( 3259): [null:-1]->mMdmPushClient is :not null
07-11 15:42:27.211 D/MDM :   ( 3259): [null:-1]->mMdmPushClient opened : opened
07-11 15:42:27.211 D/MDM :   ( 3259): [null:-1]->MSG_WEBSOCKET_PONG
07-11 15:42:28.148 D/dalvikvm(  374): GC_EXPLICIT freed 1104K, 28% free 23301K/32108K, paused 8ms+10ms, total 121ms
07-11 15:42:40.390 D/GCM     (  647): Ignoring attempt to send heartbeat on dead connection.
07-11 15:42:44.429 W/MountService(  374): getVolumeState(/storage/emulated/0/external_sd): Unknown volume
07-11 15:42:44.437 W/MountService(  374): getVolumeState(/mnt/sdcard-ext): Unknown volume
07-11 15:42:44.437 W/MountService(  374): getVolumeState(/mnt/ext_sdcard): Unknown volume
07-11 15:42:44.437 W/MountService(  374): getVolumeState(/mnt/sdcard2): Unknown volume
07-11 15:42:44.437 W/MountService(  374): getVolumeState(/mnt/emmc): Unknown volume
07-11 15:42:44.437 W/MountService(  374): getVolumeState(/mnt/extSdCard): Unknown volume
07-11 15:42:44.437 W/MountService(  374): getVolumeState(/mnt/sdcard/SD_CARD): Unknown volume
07-11 15:42:44.437 W/MountService(  374): getVolumeState(/mnt/sdcard/extra_sd): Unknown volume
07-11 15:42:44.445 W/MountService(  374): getVolumeState(/mnt/extrasd_bind): Unknown volume
07-11 15:42:44.445 W/MountService(  374): getVolumeState(/mnt/sdcard/ext_sd): Unknown volume
07-11 15:42:44.445 W/MountService(  374): getVolumeState(/storage/extSdCard): Unknown volume
07-11 15:42:44.445 W/MountService(  374): getVolumeState(/storage/sdcard1): Unknown volume
07-11 15:42:44.445 W/MountService(  374): getVolumeState(/mnt/sdcard/external_SD): Unknown volume
07-11 15:42:44.445 W/MountService(  374): getVolumeState(/mnt/sdcard/external_sd): Unknown volume
07-11 15:42:44.523 D/dalvikvm(15337): GC_CONCURRENT freed 411K, 6% free 9575K/10152K, paused 3ms+3ms, total 29ms
07-11 15:42:44.523 D/dalvikvm(15337): WAIT_FOR_CONCURRENT_GC blocked 9ms
07-11 15:42:44.523 D/dalvikvm(15337): WAIT_FOR_CONCURRENT_GC blocked 17ms
07-11 15:42:44.679 W/MountService(  374): getVolumeState(/storage/emulated/0/external_sd): Unknown volume
07-11 15:42:44.679 W/MountService(  374): getVolumeState(/mnt/sdcard-ext): Unknown volume
07-11 15:42:44.679 W/MountService(  374): getVolumeState(/mnt/ext_sdcard): Unknown volume
07-11 15:42:44.687 W/MountService(  374): getVolumeState(/mnt/sdcard2): Unknown volume
07-11 15:42:44.687 W/MountService(  374): getVolumeState(/mnt/emmc): Unknown volume
07-11 15:42:44.687 W/MountService(  374): getVolumeState(/mnt/extSdCard): Unknown volume
07-11 15:42:44.687 W/MountService(  374): getVolumeState(/mnt/sdcard/SD_CARD): Unknown volume
07-11 15:42:44.695 W/MountService(  374): getVolumeState(/mnt/sdcard/extra_sd): Unknown volume
07-11 15:42:44.695 W/MountService(  374): getVolumeState(/mnt/extrasd_bind): Unknown volume
07-11 15:42:44.695 W/MountService(  374): getVolumeState(/mnt/sdcard/ext_sd): Unknown volume
07-11 15:42:44.703 W/MountService(  374): getVolumeState(/storage/extSdCard): Unknown volume
07-11 15:42:44.703 W/MountService(  374): getVolumeState(/storage/sdcard1): Unknown volume
07-11 15:42:44.703 W/MountService(  374): getVolumeState(/mnt/sdcard/external_SD): Unknown volume
07-11 15:42:44.703 W/MountService(  374): getVolumeState(/mnt/sdcard/external_sd): Unknown volume
07-11 15:42:44.719 D/dalvikvm(15337): GC_CONCURRENT freed 563K, 7% free 9516K/10152K, paused 4ms+3ms, total 33ms
07-11 15:42:44.719 D/dalvikvm(15337): WAIT_FOR_CONCURRENT_GC blocked 10ms
07-11 15:43:00.328 W/System.err(15128): java.io.FileNotFoundException: /data/data/com.mgyapp.android/files/.cfpaps.i: open failed: ENOENT (No such file or directory)
07-11 15:43:00.328 W/System.err(15128): 	at libcore.io.IoBridge.open(IoBridge.java:409)
07-11 15:43:00.328 W/System.err(15128): 	at java.io.FileInputStream.<init>(FileInputStream.java:78)
07-11 15:43:00.328 W/System.err(15128): 	at android.app.ContextImpl.openFileInput(ContextImpl.java:702)
07-11 15:43:00.328 W/System.err(15128): 	at android.content.ContextWrapper.openFileInput(ContextWrapper.java:173)
07-11 15:43:00.328 W/System.err(15128): 	at com.mgyun.shua.jc.service.f.run(Unknown Source)
07-11 15:43:00.328 W/System.err(15128): 	at com.mgyun.shua.jc.service.CpWorkServer.onHandleIntent(Unknown Source)
07-11 15:43:00.328 W/System.err(15128): 	at android.app.IntentService$ServiceHandler.handleMessage(IntentService.java:65)
07-11 15:43:00.328 W/System.err(15128): 	at android.os.Handler.dispatchMessage(Handler.java:99)
07-11 15:43:00.328 W/System.err(15128): 	at android.os.Looper.loop(Looper.java:137)
07-11 15:43:00.328 W/System.err(15128): 	at android.os.HandlerThread.run(HandlerThread.java:61)
07-11 15:43:00.336 W/System.err(15128): Caused by: libcore.io.ErrnoException: open failed: ENOENT (No such file or directory)
07-11 15:43:00.336 W/System.err(15128): 	at libcore.io.Posix.open(Native Method)
07-11 15:43:00.336 W/System.err(15128): 	at libcore.io.BlockGuardOs.open(BlockGuardOs.java:110)
07-11 15:43:00.336 W/System.err(15128): 	at libcore.io.IoBridge.open(IoBridge.java:393)
07-11 15:43:00.336 W/System.err(15128): 	... 9 more
07-11 15:43:02.359 D/dalvikvm(  565): GC_CONCURRENT freed 550K, 6% free 10551K/11208K, paused 4ms+3ms, total 36ms
07-11 15:43:02.359 D/dalvikvm(  565): WAIT_FOR_CONCURRENT_GC blocked 25ms
07-11 15:43:10.328 W/System.err(15128): java.io.FileNotFoundException: /data/data/com.mgyapp.android/files/.cfp.i: open failed: ENOENT (No such file or directory)
07-11 15:43:10.328 W/System.err(15128): 	at libcore.io.IoBridge.open(IoBridge.java:409)
07-11 15:43:10.328 W/System.err(15128): 	at java.io.FileInputStream.<init>(FileInputStream.java:78)
07-11 15:43:10.328 W/System.err(15128): 	at android.app.ContextImpl.openFileInput(ContextImpl.java:702)
07-11 15:43:10.328 W/System.err(15128): 	at android.content.ContextWrapper.openFileInput(ContextWrapper.java:173)
07-11 15:43:10.328 W/System.err(15128): 	at com.mgyun.shua.jc.c.b(Unknown Source)
07-11 15:43:10.336 W/System.err(15128): 	at com.mgyun.shua.jc.d.a(Unknown Source)
07-11 15:43:10.336 W/System.err(15128): 	at com.mgyun.shua.jc.service.CpWorkServer.onHandleIntent(Unknown Source)
07-11 15:43:10.336 W/System.err(15128): 	at android.app.IntentService$ServiceHandler.handleMessage(IntentService.java:65)
07-11 15:43:10.336 W/System.err(15128): 	at android.os.Handler.dispatchMessage(Handler.java:99)
07-11 15:43:10.336 W/System.err(15128): 	at android.os.Looper.loop(Looper.java:137)
07-11 15:43:10.336 W/System.err(15128): 	at android.os.HandlerThread.run(HandlerThread.java:61)
07-11 15:43:10.336 W/System.err(15128): Caused by: libcore.io.ErrnoException: open failed: ENOENT (No such file or directory)
07-11 15:43:10.336 W/System.err(15128): 	at libcore.io.Posix.open(Native Method)
07-11 15:43:10.336 W/System.err(15128): 	at libcore.io.BlockGuardOs.open(BlockGuardOs.java:110)
07-11 15:43:10.336 W/System.err(15128): 	at libcore.io.IoBridge.open(IoBridge.java:393)
07-11 15:43:10.336 W/System.err(15128): 	... 10 more
07-11 15:43:13.664 D/dalvikvm(  833): GC_CONCURRENT freed 1334K, 18% free 12866K/15584K, paused 5ms+6ms, total 67ms
07-11 15:43:13.664 D/dalvikvm(  833): WAIT_FOR_CONCURRENT_GC blocked 29ms
07-11 15:43:34.969 D/PushService(14262): [null:-1]->receiver action :com.pekall.mdm.action.PUSH_ALARM
07-11 15:43:34.969 D/PushService(14262): [null:-1]->keepAliveWithPushServer client is opened:true
07-11 15:43:34.976 D/PushLib : (14262): [null:-1]->ping!!!!!!!!!
07-11 15:43:34.976 D/PushLib : (14262): [null:-1]->pushClient is :not null
07-11 15:43:34.976 D/PushLib : (14262): [null:-1]->pushClient opened : opened
07-11 15:43:35.711 D/JOBS    (14262): Thread-3535: load factor check. true = (0 < 1)|| (0 * 3 < 0 + 0). consumer thread: true
07-11 15:43:35.711 D/JOBS    (14262): didn't allow me to die, re-running Thread-3535
07-11 15:43:35.711 D/JOBS    (14262): re-running consumer Thread-3535
07-11 15:43:39.992 D/PushLib : (14262): [null:-1]->MSG_WEBSOCKET_PONG
07-11 15:43:44.695 D/dalvikvm(15337): GC_FOR_ALLOC freed 386K, 7% free 9477K/10152K, paused 27ms, total 27ms
07-11 15:43:44.703 W/MountService(  374): getVolumeState(/storage/emulated/0/external_sd): Unknown volume
07-11 15:43:44.703 W/MountService(  374): getVolumeState(/mnt/sdcard-ext): Unknown volume
07-11 15:43:44.703 W/MountService(  374): getVolumeState(/mnt/ext_sdcard): Unknown volume
07-11 15:43:44.703 W/MountService(  374): getVolumeState(/mnt/sdcard2): Unknown volume
07-11 15:43:44.703 W/MountService(  374): getVolumeState(/mnt/emmc): Unknown volume
07-11 15:43:44.703 W/MountService(  374): getVolumeState(/mnt/extSdCard): Unknown volume
07-11 15:43:44.703 W/MountService(  374): getVolumeState(/mnt/sdcard/SD_CARD): Unknown volume
07-11 15:43:44.711 W/MountService(  374): getVolumeState(/mnt/sdcard/extra_sd): Unknown volume
07-11 15:43:44.711 W/MountService(  374): getVolumeState(/mnt/extrasd_bind): Unknown volume
07-11 15:43:44.711 W/MountService(  374): getVolumeState(/mnt/sdcard/ext_sd): Unknown volume
07-11 15:43:44.711 W/MountService(  374): getVolumeState(/storage/extSdCard): Unknown volume
07-11 15:43:44.711 W/MountService(  374): getVolumeState(/storage/sdcard1): Unknown volume
07-11 15:43:44.711 W/MountService(  374): getVolumeState(/mnt/sdcard/external_SD): Unknown volume
07-11 15:43:44.711 W/MountService(  374): getVolumeState(/mnt/sdcard/external_sd): Unknown volume
07-11 15:43:44.804 D/dalvikvm(15337): GC_CONCURRENT freed 283K, 6% free 9623K/10152K, paused 3ms+3ms, total 39ms
07-11 15:43:44.929 W/MountService(  374): getVolumeState(/storage/emulated/0/external_sd): Unknown volume
07-11 15:43:44.929 W/MountService(  374): getVolumeState(/mnt/sdcard-ext): Unknown volume
07-11 15:43:44.937 W/MountService(  374): getVolumeState(/mnt/ext_sdcard): Unknown volume
07-11 15:43:44.937 W/MountService(  374): getVolumeState(/mnt/sdcard2): Unknown volume
07-11 15:43:44.937 W/MountService(  374): getVolumeState(/mnt/emmc): Unknown volume
07-11 15:43:44.937 W/MountService(  374): getVolumeState(/mnt/extSdCard): Unknown volume
07-11 15:43:44.937 W/MountService(  374): getVolumeState(/mnt/sdcard/SD_CARD): Unknown volume
07-11 15:43:44.937 W/MountService(  374): getVolumeState(/mnt/sdcard/extra_sd): Unknown volume
07-11 15:43:44.937 W/MountService(  374): getVolumeState(/mnt/extrasd_bind): Unknown volume
07-11 15:43:44.937 W/MountService(  374): getVolumeState(/mnt/sdcard/ext_sd): Unknown volume
07-11 15:43:44.945 W/MountService(  374): getVolumeState(/storage/extSdCard): Unknown volume
07-11 15:43:44.945 W/MountService(  374): getVolumeState(/storage/sdcard1): Unknown volume
07-11 15:43:44.945 W/MountService(  374): getVolumeState(/mnt/sdcard/external_SD): Unknown volume
07-11 15:43:44.945 W/MountService(  374): getVolumeState(/mnt/sdcard/external_sd): Unknown volume
07-11 15:43:44.976 D/dalvikvm(15337): GC_CONCURRENT freed 582K, 7% free 9516K/10152K, paused 4ms+3ms, total 30ms
07-11 15:44:30.719 D/dalvikvm(25429): GC_CONCURRENT freed 379K, 5% free 9721K/10200K, paused 4ms+3ms, total 33ms
07-11 15:44:44.828 W/MountService(  374): getVolumeState(/storage/emulated/0/external_sd): Unknown volume
07-11 15:44:44.828 W/MountService(  374): getVolumeState(/mnt/sdcard-ext): Unknown volume
07-11 15:44:44.828 W/MountService(  374): getVolumeState(/mnt/ext_sdcard): Unknown volume
07-11 15:44:44.828 W/MountService(  374): getVolumeState(/mnt/sdcard2): Unknown volume
07-11 15:44:44.828 W/MountService(  374): getVolumeState(/mnt/emmc): Unknown volume
07-11 15:44:44.828 W/MountService(  374): getVolumeState(/mnt/extSdCard): Unknown volume
07-11 15:44:44.828 W/MountService(  374): getVolumeState(/mnt/sdcard/SD_CARD): Unknown volume
07-11 15:44:44.836 W/MountService(  374): getVolumeState(/mnt/sdcard/extra_sd): Unknown volume
07-11 15:44:44.836 W/MountService(  374): getVolumeState(/mnt/extrasd_bind): Unknown volume
07-11 15:44:44.836 W/MountService(  374): getVolumeState(/mnt/sdcard/ext_sd): Unknown volume
07-11 15:44:44.836 W/MountService(  374): getVolumeState(/storage/extSdCard): Unknown volume
07-11 15:44:44.836 W/MountService(  374): getVolumeState(/storage/sdcard1): Unknown volume
07-11 15:44:44.836 W/MountService(  374): getVolumeState(/mnt/sdcard/external_SD): Unknown volume
07-11 15:44:44.844 W/MountService(  374): getVolumeState(/mnt/sdcard/external_sd): Unknown volume
07-11 15:44:44.883 D/dalvikvm(15337): GC_FOR_ALLOC freed 422K, 7% free 9469K/10152K, paused 25ms, total 25ms
07-11 15:44:45.023 D/dalvikvm(16175): GC_EXPLICIT freed 230K, 3% free 9194K/9464K, paused 2ms+5ms, total 30ms
07-11 15:44:45.094 D/dalvikvm(15337): GC_CONCURRENT freed 408K, 6% free 9545K/10152K, paused 4ms+6ms, total 34ms
07-11 15:44:45.101 W/MountService(  374): getVolumeState(/storage/emulated/0/external_sd): Unknown volume
07-11 15:44:45.101 W/MountService(  374): getVolumeState(/mnt/sdcard-ext): Unknown volume
07-11 15:44:45.101 W/MountService(  374): getVolumeState(/mnt/ext_sdcard): Unknown volume
07-11 15:44:45.101 W/MountService(  374): getVolumeState(/mnt/sdcard2): Unknown volume
07-11 15:44:45.101 W/MountService(  374): getVolumeState(/mnt/emmc): Unknown volume
07-11 15:44:45.109 W/MountService(  374): getVolumeState(/mnt/extSdCard): Unknown volume
07-11 15:44:45.109 W/MountService(  374): getVolumeState(/mnt/sdcard/SD_CARD): Unknown volume
07-11 15:44:45.109 W/MountService(  374): getVolumeState(/mnt/sdcard/extra_sd): Unknown volume
07-11 15:44:45.109 W/MountService(  374): getVolumeState(/mnt/extrasd_bind): Unknown volume
07-11 15:44:45.109 W/MountService(  374): getVolumeState(/mnt/sdcard/ext_sd): Unknown volume
07-11 15:44:45.109 W/MountService(  374): getVolumeState(/storage/extSdCard): Unknown volume
07-11 15:44:45.109 W/MountService(  374): getVolumeState(/storage/sdcard1): Unknown volume
07-11 15:44:45.109 W/MountService(  374): getVolumeState(/mnt/sdcard/external_SD): Unknown volume
07-11 15:44:45.109 W/MountService(  374): getVolumeState(/mnt/sdcard/external_sd): Unknown volume
07-11 15:44:45.211 D/dalvikvm(15337): GC_FOR_ALLOC freed 466K, 7% free 9444K/10152K, paused 20ms, total 20ms
07-11 15:45:01.695 V/DigitalWidgetViewsFactory(17176): DigitalWidget sets next alarm string to null
07-11 15:45:03.125 D/dalvikvm(26136): GC_CONCURRENT freed 385K, 5% free 10072K/10516K, paused 4ms+2ms, total 38ms
07-11 15:45:27.195 D/MdmService( 3259): [null:-1]->receiver action :com.pekall.mdm.action.MDM_ALARM
07-11 15:45:27.203 D/MdmStatusManager( 3259): [null:-1]->change status to : Busy
07-11 15:45:27.203 D/DB      ( 3259): query: SQLiteQuery: SELECT content, command_status, status FROM command WHERE status!=2
07-11 15:45:27.203 D/DB      ( 3259): factory null
07-11 15:45:27.203 D/DB      ( 3259): fillWindow: 0
07-11 15:45:27.211 D/DB      ( 3259): cursor 0
07-11 15:45:27.211 D/DB      ( 3259): moveToPos: 0
07-11 15:45:27.211 I/TransInfo( 3259): TransInfo created, id: 3, class: class com.pekall.emdm.transaction.b.c
07-11 15:45:27.211 D/NetworkThread( 3259): [null:-1]->----isRunning-----true
07-11 15:45:27.211 D/NetworkThread( 3259): [null:-1]->----isRunning-----true
07-11 15:45:27.211 D/NetworkThread( 3259): [null:-1]->thread wakeup
07-11 15:45:27.219 D/HttpClient( 3259): enable apache.http debug
07-11 15:45:27.219 V/DEBUG   ( 3259): HTTP 0
07-11 15:45:27.406 V/DEBUG   ( 3259): HTTP 1
07-11 15:45:27.414 D/NetworkThread( 3259): [null:-1]->queue is empty, thread wait...
07-11 15:45:27.515 D/MdmService( 3259): [null:-1]->handleCheckInResult
07-11 15:45:27.515 D/MdmService( 3259): [null:-1]->handleCheckInResult result keyIndex: 3
07-11 15:45:27.515 D/HandleCommandTask( 3259): [null:-1]->execute command msg but beanBase is null
07-11 15:45:27.515 D/MdmStatusManager( 3259): [null:-1]->change status to : Idle
07-11 15:45:35.719 D/JOBS    (14262): Thread-3535: load factor check. true = (0 < 1)|| (0 * 3 < 0 + 0). consumer thread: true
07-11 15:45:35.719 D/JOBS    (14262): didn't allow me to die, re-running Thread-3535
07-11 15:45:35.726 D/JOBS    (14262): re-running consumer Thread-3535
07-11 15:45:45.015 W/MountService(  374): getVolumeState(/storage/emulated/0/external_sd): Unknown volume
07-11 15:45:45.015 W/MountService(  374): getVolumeState(/mnt/sdcard-ext): Unknown volume
07-11 15:45:45.015 W/MountService(  374): getVolumeState(/mnt/ext_sdcard): Unknown volume
07-11 15:45:45.015 W/MountService(  374): getVolumeState(/mnt/sdcard2): Unknown volume
07-11 15:45:45.015 W/MountService(  374): getVolumeState(/mnt/emmc): Unknown volume
07-11 15:45:45.023 W/MountService(  374): getVolumeState(/mnt/extSdCard): Unknown volume
07-11 15:45:45.023 W/MountService(  374): getVolumeState(/mnt/sdcard/SD_CARD): Unknown volume
07-11 15:45:45.023 W/MountService(  374): getVolumeState(/mnt/sdcard/extra_sd): Unknown volume
07-11 15:45:45.023 W/MountService(  374): getVolumeState(/mnt/extrasd_bind): Unknown volume
07-11 15:45:45.023 W/MountService(  374): getVolumeState(/mnt/sdcard/ext_sd): Unknown volume
07-11 15:45:45.023 W/MountService(  374): getVolumeState(/storage/extSdCard): Unknown volume
07-11 15:45:45.031 W/MountService(  374): getVolumeState(/storage/sdcard1): Unknown volume
07-11 15:45:45.031 W/MountService(  374): getVolumeState(/mnt/sdcard/external_SD): Unknown volume
07-11 15:45:45.031 W/MountService(  374): getVolumeState(/mnt/sdcard/external_sd): Unknown volume
07-11 15:45:45.094 D/dalvikvm(15337): GC_CONCURRENT freed 407K, 7% free 9487K/10152K, paused 5ms+2ms, total 44ms
07-11 15:45:45.265 D/dalvikvm(  374): GC_EXPLICIT freed 1052K, 28% free 23300K/32108K, paused 4ms+11ms, total 118ms
07-11 15:45:45.375 W/MountService(  374): getVolumeState(/storage/emulated/0/external_sd): Unknown volume
07-11 15:45:45.375 W/MountService(  374): getVolumeState(/mnt/sdcard-ext): Unknown volume
07-11 15:45:45.375 W/MountService(  374): getVolumeState(/mnt/ext_sdcard): Unknown volume
07-11 15:45:45.375 W/MountService(  374): getVolumeState(/mnt/sdcard2): Unknown volume
07-11 15:45:45.375 W/MountService(  374): getVolumeState(/mnt/emmc): Unknown volume
07-11 15:45:45.383 W/MountService(  374): getVolumeState(/mnt/extSdCard): Unknown volume
07-11 15:45:45.383 W/MountService(  374): getVolumeState(/mnt/sdcard/SD_CARD): Unknown volume
07-11 15:45:45.383 W/MountService(  374): getVolumeState(/mnt/sdcard/extra_sd): Unknown volume
