07-11 15:52:31.320 D/DB      ( 3259): moveToPos: 0
07-11 15:52:31.320 I/TransInfo( 3259): TransInfo created, id: 3, class: class com.pekall.emdm.transaction.b.c
07-11 15:52:31.320 D/NetworkThread( 3259): [null:-1]->----isRunning-----true
07-11 15:52:31.320 D/NetworkThread( 3259): [null:-1]->----isRunning-----true
07-11 15:52:31.320 D/NetworkThread( 3259): [null:-1]->thread wakeup
07-11 15:52:31.320 D/HttpClient( 3259): enable apache.http debug
07-11 15:52:31.328 V/DEBUG   ( 3259): HTTP 0
07-11 15:52:32.109 V/DEBUG   ( 3259): HTTP 1
07-11 15:52:32.125 D/MDM :   ( 3259): [null:-1]->read network input stream
07-11 15:52:32.133 D/CheckInTransInfo( 3259): [null:-1]->CommandMsg : CommandMsg{CommandUUID='8a8088bf471a79ec01472468ddfb503b', Command=CommandRemoveApp{Identifier='by.game.binumbers', fromMarket=true}}
07-11 15:52:32.133 D/DB      ( 3259): query: SQLiteQuery: SELECT * FROM command WHERE cmd_uuid='8a8088bf471a79ec01472468ddfb503b'
07-11 15:52:32.133 D/DB      ( 3259): factory null
07-11 15:52:32.133 D/DB      ( 3259): fillWindow: 0
07-11 15:52:32.133 D/DB      ( 3259): cursor 0
07-11 15:52:32.172 D/NetworkThread( 3259): [null:-1]->queue is empty, thread wait...
07-11 15:52:32.273 D/MdmService( 3259): [null:-1]->handleCheckInResult
07-11 15:52:32.273 D/MdmService( 3259): [null:-1]->handleCheckInResult result keyIndex: 3
07-11 15:52:32.273 D/CommandManager( 3259): [null:-1]->execute command: CommandMsg{CommandUUID='8a8088bf471a79ec01472468ddfb503b', Command=CommandRemoveApp{Identifier='by.game.binumbers', fromMarket=true}}
07-11 15:52:32.273 D/TEST_ALL( 3259): [null:-1]->REQ_TYPE_RM_APP
07-11 15:52:32.304 I/ActivityManager(  374): START u0 {act=android.intent.action.DELETE dat=package:by.game.binumbers flg=0x10000000 cmp=com.android.packageinstaller/.UninstallerActivity} from pid 3259
07-11 15:52:32.336 D/DB      ( 3259): query: SQLiteQuery: SELECT * FROM app WHERE type = 51107
07-11 15:52:32.336 D/DB      ( 3259): factory null
07-11 15:52:32.336 D/DB      ( 3259): fillWindow: 0
07-11 15:52:32.336 D/DB      ( 3259): cursor 1
07-11 15:52:32.344 D/DB      ( 3259): query: SQLiteQuery: SELECT * FROM app WHERE readStatus =0
07-11 15:52:32.344 D/DB      ( 3259): factory null
07-11 15:52:32.344 D/DB      ( 3259): fillWindow: 0
07-11 15:52:32.344 D/DB      ( 3259): cursor 0
07-11 15:52:32.344 E/Mdm     ( 3259): Call Mdm service's recordIconCount function
07-11 15:52:32.359 D/DB      ( 3259): moveToPos: 0
07-11 15:52:32.367 D/DB      ( 3259): onMove: 0
07-11 15:52:32.367 D/DB      ( 3259): moveToPos: 1
07-11 15:52:32.453 I/TransInfo( 3259): TransInfo created, id: 3, class: class com.pekall.emdm.transaction.b.c
07-11 15:52:32.453 D/NetworkThread( 3259): [null:-1]->----isRunning-----true
07-11 15:52:32.453 D/NetworkThread( 3259): [null:-1]->----isRunning-----true
07-11 15:52:32.453 D/NetworkThread( 3259): [null:-1]->thread wakeup
07-11 15:52:32.453 D/HttpClient( 3259): enable apache.http debug
07-11 15:52:32.461 V/DEBUG   ( 3259): HTTP 0
07-11 15:52:32.570 I/ActivityManager(  374): Displayed com.android.packageinstaller/.UninstallerActivity: +260ms
07-11 15:52:33.359 V/DEBUG   ( 3259): HTTP 1
07-11 15:52:33.367 D/MdmDatabaseHelper( 3259): [null:-1]->update command 8a8088bf471a79ec01472468ddfb503b to status executed
07-11 15:52:33.398 D/NetworkThread( 3259): [null:-1]->queue is empty, thread wait...
07-11 15:52:33.422 D/dalvikvm(  565): GC_CONCURRENT freed 347K, 7% free 10431K/11212K, paused 3ms+3ms, total 38ms
07-11 15:52:33.469 D/MdmService( 3259): [null:-1]->handleCheckInResult
07-11 15:52:33.469 D/MdmService( 3259): [null:-1]->handleCheckInResult result keyIndex: 3
07-11 15:52:33.469 D/HandleCommandTask( 3259): [null:-1]->execute command msg but beanBase is null
07-11 15:52:33.469 D/MdmStatusManager( 3259): [null:-1]->change status to : Idle
07-11 15:52:34.492 D/dalvikvm(  565): GC_CONCURRENT freed 441K, 7% free 10517K/11212K, paused 3ms+4ms, total 35ms
07-11 15:52:34.492 D/dalvikvm(  565): WAIT_FOR_CONCURRENT_GC blocked 25ms
07-11 15:52:35.656 I/ActivityManager(  374): Start proc com.dragon.android.pandaspace:bdservice_v1 for service com.dragon.android.pandaspace/com.baidu.android.moplus.MoPlusService: pid=20340 uid=10081 gids={50081, 1015, 3003, 1006, 1028}
07-11 15:52:35.672 I/dalvikvm(20340): Turning on JNI app bug workarounds for target SDK version 8...
07-11 15:52:35.742 D/dalvikvm(20340): Trying to load lib /data/app-lib/com.dragon.android.pandaspace-1/libroot.so 0x4207e800
07-11 15:52:35.742 D/dalvikvm(20340): Added shared lib /data/app-lib/com.dragon.android.pandaspace-1/libroot.so 0x4207e800
07-11 15:52:35.742 I/RootJni (20340): JNI_OnLoad......
07-11 15:52:35.922 D/dalvikvm(20340): GC_CONCURRENT freed 272K, 4% free 9043K/9352K, paused 5ms+2ms, total 31ms
07-11 15:52:36.023 D/dalvikvm(20340): GC_CONCURRENT freed 332K, 4% free 9186K/9564K, paused 2ms+3ms, total 33ms
07-11 15:52:36.117 D/dalvikvm(20340): GC_CONCURRENT freed 249K, 3% free 9444K/9728K, paused 2ms+3ms, total 21ms
07-11 15:52:36.117 D/dalvikvm(20340): WAIT_FOR_CONCURRENT_GC blocked 9ms
07-11 15:52:36.172 D/dalvikvm(20340): GC_CONCURRENT freed 372K, 5% free 9542K/9992K, paused 2ms+2ms, total 21ms
07-11 15:52:36.172 D/dalvikvm(20340): WAIT_FOR_CONCURRENT_GC blocked 12ms
07-11 15:52:36.226 D/dalvikvm(20340): GC_CONCURRENT freed 434K, 5% free 9597K/10092K, paused 2ms+2ms, total 21ms
07-11 15:52:36.226 D/dalvikvm(20340): WAIT_FOR_CONCURRENT_GC blocked 9ms
07-11 15:52:36.258 I/dalvikvm(20340): Failed resolving Lcom/baidu/android/nebula/util/BDLocationManager$BaiduLocationListener; interface 1167 'Lcom/baidu/location/BDLocationListener;'
07-11 15:52:36.258 W/dalvikvm(20340): Link of class 'Lcom/baidu/android/nebula/util/BDLocationManager$BaiduLocationListener;' failed
07-11 15:52:36.265 W/dalvikvm(20340): VFY: unable to find class referenced in signature (Lcom/baidu/location/LocationClient;)
07-11 15:52:36.265 I/dalvikvm(20340): Failed resolving Lcom/baidu/android/nebula/util/BDLocationManager$BaiduLocationListener; interface 1167 'Lcom/baidu/location/BDLocationListener;'
07-11 15:52:36.265 W/dalvikvm(20340): Link of class 'Lcom/baidu/android/nebula/util/BDLocationManager$BaiduLocationListener;' failed
07-11 15:52:36.265 I/dalvikvm(20340): Failed resolving Lcom/baidu/android/nebula/util/BDLocationManager$BaiduLocationListener; interface 1167 'Lcom/baidu/location/BDLocationListener;'
07-11 15:52:36.265 W/dalvikvm(20340): Link of class 'Lcom/baidu/android/nebula/util/BDLocationManager$BaiduLocationListener;' failed
07-11 15:52:36.265 I/dalvikvm(20340): Could not find method com.baidu.location.LocationClient.unRegisterLocationListener, referenced from method com.baidu.android.nebula.util.BDLocationManager.d
07-11 15:52:36.265 W/dalvikvm(20340): VFY: unable to resolve virtual method 7875: Lcom/baidu/location/LocationClient;.unRegisterLocationListener (Lcom/baidu/location/BDLocationListener;)V
07-11 15:52:36.265 D/dalvikvm(20340): VFY: replacing opcode 0x6e at 0x0012
07-11 15:52:36.265 E/dalvikvm(20340): Could not find class 'com.baidu.location.LocationClient', referenced from method com.baidu.android.nebula.util.BDLocationManager.e
07-11 15:52:36.265 W/dalvikvm(20340): VFY: unable to resolve new-instance 1168 (Lcom/baidu/location/LocationClient;) in Lcom/baidu/android/nebula/util/BDLocationManager;
07-11 15:52:36.273 D/dalvikvm(20340): VFY: replacing opcode 0x22 at 0x0000
07-11 15:52:36.273 E/dalvikvm(20340): Could not find class 'com.baidu.location.LocationClientOption', referenced from method com.baidu.android.nebula.util.BDLocationManager.f
07-11 15:52:36.273 W/dalvikvm(20340): VFY: unable to resolve new-instance 1169 (Lcom/baidu/location/LocationClientOption;) in Lcom/baidu/android/nebula/util/BDLocationManager;
07-11 15:52:36.273 D/dalvikvm(20340): VFY: replacing opcode 0x22 at 0x0000
07-11 15:52:36.273 W/dalvikvm(20340): VFY: unable to find class referenced in signature (Lcom/baidu/location/LocationClientOption;)
07-11 15:52:36.273 I/dalvikvm(20340): Could not find method com.baidu.location.LocationClientOption.setOpenGps, referenced from method com.baidu.android.nebula.util.BDLocationManager.a
07-11 15:52:36.273 W/dalvikvm(20340): VFY: unable to resolve virtual method 7879: Lcom/baidu/location/LocationClientOption;.setOpenGps (Z)V
07-11 15:52:36.273 D/dalvikvm(20340): VFY: replacing opcode 0x6e at 0x0009
07-11 15:52:36.273 D/dalvikvm(20340): DexOpt: unable to opt direct call 0x1ebc at 0x04 in Lcom/baidu/android/nebula/util/BDLocationManager;.e
07-11 15:52:36.273 I/dalvikvm(20340): Failed resolving Lcom/baidu/android/nebula/util/BDLocationManager$BaiduLocationListener; interface 1167 'Lcom/baidu/location/BDLocationListener;'
07-11 15:52:36.273 W/dalvikvm(20340): Link of class 'Lcom/baidu/android/nebula/util/BDLocationManager$BaiduLocationListener;' failed
07-11 15:52:36.273 D/dalvikvm(20340): DexOpt: unable to opt direct call 0x1cca at 0x0b in Lcom/baidu/android/nebula/util/BDLocationManager;.e
07-11 15:52:36.273 D/dalvikvm(20340): DexOpt: unable to opt direct call 0x1ec4 at 0x02 in Lcom/baidu/android/nebula/util/BDLocationManager;.f
07-11 15:52:36.320 D/dalvikvm(20340): GC_CONCURRENT freed 741K, 8% free 9347K/10128K, paused 3ms+4ms, total 25ms
07-11 15:52:36.422 D/dalvikvm(20340): GC_CONCURRENT freed 113K, 4% free 9745K/10128K, paused 2ms+3ms, total 25ms
07-11 15:52:36.422 D/dalvikvm(20340): WAIT_FOR_CONCURRENT_GC blocked 15ms
07-11 15:52:42.140 D/AndroidRuntime(20380): 
07-11 15:52:42.140 D/AndroidRuntime(20380): >>>>>> AndroidRuntime START com.android.internal.os.RuntimeInit <<<<<<
07-11 15:52:42.140 D/AndroidRuntime(20380): CheckJNI is OFF
07-11 15:52:42.156 D/dalvikvm(20380): Trying to load lib libjavacore.so 0x0
07-11 15:52:42.172 D/dalvikvm(20380): Added shared lib libjavacore.so 0x0
07-11 15:52:42.187 D/dalvikvm(20380): Trying to load lib libnativehelper.so 0x0
07-11 15:52:42.187 D/dalvikvm(20380): Added shared lib libnativehelper.so 0x0
07-11 15:52:42.211 I/dalvikvm(20380): DexOpt: source file mod time mismatch (44eb7bf4 vs 44eb7e63)
07-11 15:52:42.211 D/dalvikvm(20380): ODEX file is stale or bad; removing and retrying (/data/local/tmp/dalvik-cache/data@local@tmp@MDMMobileTest.jar@classes.dex)
07-11 15:52:42.219 D/dalvikvm(20380): DexOpt: --- BEGIN 'MDMMobileTest.jar' (bootstrap=0) ---
07-11 15:52:42.273 D/dalvikvm(20381): DexOpt: load 8ms, verify+opt 4ms, 124100 bytes
07-11 15:52:42.297 D/dalvikvm(20380): DexOpt: --- END 'MDMMobileTest.jar' (success) ---
07-11 15:52:42.297 D/dalvikvm(20380): DEX prep '/data/local/tmp/MDMMobileTest.jar': unzip in 3ms, rewrite 81ms
07-11 15:52:42.515 D/AndroidRuntime(20380): Calling main entry com.android.commands.uiautomator.Launcher
07-11 15:52:42.554 E/UiDevice(20380): Exceuting watcher: ANRWatcher
07-11 15:52:42.554 E/UiDevice(20380): java.lang.RuntimeException: UiDevice not initialized
07-11 15:52:42.554 E/UiDevice(20380): 	at com.android.uiautomator.core.UiDevice.getAutomatorBridge(UiDevice.java:87)
07-11 15:52:42.554 E/UiDevice(20380): 	at com.android.uiautomator.core.UiDevice.wakeUp(UiDevice.java:719)
07-11 15:52:42.554 E/UiDevice(20380): 	at com.pekall.test.mdmui.util.UiANRWatcher.checkForCondition(UiANRWatcher.java:23)
07-11 15:52:42.554 E/UiDevice(20380): 	at com.android.uiautomator.core.UiDevice.runWatchers(UiDevice.java:554)
07-11 15:52:42.554 E/UiDevice(20380): 	at com.pekall.test.mdmui.util.UiANRWatcher.run(UiANRWatcher.java:41)
07-11 15:52:42.554 E/UiDevice(20380): 	at com.pekall.test.mdmui.App.<clinit>(App.java:24)
07-11 15:52:42.554 E/UiDevice(20380): 	at java.lang.Class.newInstanceImpl(Native Method)
07-11 15:52:42.554 E/UiDevice(20380): 	at java.lang.Class.newInstance(Class.java:1130)
07-11 15:52:42.554 E/UiDevice(20380): 	at com.android.uiautomator.testrunner.TestCaseCollector.addSingleTestMethod(TestCaseCollector.java:110)
07-11 15:52:42.554 E/UiDevice(20380): 	at com.android.uiautomator.testrunner.TestCaseCollector.addTestClass(TestCaseCollector.java:86)
07-11 15:52:42.554 E/UiDevice(20380): 	at com.android.uiautomator.testrunner.TestCaseCollector.addTestClass(TestCaseCollector.java:72)
07-11 15:52:42.554 E/UiDevice(20380): 	at com.android.uiautomator.testrunner.TestCaseCollector.addTestClasses(TestCaseCollector.java:53)
07-11 15:52:42.554 E/UiDevice(20380): 	at com.android.uiautomator.testrunner.UiAutomatorTestRunner.start(UiAutomatorTestRunner.java:106)
07-11 15:52:42.554 E/UiDevice(20380): 	at com.android.uiautomator.testrunner.UiAutomatorTestRunner.run(UiAutomatorTestRunner.java:96)
07-11 15:52:42.554 E/UiDevice(20380): 	at com.android.commands.uiautomator.RunTestCommand.run(RunTestCommand.java:91)
07-11 15:52:42.554 E/UiDevice(20380): 	at com.android.commands.uiautomator.Launcher.main(Launcher.java:83)
07-11 15:52:42.554 E/UiDevice(20380): 	at com.android.internal.os.RuntimeInit.nativeFinishInit(Native Method)
07-11 15:52:42.554 E/UiDevice(20380): 	at com.android.internal.os.RuntimeInit.main(RuntimeInit.java:235)
07-11 15:52:42.554 E/UiDevice(20380): 	at dalvik.system.NativeStart.main(Native Method)
07-11 15:52:42.570 D/dalvikvm(20380): Note: class Landroid/app/ActivityManagerNative; has 163 unimplemented (abstract) methods
07-11 15:52:42.640 I/PowerManagerService(  374): Waking up from sleep...
07-11 15:52:42.797 I/WindowManager(  374): Lock screen displayed!
07-11 15:52:42.992 D/PowerManagerService-JNI(  374): Excessive delay in autosuspend_disable() while turning screen on: 348ms
07-11 15:52:43.000 D/SurfaceFlinger(  124): Screen acquired, type=0 flinger=0x400b4008
07-11 15:52:43.039 D/dalvikvm(  833): GC_CONCURRENT freed 1342K, 18% free 12858K/15584K, paused 16ms+12ms, total 168ms
07-11 15:52:43.047 D/dalvikvm(  833): WAIT_FOR_CONCURRENT_GC blocked 97ms
07-11 15:52:43.148 D/LightsService(  374): Excessive delay setting light: 142ms
07-11 15:52:43.515 D/dalvikvm(  374): GC_EXPLICIT freed 2841K, 30% free 22784K/32108K, paused 4ms+35ms, total 381ms
07-11 15:52:43.539 V/DigitalWidgetViewsFactory(17176): DigitalWidget sets next alarm string to null
07-11 15:52:43.586 D/AndroidRuntime(20412): 
07-11 15:52:43.586 D/AndroidRuntime(20412): >>>>>> AndroidRuntime START com.android.internal.os.RuntimeInit <<<<<<
07-11 15:52:43.586 D/AndroidRuntime(20412): CheckJNI is OFF
07-11 15:52:43.601 D/dalvikvm(20412): Trying to load lib libjavacore.so 0x0
07-11 15:52:43.609 D/dalvikvm(20412): Added shared lib libjavacore.so 0x0
07-11 15:52:43.625 D/dalvikvm(20412): Trying to load lib libnativehelper.so 0x0
07-11 15:52:43.625 D/dalvikvm(20412): Added shared lib libnativehelper.so 0x0
07-11 15:52:43.937 D/AndroidRuntime(20412): Calling main entry com.qihoo360.powerctl.root.app.App
07-11 15:52:43.937 D/AndroidRuntime(20412): Shutting down VM
07-11 15:52:43.937 D/jdwp    (20412): Got wake-up signal, bailing out of select
07-11 15:52:43.937 D/dalvikvm(20412): Debugger has detached; object registry had 1 entries
07-11 15:52:43.953 I/AndroidRuntime(20412): NOTE: attach of thread 'Binder_2' failed
07-11 15:52:44.008 D/dalvikvm(  565): GC_CONCURRENT freed 545K, 7% free 10528K/11212K, paused 22ms+3ms, total 71ms
07-11 15:52:44.008 D/dalvikvm(  565): WAIT_FOR_CONCURRENT_GC blocked 36ms
07-11 15:52:44.672 I/QueryController(20380): Matched selector: UiSelector[DESCRIPTION=] <<==>> [android.view.accessibility.AccessibilityNodeInfo@31c2dc; boundsInParent: Rect(0, 0 - 720, 756); boundsInScreen: Rect(0, 547 - 720, 1303); packageName: android; className: android.view.View; text: null; contentDescription: ; viewIdResName: android:id/glow_pad_view; checkable: false; checked: false; focusable: false; focused: false; selected: false; clickable: false; longClickable: false; enabled: true; password: false; scrollable: false; [ACTION_SELECT, ACTION_CLEAR_SELECTION, ACTION_ACCESSIBILITY_FOCUS, ACTION_NEXT_AT_MOVEMENT_GRANULARITY, ACTION_PREVIOUS_AT_MOVEMENT_GRANULARITY, ACTION_SET_SELECTION]]
07-11 15:52:44.679 W/GlowPadView(  374): The number of target drawables must be equal to the number of direction descriptions.
07-11 15:52:45.015 D/MdmApplication( 3259): [null:-1]->onActivityStarted market.activity.AppListActivity , mActivityCount = 1
07-11 15:52:45.015 D/MDM :   ( 3259): [null:-1]->query
07-11 15:52:45.015 D/MDM :   ( 3259): [null:-1]->QUERY_PINCODE_CHECK_RESULT
07-11 15:52:45.062 D/PhoneStatusBar(  450): disable: < expand icons alerts ticker system_info BACK HOME recent* CLOCK search >
07-11 15:52:45.078 D/AlarmManagerService(  374): Kernel timezone updated to -480 minutes west of GMT
07-11 15:52:45.140 D/PhoneStatusBar(  450): disable: < expand icons alerts ticker system_info back* home* recent clock* search >
07-11 15:52:45.148 D/NfcService(  592): NFC-C ON
07-11 15:52:45.390 D/dalvikvm(20727): GC_CONCURRENT freed 590K, 9% free 10051K/10996K, paused 6ms+5ms, total 105ms
07-11 15:52:45.476 I/RootJni (20433): su: permission denied
07-11 15:52:45.562 V/TAG     (  374): bug 7643792: fitSystemWindows([0,50][0,0])
07-11 15:52:45.664 D/AndroidRuntime(20432): 
07-11 15:52:45.664 D/AndroidRuntime(20432): >>>>>> AndroidRuntime START com.android.internal.os.RuntimeInit <<<<<<
07-11 15:52:45.664 D/AndroidRuntime(20432): CheckJNI is OFF
07-11 15:52:45.679 D/dalvikvm(20432): Trying to load lib libjavacore.so 0x0
07-11 15:52:45.687 D/dalvikvm(20432): Added shared lib libjavacore.so 0x0
07-11 15:52:45.703 D/dalvikvm(20432): Trying to load lib libnativehelper.so 0x0
07-11 15:52:45.703 D/dalvikvm(20432): Added shared lib libnativehelper.so 0x0
07-11 15:52:45.867 W/MountService(  374): getVolumeState(/storage/emulated/0/external_sd): Unknown volume
07-11 15:52:45.867 W/MountService(  374): getVolumeState(/mnt/sdcard-ext): Unknown volume
07-11 15:52:45.867 W/MountService(  374): getVolumeState(/mnt/ext_sdcard): Unknown volume
07-11 15:52:45.875 W/MountService(  374): getVolumeState(/mnt/sdcard2): Unknown volume
07-11 15:52:45.875 W/MountService(  374): getVolumeState(/mnt/emmc): Unknown volume
07-11 15:52:45.883 W/MountService(  374): getVolumeState(/mnt/extSdCard): Unknown volume
07-11 15:52:45.883 W/MountService(  374): getVolumeState(/mnt/sdcard/SD_CARD): Unknown volume
07-11 15:52:45.890 W/MountService(  374): getVolumeState(/mnt/sdcard/extra_sd): Unknown volume
07-11 15:52:45.898 W/MountService(  374): getVolumeState(/mnt/extrasd_bind): Unknown volume
07-11 15:52:45.898 W/MountService(  374): getVolumeState(/mnt/sdcard/ext_sd): Unknown volume
07-11 15:52:45.898 W/MountService(  374): getVolumeState(/storage/extSdCard): Unknown volume
07-11 15:52:45.898 W/MountService(  374): getVolumeState(/storage/sdcard1): Unknown volume
07-11 15:52:45.898 W/MountService(  374): getVolumeState(/mnt/sdcard/external_SD): Unknown volume
07-11 15:52:45.906 W/MountService(  374): getVolumeState(/mnt/sdcard/external_sd): Unknown volume
07-11 15:52:45.961 I/ActivityManager(  374): Process android.process.acore (pid 17232) has died.
07-11 15:52:45.992 D/AndroidRuntime(20432): Calling main entry com.qihoo360.powerctl.root.app.App
07-11 15:52:45.992 D/AndroidRuntime(20432): Shutting down VM
07-11 15:52:45.992 D/dalvikvm(20432): Debugger has detached; object registry had 1 entries
07-11 15:52:45.992 I/AndroidRuntime(20432): NOTE: attach of thread 'Binder_1' failed
07-11 15:52:46.039 I/ActivityManager(  374): Start proc android.process.acore for content provider com.android.providers.contacts/.ContactsProvider2: pid=20443 uid=10000 gids={50000, 3003, 1015, 1028}
07-11 15:52:46.054 D/dalvikvm(15337): GC_CONCURRENT freed 343K, 6% free 9622K/10152K, paused 5ms+6ms, total 43ms
07-11 15:52:46.242 D/dalvikvm(20443): GC_CONCURRENT freed 216K, 3% free 9208K/9460K, paused 4ms+5ms, total 39ms
07-11 15:52:46.242 D/dalvikvm(20443): WAIT_FOR_CONCURRENT_GC blocked 10ms
07-11 15:52:46.586 D/dalvikvm(17472): GC_CONCURRENT freed 1229K, 9% free 13189K/14452K, paused 3ms+5ms, total 70ms
07-11 15:52:46.898 I/ContactLocale(20443): AddressBook Labels [zh_CN]: [, A, B, C, D, E, F, G, H, I, J, K, L, M, N, O, P, Q, R, S, T, U, V, W, X, Y, Z, , , , , , , , , , , , , , , , , , , , , , , , , , , , , , , , , , , , , , , , , , , , , , , , , , , , , , , , , , , , , , , , , , , , , , , , , , , , , , , , , , , , , , , , , , , , , , , , , , , , , , , , , , , , , , , , , , , , , , , , , , , , , , , , , , , , , , , , , , , , , , , , , , , , , , , , , , , , #, ]
07-11 15:52:47.156 D/dalvikvm(  577): GC_EXPLICIT freed 425K, 7% free 11552K/12348K, paused 2ms+12ms, total 79ms
07-11 15:52:47.390 W/MountService(  374): getVolumeState(/storage/emulated/0/external_sd): Unknown volume
07-11 15:52:47.390 W/MountService(  374): getVolumeState(/mnt/sdcard-ext): Unknown volume
07-11 15:52:47.398 W/MountService(  374): getVolumeState(/mnt/ext_sdcard): Unknown volume
07-11 15:52:47.406 W/MountService(  374): getVolumeState(/mnt/sdcard2): Unknown volume
07-11 15:52:47.406 W/MountService(  374): getVolumeState(/mnt/emmc): Unknown volume
07-11 15:52:47.406 W/MountService(  374): getVolumeState(/mnt/extSdCard): Unknown volume
07-11 15:52:47.414 W/MountService(  374): getVolumeState(/mnt/sdcard/SD_CARD): Unknown volume
07-11 15:52:47.414 W/MountService(  374): getVolumeState(/mnt/sdcard/extra_sd): Unknown volume
07-11 15:52:47.414 W/MountService(  374): getVolumeState(/mnt/extrasd_bind): Unknown volume
07-11 15:52:47.422 W/MountService(  374): getVolumeState(/mnt/sdcard/ext_sd): Unknown volume
07-11 15:52:47.422 W/MountService(  374): getVolumeState(/storage/extSdCard): Unknown volume
07-11 15:52:47.422 W/MountService(  374): getVolumeState(/storage/sdcard1): Unknown volume
07-11 15:52:47.422 W/MountService(  374): getVolumeState(/mnt/sdcard/external_SD): Unknown volume
07-11 15:52:47.429 W/MountService(  374): getVolumeState(/mnt/sdcard/external_sd): Unknown volume
07-11 15:52:47.492 D/dalvikvm(15337): GC_CONCURRENT freed 616K, 7% free 9497K/10152K, paused 13ms+15ms, total 61ms
07-11 15:52:47.492 D/dalvikvm(15337): WAIT_FOR_CONCURRENT_GC blocked 29ms
07-11 15:52:47.617 D/dalvikvm(20443): GC_CONCURRENT freed 185K, 3% free 9411K/9632K, paused 5ms+4ms, total 38ms
07-11 15:52:48.859 D/dalvikvm(20380): GC_FOR_ALLOC freed 7579K, 93% free 612K/8192K, paused 35ms, total 35ms
07-11 15:52:49.047 D/dalvikvm(20380): GC_FOR_ALLOC freed 517K, 57% free 606K/1408K, paused 10ms, total 10ms
07-11 15:52:49.219 D/dalvikvm(20380): GC_FOR_ALLOC freed 514K, 58% free 603K/1408K, paused 6ms, total 6ms
07-11 15:52:49.398 D/dalvikvm(20380): GC_FOR_ALLOC freed 514K, 58% free 600K/1408K, paused 6ms, total 6ms
07-11 15:52:49.476 D/dalvikvm(17472): GC_CONCURRENT freed 1367K, 10% free 13136K/14536K, paused 5ms+8ms, total 48ms
07-11 15:52:49.594 D/dalvikvm(20380): GC_FOR_ALLOC freed 514K, 58% free 598K/1408K, paused 6ms, total 7ms
07-11 15:52:49.765 D/dalvikvm(20380): GC_FOR_ALLOC freed 509K, 58% free 600K/1408K, paused 5ms, total 5ms
07-11 15:52:49.945 D/dalvikvm(20380): GC_FOR_ALLOC freed 512K, 58% free 600K/1408K, paused 6ms, total 6ms
07-11 15:52:50.125 D/dalvikvm(20380): GC_FOR_ALLOC freed 513K, 58% free 598K/1408K, paused 6ms, total 6ms
07-11 15:52:50.297 D/dalvikvm(20380): GC_FOR_ALLOC freed 504K, 57% free 606K/1408K, paused 6ms, total 6ms
07-11 15:52:50.461 D/dalvikvm(20380): GC_FOR_ALLOC freed 509K, 57% free 608K/1408K, paused 7ms, total 7ms
07-11 15:52:50.633 D/dalvikvm(20380): GC_FOR_ALLOC freed 512K, 57% free 607K/1408K, paused 6ms, total 6ms
07-11 15:52:50.812 D/dalvikvm(20380): GC_FOR_ALLOC freed 514K, 58% free 605K/1408K, paused 6ms, total 6ms
07-11 15:52:50.984 D/dalvikvm(20380): GC_FOR_ALLOC freed 514K, 58% free 602K/1408K, paused 6ms, total 6ms
07-11 15:52:51.156 D/dalvikvm(20380): GC_FOR_ALLOC freed 514K, 58% free 599K/1408K, paused 6ms, total 6ms
07-11 15:52:51.320 D/dalvikvm(20380): GC_FOR_ALLOC freed 513K, 58% free 598K/1408K, paused 5ms, total 6ms
07-11 15:52:51.492 D/dalvikvm(20380): GC_FOR_ALLOC freed 510K, 58% free 600K/1408K, paused 6ms, total 6ms
07-11 15:52:51.664 D/dalvikvm(20380): GC_FOR_ALLOC freed 511K, 58% free 600K/1408K, paused 5ms, total 6ms
07-11 15:52:51.844 D/dalvikvm(20380): GC_FOR_ALLOC freed 507K, 58% free 604K/1408K, paused 5ms, total 5ms
07-11 15:52:52.008 D/dalvikvm(20380): GC_FOR_ALLOC freed 509K, 57% free 606K/1408K, paused 6ms, total 6ms
07-11 15:52:52.140 D/dalvikvm(17472): GC_CONCURRENT freed 1302K, 10% free 13129K/14536K, paused 4ms+3ms, total 37ms
07-11 15:52:52.187 D/dalvikvm(20380): GC_FOR_ALLOC freed 509K, 57% free 608K/1408K, paused 6ms, total 6ms
07-11 15:52:52.367 D/dalvikvm(20380): GC_FOR_ALLOC freed 514K, 57% free 606K/1408K, paused 6ms, total 7ms
07-11 15:52:52.547 D/dalvikvm(20380): GC_FOR_ALLOC freed 514K, 58% free 604K/1408K, paused 6ms, total 8ms
07-11 15:52:52.726 D/dalvikvm(20380): GC_FOR_ALLOC freed 514K, 58% free 601K/1408K, paused 6ms, total 7ms
07-11 15:52:52.906 D/dalvikvm(20380): GC_FOR_ALLOC freed 514K, 58% free 598K/1408K, paused 6ms, total 7ms
07-11 15:52:53.086 D/dalvikvm(20380): GC_FOR_ALLOC freed 506K, 58% free 604K/1408K, paused 7ms, total 7ms
07-11 15:52:53.265 D/dalvikvm(20380): GC_FOR_ALLOC freed 516K, 58% free 599K/1408K, paused 6ms, total 6ms
07-11 15:52:53.437 D/dalvikvm(20380): GC_FOR_ALLOC freed 511K, 58% free 599K/1408K, paused 6ms, total 6ms
07-11 15:52:53.617 D/dalvikvm(20380): GC_FOR_ALLOC freed 506K, 58% free 605K/1408K, paused 6ms, total 6ms
07-11 15:52:53.789 D/dalvikvm(20380): GC_FOR_ALLOC freed 509K, 57% free 607K/1408K, paused 5ms, total 5ms
07-11 15:52:53.961 D/dalvikvm(20380): GC_FOR_ALLOC freed 510K, 57% free 609K/1408K, paused 6ms, total 6ms
07-11 15:52:54.133 D/dalvikvm(20380): GC_FOR_ALLOC freed 514K, 57% free 606K/1408K, paused 6ms, total 6ms
07-11 15:52:54.312 D/dalvikvm(20380): GC_FOR_ALLOC freed 514K, 58% free 603K/1408K, paused 6ms, total 7ms
07-11 15:52:54.476 D/dalvikvm(20380): GC_FOR_ALLOC freed 514K, 58% free 601K/1408K, paused 6ms, total 6ms
07-11 15:52:54.648 D/dalvikvm(20380): GC_FOR_ALLOC freed 514K, 58% free 598K/1408K, paused 6ms, total 6ms
07-11 15:52:54.812 D/dalvikvm(20380): GC_FOR_ALLOC freed 512K, 58% free 598K/1408K, paused 6ms, total 6ms
07-11 15:52:54.851 D/dalvikvm(17472): GC_CONCURRENT freed 1289K, 10% free 13128K/14536K, paused 1ms+3ms, total 32ms
07-11 15:52:54.992 D/dalvikvm(20380): GC_FOR_ALLOC freed 510K, 58% free 599K/1408K, paused 5ms, total 5ms
07-11 15:52:55.156 D/dalvikvm(20380): GC_FOR_ALLOC freed 512K, 58% free 598K/1408K, paused 6ms, total 6ms
07-11 15:52:55.336 D/dalvikvm(20380): GC_FOR_ALLOC freed 505K, 58% free 604K/1408K, paused 6ms, total 6ms
07-11 15:52:55.500 D/dalvikvm(20380): GC_FOR_ALLOC freed 509K, 57% free 607K/1408K, paused 6ms, total 6ms
07-11 15:52:55.679 D/dalvikvm(20380): GC_FOR_ALLOC freed 511K, 57% free 608K/1408K, paused 6ms, total 7ms
07-11 15:52:55.851 D/dalvikvm(20380): GC_FOR_ALLOC freed 514K, 57% free 605K/1408K, paused 6ms, total 6ms
07-11 15:52:56.023 D/dalvikvm(20380): GC_FOR_ALLOC freed 514K, 58% free 603K/1408K, paused 6ms, total 6ms
07-11 15:52:56.195 D/dalvikvm(20380): GC_FOR_ALLOC freed 514K, 58% free 600K/1408K, paused 6ms, total 6ms
07-11 15:52:56.367 D/dalvikvm(20380): GC_FOR_ALLOC freed 514K, 58% free 597K/1408K, paused 6ms, total 6ms
07-11 15:52:56.539 D/dalvikvm(20380): GC_FOR_ALLOC freed 509K, 58% free 600K/1408K, paused 6ms, total 6ms
07-11 15:52:56.695 D/dalvikvm(20380): GC_FOR_ALLOC freed 505K, 57% free 606K/1408K, paused 7ms, total 7ms
07-11 15:52:56.867 D/dalvikvm(20380): GC_FOR_ALLOC freed 513K, 58% free 604K/1408K, paused 6ms, total 6ms
07-11 15:52:57.031 D/dalvikvm(20380): GC_FOR_ALLOC freed 508K, 57% free 607K/1408K, paused 6ms, total 6ms
07-11 15:52:57.203 D/dalvikvm(20380): GC_FOR_ALLOC freed 510K, 57% free 609K/1408K, paused 6ms, total 6ms
07-11 15:52:57.359 D/dalvikvm(20380): GC_FOR_ALLOC freed 514K, 57% free 607K/1408K, paused 5ms, total 6ms
07-11 15:52:57.469 D/dalvikvm(17472): GC_CONCURRENT freed 1289K, 10% free 13129K/14536K, paused 6ms+3ms, total 40ms
07-11 15:52:57.547 D/dalvikvm(20380): GC_FOR_ALLOC freed 514K, 58% free 604K/1408K, paused 6ms, total 6ms
07-11 15:52:57.711 D/dalvikvm(20380): GC_FOR_ALLOC freed 514K, 58% free 601K/1408K, paused 6ms, total 6ms
07-11 15:52:57.883 D/dalvikvm(20380): GC_FOR_ALLOC freed 514K, 58% free 599K/1408K, paused 6ms, total 7ms
07-11 15:52:58.078 D/dalvikvm(20380): GC_FOR_ALLOC freed 512K, 58% free 598K/1408K, paused 6ms, total 6ms
07-11 15:52:58.258 D/dalvikvm(20380): GC_FOR_ALLOC freed 510K, 58% free 599K/1408K, paused 6ms, total 6ms
07-11 15:52:58.429 D/dalvikvm(20380): GC_FOR_ALLOC freed 512K, 58% free 599K/1408K, paused 5ms, total 5ms
07-11 15:52:58.594 D/dalvikvm(20380): GC_FOR_ALLOC freed 506K, 58% free 605K/1408K, paused 6ms, total 6ms
07-11 15:52:58.773 D/dalvikvm(20380): GC_FOR_ALLOC freed 509K, 57% free 608K/1408K, paused 6ms, total 6ms
07-11 15:52:58.945 D/dalvikvm(20380): GC_FOR_ALLOC freed 511K, 57% free 608K/1408K, paused 6ms, total 6ms
07-11 15:52:59.117 D/dalvikvm(20380): GC_FOR_ALLOC freed 514K, 57% free 606K/1408K, paused 6ms, total 6ms
07-11 15:52:59.289 D/dalvikvm(20380): GC_FOR_ALLOC freed 514K, 58% free 603K/1408K, paused 6ms, total 6ms
07-11 15:52:59.461 D/dalvikvm(20380): GC_FOR_ALLOC freed 514K, 58% free 600K/1408K, paused 5ms, total 5ms
07-11 15:52:59.648 D/dalvikvm(20380): GC_FOR_ALLOC freed 514K, 58% free 598K/1408K, paused 6ms, total 14ms
07-11 15:52:59.648 D/dalvikvm(20727): GC_CONCURRENT freed 446K, 7% free 9988K/10652K, paused 3ms+2ms, total 63ms
07-11 15:52:59.812 D/dalvikvm(20380): GC_FOR_ALLOC freed 509K, 58% free 600K/1408K, paused 5ms, total 5ms
07-11 15:52:59.984 D/dalvikvm(20380): GC_FOR_ALLOC freed 511K, 58% free 601K/1408K, paused 6ms, total 6ms
07-11 15:53:00.195 D/dalvikvm(17472): GC_CONCURRENT freed 1287K, 10% free 13129K/14536K, paused 3ms+4ms, total 46ms
07-11 15:53:00.211 D/dalvikvm(20380): GC_FOR_ALLOC freed 514K, 58% free 598K/1408K, paused 6ms, total 6ms
07-11 15:53:00.328 W/System.err(15128): java.io.FileNotFoundException: /data/data/com.mgyapp.android/files/.cfpaps.i: open failed: ENOENT (No such file or directory)
07-11 15:53:00.328 W/System.err(15128): 	at libcore.io.IoBridge.open(IoBridge.java:409)
07-11 15:53:00.328 W/System.err(15128): 	at java.io.FileInputStream.<init>(FileInputStream.java:78)
07-11 15:53:00.328 W/System.err(15128): 	at android.app.ContextImpl.openFileInput(ContextImpl.java:702)
07-11 15:53:00.328 W/System.err(15128): 	at android.content.ContextWrapper.openFileInput(ContextWrapper.java:173)
07-11 15:53:00.328 W/System.err(15128): 	at com.mgyun.shua.jc.service.f.run(Unknown Source)
07-11 15:53:00.328 W/System.err(15128): 	at com.mgyun.shua.jc.service.CpWorkServer.onHandleIntent(Unknown Source)
07-11 15:53:00.328 W/System.err(15128): 	at android.app.IntentService$ServiceHandler.handleMessage(IntentService.java:65)
07-11 15:53:00.328 W/System.err(15128): 	at android.os.Handler.dispatchMessage(Handler.java:99)
07-11 15:53:00.328 W/System.err(15128): 	at android.os.Looper.loop(Looper.java:137)
07-11 15:53:00.328 W/System.err(15128): 	at android.os.HandlerThread.run(HandlerThread.java:61)
07-11 15:53:00.328 W/System.err(15128): Caused by: libcore.io.ErrnoException: open failed: ENOENT (No such file or directory)
07-11 15:53:00.336 W/System.err(15128): 	at libcore.io.Posix.open(Native Method)
07-11 15:53:00.336 W/System.err(15128): 	at libcore.io.BlockGuardOs.open(BlockGuardOs.java:110)
07-11 15:53:00.336 W/System.err(15128): 	at libcore.io.IoBridge.open(IoBridge.java:393)
07-11 15:53:00.336 W/System.err(15128): 	... 9 more
07-11 15:53:00.383 D/dalvikvm(20380): GC_FOR_ALLOC freed 503K, 57% free 607K/1408K, paused 7ms, total 7ms
07-11 15:53:00.554 D/dalvikvm(20380): GC_FOR_ALLOC freed 509K, 57% free 609K/1408K, paused 6ms, total 6ms
07-11 15:53:00.726 D/dalvikvm(20380): GC_FOR_ALLOC freed 513K, 57% free 607K/1408K, paused 6ms, total 6ms
07-11 15:53:00.906 D/dalvikvm(20380): GC_FOR_ALLOC freed 514K, 58% free 604K/1408K, paused 6ms, total 6ms
07-11 15:53:01.078 D/dalvikvm(20380): GC_FOR_ALLOC freed 514K, 58% free 602K/1408K, paused 6ms, total 6ms
07-11 15:53:01.250 D/dalvikvm(20380): GC_FOR_ALLOC freed 514K, 58% free 599K/1408K, paused 6ms, total 6ms
07-11 15:53:01.422 D/dalvikvm(20380): GC_FOR_ALLOC freed 513K, 58% free 598K/1408K, paused 5ms, total 5ms
07-11 15:53:01.594 D/dalvikvm(20380): GC_FOR_ALLOC freed 504K, 57% free 605K/1408K, paused 7ms, total 7ms
07-11 15:53:01.750 D/dalvikvm(20380): GC_FOR_ALLOC freed 517K, 58% free 599K/1408K, paused 5ms, total 5ms
07-11 15:53:01.922 D/dalvikvm(20380): GC_FOR_ALLOC freed 506K, 58% free 604K/1408K, paused 6ms, total 6ms
07-11 15:53:02.101 D/dalvikvm(20380): GC_FOR_ALLOC freed 509K, 57% free 607K/1408K, paused 6ms, total 6ms
07-11 15:53:02.265 D/dalvikvm(20380): GC_FOR_ALLOC freed 510K, 57% free 609K/1408K, paused 6ms, total 6ms
07-11 15:53:02.437 D/dalvikvm(20380): GC_FOR_ALLOC freed 514K, 57% free 606K/1408K, paused 5ms, total 6ms
07-11 15:53:02.617 D/dalvikvm(20380): GC_FOR_ALLOC freed 514K, 58% free 603K/1408K, paused 6ms, total 7ms
07-11 15:53:02.789 D/dalvikvm(20380): GC_FOR_ALLOC freed 514K, 58% free 601K/1408K, paused 6ms, total 7ms
07-11 15:53:02.859 D/dalvikvm(17472): GC_CONCURRENT freed 1294K, 10% free 13130K/14536K, paused 3ms+2ms, total 35ms
07-11 15:53:02.976 D/dalvikvm(20380): GC_FOR_ALLOC freed 514K, 58% free 598K/1408K, paused 6ms, total 7ms
07-11 15:53:03.156 D/dalvikvm(20380): GC_FOR_ALLOC freed 503K, 57% free 606K/1408K, paused 7ms, total 8ms
07-11 15:53:03.336 D/dalvikvm(20380): GC_FOR_ALLOC freed 518K, 58% free 600K/1408K, paused 6ms, total 6ms
07-11 15:53:03.508 D/dalvikvm(20380): GC_FOR_ALLOC freed 513K, 58% free 599K/1408K, paused 6ms, total 7ms
07-11 15:53:03.672 D/dalvikvm(20380): GC_FOR_ALLOC freed 504K, 57% free 606K/1408K, paused 7ms, total 7ms
07-11 15:53:03.844 D/dalvikvm(20380): GC_FOR_ALLOC freed 509K, 57% free 608K/1408K, paused 6ms, total 6ms
07-11 15:53:04.015 D/dalvikvm(20380): GC_FOR_ALLOC freed 512K, 57% free 608K/1408K, paused 5ms, total 6ms
07-11 15:53:04.187 D/dalvikvm(20380): GC_FOR_ALLOC freed 514K, 57% free 605K/1408K, paused 8ms, total 8ms
07-11 15:53:04.344 D/dalvikvm(20380): GC_FOR_ALLOC freed 514K, 58% free 602K/1408K, paused 7ms, total 7ms
07-11 15:53:04.515 D/dalvikvm(20380): GC_FOR_ALLOC freed 514K, 58% free 600K/1408K, paused 6ms, total 6ms
07-11 15:53:04.672 D/dalvikvm(20380): GC_FOR_ALLOC freed 513K, 58% free 598K/1408K, paused 6ms, total 6ms
07-11 15:53:04.851 D/dalvikvm(20380): GC_FOR_ALLOC freed 510K, 58% free 600K/1408K, paused 6ms, total 7ms
07-11 15:53:05.039 D/dalvikvm(20380): GC_FOR_ALLOC freed 511K, 58% free 600K/1408K, paused 5ms, total 6ms
07-11 15:53:05.234 D/dalvikvm(20380): GC_FOR_ALLOC freed 507K, 58% free 604K/1408K, paused 7ms, total 8ms
07-11 15:53:05.398 D/dalvikvm(20380): GC_FOR_ALLOC freed 509K, 57% free 606K/1408K, paused 7ms, total 7ms
07-11 15:53:05.554 D/dalvikvm(17472): GC_CONCURRENT freed 1294K, 10% free 13131K/14536K, paused 3ms+7ms, total 56ms
07-11 15:53:05.594 D/dalvikvm(20380): GC_FOR_ALLOC freed 509K, 57% free 609K/1408K, paused 7ms, total 7ms
07-11 15:53:05.758 D/dalvikvm(20380): GC_FOR_ALLOC freed 514K, 57% free 606K/1408K, paused 5ms, total 6ms
07-11 15:53:05.914 D/dalvikvm(20380): GC_FOR_ALLOC freed 514K, 58% free 604K/1408K, paused 6ms, total 6ms
07-11 15:53:06.078 D/dalvikvm(20380): GC_FOR_ALLOC freed 514K, 58% free 601K/1408K, paused 5ms, total 5ms
07-11 15:53:06.250 D/dalvikvm(20380): GC_FOR_ALLOC freed 514K, 58% free 599K/1408K, paused 6ms, total 6ms
07-11 15:53:06.414 D/dalvikvm(20380): GC_FOR_ALLOC freed 513K, 58% free 597K/1408K, paused 6ms, total 6ms
07-11 15:53:06.586 D/dalvikvm(20380): GC_FOR_ALLOC freed 509K, 58% free 600K/1408K, paused 6ms, total 6ms
07-11 15:53:06.750 D/dalvikvm(20380): GC_FOR_ALLOC freed 512K, 58% free 599K/1408K, paused 6ms, total 6ms
07-11 15:53:06.906 D/dalvikvm(20380): GC_FOR_ALLOC freed 505K, 57% free 605K/1408K, paused 6ms, total 6ms
07-11 15:53:07.070 D/dalvikvm(20380): GC_FOR_ALLOC freed 509K, 57% free 608K/1408K, paused 6ms, total 6ms
07-11 15:53:07.242 D/dalvikvm(20380): GC_FOR_ALLOC freed 511K, 57% free 608K/1408K, paused 6ms, total 6ms
07-11 15:53:07.414 D/dalvikvm(20380): GC_FOR_ALLOC freed 514K, 57% free 605K/1408K, paused 6ms, total 6ms
07-11 15:53:07.586 D/dalvikvm(20380): GC_FOR_ALLOC freed 514K, 58% free 603K/1408K, paused 6ms, total 6ms
07-11 15:53:07.758 D/dalvikvm(20380): GC_FOR_ALLOC freed 514K, 58% free 600K/1408K, paused 6ms, total 6ms
07-11 15:53:07.929 D/dalvikvm(20380): GC_FOR_ALLOC freed 508K, 58% free 604K/1408K, paused 7ms, total 7ms
07-11 15:53:08.125 D/dalvikvm(20380): GC_FOR_ALLOC freed 510K, 57% free 606K/1408K, paused 7ms, total 7ms
07-11 15:53:08.179 D/dalvikvm(17472): GC_CONCURRENT freed 1289K, 10% free 13130K/14536K, paused 3ms+2ms, total 35ms
07-11 15:53:08.312 D/dalvikvm(20380): GC_FOR_ALLOC freed 512K, 57% free 605K/1408K, paused 7ms, total 7ms
07-11 15:53:08.484 D/dalvikvm(20380): GC_FOR_ALLOC freed 513K, 58% free 604K/1408K, paused 7ms, total 7ms
07-11 15:53:08.648 D/dalvikvm(20380): GC_FOR_ALLOC freed 510K, 57% free 606K/1408K, paused 7ms, total 7ms
07-11 15:53:08.812 D/dalvikvm(20380): GC_FOR_ALLOC freed 510K, 57% free 607K/1408K, paused 7ms, total 7ms
07-11 15:53:08.969 D/dalvikvm(20380): GC_FOR_ALLOC freed 512K, 57% free 607K/1408K, paused 5ms, total 6ms
07-11 15:53:09.086 D/LightsService(  374): Excessive delay setting light: 67ms
07-11 15:53:09.156 D/dalvikvm(20380): GC_FOR_ALLOC freed 514K, 58% free 605K/1408K, paused 7ms, total 7ms
07-11 15:53:09.328 D/dalvikvm(20380): GC_FOR_ALLOC freed 514K, 58% free 602K/1408K, paused 5ms, total 6ms
07-11 15:53:09.500 D/dalvikvm(20380): GC_FOR_ALLOC freed 514K, 58% free 600K/1408K, paused 6ms, total 7ms
07-11 15:53:09.672 D/dalvikvm(20380): GC_FOR_ALLOC freed 514K, 58% free 597K/1408K, paused 6ms, total 6ms
07-11 15:53:09.844 D/dalvikvm(20380): GC_FOR_ALLOC freed 508K, 58% free 600K/1408K, paused 6ms, total 6ms
07-11 15:53:10.015 D/dalvikvm(20380): GC_FOR_ALLOC freed 512K, 58% free 600K/1408K, paused 6ms, total 6ms
07-11 15:53:10.195 D/dalvikvm(20380): GC_FOR_ALLOC freed 513K, 58% free 598K/1408K, paused 6ms, total 6ms
07-11 15:53:10.328 W/System.err(15128): java.io.FileNotFoundException: /data/data/com.mgyapp.android/files/.cfp.i: open failed: ENOENT (No such file or directory)
07-11 15:53:10.328 W/System.err(15128): 	at libcore.io.IoBridge.open(IoBridge.java:409)
07-11 15:53:10.328 W/System.err(15128): 	at java.io.FileInputStream.<init>(FileInputStream.java:78)
07-11 15:53:10.328 W/System.err(15128): 	at android.app.ContextImpl.openFileInput(ContextImpl.java:702)
07-11 15:53:10.328 W/System.err(15128): 	at android.content.ContextWrapper.openFileInput(ContextWrapper.java:173)
07-11 15:53:10.328 W/System.err(15128): 	at com.mgyun.shua.jc.c.b(Unknown Source)
07-11 15:53:10.328 W/System.err(15128): 	at com.mgyun.shua.jc.d.a(Unknown Source)
07-11 15:53:10.328 W/System.err(15128): 	at com.mgyun.shua.jc.service.CpWorkServer.onHandleIntent(Unknown Source)
07-11 15:53:10.328 W/System.err(15128): 	at android.app.IntentService$ServiceHandler.handleMessage(IntentService.java:65)
07-11 15:53:10.328 W/System.err(15128): 	at android.os.Handler.dispatchMessage(Handler.java:99)
07-11 15:53:10.328 W/System.err(15128): 	at android.os.Looper.loop(Looper.java:137)
07-11 15:53:10.328 W/System.err(15128): 	at android.os.HandlerThread.run(HandlerThread.java:61)
07-11 15:53:10.328 W/System.err(15128): Caused by: libcore.io.ErrnoException: open failed: ENOENT (No such file or directory)
07-11 15:53:10.328 W/System.err(15128): 	at libcore.io.Posix.open(Native Method)
07-11 15:53:10.328 W/System.err(15128): 	at libcore.io.BlockGuardOs.open(BlockGuardOs.java:110)
07-11 15:53:10.328 W/System.err(15128): 	at libcore.io.IoBridge.open(IoBridge.java:393)
07-11 15:53:10.328 W/System.err(15128): 	... 10 more
07-11 15:53:10.383 D/dalvikvm(20380): GC_FOR_ALLOC freed 504K, 57% free 606K/1408K, paused 6ms, total 6ms
07-11 15:53:10.554 D/dalvikvm(20380): GC_FOR_ALLOC freed 509K, 57% free 608K/1408K, paused 6ms, total 6ms
07-11 15:53:10.726 D/dalvikvm(20380): GC_FOR_ALLOC freed 512K, 57% free 607K/1408K, paused 6ms, total 6ms
07-11 15:53:10.836 D/dalvikvm(17472): GC_CONCURRENT freed 1293K, 10% free 13128K/14536K, paused 2ms+3ms, total 34ms
07-11 15:53:10.914 D/dalvikvm(20380): GC_FOR_ALLOC freed 514K, 58% free 605K/1408K, paused 5ms, total 6ms
07-11 15:53:11.086 D/dalvikvm(20380): GC_FOR_ALLOC freed 514K, 58% free 602K/1408K, paused 6ms, total 6ms
07-11 15:53:11.258 D/dalvikvm(20380): GC_FOR_ALLOC freed 514K, 58% free 599K/1408K, paused 5ms, total 6ms
07-11 15:53:11.422 D/dalvikvm(20380): GC_FOR_ALLOC freed 513K, 58% free 598K/1408K, paused 6ms, total 6ms
07-11 15:53:11.594 D/dalvikvm(20380): GC_FOR_ALLOC freed 510K, 58% free 600K/1408K, paused 5ms, total 6ms
07-11 15:53:11.765 D/dalvikvm(20380): GC_FOR_ALLOC freed 511K, 58% free 600K/1408K, paused 5ms, total 6ms
07-11 15:53:11.937 D/dalvikvm(20380): GC_FOR_ALLOC freed 507K, 58% free 604K/1408K, paused 6ms, total 6ms
07-11 15:53:12.117 D/dalvikvm(20380): GC_FOR_ALLOC freed 509K, 57% free 606K/1408K, paused 5ms, total 6ms
07-11 15:53:12.281 D/dalvikvm(20380): GC_FOR_ALLOC freed 509K, 57% free 608K/1408K, paused 6ms, total 6ms
07-11 15:53:12.453 D/dalvikvm(20380): GC_FOR_ALLOC freed 513K, 57% free 606K/1408K, paused 6ms, total 6ms
07-11 15:53:12.617 D/dalvikvm(20380): GC_FOR_ALLOC freed 514K, 58% free 604K/1408K, paused 6ms, total 6ms
07-11 15:53:12.812 D/dalvikvm(20380): GC_FOR_ALLOC freed 514K, 58% free 601K/1408K, paused 6ms, total 6ms
07-11 15:53:12.992 D/dalvikvm(20380): GC_FOR_ALLOC freed 514K, 58% free 598K/1408K, paused 5ms, total 5ms
07-11 15:53:13.172 D/dalvikvm(20380): GC_FOR_ALLOC freed 509K, 58% free 601K/1408K, paused 5ms, total 6ms
07-11 15:53:13.320 D/dalvikvm(20380): GC_FOR_ALLOC freed 512K, 58% free 601K/1408K, paused 6ms, total 7ms
07-11 15:53:13.492 D/dalvikvm(20380): GC_FOR_ALLOC freed 508K, 58% free 604K/1408K, paused 7ms, total 7ms
07-11 15:53:13.492 D/dalvikvm(17472): GC_CONCURRENT freed 1289K, 10% free 13128K/14536K, paused 3ms+2ms, total 43ms
07-11 15:53:13.664 D/dalvikvm(20380): GC_FOR_ALLOC freed 509K, 57% free 607K/1408K, paused 6ms, total 6ms
07-11 15:53:13.836 D/dalvikvm(20380): GC_FOR_ALLOC freed 510K, 57% free 608K/1408K, paused 6ms, total 7ms
07-11 15:53:14.000 D/dalvikvm(20380): GC_FOR_ALLOC freed 512K, 57% free 608K/1408K, paused 6ms, total 6ms
07-11 15:53:14.156 D/dalvikvm(20380): GC_FOR_ALLOC freed 514K, 58% free 605K/1408K, paused 6ms, total 6ms
07-11 15:53:14.328 D/dalvikvm(20380): GC_FOR_ALLOC freed 514K, 58% free 602K/1408K, paused 6ms, total 6ms
07-11 15:53:14.500 D/dalvikvm(20380): GC_FOR_ALLOC freed 514K, 58% free 600K/1408K, paused 6ms, total 6ms
07-11 15:53:14.656 D/dalvikvm(20380): GC_FOR_ALLOC freed 513K, 58% free 598K/1408K, paused 6ms, total 6ms
07-11 15:53:14.812 D/dalvikvm(20380): GC_FOR_ALLOC freed 510K, 58% free 600K/1408K, paused 6ms, total 6ms
07-11 15:53:14.969 D/dalvikvm(20380): GC_FOR_ALLOC freed 511K, 58% free 600K/1408K, paused 6ms, total 6ms
07-11 15:53:15.008 I/PowerManagerService(  374): Going to sleep due to screen timeout...
07-11 15:53:15.023 I/PowerManagerService(  374): Waking up from sleep...
07-11 15:53:15.273 D/NfcService(  592): NFC-C OFF, disconnect
07-11 15:53:15.367 D/MDM :   ( 3259): [null:-1]->query
07-11 15:53:15.367 D/MDM :   ( 3259): [null:-1]->QUERY_SETTING_PIN_ONOFF
07-11 15:53:15.461 I/WindowManager(  374): No lock screen!
07-11 15:53:15.469 D/MdmApplication( 3259): [null:-1]->onActivityStarted market.activity.AppListActivity , mActivityCount = 2
07-11 15:53:15.469 D/MDM :   ( 3259): [null:-1]->query
07-11 15:53:15.469 D/MDM :   ( 3259): [null:-1]->QUERY_PINCODE_CHECK_RESULT
07-11 15:53:15.617 D/LightsService(  374): Excessive delay setting light: 65ms
07-11 15:53:15.789 D/dalvikvm(  833): GC_CONCURRENT freed 1347K, 18% free 12847K/15584K, paused 5ms+12ms, total 86ms
07-11 15:53:15.789 D/dalvikvm(  833): WAIT_FOR_CONCURRENT_GC blocked 66ms
07-11 15:53:15.836 V/DigitalWidgetViewsFactory(17176): DigitalWidget sets next alarm string to null
07-11 15:53:15.898 D/LightsService(  374): Excessive delay setting light: 111ms
07-11 15:53:15.984 D/LightsService(  374): Excessive delay setting light: 66ms
07-11 15:53:16.211 D/AndroidRuntime(20532): 
07-11 15:53:16.211 D/AndroidRuntime(20532): >>>>>> AndroidRuntime START com.android.internal.os.RuntimeInit <<<<<<
07-11 15:53:16.211 D/AndroidRuntime(20532): CheckJNI is OFF
07-11 15:53:16.226 D/dalvikvm(20532): Trying to load lib libjavacore.so 0x0
07-11 15:53:16.234 D/dalvikvm(20532): Added shared lib libjavacore.so 0x0
07-11 15:53:16.250 D/dalvikvm(20532): Trying to load lib libnativehelper.so 0x0
07-11 15:53:16.250 D/dalvikvm(20532): Added shared lib libnativehelper.so 0x0
07-11 15:53:16.359 D/NfcService(  592): NFC-C ON
07-11 15:53:16.523 D/AndroidRuntime(20532): Calling main entry com.qihoo360.powerctl.root.app.App
07-11 15:53:16.523 D/AndroidRuntime(20532): Shutting down VM
07-11 15:53:16.531 D/dalvikvm(20532): Debugger has detached; object registry had 1 entries
07-11 15:53:16.531 I/AndroidRuntime(20532): NOTE: attach of thread 'Binder_1' failed
07-11 15:53:17.234 I/AndroidRuntime(20380): VM exiting with result code 0.
07-11 15:53:25.758 D/AlarmManagerService(  374): Kernel timezone updated to -480 minutes west of GMT
07-11 15:53:29.890 D/AlarmManagerService(  374): Kernel timezone updated to -480 minutes west of GMT
07-11 15:53:33.476 I/EventLogService(  647): Aggregate from 1405063413377 (log), 1405063413377 (data)
07-11 15:53:33.539 I/ServiceDumpSys(  647): dumping service [account]
07-11 15:53:39.109 D/LightsService(  374): Excessive delay setting light: 66ms
07-11 15:53:40.344 D/PushService(19749): [null:-1]->receiver action :com.pekall.mdm.action.PUSH_ALARM
07-11 15:53:40.375 D/PushService(19749): [null:-1]->keepAliveWithPushServer  client is null 
07-11 15:53:40.375 D/PushLib : (19749): [null:-1]->pushClient is :null
07-11 15:53:40.375 D/PushLib : (19749): [null:-1]->pushClient opened :not opened
07-11 15:53:40.383 D/PushLib : (19749): [null:-1]->pushClient connect:ws://192.168.10.35:9090/websocket
07-11 15:53:42.039 D/dalvikvm(15337): GC_CONCURRENT freed 460K, 7% free 9478K/10148K, paused 6ms+3ms, total 43ms
07-11 15:53:45.023 I/PowerManagerService(  374): Going to sleep due to screen timeout...
07-11 15:53:45.789 D/SurfaceFlinger(  124): Screen released, type=0 flinger=0x400b4008
07-11 15:53:45.859 W/MountService(  374): getVolumeState(/storage/emulated/0/external_sd): Unknown volume
07-11 15:53:45.867 W/MountService(  374): getVolumeState(/mnt/sdcard-ext): Unknown volume
07-11 15:53:45.875 W/MountService(  374): getVolumeState(/mnt/ext_sdcard): Unknown volume
07-11 15:53:45.875 W/MountService(  374): getVolumeState(/mnt/sdcard2): Unknown volume
07-11 15:53:45.875 W/MountService(  374): getVolumeState(/mnt/emmc): Unknown volume
07-11 15:53:45.875 W/MountService(  374): getVolumeState(/mnt/extSdCard): Unknown volume
07-11 15:53:45.875 W/MountService(  374): getVolumeState(/mnt/sdcard/SD_CARD): Unknown volume
07-11 15:53:45.883 D/NfcService(  592): NFC-C OFF, disconnect
07-11 15:53:45.883 W/MountService(  374): getVolumeState(/mnt/sdcard/extra_sd): Unknown volume
07-11 15:53:45.883 W/MountService(  374): getVolumeState(/mnt/extrasd_bind): Unknown volume
07-11 15:53:45.883 W/MountService(  374): getVolumeState(/mnt/sdcard/ext_sd): Unknown volume
07-11 15:53:45.883 W/MountService(  374): getVolumeState(/storage/extSdCard): Unknown volume
07-11 15:53:45.890 W/MountService(  374): getVolumeState(/storage/sdcard1): Unknown volume
07-11 15:53:45.890 W/MountService(  374): getVolumeState(/mnt/sdcard/external_SD): Unknown volume
07-11 15:53:45.890 W/MountService(  374): getVolumeState(/mnt/sdcard/external_sd): Unknown volume
07-11 15:53:45.961 D/MDM :   ( 3259): [null:-1]->query
07-11 15:53:45.961 D/MDM :   ( 3259): [null:-1]->QUERY_SETTING_PIN_ONOFF
07-11 15:53:46.039 D/dalvikvm(15337): GC_CONCURRENT freed 314K, 6% free 9629K/10148K, paused 7ms+8ms, total 44ms
07-11 15:53:46.140 D/dalvikvm(16175): GC_EXPLICIT freed 246K, 4% free 9195K/9480K, paused 3ms+5ms, total 31ms
07-11 15:53:46.179 D/dalvikvm(  374): GC_CONCURRENT freed 3114K, 29% free 23054K/32108K, paused 8ms+11ms, total 139ms
07-11 15:53:46.281 W/MountService(  374): getVolumeState(/storage/emulated/0/external_sd): Unknown volume
07-11 15:53:46.281 W/MountService(  374): getVolumeState(/mnt/sdcard-ext): Unknown volume
07-11 15:53:46.289 W/MountService(  374): getVolumeState(/mnt/ext_sdcard): Unknown volume
07-11 15:53:46.289 W/MountService(  374): getVolumeState(/mnt/sdcard2): Unknown volume
07-11 15:53:46.289 W/MountService(  374): getVolumeState(/mnt/emmc): Unknown volume
07-11 15:53:46.289 W/MountService(  374): getVolumeState(/mnt/extSdCard): Unknown volume
07-11 15:53:46.289 W/MountService(  374): getVolumeState(/mnt/sdcard/SD_CARD): Unknown volume
07-11 15:53:46.289 W/MountService(  374): getVolumeState(/mnt/sdcard/extra_sd): Unknown volume
07-11 15:53:46.289 W/MountService(  374): getVolumeState(/mnt/extrasd_bind): Unknown volume
07-11 15:53:46.289 W/MountService(  374): getVolumeState(/mnt/sdcard/ext_sd): Unknown volume
07-11 15:53:46.297 W/MountService(  374): getVolumeState(/storage/extSdCard): Unknown volume
07-11 15:53:46.297 W/MountService(  374): getVolumeState(/storage/sdcard1): Unknown volume
07-11 15:53:46.297 W/MountService(  374): getVolumeState(/mnt/sdcard/external_SD): Unknown volume
07-11 15:53:46.297 W/MountService(  374): getVolumeState(/mnt/sdcard/external_sd): Unknown volume
07-11 15:53:46.328 D/dalvikvm(15337): GC_CONCURRENT freed 562K, 7% free 9524K/10148K, paused 4ms+3ms, total 26ms
07-11 15:53:49.437 D/PushLib : (19749): [null:-1]->MSG_WEBSOCKET_OPEN
07-11 15:53:49.547 D/JOBS    (19749): added job id: -2147483647 class: PushMessageJob priority: 0 delay: 0 group : fetch-push persistent: false requires network: true
07-11 15:53:49.554 D/JOBS    (19749): main: load factor check. true = (0 < 1)|| (0 * 3 < 1 + 0). consumer thread: false
07-11 15:53:49.554 D/JOBS    (19749): adding another consumer
07-11 15:53:49.554 D/JOBS    (19749): starting consumer Thread-3655
07-11 15:53:49.554 D/JOBS    (19749): running job PushMessageJob
07-11 15:53:49.554 D/JOBS    (19749): pool-4-thread-1: load factor check. false = (1 < 1)|| (1 * 3 < 0 + 1). consumer thread: false
