07-11 15:33:43.625 W/ResourceType(  605): No known package when getting name for resource number 0x9b040400
07-11 15:33:43.633 W/ResourceType(  605): No known package when getting name for resource number 0x9c010003
07-11 15:33:43.656 W/ResourceType(  605): No known package when getting name for resource number 0x9b000000
07-11 15:33:43.664 W/ResourceType(  605): No known package when getting name for resource number 0x9b010100
07-11 15:33:43.664 W/ResourceType(  605): No known package when getting name for resource number 0x9b030300
07-11 15:33:43.664 W/ResourceType(  605): No known package when getting name for resource number 0x9b040400
07-11 15:33:43.664 W/ResourceType(  605): No known package when getting name for resource number 0x9c010003
07-11 15:33:43.695 D/dalvikvm(17734): GC_FOR_ALLOC freed 513K, 53% free 673K/1408K, paused 8ms, total 8ms
07-11 15:33:43.703 W/ResourceType(  605): No known package when getting name for resource number 0x9b000000
07-11 15:33:43.703 W/ResourceType(  605): No known package when getting name for resource number 0x9b010100
07-11 15:33:43.703 W/ResourceType(  605): No known package when getting name for resource number 0x9b030300
07-11 15:33:43.703 W/ResourceType(  605): No known package when getting name for resource number 0x9b040400
07-11 15:33:43.711 W/ResourceType(  605): No known package when getting name for resource number 0x9c010003
07-11 15:33:43.734 W/ResourceType(  605): No known package when getting name for resource number 0x9b000000
07-11 15:33:43.734 W/ResourceType(  605): No known package when getting name for resource number 0x9b010100
07-11 15:33:43.734 W/ResourceType(  605): No known package when getting name for resource number 0x9b030300
07-11 15:33:43.734 W/ResourceType(  605): No known package when getting name for resource number 0x9b040400
07-11 15:33:43.742 W/ResourceType(  605): No known package when getting name for resource number 0x9c010003
07-11 15:33:43.765 W/ResourceType(  605): No known package when getting name for resource number 0x9b000000
07-11 15:33:43.765 W/ResourceType(  605): No known package when getting name for resource number 0x9b010100
07-11 15:33:43.765 W/ResourceType(  605): No known package when getting name for resource number 0x9b030300
07-11 15:33:43.765 W/ResourceType(  605): No known package when getting name for resource number 0x9b040400
07-11 15:33:43.773 W/ResourceType(  605): No known package when getting name for resource number 0x9c010003
07-11 15:33:43.797 W/ResourceType(  605): No known package when getting name for resource number 0x9b000000
07-11 15:33:43.797 W/ResourceType(  605): No known package when getting name for resource number 0x9b010100
07-11 15:33:43.797 W/ResourceType(  605): No known package when getting name for resource number 0x9b030300
07-11 15:33:43.797 W/ResourceType(  605): No known package when getting name for resource number 0x9b040400
07-11 15:33:43.804 W/ResourceType(  605): No known package when getting name for resource number 0x9c010003
07-11 15:33:43.828 W/ResourceType(  605): No known package when getting name for resource number 0x9b000000
07-11 15:33:43.828 W/ResourceType(  605): No known package when getting name for resource number 0x9b010100
07-11 15:33:43.828 W/ResourceType(  605): No known package when getting name for resource number 0x9b030300
07-11 15:33:43.836 W/ResourceType(  605): No known package when getting name for resource number 0x9b040400
07-11 15:33:43.836 W/ResourceType(  605): No known package when getting name for resource number 0x9c010003
07-11 15:33:43.867 W/ResourceType(  605): No known package when getting name for resource number 0x9b000000
07-11 15:33:43.867 W/ResourceType(  605): No known package when getting name for resource number 0x9b010100
07-11 15:33:43.867 W/ResourceType(  605): No known package when getting name for resource number 0x9b030300
07-11 15:33:43.867 W/ResourceType(  605): No known package when getting name for resource number 0x9b040400
07-11 15:33:43.867 W/ResourceType(  605): No known package when getting name for resource number 0x9c010003
07-11 15:33:43.914 W/ResourceType(  605): No known package when getting name for resource number 0x9b000000
07-11 15:33:43.914 W/ResourceType(  605): No known package when getting name for resource number 0x9b010100
07-11 15:33:43.914 W/ResourceType(  605): No known package when getting name for resource number 0x9b030300
07-11 15:33:43.914 W/ResourceType(  605): No known package when getting name for resource number 0x9b040400
07-11 15:33:43.922 W/ResourceType(  605): No known package when getting name for resource number 0x9c010003
07-11 15:33:43.937 D/dalvikvm(17734): GC_FOR_ALLOC freed 529K, 54% free 655K/1408K, paused 7ms, total 7ms
07-11 15:33:43.953 W/ResourceType(  605): No known package when getting name for resource number 0x9b000000
07-11 15:33:43.953 W/ResourceType(  605): No known package when getting name for resource number 0x9b010100
07-11 15:33:43.953 W/ResourceType(  605): No known package when getting name for resource number 0x9b030300
07-11 15:33:43.961 W/ResourceType(  605): No known package when getting name for resource number 0x9b040400
07-11 15:33:43.961 W/ResourceType(  605): No known package when getting name for resource number 0x9c010003
07-11 15:33:43.992 W/ResourceType(  605): No known package when getting name for resource number 0x9b000000
07-11 15:33:43.992 W/ResourceType(  605): No known package when getting name for resource number 0x9b010100
07-11 15:33:43.992 W/ResourceType(  605): No known package when getting name for resource number 0x9b030300
07-11 15:33:43.992 W/ResourceType(  605): No known package when getting name for resource number 0x9b040400
07-11 15:33:43.992 W/ResourceType(  605): No known package when getting name for resource number 0x9c010003
07-11 15:33:44.023 W/ResourceType(  605): No known package when getting name for resource number 0x9b000000
07-11 15:33:44.023 W/ResourceType(  605): No known package when getting name for resource number 0x9b010100
07-11 15:33:44.023 W/ResourceType(  605): No known package when getting name for resource number 0x9b030300
07-11 15:33:44.023 W/ResourceType(  605): No known package when getting name for resource number 0x9b040400
07-11 15:33:44.031 W/ResourceType(  605): No known package when getting name for resource number 0x9c010003
07-11 15:33:44.054 W/ResourceType(  605): No known package when getting name for resource number 0x9b000000
07-11 15:33:44.054 W/ResourceType(  605): No known package when getting name for resource number 0x9b010100
07-11 15:33:44.054 W/ResourceType(  605): No known package when getting name for resource number 0x9b030300
07-11 15:33:44.054 W/ResourceType(  605): No known package when getting name for resource number 0x9b040400
07-11 15:33:44.062 W/ResourceType(  605): No known package when getting name for resource number 0x9c010003
07-11 15:33:44.086 W/ResourceType(  605): No known package when getting name for resource number 0x9b000000
07-11 15:33:44.086 W/ResourceType(  605): No known package when getting name for resource number 0x9b010100
07-11 15:33:44.094 W/ResourceType(  605): No known package when getting name for resource number 0x9b030300
07-11 15:33:44.094 W/ResourceType(  605): No known package when getting name for resource number 0x9b040400
07-11 15:33:44.094 W/ResourceType(  605): No known package when getting name for resource number 0x9c010003
07-11 15:33:44.140 W/ResourceType(  605): No known package when getting name for resource number 0x9b000000
07-11 15:33:44.140 W/ResourceType(  605): No known package when getting name for resource number 0x9b010100
07-11 15:33:44.148 W/ResourceType(  605): No known package when getting name for resource number 0x9b030300
07-11 15:33:44.148 W/ResourceType(  605): No known package when getting name for resource number 0x9b040400
07-11 15:33:44.148 W/ResourceType(  605): No known package when getting name for resource number 0x9c010003
07-11 15:33:44.172 D/dalvikvm(17734): GC_FOR_ALLOC freed 502K, 53% free 665K/1408K, paused 6ms, total 6ms
07-11 15:33:44.195 W/ResourceType(  605): No known package when getting name for resource number 0x9b000000
07-11 15:33:44.195 W/ResourceType(  605): No known package when getting name for resource number 0x9b010100
07-11 15:33:44.195 W/ResourceType(  605): No known package when getting name for resource number 0x9b030300
07-11 15:33:44.195 W/ResourceType(  605): No known package when getting name for resource number 0x9b040400
07-11 15:33:44.195 W/ResourceType(  605): No known package when getting name for resource number 0x9c010003
07-11 15:33:44.226 W/ResourceType(  605): No known package when getting name for resource number 0x9b000000
07-11 15:33:44.226 W/ResourceType(  605): No known package when getting name for resource number 0x9b010100
07-11 15:33:44.226 W/ResourceType(  605): No known package when getting name for resource number 0x9b030300
07-11 15:33:44.226 W/ResourceType(  605): No known package when getting name for resource number 0x9b040400
07-11 15:33:44.234 W/ResourceType(  605): No known package when getting name for resource number 0x9c010003
07-11 15:33:44.258 W/ResourceType(  605): No known package when getting name for resource number 0x9b000000
07-11 15:33:44.258 W/ResourceType(  605): No known package when getting name for resource number 0x9b010100
07-11 15:33:44.258 W/ResourceType(  605): No known package when getting name for resource number 0x9b030300
07-11 15:33:44.265 W/ResourceType(  605): No known package when getting name for resource number 0x9b040400
07-11 15:33:44.265 W/ResourceType(  605): No known package when getting name for resource number 0x9c010003
07-11 15:33:44.297 W/ResourceType(  605): No known package when getting name for resource number 0x9b000000
07-11 15:33:44.297 W/ResourceType(  605): No known package when getting name for resource number 0x9b010100
07-11 15:33:44.297 W/ResourceType(  605): No known package when getting name for resource number 0x9b030300
07-11 15:33:44.297 W/ResourceType(  605): No known package when getting name for resource number 0x9b040400
07-11 15:33:44.304 W/ResourceType(  605): No known package when getting name for resource number 0x9c010003
07-11 15:33:44.328 W/ResourceType(  605): No known package when getting name for resource number 0x9b000000
07-11 15:33:44.328 W/ResourceType(  605): No known package when getting name for resource number 0x9b010100
07-11 15:33:44.336 W/ResourceType(  605): No known package when getting name for resource number 0x9b030300
07-11 15:33:44.336 W/ResourceType(  605): No known package when getting name for resource number 0x9b040400
07-11 15:33:44.336 W/ResourceType(  605): No known package when getting name for resource number 0x9c010003
07-11 15:33:44.375 W/ResourceType(  605): No known package when getting name for resource number 0x9b000000
07-11 15:33:44.375 W/ResourceType(  605): No known package when getting name for resource number 0x9b010100
07-11 15:33:44.383 W/ResourceType(  605): No known package when getting name for resource number 0x9b030300
07-11 15:33:44.383 W/ResourceType(  605): No known package when getting name for resource number 0x9b040400
07-11 15:33:44.383 W/ResourceType(  605): No known package when getting name for resource number 0x9c010003
07-11 15:33:44.414 D/dalvikvm(17734): GC_FOR_ALLOC freed 503K, 53% free 674K/1408K, paused 6ms, total 6ms
07-11 15:33:44.429 W/ResourceType(  605): No known package when getting name for resource number 0x9b000000
07-11 15:33:44.429 W/ResourceType(  605): No known package when getting name for resource number 0x9b010100
07-11 15:33:44.429 W/ResourceType(  605): No known package when getting name for resource number 0x9b030300
07-11 15:33:44.429 W/ResourceType(  605): No known package when getting name for resource number 0x9b040400
07-11 15:33:44.429 W/ResourceType(  605): No known package when getting name for resource number 0x9c010003
07-11 15:33:44.461 W/ResourceType(  605): No known package when getting name for resource number 0x9b000000
07-11 15:33:44.461 W/ResourceType(  605): No known package when getting name for resource number 0x9b010100
07-11 15:33:44.461 W/ResourceType(  605): No known package when getting name for resource number 0x9b030300
07-11 15:33:44.461 W/ResourceType(  605): No known package when getting name for resource number 0x9b040400
07-11 15:33:44.461 W/ResourceType(  605): No known package when getting name for resource number 0x9c010003
07-11 15:33:44.492 W/ResourceType(  605): No known package when getting name for resource number 0x9b000000
07-11 15:33:44.492 W/ResourceType(  605): No known package when getting name for resource number 0x9b010100
07-11 15:33:44.492 W/ResourceType(  605): No known package when getting name for resource number 0x9b030300
07-11 15:33:44.492 W/ResourceType(  605): No known package when getting name for resource number 0x9b040400
07-11 15:33:44.492 W/ResourceType(  605): No known package when getting name for resource number 0x9c010003
07-11 15:33:44.523 W/ResourceType(  605): No known package when getting name for resource number 0x9b000000
07-11 15:33:44.523 W/ResourceType(  605): No known package when getting name for resource number 0x9b010100
07-11 15:33:44.523 W/ResourceType(  605): No known package when getting name for resource number 0x9b030300
07-11 15:33:44.523 W/ResourceType(  605): No known package when getting name for resource number 0x9b040400
07-11 15:33:44.531 W/ResourceType(  605): No known package when getting name for resource number 0x9c010003
07-11 15:33:44.562 W/ResourceType(  605): No known package when getting name for resource number 0x9b000000
07-11 15:33:44.562 W/ResourceType(  605): No known package when getting name for resource number 0x9b010100
07-11 15:33:44.562 W/ResourceType(  605): No known package when getting name for resource number 0x9b030300
07-11 15:33:44.562 W/ResourceType(  605): No known package when getting name for resource number 0x9b040400
07-11 15:33:44.562 W/ResourceType(  605): No known package when getting name for resource number 0x9c010003
07-11 15:33:44.617 W/ResourceType(  605): No known package when getting name for resource number 0x9b000000
07-11 15:33:44.617 W/ResourceType(  605): No known package when getting name for resource number 0x9b010100
07-11 15:33:44.617 W/ResourceType(  605): No known package when getting name for resource number 0x9b030300
07-11 15:33:44.625 W/ResourceType(  605): No known package when getting name for resource number 0x9b040400
07-11 15:33:44.625 W/ResourceType(  605): No known package when getting name for resource number 0x9c010003
07-11 15:33:44.648 D/dalvikvm(17734): GC_FOR_ALLOC freed 501K, 52% free 684K/1408K, paused 7ms, total 7ms
07-11 15:33:44.664 W/ResourceType(  605): No known package when getting name for resource number 0x9b000000
07-11 15:33:44.672 W/ResourceType(  605): No known package when getting name for resource number 0x9b010100
07-11 15:33:44.672 W/ResourceType(  605): No known package when getting name for resource number 0x9b030300
07-11 15:33:44.672 W/ResourceType(  605): No known package when getting name for resource number 0x9b040400
07-11 15:33:44.679 W/ResourceType(  605): No known package when getting name for resource number 0x9c010003
07-11 15:33:44.711 W/ResourceType(  605): No known package when getting name for resource number 0x9b000000
07-11 15:33:44.719 W/ResourceType(  605): No known package when getting name for resource number 0x9b010100
07-11 15:33:44.719 W/ResourceType(  605): No known package when getting name for resource number 0x9b030300
07-11 15:33:44.719 W/ResourceType(  605): No known package when getting name for resource number 0x9b040400
07-11 15:33:44.719 W/ResourceType(  605): No known package when getting name for resource number 0x9c010003
07-11 15:33:44.750 W/ResourceType(  605): No known package when getting name for resource number 0x9b000000
07-11 15:33:44.750 W/ResourceType(  605): No known package when getting name for resource number 0x9b010100
07-11 15:33:44.758 W/ResourceType(  605): No known package when getting name for resource number 0x9b030300
07-11 15:33:44.758 W/ResourceType(  605): No known package when getting name for resource number 0x9b040400
07-11 15:33:44.758 W/ResourceType(  605): No known package when getting name for resource number 0x9c010003
07-11 15:33:44.797 W/ResourceType(  605): No known package when getting name for resource number 0x9b000000
07-11 15:33:44.797 W/ResourceType(  605): No known package when getting name for resource number 0x9b010100
07-11 15:33:44.797 W/ResourceType(  605): No known package when getting name for resource number 0x9b030300
07-11 15:33:44.797 W/ResourceType(  605): No known package when getting name for resource number 0x9b040400
07-11 15:33:44.797 W/ResourceType(  605): No known package when getting name for resource number 0x9c010003
07-11 15:33:44.828 W/ResourceType(  605): No known package when getting name for resource number 0x9b000000
07-11 15:33:44.828 W/ResourceType(  605): No known package when getting name for resource number 0x9b010100
07-11 15:33:44.828 W/ResourceType(  605): No known package when getting name for resource number 0x9b030300
07-11 15:33:44.828 W/ResourceType(  605): No known package when getting name for resource number 0x9b040400
07-11 15:33:44.836 W/ResourceType(  605): No known package when getting name for resource number 0x9c010003
07-11 15:33:44.867 W/ResourceType(  605): No known package when getting name for resource number 0x9b000000
07-11 15:33:44.867 W/ResourceType(  605): No known package when getting name for resource number 0x9b010100
07-11 15:33:44.867 W/ResourceType(  605): No known package when getting name for resource number 0x9b030300
07-11 15:33:44.867 W/ResourceType(  605): No known package when getting name for resource number 0x9b040400
07-11 15:33:44.867 W/ResourceType(  605): No known package when getting name for resource number 0x9c010003
07-11 15:33:44.890 D/dalvikvm(17734): GC_FOR_ALLOC freed 516K, 52% free 679K/1408K, paused 8ms, total 8ms
07-11 15:33:44.906 W/ResourceType(  605): No known package when getting name for resource number 0x9b000000
07-11 15:33:44.906 W/ResourceType(  605): No known package when getting name for resource number 0x9b010100
07-11 15:33:44.906 W/ResourceType(  605): No known package when getting name for resource number 0x9b030300
07-11 15:33:44.906 W/ResourceType(  605): No known package when getting name for resource number 0x9b040400
07-11 15:33:44.914 W/ResourceType(  605): No known package when getting name for resource number 0x9c010003
07-11 15:33:44.937 W/ResourceType(  605): No known package when getting name for resource number 0x9b000000
07-11 15:33:44.937 W/ResourceType(  605): No known package when getting name for resource number 0x9b010100
07-11 15:33:44.937 W/ResourceType(  605): No known package when getting name for resource number 0x9b030300
07-11 15:33:44.937 W/ResourceType(  605): No known package when getting name for resource number 0x9b040400
07-11 15:33:44.945 W/ResourceType(  605): No known package when getting name for resource number 0x9c010003
07-11 15:33:44.969 W/ResourceType(  605): No known package when getting name for resource number 0x9b000000
07-11 15:33:44.969 W/ResourceType(  605): No known package when getting name for resource number 0x9b010100
07-11 15:33:44.976 W/ResourceType(  605): No known package when getting name for resource number 0x9b030300
07-11 15:33:44.976 W/ResourceType(  605): No known package when getting name for resource number 0x9b040400
07-11 15:33:44.976 W/ResourceType(  605): No known package when getting name for resource number 0x9c010003
07-11 15:33:45.008 W/ResourceType(  605): No known package when getting name for resource number 0x9b000000
07-11 15:33:45.008 W/ResourceType(  605): No known package when getting name for resource number 0x9b010100
07-11 15:33:45.008 W/ResourceType(  605): No known package when getting name for resource number 0x9b030300
07-11 15:33:45.015 W/ResourceType(  605): No known package when getting name for resource number 0x9b040400
07-11 15:33:45.015 W/ResourceType(  605): No known package when getting name for resource number 0x9c010003
07-11 15:33:45.039 W/ResourceType(  605): No known package when getting name for resource number 0x9b000000
07-11 15:33:45.039 W/ResourceType(  605): No known package when getting name for resource number 0x9b010100
07-11 15:33:45.047 W/ResourceType(  605): No known package when getting name for resource number 0x9b030300
07-11 15:33:45.047 W/ResourceType(  605): No known package when getting name for resource number 0x9b040400
07-11 15:33:45.047 W/ResourceType(  605): No known package when getting name for resource number 0x9c010003
07-11 15:33:45.078 W/ResourceType(  605): No known package when getting name for resource number 0x9b000000
07-11 15:33:45.078 W/ResourceType(  605): No known package when getting name for resource number 0x9b010100
07-11 15:33:45.078 W/ResourceType(  605): No known package when getting name for resource number 0x9b030300
07-11 15:33:45.086 W/ResourceType(  605): No known package when getting name for resource number 0x9b040400
07-11 15:33:45.086 W/ResourceType(  605): No known package when getting name for resource number 0x9c010003
07-11 15:33:45.109 D/dalvikvm(17734): GC_FOR_ALLOC freed 519K, 53% free 672K/1408K, paused 7ms, total 7ms
07-11 15:33:45.125 W/ResourceType(  605): No known package when getting name for resource number 0x9b000000
07-11 15:33:45.125 W/ResourceType(  605): No known package when getting name for resource number 0x9b010100
07-11 15:33:45.125 W/ResourceType(  605): No known package when getting name for resource number 0x9b030300
07-11 15:33:45.125 W/ResourceType(  605): No known package when getting name for resource number 0x9b040400
07-11 15:33:45.133 W/ResourceType(  605): No known package when getting name for resource number 0x9c010003
07-11 15:33:45.164 W/ResourceType(  605): No known package when getting name for resource number 0x9b000000
07-11 15:33:45.164 W/ResourceType(  605): No known package when getting name for resource number 0x9b010100
07-11 15:33:45.164 W/ResourceType(  605): No known package when getting name for resource number 0x9b030300
07-11 15:33:45.164 W/ResourceType(  605): No known package when getting name for resource number 0x9b040400
07-11 15:33:45.172 W/ResourceType(  605): No known package when getting name for resource number 0x9c010003
07-11 15:33:45.203 W/ResourceType(  605): No known package when getting name for resource number 0x9b000000
07-11 15:33:45.203 W/ResourceType(  605): No known package when getting name for resource number 0x9b010100
07-11 15:33:45.203 W/ResourceType(  605): No known package when getting name for resource number 0x9b030300
07-11 15:33:45.203 W/ResourceType(  605): No known package when getting name for resource number 0x9b040400
07-11 15:33:45.203 W/ResourceType(  605): No known package when getting name for resource number 0x9c010003
07-11 15:33:45.234 W/ResourceType(  605): No known package when getting name for resource number 0x9b000000
07-11 15:33:45.234 W/ResourceType(  605): No known package when getting name for resource number 0x9b010100
07-11 15:33:45.234 W/ResourceType(  605): No known package when getting name for resource number 0x9b030300
07-11 15:33:45.234 W/ResourceType(  605): No known package when getting name for resource number 0x9b040400
07-11 15:33:45.242 W/ResourceType(  605): No known package when getting name for resource number 0x9c010003
07-11 15:33:45.265 W/ResourceType(  605): No known package when getting name for resource number 0x9b000000
07-11 15:33:45.273 W/ResourceType(  605): No known package when getting name for resource number 0x9b010100
07-11 15:33:45.273 W/ResourceType(  605): No known package when getting name for resource number 0x9b030300
07-11 15:33:45.273 W/ResourceType(  605): No known package when getting name for resource number 0x9b040400
07-11 15:33:45.273 W/ResourceType(  605): No known package when getting name for resource number 0x9c010003
07-11 15:33:45.304 W/ResourceType(  605): No known package when getting name for resource number 0x9b000000
07-11 15:33:45.304 W/ResourceType(  605): No known package when getting name for resource number 0x9b010100
07-11 15:33:45.304 W/ResourceType(  605): No known package when getting name for resource number 0x9b030300
07-11 15:33:45.312 W/ResourceType(  605): No known package when getting name for resource number 0x9b040400
07-11 15:33:45.312 W/ResourceType(  605): No known package when getting name for resource number 0x9c010003
07-11 15:33:45.351 D/dalvikvm(17734): GC_FOR_ALLOC freed 529K, 54% free 655K/1408K, paused 6ms, total 6ms
07-11 15:33:45.359 W/ResourceType(  605): No known package when getting name for resource number 0x9b000000
07-11 15:33:45.367 W/ResourceType(  605): No known package when getting name for resource number 0x9b010100
07-11 15:33:45.367 W/ResourceType(  605): No known package when getting name for resource number 0x9b030300
07-11 15:33:45.367 W/ResourceType(  605): No known package when getting name for resource number 0x9b040400
07-11 15:33:45.367 W/ResourceType(  605): No known package when getting name for resource number 0x9c010003
07-11 15:33:45.398 W/ResourceType(  605): No known package when getting name for resource number 0x9b000000
07-11 15:33:45.398 W/ResourceType(  605): No known package when getting name for resource number 0x9b010100
07-11 15:33:45.398 W/ResourceType(  605): No known package when getting name for resource number 0x9b030300
07-11 15:33:45.398 W/ResourceType(  605): No known package when getting name for resource number 0x9b040400
07-11 15:33:45.406 W/ResourceType(  605): No known package when getting name for resource number 0x9c010003
07-11 15:33:45.429 W/ResourceType(  605): No known package when getting name for resource number 0x9b000000
07-11 15:33:45.429 W/ResourceType(  605): No known package when getting name for resource number 0x9b010100
07-11 15:33:45.429 W/ResourceType(  605): No known package when getting name for resource number 0x9b030300
07-11 15:33:45.437 W/ResourceType(  605): No known package when getting name for resource number 0x9b040400
07-11 15:33:45.437 W/ResourceType(  605): No known package when getting name for resource number 0x9c010003
07-11 15:33:45.469 W/ResourceType(  605): No known package when getting name for resource number 0x9b000000
07-11 15:33:45.469 W/ResourceType(  605): No known package when getting name for resource number 0x9b010100
07-11 15:33:45.469 W/ResourceType(  605): No known package when getting name for resource number 0x9b030300
07-11 15:33:45.469 W/ResourceType(  605): No known package when getting name for resource number 0x9b040400
07-11 15:33:45.469 W/ResourceType(  605): No known package when getting name for resource number 0x9c010003
07-11 15:33:45.500 W/ResourceType(  605): No known package when getting name for resource number 0x9b000000
07-11 15:33:45.500 W/ResourceType(  605): No known package when getting name for resource number 0x9b010100
07-11 15:33:45.500 W/ResourceType(  605): No known package when getting name for resource number 0x9b030300
07-11 15:33:45.500 W/ResourceType(  605): No known package when getting name for resource number 0x9b040400
07-11 15:33:45.508 W/ResourceType(  605): No known package when getting name for resource number 0x9c010003
07-11 15:33:45.531 W/ResourceType(  605): No known package when getting name for resource number 0x9b000000
07-11 15:33:45.531 W/ResourceType(  605): No known package when getting name for resource number 0x9b010100
07-11 15:33:45.531 W/ResourceType(  605): No known package when getting name for resource number 0x9b030300
07-11 15:33:45.531 W/ResourceType(  605): No known package when getting name for resource number 0x9b040400
07-11 15:33:45.539 W/ResourceType(  605): No known package when getting name for resource number 0x9c010003
07-11 15:33:45.570 D/dalvikvm(17734): GC_FOR_ALLOC freed 512K, 54% free 655K/1408K, paused 7ms, total 7ms
07-11 15:33:45.586 W/ResourceType(  605): No known package when getting name for resource number 0x9b000000
07-11 15:33:45.586 W/ResourceType(  605): No known package when getting name for resource number 0x9b010100
07-11 15:33:45.586 W/ResourceType(  605): No known package when getting name for resource number 0x9b030300
07-11 15:33:45.586 W/ResourceType(  605): No known package when getting name for resource number 0x9b040400
07-11 15:33:45.594 W/ResourceType(  605): No known package when getting name for resource number 0x9c010003
07-11 15:33:45.617 W/ResourceType(  605): No known package when getting name for resource number 0x9b000000
07-11 15:33:45.617 W/ResourceType(  605): No known package when getting name for resource number 0x9b010100
07-11 15:33:45.617 W/ResourceType(  605): No known package when getting name for resource number 0x9b030300
07-11 15:33:45.625 W/ResourceType(  605): No known package when getting name for resource number 0x9b040400
07-11 15:33:45.625 W/ResourceType(  605): No known package when getting name for resource number 0x9c010003
07-11 15:33:45.656 W/ResourceType(  605): No known package when getting name for resource number 0x9b000000
07-11 15:33:45.656 W/ResourceType(  605): No known package when getting name for resource number 0x9b010100
07-11 15:33:45.656 W/ResourceType(  605): No known package when getting name for resource number 0x9b030300
07-11 15:33:45.656 W/ResourceType(  605): No known package when getting name for resource number 0x9b040400
07-11 15:33:45.664 W/ResourceType(  605): No known package when getting name for resource number 0x9c010003
07-11 15:33:45.687 W/ResourceType(  605): No known package when getting name for resource number 0x9b000000
07-11 15:33:45.687 W/ResourceType(  605): No known package when getting name for resource number 0x9b010100
07-11 15:33:45.695 W/ResourceType(  605): No known package when getting name for resource number 0x9b030300
07-11 15:33:45.695 W/ResourceType(  605): No known package when getting name for resource number 0x9b040400
07-11 15:33:45.695 W/ResourceType(  605): No known package when getting name for resource number 0x9c010003
07-11 15:33:45.726 W/ResourceType(  605): No known package when getting name for resource number 0x9b000000
07-11 15:33:45.726 W/ResourceType(  605): No known package when getting name for resource number 0x9b010100
07-11 15:33:45.726 W/ResourceType(  605): No known package when getting name for resource number 0x9b030300
07-11 15:33:45.726 W/ResourceType(  605): No known package when getting name for resource number 0x9b040400
07-11 15:33:45.726 W/ResourceType(  605): No known package when getting name for resource number 0x9c010003
07-11 15:33:45.758 W/ResourceType(  605): No known package when getting name for resource number 0x9b000000
07-11 15:33:45.758 W/ResourceType(  605): No known package when getting name for resource number 0x9b010100
07-11 15:33:45.765 W/ResourceType(  605): No known package when getting name for resource number 0x9b030300
07-11 15:33:45.765 W/ResourceType(  605): No known package when getting name for resource number 0x9b040400
07-11 15:33:45.765 W/ResourceType(  605): No known package when getting name for resource number 0x9c010003
07-11 15:33:45.804 D/dalvikvm(17734): GC_FOR_ALLOC freed 518K, 54% free 649K/1408K, paused 6ms, total 6ms
07-11 15:33:45.812 W/ResourceType(  605): No known package when getting name for resource number 0x9b000000
07-11 15:33:45.812 W/ResourceType(  605): No known package when getting name for resource number 0x9b010100
07-11 15:33:45.820 W/ResourceType(  605): No known package when getting name for resource number 0x9b030300
07-11 15:33:45.820 W/ResourceType(  605): No known package when getting name for resource number 0x9b040400
07-11 15:33:45.820 W/ResourceType(  605): No known package when getting name for resource number 0x9c010003
07-11 15:33:45.851 W/ResourceType(  605): No known package when getting name for resource number 0x9b000000
07-11 15:33:45.851 W/ResourceType(  605): No known package when getting name for resource number 0x9b010100
07-11 15:33:45.851 W/ResourceType(  605): No known package when getting name for resource number 0x9b030300
07-11 15:33:45.851 W/ResourceType(  605): No known package when getting name for resource number 0x9b040400
07-11 15:33:45.859 W/ResourceType(  605): No known package when getting name for resource number 0x9c010003
07-11 15:33:45.883 W/ResourceType(  605): No known package when getting name for resource number 0x9b000000
07-11 15:33:45.883 W/ResourceType(  605): No known package when getting name for resource number 0x9b010100
07-11 15:33:45.883 W/ResourceType(  605): No known package when getting name for resource number 0x9b030300
07-11 15:33:45.890 W/ResourceType(  605): No known package when getting name for resource number 0x9b040400
07-11 15:33:45.890 W/ResourceType(  605): No known package when getting name for resource number 0x9c010003
07-11 15:33:45.914 W/ResourceType(  605): No known package when getting name for resource number 0x9b000000
07-11 15:33:45.914 W/ResourceType(  605): No known package when getting name for resource number 0x9b010100
07-11 15:33:45.922 W/ResourceType(  605): No known package when getting name for resource number 0x9b030300
07-11 15:33:45.922 W/ResourceType(  605): No known package when getting name for resource number 0x9b040400
07-11 15:33:45.922 W/ResourceType(  605): No known package when getting name for resource number 0x9c010003
07-11 15:33:45.953 W/ResourceType(  605): No known package when getting name for resource number 0x9b000000
07-11 15:33:45.953 W/ResourceType(  605): No known package when getting name for resource number 0x9b010100
07-11 15:33:45.953 W/ResourceType(  605): No known package when getting name for resource number 0x9b030300
07-11 15:33:45.953 W/ResourceType(  605): No known package when getting name for resource number 0x9b040400
07-11 15:33:45.953 W/ResourceType(  605): No known package when getting name for resource number 0x9c010003
07-11 15:33:45.992 W/ResourceType(  605): No known package when getting name for resource number 0x9b000000
07-11 15:33:45.992 W/ResourceType(  605): No known package when getting name for resource number 0x9b010100
07-11 15:33:45.992 W/ResourceType(  605): No known package when getting name for resource number 0x9b030300
07-11 15:33:46.000 W/ResourceType(  605): No known package when getting name for resource number 0x9b040400
07-11 15:33:46.000 W/ResourceType(  605): No known package when getting name for resource number 0x9c010003
07-11 15:33:46.039 W/ResourceType(  605): No known package when getting name for resource number 0x9b000000
07-11 15:33:46.039 W/ResourceType(  605): No known package when getting name for resource number 0x9b010100
07-11 15:33:46.047 W/ResourceType(  605): No known package when getting name for resource number 0x9b030300
07-11 15:33:46.047 W/ResourceType(  605): No known package when getting name for resource number 0x9b040400
07-11 15:33:46.047 W/ResourceType(  605): No known package when getting name for resource number 0x9c010003
07-11 15:33:46.062 D/dalvikvm(17734): GC_FOR_ALLOC freed 503K, 54% free 657K/1408K, paused 7ms, total 7ms
07-11 15:33:46.086 W/ResourceType(  605): No known package when getting name for resource number 0x9b000000
07-11 15:33:46.086 W/ResourceType(  605): No known package when getting name for resource number 0x9b010100
07-11 15:33:46.086 W/ResourceType(  605): No known package when getting name for resource number 0x9b030300
07-11 15:33:46.086 W/ResourceType(  605): No known package when getting name for resource number 0x9b040400
07-11 15:33:46.086 W/ResourceType(  605): No known package when getting name for resource number 0x9c010003
07-11 15:33:46.117 W/ResourceType(  605): No known package when getting name for resource number 0x9b000000
07-11 15:33:46.117 W/ResourceType(  605): No known package when getting name for resource number 0x9b010100
07-11 15:33:46.117 W/ResourceType(  605): No known package when getting name for resource number 0x9b030300
07-11 15:33:46.117 W/ResourceType(  605): No known package when getting name for resource number 0x9b040400
07-11 15:33:46.117 W/ResourceType(  605): No known package when getting name for resource number 0x9c010003
07-11 15:33:46.148 W/ResourceType(  605): No known package when getting name for resource number 0x9b000000
07-11 15:33:46.148 W/ResourceType(  605): No known package when getting name for resource number 0x9b010100
07-11 15:33:46.148 W/ResourceType(  605): No known package when getting name for resource number 0x9b030300
07-11 15:33:46.148 W/ResourceType(  605): No known package when getting name for resource number 0x9b040400
07-11 15:33:46.156 W/ResourceType(  605): No known package when getting name for resource number 0x9c010003
07-11 15:33:46.179 W/ResourceType(  605): No known package when getting name for resource number 0x9b000000
07-11 15:33:46.179 W/ResourceType(  605): No known package when getting name for resource number 0x9b010100
07-11 15:33:46.179 W/ResourceType(  605): No known package when getting name for resource number 0x9b030300
07-11 15:33:46.187 W/ResourceType(  605): No known package when getting name for resource number 0x9b040400
07-11 15:33:46.187 W/ResourceType(  605): No known package when getting name for resource number 0x9c010003
07-11 15:33:46.219 W/ResourceType(  605): No known package when getting name for resource number 0x9b000000
07-11 15:33:46.219 W/ResourceType(  605): No known package when getting name for resource number 0x9b010100
07-11 15:33:46.219 W/ResourceType(  605): No known package when getting name for resource number 0x9b030300
07-11 15:33:46.219 W/ResourceType(  605): No known package when getting name for resource number 0x9b040400
07-11 15:33:46.226 W/ResourceType(  605): No known package when getting name for resource number 0x9c010003
07-11 15:33:46.265 W/ResourceType(  605): No known package when getting name for resource number 0x9b000000
07-11 15:33:46.265 W/ResourceType(  605): No known package when getting name for resource number 0x9b010100
07-11 15:33:46.265 W/ResourceType(  605): No known package when getting name for resource number 0x9b030300
07-11 15:33:46.265 W/ResourceType(  605): No known package when getting name for resource number 0x9b040400
07-11 15:33:46.265 W/ResourceType(  605): No known package when getting name for resource number 0x9c010003
07-11 15:33:46.289 D/dalvikvm(17734): GC_FOR_ALLOC freed 502K, 53% free 666K/1408K, paused 6ms, total 6ms
07-11 15:33:46.304 W/ResourceType(  605): No known package when getting name for resource number 0x9b000000
07-11 15:33:46.304 W/ResourceType(  605): No known package when getting name for resource number 0x9b010100
07-11 15:33:46.304 W/ResourceType(  605): No known package when getting name for resource number 0x9b030300
07-11 15:33:46.304 W/ResourceType(  605): No known package when getting name for resource number 0x9b040400
07-11 15:33:46.312 W/ResourceType(  605): No known package when getting name for resource number 0x9c010003
07-11 15:33:46.336 W/ResourceType(  605): No known package when getting name for resource number 0x9b000000
07-11 15:33:46.336 W/ResourceType(  605): No known package when getting name for resource number 0x9b010100
07-11 15:33:46.336 W/ResourceType(  605): No known package when getting name for resource number 0x9b030300
07-11 15:33:46.336 W/ResourceType(  605): No known package when getting name for resource number 0x9b040400
07-11 15:33:46.344 W/ResourceType(  605): No known package when getting name for resource number 0x9c010003
07-11 15:33:46.375 W/ResourceType(  605): No known package when getting name for resource number 0x9b000000
07-11 15:33:46.375 W/ResourceType(  605): No known package when getting name for resource number 0x9b010100
07-11 15:33:46.375 W/ResourceType(  605): No known package when getting name for resource number 0x9b030300
07-11 15:33:46.375 W/ResourceType(  605): No known package when getting name for resource number 0x9b040400
07-11 15:33:46.375 W/ResourceType(  605): No known package when getting name for resource number 0x9c010003
07-11 15:33:46.406 W/ResourceType(  605): No known package when getting name for resource number 0x9b000000
07-11 15:33:46.406 W/ResourceType(  605): No known package when getting name for resource number 0x9b010100
07-11 15:33:46.406 W/ResourceType(  605): No known package when getting name for resource number 0x9b030300
07-11 15:33:46.406 W/ResourceType(  605): No known package when getting name for resource number 0x9b040400
07-11 15:33:46.414 W/ResourceType(  605): No known package when getting name for resource number 0x9c010003
07-11 15:33:46.437 W/ResourceType(  605): No known package when getting name for resource number 0x9b000000
07-11 15:33:46.437 W/ResourceType(  605): No known package when getting name for resource number 0x9b010100
07-11 15:33:46.437 W/ResourceType(  605): No known package when getting name for resource number 0x9b030300
07-11 15:33:46.437 W/ResourceType(  605): No known package when getting name for resource number 0x9b040400
07-11 15:33:46.445 W/ResourceType(  605): No known package when getting name for resource number 0x9c010003
07-11 15:33:46.484 W/ResourceType(  605): No known package when getting name for resource number 0x9b000000
07-11 15:33:46.484 W/ResourceType(  605): No known package when getting name for resource number 0x9b010100
07-11 15:33:46.484 W/ResourceType(  605): No known package when getting name for resource number 0x9b030300
07-11 15:33:46.484 W/ResourceType(  605): No known package when getting name for resource number 0x9b040400
07-11 15:33:46.492 W/ResourceType(  605): No known package when getting name for resource number 0x9c010003
07-11 15:33:46.515 D/dalvikvm(17734): GC_FOR_ALLOC freed 501K, 52% free 676K/1408K, paused 9ms, total 9ms
07-11 15:33:46.531 W/ResourceType(  605): No known package when getting name for resource number 0x9b000000
07-11 15:33:46.531 W/ResourceType(  605): No known package when getting name for resource number 0x9b010100
07-11 15:33:46.531 W/ResourceType(  605): No known package when getting name for resource number 0x9b030300
07-11 15:33:46.531 W/ResourceType(  605): No known package when getting name for resource number 0x9b040400
07-11 15:33:46.539 W/ResourceType(  605): No known package when getting name for resource number 0x9c010003
07-11 15:33:48.672 I/AndroidRuntime(17734): VM exiting with result code 0.
07-11 15:33:55.695 W/Settings(25429): Setting airplane_mode_on has moved from android.provider.Settings.System to android.provider.Settings.Global, returning read-only value.
07-11 15:33:55.695 W/Settings(25429): Setting mobile_data has moved from android.provider.Settings.Secure to android.provider.Settings.Global.
07-11 15:33:55.695 D/BluetoothAdapter(25429): 1108510848: getState() :  mService = null. Returning STATE_OFF
07-11 15:33:55.695 W/Settings(25429): Setting airplane_mode_on has moved from android.provider.Settings.System to android.provider.Settings.Global, returning read-only value.
07-11 15:33:55.726 W/Settings(25429): Setting airplane_mode_on has moved from android.provider.Settings.System to android.provider.Settings.Global, returning read-only value.
07-11 15:33:55.726 W/Settings(25429): Setting mobile_data has moved from android.provider.Settings.Secure to android.provider.Settings.Global.
07-11 15:33:55.726 D/BluetoothAdapter(25429): 1108510848: getState() :  mService = null. Returning STATE_OFF
07-11 15:33:55.726 W/Settings(25429): Setting airplane_mode_on has moved from android.provider.Settings.System to android.provider.Settings.Global, returning read-only value.
07-11 15:34:06.070 D/LightsService(  374): Excessive delay setting light: 68ms
07-11 15:34:11.922 I/PowerManagerService(  374): Going to sleep due to screen timeout...
07-11 15:34:12.734 D/SurfaceFlinger(  124): Screen released, type=0 flinger=0x400b4008
07-11 15:34:12.844 D/dalvikvm(  374): GC_FOR_ALLOC freed 1102K, 29% free 23088K/32108K, paused 105ms, total 105ms
07-11 15:34:12.945 D/dalvikvm(  374): GC_FOR_ALLOC freed 758K, 30% free 22701K/32108K, paused 97ms, total 97ms
07-11 15:34:13.031 D/NfcService(  592): NFC-C OFF, disconnect
07-11 15:34:13.047 D/dalvikvm(20727): GC_FOR_ALLOC freed 181K, 7% free 10117K/10784K, paused 49ms, total 49ms
07-11 15:34:13.047 I/dalvikvm-heap(20727): Grow heap (frag case) to 10.180MB for 217504-byte allocation
07-11 15:34:13.094 D/dalvikvm(20727): GC_FOR_ALLOC freed <1K, 7% free 10328K/11000K, paused 47ms, total 47ms
07-11 15:34:13.125 D/MDM :   ( 3259): [null:-1]->query
07-11 15:34:13.125 D/MDM :   ( 3259): [null:-1]->QUERY_SETTING_PIN_ONOFF
07-11 15:34:17.890 V/KeyguardHostView(  374): hide transport, gen:111
07-11 15:34:17.890 V/KeyguardHostView(  374): music state changed: 0
07-11 15:34:17.906 D/PhoneStatusBar(  450): disable: < expand icons alerts ticker system_info back home RECENT* clock search >
07-11 15:34:17.937 V/TAG     (  374): bug 7643792: fitSystemWindows([0,50][0,0])
07-11 15:34:18.054 D/PhoneStatusBar(  450): disable: < expand icons alerts ticker system_info BACK* HOME* RECENT CLOCK* search >
07-11 15:34:24.164 D/dalvikvm(25429): GC_CONCURRENT freed 419K, 6% free 9700K/10252K, paused 13ms+3ms, total 39ms
07-11 15:34:27.226 D/dalvikvm(  577): GC_EXPLICIT freed 584K, 7% free 11550K/12348K, paused 10ms+7ms, total 73ms
07-11 15:34:38.734 D/GCM     (  647): Ignoring attempt to send heartbeat on dead connection.
07-11 15:34:43.125 W/MountService(  374): getVolumeState(/storage/emulated/0/external_sd): Unknown volume
07-11 15:34:43.125 W/MountService(  374): getVolumeState(/mnt/sdcard-ext): Unknown volume
07-11 15:34:43.125 W/MountService(  374): getVolumeState(/mnt/ext_sdcard): Unknown volume
07-11 15:34:43.125 W/MountService(  374): getVolumeState(/mnt/sdcard2): Unknown volume
07-11 15:34:43.133 W/MountService(  374): getVolumeState(/mnt/emmc): Unknown volume
07-11 15:34:43.133 W/MountService(  374): getVolumeState(/mnt/extSdCard): Unknown volume
07-11 15:34:43.133 W/MountService(  374): getVolumeState(/mnt/sdcard/SD_CARD): Unknown volume
07-11 15:34:43.133 W/MountService(  374): getVolumeState(/mnt/sdcard/extra_sd): Unknown volume
07-11 15:34:43.133 W/MountService(  374): getVolumeState(/mnt/extrasd_bind): Unknown volume
07-11 15:34:43.133 W/MountService(  374): getVolumeState(/mnt/sdcard/ext_sd): Unknown volume
07-11 15:34:43.140 W/MountService(  374): getVolumeState(/storage/extSdCard): Unknown volume
07-11 15:34:43.140 W/MountService(  374): getVolumeState(/storage/sdcard1): Unknown volume
07-11 15:34:43.140 W/MountService(  374): getVolumeState(/mnt/sdcard/external_SD): Unknown volume
07-11 15:34:43.140 W/MountService(  374): getVolumeState(/mnt/sdcard/external_sd): Unknown volume
07-11 15:34:43.148 D/dalvikvm(15337): GC_CONCURRENT freed 426K, 7% free 9499K/10156K, paused 3ms+3ms, total 30ms
07-11 15:34:43.148 D/dalvikvm(15337): WAIT_FOR_CONCURRENT_GC blocked 9ms
07-11 15:34:43.148 D/dalvikvm(15337): WAIT_FOR_CONCURRENT_GC blocked 7ms
07-11 15:34:43.336 D/dalvikvm(15337): GC_CONCURRENT freed 445K, 7% free 9493K/10156K, paused 4ms+4ms, total 39ms
07-11 15:34:43.375 W/MountService(  374): getVolumeState(/storage/emulated/0/external_sd): Unknown volume
07-11 15:34:43.375 W/MountService(  374): getVolumeState(/mnt/sdcard-ext): Unknown volume
07-11 15:34:43.375 W/MountService(  374): getVolumeState(/mnt/ext_sdcard): Unknown volume
07-11 15:34:43.383 W/MountService(  374): getVolumeState(/mnt/sdcard2): Unknown volume
07-11 15:34:43.383 W/MountService(  374): getVolumeState(/mnt/emmc): Unknown volume
07-11 15:34:43.383 W/MountService(  374): getVolumeState(/mnt/extSdCard): Unknown volume
07-11 15:34:43.383 W/MountService(  374): getVolumeState(/mnt/sdcard/SD_CARD): Unknown volume
07-11 15:34:43.383 W/MountService(  374): getVolumeState(/mnt/sdcard/extra_sd): Unknown volume
07-11 15:34:43.383 W/MountService(  374): getVolumeState(/mnt/extrasd_bind): Unknown volume
07-11 15:34:43.383 W/MountService(  374): getVolumeState(/mnt/sdcard/ext_sd): Unknown volume
07-11 15:34:43.390 W/MountService(  374): getVolumeState(/storage/extSdCard): Unknown volume
07-11 15:34:43.390 W/MountService(  374): getVolumeState(/storage/sdcard1): Unknown volume
07-11 15:34:43.390 W/MountService(  374): getVolumeState(/mnt/sdcard/external_SD): Unknown volume
07-11 15:34:43.390 W/MountService(  374): getVolumeState(/mnt/sdcard/external_sd): Unknown volume
07-11 15:34:43.429 D/dalvikvm(15337): GC_CONCURRENT freed 461K, 7% free 9472K/10156K, paused 2ms+3ms, total 23ms
07-11 15:34:58.703 D/dalvikvm(  565): GC_CONCURRENT freed 523K, 8% free 10413K/11240K, paused 5ms+3ms, total 44ms
07-11 15:35:01.961 D/dalvikvm(  565): GC_CONCURRENT freed 374K, 7% free 10559K/11240K, paused 3ms+4ms, total 42ms
07-11 15:35:01.961 D/dalvikvm(  565): WAIT_FOR_CONCURRENT_GC blocked 19ms
07-11 15:35:35.695 D/JOBS    (14262): Thread-3535: load factor check. true = (0 < 1)|| (0 * 3 < 0 + 0). consumer thread: true
07-11 15:35:35.695 D/JOBS    (14262): didn't allow me to die, re-running Thread-3535
07-11 15:35:35.695 D/JOBS    (14262): re-running consumer Thread-3535
07-11 15:35:43.250 W/MountService(  374): getVolumeState(/storage/emulated/0/external_sd): Unknown volume
07-11 15:35:43.250 W/MountService(  374): getVolumeState(/mnt/sdcard-ext): Unknown volume
07-11 15:35:43.258 W/MountService(  374): getVolumeState(/mnt/ext_sdcard): Unknown volume
07-11 15:35:43.258 W/MountService(  374): getVolumeState(/mnt/sdcard2): Unknown volume
07-11 15:35:43.258 W/MountService(  374): getVolumeState(/mnt/emmc): Unknown volume
07-11 15:35:43.258 W/MountService(  374): getVolumeState(/mnt/extSdCard): Unknown volume
