07-11 15:30:56.984 I/ActivityManager(  374): Process com.qihoo360.mobilesafe:scan (pid 16642) has died.
07-11 15:30:56.984 I/ActivityManager(  374): Process com.qihoo360.mobilesafe:engine (pid 16676) has died.
07-11 15:30:58.351 I/PowerManagerService(  374): Waking up from sleep...
07-11 15:30:58.398 I/WindowManager(  374): Lock screen displayed!
07-11 15:30:58.797 I/ActivityManager(  374): Start proc com.android.providers.calendar for content provider com.android.providers.calendar/.CalendarProvider2: pid=17291 uid=10007 gids={50007, 3003, 1015, 1028}
07-11 15:30:59.539 D/PhoneStatusBar(  450): disable: < expand icons alerts ticker system_info BACK HOME recent* CLOCK search >
07-11 15:30:59.726 D/PhoneStatusBar(  450): disable: < expand icons alerts ticker system_info back* home* recent clock* search >
07-11 15:30:59.734 W/InputMethodManagerService(  374): Window already focused, ignoring focus gain of: com.android.internal.view.IInputMethodClient$Stub$Proxy@425384b8 attribute=android.view.inputmethod.EditorInfo@4255ed78, token = android.os.BinderProxy@427bb970
07-11 15:31:00.359 I/ActivityManager(  374): Start proc com.google.android.calendar for broadcast com.google.android.calendar/com.android.calendar.alerts.AlertReceiver: pid=17340 uid=10006 gids={50006, 3003, 1028}
07-11 15:31:01.226 I/ActivityManager(  374): START u0 {cmp=com.pekall.emdm/.market.activity.AppListActivity} from pid 3259
07-11 15:31:04.515 W/ProcessStats(  374): Skipping unknown process pid 17372
07-11 15:31:31.140 I/PowerManagerService(  374): Going to sleep due to screen timeout...
07-11 15:31:37.148 D/PhoneStatusBar(  450): disable: < expand icons alerts ticker system_info back home RECENT* clock search >
07-11 15:31:37.320 D/PhoneStatusBar(  450): disable: < expand icons alerts ticker system_info BACK* HOME* RECENT CLOCK* search >
07-11 15:31:42.812 W/MountService(  374): getVolumeState(/storage/emulated/0/external_sd): Unknown volume
07-11 15:31:42.812 W/MountService(  374): getVolumeState(/mnt/sdcard-ext): Unknown volume
07-11 15:31:42.812 W/MountService(  374): getVolumeState(/mnt/ext_sdcard): Unknown volume
07-11 15:31:42.820 W/MountService(  374): getVolumeState(/mnt/sdcard2): Unknown volume
07-11 15:31:42.820 W/MountService(  374): getVolumeState(/mnt/emmc): Unknown volume
07-11 15:31:42.820 W/MountService(  374): getVolumeState(/mnt/extSdCard): Unknown volume
07-11 15:31:42.820 W/MountService(  374): getVolumeState(/mnt/sdcard/SD_CARD): Unknown volume
07-11 15:31:42.828 W/MountService(  374): getVolumeState(/mnt/sdcard/extra_sd): Unknown volume
07-11 15:31:42.828 W/MountService(  374): getVolumeState(/mnt/extrasd_bind): Unknown volume
07-11 15:31:42.828 W/MountService(  374): getVolumeState(/mnt/sdcard/ext_sd): Unknown volume
07-11 15:31:42.836 W/MountService(  374): getVolumeState(/storage/extSdCard): Unknown volume
07-11 15:31:42.836 W/MountService(  374): getVolumeState(/storage/sdcard1): Unknown volume
07-11 15:31:42.836 W/MountService(  374): getVolumeState(/mnt/sdcard/external_SD): Unknown volume
07-11 15:31:42.836 W/MountService(  374): getVolumeState(/mnt/sdcard/external_sd): Unknown volume
07-11 15:31:43.062 W/MountService(  374): getVolumeState(/storage/emulated/0/external_sd): Unknown volume
07-11 15:31:43.062 W/MountService(  374): getVolumeState(/mnt/sdcard-ext): Unknown volume
07-11 15:31:43.062 W/MountService(  374): getVolumeState(/mnt/ext_sdcard): Unknown volume
07-11 15:31:43.062 W/MountService(  374): getVolumeState(/mnt/sdcard2): Unknown volume
07-11 15:31:43.062 W/MountService(  374): getVolumeState(/mnt/emmc): Unknown volume
07-11 15:31:43.062 W/MountService(  374): getVolumeState(/mnt/extSdCard): Unknown volume
07-11 15:31:43.062 W/MountService(  374): getVolumeState(/mnt/sdcard/SD_CARD): Unknown volume
07-11 15:31:43.062 W/MountService(  374): getVolumeState(/mnt/sdcard/extra_sd): Unknown volume
07-11 15:31:43.070 W/MountService(  374): getVolumeState(/mnt/extrasd_bind): Unknown volume
07-11 15:31:43.070 W/MountService(  374): getVolumeState(/mnt/sdcard/ext_sd): Unknown volume
07-11 15:31:43.070 W/MountService(  374): getVolumeState(/storage/extSdCard): Unknown volume
07-11 15:31:43.070 W/MountService(  374): getVolumeState(/storage/sdcard1): Unknown volume
07-11 15:31:43.070 W/MountService(  374): getVolumeState(/mnt/sdcard/external_SD): Unknown volume
07-11 15:31:43.070 W/MountService(  374): getVolumeState(/mnt/sdcard/external_sd): Unknown volume
07-11 15:31:45.344 I/ActivityManager(  374): START u0 {act=android.intent.action.DELETE dat=package:by.game.binumbers flg=0x10000000 cmp=com.android.packageinstaller/.UninstallerActivity} from pid 3259
07-11 15:31:45.367 I/ActivityManager(  374): Start proc com.android.packageinstaller for activity com.android.packageinstaller/.UninstallerActivity: pid=17472 uid=10045 gids={50045, 1028}
07-11 15:31:46.101 I/ActivityManager(  374): Process com.google.android.googlequicksearchbox (pid 16819) has died.
07-11 15:31:46.219 I/ActivityManager(  374): Process com.google.android.gms (pid 16796) has died.
07-11 15:31:46.312 I/ActivityManager(  374): Process com.google.android.gallery3d (pid 16709) has died.
07-11 15:32:06.625 I/PowerManagerService(  374): Waking up from sleep...
07-11 15:32:06.765 I/WindowManager(  374): Lock screen displayed!
07-11 15:32:07.023 I/ActivityManager(  374): Process com.google.android.gsf.login (pid 16906) has died.
07-11 15:32:07.648 I/ActivityManager(  374): Process com.google.android.partnersetup (pid 15022) has died.
07-11 15:32:07.789 D/PhoneStatusBar(  450): disable: < expand icons alerts ticker system_info BACK HOME recent* CLOCK search >
07-11 15:32:07.875 D/PhoneStatusBar(  450): disable: < expand icons alerts ticker system_info back* home* recent clock* search >
07-11 15:32:08.789 I/ActivityManager(  374): Process com.noshufou.android.su (pid 16890) has died.
07-11 15:32:42.929 W/MountService(  374): getVolumeState(/storage/emulated/0/external_sd): Unknown volume
07-11 15:32:42.929 W/MountService(  374): getVolumeState(/mnt/sdcard-ext): Unknown volume
07-11 15:32:42.929 W/MountService(  374): getVolumeState(/mnt/ext_sdcard): Unknown volume
07-11 15:32:42.937 W/MountService(  374): getVolumeState(/mnt/sdcard2): Unknown volume
07-11 15:32:42.937 W/MountService(  374): getVolumeState(/mnt/emmc): Unknown volume
07-11 15:32:42.937 W/MountService(  374): getVolumeState(/mnt/extSdCard): Unknown volume
07-11 15:32:42.937 W/MountService(  374): getVolumeState(/mnt/sdcard/SD_CARD): Unknown volume
07-11 15:32:42.937 W/MountService(  374): getVolumeState(/mnt/sdcard/extra_sd): Unknown volume
07-11 15:32:42.937 W/MountService(  374): getVolumeState(/mnt/extrasd_bind): Unknown volume
07-11 15:32:42.937 W/MountService(  374): getVolumeState(/mnt/sdcard/ext_sd): Unknown volume
07-11 15:32:42.937 W/MountService(  374): getVolumeState(/storage/extSdCard): Unknown volume
07-11 15:32:42.937 W/MountService(  374): getVolumeState(/storage/sdcard1): Unknown volume
07-11 15:32:42.937 W/MountService(  374): getVolumeState(/mnt/sdcard/external_SD): Unknown volume
07-11 15:32:42.945 W/MountService(  374): getVolumeState(/mnt/sdcard/external_sd): Unknown volume
07-11 15:32:43.219 W/MountService(  374): getVolumeState(/storage/emulated/0/external_sd): Unknown volume
07-11 15:32:43.219 W/MountService(  374): getVolumeState(/mnt/sdcard-ext): Unknown volume
07-11 15:32:43.219 W/MountService(  374): getVolumeState(/mnt/ext_sdcard): Unknown volume
07-11 15:32:43.219 W/MountService(  374): getVolumeState(/mnt/sdcard2): Unknown volume
07-11 15:32:43.226 W/MountService(  374): getVolumeState(/mnt/emmc): Unknown volume
07-11 15:32:43.226 W/MountService(  374): getVolumeState(/mnt/extSdCard): Unknown volume
07-11 15:32:43.226 W/MountService(  374): getVolumeState(/mnt/sdcard/SD_CARD): Unknown volume
07-11 15:32:43.226 W/MountService(  374): getVolumeState(/mnt/sdcard/extra_sd): Unknown volume
07-11 15:32:43.226 W/MountService(  374): getVolumeState(/mnt/extrasd_bind): Unknown volume
07-11 15:32:43.226 W/MountService(  374): getVolumeState(/mnt/sdcard/ext_sd): Unknown volume
07-11 15:32:43.234 W/MountService(  374): getVolumeState(/storage/extSdCard): Unknown volume
07-11 15:32:43.234 W/MountService(  374): getVolumeState(/storage/sdcard1): Unknown volume
07-11 15:32:43.242 W/MountService(  374): getVolumeState(/mnt/sdcard/external_SD): Unknown volume
07-11 15:32:43.242 W/MountService(  374): getVolumeState(/mnt/sdcard/external_sd): Unknown volume
07-11 15:32:47.265 I/PowerManagerService(  374): Going to sleep due to screen timeout...
07-11 15:32:53.211 D/PhoneStatusBar(  450): disable: < expand icons alerts ticker system_info back home RECENT* clock search >
07-11 15:32:53.312 D/PhoneStatusBar(  450): disable: < expand icons alerts ticker system_info BACK* HOME* RECENT CLOCK* search >
--------- beginning of /dev/log/main
07-11 15:33:00.351 W/System.err(15128): 	at android.os.Handler.dispatchMessage(Handler.java:99)
07-11 15:33:00.351 W/System.err(15128): 	at android.os.Looper.loop(Looper.java:137)
07-11 15:33:00.351 W/System.err(15128): 	at android.os.HandlerThread.run(HandlerThread.java:61)
07-11 15:33:00.351 W/System.err(15128): Caused by: libcore.io.ErrnoException: open failed: ENOENT (No such file or directory)
07-11 15:33:00.351 W/System.err(15128): 	at libcore.io.Posix.open(Native Method)
07-11 15:33:00.351 W/System.err(15128): 	at libcore.io.BlockGuardOs.open(BlockGuardOs.java:110)
07-11 15:33:00.351 W/System.err(15128): 	at libcore.io.IoBridge.open(IoBridge.java:393)
07-11 15:33:00.351 W/System.err(15128): 	... 9 more
07-11 15:33:01.265 D/MDM :   ( 3259): [null:-1]->MSG_WEBSOCKET_MESSAGE : {"id":-147273185,"type":0,"command":0,"result":0,"reason":0,"params":{"msgId":"f745d121-94c0-4fda-8bc9-a9c26042f497,f745d12194c04fda8bc9a9c26042f497","device":"ffffffffc539bb10fffffffff7aea961","message":"{\"cmd\":\"10119\"}"}}
07-11 15:33:01.273 D/MdmService( 3259): [null:-1]->push message type :0
07-11 15:33:01.281 D/MdmService( 3259): [null:-1]->cmdMessage : {"cmd":"10119"}
07-11 15:33:01.281 D/MdmService( 3259): [null:-1]->command : PushCommandMsg{cmd='10119', msg='null'}
07-11 15:33:01.281 D/MDM :   ( 3259): [null:-1]->PUSH CMD: 10119
07-11 15:33:01.281 D/MdmStatusManager( 3259): [null:-1]->change status to : Busy
07-11 15:33:01.281 D/DB      ( 3259): query: SQLiteQuery: SELECT content, command_status, status FROM command WHERE status!=2
07-11 15:33:01.281 D/DB      ( 3259): factory null
07-11 15:33:01.281 D/DB      ( 3259): fillWindow: 0
07-11 15:33:01.289 D/DB      ( 3259): cursor 0
07-11 15:33:01.289 D/DB      ( 3259): moveToPos: 0
07-11 15:33:01.289 I/TransInfo( 3259): TransInfo created, id: 3, class: class com.pekall.emdm.transaction.b.c
07-11 15:33:01.289 D/NetworkThread( 3259): [null:-1]->----isRunning-----true
07-11 15:33:01.289 D/NetworkThread( 3259): [null:-1]->----isRunning-----true
07-11 15:33:01.289 D/NetworkThread( 3259): [null:-1]->thread wakeup
07-11 15:33:01.289 D/HttpClient( 3259): enable apache.http debug
07-11 15:33:01.297 V/DEBUG   ( 3259): HTTP 0
07-11 15:33:01.562 V/DEBUG   ( 3259): HTTP 1
07-11 15:33:01.625 D/dalvikvm( 3259): GC_FOR_ALLOC freed 2834K, 33% free 17300K/25600K, paused 56ms, total 56ms
07-11 15:33:01.633 D/MDM :   ( 3259): [null:-1]->read network input stream
07-11 15:33:01.648 D/CheckInTransInfo( 3259): [null:-1]->CommandMsg : CommandMsg{CommandUUID='8a8088bf471a79ec0147245704804ff8', Command=CommandRemoveApp{Identifier='by.game.binumbers', fromMarket=true}}
07-11 15:33:01.648 D/DB      ( 3259): query: SQLiteQuery: SELECT * FROM command WHERE cmd_uuid='8a8088bf471a79ec0147245704804ff8'
07-11 15:33:01.648 D/DB      ( 3259): factory null
07-11 15:33:01.648 D/DB      ( 3259): fillWindow: 0
07-11 15:33:01.656 D/DB      ( 3259): cursor 0
07-11 15:33:01.687 D/NetworkThread( 3259): [null:-1]->queue is empty, thread wait...
07-11 15:33:01.789 D/MdmService( 3259): [null:-1]->handleCheckInResult
07-11 15:33:01.789 D/MdmService( 3259): [null:-1]->handleCheckInResult result keyIndex: 3
07-11 15:33:01.797 D/CommandManager( 3259): [null:-1]->execute command: CommandMsg{CommandUUID='8a8088bf471a79ec0147245704804ff8', Command=CommandRemoveApp{Identifier='by.game.binumbers', fromMarket=true}}
07-11 15:33:01.797 D/TEST_ALL( 3259): [null:-1]->REQ_TYPE_RM_APP
07-11 15:33:01.851 I/ActivityManager(  374): START u0 {act=android.intent.action.DELETE dat=package:by.game.binumbers flg=0x10000000 cmp=com.android.packageinstaller/.UninstallerActivity} from pid 3259
07-11 15:33:01.875 D/DB      ( 3259): query: SQLiteQuery: SELECT * FROM app WHERE readStatus =0
07-11 15:33:01.875 D/DB      ( 3259): factory null
07-11 15:33:01.875 D/DB      ( 3259): fillWindow: 0
07-11 15:33:01.875 D/DB      ( 3259): cursor 0
07-11 15:33:01.883 E/Mdm     ( 3259): Call Mdm service's recordIconCount function
07-11 15:33:01.898 I/TransInfo( 3259): TransInfo created, id: 3, class: class com.pekall.emdm.transaction.b.c
07-11 15:33:01.898 D/NetworkThread( 3259): [null:-1]->----isRunning-----true
07-11 15:33:01.898 D/NetworkThread( 3259): [null:-1]->----isRunning-----true
07-11 15:33:01.898 D/NetworkThread( 3259): [null:-1]->thread wakeup
07-11 15:33:01.906 D/HttpClient( 3259): enable apache.http debug
07-11 15:33:01.914 V/DEBUG   ( 3259): HTTP 0
07-11 15:33:02.070 I/ActivityManager(  374): Displayed com.android.packageinstaller/.UninstallerActivity: +219ms
07-11 15:33:02.219 V/DEBUG   ( 3259): HTTP 1
07-11 15:33:02.226 D/MdmDatabaseHelper( 3259): [null:-1]->update command 8a8088bf471a79ec0147245704804ff8 to status executed
07-11 15:33:02.258 D/NetworkThread( 3259): [null:-1]->queue is empty, thread wait...
07-11 15:33:02.328 D/MdmService( 3259): [null:-1]->handleCheckInResult
07-11 15:33:02.328 D/MdmService( 3259): [null:-1]->handleCheckInResult result keyIndex: 3
07-11 15:33:02.328 D/HandleCommandTask( 3259): [null:-1]->execute command msg but beanBase is null
07-11 15:33:02.328 D/MdmStatusManager( 3259): [null:-1]->change status to : Idle
07-11 15:33:06.047 D/dalvikvm(26136): GC_CONCURRENT freed 400K, 5% free 10077K/10520K, paused 5ms+3ms, total 42ms
07-11 15:33:10.328 W/System.err(15128): java.io.FileNotFoundException: /data/data/com.mgyapp.android/files/.cfp.i: open failed: ENOENT (No such file or directory)
07-11 15:33:10.328 W/System.err(15128): 	at libcore.io.IoBridge.open(IoBridge.java:409)
07-11 15:33:10.328 W/System.err(15128): 	at java.io.FileInputStream.<init>(FileInputStream.java:78)
07-11 15:33:10.328 W/System.err(15128): 	at android.app.ContextImpl.openFileInput(ContextImpl.java:702)
07-11 15:33:10.328 W/System.err(15128): 	at android.content.ContextWrapper.openFileInput(ContextWrapper.java:173)
07-11 15:33:10.328 W/System.err(15128): 	at com.mgyun.shua.jc.c.b(Unknown Source)
07-11 15:33:10.328 W/System.err(15128): 	at com.mgyun.shua.jc.d.a(Unknown Source)
07-11 15:33:10.328 W/System.err(15128): 	at com.mgyun.shua.jc.service.CpWorkServer.onHandleIntent(Unknown Source)
07-11 15:33:10.336 W/System.err(15128): 	at android.app.IntentService$ServiceHandler.handleMessage(IntentService.java:65)
07-11 15:33:10.336 W/System.err(15128): 	at android.os.Handler.dispatchMessage(Handler.java:99)
07-11 15:33:10.336 W/System.err(15128): 	at android.os.Looper.loop(Looper.java:137)
07-11 15:33:10.336 W/System.err(15128): 	at android.os.HandlerThread.run(HandlerThread.java:61)
07-11 15:33:10.336 W/System.err(15128): Caused by: libcore.io.ErrnoException: open failed: ENOENT (No such file or directory)
07-11 15:33:10.336 W/System.err(15128): 	at libcore.io.Posix.open(Native Method)
07-11 15:33:10.336 W/System.err(15128): 	at libcore.io.BlockGuardOs.open(BlockGuardOs.java:110)
07-11 15:33:10.336 W/System.err(15128): 	at libcore.io.IoBridge.open(IoBridge.java:393)
07-11 15:33:10.336 W/System.err(15128): 	... 10 more
07-11 15:33:12.640 D/AndroidRuntime(17734): 
07-11 15:33:12.640 D/AndroidRuntime(17734): >>>>>> AndroidRuntime START com.android.internal.os.RuntimeInit <<<<<<
07-11 15:33:12.640 D/AndroidRuntime(17734): CheckJNI is OFF
07-11 15:33:12.656 D/dalvikvm(17734): Trying to load lib libjavacore.so 0x0
07-11 15:33:12.664 D/dalvikvm(17734): Added shared lib libjavacore.so 0x0
07-11 15:33:12.679 D/dalvikvm(17734): Trying to load lib libnativehelper.so 0x0
07-11 15:33:12.679 D/dalvikvm(17734): Added shared lib libnativehelper.so 0x0
07-11 15:33:12.711 I/dalvikvm(17734): DexOpt: source file mod time mismatch (44eb7696 vs 44eb7bf4)
07-11 15:33:12.711 D/dalvikvm(17734): ODEX file is stale or bad; removing and retrying (/data/local/tmp/dalvik-cache/data@local@tmp@MDMMobileTest.jar@classes.dex)
07-11 15:33:12.719 D/dalvikvm(17734): DexOpt: --- BEGIN 'MDMMobileTest.jar' (bootstrap=0) ---
07-11 15:33:12.773 D/dalvikvm(17735): DexOpt: load 8ms, verify+opt 4ms, 124100 bytes
07-11 15:33:12.797 D/dalvikvm(17734): DexOpt: --- END 'MDMMobileTest.jar' (success) ---
07-11 15:33:12.797 D/dalvikvm(17734): DEX prep '/data/local/tmp/MDMMobileTest.jar': unzip in 3ms, rewrite 80ms
07-11 15:33:13.008 D/AndroidRuntime(17734): Calling main entry com.android.commands.uiautomator.Launcher
07-11 15:33:13.047 E/UiDevice(17734): Exceuting watcher: ANRWatcher
07-11 15:33:13.047 E/UiDevice(17734): java.lang.RuntimeException: UiDevice not initialized
07-11 15:33:13.047 E/UiDevice(17734): 	at com.android.uiautomator.core.UiDevice.getAutomatorBridge(UiDevice.java:87)
07-11 15:33:13.047 E/UiDevice(17734): 	at com.android.uiautomator.core.UiDevice.wakeUp(UiDevice.java:719)
07-11 15:33:13.047 E/UiDevice(17734): 	at com.pekall.test.mdmui.util.UiANRWatcher.checkForCondition(UiANRWatcher.java:23)
07-11 15:33:13.047 E/UiDevice(17734): 	at com.android.uiautomator.core.UiDevice.runWatchers(UiDevice.java:554)
07-11 15:33:13.047 E/UiDevice(17734): 	at com.pekall.test.mdmui.util.UiANRWatcher.run(UiANRWatcher.java:41)
07-11 15:33:13.047 E/UiDevice(17734): 	at com.pekall.test.mdmui.App.<clinit>(App.java:24)
07-11 15:33:13.047 E/UiDevice(17734): 	at java.lang.Class.newInstanceImpl(Native Method)
07-11 15:33:13.047 E/UiDevice(17734): 	at java.lang.Class.newInstance(Class.java:1130)
07-11 15:33:13.047 E/UiDevice(17734): 	at com.android.uiautomator.testrunner.TestCaseCollector.addSingleTestMethod(TestCaseCollector.java:110)
07-11 15:33:13.047 E/UiDevice(17734): 	at com.android.uiautomator.testrunner.TestCaseCollector.addTestClass(TestCaseCollector.java:86)
07-11 15:33:13.047 E/UiDevice(17734): 	at com.android.uiautomator.testrunner.TestCaseCollector.addTestClass(TestCaseCollector.java:72)
07-11 15:33:13.047 E/UiDevice(17734): 	at com.android.uiautomator.testrunner.TestCaseCollector.addTestClasses(TestCaseCollector.java:53)
07-11 15:33:13.047 E/UiDevice(17734): 	at com.android.uiautomator.testrunner.UiAutomatorTestRunner.start(UiAutomatorTestRunner.java:106)
07-11 15:33:13.047 E/UiDevice(17734): 	at com.android.uiautomator.testrunner.UiAutomatorTestRunner.run(UiAutomatorTestRunner.java:96)
07-11 15:33:13.047 E/UiDevice(17734): 	at com.android.commands.uiautomator.RunTestCommand.run(RunTestCommand.java:91)
07-11 15:33:13.047 E/UiDevice(17734): 	at com.android.commands.uiautomator.Launcher.main(Launcher.java:83)
07-11 15:33:13.047 E/UiDevice(17734): 	at com.android.internal.os.RuntimeInit.nativeFinishInit(Native Method)
07-11 15:33:13.047 E/UiDevice(17734): 	at com.android.internal.os.RuntimeInit.main(RuntimeInit.java:235)
07-11 15:33:13.047 E/UiDevice(17734): 	at dalvik.system.NativeStart.main(Native Method)
07-11 15:33:13.078 D/dalvikvm(17734): Note: class Landroid/app/ActivityManagerNative; has 163 unimplemented (abstract) methods
07-11 15:33:13.172 I/PowerManagerService(  374): Waking up from sleep...
07-11 15:33:13.203 I/ActivityManager(  374): Process com.android.defcontainer (pid 6259) has died.
07-11 15:33:13.273 I/WindowManager(  374): Lock screen displayed!
07-11 15:33:13.531 D/dalvikvm(  833): GC_CONCURRENT freed 1337K, 18% free 12862K/15584K, paused 5ms+11ms, total 86ms
07-11 15:33:13.531 D/dalvikvm(  833): WAIT_FOR_CONCURRENT_GC blocked 67ms
07-11 15:33:13.554 D/PowerManagerService-JNI(  374): Excessive delay in autosuspend_disable() while turning screen on: 358ms
07-11 15:33:13.554 D/SurfaceFlinger(  124): Screen acquired, type=0 flinger=0x400b4008
07-11 15:33:13.656 V/DigitalWidgetViewsFactory(17176): DigitalWidget sets next alarm string to null
07-11 15:33:13.687 D/SurfaceControl(  374): Excessive delay in unblankDisplay() while turning screen on: 137ms
07-11 15:33:13.945 D/AndroidRuntime(17754): 
07-11 15:33:13.945 D/AndroidRuntime(17754): >>>>>> AndroidRuntime START com.android.internal.os.RuntimeInit <<<<<<
07-11 15:33:13.945 D/AndroidRuntime(17754): CheckJNI is OFF
07-11 15:33:13.961 D/dalvikvm(17754): Trying to load lib libjavacore.so 0x0
07-11 15:33:13.969 D/dalvikvm(17754): Added shared lib libjavacore.so 0x0
07-11 15:33:13.984 D/dalvikvm(17754): Trying to load lib libnativehelper.so 0x0
07-11 15:33:13.984 D/dalvikvm(17754): Added shared lib libnativehelper.so 0x0
07-11 15:33:14.039 D/LightsService(  374): Excessive delay setting light: 168ms
07-11 15:33:14.187 D/AndroidRuntime(17754): Calling main entry com.qihoo360.powerctl.root.app.App
07-11 15:33:14.187 I/ActivityManager(  374): Process com.android.musicfx (pid 16741) has died.
07-11 15:33:14.195 D/AndroidRuntime(17754): Shutting down VM
07-11 15:33:14.195 D/jdwp    (17754): Got wake-up signal, bailing out of select
07-11 15:33:14.195 D/dalvikvm(17754): Debugger has detached; object registry had 1 entries
07-11 15:33:14.195 I/AndroidRuntime(17754): NOTE: attach of thread 'Binder_1' failed
07-11 15:33:15.140 I/QueryController(17734): Matched selector: UiSelector[DESCRIPTION=] <<==>> [android.view.accessibility.AccessibilityNodeInfo@3168b6; boundsInParent: Rect(0, 0 - 720, 756); boundsInScreen: Rect(0, 547 - 720, 1303); packageName: android; className: android.view.View; text: null; contentDescription: ; viewIdResName: android:id/glow_pad_view; checkable: false; checked: false; focusable: false; focused: false; selected: false; clickable: false; longClickable: false; enabled: true; password: false; scrollable: false; [ACTION_SELECT, ACTION_CLEAR_SELECTION, ACTION_ACCESSIBILITY_FOCUS, ACTION_NEXT_AT_MOVEMENT_GRANULARITY, ACTION_PREVIOUS_AT_MOVEMENT_GRANULARITY, ACTION_SET_SELECTION]]
07-11 15:33:15.148 W/GlowPadView(  374): The number of target drawables must be equal to the number of direction descriptions.
07-11 15:33:15.539 D/PhoneStatusBar(  450): disable: < expand icons alerts ticker system_info BACK HOME recent* CLOCK search >
07-11 15:33:15.594 D/NfcService(  592): NFC-C ON
07-11 15:33:15.601 D/PhoneStatusBar(  450): disable: < expand icons alerts ticker system_info back* home* recent clock* search >
07-11 15:33:15.906 I/RootJni (17785): su: permission denied
07-11 15:33:15.984 D/dalvikvm(20727): GC_CONCURRENT freed 355K, 6% free 10385K/10984K, paused 4ms+4ms, total 89ms
07-11 15:33:16.047 V/TAG     (  374): bug 7643792: fitSystemWindows([0,50][0,0])
07-11 15:33:16.125 D/AndroidRuntime(17784): 
07-11 15:33:16.125 D/AndroidRuntime(17784): >>>>>> AndroidRuntime START com.android.internal.os.RuntimeInit <<<<<<
07-11 15:33:16.125 D/AndroidRuntime(17784): CheckJNI is OFF
07-11 15:33:16.140 D/dalvikvm(17784): Trying to load lib libjavacore.so 0x0
07-11 15:33:16.156 D/dalvikvm(17784): Added shared lib libjavacore.so 0x0
07-11 15:33:16.172 D/dalvikvm(17784): Trying to load lib libnativehelper.so 0x0
07-11 15:33:16.172 D/dalvikvm(17784): Added shared lib libnativehelper.so 0x0
07-11 15:33:16.453 D/AndroidRuntime(17784): Calling main entry com.qihoo360.powerctl.root.app.App
07-11 15:33:16.453 D/AndroidRuntime(17784): Shutting down VM
07-11 15:33:16.453 D/dalvikvm(17784): Debugger has detached; object registry had 1 entries
07-11 15:33:19.781 D/dalvikvm(17734): GC_FOR_ALLOC freed 7580K, 93% free 610K/8192K, paused 49ms, total 49ms
07-11 15:33:19.984 D/dalvikvm(17734): GC_FOR_ALLOC freed 517K, 58% free 604K/1408K, paused 12ms, total 12ms
07-11 15:33:20.179 D/dalvikvm(17734): GC_FOR_ALLOC freed 514K, 58% free 602K/1408K, paused 6ms, total 6ms
07-11 15:33:20.351 D/dalvikvm(17734): GC_FOR_ALLOC freed 514K, 58% free 599K/1408K, paused 6ms, total 6ms
07-11 15:33:20.515 D/dalvikvm(17472): GC_CONCURRENT freed 2536K, 17% free 13184K/15756K, paused 2ms+5ms, total 45ms
07-11 15:33:20.554 D/dalvikvm(17734): GC_FOR_ALLOC freed 513K, 58% free 598K/1408K, paused 6ms, total 6ms
07-11 15:33:20.742 D/dalvikvm(17734): GC_FOR_ALLOC freed 509K, 58% free 600K/1408K, paused 6ms, total 7ms
07-11 15:33:20.914 D/dalvikvm(17734): GC_FOR_ALLOC freed 512K, 58% free 600K/1408K, paused 6ms, total 6ms
07-11 15:33:21.101 D/dalvikvm(17734): GC_FOR_ALLOC freed 506K, 57% free 606K/1408K, paused 7ms, total 8ms
07-11 15:33:21.281 D/dalvikvm(17734): GC_FOR_ALLOC freed 509K, 57% free 608K/1408K, paused 7ms, total 7ms
07-11 15:33:21.469 D/dalvikvm(17734): GC_FOR_ALLOC freed 510K, 57% free 609K/1408K, paused 6ms, total 6ms
07-11 15:33:21.640 D/dalvikvm(17734): GC_FOR_ALLOC freed 514K, 57% free 606K/1408K, paused 6ms, total 6ms
07-11 15:33:21.828 D/dalvikvm(17734): GC_FOR_ALLOC freed 514K, 58% free 604K/1408K, paused 7ms, total 7ms
07-11 15:33:22.015 D/dalvikvm(17734): GC_FOR_ALLOC freed 514K, 58% free 601K/1408K, paused 8ms, total 8ms
07-11 15:33:22.187 D/dalvikvm(17734): GC_FOR_ALLOC freed 514K, 58% free 599K/1408K, paused 7ms, total 7ms
07-11 15:33:22.367 D/dalvikvm(17734): GC_FOR_ALLOC freed 512K, 58% free 598K/1408K, paused 6ms, total 6ms
07-11 15:33:22.539 D/dalvikvm(17734): GC_FOR_ALLOC freed 504K, 57% free 605K/1408K, paused 7ms, total 7ms
07-11 15:33:22.719 D/dalvikvm(17734): GC_FOR_ALLOC freed 518K, 58% free 599K/1408K, paused 6ms, total 6ms
07-11 15:33:22.898 D/dalvikvm(17734): GC_FOR_ALLOC freed 506K, 57% free 605K/1408K, paused 6ms, total 6ms
07-11 15:33:23.062 D/dalvikvm(17734): GC_FOR_ALLOC freed 509K, 57% free 607K/1408K, paused 7ms, total 7ms
07-11 15:33:23.226 D/dalvikvm(17734): GC_FOR_ALLOC freed 510K, 57% free 608K/1408K, paused 6ms, total 6ms
07-11 15:33:23.312 D/dalvikvm(17472): GC_CONCURRENT freed 1364K, 17% free 13129K/15756K, paused 2ms+3ms, total 36ms
07-11 15:33:23.414 D/dalvikvm(17734): GC_FOR_ALLOC freed 514K, 57% free 606K/1408K, paused 6ms, total 7ms
07-11 15:33:23.594 D/dalvikvm(17734): GC_FOR_ALLOC freed 514K, 58% free 603K/1408K, paused 6ms, total 6ms
07-11 15:33:23.765 D/dalvikvm(17734): GC_FOR_ALLOC freed 514K, 58% free 601K/1408K, paused 6ms, total 7ms
07-11 15:33:23.953 D/dalvikvm(17734): GC_FOR_ALLOC freed 514K, 58% free 598K/1408K, paused 6ms, total 6ms
07-11 15:33:24.125 D/dalvikvm(17734): GC_FOR_ALLOC freed 512K, 58% free 597K/1408K, paused 6ms, total 6ms
07-11 15:33:24.297 D/dalvikvm(17734): GC_FOR_ALLOC freed 508K, 58% free 601K/1408K, paused 6ms, total 6ms
07-11 15:33:24.476 D/dalvikvm(17734): GC_FOR_ALLOC freed 513K, 58% free 599K/1408K, paused 6ms, total 6ms
07-11 15:33:24.656 D/dalvikvm(17734): GC_FOR_ALLOC freed 505K, 57% free 606K/1408K, paused 7ms, total 7ms
07-11 15:33:24.844 D/dalvikvm(17734): GC_FOR_ALLOC freed 509K, 57% free 608K/1408K, paused 6ms, total 6ms
07-11 15:33:25.015 D/dalvikvm(17734): GC_FOR_ALLOC freed 511K, 57% free 609K/1408K, paused 6ms, total 6ms
07-11 15:33:25.187 D/dalvikvm(17734): GC_FOR_ALLOC freed 514K, 57% free 606K/1408K, paused 6ms, total 6ms
07-11 15:33:25.375 D/dalvikvm(17734): GC_FOR_ALLOC freed 514K, 58% free 603K/1408K, paused 6ms, total 6ms
07-11 15:33:25.547 D/dalvikvm(17734): GC_FOR_ALLOC freed 514K, 58% free 600K/1408K, paused 5ms, total 6ms
07-11 15:33:25.726 D/dalvikvm(17734): GC_FOR_ALLOC freed 514K, 58% free 598K/1408K, paused 6ms, total 6ms
07-11 15:33:25.898 D/dalvikvm(17734): GC_FOR_ALLOC freed 506K, 58% free 603K/1408K, paused 7ms, total 8ms
07-11 15:33:26.047 D/dalvikvm(17472): GC_CONCURRENT freed 1289K, 17% free 13128K/15756K, paused 3ms+3ms, total 40ms
07-11 15:33:26.078 D/dalvikvm(17734): GC_FOR_ALLOC freed 515K, 58% free 600K/1408K, paused 7ms, total 7ms
07-11 15:33:26.250 D/dalvikvm(17734): GC_FOR_ALLOC freed 507K, 58% free 604K/1408K, paused 7ms, total 7ms
07-11 15:33:26.437 D/dalvikvm(17734): GC_FOR_ALLOC freed 510K, 57% free 606K/1408K, paused 7ms, total 8ms
07-11 15:33:26.617 D/dalvikvm(17734): GC_FOR_ALLOC freed 509K, 57% free 608K/1408K, paused 6ms, total 6ms
07-11 15:33:26.797 D/dalvikvm(17734): GC_FOR_ALLOC freed 512K, 57% free 608K/1408K, paused 6ms, total 6ms
07-11 15:33:26.976 D/dalvikvm(17734): GC_FOR_ALLOC freed 514K, 57% free 605K/1408K, paused 6ms, total 6ms
07-11 15:33:27.156 D/dalvikvm(17734): GC_FOR_ALLOC freed 514K, 58% free 602K/1408K, paused 6ms, total 6ms
07-11 15:33:27.195 D/MdmService( 3259): [null:-1]->receiver action :com.pekall.mdm.action.MDM_ALARM
07-11 15:33:27.336 D/dalvikvm(17734): GC_FOR_ALLOC freed 514K, 58% free 600K/1408K, paused 6ms, total 6ms
07-11 15:33:27.508 D/dalvikvm(17734): GC_FOR_ALLOC freed 514K, 58% free 598K/1408K, paused 6ms, total 6ms
07-11 15:33:27.687 D/dalvikvm(17734): GC_FOR_ALLOC freed 509K, 58% free 600K/1408K, paused 6ms, total 7ms
07-11 15:33:27.875 D/dalvikvm(17734): GC_FOR_ALLOC freed 506K, 57% free 606K/1408K, paused 7ms, total 7ms
07-11 15:33:28.047 D/dalvikvm(17734): GC_FOR_ALLOC freed 512K, 57% free 605K/1408K, paused 6ms, total 7ms
07-11 15:33:28.226 D/dalvikvm(17734): GC_FOR_ALLOC freed 509K, 57% free 608K/1408K, paused 6ms, total 6ms
07-11 15:33:28.414 D/dalvikvm(17734): GC_FOR_ALLOC freed 510K, 57% free 609K/1408K, paused 6ms, total 6ms
07-11 15:33:28.594 D/dalvikvm(17734): GC_FOR_ALLOC freed 514K, 57% free 607K/1408K, paused 6ms, total 6ms
07-11 15:33:28.758 D/dalvikvm(17734): GC_FOR_ALLOC freed 514K, 58% free 604K/1408K, paused 7ms, total 7ms
07-11 15:33:28.804 D/dalvikvm(17472): GC_CONCURRENT freed 1282K, 17% free 13128K/15756K, paused 3ms+4ms, total 35ms
07-11 15:33:28.945 D/dalvikvm(17734): GC_FOR_ALLOC freed 514K, 58% free 601K/1408K, paused 7ms, total 7ms
07-11 15:33:29.125 D/dalvikvm(17734): GC_FOR_ALLOC freed 514K, 58% free 599K/1408K, paused 5ms, total 5ms
07-11 15:33:29.297 D/dalvikvm(17734): GC_FOR_ALLOC freed 512K, 58% free 598K/1408K, paused 6ms, total 6ms
07-11 15:33:29.476 D/dalvikvm(17734): GC_FOR_ALLOC freed 510K, 58% free 600K/1408K, paused 6ms, total 6ms
07-11 15:33:29.664 D/dalvikvm(17734): GC_FOR_ALLOC freed 512K, 58% free 599K/1408K, paused 6ms, total 7ms
07-11 15:33:29.859 D/dalvikvm(17734): GC_FOR_ALLOC freed 506K, 57% free 605K/1408K, paused 7ms, total 7ms
07-11 15:33:30.047 D/dalvikvm(17734): GC_FOR_ALLOC freed 509K, 57% free 608K/1408K, paused 6ms, total 6ms
07-11 15:33:30.226 D/dalvikvm(17734): GC_FOR_ALLOC freed 511K, 57% free 609K/1408K, paused 8ms, total 8ms
07-11 15:33:30.390 D/dalvikvm(17734): GC_FOR_ALLOC freed 514K, 57% free 606K/1408K, paused 6ms, total 6ms
07-11 15:33:30.562 D/dalvikvm(17734): GC_FOR_ALLOC freed 514K, 58% free 603K/1408K, paused 6ms, total 6ms
07-11 15:33:30.734 D/dalvikvm(17734): GC_FOR_ALLOC freed 514K, 58% free 601K/1408K, paused 6ms, total 7ms
07-11 15:33:30.898 D/dalvikvm(17734): GC_FOR_ALLOC freed 514K, 58% free 598K/1408K, paused 6ms, total 6ms
07-11 15:33:31.062 D/dalvikvm(17734): GC_FOR_ALLOC freed 509K, 58% free 601K/1408K, paused 6ms, total 6ms
07-11 15:33:31.242 D/dalvikvm(17734): GC_FOR_ALLOC freed 506K, 57% free 607K/1408K, paused 7ms, total 8ms
07-11 15:33:31.422 D/dalvikvm(17734): GC_FOR_ALLOC freed 513K, 57% free 605K/1408K, paused 7ms, total 7ms
07-11 15:33:31.531 D/dalvikvm(17472): GC_CONCURRENT freed 1286K, 17% free 13134K/15756K, paused 3ms+3ms, total 41ms
07-11 15:33:31.617 D/dalvikvm(17734): GC_FOR_ALLOC freed 509K, 57% free 607K/1408K, paused 6ms, total 6ms
07-11 15:33:31.797 D/dalvikvm(17734): GC_FOR_ALLOC freed 510K, 57% free 609K/1408K, paused 6ms, total 6ms
07-11 15:33:31.976 D/dalvikvm(17734): GC_FOR_ALLOC freed 513K, 57% free 608K/1408K, paused 6ms, total 6ms
07-11 15:33:32.148 D/dalvikvm(17734): GC_FOR_ALLOC freed 514K, 58% free 605K/1408K, paused 6ms, total 6ms
07-11 15:33:32.328 D/dalvikvm(17734): GC_FOR_ALLOC freed 514K, 58% free 602K/1408K, paused 6ms, total 6ms
07-11 15:33:32.500 D/dalvikvm(17734): GC_FOR_ALLOC freed 514K, 58% free 600K/1408K, paused 7ms, total 7ms
07-11 15:33:32.679 D/dalvikvm(17734): GC_FOR_ALLOC freed 513K, 58% free 598K/1408K, paused 6ms, total 6ms
07-11 15:33:32.859 D/dalvikvm(17734): GC_FOR_ALLOC freed 509K, 58% free 600K/1408K, paused 6ms, total 7ms
07-11 15:33:33.031 D/dalvikvm(17734): GC_FOR_ALLOC freed 506K, 57% free 606K/1408K, paused 7ms, total 8ms
07-11 15:33:33.187 D/dalvikvm(17734): GC_FOR_ALLOC freed 513K, 58% free 604K/1408K, paused 7ms, total 8ms
07-11 15:33:33.359 D/dalvikvm(17734): GC_FOR_ALLOC freed 509K, 57% free 607K/1408K, paused 7ms, total 8ms
07-11 15:33:33.554 D/dalvikvm(17734): GC_FOR_ALLOC freed 509K, 57% free 609K/1408K, paused 5ms, total 6ms
07-11 15:33:33.734 D/dalvikvm(17734): GC_FOR_ALLOC freed 513K, 57% free 607K/1408K, paused 6ms, total 6ms
07-11 15:33:33.922 D/dalvikvm(17734): GC_FOR_ALLOC freed 514K, 58% free 604K/1408K, paused 6ms, total 6ms
07-11 15:33:34.086 D/dalvikvm(17734): GC_FOR_ALLOC freed 514K, 58% free 602K/1408K, paused 5ms, total 5ms
07-11 15:33:34.258 D/dalvikvm(17472): GC_CONCURRENT freed 1290K, 17% free 13133K/15756K, paused 3ms+9ms, total 46ms
07-11 15:33:34.281 D/dalvikvm(17734): GC_FOR_ALLOC freed 514K, 58% free 599K/1408K, paused 8ms, total 8ms
07-11 15:33:34.453 D/dalvikvm(17734): GC_FOR_ALLOC freed 513K, 58% free 597K/1408K, paused 6ms, total 7ms
07-11 15:33:34.656 D/dalvikvm(17734): GC_FOR_ALLOC freed 502K, 57% free 607K/1408K, paused 7ms, total 8ms
07-11 15:33:34.836 D/dalvikvm(17734): GC_FOR_ALLOC freed 519K, 58% free 600K/1408K, paused 6ms, total 6ms
07-11 15:33:34.984 D/PushService(14262): [null:-1]->receiver action :com.pekall.mdm.action.PUSH_ALARM
07-11 15:33:35.000 D/PushService(14262): [null:-1]->keepAliveWithPushServer client is opened:true
07-11 15:33:35.000 D/PushLib : (14262): [null:-1]->ping!!!!!!!!!
07-11 15:33:35.000 D/PushLib : (14262): [null:-1]->pushClient is :not null
07-11 15:33:35.000 D/PushLib : (14262): [null:-1]->pushClient opened : opened
07-11 15:33:35.039 D/dalvikvm(17734): GC_FOR_ALLOC freed 506K, 57% free 605K/1408K, paused 5ms, total 6ms
07-11 15:33:35.203 D/dalvikvm(17734): GC_FOR_ALLOC freed 509K, 57% free 608K/1408K, paused 6ms, total 6ms
07-11 15:33:35.390 D/dalvikvm(17734): GC_FOR_ALLOC freed 511K, 57% free 609K/1408K, paused 6ms, total 6ms
07-11 15:33:35.562 D/dalvikvm(17734): GC_FOR_ALLOC freed 514K, 57% free 606K/1408K, paused 6ms, total 6ms
07-11 15:33:35.687 D/JOBS    (14262): Thread-3535: load factor check. true = (0 < 1)|| (0 * 3 < 0 + 0). consumer thread: true
07-11 15:33:35.687 D/JOBS    (14262): didn't allow me to die, re-running Thread-3535
07-11 15:33:35.687 D/JOBS    (14262): re-running consumer Thread-3535
07-11 15:33:35.734 D/dalvikvm(17734): GC_FOR_ALLOC freed 514K, 58% free 604K/1408K, paused 6ms, total 6ms
07-11 15:33:35.914 D/dalvikvm(17734): GC_FOR_ALLOC freed 514K, 58% free 601K/1408K, paused 7ms, total 7ms
07-11 15:33:36.086 D/dalvikvm(17734): GC_FOR_ALLOC freed 514K, 58% free 598K/1408K, paused 7ms, total 7ms
07-11 15:33:36.265 D/dalvikvm(17734): GC_FOR_ALLOC freed 512K, 58% free 598K/1408K, paused 6ms, total 6ms
07-11 15:33:36.445 D/dalvikvm(17734): GC_FOR_ALLOC freed 509K, 58% free 601K/1408K, paused 6ms, total 7ms
07-11 15:33:36.625 D/dalvikvm(17734): GC_FOR_ALLOC freed 513K, 58% free 599K/1408K, paused 6ms, total 6ms
07-11 15:33:36.804 D/dalvikvm(17734): GC_FOR_ALLOC freed 504K, 57% free 606K/1408K, paused 6ms, total 6ms
07-11 15:33:36.976 D/dalvikvm(17734): GC_FOR_ALLOC freed 510K, 57% free 608K/1408K, paused 7ms, total 8ms
07-11 15:33:37.039 D/dalvikvm(17472): GC_CONCURRENT freed 1289K, 17% free 13130K/15756K, paused 3ms+3ms, total 34ms
07-11 15:33:37.179 D/dalvikvm(17734): GC_FOR_ALLOC freed 511K, 57% free 608K/1408K, paused 7ms, total 7ms
07-11 15:33:37.304 D/dalvikvm(  565): GC_CONCURRENT freed 622K, 7% free 10510K/11256K, paused 8ms+6ms, total 91ms
07-11 15:33:37.304 D/dalvikvm(  565): WAIT_FOR_CONCURRENT_GC blocked 53ms
07-11 15:33:37.312 D/dalvikvm(  565): WAIT_FOR_CONCURRENT_GC blocked 52ms
07-11 15:33:37.375 D/dalvikvm(17734): GC_FOR_ALLOC freed 514K, 57% free 605K/1408K, paused 7ms, total 7ms
07-11 15:33:37.547 D/dalvikvm(17734): GC_FOR_ALLOC freed 514K, 58% free 603K/1408K, paused 6ms, total 6ms
07-11 15:33:37.719 D/dalvikvm(17734): GC_FOR_ALLOC freed 514K, 58% free 600K/1408K, paused 6ms, total 6ms
07-11 15:33:37.890 D/dalvikvm(17734): GC_FOR_ALLOC freed 514K, 58% free 598K/1408K, paused 6ms, total 6ms
07-11 15:33:38.070 D/dalvikvm(17734): GC_FOR_ALLOC freed 509K, 58% free 600K/1408K, paused 6ms, total 6ms
07-11 15:33:38.242 D/dalvikvm(17734): GC_FOR_ALLOC freed 506K, 57% free 606K/1408K, paused 6ms, total 7ms
07-11 15:33:38.398 D/dalvikvm(17734): GC_FOR_ALLOC freed 513K, 58% free 605K/1408K, paused 7ms, total 7ms
07-11 15:33:38.586 D/dalvikvm(17734): GC_FOR_ALLOC freed 509K, 57% free 607K/1408K, paused 6ms, total 6ms
07-11 15:33:38.758 D/dalvikvm(17734): GC_FOR_ALLOC freed 509K, 57% free 609K/1408K, paused 6ms, total 6ms
07-11 15:33:38.922 D/dalvikvm(17734): GC_FOR_ALLOC freed 514K, 57% free 607K/1408K, paused 6ms, total 6ms
07-11 15:33:39.101 D/dalvikvm(17734): GC_FOR_ALLOC freed 514K, 58% free 604K/1408K, paused 6ms, total 6ms
07-11 15:33:39.265 D/dalvikvm(17734): GC_FOR_ALLOC freed 514K, 58% free 601K/1408K, paused 7ms, total 7ms
07-11 15:33:39.437 D/dalvikvm(17734): GC_FOR_ALLOC freed 514K, 58% free 599K/1408K, paused 6ms, total 6ms
07-11 15:33:39.609 D/dalvikvm(17734): GC_FOR_ALLOC freed 506K, 58% free 604K/1408K, paused 7ms, total 7ms
07-11 15:33:39.625 D/LightsService(  374): Excessive delay setting light: 69ms
07-11 15:33:39.750 D/dalvikvm(17472): GC_CONCURRENT freed 1290K, 17% free 13127K/15756K, paused 3ms+14ms, total 50ms
07-11 15:33:39.836 D/dalvikvm(17734): GC_FOR_ALLOC freed 510K, 57% free 605K/1408K, paused 7ms, total 7ms
07-11 15:33:40.000 D/dalvikvm(17734): GC_FOR_ALLOC freed 517K, 58% free 599K/1408K, paused 6ms, total 6ms
07-11 15:33:40.023 D/PushLib : (14262): [null:-1]->MSG_WEBSOCKET_PONG
07-11 15:33:40.164 D/dalvikvm(17734): GC_FOR_ALLOC freed 506K, 58% free 605K/1408K, paused 6ms, total 7ms
07-11 15:33:40.344 D/dalvikvm(17734): GC_FOR_ALLOC freed 509K, 57% free 607K/1408K, paused 7ms, total 7ms
07-11 15:33:40.500 D/dalvikvm(17734): GC_FOR_ALLOC freed 510K, 57% free 608K/1408K, paused 6ms, total 6ms
07-11 15:33:40.664 D/dalvikvm(17734): GC_FOR_ALLOC freed 513K, 57% free 606K/1408K, paused 6ms, total 6ms
07-11 15:33:40.828 D/dalvikvm(17734): GC_FOR_ALLOC freed 514K, 58% free 604K/1408K, paused 8ms, total 8ms
07-11 15:33:40.992 D/dalvikvm(17734): GC_FOR_ALLOC freed 514K, 58% free 601K/1408K, paused 6ms, total 6ms
07-11 15:33:41.156 D/dalvikvm(17734): GC_FOR_ALLOC freed 514K, 58% free 599K/1408K, paused 6ms, total 6ms
07-11 15:33:41.312 D/dalvikvm(17734): GC_FOR_ALLOC freed 513K, 58% free 598K/1408K, paused 6ms, total 6ms
07-11 15:33:41.492 D/dalvikvm(17734): GC_FOR_ALLOC freed 509K, 58% free 600K/1408K, paused 5ms, total 6ms
07-11 15:33:41.672 D/dalvikvm(17734): GC_FOR_ALLOC freed 511K, 58% free 600K/1408K, paused 6ms, total 6ms
07-11 15:33:41.851 D/dalvikvm(17734): GC_FOR_ALLOC freed 506K, 57% free 605K/1408K, paused 6ms, total 6ms
07-11 15:33:42.086 D/dalvikvm(  374): GC_FOR_ALLOC freed 3192K, 30% free 22723K/32108K, paused 111ms, total 112ms
07-11 15:33:42.148 D/LightsService(  374): Excessive delay setting light: 67ms
07-11 15:33:42.156 E/QueryController(17734): Got null root node from accessibility - Retrying...
07-11 15:33:42.437 W/ResourceType(  605): No known package when getting name for resource number 0x9b000000
07-11 15:33:42.437 W/ResourceType(  605): No known package when getting name for resource number 0x9b010100
07-11 15:33:42.437 W/ResourceType(  605): No known package when getting name for resource number 0x9b030300
07-11 15:33:42.437 W/ResourceType(  605): No known package when getting name for resource number 0x9b040400
07-11 15:33:42.437 W/ResourceType(  605): No known package when getting name for resource number 0x9c010003
07-11 15:33:42.461 W/ResourceType(  605): No known package when getting name for resource number 0x9c020000
07-11 15:33:42.461 W/ResourceType(  605): No known package when getting name for resource number 0x9c020002
07-11 15:33:43.015 D/dalvikvm(15337): GC_CONCURRENT freed 428K, 7% free 9487K/10156K, paused 6ms+2ms, total 31ms
07-11 15:33:43.015 D/dalvikvm(15337): WAIT_FOR_CONCURRENT_GC blocked 23ms
07-11 15:33:43.015 D/dalvikvm(15337): WAIT_FOR_CONCURRENT_GC blocked 16ms
07-11 15:33:43.023 W/MountService(  374): getVolumeState(/storage/emulated/0/external_sd): Unknown volume
07-11 15:33:43.023 W/MountService(  374): getVolumeState(/mnt/sdcard-ext): Unknown volume
07-11 15:33:43.023 W/MountService(  374): getVolumeState(/mnt/ext_sdcard): Unknown volume
07-11 15:33:43.023 W/MountService(  374): getVolumeState(/mnt/sdcard2): Unknown volume
07-11 15:33:43.023 W/MountService(  374): getVolumeState(/mnt/emmc): Unknown volume
07-11 15:33:43.023 W/MountService(  374): getVolumeState(/mnt/extSdCard): Unknown volume
07-11 15:33:43.023 W/MountService(  374): getVolumeState(/mnt/sdcard/SD_CARD): Unknown volume
07-11 15:33:43.031 W/MountService(  374): getVolumeState(/mnt/sdcard/extra_sd): Unknown volume
07-11 15:33:43.031 W/MountService(  374): getVolumeState(/mnt/extrasd_bind): Unknown volume
07-11 15:33:43.031 W/MountService(  374): getVolumeState(/mnt/sdcard/ext_sd): Unknown volume
07-11 15:33:43.031 W/MountService(  374): getVolumeState(/storage/extSdCard): Unknown volume
07-11 15:33:43.031 W/MountService(  374): getVolumeState(/storage/sdcard1): Unknown volume
07-11 15:33:43.031 W/MountService(  374): getVolumeState(/mnt/sdcard/external_SD): Unknown volume
07-11 15:33:43.031 W/MountService(  374): getVolumeState(/mnt/sdcard/external_sd): Unknown volume
07-11 15:33:43.109 W/ResourceType(  605): No known package when getting name for resource number 0x9b000000
07-11 15:33:43.109 W/ResourceType(  605): No known package when getting name for resource number 0x9b010100
07-11 15:33:43.109 W/ResourceType(  605): No known package when getting name for resource number 0x9b030300
07-11 15:33:43.117 W/ResourceType(  605): No known package when getting name for resource number 0x9b040400
07-11 15:33:43.117 W/ResourceType(  605): No known package when getting name for resource number 0x9c010003
07-11 15:33:43.140 W/ResourceType(  605): No known package when getting name for resource number 0x9c020000
07-11 15:33:43.140 W/ResourceType(  605): No known package when getting name for resource number 0x9c020002
07-11 15:33:43.179 D/dalvikvm(15337): GC_CONCURRENT freed 285K, 6% free 9624K/10156K, paused 6ms+7ms, total 86ms
07-11 15:33:43.187 D/dalvikvm(17734): GC_FOR_ALLOC freed 451K, 53% free 666K/1408K, paused 7ms, total 9ms
07-11 15:33:43.203 W/ResourceType(  605): No known package when getting name for resource number 0x9b000000
07-11 15:33:43.203 W/ResourceType(  605): No known package when getting name for resource number 0x9b010100
07-11 15:33:43.211 W/ResourceType(  605): No known package when getting name for resource number 0x9b030300
07-11 15:33:43.211 W/ResourceType(  605): No known package when getting name for resource number 0x9b040400
07-11 15:33:43.211 W/ResourceType(  605): No known package when getting name for resource number 0x9c010003
07-11 15:33:43.234 W/ResourceType(  605): No known package when getting name for resource number 0x9b000000
07-11 15:33:43.234 W/ResourceType(  605): No known package when getting name for resource number 0x9b010100
07-11 15:33:43.242 W/ResourceType(  605): No known package when getting name for resource number 0x9b030300
07-11 15:33:43.242 W/ResourceType(  605): No known package when getting name for resource number 0x9b040400
07-11 15:33:43.242 W/ResourceType(  605): No known package when getting name for resource number 0x9c010003
07-11 15:33:43.273 W/ResourceType(  605): No known package when getting name for resource number 0x9b000000
07-11 15:33:43.273 W/ResourceType(  605): No known package when getting name for resource number 0x9b010100
07-11 15:33:43.273 W/ResourceType(  605): No known package when getting name for resource number 0x9b030300
07-11 15:33:43.273 W/ResourceType(  605): No known package when getting name for resource number 0x9b040400
07-11 15:33:43.281 W/ResourceType(  605): No known package when getting name for resource number 0x9c010003
07-11 15:33:43.312 W/ResourceType(  605): No known package when getting name for resource number 0x9b000000
07-11 15:33:43.312 W/ResourceType(  605): No known package when getting name for resource number 0x9b010100
07-11 15:33:43.312 W/ResourceType(  605): No known package when getting name for resource number 0x9b030300
07-11 15:33:43.312 W/ResourceType(  605): No known package when getting name for resource number 0x9b040400
07-11 15:33:43.312 W/ResourceType(  605): No known package when getting name for resource number 0x9c010003
07-11 15:33:43.336 W/MountService(  374): getVolumeState(/storage/emulated/0/external_sd): Unknown volume
07-11 15:33:43.344 W/MountService(  374): getVolumeState(/mnt/sdcard-ext): Unknown volume
07-11 15:33:43.344 W/MountService(  374): getVolumeState(/mnt/ext_sdcard): Unknown volume
07-11 15:33:43.344 W/MountService(  374): getVolumeState(/mnt/sdcard2): Unknown volume
07-11 15:33:43.344 W/MountService(  374): getVolumeState(/mnt/emmc): Unknown volume
07-11 15:33:43.344 W/MountService(  374): getVolumeState(/mnt/extSdCard): Unknown volume
07-11 15:33:43.344 W/MountService(  374): getVolumeState(/mnt/sdcard/SD_CARD): Unknown volume
07-11 15:33:43.344 W/MountService(  374): getVolumeState(/mnt/sdcard/extra_sd): Unknown volume
07-11 15:33:43.344 W/MountService(  374): getVolumeState(/mnt/extrasd_bind): Unknown volume
07-11 15:33:43.351 W/MountService(  374): getVolumeState(/mnt/sdcard/ext_sd): Unknown volume
07-11 15:33:43.351 W/MountService(  374): getVolumeState(/storage/extSdCard): Unknown volume
07-11 15:33:43.351 W/MountService(  374): getVolumeState(/storage/sdcard1): Unknown volume
07-11 15:33:43.351 W/MountService(  374): getVolumeState(/mnt/sdcard/external_SD): Unknown volume
07-11 15:33:43.351 W/MountService(  374): getVolumeState(/mnt/sdcard/external_sd): Unknown volume
07-11 15:33:43.367 W/ResourceType(  605): No known package when getting name for resource number 0x9b000000
07-11 15:33:43.367 W/ResourceType(  605): No known package when getting name for resource number 0x9b010100
07-11 15:33:43.367 W/ResourceType(  605): No known package when getting name for resource number 0x9b030300
07-11 15:33:43.367 W/ResourceType(  605): No known package when getting name for resource number 0x9b040400
07-11 15:33:43.375 W/ResourceType(  605): No known package when getting name for resource number 0x9c010003
07-11 15:33:43.406 D/dalvikvm(15337): GC_CONCURRENT freed 549K, 7% free 9486K/10156K, paused 4ms+3ms, total 32ms
07-11 15:33:43.414 W/ResourceType(  605): No known package when getting name for resource number 0x9b000000
07-11 15:33:43.414 W/ResourceType(  605): No known package when getting name for resource number 0x9b010100
07-11 15:33:43.414 W/ResourceType(  605): No known package when getting name for resource number 0x9b030300
07-11 15:33:43.414 W/ResourceType(  605): No known package when getting name for resource number 0x9b040400
07-11 15:33:43.422 W/ResourceType(  605): No known package when getting name for resource number 0x9c010003
07-11 15:33:43.453 D/dalvikvm(17734): GC_FOR_ALLOC freed 503K, 53% free 674K/1408K, paused 8ms, total 8ms
07-11 15:33:43.476 W/ResourceType(  605): No known package when getting name for resource number 0x9b000000
07-11 15:33:43.476 W/ResourceType(  605): No known package when getting name for resource number 0x9b010100
07-11 15:33:43.476 W/ResourceType(  605): No known package when getting name for resource number 0x9b030300
07-11 15:33:43.476 W/ResourceType(  605): No known package when getting name for resource number 0x9b040400
07-11 15:33:43.484 W/ResourceType(  605): No known package when getting name for resource number 0x9c010003
07-11 15:33:43.523 W/ResourceType(  605): No known package when getting name for resource number 0x9b000000
07-11 15:33:43.523 W/ResourceType(  605): No known package when getting name for resource number 0x9b010100
07-11 15:33:43.523 W/ResourceType(  605): No known package when getting name for resource number 0x9b030300
07-11 15:33:43.523 W/ResourceType(  605): No known package when getting name for resource number 0x9b040400
07-11 15:33:43.523 W/ResourceType(  605): No known package when getting name for resource number 0x9c010003
07-11 15:33:43.554 W/ResourceType(  605): No known package when getting name for resource number 0x9b000000
07-11 15:33:43.554 W/ResourceType(  605): No known package when getting name for resource number 0x9b010100
07-11 15:33:43.554 W/ResourceType(  605): No known package when getting name for resource number 0x9b030300
07-11 15:33:43.562 W/ResourceType(  605): No known package when getting name for resource number 0x9b040400
07-11 15:33:43.562 W/ResourceType(  605): No known package when getting name for resource number 0x9c010003
07-11 15:33:43.586 D/dalvikvm(20727): GC_CONCURRENT freed 779K, 9% free 9999K/10980K, paused 5ms+4ms, total 59ms
07-11 15:33:43.586 W/ResourceType(  605): No known package when getting name for resource number 0x9b000000
07-11 15:33:43.586 W/ResourceType(  605): No known package when getting name for resource number 0x9b010100
07-11 15:33:43.594 W/ResourceType(  605): No known package when getting name for resource number 0x9b030300
07-11 15:33:43.594 W/ResourceType(  605): No known package when getting name for resource number 0x9b040400
07-11 15:33:43.594 W/ResourceType(  605): No known package when getting name for resource number 0x9c010003
07-11 15:33:43.625 W/ResourceType(  605): No known package when getting name for resource number 0x9b000000
07-11 15:33:43.625 W/ResourceType(  605): No known package when getting name for resource number 0x9b010100
07-11 15:33:43.625 W/ResourceType(  605): No known package when getting name for resource number 0x9b030300
