07-11 14:50:09.008 D/dalvikvm( 7852): GC_FOR_ALLOC freed 505K, 93% free 629K/8192K, paused 9ms, total 10ms
07-11 14:50:09.336 D/dalvikvm( 7852): GC_FOR_ALLOC freed 502K, 57% free 639K/1472K, paused 12ms, total 12ms
07-11 14:50:09.640 D/dalvikvm( 7852): GC_FOR_ALLOC freed 516K, 57% free 634K/1472K, paused 9ms, total 9ms
07-11 14:50:09.945 D/dalvikvm( 7852): GC_FOR_ALLOC freed 515K, 58% free 631K/1472K, paused 8ms, total 8ms
07-11 14:50:10.203 D/dalvikvm( 7852): GC_FOR_ALLOC freed 505K, 57% free 637K/1472K, paused 7ms, total 7ms
07-11 14:50:10.492 D/dalvikvm( 7852): GC_FOR_ALLOC freed 530K, 58% free 619K/1472K, paused 5ms, total 7ms
07-11 14:50:10.828 D/dalvikvm( 7852): GC_FOR_ALLOC freed 498K, 57% free 633K/1472K, paused 8ms, total 8ms
07-11 14:50:11.133 D/dalvikvm( 7852): GC_FOR_ALLOC freed 508K, 57% free 636K/1472K, paused 6ms, total 7ms
07-11 14:50:11.437 D/dalvikvm( 7852): GC_FOR_ALLOC freed 530K, 58% free 618K/1472K, paused 7ms, total 7ms
07-11 14:50:11.773 D/dalvikvm( 7852): GC_FOR_ALLOC freed 496K, 57% free 634K/1472K, paused 7ms, total 7ms
07-11 14:50:12.047 D/dalvikvm( 7852): GC_FOR_ALLOC freed 509K, 57% free 636K/1472K, paused 7ms, total 8ms
07-11 14:50:12.351 D/dalvikvm( 7852): GC_FOR_ALLOC freed 532K, 59% free 616K/1472K, paused 10ms, total 10ms
07-11 14:50:12.703 D/dalvikvm( 7852): GC_FOR_ALLOC freed 491K, 57% free 636K/1472K, paused 10ms, total 10ms
07-11 14:50:12.961 D/dalvikvm( 7852): GC_FOR_ALLOC freed 513K, 57% free 634K/1472K, paused 8ms, total 8ms
07-11 14:50:13.289 D/dalvikvm( 7852): GC_FOR_ALLOC freed 530K, 59% free 616K/1472K, paused 9ms, total 9ms
07-11 14:50:13.594 D/dalvikvm( 7852): GC_FOR_ALLOC freed 490K, 57% free 637K/1472K, paused 10ms, total 10ms
07-11 14:50:13.859 D/dalvikvm( 7852): GC_FOR_ALLOC freed 516K, 58% free 632K/1472K, paused 8ms, total 8ms
07-11 14:50:14.172 D/dalvikvm( 7852): GC_FOR_ALLOC freed 525K, 58% free 618K/1472K, paused 8ms, total 8ms
07-11 14:50:14.351 D/dalvikvm(20727): GC_CONCURRENT freed 391K, 8% free 10125K/10920K, paused 3ms+3ms, total 65ms
07-11 14:50:14.469 D/dalvikvm( 7852): GC_FOR_ALLOC freed 491K, 57% free 639K/1472K, paused 12ms, total 12ms
07-11 14:50:14.758 D/dalvikvm( 7852): GC_FOR_ALLOC freed 534K, 59% free 617K/1472K, paused 8ms, total 8ms
07-11 14:50:15.234 D/dalvikvm( 3259): GC_FOR_ALLOC freed 3181K, 29% free 18219K/25600K, paused 66ms, total 66ms
07-11 14:50:15.250 D/dalvikvm( 7852): GC_FOR_ALLOC freed 509K, 58% free 619K/1472K, paused 11ms, total 11ms
07-11 14:50:15.562 D/dalvikvm( 7852): GC_FOR_ALLOC freed 490K, 57% free 640K/1472K, paused 8ms, total 8ms
07-11 14:50:15.859 D/dalvikvm( 7852): GC_FOR_ALLOC freed 517K, 57% free 635K/1472K, paused 8ms, total 8ms
07-11 14:50:16.187 D/dalvikvm( 7852): GC_FOR_ALLOC freed 524K, 58% free 622K/1472K, paused 10ms, total 11ms
07-11 14:50:16.469 D/dalvikvm( 7852): GC_FOR_ALLOC freed 491K, 57% free 643K/1472K, paused 6ms, total 6ms
07-11 14:50:16.781 D/dalvikvm( 7852): GC_FOR_ALLOC freed 520K, 57% free 634K/1472K, paused 9ms, total 10ms
07-11 14:50:17.109 D/dalvikvm( 7852): GC_FOR_ALLOC freed 523K, 58% free 623K/1472K, paused 7ms, total 7ms
07-11 14:50:17.383 D/dalvikvm( 7852): GC_FOR_ALLOC freed 492K, 57% free 643K/1472K, paused 6ms, total 7ms
07-11 14:50:17.672 D/dalvikvm( 7852): GC_FOR_ALLOC freed 521K, 57% free 633K/1472K, paused 10ms, total 10ms
07-11 14:50:17.992 D/dalvikvm( 7852): GC_FOR_ALLOC freed 519K, 58% free 625K/1472K, paused 12ms, total 12ms
07-11 14:50:18.304 D/dalvikvm( 7852): GC_FOR_ALLOC freed 496K, 57% free 641K/1472K, paused 7ms, total 7ms
07-11 14:50:18.586 D/dalvikvm( 7852): GC_FOR_ALLOC freed 534K, 58% free 619K/1472K, paused 7ms, total 7ms
07-11 14:50:18.922 D/dalvikvm( 7852): GC_FOR_ALLOC freed 504K, 58% free 626K/1472K, paused 7ms, total 7ms
07-11 14:50:19.226 D/dalvikvm( 7852): GC_FOR_ALLOC freed 497K, 57% free 641K/1472K, paused 9ms, total 9ms
07-11 14:50:19.562 D/dalvikvm( 7852): GC_FOR_ALLOC freed 517K, 57% free 635K/1472K, paused 7ms, total 8ms
07-11 14:50:19.867 D/dalvikvm( 7852): GC_FOR_ALLOC freed 518K, 58% free 629K/1472K, paused 8ms, total 8ms
07-11 14:50:20.172 D/dalvikvm( 7852): GC_FOR_ALLOC freed 501K, 57% free 639K/1472K, paused 9ms, total 9ms
07-11 14:50:20.461 D/dalvikvm( 7852): GC_FOR_ALLOC freed 531K, 58% free 619K/1472K, paused 7ms, total 7ms
07-11 14:50:20.797 D/dalvikvm( 7852): GC_FOR_ALLOC freed 501K, 58% free 629K/1472K, paused 12ms, total 12ms
07-11 14:50:21.117 D/dalvikvm( 7852): GC_FOR_ALLOC freed 502K, 57% free 639K/1472K, paused 9ms, total 9ms
07-11 14:50:21.406 D/dalvikvm( 7852): GC_FOR_ALLOC freed 516K, 57% free 634K/1472K, paused 8ms, total 8ms
07-11 14:50:21.726 D/dalvikvm( 7852): GC_FOR_ALLOC freed 514K, 58% free 632K/1472K, paused 8ms, total 8ms
07-11 14:50:22.023 D/dalvikvm( 7852): GC_FOR_ALLOC freed 506K, 57% free 637K/1472K, paused 9ms, total 9ms
07-11 14:50:22.281 D/dalvikvm( 7852): GC_FOR_ALLOC freed 530K, 58% free 618K/1472K, paused 6ms, total 7ms
07-11 14:50:22.609 D/dalvikvm( 7852): GC_FOR_ALLOC freed 498K, 58% free 632K/1472K, paused 8ms, total 8ms
07-11 14:50:22.914 D/dalvikvm( 7852): GC_FOR_ALLOC freed 507K, 57% free 637K/1472K, paused 8ms, total 9ms
07-11 14:50:23.265 D/dalvikvm( 3259): GC_FOR_ALLOC freed 3132K, 29% free 18213K/25600K, paused 67ms, total 67ms
07-11 14:50:23.328 D/dalvikvm( 7852): GC_FOR_ALLOC freed 533K, 59% free 615K/1472K, paused 10ms, total 10ms
07-11 14:50:23.656 D/dalvikvm( 7852): GC_FOR_ALLOC freed 492K, 57% free 635K/1472K, paused 8ms, total 8ms
07-11 14:50:23.929 D/dalvikvm( 7852): GC_FOR_ALLOC freed 511K, 57% free 636K/1472K, paused 6ms, total 8ms
07-11 14:50:24.203 D/dalvikvm( 7852): GC_FOR_ALLOC freed 531K, 59% free 616K/1472K, paused 7ms, total 7ms
07-11 14:50:24.515 D/dalvikvm( 7852): GC_FOR_ALLOC freed 492K, 57% free 636K/1472K, paused 8ms, total 9ms
07-11 14:50:24.804 D/dalvikvm( 7852): GC_FOR_ALLOC freed 513K, 57% free 635K/1472K, paused 7ms, total 7ms
07-11 14:50:25.140 D/dalvikvm( 7852): GC_FOR_ALLOC freed 530K, 59% free 616K/1472K, paused 9ms, total 10ms
07-11 14:50:25.422 D/dalvikvm( 7852): GC_FOR_ALLOC freed 490K, 57% free 638K/1472K, paused 12ms, total 12ms
07-11 14:50:25.695 W/System.err( 6553): java.io.FileNotFoundException: /data/data/com.mgyapp.android/files/.cfpaps.i: open failed: ENOENT (No such file or directory)
07-11 14:50:25.703 W/System.err( 6553): 	at libcore.io.IoBridge.open(IoBridge.java:409)
07-11 14:50:25.703 W/System.err( 6553): 	at java.io.FileInputStream.<init>(FileInputStream.java:78)
07-11 14:50:25.703 W/System.err( 6553): 	at android.app.ContextImpl.openFileInput(ContextImpl.java:702)
07-11 14:50:25.703 W/System.err( 6553): 	at android.content.ContextWrapper.openFileInput(ContextWrapper.java:173)
07-11 14:50:25.703 W/System.err( 6553): 	at com.mgyun.shua.jc.service.f.run(Unknown Source)
07-11 14:50:25.711 D/dalvikvm( 7852): GC_FOR_ALLOC freed 517K, 58% free 632K/1472K, paused 8ms, total 8ms
07-11 14:50:25.711 W/System.err( 6553): 	at com.mgyun.shua.jc.service.CpWorkServer.onHandleIntent(Unknown Source)
07-11 14:50:25.711 W/System.err( 6553): 	at android.app.IntentService$ServiceHandler.handleMessage(IntentService.java:65)
07-11 14:50:25.719 W/System.err( 6553): 	at android.os.Handler.dispatchMessage(Handler.java:99)
07-11 14:50:25.719 W/System.err( 6553): 	at android.os.Looper.loop(Looper.java:137)
07-11 14:50:25.719 W/System.err( 6553): 	at android.os.HandlerThread.run(HandlerThread.java:61)
07-11 14:50:25.719 W/System.err( 6553): Caused by: libcore.io.ErrnoException: open failed: ENOENT (No such file or directory)
07-11 14:50:25.719 W/System.err( 6553): 	at libcore.io.Posix.open(Native Method)
07-11 14:50:25.719 W/System.err( 6553): 	at libcore.io.BlockGuardOs.open(BlockGuardOs.java:110)
07-11 14:50:25.719 W/System.err( 6553): 	at libcore.io.IoBridge.open(IoBridge.java:393)
07-11 14:50:25.719 W/System.err( 6553): 	... 9 more
07-11 14:50:26.015 D/dalvikvm( 7852): GC_FOR_ALLOC freed 526K, 58% free 618K/1472K, paused 8ms, total 8ms
07-11 14:50:26.320 D/dalvikvm( 7852): GC_FOR_ALLOC freed 491K, 57% free 638K/1472K, paused 8ms, total 8ms
07-11 14:50:26.609 D/dalvikvm( 7852): GC_FOR_ALLOC freed 534K, 59% free 616K/1472K, paused 6ms, total 7ms
07-11 14:50:26.937 D/dalvikvm( 7852): GC_FOR_ALLOC freed 509K, 58% free 619K/1472K, paused 7ms, total 7ms
07-11 14:50:27.265 D/dalvikvm( 7852): GC_FOR_ALLOC freed 490K, 57% free 641K/1472K, paused 7ms, total 7ms
07-11 14:50:27.554 D/dalvikvm( 7852): GC_FOR_ALLOC freed 519K, 57% free 633K/1472K, paused 7ms, total 7ms
07-11 14:50:27.859 D/dalvikvm( 7852): GC_FOR_ALLOC freed 524K, 58% free 621K/1472K, paused 8ms, total 8ms
07-11 14:50:28.140 D/dalvikvm( 7852): GC_FOR_ALLOC freed 491K, 57% free 641K/1472K, paused 7ms, total 8ms
07-11 14:50:28.422 D/dalvikvm( 7852): GC_FOR_ALLOC freed 534K, 58% free 619K/1472K, paused 9ms, total 9ms
07-11 14:50:28.765 D/dalvikvm( 7852): GC_FOR_ALLOC freed 508K, 58% free 622K/1472K, paused 7ms, total 8ms
07-11 14:50:29.094 D/dalvikvm( 7852): GC_FOR_ALLOC freed 492K, 57% free 642K/1472K, paused 7ms, total 8ms
07-11 14:50:29.390 D/dalvikvm( 7852): GC_FOR_ALLOC freed 520K, 57% free 634K/1472K, paused 9ms, total 9ms
07-11 14:50:29.726 D/dalvikvm( 7852): GC_FOR_ALLOC freed 521K, 58% free 624K/1472K, paused 10ms, total 10ms
07-11 14:50:30.015 D/dalvikvm( 7852): GC_FOR_ALLOC freed 493K, 57% free 643K/1472K, paused 9ms, total 9ms
07-11 14:50:30.328 D/dalvikvm( 7852): GC_FOR_ALLOC freed 521K, 57% free 633K/1472K, paused 7ms, total 8ms
07-11 14:50:30.422 D/LightsService(  374): Excessive delay setting light: 70ms
07-11 14:50:30.664 D/dalvikvm( 7852): GC_FOR_ALLOC freed 520K, 58% free 625K/1472K, paused 7ms, total 7ms
07-11 14:50:30.953 D/dalvikvm( 7852): GC_FOR_ALLOC freed 497K, 57% free 640K/1472K, paused 6ms, total 6ms
07-11 14:50:31.258 D/dalvikvm( 3259): GC_FOR_ALLOC freed 3121K, 29% free 18214K/25600K, paused 67ms, total 67ms
07-11 14:50:31.375 D/dalvikvm( 7852): GC_FOR_ALLOC freed 532K, 58% free 619K/1472K, paused 8ms, total 8ms
07-11 14:50:31.695 D/dalvikvm( 7852): GC_FOR_ALLOC freed 504K, 58% free 627K/1472K, paused 9ms, total 9ms
07-11 14:50:32.000 D/dalvikvm( 7852): GC_FOR_ALLOC freed 498K, 57% free 641K/1472K, paused 7ms, total 7ms
07-11 14:50:32.297 D/dalvikvm( 7852): GC_FOR_ALLOC freed 517K, 57% free 635K/1472K, paused 8ms, total 8ms
07-11 14:50:32.601 D/dalvikvm( 7852): GC_FOR_ALLOC freed 518K, 58% free 629K/1472K, paused 6ms, total 7ms
07-11 14:50:32.875 D/dalvikvm( 7852): GC_FOR_ALLOC freed 502K, 57% free 638K/1472K, paused 10ms, total 10ms
07-11 14:50:33.133 D/dalvikvm( 7852): GC_FOR_ALLOC freed 530K, 58% free 619K/1472K, paused 7ms, total 8ms
07-11 14:50:33.453 D/dalvikvm( 7852): GC_FOR_ALLOC freed 500K, 58% free 630K/1472K, paused 9ms, total 9ms
07-11 14:50:33.726 D/dalvikvm( 7852): GC_FOR_ALLOC freed 503K, 57% free 639K/1472K, paused 8ms, total 8ms
07-11 14:50:34.000 D/dalvikvm( 7852): GC_FOR_ALLOC freed 516K, 57% free 634K/1472K, paused 8ms, total 8ms
07-11 14:50:34.312 D/dalvikvm( 7852): GC_FOR_ALLOC freed 514K, 58% free 632K/1472K, paused 8ms, total 8ms
07-11 14:50:34.609 D/dalvikvm( 7852): GC_FOR_ALLOC freed 508K, 57% free 635K/1472K, paused 6ms, total 7ms
07-11 14:50:34.906 D/dalvikvm( 7852): GC_FOR_ALLOC freed 529K, 58% free 618K/1472K, paused 8ms, total 8ms
07-11 14:50:35.234 D/dalvikvm( 7852): GC_FOR_ALLOC freed 496K, 57% free 634K/1472K, paused 8ms, total 8ms
07-11 14:50:35.531 D/dalvikvm( 7852): GC_FOR_ALLOC freed 508K, 57% free 637K/1472K, paused 7ms, total 7ms
07-11 14:50:35.679 W/System.err( 6553): java.io.FileNotFoundException: /data/data/com.mgyapp.android/files/.cfp.i: open failed: ENOENT (No such file or directory)
07-11 14:50:35.679 W/System.err( 6553): 	at libcore.io.IoBridge.open(IoBridge.java:409)
07-11 14:50:35.679 W/System.err( 6553): 	at java.io.FileInputStream.<init>(FileInputStream.java:78)
07-11 14:50:35.679 W/System.err( 6553): 	at android.app.ContextImpl.openFileInput(ContextImpl.java:702)
07-11 14:50:35.679 W/System.err( 6553): 	at android.content.ContextWrapper.openFileInput(ContextWrapper.java:173)
07-11 14:50:35.679 W/System.err( 6553): 	at com.mgyun.shua.jc.c.b(Unknown Source)
07-11 14:50:35.687 W/System.err( 6553): 	at com.mgyun.shua.jc.d.a(Unknown Source)
07-11 14:50:35.687 W/System.err( 6553): 	at com.mgyun.shua.jc.service.CpWorkServer.onHandleIntent(Unknown Source)
07-11 14:50:35.687 W/System.err( 6553): 	at android.app.IntentService$ServiceHandler.handleMessage(IntentService.java:65)
07-11 14:50:35.687 W/System.err( 6553): 	at android.os.Handler.dispatchMessage(Handler.java:99)
07-11 14:50:35.687 W/System.err( 6553): 	at android.os.Looper.loop(Looper.java:137)
07-11 14:50:35.687 W/System.err( 6553): 	at android.os.HandlerThread.run(HandlerThread.java:61)
07-11 14:50:35.687 W/System.err( 6553): Caused by: libcore.io.ErrnoException: open failed: ENOENT (No such file or directory)
07-11 14:50:35.687 W/System.err( 6553): 	at libcore.io.Posix.open(Native Method)
07-11 14:50:35.687 W/System.err( 6553): 	at libcore.io.BlockGuardOs.open(BlockGuardOs.java:110)
07-11 14:50:35.687 W/System.err( 6553): 	at libcore.io.IoBridge.open(IoBridge.java:393)
07-11 14:50:35.687 W/System.err( 6553): 	... 10 more
07-11 14:50:35.851 D/dalvikvm( 7852): GC_FOR_ALLOC freed 533K, 59% free 616K/1472K, paused 9ms, total 9ms
07-11 14:50:36.156 D/dalvikvm( 7852): GC_FOR_ALLOC freed 492K, 57% free 635K/1472K, paused 11ms, total 11ms
07-11 14:50:36.304 I/PowerManagerService(  374): Going to sleep due to screen timeout...
07-11 14:50:36.351 I/PowerManagerService(  374): Waking up from sleep...
07-11 14:50:36.601 D/dalvikvm(  374): GC_FOR_ALLOC freed 1417K, 29% free 23330K/32488K, paused 157ms, total 157ms
07-11 14:50:36.773 D/dalvikvm(  374): GC_FOR_ALLOC freed 772K, 30% free 22929K/32488K, paused 139ms, total 139ms
07-11 14:50:36.812 D/MdmApplication( 3259): [null:-1]->onActivityPaused market.activity.AppDetailActivity , mActivityCount = 3
07-11 14:50:36.812 D/MDM :   ( 3259): [null:-1]->query
07-11 14:50:36.820 D/MDM :   ( 3259): [null:-1]->QUERY_PINCODE_CHECK_RESULT
07-11 14:50:36.820 E/Mdm     ( 3259): Call Mdm service's setLastExitTime function
07-11 14:50:36.992 D/NfcService(  592): NFC-C OFF, disconnect
07-11 14:50:37.008 D/dalvikvm( 7852): GC_FOR_ALLOC freed 514K, 57% free 633K/1472K, paused 9ms, total 9ms
07-11 14:50:37.242 W/MountService(  374): getVolumeState(/storage/emulated/0/external_sd): Unknown volume
07-11 14:50:37.250 D/LightsService(  374): Excessive delay setting light: 88ms
07-11 14:50:37.250 W/MountService(  374): getVolumeState(/mnt/sdcard-ext): Unknown volume
07-11 14:50:37.250 W/MountService(  374): getVolumeState(/mnt/ext_sdcard): Unknown volume
07-11 14:50:37.250 W/MountService(  374): getVolumeState(/mnt/sdcard2): Unknown volume
07-11 14:50:37.250 W/MountService(  374): getVolumeState(/mnt/emmc): Unknown volume
07-11 14:50:37.250 W/MountService(  374): getVolumeState(/mnt/extSdCard): Unknown volume
07-11 14:50:37.250 W/MountService(  374): getVolumeState(/mnt/sdcard/SD_CARD): Unknown volume
07-11 14:50:37.258 W/MountService(  374): getVolumeState(/mnt/sdcard/extra_sd): Unknown volume
07-11 14:50:37.258 W/MountService(  374): getVolumeState(/mnt/extrasd_bind): Unknown volume
07-11 14:50:37.265 W/MountService(  374): getVolumeState(/mnt/sdcard/ext_sd): Unknown volume
07-11 14:50:37.265 W/MountService(  374): getVolumeState(/storage/extSdCard): Unknown volume
07-11 14:50:37.265 W/MountService(  374): getVolumeState(/storage/sdcard1): Unknown volume
07-11 14:50:37.265 W/MountService(  374): getVolumeState(/mnt/sdcard/external_SD): Unknown volume
07-11 14:50:37.265 W/MountService(  374): getVolumeState(/mnt/sdcard/external_sd): Unknown volume
07-11 14:50:37.273 D/MDM :   ( 3259): [null:-1]->query
07-11 14:50:37.273 D/MDM :   ( 3259): [null:-1]->QUERY_SETTING_PIN_ONOFF
07-11 14:50:37.469 I/WindowManager(  374): No lock screen!
07-11 14:50:37.476 D/dalvikvm( 7852): GC_FOR_ALLOC freed 528K, 59% free 616K/1472K, paused 11ms, total 11ms
07-11 14:50:37.539 D/LightsService(  374): Excessive delay setting light: 68ms
07-11 14:50:37.554 D/MdmApplication( 3259): [null:-1]->onActivityStarted market.activity.AppDetailActivity , mActivityCount = 2
07-11 14:50:37.554 D/MDM :   ( 3259): [null:-1]->query
07-11 14:50:37.562 D/dalvikvm( 6245): GC_CONCURRENT freed 351K, 6% free 9494K/10008K, paused 39ms+7ms, total 117ms
07-11 14:50:37.562 D/MDM :   ( 3259): [null:-1]->QUERY_PINCODE_CHECK_RESULT
07-11 14:50:37.570 W/System.err( 3259): android.content.pm.PackageManager$NameNotFoundException: com.moji.mjweather
07-11 14:50:37.570 W/System.err( 3259): 	at android.app.ApplicationPackageManager.getPackageInfo(ApplicationPackageManager.java:81)
07-11 14:50:37.570 W/System.err( 3259): 	at com.pekall.emdm.market.activity.AppDetailActivity.onResume(Unknown Source)
07-11 14:50:37.570 W/System.err( 3259): 	at android.app.Instrumentation.callActivityOnResume(Instrumentation.java:1192)
07-11 14:50:37.570 W/System.err( 3259): 	at android.app.Activity.performResume(Activity.java:5211)
07-11 14:50:37.570 W/System.err( 3259): 	at android.app.ActivityThread.performResumeActivity(ActivityThread.java:2780)
07-11 14:50:37.570 W/System.err( 3259): 	at android.app.ActivityThread.handleResumeActivity(ActivityThread.java:2819)
07-11 14:50:37.570 W/System.err( 3259): 	at android.app.ActivityThread$H.handleMessage(ActivityThread.java:1298)
07-11 14:50:37.578 W/System.err( 3259): 	at android.os.Handler.dispatchMessage(Handler.java:99)
07-11 14:50:37.578 W/System.err( 3259): 	at android.os.Looper.loop(Looper.java:137)
07-11 14:50:37.578 W/System.err( 3259): 	at android.app.ActivityThread.main(ActivityThread.java:5103)
07-11 14:50:37.578 W/System.err( 3259): 	at java.lang.reflect.Method.invokeNative(Native Method)
07-11 14:50:37.578 W/System.err( 3259): 	at java.lang.reflect.Method.invoke(Method.java:525)
07-11 14:50:37.578 W/System.err( 3259): 	at com.android.internal.os.ZygoteInit$MethodAndArgsCaller.run(ZygoteInit.java:737)
07-11 14:50:37.578 W/System.err( 3259): 	at com.android.internal.os.ZygoteInit.main(ZygoteInit.java:553)
07-11 14:50:37.578 W/System.err( 3259): 	at dalvik.system.NativeStart.main(Native Method)
07-11 14:50:37.578 D/ypy     ( 3259): [null:-1]-> ================ checkDownLoadStatus status is 1
07-11 14:50:37.617 D/LightsService(  374): Excessive delay setting light: 71ms
07-11 14:50:37.922 D/dalvikvm(25429): GC_CONCURRENT freed 407K, 6% free 9733K/10256K, paused 15ms+10ms, total 61ms
07-11 14:50:38.094 V/DigitalWidgetViewsFactory( 6616): DigitalWidget sets next alarm string to null
07-11 14:50:38.265 D/NfcService(  592): NFC-C ON
07-11 14:50:38.351 W/MountService(  374): getVolumeState(/storage/emulated/0/external_sd): Unknown volume
07-11 14:50:38.351 W/MountService(  374): getVolumeState(/mnt/sdcard-ext): Unknown volume
07-11 14:50:38.367 W/MountService(  374): getVolumeState(/mnt/ext_sdcard): Unknown volume
07-11 14:50:38.367 W/MountService(  374): getVolumeState(/mnt/sdcard2): Unknown volume
07-11 14:50:38.406 D/AndroidRuntime( 7958): 
07-11 14:50:38.406 D/AndroidRuntime( 7958): >>>>>> AndroidRuntime START com.android.internal.os.RuntimeInit <<<<<<
07-11 14:50:38.406 D/AndroidRuntime( 7958): CheckJNI is OFF
07-11 14:50:38.406 W/MountService(  374): getVolumeState(/mnt/emmc): Unknown volume
07-11 14:50:38.422 D/dalvikvm( 7958): Trying to load lib libjavacore.so 0x0
07-11 14:50:38.422 W/MountService(  374): getVolumeState(/mnt/extSdCard): Unknown volume
07-11 14:50:38.429 D/dalvikvm( 7958): Added shared lib libjavacore.so 0x0
07-11 14:50:38.445 W/MountService(  374): getVolumeState(/mnt/sdcard/SD_CARD): Unknown volume
07-11 14:50:38.453 D/dalvikvm( 7958): Trying to load lib libnativehelper.so 0x0
07-11 14:50:38.453 D/dalvikvm( 7958): Added shared lib libnativehelper.so 0x0
07-11 14:50:38.469 W/MountService(  374): getVolumeState(/mnt/sdcard/extra_sd): Unknown volume
07-11 14:50:38.469 W/MountService(  374): getVolumeState(/mnt/extrasd_bind): Unknown volume
07-11 14:50:38.469 W/MountService(  374): getVolumeState(/mnt/sdcard/ext_sd): Unknown volume
07-11 14:50:38.469 W/MountService(  374): getVolumeState(/storage/extSdCard): Unknown volume
07-11 14:50:38.476 W/MountService(  374): getVolumeState(/storage/sdcard1): Unknown volume
07-11 14:50:38.476 W/MountService(  374): getVolumeState(/mnt/sdcard/external_SD): Unknown volume
07-11 14:50:38.492 W/MountService(  374): getVolumeState(/mnt/sdcard/external_sd): Unknown volume
07-11 14:50:38.648 D/dalvikvm( 7852): GC_FOR_ALLOC freed 498K, 58% free 630K/1472K, paused 18ms, total 18ms
07-11 14:50:38.765 D/AndroidRuntime( 7958): Calling main entry com.qihoo360.powerctl.root.app.App
07-11 14:50:38.765 D/AndroidRuntime( 7958): Shutting down VM
07-11 14:50:38.765 D/jdwp    ( 7958): Got wake-up signal, bailing out of select
07-11 14:50:38.765 D/dalvikvm( 7958): Debugger has detached; object registry had 1 entries
07-11 14:50:38.765 I/AndroidRuntime( 7958): NOTE: attach of thread 'Binder_1' failed
07-11 14:50:38.773 D/dalvikvm( 6245): GC_CONCURRENT freed 617K, 7% free 9369K/10028K, paused 19ms+18ms, total 274ms
07-11 14:50:38.781 D/dalvikvm( 6245): WAIT_FOR_CONCURRENT_GC blocked 26ms
07-11 14:50:39.515 D/dalvikvm( 7852): GC_FOR_ALLOC freed 498K, 57% free 643K/1472K, paused 8ms, total 8ms
07-11 14:50:39.828 D/dalvikvm( 7852): GC_FOR_ALLOC freed 536K, 58% free 618K/1472K, paused 6ms, total 7ms
07-11 14:50:40.148 D/dalvikvm( 7852): GC_FOR_ALLOC freed 504K, 58% free 626K/1472K, paused 7ms, total 7ms
07-11 14:50:40.523 D/dalvikvm( 7852): GC_FOR_ALLOC freed 497K, 57% free 640K/1472K, paused 7ms, total 7ms
07-11 14:50:40.633 D/dalvikvm( 3259): GC_FOR_ALLOC freed 3117K, 29% free 18219K/25600K, paused 67ms, total 68ms
07-11 14:50:40.890 D/dalvikvm( 7852): GC_FOR_ALLOC freed 532K, 58% free 619K/1472K, paused 6ms, total 6ms
07-11 14:50:41.211 D/dalvikvm( 7852): GC_FOR_ALLOC freed 503K, 58% free 627K/1472K, paused 13ms, total 13ms
07-11 14:50:41.531 D/dalvikvm( 7852): GC_FOR_ALLOC freed 498K, 57% free 641K/1472K, paused 10ms, total 11ms
07-11 14:50:41.820 D/dalvikvm( 7852): GC_FOR_ALLOC freed 533K, 58% free 620K/1472K, paused 7ms, total 7ms
07-11 14:50:42.117 D/dalvikvm( 7852): GC_FOR_ALLOC freed 502K, 58% free 629K/1472K, paused 8ms, total 8ms
07-11 14:50:42.406 D/dalvikvm( 7852): GC_FOR_ALLOC freed 502K, 57% free 638K/1472K, paused 8ms, total 8ms
07-11 14:50:42.687 D/dalvikvm( 7852): GC_FOR_ALLOC freed 515K, 57% free 634K/1472K, paused 8ms, total 9ms
07-11 14:50:42.976 D/dalvikvm( 7852): GC_FOR_ALLOC freed 515K, 58% free 630K/1472K, paused 10ms, total 10ms
07-11 14:50:43.242 D/dalvikvm( 7852): GC_FOR_ALLOC freed 503K, 57% free 639K/1472K, paused 8ms, total 9ms
07-11 14:50:43.523 D/dalvikvm( 7852): GC_FOR_ALLOC freed 532K, 58% free 619K/1472K, paused 6ms, total 6ms
07-11 14:50:43.844 D/dalvikvm( 7852): GC_FOR_ALLOC freed 498K, 58% free 632K/1472K, paused 8ms, total 8ms
07-11 14:50:44.062 D/dalvikvm( 7852): GC_FOR_ALLOC freed 507K, 57% free 636K/1472K, paused 8ms, total 11ms
07-11 14:50:44.390 D/dalvikvm( 7852): GC_FOR_ALLOC freed 529K, 58% free 618K/1472K, paused 10ms, total 10ms
07-11 14:50:44.711 D/dalvikvm( 7852): GC_FOR_ALLOC freed 496K, 57% free 634K/1472K, paused 8ms, total 8ms
07-11 14:50:45.008 D/dalvikvm( 7852): GC_FOR_ALLOC freed 508K, 57% free 637K/1472K, paused 7ms, total 8ms
07-11 14:50:45.289 D/dalvikvm( 7852): GC_FOR_ALLOC freed 516K, 58% free 632K/1472K, paused 8ms, total 8ms
07-11 14:50:45.594 D/dalvikvm( 7852): GC_FOR_ALLOC freed 508K, 57% free 635K/1472K, paused 9ms, total 9ms
07-11 14:50:45.906 D/dalvikvm( 7852): GC_FOR_ALLOC freed 513K, 57% free 634K/1472K, paused 7ms, total 7ms
07-11 14:50:46.203 D/dalvikvm( 7852): GC_FOR_ALLOC freed 529K, 59% free 616K/1472K, paused 6ms, total 6ms
07-11 14:50:46.554 D/dalvikvm( 7852): GC_FOR_ALLOC freed 491K, 57% free 637K/1472K, paused 15ms, total 15ms
07-11 14:50:46.828 D/dalvikvm( 7852): GC_FOR_ALLOC freed 514K, 57% free 634K/1472K, paused 6ms, total 6ms
07-11 14:50:47.125 D/dalvikvm( 7852): GC_FOR_ALLOC freed 529K, 59% free 617K/1472K, paused 7ms, total 7ms
07-11 14:50:47.422 D/dalvikvm( 7852): GC_FOR_ALLOC freed 490K, 57% free 638K/1472K, paused 8ms, total 8ms
07-11 14:50:47.492 W/ActivityManager(  374): Activity idle timeout for ActivityRecord{42092048 u0 com.pekall.emdm/.market.activity.AppDetailActivity}
07-11 14:50:47.726 D/dalvikvm( 7852): GC_FOR_ALLOC freed 533K, 59% free 617K/1472K, paused 9ms, total 10ms
07-11 14:50:48.031 D/dalvikvm( 7852): GC_FOR_ALLOC freed 509K, 58% free 619K/1472K, paused 7ms, total 7ms
07-11 14:50:48.390 D/dalvikvm( 7852): GC_FOR_ALLOC freed 491K, 57% free 640K/1472K, paused 7ms, total 8ms
07-11 14:50:48.461 W/Settings(25429): Setting airplane_mode_on has moved from android.provider.Settings.System to android.provider.Settings.Global, returning read-only value.
07-11 14:50:48.461 W/Settings(25429): Setting mobile_data has moved from android.provider.Settings.Secure to android.provider.Settings.Global.
07-11 14:50:48.469 D/BluetoothAdapter(25429): 1108510848: getState() :  mService = null. Returning STATE_OFF
07-11 14:50:48.469 W/Settings(25429): Setting airplane_mode_on has moved from android.provider.Settings.System to android.provider.Settings.Global, returning read-only value.
07-11 14:50:48.515 W/Settings(25429): Setting airplane_mode_on has moved from android.provider.Settings.System to android.provider.Settings.Global, returning read-only value.
07-11 14:50:48.523 W/Settings(25429): Setting mobile_data has moved from android.provider.Settings.Secure to android.provider.Settings.Global.
07-11 14:50:48.523 D/BluetoothAdapter(25429): 1108510848: getState() :  mService = null. Returning STATE_OFF
07-11 14:50:48.523 W/Settings(25429): Setting airplane_mode_on has moved from android.provider.Settings.System to android.provider.Settings.Global, returning read-only value.
07-11 14:50:48.562 D/dalvikvm( 3259): GC_FOR_ALLOC freed 3133K, 29% free 18210K/25600K, paused 82ms, total 83ms
07-11 14:50:49.242 D/dalvikvm( 7852): GC_FOR_ALLOC freed 508K, 57% free 643K/1472K, paused 8ms, total 9ms
07-11 14:50:49.554 D/dalvikvm( 7852): GC_FOR_ALLOC freed 521K, 57% free 634K/1472K, paused 8ms, total 9ms
07-11 14:50:49.859 D/dalvikvm( 7852): GC_FOR_ALLOC freed 519K, 58% free 626K/1472K, paused 6ms, total 7ms
07-11 14:50:50.156 D/dalvikvm( 7852): GC_FOR_ALLOC freed 498K, 57% free 640K/1472K, paused 6ms, total 6ms
07-11 14:50:50.429 D/dalvikvm( 7852): GC_FOR_ALLOC freed 532K, 58% free 619K/1472K, paused 8ms, total 8ms
07-11 14:50:50.750 D/dalvikvm( 7852): GC_FOR_ALLOC freed 503K, 58% free 628K/1472K, paused 10ms, total 10ms
07-11 14:50:51.031 D/dalvikvm( 7852): GC_FOR_ALLOC freed 499K, 57% free 640K/1472K, paused 7ms, total 7ms
07-11 14:50:51.312 D/dalvikvm( 7852): GC_FOR_ALLOC freed 517K, 57% free 635K/1472K, paused 8ms, total 8ms
07-11 14:50:51.633 D/dalvikvm( 7852): GC_FOR_ALLOC freed 518K, 58% free 629K/1472K, paused 9ms, total 9ms
07-11 14:50:51.906 D/dalvikvm( 7852): GC_FOR_ALLOC freed 503K, 57% free 638K/1472K, paused 9ms, total 10ms
07-11 14:50:52.187 D/dalvikvm( 7852): GC_FOR_ALLOC freed 530K, 58% free 619K/1472K, paused 7ms, total 7ms
07-11 14:50:52.508 D/dalvikvm( 7852): GC_FOR_ALLOC freed 500K, 58% free 631K/1472K, paused 10ms, total 10ms
07-11 14:50:52.828 D/dalvikvm( 7852): GC_FOR_ALLOC freed 503K, 57% free 639K/1472K, paused 6ms, total 6ms
07-11 14:50:53.109 D/dalvikvm( 7852): GC_FOR_ALLOC freed 532K, 58% free 619K/1472K, paused 7ms, total 7ms
07-11 14:50:53.414 D/dalvikvm( 7852): GC_FOR_ALLOC freed 498K, 58% free 632K/1472K, paused 8ms, total 8ms
07-11 14:50:53.711 D/dalvikvm( 7852): GC_FOR_ALLOC freed 507K, 57% free 636K/1472K, paused 6ms, total 6ms
07-11 14:50:54.015 D/dalvikvm( 7852): GC_FOR_ALLOC freed 529K, 58% free 618K/1472K, paused 7ms, total 7ms
07-11 14:50:54.336 D/dalvikvm( 7852): GC_FOR_ALLOC freed 496K, 57% free 634K/1472K, paused 18ms, total 19ms
07-11 14:50:54.633 D/dalvikvm( 7852): GC_FOR_ALLOC freed 508K, 57% free 637K/1472K, paused 7ms, total 8ms
07-11 14:50:54.945 D/dalvikvm( 7852): GC_FOR_ALLOC freed 517K, 58% free 632K/1472K, paused 8ms, total 8ms
07-11 14:50:55.265 D/dalvikvm( 7852): GC_FOR_ALLOC freed 508K, 57% free 635K/1472K, paused 8ms, total 8ms
07-11 14:50:55.554 D/dalvikvm( 7852): GC_FOR_ALLOC freed 514K, 57% free 633K/1472K, paused 7ms, total 7ms
07-11 14:50:55.883 D/dalvikvm( 7852): GC_FOR_ALLOC freed 528K, 59% free 616K/1472K, paused 8ms, total 8ms
07-11 14:50:56.156 D/dalvikvm( 7852): GC_FOR_ALLOC freed 491K, 57% free 637K/1472K, paused 10ms, total 10ms
07-11 14:50:56.469 D/dalvikvm( 7852): GC_FOR_ALLOC freed 514K, 57% free 634K/1472K, paused 6ms, total 6ms
07-11 14:50:56.703 D/dalvikvm( 3259): GC_FOR_ALLOC freed 3117K, 29% free 18215K/25600K, paused 67ms, total 69ms
07-11 14:50:56.898 D/dalvikvm( 7852): GC_FOR_ALLOC freed 528K, 59% free 617K/1472K, paused 7ms, total 7ms
07-11 14:50:57.195 D/dalvikvm( 7852): GC_FOR_ALLOC freed 490K, 57% free 638K/1472K, paused 7ms, total 7ms
07-11 14:50:57.508 D/dalvikvm( 7852): GC_FOR_ALLOC freed 533K, 59% free 617K/1472K, paused 8ms, total 8ms
07-11 14:50:57.812 D/dalvikvm( 7852): GC_FOR_ALLOC freed 509K, 58% free 619K/1472K, paused 7ms, total 7ms
07-11 14:50:58.078 D/dalvikvm( 7852): GC_FOR_ALLOC freed 491K, 57% free 640K/1472K, paused 9ms, total 9ms
07-11 14:50:58.351 D/dalvikvm( 7852): GC_FOR_ALLOC freed 534K, 59% free 618K/1472K, paused 7ms, total 8ms
07-11 14:50:58.679 D/dalvikvm( 7852): GC_FOR_ALLOC freed 509K, 58% free 620K/1472K, paused 7ms, total 7ms
07-11 14:50:58.961 D/dalvikvm( 7852): GC_FOR_ALLOC freed 490K, 57% free 641K/1472K, paused 11ms, total 11ms
07-11 14:50:59.250 D/dalvikvm( 7852): GC_FOR_ALLOC freed 534K, 58% free 618K/1472K, paused 8ms, total 8ms
07-11 14:50:59.601 D/dalvikvm( 7852): GC_FOR_ALLOC freed 507K, 58% free 622K/1472K, paused 8ms, total 8ms
07-11 14:50:59.898 D/dalvikvm( 7852): GC_FOR_ALLOC freed 491K, 57% free 643K/1472K, paused 7ms, total 7ms
07-11 14:51:00.226 D/dalvikvm( 7852): GC_FOR_ALLOC freed 535K, 58% free 619K/1472K, paused 6ms, total 6ms
07-11 14:51:00.461 D/LightsService(  374): Excessive delay setting light: 66ms
07-11 14:51:00.562 D/dalvikvm( 7852): GC_FOR_ALLOC freed 507K, 58% free 623K/1472K, paused 9ms, total 9ms
07-11 14:51:00.859 D/dalvikvm( 7852): GC_FOR_ALLOC freed 493K, 57% free 642K/1472K, paused 7ms, total 7ms
07-11 14:51:01.172 D/dalvikvm( 7852): GC_FOR_ALLOC freed 535K, 58% free 618K/1472K, paused 9ms, total 10ms
07-11 14:51:01.461 D/dalvikvm( 7852): GC_FOR_ALLOC freed 504K, 58% free 625K/1472K, paused 7ms, total 7ms
07-11 14:51:01.734 D/dalvikvm( 7852): GC_FOR_ALLOC freed 495K, 57% free 642K/1472K, paused 6ms, total 6ms
07-11 14:51:02.039 D/dalvikvm( 7852): GC_FOR_ALLOC freed 535K, 58% free 619K/1472K, paused 10ms, total 12ms
07-11 14:51:02.344 D/dalvikvm( 7852): GC_FOR_ALLOC freed 504K, 58% free 626K/1472K, paused 7ms, total 7ms
07-11 14:51:02.640 D/dalvikvm( 7852): GC_FOR_ALLOC freed 498K, 57% free 640K/1472K, paused 25ms, total 25ms
07-11 14:51:02.976 D/dalvikvm( 7852): GC_FOR_ALLOC freed 533K, 58% free 619K/1472K, paused 7ms, total 7ms
07-11 14:51:03.312 D/dalvikvm( 7852): GC_FOR_ALLOC freed 502K, 58% free 628K/1472K, paused 6ms, total 6ms
07-11 14:51:03.586 D/dalvikvm( 7852): GC_FOR_ALLOC freed 500K, 57% free 640K/1472K, paused 8ms, total 9ms
07-11 14:51:03.875 D/dalvikvm( 7852): GC_FOR_ALLOC freed 531K, 58% free 620K/1472K, paused 7ms, total 7ms
07-11 14:51:04.179 D/dalvikvm( 7852): GC_FOR_ALLOC freed 502K, 58% free 629K/1472K, paused 10ms, total 14ms
07-11 14:51:04.554 D/dalvikvm( 7852): GC_FOR_ALLOC freed 503K, 57% free 638K/1472K, paused 6ms, total 6ms
07-11 14:51:04.726 D/dalvikvm( 3259): GC_FOR_ALLOC freed 3125K, 29% free 18214K/25600K, paused 67ms, total 67ms
07-11 14:51:04.937 D/dalvikvm( 7852): GC_FOR_ALLOC freed 531K, 58% free 618K/1472K, paused 7ms, total 7ms
07-11 14:51:05.265 D/dalvikvm( 7852): GC_FOR_ALLOC freed 498K, 58% free 631K/1472K, paused 7ms, total 7ms
07-11 14:51:05.539 D/dalvikvm( 7852): GC_FOR_ALLOC freed 504K, 57% free 638K/1472K, paused 7ms, total 8ms
07-11 14:51:05.812 D/dalvikvm( 7852): GC_FOR_ALLOC freed 515K, 57% free 635K/1472K, paused 9ms, total 9ms
07-11 14:51:06.125 D/dalvikvm( 7852): GC_FOR_ALLOC freed 514K, 58% free 632K/1472K, paused 7ms, total 7ms
07-11 14:51:06.344 I/PowerManagerService(  374): Going to sleep due to screen timeout...
07-11 14:51:06.351 I/PowerManagerService(  374): Waking up from sleep...
07-11 14:51:06.390 D/MdmApplication( 3259): [null:-1]->onActivityPaused market.activity.AppDetailActivity , mActivityCount = 3
07-11 14:51:06.390 D/MDM :   ( 3259): [null:-1]->query
07-11 14:51:06.390 D/MDM :   ( 3259): [null:-1]->QUERY_PINCODE_CHECK_RESULT
07-11 14:51:06.390 E/Mdm     ( 3259): Call Mdm service's setLastExitTime function
07-11 14:51:06.515 D/NfcService(  592): NFC-C OFF, disconnect
07-11 14:51:06.648 D/dalvikvm(  833): GC_CONCURRENT freed 1246K, 18% free 12856K/15584K, paused 12ms+8ms, total 130ms
07-11 14:51:06.648 D/dalvikvm(  833): WAIT_FOR_CONCURRENT_GC blocked 94ms
07-11 14:51:06.750 D/MDM :   ( 3259): [null:-1]->query
07-11 14:51:06.750 D/MDM :   ( 3259): [null:-1]->QUERY_SETTING_PIN_ONOFF
07-11 14:51:06.867 I/WindowManager(  374): No lock screen!
07-11 14:51:06.929 D/dalvikvm( 7852): GC_FOR_ALLOC freed 507K, 57% free 637K/1472K, paused 8ms, total 8ms
07-11 14:51:06.945 D/MdmApplication( 3259): [null:-1]->onActivityStarted market.activity.AppDetailActivity , mActivityCount = 2
07-11 14:51:06.945 D/MDM :   ( 3259): [null:-1]->query
07-11 14:51:06.945 D/MDM :   ( 3259): [null:-1]->QUERY_PINCODE_CHECK_RESULT
07-11 14:51:06.945 W/System.err( 3259): android.content.pm.PackageManager$NameNotFoundException: com.moji.mjweather
07-11 14:51:06.953 W/System.err( 3259): 	at android.app.ApplicationPackageManager.getPackageInfo(ApplicationPackageManager.java:81)
07-11 14:51:06.953 W/System.err( 3259): 	at com.pekall.emdm.market.activity.AppDetailActivity.onResume(Unknown Source)
07-11 14:51:06.953 W/System.err( 3259): 	at android.app.Instrumentation.callActivityOnResume(Instrumentation.java:1192)
07-11 14:51:06.953 W/System.err( 3259): 	at android.app.Activity.performResume(Activity.java:5211)
07-11 14:51:06.953 W/System.err( 3259): 	at android.app.ActivityThread.performResumeActivity(ActivityThread.java:2780)
07-11 14:51:06.953 W/System.err( 3259): 	at android.app.ActivityThread.handleResumeActivity(ActivityThread.java:2819)
07-11 14:51:06.953 W/System.err( 3259): 	at android.app.ActivityThread$H.handleMessage(ActivityThread.java:1298)
07-11 14:51:06.953 W/System.err( 3259): 	at android.os.Handler.dispatchMessage(Handler.java:99)
07-11 14:51:06.953 W/System.err( 3259): 	at android.os.Looper.loop(Looper.java:137)
07-11 14:51:06.953 W/System.err( 3259): 	at android.app.ActivityThread.main(ActivityThread.java:5103)
07-11 14:51:06.953 W/System.err( 3259): 	at java.lang.reflect.Method.invokeNative(Native Method)
07-11 14:51:06.953 W/System.err( 3259): 	at java.lang.reflect.Method.invoke(Method.java:525)
07-11 14:51:06.953 W/System.err( 3259): 	at com.android.internal.os.ZygoteInit$MethodAndArgsCaller.run(ZygoteInit.java:737)
07-11 14:51:06.953 W/System.err( 3259): 	at com.android.internal.os.ZygoteInit.main(ZygoteInit.java:553)
07-11 14:51:06.953 W/System.err( 3259): 	at dalvik.system.NativeStart.main(Native Method)
07-11 14:51:06.961 D/ypy     ( 3259): [null:-1]-> ================ checkDownLoadStatus status is 1
07-11 14:51:07.101 D/LightsService(  374): Excessive delay setting light: 133ms
07-11 14:51:07.219 D/dalvikvm(  450): GC_CONCURRENT freed 1427K, 14% free 15214K/17536K, paused 7ms+49ms, total 243ms
07-11 14:51:07.265 D/LightsService(  374): Excessive delay setting light: 148ms
07-11 14:51:07.445 V/DigitalWidgetViewsFactory( 6616): DigitalWidget sets next alarm string to null
07-11 14:51:07.562 D/NfcService(  592): NFC-C ON
07-11 14:51:07.765 D/AndroidRuntime( 8040): 
07-11 14:51:07.765 D/AndroidRuntime( 8040): >>>>>> AndroidRuntime START com.android.internal.os.RuntimeInit <<<<<<
07-11 14:51:07.765 D/AndroidRuntime( 8040): CheckJNI is OFF
07-11 14:51:07.781 D/dalvikvm( 8040): Trying to load lib libjavacore.so 0x0
07-11 14:51:07.789 D/dalvikvm( 8040): Added shared lib libjavacore.so 0x0
07-11 14:51:07.812 D/dalvikvm( 8040): Trying to load lib libnativehelper.so 0x0
07-11 14:51:07.812 D/dalvikvm( 8040): Added shared lib libnativehelper.so 0x0
07-11 14:51:07.992 D/dalvikvm( 7852): GC_FOR_ALLOC freed 514K, 57% free 634K/1472K, paused 10ms, total 10ms
07-11 14:51:08.094 D/AndroidRuntime( 8040): Calling main entry com.qihoo360.powerctl.root.app.App
07-11 14:51:08.094 D/AndroidRuntime( 8040): Shutting down VM
07-11 14:51:08.094 D/dalvikvm( 8040): Debugger has detached; object registry had 1 entries
07-11 14:51:08.094 I/AndroidRuntime( 8040): NOTE: attach of thread 'Binder_1' failed
07-11 14:51:08.390 D/dalvikvm( 7852): GC_FOR_ALLOC freed 519K, 58% free 627K/1472K, paused 10ms, total 11ms
07-11 14:51:09.179 D/dalvikvm( 7852): GC_FOR_ALLOC freed 495K, 57% free 643K/1472K, paused 11ms, total 12ms
07-11 14:51:09.469 D/dalvikvm( 7852): GC_FOR_ALLOC freed 520K, 57% free 635K/1472K, paused 8ms, total 8ms
07-11 14:51:09.789 D/dalvikvm( 7852): GC_FOR_ALLOC freed 523K, 58% free 623K/1472K, paused 9ms, total 9ms
07-11 14:51:10.070 D/dalvikvm( 7852): GC_FOR_ALLOC freed 492K, 57% free 642K/1472K, paused 7ms, total 7ms
07-11 14:51:10.344 D/dalvikvm( 7852): GC_FOR_ALLOC freed 536K, 58% free 618K/1472K, paused 7ms, total 7ms
07-11 14:51:10.633 D/dalvikvm( 7852): GC_FOR_ALLOC freed 504K, 58% free 625K/1472K, paused 7ms, total 8ms
07-11 14:51:10.922 D/dalvikvm( 7852): GC_FOR_ALLOC freed 495K, 57% free 642K/1472K, paused 6ms, total 6ms
07-11 14:51:11.211 D/dalvikvm( 7852): GC_FOR_ALLOC freed 535K, 58% free 619K/1472K, paused 6ms, total 6ms
07-11 14:51:11.508 D/dalvikvm( 7852): GC_FOR_ALLOC freed 504K, 58% free 626K/1472K, paused 9ms, total 9ms
07-11 14:51:11.789 D/dalvikvm( 7852): GC_FOR_ALLOC freed 498K, 57% free 640K/1472K, paused 6ms, total 9ms
07-11 14:51:12.039 D/dalvikvm( 7852): GC_FOR_ALLOC freed 532K, 58% free 619K/1472K, paused 6ms, total 6ms
07-11 14:51:12.328 D/dalvikvm( 7852): GC_FOR_ALLOC freed 503K, 58% free 628K/1472K, paused 7ms, total 7ms
07-11 14:51:12.625 D/dalvikvm( 7852): GC_FOR_ALLOC freed 499K, 57% free 640K/1472K, paused 8ms, total 8ms
07-11 14:51:12.898 D/dalvikvm( 7852): GC_FOR_ALLOC freed 531K, 58% free 620K/1472K, paused 6ms, total 6ms
07-11 14:51:13.265 D/dalvikvm( 7852): GC_FOR_ALLOC freed 502K, 58% free 629K/1472K, paused 8ms, total 8ms
07-11 14:51:13.633 D/dalvikvm( 3259): GC_FOR_ALLOC freed 3118K, 29% free 18218K/25600K, paused 71ms, total 71ms
07-11 14:51:13.672 D/dalvikvm( 7852): GC_FOR_ALLOC freed 503K, 57% free 638K/1472K, paused 6ms, total 7ms
07-11 14:51:13.937 D/dalvikvm( 7852): GC_FOR_ALLOC freed 516K, 57% free 634K/1472K, paused 8ms, total 8ms
07-11 14:51:14.281 D/dalvikvm( 7852): GC_FOR_ALLOC freed 514K, 58% free 631K/1472K, paused 7ms, total 7ms
07-11 14:51:14.594 D/dalvikvm( 7852): GC_FOR_ALLOC freed 505K, 57% free 638K/1472K, paused 7ms, total 7ms
07-11 14:51:14.883 D/dalvikvm( 7852): GC_FOR_ALLOC freed 515K, 57% free 634K/1472K, paused 8ms, total 8ms
07-11 14:51:15.195 D/dalvikvm( 7852): GC_FOR_ALLOC freed 513K, 57% free 633K/1472K, paused 9ms, total 9ms
07-11 14:51:15.445 D/dalvikvm( 7852): GC_FOR_ALLOC freed 509K, 57% free 636K/1472K, paused 8ms, total 8ms
07-11 14:51:15.726 D/dalvikvm( 7852): GC_FOR_ALLOC freed 531K, 59% free 616K/1472K, paused 6ms, total 6ms
07-11 14:51:16.047 D/dalvikvm( 7852): GC_FOR_ALLOC freed 492K, 57% free 635K/1472K, paused 9ms, total 9ms
07-11 14:51:16.336 D/dalvikvm( 7852): GC_FOR_ALLOC freed 510K, 57% free 636K/1472K, paused 6ms, total 6ms
07-11 14:51:16.594 D/dalvikvm( 7852): GC_FOR_ALLOC freed 516K, 58% free 632K/1472K, paused 8ms, total 9ms
07-11 14:51:16.890 D/dalvikvm( 7852): GC_FOR_ALLOC freed 507K, 57% free 636K/1472K, paused 8ms, total 8ms
07-11 14:51:16.890 W/ActivityManager(  374): Activity idle timeout for ActivityRecord{42092048 u0 com.pekall.emdm/.market.activity.AppDetailActivity}
07-11 14:51:17.187 D/dalvikvm( 7852): GC_FOR_ALLOC freed 515K, 57% free 633K/1472K, paused 8ms, total 8ms
07-11 14:51:17.508 D/dalvikvm( 7852): GC_FOR_ALLOC freed 526K, 58% free 618K/1472K, paused 7ms, total 8ms
07-11 14:51:17.797 D/dalvikvm( 7852): GC_FOR_ALLOC freed 491K, 57% free 639K/1472K, paused 9ms, total 9ms
07-11 14:51:18.086 D/dalvikvm( 7852): GC_FOR_ALLOC freed 533K, 59% free 617K/1472K, paused 7ms, total 7ms
07-11 14:51:18.398 D/dalvikvm( 7852): GC_FOR_ALLOC freed 509K, 58% free 619K/1472K, paused 6ms, total 7ms
07-11 14:51:18.672 D/dalvikvm( 7852): GC_FOR_ALLOC freed 491K, 57% free 640K/1472K, paused 9ms, total 9ms
07-11 14:51:18.992 D/dalvikvm( 7852): GC_FOR_ALLOC freed 534K, 59% free 617K/1472K, paused 8ms, total 9ms
07-11 14:51:19.289 D/dalvikvm( 7852): GC_FOR_ALLOC freed 507K, 58% free 621K/1472K, paused 10ms, total 10ms
07-11 14:51:19.578 D/dalvikvm( 7852): GC_FOR_ALLOC freed 491K, 57% free 642K/1472K, paused 7ms, total 7ms
07-11 14:51:19.859 D/dalvikvm( 7852): GC_FOR_ALLOC freed 534K, 58% free 619K/1472K, paused 6ms, total 8ms
07-11 14:51:20.172 D/dalvikvm( 7852): GC_FOR_ALLOC freed 508K, 58% free 622K/1472K, paused 8ms, total 9ms
07-11 14:51:20.219 D/mdm_log ( 3259): [null:-1]->read buffer is -1 , download done
07-11 14:51:20.289 D/mdm_log ( 3259): [null:-1]->file download complete! url is/storage/emulated/0/MDM/download/commojimjweather.apk
07-11 14:51:20.320 D/ypy     ( 3259): [null:-1]-> ================ checkDownLoadStatus status is 3
07-11 14:51:20.320 D/ypy     ( 3259): [null:-1]-> ================ checkDownLoadStatus status is 3
07-11 14:51:20.320 D/ypy     ( 3259): [null:-1]-> ================ checkDownLoadStatus status is 3
07-11 14:51:20.429 D/dalvikvm( 7852): GC_FOR_ALLOC freed 498K, 57% free 635K/1472K, paused 6ms, total 6ms
07-11 14:51:21.047 I/QueryController( 7852): Matched selector: UiSelector[TEXT=] <<==>> [android.view.accessibility.AccessibilityNodeInfo@a0cfc; boundsInParent: Rect(0, 0 - 640, 76); boundsInScreen: Rect(40, 1068 - 680, 1144); packageName: com.pekall.emdm; className: android.widget.Button; text: ; contentDescription: null; viewIdResName: com.pekall.emdm:id/market_app_detail_download_btn; checkable: false; checked: false; focusable: true; focused: false; selected: false; clickable: true; longClickable: false; enabled: true; password: false; scrollable: false; [ACTION_FOCUS, ACTION_SELECT, ACTION_CLEAR_SELECTION, ACTION_CLICK, ACTION_ACCESSIBILITY_FOCUS, ACTION_NEXT_AT_MOVEMENT_GRANULARITY, ACTION_PREVIOUS_AT_MOVEMENT_GRANULARITY, ACTION_SET_SELECTION]]
07-11 14:51:21.070 I/QueryController( 7852): Matched selector: UiSelector[TEXT=, CLASS=android.widget.Button] <<==>> [android.view.accessibility.AccessibilityNodeInfo@a0cfc; boundsInParent: Rect(0, 0 - 640, 76); boundsInScreen: Rect(40, 1068 - 680, 1144); packageName: com.pekall.emdm; className: android.widget.Button; text: ; contentDescription: null; viewIdResName: com.pekall.emdm:id/market_app_detail_download_btn; checkable: false; checked: false; focusable: true; focused: false; selected: false; clickable: true; longClickable: false; enabled: true; password: false; scrollable: false; [ACTION_FOCUS, ACTION_SELECT, ACTION_CLEAR_SELECTION, ACTION_CLICK, ACTION_ACCESSIBILITY_FOCUS, ACTION_NEXT_AT_MOVEMENT_GRANULARITY, ACTION_PREVIOUS_AT_MOVEMENT_GRANULARITY, ACTION_SET_SELECTION]]
07-11 14:51:21.078 D/InteractionController( 7852): clickAndWaitForNewWindow(360, 1106)
07-11 14:51:21.187 I/ActivityManager(  374): START u0 {act=android.intent.action.VIEW dat=file:///storage/emulated/0/MDM/download/commojimjweather.apk typ=application/vnd.android.package-archive flg=0x10000000 cmp=com.android.packageinstaller/.PackageInstallerActivity} from pid 3259
07-11 14:51:21.312 D/dalvikvm(  374): GC_FOR_ALLOC freed 2791K, 30% free 22972K/32488K, paused 123ms, total 124ms
07-11 14:51:21.328 D/MdmApplication( 3259): [null:-1]->onActivityPaused market.activity.AppDetailActivity , mActivityCount = 3
07-11 14:51:21.328 D/MDM :   ( 3259): [null:-1]->query
07-11 14:51:21.328 D/MDM :   ( 3259): [null:-1]->QUERY_PINCODE_CHECK_RESULT
07-11 14:51:21.328 E/Mdm     ( 3259): Call Mdm service's setLastExitTime function
07-11 14:51:21.367 I/ActivityManager(  374): Start proc com.android.packageinstaller for activity com.android.packageinstaller/.PackageInstallerActivity: pid=8084 uid=10045 gids={50045, 1028}
07-11 14:51:21.578 D/dalvikvm( 8084): GC_CONCURRENT freed 165K, 3% free 9268K/9468K, paused 4ms+4ms, total 38ms
07-11 14:51:21.578 D/dalvikvm( 8084): WAIT_FOR_CONCURRENT_GC blocked 11ms
07-11 14:51:21.679 D/dalvikvm( 8084): GC_CONCURRENT freed 264K, 4% free 9508K/9816K, paused 2ms+2ms, total 29ms
07-11 14:51:21.679 D/dalvikvm( 8084): WAIT_FOR_CONCURRENT_GC blocked 12ms
07-11 14:51:21.726 D/dalvikvm( 8084): GC_FOR_ALLOC freed 148K, 4% free 9635K/9944K, paused 24ms, total 24ms
07-11 14:51:21.726 I/dalvikvm-heap( 8084): Grow heap (frag case) to 9.690MB for 260112-byte allocation
07-11 14:51:21.758 D/dalvikvm( 8084): GC_FOR_ALLOC freed 126K, 5% free 9763K/10200K, paused 28ms, total 28ms
07-11 14:51:21.789 D/dalvikvm( 8084): GC_FOR_ALLOC freed 311K, 5% free 9753K/10264K, paused 22ms, total 22ms
07-11 14:51:21.812 D/dalvikvm( 8084): GC_FOR_ALLOC freed 62K, 5% free 9816K/10264K, paused 22ms, total 22ms
07-11 14:51:21.836 D/dalvikvm( 8084): GC_FOR_ALLOC freed 126K, 4% free 9944K/10264K, paused 23ms, total 23ms
07-11 14:51:21.867 D/dalvikvm( 8084): GC_FOR_ALLOC freed 307K, 5% free 9933K/10444K, paused 23ms, total 24ms
07-11 14:51:21.890 D/dalvikvm( 8084): GC_FOR_ALLOC freed 62K, 5% free 9996K/10444K, paused 22ms, total 22ms
07-11 14:51:21.890 I/dalvikvm-heap( 8084): Grow heap (frag case) to 10.042MB for 260112-byte allocation
07-11 14:51:21.922 D/dalvikvm( 8084): GC_FOR_ALLOC freed 126K, 6% free 10124K/10700K, paused 28ms, total 28ms
07-11 14:51:21.992 D/dalvikvm( 8084): GC_CONCURRENT freed 315K, 4% free 10272K/10700K, paused 5ms+3ms, total 31ms
07-11 14:51:22.117 D/dalvikvm( 8084): GC_CONCURRENT freed 106K, 2% free 10652K/10796K, paused 5ms+3ms, total 36ms
07-11 14:51:22.258 D/dalvikvm( 8084): GC_CONCURRENT freed 119K, 2% free 11108K/11264K, paused 3ms+4ms, total 34ms
07-11 14:51:22.390 D/dalvikvm( 8084): GC_CONCURRENT freed 364K, 4% free 11475K/11876K, paused 3ms+3ms, total 37ms
07-11 14:51:22.578 D/dalvikvm( 6245): GC_CONCURRENT freed 408K, 7% free 9351K/10016K, paused 4ms+3ms, total 53ms
07-11 14:51:22.586 D/dalvikvm( 8084): GC_CONCURRENT freed 394K, 4% free 11935K/12364K, paused 2ms+3ms, total 46ms
07-11 14:51:22.586 D/dalvikvm( 8084): WAIT_FOR_CONCURRENT_GC blocked 17ms
07-11 14:51:22.836 I/AppSecurityPermissions( 8084): Ignoring unknown permission:android.permission.RECEIVE_USER_PRESENT
07-11 14:51:22.851 I/AppSecurityPermissions( 8084): Ignoring unknown permission:getui.permission.GetuiService
07-11 14:51:22.961 D/dalvikvm( 8084): GC_CONCURRENT freed 777K, 7% free 12122K/12936K, paused 3ms+24ms, total 48ms
07-11 14:51:23.336 D/libEGL  ( 8084): loaded /vendor/lib/egl/libEGL_POWERVR_SGX540_120.so
07-11 14:51:23.351 D/libEGL  ( 8084): loaded /vendor/lib/egl/libGLESv1_CM_POWERVR_SGX540_120.so
07-11 14:51:23.367 D/libEGL  ( 8084): loaded /vendor/lib/egl/libGLESv2_POWERVR_SGX540_120.so
07-11 14:51:23.469 D/OpenGLRenderer( 8084): Enabling debug mode 0
07-11 14:51:23.578 V/RenderScript( 8084): 0x59320ea0 Launching thread(s), CPUs 2
07-11 14:51:23.640 I/ActivityManager(  374): Displayed com.android.packageinstaller/.PackageInstallerActivity: +2s287ms
07-11 14:51:24.570 D/dalvikvm( 7852): GC_FOR_ALLOC freed 517K, 58% free 630K/1472K, paused 6ms, total 6ms
07-11 14:51:24.742 I/QueryController( 7852): Matched selector: UiSelector[TEXT=, CLASS=android.widget.Button] <<==>> [android.view.accessibility.AccessibilityNodeInfo@2747b; boundsInParent: Rect(0, 0 - 359, 96); boundsInScreen: Rect(361, 1088 - 720, 1184); packageName: com.android.packageinstaller; className: android.widget.Button; text: ; contentDescription: null; viewIdResName: com.android.packageinstaller:id/ok_button; checkable: false; checked: false; focusable: true; focused: false; selected: false; clickable: true; longClickable: false; enabled: true; password: false; scrollable: false; [ACTION_FOCUS, ACTION_SELECT, ACTION_CLEAR_SELECTION, ACTION_CLICK, ACTION_ACCESSIBILITY_FOCUS, ACTION_NEXT_AT_MOVEMENT_GRANULARITY, ACTION_PREVIOUS_AT_MOVEMENT_GRANULARITY, ACTION_SET_SELECTION]]
07-11 14:51:25.320 I/QueryController( 7852): Matched selector: UiSelector[TEXT=, CLASS=android.widget.Button] <<==>> [android.view.accessibility.AccessibilityNodeInfo@2747b; boundsInParent: Rect(0, 0 - 359, 96); boundsInScreen: Rect(361, 1088 - 720, 1184); packageName: com.android.packageinstaller; className: android.widget.Button; text: ; contentDescription: null; viewIdResName: com.android.packageinstaller:id/ok_button; checkable: false; checked: false; focusable: true; focused: false; selected: false; clickable: true; longClickable: false; enabled: true; password: false; scrollable: false; [ACTION_FOCUS, ACTION_SELECT, ACTION_CLEAR_SELECTION, ACTION_CLICK, ACTION_ACCESSIBILITY_FOCUS, ACTION_NEXT_AT_MOVEMENT_GRANULARITY, ACTION_PREVIOUS_AT_MOVEMENT_GRANULARITY, ACTION_SET_SELECTION]]
07-11 14:51:25.328 D/InteractionController( 7852): clickAndWaitForNewWindow(540, 1136)
07-11 14:51:27.195 D/MdmService( 3259): [null:-1]->receiver action :com.pekall.mdm.action.MDM_ALARM
07-11 14:51:28.429 W/InteractionController( 7852): runAndwaitForEvent timedout waiting for events
