07-11 14:44:28.586 W/PackageManager(  374): Not granting permission android.permission.READ_LOGS to package com.qihoo360.mobilesafe.opti.powerctl (protectionLevel=50 flags=0x80be44)
07-11 14:44:28.594 W/PackageManager(  374): Not granting permission android.permission.STATUS_BAR to package com.qihoo360.mobilesafe.opti.powerctl (protectionLevel=18 flags=0x80be44)
07-11 14:44:28.594 W/PackageManager(  374): Unknown permission android.permission.ADD_SYSTEM_SERVICE in package com.android.phone
07-11 14:44:28.594 W/PackageManager(  374): Unknown permission com.android.smspush.WAPPUSH_MANAGER_BIND in package com.android.phone
07-11 14:44:28.594 W/PackageManager(  374): Not granting permission android.permission.READ_LOGS to package com.qihoo.root (protectionLevel=50 flags=0x80be44)
07-11 14:44:28.594 W/PackageManager(  374): Not granting permission android.permission.INSTALL_PACKAGES to package com.qihoo.root (protectionLevel=18 flags=0x80be44)
07-11 14:44:28.594 W/PackageManager(  374): Not granting permission android.permission.DELETE_PACKAGES to package com.qihoo.root (protectionLevel=18 flags=0x80be44)
07-11 14:44:28.601 W/PackageManager(  374): Unknown permission com.android.vending.billing.IBillingAccountService.BIND2 in package com.google.android.gsf.login
07-11 14:44:28.601 W/PackageManager(  374): Unknown permission com.android.chrome.TOS_ACKED in package com.google.android.gsf.login
07-11 14:44:28.601 W/PackageManager(  374): Unknown permission com.android.gallery3d.permission.GALLERY_PROVIDER in package com.android.bluetooth
07-11 14:44:28.609 W/PackageManager(  374): Not granting permission android.permission.INSTALL_PACKAGES to package com.mgyapp.android (protectionLevel=18 flags=0x88be44)
07-11 14:44:28.609 W/PackageManager(  374): Not granting permission android.permission.DELETE_PACKAGES to package com.mgyapp.android (protectionLevel=18 flags=0x88be44)
07-11 14:44:28.609 W/PackageManager(  374): Not granting permission android.permission.FORCE_STOP_PACKAGES to package com.mgyapp.android (protectionLevel=2 flags=0x88be44)
07-11 14:44:28.609 W/PackageManager(  374): Not granting permission android.permission.DELETE_CACHE_FILES to package com.mgyapp.android (protectionLevel=18 flags=0x88be44)
07-11 14:44:28.609 W/PackageManager(  374): Not granting permission android.permission.READ_LOGS to package com.mgyapp.android (protectionLevel=50 flags=0x88be44)
07-11 14:44:28.617 W/PackageManager(  374): Not granting permission android.permission.WRITE_SECURE_SETTINGS to package com.mgyapp.android (protectionLevel=50 flags=0x88be44)
07-11 14:44:28.617 W/PackageManager(  374): Unknown permission android.permission.READ_OWNER_DATA in package com.mgyapp.android
07-11 14:44:28.617 W/PackageManager(  374): Unknown permission android.permission.WRITE_OWNER_DATA in package com.mgyapp.android
07-11 14:44:28.617 W/PackageManager(  374): Not granting permission android.permission.ACCESS_CACHE_FILESYSTEM to package com.mgyapp.android (protectionLevel=18 flags=0x88be44)
07-11 14:44:28.617 W/PackageManager(  374): Not granting permission android.permission.WRITE_APN_SETTINGS to package com.mgyapp.android (protectionLevel=18 flags=0x88be44)
07-11 14:44:28.617 W/PackageManager(  374): Not granting permission android.permission.MOUNT_UNMOUNT_FILESYSTEMS to package com.mgyapp.android (protectionLevel=18 flags=0x88be44)
07-11 14:44:28.617 W/PackageManager(  374): Unknown permission android.permission.RECEIVE_USER_PRESENT in package com.mgyapp.android
07-11 14:44:28.617 W/PackageManager(  374): Not granting permission android.permission.MODIFY_PHONE_STATE to package com.qihoo360.mobilesafe (protectionLevel=18 flags=0x88be44)
07-11 14:44:28.617 W/PackageManager(  374): Not granting permission android.permission.WRITE_SECURE_SETTINGS to package com.qihoo360.mobilesafe (protectionLevel=50 flags=0x88be44)
07-11 14:44:28.617 W/PackageManager(  374): Not granting permission android.permission.WRITE_APN_SETTINGS to package com.qihoo360.mobilesafe (protectionLevel=18 flags=0x88be44)
07-11 14:44:28.617 W/PackageManager(  374): Not granting permission android.permission.READ_LOGS to package com.qihoo360.mobilesafe (protectionLevel=50 flags=0x88be44)
07-11 14:44:28.617 W/PackageManager(  374): Unknown permission com.qihoo360.mobilesafe_lite.permission.FORCE_CLOSE in package com.qihoo360.mobilesafe
07-11 14:44:28.617 W/PackageManager(  374): Unknown permission telecom.mdesk.permission.FORCE_CLOSE in package com.qihoo360.mobilesafe
07-11 14:44:28.617 W/PackageManager(  374): Not granting permission android.permission.INSTALL_PACKAGES to package com.qihoo360.mobilesafe (protectionLevel=18 flags=0x88be44)
07-11 14:44:28.617 W/PackageManager(  374): Not granting permission android.permission.SET_ALWAYS_FINISH to package com.qihoo360.mobilesafe (protectionLevel=50 flags=0x88be44)
07-11 14:44:28.617 W/PackageManager(  374): Unknown permission android.permission.ACCESS_SUPERUSER in package com.qihoo360.mobilesafe
07-11 14:44:28.617 W/PackageManager(  374): Unknown permission com.qihoo360.mobilesafe.shield.permission.broadcast in package com.qihoo360.mobilesafe
07-11 14:44:28.617 W/PackageManager(  374): Unknown permission com.qihoo360.contacts.permission.broadcast in package com.qihoo360.mobilesafe
07-11 14:44:28.617 W/PackageManager(  374): Unknown permission com.qihoo360.privatehome.permission.openAppActivity in package com.qihoo360.mobilesafe
07-11 14:44:28.625 W/PackageManager(  374): Not granting permission android.permission.INSTALL_PACKAGES to package com.qihoo.appstore (protectionLevel=18 flags=0x88be44)
07-11 14:44:28.625 W/PackageManager(  374): Not granting permission android.permission.DELETE_PACKAGES to package com.qihoo.appstore (protectionLevel=18 flags=0x88be44)
07-11 14:44:28.625 W/PackageManager(  374): Not granting permission android.permission.CLEAR_APP_USER_DATA to package com.qihoo.appstore (protectionLevel=2 flags=0x88be44)
07-11 14:44:28.625 W/PackageManager(  374): Not granting permission android.permission.WRITE_MEDIA_STORAGE to package com.qihoo.appstore (protectionLevel=18 flags=0x88be44)
07-11 14:44:28.625 W/PackageManager(  374): Not granting permission android.permission.ACCESS_CACHE_FILESYSTEM to package com.qihoo.appstore (protectionLevel=18 flags=0x88be44)
07-11 14:44:28.625 W/PackageManager(  374): Unknown permission android.permission.READ_OWNER_DATA in package com.qihoo.appstore
07-11 14:44:28.625 W/PackageManager(  374): Unknown permission android.permission.WRITE_OWNER_DATA in package com.qihoo.appstore
07-11 14:44:28.625 W/PackageManager(  374): Not granting permission android.permission.CHANGE_CONFIGURATION to package com.qihoo.appstore (protectionLevel=50 flags=0x88be44)
07-11 14:44:28.625 W/PackageManager(  374): Unknown permission com.htc.launcher.permission.READ_SETTINGS in package com.qihoo.appstore
07-11 14:44:28.625 W/PackageManager(  374): Not granting permission android.permission.DEVICE_POWER to package com.qihoo.appstore (protectionLevel=2 flags=0x88be44)
07-11 14:44:28.625 W/PackageManager(  374): Not granting permission android.permission.MOUNT_UNMOUNT_FILESYSTEMS to package com.qihoo.appstore (protectionLevel=18 flags=0x88be44)
07-11 14:44:28.625 W/PackageManager(  374): Unknown permission com.huaqin.launcherEx.permission.READ_SETTINGS in package com.qihoo.appstore
07-11 14:44:28.633 W/PackageManager(  374): Unknown permission com.huaqin.launcherEx.permission.WRITE_SETTINGS in package com.qihoo.appstore
07-11 14:44:28.633 W/PackageManager(  374): Unknown permission com.android.launcher.permission.READ_PHONE_STATE in package com.qihoo.appstore
07-11 14:44:28.633 W/PackageManager(  374): Unknown permission com.huawei.launcher3.permission.READ_SETTINGS in package com.qihoo.appstore
07-11 14:44:28.633 W/PackageManager(  374): Unknown permission com.qihoo360.launcher.permission.WRITE_SETTINGS in package com.qihoo.appstore
07-11 14:44:28.633 W/PackageManager(  374): Unknown permission com.qihoo360.launcher.permission.READ_SETTINGS in package com.qihoo.appstore
07-11 14:44:28.633 W/PackageManager(  374): Not granting permission android.permission.DEVICE_POWER to package com.google.android.deskclock (protectionLevel=2 flags=0xc8be45)
07-11 14:44:28.633 W/PackageManager(  374): Unknown permission android.permission.READ_OWNER_DATA in package com.google.android.setupwizard
07-11 14:44:28.633 W/PackageManager(  374): Unknown permission android.permission.WRITE_OWNER_DATA in package com.google.android.setupwizard
07-11 14:44:28.640 W/PackageManager(  374): Not granting permission android.permission.ACCESS_DOWNLOAD_MANAGER to package by.game.binumbers (protectionLevel=18 flags=0x8be44)
07-11 14:44:28.640 W/PackageManager(  374): Unknown permission android.permission.ACCESS_MTK_MMHW in package com.qihoo.permroot
07-11 14:44:28.640 W/PackageManager(  374): Unknown permission com.google.android.voicesearch.SHORTCUTS_ACCESS in package com.google.android.googlequicksearchbox
07-11 14:44:28.640 W/PackageManager(  374): Not granting permission android.permission.ACCOUNT_MANAGER to package com.google.android.music (protectionLevel=2 flags=0x88be65)
07-11 14:44:28.640 W/PackageManager(  374): Unknown permission android.permission.READ_OWNER_DATA in package com.nd.assistance
07-11 14:44:28.640 W/PackageManager(  374): Unknown permission android.permission.WRITE_OWNER_DATA in package com.nd.assistance
07-11 14:44:28.640 W/PackageManager(  374): Not granting permission android.permission.DEVICE_POWER to package com.nd.assistance (protectionLevel=2 flags=0x80ae46)
07-11 14:44:28.640 W/PackageManager(  374): Unknown permission com.android.providers.im.permission.READ_ONLY in package com.google.android.apps.maps
07-11 14:44:28.648 W/PackageManager(  374): Unknown permission android.permission.ACCESS_SUPERUSER in package com.jrummy.root.browser
07-11 14:44:28.648 W/PackageManager(  374): Not granting permission android.permission.ACCESS_CHECKIN_PROPERTIES to package com.google.android.apps.googlevoice (protectionLevel=18 flags=0x8be44)
07-11 14:44:28.648 W/PackageManager(  374): Unknown permission com.google.android.apps.googlevoice.REMOTE_INTENT in package com.google.android.apps.googlevoice
07-11 14:44:28.648 W/PackageManager(  374): Unknown permission com.google.android.permission.RECEIVE_DATA_MESSAGE in package com.google.android.apps.googlevoice
07-11 14:44:28.648 W/PackageManager(  374): Unknown permission com.google.android.permission.SEND_DATA_MESSAGE in package com.google.android.apps.googlevoice
07-11 14:44:28.656 W/PackageManager(  374): Unknown permission com.android.providers.voicemail.permission.READ_WRITE_ALL_VOICEMAIL in package com.google.android.apps.googlevoice
07-11 14:44:28.656 W/PackageManager(  374): Unknown permission com.android.providers.voicemail.permission.READ_WRITE_OWN_VOICEMAIL in package com.google.android.apps.googlevoice
07-11 14:44:28.656 W/PackageManager(  374): Not granting permission com.google.android.apps.dashclock.permission.READ_EXTENSION_DATA to package com.betterapps.dashclock (protectionLevel=2 flags=0x8bbe44)
07-11 14:44:28.656 W/PackageManager(  374): Not granting permission android.permission.READ_LOGS to package com.pekall.emdm (protectionLevel=50 flags=0x88be46)
07-11 14:44:28.656 W/PackageManager(  374): Not granting permission android.permission.BIND_APPWIDGET to package com.pekall.emdm (protectionLevel=18 flags=0x88be46)
07-11 14:44:28.656 W/PackageManager(  374): Unknown permission com.pekall.emdm.launcher.permission.READ_SETTINGS in package com.pekall.emdm
07-11 14:44:28.656 W/PackageManager(  374): Unknown permission com.pekall.emdm.launcher.permission.WRITE_SETTINGS in package com.pekall.emdm
07-11 14:44:28.656 W/PackageManager(  374): Not granting permission android.permission.CHANGE_CONFIGURATION to package com.pekall.emdm (protectionLevel=50 flags=0x88be46)
07-11 14:44:28.656 W/PackageManager(  374): Not granting permission android.permission.INSTALL_PACKAGES to package com.pekall.emdm (protectionLevel=18 flags=0x88be46)
07-11 14:44:28.656 W/PackageManager(  374): Unknown permission android.permission.sec.ENTERPRISE_DEVICE_ADMIN in package com.pekall.emdm
07-11 14:44:28.664 W/PackageManager(  374): Unknown permission android.permission.sec.MDM_APP_MGMT in package com.pekall.emdm
07-11 14:44:28.664 W/PackageManager(  374): Unknown permission android.permission.sec.MDM_BLUETOOTH in package com.pekall.emdm
07-11 14:44:28.664 W/PackageManager(  374): Unknown permission android.permission.sec.MDM_INVENTORY in package com.pekall.emdm
07-11 14:44:28.664 W/PackageManager(  374): Unknown permission android.permission.sec.MDM_EXCHANGE in package com.pekall.emdm
07-11 14:44:28.664 W/PackageManager(  374): Unknown permission android.permission.sec.MDM_ROAMING in package com.pekall.emdm
07-11 14:44:28.664 W/PackageManager(  374): Unknown permission android.permission.sec.MDM_WIFI in package com.pekall.emdm
07-11 14:44:28.664 W/PackageManager(  374): Unknown permission android.permission.sec.MDM_SECURITY in package com.pekall.emdm
07-11 14:44:28.664 W/PackageManager(  374): Unknown permission android.permission.sec.MDM_HW_CONTROL in package com.pekall.emdm
07-11 14:44:28.664 W/PackageManager(  374): Unknown permission android.permission.sec.MDM_RESTRICTION in package com.pekall.emdm
07-11 14:44:28.664 W/PackageManager(  374): Unknown permission android.permission.sec.MDM_LOCATION in package com.pekall.emdm
07-11 14:44:28.664 W/PackageManager(  374): Not granting permission android.permission.INTERACT_ACROSS_USERS_FULL to package com.pekall.emdm (protectionLevel=2 flags=0x88be46)
07-11 14:44:28.664 W/PackageManager(  374): Unknown permission android.permission.sec.MDM_CALLING in package com.pekall.emdm
07-11 14:44:28.664 W/PackageManager(  374): Unknown permission android.permission.sec.MDM_EMAIL in package com.pekall.emdm
07-11 14:44:28.664 W/PackageManager(  374): Unknown permission android.permission.sec.MDM_VPN in package com.pekall.emdm
07-11 14:44:28.664 W/PackageManager(  374): Unknown permission android.permission.sec.MDM_APN in package com.pekall.emdm
07-11 14:44:28.664 W/PackageManager(  374): Unknown permission android.permission.sec.MDM_PHONE_RESTRICTION in package com.pekall.emdm
07-11 14:44:28.664 W/PackageManager(  374): Unknown permission android.permission.sec.MDM_BROWSER_SETTINGS in package com.pekall.emdm
07-11 14:44:28.664 W/PackageManager(  374): Unknown permission android.permission.sec.MDM_DATE_TIME in package com.pekall.emdm
07-11 14:44:28.664 W/PackageManager(  374): Unknown permission android.permission.sec.MDM_ENTERPRISE_VPN in package com.pekall.emdm
07-11 14:44:28.664 W/PackageManager(  374): Unknown permission android.permission.sec.MDM_FIREWALL in package com.pekall.emdm
07-11 14:44:28.672 W/PackageManager(  374): Unknown permission android.permission.sec.MDM_APP_PERMISSION_MGMT in package com.pekall.emdm
07-11 14:44:28.672 W/PackageManager(  374): Unknown permission android.permission.sec.MDM_KIOSK_MODE in package com.pekall.emdm
07-11 14:44:28.672 W/PackageManager(  374): Not granting permission android.permission.ACCESS_DOWNLOAD_MANAGER to package com.pekall.emdm (protectionLevel=18 flags=0x88be46)
07-11 14:44:28.672 W/PackageManager(  374): Not granting permission android.permission.SEND_DOWNLOAD_COMPLETED_INTENTS to package com.pekall.emdm (protectionLevel=2 flags=0x88be46)
07-11 14:44:28.672 W/PackageManager(  374): Unknown permission com.pekall.emdm.browser.permission.READ_HISTORY_BOOKMARKS in package com.pekall.emdm
07-11 14:44:28.672 W/PackageManager(  374): Unknown permission com.pekall.emdm.browser.permission.WRITE_HISTORY_BOOKMARKS in package com.pekall.emdm
07-11 14:44:28.672 W/PackageManager(  374): Unknown permission com.pekall.semail.permission.READ_ATTACHMENT in package com.pekall.emdm
07-11 14:44:28.672 W/PackageManager(  374): Unknown permission com.pekall.semail.permission.ACCESS_PROVIDER in package com.pekall.emdm
07-11 14:44:28.672 W/PackageManager(  374): Not granting permission android.permission.WRITE_APN_SETTINGS to package com.dragon.android.pandaspace (protectionLevel=18 flags=0x80be44)
07-11 14:44:28.679 W/PackageManager(  374): Not granting permission android.permission.INSTALL_PACKAGES to package com.dragon.android.pandaspace (protectionLevel=18 flags=0x80be44)
07-11 14:44:28.679 W/PackageManager(  374): Not granting permission android.permission.CHANGE_CONFIGURATION to package com.dragon.android.pandaspace (protectionLevel=50 flags=0x80be44)
07-11 14:44:28.679 W/PackageManager(  374): Not granting permission android.permission.READ_LOGS to package com.dragon.android.pandaspace (protectionLevel=50 flags=0x80be44)
07-11 14:44:28.679 W/PackageManager(  374): Not granting permission android.permission.PACKAGE_USAGE_STATS to package com.dragon.android.pandaspace (protectionLevel=18 flags=0x80be44)
07-11 14:44:28.679 W/PackageManager(  374): Not granting permission android.permission.MOUNT_UNMOUNT_FILESYSTEMS to package com.dragon.android.pandaspace (protectionLevel=18 flags=0x80be44)
07-11 14:44:28.679 W/PackageManager(  374): Not granting permission android.permission.SET_ACTIVITY_WATCHER to package com.dragon.android.pandaspace (protectionLevel=2 flags=0x80be44)
07-11 14:44:28.679 W/PackageManager(  374): Not granting permission android.permission.DELETE_PACKAGES to package com.dragon.android.pandaspace (protectionLevel=18 flags=0x80be44)
07-11 14:44:28.679 W/PackageManager(  374): Not granting permission android.permission.CHANGE_COMPONENT_ENABLED_STATE to package com.dragon.android.pandaspace (protectionLevel=18 flags=0x80be44)
07-11 14:44:28.687 W/PackageManager(  374): Not granting permission android.permission.SEND_DOWNLOAD_COMPLETED_INTENTS to package com.android.vending (protectionLevel=2 flags=0x8abe45)
07-11 14:44:28.687 W/PackageManager(  374): Unknown permission android.permission.SEND_SMS_NO_CONFIRMATION in package com.android.vending
07-11 14:44:28.687 W/PackageManager(  374): Unknown permission android.permission.ACCESS_SUPERUSER in package com.speedsoftware.rootexplorer
07-11 14:44:28.687 W/PackageManager(  374): Not granting permission android.permission.WRITE_SECURE_SETTINGS to package com.pekall.nmefc (protectionLevel=50 flags=0x88be44)
07-11 14:44:28.687 W/PackageManager(  374): Unknown permission android.permission.ACCESS_GPS in package com.pekall.nmefc
07-11 14:44:28.687 W/PackageManager(  374): Unknown permission android.permission.BAIDU_LOCATION_SERVICE in package com.pekall.nmefc
07-11 14:44:28.687 W/PackageManager(  374): Not granting permission android.permission.MOUNT_UNMOUNT_FILESYSTEMS to package com.pekall.nmefc (protectionLevel=18 flags=0x88be44)
07-11 14:44:28.695 W/PackageManager(  374): Not granting permission android.permission.READ_DREAM_STATE to package com.google.android.gsf (protectionLevel=2 flags=0x883e45)
07-11 14:44:28.703 W/PackageManager(  374): Unknown permission android.permission.RECEIVE_USER_PRESENT in package com.moji.mjweather
07-11 14:44:28.703 W/PackageManager(  374): Not granting permission android.permission.INTERACT_ACROSS_USERS_FULL to package com.moji.mjweather (protectionLevel=2 flags=0x18be44)
07-11 14:44:28.703 W/PackageManager(  374): Not granting permission android.permission.MOUNT_UNMOUNT_FILESYSTEMS to package com.moji.mjweather (protectionLevel=18 flags=0x18be44)
07-11 14:44:28.703 W/PackageManager(  374): Not granting permission android.permission.READ_LOGS to package com.moji.mjweather (protectionLevel=50 flags=0x18be44)
07-11 14:44:28.867 I/ActivityManager(  374): Force stopping package com.moji.mjweather appid=10082 user=0
07-11 14:44:29.992 D/BackupManagerService(  374): Received broadcast Intent { act=android.intent.action.PACKAGE_REMOVED dat=package:com.moji.mjweather flg=0x8000010 (has extras) }
07-11 14:44:30.133 W/BackupManagerService(  374): dataChanged but no participant pkg='com.android.providers.settings' uid=10079
07-11 14:44:30.195 I/ActivityManager(  374): Start proc android.process.acore for broadcast com.android.providers.contacts/.PackageIntentReceiver: pid=5892 uid=10000 gids={50000, 3003, 1015, 1028}
07-11 14:44:30.281 I/ActivityManager(  374): Start proc com.qihoo360.mobilesafe for service com.qihoo360.mobilesafe/.service.GuardDelegateService: pid=5903 uid=10072 gids={50072, 3003, 1015, 3001, 3002, 1006, 1028}
07-11 14:44:30.601 D/BackupManagerService(  374): Received broadcast Intent { act=android.intent.action.PACKAGE_ADDED dat=package:com.moji.mjweather flg=0x8000010 (has extras) }
07-11 14:44:30.601 V/BackupManagerService(  374): removePackageParticipantsLocked: uid=10082 #1
07-11 14:44:30.609 V/BackupManagerService(  374): addPackageParticipantsLocked: #1
07-11 14:44:31.219 I/ActivityManager(  374): Start proc com.android.keychain for broadcast com.android.keychain/.KeyChainBroadcastReceiver: pid=5932 uid=1000 gids={41000, 1015, 1028, 3002, 3001, 3003, 3007}
07-11 14:44:31.500 W/BackupManagerService(  374): dataChanged but no participant pkg='com.android.providers.settings' uid=10079
07-11 14:44:31.515 W/ContextImpl( 5932): Calling a method in the system process without a qualified user: android.app.ContextImpl.startService:1385 android.content.ContextWrapper.startService:473 android.content.ContextWrapper.startService:473 com.android.keychain.KeyChainBroadcastReceiver.onReceive:12 android.app.ActivityThread.handleReceiver:2424 
07-11 14:44:31.672 W/MountService(  374): getVolumeState(/storage/emulated/0/external_sd): Unknown volume
07-11 14:44:31.726 W/MountService(  374): getVolumeState(/mnt/sdcard-ext): Unknown volume
07-11 14:44:31.976 W/MountService(  374): getVolumeState(/mnt/ext_sdcard): Unknown volume
07-11 14:44:31.992 W/MountService(  374): getVolumeState(/mnt/sdcard2): Unknown volume
07-11 14:44:31.992 W/MountService(  374): getVolumeState(/mnt/emmc): Unknown volume
07-11 14:44:32.008 W/MountService(  374): getVolumeState(/mnt/extSdCard): Unknown volume
07-11 14:44:32.062 W/MountService(  374): getVolumeState(/mnt/sdcard/SD_CARD): Unknown volume
07-11 14:44:32.078 W/MountService(  374): getVolumeState(/mnt/sdcard/extra_sd): Unknown volume
07-11 14:44:32.078 W/MountService(  374): getVolumeState(/mnt/extrasd_bind): Unknown volume
07-11 14:44:32.078 W/MountService(  374): getVolumeState(/mnt/sdcard/ext_sd): Unknown volume
07-11 14:44:32.094 W/MountService(  374): getVolumeState(/storage/extSdCard): Unknown volume
07-11 14:44:32.094 W/MountService(  374): getVolumeState(/storage/sdcard1): Unknown volume
07-11 14:44:32.094 W/MountService(  374): getVolumeState(/mnt/sdcard/external_SD): Unknown volume
07-11 14:44:32.094 W/MountService(  374): getVolumeState(/mnt/sdcard/external_sd): Unknown volume
07-11 14:44:32.437 I/ActivityManager(  374): Start proc com.google.android.apps.plus for broadcast com.google.android.apps.plus/.service.PackagesMediaMonitor: pid=5956 uid=10048 gids={50048, 3003, 3002, 1015, 1006, 1028}
07-11 14:44:32.976 I/ActivityManager(  374): Process com.google.android.googlequicksearchbox (pid 5559) has died.
07-11 14:44:34.140 I/ActivityManager(  374): Process com.google.android.gms (pid 5536) has died.
07-11 14:44:34.898 I/ActivityManager(  374): Process com.google.android.apps.maps:LocationFriendService (pid 5330) has died.
07-11 14:44:35.617 W/PackageParser(  833): No actions in intent filter at /storage/emulated/0/360Download/Pekall.apk Binary XML file line #685
07-11 14:44:35.789 W/PackageParser(  833): No actions in intent filter at /storage/emulated/0/Download/emmp.apk Binary XML file line #687
07-11 14:44:35.969 W/PackageParser(  833): No actions in intent filter at /storage/emulated/0/Download/emmp-1.apk Binary XML file line #687
07-11 14:44:36.039 I/ActivityManager(  374): Start proc com.google.android.gms for broadcast com.google.android.gms/.games.receiver.GamesSystemBroadcastReceiver: pid=5994 uid=10009 gids={50009, 3003, 1007, 1028, 1015, 1006, 2001, 3006}
07-11 14:44:36.086 W/PackageParser(  833): No actions in intent filter at /storage/emulated/0/360Download/Pekall.apk Binary XML file line #685
07-11 14:44:36.414 I/ActivityManager(  374): Start proc com.google.android.googlequicksearchbox for broadcast com.google.android.googlequicksearchbox/com.google.android.apps.sidekick.GmmLocationProviderImpl$GmmPackageWatcher: pid=6017 uid=10056 gids={50056, 3003, 1028, 1007, 3002, 1015}
07-11 14:44:36.523 I/ActivityManager(  374): Process com.android.packageinstaller (pid 5697) has died.
07-11 14:44:37.101 W/PackageManager(  374): Invalid verification token 9 received
07-11 14:44:37.898 I/ActivityManager(  374): Start proc com.qihoo.root for broadcast com.qihoo.root/.UninstallReceiver: pid=6068 uid=10078 gids={50078, 1015, 3003, 1028}
07-11 14:44:37.976 I/ActivityManager(  374): No longer want com.google.android.deskclock (pid 28000): empty #17
07-11 14:44:38.687 I/ActivityManager(  374): Start proc com.google.android.talk for broadcast com.google.android.talk/com.google.android.apps.babel.phone.PackageReplacedReceiver: pid=6109 uid=10030 gids={50030, 3003, 1015, 1006, 3002, 1028}
07-11 14:44:39.461 I/ActivityManager(  374): No longer want com.qihoo.daemon (pid 27881): empty #17
07-11 14:44:39.508 I/ActivityManager(  374): Start proc com.google.android.apps.maps:FriendService for broadcast com.google.android.apps.maps/com.google.googlenav.friend.android.ServiceReceiver: pid=6151 uid=10038 gids={50038, 3003, 1015, 1028}
07-11 14:44:39.515 W/ActivityManager(  374): Scheduling restart of crashed service com.qihoo.appstore/com.qihoo.express.mini.service.DaemonCoreService in 5000ms
07-11 14:44:39.515 W/ActivityManager(  374): Scheduling restart of crashed service com.qihoo.appstore/com.qihoo360.mobilesafe.pcdaemon.service.DaemonService in 15000ms
07-11 14:44:39.961 I/ActivityManager(  374): No longer want com.google.android.gsf.login (pid 5674): empty #17
07-11 14:44:40.390 I/ActivityManager(  374): Start proc com.google.android.gsf.login for service com.google.android.gms/.recovery.AccountRecoveryBackgroundService: pid=6191 uid=10009 gids={50009, 3003, 1007, 1028, 1015, 1006, 2001, 3006}
07-11 14:44:40.523 I/ActivityManager(  374): Start proc com.google.android.apps.maps:LocationFriendService for broadcast com.google.android.apps.maps/com.google.googlenav.friend.reporting.LocationReportingIntentReceiver: pid=6204 uid=10038 gids={50038, 3003, 1015, 1028}
07-11 14:44:40.875 I/ActivityManager(  374): No longer want com.mgyapp.android (pid 27801): empty #17
07-11 14:44:41.242 W/ActivityManager(  374): Scheduling restart of crashed service com.mgyapp.android/.service.AppService in 13274ms
07-11 14:44:41.265 I/ActivityManager(  374): No longer want com.android.defcontainer (pid 26499): empty #17
07-11 14:44:41.367 I/ActivityManager(  374): Start proc com.qihoo.daemon for service com.qihoo.appstore/com.qihoo360.mobilesafe.pcdaemon.service.DaemonService: pid=6245 uid=10064 gids={50064, 3003, 1015, 3002, 1006, 3001, 1028}
07-11 14:44:41.547 I/ActivityManager(  374): Start proc com.android.defcontainer for service com.android.defcontainer/.DefaultContainerService: pid=6259 uid=10012 gids={50012, 1015, 1023, 2001, 1028}
07-11 14:44:42.242 W/ActivityManager(  374): Unable to start service Intent { act=com.google.android.gms.analytics.service.START (has extras) } U=0: not found
07-11 14:44:42.883 W/ProcessStats(  374): Skipping unknown process pid 6274
07-11 14:44:42.883 W/ProcessStats(  374): Skipping unknown process pid 6277
07-11 14:44:45.679 I/ActivityManager(  374): START u0 {act=com.qihoo360.daemon.pcdaemon.ACTION_START_OPERATE_AUTHOR flg=0x10000000 cmp=com.qihoo.appstore/com.qihoo.express.mini.activity.PCLinkConfirmDialogActivity (has extras)} from pid 6245
07-11 14:44:45.898 W/InputMethodManagerService(  374): Window already focused, ignoring focus gain of: com.android.internal.view.IInputMethodClient$Stub$Proxy@42c82118 attribute=null, token = android.os.BinderProxy@42c65328
07-11 14:44:45.976 I/ActivityManager(  374): No longer want com.android.keychain (pid 5932): empty #17
07-11 14:44:47.258 W/ActivityManager(  374): Unable to start service Intent { act=com.google.android.gms.analytics.service.START (has extras) } U=0: not found
07-11 14:44:54.539 I/ActivityManager(  374): Start proc com.mgyapp.android for service com.mgyapp.android/.service.AppService: pid=6553 uid=10079 gids={50079, 3003, 1015, 1028, 3002, 1006}
07-11 14:44:56.203 W/BackupManagerService(  374): dataChanged but no participant pkg='com.android.providers.settings' uid=10079
07-11 14:45:03.664 I/ActivityManager(  374): No longer want com.qihoo360.mobilesafe (pid 5903): empty #17
07-11 14:45:04.437 I/PowerManagerService(  374): Going to sleep due to screen timeout...
07-11 14:45:05.484 I/WindowManager(  374): Screenshot Window{4266e498 u0 com.pekall.emdm/com.pekall.emdm.market.activity.AppDetailActivity} was all black! mSurfaceLayer=21035 minLayer=21030 maxLayer=21035
07-11 14:45:10.414 I/ActivityManager(  374): Start proc com.google.android.deskclock for service com.google.android.deskclock/com.android.alarmclock.DigitalAppWidgetService: pid=6616 uid=10013 gids={50013, 1028}
07-11 14:45:10.625 D/PhoneStatusBar(  450): disable: < expand icons alerts ticker system_info back home RECENT* clock search >
07-11 14:45:10.820 D/PhoneStatusBar(  450): disable: < expand icons alerts ticker system_info BACK* HOME* RECENT CLOCK* search >
07-11 14:45:15.648 I/ActivityManager(  374): No longer want android.process.media (pid 24931): empty #17
07-11 14:45:15.672 W/ActivityManager(  374): Scheduling restart of crashed service com.android.providers.media/.MtpService in 5000ms
07-11 14:45:20.695 I/ActivityManager(  374): Start proc android.process.media for service com.android.providers.media/.MtpService: pid=6650 uid=10015 gids={50015, 1015, 1023, 1024, 1028, 2001, 3003, 3007}
07-11 14:45:36.445 W/MountService(  374): getVolumeState(/storage/emulated/0/external_sd): Unknown volume
07-11 14:45:36.445 W/MountService(  374): getVolumeState(/mnt/sdcard-ext): Unknown volume
07-11 14:45:36.445 W/MountService(  374): getVolumeState(/mnt/ext_sdcard): Unknown volume
07-11 14:45:36.445 W/MountService(  374): getVolumeState(/mnt/sdcard2): Unknown volume
07-11 14:45:36.445 W/MountService(  374): getVolumeState(/mnt/emmc): Unknown volume
07-11 14:45:36.453 W/MountService(  374): getVolumeState(/mnt/extSdCard): Unknown volume
07-11 14:45:36.453 W/MountService(  374): getVolumeState(/mnt/sdcard/SD_CARD): Unknown volume
07-11 14:45:36.453 W/MountService(  374): getVolumeState(/mnt/sdcard/extra_sd): Unknown volume
07-11 14:45:36.453 W/MountService(  374): getVolumeState(/mnt/extrasd_bind): Unknown volume
07-11 14:45:36.453 W/MountService(  374): getVolumeState(/mnt/sdcard/ext_sd): Unknown volume
07-11 14:45:36.453 W/MountService(  374): getVolumeState(/storage/extSdCard): Unknown volume
07-11 14:45:36.453 W/MountService(  374): getVolumeState(/storage/sdcard1): Unknown volume
07-11 14:45:36.453 W/MountService(  374): getVolumeState(/mnt/sdcard/external_SD): Unknown volume
07-11 14:45:36.453 W/MountService(  374): getVolumeState(/mnt/sdcard/external_sd): Unknown volume
07-11 14:45:36.797 W/MountService(  374): getVolumeState(/storage/emulated/0/external_sd): Unknown volume
07-11 14:45:36.797 W/MountService(  374): getVolumeState(/mnt/sdcard-ext): Unknown volume
07-11 14:45:36.797 W/MountService(  374): getVolumeState(/mnt/ext_sdcard): Unknown volume
07-11 14:45:36.797 W/MountService(  374): getVolumeState(/mnt/sdcard2): Unknown volume
07-11 14:45:36.797 W/MountService(  374): getVolumeState(/mnt/emmc): Unknown volume
07-11 14:45:36.797 W/MountService(  374): getVolumeState(/mnt/extSdCard): Unknown volume
07-11 14:45:36.804 W/MountService(  374): getVolumeState(/mnt/sdcard/SD_CARD): Unknown volume
07-11 14:45:36.804 W/MountService(  374): getVolumeState(/mnt/sdcard/extra_sd): Unknown volume
07-11 14:45:36.804 W/MountService(  374): getVolumeState(/mnt/extrasd_bind): Unknown volume
07-11 14:45:36.804 W/MountService(  374): getVolumeState(/mnt/sdcard/ext_sd): Unknown volume
07-11 14:45:36.804 W/MountService(  374): getVolumeState(/storage/extSdCard): Unknown volume
07-11 14:45:36.804 W/MountService(  374): getVolumeState(/storage/sdcard1): Unknown volume
07-11 14:45:36.804 W/MountService(  374): getVolumeState(/mnt/sdcard/external_SD): Unknown volume
07-11 14:45:36.812 W/MountService(  374): getVolumeState(/mnt/sdcard/external_sd): Unknown volume
07-11 14:45:43.133 I/ActivityManager(  374): No longer want com.qihoo360.mobilesafe:engine (pid 5426): empty #17
07-11 14:45:43.133 I/ActivityManager(  374): No longer want com.qihoo360.mobilesafe:scan (pid 5399): empty #17
07-11 14:46:00.023 W/PackageManager(  374): Invalid verification token 10 received
07-11 14:46:24.695 I/PowerManagerService(  374): Waking up from sleep...
07-11 14:46:24.851 I/WindowManager(  374): Lock screen displayed!
07-11 14:46:25.187 I/ActivityManager(  374): Start proc com.android.providers.calendar for content provider com.android.providers.calendar/.CalendarProvider2: pid=6818 uid=10007 gids={50007, 3003, 1015, 1028}
07-11 14:46:26.437 I/ActivityManager(  374): Start proc com.google.android.calendar for broadcast com.google.android.calendar/com.android.calendar.alerts.AlertReceiver: pid=6847 uid=10006 gids={50006, 3003, 1028}
07-11 14:46:26.445 I/ActivityManager(  374): No longer want com.qihoo.root (pid 6068): empty #17
--------- beginning of /dev/log/main
07-11 14:46:26.500 D/MdmApplication( 3259): [null:-1]->onActivityStarted market.activity.AppDetailActivity , mActivityCount = 1
07-11 14:46:26.500 D/MDM :   ( 3259): [null:-1]->query
07-11 14:46:26.500 D/MDM :   ( 3259): [null:-1]->QUERY_PINCODE_CHECK_RESULT
07-11 14:46:26.515 D/ypy     ( 3259): [null:-1]-> ================ checkDownLoadStatus status is 4
07-11 14:46:26.523 D/PhoneStatusBar(  450): disable: < expand icons alerts ticker system_info BACK HOME recent* CLOCK search >
07-11 14:46:26.547 D/NfcService(  592): NFC-C ON
07-11 14:46:26.601 D/AlertReceiver( 6847): onReceive: a=android.intent.action.PROVIDER_CHANGED Intent { act=android.intent.action.PROVIDER_CHANGED dat=content://com.android.calendar flg=0x10 cmp=com.google.android.calendar/com.android.calendar.alerts.AlertReceiver }
07-11 14:46:26.625 D/AlertService( 6847): 0 Action = android.intent.action.PROVIDER_CHANGED
07-11 14:46:26.625 D/PhoneStatusBar(  450): disable: < expand icons alerts ticker system_info back* home* recent clock* search >
07-11 14:46:26.633 W/InputMethodManagerService(  374): Window already focused, ignoring focus gain of: com.android.internal.view.IInputMethodClient$Stub$Proxy@42c23210 attribute=android.view.inputmethod.EditorInfo@42978a40, token = android.os.BinderProxy@42c65328
07-11 14:46:27.023 I/RootJni ( 6879): su: permission denied
07-11 14:46:27.031 V/TAG     (  374): bug 7643792: fitSystemWindows([0,50][0,0])
07-11 14:46:27.234 D/AndroidRuntime( 6878): 
07-11 14:46:27.234 D/AndroidRuntime( 6878): >>>>>> AndroidRuntime START com.android.internal.os.RuntimeInit <<<<<<
07-11 14:46:27.234 D/AndroidRuntime( 6878): CheckJNI is OFF
07-11 14:46:27.250 D/dalvikvm( 6878): Trying to load lib libjavacore.so 0x0
07-11 14:46:27.258 D/dalvikvm( 6878): Added shared lib libjavacore.so 0x0
07-11 14:46:27.273 D/dalvikvm( 6878): Trying to load lib libnativehelper.so 0x0
07-11 14:46:27.273 D/dalvikvm( 6878): Added shared lib libnativehelper.so 0x0
07-11 14:46:27.508 D/AndroidRuntime( 6878): Calling main entry com.qihoo360.powerctl.root.app.App
07-11 14:46:27.508 D/AndroidRuntime( 6878): Shutting down VM
07-11 14:46:27.515 D/dalvikvm( 6878): Debugger has detached; object registry had 1 entries
07-11 14:46:29.172 D/GCM     (  647): Ignoring attempt to send heartbeat on dead connection.
07-11 14:46:29.445 W/Settings(25429): Setting airplane_mode_on has moved from android.provider.Settings.System to android.provider.Settings.Global, returning read-only value.
07-11 14:46:29.445 W/Settings(25429): Setting mobile_data has moved from android.provider.Settings.Secure to android.provider.Settings.Global.
07-11 14:46:29.445 D/BluetoothAdapter(25429): 1108510848: getState() :  mService = null. Returning STATE_OFF
07-11 14:46:29.453 W/Settings(25429): Setting airplane_mode_on has moved from android.provider.Settings.System to android.provider.Settings.Global, returning read-only value.
07-11 14:46:29.469 D/dalvikvm( 5296): GC_CONCURRENT freed 303K, 7% free 9452K/10088K, paused 22ms+3ms, total 75ms
07-11 14:46:29.476 W/Settings(25429): Setting airplane_mode_on has moved from android.provider.Settings.System to android.provider.Settings.Global, returning read-only value.
07-11 14:46:29.476 W/Settings(25429): Setting mobile_data has moved from android.provider.Settings.Secure to android.provider.Settings.Global.
07-11 14:46:29.476 D/BluetoothAdapter(25429): 1108510848: getState() :  mService = null. Returning STATE_OFF
07-11 14:46:29.476 W/Settings(25429): Setting airplane_mode_on has moved from android.provider.Settings.System to android.provider.Settings.Global, returning read-only value.
07-11 14:46:29.500 W/Settings(25429): Setting airplane_mode_on has moved from android.provider.Settings.System to android.provider.Settings.Global, returning read-only value.
07-11 14:46:29.500 W/Settings(25429): Setting mobile_data has moved from android.provider.Settings.Secure to android.provider.Settings.Global.
07-11 14:46:29.500 D/BluetoothAdapter(25429): 1108510848: getState() :  mService = null. Returning STATE_OFF
07-11 14:46:29.500 W/Settings(25429): Setting airplane_mode_on has moved from android.provider.Settings.System to android.provider.Settings.Global, returning read-only value.
07-11 14:46:30.859 D/dalvikvm(20727): GC_CONCURRENT freed 408K, 8% free 10137K/10920K, paused 3ms+2ms, total 30ms
07-11 14:46:31.633 D/AlertService( 6847): Beginning updateAlertNotification
07-11 14:46:31.656 D/AlertService( 6847): No fired or scheduled alerts
07-11 14:46:31.672 D/AlertService( 6847): Scheduling next alarm with AlarmScheduler. sEventReminderReceived: null
07-11 14:46:31.687 D/AlarmScheduler( 6847): No events found starting within 1 week.
07-11 14:46:31.695 I/ActivityManager(  374): No longer want com.google.android.gallery3d (pid 5415): empty #17
07-11 14:46:36.609 W/MountService(  374): getVolumeState(/storage/emulated/0/external_sd): Unknown volume
07-11 14:46:36.609 W/MountService(  374): getVolumeState(/mnt/sdcard-ext): Unknown volume
07-11 14:46:36.609 W/MountService(  374): getVolumeState(/mnt/ext_sdcard): Unknown volume
07-11 14:46:36.609 W/MountService(  374): getVolumeState(/mnt/sdcard2): Unknown volume
07-11 14:46:36.609 W/MountService(  374): getVolumeState(/mnt/emmc): Unknown volume
07-11 14:46:36.609 W/MountService(  374): getVolumeState(/mnt/extSdCard): Unknown volume
07-11 14:46:36.609 W/MountService(  374): getVolumeState(/mnt/sdcard/SD_CARD): Unknown volume
07-11 14:46:36.609 W/MountService(  374): getVolumeState(/mnt/sdcard/extra_sd): Unknown volume
07-11 14:46:36.617 W/MountService(  374): getVolumeState(/mnt/extrasd_bind): Unknown volume
07-11 14:46:36.617 W/MountService(  374): getVolumeState(/mnt/sdcard/ext_sd): Unknown volume
07-11 14:46:36.617 W/MountService(  374): getVolumeState(/storage/extSdCard): Unknown volume
07-11 14:46:36.617 W/MountService(  374): getVolumeState(/storage/sdcard1): Unknown volume
07-11 14:46:36.617 W/MountService(  374): getVolumeState(/mnt/sdcard/external_SD): Unknown volume
07-11 14:46:36.617 W/MountService(  374): getVolumeState(/mnt/sdcard/external_sd): Unknown volume
07-11 14:46:36.672 D/dalvikvm( 6245): GC_FOR_ALLOC freed 344K, 6% free 9319K/9872K, paused 20ms, total 20ms
07-11 14:46:36.883 D/dalvikvm( 6245): GC_CONCURRENT freed 433K, 5% free 9398K/9872K, paused 3ms+3ms, total 34ms
07-11 14:46:36.883 D/dalvikvm( 6245): WAIT_FOR_CONCURRENT_GC blocked 7ms
07-11 14:46:36.883 D/dalvikvm( 6245): WAIT_FOR_CONCURRENT_GC blocked 7ms
07-11 14:46:36.890 W/MountService(  374): getVolumeState(/storage/emulated/0/external_sd): Unknown volume
07-11 14:46:36.890 W/MountService(  374): getVolumeState(/mnt/sdcard-ext): Unknown volume
07-11 14:46:36.890 W/MountService(  374): getVolumeState(/mnt/ext_sdcard): Unknown volume
07-11 14:46:36.890 W/MountService(  374): getVolumeState(/mnt/sdcard2): Unknown volume
07-11 14:46:36.890 W/MountService(  374): getVolumeState(/mnt/emmc): Unknown volume
07-11 14:46:36.890 W/MountService(  374): getVolumeState(/mnt/extSdCard): Unknown volume
07-11 14:46:36.890 W/MountService(  374): getVolumeState(/mnt/sdcard/SD_CARD): Unknown volume
07-11 14:46:36.890 W/MountService(  374): getVolumeState(/mnt/sdcard/extra_sd): Unknown volume
07-11 14:46:36.890 W/MountService(  374): getVolumeState(/mnt/extrasd_bind): Unknown volume
07-11 14:46:36.890 W/MountService(  374): getVolumeState(/mnt/sdcard/ext_sd): Unknown volume
07-11 14:46:36.890 W/MountService(  374): getVolumeState(/storage/extSdCard): Unknown volume
07-11 14:46:36.890 W/MountService(  374): getVolumeState(/storage/sdcard1): Unknown volume
07-11 14:46:36.898 W/MountService(  374): getVolumeState(/mnt/sdcard/external_SD): Unknown volume
07-11 14:46:36.898 W/MountService(  374): getVolumeState(/mnt/sdcard/external_sd): Unknown volume
07-11 14:46:38.023 D/dalvikvm(  374): GC_EXPLICIT freed 2768K, 27% free 23273K/31744K, paused 8ms+15ms, total 134ms
07-11 14:46:46.109 D/dalvikvm( 6245): GC_FOR_ALLOC freed 426K, 7% free 9308K/9932K, paused 33ms, total 33ms
07-11 14:46:50.609 D/LightsService(  374): Excessive delay setting light: 67ms
07-11 14:46:56.469 I/PowerManagerService(  374): Going to sleep due to screen timeout...
07-11 14:46:57.242 D/SurfaceFlinger(  124): Screen released, type=0 flinger=0x400b4008
07-11 14:46:57.258 D/MdmApplication( 3259): [null:-1]->onActivityPaused market.activity.AppDetailActivity , mActivityCount = 2
07-11 14:46:57.258 D/MDM :   ( 3259): [null:-1]->query
07-11 14:46:57.258 D/MDM :   ( 3259): [null:-1]->QUERY_PINCODE_CHECK_RESULT
07-11 14:46:57.258 E/Mdm     ( 3259): Call Mdm service's setLastExitTime function
07-11 14:46:57.351 D/NfcService(  592): NFC-C OFF, disconnect
07-11 14:46:57.406 D/MDM :   ( 3259): [null:-1]->query
07-11 14:46:57.406 D/MDM :   ( 3259): [null:-1]->QUERY_SETTING_PIN_ONOFF
07-11 14:46:57.547 D/dalvikvm(26136): GC_CONCURRENT freed 377K, 5% free 9913K/10328K, paused 9ms+2ms, total 39ms
07-11 14:47:02.508 D/dalvikvm(  374): GC_FOR_ALLOC freed 1208K, 23% free 24465K/31744K, paused 102ms, total 102ms
07-11 14:47:02.562 V/KeyguardHostView(  374): hide transport, gen:101
07-11 14:47:02.562 V/KeyguardHostView(  374): music state changed: 0
07-11 14:47:02.594 D/PhoneStatusBar(  450): disable: < expand icons alerts ticker system_info back home RECENT* clock search >
07-11 14:47:02.633 V/TAG     (  374): bug 7643792: fitSystemWindows([0,50][0,0])
07-11 14:47:02.750 D/PhoneStatusBar(  450): disable: < expand icons alerts ticker system_info BACK* HOME* RECENT CLOCK* search >
07-11 14:47:05.172 I/PowerManagerService(  374): Waking up from sleep...
07-11 14:47:05.304 I/WindowManager(  374): Lock screen displayed!
07-11 14:47:05.469 D/dalvikvm(  833): GC_CONCURRENT freed 1289K, 18% free 12920K/15584K, paused 7ms+6ms, total 66ms
07-11 14:47:05.469 D/dalvikvm(  833): WAIT_FOR_CONCURRENT_GC blocked 50ms
07-11 14:47:05.469 D/dalvikvm(  833): WAIT_FOR_CONCURRENT_GC blocked 51ms
07-11 14:47:05.539 D/PowerManagerService-JNI(  374): Excessive delay in autosuspend_disable() while turning screen on: 351ms
07-11 14:47:05.539 D/SurfaceFlinger(  124): Screen acquired, type=0 flinger=0x400b4008
07-11 14:47:05.687 V/DigitalWidgetViewsFactory( 6616): DigitalWidget sets next alarm string to null
07-11 14:47:05.695 D/LightsService(  374): Excessive delay setting light: 152ms
07-11 14:47:05.906 D/AndroidRuntime( 6990): 
07-11 14:47:05.906 D/AndroidRuntime( 6990): >>>>>> AndroidRuntime START com.android.internal.os.RuntimeInit <<<<<<
07-11 14:47:05.906 D/AndroidRuntime( 6990): CheckJNI is OFF
07-11 14:47:05.914 D/dalvikvm( 6990): Trying to load lib libjavacore.so 0x0
07-11 14:47:05.922 D/dalvikvm( 6990): Added shared lib libjavacore.so 0x0
07-11 14:47:05.929 D/dalvikvm( 6990): Trying to load lib libnativehelper.so 0x0
07-11 14:47:05.929 D/dalvikvm( 6990): Added shared lib libnativehelper.so 0x0
07-11 14:47:06.094 D/AndroidRuntime( 6990): Calling main entry com.qihoo360.powerctl.root.app.App
07-11 14:47:06.101 D/AndroidRuntime( 6990): Shutting down VM
07-11 14:47:06.101 D/dalvikvm( 6990): Debugger has detached; object registry had 1 entries
07-11 14:47:06.250 D/MdmApplication( 3259): [null:-1]->onActivityStarted market.activity.AppDetailActivity , mActivityCount = 1
07-11 14:47:06.250 D/MDM :   ( 3259): [null:-1]->query
07-11 14:47:06.250 D/MDM :   ( 3259): [null:-1]->QUERY_PINCODE_CHECK_RESULT
07-11 14:47:06.273 D/PhoneStatusBar(  450): disable: < expand icons alerts ticker system_info BACK HOME recent* CLOCK search >
07-11 14:47:06.281 D/ypy     ( 3259): [null:-1]-> ================ checkDownLoadStatus status is 4
07-11 14:47:06.289 D/NfcService(  592): NFC-C ON
07-11 14:47:06.351 D/PhoneStatusBar(  450): disable: < expand icons alerts ticker system_info back* home* recent clock* search >
07-11 14:47:06.375 W/InputMethodManagerService(  374): Window already focused, ignoring focus gain of: com.android.internal.view.IInputMethodClient$Stub$Proxy@427874e8 attribute=android.view.inputmethod.EditorInfo@425ec408, token = android.os.BinderProxy@42c65328
07-11 14:47:06.515 D/dalvikvm(20727): GC_CONCURRENT freed 389K, 8% free 10136K/10920K, paused 3ms+2ms, total 75ms
07-11 14:47:06.781 V/TAG     (  374): bug 7643792: fitSystemWindows([0,50][0,0])
07-11 14:47:06.906 D/AndroidRuntime( 7012): 
07-11 14:47:06.906 D/AndroidRuntime( 7012): >>>>>> AndroidRuntime START com.android.internal.os.RuntimeInit <<<<<<
07-11 14:47:06.906 D/AndroidRuntime( 7012): CheckJNI is OFF
07-11 14:47:06.922 D/dalvikvm( 7012): Trying to load lib libjavacore.so 0x0
07-11 14:47:06.937 D/dalvikvm( 7012): Added shared lib libjavacore.so 0x0
07-11 14:47:06.953 D/dalvikvm( 7012): Trying to load lib libnativehelper.so 0x0
07-11 14:47:06.953 D/dalvikvm( 7012): Added shared lib libnativehelper.so 0x0
07-11 14:47:07.219 D/AndroidRuntime( 7012): Calling main entry com.qihoo360.powerctl.root.app.App
07-11 14:47:07.219 D/AndroidRuntime( 7012): Shutting down VM
07-11 14:47:07.226 D/jdwp    ( 7012): Got wake-up signal, bailing out of select
07-11 14:47:07.226 D/dalvikvm( 7012): Debugger has detached; object registry had 1 entries
07-11 14:47:24.898 D/JOBS    ( 1190): Thread-3184: load factor check. true = (0 < 1)|| (0 * 3 < 0 + 0). consumer thread: true
07-11 14:47:24.898 D/JOBS    ( 1190): didn't allow me to die, re-running Thread-3184
07-11 14:47:24.898 D/JOBS    ( 1190): re-running consumer Thread-3184
07-11 14:47:36.859 W/MountService(  374): getVolumeState(/storage/emulated/0/external_sd): Unknown volume
07-11 14:47:36.867 W/MountService(  374): getVolumeState(/mnt/sdcard-ext): Unknown volume
07-11 14:47:36.867 W/MountService(  374): getVolumeState(/mnt/ext_sdcard): Unknown volume
07-11 14:47:36.867 W/MountService(  374): getVolumeState(/mnt/sdcard2): Unknown volume
07-11 14:47:36.867 W/MountService(  374): getVolumeState(/mnt/emmc): Unknown volume
07-11 14:47:36.867 W/MountService(  374): getVolumeState(/mnt/extSdCard): Unknown volume
07-11 14:47:36.867 W/MountService(  374): getVolumeState(/mnt/sdcard/SD_CARD): Unknown volume
07-11 14:47:36.875 W/MountService(  374): getVolumeState(/mnt/sdcard/extra_sd): Unknown volume
07-11 14:47:36.875 W/MountService(  374): getVolumeState(/mnt/extrasd_bind): Unknown volume
07-11 14:47:36.875 W/MountService(  374): getVolumeState(/mnt/sdcard/ext_sd): Unknown volume
07-11 14:47:36.875 W/MountService(  374): getVolumeState(/storage/extSdCard): Unknown volume
07-11 14:47:36.875 W/MountService(  374): getVolumeState(/storage/sdcard1): Unknown volume
07-11 14:47:36.875 W/MountService(  374): getVolumeState(/mnt/sdcard/external_SD): Unknown volume
07-11 14:47:36.875 W/MountService(  374): getVolumeState(/mnt/sdcard/external_sd): Unknown volume
07-11 14:47:36.922 D/dalvikvm( 6245): GC_CONCURRENT freed 324K, 6% free 9387K/9932K, paused 3ms+2ms, total 36ms
07-11 14:47:36.922 D/dalvikvm( 6245): WAIT_FOR_CONCURRENT_GC blocked 17ms
07-11 14:47:37.047 D/dalvikvm( 6650): GC_CONCURRENT freed 212K, 3% free 9102K/9352K, paused 3ms+2ms, total 43ms
07-11 14:47:37.148 D/dalvikvm( 6245): GC_CONCURRENT freed 483K, 6% free 9423K/9932K, paused 4ms+7ms, total 37ms
07-11 14:47:37.148 W/MountService(  374): getVolumeState(/storage/emulated/0/external_sd): Unknown volume
07-11 14:47:37.148 W/MountService(  374): getVolumeState(/mnt/sdcard-ext): Unknown volume
07-11 14:47:37.148 W/MountService(  374): getVolumeState(/mnt/ext_sdcard): Unknown volume
07-11 14:47:37.156 W/MountService(  374): getVolumeState(/mnt/sdcard2): Unknown volume
07-11 14:47:37.156 W/MountService(  374): getVolumeState(/mnt/emmc): Unknown volume
07-11 14:47:37.156 W/MountService(  374): getVolumeState(/mnt/extSdCard): Unknown volume
07-11 14:47:37.156 W/MountService(  374): getVolumeState(/mnt/sdcard/SD_CARD): Unknown volume
07-11 14:47:37.156 W/MountService(  374): getVolumeState(/mnt/sdcard/extra_sd): Unknown volume
07-11 14:47:37.156 W/MountService(  374): getVolumeState(/mnt/extrasd_bind): Unknown volume
07-11 14:47:37.156 W/MountService(  374): getVolumeState(/mnt/sdcard/ext_sd): Unknown volume
07-11 14:47:37.156 W/MountService(  374): getVolumeState(/storage/extSdCard): Unknown volume
07-11 14:47:37.156 W/MountService(  374): getVolumeState(/storage/sdcard1): Unknown volume
07-11 14:47:37.164 W/MountService(  374): getVolumeState(/mnt/sdcard/external_SD): Unknown volume
07-11 14:47:37.164 W/MountService(  374): getVolumeState(/mnt/sdcard/external_sd): Unknown volume
07-11 14:47:40.101 D/dalvikvm(20727): GC_CONCURRENT freed 394K, 8% free 10126K/10920K, paused 5ms+2ms, total 33ms
07-11 14:47:41.140 D/LightsService(  374): Excessive delay setting light: 67ms
