07-11 14:39:35.453 W/MountService(  374): getVolumeState(/mnt/sdcard/extra_sd): Unknown volume
07-11 14:39:35.453 W/MountService(  374): getVolumeState(/mnt/extrasd_bind): Unknown volume
07-11 14:39:35.453 W/MountService(  374): getVolumeState(/mnt/sdcard/ext_sd): Unknown volume
07-11 14:39:35.453 W/MountService(  374): getVolumeState(/storage/extSdCard): Unknown volume
07-11 14:39:35.453 W/MountService(  374): getVolumeState(/storage/sdcard1): Unknown volume
07-11 14:39:35.453 W/MountService(  374): getVolumeState(/mnt/sdcard/external_SD): Unknown volume
07-11 14:39:35.453 W/MountService(  374): getVolumeState(/mnt/sdcard/external_sd): Unknown volume
07-11 14:39:35.711 W/MountService(  374): getVolumeState(/storage/emulated/0/external_sd): Unknown volume
07-11 14:39:35.711 W/MountService(  374): getVolumeState(/mnt/sdcard-ext): Unknown volume
07-11 14:39:35.711 W/MountService(  374): getVolumeState(/mnt/ext_sdcard): Unknown volume
07-11 14:39:35.711 W/MountService(  374): getVolumeState(/mnt/sdcard2): Unknown volume
07-11 14:39:35.711 W/MountService(  374): getVolumeState(/mnt/emmc): Unknown volume
07-11 14:39:35.711 W/MountService(  374): getVolumeState(/mnt/extSdCard): Unknown volume
07-11 14:39:35.719 W/MountService(  374): getVolumeState(/mnt/sdcard/SD_CARD): Unknown volume
07-11 14:39:35.719 W/MountService(  374): getVolumeState(/mnt/sdcard/extra_sd): Unknown volume
07-11 14:39:35.719 W/MountService(  374): getVolumeState(/mnt/extrasd_bind): Unknown volume
07-11 14:39:35.719 W/MountService(  374): getVolumeState(/mnt/sdcard/ext_sd): Unknown volume
07-11 14:39:35.719 W/MountService(  374): getVolumeState(/storage/extSdCard): Unknown volume
07-11 14:39:35.719 W/MountService(  374): getVolumeState(/storage/sdcard1): Unknown volume
07-11 14:39:35.719 W/MountService(  374): getVolumeState(/mnt/sdcard/external_SD): Unknown volume
07-11 14:39:35.719 W/MountService(  374): getVolumeState(/mnt/sdcard/external_sd): Unknown volume
07-11 14:40:05.351 I/ActivityManager(  374): No longer want com.nd.assistance.ServerService (pid 32040): empty for 1804s
07-11 14:40:05.351 I/ActivityManager(  374): No longer want com.nd.assistance (pid 32027): empty for 1804s
07-11 14:40:05.359 W/ActivityManager(  374): Scheduling restart of crashed service com.nd.assistance/.server.ServerService in 5000ms
07-11 14:40:06.094 I/ActivityManager(  374): Start proc com.nd.assistance for broadcast com.nd.assistance/.controller.DaemonController: pid=4613 uid=10065 gids={50065, 3003, 1015, 1006, 1028}
07-11 14:40:06.164 I/ActivityManager(  374): Start proc com.nd.assistance.ServerService for service com.nd.assistance/.server.ServerService: pid=4626 uid=10065 gids={50065, 3003, 1015, 1006, 1028}
07-11 14:40:26.851 V/PanelView(  450): animationTick called with dtms=0; nothing to do (h=1171.0 v=1671.1194)
07-11 14:40:26.851 V/PanelView(  450): animationTick called with dtms=-11; nothing to do (h=1171.0 v=1671.1194)
07-11 14:40:35.523 W/MountService(  374): getVolumeState(/storage/emulated/0/external_sd): Unknown volume
07-11 14:40:35.523 W/MountService(  374): getVolumeState(/mnt/sdcard-ext): Unknown volume
07-11 14:40:35.523 W/MountService(  374): getVolumeState(/mnt/ext_sdcard): Unknown volume
07-11 14:40:35.531 W/MountService(  374): getVolumeState(/mnt/sdcard2): Unknown volume
07-11 14:40:35.531 W/MountService(  374): getVolumeState(/mnt/emmc): Unknown volume
07-11 14:40:35.531 W/MountService(  374): getVolumeState(/mnt/extSdCard): Unknown volume
07-11 14:40:35.531 W/MountService(  374): getVolumeState(/mnt/sdcard/SD_CARD): Unknown volume
07-11 14:40:35.531 W/MountService(  374): getVolumeState(/mnt/sdcard/extra_sd): Unknown volume
07-11 14:40:35.531 W/MountService(  374): getVolumeState(/mnt/extrasd_bind): Unknown volume
07-11 14:40:35.531 W/MountService(  374): getVolumeState(/mnt/sdcard/ext_sd): Unknown volume
07-11 14:40:35.531 W/MountService(  374): getVolumeState(/storage/extSdCard): Unknown volume
07-11 14:40:35.531 W/MountService(  374): getVolumeState(/storage/sdcard1): Unknown volume
07-11 14:40:35.531 W/MountService(  374): getVolumeState(/mnt/sdcard/external_SD): Unknown volume
07-11 14:40:35.539 W/MountService(  374): getVolumeState(/mnt/sdcard/external_sd): Unknown volume
07-11 14:40:35.781 W/MountService(  374): getVolumeState(/storage/emulated/0/external_sd): Unknown volume
07-11 14:40:35.781 W/MountService(  374): getVolumeState(/mnt/sdcard-ext): Unknown volume
07-11 14:40:35.781 W/MountService(  374): getVolumeState(/mnt/ext_sdcard): Unknown volume
07-11 14:40:35.781 W/MountService(  374): getVolumeState(/mnt/sdcard2): Unknown volume
07-11 14:40:35.789 W/MountService(  374): getVolumeState(/mnt/emmc): Unknown volume
07-11 14:40:35.789 W/MountService(  374): getVolumeState(/mnt/extSdCard): Unknown volume
07-11 14:40:35.789 W/MountService(  374): getVolumeState(/mnt/sdcard/SD_CARD): Unknown volume
07-11 14:40:35.789 W/MountService(  374): getVolumeState(/mnt/sdcard/extra_sd): Unknown volume
07-11 14:40:35.789 W/MountService(  374): getVolumeState(/mnt/extrasd_bind): Unknown volume
07-11 14:40:35.789 W/MountService(  374): getVolumeState(/mnt/sdcard/ext_sd): Unknown volume
07-11 14:40:35.789 W/MountService(  374): getVolumeState(/storage/extSdCard): Unknown volume
07-11 14:40:35.789 W/MountService(  374): getVolumeState(/storage/sdcard1): Unknown volume
07-11 14:40:35.797 W/MountService(  374): getVolumeState(/mnt/sdcard/external_SD): Unknown volume
07-11 14:40:35.797 W/MountService(  374): getVolumeState(/mnt/sdcard/external_sd): Unknown volume
07-11 14:40:58.687 V/PanelView(  450): animationTick called with dtms=0; nothing to do (h=1184.0 v=-4000.0)
07-11 14:40:59.047 W/InputMethodManagerService(  374): Window already focused, ignoring focus gain of: com.android.internal.view.IInputMethodClient$Stub$Proxy@42beb028 attribute=null, token = android.os.BinderProxy@42c77208
07-11 14:41:28.633 I/PowerManagerService(  374): Going to sleep due to screen timeout...
07-11 14:41:29.742 I/WindowManager(  374): Screenshot Window{426ce978 u0 com.pekall.emdm/com.pekall.emdm.market.activity.AppListActivity} was all black! mSurfaceLayer=21025 minLayer=21025 maxLayer=21035
07-11 14:41:34.601 D/PhoneStatusBar(  450): disable: < expand icons alerts ticker system_info back home RECENT* clock search >
07-11 14:41:34.742 D/PhoneStatusBar(  450): disable: < expand icons alerts ticker system_info BACK* HOME* RECENT CLOCK* search >
07-11 14:41:35.726 W/MountService(  374): getVolumeState(/storage/emulated/0/external_sd): Unknown volume
07-11 14:41:35.734 W/MountService(  374): getVolumeState(/mnt/sdcard-ext): Unknown volume
07-11 14:41:35.734 W/MountService(  374): getVolumeState(/mnt/ext_sdcard): Unknown volume
07-11 14:41:35.742 W/MountService(  374): getVolumeState(/mnt/sdcard2): Unknown volume
07-11 14:41:35.742 W/MountService(  374): getVolumeState(/mnt/emmc): Unknown volume
07-11 14:41:35.742 W/MountService(  374): getVolumeState(/mnt/extSdCard): Unknown volume
07-11 14:41:35.750 W/MountService(  374): getVolumeState(/mnt/sdcard/SD_CARD): Unknown volume
07-11 14:41:35.750 W/MountService(  374): getVolumeState(/mnt/sdcard/extra_sd): Unknown volume
07-11 14:41:35.750 W/MountService(  374): getVolumeState(/mnt/extrasd_bind): Unknown volume
07-11 14:41:35.750 W/MountService(  374): getVolumeState(/mnt/sdcard/ext_sd): Unknown volume
07-11 14:41:35.750 W/MountService(  374): getVolumeState(/storage/extSdCard): Unknown volume
07-11 14:41:35.750 W/MountService(  374): getVolumeState(/storage/sdcard1): Unknown volume
07-11 14:41:35.758 W/MountService(  374): getVolumeState(/mnt/sdcard/external_SD): Unknown volume
07-11 14:41:35.758 W/MountService(  374): getVolumeState(/mnt/sdcard/external_sd): Unknown volume
07-11 14:41:36.000 W/MountService(  374): getVolumeState(/storage/emulated/0/external_sd): Unknown volume
07-11 14:41:36.000 W/MountService(  374): getVolumeState(/mnt/sdcard-ext): Unknown volume
07-11 14:41:36.000 W/MountService(  374): getVolumeState(/mnt/ext_sdcard): Unknown volume
07-11 14:41:36.000 W/MountService(  374): getVolumeState(/mnt/sdcard2): Unknown volume
07-11 14:41:36.000 W/MountService(  374): getVolumeState(/mnt/emmc): Unknown volume
07-11 14:41:36.000 W/MountService(  374): getVolumeState(/mnt/extSdCard): Unknown volume
07-11 14:41:36.008 W/MountService(  374): getVolumeState(/mnt/sdcard/SD_CARD): Unknown volume
07-11 14:41:36.008 W/MountService(  374): getVolumeState(/mnt/sdcard/extra_sd): Unknown volume
07-11 14:41:36.008 W/MountService(  374): getVolumeState(/mnt/extrasd_bind): Unknown volume
07-11 14:41:36.008 W/MountService(  374): getVolumeState(/mnt/sdcard/ext_sd): Unknown volume
07-11 14:41:36.008 W/MountService(  374): getVolumeState(/storage/extSdCard): Unknown volume
07-11 14:41:36.008 W/MountService(  374): getVolumeState(/storage/sdcard1): Unknown volume
07-11 14:41:36.008 W/MountService(  374): getVolumeState(/mnt/sdcard/external_SD): Unknown volume
07-11 14:41:36.008 W/MountService(  374): getVolumeState(/mnt/sdcard/external_sd): Unknown volume
07-11 14:41:55.367 I/PowerManagerService(  374): Waking up from sleep...
07-11 14:41:55.398 I/WindowManager(  374): Lock screen displayed!
07-11 14:41:57.703 D/PhoneStatusBar(  450): disable: < expand icons alerts ticker system_info BACK HOME recent* CLOCK search >
07-11 14:41:57.789 D/PhoneStatusBar(  450): disable: < expand icons alerts ticker system_info back* home* recent clock* search >
07-11 14:41:57.859 W/InputMethodManagerService(  374): Window already focused, ignoring focus gain of: com.android.internal.view.IInputMethodClient$Stub$Proxy@43151948 attribute=android.view.inputmethod.EditorInfo@4259cc70, token = android.os.BinderProxy@42c77208
07-11 14:41:58.008 W/ProcessStats(  374): Skipping unknown process pid 4946
07-11 14:41:58.508 V/PanelView(  450): animationTick called with dtms=0; nothing to do (h=0.0 v=4000.0)
07-11 14:41:59.781 I/ActivityManager(  374): START u0 {cmp=com.pekall.emdm/.market.activity.AppListActivity bnds=[0,123][720,251] (has extras)} from pid -1
07-11 14:41:59.781 W/ActivityManager(  374): startActivity called from non-Activity context; forcing Intent.FLAG_ACTIVITY_NEW_TASK for: Intent { cmp=com.pekall.emdm/.market.activity.AppListActivity bnds=[0,123][720,251] (has extras) }
07-11 14:41:59.906 V/PanelView(  450): animationTick called with dtms=0; nothing to do (h=1184.0 v=-4000.0)
07-11 14:41:59.914 I/ActivityManager(  374): No longer want system:ui (pid 32444): empty for 1800s
07-11 14:42:05.101 I/ActivityManager(  374): START u0 {cmp=com.pekall.emdm/.market.activity.AppDetailActivity (has extras)} from pid 3259
07-11 14:42:35.929 W/MountService(  374): getVolumeState(/storage/emulated/0/external_sd): Unknown volume
07-11 14:42:35.929 W/MountService(  374): getVolumeState(/mnt/sdcard-ext): Unknown volume
07-11 14:42:35.929 W/MountService(  374): getVolumeState(/mnt/ext_sdcard): Unknown volume
07-11 14:42:35.929 W/MountService(  374): getVolumeState(/mnt/sdcard2): Unknown volume
07-11 14:42:35.937 W/MountService(  374): getVolumeState(/mnt/emmc): Unknown volume
07-11 14:42:35.937 W/MountService(  374): getVolumeState(/mnt/extSdCard): Unknown volume
07-11 14:42:35.937 W/MountService(  374): getVolumeState(/mnt/sdcard/SD_CARD): Unknown volume
07-11 14:42:35.945 W/MountService(  374): getVolumeState(/mnt/sdcard/extra_sd): Unknown volume
07-11 14:42:35.945 W/MountService(  374): getVolumeState(/mnt/extrasd_bind): Unknown volume
07-11 14:42:35.945 W/MountService(  374): getVolumeState(/mnt/sdcard/ext_sd): Unknown volume
07-11 14:42:35.945 W/MountService(  374): getVolumeState(/storage/extSdCard): Unknown volume
07-11 14:42:35.945 W/MountService(  374): getVolumeState(/storage/sdcard1): Unknown volume
07-11 14:42:35.953 W/MountService(  374): getVolumeState(/mnt/sdcard/external_SD): Unknown volume
07-11 14:42:35.953 W/MountService(  374): getVolumeState(/mnt/sdcard/external_sd): Unknown volume
07-11 14:42:36.414 W/MountService(  374): getVolumeState(/storage/emulated/0/external_sd): Unknown volume
07-11 14:42:36.414 W/MountService(  374): getVolumeState(/mnt/sdcard-ext): Unknown volume
07-11 14:42:36.414 W/MountService(  374): getVolumeState(/mnt/ext_sdcard): Unknown volume
07-11 14:42:36.422 W/MountService(  374): getVolumeState(/mnt/sdcard2): Unknown volume
07-11 14:42:36.422 W/MountService(  374): getVolumeState(/mnt/emmc): Unknown volume
07-11 14:42:36.422 W/MountService(  374): getVolumeState(/mnt/extSdCard): Unknown volume
07-11 14:42:36.422 W/MountService(  374): getVolumeState(/mnt/sdcard/SD_CARD): Unknown volume
07-11 14:42:36.422 W/MountService(  374): getVolumeState(/mnt/sdcard/extra_sd): Unknown volume
07-11 14:42:36.429 W/MountService(  374): getVolumeState(/mnt/extrasd_bind): Unknown volume
07-11 14:42:36.429 W/MountService(  374): getVolumeState(/mnt/sdcard/ext_sd): Unknown volume
07-11 14:42:36.429 W/MountService(  374): getVolumeState(/storage/extSdCard): Unknown volume
07-11 14:42:36.429 W/MountService(  374): getVolumeState(/storage/sdcard1): Unknown volume
07-11 14:42:36.437 W/MountService(  374): getVolumeState(/mnt/sdcard/external_SD): Unknown volume
07-11 14:42:36.437 W/MountService(  374): getVolumeState(/mnt/sdcard/external_sd): Unknown volume
07-11 14:42:39.008 I/PowerManagerService(  374): Going to sleep due to screen timeout...
07-11 14:42:39.039 I/PowerManagerService(  374): Waking up from sleep...
07-11 14:42:39.828 I/WindowManager(  374): No lock screen!
07-11 14:42:49.844 W/ActivityManager(  374): Activity idle timeout for ActivityRecord{4208cd50 u0 com.pekall.emdm/.market.activity.AppDetailActivity}
07-11 14:43:09.039 I/PowerManagerService(  374): Going to sleep due to screen timeout...
07-11 14:43:09.062 I/PowerManagerService(  374): Waking up from sleep...
07-11 14:43:09.656 I/WindowManager(  374): No lock screen!
07-11 14:43:19.672 W/ActivityManager(  374): Activity idle timeout for ActivityRecord{4208cd50 u0 com.pekall.emdm/.market.activity.AppDetailActivity}
07-11 14:43:22.929 I/ActivityManager(  374): START u0 {act=android.intent.action.VIEW dat=file:///storage/emulated/0/MDM/download/commojimjweather.apk typ=application/vnd.android.package-archive flg=0x10000000 cmp=com.android.packageinstaller/.PackageInstallerActivity} from pid 3259
07-11 14:43:22.992 I/ActivityManager(  374): Start proc com.android.packageinstaller for activity com.android.packageinstaller/.PackageInstallerActivity: pid=5199 uid=10045 gids={50045, 1028}
07-11 14:43:34.164 I/ActivityManager(  374): START u0 {dat=file:///storage/emulated/0/MDM/download/commojimjweather.apk cmp=com.android.packageinstaller/.InstallAppProgress (has extras)} from pid 5199
07-11 14:43:34.336 I/ActivityManager(  374): No longer want com.google.android.apps.maps:LocationFriendService (pid 32705): empty for 1804s
07-11 14:43:34.336 I/ActivityManager(  374): No longer want com.google.android.apps.maps:FriendService (pid 32693): empty for 1804s
07-11 14:43:34.344 I/ActivityManager(  374): No longer want com.google.android.apps.maps:GoogleLocationService (pid 32672): empty for 1805s
07-11 14:43:34.367 W/ActivityManager(  374): Scheduling restart of crashed service com.google.android.apps.maps/com.google.android.location.internal.server.GoogleLocationService in 5000ms
07-11 14:43:34.484 W/ActivityManager(  374): No content provider found for permission revoke: file:///storage/emulated/0/MDM/download/commojimjweather.apk
07-11 14:43:34.500 I/ActivityManager(  374): Start proc com.android.vending for broadcast com.android.vending/com.google.android.vending.verifier.PackageVerificationReceiver: pid=5250 uid=10047 gids={50047, 3003, 1015, 1028}
07-11 14:43:36.094 W/MountService(  374): getVolumeState(/storage/emulated/0/external_sd): Unknown volume
07-11 14:43:36.101 W/MountService(  374): getVolumeState(/mnt/sdcard-ext): Unknown volume
07-11 14:43:36.101 W/MountService(  374): getVolumeState(/mnt/ext_sdcard): Unknown volume
07-11 14:43:36.101 W/MountService(  374): getVolumeState(/mnt/sdcard2): Unknown volume
07-11 14:43:36.109 W/MountService(  374): getVolumeState(/mnt/emmc): Unknown volume
07-11 14:43:36.109 W/MountService(  374): getVolumeState(/mnt/extSdCard): Unknown volume
07-11 14:43:36.117 W/MountService(  374): getVolumeState(/mnt/sdcard/SD_CARD): Unknown volume
07-11 14:43:36.140 W/MountService(  374): getVolumeState(/mnt/sdcard/extra_sd): Unknown volume
07-11 14:43:36.140 W/MountService(  374): getVolumeState(/mnt/extrasd_bind): Unknown volume
07-11 14:43:36.148 W/MountService(  374): getVolumeState(/mnt/sdcard/ext_sd): Unknown volume
07-11 14:43:36.164 W/MountService(  374): getVolumeState(/storage/extSdCard): Unknown volume
07-11 14:43:36.164 W/MountService(  374): getVolumeState(/storage/sdcard1): Unknown volume
07-11 14:43:36.164 W/MountService(  374): getVolumeState(/mnt/sdcard/external_SD): Unknown volume
07-11 14:43:36.164 W/MountService(  374): getVolumeState(/mnt/sdcard/external_sd): Unknown volume
07-11 14:43:36.726 W/MountService(  374): getVolumeState(/storage/emulated/0/external_sd): Unknown volume
07-11 14:43:36.726 W/MountService(  374): getVolumeState(/mnt/sdcard-ext): Unknown volume
07-11 14:43:36.726 W/MountService(  374): getVolumeState(/mnt/ext_sdcard): Unknown volume
07-11 14:43:36.726 W/MountService(  374): getVolumeState(/mnt/sdcard2): Unknown volume
07-11 14:43:36.726 W/MountService(  374): getVolumeState(/mnt/emmc): Unknown volume
07-11 14:43:36.734 W/MountService(  374): getVolumeState(/mnt/extSdCard): Unknown volume
07-11 14:43:36.734 W/MountService(  374): getVolumeState(/mnt/sdcard/SD_CARD): Unknown volume
07-11 14:43:36.734 W/MountService(  374): getVolumeState(/mnt/sdcard/extra_sd): Unknown volume
07-11 14:43:36.742 W/MountService(  374): getVolumeState(/mnt/extrasd_bind): Unknown volume
07-11 14:43:36.742 W/MountService(  374): getVolumeState(/mnt/sdcard/ext_sd): Unknown volume
07-11 14:43:36.742 W/MountService(  374): getVolumeState(/storage/extSdCard): Unknown volume
07-11 14:43:36.742 W/MountService(  374): getVolumeState(/storage/sdcard1): Unknown volume
07-11 14:43:36.742 W/MountService(  374): getVolumeState(/mnt/sdcard/external_SD): Unknown volume
07-11 14:43:36.742 W/MountService(  374): getVolumeState(/mnt/sdcard/external_sd): Unknown volume
07-11 14:43:39.383 I/ActivityManager(  374): Start proc com.google.android.apps.maps:GoogleLocationService for service com.google.android.apps.maps/com.google.android.location.internal.server.GoogleLocationService: pid=5296 uid=10038 gids={50038, 3003, 1015, 1028}
07-11 14:43:41.523 I/ActivityManager(  374): Start proc com.google.android.apps.maps:FriendService for broadcast com.google.android.apps.maps/com.google.googlenav.friend.android.ServiceReceiver: pid=5318 uid=10038 gids={50038, 3003, 1015, 1028}
07-11 14:43:41.758 W/ActivityManager(  374): Permission denied: checkComponentPermission() owningUid=10009
07-11 14:43:41.758 W/BroadcastQueue(  374): Permission Denial: broadcasting Intent { act=com.google.android.location.internal.server.ACTION_RESTARTED flg=0x10 } from com.google.android.apps.maps (pid=5296, uid=10038) is not exported from uid 10009 due to receiver com.google.android.gms/com.google.android.location.reporting.service.ExternalChangeReceiver
07-11 14:43:41.789 I/ActivityManager(  374): Start proc com.google.android.apps.maps:LocationFriendService for broadcast com.google.android.apps.maps/com.google.googlenav.friend.reporting.LocationReportingIntentReceiver: pid=5330 uid=10038 gids={50038, 3003, 1015, 1028}
07-11 14:43:45.000 I/PackageManager(  374): Verification timed out for file:///storage/emulated/0/MDM/download/commojimjweather.apk
07-11 14:43:45.000 I/PackageManager(  374): Continuing with installation of file:///storage/emulated/0/MDM/download/commojimjweather.apk
07-11 14:43:45.484 W/ActivityManager(  374): No content provider found for permission revoke: file:///storage/emulated/0/MDM/download/commojimjweather.apk
07-11 14:43:45.484 I/PackageManager(  374): Copying native libraries to /data/app-lib/vmdl-823370994
07-11 14:43:53.508 I/ActivityManager(  374): Force stopping package com.moji.mjweather appid=10082 user=-1
07-11 14:43:53.953 W/PackageManager(  374): Not granting permission android.permission.SEND_DOWNLOAD_COMPLETED_INTENTS to package com.google.android.browser (protectionLevel=2 flags=0x89be45)
07-11 14:43:53.969 W/PackageManager(  374): Not granting permission android.permission.WRITE_SECURE_SETTINGS to package com.qihoo360.mobilesafe.opti.powerctl (protectionLevel=50 flags=0x80be44)
07-11 14:43:53.969 W/PackageManager(  374): Unknown permission android.permission.READ_SETTINGS in package com.qihoo360.mobilesafe.opti.powerctl
07-11 14:43:53.969 W/PackageManager(  374): Not granting permission android.permission.READ_LOGS to package com.qihoo360.mobilesafe.opti.powerctl (protectionLevel=50 flags=0x80be44)
07-11 14:43:53.969 W/PackageManager(  374): Not granting permission android.permission.STATUS_BAR to package com.qihoo360.mobilesafe.opti.powerctl (protectionLevel=18 flags=0x80be44)
07-11 14:43:53.969 W/PackageManager(  374): Unknown permission android.permission.ADD_SYSTEM_SERVICE in package com.android.phone
07-11 14:43:53.976 W/PackageManager(  374): Unknown permission com.android.smspush.WAPPUSH_MANAGER_BIND in package com.android.phone
07-11 14:43:53.976 W/PackageManager(  374): Not granting permission android.permission.READ_LOGS to package com.qihoo.root (protectionLevel=50 flags=0x80be44)
07-11 14:43:53.984 W/PackageManager(  374): Not granting permission android.permission.INSTALL_PACKAGES to package com.qihoo.root (protectionLevel=18 flags=0x80be44)
07-11 14:43:53.984 W/PackageManager(  374): Not granting permission android.permission.DELETE_PACKAGES to package com.qihoo.root (protectionLevel=18 flags=0x80be44)
07-11 14:43:53.992 W/PackageManager(  374): Unknown permission com.android.vending.billing.IBillingAccountService.BIND2 in package com.google.android.gsf.login
07-11 14:43:53.992 W/PackageManager(  374): Unknown permission com.android.chrome.TOS_ACKED in package com.google.android.gsf.login
07-11 14:43:54.008 W/PackageManager(  374): Unknown permission com.android.gallery3d.permission.GALLERY_PROVIDER in package com.android.bluetooth
07-11 14:43:54.008 W/PackageManager(  374): Not granting permission android.permission.INSTALL_PACKAGES to package com.mgyapp.android (protectionLevel=18 flags=0x88be44)
07-11 14:43:54.008 W/PackageManager(  374): Not granting permission android.permission.DELETE_PACKAGES to package com.mgyapp.android (protectionLevel=18 flags=0x88be44)
07-11 14:43:54.008 W/PackageManager(  374): Not granting permission android.permission.FORCE_STOP_PACKAGES to package com.mgyapp.android (protectionLevel=2 flags=0x88be44)
07-11 14:43:54.008 W/PackageManager(  374): Not granting permission android.permission.DELETE_CACHE_FILES to package com.mgyapp.android (protectionLevel=18 flags=0x88be44)
07-11 14:43:54.008 W/PackageManager(  374): Not granting permission android.permission.READ_LOGS to package com.mgyapp.android (protectionLevel=50 flags=0x88be44)
07-11 14:43:54.008 W/PackageManager(  374): Not granting permission android.permission.WRITE_SECURE_SETTINGS to package com.mgyapp.android (protectionLevel=50 flags=0x88be44)
07-11 14:43:54.015 W/PackageManager(  374): Unknown permission android.permission.READ_OWNER_DATA in package com.mgyapp.android
07-11 14:43:54.015 W/PackageManager(  374): Unknown permission android.permission.WRITE_OWNER_DATA in package com.mgyapp.android
07-11 14:43:54.015 W/PackageManager(  374): Not granting permission android.permission.ACCESS_CACHE_FILESYSTEM to package com.mgyapp.android (protectionLevel=18 flags=0x88be44)
07-11 14:43:54.015 W/PackageManager(  374): Not granting permission android.permission.WRITE_APN_SETTINGS to package com.mgyapp.android (protectionLevel=18 flags=0x88be44)
07-11 14:43:54.015 W/PackageManager(  374): Not granting permission android.permission.MOUNT_UNMOUNT_FILESYSTEMS to package com.mgyapp.android (protectionLevel=18 flags=0x88be44)
07-11 14:43:54.015 W/PackageManager(  374): Unknown permission android.permission.RECEIVE_USER_PRESENT in package com.mgyapp.android
07-11 14:43:54.023 W/PackageManager(  374): Not granting permission android.permission.MODIFY_PHONE_STATE to package com.qihoo360.mobilesafe (protectionLevel=18 flags=0x88be44)
07-11 14:43:54.023 W/PackageManager(  374): Not granting permission android.permission.WRITE_SECURE_SETTINGS to package com.qihoo360.mobilesafe (protectionLevel=50 flags=0x88be44)
07-11 14:43:54.023 W/PackageManager(  374): Not granting permission android.permission.WRITE_APN_SETTINGS to package com.qihoo360.mobilesafe (protectionLevel=18 flags=0x88be44)
07-11 14:43:54.023 W/PackageManager(  374): Not granting permission android.permission.READ_LOGS to package com.qihoo360.mobilesafe (protectionLevel=50 flags=0x88be44)
07-11 14:43:54.031 W/PackageManager(  374): Unknown permission com.qihoo360.mobilesafe_lite.permission.FORCE_CLOSE in package com.qihoo360.mobilesafe
07-11 14:43:54.031 W/PackageManager(  374): Unknown permission telecom.mdesk.permission.FORCE_CLOSE in package com.qihoo360.mobilesafe
07-11 14:43:54.031 W/PackageManager(  374): Not granting permission android.permission.INSTALL_PACKAGES to package com.qihoo360.mobilesafe (protectionLevel=18 flags=0x88be44)
07-11 14:43:54.031 W/PackageManager(  374): Not granting permission android.permission.SET_ALWAYS_FINISH to package com.qihoo360.mobilesafe (protectionLevel=50 flags=0x88be44)
07-11 14:43:54.031 W/PackageManager(  374): Unknown permission android.permission.ACCESS_SUPERUSER in package com.qihoo360.mobilesafe
07-11 14:43:54.031 W/PackageManager(  374): Unknown permission com.qihoo360.mobilesafe.shield.permission.broadcast in package com.qihoo360.mobilesafe
07-11 14:43:54.031 W/PackageManager(  374): Unknown permission com.qihoo360.contacts.permission.broadcast in package com.qihoo360.mobilesafe
07-11 14:43:54.039 W/PackageManager(  374): Unknown permission com.qihoo360.privatehome.permission.openAppActivity in package com.qihoo360.mobilesafe
07-11 14:43:54.039 W/PackageManager(  374): Not granting permission android.permission.INSTALL_PACKAGES to package com.qihoo.appstore (protectionLevel=18 flags=0x88be44)
07-11 14:43:54.039 W/PackageManager(  374): Not granting permission android.permission.DELETE_PACKAGES to package com.qihoo.appstore (protectionLevel=18 flags=0x88be44)
07-11 14:43:54.039 W/PackageManager(  374): Not granting permission android.permission.CLEAR_APP_USER_DATA to package com.qihoo.appstore (protectionLevel=2 flags=0x88be44)
07-11 14:43:54.047 W/PackageManager(  374): Not granting permission android.permission.WRITE_MEDIA_STORAGE to package com.qihoo.appstore (protectionLevel=18 flags=0x88be44)
07-11 14:43:54.047 W/PackageManager(  374): Not granting permission android.permission.ACCESS_CACHE_FILESYSTEM to package com.qihoo.appstore (protectionLevel=18 flags=0x88be44)
07-11 14:43:54.047 W/PackageManager(  374): Unknown permission android.permission.READ_OWNER_DATA in package com.qihoo.appstore
07-11 14:43:54.047 W/PackageManager(  374): Unknown permission android.permission.WRITE_OWNER_DATA in package com.qihoo.appstore
07-11 14:43:54.047 W/PackageManager(  374): Not granting permission android.permission.CHANGE_CONFIGURATION to package com.qihoo.appstore (protectionLevel=50 flags=0x88be44)
07-11 14:43:54.047 W/PackageManager(  374): Unknown permission com.htc.launcher.permission.READ_SETTINGS in package com.qihoo.appstore
07-11 14:43:54.047 W/PackageManager(  374): Not granting permission android.permission.DEVICE_POWER to package com.qihoo.appstore (protectionLevel=2 flags=0x88be44)
07-11 14:43:54.054 W/PackageManager(  374): Not granting permission android.permission.MOUNT_UNMOUNT_FILESYSTEMS to package com.qihoo.appstore (protectionLevel=18 flags=0x88be44)
07-11 14:43:54.054 W/PackageManager(  374): Unknown permission com.huaqin.launcherEx.permission.READ_SETTINGS in package com.qihoo.appstore
07-11 14:43:54.054 W/PackageManager(  374): Unknown permission com.huaqin.launcherEx.permission.WRITE_SETTINGS in package com.qihoo.appstore
07-11 14:43:54.054 W/PackageManager(  374): Unknown permission com.android.launcher.permission.READ_PHONE_STATE in package com.qihoo.appstore
07-11 14:43:54.054 W/PackageManager(  374): Unknown permission com.huawei.launcher3.permission.READ_SETTINGS in package com.qihoo.appstore
07-11 14:43:54.054 W/PackageManager(  374): Unknown permission com.qihoo360.launcher.permission.WRITE_SETTINGS in package com.qihoo.appstore
07-11 14:43:54.054 W/PackageManager(  374): Unknown permission com.qihoo360.launcher.permission.READ_SETTINGS in package com.qihoo.appstore
07-11 14:43:54.062 W/PackageManager(  374): Not granting permission android.permission.DEVICE_POWER to package com.google.android.deskclock (protectionLevel=2 flags=0xc8be45)
07-11 14:43:54.070 W/PackageManager(  374): Unknown permission android.permission.READ_OWNER_DATA in package com.google.android.setupwizard
07-11 14:43:54.070 W/PackageManager(  374): Unknown permission android.permission.WRITE_OWNER_DATA in package com.google.android.setupwizard
07-11 14:43:54.078 W/PackageManager(  374): Not granting permission android.permission.ACCESS_DOWNLOAD_MANAGER to package by.game.binumbers (protectionLevel=18 flags=0x8be44)
07-11 14:43:54.078 W/PackageManager(  374): Unknown permission android.permission.ACCESS_MTK_MMHW in package com.qihoo.permroot
07-11 14:43:54.078 W/PackageManager(  374): Unknown permission com.google.android.voicesearch.SHORTCUTS_ACCESS in package com.google.android.googlequicksearchbox
07-11 14:43:54.086 W/PackageManager(  374): Not granting permission android.permission.ACCOUNT_MANAGER to package com.google.android.music (protectionLevel=2 flags=0x88be65)
07-11 14:43:54.086 W/PackageManager(  374): Unknown permission android.permission.READ_OWNER_DATA in package com.nd.assistance
07-11 14:43:54.086 W/PackageManager(  374): Unknown permission android.permission.WRITE_OWNER_DATA in package com.nd.assistance
07-11 14:43:54.094 W/PackageManager(  374): Not granting permission android.permission.DEVICE_POWER to package com.nd.assistance (protectionLevel=2 flags=0x80ae46)
07-11 14:43:54.094 W/PackageManager(  374): Unknown permission com.android.providers.im.permission.READ_ONLY in package com.google.android.apps.maps
07-11 14:43:54.094 W/PackageManager(  374): Unknown permission android.permission.ACCESS_SUPERUSER in package com.jrummy.root.browser
07-11 14:43:54.101 W/PackageManager(  374): Not granting permission android.permission.ACCESS_CHECKIN_PROPERTIES to package com.google.android.apps.googlevoice (protectionLevel=18 flags=0x8be44)
07-11 14:43:54.101 W/PackageManager(  374): Unknown permission com.google.android.apps.googlevoice.REMOTE_INTENT in package com.google.android.apps.googlevoice
07-11 14:43:54.101 W/PackageManager(  374): Unknown permission com.google.android.permission.RECEIVE_DATA_MESSAGE in package com.google.android.apps.googlevoice
07-11 14:43:54.101 W/PackageManager(  374): Unknown permission com.google.android.permission.SEND_DATA_MESSAGE in package com.google.android.apps.googlevoice
07-11 14:43:54.109 W/PackageManager(  374): Unknown permission com.android.providers.voicemail.permission.READ_WRITE_ALL_VOICEMAIL in package com.google.android.apps.googlevoice
07-11 14:43:54.109 W/PackageManager(  374): Unknown permission com.android.providers.voicemail.permission.READ_WRITE_OWN_VOICEMAIL in package com.google.android.apps.googlevoice
07-11 14:43:54.109 W/PackageManager(  374): Not granting permission com.google.android.apps.dashclock.permission.READ_EXTENSION_DATA to package com.betterapps.dashclock (protectionLevel=2 flags=0x8bbe44)
07-11 14:43:54.109 W/PackageManager(  374): Not granting permission android.permission.READ_LOGS to package com.pekall.emdm (protectionLevel=50 flags=0x88be46)
07-11 14:43:54.117 W/PackageManager(  374): Not granting permission android.permission.BIND_APPWIDGET to package com.pekall.emdm (protectionLevel=18 flags=0x88be46)
07-11 14:43:54.117 W/PackageManager(  374): Unknown permission com.pekall.emdm.launcher.permission.READ_SETTINGS in package com.pekall.emdm
07-11 14:43:54.117 W/PackageManager(  374): Unknown permission com.pekall.emdm.launcher.permission.WRITE_SETTINGS in package com.pekall.emdm
07-11 14:43:54.117 W/PackageManager(  374): Not granting permission android.permission.CHANGE_CONFIGURATION to package com.pekall.emdm (protectionLevel=50 flags=0x88be46)
07-11 14:43:54.117 W/PackageManager(  374): Not granting permission android.permission.INSTALL_PACKAGES to package com.pekall.emdm (protectionLevel=18 flags=0x88be46)
07-11 14:43:54.117 W/PackageManager(  374): Unknown permission android.permission.sec.ENTERPRISE_DEVICE_ADMIN in package com.pekall.emdm
07-11 14:43:54.117 W/PackageManager(  374): Unknown permission android.permission.sec.MDM_APP_MGMT in package com.pekall.emdm
07-11 14:43:54.117 W/PackageManager(  374): Unknown permission android.permission.sec.MDM_BLUETOOTH in package com.pekall.emdm
07-11 14:43:54.117 W/PackageManager(  374): Unknown permission android.permission.sec.MDM_INVENTORY in package com.pekall.emdm
07-11 14:43:54.117 W/PackageManager(  374): Unknown permission android.permission.sec.MDM_EXCHANGE in package com.pekall.emdm
07-11 14:43:54.117 W/PackageManager(  374): Unknown permission android.permission.sec.MDM_ROAMING in package com.pekall.emdm
07-11 14:43:54.117 W/PackageManager(  374): Unknown permission android.permission.sec.MDM_WIFI in package com.pekall.emdm
07-11 14:43:54.125 W/PackageManager(  374): Unknown permission android.permission.sec.MDM_SECURITY in package com.pekall.emdm
07-11 14:43:54.125 W/PackageManager(  374): Unknown permission android.permission.sec.MDM_HW_CONTROL in package com.pekall.emdm
07-11 14:43:54.125 W/PackageManager(  374): Unknown permission android.permission.sec.MDM_RESTRICTION in package com.pekall.emdm
07-11 14:43:54.125 W/PackageManager(  374): Unknown permission android.permission.sec.MDM_LOCATION in package com.pekall.emdm
07-11 14:43:54.125 W/PackageManager(  374): Not granting permission android.permission.INTERACT_ACROSS_USERS_FULL to package com.pekall.emdm (protectionLevel=2 flags=0x88be46)
07-11 14:43:54.125 W/PackageManager(  374): Unknown permission android.permission.sec.MDM_CALLING in package com.pekall.emdm
07-11 14:43:54.125 W/PackageManager(  374): Unknown permission android.permission.sec.MDM_EMAIL in package com.pekall.emdm
07-11 14:43:54.125 W/PackageManager(  374): Unknown permission android.permission.sec.MDM_VPN in package com.pekall.emdm
07-11 14:43:54.125 W/PackageManager(  374): Unknown permission android.permission.sec.MDM_APN in package com.pekall.emdm
07-11 14:43:54.125 W/PackageManager(  374): Unknown permission android.permission.sec.MDM_PHONE_RESTRICTION in package com.pekall.emdm
07-11 14:43:54.125 W/PackageManager(  374): Unknown permission android.permission.sec.MDM_BROWSER_SETTINGS in package com.pekall.emdm
07-11 14:43:54.125 W/PackageManager(  374): Unknown permission android.permission.sec.MDM_DATE_TIME in package com.pekall.emdm
07-11 14:43:54.133 W/PackageManager(  374): Unknown permission android.permission.sec.MDM_ENTERPRISE_VPN in package com.pekall.emdm
07-11 14:43:54.133 W/PackageManager(  374): Unknown permission android.permission.sec.MDM_FIREWALL in package com.pekall.emdm
07-11 14:43:54.133 W/PackageManager(  374): Unknown permission android.permission.sec.MDM_APP_PERMISSION_MGMT in package com.pekall.emdm
07-11 14:43:54.133 W/PackageManager(  374): Unknown permission android.permission.sec.MDM_KIOSK_MODE in package com.pekall.emdm
07-11 14:43:54.133 W/PackageManager(  374): Not granting permission android.permission.ACCESS_DOWNLOAD_MANAGER to package com.pekall.emdm (protectionLevel=18 flags=0x88be46)
07-11 14:43:54.133 W/PackageManager(  374): Not granting permission android.permission.SEND_DOWNLOAD_COMPLETED_INTENTS to package com.pekall.emdm (protectionLevel=2 flags=0x88be46)
07-11 14:43:54.133 W/PackageManager(  374): Unknown permission com.pekall.emdm.browser.permission.READ_HISTORY_BOOKMARKS in package com.pekall.emdm
07-11 14:43:54.133 W/PackageManager(  374): Unknown permission com.pekall.emdm.browser.permission.WRITE_HISTORY_BOOKMARKS in package com.pekall.emdm
07-11 14:43:54.133 W/PackageManager(  374): Unknown permission com.pekall.semail.permission.READ_ATTACHMENT in package com.pekall.emdm
07-11 14:43:54.133 W/PackageManager(  374): Unknown permission com.pekall.semail.permission.ACCESS_PROVIDER in package com.pekall.emdm
07-11 14:43:54.148 W/PackageManager(  374): Not granting permission android.permission.WRITE_APN_SETTINGS to package com.dragon.android.pandaspace (protectionLevel=18 flags=0x80be44)
07-11 14:43:54.148 W/PackageManager(  374): Not granting permission android.permission.INSTALL_PACKAGES to package com.dragon.android.pandaspace (protectionLevel=18 flags=0x80be44)
07-11 14:43:54.148 W/PackageManager(  374): Not granting permission android.permission.CHANGE_CONFIGURATION to package com.dragon.android.pandaspace (protectionLevel=50 flags=0x80be44)
07-11 14:43:54.148 W/PackageManager(  374): Not granting permission android.permission.READ_LOGS to package com.dragon.android.pandaspace (protectionLevel=50 flags=0x80be44)
07-11 14:43:54.148 W/PackageManager(  374): Not granting permission android.permission.PACKAGE_USAGE_STATS to package com.dragon.android.pandaspace (protectionLevel=18 flags=0x80be44)
07-11 14:43:54.148 W/PackageManager(  374): Not granting permission android.permission.MOUNT_UNMOUNT_FILESYSTEMS to package com.dragon.android.pandaspace (protectionLevel=18 flags=0x80be44)
07-11 14:43:54.148 W/PackageManager(  374): Not granting permission android.permission.SET_ACTIVITY_WATCHER to package com.dragon.android.pandaspace (protectionLevel=2 flags=0x80be44)
07-11 14:43:54.156 W/PackageManager(  374): Not granting permission android.permission.DELETE_PACKAGES to package com.dragon.android.pandaspace (protectionLevel=18 flags=0x80be44)
07-11 14:43:54.156 W/PackageManager(  374): Not granting permission android.permission.CHANGE_COMPONENT_ENABLED_STATE to package com.dragon.android.pandaspace (protectionLevel=18 flags=0x80be44)
07-11 14:43:54.156 W/PackageManager(  374): Not granting permission android.permission.SEND_DOWNLOAD_COMPLETED_INTENTS to package com.android.vending (protectionLevel=2 flags=0x8abe45)
07-11 14:43:54.156 W/PackageManager(  374): Unknown permission android.permission.SEND_SMS_NO_CONFIRMATION in package com.android.vending
07-11 14:43:54.164 W/PackageManager(  374): Unknown permission android.permission.ACCESS_SUPERUSER in package com.speedsoftware.rootexplorer
07-11 14:43:54.164 W/PackageManager(  374): Not granting permission android.permission.WRITE_SECURE_SETTINGS to package com.pekall.nmefc (protectionLevel=50 flags=0x88be44)
07-11 14:43:54.164 W/PackageManager(  374): Unknown permission android.permission.ACCESS_GPS in package com.pekall.nmefc
07-11 14:43:54.164 W/PackageManager(  374): Unknown permission android.permission.BAIDU_LOCATION_SERVICE in package com.pekall.nmefc
07-11 14:43:54.164 W/PackageManager(  374): Not granting permission android.permission.MOUNT_UNMOUNT_FILESYSTEMS to package com.pekall.nmefc (protectionLevel=18 flags=0x88be44)
07-11 14:43:54.172 W/PackageManager(  374): Not granting permission android.permission.READ_DREAM_STATE to package com.google.android.gsf (protectionLevel=2 flags=0x883e45)
07-11 14:43:54.172 W/PackageManager(  374): Unknown permission android.permission.RECEIVE_USER_PRESENT in package com.moji.mjweather
07-11 14:43:54.179 W/PackageManager(  374): Not granting permission android.permission.INTERACT_ACROSS_USERS_FULL to package com.moji.mjweather (protectionLevel=2 flags=0x18be44)
07-11 14:43:54.179 W/PackageManager(  374): Not granting permission android.permission.MOUNT_UNMOUNT_FILESYSTEMS to package com.moji.mjweather (protectionLevel=18 flags=0x18be44)
07-11 14:43:54.179 W/PackageManager(  374): Not granting permission android.permission.READ_LOGS to package com.moji.mjweather (protectionLevel=50 flags=0x18be44)
07-11 14:43:54.859 I/ActivityManager(  374): Start proc com.qihoo360.mobilesafe for service com.qihoo360.mobilesafe/.service.GuardDelegateService: pid=5387 uid=10072 gids={50072, 3003, 1015, 3001, 3002, 1006, 1028}
07-11 14:43:54.992 I/ActivityManager(  374): Start proc com.qihoo360.mobilesafe:scan for service com.qihoo360.mobilesafe/com.qihoo.security.services.DeepScanService: pid=5399 uid=10072 gids={50072, 3003, 1015, 3001, 3002, 1006, 1028}
07-11 14:43:55.367 D/BackupManagerService(  374): Received broadcast Intent { act=android.intent.action.PACKAGE_ADDED dat=package:com.moji.mjweather flg=0x8000010 (has extras) }
07-11 14:43:55.375 V/BackupManagerService(  374): addPackageParticipantsLocked: #1
07-11 14:43:55.859 I/ActivityManager(  374): Start proc com.google.android.gallery3d for broadcast com.google.android.gallery3d/com.android.gallery3d.app.PackagesMonitor: pid=5415 uid=10019 gids={50019, 1006, 3003, 1015, 1028}
07-11 14:43:55.890 I/ActivityManager(  374): Start proc com.qihoo360.mobilesafe:engine for service com.qihoo360.mobilesafe/com.qihoo.security.services.ScanEngineService: pid=5426 uid=10072 gids={50072, 3003, 1015, 3001, 3002, 1006, 1028}
07-11 14:43:56.781 W/MountService(  374): getVolumeState(/storage/emulated/0/external_sd): Unknown volume
07-11 14:43:56.781 W/MountService(  374): getVolumeState(/mnt/sdcard-ext): Unknown volume
07-11 14:43:56.789 W/MountService(  374): getVolumeState(/mnt/ext_sdcard): Unknown volume
07-11 14:43:56.820 W/MountService(  374): getVolumeState(/mnt/sdcard2): Unknown volume
07-11 14:43:56.828 W/MountService(  374): getVolumeState(/mnt/emmc): Unknown volume
07-11 14:43:56.836 W/MountService(  374): getVolumeState(/mnt/extSdCard): Unknown volume
07-11 14:43:56.875 W/MountService(  374): getVolumeState(/mnt/sdcard/SD_CARD): Unknown volume
07-11 14:43:56.883 W/MountService(  374): getVolumeState(/mnt/sdcard/extra_sd): Unknown volume
07-11 14:43:56.890 W/MountService(  374): getVolumeState(/mnt/extrasd_bind): Unknown volume
07-11 14:43:56.890 W/MountService(  374): getVolumeState(/mnt/sdcard/ext_sd): Unknown volume
07-11 14:43:56.890 W/MountService(  374): getVolumeState(/storage/extSdCard): Unknown volume
07-11 14:43:56.898 W/MountService(  374): getVolumeState(/storage/sdcard1): Unknown volume
07-11 14:43:56.953 W/MountService(  374): getVolumeState(/mnt/sdcard/external_SD): Unknown volume
07-11 14:43:56.984 I/ActivityManager(  374): Start proc com.google.android.partnersetup for broadcast com.google.android.partnersetup/.RlzPingBroadcastReceiver: pid=5459 uid=10027 gids={50027, 3003, 1028}
07-11 14:43:57.195 W/MountService(  374): getVolumeState(/mnt/sdcard/external_sd): Unknown volume
07-11 14:43:57.406 I/ActivityManager(  374): Start proc com.android.musicfx for broadcast com.android.musicfx/.Compatibility$Receiver: pid=5477 uid=10042 gids={50042, 3003, 3002, 1028}
07-11 14:43:57.812 I/ActivityManager(  374): Start proc com.google.android.apps.plus for broadcast com.google.android.apps.plus/.service.PackagesMediaMonitor: pid=5492 uid=10048 gids={50048, 3003, 3002, 1015, 1006, 1028}
07-11 14:44:00.070 W/PackageParser(  833): No actions in intent filter at /storage/emulated/0/360Download/Pekall.apk Binary XML file line #685
07-11 14:44:00.351 W/PackageParser(  833): No actions in intent filter at /storage/emulated/0/Download/emmp.apk Binary XML file line #687
07-11 14:44:00.414 I/ActivityManager(  374): Process com.android.providers.calendar (pid 28798) has died.
07-11 14:44:00.492 I/ActivityManager(  374): Process com.google.android.apps.maps:FriendService (pid 5318) has died.
07-11 14:44:00.554 W/PackageParser(  833): No actions in intent filter at /storage/emulated/0/Download/emmp-1.apk Binary XML file line #687
07-11 14:44:00.656 W/PackageParser(  833): No actions in intent filter at /storage/emulated/0/360Download/Pekall.apk Binary XML file line #685
07-11 14:44:01.062 W/MountService(  374): getVolumeState(/storage/emulated/0/external_sd): Unknown volume
07-11 14:44:01.062 W/MountService(  374): getVolumeState(/mnt/sdcard-ext): Unknown volume
07-11 14:44:01.070 W/MountService(  374): getVolumeState(/mnt/ext_sdcard): Unknown volume
07-11 14:44:01.086 W/MountService(  374): getVolumeState(/mnt/sdcard2): Unknown volume
07-11 14:44:01.133 W/MountService(  374): getVolumeState(/mnt/emmc): Unknown volume
07-11 14:44:01.140 W/MountService(  374): getVolumeState(/mnt/extSdCard): Unknown volume
07-11 14:44:01.140 W/MountService(  374): getVolumeState(/mnt/sdcard/SD_CARD): Unknown volume
07-11 14:44:01.140 W/MountService(  374): getVolumeState(/mnt/sdcard/extra_sd): Unknown volume
07-11 14:44:01.140 W/MountService(  374): getVolumeState(/mnt/extrasd_bind): Unknown volume
07-11 14:44:01.140 W/MountService(  374): getVolumeState(/mnt/sdcard/ext_sd): Unknown volume
07-11 14:44:01.140 W/MountService(  374): getVolumeState(/storage/extSdCard): Unknown volume
07-11 14:44:01.140 W/MountService(  374): getVolumeState(/storage/sdcard1): Unknown volume
07-11 14:44:01.148 W/MountService(  374): getVolumeState(/mnt/sdcard/external_SD): Unknown volume
07-11 14:44:01.148 W/MountService(  374): getVolumeState(/mnt/sdcard/external_sd): Unknown volume
07-11 14:44:01.562 I/ActivityManager(  374): Process com.android.packageinstaller (pid 5199) has died.
07-11 14:44:01.820 I/ActivityManager(  374): Start proc com.google.android.gms for broadcast com.google.android.gms/.games.receiver.GamesSystemBroadcastReceiver: pid=5536 uid=10009 gids={50009, 3003, 1007, 1028, 1015, 1006, 2001, 3006}
07-11 14:44:01.859 W/ActivityManager(  374): Unable to start service Intent { act=com.google.android.gms.analytics.service.START (has extras) } U=0: not found
07-11 14:44:02.383 I/ActivityManager(  374): Start proc com.google.android.googlequicksearchbox for broadcast com.google.android.googlequicksearchbox/com.google.android.apps.sidekick.GmmLocationProviderImpl$GmmPackageWatcher: pid=5559 uid=10056 gids={50056, 3003, 1028, 1007, 3002, 1015}
07-11 14:44:03.883 I/ActivityManager(  374): Start proc com.noshufou.android.su for broadcast com.noshufou.android.su/.InstallReceiver: pid=5651 uid=10077 gids={50077, 3003, 1015, 1028}
07-11 14:44:04.554 I/ActivityManager(  374): Start proc com.google.android.gsf.login for service com.google.android.gms/.recovery.AccountRecoveryBackgroundService: pid=5674 uid=10009 gids={50009, 3003, 1007, 1028, 1015, 1006, 2001, 3006}
07-11 14:44:04.765 I/ActivityManager(  374): No longer want com.nd.assistance (pid 4613): empty #17
07-11 14:44:05.562 I/ActivityManager(  374): START u0 {act=android.intent.action.VIEW dat=file:///storage/emulated/0/MDM/download/commojimjweather.apk typ=application/vnd.android.package-archive flg=0x10000000 cmp=com.android.packageinstaller/.PackageInstallerActivity} from pid 3259
07-11 14:44:05.804 I/ActivityManager(  374): Start proc com.android.packageinstaller for activity com.android.packageinstaller/.PackageInstallerActivity: pid=5697 uid=10045 gids={50045, 1028}
07-11 14:44:06.867 W/ActivityManager(  374): Unable to start service Intent { act=com.google.android.gms.analytics.service.START (has extras) } U=0: not found
07-11 14:44:08.359 W/ActivityManager(  374): Unable to start service Intent { act=com.google.android.gms.analytics.service.START (has extras) } U=0: not found
07-11 14:44:08.687 I/ActivityManager(  374): Process android.process.acore (pid 1908) has died.
07-11 14:44:09.640 I/ActivityManager(  374): START u0 {dat=file:///storage/emulated/0/MDM/download/commojimjweather.apk cmp=com.android.packageinstaller/.InstallAppProgress (has extras)} from pid 5697
07-11 14:44:09.937 W/ActivityManager(  374): No content provider found for permission revoke: file:///storage/emulated/0/MDM/download/commojimjweather.apk
07-11 14:44:10.312 I/ActivityManager(  374): Process com.qihoo360.mobilesafe (pid 5387) has died.
07-11 14:44:12.289 I/ActivityManager(  374): Process com.google.android.apps.plus (pid 5492) has died.
07-11 14:44:13.375 W/ActivityManager(  374): Unable to start service Intent { act=com.google.android.gms.analytics.service.START (has extras) } U=0: not found
07-11 14:44:20.078 I/PackageManager(  374): Verification timed out for file:///storage/emulated/0/MDM/download/commojimjweather.apk
07-11 14:44:20.078 I/PackageManager(  374): Continuing with installation of file:///storage/emulated/0/MDM/download/commojimjweather.apk
07-11 14:44:20.601 W/ActivityManager(  374): No content provider found for permission revoke: file:///storage/emulated/0/MDM/download/commojimjweather.apk
07-11 14:44:20.601 I/PackageManager(  374): Copying native libraries to /data/app-lib/vmdl-832569686
07-11 14:44:25.937 I/ActivityManager(  374): Force stopping package com.moji.mjweather appid=10082 user=-1
07-11 14:44:26.101 I/PackageManager(  374): Package com.moji.mjweather codePath changed from /data/app/com.moji.mjweather-1.apk to /data/app/com.moji.mjweather-2.apk; Retaining data and using new
07-11 14:44:28.367 I/ActivityManager(  374): Force stopping package com.moji.mjweather appid=10082 user=-1
07-11 14:44:28.375 W/PackageManager(  374): Code path for pkg : com.moji.mjweather changing from /data/app/com.moji.mjweather-1.apk to /data/app/com.moji.mjweather-2.apk
07-11 14:44:28.375 W/PackageManager(  374): Resource path for pkg : com.moji.mjweather changing from /data/app/com.moji.mjweather-1.apk to /data/app/com.moji.mjweather-2.apk
07-11 14:44:28.586 W/PackageManager(  374): Not granting permission android.permission.SEND_DOWNLOAD_COMPLETED_INTENTS to package com.google.android.browser (protectionLevel=2 flags=0x89be45)
07-11 14:44:28.586 W/PackageManager(  374): Not granting permission android.permission.WRITE_SECURE_SETTINGS to package com.qihoo360.mobilesafe.opti.powerctl (protectionLevel=50 flags=0x80be44)
07-11 14:44:28.586 W/PackageManager(  374): Unknown permission android.permission.READ_SETTINGS in package com.qihoo360.mobilesafe.opti.powerctl
