--------- beginning of /dev/log/system
07-11 14:23:32.804 W/MountService(  374): getVolumeState(/mnt/sdcard-ext): Unknown volume
07-11 14:23:32.804 W/MountService(  374): getVolumeState(/mnt/ext_sdcard): Unknown volume
07-11 14:23:32.812 W/MountService(  374): getVolumeState(/mnt/sdcard2): Unknown volume
07-11 14:23:32.812 W/MountService(  374): getVolumeState(/mnt/emmc): Unknown volume
07-11 14:23:32.812 W/MountService(  374): getVolumeState(/mnt/extSdCard): Unknown volume
07-11 14:23:32.812 W/MountService(  374): getVolumeState(/mnt/sdcard/SD_CARD): Unknown volume
07-11 14:23:32.812 W/MountService(  374): getVolumeState(/mnt/sdcard/extra_sd): Unknown volume
07-11 14:23:32.820 W/MountService(  374): getVolumeState(/mnt/extrasd_bind): Unknown volume
07-11 14:23:32.820 W/MountService(  374): getVolumeState(/mnt/sdcard/ext_sd): Unknown volume
07-11 14:23:32.820 W/MountService(  374): getVolumeState(/storage/extSdCard): Unknown volume
07-11 14:23:32.820 W/MountService(  374): getVolumeState(/storage/sdcard1): Unknown volume
07-11 14:23:32.820 W/MountService(  374): getVolumeState(/mnt/sdcard/external_SD): Unknown volume
07-11 14:23:32.828 W/MountService(  374): getVolumeState(/mnt/sdcard/external_sd): Unknown volume
07-11 14:24:11.508 V/PanelView(  450): animationTick called with dtms=0; nothing to do (h=840.0 v=1343.1272)
07-11 14:24:11.508 V/PanelView(  450): animationTick called with dtms=-10; nothing to do (h=840.0 v=1343.1272)
07-11 14:24:15.078 V/PanelView(  450): animationTick called with dtms=0; nothing to do (h=1184.0 v=-4000.0)
07-11 14:24:15.078 V/PanelView(  450): animationTick called with dtms=-3; nothing to do (h=1184.0 v=-4000.0)
07-11 14:24:15.437 W/InputMethodManagerService(  374): Window already focused, ignoring focus gain of: com.android.internal.view.IInputMethodClient$Stub$Proxy@42667e38 attribute=null, token = android.os.BinderProxy@42c86710
07-11 14:24:20.156 V/PanelView(  450): animationTick called with dtms=0; nothing to do (h=1008.0 v=2369.693)
07-11 14:24:20.156 V/PanelView(  450): animationTick called with dtms=-11; nothing to do (h=1008.0 v=2369.693)
07-11 14:24:27.898 I/ActivityManager(  374): START u0 {cmp=com.pekall.emdm/.market.activity.AppListActivity bnds=[0,382][720,510] (has extras)} from pid -1
07-11 14:24:27.898 W/ActivityManager(  374): startActivity called from non-Activity context; forcing Intent.FLAG_ACTIVITY_NEW_TASK for: Intent { cmp=com.pekall.emdm/.market.activity.AppListActivity bnds=[0,382][720,510] (has extras) }
07-11 14:24:28.070 V/PanelView(  450): animationTick called with dtms=0; nothing to do (h=1184.0 v=-4000.0)
07-11 14:24:32.554 W/MountService(  374): getVolumeState(/storage/emulated/0/external_sd): Unknown volume
07-11 14:24:32.554 W/MountService(  374): getVolumeState(/mnt/sdcard-ext): Unknown volume
07-11 14:24:32.562 W/MountService(  374): getVolumeState(/mnt/ext_sdcard): Unknown volume
07-11 14:24:32.562 W/MountService(  374): getVolumeState(/mnt/sdcard2): Unknown volume
07-11 14:24:32.562 W/MountService(  374): getVolumeState(/mnt/emmc): Unknown volume
07-11 14:24:32.570 W/MountService(  374): getVolumeState(/mnt/extSdCard): Unknown volume
07-11 14:24:32.570 W/MountService(  374): getVolumeState(/mnt/sdcard/SD_CARD): Unknown volume
07-11 14:24:32.578 W/MountService(  374): getVolumeState(/mnt/sdcard/extra_sd): Unknown volume
07-11 14:24:32.578 W/MountService(  374): getVolumeState(/mnt/extrasd_bind): Unknown volume
07-11 14:24:32.578 W/MountService(  374): getVolumeState(/mnt/sdcard/ext_sd): Unknown volume
07-11 14:24:32.578 W/MountService(  374): getVolumeState(/storage/extSdCard): Unknown volume
07-11 14:24:32.578 W/MountService(  374): getVolumeState(/storage/sdcard1): Unknown volume
07-11 14:24:32.578 W/MountService(  374): getVolumeState(/mnt/sdcard/external_SD): Unknown volume
07-11 14:24:32.586 W/MountService(  374): getVolumeState(/mnt/sdcard/external_sd): Unknown volume
07-11 14:24:32.906 W/MountService(  374): getVolumeState(/storage/emulated/0/external_sd): Unknown volume
07-11 14:24:32.906 W/MountService(  374): getVolumeState(/mnt/sdcard-ext): Unknown volume
07-11 14:24:32.906 W/MountService(  374): getVolumeState(/mnt/ext_sdcard): Unknown volume
07-11 14:24:32.914 W/MountService(  374): getVolumeState(/mnt/sdcard2): Unknown volume
07-11 14:24:32.914 W/MountService(  374): getVolumeState(/mnt/emmc): Unknown volume
07-11 14:24:32.914 W/MountService(  374): getVolumeState(/mnt/extSdCard): Unknown volume
07-11 14:24:32.914 W/MountService(  374): getVolumeState(/mnt/sdcard/SD_CARD): Unknown volume
07-11 14:24:32.914 W/MountService(  374): getVolumeState(/mnt/sdcard/extra_sd): Unknown volume
07-11 14:24:32.914 W/MountService(  374): getVolumeState(/mnt/extrasd_bind): Unknown volume
07-11 14:24:32.922 W/MountService(  374): getVolumeState(/mnt/sdcard/ext_sd): Unknown volume
07-11 14:24:32.922 W/MountService(  374): getVolumeState(/storage/extSdCard): Unknown volume
07-11 14:24:32.922 W/MountService(  374): getVolumeState(/storage/sdcard1): Unknown volume
07-11 14:24:32.929 W/MountService(  374): getVolumeState(/mnt/sdcard/external_SD): Unknown volume
07-11 14:24:32.929 W/MountService(  374): getVolumeState(/mnt/sdcard/external_sd): Unknown volume
07-11 14:24:56.062 V/PanelView(  450): animationTick called with dtms=0; nothing to do (h=0.0 v=4000.0)
07-11 14:24:56.375 V/PanelView(  450): animationTick called with dtms=0; nothing to do (h=20.100002 v=-4000.0)
07-11 14:24:56.375 V/PanelView(  450): animationTick called with dtms=0; nothing to do (h=20.100002 v=-4000.0)
07-11 14:24:56.375 V/PanelView(  450): animationTick called with dtms=-13; nothing to do (h=20.100002 v=-4000.0)
07-11 14:24:56.515 W/InputMethodManagerService(  374): Window already focused, ignoring focus gain of: com.android.internal.view.IInputMethodClient$Stub$Proxy@42261170 attribute=null, token = android.os.BinderProxy@42c88528
07-11 14:25:18.734 V/PanelView(  450): animationTick called with dtms=0; nothing to do (h=594.0 v=1732.806)
07-11 14:25:18.734 V/PanelView(  450): animationTick called with dtms=-13; nothing to do (h=594.0 v=1732.806)
07-11 14:25:24.039 I/ActivityManager(  374): START u0 {cmp=com.pekall.emdm/.market.activity.AppListActivity bnds=[0,242][720,370] (has extras)} from pid -1
07-11 14:25:24.039 W/ActivityManager(  374): startActivity called from non-Activity context; forcing Intent.FLAG_ACTIVITY_NEW_TASK for: Intent { cmp=com.pekall.emdm/.market.activity.AppListActivity bnds=[0,242][720,370] (has extras) }
07-11 14:25:24.211 V/PanelView(  450): animationTick called with dtms=0; nothing to do (h=1184.0 v=-4000.0)
07-11 14:25:32.719 W/MountService(  374): getVolumeState(/storage/emulated/0/external_sd): Unknown volume
07-11 14:25:32.719 W/MountService(  374): getVolumeState(/mnt/sdcard-ext): Unknown volume
07-11 14:25:32.719 W/MountService(  374): getVolumeState(/mnt/ext_sdcard): Unknown volume
07-11 14:25:32.719 W/MountService(  374): getVolumeState(/mnt/sdcard2): Unknown volume
07-11 14:25:32.719 W/MountService(  374): getVolumeState(/mnt/emmc): Unknown volume
07-11 14:25:32.719 W/MountService(  374): getVolumeState(/mnt/extSdCard): Unknown volume
07-11 14:25:32.719 W/MountService(  374): getVolumeState(/mnt/sdcard/SD_CARD): Unknown volume
07-11 14:25:32.726 W/MountService(  374): getVolumeState(/mnt/sdcard/extra_sd): Unknown volume
07-11 14:25:32.726 W/MountService(  374): getVolumeState(/mnt/extrasd_bind): Unknown volume
07-11 14:25:32.726 W/MountService(  374): getVolumeState(/mnt/sdcard/ext_sd): Unknown volume
07-11 14:25:32.726 W/MountService(  374): getVolumeState(/storage/extSdCard): Unknown volume
07-11 14:25:32.726 W/MountService(  374): getVolumeState(/storage/sdcard1): Unknown volume
07-11 14:25:32.726 W/MountService(  374): getVolumeState(/mnt/sdcard/external_SD): Unknown volume
07-11 14:25:32.726 W/MountService(  374): getVolumeState(/mnt/sdcard/external_sd): Unknown volume
07-11 14:25:32.976 W/MountService(  374): getVolumeState(/storage/emulated/0/external_sd): Unknown volume
07-11 14:25:32.976 W/MountService(  374): getVolumeState(/mnt/sdcard-ext): Unknown volume
07-11 14:25:32.984 W/MountService(  374): getVolumeState(/mnt/ext_sdcard): Unknown volume
07-11 14:25:32.984 W/MountService(  374): getVolumeState(/mnt/sdcard2): Unknown volume
07-11 14:25:32.984 W/MountService(  374): getVolumeState(/mnt/emmc): Unknown volume
07-11 14:25:32.984 W/MountService(  374): getVolumeState(/mnt/extSdCard): Unknown volume
07-11 14:25:32.984 W/MountService(  374): getVolumeState(/mnt/sdcard/SD_CARD): Unknown volume
07-11 14:25:32.984 W/MountService(  374): getVolumeState(/mnt/sdcard/extra_sd): Unknown volume
07-11 14:25:32.984 W/MountService(  374): getVolumeState(/mnt/extrasd_bind): Unknown volume
07-11 14:25:32.984 W/MountService(  374): getVolumeState(/mnt/sdcard/ext_sd): Unknown volume
07-11 14:25:32.984 W/MountService(  374): getVolumeState(/storage/extSdCard): Unknown volume
07-11 14:25:32.984 W/MountService(  374): getVolumeState(/storage/sdcard1): Unknown volume
07-11 14:25:32.992 W/MountService(  374): getVolumeState(/mnt/sdcard/external_SD): Unknown volume
07-11 14:25:32.992 W/MountService(  374): getVolumeState(/mnt/sdcard/external_sd): Unknown volume
07-11 14:25:34.078 V/PanelView(  450): animationTick called with dtms=0; nothing to do (h=800.0 v=2126.9197)
07-11 14:25:34.078 V/PanelView(  450): animationTick called with dtms=-14; nothing to do (h=800.0 v=2126.9197)
07-11 14:25:36.726 V/PanelView(  450): animationTick called with dtms=0; nothing to do (h=1184.0 v=-4000.0)
07-11 14:25:37.094 W/InputMethodManagerService(  374): Window already focused, ignoring focus gain of: com.android.internal.view.IInputMethodClient$Stub$Proxy@42753d20 attribute=null, token = android.os.BinderProxy@42c77208
07-11 14:26:06.672 I/PowerManagerService(  374): Going to sleep due to screen timeout...
07-11 14:26:12.648 D/PhoneStatusBar(  450): disable: < expand icons alerts ticker system_info back home RECENT* clock search >
07-11 14:26:12.820 D/PhoneStatusBar(  450): disable: < expand icons alerts ticker system_info BACK* HOME* RECENT CLOCK* search >
07-11 14:26:32.875 W/MountService(  374): getVolumeState(/storage/emulated/0/external_sd): Unknown volume
07-11 14:26:32.875 W/MountService(  374): getVolumeState(/mnt/sdcard-ext): Unknown volume
07-11 14:26:32.883 W/MountService(  374): getVolumeState(/mnt/ext_sdcard): Unknown volume
07-11 14:26:32.883 W/MountService(  374): getVolumeState(/mnt/sdcard2): Unknown volume
07-11 14:26:32.883 W/MountService(  374): getVolumeState(/mnt/emmc): Unknown volume
07-11 14:26:32.883 W/MountService(  374): getVolumeState(/mnt/extSdCard): Unknown volume
07-11 14:26:32.883 W/MountService(  374): getVolumeState(/mnt/sdcard/SD_CARD): Unknown volume
07-11 14:26:32.883 W/MountService(  374): getVolumeState(/mnt/sdcard/extra_sd): Unknown volume
07-11 14:26:32.883 W/MountService(  374): getVolumeState(/mnt/extrasd_bind): Unknown volume
07-11 14:26:32.890 W/MountService(  374): getVolumeState(/mnt/sdcard/ext_sd): Unknown volume
07-11 14:26:32.890 W/MountService(  374): getVolumeState(/storage/extSdCard): Unknown volume
07-11 14:26:32.890 W/MountService(  374): getVolumeState(/storage/sdcard1): Unknown volume
07-11 14:26:32.890 W/MountService(  374): getVolumeState(/mnt/sdcard/external_SD): Unknown volume
07-11 14:26:32.890 W/MountService(  374): getVolumeState(/mnt/sdcard/external_sd): Unknown volume
07-11 14:26:33.109 W/MountService(  374): getVolumeState(/storage/emulated/0/external_sd): Unknown volume
07-11 14:26:33.109 W/MountService(  374): getVolumeState(/mnt/sdcard-ext): Unknown volume
07-11 14:26:33.109 W/MountService(  374): getVolumeState(/mnt/ext_sdcard): Unknown volume
07-11 14:26:33.109 W/MountService(  374): getVolumeState(/mnt/sdcard2): Unknown volume
07-11 14:26:33.109 W/MountService(  374): getVolumeState(/mnt/emmc): Unknown volume
07-11 14:26:33.109 W/MountService(  374): getVolumeState(/mnt/extSdCard): Unknown volume
07-11 14:26:33.109 W/MountService(  374): getVolumeState(/mnt/sdcard/SD_CARD): Unknown volume
07-11 14:26:33.109 W/MountService(  374): getVolumeState(/mnt/sdcard/extra_sd): Unknown volume
07-11 14:26:33.117 W/MountService(  374): getVolumeState(/mnt/extrasd_bind): Unknown volume
07-11 14:26:33.117 W/MountService(  374): getVolumeState(/mnt/sdcard/ext_sd): Unknown volume
07-11 14:26:33.117 W/MountService(  374): getVolumeState(/storage/extSdCard): Unknown volume
07-11 14:26:33.117 W/MountService(  374): getVolumeState(/storage/sdcard1): Unknown volume
07-11 14:26:33.117 W/MountService(  374): getVolumeState(/mnt/sdcard/external_SD): Unknown volume
07-11 14:26:33.117 W/MountService(  374): getVolumeState(/mnt/sdcard/external_sd): Unknown volume
07-11 14:27:03.328 I/PowerManagerService(  374): Waking up from sleep...
07-11 14:27:03.508 I/WindowManager(  374): Lock screen displayed!
07-11 14:27:05.914 D/PhoneStatusBar(  450): disable: < expand icons alerts ticker system_info BACK HOME recent* CLOCK search >
07-11 14:27:05.984 D/PhoneStatusBar(  450): disable: < expand icons alerts ticker system_info back* home* recent clock* search >
07-11 14:27:06.047 W/InputMethodManagerService(  374): Window already focused, ignoring focus gain of: com.android.internal.view.IInputMethodClient$Stub$Proxy@42a781a0 attribute=android.view.inputmethod.EditorInfo@42bd59f8, token = android.os.BinderProxy@42c77208
07-11 14:27:06.750 V/PanelView(  450): animationTick called with dtms=0; nothing to do (h=0.0 v=4000.0)
07-11 14:27:28.094 I/ActivityManager(  374): Start proc com.pekall.emdm:remote for service com.pekall.emdm/com.baidu.location.f: pid=2759 uid=10066 gids={50066, 1015, 3002, 3001, 3003, 1028}
07-11 14:27:28.726 D/ActivityThread( 2759): Loading provider com.pekall.semail.provider;com.pekall.semail.notifier: com.pekall.semail.provider.EmailProvider
07-11 14:27:28.726 D/ActivityThread( 2759): Loading provider com.pekall.semail.provider;com.pekall.semail.notifier: com.pekall.semail.provider.EmailProvider
07-11 14:27:29.656 W/ActivityManager(  374): Unable to start service Intent { cmp=com.pekall.emdm/com.pekall.semail.service.AttachmentDownloadService } U=0: not found
07-11 14:27:29.859 I/ActivityManager(  374): Process com.pekall.emdm:remote (pid 2759) has died.
07-11 14:27:33.164 W/MountService(  374): getVolumeState(/storage/emulated/0/external_sd): Unknown volume
07-11 14:27:33.164 W/MountService(  374): getVolumeState(/mnt/sdcard-ext): Unknown volume
07-11 14:27:33.164 W/MountService(  374): getVolumeState(/mnt/ext_sdcard): Unknown volume
07-11 14:27:33.164 W/MountService(  374): getVolumeState(/mnt/sdcard2): Unknown volume
07-11 14:27:33.164 W/MountService(  374): getVolumeState(/mnt/emmc): Unknown volume
07-11 14:27:33.172 W/MountService(  374): getVolumeState(/mnt/extSdCard): Unknown volume
07-11 14:27:33.179 W/MountService(  374): getVolumeState(/mnt/sdcard/SD_CARD): Unknown volume
07-11 14:27:33.179 W/MountService(  374): getVolumeState(/mnt/sdcard/extra_sd): Unknown volume
07-11 14:27:33.179 W/MountService(  374): getVolumeState(/mnt/extrasd_bind): Unknown volume
07-11 14:27:33.187 W/MountService(  374): getVolumeState(/mnt/sdcard/ext_sd): Unknown volume
07-11 14:27:33.187 W/MountService(  374): getVolumeState(/storage/extSdCard): Unknown volume
07-11 14:27:33.187 W/MountService(  374): getVolumeState(/storage/sdcard1): Unknown volume
07-11 14:27:33.187 W/MountService(  374): getVolumeState(/mnt/sdcard/external_SD): Unknown volume
07-11 14:27:33.187 W/MountService(  374): getVolumeState(/mnt/sdcard/external_sd): Unknown volume
07-11 14:27:33.508 W/MountService(  374): getVolumeState(/storage/emulated/0/external_sd): Unknown volume
07-11 14:27:33.508 W/MountService(  374): getVolumeState(/mnt/sdcard-ext): Unknown volume
07-11 14:27:33.515 W/MountService(  374): getVolumeState(/mnt/ext_sdcard): Unknown volume
07-11 14:27:33.515 W/MountService(  374): getVolumeState(/mnt/sdcard2): Unknown volume
07-11 14:27:33.515 W/MountService(  374): getVolumeState(/mnt/emmc): Unknown volume
07-11 14:27:33.515 W/MountService(  374): getVolumeState(/mnt/extSdCard): Unknown volume
07-11 14:27:33.515 W/MountService(  374): getVolumeState(/mnt/sdcard/SD_CARD): Unknown volume
07-11 14:27:33.515 W/MountService(  374): getVolumeState(/mnt/sdcard/extra_sd): Unknown volume
07-11 14:27:33.523 W/MountService(  374): getVolumeState(/mnt/extrasd_bind): Unknown volume
07-11 14:27:33.523 W/MountService(  374): getVolumeState(/mnt/sdcard/ext_sd): Unknown volume
07-11 14:27:33.531 W/MountService(  374): getVolumeState(/storage/extSdCard): Unknown volume
07-11 14:27:33.531 W/MountService(  374): getVolumeState(/storage/sdcard1): Unknown volume
07-11 14:27:33.531 W/MountService(  374): getVolumeState(/mnt/sdcard/external_SD): Unknown volume
07-11 14:27:33.539 W/MountService(  374): getVolumeState(/mnt/sdcard/external_sd): Unknown volume
07-11 14:27:36.844 I/PowerManagerService(  374): Going to sleep due to screen timeout...
07-11 14:27:37.367 I/PowerManagerService(  374): Waking up from sleep...
07-11 14:27:37.500 W/InputMethodManagerService(  374): Window already focused, ignoring focus gain of: com.android.internal.view.IInputMethodClient$Stub$Proxy@4285e488 attribute=android.view.inputmethod.EditorInfo@42c342c0, token = android.os.BinderProxy@42c77208
07-11 14:27:37.617 I/ActivityManager(  374): No longer want com.google.android.music:main (pid 30307): empty for 1800s
07-11 14:27:37.648 W/ActivityManager(  374): Scheduling restart of crashed service com.google.android.music/.playback.MusicPlaybackService in 5000ms
07-11 14:27:37.679 I/WindowManager(  374): No lock screen!
07-11 14:27:41.836 I/ActivityManager(  374): START u0 {cmp=com.pekall.emdm/.market.activity.AppDetailActivity (has extras)} from pid 3259
07-11 14:27:42.664 I/ActivityManager(  374): Start proc com.google.android.music:main for service com.google.android.music/.playback.MusicPlaybackService: pid=2873 uid=10041 gids={50041, 3003, 1015, 1028}
07-11 14:28:19.031 I/PowerManagerService(  374): Going to sleep due to screen timeout...
07-11 14:28:19.094 I/PowerManagerService(  374): Waking up from sleep...
07-11 14:28:19.906 I/WindowManager(  374): No lock screen!
07-11 14:28:29.922 W/ActivityManager(  374): Activity idle timeout for ActivityRecord{42584b98 u0 com.pekall.emdm/.market.activity.AppDetailActivity}
07-11 14:28:33.320 W/MountService(  374): getVolumeState(/storage/emulated/0/external_sd): Unknown volume
07-11 14:28:33.328 W/MountService(  374): getVolumeState(/mnt/sdcard-ext): Unknown volume
07-11 14:28:33.328 W/MountService(  374): getVolumeState(/mnt/ext_sdcard): Unknown volume
07-11 14:28:33.336 W/MountService(  374): getVolumeState(/mnt/sdcard2): Unknown volume
07-11 14:28:33.336 W/MountService(  374): getVolumeState(/mnt/emmc): Unknown volume
07-11 14:28:33.336 W/MountService(  374): getVolumeState(/mnt/extSdCard): Unknown volume
07-11 14:28:33.336 W/MountService(  374): getVolumeState(/mnt/sdcard/SD_CARD): Unknown volume
07-11 14:28:33.336 W/MountService(  374): getVolumeState(/mnt/sdcard/extra_sd): Unknown volume
07-11 14:28:33.344 W/MountService(  374): getVolumeState(/mnt/extrasd_bind): Unknown volume
07-11 14:28:33.344 W/MountService(  374): getVolumeState(/mnt/sdcard/ext_sd): Unknown volume
07-11 14:28:33.344 W/MountService(  374): getVolumeState(/storage/extSdCard): Unknown volume
07-11 14:28:33.344 W/MountService(  374): getVolumeState(/storage/sdcard1): Unknown volume
07-11 14:28:33.359 W/MountService(  374): getVolumeState(/mnt/sdcard/external_SD): Unknown volume
07-11 14:28:33.359 W/MountService(  374): getVolumeState(/mnt/sdcard/external_sd): Unknown volume
07-11 14:28:33.804 W/MountService(  374): getVolumeState(/storage/emulated/0/external_sd): Unknown volume
07-11 14:28:33.812 W/MountService(  374): getVolumeState(/mnt/sdcard-ext): Unknown volume
07-11 14:28:33.812 W/MountService(  374): getVolumeState(/mnt/ext_sdcard): Unknown volume
07-11 14:28:33.812 W/MountService(  374): getVolumeState(/mnt/sdcard2): Unknown volume
07-11 14:28:33.836 W/MountService(  374): getVolumeState(/mnt/emmc): Unknown volume
07-11 14:28:33.844 W/MountService(  374): getVolumeState(/mnt/extSdCard): Unknown volume
07-11 14:28:33.844 W/MountService(  374): getVolumeState(/mnt/sdcard/SD_CARD): Unknown volume
07-11 14:28:33.844 W/MountService(  374): getVolumeState(/mnt/sdcard/extra_sd): Unknown volume
07-11 14:28:33.844 W/MountService(  374): getVolumeState(/mnt/extrasd_bind): Unknown volume
07-11 14:28:33.844 W/MountService(  374): getVolumeState(/mnt/sdcard/ext_sd): Unknown volume
07-11 14:28:33.851 W/MountService(  374): getVolumeState(/storage/extSdCard): Unknown volume
07-11 14:28:33.851 W/MountService(  374): getVolumeState(/storage/sdcard1): Unknown volume
07-11 14:28:33.851 W/MountService(  374): getVolumeState(/mnt/sdcard/external_SD): Unknown volume
07-11 14:28:33.851 W/MountService(  374): getVolumeState(/mnt/sdcard/external_sd): Unknown volume
07-11 14:29:15.687 I/PowerManagerService(  374): Going to sleep due to screen timeout...
07-11 14:29:21.789 D/PhoneStatusBar(  450): disable: < expand icons alerts ticker system_info back home RECENT* clock search >
07-11 14:29:21.945 D/PhoneStatusBar(  450): disable: < expand icons alerts ticker system_info BACK* HOME* RECENT CLOCK* search >
07-11 14:29:33.445 W/MountService(  374): getVolumeState(/storage/emulated/0/external_sd): Unknown volume
07-11 14:29:33.445 W/MountService(  374): getVolumeState(/mnt/sdcard-ext): Unknown volume
07-11 14:29:33.445 W/MountService(  374): getVolumeState(/mnt/ext_sdcard): Unknown volume
07-11 14:29:33.453 W/MountService(  374): getVolumeState(/mnt/sdcard2): Unknown volume
07-11 14:29:33.453 W/MountService(  374): getVolumeState(/mnt/emmc): Unknown volume
07-11 14:29:33.453 W/MountService(  374): getVolumeState(/mnt/extSdCard): Unknown volume
07-11 14:29:33.453 W/MountService(  374): getVolumeState(/mnt/sdcard/SD_CARD): Unknown volume
07-11 14:29:33.453 W/MountService(  374): getVolumeState(/mnt/sdcard/extra_sd): Unknown volume
07-11 14:29:33.453 W/MountService(  374): getVolumeState(/mnt/extrasd_bind): Unknown volume
07-11 14:29:33.453 W/MountService(  374): getVolumeState(/mnt/sdcard/ext_sd): Unknown volume
07-11 14:29:33.453 W/MountService(  374): getVolumeState(/storage/extSdCard): Unknown volume
07-11 14:29:33.461 W/MountService(  374): getVolumeState(/storage/sdcard1): Unknown volume
07-11 14:29:33.461 W/MountService(  374): getVolumeState(/mnt/sdcard/external_SD): Unknown volume
07-11 14:29:33.461 W/MountService(  374): getVolumeState(/mnt/sdcard/external_sd): Unknown volume
07-11 14:29:33.687 W/MountService(  374): getVolumeState(/storage/emulated/0/external_sd): Unknown volume
07-11 14:29:33.687 W/MountService(  374): getVolumeState(/mnt/sdcard-ext): Unknown volume
07-11 14:29:33.687 W/MountService(  374): getVolumeState(/mnt/ext_sdcard): Unknown volume
07-11 14:29:33.687 W/MountService(  374): getVolumeState(/mnt/sdcard2): Unknown volume
07-11 14:29:33.687 W/MountService(  374): getVolumeState(/mnt/emmc): Unknown volume
07-11 14:29:33.687 W/MountService(  374): getVolumeState(/mnt/extSdCard): Unknown volume
07-11 14:29:33.695 W/MountService(  374): getVolumeState(/mnt/sdcard/SD_CARD): Unknown volume
07-11 14:29:33.695 W/MountService(  374): getVolumeState(/mnt/sdcard/extra_sd): Unknown volume
07-11 14:29:33.695 W/MountService(  374): getVolumeState(/mnt/extrasd_bind): Unknown volume
07-11 14:29:33.695 W/MountService(  374): getVolumeState(/mnt/sdcard/ext_sd): Unknown volume
07-11 14:29:33.695 W/MountService(  374): getVolumeState(/storage/extSdCard): Unknown volume
07-11 14:29:33.695 W/MountService(  374): getVolumeState(/storage/sdcard1): Unknown volume
07-11 14:29:33.695 W/MountService(  374): getVolumeState(/mnt/sdcard/external_SD): Unknown volume
07-11 14:29:33.703 W/MountService(  374): getVolumeState(/mnt/sdcard/external_sd): Unknown volume
07-11 14:29:49.211 I/PowerManagerService(  374): Waking up from sleep...
07-11 14:29:49.258 I/WindowManager(  374): Lock screen displayed!
07-11 14:29:50.297 D/PhoneStatusBar(  450): disable: < expand icons alerts ticker system_info BACK HOME recent* CLOCK search >
07-11 14:29:50.375 D/PhoneStatusBar(  450): disable: < expand icons alerts ticker system_info back* home* recent clock* search >
07-11 14:29:50.390 W/InputMethodManagerService(  374): Window already focused, ignoring focus gain of: com.android.internal.view.IInputMethodClient$Stub$Proxy@428555f0 attribute=android.view.inputmethod.EditorInfo@42c2f4e8, token = android.os.BinderProxy@42328ce0
07-11 14:29:51.570 V/PanelView(  450): animationTick called with dtms=0; nothing to do (h=1021.0 v=1593.8154)
07-11 14:29:51.570 V/PanelView(  450): animationTick called with dtms=-14; nothing to do (h=1021.0 v=1593.8154)
07-11 14:30:26.297 I/PowerManagerService(  374): Going to sleep due to screen timeout...
07-11 14:30:27.273 W/InputMethodManagerService(  374): Window already focused, ignoring focus gain of: com.android.internal.view.IInputMethodClient$Stub$Proxy@42c38e00 attribute=android.view.inputmethod.EditorInfo@426b0d08, token = android.os.BinderProxy@42328ce0
07-11 14:30:32.273 D/PhoneStatusBar(  450): disable: < expand icons alerts ticker system_info back home RECENT* clock search >
07-11 14:30:32.414 D/PhoneStatusBar(  450): disable: < expand icons alerts ticker system_info BACK* HOME* RECENT CLOCK* search >
07-11 14:30:33.609 W/MountService(  374): getVolumeState(/storage/emulated/0/external_sd): Unknown volume
07-11 14:30:33.609 W/MountService(  374): getVolumeState(/mnt/sdcard-ext): Unknown volume
07-11 14:30:33.609 W/MountService(  374): getVolumeState(/mnt/ext_sdcard): Unknown volume
07-11 14:30:33.609 W/MountService(  374): getVolumeState(/mnt/sdcard2): Unknown volume
07-11 14:30:33.609 W/MountService(  374): getVolumeState(/mnt/emmc): Unknown volume
07-11 14:30:33.609 W/MountService(  374): getVolumeState(/mnt/extSdCard): Unknown volume
07-11 14:30:33.609 W/MountService(  374): getVolumeState(/mnt/sdcard/SD_CARD): Unknown volume
07-11 14:30:33.617 W/MountService(  374): getVolumeState(/mnt/sdcard/extra_sd): Unknown volume
07-11 14:30:33.617 W/MountService(  374): getVolumeState(/mnt/extrasd_bind): Unknown volume
07-11 14:30:33.617 W/MountService(  374): getVolumeState(/mnt/sdcard/ext_sd): Unknown volume
07-11 14:30:33.617 W/MountService(  374): getVolumeState(/storage/extSdCard): Unknown volume
07-11 14:30:33.617 W/MountService(  374): getVolumeState(/storage/sdcard1): Unknown volume
07-11 14:30:33.625 W/MountService(  374): getVolumeState(/mnt/sdcard/external_SD): Unknown volume
07-11 14:30:33.625 W/MountService(  374): getVolumeState(/mnt/sdcard/external_sd): Unknown volume
07-11 14:30:33.883 W/MountService(  374): getVolumeState(/storage/emulated/0/external_sd): Unknown volume
07-11 14:30:33.890 W/MountService(  374): getVolumeState(/mnt/sdcard-ext): Unknown volume
07-11 14:30:33.890 W/MountService(  374): getVolumeState(/mnt/ext_sdcard): Unknown volume
07-11 14:30:33.890 W/MountService(  374): getVolumeState(/mnt/sdcard2): Unknown volume
07-11 14:30:33.890 W/MountService(  374): getVolumeState(/mnt/emmc): Unknown volume
07-11 14:30:33.890 W/MountService(  374): getVolumeState(/mnt/extSdCard): Unknown volume
07-11 14:30:33.890 W/MountService(  374): getVolumeState(/mnt/sdcard/SD_CARD): Unknown volume
07-11 14:30:33.890 W/MountService(  374): getVolumeState(/mnt/sdcard/extra_sd): Unknown volume
07-11 14:30:33.890 W/MountService(  374): getVolumeState(/mnt/extrasd_bind): Unknown volume
07-11 14:30:33.890 W/MountService(  374): getVolumeState(/mnt/sdcard/ext_sd): Unknown volume
07-11 14:30:33.890 W/MountService(  374): getVolumeState(/storage/extSdCard): Unknown volume
07-11 14:30:33.898 W/MountService(  374): getVolumeState(/storage/sdcard1): Unknown volume
07-11 14:30:33.898 W/MountService(  374): getVolumeState(/mnt/sdcard/external_SD): Unknown volume
07-11 14:30:33.898 W/MountService(  374): getVolumeState(/mnt/sdcard/external_sd): Unknown volume
07-11 14:31:33.726 W/MountService(  374): getVolumeState(/storage/emulated/0/external_sd): Unknown volume
07-11 14:31:33.726 W/MountService(  374): getVolumeState(/mnt/sdcard-ext): Unknown volume
07-11 14:31:33.726 W/MountService(  374): getVolumeState(/mnt/ext_sdcard): Unknown volume
07-11 14:31:33.726 W/MountService(  374): getVolumeState(/mnt/sdcard2): Unknown volume
07-11 14:31:33.726 W/MountService(  374): getVolumeState(/mnt/emmc): Unknown volume
07-11 14:31:33.726 W/MountService(  374): getVolumeState(/mnt/extSdCard): Unknown volume
07-11 14:31:33.726 W/MountService(  374): getVolumeState(/mnt/sdcard/SD_CARD): Unknown volume
07-11 14:31:33.734 W/MountService(  374): getVolumeState(/mnt/sdcard/extra_sd): Unknown volume
07-11 14:31:33.734 W/MountService(  374): getVolumeState(/mnt/extrasd_bind): Unknown volume
07-11 14:31:33.734 W/MountService(  374): getVolumeState(/mnt/sdcard/ext_sd): Unknown volume
07-11 14:31:33.734 W/MountService(  374): getVolumeState(/storage/extSdCard): Unknown volume
07-11 14:31:33.734 W/MountService(  374): getVolumeState(/storage/sdcard1): Unknown volume
07-11 14:31:33.734 W/MountService(  374): getVolumeState(/mnt/sdcard/external_SD): Unknown volume
07-11 14:31:33.742 W/MountService(  374): getVolumeState(/mnt/sdcard/external_sd): Unknown volume
07-11 14:31:34.031 W/MountService(  374): getVolumeState(/storage/emulated/0/external_sd): Unknown volume
07-11 14:31:34.039 W/MountService(  374): getVolumeState(/mnt/sdcard-ext): Unknown volume
07-11 14:31:34.039 W/MountService(  374): getVolumeState(/mnt/ext_sdcard): Unknown volume
07-11 14:31:34.047 W/MountService(  374): getVolumeState(/mnt/sdcard2): Unknown volume
07-11 14:31:34.047 W/MountService(  374): getVolumeState(/mnt/emmc): Unknown volume
07-11 14:31:34.054 W/MountService(  374): getVolumeState(/mnt/extSdCard): Unknown volume
07-11 14:31:34.054 W/MountService(  374): getVolumeState(/mnt/sdcard/SD_CARD): Unknown volume
07-11 14:31:34.054 W/MountService(  374): getVolumeState(/mnt/sdcard/extra_sd): Unknown volume
07-11 14:31:34.054 W/MountService(  374): getVolumeState(/mnt/extrasd_bind): Unknown volume
07-11 14:31:34.054 W/MountService(  374): getVolumeState(/mnt/sdcard/ext_sd): Unknown volume
07-11 14:31:34.054 W/MountService(  374): getVolumeState(/storage/extSdCard): Unknown volume
07-11 14:31:34.054 W/MountService(  374): getVolumeState(/storage/sdcard1): Unknown volume
07-11 14:31:34.054 W/MountService(  374): getVolumeState(/mnt/sdcard/external_SD): Unknown volume
07-11 14:31:34.062 W/MountService(  374): getVolumeState(/mnt/sdcard/external_sd): Unknown volume
07-11 14:32:33.984 W/MountService(  374): getVolumeState(/storage/emulated/0/external_sd): Unknown volume
07-11 14:32:33.984 W/MountService(  374): getVolumeState(/mnt/sdcard-ext): Unknown volume
07-11 14:32:33.992 W/MountService(  374): getVolumeState(/mnt/ext_sdcard): Unknown volume
07-11 14:32:33.992 W/MountService(  374): getVolumeState(/mnt/sdcard2): Unknown volume
07-11 14:32:33.992 W/MountService(  374): getVolumeState(/mnt/emmc): Unknown volume
07-11 14:32:33.992 W/MountService(  374): getVolumeState(/mnt/extSdCard): Unknown volume
07-11 14:32:33.992 W/MountService(  374): getVolumeState(/mnt/sdcard/SD_CARD): Unknown volume
07-11 14:32:33.992 W/MountService(  374): getVolumeState(/mnt/sdcard/extra_sd): Unknown volume
07-11 14:32:33.992 W/MountService(  374): getVolumeState(/mnt/extrasd_bind): Unknown volume
07-11 14:32:34.000 W/MountService(  374): getVolumeState(/mnt/sdcard/ext_sd): Unknown volume
07-11 14:32:34.000 W/MountService(  374): getVolumeState(/storage/extSdCard): Unknown volume
07-11 14:32:34.000 W/MountService(  374): getVolumeState(/storage/sdcard1): Unknown volume
07-11 14:32:34.000 W/MountService(  374): getVolumeState(/mnt/sdcard/external_SD): Unknown volume
07-11 14:32:34.000 W/MountService(  374): getVolumeState(/mnt/sdcard/external_sd): Unknown volume
07-11 14:32:34.234 W/MountService(  374): getVolumeState(/storage/emulated/0/external_sd): Unknown volume
07-11 14:32:34.234 W/MountService(  374): getVolumeState(/mnt/sdcard-ext): Unknown volume
07-11 14:32:34.242 W/MountService(  374): getVolumeState(/mnt/ext_sdcard): Unknown volume
07-11 14:32:34.242 W/MountService(  374): getVolumeState(/mnt/sdcard2): Unknown volume
07-11 14:32:34.242 W/MountService(  374): getVolumeState(/mnt/emmc): Unknown volume
07-11 14:32:34.242 W/MountService(  374): getVolumeState(/mnt/extSdCard): Unknown volume
07-11 14:32:34.242 W/MountService(  374): getVolumeState(/mnt/sdcard/SD_CARD): Unknown volume
07-11 14:32:34.242 W/MountService(  374): getVolumeState(/mnt/sdcard/extra_sd): Unknown volume
07-11 14:32:34.242 W/MountService(  374): getVolumeState(/mnt/extrasd_bind): Unknown volume
07-11 14:32:34.250 W/MountService(  374): getVolumeState(/mnt/sdcard/ext_sd): Unknown volume
07-11 14:32:34.250 W/MountService(  374): getVolumeState(/storage/extSdCard): Unknown volume
07-11 14:32:34.250 W/MountService(  374): getVolumeState(/storage/sdcard1): Unknown volume
07-11 14:32:34.250 W/MountService(  374): getVolumeState(/mnt/sdcard/external_SD): Unknown volume
07-11 14:32:34.250 W/MountService(  374): getVolumeState(/mnt/sdcard/external_sd): Unknown volume
07-11 14:33:34.179 W/MountService(  374): getVolumeState(/storage/emulated/0/external_sd): Unknown volume
07-11 14:33:34.179 W/MountService(  374): getVolumeState(/mnt/sdcard-ext): Unknown volume
07-11 14:33:34.179 W/MountService(  374): getVolumeState(/mnt/ext_sdcard): Unknown volume
07-11 14:33:34.179 W/MountService(  374): getVolumeState(/mnt/sdcard2): Unknown volume
07-11 14:33:34.179 W/MountService(  374): getVolumeState(/mnt/emmc): Unknown volume
07-11 14:33:34.179 W/MountService(  374): getVolumeState(/mnt/extSdCard): Unknown volume
07-11 14:33:34.187 W/MountService(  374): getVolumeState(/mnt/sdcard/SD_CARD): Unknown volume
07-11 14:33:34.187 W/MountService(  374): getVolumeState(/mnt/sdcard/extra_sd): Unknown volume
07-11 14:33:34.187 W/MountService(  374): getVolumeState(/mnt/extrasd_bind): Unknown volume
07-11 14:33:34.187 W/MountService(  374): getVolumeState(/mnt/sdcard/ext_sd): Unknown volume
07-11 14:33:34.187 W/MountService(  374): getVolumeState(/storage/extSdCard): Unknown volume
07-11 14:33:34.187 W/MountService(  374): getVolumeState(/storage/sdcard1): Unknown volume
07-11 14:33:34.195 W/MountService(  374): getVolumeState(/mnt/sdcard/external_SD): Unknown volume
07-11 14:33:34.195 W/MountService(  374): getVolumeState(/mnt/sdcard/external_sd): Unknown volume
07-11 14:33:34.429 W/MountService(  374): getVolumeState(/storage/emulated/0/external_sd): Unknown volume
07-11 14:33:34.429 W/MountService(  374): getVolumeState(/mnt/sdcard-ext): Unknown volume
07-11 14:33:34.429 W/MountService(  374): getVolumeState(/mnt/ext_sdcard): Unknown volume
07-11 14:33:34.429 W/MountService(  374): getVolumeState(/mnt/sdcard2): Unknown volume
07-11 14:33:34.429 W/MountService(  374): getVolumeState(/mnt/emmc): Unknown volume
07-11 14:33:34.429 W/MountService(  374): getVolumeState(/mnt/extSdCard): Unknown volume
07-11 14:33:34.429 W/MountService(  374): getVolumeState(/mnt/sdcard/SD_CARD): Unknown volume
07-11 14:33:34.429 W/MountService(  374): getVolumeState(/mnt/sdcard/extra_sd): Unknown volume
07-11 14:33:34.437 W/MountService(  374): getVolumeState(/mnt/extrasd_bind): Unknown volume
07-11 14:33:34.437 W/MountService(  374): getVolumeState(/mnt/sdcard/ext_sd): Unknown volume
07-11 14:33:34.437 W/MountService(  374): getVolumeState(/storage/extSdCard): Unknown volume
07-11 14:33:34.437 W/MountService(  374): getVolumeState(/storage/sdcard1): Unknown volume
07-11 14:33:34.437 W/MountService(  374): getVolumeState(/mnt/sdcard/external_SD): Unknown volume
07-11 14:33:34.437 W/MountService(  374): getVolumeState(/mnt/sdcard/external_sd): Unknown volume
07-11 14:34:34.476 W/MountService(  374): getVolumeState(/storage/emulated/0/external_sd): Unknown volume
07-11 14:34:34.476 W/MountService(  374): getVolumeState(/mnt/sdcard-ext): Unknown volume
07-11 14:34:34.476 W/MountService(  374): getVolumeState(/mnt/ext_sdcard): Unknown volume
07-11 14:34:34.476 W/MountService(  374): getVolumeState(/mnt/sdcard2): Unknown volume
07-11 14:34:34.476 W/MountService(  374): getVolumeState(/mnt/emmc): Unknown volume
07-11 14:34:34.476 W/MountService(  374): getVolumeState(/mnt/extSdCard): Unknown volume
07-11 14:34:34.484 W/MountService(  374): getVolumeState(/mnt/sdcard/SD_CARD): Unknown volume
07-11 14:34:34.484 W/MountService(  374): getVolumeState(/mnt/sdcard/extra_sd): Unknown volume
07-11 14:34:34.484 W/MountService(  374): getVolumeState(/mnt/extrasd_bind): Unknown volume
07-11 14:34:34.484 W/MountService(  374): getVolumeState(/mnt/sdcard/ext_sd): Unknown volume
07-11 14:34:34.484 W/MountService(  374): getVolumeState(/storage/extSdCard): Unknown volume
07-11 14:34:34.484 W/MountService(  374): getVolumeState(/storage/sdcard1): Unknown volume
07-11 14:34:34.484 W/MountService(  374): getVolumeState(/mnt/sdcard/external_SD): Unknown volume
07-11 14:34:34.484 W/MountService(  374): getVolumeState(/mnt/sdcard/external_sd): Unknown volume
07-11 14:34:34.695 W/MountService(  374): getVolumeState(/storage/emulated/0/external_sd): Unknown volume
07-11 14:34:34.695 W/MountService(  374): getVolumeState(/mnt/sdcard-ext): Unknown volume
07-11 14:34:34.703 W/MountService(  374): getVolumeState(/mnt/ext_sdcard): Unknown volume
07-11 14:34:34.703 W/MountService(  374): getVolumeState(/mnt/sdcard2): Unknown volume
07-11 14:34:34.703 W/MountService(  374): getVolumeState(/mnt/emmc): Unknown volume
07-11 14:34:34.703 W/MountService(  374): getVolumeState(/mnt/extSdCard): Unknown volume
07-11 14:34:34.703 W/MountService(  374): getVolumeState(/mnt/sdcard/SD_CARD): Unknown volume
07-11 14:34:34.703 W/MountService(  374): getVolumeState(/mnt/sdcard/extra_sd): Unknown volume
07-11 14:34:34.703 W/MountService(  374): getVolumeState(/mnt/extrasd_bind): Unknown volume
07-11 14:34:34.703 W/MountService(  374): getVolumeState(/mnt/sdcard/ext_sd): Unknown volume
07-11 14:34:34.703 W/MountService(  374): getVolumeState(/storage/extSdCard): Unknown volume
07-11 14:34:34.711 W/MountService(  374): getVolumeState(/storage/sdcard1): Unknown volume
07-11 14:34:34.711 W/MountService(  374): getVolumeState(/mnt/sdcard/external_SD): Unknown volume
07-11 14:34:34.711 W/MountService(  374): getVolumeState(/mnt/sdcard/external_sd): Unknown volume
07-11 14:35:34.687 W/MountService(  374): getVolumeState(/storage/emulated/0/external_sd): Unknown volume
07-11 14:35:34.695 W/MountService(  374): getVolumeState(/mnt/sdcard-ext): Unknown volume
07-11 14:35:34.695 W/MountService(  374): getVolumeState(/mnt/ext_sdcard): Unknown volume
07-11 14:35:34.695 W/MountService(  374): getVolumeState(/mnt/sdcard2): Unknown volume
07-11 14:35:34.695 W/MountService(  374): getVolumeState(/mnt/emmc): Unknown volume
07-11 14:35:34.695 W/MountService(  374): getVolumeState(/mnt/extSdCard): Unknown volume
07-11 14:35:34.695 W/MountService(  374): getVolumeState(/mnt/sdcard/SD_CARD): Unknown volume
07-11 14:35:34.695 W/MountService(  374): getVolumeState(/mnt/sdcard/extra_sd): Unknown volume
07-11 14:35:34.695 W/MountService(  374): getVolumeState(/mnt/extrasd_bind): Unknown volume
07-11 14:35:34.703 W/MountService(  374): getVolumeState(/mnt/sdcard/ext_sd): Unknown volume
07-11 14:35:34.703 W/MountService(  374): getVolumeState(/storage/extSdCard): Unknown volume
07-11 14:35:34.703 W/MountService(  374): getVolumeState(/storage/sdcard1): Unknown volume
07-11 14:35:34.703 W/MountService(  374): getVolumeState(/mnt/sdcard/external_SD): Unknown volume
07-11 14:35:34.703 W/MountService(  374): getVolumeState(/mnt/sdcard/external_sd): Unknown volume
07-11 14:35:34.937 W/MountService(  374): getVolumeState(/storage/emulated/0/external_sd): Unknown volume
07-11 14:35:34.945 W/MountService(  374): getVolumeState(/mnt/sdcard-ext): Unknown volume
07-11 14:35:34.945 W/MountService(  374): getVolumeState(/mnt/ext_sdcard): Unknown volume
07-11 14:35:34.945 W/MountService(  374): getVolumeState(/mnt/sdcard2): Unknown volume
07-11 14:35:34.945 W/MountService(  374): getVolumeState(/mnt/emmc): Unknown volume
07-11 14:35:34.945 W/MountService(  374): getVolumeState(/mnt/extSdCard): Unknown volume
07-11 14:35:34.945 W/MountService(  374): getVolumeState(/mnt/sdcard/SD_CARD): Unknown volume
07-11 14:35:34.945 W/MountService(  374): getVolumeState(/mnt/sdcard/extra_sd): Unknown volume
07-11 14:35:34.953 W/MountService(  374): getVolumeState(/mnt/extrasd_bind): Unknown volume
07-11 14:35:34.953 W/MountService(  374): getVolumeState(/mnt/sdcard/ext_sd): Unknown volume
07-11 14:35:34.953 W/MountService(  374): getVolumeState(/storage/extSdCard): Unknown volume
07-11 14:35:34.953 W/MountService(  374): getVolumeState(/storage/sdcard1): Unknown volume
07-11 14:35:34.953 W/MountService(  374): getVolumeState(/mnt/sdcard/external_SD): Unknown volume
07-11 14:35:34.953 W/MountService(  374): getVolumeState(/mnt/sdcard/external_sd): Unknown volume
07-11 14:36:34.883 W/MountService(  374): getVolumeState(/storage/emulated/0/external_sd): Unknown volume
07-11 14:36:34.883 W/MountService(  374): getVolumeState(/mnt/sdcard-ext): Unknown volume
07-11 14:36:34.883 W/MountService(  374): getVolumeState(/mnt/ext_sdcard): Unknown volume
07-11 14:36:34.890 W/MountService(  374): getVolumeState(/mnt/sdcard2): Unknown volume
07-11 14:36:34.890 W/MountService(  374): getVolumeState(/mnt/emmc): Unknown volume
07-11 14:36:34.890 W/MountService(  374): getVolumeState(/mnt/extSdCard): Unknown volume
07-11 14:36:34.890 W/MountService(  374): getVolumeState(/mnt/sdcard/SD_CARD): Unknown volume
07-11 14:36:34.890 W/MountService(  374): getVolumeState(/mnt/sdcard/extra_sd): Unknown volume
07-11 14:36:34.890 W/MountService(  374): getVolumeState(/mnt/extrasd_bind): Unknown volume
07-11 14:36:34.898 W/MountService(  374): getVolumeState(/mnt/sdcard/ext_sd): Unknown volume
07-11 14:36:34.898 W/MountService(  374): getVolumeState(/storage/extSdCard): Unknown volume
07-11 14:36:34.898 W/MountService(  374): getVolumeState(/storage/sdcard1): Unknown volume
07-11 14:36:34.898 W/MountService(  374): getVolumeState(/mnt/sdcard/external_SD): Unknown volume
07-11 14:36:34.898 W/MountService(  374): getVolumeState(/mnt/sdcard/external_sd): Unknown volume
07-11 14:36:35.117 W/MountService(  374): getVolumeState(/storage/emulated/0/external_sd): Unknown volume
07-11 14:36:35.117 W/MountService(  374): getVolumeState(/mnt/sdcard-ext): Unknown volume
07-11 14:36:35.117 W/MountService(  374): getVolumeState(/mnt/ext_sdcard): Unknown volume
07-11 14:36:35.117 W/MountService(  374): getVolumeState(/mnt/sdcard2): Unknown volume
07-11 14:36:35.117 W/MountService(  374): getVolumeState(/mnt/emmc): Unknown volume
07-11 14:36:35.117 W/MountService(  374): getVolumeState(/mnt/extSdCard): Unknown volume
07-11 14:36:35.125 W/MountService(  374): getVolumeState(/mnt/sdcard/SD_CARD): Unknown volume
07-11 14:36:35.125 W/MountService(  374): getVolumeState(/mnt/sdcard/extra_sd): Unknown volume
07-11 14:36:35.125 W/MountService(  374): getVolumeState(/mnt/extrasd_bind): Unknown volume
07-11 14:36:35.125 W/MountService(  374): getVolumeState(/mnt/sdcard/ext_sd): Unknown volume
07-11 14:36:35.125 W/MountService(  374): getVolumeState(/storage/extSdCard): Unknown volume
07-11 14:36:35.133 W/MountService(  374): getVolumeState(/storage/sdcard1): Unknown volume
07-11 14:36:35.133 W/MountService(  374): getVolumeState(/mnt/sdcard/external_SD): Unknown volume
07-11 14:36:35.133 W/MountService(  374): getVolumeState(/mnt/sdcard/external_sd): Unknown volume
07-11 14:37:35.000 W/MountService(  374): getVolumeState(/storage/emulated/0/external_sd): Unknown volume
07-11 14:37:35.008 W/MountService(  374): getVolumeState(/mnt/sdcard-ext): Unknown volume
07-11 14:37:35.031 W/MountService(  374): getVolumeState(/mnt/ext_sdcard): Unknown volume
07-11 14:37:35.031 W/MountService(  374): getVolumeState(/mnt/sdcard2): Unknown volume
07-11 14:37:35.031 W/MountService(  374): getVolumeState(/mnt/emmc): Unknown volume
07-11 14:37:35.031 W/MountService(  374): getVolumeState(/mnt/extSdCard): Unknown volume
07-11 14:37:35.031 W/MountService(  374): getVolumeState(/mnt/sdcard/SD_CARD): Unknown volume
07-11 14:37:35.031 W/MountService(  374): getVolumeState(/mnt/sdcard/extra_sd): Unknown volume
07-11 14:37:35.031 W/MountService(  374): getVolumeState(/mnt/extrasd_bind): Unknown volume
07-11 14:37:35.039 W/MountService(  374): getVolumeState(/mnt/sdcard/ext_sd): Unknown volume
07-11 14:37:35.039 W/MountService(  374): getVolumeState(/storage/extSdCard): Unknown volume
07-11 14:37:35.039 W/MountService(  374): getVolumeState(/storage/sdcard1): Unknown volume
07-11 14:37:35.039 W/MountService(  374): getVolumeState(/mnt/sdcard/external_SD): Unknown volume
07-11 14:37:35.039 W/MountService(  374): getVolumeState(/mnt/sdcard/external_sd): Unknown volume
07-11 14:37:35.242 W/MountService(  374): getVolumeState(/storage/emulated/0/external_sd): Unknown volume
07-11 14:37:35.242 W/MountService(  374): getVolumeState(/mnt/sdcard-ext): Unknown volume
07-11 14:37:35.242 W/MountService(  374): getVolumeState(/mnt/ext_sdcard): Unknown volume
07-11 14:37:35.242 W/MountService(  374): getVolumeState(/mnt/sdcard2): Unknown volume
07-11 14:37:35.242 W/MountService(  374): getVolumeState(/mnt/emmc): Unknown volume
07-11 14:37:35.242 W/MountService(  374): getVolumeState(/mnt/extSdCard): Unknown volume
07-11 14:37:35.242 W/MountService(  374): getVolumeState(/mnt/sdcard/SD_CARD): Unknown volume
07-11 14:37:35.242 W/MountService(  374): getVolumeState(/mnt/sdcard/extra_sd): Unknown volume
07-11 14:37:35.250 W/MountService(  374): getVolumeState(/mnt/extrasd_bind): Unknown volume
07-11 14:37:35.250 W/MountService(  374): getVolumeState(/mnt/sdcard/ext_sd): Unknown volume
07-11 14:37:35.250 W/MountService(  374): getVolumeState(/storage/extSdCard): Unknown volume
07-11 14:37:35.250 W/MountService(  374): getVolumeState(/storage/sdcard1): Unknown volume
07-11 14:37:35.250 W/MountService(  374): getVolumeState(/mnt/sdcard/external_SD): Unknown volume
07-11 14:37:35.258 W/MountService(  374): getVolumeState(/mnt/sdcard/external_sd): Unknown volume
07-11 14:38:35.289 W/MountService(  374): getVolumeState(/storage/emulated/0/external_sd): Unknown volume
07-11 14:38:35.289 W/MountService(  374): getVolumeState(/mnt/sdcard-ext): Unknown volume
07-11 14:38:35.289 W/MountService(  374): getVolumeState(/mnt/ext_sdcard): Unknown volume
07-11 14:38:35.297 W/MountService(  374): getVolumeState(/mnt/sdcard2): Unknown volume
07-11 14:38:35.297 W/MountService(  374): getVolumeState(/mnt/emmc): Unknown volume
07-11 14:38:35.320 W/MountService(  374): getVolumeState(/mnt/extSdCard): Unknown volume
07-11 14:38:35.320 W/MountService(  374): getVolumeState(/mnt/sdcard/SD_CARD): Unknown volume
07-11 14:38:35.320 W/MountService(  374): getVolumeState(/mnt/sdcard/extra_sd): Unknown volume
07-11 14:38:35.320 W/MountService(  374): getVolumeState(/mnt/extrasd_bind): Unknown volume
07-11 14:38:35.320 W/MountService(  374): getVolumeState(/mnt/sdcard/ext_sd): Unknown volume
07-11 14:38:35.320 W/MountService(  374): getVolumeState(/storage/extSdCard): Unknown volume
07-11 14:38:35.328 W/MountService(  374): getVolumeState(/storage/sdcard1): Unknown volume
07-11 14:38:35.328 W/MountService(  374): getVolumeState(/mnt/sdcard/external_SD): Unknown volume
07-11 14:38:35.328 W/MountService(  374): getVolumeState(/mnt/sdcard/external_sd): Unknown volume
07-11 14:38:35.664 W/MountService(  374): getVolumeState(/storage/emulated/0/external_sd): Unknown volume
07-11 14:38:35.664 W/MountService(  374): getVolumeState(/mnt/sdcard-ext): Unknown volume
07-11 14:38:35.664 W/MountService(  374): getVolumeState(/mnt/ext_sdcard): Unknown volume
07-11 14:38:35.664 W/MountService(  374): getVolumeState(/mnt/sdcard2): Unknown volume
07-11 14:38:35.664 W/MountService(  374): getVolumeState(/mnt/emmc): Unknown volume
07-11 14:38:35.664 W/MountService(  374): getVolumeState(/mnt/extSdCard): Unknown volume
07-11 14:38:35.664 W/MountService(  374): getVolumeState(/mnt/sdcard/SD_CARD): Unknown volume
07-11 14:38:35.672 W/MountService(  374): getVolumeState(/mnt/sdcard/extra_sd): Unknown volume
07-11 14:38:35.672 W/MountService(  374): getVolumeState(/mnt/extrasd_bind): Unknown volume
07-11 14:38:35.672 W/MountService(  374): getVolumeState(/mnt/sdcard/ext_sd): Unknown volume
07-11 14:38:35.672 W/MountService(  374): getVolumeState(/storage/extSdCard): Unknown volume
07-11 14:38:35.672 W/MountService(  374): getVolumeState(/storage/sdcard1): Unknown volume
07-11 14:38:35.672 W/MountService(  374): getVolumeState(/mnt/sdcard/external_SD): Unknown volume
07-11 14:38:35.672 W/MountService(  374): getVolumeState(/mnt/sdcard/external_sd): Unknown volume
07-11 14:39:14.289 I/PowerManagerService(  374): Waking up from sleep...
07-11 14:39:14.328 I/WindowManager(  374): Lock screen displayed!
07-11 14:39:15.390 D/PhoneStatusBar(  450): disable: < expand icons alerts ticker system_info BACK HOME recent* CLOCK search >
07-11 14:39:15.437 D/PhoneStatusBar(  450): disable: < expand icons alerts ticker system_info back* home* recent clock* search >
07-11 14:39:15.445 W/InputMethodManagerService(  374): Window already focused, ignoring focus gain of: com.android.internal.view.IInputMethodClient$Stub$Proxy@429b0520 attribute=null, token = android.os.BinderProxy@42328ce0
07-11 14:39:35.437 W/MountService(  374): getVolumeState(/storage/emulated/0/external_sd): Unknown volume
07-11 14:39:35.445 W/MountService(  374): getVolumeState(/mnt/sdcard-ext): Unknown volume
07-11 14:39:35.445 W/MountService(  374): getVolumeState(/mnt/ext_sdcard): Unknown volume
07-11 14:39:35.445 W/MountService(  374): getVolumeState(/mnt/sdcard2): Unknown volume
07-11 14:39:35.445 W/MountService(  374): getVolumeState(/mnt/emmc): Unknown volume
07-11 14:39:35.445 W/MountService(  374): getVolumeState(/mnt/extSdCard): Unknown volume
07-11 14:39:35.445 W/MountService(  374): getVolumeState(/mnt/sdcard/SD_CARD): Unknown volume
