07-11 15:23:41.883 W/MountService(  374): getVolumeState(/mnt/ext_sdcard): Unknown volume
07-11 15:23:41.883 W/MountService(  374): getVolumeState(/mnt/sdcard2): Unknown volume
07-11 15:23:41.883 W/MountService(  374): getVolumeState(/mnt/emmc): Unknown volume
07-11 15:23:41.883 W/MountService(  374): getVolumeState(/mnt/extSdCard): Unknown volume
07-11 15:23:41.883 W/MountService(  374): getVolumeState(/mnt/sdcard/SD_CARD): Unknown volume
07-11 15:23:41.890 W/MountService(  374): getVolumeState(/mnt/sdcard/extra_sd): Unknown volume
07-11 15:23:41.890 W/MountService(  374): getVolumeState(/mnt/extrasd_bind): Unknown volume
07-11 15:23:41.890 W/MountService(  374): getVolumeState(/mnt/sdcard/ext_sd): Unknown volume
07-11 15:23:41.890 W/MountService(  374): getVolumeState(/storage/extSdCard): Unknown volume
07-11 15:23:41.890 W/MountService(  374): getVolumeState(/storage/sdcard1): Unknown volume
07-11 15:23:41.906 W/MountService(  374): getVolumeState(/mnt/sdcard/external_SD): Unknown volume
07-11 15:23:41.906 W/MountService(  374): getVolumeState(/mnt/sdcard/external_sd): Unknown volume
07-11 15:23:42.187 W/MountService(  374): getVolumeState(/storage/emulated/0/external_sd): Unknown volume
07-11 15:23:42.187 W/MountService(  374): getVolumeState(/mnt/sdcard-ext): Unknown volume
07-11 15:23:42.187 W/MountService(  374): getVolumeState(/mnt/ext_sdcard): Unknown volume
07-11 15:23:42.187 W/MountService(  374): getVolumeState(/mnt/sdcard2): Unknown volume
07-11 15:23:42.187 W/MountService(  374): getVolumeState(/mnt/emmc): Unknown volume
07-11 15:23:42.187 W/MountService(  374): getVolumeState(/mnt/extSdCard): Unknown volume
07-11 15:23:42.195 W/MountService(  374): getVolumeState(/mnt/sdcard/SD_CARD): Unknown volume
07-11 15:23:42.195 W/MountService(  374): getVolumeState(/mnt/sdcard/extra_sd): Unknown volume
07-11 15:23:42.195 W/MountService(  374): getVolumeState(/mnt/extrasd_bind): Unknown volume
07-11 15:23:42.195 W/MountService(  374): getVolumeState(/mnt/sdcard/ext_sd): Unknown volume
07-11 15:23:42.195 W/MountService(  374): getVolumeState(/storage/extSdCard): Unknown volume
07-11 15:23:42.195 W/MountService(  374): getVolumeState(/storage/sdcard1): Unknown volume
07-11 15:23:42.195 W/MountService(  374): getVolumeState(/mnt/sdcard/external_SD): Unknown volume
07-11 15:23:42.203 W/MountService(  374): getVolumeState(/mnt/sdcard/external_sd): Unknown volume
07-11 15:23:43.594 W/ProcessStats(  374): Skipping unknown process pid 15666
07-11 15:23:44.539 I/ActivityManager(  374): START u0 {act=android.intent.action.MAIN cat=[android.intent.category.LAUNCHER] flg=0x10200000 cmp=com.pekall.emdm/.ui.SplashActivity} from pid 605
07-11 15:23:45.320 I/ActivityManager(  374): No longer want com.android.musicfx (pid 8718): empty #17
07-11 15:23:47.625 I/ActivityManager(  374): START u0 {cmp=com.pekall.emdm/.market.activity.AppListActivity} from pid 3259
07-11 15:24:17.515 I/PowerManagerService(  374): Going to sleep due to screen timeout...
07-11 15:24:23.437 D/PhoneStatusBar(  450): disable: < expand icons alerts ticker system_info back home RECENT* clock search >
07-11 15:24:23.586 D/PhoneStatusBar(  450): disable: < expand icons alerts ticker system_info BACK* HOME* RECENT CLOCK* search >
07-11 15:24:41.992 W/MountService(  374): getVolumeState(/storage/emulated/0/external_sd): Unknown volume
07-11 15:24:41.992 W/MountService(  374): getVolumeState(/mnt/sdcard-ext): Unknown volume
07-11 15:24:41.992 W/MountService(  374): getVolumeState(/mnt/ext_sdcard): Unknown volume
07-11 15:24:41.992 W/MountService(  374): getVolumeState(/mnt/sdcard2): Unknown volume
07-11 15:24:41.992 W/MountService(  374): getVolumeState(/mnt/emmc): Unknown volume
07-11 15:24:41.992 W/MountService(  374): getVolumeState(/mnt/extSdCard): Unknown volume
07-11 15:24:41.992 W/MountService(  374): getVolumeState(/mnt/sdcard/SD_CARD): Unknown volume
07-11 15:24:41.992 W/MountService(  374): getVolumeState(/mnt/sdcard/extra_sd): Unknown volume
07-11 15:24:42.000 W/MountService(  374): getVolumeState(/mnt/extrasd_bind): Unknown volume
07-11 15:24:42.000 W/MountService(  374): getVolumeState(/mnt/sdcard/ext_sd): Unknown volume
07-11 15:24:42.000 W/MountService(  374): getVolumeState(/storage/extSdCard): Unknown volume
07-11 15:24:42.000 W/MountService(  374): getVolumeState(/storage/sdcard1): Unknown volume
07-11 15:24:42.000 W/MountService(  374): getVolumeState(/mnt/sdcard/external_SD): Unknown volume
07-11 15:24:42.000 W/MountService(  374): getVolumeState(/mnt/sdcard/external_sd): Unknown volume
07-11 15:24:42.297 W/MountService(  374): getVolumeState(/storage/emulated/0/external_sd): Unknown volume
07-11 15:24:42.297 W/MountService(  374): getVolumeState(/mnt/sdcard-ext): Unknown volume
07-11 15:24:42.297 W/MountService(  374): getVolumeState(/mnt/ext_sdcard): Unknown volume
07-11 15:24:42.297 W/MountService(  374): getVolumeState(/mnt/sdcard2): Unknown volume
07-11 15:24:42.297 W/MountService(  374): getVolumeState(/mnt/emmc): Unknown volume
07-11 15:24:42.297 W/MountService(  374): getVolumeState(/mnt/extSdCard): Unknown volume
07-11 15:24:42.297 W/MountService(  374): getVolumeState(/mnt/sdcard/SD_CARD): Unknown volume
07-11 15:24:42.297 W/MountService(  374): getVolumeState(/mnt/sdcard/extra_sd): Unknown volume
07-11 15:24:42.304 W/MountService(  374): getVolumeState(/mnt/extrasd_bind): Unknown volume
07-11 15:24:42.304 W/MountService(  374): getVolumeState(/mnt/sdcard/ext_sd): Unknown volume
07-11 15:24:42.304 W/MountService(  374): getVolumeState(/storage/extSdCard): Unknown volume
07-11 15:24:42.304 W/MountService(  374): getVolumeState(/storage/sdcard1): Unknown volume
07-11 15:24:42.304 W/MountService(  374): getVolumeState(/mnt/sdcard/external_SD): Unknown volume
07-11 15:24:42.304 W/MountService(  374): getVolumeState(/mnt/sdcard/external_sd): Unknown volume
07-11 15:25:42.148 W/MountService(  374): getVolumeState(/storage/emulated/0/external_sd): Unknown volume
07-11 15:25:42.148 W/MountService(  374): getVolumeState(/mnt/sdcard-ext): Unknown volume
07-11 15:25:42.148 W/MountService(  374): getVolumeState(/mnt/ext_sdcard): Unknown volume
07-11 15:25:42.164 W/MountService(  374): getVolumeState(/mnt/sdcard2): Unknown volume
07-11 15:25:42.172 W/MountService(  374): getVolumeState(/mnt/emmc): Unknown volume
07-11 15:25:42.172 W/MountService(  374): getVolumeState(/mnt/extSdCard): Unknown volume
07-11 15:25:42.172 W/MountService(  374): getVolumeState(/mnt/sdcard/SD_CARD): Unknown volume
07-11 15:25:42.172 W/MountService(  374): getVolumeState(/mnt/sdcard/extra_sd): Unknown volume
07-11 15:25:42.172 W/MountService(  374): getVolumeState(/mnt/extrasd_bind): Unknown volume
07-11 15:25:42.172 W/MountService(  374): getVolumeState(/mnt/sdcard/ext_sd): Unknown volume
07-11 15:25:42.172 W/MountService(  374): getVolumeState(/storage/extSdCard): Unknown volume
07-11 15:25:42.172 W/MountService(  374): getVolumeState(/storage/sdcard1): Unknown volume
07-11 15:25:42.172 W/MountService(  374): getVolumeState(/mnt/sdcard/external_SD): Unknown volume
07-11 15:25:42.172 W/MountService(  374): getVolumeState(/mnt/sdcard/external_sd): Unknown volume
07-11 15:25:42.422 W/MountService(  374): getVolumeState(/storage/emulated/0/external_sd): Unknown volume
07-11 15:25:42.422 W/MountService(  374): getVolumeState(/mnt/sdcard-ext): Unknown volume
07-11 15:25:42.422 W/MountService(  374): getVolumeState(/mnt/ext_sdcard): Unknown volume
07-11 15:25:42.422 W/MountService(  374): getVolumeState(/mnt/sdcard2): Unknown volume
07-11 15:25:42.422 W/MountService(  374): getVolumeState(/mnt/emmc): Unknown volume
07-11 15:25:42.429 W/MountService(  374): getVolumeState(/mnt/extSdCard): Unknown volume
07-11 15:25:42.429 W/MountService(  374): getVolumeState(/mnt/sdcard/SD_CARD): Unknown volume
07-11 15:25:42.429 W/MountService(  374): getVolumeState(/mnt/sdcard/extra_sd): Unknown volume
07-11 15:25:42.429 W/MountService(  374): getVolumeState(/mnt/extrasd_bind): Unknown volume
07-11 15:25:42.429 W/MountService(  374): getVolumeState(/mnt/sdcard/ext_sd): Unknown volume
07-11 15:25:42.429 W/MountService(  374): getVolumeState(/storage/extSdCard): Unknown volume
07-11 15:25:42.429 W/MountService(  374): getVolumeState(/storage/sdcard1): Unknown volume
07-11 15:25:42.429 W/MountService(  374): getVolumeState(/mnt/sdcard/external_SD): Unknown volume
07-11 15:25:42.437 W/MountService(  374): getVolumeState(/mnt/sdcard/external_sd): Unknown volume
07-11 15:26:42.344 W/MountService(  374): getVolumeState(/storage/emulated/0/external_sd): Unknown volume
07-11 15:26:42.344 W/MountService(  374): getVolumeState(/mnt/sdcard-ext): Unknown volume
07-11 15:26:42.344 W/MountService(  374): getVolumeState(/mnt/ext_sdcard): Unknown volume
07-11 15:26:42.344 W/MountService(  374): getVolumeState(/mnt/sdcard2): Unknown volume
07-11 15:26:42.344 W/MountService(  374): getVolumeState(/mnt/emmc): Unknown volume
07-11 15:26:42.344 W/MountService(  374): getVolumeState(/mnt/extSdCard): Unknown volume
07-11 15:26:42.344 W/MountService(  374): getVolumeState(/mnt/sdcard/SD_CARD): Unknown volume
07-11 15:26:42.344 W/MountService(  374): getVolumeState(/mnt/sdcard/extra_sd): Unknown volume
07-11 15:26:42.351 W/MountService(  374): getVolumeState(/mnt/extrasd_bind): Unknown volume
07-11 15:26:42.351 W/MountService(  374): getVolumeState(/mnt/sdcard/ext_sd): Unknown volume
07-11 15:26:42.351 W/MountService(  374): getVolumeState(/storage/extSdCard): Unknown volume
07-11 15:26:42.351 W/MountService(  374): getVolumeState(/storage/sdcard1): Unknown volume
07-11 15:26:42.351 W/MountService(  374): getVolumeState(/mnt/sdcard/external_SD): Unknown volume
07-11 15:26:42.351 W/MountService(  374): getVolumeState(/mnt/sdcard/external_sd): Unknown volume
07-11 15:26:42.586 W/MountService(  374): getVolumeState(/storage/emulated/0/external_sd): Unknown volume
07-11 15:26:42.586 W/MountService(  374): getVolumeState(/mnt/sdcard-ext): Unknown volume
07-11 15:26:42.586 W/MountService(  374): getVolumeState(/mnt/ext_sdcard): Unknown volume
07-11 15:26:42.594 W/MountService(  374): getVolumeState(/mnt/sdcard2): Unknown volume
07-11 15:26:42.594 W/MountService(  374): getVolumeState(/mnt/emmc): Unknown volume
07-11 15:26:42.594 W/MountService(  374): getVolumeState(/mnt/extSdCard): Unknown volume
07-11 15:26:42.594 W/MountService(  374): getVolumeState(/mnt/sdcard/SD_CARD): Unknown volume
07-11 15:26:42.594 W/MountService(  374): getVolumeState(/mnt/sdcard/extra_sd): Unknown volume
07-11 15:26:42.601 W/MountService(  374): getVolumeState(/mnt/extrasd_bind): Unknown volume
07-11 15:26:42.601 W/MountService(  374): getVolumeState(/mnt/sdcard/ext_sd): Unknown volume
07-11 15:26:42.609 W/MountService(  374): getVolumeState(/storage/extSdCard): Unknown volume
07-11 15:26:42.609 W/MountService(  374): getVolumeState(/storage/sdcard1): Unknown volume
07-11 15:26:42.609 W/MountService(  374): getVolumeState(/mnt/sdcard/external_SD): Unknown volume
07-11 15:26:42.609 W/MountService(  374): getVolumeState(/mnt/sdcard/external_sd): Unknown volume
07-11 15:27:05.867 I/ActivityManager(  374): No longer want com.google.android.apps.maps:GoogleLocationService (pid 5296): empty for 2606s
07-11 15:27:05.890 W/ActivityManager(  374): Scheduling restart of crashed service com.google.android.apps.maps/com.google.android.location.internal.server.GoogleLocationService in 5000ms
07-11 15:27:10.922 I/ActivityManager(  374): Start proc com.google.android.apps.maps:GoogleLocationService for service com.google.android.apps.maps/com.google.android.location.internal.server.GoogleLocationService: pid=16114 uid=10038 gids={50038, 3003, 1015, 1028}
07-11 15:27:12.008 I/ActivityManager(  374): Start proc com.google.android.apps.maps:FriendService for broadcast com.google.android.apps.maps/com.google.googlenav.friend.android.ServiceReceiver: pid=16135 uid=10038 gids={50038, 3003, 1015, 1028}
07-11 15:27:12.133 W/ActivityManager(  374): Permission denied: checkComponentPermission() owningUid=10009
07-11 15:27:12.133 W/BroadcastQueue(  374): Permission Denial: broadcasting Intent { act=com.google.android.location.internal.server.ACTION_RESTARTED flg=0x10 } from com.google.android.apps.maps (pid=16114, uid=10038) is not exported from uid 10009 due to receiver com.google.android.gms/com.google.android.location.reporting.service.ExternalChangeReceiver
07-11 15:27:12.140 I/ActivityManager(  374): No longer want com.google.android.apps.plus (pid 14924): empty #17
07-11 15:27:12.156 I/ActivityManager(  374): Start proc com.google.android.apps.maps:LocationFriendService for broadcast com.google.android.apps.maps/com.google.googlenav.friend.reporting.LocationReportingIntentReceiver: pid=16147 uid=10038 gids={50038, 3003, 1015, 1028}
07-11 15:27:12.328 I/ActivityManager(  374): No longer want android.process.media (pid 6650): empty #17
07-11 15:27:12.344 W/ActivityManager(  374): Scheduling restart of crashed service com.android.providers.media/.MtpService in 5000ms
07-11 15:27:17.367 I/ActivityManager(  374): Start proc android.process.media for service com.android.providers.media/.MtpService: pid=16175 uid=10015 gids={50015, 1015, 1023, 1024, 1028, 2001, 3003, 3007}
07-11 15:27:42.539 W/MountService(  374): getVolumeState(/storage/emulated/0/external_sd): Unknown volume
07-11 15:27:42.547 W/MountService(  374): getVolumeState(/mnt/sdcard-ext): Unknown volume
07-11 15:27:42.547 W/MountService(  374): getVolumeState(/mnt/ext_sdcard): Unknown volume
07-11 15:27:42.547 W/MountService(  374): getVolumeState(/mnt/sdcard2): Unknown volume
07-11 15:27:42.547 W/MountService(  374): getVolumeState(/mnt/emmc): Unknown volume
07-11 15:27:42.554 W/MountService(  374): getVolumeState(/mnt/extSdCard): Unknown volume
07-11 15:27:42.554 W/MountService(  374): getVolumeState(/mnt/sdcard/SD_CARD): Unknown volume
07-11 15:27:42.554 W/MountService(  374): getVolumeState(/mnt/sdcard/extra_sd): Unknown volume
07-11 15:27:42.554 W/MountService(  374): getVolumeState(/mnt/extrasd_bind): Unknown volume
07-11 15:27:42.554 W/MountService(  374): getVolumeState(/mnt/sdcard/ext_sd): Unknown volume
07-11 15:27:42.554 W/MountService(  374): getVolumeState(/storage/extSdCard): Unknown volume
07-11 15:27:42.554 W/MountService(  374): getVolumeState(/storage/sdcard1): Unknown volume
07-11 15:27:42.554 W/MountService(  374): getVolumeState(/mnt/sdcard/external_SD): Unknown volume
07-11 15:27:42.562 W/MountService(  374): getVolumeState(/mnt/sdcard/external_sd): Unknown volume
07-11 15:27:42.851 W/MountService(  374): getVolumeState(/storage/emulated/0/external_sd): Unknown volume
07-11 15:27:42.851 W/MountService(  374): getVolumeState(/mnt/sdcard-ext): Unknown volume
07-11 15:27:42.851 W/MountService(  374): getVolumeState(/mnt/ext_sdcard): Unknown volume
07-11 15:27:42.851 W/MountService(  374): getVolumeState(/mnt/sdcard2): Unknown volume
07-11 15:27:42.851 W/MountService(  374): getVolumeState(/mnt/emmc): Unknown volume
07-11 15:27:42.851 W/MountService(  374): getVolumeState(/mnt/extSdCard): Unknown volume
07-11 15:27:42.851 W/MountService(  374): getVolumeState(/mnt/sdcard/SD_CARD): Unknown volume
07-11 15:27:42.859 W/MountService(  374): getVolumeState(/mnt/sdcard/extra_sd): Unknown volume
07-11 15:27:42.859 W/MountService(  374): getVolumeState(/mnt/extrasd_bind): Unknown volume
07-11 15:27:42.859 W/MountService(  374): getVolumeState(/mnt/sdcard/ext_sd): Unknown volume
07-11 15:27:42.859 W/MountService(  374): getVolumeState(/storage/extSdCard): Unknown volume
07-11 15:27:42.859 W/MountService(  374): getVolumeState(/storage/sdcard1): Unknown volume
07-11 15:27:42.859 W/MountService(  374): getVolumeState(/mnt/sdcard/external_SD): Unknown volume
07-11 15:27:42.859 W/MountService(  374): getVolumeState(/mnt/sdcard/external_sd): Unknown volume
07-11 15:27:48.422 I/PowerManagerService(  374): Waking up from sleep...
07-11 15:27:48.461 I/WindowManager(  374): Lock screen displayed!
07-11 15:27:49.156 I/ActivityManager(  374): No longer want com.google.android.music:main (pid 11304): empty #17
07-11 15:27:49.492 W/ActivityManager(  374): Scheduling restart of crashed service com.google.android.music/.playback.MusicPlaybackService in 5000ms
07-11 15:27:49.734 D/PhoneStatusBar(  450): disable: < expand icons alerts ticker system_info BACK HOME recent* CLOCK search >
07-11 15:27:49.820 W/InputMethodManagerService(  374): Window already focused, ignoring focus gain of: com.android.internal.view.IInputMethodClient$Stub$Proxy@427de418 attribute=android.view.inputmethod.EditorInfo@427f8ad8, token = android.os.BinderProxy@42348cb8
07-11 15:27:49.820 D/PhoneStatusBar(  450): disable: < expand icons alerts ticker system_info back* home* recent clock* search >
07-11 15:27:54.515 I/ActivityManager(  374): Start proc com.google.android.music:main for service com.google.android.music/.playback.MusicPlaybackService: pid=16314 uid=10041 gids={50041, 3003, 1015, 1028}
07-11 15:28:19.719 I/PowerManagerService(  374): Going to sleep due to screen timeout...
07-11 15:28:25.695 D/PhoneStatusBar(  450): disable: < expand icons alerts ticker system_info back home RECENT* clock search >
07-11 15:28:25.851 D/PhoneStatusBar(  450): disable: < expand icons alerts ticker system_info BACK* HOME* RECENT CLOCK* search >
07-11 15:28:26.906 I/PowerManagerService(  374): Waking up from sleep...
07-11 15:28:26.953 I/WindowManager(  374): Lock screen displayed!
07-11 15:28:28.445 D/PhoneStatusBar(  450): disable: < expand icons alerts ticker system_info BACK HOME recent* CLOCK search >
07-11 15:28:28.508 D/PhoneStatusBar(  450): disable: < expand icons alerts ticker system_info back* home* recent clock* search >
07-11 15:28:28.640 W/InputMethodManagerService(  374): Window already focused, ignoring focus gain of: com.android.internal.view.IInputMethodClient$Stub$Proxy@4264beb0 attribute=android.view.inputmethod.EditorInfo@429d26a0, token = android.os.BinderProxy@42348cb8
07-11 15:28:42.633 W/MountService(  374): getVolumeState(/storage/emulated/0/external_sd): Unknown volume
07-11 15:28:42.633 W/MountService(  374): getVolumeState(/mnt/sdcard-ext): Unknown volume
07-11 15:28:42.633 W/MountService(  374): getVolumeState(/mnt/ext_sdcard): Unknown volume
07-11 15:28:42.633 W/MountService(  374): getVolumeState(/mnt/sdcard2): Unknown volume
07-11 15:28:42.633 W/MountService(  374): getVolumeState(/mnt/emmc): Unknown volume
07-11 15:28:42.633 W/MountService(  374): getVolumeState(/mnt/extSdCard): Unknown volume
07-11 15:28:42.633 W/MountService(  374): getVolumeState(/mnt/sdcard/SD_CARD): Unknown volume
07-11 15:28:42.633 W/MountService(  374): getVolumeState(/mnt/sdcard/extra_sd): Unknown volume
07-11 15:28:42.640 W/MountService(  374): getVolumeState(/mnt/extrasd_bind): Unknown volume
07-11 15:28:42.640 W/MountService(  374): getVolumeState(/mnt/sdcard/ext_sd): Unknown volume
07-11 15:28:42.640 W/MountService(  374): getVolumeState(/storage/extSdCard): Unknown volume
07-11 15:28:42.640 W/MountService(  374): getVolumeState(/storage/sdcard1): Unknown volume
07-11 15:28:42.640 W/MountService(  374): getVolumeState(/mnt/sdcard/external_SD): Unknown volume
07-11 15:28:42.648 W/MountService(  374): getVolumeState(/mnt/sdcard/external_sd): Unknown volume
07-11 15:28:42.929 W/MountService(  374): getVolumeState(/storage/emulated/0/external_sd): Unknown volume
07-11 15:28:42.937 W/MountService(  374): getVolumeState(/mnt/sdcard-ext): Unknown volume
07-11 15:28:42.937 W/MountService(  374): getVolumeState(/mnt/ext_sdcard): Unknown volume
07-11 15:28:42.937 W/MountService(  374): getVolumeState(/mnt/sdcard2): Unknown volume
07-11 15:28:42.937 W/MountService(  374): getVolumeState(/mnt/emmc): Unknown volume
07-11 15:28:42.937 W/MountService(  374): getVolumeState(/mnt/extSdCard): Unknown volume
07-11 15:28:42.937 W/MountService(  374): getVolumeState(/mnt/sdcard/SD_CARD): Unknown volume
07-11 15:28:42.945 W/MountService(  374): getVolumeState(/mnt/sdcard/extra_sd): Unknown volume
07-11 15:28:42.945 W/MountService(  374): getVolumeState(/mnt/extrasd_bind): Unknown volume
07-11 15:28:42.945 W/MountService(  374): getVolumeState(/mnt/sdcard/ext_sd): Unknown volume
07-11 15:28:42.945 W/MountService(  374): getVolumeState(/storage/extSdCard): Unknown volume
07-11 15:28:42.945 W/MountService(  374): getVolumeState(/storage/sdcard1): Unknown volume
07-11 15:28:42.945 W/MountService(  374): getVolumeState(/mnt/sdcard/external_SD): Unknown volume
07-11 15:28:42.945 W/MountService(  374): getVolumeState(/mnt/sdcard/external_sd): Unknown volume
07-11 15:29:21.531 I/ActivityManager(  374): START u0 {act=android.intent.action.VIEW dat=file:///storage/emulated/0/MDM/download/bygamebinumbers.apk typ=application/vnd.android.package-archive flg=0x10000000 cmp=com.android.packageinstaller/.PackageInstallerActivity} from pid 3259
07-11 15:29:21.601 I/ActivityManager(  374): Start proc com.android.packageinstaller for activity com.android.packageinstaller/.PackageInstallerActivity: pid=16575 uid=10045 gids={50045, 1028}
07-11 15:29:25.086 I/ActivityManager(  374): START u0 {dat=file:///storage/emulated/0/MDM/download/bygamebinumbers.apk cmp=com.android.packageinstaller/.InstallAppProgress (has extras)} from pid 16575
07-11 15:29:25.601 W/ActivityManager(  374): No content provider found for permission revoke: file:///storage/emulated/0/MDM/download/bygamebinumbers.apk
07-11 15:29:25.804 I/ActivityManager(  374): Process android.process.acore (pid 15285) has died.
07-11 15:29:35.648 I/PackageManager(  374): Verification timed out for file:///storage/emulated/0/MDM/download/bygamebinumbers.apk
07-11 15:29:35.648 I/PackageManager(  374): Continuing with installation of file:///storage/emulated/0/MDM/download/bygamebinumbers.apk
07-11 15:29:35.726 W/ActivityManager(  374): No content provider found for permission revoke: file:///storage/emulated/0/MDM/download/bygamebinumbers.apk
07-11 15:29:35.726 I/PackageManager(  374): Copying native libraries to /data/app-lib/vmdl-1890458194
07-11 15:29:37.054 I/ActivityManager(  374): Process com.google.android.gms (pid 14942) has died.
07-11 15:29:38.531 I/ActivityManager(  374): Force stopping package by.game.binumbers appid=10083 user=-1
07-11 15:29:38.703 W/PackageManager(  374): Not granting permission android.permission.ACCESS_DOWNLOAD_MANAGER to package by.game.binumbers (protectionLevel=18 flags=0x8be44)
07-11 15:29:39.195 I/ActivityManager(  374): Start proc com.qihoo360.mobilesafe for service com.qihoo360.mobilesafe/.service.GuardDelegateService: pid=16631 uid=10072 gids={50072, 3003, 1015, 3001, 3002, 1006, 1028}
07-11 15:29:39.250 D/BackupManagerService(  374): Received broadcast Intent { act=android.intent.action.PACKAGE_ADDED dat=package:by.game.binumbers flg=0x8000010 (has extras) }
07-11 15:29:39.258 V/BackupManagerService(  374): addPackageParticipantsLocked: #1
07-11 15:29:39.273 I/ActivityManager(  374): Start proc com.qihoo360.mobilesafe:scan for service com.qihoo360.mobilesafe/com.qihoo.security.services.DeepScanService: pid=16642 uid=10072 gids={50072, 3003, 1015, 3001, 3002, 1006, 1028}
07-11 15:29:39.687 I/ActivityManager(  374): Process com.google.android.googlequicksearchbox (pid 14969) has died.
07-11 15:29:39.953 I/ActivityManager(  374): Start proc android.process.acore for broadcast com.android.providers.contacts/.PackageIntentReceiver: pid=16670 uid=10000 gids={50000, 3003, 1015, 1028}
07-11 15:29:39.976 I/ActivityManager(  374): Start proc com.qihoo360.mobilesafe:engine for service com.qihoo360.mobilesafe/com.qihoo.security.services.ScanEngineService: pid=16676 uid=10072 gids={50072, 3003, 1015, 3001, 3002, 1006, 1028}
07-11 15:29:39.976 I/ActivityManager(  374): Process com.google.android.apps.maps:FriendService (pid 16135) has died.
07-11 15:29:40.133 W/MountService(  374): getVolumeState(/storage/emulated/0/external_sd): Unknown volume
07-11 15:29:40.140 W/MountService(  374): getVolumeState(/mnt/sdcard-ext): Unknown volume
07-11 15:29:40.140 W/MountService(  374): getVolumeState(/mnt/ext_sdcard): Unknown volume
07-11 15:29:40.140 W/MountService(  374): getVolumeState(/mnt/sdcard2): Unknown volume
07-11 15:29:40.140 W/MountService(  374): getVolumeState(/mnt/emmc): Unknown volume
07-11 15:29:40.140 W/MountService(  374): getVolumeState(/mnt/extSdCard): Unknown volume
07-11 15:29:40.140 W/MountService(  374): getVolumeState(/mnt/sdcard/SD_CARD): Unknown volume
07-11 15:29:40.140 W/MountService(  374): getVolumeState(/mnt/sdcard/extra_sd): Unknown volume
07-11 15:29:40.148 W/MountService(  374): getVolumeState(/mnt/extrasd_bind): Unknown volume
07-11 15:29:40.148 W/MountService(  374): getVolumeState(/mnt/sdcard/ext_sd): Unknown volume
07-11 15:29:40.148 W/MountService(  374): getVolumeState(/storage/extSdCard): Unknown volume
07-11 15:29:40.148 W/MountService(  374): getVolumeState(/storage/sdcard1): Unknown volume
07-11 15:29:40.172 I/ActivityManager(  374): Process com.google.android.calendar (pid 15636) has died.
07-11 15:29:40.203 W/MountService(  374): getVolumeState(/mnt/sdcard/external_SD): Unknown volume
07-11 15:29:40.219 W/MountService(  374): getVolumeState(/mnt/sdcard/external_sd): Unknown volume
07-11 15:29:40.500 I/ActivityManager(  374): Process com.qihoo.root (pid 15079) has died.
07-11 15:29:40.578 I/ActivityManager(  374): Start proc com.google.android.gallery3d for broadcast com.google.android.gallery3d/com.android.gallery3d.app.PackagesMonitor: pid=16709 uid=10019 gids={50019, 1006, 3003, 1015, 1028}
07-11 15:29:41.008 I/ActivityManager(  374): Process com.google.android.apps.maps:LocationFriendService (pid 16147) has died.
07-11 15:29:41.312 I/ActivityManager(  374): Process com.noshufou.android.su (pid 10971) has died.
07-11 15:29:41.726 I/ActivityManager(  374): Start proc com.android.musicfx for broadcast com.android.musicfx/.Compatibility$Receiver: pid=16741 uid=10042 gids={50042, 3003, 3002, 1028}
07-11 15:29:42.062 I/ActivityManager(  374): Process com.google.android.gsf.login (pid 15095) has died.
07-11 15:29:42.336 I/ActivityManager(  374): Start proc com.google.android.apps.plus for broadcast com.google.android.apps.plus/.service.PackagesMediaMonitor: pid=16755 uid=10048 gids={50048, 3003, 3002, 1015, 1006, 1028}
07-11 15:29:42.476 I/ActivityManager(  374): Process com.android.providers.calendar (pid 15583) has died.
07-11 15:29:43.023 I/ActivityManager(  374): Process com.google.android.deskclock (pid 15478) has died.
07-11 15:29:43.461 I/ActivityManager(  374): Process com.android.packageinstaller (pid 16575) has died.
07-11 15:29:44.445 W/PackageParser(  833): No actions in intent filter at /storage/emulated/0/360Download/Pekall.apk Binary XML file line #685
07-11 15:29:44.570 W/MountService(  374): getVolumeState(/storage/emulated/0/external_sd): Unknown volume
07-11 15:29:44.570 W/MountService(  374): getVolumeState(/mnt/sdcard-ext): Unknown volume
07-11 15:29:44.578 W/MountService(  374): getVolumeState(/mnt/ext_sdcard): Unknown volume
07-11 15:29:44.578 W/MountService(  374): getVolumeState(/mnt/sdcard2): Unknown volume
07-11 15:29:44.578 W/MountService(  374): getVolumeState(/mnt/emmc): Unknown volume
07-11 15:29:44.586 W/MountService(  374): getVolumeState(/mnt/extSdCard): Unknown volume
07-11 15:29:44.586 W/MountService(  374): getVolumeState(/mnt/sdcard/SD_CARD): Unknown volume
07-11 15:29:44.594 W/MountService(  374): getVolumeState(/mnt/sdcard/extra_sd): Unknown volume
07-11 15:29:44.594 W/MountService(  374): getVolumeState(/mnt/extrasd_bind): Unknown volume
07-11 15:29:44.601 W/MountService(  374): getVolumeState(/mnt/sdcard/ext_sd): Unknown volume
07-11 15:29:44.625 W/MountService(  374): getVolumeState(/storage/extSdCard): Unknown volume
07-11 15:29:44.625 W/MountService(  374): getVolumeState(/storage/sdcard1): Unknown volume
07-11 15:29:44.672 W/PackageParser(  833): No actions in intent filter at /storage/emulated/0/Download/emmp.apk Binary XML file line #687
07-11 15:29:44.679 W/MountService(  374): getVolumeState(/mnt/sdcard/external_SD): Unknown volume
07-11 15:29:44.703 W/MountService(  374): getVolumeState(/mnt/sdcard/external_sd): Unknown volume
07-11 15:29:44.922 W/PackageParser(  833): No actions in intent filter at /storage/emulated/0/Download/emmp-1.apk Binary XML file line #687
07-11 15:29:45.070 W/PackageParser(  833): No actions in intent filter at /storage/emulated/0/360Download/Pekall.apk Binary XML file line #685
07-11 15:29:46.508 I/ActivityManager(  374): Start proc com.google.android.gms for broadcast com.google.android.gms/.games.receiver.GamesSystemBroadcastReceiver: pid=16796 uid=10009 gids={50009, 3003, 1007, 1028, 1015, 1006, 2001, 3006}
07-11 15:29:46.578 W/ActivityManager(  374): Unable to start service Intent { act=com.google.android.gms.analytics.service.START (has extras) } U=0: not found
07-11 15:29:46.859 I/ActivityManager(  374): Start proc com.google.android.googlequicksearchbox for broadcast com.google.android.googlequicksearchbox/com.google.android.apps.sidekick.GmmLocationProviderImpl$GmmPackageWatcher: pid=16819 uid=10056 gids={50056, 3003, 1028, 1007, 3002, 1015}
07-11 15:29:47.742 I/ActivityManager(  374): Start proc com.noshufou.android.su for broadcast com.noshufou.android.su/.InstallReceiver: pid=16890 uid=10077 gids={50077, 3003, 1015, 1028}
07-11 15:29:47.984 I/ActivityManager(  374): Start proc com.google.android.gsf.login for service com.google.android.gms/.recovery.AccountRecoveryBackgroundService: pid=16906 uid=10009 gids={50009, 3003, 1007, 1028, 1015, 1006, 2001, 3006}
07-11 15:29:48.015 I/ActivityManager(  374): START u0 {cmp=com.pekall.emdm/.market.activity.AppListActivity} from pid 3259
07-11 15:29:48.945 I/ActivityManager(  374): Process com.qihoo360.mobilesafe (pid 16631) has died.
07-11 15:29:51.617 W/ActivityManager(  374): Unable to start service Intent { act=com.google.android.gms.analytics.service.START (has extras) } U=0: not found
07-11 15:29:52.469 W/ActivityManager(  374): Unable to start service Intent { act=com.google.android.gms.analytics.service.START (has extras) } U=0: not found
07-11 15:29:54.734 W/PackageManager(  374): Invalid verification token 15 received
07-11 15:29:57.476 W/ActivityManager(  374): Unable to start service Intent { act=com.google.android.gms.analytics.service.START (has extras) } U=0: not found
07-11 15:30:22.476 I/PowerManagerService(  374): Going to sleep due to screen timeout...
07-11 15:30:22.844 I/ActivityManager(  374): Process com.google.android.apps.plus (pid 16755) has died.
07-11 15:30:23.484 I/WindowManager(  374): Screenshot Window{42777940 u0 com.pekall.emdm/com.pekall.emdm.ui.MainActivity} was all black! mSurfaceLayer=21020 minLayer=21020 maxLayer=21030
07-11 15:30:27.875 I/ActivityManager(  374): Start proc com.pekall.emdm:remote for service com.pekall.emdm/com.baidu.location.f: pid=17141 uid=10066 gids={50066, 1015, 3002, 3001, 3003, 1028}
07-11 15:30:28.140 D/ActivityThread(17141): Loading provider com.pekall.semail.provider;com.pekall.semail.notifier: com.pekall.semail.provider.EmailProvider
07-11 15:30:28.203 D/ActivityThread(17141): Loading provider com.pekall.semail.provider;com.pekall.semail.notifier: com.pekall.semail.provider.EmailProvider
07-11 15:30:28.398 I/ActivityManager(  374): Start proc com.google.android.deskclock for service com.google.android.deskclock/com.android.alarmclock.DigitalAppWidgetService: pid=17176 uid=10013 gids={50013, 1028}
07-11 15:30:28.679 D/PhoneStatusBar(  450): disable: < expand icons alerts ticker system_info back home RECENT* clock search >
07-11 15:30:28.953 D/PhoneStatusBar(  450): disable: < expand icons alerts ticker system_info BACK* HOME* RECENT CLOCK* search >
07-11 15:30:29.398 W/ActivityManager(  374): Unable to start service Intent { cmp=com.pekall.emdm/com.pekall.semail.service.AttachmentDownloadService } U=0: not found
07-11 15:30:29.594 I/ActivityManager(  374): Process android.process.acore (pid 16670) has died.
07-11 15:30:32.492 I/ActivityManager(  374): Process com.pekall.emdm:remote (pid 17141) has died.
07-11 15:30:42.781 W/MountService(  374): getVolumeState(/storage/emulated/0/external_sd): Unknown volume
07-11 15:30:42.781 W/MountService(  374): getVolumeState(/mnt/sdcard-ext): Unknown volume
07-11 15:30:42.781 W/MountService(  374): getVolumeState(/mnt/ext_sdcard): Unknown volume
07-11 15:30:42.781 W/MountService(  374): getVolumeState(/mnt/sdcard2): Unknown volume
07-11 15:30:42.781 W/MountService(  374): getVolumeState(/mnt/emmc): Unknown volume
07-11 15:30:42.789 W/MountService(  374): getVolumeState(/mnt/extSdCard): Unknown volume
07-11 15:30:42.789 W/MountService(  374): getVolumeState(/mnt/sdcard/SD_CARD): Unknown volume
07-11 15:30:42.789 W/MountService(  374): getVolumeState(/mnt/sdcard/extra_sd): Unknown volume
07-11 15:30:42.789 W/MountService(  374): getVolumeState(/mnt/extrasd_bind): Unknown volume
07-11 15:30:42.789 W/MountService(  374): getVolumeState(/mnt/sdcard/ext_sd): Unknown volume
07-11 15:30:42.789 W/MountService(  374): getVolumeState(/storage/extSdCard): Unknown volume
07-11 15:30:42.789 W/MountService(  374): getVolumeState(/storage/sdcard1): Unknown volume
07-11 15:30:42.789 W/MountService(  374): getVolumeState(/mnt/sdcard/external_SD): Unknown volume
07-11 15:30:42.797 W/MountService(  374): getVolumeState(/mnt/sdcard/external_sd): Unknown volume
07-11 15:30:42.875 I/ActivityManager(  374): Start proc android.process.acore for content provider com.android.providers.contacts/.ContactsProvider2: pid=17232 uid=10000 gids={50000, 3003, 1015, 1028}
07-11 15:30:43.664 W/MountService(  374): getVolumeState(/storage/emulated/0/external_sd): Unknown volume
07-11 15:30:43.672 W/MountService(  374): getVolumeState(/mnt/sdcard-ext): Unknown volume
07-11 15:30:43.672 W/MountService(  374): getVolumeState(/mnt/ext_sdcard): Unknown volume
07-11 15:30:43.672 W/MountService(  374): getVolumeState(/mnt/sdcard2): Unknown volume
07-11 15:30:43.672 W/MountService(  374): getVolumeState(/mnt/emmc): Unknown volume
07-11 15:30:43.672 W/MountService(  374): getVolumeState(/mnt/extSdCard): Unknown volume
07-11 15:30:43.672 W/MountService(  374): getVolumeState(/mnt/sdcard/SD_CARD): Unknown volume
07-11 15:30:43.672 W/MountService(  374): getVolumeState(/mnt/sdcard/extra_sd): Unknown volume
07-11 15:30:43.672 W/MountService(  374): getVolumeState(/mnt/extrasd_bind): Unknown volume
07-11 15:30:43.679 W/MountService(  374): getVolumeState(/mnt/sdcard/ext_sd): Unknown volume
07-11 15:30:43.679 W/MountService(  374): getVolumeState(/storage/extSdCard): Unknown volume
07-11 15:30:43.679 W/MountService(  374): getVolumeState(/storage/sdcard1): Unknown volume
07-11 15:30:43.679 W/MountService(  374): getVolumeState(/mnt/sdcard/external_SD): Unknown volume
07-11 15:30:43.679 W/MountService(  374): getVolumeState(/mnt/sdcard/external_sd): Unknown volume
07-11 15:30:56.984 I/ActivityManager(  374): Process com.qihoo360.mobilesafe:scan (pid 16642) has died.
07-11 15:30:56.984 I/ActivityManager(  374): Process com.qihoo360.mobilesafe:engine (pid 16676) has died.
07-11 15:30:58.351 I/PowerManagerService(  374): Waking up from sleep...
07-11 15:30:58.398 I/WindowManager(  374): Lock screen displayed!
07-11 15:30:58.797 I/ActivityManager(  374): Start proc com.android.providers.calendar for content provider com.android.providers.calendar/.CalendarProvider2: pid=17291 uid=10007 gids={50007, 3003, 1015, 1028}
07-11 15:30:59.539 D/PhoneStatusBar(  450): disable: < expand icons alerts ticker system_info BACK HOME recent* CLOCK search >
07-11 15:30:59.726 D/PhoneStatusBar(  450): disable: < expand icons alerts ticker system_info back* home* recent clock* search >
07-11 15:30:59.734 W/InputMethodManagerService(  374): Window already focused, ignoring focus gain of: com.android.internal.view.IInputMethodClient$Stub$Proxy@425384b8 attribute=android.view.inputmethod.EditorInfo@4255ed78, token = android.os.BinderProxy@427bb970
07-11 15:31:00.359 I/ActivityManager(  374): Start proc com.google.android.calendar for broadcast com.google.android.calendar/com.android.calendar.alerts.AlertReceiver: pid=17340 uid=10006 gids={50006, 3003, 1028}
07-11 15:31:01.226 I/ActivityManager(  374): START u0 {cmp=com.pekall.emdm/.market.activity.AppListActivity} from pid 3259
07-11 15:31:04.515 W/ProcessStats(  374): Skipping unknown process pid 17372
07-11 15:31:31.140 I/PowerManagerService(  374): Going to sleep due to screen timeout...
07-11 15:31:37.148 D/PhoneStatusBar(  450): disable: < expand icons alerts ticker system_info back home RECENT* clock search >
07-11 15:31:37.320 D/PhoneStatusBar(  450): disable: < expand icons alerts ticker system_info BACK* HOME* RECENT CLOCK* search >
07-11 15:31:42.812 W/MountService(  374): getVolumeState(/storage/emulated/0/external_sd): Unknown volume
07-11 15:31:42.812 W/MountService(  374): getVolumeState(/mnt/sdcard-ext): Unknown volume
07-11 15:31:42.812 W/MountService(  374): getVolumeState(/mnt/ext_sdcard): Unknown volume
07-11 15:31:42.820 W/MountService(  374): getVolumeState(/mnt/sdcard2): Unknown volume
07-11 15:31:42.820 W/MountService(  374): getVolumeState(/mnt/emmc): Unknown volume
07-11 15:31:42.820 W/MountService(  374): getVolumeState(/mnt/extSdCard): Unknown volume
07-11 15:31:42.820 W/MountService(  374): getVolumeState(/mnt/sdcard/SD_CARD): Unknown volume
07-11 15:31:42.828 W/MountService(  374): getVolumeState(/mnt/sdcard/extra_sd): Unknown volume
07-11 15:31:42.828 W/MountService(  374): getVolumeState(/mnt/extrasd_bind): Unknown volume
07-11 15:31:42.828 W/MountService(  374): getVolumeState(/mnt/sdcard/ext_sd): Unknown volume
07-11 15:31:42.836 W/MountService(  374): getVolumeState(/storage/extSdCard): Unknown volume
07-11 15:31:42.836 W/MountService(  374): getVolumeState(/storage/sdcard1): Unknown volume
07-11 15:31:42.836 W/MountService(  374): getVolumeState(/mnt/sdcard/external_SD): Unknown volume
07-11 15:31:42.836 W/MountService(  374): getVolumeState(/mnt/sdcard/external_sd): Unknown volume
07-11 15:31:43.062 W/MountService(  374): getVolumeState(/storage/emulated/0/external_sd): Unknown volume
07-11 15:31:43.062 W/MountService(  374): getVolumeState(/mnt/sdcard-ext): Unknown volume
07-11 15:31:43.062 W/MountService(  374): getVolumeState(/mnt/ext_sdcard): Unknown volume
07-11 15:31:43.062 W/MountService(  374): getVolumeState(/mnt/sdcard2): Unknown volume
07-11 15:31:43.062 W/MountService(  374): getVolumeState(/mnt/emmc): Unknown volume
07-11 15:31:43.062 W/MountService(  374): getVolumeState(/mnt/extSdCard): Unknown volume
07-11 15:31:43.062 W/MountService(  374): getVolumeState(/mnt/sdcard/SD_CARD): Unknown volume
07-11 15:31:43.062 W/MountService(  374): getVolumeState(/mnt/sdcard/extra_sd): Unknown volume
07-11 15:31:43.070 W/MountService(  374): getVolumeState(/mnt/extrasd_bind): Unknown volume
07-11 15:31:43.070 W/MountService(  374): getVolumeState(/mnt/sdcard/ext_sd): Unknown volume
07-11 15:31:43.070 W/MountService(  374): getVolumeState(/storage/extSdCard): Unknown volume
07-11 15:31:43.070 W/MountService(  374): getVolumeState(/storage/sdcard1): Unknown volume
07-11 15:31:43.070 W/MountService(  374): getVolumeState(/mnt/sdcard/external_SD): Unknown volume
07-11 15:31:43.070 W/MountService(  374): getVolumeState(/mnt/sdcard/external_sd): Unknown volume
07-11 15:31:45.344 I/ActivityManager(  374): START u0 {act=android.intent.action.DELETE dat=package:by.game.binumbers flg=0x10000000 cmp=com.android.packageinstaller/.UninstallerActivity} from pid 3259
07-11 15:31:45.367 I/ActivityManager(  374): Start proc com.android.packageinstaller for activity com.android.packageinstaller/.UninstallerActivity: pid=17472 uid=10045 gids={50045, 1028}
07-11 15:31:46.101 I/ActivityManager(  374): Process com.google.android.googlequicksearchbox (pid 16819) has died.
07-11 15:31:46.219 I/ActivityManager(  374): Process com.google.android.gms (pid 16796) has died.
07-11 15:31:46.312 I/ActivityManager(  374): Process com.google.android.gallery3d (pid 16709) has died.
07-11 15:32:06.625 I/PowerManagerService(  374): Waking up from sleep...
07-11 15:32:06.765 I/WindowManager(  374): Lock screen displayed!
07-11 15:32:07.023 I/ActivityManager(  374): Process com.google.android.gsf.login (pid 16906) has died.
07-11 15:32:07.648 I/ActivityManager(  374): Process com.google.android.partnersetup (pid 15022) has died.
07-11 15:32:07.789 D/PhoneStatusBar(  450): disable: < expand icons alerts ticker system_info BACK HOME recent* CLOCK search >
07-11 15:32:07.875 D/PhoneStatusBar(  450): disable: < expand icons alerts ticker system_info back* home* recent clock* search >
07-11 15:32:08.789 I/ActivityManager(  374): Process com.noshufou.android.su (pid 16890) has died.
07-11 15:32:42.929 W/MountService(  374): getVolumeState(/storage/emulated/0/external_sd): Unknown volume
07-11 15:32:42.929 W/MountService(  374): getVolumeState(/mnt/sdcard-ext): Unknown volume
07-11 15:32:42.929 W/MountService(  374): getVolumeState(/mnt/ext_sdcard): Unknown volume
07-11 15:32:42.937 W/MountService(  374): getVolumeState(/mnt/sdcard2): Unknown volume
07-11 15:32:42.937 W/MountService(  374): getVolumeState(/mnt/emmc): Unknown volume
07-11 15:32:42.937 W/MountService(  374): getVolumeState(/mnt/extSdCard): Unknown volume
07-11 15:32:42.937 W/MountService(  374): getVolumeState(/mnt/sdcard/SD_CARD): Unknown volume
07-11 15:32:42.937 W/MountService(  374): getVolumeState(/mnt/sdcard/extra_sd): Unknown volume
07-11 15:32:42.937 W/MountService(  374): getVolumeState(/mnt/extrasd_bind): Unknown volume
07-11 15:32:42.937 W/MountService(  374): getVolumeState(/mnt/sdcard/ext_sd): Unknown volume
07-11 15:32:42.937 W/MountService(  374): getVolumeState(/storage/extSdCard): Unknown volume
07-11 15:32:42.937 W/MountService(  374): getVolumeState(/storage/sdcard1): Unknown volume
07-11 15:32:42.937 W/MountService(  374): getVolumeState(/mnt/sdcard/external_SD): Unknown volume
07-11 15:32:42.945 W/MountService(  374): getVolumeState(/mnt/sdcard/external_sd): Unknown volume
07-11 15:32:43.219 W/MountService(  374): getVolumeState(/storage/emulated/0/external_sd): Unknown volume
07-11 15:32:43.219 W/MountService(  374): getVolumeState(/mnt/sdcard-ext): Unknown volume
07-11 15:32:43.219 W/MountService(  374): getVolumeState(/mnt/ext_sdcard): Unknown volume
07-11 15:32:43.219 W/MountService(  374): getVolumeState(/mnt/sdcard2): Unknown volume
07-11 15:32:43.226 W/MountService(  374): getVolumeState(/mnt/emmc): Unknown volume
07-11 15:32:43.226 W/MountService(  374): getVolumeState(/mnt/extSdCard): Unknown volume
07-11 15:32:43.226 W/MountService(  374): getVolumeState(/mnt/sdcard/SD_CARD): Unknown volume
07-11 15:32:43.226 W/MountService(  374): getVolumeState(/mnt/sdcard/extra_sd): Unknown volume
07-11 15:32:43.226 W/MountService(  374): getVolumeState(/mnt/extrasd_bind): Unknown volume
07-11 15:32:43.226 W/MountService(  374): getVolumeState(/mnt/sdcard/ext_sd): Unknown volume
07-11 15:32:43.234 W/MountService(  374): getVolumeState(/storage/extSdCard): Unknown volume
07-11 15:32:43.234 W/MountService(  374): getVolumeState(/storage/sdcard1): Unknown volume
07-11 15:32:43.242 W/MountService(  374): getVolumeState(/mnt/sdcard/external_SD): Unknown volume
07-11 15:32:43.242 W/MountService(  374): getVolumeState(/mnt/sdcard/external_sd): Unknown volume
07-11 15:32:47.265 I/PowerManagerService(  374): Going to sleep due to screen timeout...
07-11 15:32:53.211 D/PhoneStatusBar(  450): disable: < expand icons alerts ticker system_info back home RECENT* clock search >
07-11 15:32:53.312 D/PhoneStatusBar(  450): disable: < expand icons alerts ticker system_info BACK* HOME* RECENT CLOCK* search >
07-11 15:33:01.851 I/ActivityManager(  374): START u0 {act=android.intent.action.DELETE dat=package:by.game.binumbers flg=0x10000000 cmp=com.android.packageinstaller/.UninstallerActivity} from pid 3259
07-11 15:33:13.172 I/PowerManagerService(  374): Waking up from sleep...
07-11 15:33:13.203 I/ActivityManager(  374): Process com.android.defcontainer (pid 6259) has died.
07-11 15:33:13.273 I/WindowManager(  374): Lock screen displayed!
07-11 15:33:14.187 I/ActivityManager(  374): Process com.android.musicfx (pid 16741) has died.
07-11 15:33:15.539 D/PhoneStatusBar(  450): disable: < expand icons alerts ticker system_info BACK HOME recent* CLOCK search >
07-11 15:33:15.601 D/PhoneStatusBar(  450): disable: < expand icons alerts ticker system_info back* home* recent clock* search >
07-11 15:33:43.023 W/MountService(  374): getVolumeState(/storage/emulated/0/external_sd): Unknown volume
07-11 15:33:43.023 W/MountService(  374): getVolumeState(/mnt/sdcard-ext): Unknown volume
07-11 15:33:43.023 W/MountService(  374): getVolumeState(/mnt/ext_sdcard): Unknown volume
07-11 15:33:43.023 W/MountService(  374): getVolumeState(/mnt/sdcard2): Unknown volume
07-11 15:33:43.023 W/MountService(  374): getVolumeState(/mnt/emmc): Unknown volume
07-11 15:33:43.023 W/MountService(  374): getVolumeState(/mnt/extSdCard): Unknown volume
07-11 15:33:43.023 W/MountService(  374): getVolumeState(/mnt/sdcard/SD_CARD): Unknown volume
07-11 15:33:43.031 W/MountService(  374): getVolumeState(/mnt/sdcard/extra_sd): Unknown volume
07-11 15:33:43.031 W/MountService(  374): getVolumeState(/mnt/extrasd_bind): Unknown volume
07-11 15:33:43.031 W/MountService(  374): getVolumeState(/mnt/sdcard/ext_sd): Unknown volume
07-11 15:33:43.031 W/MountService(  374): getVolumeState(/storage/extSdCard): Unknown volume
07-11 15:33:43.031 W/MountService(  374): getVolumeState(/storage/sdcard1): Unknown volume
07-11 15:33:43.031 W/MountService(  374): getVolumeState(/mnt/sdcard/external_SD): Unknown volume
07-11 15:33:43.031 W/MountService(  374): getVolumeState(/mnt/sdcard/external_sd): Unknown volume
07-11 15:33:43.336 W/MountService(  374): getVolumeState(/storage/emulated/0/external_sd): Unknown volume
07-11 15:33:43.344 W/MountService(  374): getVolumeState(/mnt/sdcard-ext): Unknown volume
07-11 15:33:43.344 W/MountService(  374): getVolumeState(/mnt/ext_sdcard): Unknown volume
07-11 15:33:43.344 W/MountService(  374): getVolumeState(/mnt/sdcard2): Unknown volume
07-11 15:33:43.344 W/MountService(  374): getVolumeState(/mnt/emmc): Unknown volume
07-11 15:33:43.344 W/MountService(  374): getVolumeState(/mnt/extSdCard): Unknown volume
07-11 15:33:43.344 W/MountService(  374): getVolumeState(/mnt/sdcard/SD_CARD): Unknown volume
07-11 15:33:43.344 W/MountService(  374): getVolumeState(/mnt/sdcard/extra_sd): Unknown volume
07-11 15:33:43.344 W/MountService(  374): getVolumeState(/mnt/extrasd_bind): Unknown volume
07-11 15:33:43.351 W/MountService(  374): getVolumeState(/mnt/sdcard/ext_sd): Unknown volume
07-11 15:33:43.351 W/MountService(  374): getVolumeState(/storage/extSdCard): Unknown volume
07-11 15:33:43.351 W/MountService(  374): getVolumeState(/storage/sdcard1): Unknown volume
07-11 15:33:43.351 W/MountService(  374): getVolumeState(/mnt/sdcard/external_SD): Unknown volume
07-11 15:33:43.351 W/MountService(  374): getVolumeState(/mnt/sdcard/external_sd): Unknown volume
07-11 15:34:11.922 I/PowerManagerService(  374): Going to sleep due to screen timeout...
07-11 15:34:17.906 D/PhoneStatusBar(  450): disable: < expand icons alerts ticker system_info back home RECENT* clock search >
07-11 15:34:18.054 D/PhoneStatusBar(  450): disable: < expand icons alerts ticker system_info BACK* HOME* RECENT CLOCK* search >
07-11 15:34:43.125 W/MountService(  374): getVolumeState(/storage/emulated/0/external_sd): Unknown volume
07-11 15:34:43.125 W/MountService(  374): getVolumeState(/mnt/sdcard-ext): Unknown volume
07-11 15:34:43.125 W/MountService(  374): getVolumeState(/mnt/ext_sdcard): Unknown volume
07-11 15:34:43.125 W/MountService(  374): getVolumeState(/mnt/sdcard2): Unknown volume
07-11 15:34:43.133 W/MountService(  374): getVolumeState(/mnt/emmc): Unknown volume
07-11 15:34:43.133 W/MountService(  374): getVolumeState(/mnt/extSdCard): Unknown volume
07-11 15:34:43.133 W/MountService(  374): getVolumeState(/mnt/sdcard/SD_CARD): Unknown volume
07-11 15:34:43.133 W/MountService(  374): getVolumeState(/mnt/sdcard/extra_sd): Unknown volume
07-11 15:34:43.133 W/MountService(  374): getVolumeState(/mnt/extrasd_bind): Unknown volume
07-11 15:34:43.133 W/MountService(  374): getVolumeState(/mnt/sdcard/ext_sd): Unknown volume
07-11 15:34:43.140 W/MountService(  374): getVolumeState(/storage/extSdCard): Unknown volume
07-11 15:34:43.140 W/MountService(  374): getVolumeState(/storage/sdcard1): Unknown volume
07-11 15:34:43.140 W/MountService(  374): getVolumeState(/mnt/sdcard/external_SD): Unknown volume
07-11 15:34:43.140 W/MountService(  374): getVolumeState(/mnt/sdcard/external_sd): Unknown volume
07-11 15:34:43.375 W/MountService(  374): getVolumeState(/storage/emulated/0/external_sd): Unknown volume
07-11 15:34:43.375 W/MountService(  374): getVolumeState(/mnt/sdcard-ext): Unknown volume
07-11 15:34:43.375 W/MountService(  374): getVolumeState(/mnt/ext_sdcard): Unknown volume
07-11 15:34:43.383 W/MountService(  374): getVolumeState(/mnt/sdcard2): Unknown volume
07-11 15:34:43.383 W/MountService(  374): getVolumeState(/mnt/emmc): Unknown volume
07-11 15:34:43.383 W/MountService(  374): getVolumeState(/mnt/extSdCard): Unknown volume
07-11 15:34:43.383 W/MountService(  374): getVolumeState(/mnt/sdcard/SD_CARD): Unknown volume
07-11 15:34:43.383 W/MountService(  374): getVolumeState(/mnt/sdcard/extra_sd): Unknown volume
07-11 15:34:43.383 W/MountService(  374): getVolumeState(/mnt/extrasd_bind): Unknown volume
07-11 15:34:43.383 W/MountService(  374): getVolumeState(/mnt/sdcard/ext_sd): Unknown volume
07-11 15:34:43.390 W/MountService(  374): getVolumeState(/storage/extSdCard): Unknown volume
07-11 15:34:43.390 W/MountService(  374): getVolumeState(/storage/sdcard1): Unknown volume
07-11 15:34:43.390 W/MountService(  374): getVolumeState(/mnt/sdcard/external_SD): Unknown volume
07-11 15:34:43.390 W/MountService(  374): getVolumeState(/mnt/sdcard/external_sd): Unknown volume
07-11 15:35:43.250 W/MountService(  374): getVolumeState(/storage/emulated/0/external_sd): Unknown volume
