--------- beginning of /dev/log/system
07-11 15:09:39.742 W/MountService(  374): getVolumeState(/mnt/emmc): Unknown volume
07-11 15:09:39.742 W/MountService(  374): getVolumeState(/mnt/extSdCard): Unknown volume
07-11 15:09:39.742 W/MountService(  374): getVolumeState(/mnt/sdcard/SD_CARD): Unknown volume
07-11 15:09:39.742 W/MountService(  374): getVolumeState(/mnt/sdcard/extra_sd): Unknown volume
07-11 15:09:39.750 W/MountService(  374): getVolumeState(/mnt/extrasd_bind): Unknown volume
07-11 15:09:39.750 W/MountService(  374): getVolumeState(/mnt/sdcard/ext_sd): Unknown volume
07-11 15:09:39.750 W/MountService(  374): getVolumeState(/storage/extSdCard): Unknown volume
07-11 15:09:39.750 W/MountService(  374): getVolumeState(/storage/sdcard1): Unknown volume
07-11 15:09:39.750 W/MountService(  374): getVolumeState(/mnt/sdcard/external_SD): Unknown volume
07-11 15:09:39.750 W/MountService(  374): getVolumeState(/mnt/sdcard/external_sd): Unknown volume
07-11 15:09:40.008 W/MountService(  374): getVolumeState(/storage/emulated/0/external_sd): Unknown volume
07-11 15:09:40.015 W/MountService(  374): getVolumeState(/mnt/sdcard-ext): Unknown volume
07-11 15:09:40.015 W/MountService(  374): getVolumeState(/mnt/ext_sdcard): Unknown volume
07-11 15:09:40.015 W/MountService(  374): getVolumeState(/mnt/sdcard2): Unknown volume
07-11 15:09:40.015 W/MountService(  374): getVolumeState(/mnt/emmc): Unknown volume
07-11 15:09:40.015 W/MountService(  374): getVolumeState(/mnt/extSdCard): Unknown volume
07-11 15:09:40.015 W/MountService(  374): getVolumeState(/mnt/sdcard/SD_CARD): Unknown volume
07-11 15:09:40.015 W/MountService(  374): getVolumeState(/mnt/sdcard/extra_sd): Unknown volume
07-11 15:09:40.015 W/MountService(  374): getVolumeState(/mnt/extrasd_bind): Unknown volume
07-11 15:09:40.023 W/MountService(  374): getVolumeState(/mnt/sdcard/ext_sd): Unknown volume
07-11 15:09:40.023 W/MountService(  374): getVolumeState(/storage/extSdCard): Unknown volume
07-11 15:09:40.023 W/MountService(  374): getVolumeState(/storage/sdcard1): Unknown volume
07-11 15:09:40.023 W/MountService(  374): getVolumeState(/mnt/sdcard/external_SD): Unknown volume
07-11 15:09:40.023 W/MountService(  374): getVolumeState(/mnt/sdcard/external_sd): Unknown volume
07-11 15:10:12.453 I/ActivityManager(  374): No longer want com.nd.assistance.ServerService (pid 4626): empty for 1806s
07-11 15:10:12.461 W/ActivityManager(  374): Scheduling restart of crashed service com.nd.assistance/.server.ServerService in 5000ms
07-11 15:10:13.281 I/ActivityManager(  374): Start proc com.nd.assistance for broadcast com.nd.assistance/.controller.DaemonController: pid=13166 uid=10065 gids={50065, 3003, 1015, 1006, 1028}
07-11 15:10:13.359 I/ActivityManager(  374): Start proc com.nd.assistance.ServerService for service com.nd.assistance/.server.ServerService: pid=13209 uid=10065 gids={50065, 3003, 1015, 1006, 1028}
07-11 15:10:39.953 W/MountService(  374): getVolumeState(/storage/emulated/0/external_sd): Unknown volume
07-11 15:10:39.953 W/MountService(  374): getVolumeState(/mnt/sdcard-ext): Unknown volume
07-11 15:10:39.961 W/MountService(  374): getVolumeState(/mnt/ext_sdcard): Unknown volume
07-11 15:10:39.961 W/MountService(  374): getVolumeState(/mnt/sdcard2): Unknown volume
07-11 15:10:39.961 W/MountService(  374): getVolumeState(/mnt/emmc): Unknown volume
07-11 15:10:39.961 W/MountService(  374): getVolumeState(/mnt/extSdCard): Unknown volume
07-11 15:10:39.961 W/MountService(  374): getVolumeState(/mnt/sdcard/SD_CARD): Unknown volume
07-11 15:10:39.969 W/MountService(  374): getVolumeState(/mnt/sdcard/extra_sd): Unknown volume
07-11 15:10:39.969 W/MountService(  374): getVolumeState(/mnt/extrasd_bind): Unknown volume
07-11 15:10:39.969 W/MountService(  374): getVolumeState(/mnt/sdcard/ext_sd): Unknown volume
07-11 15:10:39.969 W/MountService(  374): getVolumeState(/storage/extSdCard): Unknown volume
07-11 15:10:39.969 W/MountService(  374): getVolumeState(/storage/sdcard1): Unknown volume
07-11 15:10:39.969 W/MountService(  374): getVolumeState(/mnt/sdcard/external_SD): Unknown volume
07-11 15:10:39.969 W/MountService(  374): getVolumeState(/mnt/sdcard/external_sd): Unknown volume
07-11 15:10:40.265 W/MountService(  374): getVolumeState(/storage/emulated/0/external_sd): Unknown volume
07-11 15:10:40.265 W/MountService(  374): getVolumeState(/mnt/sdcard-ext): Unknown volume
07-11 15:10:40.265 W/MountService(  374): getVolumeState(/mnt/ext_sdcard): Unknown volume
07-11 15:10:40.265 W/MountService(  374): getVolumeState(/mnt/sdcard2): Unknown volume
07-11 15:10:40.265 W/MountService(  374): getVolumeState(/mnt/emmc): Unknown volume
07-11 15:10:40.265 W/MountService(  374): getVolumeState(/mnt/extSdCard): Unknown volume
07-11 15:10:40.273 W/MountService(  374): getVolumeState(/mnt/sdcard/SD_CARD): Unknown volume
07-11 15:10:40.273 W/MountService(  374): getVolumeState(/mnt/sdcard/extra_sd): Unknown volume
07-11 15:10:40.273 W/MountService(  374): getVolumeState(/mnt/extrasd_bind): Unknown volume
07-11 15:10:40.273 W/MountService(  374): getVolumeState(/mnt/sdcard/ext_sd): Unknown volume
07-11 15:10:40.273 W/MountService(  374): getVolumeState(/storage/extSdCard): Unknown volume
07-11 15:10:40.273 W/MountService(  374): getVolumeState(/storage/sdcard1): Unknown volume
07-11 15:10:40.273 W/MountService(  374): getVolumeState(/mnt/sdcard/external_SD): Unknown volume
07-11 15:10:40.281 W/MountService(  374): getVolumeState(/mnt/sdcard/external_sd): Unknown volume
07-11 15:11:40.164 W/MountService(  374): getVolumeState(/storage/emulated/0/external_sd): Unknown volume
07-11 15:11:40.164 W/MountService(  374): getVolumeState(/mnt/sdcard-ext): Unknown volume
07-11 15:11:40.164 W/MountService(  374): getVolumeState(/mnt/ext_sdcard): Unknown volume
07-11 15:11:40.172 W/MountService(  374): getVolumeState(/mnt/sdcard2): Unknown volume
07-11 15:11:40.172 W/MountService(  374): getVolumeState(/mnt/emmc): Unknown volume
07-11 15:11:40.172 W/MountService(  374): getVolumeState(/mnt/extSdCard): Unknown volume
07-11 15:11:40.172 W/MountService(  374): getVolumeState(/mnt/sdcard/SD_CARD): Unknown volume
07-11 15:11:40.172 W/MountService(  374): getVolumeState(/mnt/sdcard/extra_sd): Unknown volume
07-11 15:11:40.179 W/MountService(  374): getVolumeState(/mnt/extrasd_bind): Unknown volume
07-11 15:11:40.179 W/MountService(  374): getVolumeState(/mnt/sdcard/ext_sd): Unknown volume
07-11 15:11:40.179 W/MountService(  374): getVolumeState(/storage/extSdCard): Unknown volume
07-11 15:11:40.179 W/MountService(  374): getVolumeState(/storage/sdcard1): Unknown volume
07-11 15:11:40.179 W/MountService(  374): getVolumeState(/mnt/sdcard/external_SD): Unknown volume
07-11 15:11:40.203 W/MountService(  374): getVolumeState(/mnt/sdcard/external_sd): Unknown volume
07-11 15:11:40.422 W/MountService(  374): getVolumeState(/storage/emulated/0/external_sd): Unknown volume
07-11 15:11:40.422 W/MountService(  374): getVolumeState(/mnt/sdcard-ext): Unknown volume
07-11 15:11:40.422 W/MountService(  374): getVolumeState(/mnt/ext_sdcard): Unknown volume
07-11 15:11:40.422 W/MountService(  374): getVolumeState(/mnt/sdcard2): Unknown volume
07-11 15:11:40.422 W/MountService(  374): getVolumeState(/mnt/emmc): Unknown volume
07-11 15:11:40.429 W/MountService(  374): getVolumeState(/mnt/extSdCard): Unknown volume
07-11 15:11:40.429 W/MountService(  374): getVolumeState(/mnt/sdcard/SD_CARD): Unknown volume
07-11 15:11:40.429 W/MountService(  374): getVolumeState(/mnt/sdcard/extra_sd): Unknown volume
07-11 15:11:40.429 W/MountService(  374): getVolumeState(/mnt/extrasd_bind): Unknown volume
07-11 15:11:40.429 W/MountService(  374): getVolumeState(/mnt/sdcard/ext_sd): Unknown volume
07-11 15:11:40.429 W/MountService(  374): getVolumeState(/storage/extSdCard): Unknown volume
07-11 15:11:40.429 W/MountService(  374): getVolumeState(/storage/sdcard1): Unknown volume
07-11 15:11:40.437 W/MountService(  374): getVolumeState(/mnt/sdcard/external_SD): Unknown volume
07-11 15:11:40.437 W/MountService(  374): getVolumeState(/mnt/sdcard/external_sd): Unknown volume
07-11 15:12:32.219 W/ProcessStats(  374): Skipping unknown process pid 13517
07-11 15:12:40.297 W/MountService(  374): getVolumeState(/storage/emulated/0/external_sd): Unknown volume
07-11 15:12:40.304 W/MountService(  374): getVolumeState(/mnt/sdcard-ext): Unknown volume
07-11 15:12:40.304 W/MountService(  374): getVolumeState(/mnt/ext_sdcard): Unknown volume
07-11 15:12:40.304 W/MountService(  374): getVolumeState(/mnt/sdcard2): Unknown volume
07-11 15:12:40.304 W/MountService(  374): getVolumeState(/mnt/emmc): Unknown volume
07-11 15:12:40.304 W/MountService(  374): getVolumeState(/mnt/extSdCard): Unknown volume
07-11 15:12:40.304 W/MountService(  374): getVolumeState(/mnt/sdcard/SD_CARD): Unknown volume
07-11 15:12:40.304 W/MountService(  374): getVolumeState(/mnt/sdcard/extra_sd): Unknown volume
07-11 15:12:40.304 W/MountService(  374): getVolumeState(/mnt/extrasd_bind): Unknown volume
07-11 15:12:40.304 W/MountService(  374): getVolumeState(/mnt/sdcard/ext_sd): Unknown volume
07-11 15:12:40.312 W/MountService(  374): getVolumeState(/storage/extSdCard): Unknown volume
07-11 15:12:40.312 W/MountService(  374): getVolumeState(/storage/sdcard1): Unknown volume
07-11 15:12:40.312 W/MountService(  374): getVolumeState(/mnt/sdcard/external_SD): Unknown volume
07-11 15:12:40.312 W/MountService(  374): getVolumeState(/mnt/sdcard/external_sd): Unknown volume
07-11 15:12:40.515 W/MountService(  374): getVolumeState(/storage/emulated/0/external_sd): Unknown volume
07-11 15:12:40.523 W/MountService(  374): getVolumeState(/mnt/sdcard-ext): Unknown volume
07-11 15:12:40.523 W/MountService(  374): getVolumeState(/mnt/ext_sdcard): Unknown volume
07-11 15:12:40.523 W/MountService(  374): getVolumeState(/mnt/sdcard2): Unknown volume
07-11 15:12:40.523 W/MountService(  374): getVolumeState(/mnt/emmc): Unknown volume
07-11 15:12:40.523 W/MountService(  374): getVolumeState(/mnt/extSdCard): Unknown volume
07-11 15:12:40.523 W/MountService(  374): getVolumeState(/mnt/sdcard/SD_CARD): Unknown volume
07-11 15:12:40.523 W/MountService(  374): getVolumeState(/mnt/sdcard/extra_sd): Unknown volume
07-11 15:12:40.531 W/MountService(  374): getVolumeState(/mnt/extrasd_bind): Unknown volume
07-11 15:12:40.531 W/MountService(  374): getVolumeState(/mnt/sdcard/ext_sd): Unknown volume
07-11 15:12:40.531 W/MountService(  374): getVolumeState(/storage/extSdCard): Unknown volume
07-11 15:12:40.531 W/MountService(  374): getVolumeState(/storage/sdcard1): Unknown volume
07-11 15:12:40.531 W/MountService(  374): getVolumeState(/mnt/sdcard/external_SD): Unknown volume
07-11 15:12:40.531 W/MountService(  374): getVolumeState(/mnt/sdcard/external_sd): Unknown volume
07-11 15:13:40.414 W/MountService(  374): getVolumeState(/storage/emulated/0/external_sd): Unknown volume
07-11 15:13:40.414 W/MountService(  374): getVolumeState(/mnt/sdcard-ext): Unknown volume
07-11 15:13:40.414 W/MountService(  374): getVolumeState(/mnt/ext_sdcard): Unknown volume
07-11 15:13:40.414 W/MountService(  374): getVolumeState(/mnt/sdcard2): Unknown volume
07-11 15:13:40.414 W/MountService(  374): getVolumeState(/mnt/emmc): Unknown volume
07-11 15:13:40.422 W/MountService(  374): getVolumeState(/mnt/extSdCard): Unknown volume
07-11 15:13:40.422 W/MountService(  374): getVolumeState(/mnt/sdcard/SD_CARD): Unknown volume
07-11 15:13:40.422 W/MountService(  374): getVolumeState(/mnt/sdcard/extra_sd): Unknown volume
07-11 15:13:40.422 W/MountService(  374): getVolumeState(/mnt/extrasd_bind): Unknown volume
07-11 15:13:40.422 W/MountService(  374): getVolumeState(/mnt/sdcard/ext_sd): Unknown volume
07-11 15:13:40.422 W/MountService(  374): getVolumeState(/storage/extSdCard): Unknown volume
07-11 15:13:40.422 W/MountService(  374): getVolumeState(/storage/sdcard1): Unknown volume
07-11 15:13:40.429 W/MountService(  374): getVolumeState(/mnt/sdcard/external_SD): Unknown volume
07-11 15:13:40.429 W/MountService(  374): getVolumeState(/mnt/sdcard/external_sd): Unknown volume
07-11 15:13:40.789 W/MountService(  374): getVolumeState(/storage/emulated/0/external_sd): Unknown volume
07-11 15:13:40.789 W/MountService(  374): getVolumeState(/mnt/sdcard-ext): Unknown volume
07-11 15:13:40.789 W/MountService(  374): getVolumeState(/mnt/ext_sdcard): Unknown volume
07-11 15:13:40.789 W/MountService(  374): getVolumeState(/mnt/sdcard2): Unknown volume
07-11 15:13:40.789 W/MountService(  374): getVolumeState(/mnt/emmc): Unknown volume
07-11 15:13:40.789 W/MountService(  374): getVolumeState(/mnt/extSdCard): Unknown volume
07-11 15:13:40.789 W/MountService(  374): getVolumeState(/mnt/sdcard/SD_CARD): Unknown volume
07-11 15:13:40.797 W/MountService(  374): getVolumeState(/mnt/sdcard/extra_sd): Unknown volume
07-11 15:13:40.797 W/MountService(  374): getVolumeState(/mnt/extrasd_bind): Unknown volume
07-11 15:13:40.797 W/MountService(  374): getVolumeState(/mnt/sdcard/ext_sd): Unknown volume
07-11 15:13:40.797 W/MountService(  374): getVolumeState(/storage/extSdCard): Unknown volume
07-11 15:13:40.797 W/MountService(  374): getVolumeState(/storage/sdcard1): Unknown volume
07-11 15:13:40.797 W/MountService(  374): getVolumeState(/mnt/sdcard/external_SD): Unknown volume
07-11 15:13:40.804 W/MountService(  374): getVolumeState(/mnt/sdcard/external_sd): Unknown volume
07-11 15:14:40.523 W/MountService(  374): getVolumeState(/storage/emulated/0/external_sd): Unknown volume
07-11 15:14:40.523 W/MountService(  374): getVolumeState(/mnt/sdcard-ext): Unknown volume
07-11 15:14:40.523 W/MountService(  374): getVolumeState(/mnt/ext_sdcard): Unknown volume
07-11 15:14:40.531 W/MountService(  374): getVolumeState(/mnt/sdcard2): Unknown volume
07-11 15:14:40.531 W/MountService(  374): getVolumeState(/mnt/emmc): Unknown volume
07-11 15:14:40.531 W/MountService(  374): getVolumeState(/mnt/extSdCard): Unknown volume
07-11 15:14:40.531 W/MountService(  374): getVolumeState(/mnt/sdcard/SD_CARD): Unknown volume
07-11 15:14:40.531 W/MountService(  374): getVolumeState(/mnt/sdcard/extra_sd): Unknown volume
07-11 15:14:40.539 W/MountService(  374): getVolumeState(/mnt/extrasd_bind): Unknown volume
07-11 15:14:40.539 W/MountService(  374): getVolumeState(/mnt/sdcard/ext_sd): Unknown volume
07-11 15:14:40.539 W/MountService(  374): getVolumeState(/storage/extSdCard): Unknown volume
07-11 15:14:40.539 W/MountService(  374): getVolumeState(/storage/sdcard1): Unknown volume
07-11 15:14:40.539 W/MountService(  374): getVolumeState(/mnt/sdcard/external_SD): Unknown volume
07-11 15:14:40.539 W/MountService(  374): getVolumeState(/mnt/sdcard/external_sd): Unknown volume
07-11 15:14:40.765 W/MountService(  374): getVolumeState(/storage/emulated/0/external_sd): Unknown volume
07-11 15:14:40.765 W/MountService(  374): getVolumeState(/mnt/sdcard-ext): Unknown volume
07-11 15:14:40.765 W/MountService(  374): getVolumeState(/mnt/ext_sdcard): Unknown volume
07-11 15:14:40.765 W/MountService(  374): getVolumeState(/mnt/sdcard2): Unknown volume
07-11 15:14:40.765 W/MountService(  374): getVolumeState(/mnt/emmc): Unknown volume
07-11 15:14:40.765 W/MountService(  374): getVolumeState(/mnt/extSdCard): Unknown volume
07-11 15:14:40.765 W/MountService(  374): getVolumeState(/mnt/sdcard/SD_CARD): Unknown volume
07-11 15:14:40.765 W/MountService(  374): getVolumeState(/mnt/sdcard/extra_sd): Unknown volume
07-11 15:14:40.773 W/MountService(  374): getVolumeState(/mnt/extrasd_bind): Unknown volume
07-11 15:14:40.773 W/MountService(  374): getVolumeState(/mnt/sdcard/ext_sd): Unknown volume
07-11 15:14:40.781 W/MountService(  374): getVolumeState(/storage/extSdCard): Unknown volume
07-11 15:14:40.781 W/MountService(  374): getVolumeState(/storage/sdcard1): Unknown volume
07-11 15:14:40.781 W/MountService(  374): getVolumeState(/mnt/sdcard/external_SD): Unknown volume
07-11 15:14:40.789 W/MountService(  374): getVolumeState(/mnt/sdcard/external_sd): Unknown volume
07-11 15:15:40.703 W/MountService(  374): getVolumeState(/storage/emulated/0/external_sd): Unknown volume
07-11 15:15:40.711 W/MountService(  374): getVolumeState(/mnt/sdcard-ext): Unknown volume
07-11 15:15:40.711 W/MountService(  374): getVolumeState(/mnt/ext_sdcard): Unknown volume
07-11 15:15:40.711 W/MountService(  374): getVolumeState(/mnt/sdcard2): Unknown volume
07-11 15:15:40.711 W/MountService(  374): getVolumeState(/mnt/emmc): Unknown volume
07-11 15:15:40.711 W/MountService(  374): getVolumeState(/mnt/extSdCard): Unknown volume
07-11 15:15:40.711 W/MountService(  374): getVolumeState(/mnt/sdcard/SD_CARD): Unknown volume
07-11 15:15:40.711 W/MountService(  374): getVolumeState(/mnt/sdcard/extra_sd): Unknown volume
07-11 15:15:40.711 W/MountService(  374): getVolumeState(/mnt/extrasd_bind): Unknown volume
07-11 15:15:40.719 W/MountService(  374): getVolumeState(/mnt/sdcard/ext_sd): Unknown volume
07-11 15:15:40.719 W/MountService(  374): getVolumeState(/storage/extSdCard): Unknown volume
07-11 15:15:40.719 W/MountService(  374): getVolumeState(/storage/sdcard1): Unknown volume
07-11 15:15:40.719 W/MountService(  374): getVolumeState(/mnt/sdcard/external_SD): Unknown volume
07-11 15:15:40.719 W/MountService(  374): getVolumeState(/mnt/sdcard/external_sd): Unknown volume
07-11 15:15:40.969 W/MountService(  374): getVolumeState(/storage/emulated/0/external_sd): Unknown volume
07-11 15:15:40.969 W/MountService(  374): getVolumeState(/mnt/sdcard-ext): Unknown volume
07-11 15:15:40.969 W/MountService(  374): getVolumeState(/mnt/ext_sdcard): Unknown volume
07-11 15:15:40.969 W/MountService(  374): getVolumeState(/mnt/sdcard2): Unknown volume
07-11 15:15:40.969 W/MountService(  374): getVolumeState(/mnt/emmc): Unknown volume
07-11 15:15:40.969 W/MountService(  374): getVolumeState(/mnt/extSdCard): Unknown volume
07-11 15:15:40.969 W/MountService(  374): getVolumeState(/mnt/sdcard/SD_CARD): Unknown volume
07-11 15:15:40.969 W/MountService(  374): getVolumeState(/mnt/sdcard/extra_sd): Unknown volume
07-11 15:15:40.969 W/MountService(  374): getVolumeState(/mnt/extrasd_bind): Unknown volume
07-11 15:15:40.976 W/MountService(  374): getVolumeState(/mnt/sdcard/ext_sd): Unknown volume
07-11 15:15:40.976 W/MountService(  374): getVolumeState(/storage/extSdCard): Unknown volume
07-11 15:15:40.976 W/MountService(  374): getVolumeState(/storage/sdcard1): Unknown volume
07-11 15:15:40.976 W/MountService(  374): getVolumeState(/mnt/sdcard/external_SD): Unknown volume
07-11 15:15:40.976 W/MountService(  374): getVolumeState(/mnt/sdcard/external_sd): Unknown volume
07-11 15:16:40.851 W/MountService(  374): getVolumeState(/storage/emulated/0/external_sd): Unknown volume
07-11 15:16:40.851 W/MountService(  374): getVolumeState(/mnt/sdcard-ext): Unknown volume
07-11 15:16:40.851 W/MountService(  374): getVolumeState(/mnt/ext_sdcard): Unknown volume
07-11 15:16:40.851 W/MountService(  374): getVolumeState(/mnt/sdcard2): Unknown volume
07-11 15:16:40.851 W/MountService(  374): getVolumeState(/mnt/emmc): Unknown volume
07-11 15:16:40.851 W/MountService(  374): getVolumeState(/mnt/extSdCard): Unknown volume
07-11 15:16:40.851 W/MountService(  374): getVolumeState(/mnt/sdcard/SD_CARD): Unknown volume
07-11 15:16:40.851 W/MountService(  374): getVolumeState(/mnt/sdcard/extra_sd): Unknown volume
07-11 15:16:40.859 W/MountService(  374): getVolumeState(/mnt/extrasd_bind): Unknown volume
07-11 15:16:40.859 W/MountService(  374): getVolumeState(/mnt/sdcard/ext_sd): Unknown volume
07-11 15:16:40.859 W/MountService(  374): getVolumeState(/storage/extSdCard): Unknown volume
07-11 15:16:40.859 W/MountService(  374): getVolumeState(/storage/sdcard1): Unknown volume
07-11 15:16:40.859 W/MountService(  374): getVolumeState(/mnt/sdcard/external_SD): Unknown volume
07-11 15:16:40.859 W/MountService(  374): getVolumeState(/mnt/sdcard/external_sd): Unknown volume
07-11 15:16:41.086 W/MountService(  374): getVolumeState(/storage/emulated/0/external_sd): Unknown volume
07-11 15:16:41.086 W/MountService(  374): getVolumeState(/mnt/sdcard-ext): Unknown volume
07-11 15:16:41.086 W/MountService(  374): getVolumeState(/mnt/ext_sdcard): Unknown volume
07-11 15:16:41.086 W/MountService(  374): getVolumeState(/mnt/sdcard2): Unknown volume
07-11 15:16:41.086 W/MountService(  374): getVolumeState(/mnt/emmc): Unknown volume
07-11 15:16:41.086 W/MountService(  374): getVolumeState(/mnt/extSdCard): Unknown volume
07-11 15:16:41.086 W/MountService(  374): getVolumeState(/mnt/sdcard/SD_CARD): Unknown volume
07-11 15:16:41.086 W/MountService(  374): getVolumeState(/mnt/sdcard/extra_sd): Unknown volume
07-11 15:16:41.094 W/MountService(  374): getVolumeState(/mnt/extrasd_bind): Unknown volume
07-11 15:16:41.094 W/MountService(  374): getVolumeState(/mnt/sdcard/ext_sd): Unknown volume
07-11 15:16:41.101 W/MountService(  374): getVolumeState(/storage/extSdCard): Unknown volume
07-11 15:16:41.101 W/MountService(  374): getVolumeState(/storage/sdcard1): Unknown volume
07-11 15:16:41.101 W/MountService(  374): getVolumeState(/mnt/sdcard/external_SD): Unknown volume
07-11 15:16:41.101 W/MountService(  374): getVolumeState(/mnt/sdcard/external_sd): Unknown volume
07-11 15:17:36.726 W/BackupManagerService(  374): dataChanged but no participant pkg='com.android.providers.settings' uid=10079
07-11 15:17:36.773 W/BackupManagerService(  374): dataChanged but no participant pkg='com.android.providers.settings' uid=10079
07-11 15:17:40.984 W/MountService(  374): getVolumeState(/storage/emulated/0/external_sd): Unknown volume
07-11 15:17:40.984 W/MountService(  374): getVolumeState(/mnt/sdcard-ext): Unknown volume
07-11 15:17:40.984 W/MountService(  374): getVolumeState(/mnt/ext_sdcard): Unknown volume
07-11 15:17:40.984 W/MountService(  374): getVolumeState(/mnt/sdcard2): Unknown volume
07-11 15:17:40.984 W/MountService(  374): getVolumeState(/mnt/emmc): Unknown volume
07-11 15:17:40.984 W/MountService(  374): getVolumeState(/mnt/extSdCard): Unknown volume
07-11 15:17:40.984 W/MountService(  374): getVolumeState(/mnt/sdcard/SD_CARD): Unknown volume
07-11 15:17:40.984 W/MountService(  374): getVolumeState(/mnt/sdcard/extra_sd): Unknown volume
07-11 15:17:40.984 W/MountService(  374): getVolumeState(/mnt/extrasd_bind): Unknown volume
07-11 15:17:40.992 W/MountService(  374): getVolumeState(/mnt/sdcard/ext_sd): Unknown volume
07-11 15:17:40.992 W/MountService(  374): getVolumeState(/storage/extSdCard): Unknown volume
07-11 15:17:40.992 W/MountService(  374): getVolumeState(/storage/sdcard1): Unknown volume
07-11 15:17:40.992 W/MountService(  374): getVolumeState(/mnt/sdcard/external_SD): Unknown volume
07-11 15:17:40.992 W/MountService(  374): getVolumeState(/mnt/sdcard/external_sd): Unknown volume
07-11 15:17:41.250 W/MountService(  374): getVolumeState(/storage/emulated/0/external_sd): Unknown volume
07-11 15:17:41.250 W/MountService(  374): getVolumeState(/mnt/sdcard-ext): Unknown volume
07-11 15:17:41.250 W/MountService(  374): getVolumeState(/mnt/ext_sdcard): Unknown volume
07-11 15:17:41.258 W/MountService(  374): getVolumeState(/mnt/sdcard2): Unknown volume
07-11 15:17:41.258 W/MountService(  374): getVolumeState(/mnt/emmc): Unknown volume
07-11 15:17:41.258 W/MountService(  374): getVolumeState(/mnt/extSdCard): Unknown volume
07-11 15:17:41.258 W/MountService(  374): getVolumeState(/mnt/sdcard/SD_CARD): Unknown volume
07-11 15:17:41.258 W/MountService(  374): getVolumeState(/mnt/sdcard/extra_sd): Unknown volume
07-11 15:17:41.258 W/MountService(  374): getVolumeState(/mnt/extrasd_bind): Unknown volume
07-11 15:17:41.265 W/MountService(  374): getVolumeState(/mnt/sdcard/ext_sd): Unknown volume
07-11 15:17:41.265 W/MountService(  374): getVolumeState(/storage/extSdCard): Unknown volume
07-11 15:17:41.265 W/MountService(  374): getVolumeState(/storage/sdcard1): Unknown volume
07-11 15:17:41.265 W/MountService(  374): getVolumeState(/mnt/sdcard/external_SD): Unknown volume
07-11 15:17:41.265 W/MountService(  374): getVolumeState(/mnt/sdcard/external_sd): Unknown volume
07-11 15:18:29.547 I/ActivityManager(  374): No longer want com.pekall.nmefc (pid 7201): empty for 1800s
07-11 15:18:29.562 W/ActivityManager(  374): Scheduling restart of crashed service com.pekall.nmefc/com.pekall.lib.push.PushService in 5000ms
07-11 15:18:34.586 I/ActivityManager(  374): Start proc com.pekall.nmefc for service com.pekall.nmefc/com.pekall.lib.push.PushService: pid=14262 uid=10068 gids={50068, 1015, 1028, 3003}
07-11 15:18:41.070 W/MountService(  374): getVolumeState(/storage/emulated/0/external_sd): Unknown volume
07-11 15:18:41.078 W/MountService(  374): getVolumeState(/mnt/sdcard-ext): Unknown volume
07-11 15:18:41.078 W/MountService(  374): getVolumeState(/mnt/ext_sdcard): Unknown volume
07-11 15:18:41.086 W/MountService(  374): getVolumeState(/mnt/sdcard2): Unknown volume
07-11 15:18:41.086 W/MountService(  374): getVolumeState(/mnt/emmc): Unknown volume
07-11 15:18:41.086 W/MountService(  374): getVolumeState(/mnt/extSdCard): Unknown volume
07-11 15:18:41.086 W/MountService(  374): getVolumeState(/mnt/sdcard/SD_CARD): Unknown volume
07-11 15:18:41.086 W/MountService(  374): getVolumeState(/mnt/sdcard/extra_sd): Unknown volume
07-11 15:18:41.094 W/MountService(  374): getVolumeState(/mnt/extrasd_bind): Unknown volume
07-11 15:18:41.094 W/MountService(  374): getVolumeState(/mnt/sdcard/ext_sd): Unknown volume
07-11 15:18:41.094 W/MountService(  374): getVolumeState(/storage/extSdCard): Unknown volume
07-11 15:18:41.094 W/MountService(  374): getVolumeState(/storage/sdcard1): Unknown volume
07-11 15:18:41.094 W/MountService(  374): getVolumeState(/mnt/sdcard/external_SD): Unknown volume
07-11 15:18:41.094 W/MountService(  374): getVolumeState(/mnt/sdcard/external_sd): Unknown volume
07-11 15:18:41.320 W/MountService(  374): getVolumeState(/storage/emulated/0/external_sd): Unknown volume
07-11 15:18:41.328 W/MountService(  374): getVolumeState(/mnt/sdcard-ext): Unknown volume
07-11 15:18:41.328 W/MountService(  374): getVolumeState(/mnt/ext_sdcard): Unknown volume
07-11 15:18:41.328 W/MountService(  374): getVolumeState(/mnt/sdcard2): Unknown volume
07-11 15:18:41.328 W/MountService(  374): getVolumeState(/mnt/emmc): Unknown volume
07-11 15:18:41.328 W/MountService(  374): getVolumeState(/mnt/extSdCard): Unknown volume
07-11 15:18:41.328 W/MountService(  374): getVolumeState(/mnt/sdcard/SD_CARD): Unknown volume
07-11 15:18:41.336 W/MountService(  374): getVolumeState(/mnt/sdcard/extra_sd): Unknown volume
07-11 15:18:41.336 W/MountService(  374): getVolumeState(/mnt/extrasd_bind): Unknown volume
07-11 15:18:41.336 W/MountService(  374): getVolumeState(/mnt/sdcard/ext_sd): Unknown volume
07-11 15:18:41.336 W/MountService(  374): getVolumeState(/storage/extSdCard): Unknown volume
07-11 15:18:41.336 W/MountService(  374): getVolumeState(/storage/sdcard1): Unknown volume
07-11 15:18:41.336 W/MountService(  374): getVolumeState(/mnt/sdcard/external_SD): Unknown volume
07-11 15:18:41.336 W/MountService(  374): getVolumeState(/mnt/sdcard/external_sd): Unknown volume
07-11 15:19:41.297 W/MountService(  374): getVolumeState(/storage/emulated/0/external_sd): Unknown volume
07-11 15:19:41.304 W/MountService(  374): getVolumeState(/mnt/sdcard-ext): Unknown volume
07-11 15:19:41.304 W/MountService(  374): getVolumeState(/mnt/ext_sdcard): Unknown volume
07-11 15:19:41.304 W/MountService(  374): getVolumeState(/mnt/sdcard2): Unknown volume
07-11 15:19:41.304 W/MountService(  374): getVolumeState(/mnt/emmc): Unknown volume
07-11 15:19:41.304 W/MountService(  374): getVolumeState(/mnt/extSdCard): Unknown volume
07-11 15:19:41.304 W/MountService(  374): getVolumeState(/mnt/sdcard/SD_CARD): Unknown volume
07-11 15:19:41.304 W/MountService(  374): getVolumeState(/mnt/sdcard/extra_sd): Unknown volume
07-11 15:19:41.304 W/MountService(  374): getVolumeState(/mnt/extrasd_bind): Unknown volume
07-11 15:19:41.312 W/MountService(  374): getVolumeState(/mnt/sdcard/ext_sd): Unknown volume
07-11 15:19:41.312 W/MountService(  374): getVolumeState(/storage/extSdCard): Unknown volume
07-11 15:19:41.312 W/MountService(  374): getVolumeState(/storage/sdcard1): Unknown volume
07-11 15:19:41.312 W/MountService(  374): getVolumeState(/mnt/sdcard/external_SD): Unknown volume
07-11 15:19:41.312 W/MountService(  374): getVolumeState(/mnt/sdcard/external_sd): Unknown volume
07-11 15:19:41.539 W/MountService(  374): getVolumeState(/storage/emulated/0/external_sd): Unknown volume
07-11 15:19:41.539 W/MountService(  374): getVolumeState(/mnt/sdcard-ext): Unknown volume
07-11 15:19:41.539 W/MountService(  374): getVolumeState(/mnt/ext_sdcard): Unknown volume
07-11 15:19:41.539 W/MountService(  374): getVolumeState(/mnt/sdcard2): Unknown volume
07-11 15:19:41.539 W/MountService(  374): getVolumeState(/mnt/emmc): Unknown volume
07-11 15:19:41.539 W/MountService(  374): getVolumeState(/mnt/extSdCard): Unknown volume
07-11 15:19:41.539 W/MountService(  374): getVolumeState(/mnt/sdcard/SD_CARD): Unknown volume
07-11 15:19:41.539 W/MountService(  374): getVolumeState(/mnt/sdcard/extra_sd): Unknown volume
07-11 15:19:41.547 W/MountService(  374): getVolumeState(/mnt/extrasd_bind): Unknown volume
07-11 15:19:41.547 W/MountService(  374): getVolumeState(/mnt/sdcard/ext_sd): Unknown volume
07-11 15:19:41.554 W/MountService(  374): getVolumeState(/storage/extSdCard): Unknown volume
07-11 15:19:41.554 W/MountService(  374): getVolumeState(/storage/sdcard1): Unknown volume
07-11 15:19:41.554 W/MountService(  374): getVolumeState(/mnt/sdcard/external_SD): Unknown volume
07-11 15:19:41.554 W/MountService(  374): getVolumeState(/mnt/sdcard/external_sd): Unknown volume
07-11 15:20:41.086 I/PowerManagerService(  374): Waking up from sleep...
07-11 15:20:41.234 I/WindowManager(  374): Lock screen displayed!
07-11 15:20:41.422 W/MountService(  374): getVolumeState(/storage/emulated/0/external_sd): Unknown volume
07-11 15:20:41.422 W/MountService(  374): getVolumeState(/mnt/sdcard-ext): Unknown volume
07-11 15:20:41.422 W/MountService(  374): getVolumeState(/mnt/ext_sdcard): Unknown volume
07-11 15:20:41.429 W/MountService(  374): getVolumeState(/mnt/sdcard2): Unknown volume
07-11 15:20:41.484 W/MountService(  374): getVolumeState(/mnt/emmc): Unknown volume
07-11 15:20:41.484 W/MountService(  374): getVolumeState(/mnt/extSdCard): Unknown volume
07-11 15:20:41.484 W/MountService(  374): getVolumeState(/mnt/sdcard/SD_CARD): Unknown volume
07-11 15:20:41.492 W/MountService(  374): getVolumeState(/mnt/sdcard/extra_sd): Unknown volume
07-11 15:20:41.492 W/MountService(  374): getVolumeState(/mnt/extrasd_bind): Unknown volume
07-11 15:20:41.492 W/MountService(  374): getVolumeState(/mnt/sdcard/ext_sd): Unknown volume
07-11 15:20:41.492 W/MountService(  374): getVolumeState(/storage/extSdCard): Unknown volume
07-11 15:20:41.492 W/MountService(  374): getVolumeState(/storage/sdcard1): Unknown volume
07-11 15:20:41.492 W/MountService(  374): getVolumeState(/mnt/sdcard/external_SD): Unknown volume
07-11 15:20:41.500 W/MountService(  374): getVolumeState(/mnt/sdcard/external_sd): Unknown volume
07-11 15:20:41.976 I/ActivityManager(  374): Process com.google.android.calendar (pid 11398) has died.
07-11 15:20:42.304 D/PhoneStatusBar(  450): disable: < expand icons alerts ticker system_info BACK HOME recent* CLOCK search >
07-11 15:20:42.437 W/InputMethodManagerService(  374): Window already focused, ignoring focus gain of: com.android.internal.view.IInputMethodClient$Stub$Proxy@42c3b4f8 attribute=android.view.inputmethod.EditorInfo@430fb9a0, token = android.os.BinderProxy@42c84988
07-11 15:20:42.437 D/PhoneStatusBar(  450): disable: < expand icons alerts ticker system_info back* home* recent clock* search >
07-11 15:20:43.265 W/MountService(  374): getVolumeState(/storage/emulated/0/external_sd): Unknown volume
07-11 15:20:43.273 W/MountService(  374): getVolumeState(/mnt/sdcard-ext): Unknown volume
07-11 15:20:43.289 W/MountService(  374): getVolumeState(/mnt/ext_sdcard): Unknown volume
07-11 15:20:43.289 W/MountService(  374): getVolumeState(/mnt/sdcard2): Unknown volume
07-11 15:20:43.289 W/MountService(  374): getVolumeState(/mnt/emmc): Unknown volume
07-11 15:20:43.297 W/MountService(  374): getVolumeState(/mnt/extSdCard): Unknown volume
07-11 15:20:43.297 W/MountService(  374): getVolumeState(/mnt/sdcard/SD_CARD): Unknown volume
07-11 15:20:43.297 W/MountService(  374): getVolumeState(/mnt/sdcard/extra_sd): Unknown volume
07-11 15:20:43.304 W/MountService(  374): getVolumeState(/mnt/extrasd_bind): Unknown volume
07-11 15:20:43.304 W/MountService(  374): getVolumeState(/mnt/sdcard/ext_sd): Unknown volume
07-11 15:20:43.304 W/MountService(  374): getVolumeState(/storage/extSdCard): Unknown volume
07-11 15:20:43.312 W/MountService(  374): getVolumeState(/storage/sdcard1): Unknown volume
07-11 15:20:43.312 W/MountService(  374): getVolumeState(/mnt/sdcard/external_SD): Unknown volume
07-11 15:20:43.312 W/MountService(  374): getVolumeState(/mnt/sdcard/external_sd): Unknown volume
07-11 15:20:43.398 I/ActivityManager(  374): Process com.google.android.partnersetup (pid 10946) has died.
07-11 15:21:12.148 I/PowerManagerService(  374): Going to sleep due to screen timeout...
07-11 15:21:18.148 D/PhoneStatusBar(  450): disable: < expand icons alerts ticker system_info back home RECENT* clock search >
07-11 15:21:18.328 D/PhoneStatusBar(  450): disable: < expand icons alerts ticker system_info BACK* HOME* RECENT CLOCK* search >
07-11 15:21:36.398 I/PowerManagerService(  374): Waking up from sleep...
07-11 15:21:36.539 I/WindowManager(  374): Lock screen displayed!
07-11 15:21:37.656 D/PhoneStatusBar(  450): disable: < expand icons alerts ticker system_info BACK HOME recent* CLOCK search >
07-11 15:21:37.750 W/InputMethodManagerService(  374): Window already focused, ignoring focus gain of: com.android.internal.view.IInputMethodClient$Stub$Proxy@426363f0 attribute=android.view.inputmethod.EditorInfo@43479f58, token = android.os.BinderProxy@42c84988
07-11 15:21:37.750 D/PhoneStatusBar(  450): disable: < expand icons alerts ticker system_info back* home* recent clock* search >
07-11 15:21:41.469 W/MountService(  374): getVolumeState(/storage/emulated/0/external_sd): Unknown volume
07-11 15:21:41.469 W/MountService(  374): getVolumeState(/mnt/sdcard-ext): Unknown volume
07-11 15:21:41.476 W/MountService(  374): getVolumeState(/mnt/ext_sdcard): Unknown volume
07-11 15:21:41.476 W/MountService(  374): getVolumeState(/mnt/sdcard2): Unknown volume
07-11 15:21:41.476 W/MountService(  374): getVolumeState(/mnt/emmc): Unknown volume
07-11 15:21:41.476 W/MountService(  374): getVolumeState(/mnt/extSdCard): Unknown volume
07-11 15:21:41.476 W/MountService(  374): getVolumeState(/mnt/sdcard/SD_CARD): Unknown volume
07-11 15:21:41.476 W/MountService(  374): getVolumeState(/mnt/sdcard/extra_sd): Unknown volume
07-11 15:21:41.476 W/MountService(  374): getVolumeState(/mnt/extrasd_bind): Unknown volume
07-11 15:21:41.476 W/MountService(  374): getVolumeState(/mnt/sdcard/ext_sd): Unknown volume
07-11 15:21:41.476 W/MountService(  374): getVolumeState(/storage/extSdCard): Unknown volume
07-11 15:21:41.476 W/MountService(  374): getVolumeState(/storage/sdcard1): Unknown volume
07-11 15:21:41.484 W/MountService(  374): getVolumeState(/mnt/sdcard/external_SD): Unknown volume
07-11 15:21:41.484 W/MountService(  374): getVolumeState(/mnt/sdcard/external_sd): Unknown volume
07-11 15:21:41.719 W/MountService(  374): getVolumeState(/storage/emulated/0/external_sd): Unknown volume
07-11 15:21:41.719 W/MountService(  374): getVolumeState(/mnt/sdcard-ext): Unknown volume
07-11 15:21:41.719 W/MountService(  374): getVolumeState(/mnt/ext_sdcard): Unknown volume
07-11 15:21:41.726 W/MountService(  374): getVolumeState(/mnt/sdcard2): Unknown volume
07-11 15:21:41.726 W/MountService(  374): getVolumeState(/mnt/emmc): Unknown volume
07-11 15:21:41.726 W/MountService(  374): getVolumeState(/mnt/extSdCard): Unknown volume
07-11 15:21:41.726 W/MountService(  374): getVolumeState(/mnt/sdcard/SD_CARD): Unknown volume
07-11 15:21:41.726 W/MountService(  374): getVolumeState(/mnt/sdcard/extra_sd): Unknown volume
07-11 15:21:41.726 W/MountService(  374): getVolumeState(/mnt/extrasd_bind): Unknown volume
07-11 15:21:41.726 W/MountService(  374): getVolumeState(/mnt/sdcard/ext_sd): Unknown volume
07-11 15:21:41.726 W/MountService(  374): getVolumeState(/storage/extSdCard): Unknown volume
07-11 15:21:41.726 W/MountService(  374): getVolumeState(/storage/sdcard1): Unknown volume
07-11 15:21:41.726 W/MountService(  374): getVolumeState(/mnt/sdcard/external_SD): Unknown volume
07-11 15:21:41.734 W/MountService(  374): getVolumeState(/mnt/sdcard/external_sd): Unknown volume
07-11 15:22:07.625 I/PowerManagerService(  374): Going to sleep due to screen timeout...
07-11 15:22:13.429 W/ProcessStats(  374): Skipping unknown process pid 14819
07-11 15:22:13.578 D/PhoneStatusBar(  450): disable: < expand icons alerts ticker system_info back home RECENT* clock search >
07-11 15:22:13.726 D/PhoneStatusBar(  450): disable: < expand icons alerts ticker system_info BACK* HOME* RECENT CLOCK* search >
07-11 15:22:13.945 I/PowerManagerService(  374): Waking up from sleep...
07-11 15:22:14.101 I/WindowManager(  374): Lock screen displayed!
07-11 15:22:15.172 D/PhoneStatusBar(  450): disable: < expand icons alerts ticker system_info BACK HOME recent* CLOCK search >
07-11 15:22:15.258 D/PhoneStatusBar(  450): disable: < expand icons alerts ticker system_info back* home* recent clock* search >
07-11 15:22:15.273 W/InputMethodManagerService(  374): Window already focused, ignoring focus gain of: com.android.internal.view.IInputMethodClient$Stub$Proxy@431377b0 attribute=android.view.inputmethod.EditorInfo@43259bc8, token = android.os.BinderProxy@42c84988
07-11 15:22:17.609 I/ActivityManager(  374): START u0 {act=android.intent.action.VIEW cmp=com.android.packageinstaller/.UninstallAppProgress (has extras)} from pid 12402
07-11 15:22:17.672 I/ActivityManager(  374): Force stopping package by.game.binumbers appid=10083 user=-1
07-11 15:22:17.679 W/PackageManager(  374): Couldn't delete native library directory /data/app-lib/by.game.binumbers
07-11 15:22:17.976 I/ActivityManager(  374): Force stopping package by.game.binumbers appid=10083 user=0
07-11 15:22:18.289 W/MountService(  374): getVolumeState(/storage/emulated/0/external_sd): Unknown volume
07-11 15:22:18.289 W/MountService(  374): getVolumeState(/mnt/sdcard-ext): Unknown volume
07-11 15:22:18.289 W/MountService(  374): getVolumeState(/mnt/ext_sdcard): Unknown volume
07-11 15:22:18.289 W/MountService(  374): getVolumeState(/mnt/sdcard2): Unknown volume
07-11 15:22:18.304 W/MountService(  374): getVolumeState(/mnt/emmc): Unknown volume
07-11 15:22:18.312 W/MountService(  374): getVolumeState(/mnt/extSdCard): Unknown volume
07-11 15:22:18.320 W/MountService(  374): getVolumeState(/mnt/sdcard/SD_CARD): Unknown volume
07-11 15:22:18.320 W/MountService(  374): getVolumeState(/mnt/sdcard/extra_sd): Unknown volume
07-11 15:22:18.320 W/MountService(  374): getVolumeState(/mnt/extrasd_bind): Unknown volume
07-11 15:22:18.320 W/MountService(  374): getVolumeState(/mnt/sdcard/ext_sd): Unknown volume
07-11 15:22:18.469 W/BackupManagerService(  374): dataChanged but no participant pkg='com.android.providers.settings' uid=10079
07-11 15:22:18.640 W/MountService(  374): getVolumeState(/storage/extSdCard): Unknown volume
07-11 15:22:18.640 W/MountService(  374): getVolumeState(/storage/sdcard1): Unknown volume
07-11 15:22:18.640 W/MountService(  374): getVolumeState(/mnt/sdcard/external_SD): Unknown volume
07-11 15:22:18.640 W/MountService(  374): getVolumeState(/mnt/sdcard/external_sd): Unknown volume
07-11 15:22:18.648 W/BackupManagerService(  374): dataChanged but no participant pkg='com.android.providers.settings' uid=10079
07-11 15:22:18.687 I/ActivityManager(  374): Start proc com.google.android.gallery3d for broadcast com.google.android.gallery3d/com.android.gallery3d.app.PackagesMonitor: pid=14884 uid=10019 gids={50019, 1006, 3003, 1015, 1028}
07-11 15:22:19.140 D/BackupManagerService(  374): Received broadcast Intent { act=android.intent.action.PACKAGE_REMOVED dat=package:by.game.binumbers flg=0x8000010 (has extras) }
07-11 15:22:19.148 V/BackupManagerService(  374): removePackageParticipantsLocked: uid=10083 #1
07-11 15:22:19.500 I/ActivityManager(  374): Start proc com.android.keychain for broadcast com.android.keychain/.KeyChainBroadcastReceiver: pid=14906 uid=1000 gids={41000, 1015, 1028, 3002, 3001, 3003, 3007}
07-11 15:22:19.570 W/ContextImpl(14906): Calling a method in the system process without a qualified user: android.app.ContextImpl.startService:1385 android.content.ContextWrapper.startService:473 android.content.ContextWrapper.startService:473 com.android.keychain.KeyChainBroadcastReceiver.onReceive:12 android.app.ActivityThread.handleReceiver:2424 
07-11 15:22:20.008 I/ActivityManager(  374): Start proc com.google.android.apps.plus for broadcast com.google.android.apps.plus/.service.PackagesMediaMonitor: pid=14924 uid=10048 gids={50048, 3003, 3002, 1015, 1006, 1028}
07-11 15:22:20.070 W/MountService(  374): getVolumeState(/storage/emulated/0/external_sd): Unknown volume
07-11 15:22:20.070 W/MountService(  374): getVolumeState(/mnt/sdcard-ext): Unknown volume
07-11 15:22:20.070 W/MountService(  374): getVolumeState(/mnt/ext_sdcard): Unknown volume
07-11 15:22:20.078 W/MountService(  374): getVolumeState(/mnt/sdcard2): Unknown volume
07-11 15:22:20.078 W/MountService(  374): getVolumeState(/mnt/emmc): Unknown volume
07-11 15:22:20.086 W/MountService(  374): getVolumeState(/mnt/extSdCard): Unknown volume
07-11 15:22:20.086 W/MountService(  374): getVolumeState(/mnt/sdcard/SD_CARD): Unknown volume
07-11 15:22:20.086 W/MountService(  374): getVolumeState(/mnt/sdcard/extra_sd): Unknown volume
07-11 15:22:20.101 W/MountService(  374): getVolumeState(/mnt/extrasd_bind): Unknown volume
07-11 15:22:20.101 W/MountService(  374): getVolumeState(/mnt/sdcard/ext_sd): Unknown volume
07-11 15:22:20.101 W/MountService(  374): getVolumeState(/storage/extSdCard): Unknown volume
07-11 15:22:20.101 W/MountService(  374): getVolumeState(/storage/sdcard1): Unknown volume
07-11 15:22:20.101 W/MountService(  374): getVolumeState(/mnt/sdcard/external_SD): Unknown volume
07-11 15:22:20.101 W/MountService(  374): getVolumeState(/mnt/sdcard/external_sd): Unknown volume
07-11 15:22:22.062 I/ActivityManager(  374): Process com.android.providers.calendar (pid 11355) has died.
07-11 15:22:22.320 I/ActivityManager(  374): Start proc com.google.android.gms for broadcast com.google.android.gms/.games.receiver.GamesSystemBroadcastReceiver: pid=14942 uid=10009 gids={50009, 3003, 1007, 1028, 1015, 1006, 2001, 3006}
07-11 15:22:22.437 I/ActivityManager(  374): Process com.google.android.deskclock (pid 11290) has died.
07-11 15:22:22.679 I/ActivityManager(  374): Start proc com.google.android.googlequicksearchbox for broadcast com.google.android.googlequicksearchbox/com.google.android.apps.sidekick.GmmLocationProviderImpl$GmmPackageWatcher: pid=14969 uid=10056 gids={50056, 3003, 1028, 1007, 3002, 1015}
07-11 15:22:22.890 I/ActivityManager(  374): Process android.process.acore (pid 12827) has died.
07-11 15:22:22.961 I/ActivityManager(  374): Start proc com.google.android.partnersetup for content provider com.google.android.partnersetup/.RlzAppProvider: pid=15022 uid=10027 gids={50027, 3003, 1028}
07-11 15:22:23.547 I/ActivityManager(  374): Start proc com.qihoo.root for broadcast com.qihoo.root/.UninstallReceiver: pid=15079 uid=10078 gids={50078, 1015, 3003, 1028}
07-11 15:22:23.640 I/ActivityManager(  374): No longer want com.nd.assistance (pid 13166): empty #17
07-11 15:22:23.711 I/ActivityManager(  374): Start proc com.google.android.gsf.login for service com.google.android.gms/.recovery.AccountRecoveryBackgroundService: pid=15095 uid=10009 gids={50009, 3003, 1007, 1028, 1015, 1006, 2001, 3006}
07-11 15:22:23.836 I/ActivityManager(  374): No longer want com.mgyapp.android (pid 6553): empty #17
07-11 15:22:23.851 W/ActivityManager(  374): Scheduling restart of crashed service com.mgyapp.android/.service.AppService in 5000ms
07-11 15:22:24.453 W/ActivityManager(  374): Unable to start service Intent { act=com.google.android.gms.analytics.service.START (has extras) } U=0: not found
07-11 15:22:28.203 W/ActivityManager(  374): Unable to start service Intent { act=com.google.android.gms.analytics.service.START (has extras) } U=0: not found
07-11 15:22:28.875 I/ActivityManager(  374): Start proc com.mgyapp.android for service com.mgyapp.android/.service.AppService: pid=15128 uid=10079 gids={50079, 3003, 1015, 1028, 3002, 1006}
07-11 15:22:29.469 W/ActivityManager(  374): Unable to start service Intent { act=com.google.android.gms.analytics.service.START (has extras) } U=0: not found
07-11 15:22:31.219 W/BackupManagerService(  374): dataChanged but no participant pkg='com.android.providers.settings' uid=10079
07-11 15:22:33.203 W/ActivityManager(  374): Unable to start service Intent { act=com.google.android.gms.analytics.service.START (has extras) } U=0: not found
07-11 15:22:41.672 W/MountService(  374): getVolumeState(/storage/emulated/0/external_sd): Unknown volume
07-11 15:22:41.672 W/MountService(  374): getVolumeState(/mnt/sdcard-ext): Unknown volume
07-11 15:22:41.672 W/MountService(  374): getVolumeState(/mnt/ext_sdcard): Unknown volume
07-11 15:22:41.672 W/MountService(  374): getVolumeState(/mnt/sdcard2): Unknown volume
07-11 15:22:41.672 W/MountService(  374): getVolumeState(/mnt/emmc): Unknown volume
07-11 15:22:41.672 W/MountService(  374): getVolumeState(/mnt/extSdCard): Unknown volume
07-11 15:22:41.672 W/MountService(  374): getVolumeState(/mnt/sdcard/SD_CARD): Unknown volume
07-11 15:22:41.679 W/MountService(  374): getVolumeState(/mnt/sdcard/extra_sd): Unknown volume
07-11 15:22:41.679 W/MountService(  374): getVolumeState(/mnt/extrasd_bind): Unknown volume
07-11 15:22:41.679 W/MountService(  374): getVolumeState(/mnt/sdcard/ext_sd): Unknown volume
07-11 15:22:41.679 W/MountService(  374): getVolumeState(/storage/extSdCard): Unknown volume
07-11 15:22:41.679 W/MountService(  374): getVolumeState(/storage/sdcard1): Unknown volume
07-11 15:22:41.679 W/MountService(  374): getVolumeState(/mnt/sdcard/external_SD): Unknown volume
07-11 15:22:41.687 W/MountService(  374): getVolumeState(/mnt/sdcard/external_sd): Unknown volume
07-11 15:22:41.773 I/ActivityManager(  374): Start proc android.process.acore for content provider com.android.providers.contacts/.ContactsProvider2: pid=15285 uid=10000 gids={50000, 3003, 1015, 1028}
07-11 15:22:42.070 I/ActivityManager(  374): No longer want com.qihoo.daemon (pid 8807): empty #17
07-11 15:22:42.086 W/ActivityManager(  374): Scheduling restart of crashed service com.qihoo.appstore/com.qihoo.express.mini.service.DaemonCoreService in 5000ms
07-11 15:22:42.086 W/ActivityManager(  374): Scheduling restart of crashed service com.qihoo.appstore/com.qihoo360.mobilesafe.pcdaemon.service.DaemonService in 14999ms
07-11 15:22:43.258 I/ActivityManager(  374): Start proc com.qihoo.daemon for service com.qihoo.appstore/com.qihoo360.mobilesafe.pcdaemon.service.DaemonService: pid=15337 uid=10064 gids={50064, 3003, 1015, 3002, 1006, 3001, 1028}
07-11 15:22:44.383 I/ActivityManager(  374): Process com.android.packageinstaller (pid 12402) has died.
07-11 15:22:47.164 I/ActivityManager(  374): START u0 {act=com.qihoo360.daemon.pcdaemon.ACTION_START_OPERATE_AUTHOR flg=0x10000000 cmp=com.qihoo.appstore/com.qihoo.express.mini.activity.PCLinkConfirmDialogActivity (has extras)} from pid 15337
07-11 15:22:47.242 W/InputMethodManagerService(  374): Window already focused, ignoring focus gain of: com.android.internal.view.IInputMethodClient$Stub$Proxy@4298f1e8 attribute=null, token = android.os.BinderProxy@425fcae0
07-11 15:22:53.281 I/PowerManagerService(  374): Going to sleep due to screen timeout...
07-11 15:22:59.164 I/ActivityManager(  374): Start proc com.google.android.deskclock for service com.google.android.deskclock/com.android.alarmclock.DigitalAppWidgetService: pid=15478 uid=10013 gids={50013, 1028}
07-11 15:22:59.351 D/PhoneStatusBar(  450): disable: < expand icons alerts ticker system_info back home RECENT* clock search >
07-11 15:22:59.515 D/PhoneStatusBar(  450): disable: < expand icons alerts ticker system_info BACK* HOME* RECENT CLOCK* search >
07-11 15:23:04.359 I/ActivityManager(  374): No longer want com.google.android.gallery3d (pid 14884): empty #17
07-11 15:23:38.086 I/PowerManagerService(  374): Waking up from sleep...
07-11 15:23:38.195 I/WindowManager(  374): Lock screen displayed!
07-11 15:23:38.523 I/ActivityManager(  374): Start proc com.android.providers.calendar for content provider com.android.providers.calendar/.CalendarProvider2: pid=15583 uid=10007 gids={50007, 3003, 1015, 1028}
07-11 15:23:38.633 I/ActivityManager(  374): No longer want com.android.keychain (pid 14906): empty #17
07-11 15:23:39.179 D/PhoneStatusBar(  450): disable: < expand icons alerts ticker system_info BACK HOME recent* CLOCK search >
07-11 15:23:39.265 D/PhoneStatusBar(  450): disable: < expand icons alerts ticker system_info back* home* recent clock* search >
07-11 15:23:39.281 W/InputMethodManagerService(  374): Window already focused, ignoring focus gain of: com.android.internal.view.IInputMethodClient$Stub$Proxy@42261150 attribute=android.view.inputmethod.EditorInfo@423308f8, token = android.os.BinderProxy@425fcae0
07-11 15:23:40.101 I/ActivityManager(  374): Start proc com.google.android.calendar for broadcast com.google.android.calendar/com.android.calendar.alerts.AlertReceiver: pid=15636 uid=10006 gids={50006, 3003, 1028}
07-11 15:23:41.883 W/MountService(  374): getVolumeState(/storage/emulated/0/external_sd): Unknown volume
07-11 15:23:41.883 W/MountService(  374): getVolumeState(/mnt/sdcard-ext): Unknown volume
