07-11 16:14:35.484 D/DB      ( 3259): fillWindow: 0
07-11 16:14:35.492 D/DB      ( 3259): cursor 838
07-11 16:14:35.492 D/PushMessageWidget( 3259): cursor count is 838
07-11 16:14:35.492 D/DB      ( 3259): moveToPos: 0
07-11 16:14:35.492 D/DB      ( 3259): onMove: 0
07-11 16:14:35.500 D/PushMessageWidget( 3259): fill data and title is : testpush , content is : test push message!@#$%^&*()! hello world
07-11 16:14:35.508 D/PushMessageWidget( 3259): [null:-1]->action is : com.pekall.emdm.message.UPDATE_MESSAGE
07-11 16:14:35.508 D/PushMessageWidget( 3259): [null:-1]->call onUpdate 
07-11 16:14:35.508 E/DB      ( 3259): bind, index: 1, value: 100
07-11 16:14:35.508 D/DB      ( 3259): query: SQLiteQuery: SELECT subject, msg, date FROM message WHERE type = ?  ORDER BY _id DESC
07-11 16:14:35.508 D/DB      ( 3259): factory null
07-11 16:14:35.508 D/DB      ( 3259): fillWindow: 0
07-11 16:14:35.515 D/DB      ( 3259): cursor 838
07-11 16:14:35.515 D/PushMessageWidget( 3259): cursor count is 838
07-11 16:14:35.515 D/DB      ( 3259): moveToPos: 0
07-11 16:14:35.515 D/DB      ( 3259): onMove: 0
07-11 16:14:35.523 D/PushMessageWidget( 3259): fill data and title is : testpush , content is : test push message!@#$%^&*()! hello world
07-11 16:14:35.531 D/PushMessageWidget( 3259): [null:-1]->action is : com.pekall.emdm.message.UPDATE_MESSAGE
07-11 16:14:35.531 D/PushMessageWidget( 3259): [null:-1]->call onUpdate 
07-11 16:14:35.531 E/DB      ( 3259): bind, index: 1, value: 100
07-11 16:14:35.531 D/DB      ( 3259): query: SQLiteQuery: SELECT subject, msg, date FROM message WHERE type = ?  ORDER BY _id DESC
07-11 16:14:35.531 D/DB      ( 3259): factory null
07-11 16:14:35.531 D/DB      ( 3259): fillWindow: 0
07-11 16:14:35.547 D/DB      ( 3259): cursor 838
07-11 16:14:35.547 D/PushMessageWidget( 3259): cursor count is 838
07-11 16:14:35.547 D/DB      ( 3259): moveToPos: 0
07-11 16:14:35.547 D/DB      ( 3259): onMove: 0
07-11 16:14:35.547 D/PushMessageWidget( 3259): fill data and title is : testpush , content is : test push message!@#$%^&*()! hello world
07-11 16:14:35.578 D/Finsky  (22173): [1] PackageVerificationReceiver.onReceive: Verification requested, id = 17
07-11 16:14:35.594 D/PushMessageWidget( 3259): [null:-1]->action is : com.pekall.emdm.message.UPDATE_MESSAGE
07-11 16:14:35.594 D/PushMessageWidget( 3259): [null:-1]->call onUpdate 
07-11 16:14:35.594 E/DB      ( 3259): bind, index: 1, value: 100
07-11 16:14:35.594 D/DB      ( 3259): query: SQLiteQuery: SELECT subject, msg, date FROM message WHERE type = ?  ORDER BY _id DESC
07-11 16:14:35.594 D/DB      ( 3259): factory null
07-11 16:14:35.594 D/DB      ( 3259): fillWindow: 0
07-11 16:14:35.601 D/Finsky  (22173): [1] WorkerTask.onPreExecute: Verification Requested for id = 17, data=file:///storage/emulated/0/MDM/download/bygamebinumbers.apk flags=16 fromVerificationActivity=false
07-11 16:14:35.609 D/DB      ( 3259): cursor 838
07-11 16:14:35.609 D/PushMessageWidget( 3259): cursor count is 838
07-11 16:14:35.609 D/DB      ( 3259): moveToPos: 0
07-11 16:14:35.609 D/DB      ( 3259): onMove: 0
07-11 16:14:35.617 D/PushMessageWidget( 3259): fill data and title is : testpush , content is : test push message!@#$%^&*()! hello world
07-11 16:14:35.617 D/PushMessageWidget( 3259): [null:-1]->action is : com.pekall.emdm.message.UPDATE_MESSAGE
07-11 16:14:35.625 D/PushMessageWidget( 3259): [null:-1]->call onUpdate 
07-11 16:14:35.625 E/DB      ( 3259): bind, index: 1, value: 100
07-11 16:14:35.625 D/DB      ( 3259): query: SQLiteQuery: SELECT subject, msg, date FROM message WHERE type = ?  ORDER BY _id DESC
07-11 16:14:35.625 D/DB      ( 3259): factory null
07-11 16:14:35.625 D/DB      ( 3259): fillWindow: 0
07-11 16:14:35.640 D/DB      ( 3259): cursor 838
07-11 16:14:35.640 D/PushMessageWidget( 3259): cursor count is 838
07-11 16:14:35.640 D/DB      ( 3259): moveToPos: 0
07-11 16:14:35.640 D/DB      ( 3259): onMove: 0
07-11 16:14:35.640 D/PushMessageWidget( 3259): fill data and title is : testpush , content is : test push message!@#$%^&*()! hello world
07-11 16:14:35.648 D/PushMessageWidget( 3259): [null:-1]->action is : com.pekall.emdm.message.UPDATE_MESSAGE
07-11 16:14:35.648 D/PushMessageWidget( 3259): [null:-1]->call onUpdate 
07-11 16:14:35.656 E/DB      ( 3259): bind, index: 1, value: 100
07-11 16:14:35.656 D/DB      ( 3259): query: SQLiteQuery: SELECT subject, msg, date FROM message WHERE type = ?  ORDER BY _id DESC
07-11 16:14:35.656 D/DB      ( 3259): factory null
07-11 16:14:35.656 D/DB      ( 3259): fillWindow: 0
07-11 16:14:35.656 D/dalvikvm(22173): GC_CONCURRENT freed 483K, 9% free 9391K/10264K, paused 8ms+4ms, total 36ms
07-11 16:14:35.664 D/DB      ( 3259): cursor 838
07-11 16:14:35.664 D/PushMessageWidget( 3259): cursor count is 838
07-11 16:14:35.672 D/DB      ( 3259): moveToPos: 0
07-11 16:14:35.672 D/DB      ( 3259): onMove: 0
07-11 16:14:35.672 D/PushMessageWidget( 3259): fill data and title is : testpush , content is : test push message!@#$%^&*()! hello world
07-11 16:14:35.679 D/PushMessageWidget( 3259): [null:-1]->action is : com.pekall.emdm.message.UPDATE_MESSAGE
07-11 16:14:35.679 D/PushMessageWidget( 3259): [null:-1]->call onUpdate 
07-11 16:14:35.679 E/DB      ( 3259): bind, index: 1, value: 100
07-11 16:14:35.679 D/DB      ( 3259): query: SQLiteQuery: SELECT subject, msg, date FROM message WHERE type = ?  ORDER BY _id DESC
07-11 16:14:35.679 D/DB      ( 3259): factory null
07-11 16:14:35.679 D/DB      ( 3259): fillWindow: 0
07-11 16:14:35.695 D/DB      ( 3259): cursor 838
07-11 16:14:35.695 D/PushMessageWidget( 3259): cursor count is 838
07-11 16:14:35.695 D/DB      ( 3259): moveToPos: 0
07-11 16:14:35.695 D/DB      ( 3259): onMove: 0
07-11 16:14:35.703 D/PushMessageWidget( 3259): fill data and title is : testpush , content is : test push message!@#$%^&*()! hello world
07-11 16:14:35.711 D/PushMessageWidget( 3259): [null:-1]->action is : com.pekall.emdm.message.UPDATE_MESSAGE
07-11 16:14:35.711 D/PushMessageWidget( 3259): [null:-1]->call onUpdate 
07-11 16:14:35.711 E/DB      ( 3259): bind, index: 1, value: 100
07-11 16:14:35.711 D/DB      ( 3259): query: SQLiteQuery: SELECT subject, msg, date FROM message WHERE type = ?  ORDER BY _id DESC
07-11 16:14:35.711 D/DB      ( 3259): factory null
07-11 16:14:35.711 D/DB      ( 3259): fillWindow: 0
07-11 16:14:35.734 D/DB      ( 3259): cursor 838
07-11 16:14:35.734 D/PushMessageWidget( 3259): cursor count is 838
07-11 16:14:35.734 D/DB      ( 3259): moveToPos: 0
07-11 16:14:35.734 D/DB      ( 3259): onMove: 0
07-11 16:14:35.734 D/dalvikvm(22173): GC_CONCURRENT freed 268K, 7% free 9634K/10264K, paused 3ms+4ms, total 38ms
07-11 16:14:35.734 D/dalvikvm(22173): WAIT_FOR_CONCURRENT_GC blocked 10ms
07-11 16:14:35.734 D/PushMessageWidget( 3259): fill data and title is : testpush , content is : test push message!@#$%^&*()! hello world
07-11 16:14:35.742 D/PushMessageWidget( 3259): [null:-1]->action is : com.pekall.emdm.message.UPDATE_MESSAGE
07-11 16:14:35.742 D/PushMessageWidget( 3259): [null:-1]->call onUpdate 
07-11 16:14:35.742 E/DB      ( 3259): bind, index: 1, value: 100
07-11 16:14:35.742 D/DB      ( 3259): query: SQLiteQuery: SELECT subject, msg, date FROM message WHERE type = ?  ORDER BY _id DESC
07-11 16:14:35.742 D/DB      ( 3259): factory null
07-11 16:14:35.742 D/DB      ( 3259): fillWindow: 0
07-11 16:14:35.758 D/DB      ( 3259): cursor 838
07-11 16:14:35.758 D/PushMessageWidget( 3259): cursor count is 838
07-11 16:14:35.758 D/DB      ( 3259): moveToPos: 0
07-11 16:14:35.758 D/DB      ( 3259): onMove: 0
07-11 16:14:35.765 D/PushMessageWidget( 3259): fill data and title is : testpush , content is : test push message!@#$%^&*()! hello world
07-11 16:14:35.773 D/PushMessageWidget( 3259): [null:-1]->action is : com.pekall.emdm.message.UPDATE_MESSAGE
07-11 16:14:35.773 D/PushMessageWidget( 3259): [null:-1]->call onUpdate 
07-11 16:14:35.773 E/DB      ( 3259): bind, index: 1, value: 100
07-11 16:14:35.773 D/DB      ( 3259): query: SQLiteQuery: SELECT subject, msg, date FROM message WHERE type = ?  ORDER BY _id DESC
07-11 16:14:35.773 D/DB      ( 3259): factory null
07-11 16:14:35.773 D/DB      ( 3259): fillWindow: 0
07-11 16:14:35.781 D/DB      ( 3259): cursor 838
07-11 16:14:35.781 D/PushMessageWidget( 3259): cursor count is 838
07-11 16:14:35.789 D/DB      ( 3259): moveToPos: 0
07-11 16:14:35.789 D/DB      ( 3259): onMove: 0
07-11 16:14:35.789 D/PushMessageWidget( 3259): fill data and title is : testpush , content is : test push message!@#$%^&*()! hello world
07-11 16:14:35.797 D/PushMessageWidget( 3259): [null:-1]->action is : com.pekall.emdm.message.UPDATE_MESSAGE
07-11 16:14:35.797 D/PushMessageWidget( 3259): [null:-1]->call onUpdate 
07-11 16:14:35.797 E/DB      ( 3259): bind, index: 1, value: 100
07-11 16:14:35.797 D/DB      ( 3259): query: SQLiteQuery: SELECT subject, msg, date FROM message WHERE type = ?  ORDER BY _id DESC
07-11 16:14:35.797 D/DB      ( 3259): factory null
07-11 16:14:35.797 D/DB      ( 3259): fillWindow: 0
07-11 16:14:35.820 D/DB      ( 3259): cursor 838
07-11 16:14:35.820 D/PushMessageWidget( 3259): cursor count is 838
07-11 16:14:35.820 D/DB      ( 3259): moveToPos: 0
07-11 16:14:35.820 D/DB      ( 3259): onMove: 0
07-11 16:14:35.828 D/PushMessageWidget( 3259): fill data and title is : testpush , content is : test push message!@#$%^&*()! hello world
07-11 16:14:35.836 D/PushMessageWidget( 3259): [null:-1]->action is : com.pekall.emdm.message.UPDATE_MESSAGE
07-11 16:14:35.836 D/PushMessageWidget( 3259): [null:-1]->call onUpdate 
07-11 16:14:35.844 E/DB      ( 3259): bind, index: 1, value: 100
07-11 16:14:35.844 D/DB      ( 3259): query: SQLiteQuery: SELECT subject, msg, date FROM message WHERE type = ?  ORDER BY _id DESC
07-11 16:14:35.844 D/DB      ( 3259): factory null
07-11 16:14:35.844 D/DB      ( 3259): fillWindow: 0
07-11 16:14:35.859 D/dalvikvm(22173): GC_CONCURRENT freed 434K, 6% free 9705K/10264K, paused 2ms+3ms, total 47ms
07-11 16:14:35.859 D/dalvikvm(22173): WAIT_FOR_CONCURRENT_GC blocked 33ms
07-11 16:14:35.859 D/DB      ( 3259): cursor 838
07-11 16:14:35.859 D/PushMessageWidget( 3259): cursor count is 838
07-11 16:14:35.859 D/DB      ( 3259): moveToPos: 0
07-11 16:14:35.859 D/DB      ( 3259): onMove: 0
07-11 16:14:35.867 D/PushMessageWidget( 3259): fill data and title is : testpush , content is : test push message!@#$%^&*()! hello world
07-11 16:14:35.875 D/PushMessageWidget( 3259): [null:-1]->action is : com.pekall.emdm.message.UPDATE_MESSAGE
07-11 16:14:35.875 D/PushMessageWidget( 3259): [null:-1]->call onUpdate 
07-11 16:14:35.875 E/DB      ( 3259): bind, index: 1, value: 100
07-11 16:14:35.875 D/DB      ( 3259): query: SQLiteQuery: SELECT subject, msg, date FROM message WHERE type = ?  ORDER BY _id DESC
07-11 16:14:35.875 D/DB      ( 3259): factory null
07-11 16:14:35.883 D/DB      ( 3259): fillWindow: 0
07-11 16:14:35.898 D/DB      ( 3259): cursor 838
07-11 16:14:35.898 D/PushMessageWidget( 3259): cursor count is 838
07-11 16:14:35.898 D/DB      ( 3259): moveToPos: 0
07-11 16:14:35.898 D/DB      ( 3259): onMove: 0
07-11 16:14:35.906 D/PushMessageWidget( 3259): fill data and title is : testpush , content is : test push message!@#$%^&*()! hello world
07-11 16:14:35.914 D/PushMessageWidget( 3259): [null:-1]->action is : com.pekall.emdm.message.UPDATE_MESSAGE
07-11 16:14:35.914 D/PushMessageWidget( 3259): [null:-1]->call onUpdate 
07-11 16:14:35.914 E/DB      ( 3259): bind, index: 1, value: 100
07-11 16:14:35.914 D/DB      ( 3259): query: SQLiteQuery: SELECT subject, msg, date FROM message WHERE type = ?  ORDER BY _id DESC
07-11 16:14:35.914 D/DB      ( 3259): factory null
07-11 16:14:35.914 D/DB      ( 3259): fillWindow: 0
07-11 16:14:35.937 D/DB      ( 3259): cursor 838
07-11 16:14:35.937 D/dalvikvm(22173): GC_CONCURRENT freed 398K, 6% free 9710K/10264K, paused 3ms+10ms, total 42ms
07-11 16:14:35.937 D/PushMessageWidget( 3259): cursor count is 838
07-11 16:14:35.937 D/DB      ( 3259): moveToPos: 0
07-11 16:14:35.937 D/DB      ( 3259): onMove: 0
07-11 16:14:35.937 D/PushMessageWidget( 3259): fill data and title is : testpush , content is : test push message!@#$%^&*()! hello world
07-11 16:14:35.945 D/PushMessageWidget( 3259): [null:-1]->action is : com.pekall.emdm.message.UPDATE_MESSAGE
07-11 16:14:35.945 D/PushMessageWidget( 3259): [null:-1]->call onUpdate 
07-11 16:14:35.945 E/DB      ( 3259): bind, index: 1, value: 100
07-11 16:14:35.945 D/DB      ( 3259): query: SQLiteQuery: SELECT subject, msg, date FROM message WHERE type = ?  ORDER BY _id DESC
07-11 16:14:35.945 D/DB      ( 3259): factory null
07-11 16:14:35.953 D/DB      ( 3259): fillWindow: 0
07-11 16:14:35.969 D/DB      ( 3259): cursor 838
07-11 16:14:35.969 D/PushMessageWidget( 3259): cursor count is 838
07-11 16:14:35.969 D/DB      ( 3259): moveToPos: 0
07-11 16:14:35.969 D/DB      ( 3259): onMove: 0
07-11 16:14:35.976 D/PushMessageWidget( 3259): fill data and title is : testpush , content is : test push message!@#$%^&*()! hello world
07-11 16:14:35.984 D/PushMessageWidget( 3259): [null:-1]->action is : com.pekall.emdm.message.UPDATE_MESSAGE
07-11 16:14:35.984 D/PushMessageWidget( 3259): [null:-1]->call onUpdate 
07-11 16:14:35.984 E/DB      ( 3259): bind, index: 1, value: 100
07-11 16:14:35.984 D/DB      ( 3259): query: SQLiteQuery: SELECT subject, msg, date FROM message WHERE type = ?  ORDER BY _id DESC
07-11 16:14:35.984 D/DB      ( 3259): factory null
07-11 16:14:35.984 D/DB      ( 3259): fillWindow: 0
07-11 16:14:36.000 D/DB      ( 3259): cursor 838
07-11 16:14:36.000 D/PushMessageWidget( 3259): cursor count is 838
07-11 16:14:36.000 D/DB      ( 3259): moveToPos: 0
07-11 16:14:36.000 D/DB      ( 3259): onMove: 0
07-11 16:14:36.008 D/PushMessageWidget( 3259): fill data and title is : testpush , content is : test push message!@#$%^&*()! hello world
07-11 16:14:36.015 D/PushMessageWidget( 3259): [null:-1]->action is : com.pekall.emdm.message.UPDATE_MESSAGE
07-11 16:14:36.015 D/PushMessageWidget( 3259): [null:-1]->call onUpdate 
07-11 16:14:36.015 E/DB      ( 3259): bind, index: 1, value: 100
07-11 16:14:36.015 D/DB      ( 3259): query: SQLiteQuery: SELECT subject, msg, date FROM message WHERE type = ?  ORDER BY _id DESC
07-11 16:14:36.015 D/DB      ( 3259): factory null
07-11 16:14:36.015 D/DB      ( 3259): fillWindow: 0
07-11 16:14:36.031 D/dalvikvm(22173): GC_CONCURRENT freed 409K, 6% free 9721K/10264K, paused 4ms+5ms, total 49ms
07-11 16:14:36.031 D/DB      ( 3259): cursor 838
07-11 16:14:36.031 D/PushMessageWidget( 3259): cursor count is 838
07-11 16:14:36.031 D/DB      ( 3259): moveToPos: 0
07-11 16:14:36.031 D/DB      ( 3259): onMove: 0
07-11 16:14:36.031 D/PushMessageWidget( 3259): fill data and title is : testpush , content is : test push message!@#$%^&*()! hello world
07-11 16:14:36.039 D/PushMessageWidget( 3259): [null:-1]->action is : com.pekall.emdm.message.UPDATE_MESSAGE
07-11 16:14:36.039 D/PushMessageWidget( 3259): [null:-1]->call onUpdate 
07-11 16:14:36.047 E/DB      ( 3259): bind, index: 1, value: 100
07-11 16:14:36.047 D/DB      ( 3259): query: SQLiteQuery: SELECT subject, msg, date FROM message WHERE type = ?  ORDER BY _id DESC
07-11 16:14:36.047 D/DB      ( 3259): factory null
07-11 16:14:36.047 D/DB      ( 3259): fillWindow: 0
07-11 16:14:36.054 D/DB      ( 3259): cursor 838
07-11 16:14:36.054 D/PushMessageWidget( 3259): cursor count is 838
07-11 16:14:36.054 D/DB      ( 3259): moveToPos: 0
07-11 16:14:36.054 D/DB      ( 3259): onMove: 0
07-11 16:14:36.062 D/PushMessageWidget( 3259): fill data and title is : testpush , content is : test push message!@#$%^&*()! hello world
07-11 16:14:36.070 D/PushMessageWidget( 3259): [null:-1]->action is : com.pekall.emdm.message.UPDATE_MESSAGE
07-11 16:14:36.070 D/PushMessageWidget( 3259): [null:-1]->call onUpdate 
07-11 16:14:36.070 E/DB      ( 3259): bind, index: 1, value: 100
07-11 16:14:36.070 D/DB      ( 3259): query: SQLiteQuery: SELECT subject, msg, date FROM message WHERE type = ?  ORDER BY _id DESC
07-11 16:14:36.070 D/DB      ( 3259): factory null
07-11 16:14:36.070 D/DB      ( 3259): fillWindow: 0
07-11 16:14:36.078 D/DB      ( 3259): cursor 838
07-11 16:14:36.078 D/PushMessageWidget( 3259): cursor count is 838
07-11 16:14:36.078 D/DB      ( 3259): moveToPos: 0
07-11 16:14:36.078 D/DB      ( 3259): onMove: 0
07-11 16:14:36.086 D/PushMessageWidget( 3259): fill data and title is : testpush , content is : test push message!@#$%^&*()! hello world
07-11 16:14:36.094 D/PushService(19749): [null:-1]->receiver action :com.pekall.mdm.action.PUSH_ALARM
07-11 16:14:36.094 D/PushMessageWidget( 3259): [null:-1]->action is : com.pekall.emdm.message.UPDATE_MESSAGE
07-11 16:14:36.094 D/PushMessageWidget( 3259): [null:-1]->call onUpdate 
07-11 16:14:36.094 D/PushService(19749): [null:-1]->keepAliveWithPushServer client is opened:true
07-11 16:14:36.094 D/PushLib : (19749): [null:-1]->ping!!!!!!!!!
07-11 16:14:36.094 E/DB      ( 3259): bind, index: 1, value: 100
07-11 16:14:36.101 D/DB      ( 3259): query: SQLiteQuery: SELECT subject, msg, date FROM message WHERE type = ?  ORDER BY _id DESC
07-11 16:14:36.101 D/DB      ( 3259): factory null
07-11 16:14:36.101 D/DB      ( 3259): fillWindow: 0
07-11 16:14:36.101 D/PushLib : (19749): [null:-1]->pushClient is :not null
07-11 16:14:36.101 D/PushLib : (19749): [null:-1]->pushClient opened : opened
07-11 16:14:36.109 D/dalvikvm(22173): GC_CONCURRENT freed 430K, 6% free 9715K/10264K, paused 3ms+3ms, total 43ms
07-11 16:14:36.109 D/dalvikvm(22173): WAIT_FOR_CONCURRENT_GC blocked 33ms
07-11 16:14:36.117 D/DB      ( 3259): cursor 838
07-11 16:14:36.117 D/PushMessageWidget( 3259): cursor count is 838
07-11 16:14:36.117 D/DB      ( 3259): moveToPos: 0
07-11 16:14:36.117 D/DB      ( 3259): onMove: 0
07-11 16:14:36.117 D/PushMessageWidget( 3259): fill data and title is : testpush , content is : test push message!@#$%^&*()! hello world
07-11 16:14:36.125 D/PushMessageWidget( 3259): [null:-1]->action is : com.pekall.emdm.message.UPDATE_MESSAGE
07-11 16:14:36.125 D/PushMessageWidget( 3259): [null:-1]->call onUpdate 
07-11 16:14:36.125 E/DB      ( 3259): bind, index: 1, value: 100
07-11 16:14:36.125 D/DB      ( 3259): query: SQLiteQuery: SELECT subject, msg, date FROM message WHERE type = ?  ORDER BY _id DESC
07-11 16:14:36.125 D/DB      ( 3259): factory null
07-11 16:14:36.125 D/DB      ( 3259): fillWindow: 0
07-11 16:14:36.140 D/DB      ( 3259): cursor 838
07-11 16:14:36.140 D/PushMessageWidget( 3259): cursor count is 838
07-11 16:14:36.140 D/DB      ( 3259): moveToPos: 0
07-11 16:14:36.140 D/DB      ( 3259): onMove: 0
07-11 16:14:36.140 D/PushMessageWidget( 3259): fill data and title is : testpush , content is : test push message!@#$%^&*()! hello world
07-11 16:14:36.148 D/PushMessageWidget( 3259): [null:-1]->action is : com.pekall.emdm.message.UPDATE_MESSAGE
07-11 16:14:36.148 D/PushMessageWidget( 3259): [null:-1]->call onUpdate 
07-11 16:14:36.156 E/DB      ( 3259): bind, index: 1, value: 100
07-11 16:14:36.156 D/DB      ( 3259): query: SQLiteQuery: SELECT subject, msg, date FROM message WHERE type = ?  ORDER BY _id DESC
07-11 16:14:36.156 D/DB      ( 3259): factory null
07-11 16:14:36.156 D/DB      ( 3259): fillWindow: 0
07-11 16:14:36.164 D/DB      ( 3259): cursor 838
07-11 16:14:36.164 D/PushMessageWidget( 3259): cursor count is 838
07-11 16:14:36.164 D/DB      ( 3259): moveToPos: 0
07-11 16:14:36.164 D/DB      ( 3259): onMove: 0
07-11 16:14:36.172 D/PushMessageWidget( 3259): fill data and title is : testpush , content is : test push message!@#$%^&*()! hello world
07-11 16:14:36.179 D/PushMessageWidget( 3259): [null:-1]->action is : com.pekall.emdm.message.UPDATE_MESSAGE
07-11 16:14:36.179 D/PushMessageWidget( 3259): [null:-1]->call onUpdate 
07-11 16:14:36.179 E/DB      ( 3259): bind, index: 1, value: 100
07-11 16:14:36.179 D/DB      ( 3259): query: SQLiteQuery: SELECT subject, msg, date FROM message WHERE type = ?  ORDER BY _id DESC
07-11 16:14:36.179 D/DB      ( 3259): factory null
07-11 16:14:36.179 D/DB      ( 3259): fillWindow: 0
07-11 16:14:36.179 D/dalvikvm(22173): GC_CONCURRENT freed 399K, 6% free 9717K/10264K, paused 3ms+5ms, total 36ms
07-11 16:14:36.187 D/DB      ( 3259): cursor 838
07-11 16:14:36.187 D/PushMessageWidget( 3259): cursor count is 838
07-11 16:14:36.187 D/DB      ( 3259): moveToPos: 0
07-11 16:14:36.195 D/DB      ( 3259): onMove: 0
07-11 16:14:36.195 D/PushMessageWidget( 3259): fill data and title is : testpush , content is : test push message!@#$%^&*()! hello world
07-11 16:14:36.203 D/PushMessageWidget( 3259): [null:-1]->action is : com.pekall.emdm.message.UPDATE_MESSAGE
07-11 16:14:36.203 D/PushMessageWidget( 3259): [null:-1]->call onUpdate 
07-11 16:14:36.203 E/DB      ( 3259): bind, index: 1, value: 100
07-11 16:14:36.203 D/DB      ( 3259): query: SQLiteQuery: SELECT subject, msg, date FROM message WHERE type = ?  ORDER BY _id DESC
07-11 16:14:36.203 D/DB      ( 3259): factory null
07-11 16:14:36.203 D/DB      ( 3259): fillWindow: 0
07-11 16:14:36.219 D/DB      ( 3259): cursor 838
07-11 16:14:36.219 D/PushMessageWidget( 3259): cursor count is 838
07-11 16:14:36.219 D/DB      ( 3259): moveToPos: 0
07-11 16:14:36.219 D/DB      ( 3259): onMove: 0
07-11 16:14:36.219 D/PushMessageWidget( 3259): fill data and title is : testpush , content is : test push message!@#$%^&*()! hello world
07-11 16:14:36.226 D/PushMessageWidget( 3259): [null:-1]->action is : com.pekall.emdm.message.UPDATE_MESSAGE
07-11 16:14:36.226 D/PushMessageWidget( 3259): [null:-1]->call onUpdate 
07-11 16:14:36.226 E/DB      ( 3259): bind, index: 1, value: 100
07-11 16:14:36.226 D/DB      ( 3259): query: SQLiteQuery: SELECT subject, msg, date FROM message WHERE type = ?  ORDER BY _id DESC
07-11 16:14:36.226 D/DB      ( 3259): factory null
07-11 16:14:36.226 D/DB      ( 3259): fillWindow: 0
07-11 16:14:36.242 D/DB      ( 3259): cursor 838
07-11 16:14:36.242 D/PushMessageWidget( 3259): cursor count is 838
07-11 16:14:36.242 D/DB      ( 3259): moveToPos: 0
07-11 16:14:36.242 D/DB      ( 3259): onMove: 0
07-11 16:14:36.250 D/PushMessageWidget( 3259): fill data and title is : testpush , content is : test push message!@#$%^&*()! hello world
07-11 16:14:36.250 D/PushMessageWidget( 3259): [null:-1]->action is : com.pekall.emdm.message.UPDATE_MESSAGE
07-11 16:14:36.258 D/PushMessageWidget( 3259): [null:-1]->call onUpdate 
07-11 16:14:36.258 E/DB      ( 3259): bind, index: 1, value: 100
07-11 16:14:36.258 D/DB      ( 3259): query: SQLiteQuery: SELECT subject, msg, date FROM message WHERE type = ?  ORDER BY _id DESC
07-11 16:14:36.258 D/DB      ( 3259): factory null
07-11 16:14:36.258 D/DB      ( 3259): fillWindow: 0
07-11 16:14:36.265 D/DB      ( 3259): cursor 838
07-11 16:14:36.265 D/PushMessageWidget( 3259): cursor count is 838
07-11 16:14:36.265 D/DB      ( 3259): moveToPos: 0
07-11 16:14:36.265 D/DB      ( 3259): onMove: 0
07-11 16:14:36.273 D/PushMessageWidget( 3259): fill data and title is : testpush , content is : test push message!@#$%^&*()! hello world
07-11 16:14:36.281 D/PushMessageWidget( 3259): [null:-1]->action is : com.pekall.emdm.message.UPDATE_MESSAGE
07-11 16:14:36.281 D/PushMessageWidget( 3259): [null:-1]->call onUpdate 
07-11 16:14:36.281 E/DB      ( 3259): bind, index: 1, value: 100
07-11 16:14:36.281 D/DB      ( 3259): query: SQLiteQuery: SELECT subject, msg, date FROM message WHERE type = ?  ORDER BY _id DESC
07-11 16:14:36.281 D/DB      ( 3259): factory null
07-11 16:14:36.281 D/DB      ( 3259): fillWindow: 0
07-11 16:14:36.297 D/DB      ( 3259): cursor 838
07-11 16:14:36.297 D/PushMessageWidget( 3259): cursor count is 838
07-11 16:14:36.297 D/DB      ( 3259): moveToPos: 0
07-11 16:14:36.297 D/DB      ( 3259): onMove: 0
07-11 16:14:36.297 D/PushMessageWidget( 3259): fill data and title is : testpush , content is : test push message!@#$%^&*()! hello world
07-11 16:14:36.304 D/PushMessageWidget( 3259): [null:-1]->action is : com.pekall.emdm.message.UPDATE_MESSAGE
07-11 16:14:36.304 D/PushMessageWidget( 3259): [null:-1]->call onUpdate 
07-11 16:14:36.304 E/DB      ( 3259): bind, index: 1, value: 100
07-11 16:14:36.312 D/DB      ( 3259): query: SQLiteQuery: SELECT subject, msg, date FROM message WHERE type = ?  ORDER BY _id DESC
07-11 16:14:36.312 D/DB      ( 3259): factory null
07-11 16:14:36.312 D/DB      ( 3259): fillWindow: 0
07-11 16:14:36.320 D/DB      ( 3259): cursor 838
07-11 16:14:36.320 D/PushMessageWidget( 3259): cursor count is 838
07-11 16:14:36.320 D/DB      ( 3259): moveToPos: 0
07-11 16:14:36.320 D/DB      ( 3259): onMove: 0
07-11 16:14:36.328 D/PushMessageWidget( 3259): fill data and title is : testpush , content is : test push message!@#$%^&*()! hello world
07-11 16:14:36.336 D/PushMessageWidget( 3259): [null:-1]->action is : com.pekall.emdm.message.UPDATE_MESSAGE
07-11 16:14:36.336 D/PushMessageWidget( 3259): [null:-1]->call onUpdate 
07-11 16:14:36.336 E/DB      ( 3259): bind, index: 1, value: 100
07-11 16:14:36.336 D/DB      ( 3259): query: SQLiteQuery: SELECT subject, msg, date FROM message WHERE type = ?  ORDER BY _id DESC
07-11 16:14:36.336 D/DB      ( 3259): factory null
07-11 16:14:36.336 D/DB      ( 3259): fillWindow: 0
07-11 16:14:36.351 D/DB      ( 3259): cursor 838
07-11 16:14:36.351 D/PushMessageWidget( 3259): cursor count is 838
07-11 16:14:36.351 D/DB      ( 3259): moveToPos: 0
07-11 16:14:36.351 D/DB      ( 3259): onMove: 0
07-11 16:14:36.351 D/PushMessageWidget( 3259): fill data and title is : testpush , content is : test push message!@#$%^&*()! hello world
07-11 16:14:36.359 D/PushMessageWidget( 3259): [null:-1]->action is : com.pekall.emdm.message.UPDATE_MESSAGE
07-11 16:14:36.359 D/PushMessageWidget( 3259): [null:-1]->call onUpdate 
07-11 16:14:36.359 E/DB      ( 3259): bind, index: 1, value: 100
07-11 16:14:36.359 D/DB      ( 3259): query: SQLiteQuery: SELECT subject, msg, date FROM message WHERE type = ?  ORDER BY _id DESC
07-11 16:14:36.359 D/DB      ( 3259): factory null
07-11 16:14:36.359 D/DB      ( 3259): fillWindow: 0
07-11 16:14:36.375 D/DB      ( 3259): cursor 838
07-11 16:14:36.375 D/PushMessageWidget( 3259): cursor count is 838
07-11 16:14:36.375 D/DB      ( 3259): moveToPos: 0
07-11 16:14:36.375 D/DB      ( 3259): onMove: 0
07-11 16:14:36.375 D/PushMessageWidget( 3259): fill data and title is : testpush , content is : test push message!@#$%^&*()! hello world
07-11 16:14:36.383 D/PushMessageWidget( 3259): [null:-1]->action is : com.pekall.emdm.message.UPDATE_MESSAGE
07-11 16:14:36.383 D/PushMessageWidget( 3259): [null:-1]->call onUpdate 
07-11 16:14:36.383 E/DB      ( 3259): bind, index: 1, value: 100
07-11 16:14:36.383 D/DB      ( 3259): query: SQLiteQuery: SELECT subject, msg, date FROM message WHERE type = ?  ORDER BY _id DESC
07-11 16:14:36.383 D/DB      ( 3259): factory null
07-11 16:14:36.383 D/DB      ( 3259): fillWindow: 0
07-11 16:14:36.398 D/DB      ( 3259): cursor 838
07-11 16:14:36.398 D/PushMessageWidget( 3259): cursor count is 838
07-11 16:14:36.398 D/DB      ( 3259): moveToPos: 0
07-11 16:14:36.398 D/DB      ( 3259): onMove: 0
07-11 16:14:36.406 D/PushMessageWidget( 3259): fill data and title is : testpush , content is : test push message!@#$%^&*()! hello world
07-11 16:14:36.414 D/PushMessageWidget( 3259): [null:-1]->action is : com.pekall.emdm.message.UPDATE_MESSAGE
07-11 16:14:36.414 D/PushMessageWidget( 3259): [null:-1]->call onUpdate 
07-11 16:14:36.414 E/DB      ( 3259): bind, index: 1, value: 100
07-11 16:14:36.414 D/DB      ( 3259): query: SQLiteQuery: SELECT subject, msg, date FROM message WHERE type = ?  ORDER BY _id DESC
07-11 16:14:36.414 D/DB      ( 3259): factory null
07-11 16:14:36.414 D/DB      ( 3259): fillWindow: 0
07-11 16:14:36.422 D/DB      ( 3259): cursor 838
07-11 16:14:36.422 D/PushMessageWidget( 3259): cursor count is 838
07-11 16:14:36.422 D/DB      ( 3259): moveToPos: 0
07-11 16:14:36.422 D/DB      ( 3259): onMove: 0
07-11 16:14:36.429 D/PushMessageWidget( 3259): fill data and title is : testpush , content is : test push message!@#$%^&*()! hello world
07-11 16:14:36.437 D/PushMessageWidget( 3259): [null:-1]->action is : com.pekall.emdm.message.UPDATE_MESSAGE
07-11 16:14:36.437 D/PushMessageWidget( 3259): [null:-1]->call onUpdate 
07-11 16:14:36.445 E/DB      ( 3259): bind, index: 1, value: 100
07-11 16:14:36.445 D/DB      ( 3259): query: SQLiteQuery: SELECT subject, msg, date FROM message WHERE type = ?  ORDER BY _id DESC
07-11 16:14:36.445 D/DB      ( 3259): factory null
07-11 16:14:36.445 D/DB      ( 3259): fillWindow: 0
07-11 16:14:36.453 D/DB      ( 3259): cursor 838
07-11 16:14:36.453 D/PushMessageWidget( 3259): cursor count is 838
07-11 16:14:36.453 D/DB      ( 3259): moveToPos: 0
07-11 16:14:36.453 D/DB      ( 3259): onMove: 0
07-11 16:14:36.453 D/dalvikvm(22173): GC_CONCURRENT freed 384K, 6% free 9716K/10264K, paused 4ms+6ms, total 43ms
07-11 16:14:36.461 D/PushMessageWidget( 3259): fill data and title is : testpush , content is : test push message!@#$%^&*()! hello world
07-11 16:14:36.469 D/PushMessageWidget( 3259): [null:-1]->action is : com.pekall.emdm.message.UPDATE_MESSAGE
07-11 16:14:36.469 D/PushMessageWidget( 3259): [null:-1]->call onUpdate 
07-11 16:14:36.469 E/DB      ( 3259): bind, index: 1, value: 100
07-11 16:14:36.469 D/DB      ( 3259): query: SQLiteQuery: SELECT subject, msg, date FROM message WHERE type = ?  ORDER BY _id DESC
07-11 16:14:36.469 D/DB      ( 3259): factory null
07-11 16:14:36.469 D/DB      ( 3259): fillWindow: 0
07-11 16:14:36.484 D/DB      ( 3259): cursor 838
07-11 16:14:36.484 D/PushMessageWidget( 3259): cursor count is 838
07-11 16:14:36.484 D/DB      ( 3259): moveToPos: 0
07-11 16:14:36.484 D/DB      ( 3259): onMove: 0
07-11 16:14:36.492 D/PushMessageWidget( 3259): fill data and title is : testpush , content is : test push message!@#$%^&*()! hello world
07-11 16:14:36.492 D/PushMessageWidget( 3259): [null:-1]->action is : com.pekall.emdm.message.UPDATE_MESSAGE
07-11 16:14:36.500 D/PushMessageWidget( 3259): [null:-1]->call onUpdate 
07-11 16:14:36.500 E/DB      ( 3259): bind, index: 1, value: 100
07-11 16:14:36.500 D/DB      ( 3259): query: SQLiteQuery: SELECT subject, msg, date FROM message WHERE type = ?  ORDER BY _id DESC
07-11 16:14:36.500 D/DB      ( 3259): factory null
07-11 16:14:36.500 D/DB      ( 3259): fillWindow: 0
07-11 16:14:36.515 D/DB      ( 3259): cursor 838
07-11 16:14:36.515 D/PushMessageWidget( 3259): cursor count is 838
07-11 16:14:36.515 D/DB      ( 3259): moveToPos: 0
07-11 16:14:36.515 D/DB      ( 3259): onMove: 0
07-11 16:14:36.515 D/PushMessageWidget( 3259): fill data and title is : testpush , content is : test push message!@#$%^&*()! hello world
07-11 16:14:36.523 D/PushMessageWidget( 3259): [null:-1]->action is : com.pekall.emdm.message.UPDATE_MESSAGE
07-11 16:14:36.523 D/PushMessageWidget( 3259): [null:-1]->call onUpdate 
07-11 16:14:36.523 E/DB      ( 3259): bind, index: 1, value: 100
07-11 16:14:36.523 D/DB      ( 3259): query: SQLiteQuery: SELECT subject, msg, date FROM message WHERE type = ?  ORDER BY _id DESC
07-11 16:14:36.523 D/DB      ( 3259): factory null
07-11 16:14:36.523 D/DB      ( 3259): fillWindow: 0
07-11 16:14:36.539 D/DB      ( 3259): cursor 838
07-11 16:14:36.539 D/PushMessageWidget( 3259): cursor count is 838
07-11 16:14:36.539 D/DB      ( 3259): moveToPos: 0
07-11 16:14:36.539 D/DB      ( 3259): onMove: 0
07-11 16:14:36.547 D/PushMessageWidget( 3259): fill data and title is : testpush , content is : test push message!@#$%^&*()! hello world
07-11 16:14:36.547 D/PushMessageWidget( 3259): [null:-1]->action is : com.pekall.emdm.message.UPDATE_MESSAGE
07-11 16:14:36.547 D/PushMessageWidget( 3259): [null:-1]->call onUpdate 
07-11 16:14:36.547 E/DB      ( 3259): bind, index: 1, value: 100
07-11 16:14:36.554 D/DB      ( 3259): query: SQLiteQuery: SELECT subject, msg, date FROM message WHERE type = ?  ORDER BY _id DESC
07-11 16:14:36.554 D/DB      ( 3259): factory null
07-11 16:14:36.554 D/DB      ( 3259): fillWindow: 0
07-11 16:14:36.570 D/DB      ( 3259): cursor 838
07-11 16:14:36.570 D/PushMessageWidget( 3259): cursor count is 838
07-11 16:14:36.570 D/DB      ( 3259): moveToPos: 0
07-11 16:14:36.570 D/DB      ( 3259): onMove: 0
07-11 16:14:36.578 D/PushMessageWidget( 3259): fill data and title is : testpush , content is : test push message!@#$%^&*()! hello world
07-11 16:14:36.578 D/PushMessageWidget( 3259): [null:-1]->action is : com.pekall.emdm.message.UPDATE_MESSAGE
07-11 16:14:36.578 D/PushMessageWidget( 3259): [null:-1]->call onUpdate 
07-11 16:14:36.578 E/DB      ( 3259): bind, index: 1, value: 100
07-11 16:14:36.586 D/DB      ( 3259): query: SQLiteQuery: SELECT subject, msg, date FROM message WHERE type = ?  ORDER BY _id DESC
07-11 16:14:36.586 D/DB      ( 3259): factory null
07-11 16:14:36.586 D/DB      ( 3259): fillWindow: 0
07-11 16:14:36.594 D/DB      ( 3259): cursor 838
07-11 16:14:36.594 D/PushMessageWidget( 3259): cursor count is 838
07-11 16:14:36.594 D/DB      ( 3259): moveToPos: 0
07-11 16:14:36.594 D/DB      ( 3259): onMove: 0
07-11 16:14:36.601 D/PushMessageWidget( 3259): fill data and title is : testpush , content is : test push message!@#$%^&*()! hello world
07-11 16:14:36.601 D/PushMessageWidget( 3259): [null:-1]->action is : com.pekall.emdm.message.UPDATE_MESSAGE
07-11 16:14:36.601 D/PushMessageWidget( 3259): [null:-1]->call onUpdate 
07-11 16:14:36.601 E/DB      ( 3259): bind, index: 1, value: 100
07-11 16:14:36.609 D/DB      ( 3259): query: SQLiteQuery: SELECT subject, msg, date FROM message WHERE type = ?  ORDER BY _id DESC
07-11 16:14:36.609 D/DB      ( 3259): factory null
07-11 16:14:36.609 D/DB      ( 3259): fillWindow: 0
07-11 16:14:36.617 D/DB      ( 3259): cursor 838
07-11 16:14:36.617 D/PushMessageWidget( 3259): cursor count is 838
07-11 16:14:36.617 D/DB      ( 3259): moveToPos: 0
07-11 16:14:36.617 D/DB      ( 3259): onMove: 0
07-11 16:14:36.625 D/PushMessageWidget( 3259): fill data and title is : testpush , content is : test push message!@#$%^&*()! hello world
07-11 16:14:36.633 D/PushMessageWidget( 3259): [null:-1]->action is : com.pekall.emdm.message.UPDATE_MESSAGE
07-11 16:14:36.633 D/PushMessageWidget( 3259): [null:-1]->call onUpdate 
07-11 16:14:36.633 E/DB      ( 3259): bind, index: 1, value: 100
07-11 16:14:36.633 D/DB      ( 3259): query: SQLiteQuery: SELECT subject, msg, date FROM message WHERE type = ?  ORDER BY _id DESC
07-11 16:14:36.633 D/DB      ( 3259): factory null
07-11 16:14:36.633 D/DB      ( 3259): fillWindow: 0
07-11 16:14:36.648 D/DB      ( 3259): cursor 838
07-11 16:14:36.648 D/PushMessageWidget( 3259): cursor count is 838
07-11 16:14:36.648 D/DB      ( 3259): moveToPos: 0
07-11 16:14:36.648 D/DB      ( 3259): onMove: 0
07-11 16:14:36.656 D/PushMessageWidget( 3259): fill data and title is : testpush , content is : test push message!@#$%^&*()! hello world
07-11 16:14:36.656 D/PushMessageWidget( 3259): [null:-1]->action is : com.pekall.emdm.message.UPDATE_MESSAGE
07-11 16:14:36.656 D/PushMessageWidget( 3259): [null:-1]->call onUpdate 
07-11 16:14:36.656 E/DB      ( 3259): bind, index: 1, value: 100
07-11 16:14:36.664 D/DB      ( 3259): query: SQLiteQuery: SELECT subject, msg, date FROM message WHERE type = ?  ORDER BY _id DESC
07-11 16:14:36.664 D/DB      ( 3259): factory null
07-11 16:14:36.664 D/DB      ( 3259): fillWindow: 0
07-11 16:14:36.672 D/DB      ( 3259): cursor 838
07-11 16:14:36.672 D/PushMessageWidget( 3259): cursor count is 838
07-11 16:14:36.672 D/DB      ( 3259): moveToPos: 0
07-11 16:14:36.672 D/DB      ( 3259): onMove: 0
07-11 16:14:36.679 D/PushMessageWidget( 3259): fill data and title is : testpush , content is : test push message!@#$%^&*()! hello world
07-11 16:14:36.687 D/PushMessageWidget( 3259): [null:-1]->action is : com.pekall.emdm.message.UPDATE_MESSAGE
07-11 16:14:36.687 D/PushMessageWidget( 3259): [null:-1]->call onUpdate 
07-11 16:14:36.687 E/DB      ( 3259): bind, index: 1, value: 100
07-11 16:14:36.687 D/DB      ( 3259): query: SQLiteQuery: SELECT subject, msg, date FROM message WHERE type = ?  ORDER BY _id DESC
07-11 16:14:36.687 D/DB      ( 3259): factory null
07-11 16:14:36.687 D/DB      ( 3259): fillWindow: 0
07-11 16:14:36.703 D/DB      ( 3259): cursor 838
07-11 16:14:36.703 D/PushMessageWidget( 3259): cursor count is 838
07-11 16:14:36.703 D/DB      ( 3259): moveToPos: 0
07-11 16:14:36.703 D/DB      ( 3259): onMove: 0
07-11 16:14:36.703 D/PushMessageWidget( 3259): fill data and title is : testpush , content is : test push message!@#$%^&*()! hello world
07-11 16:14:36.711 D/PushMessageWidget( 3259): [null:-1]->action is : com.pekall.emdm.message.UPDATE_MESSAGE
07-11 16:14:36.711 D/PushMessageWidget( 3259): [null:-1]->call onUpdate 
07-11 16:14:36.711 E/DB      ( 3259): bind, index: 1, value: 100
07-11 16:14:36.711 D/DB      ( 3259): query: SQLiteQuery: SELECT subject, msg, date FROM message WHERE type = ?  ORDER BY _id DESC
07-11 16:14:36.711 D/DB      ( 3259): factory null
07-11 16:14:36.711 D/DB      ( 3259): fillWindow: 0
07-11 16:14:36.726 D/DB      ( 3259): cursor 838
07-11 16:14:36.726 D/PushMessageWidget( 3259): cursor count is 838
07-11 16:14:36.726 D/DB      ( 3259): moveToPos: 0
07-11 16:14:36.726 D/DB      ( 3259): onMove: 0
07-11 16:14:36.726 D/PushMessageWidget( 3259): fill data and title is : testpush , content is : test push message!@#$%^&*()! hello world
07-11 16:14:36.734 D/PushMessageWidget( 3259): [null:-1]->action is : com.pekall.emdm.message.UPDATE_MESSAGE
07-11 16:14:36.734 D/PushMessageWidget( 3259): [null:-1]->call onUpdate 
07-11 16:14:36.734 E/DB      ( 3259): bind, index: 1, value: 100
07-11 16:14:36.734 D/DB      ( 3259): query: SQLiteQuery: SELECT subject, msg, date FROM message WHERE type = ?  ORDER BY _id DESC
07-11 16:14:36.734 D/DB      ( 3259): factory null
07-11 16:14:36.734 D/DB      ( 3259): fillWindow: 0
07-11 16:14:36.750 D/DB      ( 3259): cursor 838
07-11 16:14:36.750 D/PushMessageWidget( 3259): cursor count is 838
07-11 16:14:36.750 D/DB      ( 3259): moveToPos: 0
07-11 16:14:36.750 D/DB      ( 3259): onMove: 0
07-11 16:14:36.758 D/PushMessageWidget( 3259): fill data and title is : testpush , content is : test push message!@#$%^&*()! hello world
07-11 16:14:36.758 D/PushMessageWidget( 3259): [null:-1]->action is : com.pekall.emdm.message.UPDATE_MESSAGE
07-11 16:14:36.758 D/PushMessageWidget( 3259): [null:-1]->call onUpdate 
07-11 16:14:36.758 E/DB      ( 3259): bind, index: 1, value: 100
07-11 16:14:36.765 D/DB      ( 3259): query: SQLiteQuery: SELECT subject, msg, date FROM message WHERE type = ?  ORDER BY _id DESC
07-11 16:14:36.765 D/DB      ( 3259): factory null
07-11 16:14:36.765 D/DB      ( 3259): fillWindow: 0
07-11 16:14:36.773 D/DB      ( 3259): cursor 838
07-11 16:14:36.773 D/PushMessageWidget( 3259): cursor count is 838
07-11 16:14:36.773 D/DB      ( 3259): moveToPos: 0
07-11 16:14:36.773 D/DB      ( 3259): onMove: 0
07-11 16:14:36.781 D/PushMessageWidget( 3259): fill data and title is : testpush , content is : test push message!@#$%^&*()! hello world
07-11 16:14:36.789 D/PushMessageWidget( 3259): [null:-1]->action is : com.pekall.emdm.message.UPDATE_MESSAGE
07-11 16:14:36.789 D/PushMessageWidget( 3259): [null:-1]->call onUpdate 
07-11 16:14:36.789 E/DB      ( 3259): bind, index: 1, value: 100
07-11 16:14:36.789 D/DB      ( 3259): query: SQLiteQuery: SELECT subject, msg, date FROM message WHERE type = ?  ORDER BY _id DESC
07-11 16:14:36.789 D/DB      ( 3259): factory null
07-11 16:14:36.789 D/DB      ( 3259): fillWindow: 0
07-11 16:14:36.804 D/DB      ( 3259): cursor 838
07-11 16:14:36.804 D/PushMessageWidget( 3259): cursor count is 838
07-11 16:14:36.804 D/DB      ( 3259): moveToPos: 0
07-11 16:14:36.804 D/DB      ( 3259): onMove: 0
07-11 16:14:36.804 D/PushMessageWidget( 3259): fill data and title is : testpush , content is : test push message!@#$%^&*()! hello world
07-11 16:14:36.812 D/PushMessageWidget( 3259): [null:-1]->action is : com.pekall.emdm.message.UPDATE_MESSAGE
07-11 16:14:36.812 D/PushMessageWidget( 3259): [null:-1]->call onUpdate 
07-11 16:14:36.812 E/DB      ( 3259): bind, index: 1, value: 100
07-11 16:14:36.812 D/DB      ( 3259): query: SQLiteQuery: SELECT subject, msg, date FROM message WHERE type = ?  ORDER BY _id DESC
07-11 16:14:36.812 D/DB      ( 3259): factory null
07-11 16:14:36.812 D/DB      ( 3259): fillWindow: 0
07-11 16:14:36.828 D/DB      ( 3259): cursor 838
07-11 16:14:36.828 D/PushMessageWidget( 3259): cursor count is 838
07-11 16:14:36.828 D/DB      ( 3259): moveToPos: 0
07-11 16:14:36.828 D/DB      ( 3259): onMove: 0
07-11 16:14:36.828 D/PushMessageWidget( 3259): fill data and title is : testpush , content is : test push message!@#$%^&*()! hello world
07-11 16:14:36.836 D/PushMessageWidget( 3259): [null:-1]->action is : com.pekall.emdm.message.UPDATE_MESSAGE
07-11 16:14:36.836 D/PushMessageWidget( 3259): [null:-1]->call onUpdate 
07-11 16:14:36.836 E/DB      ( 3259): bind, index: 1, value: 100
07-11 16:14:36.836 D/DB      ( 3259): query: SQLiteQuery: SELECT subject, msg, date FROM message WHERE type = ?  ORDER BY _id DESC
07-11 16:14:36.836 D/DB      ( 3259): factory null
07-11 16:14:36.836 D/DB      ( 3259): fillWindow: 0
07-11 16:14:36.851 D/DB      ( 3259): cursor 838
07-11 16:14:36.851 D/PushMessageWidget( 3259): cursor count is 838
07-11 16:14:36.851 D/DB      ( 3259): moveToPos: 0
07-11 16:14:36.851 D/DB      ( 3259): onMove: 0
07-11 16:14:36.859 D/PushMessageWidget( 3259): fill data and title is : testpush , content is : test push message!@#$%^&*()! hello world
07-11 16:14:36.859 D/PushMessageWidget( 3259): [null:-1]->action is : com.pekall.emdm.message.UPDATE_MESSAGE
07-11 16:14:36.859 D/PushMessageWidget( 3259): [null:-1]->call onUpdate 
07-11 16:14:36.859 E/DB      ( 3259): bind, index: 1, value: 100
07-11 16:14:36.859 D/DB      ( 3259): query: SQLiteQuery: SELECT subject, msg, date FROM message WHERE type = ?  ORDER BY _id DESC
07-11 16:14:36.859 D/DB      ( 3259): factory null
07-11 16:14:36.859 D/DB      ( 3259): fillWindow: 0
07-11 16:14:36.875 D/DB      ( 3259): cursor 838
07-11 16:14:36.875 D/PushMessageWidget( 3259): cursor count is 838
07-11 16:14:36.875 D/DB      ( 3259): moveToPos: 0
07-11 16:14:36.875 D/DB      ( 3259): onMove: 0
07-11 16:14:36.883 D/PushMessageWidget( 3259): fill data and title is : testpush , content is : test push message!@#$%^&*()! hello world
07-11 16:14:36.890 D/PushMessageWidget( 3259): [null:-1]->action is : com.pekall.emdm.message.UPDATE_MESSAGE
07-11 16:14:36.890 D/PushMessageWidget( 3259): [null:-1]->call onUpdate 
07-11 16:14:36.890 E/DB      ( 3259): bind, index: 1, value: 100
07-11 16:14:36.890 D/DB      ( 3259): query: SQLiteQuery: SELECT subject, msg, date FROM message WHERE type = ?  ORDER BY _id DESC
07-11 16:14:36.890 D/DB      ( 3259): factory null
07-11 16:14:36.890 D/DB      ( 3259): fillWindow: 0
07-11 16:14:36.898 D/DB      ( 3259): cursor 838
07-11 16:14:36.898 D/PushMessageWidget( 3259): cursor count is 838
07-11 16:14:36.898 D/DB      ( 3259): moveToPos: 0
07-11 16:14:36.898 D/DB      ( 3259): onMove: 0
07-11 16:14:36.906 D/PushMessageWidget( 3259): fill data and title is : testpush , content is : test push message!@#$%^&*()! hello world
07-11 16:14:36.914 D/PushMessageWidget( 3259): [null:-1]->action is : com.pekall.emdm.message.UPDATE_MESSAGE
07-11 16:14:36.914 D/PushMessageWidget( 3259): [null:-1]->call onUpdate 
07-11 16:14:36.914 E/DB      ( 3259): bind, index: 1, value: 100
07-11 16:14:36.914 D/DB      ( 3259): query: SQLiteQuery: SELECT subject, msg, date FROM message WHERE type = ?  ORDER BY _id DESC
07-11 16:14:36.914 D/DB      ( 3259): factory null
07-11 16:14:36.914 D/DB      ( 3259): fillWindow: 0
07-11 16:14:36.929 D/DB      ( 3259): cursor 838
07-11 16:14:36.929 D/PushMessageWidget( 3259): cursor count is 838
07-11 16:14:36.929 D/DB      ( 3259): moveToPos: 0
07-11 16:14:36.929 D/DB      ( 3259): onMove: 0
07-11 16:14:36.929 D/PushMessageWidget( 3259): fill data and title is : testpush , content is : test push message!@#$%^&*()! hello world
07-11 16:14:36.937 D/PushMessageWidget( 3259): [null:-1]->action is : com.pekall.emdm.message.UPDATE_MESSAGE
07-11 16:14:36.937 D/PushMessageWidget( 3259): [null:-1]->call onUpdate 
07-11 16:14:36.937 E/DB      ( 3259): bind, index: 1, value: 100
07-11 16:14:36.937 D/DB      ( 3259): query: SQLiteQuery: SELECT subject, msg, date FROM message WHERE type = ?  ORDER BY _id DESC
07-11 16:14:36.937 D/DB      ( 3259): factory null
07-11 16:14:36.937 D/DB      ( 3259): fillWindow: 0
07-11 16:14:36.953 D/DB      ( 3259): cursor 838
07-11 16:14:36.953 D/PushMessageWidget( 3259): cursor count is 838
07-11 16:14:36.953 D/DB      ( 3259): moveToPos: 0
07-11 16:14:36.953 D/DB      ( 3259): onMove: 0
07-11 16:14:36.953 D/PushMessageWidget( 3259): fill data and title is : testpush , content is : test push message!@#$%^&*()! hello world
07-11 16:14:36.961 D/PushMessageWidget( 3259): [null:-1]->action is : com.pekall.emdm.message.UPDATE_MESSAGE
07-11 16:14:36.961 D/PushMessageWidget( 3259): [null:-1]->call onUpdate 
07-11 16:14:36.961 E/DB      ( 3259): bind, index: 1, value: 100
07-11 16:14:36.961 D/DB      ( 3259): query: SQLiteQuery: SELECT subject, msg, date FROM message WHERE type = ?  ORDER BY _id DESC
07-11 16:14:36.961 D/DB      ( 3259): factory null
07-11 16:14:36.961 D/DB      ( 3259): fillWindow: 0
07-11 16:14:36.976 D/DB      ( 3259): cursor 838
07-11 16:14:36.976 D/PushMessageWidget( 3259): cursor count is 838
07-11 16:14:36.976 D/DB      ( 3259): moveToPos: 0
07-11 16:14:36.976 D/DB      ( 3259): onMove: 0
07-11 16:14:36.984 D/PushMessageWidget( 3259): fill data and title is : testpush , content is : test push message!@#$%^&*()! hello world
07-11 16:14:36.992 D/PushMessageWidget( 3259): [null:-1]->action is : com.pekall.emdm.message.UPDATE_MESSAGE
07-11 16:14:36.992 D/PushMessageWidget( 3259): [null:-1]->call onUpdate 
07-11 16:14:36.992 E/DB      ( 3259): bind, index: 1, value: 100
07-11 16:14:36.992 D/DB      ( 3259): query: SQLiteQuery: SELECT subject, msg, date FROM message WHERE type = ?  ORDER BY _id DESC
07-11 16:14:36.992 D/DB      ( 3259): factory null
07-11 16:14:36.992 D/DB      ( 3259): fillWindow: 0
07-11 16:14:37.000 D/DB      ( 3259): cursor 838
07-11 16:14:37.000 D/PushMessageWidget( 3259): cursor count is 838
07-11 16:14:37.000 D/DB      ( 3259): moveToPos: 0
07-11 16:14:37.000 D/DB      ( 3259): onMove: 0
07-11 16:14:37.008 D/PushMessageWidget( 3259): fill data and title is : testpush , content is : test push message!@#$%^&*()! hello world
07-11 16:14:37.015 D/PushMessageWidget( 3259): [null:-1]->action is : com.pekall.emdm.message.UPDATE_MESSAGE
07-11 16:14:37.015 D/PushMessageWidget( 3259): [null:-1]->call onUpdate 
07-11 16:14:37.015 E/DB      ( 3259): bind, index: 1, value: 100
07-11 16:14:37.015 D/DB      ( 3259): query: SQLiteQuery: SELECT subject, msg, date FROM message WHERE type = ?  ORDER BY _id DESC
07-11 16:14:37.015 D/DB      ( 3259): factory null
07-11 16:14:37.015 D/DB      ( 3259): fillWindow: 0
07-11 16:14:37.031 D/DB      ( 3259): cursor 838
07-11 16:14:37.031 D/PushMessageWidget( 3259): cursor count is 838
07-11 16:14:37.031 D/DB      ( 3259): moveToPos: 0
07-11 16:14:37.031 D/DB      ( 3259): onMove: 0
07-11 16:14:37.031 D/PushMessageWidget( 3259): fill data and title is : testpush , content is : test push message!@#$%^&*()! hello world
07-11 16:14:37.039 D/PushMessageWidget( 3259): [null:-1]->action is : com.pekall.emdm.message.UPDATE_MESSAGE
07-11 16:14:37.039 D/PushMessageWidget( 3259): [null:-1]->call onUpdate 
07-11 16:14:37.039 E/DB      ( 3259): bind, index: 1, value: 100
07-11 16:14:37.039 D/DB      ( 3259): query: SQLiteQuery: SELECT subject, msg, date FROM message WHERE type = ?  ORDER BY _id DESC
07-11 16:14:37.039 D/DB      ( 3259): factory null
07-11 16:14:37.039 D/DB      ( 3259): fillWindow: 0
07-11 16:14:37.054 D/DB      ( 3259): cursor 838
07-11 16:14:37.054 D/PushMessageWidget( 3259): cursor count is 838
07-11 16:14:37.054 D/DB      ( 3259): moveToPos: 0
07-11 16:14:37.054 D/DB      ( 3259): onMove: 0
07-11 16:14:37.054 D/PushMessageWidget( 3259): fill data and title is : testpush , content is : test push message!@#$%^&*()! hello world
07-11 16:14:37.062 D/PushMessageWidget( 3259): [null:-1]->action is : com.pekall.emdm.message.UPDATE_MESSAGE
07-11 16:14:37.062 D/PushMessageWidget( 3259): [null:-1]->call onUpdate 
07-11 16:14:37.062 E/DB      ( 3259): bind, index: 1, value: 100
07-11 16:14:37.062 D/DB      ( 3259): query: SQLiteQuery: SELECT subject, msg, date FROM message WHERE type = ?  ORDER BY _id DESC
07-11 16:14:37.062 D/DB      ( 3259): factory null
07-11 16:14:37.062 D/DB      ( 3259): fillWindow: 0
07-11 16:14:37.078 D/DB      ( 3259): cursor 838
07-11 16:14:37.078 D/PushMessageWidget( 3259): cursor count is 838
07-11 16:14:37.078 D/DB      ( 3259): moveToPos: 0
07-11 16:14:37.078 D/DB      ( 3259): onMove: 0
07-11 16:14:37.078 D/PushMessageWidget( 3259): fill data and title is : testpush , content is : test push message!@#$%^&*()! hello world
07-11 16:14:37.086 D/PushMessageWidget( 3259): [null:-1]->action is : com.pekall.emdm.message.UPDATE_MESSAGE
07-11 16:14:37.086 D/PushMessageWidget( 3259): [null:-1]->call onUpdate 
07-11 16:14:37.086 E/DB      ( 3259): bind, index: 1, value: 100
07-11 16:14:37.086 D/DB      ( 3259): query: SQLiteQuery: SELECT subject, msg, date FROM message WHERE type = ?  ORDER BY _id DESC
07-11 16:14:37.086 D/DB      ( 3259): factory null
07-11 16:14:37.094 D/DB      ( 3259): fillWindow: 0
07-11 16:14:37.101 D/DB      ( 3259): cursor 838
07-11 16:14:37.101 D/PushMessageWidget( 3259): cursor count is 838
07-11 16:14:37.101 D/DB      ( 3259): moveToPos: 0
07-11 16:14:37.101 D/DB      ( 3259): onMove: 0
07-11 16:14:37.109 D/PushMessageWidget( 3259): fill data and title is : testpush , content is : test push message!@#$%^&*()! hello world
07-11 16:14:37.117 D/PushMessageWidget( 3259): [null:-1]->action is : com.pekall.emdm.message.UPDATE_MESSAGE
07-11 16:14:37.117 D/PushMessageWidget( 3259): [null:-1]->call onUpdate 
07-11 16:14:37.117 E/DB      ( 3259): bind, index: 1, value: 100
