07-11 16:05:38.242 I/ActivityManager(  374): Start proc com.google.android.apps.plus for broadcast com.google.android.apps.plus/.service.PackagesMediaMonitor: pid=22783 uid=10048 gids={50048, 3003, 3002, 1015, 1006, 1028}
07-11 16:05:38.367 I/ActivityManager(  374): Process com.google.android.googlequicksearchbox (pid 22273) has died.
07-11 16:05:38.703 I/ActivityManager(  374): Process com.google.android.gms (pid 22246) has died.
07-11 16:05:39.414 I/ActivityManager(  374): Process com.google.android.gsf.login (pid 22420) has died.
07-11 16:05:41.515 I/ActivityManager(  374): Start proc com.google.android.gms for broadcast com.google.android.gms/.games.receiver.GamesSystemBroadcastReceiver: pid=22825 uid=10009 gids={50009, 3003, 1007, 1028, 1015, 1006, 2001, 3006}
07-11 16:05:41.570 I/ActivityManager(  374): Process com.android.defcontainer (pid 22204) has died.
07-11 16:05:41.687 I/ActivityManager(  374): Start proc com.google.android.googlequicksearchbox for broadcast com.google.android.googlequicksearchbox/com.google.android.apps.sidekick.GmmLocationProviderImpl$GmmPackageWatcher: pid=22846 uid=10056 gids={50056, 3003, 1028, 1007, 3002, 1015}
07-11 16:05:41.969 W/PackageParser(  833): No actions in intent filter at /storage/emulated/0/360Download/Pekall.apk Binary XML file line #685
07-11 16:05:42.070 I/ActivityManager(  374): Process com.android.keychain (pid 22144) has died.
07-11 16:05:42.211 W/PackageParser(  833): No actions in intent filter at /storage/emulated/0/Download/emmp.apk Binary XML file line #687
07-11 16:05:42.492 W/PackageParser(  833): No actions in intent filter at /storage/emulated/0/Download/emmp-1.apk Binary XML file line #687
07-11 16:05:42.625 W/PackageParser(  833): No actions in intent filter at /storage/emulated/0/360Download/Pekall.apk Binary XML file line #685
07-11 16:05:43.062 W/ActivityManager(  374): Unable to start service Intent { act=com.google.android.gms.analytics.service.START (has extras) } U=0: not found
07-11 16:05:43.172 I/ActivityManager(  374): Process com.google.android.gallery3d (pid 22735) has died.
07-11 16:05:43.429 I/ActivityManager(  374): Start proc com.noshufou.android.su for broadcast com.noshufou.android.su/.InstallReceiver: pid=22923 uid=10077 gids={50077, 3003, 1015, 1028}
07-11 16:05:43.844 I/ActivityManager(  374): Process com.android.musicfx (pid 22158) has died.
07-11 16:05:44.054 I/ActivityManager(  374): Start proc com.google.android.gsf.login for service com.google.android.gms/.recovery.AccountRecoveryBackgroundService: pid=22941 uid=10009 gids={50009, 3003, 1007, 1028, 1015, 1006, 2001, 3006}
07-11 16:05:44.390 I/ActivityManager(  374): Process android.process.acore (pid 22715) has died.
07-11 16:05:44.594 I/ActivityManager(  374): Start proc android.process.acore for content provider com.android.providers.contacts/.CallLogProvider: pid=22958 uid=10000 gids={50000, 3003, 1015, 1028}
07-11 16:05:45.078 W/MountService(  374): getVolumeState(/storage/emulated/0/external_sd): Unknown volume
07-11 16:05:45.086 W/MountService(  374): getVolumeState(/mnt/sdcard-ext): Unknown volume
07-11 16:05:45.086 W/MountService(  374): getVolumeState(/mnt/ext_sdcard): Unknown volume
07-11 16:05:45.086 W/MountService(  374): getVolumeState(/mnt/sdcard2): Unknown volume
07-11 16:05:45.086 W/MountService(  374): getVolumeState(/mnt/emmc): Unknown volume
07-11 16:05:45.086 W/MountService(  374): getVolumeState(/mnt/extSdCard): Unknown volume
07-11 16:05:45.086 W/MountService(  374): getVolumeState(/mnt/sdcard/SD_CARD): Unknown volume
07-11 16:05:45.094 W/MountService(  374): getVolumeState(/mnt/sdcard/extra_sd): Unknown volume
07-11 16:05:45.094 W/MountService(  374): getVolumeState(/mnt/extrasd_bind): Unknown volume
07-11 16:05:45.094 W/MountService(  374): getVolumeState(/mnt/sdcard/ext_sd): Unknown volume
07-11 16:05:45.109 W/MountService(  374): getVolumeState(/storage/extSdCard): Unknown volume
07-11 16:05:45.109 W/MountService(  374): getVolumeState(/storage/sdcard1): Unknown volume
07-11 16:05:45.109 W/MountService(  374): getVolumeState(/mnt/sdcard/external_SD): Unknown volume
07-11 16:05:45.109 W/MountService(  374): getVolumeState(/mnt/sdcard/external_sd): Unknown volume
07-11 16:05:45.242 I/ActivityManager(  374): Process com.android.packageinstaller (pid 22626) has died.
07-11 16:05:47.344 I/ActivityManager(  374): Start proc com.android.defcontainer for service com.android.defcontainer/.DefaultContainerService: pid=22992 uid=10012 gids={50012, 1015, 1023, 2001, 1028}
07-11 16:05:47.992 W/MountService(  374): getVolumeState(/storage/emulated/0/external_sd): Unknown volume
07-11 16:05:47.992 W/MountService(  374): getVolumeState(/mnt/sdcard-ext): Unknown volume
07-11 16:05:48.000 W/MountService(  374): getVolumeState(/mnt/ext_sdcard): Unknown volume
07-11 16:05:48.000 W/MountService(  374): getVolumeState(/mnt/sdcard2): Unknown volume
07-11 16:05:48.000 W/MountService(  374): getVolumeState(/mnt/emmc): Unknown volume
07-11 16:05:48.008 W/MountService(  374): getVolumeState(/mnt/extSdCard): Unknown volume
07-11 16:05:48.008 W/MountService(  374): getVolumeState(/mnt/sdcard/SD_CARD): Unknown volume
07-11 16:05:48.008 W/MountService(  374): getVolumeState(/mnt/sdcard/extra_sd): Unknown volume
07-11 16:05:48.008 W/MountService(  374): getVolumeState(/mnt/extrasd_bind): Unknown volume
07-11 16:05:48.008 W/MountService(  374): getVolumeState(/mnt/sdcard/ext_sd): Unknown volume
07-11 16:05:48.015 W/MountService(  374): getVolumeState(/storage/extSdCard): Unknown volume
07-11 16:05:48.015 W/MountService(  374): getVolumeState(/storage/sdcard1): Unknown volume
07-11 16:05:48.015 W/MountService(  374): getVolumeState(/mnt/sdcard/external_SD): Unknown volume
07-11 16:05:48.015 W/MountService(  374): getVolumeState(/mnt/sdcard/external_sd): Unknown volume
07-11 16:05:48.101 W/ActivityManager(  374): Unable to start service Intent { act=com.google.android.gms.analytics.service.START (has extras) } U=0: not found
07-11 16:05:48.515 W/MountService(  374): getVolumeState(/storage/emulated/0/external_sd): Unknown volume
07-11 16:05:48.515 W/MountService(  374): getVolumeState(/mnt/sdcard-ext): Unknown volume
07-11 16:05:48.515 W/MountService(  374): getVolumeState(/mnt/ext_sdcard): Unknown volume
07-11 16:05:48.515 W/MountService(  374): getVolumeState(/mnt/sdcard2): Unknown volume
07-11 16:05:48.523 W/MountService(  374): getVolumeState(/mnt/emmc): Unknown volume
07-11 16:05:48.523 W/MountService(  374): getVolumeState(/mnt/extSdCard): Unknown volume
07-11 16:05:48.523 W/MountService(  374): getVolumeState(/mnt/sdcard/SD_CARD): Unknown volume
07-11 16:05:48.523 W/MountService(  374): getVolumeState(/mnt/sdcard/extra_sd): Unknown volume
07-11 16:05:48.523 W/MountService(  374): getVolumeState(/mnt/extrasd_bind): Unknown volume
07-11 16:05:48.531 W/MountService(  374): getVolumeState(/mnt/sdcard/ext_sd): Unknown volume
07-11 16:05:48.531 W/MountService(  374): getVolumeState(/storage/extSdCard): Unknown volume
07-11 16:05:48.531 W/MountService(  374): getVolumeState(/storage/sdcard1): Unknown volume
07-11 16:05:48.539 W/MountService(  374): getVolumeState(/mnt/sdcard/external_SD): Unknown volume
07-11 16:05:48.547 W/MountService(  374): getVolumeState(/mnt/sdcard/external_sd): Unknown volume
07-11 16:05:53.117 W/ActivityManager(  374): Unable to start service Intent { act=com.google.android.gms.analytics.service.START (has extras) } U=0: not found
07-11 16:06:11.000 I/ActivityManager(  374): Process com.qihoo360.mobilesafe (pid 22692) has died.
07-11 16:06:17.515 I/PowerManagerService(  374): Going to sleep due to screen timeout...
07-11 16:06:23.359 I/ActivityManager(  374): Start proc com.google.android.deskclock for service com.google.android.deskclock/com.android.alarmclock.DigitalAppWidgetService: pid=23151 uid=10013 gids={50013, 1028}
07-11 16:06:23.523 D/PhoneStatusBar(  450): disable: < expand icons alerts ticker system_info back home RECENT* clock search >
07-11 16:06:23.703 D/PhoneStatusBar(  450): disable: < expand icons alerts ticker system_info BACK* HOME* RECENT CLOCK* search >
07-11 16:06:38.437 I/ActivityManager(  374): START u0 {act=android.intent.action.DELETE dat=package:by.game.binumbers flg=0x10000000 cmp=com.android.packageinstaller/.UninstallerActivity} from pid 3259
07-11 16:06:38.461 I/ActivityManager(  374): Start proc com.android.packageinstaller for activity com.android.packageinstaller/.UninstallerActivity: pid=23202 uid=10045 gids={50045, 1028}
07-11 16:06:38.836 I/ActivityManager(  374): Process com.google.android.apps.plus (pid 22783) has died.
07-11 16:06:39.242 I/ActivityManager(  374): Process com.google.android.googlequicksearchbox (pid 22846) has died.
07-11 16:06:39.640 I/ActivityManager(  374): Process com.google.android.partnersetup (pid 22348) has died.
07-11 16:06:47.992 W/MountService(  374): getVolumeState(/storage/emulated/0/external_sd): Unknown volume
07-11 16:06:47.992 W/MountService(  374): getVolumeState(/mnt/sdcard-ext): Unknown volume
07-11 16:06:48.000 W/MountService(  374): getVolumeState(/mnt/ext_sdcard): Unknown volume
07-11 16:06:48.000 W/MountService(  374): getVolumeState(/mnt/sdcard2): Unknown volume
07-11 16:06:48.000 W/MountService(  374): getVolumeState(/mnt/emmc): Unknown volume
07-11 16:06:48.000 W/MountService(  374): getVolumeState(/mnt/extSdCard): Unknown volume
07-11 16:06:48.008 W/MountService(  374): getVolumeState(/mnt/sdcard/SD_CARD): Unknown volume
07-11 16:06:48.008 W/MountService(  374): getVolumeState(/mnt/sdcard/extra_sd): Unknown volume
07-11 16:06:48.008 W/MountService(  374): getVolumeState(/mnt/extrasd_bind): Unknown volume
07-11 16:06:48.008 W/MountService(  374): getVolumeState(/mnt/sdcard/ext_sd): Unknown volume
07-11 16:06:48.008 W/MountService(  374): getVolumeState(/storage/extSdCard): Unknown volume
07-11 16:06:48.015 W/MountService(  374): getVolumeState(/storage/sdcard1): Unknown volume
07-11 16:06:48.015 W/MountService(  374): getVolumeState(/mnt/sdcard/external_SD): Unknown volume
07-11 16:06:48.015 W/MountService(  374): getVolumeState(/mnt/sdcard/external_sd): Unknown volume
07-11 16:06:48.226 W/MountService(  374): getVolumeState(/storage/emulated/0/external_sd): Unknown volume
07-11 16:06:48.226 W/MountService(  374): getVolumeState(/mnt/sdcard-ext): Unknown volume
07-11 16:06:48.226 W/MountService(  374): getVolumeState(/mnt/ext_sdcard): Unknown volume
07-11 16:06:48.226 W/MountService(  374): getVolumeState(/mnt/sdcard2): Unknown volume
07-11 16:06:48.234 W/MountService(  374): getVolumeState(/mnt/emmc): Unknown volume
07-11 16:06:48.234 W/MountService(  374): getVolumeState(/mnt/extSdCard): Unknown volume
07-11 16:06:48.234 W/MountService(  374): getVolumeState(/mnt/sdcard/SD_CARD): Unknown volume
07-11 16:06:48.234 W/MountService(  374): getVolumeState(/mnt/sdcard/extra_sd): Unknown volume
07-11 16:06:48.242 W/MountService(  374): getVolumeState(/mnt/extrasd_bind): Unknown volume
07-11 16:06:48.242 W/MountService(  374): getVolumeState(/mnt/sdcard/ext_sd): Unknown volume
07-11 16:06:48.242 W/MountService(  374): getVolumeState(/storage/extSdCard): Unknown volume
07-11 16:06:48.242 W/MountService(  374): getVolumeState(/storage/sdcard1): Unknown volume
07-11 16:06:48.242 W/MountService(  374): getVolumeState(/mnt/sdcard/external_SD): Unknown volume
07-11 16:06:48.250 W/MountService(  374): getVolumeState(/mnt/sdcard/external_sd): Unknown volume
07-11 16:06:49.906 I/ActivityManager(  374): Process com.noshufou.android.su (pid 22923) has died.
07-11 16:06:50.476 I/ActivityManager(  374): Process com.qihoo360.mobilesafe:engine (pid 22747) has died.
07-11 16:06:50.875 I/PowerManagerService(  374): Waking up from sleep...
07-11 16:06:50.922 I/WindowManager(  374): Lock screen displayed!
07-11 16:06:51.320 I/ActivityManager(  374): Start proc com.android.providers.calendar for content provider com.android.providers.calendar/.CalendarProvider2: pid=23266 uid=10007 gids={50007, 3003, 1015, 1028}
07-11 16:06:51.578 I/ActivityManager(  374): Process com.qihoo360.mobilesafe:scan (pid 22705) has died.
07-11 16:06:52.898 I/ActivityManager(  374): Start proc com.google.android.calendar for broadcast com.google.android.calendar/com.android.calendar.alerts.AlertReceiver: pid=23293 uid=10006 gids={50006, 3003, 1028}
07-11 16:06:53.242 D/PhoneStatusBar(  450): disable: < expand icons alerts ticker system_info BACK HOME recent* CLOCK search >
07-11 16:06:53.328 D/PhoneStatusBar(  450): disable: < expand icons alerts ticker system_info back* home* recent clock* search >
07-11 16:06:53.484 I/ActivityManager(  374): Process com.google.android.gsf.login (pid 22941) has died.
07-11 16:06:53.625 W/PackageManager(  374): Invalid verification token 16 received
07-11 16:06:54.781 I/ActivityManager(  374): START u0 {act=android.intent.action.VIEW cmp=com.android.packageinstaller/.UninstallAppProgress (has extras)} from pid 23202
07-11 16:06:55.101 I/ActivityManager(  374): Force stopping package by.game.binumbers appid=10083 user=-1
07-11 16:06:55.133 W/PackageManager(  374): Couldn't delete native library directory /data/app-lib/by.game.binumbers
07-11 16:06:55.484 I/ActivityManager(  374): Force stopping package by.game.binumbers appid=10083 user=0
07-11 16:06:55.898 W/MountService(  374): getVolumeState(/storage/emulated/0/external_sd): Unknown volume
07-11 16:06:55.898 W/MountService(  374): getVolumeState(/mnt/sdcard-ext): Unknown volume
07-11 16:06:55.953 W/MountService(  374): getVolumeState(/mnt/ext_sdcard): Unknown volume
07-11 16:06:55.953 W/MountService(  374): getVolumeState(/mnt/sdcard2): Unknown volume
07-11 16:06:56.156 W/BackupManagerService(  374): dataChanged but no participant pkg='com.android.providers.settings' uid=10079
07-11 16:06:56.164 W/MountService(  374): getVolumeState(/mnt/emmc): Unknown volume
07-11 16:06:56.179 W/MountService(  374): getVolumeState(/mnt/extSdCard): Unknown volume
07-11 16:06:56.179 W/MountService(  374): getVolumeState(/mnt/sdcard/SD_CARD): Unknown volume
07-11 16:06:56.203 W/MountService(  374): getVolumeState(/mnt/sdcard/extra_sd): Unknown volume
07-11 16:06:56.211 W/MountService(  374): getVolumeState(/mnt/extrasd_bind): Unknown volume
07-11 16:06:56.211 W/MountService(  374): getVolumeState(/mnt/sdcard/ext_sd): Unknown volume
07-11 16:06:56.211 W/MountService(  374): getVolumeState(/storage/extSdCard): Unknown volume
07-11 16:06:56.219 W/MountService(  374): getVolumeState(/storage/sdcard1): Unknown volume
07-11 16:06:56.219 W/MountService(  374): getVolumeState(/mnt/sdcard/external_SD): Unknown volume
07-11 16:06:56.328 W/BackupManagerService(  374): dataChanged but no participant pkg='com.android.providers.settings' uid=10079
07-11 16:06:56.492 D/BackupManagerService(  374): Received broadcast Intent { act=android.intent.action.PACKAGE_REMOVED dat=package:by.game.binumbers flg=0x8000010 (has extras) }
07-11 16:06:56.500 V/BackupManagerService(  374): removePackageParticipantsLocked: uid=10083 #1
07-11 16:06:56.539 W/MountService(  374): getVolumeState(/mnt/sdcard/external_sd): Unknown volume
07-11 16:06:56.679 I/ActivityManager(  374): Start proc com.google.android.gallery3d for broadcast com.google.android.gallery3d/com.android.gallery3d.app.PackagesMonitor: pid=23359 uid=10019 gids={50019, 1006, 3003, 1015, 1028}
07-11 16:06:57.250 I/ActivityManager(  374): Start proc com.android.keychain for broadcast com.android.keychain/.KeyChainBroadcastReceiver: pid=23381 uid=1000 gids={41000, 1015, 1028, 3002, 3001, 3003, 3007}
07-11 16:06:57.367 W/ContextImpl(23381): Calling a method in the system process without a qualified user: android.app.ContextImpl.startService:1385 android.content.ContextWrapper.startService:473 android.content.ContextWrapper.startService:473 com.android.keychain.KeyChainBroadcastReceiver.onReceive:12 android.app.ActivityThread.handleReceiver:2424 
07-11 16:06:57.492 I/ActivityManager(  374): Start proc com.android.musicfx for broadcast com.android.musicfx/.Compatibility$Receiver: pid=23395 uid=10042 gids={50042, 3003, 3002, 1028}
07-11 16:06:57.656 I/ActivityManager(  374): Process com.google.android.gms (pid 22825) has died.
07-11 16:06:57.687 I/ActivityManager(  374): Start proc com.google.android.apps.plus for broadcast com.google.android.apps.plus/.service.PackagesMediaMonitor: pid=23410 uid=10048 gids={50048, 3003, 3002, 1015, 1006, 1028}
07-11 16:06:58.187 I/ActivityManager(  374): Process com.android.defcontainer (pid 22992) has died.
07-11 16:06:58.867 I/ActivityManager(  374): Start proc com.android.defcontainer for service com.android.defcontainer/.DefaultContainerService: pid=23427 uid=10012 gids={50012, 1015, 1023, 2001, 1028}
07-11 16:06:58.883 I/ActivityManager(  374): Process com.qihoo.daemon (pid 15337) has died.
07-11 16:06:58.883 W/ActivityManager(  374): Scheduling restart of crashed service com.qihoo.appstore/com.qihoo.express.mini.service.DaemonCoreService in 5000ms
07-11 16:06:58.883 W/ActivityManager(  374): Scheduling restart of crashed service com.qihoo.appstore/com.qihoo360.mobilesafe.pcdaemon.service.DaemonService in 14999ms
07-11 16:07:00.015 I/ActivityManager(  374): Start proc com.qihoo.daemon for service com.qihoo.appstore/com.qihoo360.mobilesafe.pcdaemon.service.DaemonService: pid=23455 uid=10064 gids={50064, 3003, 1015, 3002, 1006, 3001, 1028}
07-11 16:07:00.109 I/ActivityManager(  374): Process com.google.android.calendar (pid 23293) has died.
07-11 16:07:00.359 I/ActivityManager(  374): Process com.google.android.deskclock (pid 23151) has died.
07-11 16:07:01.304 I/ActivityManager(  374): Start proc com.google.android.gms for broadcast com.google.android.gms/.games.receiver.GamesSystemBroadcastReceiver: pid=23502 uid=10009 gids={50009, 3003, 1007, 1028, 1015, 1006, 2001, 3006}
07-11 16:07:01.492 I/ActivityManager(  374): Process com.android.providers.calendar (pid 23266) has died.
07-11 16:07:01.953 I/ActivityManager(  374): Start proc com.google.android.googlequicksearchbox for broadcast com.google.android.googlequicksearchbox/com.google.android.apps.sidekick.GmmLocationProviderImpl$GmmPackageWatcher: pid=23541 uid=10056 gids={50056, 3003, 1028, 1007, 3002, 1015}
07-11 16:07:02.687 I/ActivityManager(  374): Start proc com.google.android.partnersetup for content provider com.google.android.partnersetup/.RlzAppProvider: pid=23576 uid=10027 gids={50027, 3003, 1028}
07-11 16:07:02.695 I/ActivityManager(  374): Process android.process.acore (pid 22958) has died.
07-11 16:07:02.797 W/ActivityManager(  374): Unable to start service Intent { act=com.google.android.gms.analytics.service.START (has extras) } U=0: not found
07-11 16:07:02.984 I/ActivityManager(  374): Start proc com.noshufou.android.su for broadcast com.noshufou.android.su/.UninstallReceiver: pid=23599 uid=10077 gids={50077, 3003, 1015, 1028}
07-11 16:07:03.547 I/ActivityManager(  374): Start proc com.qihoo.root for broadcast com.qihoo.root/.UninstallReceiver: pid=23630 uid=10078 gids={50078, 1015, 3003, 1028}
07-11 16:07:03.633 I/ActivityManager(  374): Process com.android.packageinstaller (pid 23202) has died.
07-11 16:07:04.367 I/ActivityManager(  374): Start proc com.google.android.talk for service com.google.android.talk/com.google.android.apps.babel.realtimechat.RealTimeChatService$AlarmWrapperService: pid=23687 uid=10030 gids={50030, 3003, 1015, 1006, 3002, 1028}
07-11 16:07:04.453 I/ActivityManager(  374): Start proc com.google.android.gsf.login for service com.google.android.gms/.recovery.AccountRecoveryBackgroundService: pid=23704 uid=10009 gids={50009, 3003, 1007, 1028, 1015, 1006, 2001, 3006}
07-11 16:07:06.679 I/ActivityManager(  374): Process com.google.android.apps.plus (pid 23410) has died.
07-11 16:07:07.594 W/ActivityManager(  374): Unable to start service Intent { act=com.google.android.gms.analytics.service.START (has extras) } U=0: not found
07-11 16:07:07.890 W/ActivityManager(  374): Unable to start service Intent { act=com.google.android.gms.analytics.service.START (has extras) } U=0: not found
07-11 16:07:09.445 I/ActivityManager(  374): START u0 {act=com.qihoo360.daemon.pcdaemon.ACTION_START_OPERATE_AUTHOR flg=0x10000000 cmp=com.qihoo.appstore/com.qihoo.express.mini.activity.PCLinkConfirmDialogActivity (has extras)} from pid 23455
07-11 16:07:09.672 W/InputMethodManagerService(  374): Window already focused, ignoring focus gain of: com.android.internal.view.IInputMethodClient$Stub$Proxy@42cbc3d0 attribute=null, token = android.os.BinderProxy@42c82218
07-11 16:07:12.609 W/ActivityManager(  374): Unable to start service Intent { act=com.google.android.gms.analytics.service.START (has extras) } U=0: not found
07-11 16:07:32.851 I/PowerManagerService(  374): Going to sleep due to screen timeout...
07-11 16:07:38.726 I/ActivityManager(  374): Start proc com.google.android.deskclock for service com.google.android.deskclock/com.android.alarmclock.DigitalAppWidgetService: pid=24007 uid=10013 gids={50013, 1028}
07-11 16:07:38.945 D/PhoneStatusBar(  450): disable: < expand icons alerts ticker system_info back home RECENT* clock search >
07-11 16:07:39.125 D/PhoneStatusBar(  450): disable: < expand icons alerts ticker system_info BACK* HOME* RECENT CLOCK* search >
07-11 16:07:48.094 W/MountService(  374): getVolumeState(/storage/emulated/0/external_sd): Unknown volume
07-11 16:07:48.094 W/MountService(  374): getVolumeState(/mnt/sdcard-ext): Unknown volume
07-11 16:07:48.094 W/MountService(  374): getVolumeState(/mnt/ext_sdcard): Unknown volume
07-11 16:07:48.094 W/MountService(  374): getVolumeState(/mnt/sdcard2): Unknown volume
07-11 16:07:48.094 W/MountService(  374): getVolumeState(/mnt/emmc): Unknown volume
07-11 16:07:48.094 W/MountService(  374): getVolumeState(/mnt/extSdCard): Unknown volume
07-11 16:07:48.101 W/MountService(  374): getVolumeState(/mnt/sdcard/SD_CARD): Unknown volume
07-11 16:07:48.101 W/MountService(  374): getVolumeState(/mnt/sdcard/extra_sd): Unknown volume
07-11 16:07:48.101 W/MountService(  374): getVolumeState(/mnt/extrasd_bind): Unknown volume
07-11 16:07:48.109 W/MountService(  374): getVolumeState(/mnt/sdcard/ext_sd): Unknown volume
07-11 16:07:48.109 W/MountService(  374): getVolumeState(/storage/extSdCard): Unknown volume
07-11 16:07:48.109 W/MountService(  374): getVolumeState(/storage/sdcard1): Unknown volume
07-11 16:07:48.109 W/MountService(  374): getVolumeState(/mnt/sdcard/external_SD): Unknown volume
07-11 16:07:48.117 W/MountService(  374): getVolumeState(/mnt/sdcard/external_sd): Unknown volume
07-11 16:07:48.203 I/ActivityManager(  374): Start proc android.process.acore for content provider com.android.providers.contacts/.ContactsProvider2: pid=24046 uid=10000 gids={50000, 3003, 1015, 1028}
07-11 16:07:49.031 W/MountService(  374): getVolumeState(/storage/emulated/0/external_sd): Unknown volume
07-11 16:07:49.031 W/MountService(  374): getVolumeState(/mnt/sdcard-ext): Unknown volume
07-11 16:07:49.031 W/MountService(  374): getVolumeState(/mnt/ext_sdcard): Unknown volume
07-11 16:07:49.031 W/MountService(  374): getVolumeState(/mnt/sdcard2): Unknown volume
07-11 16:07:49.031 W/MountService(  374): getVolumeState(/mnt/emmc): Unknown volume
07-11 16:07:49.031 W/MountService(  374): getVolumeState(/mnt/extSdCard): Unknown volume
07-11 16:07:49.031 W/MountService(  374): getVolumeState(/mnt/sdcard/SD_CARD): Unknown volume
07-11 16:07:49.039 W/MountService(  374): getVolumeState(/mnt/sdcard/extra_sd): Unknown volume
07-11 16:07:49.039 W/MountService(  374): getVolumeState(/mnt/extrasd_bind): Unknown volume
07-11 16:07:49.039 W/MountService(  374): getVolumeState(/mnt/sdcard/ext_sd): Unknown volume
07-11 16:07:49.039 W/MountService(  374): getVolumeState(/storage/extSdCard): Unknown volume
07-11 16:07:49.039 W/MountService(  374): getVolumeState(/storage/sdcard1): Unknown volume
07-11 16:07:49.039 W/MountService(  374): getVolumeState(/mnt/sdcard/external_SD): Unknown volume
07-11 16:07:49.039 W/MountService(  374): getVolumeState(/mnt/sdcard/external_sd): Unknown volume
07-11 16:08:48.250 W/MountService(  374): getVolumeState(/storage/emulated/0/external_sd): Unknown volume
07-11 16:08:48.273 W/MountService(  374): getVolumeState(/mnt/sdcard-ext): Unknown volume
07-11 16:08:48.273 W/MountService(  374): getVolumeState(/mnt/ext_sdcard): Unknown volume
07-11 16:08:48.273 W/MountService(  374): getVolumeState(/mnt/sdcard2): Unknown volume
07-11 16:08:48.273 W/MountService(  374): getVolumeState(/mnt/emmc): Unknown volume
07-11 16:08:48.273 W/MountService(  374): getVolumeState(/mnt/extSdCard): Unknown volume
07-11 16:08:48.273 W/MountService(  374): getVolumeState(/mnt/sdcard/SD_CARD): Unknown volume
07-11 16:08:48.281 W/MountService(  374): getVolumeState(/mnt/sdcard/extra_sd): Unknown volume
07-11 16:08:48.281 W/MountService(  374): getVolumeState(/mnt/extrasd_bind): Unknown volume
07-11 16:08:48.281 W/MountService(  374): getVolumeState(/mnt/sdcard/ext_sd): Unknown volume
07-11 16:08:48.281 W/MountService(  374): getVolumeState(/storage/extSdCard): Unknown volume
07-11 16:08:48.281 W/MountService(  374): getVolumeState(/storage/sdcard1): Unknown volume
07-11 16:08:48.281 W/MountService(  374): getVolumeState(/mnt/sdcard/external_SD): Unknown volume
07-11 16:08:48.281 W/MountService(  374): getVolumeState(/mnt/sdcard/external_sd): Unknown volume
07-11 16:08:48.539 W/MountService(  374): getVolumeState(/storage/emulated/0/external_sd): Unknown volume
07-11 16:08:48.539 W/MountService(  374): getVolumeState(/mnt/sdcard-ext): Unknown volume
07-11 16:08:48.539 W/MountService(  374): getVolumeState(/mnt/ext_sdcard): Unknown volume
07-11 16:08:48.539 W/MountService(  374): getVolumeState(/mnt/sdcard2): Unknown volume
07-11 16:08:48.539 W/MountService(  374): getVolumeState(/mnt/emmc): Unknown volume
07-11 16:08:48.539 W/MountService(  374): getVolumeState(/mnt/extSdCard): Unknown volume
07-11 16:08:48.539 W/MountService(  374): getVolumeState(/mnt/sdcard/SD_CARD): Unknown volume
07-11 16:08:48.562 W/MountService(  374): getVolumeState(/mnt/sdcard/extra_sd): Unknown volume
07-11 16:08:48.562 W/MountService(  374): getVolumeState(/mnt/extrasd_bind): Unknown volume
07-11 16:08:48.562 W/MountService(  374): getVolumeState(/mnt/sdcard/ext_sd): Unknown volume
07-11 16:08:48.570 W/MountService(  374): getVolumeState(/storage/extSdCard): Unknown volume
07-11 16:08:48.570 W/MountService(  374): getVolumeState(/storage/sdcard1): Unknown volume
07-11 16:08:48.570 W/MountService(  374): getVolumeState(/mnt/sdcard/external_SD): Unknown volume
07-11 16:08:48.570 W/MountService(  374): getVolumeState(/mnt/sdcard/external_sd): Unknown volume
07-11 16:09:48.445 W/MountService(  374): getVolumeState(/storage/emulated/0/external_sd): Unknown volume
07-11 16:09:48.445 W/MountService(  374): getVolumeState(/mnt/sdcard-ext): Unknown volume
07-11 16:09:48.445 W/MountService(  374): getVolumeState(/mnt/ext_sdcard): Unknown volume
07-11 16:09:48.445 W/MountService(  374): getVolumeState(/mnt/sdcard2): Unknown volume
07-11 16:09:48.445 W/MountService(  374): getVolumeState(/mnt/emmc): Unknown volume
07-11 16:09:48.445 W/MountService(  374): getVolumeState(/mnt/extSdCard): Unknown volume
07-11 16:09:48.445 W/MountService(  374): getVolumeState(/mnt/sdcard/SD_CARD): Unknown volume
07-11 16:09:48.445 W/MountService(  374): getVolumeState(/mnt/sdcard/extra_sd): Unknown volume
07-11 16:09:48.453 W/MountService(  374): getVolumeState(/mnt/extrasd_bind): Unknown volume
07-11 16:09:48.453 W/MountService(  374): getVolumeState(/mnt/sdcard/ext_sd): Unknown volume
07-11 16:09:48.453 W/MountService(  374): getVolumeState(/storage/extSdCard): Unknown volume
07-11 16:09:48.453 W/MountService(  374): getVolumeState(/storage/sdcard1): Unknown volume
07-11 16:09:48.453 W/MountService(  374): getVolumeState(/mnt/sdcard/external_SD): Unknown volume
07-11 16:09:48.453 W/MountService(  374): getVolumeState(/mnt/sdcard/external_sd): Unknown volume
07-11 16:09:48.711 W/MountService(  374): getVolumeState(/storage/emulated/0/external_sd): Unknown volume
07-11 16:09:48.711 W/MountService(  374): getVolumeState(/mnt/sdcard-ext): Unknown volume
07-11 16:09:48.711 W/MountService(  374): getVolumeState(/mnt/ext_sdcard): Unknown volume
07-11 16:09:48.711 W/MountService(  374): getVolumeState(/mnt/sdcard2): Unknown volume
07-11 16:09:48.711 W/MountService(  374): getVolumeState(/mnt/emmc): Unknown volume
07-11 16:09:48.711 W/MountService(  374): getVolumeState(/mnt/extSdCard): Unknown volume
07-11 16:09:48.711 W/MountService(  374): getVolumeState(/mnt/sdcard/SD_CARD): Unknown volume
07-11 16:09:48.719 W/MountService(  374): getVolumeState(/mnt/sdcard/extra_sd): Unknown volume
07-11 16:09:48.719 W/MountService(  374): getVolumeState(/mnt/extrasd_bind): Unknown volume
07-11 16:09:48.719 W/MountService(  374): getVolumeState(/mnt/sdcard/ext_sd): Unknown volume
07-11 16:09:48.719 W/MountService(  374): getVolumeState(/storage/extSdCard): Unknown volume
07-11 16:09:48.719 W/MountService(  374): getVolumeState(/storage/sdcard1): Unknown volume
07-11 16:09:48.719 W/MountService(  374): getVolumeState(/mnt/sdcard/external_SD): Unknown volume
07-11 16:09:48.719 W/MountService(  374): getVolumeState(/mnt/sdcard/external_sd): Unknown volume
07-11 16:10:06.984 I/PowerManagerService(  374): Waking up from sleep...
07-11 16:10:07.156 I/WindowManager(  374): Lock screen displayed!
07-11 16:10:07.469 I/ActivityManager(  374): Start proc com.android.providers.calendar for content provider com.android.providers.calendar/.CalendarProvider2: pid=24528 uid=10007 gids={50007, 3003, 1015, 1028}
07-11 16:10:08.140 D/PhoneStatusBar(  450): disable: < expand icons alerts ticker system_info BACK HOME recent* CLOCK search >
07-11 16:10:08.250 D/PhoneStatusBar(  450): disable: < expand icons alerts ticker system_info back* home* recent clock* search >
07-11 16:10:08.312 W/InputMethodManagerService(  374): Window already focused, ignoring focus gain of: com.android.internal.view.IInputMethodClient$Stub$Proxy@4259d918 attribute=android.view.inputmethod.EditorInfo@4274ac48, token = android.os.BinderProxy@42c82218
07-11 16:10:09.351 I/ActivityManager(  374): Start proc com.google.android.calendar for broadcast com.google.android.calendar/com.android.calendar.alerts.AlertReceiver: pid=24573 uid=10006 gids={50006, 3003, 1028}
07-11 16:10:09.359 I/ActivityManager(  374): No longer want com.google.android.gallery3d (pid 23359): empty #17
07-11 16:10:10.547 I/ActivityManager(  374): START u0 {cmp=com.pekall.emdm/.messagecenter.activity.MessageMainActivity} from pid 3259
07-11 16:10:14.554 I/ActivityManager(  374): No longer want com.android.keychain (pid 23381): empty #17
07-11 16:10:23.617 I/ActivityManager(  374): No longer want com.nd.assistance.ServerService (pid 18703): empty for 1804s
07-11 16:10:23.640 W/ActivityManager(  374): Scheduling restart of crashed service com.nd.assistance/.server.ServerService in 5000ms
07-11 16:10:24.383 I/ActivityManager(  374): Start proc com.nd.assistance for broadcast com.nd.assistance/.controller.DaemonController: pid=24642 uid=10065 gids={50065, 3003, 1015, 1006, 1028}
07-11 16:10:24.461 I/ActivityManager(  374): Start proc com.nd.assistance.ServerService for service com.nd.assistance/.server.ServerService: pid=24655 uid=10065 gids={50065, 3003, 1015, 1006, 1028}
07-11 16:10:24.461 I/ActivityManager(  374): No longer want com.android.musicfx (pid 23395): empty #17
07-11 16:10:48.586 W/MountService(  374): getVolumeState(/storage/emulated/0/external_sd): Unknown volume
07-11 16:10:48.594 W/MountService(  374): getVolumeState(/mnt/sdcard-ext): Unknown volume
07-11 16:10:48.594 W/MountService(  374): getVolumeState(/mnt/ext_sdcard): Unknown volume
07-11 16:10:48.594 W/MountService(  374): getVolumeState(/mnt/sdcard2): Unknown volume
07-11 16:10:48.601 W/MountService(  374): getVolumeState(/mnt/emmc): Unknown volume
07-11 16:10:48.601 W/MountService(  374): getVolumeState(/mnt/extSdCard): Unknown volume
07-11 16:10:48.601 W/MountService(  374): getVolumeState(/mnt/sdcard/SD_CARD): Unknown volume
07-11 16:10:48.601 W/MountService(  374): getVolumeState(/mnt/sdcard/extra_sd): Unknown volume
07-11 16:10:48.601 W/MountService(  374): getVolumeState(/mnt/extrasd_bind): Unknown volume
07-11 16:10:48.601 W/MountService(  374): getVolumeState(/mnt/sdcard/ext_sd): Unknown volume
07-11 16:10:48.601 W/MountService(  374): getVolumeState(/storage/extSdCard): Unknown volume
07-11 16:10:48.601 W/MountService(  374): getVolumeState(/storage/sdcard1): Unknown volume
07-11 16:10:48.601 W/MountService(  374): getVolumeState(/mnt/sdcard/external_SD): Unknown volume
07-11 16:10:48.609 W/MountService(  374): getVolumeState(/mnt/sdcard/external_sd): Unknown volume
07-11 16:10:48.883 W/MountService(  374): getVolumeState(/storage/emulated/0/external_sd): Unknown volume
07-11 16:10:48.883 W/MountService(  374): getVolumeState(/mnt/sdcard-ext): Unknown volume
07-11 16:10:48.883 W/MountService(  374): getVolumeState(/mnt/ext_sdcard): Unknown volume
07-11 16:10:48.890 W/MountService(  374): getVolumeState(/mnt/sdcard2): Unknown volume
07-11 16:10:48.890 W/MountService(  374): getVolumeState(/mnt/emmc): Unknown volume
07-11 16:10:48.890 W/MountService(  374): getVolumeState(/mnt/extSdCard): Unknown volume
07-11 16:10:48.890 W/MountService(  374): getVolumeState(/mnt/sdcard/SD_CARD): Unknown volume
07-11 16:10:48.890 W/MountService(  374): getVolumeState(/mnt/sdcard/extra_sd): Unknown volume
07-11 16:10:48.890 W/MountService(  374): getVolumeState(/mnt/extrasd_bind): Unknown volume
07-11 16:10:48.890 W/MountService(  374): getVolumeState(/mnt/sdcard/ext_sd): Unknown volume
07-11 16:10:48.890 W/MountService(  374): getVolumeState(/storage/extSdCard): Unknown volume
07-11 16:10:48.890 W/MountService(  374): getVolumeState(/storage/sdcard1): Unknown volume
07-11 16:10:48.890 W/MountService(  374): getVolumeState(/mnt/sdcard/external_SD): Unknown volume
07-11 16:10:48.898 W/MountService(  374): getVolumeState(/mnt/sdcard/external_sd): Unknown volume
07-11 16:10:53.640 I/PowerManagerService(  374): Going to sleep due to screen timeout...
07-11 16:10:54.492 I/WindowManager(  374): Screenshot Window{424d5be0 u0 com.pekall.emdm/com.pekall.emdm.ui.MainActivity} was all black! mSurfaceLayer=21020 minLayer=21020 maxLayer=21025
07-11 16:10:59.586 D/PhoneStatusBar(  450): disable: < expand icons alerts ticker system_info back home RECENT* clock search >
07-11 16:10:59.758 D/PhoneStatusBar(  450): disable: < expand icons alerts ticker system_info BACK* HOME* RECENT CLOCK* search >
07-11 16:11:48.781 W/MountService(  374): getVolumeState(/storage/emulated/0/external_sd): Unknown volume
07-11 16:11:48.781 W/MountService(  374): getVolumeState(/mnt/sdcard-ext): Unknown volume
07-11 16:11:48.781 W/MountService(  374): getVolumeState(/mnt/ext_sdcard): Unknown volume
07-11 16:11:48.781 W/MountService(  374): getVolumeState(/mnt/sdcard2): Unknown volume
07-11 16:11:48.781 W/MountService(  374): getVolumeState(/mnt/emmc): Unknown volume
07-11 16:11:48.781 W/MountService(  374): getVolumeState(/mnt/extSdCard): Unknown volume
07-11 16:11:48.789 W/MountService(  374): getVolumeState(/mnt/sdcard/SD_CARD): Unknown volume
07-11 16:11:48.789 W/MountService(  374): getVolumeState(/mnt/sdcard/extra_sd): Unknown volume
07-11 16:11:48.789 W/MountService(  374): getVolumeState(/mnt/extrasd_bind): Unknown volume
07-11 16:11:48.797 W/MountService(  374): getVolumeState(/mnt/sdcard/ext_sd): Unknown volume
07-11 16:11:48.797 W/MountService(  374): getVolumeState(/storage/extSdCard): Unknown volume
07-11 16:11:48.797 W/MountService(  374): getVolumeState(/storage/sdcard1): Unknown volume
07-11 16:11:48.797 W/MountService(  374): getVolumeState(/mnt/sdcard/external_SD): Unknown volume
07-11 16:11:48.797 W/MountService(  374): getVolumeState(/mnt/sdcard/external_sd): Unknown volume
07-11 16:11:49.328 W/MountService(  374): getVolumeState(/storage/emulated/0/external_sd): Unknown volume
07-11 16:11:49.328 W/MountService(  374): getVolumeState(/mnt/sdcard-ext): Unknown volume
07-11 16:11:49.328 W/MountService(  374): getVolumeState(/mnt/ext_sdcard): Unknown volume
07-11 16:11:49.328 W/MountService(  374): getVolumeState(/mnt/sdcard2): Unknown volume
07-11 16:11:49.328 W/MountService(  374): getVolumeState(/mnt/emmc): Unknown volume
07-11 16:11:49.328 W/MountService(  374): getVolumeState(/mnt/extSdCard): Unknown volume
07-11 16:11:49.328 W/MountService(  374): getVolumeState(/mnt/sdcard/SD_CARD): Unknown volume
07-11 16:11:49.328 W/MountService(  374): getVolumeState(/mnt/sdcard/extra_sd): Unknown volume
07-11 16:11:49.328 W/MountService(  374): getVolumeState(/mnt/extrasd_bind): Unknown volume
07-11 16:11:49.328 W/MountService(  374): getVolumeState(/mnt/sdcard/ext_sd): Unknown volume
07-11 16:11:49.336 W/MountService(  374): getVolumeState(/storage/extSdCard): Unknown volume
07-11 16:11:49.336 W/MountService(  374): getVolumeState(/storage/sdcard1): Unknown volume
07-11 16:11:49.336 W/MountService(  374): getVolumeState(/mnt/sdcard/external_SD): Unknown volume
07-11 16:11:49.336 W/MountService(  374): getVolumeState(/mnt/sdcard/external_sd): Unknown volume
07-11 16:12:12.578 I/PowerManagerService(  374): Waking up from sleep...
07-11 16:12:12.609 I/WindowManager(  374): Lock screen displayed!
07-11 16:12:14.008 D/PhoneStatusBar(  450): disable: < expand icons alerts ticker system_info BACK HOME recent* CLOCK search >
07-11 16:12:14.094 D/PhoneStatusBar(  450): disable: < expand icons alerts ticker system_info back* home* recent clock* search >
07-11 16:12:14.203 W/InputMethodManagerService(  374): Window already focused, ignoring focus gain of: com.android.internal.view.IInputMethodClient$Stub$Proxy@426fbfc8 attribute=android.view.inputmethod.EditorInfo@42c3d1c0, token = android.os.BinderProxy@42c82218
07-11 16:12:15.453 I/ActivityManager(  374): START u0 {cmp=com.pekall.emdm/.messagecenter.activity.MessageMainActivity} from pid 3259
07-11 16:12:24.008 W/ActivityManager(  374): Activity idle timeout for ActivityRecord{42837800 u0 com.pekall.emdm/.ui.MainActivity}
07-11 16:12:25.469 W/ActivityManager(  374): Launch timeout has expired, giving up wake lock!
07-11 16:12:25.687 W/ActivityManager(  374): Activity idle timeout for ActivityRecord{429ac0a8 u0 com.pekall.emdm/.messagecenter.activity.MessageMainActivity}
07-11 16:12:48.742 W/MountService(  374): getVolumeState(/storage/emulated/0/external_sd): Unknown volume
07-11 16:12:48.742 W/MountService(  374): getVolumeState(/mnt/sdcard-ext): Unknown volume
07-11 16:12:48.742 W/MountService(  374): getVolumeState(/mnt/ext_sdcard): Unknown volume
07-11 16:12:48.742 W/MountService(  374): getVolumeState(/mnt/sdcard2): Unknown volume
07-11 16:12:48.742 W/MountService(  374): getVolumeState(/mnt/emmc): Unknown volume
07-11 16:12:48.742 W/MountService(  374): getVolumeState(/mnt/extSdCard): Unknown volume
07-11 16:12:48.742 W/MountService(  374): getVolumeState(/mnt/sdcard/SD_CARD): Unknown volume
07-11 16:12:48.750 W/MountService(  374): getVolumeState(/mnt/sdcard/extra_sd): Unknown volume
07-11 16:12:48.750 W/MountService(  374): getVolumeState(/mnt/extrasd_bind): Unknown volume
07-11 16:12:48.750 W/MountService(  374): getVolumeState(/mnt/sdcard/ext_sd): Unknown volume
07-11 16:12:48.750 W/MountService(  374): getVolumeState(/storage/extSdCard): Unknown volume
07-11 16:12:48.750 W/MountService(  374): getVolumeState(/storage/sdcard1): Unknown volume
07-11 16:12:48.750 W/MountService(  374): getVolumeState(/mnt/sdcard/external_SD): Unknown volume
07-11 16:12:48.758 W/MountService(  374): getVolumeState(/mnt/sdcard/external_sd): Unknown volume
07-11 16:12:49.164 W/MountService(  374): getVolumeState(/storage/emulated/0/external_sd): Unknown volume
07-11 16:12:49.172 W/MountService(  374): getVolumeState(/mnt/sdcard-ext): Unknown volume
07-11 16:12:49.172 W/MountService(  374): getVolumeState(/mnt/ext_sdcard): Unknown volume
07-11 16:12:49.179 W/MountService(  374): getVolumeState(/mnt/sdcard2): Unknown volume
07-11 16:12:49.179 W/MountService(  374): getVolumeState(/mnt/emmc): Unknown volume
07-11 16:12:49.187 W/MountService(  374): getVolumeState(/mnt/extSdCard): Unknown volume
07-11 16:12:49.187 W/MountService(  374): getVolumeState(/mnt/sdcard/SD_CARD): Unknown volume
07-11 16:12:49.187 W/MountService(  374): getVolumeState(/mnt/sdcard/extra_sd): Unknown volume
07-11 16:12:49.187 W/MountService(  374): getVolumeState(/mnt/extrasd_bind): Unknown volume
07-11 16:12:49.187 W/MountService(  374): getVolumeState(/mnt/sdcard/ext_sd): Unknown volume
07-11 16:12:49.195 W/MountService(  374): getVolumeState(/storage/extSdCard): Unknown volume
07-11 16:12:49.195 W/MountService(  374): getVolumeState(/storage/sdcard1): Unknown volume
07-11 16:12:49.195 W/MountService(  374): getVolumeState(/mnt/sdcard/external_SD): Unknown volume
07-11 16:12:49.203 W/MountService(  374): getVolumeState(/mnt/sdcard/external_sd): Unknown volume
07-11 16:12:55.508 I/ActivityManager(  374): START u0 {act=android.intent.action.MAIN cat=[android.intent.category.LAUNCHER] flg=0x10200000 cmp=com.pekall.emdm/.ui.SplashActivity} from pid 605
07-11 16:12:57.500 I/ActivityManager(  374): START u0 {cmp=com.pekall.emdm/.ui.MainActivity} from pid 3259
07-11 16:13:00.414 I/ActivityManager(  374): START u0 {cmp=com.pekall.emdm/.market.activity.AppListActivity} from pid 3259
07-11 16:13:05.695 W/ActivityManager(  374): Launch timeout has expired, giving up wake lock!
07-11 16:13:05.750 W/ActivityManager(  374): Activity idle timeout for ActivityRecord{42508e68 u0 com.pekall.emdm/.ui.SplashActivity}
07-11 16:13:07.828 W/ActivityManager(  374): Activity idle timeout for ActivityRecord{4256f348 u0 com.pekall.emdm/.ui.MainActivity}
07-11 16:13:10.867 W/ActivityManager(  374): Activity idle timeout for ActivityRecord{4261d988 u0 com.pekall.emdm/.market.activity.AppListActivity}
07-11 16:13:27.422 V/PanelView(  450): animationTick called with dtms=0; nothing to do (h=1087.0 v=1605.0828)
07-11 16:13:27.422 V/PanelView(  450): animationTick called with dtms=-15; nothing to do (h=1087.0 v=1605.0828)
07-11 16:13:29.008 V/PanelView(  450): animationTick called with dtms=0; nothing to do (h=1184.0 v=-4000.0)
07-11 16:13:29.617 W/InputMethodManagerService(  374): Window already focused, ignoring focus gain of: com.android.internal.view.IInputMethodClient$Stub$Proxy@423f6950 attribute=null, token = android.os.BinderProxy@42c9a5d0
07-11 16:13:32.726 I/ActivityManager(  374): START u0 {act=android.intent.action.VIEW dat=file:///storage/emulated/0/MDM/download/bygamebinumbers.apk typ=application/vnd.android.package-archive flg=0x10000000 cmp=com.android.packageinstaller/.PackageInstallerActivity} from pid 3259
07-11 16:13:33.062 I/ActivityManager(  374): Start proc com.android.packageinstaller for activity com.android.packageinstaller/.PackageInstallerActivity: pid=28448 uid=10045 gids={50045, 1028}
07-11 16:13:36.656 I/ActivityManager(  374): START u0 {dat=file:///storage/emulated/0/MDM/download/bygamebinumbers.apk cmp=com.android.packageinstaller/.InstallAppProgress (has extras)} from pid 28448
07-11 16:13:37.297 W/ActivityManager(  374): No content provider found for permission revoke: file:///storage/emulated/0/MDM/download/bygamebinumbers.apk
07-11 16:13:37.437 I/ActivityManager(  374): Process android.process.acore (pid 24046) has died.
07-11 16:13:39.351 V/PanelView(  450): animationTick called with dtms=0; nothing to do (h=1085.0 v=2005.5167)
07-11 16:13:40.375 V/PanelView(  450): animationTick called with dtms=0; nothing to do (h=1184.0 v=-4000.0)
07-11 16:13:40.383 V/PanelBar(  450): onTouch: no panel for touch at (529,6)
07-11 16:13:40.726 W/InputMethodManagerService(  374): Window already focused, ignoring focus gain of: com.android.internal.view.IInputMethodClient$Stub$Proxy@42a27778 attribute=null, token = android.os.BinderProxy@42a77c18
07-11 16:13:42.297 V/PanelView(  450): animationTick called with dtms=0; nothing to do (h=1142.0 v=1439.8801)
07-11 16:13:42.304 V/PanelView(  450): animationTick called with dtms=-5; nothing to do (h=1142.0 v=1439.8801)
07-11 16:13:45.984 I/ActivityManager(  374): Process com.google.android.gms (pid 23502) has died.
07-11 16:13:48.469 V/DeadZone(  450): consuming errant click: (174.0,26.0)
07-11 16:13:48.820 W/MountService(  374): getVolumeState(/storage/emulated/0/external_sd): Unknown volume
07-11 16:13:48.844 W/MountService(  374): getVolumeState(/mnt/sdcard-ext): Unknown volume
07-11 16:13:48.844 W/MountService(  374): getVolumeState(/mnt/ext_sdcard): Unknown volume
07-11 16:13:48.844 W/MountService(  374): getVolumeState(/mnt/sdcard2): Unknown volume
07-11 16:13:48.844 W/MountService(  374): getVolumeState(/mnt/emmc): Unknown volume
07-11 16:13:48.844 W/MountService(  374): getVolumeState(/mnt/extSdCard): Unknown volume
07-11 16:13:48.851 W/MountService(  374): getVolumeState(/mnt/sdcard/SD_CARD): Unknown volume
07-11 16:13:48.851 W/MountService(  374): getVolumeState(/mnt/sdcard/extra_sd): Unknown volume
07-11 16:13:48.851 W/MountService(  374): getVolumeState(/mnt/extrasd_bind): Unknown volume
07-11 16:13:48.859 W/MountService(  374): getVolumeState(/mnt/sdcard/ext_sd): Unknown volume
07-11 16:13:48.859 W/MountService(  374): getVolumeState(/storage/extSdCard): Unknown volume
07-11 16:13:48.867 W/MountService(  374): getVolumeState(/storage/sdcard1): Unknown volume
07-11 16:13:48.867 W/MountService(  374): getVolumeState(/mnt/sdcard/external_SD): Unknown volume
07-11 16:13:48.867 W/MountService(  374): getVolumeState(/mnt/sdcard/external_sd): Unknown volume
07-11 16:13:49.015 I/ActivityManager(  374): Start proc android.process.acore for content provider com.android.providers.contacts/.ContactsProvider2: pid=28955 uid=10000 gids={50000, 3003, 1015, 1028}
07-11 16:13:50.304 V/PanelView(  450): animationTick called with dtms=0; nothing to do (h=1184.0 v=-4000.0)
07-11 16:13:50.304 V/PanelView(  450): animationTick called with dtms=-6; nothing to do (h=1184.0 v=-4000.0)
07-11 16:13:50.664 W/InputMethodManagerService(  374): Window already focused, ignoring focus gain of: com.android.internal.view.IInputMethodClient$Stub$Proxy@426ef790 attribute=null, token = android.os.BinderProxy@42a77c18
07-11 16:13:50.789 W/MountService(  374): getVolumeState(/storage/emulated/0/external_sd): Unknown volume
07-11 16:13:50.789 W/MountService(  374): getVolumeState(/mnt/sdcard-ext): Unknown volume
07-11 16:13:50.804 W/MountService(  374): getVolumeState(/mnt/ext_sdcard): Unknown volume
07-11 16:13:50.812 W/MountService(  374): getVolumeState(/mnt/sdcard2): Unknown volume
07-11 16:13:50.812 W/MountService(  374): getVolumeState(/mnt/emmc): Unknown volume
07-11 16:13:50.820 W/MountService(  374): getVolumeState(/mnt/extSdCard): Unknown volume
07-11 16:13:50.820 W/MountService(  374): getVolumeState(/mnt/sdcard/SD_CARD): Unknown volume
07-11 16:13:50.820 W/MountService(  374): getVolumeState(/mnt/sdcard/extra_sd): Unknown volume
07-11 16:13:50.820 W/MountService(  374): getVolumeState(/mnt/extrasd_bind): Unknown volume
07-11 16:13:50.820 W/MountService(  374): getVolumeState(/mnt/sdcard/ext_sd): Unknown volume
07-11 16:13:50.828 W/MountService(  374): getVolumeState(/storage/extSdCard): Unknown volume
07-11 16:13:50.828 W/MountService(  374): getVolumeState(/storage/sdcard1): Unknown volume
07-11 16:13:50.828 W/MountService(  374): getVolumeState(/mnt/sdcard/external_SD): Unknown volume
07-11 16:13:50.836 W/MountService(  374): getVolumeState(/mnt/sdcard/external_sd): Unknown volume
07-11 16:13:50.937 I/ActivityManager(  374): Process com.google.android.googlequicksearchbox (pid 23541) has died.
07-11 16:13:51.297 I/ActivityManager(  374): Process com.google.android.talk (pid 23687) has died.
07-11 16:14:23.875 I/ActivityManager(  374): Process com.google.android.calendar (pid 24573) has died.
07-11 16:14:26.867 I/PowerManagerService(  374): Going to sleep due to screen timeout...
--------- beginning of /dev/log/main
07-11 16:14:33.906 D/PushMessageWidget( 3259): [null:-1]->action is : com.pekall.emdm.message.UPDATE_MESSAGE
07-11 16:14:33.906 D/PushMessageWidget( 3259): [null:-1]->call onUpdate 
07-11 16:14:33.906 E/DB      ( 3259): bind, index: 1, value: 100
07-11 16:14:33.906 D/DB      ( 3259): query: SQLiteQuery: SELECT subject, msg, date FROM message WHERE type = ?  ORDER BY _id DESC
07-11 16:14:33.906 D/DB      ( 3259): factory null
07-11 16:14:33.906 D/DB      ( 3259): fillWindow: 0
07-11 16:14:33.922 D/DB      ( 3259): cursor 838
07-11 16:14:33.922 D/PushMessageWidget( 3259): cursor count is 838
07-11 16:14:33.922 D/DB      ( 3259): moveToPos: 0
07-11 16:14:33.922 D/DB      ( 3259): onMove: 0
07-11 16:14:33.922 D/PushMessageWidget( 3259): fill data and title is : testpush , content is : test push message!@#$%^&*()! hello world
07-11 16:14:33.929 D/PushMessageWidget( 3259): [null:-1]->action is : com.pekall.emdm.message.UPDATE_MESSAGE
07-11 16:14:33.929 D/PushMessageWidget( 3259): [null:-1]->call onUpdate 
07-11 16:14:33.929 E/DB      ( 3259): bind, index: 1, value: 100
07-11 16:14:33.929 D/DB      ( 3259): query: SQLiteQuery: SELECT subject, msg, date FROM message WHERE type = ?  ORDER BY _id DESC
07-11 16:14:33.929 D/DB      ( 3259): factory null
07-11 16:14:33.929 D/DB      ( 3259): fillWindow: 0
07-11 16:14:33.945 D/DB      ( 3259): cursor 838
07-11 16:14:33.945 D/PushMessageWidget( 3259): cursor count is 838
07-11 16:14:33.945 D/DB      ( 3259): moveToPos: 0
07-11 16:14:33.945 D/DB      ( 3259): onMove: 0
07-11 16:14:33.953 D/PushMessageWidget( 3259): fill data and title is : testpush , content is : test push message!@#$%^&*()! hello world
07-11 16:14:33.953 D/PushMessageWidget( 3259): [null:-1]->action is : com.pekall.emdm.message.UPDATE_MESSAGE
07-11 16:14:33.953 D/PushMessageWidget( 3259): [null:-1]->call onUpdate 
07-11 16:14:33.961 E/DB      ( 3259): bind, index: 1, value: 100
07-11 16:14:33.961 D/DB      ( 3259): query: SQLiteQuery: SELECT subject, msg, date FROM message WHERE type = ?  ORDER BY _id DESC
07-11 16:14:33.961 D/DB      ( 3259): factory null
