07-11 10:13:55.554 I/ActivityManager(  374): Start proc com.qihoo360.mobilesafe:PcDaemon for service com.qihoo360.mobilesafe/.pcdaemon.service.DaemonService: pid=2464 uid=10072 gids={50072, 3003, 1015, 3001, 3002, 1006, 1028}
07-11 10:13:56.679 W/BroadcastQueue(  374): Failure [background] sending broadcast result of Intent { act=com.qihoo360.mobilesafe.NotifyDaemonStart flg=0x10 }
07-11 10:13:56.679 W/BroadcastQueue(  374): android.os.DeadObjectException
07-11 10:13:56.679 W/BroadcastQueue(  374): 	at android.os.BinderProxy.transact(Native Method)
07-11 10:13:56.679 W/BroadcastQueue(  374): 	at android.content.IIntentReceiver$Stub$Proxy.performReceive(IIntentReceiver.java:124)
07-11 10:13:56.679 W/BroadcastQueue(  374): 	at com.android.server.am.BroadcastQueue.performReceiveLocked(BroadcastQueue.java:376)
07-11 10:13:56.679 W/BroadcastQueue(  374): 	at com.android.server.am.BroadcastQueue.processNextBroadcast(BroadcastQueue.java:599)
07-11 10:13:56.679 W/BroadcastQueue(  374): 	at com.android.server.am.ActivityManagerService.finishReceiver(ActivityManagerService.java:12390)
07-11 10:13:56.679 W/BroadcastQueue(  374): 	at android.app.ActivityManagerNative.onTransact(ActivityManagerNative.java:379)
07-11 10:13:56.679 W/BroadcastQueue(  374): 	at com.android.server.am.ActivityManagerService.onTransact(ActivityManagerService.java:1737)
07-11 10:13:56.679 W/BroadcastQueue(  374): 	at android.os.Binder.execTransact(Binder.java:388)
07-11 10:13:56.679 W/BroadcastQueue(  374): 	at dalvik.system.NativeStart.run(Native Method)
07-11 10:13:57.554 W/BroadcastQueue(  374): Failure [background] sending broadcast result of Intent { act=com.qihoo360.mobilesafe.NotifyDaemonStop flg=0x10 }
07-11 10:13:57.554 W/BroadcastQueue(  374): android.os.DeadObjectException
07-11 10:13:57.554 W/BroadcastQueue(  374): 	at android.os.BinderProxy.transact(Native Method)
07-11 10:13:57.554 W/BroadcastQueue(  374): 	at android.content.IIntentReceiver$Stub$Proxy.performReceive(IIntentReceiver.java:124)
07-11 10:13:57.554 W/BroadcastQueue(  374): 	at com.android.server.am.BroadcastQueue.performReceiveLocked(BroadcastQueue.java:376)
07-11 10:13:57.554 W/BroadcastQueue(  374): 	at com.android.server.am.BroadcastQueue.processNextBroadcast(BroadcastQueue.java:599)
07-11 10:13:57.554 W/BroadcastQueue(  374): 	at com.android.server.am.ActivityManagerService.finishReceiver(ActivityManagerService.java:12390)
07-11 10:13:57.554 W/BroadcastQueue(  374): 	at android.app.ActivityManagerNative.onTransact(ActivityManagerNative.java:379)
07-11 10:13:57.554 W/BroadcastQueue(  374): 	at com.android.server.am.ActivityManagerService.onTransact(ActivityManagerService.java:1737)
07-11 10:13:57.554 W/BroadcastQueue(  374): 	at android.os.Binder.execTransact(Binder.java:388)
07-11 10:13:57.554 W/BroadcastQueue(  374): 	at dalvik.system.NativeStart.run(Native Method)
07-11 10:13:57.617 I/ActivityManager(  374): Process com.android.musicfx (pid 32701) has died.
07-11 10:13:59.328 I/ActivityManager(  374): Process com.google.android.googlequicksearchbox (pid 1916) has died.
07-11 10:14:00.344 W/PackageManager(  374): Invalid verification token 2 received
07-11 10:14:03.219 I/PackageManager(  374): Verification timed out for file:///sdcard/tmp/360apktmp.apk
07-11 10:14:03.219 I/PackageManager(  374): Continuing with installation of file:///sdcard/tmp/360apktmp.apk
07-11 10:14:03.312 W/ActivityManager(  374): No content provider found for permission revoke: file:///sdcard/tmp/360apktmp.apk
07-11 10:14:03.312 I/PackageManager(  374): Copying native libraries to /data/app-lib/vmdl-627106275
07-11 10:14:05.609 I/ActivityManager(  374): Force stopping package com.kuai appid=10083 user=-1
07-11 10:14:06.883 W/MountService(  374): getVolumeState(/storage/emulated/0/external_sd): Unknown volume
07-11 10:14:06.898 I/ActivityManager(  374): Start proc com.google.android.gallery3d for broadcast com.google.android.gallery3d/com.android.gallery3d.app.PackagesMonitor: pid=2573 uid=10019 gids={50019, 1006, 3003, 1015, 1028}
07-11 10:14:06.922 W/MountService(  374): getVolumeState(/mnt/sdcard-ext): Unknown volume
07-11 10:14:06.922 W/MountService(  374): getVolumeState(/mnt/ext_sdcard): Unknown volume
07-11 10:14:06.922 W/MountService(  374): getVolumeState(/mnt/sdcard2): Unknown volume
07-11 10:14:06.922 W/MountService(  374): getVolumeState(/mnt/emmc): Unknown volume
07-11 10:14:06.922 W/MountService(  374): getVolumeState(/mnt/extSdCard): Unknown volume
07-11 10:14:06.922 W/MountService(  374): getVolumeState(/mnt/sdcard/SD_CARD): Unknown volume
07-11 10:14:06.922 W/MountService(  374): getVolumeState(/mnt/sdcard/extra_sd): Unknown volume
07-11 10:14:06.922 W/MountService(  374): getVolumeState(/mnt/extrasd_bind): Unknown volume
07-11 10:14:06.929 W/MountService(  374): getVolumeState(/mnt/sdcard/ext_sd): Unknown volume
07-11 10:14:06.929 W/MountService(  374): getVolumeState(/storage/extSdCard): Unknown volume
07-11 10:14:06.929 W/MountService(  374): getVolumeState(/storage/sdcard1): Unknown volume
07-11 10:14:06.929 W/MountService(  374): getVolumeState(/mnt/sdcard/external_SD): Unknown volume
07-11 10:14:06.961 W/MountService(  374): getVolumeState(/mnt/sdcard/external_sd): Unknown volume
07-11 10:14:07.250 D/BackupManagerService(  374): Received broadcast Intent { act=android.intent.action.PACKAGE_ADDED dat=package:com.kuai flg=0x8000010 (has extras) }
07-11 10:14:07.258 V/BackupManagerService(  374): addPackageParticipantsLocked: #1
07-11 10:14:08.179 I/ActivityManager(  374): Start proc com.google.android.partnersetup for broadcast com.google.android.partnersetup/.RlzPingBroadcastReceiver: pid=2601 uid=10027 gids={50027, 3003, 1028}
07-11 10:14:08.492 I/ActivityManager(  374): Start proc com.android.musicfx for broadcast com.android.musicfx/.Compatibility$Receiver: pid=2617 uid=10042 gids={50042, 3003, 3002, 1028}
07-11 10:14:08.703 I/ActivityManager(  374): Start proc com.google.android.apps.plus for broadcast com.google.android.apps.plus/.service.PackagesMediaMonitor: pid=2635 uid=10048 gids={50048, 3003, 3002, 1015, 1006, 1028}
07-11 10:14:08.844 I/ActivityManager(  374): Process com.google.android.apps.maps:LocationFriendService (pid 2199) has died.
07-11 10:14:09.000 W/MountService(  374): getVolumeState(/storage/emulated/0/external_sd): Unknown volume
07-11 10:14:09.000 W/MountService(  374): getVolumeState(/mnt/sdcard-ext): Unknown volume
07-11 10:14:09.000 W/MountService(  374): getVolumeState(/mnt/ext_sdcard): Unknown volume
07-11 10:14:09.008 W/MountService(  374): getVolumeState(/mnt/sdcard2): Unknown volume
07-11 10:14:09.008 W/MountService(  374): getVolumeState(/mnt/emmc): Unknown volume
07-11 10:14:09.008 W/MountService(  374): getVolumeState(/mnt/extSdCard): Unknown volume
07-11 10:14:09.008 W/MountService(  374): getVolumeState(/mnt/sdcard/SD_CARD): Unknown volume
07-11 10:14:09.008 W/MountService(  374): getVolumeState(/mnt/sdcard/extra_sd): Unknown volume
07-11 10:14:09.008 W/MountService(  374): getVolumeState(/mnt/extrasd_bind): Unknown volume
07-11 10:14:09.008 W/MountService(  374): getVolumeState(/mnt/sdcard/ext_sd): Unknown volume
07-11 10:14:09.015 W/MountService(  374): getVolumeState(/storage/extSdCard): Unknown volume
07-11 10:14:09.015 W/MountService(  374): getVolumeState(/storage/sdcard1): Unknown volume
07-11 10:14:09.015 W/MountService(  374): getVolumeState(/mnt/sdcard/external_SD): Unknown volume
07-11 10:14:09.015 W/MountService(  374): getVolumeState(/mnt/sdcard/external_sd): Unknown volume
07-11 10:14:09.070 I/ActivityManager(  374): Process com.google.android.gms (pid 1873) has died.
07-11 10:14:09.578 I/ActivityManager(  374): Process com.google.android.gsf.login (pid 2185) has died.
07-11 10:14:11.937 I/ActivityManager(  374): Start proc com.google.android.gms for broadcast com.google.android.gms/.games.receiver.GamesSystemBroadcastReceiver: pid=2654 uid=10009 gids={50009, 3003, 1007, 1028, 1015, 1006, 2001, 3006}
07-11 10:14:12.000 I/ActivityManager(  374): Process com.qihoo360.mobilesafe:PcDaemon (pid 2464) has died.
07-11 10:14:12.086 W/PackageParser(  833): Unknown element under <application>: servive at /storage/emulated/0/360Download/com.qihoo.appstore.apk Binary XML file line #516
07-11 10:14:12.281 I/ActivityManager(  374): Start proc com.google.android.googlequicksearchbox for broadcast com.google.android.googlequicksearchbox/com.google.android.apps.sidekick.GmmLocationProviderImpl$GmmPackageWatcher: pid=2672 uid=10056 gids={50056, 3003, 1028, 1007, 3002, 1015}
07-11 10:14:12.453 W/PackageParser(  833): No actions in intent filter at /storage/emulated/0/360Download/Pekall.apk Binary XML file line #685
07-11 10:14:12.922 W/PackageParser(  833): No actions in intent filter at /storage/emulated/0/Download/emmp.apk Binary XML file line #687
07-11 10:14:12.976 I/PowerManagerService(  374): Waking up from sleep...
07-11 10:14:13.023 I/ActivityManager(  374): Process com.android.defcontainer (pid 2216) has died.
07-11 10:14:13.172 W/ActivityManager(  374): Unable to start service Intent { act=com.google.android.gms.analytics.service.START (has extras) } U=0: not found
07-11 10:14:13.258 W/PackageParser(  833): No actions in intent filter at /storage/emulated/0/Download/emmp-1.apk Binary XML file line #687
07-11 10:14:13.367 I/ActivityManager(  374): Start proc com.noshufou.android.su for broadcast com.noshufou.android.su/.InstallReceiver: pid=2745 uid=10077 gids={50077, 3003, 1015, 1028}
07-11 10:14:13.570 I/WindowManager(  374): Lock screen displayed!
07-11 10:14:13.594 W/PackageParser(  833): Unknown element under <application>: servive at /storage/emulated/0/360Download/com.qihoo.appstore.apk Binary XML file line #516
07-11 10:14:13.906 I/ActivityManager(  374): Start proc com.google.android.gsf.login for service com.google.android.gms/.recovery.AccountRecoveryBackgroundService: pid=2763 uid=10009 gids={50009, 3003, 1007, 1028, 1015, 1006, 2001, 3006}
07-11 10:14:14.101 I/ActivityManager(  374): Process com.google.android.gallery3d (pid 2573) has died.
07-11 10:14:14.148 I/ActivityManager(  374): Start proc com.android.providers.calendar for content provider com.android.providers.calendar/.CalendarProvider2: pid=2780 uid=10007 gids={50007, 3003, 1015, 1028}
07-11 10:14:14.156 W/PackageParser(  833): No actions in intent filter at /storage/emulated/0/360Download/Pekall.apk Binary XML file line #685
07-11 10:14:14.562 I/ActivityManager(  374): Process com.android.musicfx (pid 2617) has died.
07-11 10:14:14.828 D/PhoneStatusBar(  450): disable: < expand icons alerts ticker system_info BACK HOME recent* CLOCK search >
07-11 10:14:15.094 D/PhoneStatusBar(  450): disable: < expand icons alerts ticker system_info back* home* recent clock* search >
07-11 10:14:15.953 I/ActivityManager(  374): Process com.qihoo360.mobilesafe (pid 2397) has died.
07-11 10:14:16.226 I/ActivityManager(  374): Start proc com.google.android.calendar for broadcast com.google.android.calendar/com.android.calendar.alerts.AlertReceiver: pid=2828 uid=10006 gids={50006, 3003, 1028}
07-11 10:14:17.219 I/ActivityManager(  374): Start proc com.android.defcontainer for service com.android.defcontainer/.DefaultContainerService: pid=2857 uid=10012 gids={50012, 1015, 1023, 2001, 1028}
07-11 10:14:17.945 W/ActivityManager(  374): Unable to start service Intent { act=com.google.android.gms.analytics.service.START (has extras) } U=0: not found
07-11 10:14:18.461 I/ActivityManager(  374): Start proc com.qihoo360.mobilesafe for service com.qihoo360.mobilesafe/.service.GuardDelegateService: pid=2873 uid=10072 gids={50072, 3003, 1015, 3001, 3002, 1006, 1028}
07-11 10:14:19.179 I/ActivityManager(  374): Process com.google.android.apps.plus (pid 2635) has died.
07-11 10:14:22.953 W/ActivityManager(  374): Unable to start service Intent { act=com.google.android.gms.analytics.service.START (has extras) } U=0: not found
07-11 10:14:33.586 W/PackageManager(  374): Invalid verification token 3 received
07-11 10:14:35.234 I/ActivityManager(  374): Process com.google.android.googlequicksearchbox (pid 2672) has died.
07-11 10:14:35.664 I/ActivityManager(  374): Process com.google.android.gms (pid 2654) has died.
07-11 10:14:47.922 W/MountService(  374): getVolumeState(/storage/emulated/0/external_sd): Unknown volume
07-11 10:14:47.929 W/MountService(  374): getVolumeState(/mnt/sdcard-ext): Unknown volume
07-11 10:14:47.929 W/MountService(  374): getVolumeState(/mnt/ext_sdcard): Unknown volume
07-11 10:14:47.929 W/MountService(  374): getVolumeState(/mnt/sdcard2): Unknown volume
07-11 10:14:47.929 W/MountService(  374): getVolumeState(/mnt/emmc): Unknown volume
07-11 10:14:47.929 W/MountService(  374): getVolumeState(/mnt/extSdCard): Unknown volume
07-11 10:14:47.929 W/MountService(  374): getVolumeState(/mnt/sdcard/SD_CARD): Unknown volume
07-11 10:14:47.929 W/MountService(  374): getVolumeState(/mnt/sdcard/extra_sd): Unknown volume
07-11 10:14:47.929 W/MountService(  374): getVolumeState(/mnt/extrasd_bind): Unknown volume
07-11 10:14:47.929 W/MountService(  374): getVolumeState(/mnt/sdcard/ext_sd): Unknown volume
07-11 10:14:47.929 W/MountService(  374): getVolumeState(/storage/extSdCard): Unknown volume
07-11 10:14:47.929 W/MountService(  374): getVolumeState(/storage/sdcard1): Unknown volume
07-11 10:14:47.937 W/MountService(  374): getVolumeState(/mnt/sdcard/external_SD): Unknown volume
07-11 10:14:47.937 W/MountService(  374): getVolumeState(/mnt/sdcard/external_sd): Unknown volume
07-11 10:14:48.226 W/MountService(  374): getVolumeState(/storage/emulated/0/external_sd): Unknown volume
07-11 10:14:48.226 W/MountService(  374): getVolumeState(/mnt/sdcard-ext): Unknown volume
07-11 10:14:48.226 W/MountService(  374): getVolumeState(/mnt/ext_sdcard): Unknown volume
07-11 10:14:48.234 W/MountService(  374): getVolumeState(/mnt/sdcard2): Unknown volume
07-11 10:14:48.234 W/MountService(  374): getVolumeState(/mnt/emmc): Unknown volume
07-11 10:14:48.242 W/MountService(  374): getVolumeState(/mnt/extSdCard): Unknown volume
07-11 10:14:48.242 W/MountService(  374): getVolumeState(/mnt/sdcard/SD_CARD): Unknown volume
07-11 10:14:48.242 W/MountService(  374): getVolumeState(/mnt/sdcard/extra_sd): Unknown volume
07-11 10:14:48.242 W/MountService(  374): getVolumeState(/mnt/extrasd_bind): Unknown volume
07-11 10:14:48.250 W/MountService(  374): getVolumeState(/mnt/sdcard/ext_sd): Unknown volume
07-11 10:14:48.250 W/MountService(  374): getVolumeState(/storage/extSdCard): Unknown volume
07-11 10:14:48.250 W/MountService(  374): getVolumeState(/storage/sdcard1): Unknown volume
07-11 10:14:48.250 W/MountService(  374): getVolumeState(/mnt/sdcard/external_SD): Unknown volume
07-11 10:14:48.250 W/MountService(  374): getVolumeState(/mnt/sdcard/external_sd): Unknown volume
07-11 10:15:04.219 W/MountService(  374): getVolumeState(/storage/emulated/0/external_sd): Unknown volume
07-11 10:15:04.219 W/MountService(  374): getVolumeState(/mnt/sdcard-ext): Unknown volume
07-11 10:15:04.219 W/MountService(  374): getVolumeState(/mnt/ext_sdcard): Unknown volume
07-11 10:15:04.219 W/MountService(  374): getVolumeState(/mnt/sdcard2): Unknown volume
07-11 10:15:04.219 W/MountService(  374): getVolumeState(/mnt/emmc): Unknown volume
07-11 10:15:04.219 W/MountService(  374): getVolumeState(/mnt/extSdCard): Unknown volume
07-11 10:15:04.219 W/MountService(  374): getVolumeState(/mnt/sdcard/SD_CARD): Unknown volume
07-11 10:15:04.219 W/MountService(  374): getVolumeState(/mnt/sdcard/extra_sd): Unknown volume
07-11 10:15:04.219 W/MountService(  374): getVolumeState(/mnt/extrasd_bind): Unknown volume
07-11 10:15:04.226 W/MountService(  374): getVolumeState(/mnt/sdcard/ext_sd): Unknown volume
07-11 10:15:04.226 W/MountService(  374): getVolumeState(/storage/extSdCard): Unknown volume
07-11 10:15:04.226 W/MountService(  374): getVolumeState(/storage/sdcard1): Unknown volume
07-11 10:15:04.226 W/MountService(  374): getVolumeState(/mnt/sdcard/external_SD): Unknown volume
07-11 10:15:04.234 W/MountService(  374): getVolumeState(/mnt/sdcard/external_sd): Unknown volume
07-11 10:15:04.359 I/PowerManagerService(  374): Going to sleep due to screen timeout...
07-11 10:15:04.476 W/MountService(  374): getVolumeState(/storage/emulated/0/external_sd): Unknown volume
07-11 10:15:04.484 W/MountService(  374): getVolumeState(/mnt/sdcard-ext): Unknown volume
07-11 10:15:04.484 W/MountService(  374): getVolumeState(/mnt/ext_sdcard): Unknown volume
07-11 10:15:04.484 W/MountService(  374): getVolumeState(/mnt/sdcard2): Unknown volume
07-11 10:15:04.484 W/MountService(  374): getVolumeState(/mnt/emmc): Unknown volume
07-11 10:15:04.484 W/MountService(  374): getVolumeState(/mnt/extSdCard): Unknown volume
07-11 10:15:04.484 W/MountService(  374): getVolumeState(/mnt/sdcard/SD_CARD): Unknown volume
07-11 10:15:04.484 W/MountService(  374): getVolumeState(/mnt/sdcard/extra_sd): Unknown volume
07-11 10:15:04.492 W/MountService(  374): getVolumeState(/mnt/extrasd_bind): Unknown volume
07-11 10:15:04.492 W/MountService(  374): getVolumeState(/mnt/sdcard/ext_sd): Unknown volume
07-11 10:15:04.492 W/MountService(  374): getVolumeState(/storage/extSdCard): Unknown volume
07-11 10:15:04.492 W/MountService(  374): getVolumeState(/storage/sdcard1): Unknown volume
07-11 10:15:04.492 W/MountService(  374): getVolumeState(/mnt/sdcard/external_SD): Unknown volume
07-11 10:15:04.500 W/MountService(  374): getVolumeState(/mnt/sdcard/external_sd): Unknown volume
07-11 10:15:04.609 I/ActivityManager(  374): Process com.google.android.gsf.login (pid 2763) has died.
07-11 10:15:05.429 I/ActivityManager(  374): Process com.google.android.partnersetup (pid 2601) has died.
07-11 10:15:05.437 E/ActivityThread( 1736): Failed to find provider info for com.qihoo.antivirus.sync.MSSyncProvider
07-11 10:15:08.172 W/ActivityManager(  374): No content provider found for permission revoke: file:///sdcard/tmp/360apktmp.apk
07-11 10:15:10.320 I/ActivityManager(  374): Start proc com.google.android.deskclock for service com.google.android.deskclock/com.android.alarmclock.DigitalAppWidgetService: pid=3039 uid=10013 gids={50013, 1028}
07-11 10:15:10.422 I/ActivityManager(  374): Process com.noshufou.android.su (pid 2745) has died.
07-11 10:15:10.656 D/PhoneStatusBar(  450): disable: < expand icons alerts ticker system_info back home RECENT* clock search >
07-11 10:15:10.851 D/PhoneStatusBar(  450): disable: < expand icons alerts ticker system_info BACK* HOME* RECENT CLOCK* search >
07-11 10:15:18.187 I/PackageManager(  374): Verification timed out for file:///sdcard/tmp/360apktmp.apk
07-11 10:15:18.187 I/PackageManager(  374): Continuing with installation of file:///sdcard/tmp/360apktmp.apk
07-11 10:15:18.289 W/ActivityManager(  374): No content provider found for permission revoke: file:///sdcard/tmp/360apktmp.apk
07-11 10:15:18.289 I/PackageManager(  374): Copying native libraries to /data/app-lib/vmdl-435330945
07-11 10:15:18.562 I/ActivityManager(  374): Process com.google.android.calendar (pid 2828) has died.
07-11 10:15:19.469 I/ActivityManager(  374): Process com.qihoo360.mobilesafe (pid 2873) has died.
07-11 10:15:20.906 I/ActivityManager(  374): Force stopping package by.game.binumbers appid=10084 user=-1
07-11 10:15:21.023 W/PackageManager(  374): Not granting permission android.permission.ACCESS_DOWNLOAD_MANAGER to package by.game.binumbers (protectionLevel=18 flags=0x8be44)
07-11 10:15:21.367 I/ActivityManager(  374): Start proc com.qihoo360.mobilesafe for service com.qihoo360.mobilesafe/.service.GuardDelegateService: pid=3060 uid=10072 gids={50072, 3003, 1015, 3001, 3002, 1006, 1028}
07-11 10:15:21.461 I/ActivityManager(  374): Process com.qihoo360.mobilesafe:scan (pid 1742) has died.
07-11 10:15:21.461 W/ActivityManager(  374): Scheduling restart of crashed service com.qihoo360.mobilesafe/com.qihoo.security.services.DeepScanService in 5000ms
07-11 10:15:21.570 D/BackupManagerService(  374): Received broadcast Intent { act=android.intent.action.PACKAGE_ADDED dat=package:by.game.binumbers flg=0x8000010 (has extras) }
07-11 10:15:21.578 V/BackupManagerService(  374): addPackageParticipantsLocked: #1
07-11 10:15:21.601 I/ActivityManager(  374): Process com.android.providers.calendar (pid 2780) has died.
07-11 10:15:21.883 I/ActivityManager(  374): Process com.qihoo360.mobilesafe:engine (pid 1772) has died.
07-11 10:15:21.969 I/ActivityManager(  374): Start proc com.google.android.gallery3d for broadcast com.google.android.gallery3d/com.android.gallery3d.app.PackagesMonitor: pid=3085 uid=10019 gids={50019, 1006, 3003, 1015, 1028}
07-11 10:15:22.187 W/MountService(  374): getVolumeState(/storage/emulated/0/external_sd): Unknown volume
07-11 10:15:22.187 W/MountService(  374): getVolumeState(/mnt/sdcard-ext): Unknown volume
07-11 10:15:22.187 W/MountService(  374): getVolumeState(/mnt/ext_sdcard): Unknown volume
07-11 10:15:22.187 W/MountService(  374): getVolumeState(/mnt/sdcard2): Unknown volume
07-11 10:15:22.187 W/MountService(  374): getVolumeState(/mnt/emmc): Unknown volume
07-11 10:15:22.187 W/MountService(  374): getVolumeState(/mnt/extSdCard): Unknown volume
07-11 10:15:22.187 W/MountService(  374): getVolumeState(/mnt/sdcard/SD_CARD): Unknown volume
07-11 10:15:22.187 W/MountService(  374): getVolumeState(/mnt/sdcard/extra_sd): Unknown volume
07-11 10:15:22.195 W/MountService(  374): getVolumeState(/mnt/extrasd_bind): Unknown volume
07-11 10:15:22.195 W/MountService(  374): getVolumeState(/mnt/sdcard/ext_sd): Unknown volume
07-11 10:15:22.195 W/MountService(  374): getVolumeState(/storage/extSdCard): Unknown volume
07-11 10:15:22.195 W/MountService(  374): getVolumeState(/storage/sdcard1): Unknown volume
07-11 10:15:22.195 W/MountService(  374): getVolumeState(/mnt/sdcard/external_SD): Unknown volume
07-11 10:15:22.203 W/MountService(  374): getVolumeState(/mnt/sdcard/external_sd): Unknown volume
07-11 10:15:22.476 I/ActivityManager(  374): Start proc com.google.android.partnersetup for broadcast com.google.android.partnersetup/.RlzPingBroadcastReceiver: pid=3111 uid=10027 gids={50027, 3003, 1028}
07-11 10:15:22.804 I/ActivityManager(  374): Start proc com.android.musicfx for broadcast com.android.musicfx/.Compatibility$Receiver: pid=3128 uid=10042 gids={50042, 3003, 3002, 1028}
07-11 10:15:22.812 I/ActivityManager(  374): Process com.pekall.emdm (pid 1698) has died.
07-11 10:15:22.859 W/ActivityManager(  374): Scheduling restart of crashed service com.pekall.emdm/.messagecenter.controller.MessageCenterService in 13597ms
07-11 10:15:22.859 W/ActivityManager(  374): Scheduling restart of crashed service com.pekall.emdm/.contacts.service.PhoneService in 23597ms
07-11 10:15:22.859 W/ActivityManager(  374): Scheduling restart of crashed service com.pekall.emdm/com.pekall.emailcommon.accountprovision.AccountProvisionService in 33596ms
07-11 10:15:22.859 W/ActivityManager(  374): Scheduling restart of crashed service com.pekall.emdm/.market.service.MarketService in 43596ms
07-11 10:15:22.867 W/ActivityManager(  374): Scheduling restart of crashed service com.pekall.emdm/.document.activity.DownLoadDocService in 53596ms
07-11 10:15:22.867 W/ActivityManager(  374): Scheduling restart of crashed service com.pekall.emdm/.MdmService in 63596ms
07-11 10:15:22.992 I/ActivityManager(  374): Start proc com.google.android.apps.plus for broadcast com.google.android.apps.plus/.service.PackagesMediaMonitor: pid=3143 uid=10048 gids={50048, 3003, 3002, 1015, 1006, 1028}
07-11 10:15:23.453 W/MountService(  374): getVolumeState(/storage/emulated/0/external_sd): Unknown volume
07-11 10:15:23.461 W/MountService(  374): getVolumeState(/mnt/sdcard-ext): Unknown volume
07-11 10:15:23.461 W/MountService(  374): getVolumeState(/mnt/ext_sdcard): Unknown volume
07-11 10:15:23.461 W/MountService(  374): getVolumeState(/mnt/sdcard2): Unknown volume
07-11 10:15:23.461 W/MountService(  374): getVolumeState(/mnt/emmc): Unknown volume
07-11 10:15:23.461 W/MountService(  374): getVolumeState(/mnt/extSdCard): Unknown volume
07-11 10:15:23.461 W/MountService(  374): getVolumeState(/mnt/sdcard/SD_CARD): Unknown volume
07-11 10:15:23.461 W/MountService(  374): getVolumeState(/mnt/sdcard/extra_sd): Unknown volume
07-11 10:15:23.461 W/MountService(  374): getVolumeState(/mnt/extrasd_bind): Unknown volume
07-11 10:15:23.461 W/MountService(  374): getVolumeState(/mnt/sdcard/ext_sd): Unknown volume
07-11 10:15:23.461 W/MountService(  374): getVolumeState(/storage/extSdCard): Unknown volume
07-11 10:15:23.469 W/MountService(  374): getVolumeState(/storage/sdcard1): Unknown volume
07-11 10:15:23.469 W/MountService(  374): getVolumeState(/mnt/sdcard/external_SD): Unknown volume
07-11 10:15:23.469 W/MountService(  374): getVolumeState(/mnt/sdcard/external_sd): Unknown volume
07-11 10:15:25.586 I/ActivityManager(  374): Start proc com.google.android.gms for broadcast com.google.android.gms/.games.receiver.GamesSystemBroadcastReceiver: pid=3171 uid=10009 gids={50009, 3003, 1007, 1028, 1015, 1006, 2001, 3006}
07-11 10:15:25.828 I/ActivityManager(  374): Start proc com.google.android.googlequicksearchbox for broadcast com.google.android.googlequicksearchbox/com.google.android.apps.sidekick.GmmLocationProviderImpl$GmmPackageWatcher: pid=3188 uid=10056 gids={50056, 3003, 1028, 1007, 3002, 1015}
07-11 10:15:26.242 I/ActivityManager(  374): Start proc com.pekall.emdm for broadcast com.pekall.emdm/.ApplicationReceiver: pid=3259 uid=10066 gids={50066, 1015, 3002, 3001, 3003, 1028}
07-11 10:15:26.476 I/ActivityManager(  374): Start proc com.qihoo360.mobilesafe:scan for service com.qihoo360.mobilesafe/com.qihoo.security.services.DeepScanService: pid=3276 uid=10072 gids={50072, 3003, 1015, 3001, 3002, 1006, 1028}
07-11 10:15:26.508 W/PackageParser(  833): No actions in intent filter at /storage/emulated/0/360Download/Pekall.apk Binary XML file line #685
07-11 10:15:26.703 W/PackageParser(  833): No actions in intent filter at /storage/emulated/0/Download/emmp.apk Binary XML file line #687
07-11 10:15:26.765 I/ActivityManager(  374): Start proc com.qihoo360.mobilesafe:engine for service com.qihoo360.mobilesafe/com.qihoo.security.services.ScanEngineService: pid=3300 uid=10072 gids={50072, 3003, 1015, 3001, 3002, 1006, 1028}
07-11 10:15:26.836 W/PackageParser(  833): No actions in intent filter at /storage/emulated/0/Download/emmp-1.apk Binary XML file line #687
07-11 10:15:26.992 W/PackageParser(  833): No actions in intent filter at /storage/emulated/0/360Download/Pekall.apk Binary XML file line #685
07-11 10:15:27.453 W/ActivityManager(  374): Unable to start service Intent { act=com.google.android.gms.analytics.service.START (has extras) } U=0: not found
07-11 10:15:27.890 I/ActivityManager(  374): Start proc com.noshufou.android.su for broadcast com.noshufou.android.su/.InstallReceiver: pid=3326 uid=10077 gids={50077, 3003, 1015, 1028}
07-11 10:15:28.297 W/ActivityManager(  374): Unable to start service Intent { cmp=com.pekall.emdm/com.pekall.semail.service.AttachmentDownloadService } U=0: not found
07-11 10:15:28.375 I/ActivityManager(  374): Start proc com.google.android.gsf.login for service com.google.android.gms/.recovery.AccountRecoveryBackgroundService: pid=3347 uid=10009 gids={50009, 3003, 1007, 1028, 1015, 1006, 2001, 3006}
07-11 10:15:29.117 I/ActivityManager(  374): Start proc com.pekall.emdm:remote for service com.pekall.emdm/com.baidu.location.f: pid=3380 uid=10066 gids={50066, 1015, 3002, 3001, 3003, 1028}
07-11 10:15:29.578 D/ActivityThread( 3380): Loading provider com.pekall.semail.provider;com.pekall.semail.notifier: com.pekall.semail.provider.EmailProvider
07-11 10:15:29.586 D/ActivityThread( 3380): Loading provider com.pekall.semail.provider;com.pekall.semail.notifier: com.pekall.semail.provider.EmailProvider
07-11 10:15:30.312 W/ActivityManager(  374): Unable to start service Intent { cmp=com.pekall.emdm/com.pekall.semail.service.AttachmentDownloadService } U=0: not found
07-11 10:15:30.445 I/ActivityManager(  374): Process com.pekall.emdm:remote (pid 3380) has died.
07-11 10:15:31.219 W/ActivityManager(  374): Unable to start service Intent { act=com.google.android.gms.analytics.service.START (has extras) } U=0: not found
07-11 10:15:31.976 W/SocketClient(  121): write error (Broken pipe)
07-11 10:15:32.461 W/ActivityManager(  374): Unable to start service Intent { act=com.google.android.gms.analytics.service.START (has extras) } U=0: not found
07-11 10:15:36.219 W/ActivityManager(  374): Unable to start service Intent { act=com.google.android.gms.analytics.service.START (has extras) } U=0: not found
07-11 10:15:48.039 W/MountService(  374): getVolumeState(/storage/emulated/0/external_sd): Unknown volume
07-11 10:15:48.047 W/MountService(  374): getVolumeState(/mnt/sdcard-ext): Unknown volume
07-11 10:15:48.047 W/MountService(  374): getVolumeState(/mnt/ext_sdcard): Unknown volume
07-11 10:15:48.047 W/MountService(  374): getVolumeState(/mnt/sdcard2): Unknown volume
07-11 10:15:48.047 W/MountService(  374): getVolumeState(/mnt/emmc): Unknown volume
07-11 10:15:48.047 W/MountService(  374): getVolumeState(/mnt/extSdCard): Unknown volume
07-11 10:15:48.047 W/MountService(  374): getVolumeState(/mnt/sdcard/SD_CARD): Unknown volume
07-11 10:15:48.047 W/MountService(  374): getVolumeState(/mnt/sdcard/extra_sd): Unknown volume
07-11 10:15:48.047 W/MountService(  374): getVolumeState(/mnt/extrasd_bind): Unknown volume
07-11 10:15:48.047 W/MountService(  374): getVolumeState(/mnt/sdcard/ext_sd): Unknown volume
07-11 10:15:48.047 W/MountService(  374): getVolumeState(/storage/extSdCard): Unknown volume
07-11 10:15:48.047 W/MountService(  374): getVolumeState(/storage/sdcard1): Unknown volume
07-11 10:15:48.047 W/MountService(  374): getVolumeState(/mnt/sdcard/external_SD): Unknown volume
07-11 10:15:48.054 W/MountService(  374): getVolumeState(/mnt/sdcard/external_sd): Unknown volume
07-11 10:15:48.289 W/MountService(  374): getVolumeState(/storage/emulated/0/external_sd): Unknown volume
07-11 10:15:48.289 W/MountService(  374): getVolumeState(/mnt/sdcard-ext): Unknown volume
07-11 10:15:48.289 W/MountService(  374): getVolumeState(/mnt/ext_sdcard): Unknown volume
07-11 10:15:48.289 W/MountService(  374): getVolumeState(/mnt/sdcard2): Unknown volume
07-11 10:15:48.289 W/MountService(  374): getVolumeState(/mnt/emmc): Unknown volume
07-11 10:15:48.289 W/MountService(  374): getVolumeState(/mnt/extSdCard): Unknown volume
07-11 10:15:48.289 W/MountService(  374): getVolumeState(/mnt/sdcard/SD_CARD): Unknown volume
07-11 10:15:48.289 W/MountService(  374): getVolumeState(/mnt/sdcard/extra_sd): Unknown volume
07-11 10:15:48.289 W/MountService(  374): getVolumeState(/mnt/extrasd_bind): Unknown volume
07-11 10:15:48.297 W/MountService(  374): getVolumeState(/mnt/sdcard/ext_sd): Unknown volume
07-11 10:15:48.297 W/MountService(  374): getVolumeState(/storage/extSdCard): Unknown volume
07-11 10:15:48.297 W/MountService(  374): getVolumeState(/storage/sdcard1): Unknown volume
07-11 10:15:48.297 W/MountService(  374): getVolumeState(/mnt/sdcard/external_SD): Unknown volume
07-11 10:15:48.297 W/MountService(  374): getVolumeState(/mnt/sdcard/external_sd): Unknown volume
07-11 10:15:49.031 W/PackageManager(  374): Invalid verification token 4 received
07-11 10:16:32.023 W/BackupManagerService(  374): dataChanged but no participant pkg='com.android.providers.settings' uid=10079
07-11 10:16:41.586 I/ActivityManager(  374): Process com.qihoo360.mobilesafe:scan (pid 3276) has died.
07-11 10:16:41.586 I/ActivityManager(  374): Process com.qihoo360.mobilesafe:engine (pid 3300) has died.
07-11 10:16:48.219 W/MountService(  374): getVolumeState(/storage/emulated/0/external_sd): Unknown volume
07-11 10:16:48.226 W/MountService(  374): getVolumeState(/mnt/sdcard-ext): Unknown volume
07-11 10:16:48.226 W/MountService(  374): getVolumeState(/mnt/ext_sdcard): Unknown volume
07-11 10:16:48.226 W/MountService(  374): getVolumeState(/mnt/sdcard2): Unknown volume
07-11 10:16:48.226 W/MountService(  374): getVolumeState(/mnt/emmc): Unknown volume
07-11 10:16:48.226 W/MountService(  374): getVolumeState(/mnt/extSdCard): Unknown volume
07-11 10:16:48.226 W/MountService(  374): getVolumeState(/mnt/sdcard/SD_CARD): Unknown volume
07-11 10:16:48.226 W/MountService(  374): getVolumeState(/mnt/sdcard/extra_sd): Unknown volume
07-11 10:16:48.234 W/MountService(  374): getVolumeState(/mnt/extrasd_bind): Unknown volume
07-11 10:16:48.234 W/MountService(  374): getVolumeState(/mnt/sdcard/ext_sd): Unknown volume
07-11 10:16:48.234 W/MountService(  374): getVolumeState(/storage/extSdCard): Unknown volume
07-11 10:16:48.234 W/MountService(  374): getVolumeState(/storage/sdcard1): Unknown volume
07-11 10:16:48.234 W/MountService(  374): getVolumeState(/mnt/sdcard/external_SD): Unknown volume
07-11 10:16:48.234 W/MountService(  374): getVolumeState(/mnt/sdcard/external_sd): Unknown volume
07-11 10:16:48.515 W/MountService(  374): getVolumeState(/storage/emulated/0/external_sd): Unknown volume
07-11 10:16:48.523 W/MountService(  374): getVolumeState(/mnt/sdcard-ext): Unknown volume
07-11 10:16:48.523 W/MountService(  374): getVolumeState(/mnt/ext_sdcard): Unknown volume
07-11 10:16:48.523 W/MountService(  374): getVolumeState(/mnt/sdcard2): Unknown volume
07-11 10:16:48.523 W/MountService(  374): getVolumeState(/mnt/emmc): Unknown volume
07-11 10:16:48.523 W/MountService(  374): getVolumeState(/mnt/extSdCard): Unknown volume
07-11 10:16:48.523 W/MountService(  374): getVolumeState(/mnt/sdcard/SD_CARD): Unknown volume
07-11 10:16:48.523 W/MountService(  374): getVolumeState(/mnt/sdcard/extra_sd): Unknown volume
07-11 10:16:48.523 W/MountService(  374): getVolumeState(/mnt/extrasd_bind): Unknown volume
07-11 10:16:48.523 W/MountService(  374): getVolumeState(/mnt/sdcard/ext_sd): Unknown volume
07-11 10:16:48.523 W/MountService(  374): getVolumeState(/storage/extSdCard): Unknown volume
07-11 10:16:48.523 W/MountService(  374): getVolumeState(/storage/sdcard1): Unknown volume
07-11 10:16:48.523 W/MountService(  374): getVolumeState(/mnt/sdcard/external_SD): Unknown volume
07-11 10:16:48.523 W/MountService(  374): getVolumeState(/mnt/sdcard/external_sd): Unknown volume
07-11 10:17:35.687 I/ActivityManager(  374): No longer want com.pekall.nmefc (pid 31135): empty for 1800s
07-11 10:17:35.703 W/ActivityManager(  374): Scheduling restart of crashed service com.pekall.nmefc/com.pekall.lib.push.PushService in 5000ms
07-11 10:17:40.726 I/ActivityManager(  374): Start proc com.pekall.nmefc for service com.pekall.nmefc/com.pekall.lib.push.PushService: pid=3555 uid=10068 gids={50068, 1015, 1028, 3003}
07-11 10:17:48.437 W/MountService(  374): getVolumeState(/storage/emulated/0/external_sd): Unknown volume
07-11 10:17:48.437 W/MountService(  374): getVolumeState(/mnt/sdcard-ext): Unknown volume
07-11 10:17:48.445 W/MountService(  374): getVolumeState(/mnt/ext_sdcard): Unknown volume
07-11 10:17:48.445 W/MountService(  374): getVolumeState(/mnt/sdcard2): Unknown volume
07-11 10:17:48.445 W/MountService(  374): getVolumeState(/mnt/emmc): Unknown volume
07-11 10:17:48.445 W/MountService(  374): getVolumeState(/mnt/extSdCard): Unknown volume
07-11 10:17:48.445 W/MountService(  374): getVolumeState(/mnt/sdcard/SD_CARD): Unknown volume
07-11 10:17:48.445 W/MountService(  374): getVolumeState(/mnt/sdcard/extra_sd): Unknown volume
07-11 10:17:48.445 W/MountService(  374): getVolumeState(/mnt/extrasd_bind): Unknown volume
07-11 10:17:48.445 W/MountService(  374): getVolumeState(/mnt/sdcard/ext_sd): Unknown volume
07-11 10:17:48.445 W/MountService(  374): getVolumeState(/storage/extSdCard): Unknown volume
07-11 10:17:48.445 W/MountService(  374): getVolumeState(/storage/sdcard1): Unknown volume
07-11 10:17:48.445 W/MountService(  374): getVolumeState(/mnt/sdcard/external_SD): Unknown volume
07-11 10:17:48.445 W/MountService(  374): getVolumeState(/mnt/sdcard/external_sd): Unknown volume
07-11 10:17:48.719 W/MountService(  374): getVolumeState(/storage/emulated/0/external_sd): Unknown volume
07-11 10:17:48.719 W/MountService(  374): getVolumeState(/mnt/sdcard-ext): Unknown volume
07-11 10:17:48.719 W/MountService(  374): getVolumeState(/mnt/ext_sdcard): Unknown volume
07-11 10:17:48.719 W/MountService(  374): getVolumeState(/mnt/sdcard2): Unknown volume
07-11 10:17:48.719 W/MountService(  374): getVolumeState(/mnt/emmc): Unknown volume
07-11 10:17:48.719 W/MountService(  374): getVolumeState(/mnt/extSdCard): Unknown volume
07-11 10:17:48.726 W/MountService(  374): getVolumeState(/mnt/sdcard/SD_CARD): Unknown volume
07-11 10:17:48.726 W/MountService(  374): getVolumeState(/mnt/sdcard/extra_sd): Unknown volume
07-11 10:17:48.726 W/MountService(  374): getVolumeState(/mnt/extrasd_bind): Unknown volume
07-11 10:17:48.726 W/MountService(  374): getVolumeState(/mnt/sdcard/ext_sd): Unknown volume
07-11 10:17:48.726 W/MountService(  374): getVolumeState(/storage/extSdCard): Unknown volume
07-11 10:17:48.726 W/MountService(  374): getVolumeState(/storage/sdcard1): Unknown volume
07-11 10:17:48.726 W/MountService(  374): getVolumeState(/mnt/sdcard/external_SD): Unknown volume
07-11 10:17:48.726 W/MountService(  374): getVolumeState(/mnt/sdcard/external_sd): Unknown volume
07-11 10:18:48.625 W/MountService(  374): getVolumeState(/storage/emulated/0/external_sd): Unknown volume
07-11 10:18:48.625 W/MountService(  374): getVolumeState(/mnt/sdcard-ext): Unknown volume
07-11 10:18:48.625 W/MountService(  374): getVolumeState(/mnt/ext_sdcard): Unknown volume
07-11 10:18:48.625 W/MountService(  374): getVolumeState(/mnt/sdcard2): Unknown volume
07-11 10:18:48.625 W/MountService(  374): getVolumeState(/mnt/emmc): Unknown volume
07-11 10:18:48.625 W/MountService(  374): getVolumeState(/mnt/extSdCard): Unknown volume
07-11 10:18:48.625 W/MountService(  374): getVolumeState(/mnt/sdcard/SD_CARD): Unknown volume
07-11 10:18:48.633 W/MountService(  374): getVolumeState(/mnt/sdcard/extra_sd): Unknown volume
07-11 10:18:48.633 W/MountService(  374): getVolumeState(/mnt/extrasd_bind): Unknown volume
07-11 10:18:48.633 W/MountService(  374): getVolumeState(/mnt/sdcard/ext_sd): Unknown volume
07-11 10:18:48.633 W/MountService(  374): getVolumeState(/storage/extSdCard): Unknown volume
07-11 10:18:48.633 W/MountService(  374): getVolumeState(/storage/sdcard1): Unknown volume
07-11 10:18:48.633 W/MountService(  374): getVolumeState(/mnt/sdcard/external_SD): Unknown volume
07-11 10:18:48.633 W/MountService(  374): getVolumeState(/mnt/sdcard/external_sd): Unknown volume
07-11 10:18:48.914 W/MountService(  374): getVolumeState(/storage/emulated/0/external_sd): Unknown volume
07-11 10:18:48.922 W/MountService(  374): getVolumeState(/mnt/sdcard-ext): Unknown volume
07-11 10:18:48.922 W/MountService(  374): getVolumeState(/mnt/ext_sdcard): Unknown volume
07-11 10:18:48.922 W/MountService(  374): getVolumeState(/mnt/sdcard2): Unknown volume
07-11 10:18:48.922 W/MountService(  374): getVolumeState(/mnt/emmc): Unknown volume
07-11 10:18:48.922 W/MountService(  374): getVolumeState(/mnt/extSdCard): Unknown volume
07-11 10:18:48.922 W/MountService(  374): getVolumeState(/mnt/sdcard/SD_CARD): Unknown volume
07-11 10:18:48.922 W/MountService(  374): getVolumeState(/mnt/sdcard/extra_sd): Unknown volume
07-11 10:18:48.922 W/MountService(  374): getVolumeState(/mnt/extrasd_bind): Unknown volume
07-11 10:18:48.922 W/MountService(  374): getVolumeState(/mnt/sdcard/ext_sd): Unknown volume
07-11 10:18:48.922 W/MountService(  374): getVolumeState(/storage/extSdCard): Unknown volume
07-11 10:18:48.922 W/MountService(  374): getVolumeState(/storage/sdcard1): Unknown volume
07-11 10:18:48.922 W/MountService(  374): getVolumeState(/mnt/sdcard/external_SD): Unknown volume
07-11 10:18:48.922 W/MountService(  374): getVolumeState(/mnt/sdcard/external_sd): Unknown volume
07-11 10:18:58.179 I/PowerManagerService(  374): Waking up from sleep...
07-11 10:18:58.328 I/WindowManager(  374): Lock screen displayed!
07-11 10:18:58.594 I/ActivityManager(  374): Start proc com.android.providers.calendar for content provider com.android.providers.calendar/.CalendarProvider2: pid=3579 uid=10007 gids={50007, 3003, 1015, 1028}
07-11 10:18:59.687 D/PhoneStatusBar(  450): disable: < expand icons alerts ticker system_info BACK HOME recent* CLOCK search >
07-11 10:18:59.773 D/PhoneStatusBar(  450): disable: < expand icons alerts ticker system_info back* home* recent clock* search >
07-11 10:19:00.226 W/InputMethodManagerService(  374): Window already focused, ignoring focus gain of: com.android.internal.view.IInputMethodClient$Stub$Proxy@425c6700 attribute=android.view.inputmethod.EditorInfo@42742180, token = android.os.BinderProxy@425fcae0
07-11 10:19:00.797 I/ActivityManager(  374): Start proc com.google.android.calendar for broadcast com.google.android.calendar/com.android.calendar.alerts.AlertReceiver: pid=3629 uid=10006 gids={50006, 3003, 1028}
07-11 10:19:03.000 I/ActivityManager(  374): START u0 {act=android.intent.action.MAIN cat=[android.intent.category.LAUNCHER] flg=0x10200000 cmp=com.pekall.emdm/.ui.SplashActivity} from pid 605
07-11 10:19:04.703 I/ActivityManager(  374): START u0 {cmp=com.pekall.emdm/.ui.MainActivity} from pid 3259
07-11 10:19:09.414 I/ActivityManager(  374): START u0 {cmp=com.pekall.emdm/.setting.SettingActivity} from pid 3259
07-11 10:19:21.125 I/ActivityManager(  374): START u0 {act=android.intent.action.MAIN cat=[android.intent.category.LAUNCHER] flg=0x10200000 cmp=com.android.settings/.Settings} from pid 605
07-11 10:19:21.476 I/ActivityManager(  374): Start proc com.android.settings for activity com.android.settings/.Settings: pid=3667 uid=1000 gids={41000, 1015, 1028, 3002, 3001, 3003, 3007}
07-11 10:19:21.789 W/ContextImpl( 3667): Calling a method in the system process without a qualified user: android.app.ContextImpl.bindService:1439 android.content.ContextWrapper.bindService:496 android.bluetooth.BluetoothInputDevice.<init>:240 android.bluetooth.BluetoothAdapter.getProfileProxy:1168 com.android.settings.bluetooth.LocalBluetoothAdapter.getProfileProxy:94 
07-11 10:19:21.797 W/ContextImpl( 3667): Calling a method in the system process without a qualified user: android.app.ContextImpl.bindService:1439 android.content.ContextWrapper.bindService:496 android.bluetooth.BluetoothPan.<init>:141 android.bluetooth.BluetoothAdapter.getProfileProxy:1171 com.android.settings.bluetooth.PanProfile.<init>:73 
07-11 10:19:21.804 W/ContextImpl( 3667): Calling a method in the system process without a qualified user: android.app.ContextImpl.bindService:1439 android.content.ContextWrapper.bindService:496 android.bluetooth.BluetoothPbap.<init>:161 com.android.settings.bluetooth.PbapServerProfile.<init>:68 com.android.settings.bluetooth.LocalBluetoothProfileManager.<init>:124 
07-11 10:19:22.039 D/WifiService(  374): setWifiEnabled: true pid=3667, uid=1000
07-11 10:19:48.750 W/MountService(  374): getVolumeState(/storage/emulated/0/external_sd): Unknown volume
07-11 10:19:48.750 W/MountService(  374): getVolumeState(/mnt/sdcard-ext): Unknown volume
07-11 10:19:48.758 W/MountService(  374): getVolumeState(/mnt/ext_sdcard): Unknown volume
07-11 10:19:48.758 W/MountService(  374): getVolumeState(/mnt/sdcard2): Unknown volume
07-11 10:19:48.758 W/MountService(  374): getVolumeState(/mnt/emmc): Unknown volume
07-11 10:19:48.758 W/MountService(  374): getVolumeState(/mnt/extSdCard): Unknown volume
07-11 10:19:48.758 W/MountService(  374): getVolumeState(/mnt/sdcard/SD_CARD): Unknown volume
07-11 10:19:48.758 W/MountService(  374): getVolumeState(/mnt/sdcard/extra_sd): Unknown volume
07-11 10:19:48.758 W/MountService(  374): getVolumeState(/mnt/extrasd_bind): Unknown volume
07-11 10:19:48.758 W/MountService(  374): getVolumeState(/mnt/sdcard/ext_sd): Unknown volume
07-11 10:19:48.758 W/MountService(  374): getVolumeState(/storage/extSdCard): Unknown volume
07-11 10:19:48.758 W/MountService(  374): getVolumeState(/storage/sdcard1): Unknown volume
07-11 10:19:48.758 W/MountService(  374): getVolumeState(/mnt/sdcard/external_SD): Unknown volume
07-11 10:19:48.765 W/MountService(  374): getVolumeState(/mnt/sdcard/external_sd): Unknown volume
07-11 10:19:48.976 W/MountService(  374): getVolumeState(/storage/emulated/0/external_sd): Unknown volume
07-11 10:19:48.984 W/MountService(  374): getVolumeState(/mnt/sdcard-ext): Unknown volume
07-11 10:19:48.984 W/MountService(  374): getVolumeState(/mnt/ext_sdcard): Unknown volume
07-11 10:19:48.984 W/MountService(  374): getVolumeState(/mnt/sdcard2): Unknown volume
07-11 10:19:48.984 W/MountService(  374): getVolumeState(/mnt/emmc): Unknown volume
07-11 10:19:48.984 W/MountService(  374): getVolumeState(/mnt/extSdCard): Unknown volume
07-11 10:19:48.984 W/MountService(  374): getVolumeState(/mnt/sdcard/SD_CARD): Unknown volume
07-11 10:19:48.984 W/MountService(  374): getVolumeState(/mnt/sdcard/extra_sd): Unknown volume
07-11 10:19:48.984 W/MountService(  374): getVolumeState(/mnt/extrasd_bind): Unknown volume
07-11 10:19:48.984 W/MountService(  374): getVolumeState(/mnt/sdcard/ext_sd): Unknown volume
07-11 10:19:48.984 W/MountService(  374): getVolumeState(/storage/extSdCard): Unknown volume
07-11 10:19:48.984 W/MountService(  374): getVolumeState(/storage/sdcard1): Unknown volume
07-11 10:19:48.984 W/MountService(  374): getVolumeState(/mnt/sdcard/external_SD): Unknown volume
07-11 10:19:48.992 W/MountService(  374): getVolumeState(/mnt/sdcard/external_sd): Unknown volume
07-11 10:20:48.969 W/MountService(  374): getVolumeState(/storage/emulated/0/external_sd): Unknown volume
07-11 10:20:48.969 W/MountService(  374): getVolumeState(/mnt/sdcard-ext): Unknown volume
07-11 10:20:48.969 W/MountService(  374): getVolumeState(/mnt/ext_sdcard): Unknown volume
07-11 10:20:48.969 W/MountService(  374): getVolumeState(/mnt/sdcard2): Unknown volume
07-11 10:20:48.969 W/MountService(  374): getVolumeState(/mnt/emmc): Unknown volume
07-11 10:20:48.969 W/MountService(  374): getVolumeState(/mnt/extSdCard): Unknown volume
07-11 10:20:48.976 W/MountService(  374): getVolumeState(/mnt/sdcard/SD_CARD): Unknown volume
07-11 10:20:48.976 W/MountService(  374): getVolumeState(/mnt/sdcard/extra_sd): Unknown volume
07-11 10:20:48.984 W/MountService(  374): getVolumeState(/mnt/extrasd_bind): Unknown volume
07-11 10:20:48.984 W/MountService(  374): getVolumeState(/mnt/sdcard/ext_sd): Unknown volume
07-11 10:20:48.984 W/MountService(  374): getVolumeState(/storage/extSdCard): Unknown volume
07-11 10:20:48.984 W/MountService(  374): getVolumeState(/storage/sdcard1): Unknown volume
07-11 10:20:48.984 W/MountService(  374): getVolumeState(/mnt/sdcard/external_SD): Unknown volume
07-11 10:20:48.984 W/MountService(  374): getVolumeState(/mnt/sdcard/external_sd): Unknown volume
07-11 10:20:49.250 W/MountService(  374): getVolumeState(/storage/emulated/0/external_sd): Unknown volume
07-11 10:20:49.258 W/MountService(  374): getVolumeState(/mnt/sdcard-ext): Unknown volume
07-11 10:20:49.258 W/MountService(  374): getVolumeState(/mnt/ext_sdcard): Unknown volume
07-11 10:20:49.258 W/MountService(  374): getVolumeState(/mnt/sdcard2): Unknown volume
07-11 10:20:49.258 W/MountService(  374): getVolumeState(/mnt/emmc): Unknown volume
07-11 10:20:49.258 W/MountService(  374): getVolumeState(/mnt/extSdCard): Unknown volume
07-11 10:20:49.258 W/MountService(  374): getVolumeState(/mnt/sdcard/SD_CARD): Unknown volume
07-11 10:20:49.258 W/MountService(  374): getVolumeState(/mnt/sdcard/extra_sd): Unknown volume
07-11 10:20:49.258 W/MountService(  374): getVolumeState(/mnt/extrasd_bind): Unknown volume
07-11 10:20:49.258 W/MountService(  374): getVolumeState(/mnt/sdcard/ext_sd): Unknown volume
07-11 10:20:49.258 W/MountService(  374): getVolumeState(/storage/extSdCard): Unknown volume
07-11 10:20:49.258 W/MountService(  374): getVolumeState(/storage/sdcard1): Unknown volume
07-11 10:20:49.258 W/MountService(  374): getVolumeState(/mnt/sdcard/external_SD): Unknown volume
07-11 10:20:49.265 W/MountService(  374): getVolumeState(/mnt/sdcard/external_sd): Unknown volume
07-11 10:21:13.844 I/ActivityManager(  374): START u0 {act=android.intent.action.MAIN cmp=com.android.settings/.SubSettings (has extras)} from pid 3667
07-11 10:21:14.195 W/ContextImpl( 3667): Calling a method in the system process without a qualified user: android.app.ContextImpl.bindService:1439 android.content.ContextWrapper.bindService:496 com.android.settings.applications.ManageApplications.onCreate:861 android.app.Fragment.performCreate:1673 android.app.FragmentManagerImpl.moveToState:854 
07-11 10:21:15.914 I/ActivityManager(  374): Process com.qihoo360.mobilesafe (pid 3060) has died.
07-11 10:21:19.429 I/ActivityManager(  374): START u0 {act=android.intent.action.MAIN cmp=com.android.settings/.SubSettings (has extras)} from pid 3667
07-11 10:21:20.265 W/ContextImpl( 3667): Calling a method in the system process without a qualified user: android.app.ContextImpl.sendOrderedBroadcast:1111 android.app.ContextImpl.sendOrderedBroadcast:1102 android.content.ContextWrapper.sendOrderedBroadcast:369 com.android.settings.applications.InstalledAppDetails.checkForceStop:1236 com.android.settings.applications.InstalledAppDetails.refreshUi:814 
07-11 10:21:21.484 I/ActivityManager(  374): START u0 {act=android.intent.action.UNINSTALL_PACKAGE dat=package:by.game.binumbers cmp=com.android.packageinstaller/.UninstallerActivity (has extras)} from pid 3667
07-11 10:21:21.758 I/ActivityManager(  374): Start proc com.android.packageinstaller for activity com.android.packageinstaller/.UninstallerActivity: pid=3700 uid=10045 gids={50045, 1028}
07-11 10:21:21.937 I/ActivityManager(  374): Process com.google.android.apps.plus (pid 3143) has died.
07-11 10:21:22.453 I/ActivityManager(  374): Process com.google.android.googlequicksearchbox (pid 3188) has died.
07-11 10:21:23.164 I/ActivityManager(  374): START u0 {act=android.intent.action.VIEW cmp=com.android.packageinstaller/.UninstallAppProgress (has extras)} from pid 3700
