07-11 10:21:23.500 I/ActivityManager(  374): Force stopping package by.game.binumbers appid=10084 user=-1
07-11 10:21:23.523 W/PackageManager(  374): Couldn't delete native library directory /data/app-lib/by.game.binumbers
07-11 10:21:23.820 I/ActivityManager(  374): Force stopping package by.game.binumbers appid=10084 user=0
07-11 10:21:24.359 W/MountService(  374): getVolumeState(/storage/emulated/0/external_sd): Unknown volume
07-11 10:21:24.383 W/MountService(  374): getVolumeState(/mnt/sdcard-ext): Unknown volume
07-11 10:21:24.383 W/MountService(  374): getVolumeState(/mnt/ext_sdcard): Unknown volume
07-11 10:21:24.383 W/MountService(  374): getVolumeState(/mnt/sdcard2): Unknown volume
07-11 10:21:24.383 W/MountService(  374): getVolumeState(/mnt/emmc): Unknown volume
07-11 10:21:24.390 W/MountService(  374): getVolumeState(/mnt/extSdCard): Unknown volume
07-11 10:21:24.398 W/MountService(  374): getVolumeState(/mnt/sdcard/SD_CARD): Unknown volume
07-11 10:21:24.398 W/MountService(  374): getVolumeState(/mnt/sdcard/extra_sd): Unknown volume
07-11 10:21:24.406 W/MountService(  374): getVolumeState(/mnt/extrasd_bind): Unknown volume
07-11 10:21:24.406 W/MountService(  374): getVolumeState(/mnt/sdcard/ext_sd): Unknown volume
07-11 10:21:24.406 W/MountService(  374): getVolumeState(/storage/extSdCard): Unknown volume
07-11 10:21:24.406 W/MountService(  374): getVolumeState(/storage/sdcard1): Unknown volume
07-11 10:21:24.406 W/MountService(  374): getVolumeState(/mnt/sdcard/external_SD): Unknown volume
07-11 10:21:24.406 W/MountService(  374): getVolumeState(/mnt/sdcard/external_sd): Unknown volume
07-11 10:21:24.500 D/BackupManagerService(  374): Received broadcast Intent { act=android.intent.action.PACKAGE_REMOVED dat=package:by.game.binumbers flg=0x8000010 (has extras) }
07-11 10:21:24.500 V/BackupManagerService(  374): removePackageParticipantsLocked: uid=10084 #1
07-11 10:21:24.547 W/BackupManagerService(  374): dataChanged but no participant pkg='com.android.providers.settings' uid=10079
07-11 10:21:24.773 W/BackupManagerService(  374): dataChanged but no participant pkg='com.android.providers.settings' uid=10079
07-11 10:21:24.992 I/ActivityManager(  374): Start proc com.android.keychain for broadcast com.android.keychain/.KeyChainBroadcastReceiver: pid=3724 uid=1000 gids={41000, 1015, 1028, 3002, 3001, 3003, 3007}
07-11 10:21:25.062 W/ContextImpl( 3724): Calling a method in the system process without a qualified user: android.app.ContextImpl.startService:1385 android.content.ContextWrapper.startService:473 android.content.ContextWrapper.startService:473 com.android.keychain.KeyChainBroadcastReceiver.onReceive:12 android.app.ActivityThread.handleReceiver:2424 
07-11 10:21:25.281 I/ActivityManager(  374): Process com.google.android.partnersetup (pid 3111) has died.
07-11 10:21:25.367 I/ActivityManager(  374): Start proc com.google.android.apps.plus for broadcast com.google.android.apps.plus/.service.PackagesMediaMonitor: pid=3739 uid=10048 gids={50048, 3003, 3002, 1015, 1006, 1028}
07-11 10:21:25.820 W/MountService(  374): getVolumeState(/storage/emulated/0/external_sd): Unknown volume
07-11 10:21:25.820 W/MountService(  374): getVolumeState(/mnt/sdcard-ext): Unknown volume
07-11 10:21:25.820 W/MountService(  374): getVolumeState(/mnt/ext_sdcard): Unknown volume
07-11 10:21:25.820 W/MountService(  374): getVolumeState(/mnt/sdcard2): Unknown volume
07-11 10:21:25.820 W/MountService(  374): getVolumeState(/mnt/emmc): Unknown volume
07-11 10:21:25.820 W/MountService(  374): getVolumeState(/mnt/extSdCard): Unknown volume
07-11 10:21:25.820 W/MountService(  374): getVolumeState(/mnt/sdcard/SD_CARD): Unknown volume
07-11 10:21:25.828 W/MountService(  374): getVolumeState(/mnt/sdcard/extra_sd): Unknown volume
07-11 10:21:25.836 W/MountService(  374): getVolumeState(/mnt/extrasd_bind): Unknown volume
07-11 10:21:25.836 W/MountService(  374): getVolumeState(/mnt/sdcard/ext_sd): Unknown volume
07-11 10:21:25.836 W/MountService(  374): getVolumeState(/storage/extSdCard): Unknown volume
07-11 10:21:25.836 W/MountService(  374): getVolumeState(/storage/sdcard1): Unknown volume
07-11 10:21:25.844 W/MountService(  374): getVolumeState(/mnt/sdcard/external_SD): Unknown volume
07-11 10:21:25.844 W/MountService(  374): getVolumeState(/mnt/sdcard/external_sd): Unknown volume
07-11 10:21:26.172 I/ActivityManager(  374): Process com.google.android.gms (pid 3171) has died.
07-11 10:21:26.281 W/ContextImpl( 3667): Calling a method in the system process without a qualified user: android.app.ContextImpl.sendOrderedBroadcast:1111 android.app.ContextImpl.sendOrderedBroadcast:1102 android.content.ContextWrapper.sendOrderedBroadcast:369 com.android.settings.applications.InstalledAppDetails.checkForceStop:1236 com.android.settings.applications.InstalledAppDetails.refreshUi:814 
07-11 10:21:26.351 W/PackageManager(  374): Package named 'by.game.binumbers' doesn't exist.
07-11 10:21:27.312 I/ActivityManager(  374): Process com.google.android.calendar (pid 3629) has died.
07-11 10:21:27.812 I/ActivityManager(  374): Process com.google.android.gsf.login (pid 3347) has died.
07-11 10:21:27.953 I/ActivityManager(  374): START u0 {act=android.intent.action.MAIN cmp=com.android.settings/.SubSettings (has extras)} from pid 3667
07-11 10:21:28.265 I/ActivityManager(  374): Start proc com.google.android.gms for broadcast com.google.android.gms/.games.receiver.GamesSystemBroadcastReceiver: pid=3760 uid=10009 gids={50009, 3003, 1007, 1028, 1015, 1006, 2001, 3006}
07-11 10:21:28.398 W/ContextImpl( 3667): Calling a method in the system process without a qualified user: android.app.ContextImpl.sendOrderedBroadcast:1111 android.app.ContextImpl.sendOrderedBroadcast:1102 android.content.ContextWrapper.sendOrderedBroadcast:369 com.android.settings.applications.InstalledAppDetails.checkForceStop:1236 com.android.settings.applications.InstalledAppDetails.refreshUi:814 
07-11 10:21:28.656 I/ActivityManager(  374): Start proc com.google.android.googlequicksearchbox for broadcast com.google.android.googlequicksearchbox/com.google.android.apps.sidekick.GmmLocationProviderImpl$GmmPackageWatcher: pid=3785 uid=10056 gids={50056, 3003, 1028, 1007, 3002, 1015}
07-11 10:21:28.672 I/ActivityManager(  374): Process com.android.providers.calendar (pid 3579) has died.
07-11 10:21:29.078 I/ActivityManager(  374): Start proc com.google.android.partnersetup for content provider com.google.android.partnersetup/.RlzAppProvider: pid=3807 uid=10027 gids={50027, 3003, 1028}
07-11 10:21:29.140 I/ActivityManager(  374): Process com.google.android.deskclock (pid 3039) has died.
07-11 10:21:29.258 I/ActivityManager(  374): Process com.noshufou.android.su (pid 3326) has died.
07-11 10:21:29.390 W/PackageManager(  374): Package named 'by.game.binumbers' doesn't exist.
07-11 10:21:29.453 I/ActivityManager(  374): Process com.android.keychain (pid 3724) has died.
07-11 10:21:29.523 I/ActivityManager(  374): START u0 {act=android.intent.action.UNINSTALL_PACKAGE dat=package:com.kuai cmp=com.android.packageinstaller/.UninstallerActivity (has extras)} from pid 3667
07-11 10:21:29.844 I/WindowState(  374): WIN DEATH: Window{4266e498 u0 Toast EXITING}
07-11 10:21:29.851 I/ActivityManager(  374): Process com.android.packageinstaller (pid 3700) has died.
07-11 10:21:29.867 I/ActivityManager(  374): Start proc com.android.packageinstaller for activity com.android.packageinstaller/.UninstallerActivity: pid=3883 uid=10045 gids={50045, 1028}
07-11 10:21:30.125 I/ActivityManager(  374): Start proc com.noshufou.android.su for broadcast com.noshufou.android.su/.UninstallReceiver: pid=3904 uid=10077 gids={50077, 3003, 1015, 1028}
07-11 10:21:30.281 I/ActivityManager(  374): Start proc com.qihoo.root for broadcast com.qihoo.root/.UninstallReceiver: pid=3918 uid=10078 gids={50078, 1015, 3003, 1028}
07-11 10:21:30.679 I/ActivityManager(  374): Start proc com.google.android.gsf.login for service com.google.android.gms/.recovery.AccountRecoveryBackgroundService: pid=3936 uid=10009 gids={50009, 3003, 1007, 1028, 1015, 1006, 2001, 3006}
07-11 10:21:30.828 I/ActivityManager(  374): Process com.google.android.apps.plus (pid 3739) has died.
07-11 10:21:31.164 I/ActivityManager(  374): START u0 {act=android.intent.action.VIEW cmp=com.android.packageinstaller/.UninstallAppProgress (has extras)} from pid 3883
07-11 10:21:31.484 I/ActivityManager(  374): Force stopping package com.kuai appid=10083 user=-1
07-11 10:21:31.492 W/PackageManager(  374): Couldn't delete native library directory /data/app-lib/com.kuai
07-11 10:21:31.687 I/ActivityManager(  374): Force stopping package com.kuai appid=10083 user=0
07-11 10:21:32.086 D/BackupManagerService(  374): Received broadcast Intent { act=android.intent.action.PACKAGE_REMOVED dat=package:com.kuai flg=0x8000010 (has extras) }
07-11 10:21:32.094 V/BackupManagerService(  374): removePackageParticipantsLocked: uid=10083 #1
07-11 10:21:32.140 W/MountService(  374): getVolumeState(/storage/emulated/0/external_sd): Unknown volume
07-11 10:21:32.172 W/BackupManagerService(  374): dataChanged but no participant pkg='com.android.providers.settings' uid=10079
07-11 10:21:32.219 W/MountService(  374): getVolumeState(/mnt/sdcard-ext): Unknown volume
07-11 10:21:32.258 W/MountService(  374): getVolumeState(/mnt/ext_sdcard): Unknown volume
07-11 10:21:32.265 W/MountService(  374): getVolumeState(/mnt/sdcard2): Unknown volume
07-11 10:21:32.265 W/MountService(  374): getVolumeState(/mnt/emmc): Unknown volume
07-11 10:21:32.265 W/MountService(  374): getVolumeState(/mnt/extSdCard): Unknown volume
07-11 10:21:32.265 W/MountService(  374): getVolumeState(/mnt/sdcard/SD_CARD): Unknown volume
07-11 10:21:32.265 W/MountService(  374): getVolumeState(/mnt/sdcard/extra_sd): Unknown volume
07-11 10:21:32.265 W/MountService(  374): getVolumeState(/mnt/extrasd_bind): Unknown volume
07-11 10:21:32.273 W/MountService(  374): getVolumeState(/mnt/sdcard/ext_sd): Unknown volume
07-11 10:21:32.273 W/MountService(  374): getVolumeState(/storage/extSdCard): Unknown volume
07-11 10:21:32.273 W/MountService(  374): getVolumeState(/storage/sdcard1): Unknown volume
07-11 10:21:32.273 W/MountService(  374): getVolumeState(/mnt/sdcard/external_SD): Unknown volume
07-11 10:21:32.273 W/MountService(  374): getVolumeState(/mnt/sdcard/external_sd): Unknown volume
07-11 10:21:32.336 W/BackupManagerService(  374): dataChanged but no participant pkg='com.android.providers.settings' uid=10079
07-11 10:21:32.539 I/ActivityManager(  374): Start proc com.android.keychain for broadcast com.android.keychain/.KeyChainBroadcastReceiver: pid=3961 uid=1000 gids={41000, 1015, 1028, 3002, 3001, 3003, 3007}
07-11 10:21:32.601 W/ContextImpl( 3961): Calling a method in the system process without a qualified user: android.app.ContextImpl.startService:1385 android.content.ContextWrapper.startService:473 android.content.ContextWrapper.startService:473 com.android.keychain.KeyChainBroadcastReceiver.onReceive:12 android.app.ActivityThread.handleReceiver:2424 
07-11 10:21:32.687 I/ActivityManager(  374): Start proc com.google.android.apps.plus for broadcast com.google.android.apps.plus/.service.PackagesMediaMonitor: pid=3975 uid=10048 gids={50048, 3003, 3002, 1015, 1006, 1028}
07-11 10:21:33.453 W/MountService(  374): getVolumeState(/storage/emulated/0/external_sd): Unknown volume
07-11 10:21:33.453 W/MountService(  374): getVolumeState(/mnt/sdcard-ext): Unknown volume
07-11 10:21:33.453 W/MountService(  374): getVolumeState(/mnt/ext_sdcard): Unknown volume
07-11 10:21:33.453 W/MountService(  374): getVolumeState(/mnt/sdcard2): Unknown volume
07-11 10:21:33.453 W/MountService(  374): getVolumeState(/mnt/emmc): Unknown volume
07-11 10:21:33.469 W/MountService(  374): getVolumeState(/mnt/extSdCard): Unknown volume
07-11 10:21:33.469 W/MountService(  374): getVolumeState(/mnt/sdcard/SD_CARD): Unknown volume
07-11 10:21:33.469 W/MountService(  374): getVolumeState(/mnt/sdcard/extra_sd): Unknown volume
07-11 10:21:33.476 W/MountService(  374): getVolumeState(/mnt/extrasd_bind): Unknown volume
07-11 10:21:33.476 W/MountService(  374): getVolumeState(/mnt/sdcard/ext_sd): Unknown volume
07-11 10:21:33.492 W/MountService(  374): getVolumeState(/storage/extSdCard): Unknown volume
07-11 10:21:33.500 W/MountService(  374): getVolumeState(/storage/sdcard1): Unknown volume
07-11 10:21:33.500 W/MountService(  374): getVolumeState(/mnt/sdcard/external_SD): Unknown volume
07-11 10:21:33.500 W/MountService(  374): getVolumeState(/mnt/sdcard/external_sd): Unknown volume
07-11 10:21:33.695 W/ContextImpl( 3667): Calling a method in the system process without a qualified user: android.app.ContextImpl.sendOrderedBroadcast:1111 android.app.ContextImpl.sendOrderedBroadcast:1102 android.content.ContextWrapper.sendOrderedBroadcast:369 com.android.settings.applications.InstalledAppDetails.checkForceStop:1236 com.android.settings.applications.InstalledAppDetails.refreshUi:814 
07-11 10:21:33.742 W/PackageManager(  374): Package named 'com.kuai' doesn't exist.
07-11 10:21:33.945 I/ActivityManager(  374): Process com.google.android.googlequicksearchbox (pid 3785) has died.
07-11 10:21:34.351 W/PackageManager(  374): Package named 'by.game.binumbers' doesn't exist.
07-11 10:21:35.273 I/ActivityManager(  374): Process com.noshufou.android.su (pid 3904) has died.
07-11 10:21:35.406 I/ActivityManager(  374): Start proc com.google.android.googlequicksearchbox for broadcast com.google.android.googlequicksearchbox/com.google.android.apps.sidekick.GmmLocationProviderImpl$GmmPackageWatcher: pid=4001 uid=10056 gids={50056, 3003, 1028, 1007, 3002, 1015}
07-11 10:21:35.562 I/ActivityManager(  374): Process com.qihoo.root (pid 3918) has died.
07-11 10:21:35.820 I/ActivityManager(  374): Start proc com.noshufou.android.su for broadcast com.noshufou.android.su/.UninstallReceiver: pid=4023 uid=10077 gids={50077, 3003, 1015, 1028}
07-11 10:21:35.883 I/ActivityManager(  374): Process com.google.android.gallery3d (pid 3085) has died.
07-11 10:21:36.000 I/ActivityManager(  374): Start proc com.qihoo.root for broadcast com.qihoo.root/.UninstallReceiver: pid=4036 uid=10078 gids={50078, 1015, 3003, 1028}
07-11 10:21:38.469 I/ActivityManager(  374): Process com.android.packageinstaller (pid 3883) has died.
07-11 10:21:40.679 W/ActivityManager(  374): Unable to start service Intent { act=com.google.android.gms.analytics.service.START (has extras) } U=0: not found
07-11 10:21:44.406 I/ActivityManager(  374): Process com.google.android.apps.plus (pid 3975) has died.
07-11 10:21:45.687 W/ActivityManager(  374): Unable to start service Intent { act=com.google.android.gms.analytics.service.START (has extras) } U=0: not found
07-11 10:21:49.226 W/MountService(  374): getVolumeState(/storage/emulated/0/external_sd): Unknown volume
07-11 10:21:49.226 W/MountService(  374): getVolumeState(/mnt/sdcard-ext): Unknown volume
07-11 10:21:49.226 W/MountService(  374): getVolumeState(/mnt/ext_sdcard): Unknown volume
07-11 10:21:49.226 W/MountService(  374): getVolumeState(/mnt/sdcard2): Unknown volume
07-11 10:21:49.226 W/MountService(  374): getVolumeState(/mnt/emmc): Unknown volume
07-11 10:21:49.234 W/MountService(  374): getVolumeState(/mnt/extSdCard): Unknown volume
07-11 10:21:49.234 W/MountService(  374): getVolumeState(/mnt/sdcard/SD_CARD): Unknown volume
07-11 10:21:49.234 W/MountService(  374): getVolumeState(/mnt/sdcard/extra_sd): Unknown volume
07-11 10:21:49.234 W/MountService(  374): getVolumeState(/mnt/extrasd_bind): Unknown volume
07-11 10:21:49.234 W/MountService(  374): getVolumeState(/mnt/sdcard/ext_sd): Unknown volume
07-11 10:21:49.234 W/MountService(  374): getVolumeState(/storage/extSdCard): Unknown volume
07-11 10:21:49.234 W/MountService(  374): getVolumeState(/storage/sdcard1): Unknown volume
07-11 10:21:49.234 W/MountService(  374): getVolumeState(/mnt/sdcard/external_SD): Unknown volume
07-11 10:21:49.234 W/MountService(  374): getVolumeState(/mnt/sdcard/external_sd): Unknown volume
07-11 10:21:49.578 W/MountService(  374): getVolumeState(/storage/emulated/0/external_sd): Unknown volume
07-11 10:21:49.578 W/MountService(  374): getVolumeState(/mnt/sdcard-ext): Unknown volume
07-11 10:21:49.578 W/MountService(  374): getVolumeState(/mnt/ext_sdcard): Unknown volume
07-11 10:21:49.586 W/MountService(  374): getVolumeState(/mnt/sdcard2): Unknown volume
07-11 10:21:49.586 W/MountService(  374): getVolumeState(/mnt/emmc): Unknown volume
07-11 10:21:49.586 W/MountService(  374): getVolumeState(/mnt/extSdCard): Unknown volume
07-11 10:21:49.586 W/MountService(  374): getVolumeState(/mnt/sdcard/SD_CARD): Unknown volume
07-11 10:21:49.586 W/MountService(  374): getVolumeState(/mnt/sdcard/extra_sd): Unknown volume
07-11 10:21:49.594 W/MountService(  374): getVolumeState(/mnt/extrasd_bind): Unknown volume
07-11 10:21:49.594 W/MountService(  374): getVolumeState(/mnt/sdcard/ext_sd): Unknown volume
07-11 10:21:49.594 W/MountService(  374): getVolumeState(/storage/extSdCard): Unknown volume
07-11 10:21:49.594 W/MountService(  374): getVolumeState(/storage/sdcard1): Unknown volume
07-11 10:21:49.594 W/MountService(  374): getVolumeState(/mnt/sdcard/external_SD): Unknown volume
07-11 10:21:49.601 W/MountService(  374): getVolumeState(/mnt/sdcard/external_sd): Unknown volume
07-11 10:21:51.304 W/ViewRootImpl(  605): Dropping event due to no window focus: KeyEvent { action=ACTION_DOWN, keyCode=KEYCODE_BACK, scanCode=0, metaState=0, flags=0x48, repeatCount=0, eventTime=85193599, downTime=85193599, deviceId=-1, source=0x101 }
07-11 10:22:22.390 I/PowerManagerService(  374): Going to sleep due to screen timeout...
07-11 10:22:28.258 I/ActivityManager(  374): Start proc com.google.android.deskclock for service com.google.android.deskclock/com.android.alarmclock.DigitalAppWidgetService: pid=4289 uid=10013 gids={50013, 1028}
07-11 10:22:28.461 D/PhoneStatusBar(  450): disable: < expand icons alerts ticker system_info back home RECENT* clock search >
07-11 10:22:28.656 D/PhoneStatusBar(  450): disable: < expand icons alerts ticker system_info BACK* HOME* RECENT CLOCK* search >
--------- beginning of /dev/log/main
07-11 10:22:32.492 W/ResponseProcessCookies(  342): Invalid cookie header: "Set-Cookie: NBID=E39215B25154B3C31EC84B85EE4C7BC1:FG=1; max-age=2592000; expires=Sun, 10-Aug-14 02:22:32 GMT; domain=.baidu.com; path=/; version=1". Unable to parse expires attribute: Sun
07-11 10:22:32.562 D/dalvikvm(  342): GC_CONCURRENT freed 367K, 6% free 10137K/10696K, paused 3ms+3ms, total 33ms
07-11 10:22:32.562 D/dalvikvm(  342): WAIT_FOR_CONCURRENT_GC blocked 23ms
07-11 10:22:41.101 D/PushService( 3555): [null:-1]->receiver action :com.pekall.mdm.action.PUSH_ALARM
07-11 10:22:41.187 D/PushService( 3555): [null:-1]->keepAliveWithPushServer  client is null 
07-11 10:22:41.187 D/PushLib : ( 3555): [null:-1]->pushClient is :null
07-11 10:22:41.187 D/PushLib : ( 3555): [null:-1]->pushClient opened :not opened
07-11 10:22:41.211 D/PushLib : ( 3555): [null:-1]->pushClient connect:ws://192.168.10.35:9090/websocket
07-11 10:22:46.258 D/PushLib : ( 3555): [null:-1]->MSG_WEBSOCKET_OPEN
07-11 10:22:46.281 D/dalvikvm( 3555): GC_CONCURRENT freed 638K, 7% free 9185K/9860K, paused 4ms+3ms, total 41ms
07-11 10:22:46.367 D/JOBS    ( 3555): added job id: -2147483647 class: PushMessageJob priority: 0 delay: 0 group : fetch-push persistent: false requires network: true
07-11 10:22:46.375 D/JOBS    ( 3555): pool-4-thread-1: load factor check. true = (0 < 1)|| (0 * 3 < 1 + 0). consumer thread: false
07-11 10:22:46.375 D/JOBS    ( 3555): adding another consumer
07-11 10:22:46.375 D/JOBS    ( 3555): starting consumer Thread-2584
07-11 10:22:46.375 D/JOBS    ( 3555): running job PushMessageJob
07-11 10:22:46.758 D/dalvikvm( 3555): GC_CONCURRENT freed 326K, 6% free 9276K/9860K, paused 3ms+6ms, total 27ms
07-11 10:22:46.789 D/PushLib : ( 3555): [null:-1]->MSG_WEBSOCKET_MESSAGE : {"id":2,"type":1,"command":0,"result":0,"reason":0}
07-11 10:22:46.804 D/PushService( 3555): [null:-1]->push message type :1
07-11 10:22:46.820 D/JOBS    ( 3555): finished job PushMessageJob
07-11 10:22:47.422 I/ActivityManager(  374): Process com.google.android.gms (pid 3760) has died.
07-11 10:22:49.429 W/MountService(  374): getVolumeState(/storage/emulated/0/external_sd): Unknown volume
07-11 10:22:49.429 W/MountService(  374): getVolumeState(/mnt/sdcard-ext): Unknown volume
07-11 10:22:49.429 W/MountService(  374): getVolumeState(/mnt/ext_sdcard): Unknown volume
07-11 10:22:49.429 W/MountService(  374): getVolumeState(/mnt/sdcard2): Unknown volume
07-11 10:22:49.437 W/MountService(  374): getVolumeState(/mnt/emmc): Unknown volume
07-11 10:22:49.437 W/MountService(  374): getVolumeState(/mnt/extSdCard): Unknown volume
07-11 10:22:49.437 W/MountService(  374): getVolumeState(/mnt/sdcard/SD_CARD): Unknown volume
07-11 10:22:49.437 W/MountService(  374): getVolumeState(/mnt/sdcard/extra_sd): Unknown volume
07-11 10:22:49.437 W/MountService(  374): getVolumeState(/mnt/extrasd_bind): Unknown volume
07-11 10:22:49.437 W/MountService(  374): getVolumeState(/mnt/sdcard/ext_sd): Unknown volume
07-11 10:22:49.437 W/MountService(  374): getVolumeState(/storage/extSdCard): Unknown volume
07-11 10:22:49.437 W/MountService(  374): getVolumeState(/storage/sdcard1): Unknown volume
07-11 10:22:49.437 W/MountService(  374): getVolumeState(/mnt/sdcard/external_SD): Unknown volume
07-11 10:22:49.437 W/MountService(  374): getVolumeState(/mnt/sdcard/external_sd): Unknown volume
07-11 10:22:49.476 D/dalvikvm( 1736): GC_CONCURRENT freed 638K, 22% free 9390K/12000K, paused 4ms+6ms, total 39ms
07-11 10:22:49.476 D/dalvikvm( 1736): WAIT_FOR_CONCURRENT_GC blocked 3ms
07-11 10:22:49.656 W/MountService(  374): getVolumeState(/storage/emulated/0/external_sd): Unknown volume
07-11 10:22:49.656 W/MountService(  374): getVolumeState(/mnt/sdcard-ext): Unknown volume
07-11 10:22:49.656 W/MountService(  374): getVolumeState(/mnt/ext_sdcard): Unknown volume
07-11 10:22:49.656 W/MountService(  374): getVolumeState(/mnt/sdcard2): Unknown volume
07-11 10:22:49.664 W/MountService(  374): getVolumeState(/mnt/emmc): Unknown volume
07-11 10:22:49.664 W/MountService(  374): getVolumeState(/mnt/extSdCard): Unknown volume
07-11 10:22:49.664 W/MountService(  374): getVolumeState(/mnt/sdcard/SD_CARD): Unknown volume
07-11 10:22:49.664 W/MountService(  374): getVolumeState(/mnt/sdcard/extra_sd): Unknown volume
07-11 10:22:49.664 W/MountService(  374): getVolumeState(/mnt/extrasd_bind): Unknown volume
07-11 10:22:49.664 W/MountService(  374): getVolumeState(/mnt/sdcard/ext_sd): Unknown volume
07-11 10:22:49.664 W/MountService(  374): getVolumeState(/storage/extSdCard): Unknown volume
07-11 10:22:49.664 W/MountService(  374): getVolumeState(/storage/sdcard1): Unknown volume
07-11 10:22:49.664 W/MountService(  374): getVolumeState(/mnt/sdcard/external_SD): Unknown volume
07-11 10:22:49.664 W/MountService(  374): getVolumeState(/mnt/sdcard/external_sd): Unknown volume
07-11 10:22:49.672 D/dalvikvm( 1736): GC_CONCURRENT freed 461K, 22% free 9435K/12000K, paused 3ms+3ms, total 36ms
07-11 10:22:49.672 D/dalvikvm( 1736): WAIT_FOR_CONCURRENT_GC blocked 8ms
07-11 10:22:49.672 D/dalvikvm( 1736): WAIT_FOR_CONCURRENT_GC blocked 8ms
07-11 10:23:06.992 I/PowerManagerService(  374): Waking up from sleep...
07-11 10:23:07.031 I/WindowManager(  374): Lock screen displayed!
07-11 10:23:07.164 D/dalvikvm(  450): GC_FOR_ALLOC freed 1016K, 18% free 14594K/17716K, paused 53ms, total 53ms
07-11 10:23:07.297 I/ActivityManager(  374): Start proc com.android.providers.calendar for content provider com.android.providers.calendar/.CalendarProvider2: pid=4316 uid=10007 gids={50007, 3003, 1015, 1028}
07-11 10:23:07.351 D/PowerManagerService-JNI(  374): Excessive delay in autosuspend_disable() while turning screen on: 349ms
07-11 10:23:07.351 D/SurfaceFlinger(  124): Screen acquired, type=0 flinger=0x400b4008
07-11 10:23:07.500 D/LightsService(  374): Excessive delay setting light: 85ms
07-11 10:23:07.554 V/DigitalWidgetViewsFactory( 4289): DigitalWidget sets next alarm string to null
07-11 10:23:08.078 D/PhoneStatusBar(  450): disable: < expand icons alerts ticker system_info BACK HOME recent* CLOCK search >
07-11 10:23:08.109 D/AndroidRuntime( 4333): 
07-11 10:23:08.109 D/AndroidRuntime( 4333): >>>>>> AndroidRuntime START com.android.internal.os.RuntimeInit <<<<<<
07-11 10:23:08.109 D/AndroidRuntime( 4333): CheckJNI is OFF
07-11 10:23:08.125 D/NfcService(  592): NFC-C ON
07-11 10:23:08.133 D/PhoneStatusBar(  450): disable: < expand icons alerts ticker system_info back* home* recent clock* search >
07-11 10:23:08.140 D/dalvikvm( 4333): Trying to load lib libjavacore.so 0x0
07-11 10:23:08.140 W/InputMethodManagerService(  374): Window already focused, ignoring focus gain of: com.android.internal.view.IInputMethodClient$Stub$Proxy@42901ec8 attribute=android.view.inputmethod.EditorInfo@4257a490, token = android.os.BinderProxy@425fcae0
07-11 10:23:08.148 D/dalvikvm( 4333): Added shared lib libjavacore.so 0x0
07-11 10:23:08.172 D/dalvikvm( 4333): Trying to load lib libnativehelper.so 0x0
07-11 10:23:08.172 D/dalvikvm( 4333): Added shared lib libnativehelper.so 0x0
07-11 10:23:08.484 D/AndroidRuntime( 4333): Calling main entry com.qihoo360.powerctl.root.app.App
07-11 10:23:08.484 D/AndroidRuntime( 4333): Shutting down VM
07-11 10:23:08.484 I/AndroidRuntime( 4333): NOTE: attach of thread 'Binder_1' failed
07-11 10:23:08.492 D/dalvikvm( 4333): GC_CONCURRENT freed 114K, 22% free 467K/592K, paused 1ms+1ms, total 5ms
07-11 10:23:08.562 V/TAG     (  374): bug 7643792: fitSystemWindows([0,50][0,0])
07-11 10:23:08.648 D/AndroidRuntime( 4354): 
07-11 10:23:08.648 D/AndroidRuntime( 4354): >>>>>> AndroidRuntime START com.android.internal.os.RuntimeInit <<<<<<
07-11 10:23:08.648 D/AndroidRuntime( 4354): CheckJNI is OFF
07-11 10:23:08.672 D/dalvikvm( 4354): Trying to load lib libjavacore.so 0x0
07-11 10:23:08.679 D/dalvikvm( 4354): Added shared lib libjavacore.so 0x0
07-11 10:23:08.703 D/dalvikvm( 4354): Trying to load lib libnativehelper.so 0x0
07-11 10:23:08.703 D/dalvikvm( 4354): Added shared lib libnativehelper.so 0x0
07-11 10:23:08.734 D/dalvikvm(30972): GC_CONCURRENT freed 399K, 7% free 9780K/10424K, paused 5ms+4ms, total 56ms
07-11 10:23:08.781 I/CalendarProvider2( 4316): Sending notification intent: Intent { act=android.intent.action.PROVIDER_CHANGED dat=content://com.android.calendar }
07-11 10:23:08.781 W/ContentResolver( 4316): Failed to get type for: content://com.android.calendar (Unknown URL content://com.android.calendar)
07-11 10:23:08.804 I/ActivityManager(  374): Start proc com.google.android.calendar for broadcast com.google.android.calendar/com.android.calendar.alerts.AlertReceiver: pid=4364 uid=10006 gids={50006, 3003, 1028}
07-11 10:23:08.914 I/RootJni ( 4363): su: permission denied
07-11 10:23:08.953 D/AlertReceiver( 4364): onReceive: a=android.intent.action.PROVIDER_CHANGED Intent { act=android.intent.action.PROVIDER_CHANGED dat=content://com.android.calendar flg=0x10 cmp=com.google.android.calendar/com.android.calendar.alerts.AlertReceiver }
07-11 10:23:08.969 D/AlertService( 4364): 0 Action = android.intent.action.PROVIDER_CHANGED
07-11 10:23:09.015 D/AndroidRuntime( 4354): Calling main entry com.qihoo360.powerctl.root.app.App
07-11 10:23:09.015 D/AndroidRuntime( 4354): Shutting down VM
07-11 10:23:09.031 D/dalvikvm( 4354): GC_CONCURRENT freed 115K, 21% free 467K/592K, paused 1ms+0ms, total 4ms
07-11 10:23:09.937 D/dalvikvm(  605): GC_FOR_ALLOC freed 2052K, 16% free 14679K/17360K, paused 40ms, total 40ms
07-11 10:23:10.133 E/SQLiteLog(  605): (1802) os_unix.c:30026: (2) stat(/data/user/0/com.android.launcher/cache/widgetpreviews.db) - 
07-11 10:23:10.133 E/SQLiteLog(  605): (1802) statement aborts at 19: [INSERT INTO shortcut_and_widget_previews(preview_bitmap,size,name) VALUES (?,?,?)] 
07-11 10:23:10.140 E/SQLiteDatabase(  605): Error inserting preview_bitmap=[B@42422718 size=260x165 name=Widget:com.moji.mjweather/com.moji.mjweather.CMojiWidget4x2
07-11 10:23:10.140 E/SQLiteDatabase(  605): android.database.sqlite.SQLiteDiskIOException: disk I/O error (code 1802)
07-11 10:23:10.140 E/SQLiteDatabase(  605): 	at android.database.sqlite.SQLiteConnection.nativeExecuteForLastInsertedRowId(Native Method)
07-11 10:23:10.140 E/SQLiteDatabase(  605): 	at android.database.sqlite.SQLiteConnection.executeForLastInsertedRowId(SQLiteConnection.java:782)
07-11 10:23:10.140 E/SQLiteDatabase(  605): 	at android.database.sqlite.SQLiteSession.executeForLastInsertedRowId(SQLiteSession.java:788)
07-11 10:23:10.140 E/SQLiteDatabase(  605): 	at android.database.sqlite.SQLiteStatement.executeInsert(SQLiteStatement.java:86)
07-11 10:23:10.140 E/SQLiteDatabase(  605): 	at android.database.sqlite.SQLiteDatabase.insertWithOnConflict(SQLiteDatabase.java:1469)
07-11 10:23:10.140 E/SQLiteDatabase(  605): 	at android.database.sqlite.SQLiteDatabase.insert(SQLiteDatabase.java:1339)
07-11 10:23:10.140 E/SQLiteDatabase(  605): 	at com.android.launcher2.WidgetPreviewLoader.writeToDb(WidgetPreviewLoader.java:334)
07-11 10:23:10.140 E/SQLiteDatabase(  605): 	at com.android.launcher2.WidgetPreviewLoader.access$000(WidgetPreviewLoader.java:103)
07-11 10:23:10.140 E/SQLiteDatabase(  605): 	at com.android.launcher2.WidgetPreviewLoader$1.doInBackground(WidgetPreviewLoader.java:229)
07-11 10:23:10.140 E/SQLiteDatabase(  605): 	at com.android.launcher2.WidgetPreviewLoader$1.doInBackground(WidgetPreviewLoader.java:227)
07-11 10:23:10.140 E/SQLiteDatabase(  605): 	at android.os.AsyncTask$2.call(AsyncTask.java:287)
07-11 10:23:10.140 E/SQLiteDatabase(  605): 	at java.util.concurrent.FutureTask.run(FutureTask.java:234)
07-11 10:23:10.140 E/SQLiteDatabase(  605): 	at java.util.concurrent.ThreadPoolExecutor.runWorker(ThreadPoolExecutor.java:1080)
07-11 10:23:10.140 E/SQLiteDatabase(  605): 	at java.util.concurrent.ThreadPoolExecutor$Worker.run(ThreadPoolExecutor.java:573)
07-11 10:23:10.140 E/SQLiteDatabase(  605): 	at java.lang.Thread.run(Thread.java:841)
07-11 10:23:10.148 E/SQLiteLog(  605): (1802) os_unix.c:30026: (2) stat(/data/user/0/com.android.launcher/cache/widgetpreviews.db) - 
07-11 10:23:10.148 E/SQLiteLog(  605): (1802) statement aborts at 19: [INSERT INTO shortcut_and_widget_previews(preview_bitmap,size,name) VALUES (?,?,?)] 
07-11 10:23:10.148 E/SQLiteDatabase(  605): Error inserting preview_bitmap=[B@42318be0 size=260x165 name=Widget:com.moji.mjweather/com.moji.mjweather.CMojiWidget4x1
07-11 10:23:10.148 E/SQLiteDatabase(  605): android.database.sqlite.SQLiteDiskIOException: disk I/O error (code 1802)
07-11 10:23:10.148 E/SQLiteDatabase(  605): 	at android.database.sqlite.SQLiteConnection.nativeExecuteForLastInsertedRowId(Native Method)
07-11 10:23:10.148 E/SQLiteDatabase(  605): 	at android.database.sqlite.SQLiteConnection.executeForLastInsertedRowId(SQLiteConnection.java:782)
07-11 10:23:10.148 E/SQLiteDatabase(  605): 	at android.database.sqlite.SQLiteSession.executeForLastInsertedRowId(SQLiteSession.java:788)
07-11 10:23:10.148 E/SQLiteDatabase(  605): 	at android.database.sqlite.SQLiteStatement.executeInsert(SQLiteStatement.java:86)
07-11 10:23:10.148 E/SQLiteDatabase(  605): 	at android.database.sqlite.SQLiteDatabase.insertWithOnConflict(SQLiteDatabase.java:1469)
07-11 10:23:10.148 E/SQLiteDatabase(  605): 	at android.database.sqlite.SQLiteDatabase.insert(SQLiteDatabase.java:1339)
07-11 10:23:10.148 E/SQLiteDatabase(  605): 	at com.android.launcher2.WidgetPreviewLoader.writeToDb(WidgetPreviewLoader.java:334)
07-11 10:23:10.148 E/SQLiteDatabase(  605): 	at com.android.launcher2.WidgetPreviewLoader.access$000(WidgetPreviewLoader.java:103)
07-11 10:23:10.148 E/SQLiteDatabase(  605): 	at com.android.launcher2.WidgetPreviewLoader$1.doInBackground(WidgetPreviewLoader.java:229)
07-11 10:23:10.148 E/SQLiteDatabase(  605): 	at com.android.launcher2.WidgetPreviewLoader$1.doInBackground(WidgetPreviewLoader.java:227)
07-11 10:23:10.148 E/SQLiteDatabase(  605): 	at android.os.AsyncTask$2.call(AsyncTask.java:287)
07-11 10:23:10.148 E/SQLiteDatabase(  605): 	at java.util.concurrent.FutureTask.run(FutureTask.java:234)
07-11 10:23:10.148 E/SQLiteDatabase(  605): 	at java.util.concurrent.ThreadPoolExecutor.runWorker(ThreadPoolExecutor.java:1080)
07-11 10:23:10.148 E/SQLiteDatabase(  605): 	at java.util.concurrent.ThreadPoolExecutor$Worker.run(ThreadPoolExecutor.java:573)
07-11 10:23:10.148 E/SQLiteDatabase(  605): 	at java.lang.Thread.run(Thread.java:841)
07-11 10:23:10.804 I/ActivityManager(  374): START u0 {act=android.intent.action.MAIN cat=[android.intent.category.LAUNCHER] flg=0x10200000 cmp=com.pekall.emdm/.ui.SplashActivity} from pid 605
07-11 10:23:10.883 E/Mdm     ( 3259): Call Mdm service's setLastExitTime function
07-11 10:23:10.890 D/MDM :   ( 3259): [null:-1]->query
07-11 10:23:10.890 D/MDM :   ( 3259): [null:-1]->QUERY_SETTING_PIN_TIMEOUT
07-11 10:23:10.890 D/MDM :   ( 3259): [null:-1]->query
07-11 10:23:10.890 D/MDM :   ( 3259): [null:-1]->QUERY_SETTING_PIN_CODE
07-11 10:23:10.890 D/MdmApplication( 3259): [null:-1]->onActivityStarted ui.SplashActivity , mActivityCount = 0
07-11 10:23:10.976 D/dalvikvm( 3259): GC_CONCURRENT freed 2436K, 16% free 15132K/17896K, paused 4ms+7ms, total 109ms
07-11 10:23:11.086 I/ActivityManager(  374): Displayed com.pekall.emdm/.ui.SplashActivity: +263ms
07-11 10:23:12.398 I/ActivityManager(  374): START u0 {cmp=com.pekall.emdm/.ui.MainActivity} from pid 3259
07-11 10:23:12.594 D/dalvikvm(  374): GC_FOR_ALLOC freed 2973K, 28% free 22108K/30452K, paused 120ms, total 121ms
07-11 10:23:12.609 D/MdmApplication( 3259): [null:-1]->onActivityPaused ui.SplashActivity , mActivityCount = 0
07-11 10:23:12.664 D/MdmApplication( 3259): [null:-1]->onActivityStarted ui.MainActivity , mActivityCount = 0
07-11 10:23:12.664 E/Mdm     ( 3259): Call Mdm service's setLastExitTime function
07-11 10:23:12.664 D/MDM :   ( 3259): [null:-1]->query
07-11 10:23:12.664 D/MDM :   ( 3259): [null:-1]->QUERY_SETTING_PIN_TIMEOUT
07-11 10:23:12.664 D/MDM :   ( 3259): [null:-1]->query
07-11 10:23:12.664 D/MDM :   ( 3259): [null:-1]->QUERY_SETTING_PIN_CODE
07-11 10:23:12.664 D/MDM :   ( 3259): [null:-1]->query
07-11 10:23:12.664 D/MDM :   ( 3259): [null:-1]->QUERY_PINCODE_CHECK_RESULT
07-11 10:23:12.875 D/dalvikvm( 3259): GC_FOR_ALLOC freed 754K, 14% free 15457K/17896K, paused 46ms, total 46ms
07-11 10:23:12.922 I/ActivityManager(  374): Displayed com.pekall.emdm/.ui.MainActivity: +312ms
07-11 10:23:13.000 D/dalvikvm( 3259): GC_FOR_ALLOC freed 297K, 14% free 15513K/17896K, paused 39ms, total 39ms
07-11 10:23:13.000 I/dalvikvm-heap( 3259): Grow heap (frag case) to 15.302MB for 57616-byte allocation
07-11 10:23:13.047 D/dalvikvm( 3259): GC_FOR_ALLOC freed <1K, 14% free 15570K/17956K, paused 44ms, total 44ms
07-11 10:23:13.976 D/AlertService( 4364): Beginning updateAlertNotification
07-11 10:23:14.008 D/AlertService( 4364): No fired or scheduled alerts
07-11 10:23:14.015 D/AlertService( 4364): Scheduling next alarm with AlarmScheduler. sEventReminderReceived: null
07-11 10:23:14.031 D/AlarmScheduler( 4364): No events found starting within 1 week.
07-11 10:23:14.312 I/ActivityManager(  374): START u0 {cmp=com.pekall.emdm/.market.activity.AppListActivity} from pid 3259
07-11 10:23:14.484 D/dalvikvm(  374): GC_FOR_ALLOC freed 1122K, 28% free 22177K/30452K, paused 94ms, total 94ms
07-11 10:23:14.586 D/dalvikvm(  374): GC_FOR_ALLOC freed 749K, 28% free 22171K/30452K, paused 91ms, total 91ms
07-11 10:23:14.586 D/MdmApplication( 3259): [null:-1]->onActivityPaused ui.MainActivity , mActivityCount = 1
07-11 10:23:14.586 D/MDM :   ( 3259): [null:-1]->query
07-11 10:23:14.586 D/MDM :   ( 3259): [null:-1]->QUERY_PINCODE_CHECK_RESULT
07-11 10:23:14.586 E/Mdm     ( 3259): Call Mdm service's setLastExitTime function
07-11 10:23:14.711 D/MdmApplication( 3259): [null:-1]->onActivityStarted market.activity.AppListActivity , mActivityCount = 0
07-11 10:23:14.711 E/Mdm     ( 3259): Call Mdm service's setLastExitTime function
07-11 10:23:14.711 D/MDM :   ( 3259): [null:-1]->query
07-11 10:23:14.719 D/MDM :   ( 3259): [null:-1]->QUERY_SETTING_PIN_TIMEOUT
07-11 10:23:14.719 D/MDM :   ( 3259): [null:-1]->query
07-11 10:23:14.719 D/MDM :   ( 3259): [null:-1]->QUERY_PINCODE_CHECK_RESULT
07-11 10:23:14.750 D/DB      ( 3259): query: SQLiteQuery: SELECT * FROM app WHERE type = 51107
07-11 10:23:14.750 D/DB      ( 3259): factory null
07-11 10:23:14.750 D/DB      ( 3259): fillWindow: 0
07-11 10:23:14.750 D/DB      ( 3259): cursor 1
07-11 10:23:14.758 D/DB      ( 3259): query: SQLiteQuery: SELECT * FROM app WHERE type = 51106
07-11 10:23:14.758 D/DB      ( 3259): factory null
07-11 10:23:14.758 D/DB      ( 3259): fillWindow: 0
07-11 10:23:14.765 D/DB      ( 3259): cursor 0
07-11 10:23:14.828 D/DB      ( 3259): moveToPos: 0
07-11 10:23:14.828 D/DB      ( 3259): onMove: 0
07-11 10:23:14.836 D/DB      ( 3259): moveToPos: 1
07-11 10:23:14.992 W/System.err( 3259): javax.net.ssl.SSLHandshakeException: java.security.cert.CertPathValidatorException: Trust anchor for certification path not found.
07-11 10:23:14.992 W/System.err( 3259): 	at org.apache.harmony.xnet.provider.jsse.OpenSSLSocketImpl.startHandshake(OpenSSLSocketImpl.java:401)
07-11 10:23:15.000 W/System.err( 3259): 	at libcore.net.http.HttpConnection.setupSecureSocket(HttpConnection.java:209)
07-11 10:23:15.000 W/System.err( 3259): 	at libcore.net.http.HttpsURLConnectionImpl$HttpsEngine.makeSslConnection(HttpsURLConnectionImpl.java:478)
07-11 10:23:15.000 W/System.err( 3259): 	at libcore.net.http.HttpsURLConnectionImpl$HttpsEngine.connect(HttpsURLConnectionImpl.java:433)
07-11 10:23:15.000 W/System.err( 3259): 	at libcore.net.http.HttpEngine.sendSocketRequest(HttpEngine.java:290)
07-11 10:23:15.000 W/System.err( 3259): 	at libcore.net.http.HttpEngine.sendRequest(HttpEngine.java:240)
07-11 10:23:15.000 W/System.err( 3259): 	at libcore.net.http.HttpURLConnectionImpl.connect(HttpURLConnectionImpl.java:81)
07-11 10:23:15.000 W/System.err( 3259): 	at java.net.URLConnection.getContent(URLConnection.java:190)
07-11 10:23:15.000 W/System.err( 3259): 	at libcore.net.http.HttpsURLConnectionImpl.getContent(HttpsURLConnectionImpl.java:175)
07-11 10:23:15.000 W/System.err( 3259): 	at java.net.URL.getContent(URL.java:447)
07-11 10:23:15.000 W/System.err( 3259): 	at com.pekall.emdm.market.a.a.a(Unknown Source)
07-11 10:23:15.000 W/System.err( 3259): 	at com.pekall.emdm.market.a.c.run(Unknown Source)
07-11 10:23:15.008 W/System.err( 3259): Caused by: java.security.cert.CertificateException: java.security.cert.CertPathValidatorException: Trust anchor for certification path not found.
07-11 10:23:15.008 W/System.err( 3259): 	at org.apache.harmony.xnet.provider.jsse.TrustManagerImpl.checkTrusted(TrustManagerImpl.java:282)
07-11 10:23:15.008 W/System.err( 3259): 	at org.apache.harmony.xnet.provider.jsse.TrustManagerImpl.checkServerTrusted(TrustManagerImpl.java:202)
07-11 10:23:15.015 W/System.err( 3259): 	at org.apache.harmony.xnet.provider.jsse.OpenSSLSocketImpl.verifyCertificateChain(OpenSSLSocketImpl.java:595)
07-11 10:23:15.015 W/System.err( 3259): 	at org.apache.harmony.xnet.provider.jsse.NativeCrypto.SSL_do_handshake(Native Method)
07-11 10:23:15.015 W/System.err( 3259): 	at org.apache.harmony.xnet.provider.jsse.OpenSSLSocketImpl.startHandshake(OpenSSLSocketImpl.java:398)
07-11 10:23:15.015 W/System.err( 3259): 	... 11 more
07-11 10:23:15.015 W/System.err( 3259): Caused by: java.security.cert.CertPathValidatorException: Trust anchor for certification path not found.
07-11 10:23:15.015 W/System.err( 3259): 	... 16 more
07-11 10:23:15.023 I/ActivityManager(  374): Displayed com.pekall.emdm/.market.activity.AppListActivity: +423ms
07-11 10:23:15.039 D/dalvikvm( 1204): GC_CONCURRENT freed 365K, 7% free 9060K/9720K, paused 17ms+3ms, total 51ms
07-11 10:23:16.312 D/mdm_market( 3259): [null:-1]->appinfo : AppInfo{appName='', pkgName='com.moji.mjweather', appVersionCode=33002, appVersionName='3.30.02', appIcon='https://192.168.10.91/resources/api/v1/download/guest?uuid=754d276aeb8d43b4d38614e83b87', appImages='https://192.168.10.91/resources/api/v1/download/guest?uuid=ff8db40b13d1480690f15fe838b1', appSize='10418000', appTag='', appUUID='8a8088bf471a79ec01471a8b5d4c00de', downloadStatus='4', readStatus='1', type='51107', url='https://192.168.10.91/resources/api/v1/download/guest?uuid=b8990980c21a451625892eb7a93a', description='', instantInstall='', time='1405043510842', enforceAppPolicy=''}
07-11 10:23:16.312 I/ActivityManager(  374): START u0 {cmp=com.pekall.emdm/.market.activity.AppDetailActivity (has extras)} from pid 3259
07-11 10:23:16.453 D/dalvikvm(  374): GC_FOR_ALLOC freed 413K, 26% free 22552K/30452K, paused 93ms, total 94ms
07-11 10:23:16.554 D/dalvikvm(  374): GC_FOR_ALLOC freed 748K, 28% free 22175K/30452K, paused 92ms, total 93ms
07-11 10:23:16.554 D/MdmApplication( 3259): [null:-1]->onActivityPaused market.activity.AppListActivity , mActivityCount = 1
07-11 10:23:16.554 D/MDM :   ( 3259): [null:-1]->query
07-11 10:23:16.562 D/MDM :   ( 3259): [null:-1]->QUERY_PINCODE_CHECK_RESULT
07-11 10:23:16.562 E/Mdm     ( 3259): Call Mdm service's setLastExitTime function
07-11 10:23:16.703 D/dalvikvm( 3259): GC_FOR_ALLOC freed 478K, 11% free 16044K/17916K, paused 43ms, total 43ms
07-11 10:23:16.719 D/MdmApplication( 3259): [null:-1]->onActivityStarted market.activity.AppDetailActivity , mActivityCount = 0
07-11 10:23:16.719 E/Mdm     ( 3259): Call Mdm service's setLastExitTime function
07-11 10:23:16.719 D/MDM :   ( 3259): [null:-1]->query
07-11 10:23:16.719 D/MDM :   ( 3259): [null:-1]->QUERY_SETTING_PIN_TIMEOUT
07-11 10:23:16.719 D/MDM :   ( 3259): [null:-1]->query
07-11 10:23:16.726 D/MDM :   ( 3259): [null:-1]->QUERY_PINCODE_CHECK_RESULT
07-11 10:23:16.726 D/ypy     ( 3259): [null:-1]-> ================ checkDownLoadStatus status is 4
07-11 10:23:16.765 W/System.err( 3259): javax.net.ssl.SSLHandshakeException: java.security.cert.CertPathValidatorException: Trust anchor for certification path not found.
07-11 10:23:16.765 W/System.err( 3259): 	at org.apache.harmony.xnet.provider.jsse.OpenSSLSocketImpl.startHandshake(OpenSSLSocketImpl.java:401)
07-11 10:23:16.765 W/System.err( 3259): 	at libcore.net.http.HttpConnection.setupSecureSocket(HttpConnection.java:209)
07-11 10:23:16.765 W/System.err( 3259): 	at libcore.net.http.HttpsURLConnectionImpl$HttpsEngine.makeSslConnection(HttpsURLConnectionImpl.java:478)
07-11 10:23:16.765 W/System.err( 3259): 	at libcore.net.http.HttpsURLConnectionImpl$HttpsEngine.connect(HttpsURLConnectionImpl.java:433)
07-11 10:23:16.765 W/System.err( 3259): 	at libcore.net.http.HttpEngine.sendSocketRequest(HttpEngine.java:290)
07-11 10:23:16.765 W/System.err( 3259): 	at libcore.net.http.HttpEngine.sendRequest(HttpEngine.java:240)
07-11 10:23:16.765 W/System.err( 3259): 	at libcore.net.http.HttpURLConnectionImpl.connect(HttpURLConnectionImpl.java:81)
07-11 10:23:16.765 W/System.err( 3259): 	at java.net.URLConnection.getContent(URLConnection.java:190)
07-11 10:23:16.765 W/System.err( 3259): 	at libcore.net.http.HttpsURLConnectionImpl.getContent(HttpsURLConnectionImpl.java:175)
07-11 10:23:16.765 W/System.err( 3259): 	at java.net.URL.getContent(URL.java:447)
07-11 10:23:16.765 W/System.err( 3259): 	at com.pekall.emdm.market.a.a.a(Unknown Source)
07-11 10:23:16.765 W/System.err( 3259): 	at com.pekall.emdm.market.a.c.run(Unknown Source)
07-11 10:23:16.773 W/System.err( 3259): Caused by: java.security.cert.CertificateException: java.security.cert.CertPathValidatorException: Trust anchor for certification path not found.
07-11 10:23:16.773 W/System.err( 3259): 	at org.apache.harmony.xnet.provider.jsse.TrustManagerImpl.checkTrusted(TrustManagerImpl.java:282)
07-11 10:23:16.773 W/System.err( 3259): 	at org.apache.harmony.xnet.provider.jsse.TrustManagerImpl.checkServerTrusted(TrustManagerImpl.java:202)
07-11 10:23:16.773 W/System.err( 3259): 	at org.apache.harmony.xnet.provider.jsse.OpenSSLSocketImpl.verifyCertificateChain(OpenSSLSocketImpl.java:595)
07-11 10:23:16.773 W/System.err( 3259): 	at org.apache.harmony.xnet.provider.jsse.NativeCrypto.SSL_do_handshake(Native Method)
07-11 10:23:16.773 W/System.err( 3259): 	at org.apache.harmony.xnet.provider.jsse.OpenSSLSocketImpl.startHandshake(OpenSSLSocketImpl.java:398)
07-11 10:23:16.773 W/System.err( 3259): 	... 11 more
07-11 10:23:16.773 W/System.err( 3259): Caused by: java.security.cert.CertPathValidatorException: Trust anchor for certification path not found.
07-11 10:23:16.781 W/System.err( 3259): 	... 16 more
07-11 10:23:16.797 W/System.err( 3259): javax.net.ssl.SSLHandshakeException: java.security.cert.CertPathValidatorException: Trust anchor for certification path not found.
07-11 10:23:16.797 W/System.err( 3259): 	at org.apache.harmony.xnet.provider.jsse.OpenSSLSocketImpl.startHandshake(OpenSSLSocketImpl.java:401)
07-11 10:23:16.797 W/System.err( 3259): 	at libcore.net.http.HttpConnection.setupSecureSocket(HttpConnection.java:209)
07-11 10:23:16.797 W/System.err( 3259): 	at libcore.net.http.HttpsURLConnectionImpl$HttpsEngine.makeSslConnection(HttpsURLConnectionImpl.java:478)
07-11 10:23:16.797 W/System.err( 3259): 	at libcore.net.http.HttpsURLConnectionImpl$HttpsEngine.connect(HttpsURLConnectionImpl.java:433)
07-11 10:23:16.797 W/System.err( 3259): 	at libcore.net.http.HttpEngine.sendSocketRequest(HttpEngine.java:290)
07-11 10:23:16.797 W/System.err( 3259): 	at libcore.net.http.HttpEngine.sendRequest(HttpEngine.java:240)
07-11 10:23:16.797 W/System.err( 3259): 	at libcore.net.http.HttpURLConnectionImpl.connect(HttpURLConnectionImpl.java:81)
07-11 10:23:16.797 W/System.err( 3259): 	at java.net.URLConnection.getContent(URLConnection.java:190)
07-11 10:23:16.797 W/System.err( 3259): 	at libcore.net.http.HttpsURLConnectionImpl.getContent(HttpsURLConnectionImpl.java:175)
07-11 10:23:16.797 W/System.err( 3259): 	at java.net.URL.getContent(URL.java:447)
07-11 10:23:16.797 W/System.err( 3259): 	at com.pekall.emdm.market.a.a.a(Unknown Source)
07-11 10:23:16.797 W/System.err( 3259): 	at com.pekall.emdm.market.a.c.run(Unknown Source)
07-11 10:23:16.797 W/System.err( 3259): Caused by: java.security.cert.CertificateException: java.security.cert.CertPathValidatorException: Trust anchor for certification path not found.
07-11 10:23:16.797 W/System.err( 3259): 	at org.apache.harmony.xnet.provider.jsse.TrustManagerImpl.checkTrusted(TrustManagerImpl.java:282)
07-11 10:23:16.797 W/System.err( 3259): 	at org.apache.harmony.xnet.provider.jsse.TrustManagerImpl.checkServerTrusted(TrustManagerImpl.java:202)
07-11 10:23:16.797 W/System.err( 3259): 	at org.apache.harmony.xnet.provider.jsse.OpenSSLSocketImpl.verifyCertificateChain(OpenSSLSocketImpl.java:595)
07-11 10:23:16.797 W/System.err( 3259): 	at org.apache.harmony.xnet.provider.jsse.NativeCrypto.SSL_do_handshake(Native Method)
07-11 10:23:16.797 W/System.err( 3259): 	at org.apache.harmony.xnet.provider.jsse.OpenSSLSocketImpl.startHandshake(OpenSSLSocketImpl.java:398)
07-11 10:23:16.797 W/System.err( 3259): 	... 11 more
07-11 10:23:16.797 W/System.err( 3259): Caused by: java.security.cert.CertPathValidatorException: Trust anchor for certification path not found.
07-11 10:23:16.797 W/System.err( 3259): 	... 16 more
07-11 10:23:17.015 I/ActivityManager(  374): Displayed com.pekall.emdm/.market.activity.AppDetailActivity: +447ms
07-11 10:23:32.344 I/EventLogService(  647): Aggregate from 1405043612247 (log), 1405043612247 (data)
07-11 10:23:32.406 I/ServiceDumpSys(  647): dumping service [account]
07-11 10:23:32.476 D/dalvikvm( 1736): GC_CONCURRENT freed 473K, 22% free 9401K/12000K, paused 4ms+2ms, total 26ms
07-11 10:23:33.476 D/dalvikvm(30972): GC_CONCURRENT freed 497K, 8% free 9670K/10424K, paused 4ms+2ms, total 49ms
07-11 10:23:34.179 D/dalvikvm(  565): JIT code cache reset in 8 ms (1048472 bytes 1/0)
07-11 10:23:34.179 D/dalvikvm(  565): GC_CONCURRENT freed 355K, 7% free 10423K/11196K, paused 4ms+12ms, total 75ms
07-11 10:23:40.312 D/LightsService(  374): Excessive delay setting light: 67ms
07-11 10:23:46.156 I/PowerManagerService(  374): Going to sleep due to screen timeout...
07-11 10:23:46.929 D/SurfaceFlinger(  124): Screen released, type=0 flinger=0x400b4008
07-11 10:23:47.070 D/dalvikvm(  374): GC_FOR_ALLOC freed 639K, 26% free 22562K/30452K, paused 93ms, total 93ms
07-11 10:23:47.164 D/dalvikvm(  374): GC_FOR_ALLOC freed 756K, 28% free 22177K/30452K, paused 89ms, total 89ms
07-11 10:23:47.172 D/MdmApplication( 3259): [null:-1]->onActivityPaused market.activity.AppDetailActivity , mActivityCount = 1
07-11 10:23:47.172 D/MDM :   ( 3259): [null:-1]->query
07-11 10:23:47.172 D/MDM :   ( 3259): [null:-1]->QUERY_PINCODE_CHECK_RESULT
07-11 10:23:47.172 E/Mdm     ( 3259): Call Mdm service's setLastExitTime function
07-11 10:23:47.242 D/NfcService(  592): NFC-C OFF, disconnect
07-11 10:23:47.328 D/dalvikvm(30779): GC_FOR_ALLOC freed 385K, 7% free 9754K/10400K, paused 23ms, total 23ms
07-11 10:23:47.351 D/dalvikvm(30779): GC_CONCURRENT freed 6K, 7% free 9758K/10400K, paused 3ms+2ms, total 24ms
07-11 10:23:47.445 D/MDM :   ( 3259): [null:-1]->query
07-11 10:23:47.445 D/MDM :   ( 3259): [null:-1]->QUERY_SETTING_PIN_ONOFF
07-11 10:23:49.562 W/MountService(  374): getVolumeState(/storage/emulated/0/external_sd): Unknown volume
07-11 10:23:49.562 W/MountService(  374): getVolumeState(/mnt/sdcard-ext): Unknown volume
07-11 10:23:49.570 W/MountService(  374): getVolumeState(/mnt/ext_sdcard): Unknown volume
07-11 10:23:49.570 W/MountService(  374): getVolumeState(/mnt/sdcard2): Unknown volume
07-11 10:23:49.570 W/MountService(  374): getVolumeState(/mnt/emmc): Unknown volume
07-11 10:23:49.570 W/MountService(  374): getVolumeState(/mnt/extSdCard): Unknown volume
07-11 10:23:49.570 W/MountService(  374): getVolumeState(/mnt/sdcard/SD_CARD): Unknown volume
07-11 10:23:49.570 W/MountService(  374): getVolumeState(/mnt/sdcard/extra_sd): Unknown volume
