07-11 10:23:49.570 W/MountService(  374): getVolumeState(/mnt/extrasd_bind): Unknown volume
07-11 10:23:49.578 W/MountService(  374): getVolumeState(/mnt/sdcard/ext_sd): Unknown volume
07-11 10:23:49.578 W/MountService(  374): getVolumeState(/storage/extSdCard): Unknown volume
07-11 10:23:49.578 W/MountService(  374): getVolumeState(/storage/sdcard1): Unknown volume
07-11 10:23:49.578 W/MountService(  374): getVolumeState(/mnt/sdcard/external_SD): Unknown volume
07-11 10:23:49.578 W/MountService(  374): getVolumeState(/mnt/sdcard/external_sd): Unknown volume
07-11 10:23:49.687 D/dalvikvm( 1736): GC_CONCURRENT freed 392K, 21% free 9520K/12000K, paused 3ms+4ms, total 37ms
07-11 10:23:49.687 D/dalvikvm( 1736): WAIT_FOR_CONCURRENT_GC blocked 10ms
07-11 10:23:49.820 W/MountService(  374): getVolumeState(/storage/emulated/0/external_sd): Unknown volume
07-11 10:23:49.820 W/MountService(  374): getVolumeState(/mnt/sdcard-ext): Unknown volume
07-11 10:23:49.820 W/MountService(  374): getVolumeState(/mnt/ext_sdcard): Unknown volume
07-11 10:23:49.820 W/MountService(  374): getVolumeState(/mnt/sdcard2): Unknown volume
07-11 10:23:49.820 W/MountService(  374): getVolumeState(/mnt/emmc): Unknown volume
07-11 10:23:49.820 W/MountService(  374): getVolumeState(/mnt/extSdCard): Unknown volume
07-11 10:23:49.820 W/MountService(  374): getVolumeState(/mnt/sdcard/SD_CARD): Unknown volume
07-11 10:23:49.820 W/MountService(  374): getVolumeState(/mnt/sdcard/extra_sd): Unknown volume
07-11 10:23:49.820 W/MountService(  374): getVolumeState(/mnt/extrasd_bind): Unknown volume
07-11 10:23:49.820 W/MountService(  374): getVolumeState(/mnt/sdcard/ext_sd): Unknown volume
07-11 10:23:49.828 W/MountService(  374): getVolumeState(/storage/extSdCard): Unknown volume
07-11 10:23:49.828 W/MountService(  374): getVolumeState(/storage/sdcard1): Unknown volume
07-11 10:23:49.828 W/MountService(  374): getVolumeState(/mnt/sdcard/external_SD): Unknown volume
07-11 10:23:49.828 W/MountService(  374): getVolumeState(/mnt/sdcard/external_sd): Unknown volume
07-11 10:23:49.867 D/dalvikvm( 1736): GC_CONCURRENT freed 532K, 22% free 9424K/12000K, paused 4ms+3ms, total 31ms
07-11 10:23:52.148 V/KeyguardHostView(  374): hide transport, gen:75
07-11 10:23:52.148 V/KeyguardHostView(  374): music state changed: 0
07-11 10:23:52.179 D/PhoneStatusBar(  450): disable: < expand icons alerts ticker system_info back home RECENT* clock search >
07-11 10:23:52.211 V/TAG     (  374): bug 7643792: fitSystemWindows([0,50][0,0])
07-11 10:23:52.344 D/PhoneStatusBar(  450): disable: < expand icons alerts ticker system_info BACK* HOME* RECENT CLOCK* search >
07-11 10:24:00.226 D/MDM :   ( 3259): [null:-1]->MSG_WEBSOCKET_MESSAGE : {"id":-1192958744,"type":0,"command":0,"result":0,"reason":0,"params":{"msgId":"083c9c05-ebcc-4e09-a129-bc4d0a25e323,083c9c05ebcc4e09a129bc4d0a25e323","device":"ffffffffc539bb10fffffffff7aea961","message":"{\"cmd\":\"10119\"}"}}
07-11 10:24:00.234 D/MdmService( 3259): [null:-1]->push message type :0
07-11 10:24:00.234 D/MdmService( 3259): [null:-1]->cmdMessage : {"cmd":"10119"}
07-11 10:24:00.234 D/MdmService( 3259): [null:-1]->command : PushCommandMsg{cmd='10119', msg='null'}
07-11 10:24:00.234 D/MDM :   ( 3259): [null:-1]->PUSH CMD: 10119
07-11 10:24:00.234 D/MdmStatusManager( 3259): [null:-1]->change status to : Busy
07-11 10:24:00.234 D/DB      ( 3259): query: SQLiteQuery: SELECT content, command_status, status FROM command WHERE status!=2
07-11 10:24:00.234 D/DB      ( 3259): factory null
07-11 10:24:00.234 D/DB      ( 3259): fillWindow: 0
07-11 10:24:00.234 D/DB      ( 3259): cursor 0
07-11 10:24:00.234 D/DB      ( 3259): moveToPos: 0
07-11 10:24:00.242 I/TransInfo( 3259): TransInfo created, id: 3, class: class com.pekall.emdm.transaction.b.c
07-11 10:24:00.242 D/NetworkThread( 3259): [null:-1]->----isRunning-----true
07-11 10:24:00.242 D/NetworkThread( 3259): [null:-1]->----isRunning-----true
07-11 10:24:00.242 D/NetworkThread( 3259): [null:-1]->thread wakeup
07-11 10:24:00.242 D/HttpClient( 3259): enable apache.http debug
07-11 10:24:00.250 V/DEBUG   ( 3259): HTTP 0
07-11 10:24:00.453 V/DEBUG   ( 3259): HTTP 1
07-11 10:24:00.476 D/MDM :   ( 3259): [null:-1]->read network input stream
07-11 10:24:00.476 D/MDM :   ( 3259): [null:-1]->read network input stream
07-11 10:24:00.492 D/CheckInTransInfo( 3259): [null:-1]->CommandMsg : CommandMsg{CommandUUID='8a8088bf471a79ec0147233c19de414e', Command=CommandObject{RequestType='InstallApplication'}}
07-11 10:24:00.492 D/DB      ( 3259): query: SQLiteQuery: SELECT * FROM command WHERE cmd_uuid='8a8088bf471a79ec0147233c19de414e'
07-11 10:24:00.492 D/DB      ( 3259): factory null
07-11 10:24:00.492 D/DB      ( 3259): fillWindow: 0
07-11 10:24:00.492 D/DB      ( 3259): cursor 0
07-11 10:24:00.531 D/NetworkThread( 3259): [null:-1]->queue is empty, thread wait...
07-11 10:24:00.633 D/MdmService( 3259): [null:-1]->handleCheckInResult
07-11 10:24:00.633 D/MdmService( 3259): [null:-1]->handleCheckInResult result keyIndex: 3
07-11 10:24:00.633 D/CommandManager( 3259): [null:-1]->execute command: CommandMsg{CommandUUID='8a8088bf471a79ec0147233c19de414e', Command=CommandObject{RequestType='InstallApplication'}}
07-11 10:24:00.633 D/TEST_ALL( 3259): [null:-1]->REQ_TYPE_INST_APP
07-11 10:24:00.648 E/DB      ( 3259): bind, index: 1, value: by.game.binumbers
07-11 10:24:00.648 D/DB      ( 3259): query: SQLiteQuery: SELECT * FROM app WHERE package=?
07-11 10:24:00.648 D/DB      ( 3259): factory null
07-11 10:24:00.648 D/DB      ( 3259): fillWindow: 0
07-11 10:24:00.648 D/DB      ( 3259): cursor 0
07-11 10:24:00.648 D/DB      ( 3259): moveToPos: 0
07-11 10:24:00.695 D/DB      ( 3259): query: SQLiteQuery: SELECT * FROM app WHERE readStatus =0
07-11 10:24:00.695 D/DB      ( 3259): factory null
07-11 10:24:00.695 D/DB      ( 3259): fillWindow: 0
07-11 10:24:00.695 D/DB      ( 3259): cursor 1
07-11 10:24:00.695 E/Mdm     ( 3259): Call Mdm service's recordIconCount function
07-11 10:24:00.703 D/DB      ( 3259): query: SQLiteQuery: SELECT * FROM app WHERE type = 51107
07-11 10:24:00.703 D/DB      ( 3259): factory null
07-11 10:24:00.703 D/DB      ( 3259): fillWindow: 0
07-11 10:24:00.703 D/DB      ( 3259): cursor 2
07-11 10:24:00.711 D/DB      ( 3259): query: SQLiteQuery: SELECT * FROM app WHERE readStatus =0
07-11 10:24:00.711 D/DB      ( 3259): factory null
07-11 10:24:00.711 D/DB      ( 3259): fillWindow: 0
07-11 10:24:00.711 D/DB      ( 3259): cursor 1
07-11 10:24:00.726 D/DB      ( 3259): moveToPos: 0
07-11 10:24:00.726 D/DB      ( 3259): onMove: 0
07-11 10:24:00.734 D/DB      ( 3259): moveToPos: 1
07-11 10:24:00.734 D/DB      ( 3259): onMove: 1
07-11 10:24:00.734 D/DB      ( 3259): moveToPos: 2
07-11 10:24:00.836 I/TransInfo( 3259): TransInfo created, id: 3, class: class com.pekall.emdm.transaction.b.c
07-11 10:24:00.836 D/NetworkThread( 3259): [null:-1]->----isRunning-----true
07-11 10:24:00.836 D/NetworkThread( 3259): [null:-1]->----isRunning-----true
07-11 10:24:00.836 D/NetworkThread( 3259): [null:-1]->thread wakeup
07-11 10:24:00.844 D/HttpClient( 3259): enable apache.http debug
07-11 10:24:00.851 V/DEBUG   ( 3259): HTTP 0
07-11 10:24:00.883 I/AudioService(  374):  AudioFocus  requestAudioFocus() from android.media.AudioManager@4220bd50
07-11 10:24:00.883 V/KeyguardHostView(  374): hide transport, gen:76
07-11 10:24:01.148 V/DEBUG   ( 3259): HTTP 1
07-11 10:24:01.156 D/MdmDatabaseHelper( 3259): [null:-1]->update command 8a8088bf471a79ec0147233c19de414e to status executed
07-11 10:24:01.195 D/NetworkThread( 3259): [null:-1]->queue is empty, thread wait...
07-11 10:24:01.226 D/dalvikvm(31075): GC_CONCURRENT freed 345K, 5% free 9486K/9976K, paused 15ms+3ms, total 56ms
07-11 10:24:01.258 D/MdmService( 3259): [null:-1]->handleCheckInResult
07-11 10:24:01.258 D/MdmService( 3259): [null:-1]->handleCheckInResult result keyIndex: 3
07-11 10:24:01.258 D/HandleCommandTask( 3259): [null:-1]->execute command msg but beanBase is null
07-11 10:24:01.258 D/MdmStatusManager( 3259): [null:-1]->change status to : Idle
07-11 10:24:01.312 D/dalvikvm( 3259): GC_CONCURRENT freed 2813K, 16% free 15535K/18456K, paused 6ms+5ms, total 56ms
07-11 10:24:02.015 I/AudioService(  374):  AudioFocus  abandonAudioFocus() from android.media.AudioManager@4220bd50
07-11 10:24:02.015 V/KeyguardHostView(  374): hide transport, gen:77
07-11 10:24:02.383 I/ActivityManager(  374): Process com.google.android.googlequicksearchbox (pid 4001) has died.
07-11 10:24:02.929 I/PowerManagerService(  374): Waking up from sleep...
07-11 10:24:03.101 I/WindowManager(  374): Lock screen displayed!
07-11 10:24:03.164 I/ActivityManager(  374): Process com.qihoo.root (pid 4036) has died.
07-11 10:24:03.258 D/dalvikvm(  833): GC_CONCURRENT freed 1210K, 18% free 12889K/15584K, paused 4ms+10ms, total 92ms
07-11 10:24:03.258 D/dalvikvm(  833): WAIT_FOR_CONCURRENT_GC blocked 36ms
07-11 10:24:03.304 D/PowerManagerService-JNI(  374): Excessive delay in autosuspend_disable() while turning screen on: 369ms
07-11 10:24:03.312 D/SurfaceFlinger(  124): Screen acquired, type=0 flinger=0x400b4008
07-11 10:24:03.383 V/DigitalWidgetViewsFactory( 4289): DigitalWidget sets next alarm string to null
07-11 10:24:03.469 D/SurfaceControl(  374): Excessive delay in unblankDisplay() while turning screen on: 164ms
07-11 10:24:03.578 D/LightsService(  374): Excessive delay setting light: 77ms
07-11 10:24:03.625 D/AndroidRuntime( 4425): 
07-11 10:24:03.625 D/AndroidRuntime( 4425): >>>>>> AndroidRuntime START com.android.internal.os.RuntimeInit <<<<<<
07-11 10:24:03.625 D/AndroidRuntime( 4425): CheckJNI is OFF
07-11 10:24:03.633 D/dalvikvm( 4425): Trying to load lib libjavacore.so 0x0
07-11 10:24:03.640 D/dalvikvm( 4425): Added shared lib libjavacore.so 0x0
07-11 10:24:03.648 D/dalvikvm( 4425): Trying to load lib libnativehelper.so 0x0
07-11 10:24:03.648 D/dalvikvm( 4425): Added shared lib libnativehelper.so 0x0
07-11 10:24:03.719 I/ActivityManager(  374): Process com.google.android.gsf.login (pid 3936) has died.
07-11 10:24:03.812 D/AndroidRuntime( 4425): Calling main entry com.qihoo360.powerctl.root.app.App
07-11 10:24:03.812 D/AndroidRuntime( 4425): Shutting down VM
07-11 10:24:03.820 D/dalvikvm( 4425): GC_CONCURRENT freed 114K, 22% free 467K/592K, paused 0ms+0ms, total 4ms
07-11 10:24:03.820 I/AndroidRuntime( 4425): NOTE: attach of thread 'Binder_1' failed
07-11 10:24:04.125 D/MdmApplication( 3259): [null:-1]->onActivityStarted market.activity.AppDetailActivity , mActivityCount = 0
07-11 10:24:04.125 E/Mdm     ( 3259): Call Mdm service's setLastExitTime function
07-11 10:24:04.125 D/MDM :   ( 3259): [null:-1]->query
07-11 10:24:04.125 D/MDM :   ( 3259): [null:-1]->QUERY_SETTING_PIN_TIMEOUT
07-11 10:24:04.125 D/MDM :   ( 3259): [null:-1]->query
07-11 10:24:04.133 D/MDM :   ( 3259): [null:-1]->QUERY_SETTING_PIN_CODE
07-11 10:24:04.133 D/MDM :   ( 3259): [null:-1]->query
07-11 10:24:04.133 D/MDM :   ( 3259): [null:-1]->QUERY_PINCODE_CHECK_RESULT
07-11 10:24:04.140 D/ypy     ( 3259): [null:-1]-> ================ checkDownLoadStatus status is 4
07-11 10:24:04.156 D/NfcService(  592): NFC-C ON
07-11 10:24:04.187 D/PhoneStatusBar(  450): disable: < expand icons alerts ticker system_info BACK HOME recent* CLOCK search >
07-11 10:24:04.211 W/InputMethodManagerService(  374): Window already focused, ignoring focus gain of: com.android.internal.view.IInputMethodClient$Stub$Proxy@426951e8 attribute=android.view.inputmethod.EditorInfo@42cf66e0, token = android.os.BinderProxy@42c89f70
07-11 10:24:04.250 D/PhoneStatusBar(  450): disable: < expand icons alerts ticker system_info back* home* recent clock* search >
07-11 10:24:04.476 D/dalvikvm(  374): GC_CONCURRENT freed 1719K, 23% free 23733K/30452K, paused 18ms+25ms, total 314ms
07-11 10:24:04.648 V/TAG     (  374): bug 7643792: fitSystemWindows([0,50][0,0])
07-11 10:24:04.820 D/AndroidRuntime( 4444): 
07-11 10:24:04.820 D/AndroidRuntime( 4444): >>>>>> AndroidRuntime START com.android.internal.os.RuntimeInit <<<<<<
07-11 10:24:04.820 D/AndroidRuntime( 4444): CheckJNI is OFF
07-11 10:24:04.844 D/dalvikvm( 4444): Trying to load lib libjavacore.so 0x0
07-11 10:24:04.851 D/dalvikvm( 4444): Added shared lib libjavacore.so 0x0
07-11 10:24:04.867 D/dalvikvm( 4444): Trying to load lib libnativehelper.so 0x0
07-11 10:24:04.867 D/dalvikvm( 4444): Added shared lib libnativehelper.so 0x0
07-11 10:24:05.133 D/AndroidRuntime( 4444): Calling main entry com.qihoo360.powerctl.root.app.App
07-11 10:24:05.133 D/AndroidRuntime( 4444): Shutting down VM
07-11 10:24:05.140 D/dalvikvm( 4444): GC_CONCURRENT freed 115K, 21% free 467K/592K, paused 1ms+0ms, total 4ms
07-11 10:24:09.476 D/MdmApplication( 3259): [null:-1]->onActivityPaused market.activity.AppDetailActivity , mActivityCount = 1
07-11 10:24:09.476 D/MDM :   ( 3259): [null:-1]->query
07-11 10:24:09.476 D/MDM :   ( 3259): [null:-1]->QUERY_PINCODE_CHECK_RESULT
07-11 10:24:09.476 E/Mdm     ( 3259): Call Mdm service's setLastExitTime function
07-11 10:24:09.523 D/MdmApplication( 3259): [null:-1]->onActivityStarted market.activity.AppListActivity , mActivityCount = 0
07-11 10:24:09.523 E/Mdm     ( 3259): Call Mdm service's setLastExitTime function
07-11 10:24:09.523 D/MDM :   ( 3259): [null:-1]->query
07-11 10:24:09.531 D/MDM :   ( 3259): [null:-1]->QUERY_SETTING_PIN_TIMEOUT
07-11 10:24:09.531 D/MDM :   ( 3259): [null:-1]->query
07-11 10:24:09.531 D/MDM :   ( 3259): [null:-1]->QUERY_PINCODE_CHECK_RESULT
07-11 10:24:09.531 D/mdm_log ( 3259): [null:-1]->has installed com.moji.mjweather
07-11 10:24:09.672 W/System.err( 3259): javax.net.ssl.SSLHandshakeException: java.security.cert.CertPathValidatorException: Trust anchor for certification path not found.
07-11 10:24:09.679 W/System.err( 3259): 	at org.apache.harmony.xnet.provider.jsse.OpenSSLSocketImpl.startHandshake(OpenSSLSocketImpl.java:401)
07-11 10:24:09.679 W/System.err( 3259): 	at libcore.net.http.HttpConnection.setupSecureSocket(HttpConnection.java:209)
07-11 10:24:09.679 W/System.err( 3259): 	at libcore.net.http.HttpsURLConnectionImpl$HttpsEngine.makeSslConnection(HttpsURLConnectionImpl.java:478)
07-11 10:24:09.679 W/System.err( 3259): 	at libcore.net.http.HttpsURLConnectionImpl$HttpsEngine.connect(HttpsURLConnectionImpl.java:433)
07-11 10:24:09.679 W/System.err( 3259): 	at libcore.net.http.HttpEngine.sendSocketRequest(HttpEngine.java:290)
07-11 10:24:09.679 W/System.err( 3259): 	at libcore.net.http.HttpEngine.sendRequest(HttpEngine.java:240)
07-11 10:24:09.679 W/System.err( 3259): 	at libcore.net.http.HttpURLConnectionImpl.connect(HttpURLConnectionImpl.java:81)
07-11 10:24:09.679 W/System.err( 3259): 	at java.net.URLConnection.getContent(URLConnection.java:190)
07-11 10:24:09.679 W/System.err( 3259): 	at libcore.net.http.HttpsURLConnectionImpl.getContent(HttpsURLConnectionImpl.java:175)
07-11 10:24:09.679 W/System.err( 3259): 	at java.net.URL.getContent(URL.java:447)
07-11 10:24:09.679 W/System.err( 3259): 	at com.pekall.emdm.market.a.a.a(Unknown Source)
07-11 10:24:09.687 W/System.err( 3259): 	at com.pekall.emdm.market.a.c.run(Unknown Source)
07-11 10:24:09.687 W/System.err( 3259): Caused by: java.security.cert.CertificateException: java.security.cert.CertPathValidatorException: Trust anchor for certification path not found.
07-11 10:24:09.687 W/System.err( 3259): 	at org.apache.harmony.xnet.provider.jsse.TrustManagerImpl.checkTrusted(TrustManagerImpl.java:282)
07-11 10:24:09.687 W/System.err( 3259): 	at org.apache.harmony.xnet.provider.jsse.TrustManagerImpl.checkServerTrusted(TrustManagerImpl.java:202)
07-11 10:24:09.687 W/System.err( 3259): 	at org.apache.harmony.xnet.provider.jsse.OpenSSLSocketImpl.verifyCertificateChain(OpenSSLSocketImpl.java:595)
07-11 10:24:09.687 W/System.err( 3259): 	at org.apache.harmony.xnet.provider.jsse.NativeCrypto.SSL_do_handshake(Native Method)
07-11 10:24:09.687 W/System.err( 3259): 	at org.apache.harmony.xnet.provider.jsse.OpenSSLSocketImpl.startHandshake(OpenSSLSocketImpl.java:398)
07-11 10:24:09.687 W/System.err( 3259): 	... 11 more
07-11 10:24:09.687 W/System.err( 3259): Caused by: java.security.cert.CertPathValidatorException: Trust anchor for certification path not found.
07-11 10:24:09.687 W/System.err( 3259): 	... 16 more
07-11 10:24:09.726 W/System.err( 3259): javax.net.ssl.SSLHandshakeException: java.security.cert.CertPathValidatorException: Trust anchor for certification path not found.
07-11 10:24:09.734 W/System.err( 3259): 	at org.apache.harmony.xnet.provider.jsse.OpenSSLSocketImpl.startHandshake(OpenSSLSocketImpl.java:401)
07-11 10:24:09.734 W/System.err( 3259): 	at libcore.net.http.HttpConnection.setupSecureSocket(HttpConnection.java:209)
07-11 10:24:09.734 W/System.err( 3259): 	at libcore.net.http.HttpsURLConnectionImpl$HttpsEngine.makeSslConnection(HttpsURLConnectionImpl.java:478)
07-11 10:24:09.734 W/System.err( 3259): 	at libcore.net.http.HttpsURLConnectionImpl$HttpsEngine.connect(HttpsURLConnectionImpl.java:433)
07-11 10:24:09.734 W/System.err( 3259): 	at libcore.net.http.HttpEngine.sendSocketRequest(HttpEngine.java:290)
07-11 10:24:09.734 W/System.err( 3259): 	at libcore.net.http.HttpEngine.sendRequest(HttpEngine.java:240)
07-11 10:24:09.734 W/System.err( 3259): 	at libcore.net.http.HttpURLConnectionImpl.connect(HttpURLConnectionImpl.java:81)
07-11 10:24:09.734 W/System.err( 3259): 	at java.net.URLConnection.getContent(URLConnection.java:190)
07-11 10:24:09.734 W/System.err( 3259): 	at libcore.net.http.HttpsURLConnectionImpl.getContent(HttpsURLConnectionImpl.java:175)
07-11 10:24:09.742 W/System.err( 3259): 	at java.net.URL.getContent(URL.java:447)
07-11 10:24:09.742 W/System.err( 3259): 	at com.pekall.emdm.market.a.a.a(Unknown Source)
07-11 10:24:09.742 W/System.err( 3259): 	at com.pekall.emdm.market.a.c.run(Unknown Source)
07-11 10:24:09.742 W/System.err( 3259): Caused by: java.security.cert.CertificateException: java.security.cert.CertPathValidatorException: Trust anchor for certification path not found.
07-11 10:24:09.742 W/System.err( 3259): 	at org.apache.harmony.xnet.provider.jsse.TrustManagerImpl.checkTrusted(TrustManagerImpl.java:282)
07-11 10:24:09.742 W/System.err( 3259): 	at org.apache.harmony.xnet.provider.jsse.TrustManagerImpl.checkServerTrusted(TrustManagerImpl.java:202)
07-11 10:24:09.742 W/System.err( 3259): 	at org.apache.harmony.xnet.provider.jsse.OpenSSLSocketImpl.verifyCertificateChain(OpenSSLSocketImpl.java:595)
07-11 10:24:09.742 W/System.err( 3259): 	at org.apache.harmony.xnet.provider.jsse.NativeCrypto.SSL_do_handshake(Native Method)
07-11 10:24:09.742 W/System.err( 3259): 	at org.apache.harmony.xnet.provider.jsse.OpenSSLSocketImpl.startHandshake(OpenSSLSocketImpl.java:398)
07-11 10:24:09.742 W/System.err( 3259): 	... 11 more
07-11 10:24:09.742 W/System.err( 3259): Caused by: java.security.cert.CertPathValidatorException: Trust anchor for certification path not found.
07-11 10:24:09.750 W/System.err( 3259): 	... 16 more
07-11 10:24:09.781 W/System.err( 3259): javax.net.ssl.SSLHandshakeException: java.security.cert.CertPathValidatorException: Trust anchor for certification path not found.
07-11 10:24:09.781 W/System.err( 3259): 	at org.apache.harmony.xnet.provider.jsse.OpenSSLSocketImpl.startHandshake(OpenSSLSocketImpl.java:401)
07-11 10:24:09.781 W/System.err( 3259): 	at libcore.net.http.HttpConnection.setupSecureSocket(HttpConnection.java:209)
07-11 10:24:09.781 W/System.err( 3259): 	at libcore.net.http.HttpsURLConnectionImpl$HttpsEngine.makeSslConnection(HttpsURLConnectionImpl.java:478)
07-11 10:24:09.781 W/System.err( 3259): 	at libcore.net.http.HttpsURLConnectionImpl$HttpsEngine.connect(HttpsURLConnectionImpl.java:433)
07-11 10:24:09.781 W/System.err( 3259): 	at libcore.net.http.HttpEngine.sendSocketRequest(HttpEngine.java:290)
07-11 10:24:09.781 W/System.err( 3259): 	at libcore.net.http.HttpEngine.sendRequest(HttpEngine.java:240)
07-11 10:24:09.781 W/System.err( 3259): 	at libcore.net.http.HttpURLConnectionImpl.connect(HttpURLConnectionImpl.java:81)
07-11 10:24:09.781 W/System.err( 3259): 	at java.net.URLConnection.getContent(URLConnection.java:190)
07-11 10:24:09.781 W/System.err( 3259): 	at libcore.net.http.HttpsURLConnectionImpl.getContent(HttpsURLConnectionImpl.java:175)
07-11 10:24:09.781 W/System.err( 3259): 	at java.net.URL.getContent(URL.java:447)
07-11 10:24:09.781 W/System.err( 3259): 	at com.pekall.emdm.market.a.a.a(Unknown Source)
07-11 10:24:09.789 W/System.err( 3259): 	at com.pekall.emdm.market.a.c.run(Unknown Source)
07-11 10:24:09.789 W/System.err( 3259): Caused by: java.security.cert.CertificateException: java.security.cert.CertPathValidatorException: Trust anchor for certification path not found.
07-11 10:24:09.789 W/System.err( 3259): 	at org.apache.harmony.xnet.provider.jsse.TrustManagerImpl.checkTrusted(TrustManagerImpl.java:282)
07-11 10:24:09.797 W/System.err( 3259): 	at org.apache.harmony.xnet.provider.jsse.TrustManagerImpl.checkServerTrusted(TrustManagerImpl.java:202)
07-11 10:24:09.797 W/System.err( 3259): 	at org.apache.harmony.xnet.provider.jsse.OpenSSLSocketImpl.verifyCertificateChain(OpenSSLSocketImpl.java:595)
07-11 10:24:09.797 W/System.err( 3259): 	at org.apache.harmony.xnet.provider.jsse.NativeCrypto.SSL_do_handshake(Native Method)
07-11 10:24:09.797 W/System.err( 3259): 	at org.apache.harmony.xnet.provider.jsse.OpenSSLSocketImpl.startHandshake(OpenSSLSocketImpl.java:398)
07-11 10:24:09.797 W/System.err( 3259): 	... 11 more
07-11 10:24:09.797 W/System.err( 3259): Caused by: java.security.cert.CertPathValidatorException: Trust anchor for certification path not found.
07-11 10:24:09.797 W/System.err( 3259): 	... 16 more
07-11 10:24:09.844 W/System.err( 3259): javax.net.ssl.SSLHandshakeException: java.security.cert.CertPathValidatorException: Trust anchor for certification path not found.
07-11 10:24:09.844 W/System.err( 3259): 	at org.apache.harmony.xnet.provider.jsse.OpenSSLSocketImpl.startHandshake(OpenSSLSocketImpl.java:401)
07-11 10:24:09.844 W/System.err( 3259): 	at libcore.net.http.HttpConnection.setupSecureSocket(HttpConnection.java:209)
07-11 10:24:09.844 W/System.err( 3259): 	at libcore.net.http.HttpsURLConnectionImpl$HttpsEngine.makeSslConnection(HttpsURLConnectionImpl.java:478)
07-11 10:24:09.844 W/System.err( 3259): 	at libcore.net.http.HttpsURLConnectionImpl$HttpsEngine.connect(HttpsURLConnectionImpl.java:433)
07-11 10:24:09.844 W/System.err( 3259): 	at libcore.net.http.HttpEngine.sendSocketRequest(HttpEngine.java:290)
07-11 10:24:09.844 W/System.err( 3259): 	at libcore.net.http.HttpEngine.sendRequest(HttpEngine.java:240)
07-11 10:24:09.844 W/System.err( 3259): 	at libcore.net.http.HttpURLConnectionImpl.connect(HttpURLConnectionImpl.java:81)
07-11 10:24:09.844 W/System.err( 3259): 	at java.net.URLConnection.getContent(URLConnection.java:190)
07-11 10:24:09.844 W/System.err( 3259): 	at libcore.net.http.HttpsURLConnectionImpl.getContent(HttpsURLConnectionImpl.java:175)
07-11 10:24:09.844 W/System.err( 3259): 	at java.net.URL.getContent(URL.java:447)
07-11 10:24:09.844 W/System.err( 3259): 	at com.pekall.emdm.market.a.a.a(Unknown Source)
07-11 10:24:09.844 W/System.err( 3259): 	at com.pekall.emdm.market.a.c.run(Unknown Source)
07-11 10:24:09.844 W/System.err( 3259): Caused by: java.security.cert.CertificateException: java.security.cert.CertPathValidatorException: Trust anchor for certification path not found.
07-11 10:24:09.844 W/System.err( 3259): 	at org.apache.harmony.xnet.provider.jsse.TrustManagerImpl.checkTrusted(TrustManagerImpl.java:282)
07-11 10:24:09.844 W/System.err( 3259): 	at org.apache.harmony.xnet.provider.jsse.TrustManagerImpl.checkServerTrusted(TrustManagerImpl.java:202)
07-11 10:24:09.844 W/System.err( 3259): 	at org.apache.harmony.xnet.provider.jsse.OpenSSLSocketImpl.verifyCertificateChain(OpenSSLSocketImpl.java:595)
07-11 10:24:09.851 W/System.err( 3259): 	at org.apache.harmony.xnet.provider.jsse.NativeCrypto.SSL_do_handshake(Native Method)
07-11 10:24:09.851 W/System.err( 3259): 	at org.apache.harmony.xnet.provider.jsse.OpenSSLSocketImpl.startHandshake(OpenSSLSocketImpl.java:398)
07-11 10:24:09.851 W/System.err( 3259): 	... 11 more
07-11 10:24:09.851 W/System.err( 3259): Caused by: java.security.cert.CertPathValidatorException: Trust anchor for certification path not found.
07-11 10:24:09.851 W/System.err( 3259): 	... 16 more
07-11 10:24:15.562 D/dalvikvm(30972): GC_CONCURRENT freed 408K, 8% free 9646K/10424K, paused 9ms+2ms, total 43ms
07-11 10:24:25.281 D/dalvikvm(  577): GC_EXPLICIT freed 525K, 7% free 11557K/12344K, paused 11ms+6ms, total 87ms
07-11 10:24:27.195 D/MdmService( 3259): [null:-1]->receiver action :com.pekall.mdm.action.MDM_ALARM
07-11 10:24:33.554 D/LightsService(  374): Excessive delay setting light: 67ms
07-11 10:24:36.304 D/SizeAdaptiveLayout(  450): com.android.internal.widget.SizeAdaptiveLayout{42389f18 V.E..... ......ID 0,0-720,128 #7f070058 app:id/adaptive}child view android.widget.LinearLayout{4221a9e8 V.E..... ......ID 0,0-720,124} measured out of bounds at 124px clamped to 128px
07-11 10:24:36.383 D/LightsService(  374): Excessive delay setting light: 65ms
07-11 10:24:36.429 D/SizeAdaptiveLayout(  450): com.android.internal.widget.SizeAdaptiveLayout{42389f18 V.E..... ......ID 0,0-720,128 #7f070058 app:id/adaptive}child view android.widget.LinearLayout{4221a9e8 V.E..... ......ID 0,0-720,124} measured out of bounds at 124px clamped to 128px
07-11 10:24:36.461 V/PanelView(  450): animationTick called with dtms=0; nothing to do (h=776.0 v=1373.9072)
07-11 10:24:36.461 V/PanelView(  450): animationTick called with dtms=-10; nothing to do (h=776.0 v=1373.9072)
07-11 10:24:44.383 W/Settings(30779): Setting airplane_mode_on has moved from android.provider.Settings.System to android.provider.Settings.Global, returning read-only value.
07-11 10:24:44.383 W/Settings(30779): Setting mobile_data has moved from android.provider.Settings.Secure to android.provider.Settings.Global.
07-11 10:24:44.383 D/BluetoothAdapter(30779): 1108142632: getState() :  mService = null. Returning STATE_OFF
07-11 10:24:44.383 W/Settings(30779): Setting airplane_mode_on has moved from android.provider.Settings.System to android.provider.Settings.Global, returning read-only value.
07-11 10:24:44.398 W/Settings(30779): Setting airplane_mode_on has moved from android.provider.Settings.System to android.provider.Settings.Global, returning read-only value.
07-11 10:24:44.398 W/Settings(30779): Setting mobile_data has moved from android.provider.Settings.Secure to android.provider.Settings.Global.
07-11 10:24:44.398 D/BluetoothAdapter(30779): 1108142632: getState() :  mService = null. Returning STATE_OFF
07-11 10:24:44.406 W/Settings(30779): Setting airplane_mode_on has moved from android.provider.Settings.System to android.provider.Settings.Global, returning read-only value.
07-11 10:24:44.429 D/SizeAdaptiveLayout(  450): com.android.internal.widget.SizeAdaptiveLayout{42389f18 V.E..... ......ID 0,0-720,128 #7f070058 app:id/adaptive}child view android.widget.LinearLayout{4221a9e8 V.E..... ......ID 0,0-720,124} measured out of bounds at 124px clamped to 128px
07-11 10:24:44.875 V/PanelView(  450): animationTick called with dtms=0; nothing to do (h=1184.0 v=-4000.0)
07-11 10:24:44.883 V/PanelView(  450): animationTick called with dtms=-1; nothing to do (h=1184.0 v=-4000.0)
07-11 10:24:45.234 W/InputMethodManagerService(  374): Window already focused, ignoring focus gain of: com.android.internal.view.IInputMethodClient$Stub$Proxy@42283578 attribute=null, token = android.os.BinderProxy@42cdb438
07-11 10:24:46.828 D/JOBS    ( 3555): Thread-2584: load factor check. true = (0 < 1)|| (0 * 3 < 0 + 0). consumer thread: true
07-11 10:24:46.828 D/JOBS    ( 3555): didn't allow me to die, re-running Thread-2584
07-11 10:24:46.828 D/JOBS    ( 3555): re-running consumer Thread-2584
07-11 10:24:48.469 V/PanelView(  450): animationTick called with dtms=0; nothing to do (h=994.83704 v=4373.0425)
07-11 10:24:49.719 W/MountService(  374): getVolumeState(/storage/emulated/0/external_sd): Unknown volume
07-11 10:24:49.719 W/MountService(  374): getVolumeState(/mnt/sdcard-ext): Unknown volume
07-11 10:24:49.719 W/MountService(  374): getVolumeState(/mnt/ext_sdcard): Unknown volume
07-11 10:24:49.719 W/MountService(  374): getVolumeState(/mnt/sdcard2): Unknown volume
07-11 10:24:49.719 W/MountService(  374): getVolumeState(/mnt/emmc): Unknown volume
07-11 10:24:49.719 W/MountService(  374): getVolumeState(/mnt/extSdCard): Unknown volume
07-11 10:24:49.719 W/MountService(  374): getVolumeState(/mnt/sdcard/SD_CARD): Unknown volume
07-11 10:24:49.719 W/MountService(  374): getVolumeState(/mnt/sdcard/extra_sd): Unknown volume
07-11 10:24:49.719 W/MountService(  374): getVolumeState(/mnt/extrasd_bind): Unknown volume
07-11 10:24:49.719 W/MountService(  374): getVolumeState(/mnt/sdcard/ext_sd): Unknown volume
07-11 10:24:49.719 W/MountService(  374): getVolumeState(/storage/extSdCard): Unknown volume
07-11 10:24:49.719 W/MountService(  374): getVolumeState(/storage/sdcard1): Unknown volume
07-11 10:24:49.726 W/MountService(  374): getVolumeState(/mnt/sdcard/external_SD): Unknown volume
07-11 10:24:49.726 W/MountService(  374): getVolumeState(/mnt/sdcard/external_sd): Unknown volume
07-11 10:24:49.765 D/dalvikvm( 1736): GC_CONCURRENT freed 422K, 22% free 9458K/12000K, paused 3ms+3ms, total 39ms
07-11 10:24:49.976 D/dalvikvm( 1736): GC_CONCURRENT freed 523K, 22% free 9446K/12000K, paused 4ms+4ms, total 35ms
07-11 10:24:49.976 D/dalvikvm( 1736): WAIT_FOR_CONCURRENT_GC blocked 6ms
07-11 10:24:49.976 D/dalvikvm( 1736): WAIT_FOR_CONCURRENT_GC blocked 8ms
07-11 10:24:49.976 W/MountService(  374): getVolumeState(/storage/emulated/0/external_sd): Unknown volume
07-11 10:24:49.976 W/MountService(  374): getVolumeState(/mnt/sdcard-ext): Unknown volume
07-11 10:24:49.976 W/MountService(  374): getVolumeState(/mnt/ext_sdcard): Unknown volume
07-11 10:24:49.976 W/MountService(  374): getVolumeState(/mnt/sdcard2): Unknown volume
07-11 10:24:49.976 W/MountService(  374): getVolumeState(/mnt/emmc): Unknown volume
07-11 10:24:49.984 W/MountService(  374): getVolumeState(/mnt/extSdCard): Unknown volume
07-11 10:24:49.984 W/MountService(  374): getVolumeState(/mnt/sdcard/SD_CARD): Unknown volume
07-11 10:24:49.984 W/MountService(  374): getVolumeState(/mnt/sdcard/extra_sd): Unknown volume
07-11 10:24:49.984 W/MountService(  374): getVolumeState(/mnt/extrasd_bind): Unknown volume
07-11 10:24:49.984 W/MountService(  374): getVolumeState(/mnt/sdcard/ext_sd): Unknown volume
07-11 10:24:49.984 W/MountService(  374): getVolumeState(/storage/extSdCard): Unknown volume
07-11 10:24:49.984 W/MountService(  374): getVolumeState(/storage/sdcard1): Unknown volume
07-11 10:24:49.984 W/MountService(  374): getVolumeState(/mnt/sdcard/external_SD): Unknown volume
07-11 10:24:49.984 W/MountService(  374): getVolumeState(/mnt/sdcard/external_sd): Unknown volume
07-11 10:24:50.234 D/dalvikvm(30972): GC_CONCURRENT freed 395K, 8% free 9638K/10424K, paused 4ms+2ms, total 46ms
07-11 10:24:53.508 D/AndroidRuntime( 4469): 
07-11 10:24:53.508 D/AndroidRuntime( 4469): >>>>>> AndroidRuntime START com.android.internal.os.RuntimeInit <<<<<<
07-11 10:24:53.508 D/AndroidRuntime( 4469): CheckJNI is OFF
07-11 10:24:53.515 D/dalvikvm( 4469): Trying to load lib libjavacore.so 0x0
07-11 10:24:53.523 D/dalvikvm( 4469): Added shared lib libjavacore.so 0x0
07-11 10:24:53.539 D/dalvikvm( 4469): Trying to load lib libnativehelper.so 0x0
07-11 10:24:53.539 D/dalvikvm( 4469): Added shared lib libnativehelper.so 0x0
07-11 10:24:53.781 D/AndroidRuntime( 4469): Calling main entry com.android.commands.uiautomator.Launcher
07-11 10:24:55.414 I/AccessibilityNodeInfoDumper( 4469): Skipping invisible child: android.view.accessibility.AccessibilityNodeInfo@1caee; boundsInParent: Rect(0, 0 - 120, 33); boundsInScreen: Rect(120, 1154 - 240, 1187); packageName: com.qihoo360.mobilesafe.opti.powerctl; className: android.widget.TextView; text: WiFi; contentDescription: null; viewIdResName: com.qihoo360.mobilesafe.opti.powerctl:id/text_1; checkable: false; checked: false; focusable: false; focused: false; selected: false; clickable: false; longClickable: false; enabled: true; password: false; scrollable: false; [ACTION_SELECT, ACTION_CLEAR_SELECTION, ACTION_ACCESSIBILITY_FOCUS, ACTION_NEXT_AT_MOVEMENT_GRANULARITY, ACTION_PREVIOUS_AT_MOVEMENT_GRANULARITY, ACTION_SET_SELECTION]
07-11 10:24:55.414 I/AccessibilityNodeInfoDumper( 4469): Skipping invisible child: android.view.accessibility.AccessibilityNodeInfo@1ceaf; boundsInParent: Rect(0, 0 - 120, 33); boundsInScreen: Rect(240, 1154 - 360, 1187); packageName: com.qihoo360.mobilesafe.opti.powerctl; className: android.widget.TextView; text: 2G/3G; contentDescription: null; viewIdResName: com.qihoo360.mobilesafe.opti.powerctl:id/text_2; checkable: false; checked: false; focusable: false; focused: false; selected: false; clickable: false; longClickable: false; enabled: true; password: false; scrollable: false; [ACTION_SELECT, ACTION_CLEAR_SELECTION, ACTION_ACCESSIBILITY_FOCUS, ACTION_NEXT_AT_MOVEMENT_GRANULARITY, ACTION_PREVIOUS_AT_MOVEMENT_GRANULARITY, ACTION_SET_SELECTION]
07-11 10:24:55.422 I/AccessibilityNodeInfoDumper( 4469): Skipping invisible child: android.view.accessibility.AccessibilityNodeInfo@1d270; boundsInParent: Rect(0, 0 - 120, 33); boundsInScreen: Rect(360, 1154 - 480, 1187); packageName: com.qihoo360.mobilesafe.opti.powerctl; className: android.widget.TextView; text: ; contentDescription: null; viewIdResName: com.qihoo360.mobilesafe.opti.powerctl:id/text_3; checkable: false; checked: false; focusable: false; focused: false; selected: false; clickable: false; longClickable: false; enabled: true; password: false; scrollable: false; [ACTION_SELECT, ACTION_CLEAR_SELECTION, ACTION_ACCESSIBILITY_FOCUS, ACTION_NEXT_AT_MOVEMENT_GRANULARITY, ACTION_PREVIOUS_AT_MOVEMENT_GRANULARITY, ACTION_SET_SELECTION]
07-11 10:24:55.422 I/AccessibilityNodeInfoDumper( 4469): Skipping invisible child: android.view.accessibility.AccessibilityNodeInfo@1d631; boundsInParent: Rect(0, 0 - 120, 33); boundsInScreen: Rect(480, 1154 - 600, 1187); packageName: com.qihoo360.mobilesafe.opti.powerctl; className: android.widget.TextView; text: ; contentDescription: null; viewIdResName: com.qihoo360.mobilesafe.opti.powerctl:id/text_4; checkable: false; checked: false; focusable: false; focused: false; selected: false; clickable: false; longClickable: false; enabled: true; password: false; scrollable: false; [ACTION_SELECT, ACTION_CLEAR_SELECTION, ACTION_ACCESSIBILITY_FOCUS, ACTION_NEXT_AT_MOVEMENT_GRANULARITY, ACTION_PREVIOUS_AT_MOVEMENT_GRANULARITY, ACTION_SET_SELECTION]
07-11 10:24:55.422 I/AccessibilityNodeInfoDumper( 4469): Skipping invisible child: android.view.accessibility.AccessibilityNodeInfo@1ddb3; boundsInParent: Rect(0, 0 - 120, 33); boundsInScreen: Rect(600, 1154 - 720, 1187); packageName: com.qihoo360.mobilesafe.opti.powerctl; className: android.widget.TextView; text: ; contentDescription: null; viewIdResName: com.qihoo360.mobilesafe.opti.powerctl:id/text_more; checkable: false; checked: false; focusable: false; focused: false; selected: false; clickable: false; longClickable: false; enabled: true; password: false; scrollable: false; [ACTION_SELECT, ACTION_CLEAR_SELECTION, ACTION_ACCESSIBILITY_FOCUS, ACTION_NEXT_AT_MOVEMENT_GRANULARITY, ACTION_PREVIOUS_AT_MOVEMENT_GRANULARITY, ACTION_SET_SELECTION]
07-11 10:24:55.429 I/AccessibilityNodeInfoDumper( 4469): Skipping invisible child: android.view.accessibility.AccessibilityNodeInfo@b524; boundsInParent: Rect(0, 0 - 720, 128); boundsInScreen: Rect(0, 1222 - 720, 1350); packageName: com.android.systemui; className: android.widget.FrameLayout; text: null; contentDescription: null; viewIdResName: com.android.systemui:id/content; checkable: false; checked: false; focusable: true; focused: false; selected: false; clickable: true; longClickable: false; enabled: true; password: false; scrollable: false; [ACTION_FOCUS, ACTION_SELECT, ACTION_CLEAR_SELECTION, ACTION_CLICK, ACTION_ACCESSIBILITY_FOCUS]
07-11 10:24:55.437 I/AccessibilityNodeInfoDumper( 4469): Skipping invisible child: android.view.accessibility.AccessibilityNodeInfo@b8e5; boundsInParent: Rect(0, 0 - 720, 128); boundsInScreen: Rect(0, 1362 - 720, 1490); packageName: com.android.systemui; className: android.widget.FrameLayout; text: null; contentDescription: null; viewIdResName: com.android.systemui:id/content; checkable: false; checked: false; focusable: true; focused: false; selected: false; clickable: true; longClickable: false; enabled: true; password: false; scrollable: false; [ACTION_FOCUS, ACTION_SELECT, ACTION_CLEAR_SELECTION, ACTION_CLICK, ACTION_ACCESSIBILITY_FOCUS]
07-11 10:24:55.445 I/AccessibilityNodeInfoDumper( 4469): Skipping invisible child: android.view.accessibility.AccessibilityNodeInfo@bca6; boundsInParent: Rect(0, 0 - 720, 128); boundsInScreen: Rect(0, 1502 - 720, 1630); packageName: com.android.systemui; className: android.widget.FrameLayout; text: null; contentDescription: null; viewIdResName: com.android.systemui:id/content; checkable: false; checked: false; focusable: true; focused: false; selected: false; clickable: true; longClickable: false; enabled: true; password: false; scrollable: false; [ACTION_FOCUS, ACTION_SELECT, ACTION_CLEAR_SELECTION, ACTION_CLICK, ACTION_ACCESSIBILITY_FOCUS]
07-11 10:24:55.445 I/AccessibilityNodeInfoDumper( 4469): Skipping invisible child: android.view.accessibility.AccessibilityNodeInfo@8457; boundsInParent: Rect(0, 0 - 720, 48); boundsInScreen: Rect(0, 1064 - 720, 1112); packageName: com.android.systemui; className: android.widget.TextView; text: CHN-CUGSM; contentDescription: null; viewIdResName: com.android.systemui:id/carrier_label; checkable: false; checked: false; focusable: false; focused: false; selected: false; clickable: false; longClickable: false; enabled: true; password: false; scrollable: false; [ACTION_SELECT, ACTION_CLEAR_SELECTION, ACTION_ACCESSIBILITY_FOCUS, ACTION_NEXT_AT_MOVEMENT_GRANULARITY, ACTION_PREVIOUS_AT_MOVEMENT_GRANULARITY, ACTION_SET_SELECTION]
07-11 10:24:55.484 W/AccessibilityNodeInfoDumper( 4469): Fetch time: 430ms
07-11 10:24:55.492 D/AndroidRuntime( 4469): Shutting down VM
07-11 10:24:55.492 D/dalvikvm( 4469): GC_CONCURRENT freed 641K, 53% free 578K/1224K, paused 1ms+0ms, total 6ms
07-11 10:24:55.586 I/ActivityManager(  374): Process com.noshufou.android.su (pid 4023) has died.
07-11 10:25:12.344 D/LightsService(  374): Excessive delay setting light: 67ms
07-11 10:25:18.195 I/PowerManagerService(  374): Going to sleep due to screen timeout...
07-11 10:25:19.070 D/SurfaceFlinger(  124): Screen released, type=0 flinger=0x400b4008
07-11 10:25:19.164 D/dalvikvm(  374): GC_FOR_ALLOC freed 2652K, 28% free 22174K/30452K, paused 98ms, total 98ms
07-11 10:25:19.265 D/dalvikvm(  374): GC_FOR_ALLOC freed 771K, 28% free 22146K/30452K, paused 90ms, total 91ms
07-11 10:25:19.273 D/MdmApplication( 3259): [null:-1]->onActivityPaused market.activity.AppListActivity , mActivityCount = 1
07-11 10:25:19.273 D/MDM :   ( 3259): [null:-1]->query
07-11 10:25:19.273 D/MDM :   ( 3259): [null:-1]->QUERY_PINCODE_CHECK_RESULT
07-11 10:25:19.273 E/Mdm     ( 3259): Call Mdm service's setLastExitTime function
07-11 10:25:19.359 D/NfcService(  592): NFC-C OFF, disconnect
07-11 10:25:19.383 W/InputMethodManagerService(  374): Window already focused, ignoring focus gain of: com.android.internal.view.IInputMethodClient$Stub$Proxy@42756f68 attribute=android.view.inputmethod.EditorInfo@42cf5670, token = android.os.BinderProxy@42cdb438
07-11 10:25:19.531 D/MDM :   ( 3259): [null:-1]->query
07-11 10:25:19.531 D/MDM :   ( 3259): [null:-1]->QUERY_SETTING_PIN_ONOFF
07-11 10:25:24.148 V/KeyguardHostView(  374): hide transport, gen:77
07-11 10:25:24.148 V/KeyguardHostView(  374): music state changed: 0
07-11 10:25:24.172 D/PhoneStatusBar(  450): disable: < expand icons alerts ticker system_info back home RECENT* clock search >
07-11 10:25:24.203 V/TAG     (  374): bug 7643792: fitSystemWindows([0,50][0,0])
07-11 10:25:24.281 D/dalvikvm( 1165): GC_FOR_ALLOC freed 765K, 10% free 9208K/10128K, paused 25ms, total 25ms
07-11 10:25:24.344 D/PhoneStatusBar(  450): disable: < expand icons alerts ticker system_info BACK* HOME* RECENT CLOCK* search >
07-11 10:25:32.844 D/dalvikvm( 1736): GC_CONCURRENT freed 562K, 23% free 9356K/12000K, paused 6ms+3ms, total 41ms
07-11 10:25:45.461 I/ActivityManager(  374): No longer want com.google.android.music:main (pid 31666): empty for 1802s
07-11 10:25:45.476 W/ActivityManager(  374): Scheduling restart of crashed service com.google.android.music/.playback.MusicPlaybackService in 5000ms
07-11 10:25:49.875 W/MountService(  374): getVolumeState(/storage/emulated/0/external_sd): Unknown volume
07-11 10:25:49.883 W/MountService(  374): getVolumeState(/mnt/sdcard-ext): Unknown volume
07-11 10:25:49.883 W/MountService(  374): getVolumeState(/mnt/ext_sdcard): Unknown volume
07-11 10:25:49.883 W/MountService(  374): getVolumeState(/mnt/sdcard2): Unknown volume
07-11 10:25:49.890 W/MountService(  374): getVolumeState(/mnt/emmc): Unknown volume
07-11 10:25:49.890 W/MountService(  374): getVolumeState(/mnt/extSdCard): Unknown volume
07-11 10:25:49.890 W/MountService(  374): getVolumeState(/mnt/sdcard/SD_CARD): Unknown volume
07-11 10:25:49.890 W/MountService(  374): getVolumeState(/mnt/sdcard/extra_sd): Unknown volume
07-11 10:25:49.890 W/MountService(  374): getVolumeState(/mnt/extrasd_bind): Unknown volume
07-11 10:25:49.890 W/MountService(  374): getVolumeState(/mnt/sdcard/ext_sd): Unknown volume
07-11 10:25:49.890 W/MountService(  374): getVolumeState(/storage/extSdCard): Unknown volume
07-11 10:25:49.898 W/MountService(  374): getVolumeState(/storage/sdcard1): Unknown volume
07-11 10:25:49.898 W/MountService(  374): getVolumeState(/mnt/sdcard/external_SD): Unknown volume
07-11 10:25:49.898 W/MountService(  374): getVolumeState(/mnt/sdcard/external_sd): Unknown volume
07-11 10:25:49.992 D/dalvikvm( 1736): GC_CONCURRENT freed 316K, 21% free 9530K/12000K, paused 3ms+4ms, total 48ms
07-11 10:25:50.109 W/MountService(  374): getVolumeState(/storage/emulated/0/external_sd): Unknown volume
07-11 10:25:50.109 W/MountService(  374): getVolumeState(/mnt/sdcard-ext): Unknown volume
07-11 10:25:50.109 W/MountService(  374): getVolumeState(/mnt/ext_sdcard): Unknown volume
07-11 10:25:50.109 W/MountService(  374): getVolumeState(/mnt/sdcard2): Unknown volume
07-11 10:25:50.109 W/MountService(  374): getVolumeState(/mnt/emmc): Unknown volume
07-11 10:25:50.117 W/MountService(  374): getVolumeState(/mnt/extSdCard): Unknown volume
07-11 10:25:50.117 W/MountService(  374): getVolumeState(/mnt/sdcard/SD_CARD): Unknown volume
07-11 10:25:50.117 W/MountService(  374): getVolumeState(/mnt/sdcard/extra_sd): Unknown volume
07-11 10:25:50.117 W/MountService(  374): getVolumeState(/mnt/extrasd_bind): Unknown volume
07-11 10:25:50.117 W/MountService(  374): getVolumeState(/mnt/sdcard/ext_sd): Unknown volume
07-11 10:25:50.117 W/MountService(  374): getVolumeState(/storage/extSdCard): Unknown volume
07-11 10:25:50.117 W/MountService(  374): getVolumeState(/storage/sdcard1): Unknown volume
07-11 10:25:50.117 W/MountService(  374): getVolumeState(/mnt/sdcard/external_SD): Unknown volume
07-11 10:25:50.117 W/MountService(  374): getVolumeState(/mnt/sdcard/external_sd): Unknown volume
07-11 10:25:50.148 D/dalvikvm( 1736): GC_CONCURRENT freed 580K, 22% free 9398K/12000K, paused 3ms+2ms, total 27ms
07-11 10:25:50.500 I/ActivityManager(  374): Start proc com.google.android.music:main for service com.google.android.music/.playback.MusicPlaybackService: pid=4493 uid=10041 gids={50041, 3003, 1015, 1028}
07-11 10:25:50.711 I/MusicStore( 4493): Database version: 69
07-11 10:25:50.781 D/dalvikvm( 4493): GC_CONCURRENT freed 286K, 4% free 9144K/9464K, paused 4ms+3ms, total 32ms
07-11 10:25:50.890 D/SystemUtils( 4493): getSystemProperty: lpa.decode=null
07-11 10:25:50.906 D/CacheService( 4493): onCreate
07-11 10:25:50.914 D/CacheService( 4493): onBind
07-11 10:25:50.929 I/LocalDevicePlayback( 4493): Streaming client created.
07-11 10:25:51.922 D/dalvikvm(30923): GC_CONCURRENT freed 487K, 16% free 9537K/11288K, paused 9ms+3ms, total 50ms
07-11 10:25:51.969 D/dalvikvm( 4493): GC_CONCURRENT freed 261K, 4% free 9364K/9664K, paused 5ms+2ms, total 30ms
07-11 10:25:52.000 I/MediaStoreImporter( 4493): Update: incremental Added music: 0 Updated music: 0 Deleted music: 0 Created playlists: 0 Updated playlists: 0 Deleted playlists: 0 Inserted playlist items: 0 Deleted playlist items: 0 Removed orphaned playlist items: 0
07-11 10:25:55.883 I/MusicLeanback( 4493): Conditions not met for autocaching.
07-11 10:25:55.883 I/MusicLeanback( 4493): Stop autocaching.
07-11 10:25:57.679 D/dalvikvm( 1852): GC_CONCURRENT freed 389K, 5% free 9953K/10444K, paused 4ms+2ms, total 43ms
07-11 10:26:04.289 D/dalvikvm(30972): GC_CONCURRENT freed 383K, 8% free 9640K/10424K, paused 16ms+2ms, total 52ms
07-11 10:26:12.203 W/dalvikvm( 1736): Unable to resolve superclass of Lcom/qihoo/appstore/clear/g; (44)
07-11 10:26:12.203 W/dalvikvm( 1736): Link of class 'Lcom/qihoo/appstore/clear/g;' failed
07-11 10:26:12.203 E/dalvikvm( 1736): Could not find class 'com.qihoo.appstore.clear.g', referenced from method com.qihoo.appstore.clear.d.a
07-11 10:26:12.203 W/dalvikvm( 1736): VFY: unable to resolve new-instance 1669 (Lcom/qihoo/appstore/clear/g;) in Lcom/qihoo/appstore/clear/d;
07-11 10:26:12.203 D/dalvikvm( 1736): VFY: replacing opcode 0x22 at 0x0011
07-11 10:26:12.203 I/dalvikvm( 1736): Could not find method android.app.IActivityManager.unregisterActivityWatcher, referenced from method com.qihoo.appstore.clear.d.b
07-11 10:26:12.203 W/dalvikvm( 1736): VFY: unable to resolve interface method 210: Landroid/app/IActivityManager;.unregisterActivityWatcher (Landroid/app/IActivityWatcher;)V
07-11 10:26:12.203 D/dalvikvm( 1736): VFY: replacing opcode 0x72 at 0x0011
07-11 10:26:12.203 W/dalvikvm( 1736): Unable to resolve superclass of Lcom/qihoo/appstore/clear/g; (44)
07-11 10:26:12.203 W/dalvikvm( 1736): Link of class 'Lcom/qihoo/appstore/clear/g;' failed
07-11 10:26:12.203 D/dalvikvm( 1736): DexOpt: unable to opt direct call 0x242a at 0x14 in Lcom/qihoo/appstore/clear/d;.a
07-11 10:26:12.265 D/dalvikvm( 1736): GC_CONCURRENT freed 417K, 22% free 9457K/12000K, paused 3ms+4ms, total 30ms
07-11 10:26:12.875 D/dalvikvm( 1736): GC_CONCURRENT freed 381K, 22% free 9475K/12000K, paused 4ms+2ms, total 41ms
07-11 10:26:46.828 D/JOBS    ( 3555): Thread-2584: load factor check. true = (0 < 1)|| (0 * 3 < 0 + 0). consumer thread: true
07-11 10:26:46.828 D/JOBS    ( 3555): didn't allow me to die, re-running Thread-2584
07-11 10:26:46.828 D/JOBS    ( 3555): re-running consumer Thread-2584
07-11 10:26:50.094 W/MountService(  374): getVolumeState(/storage/emulated/0/external_sd): Unknown volume
07-11 10:26:50.094 W/MountService(  374): getVolumeState(/mnt/sdcard-ext): Unknown volume
07-11 10:26:50.094 W/MountService(  374): getVolumeState(/mnt/ext_sdcard): Unknown volume
07-11 10:26:50.094 W/MountService(  374): getVolumeState(/mnt/sdcard2): Unknown volume
07-11 10:26:50.094 W/MountService(  374): getVolumeState(/mnt/emmc): Unknown volume
07-11 10:26:50.101 W/MountService(  374): getVolumeState(/mnt/extSdCard): Unknown volume
07-11 10:26:50.101 W/MountService(  374): getVolumeState(/mnt/sdcard/SD_CARD): Unknown volume
07-11 10:26:50.101 W/MountService(  374): getVolumeState(/mnt/sdcard/extra_sd): Unknown volume
07-11 10:26:50.101 W/MountService(  374): getVolumeState(/mnt/extrasd_bind): Unknown volume
07-11 10:26:50.101 W/MountService(  374): getVolumeState(/mnt/sdcard/ext_sd): Unknown volume
07-11 10:26:50.101 W/MountService(  374): getVolumeState(/storage/extSdCard): Unknown volume
07-11 10:26:50.101 W/MountService(  374): getVolumeState(/storage/sdcard1): Unknown volume
07-11 10:26:50.101 W/MountService(  374): getVolumeState(/mnt/sdcard/external_SD): Unknown volume
07-11 10:26:50.101 W/MountService(  374): getVolumeState(/mnt/sdcard/external_sd): Unknown volume
07-11 10:26:50.179 D/dalvikvm( 1736): GC_CONCURRENT freed 345K, 20% free 9641K/12000K, paused 4ms+3ms, total 27ms
07-11 10:26:50.187 D/dalvikvm( 1736): WAIT_FOR_CONCURRENT_GC blocked 12ms
07-11 10:26:50.320 D/dalvikvm( 2427): GC_CONCURRENT freed 361K, 7% free 9727K/10396K, paused 3ms+12ms, total 46ms
07-11 10:26:50.336 W/MountService(  374): getVolumeState(/storage/emulated/0/external_sd): Unknown volume
07-11 10:26:50.344 W/MountService(  374): getVolumeState(/mnt/sdcard-ext): Unknown volume
07-11 10:26:50.344 W/MountService(  374): getVolumeState(/mnt/ext_sdcard): Unknown volume
07-11 10:26:50.344 W/MountService(  374): getVolumeState(/mnt/sdcard2): Unknown volume
07-11 10:26:50.344 W/MountService(  374): getVolumeState(/mnt/emmc): Unknown volume
07-11 10:26:50.344 W/MountService(  374): getVolumeState(/mnt/extSdCard): Unknown volume
07-11 10:26:50.344 W/MountService(  374): getVolumeState(/mnt/sdcard/SD_CARD): Unknown volume
07-11 10:26:50.344 W/MountService(  374): getVolumeState(/mnt/sdcard/extra_sd): Unknown volume
07-11 10:26:50.344 W/MountService(  374): getVolumeState(/mnt/extrasd_bind): Unknown volume
07-11 10:26:50.344 W/MountService(  374): getVolumeState(/mnt/sdcard/ext_sd): Unknown volume
07-11 10:26:50.351 W/MountService(  374): getVolumeState(/storage/extSdCard): Unknown volume
07-11 10:26:50.351 W/MountService(  374): getVolumeState(/storage/sdcard1): Unknown volume
07-11 10:26:50.351 W/MountService(  374): getVolumeState(/mnt/sdcard/external_SD): Unknown volume
07-11 10:26:50.351 W/MountService(  374): getVolumeState(/mnt/sdcard/external_sd): Unknown volume
07-11 10:26:50.383 D/dalvikvm( 1736): GC_CONCURRENT freed 582K, 21% free 9549K/12000K, paused 4ms+6ms, total 31ms
07-11 10:27:20.992 D/dalvikvm(  374): GC_EXPLICIT freed 1787K, 26% free 22677K/30452K, paused 7ms+13ms, total 126ms
