07-11 10:27:21.000 W/System.err( 1063): java.io.FileNotFoundException: /data/data/com.mgyapp.android/files/.cfpaps.i: open failed: ENOENT (No such file or directory)
07-11 10:27:21.000 W/System.err( 1063): 	at libcore.io.IoBridge.open(IoBridge.java:409)
07-11 10:27:21.000 W/System.err( 1063): 	at java.io.FileInputStream.<init>(FileInputStream.java:78)
07-11 10:27:21.000 W/System.err( 1063): 	at android.app.ContextImpl.openFileInput(ContextImpl.java:702)
07-11 10:27:21.000 W/System.err( 1063): 	at android.content.ContextWrapper.openFileInput(ContextWrapper.java:173)
07-11 10:27:21.000 W/System.err( 1063): 	at com.mgyun.shua.jc.service.f.run(Unknown Source)
07-11 10:27:21.000 W/System.err( 1063): 	at com.mgyun.shua.jc.service.CpWorkServer.onHandleIntent(Unknown Source)
07-11 10:27:21.000 W/System.err( 1063): 	at android.app.IntentService$ServiceHandler.handleMessage(IntentService.java:65)
07-11 10:27:21.000 W/System.err( 1063): 	at android.os.Handler.dispatchMessage(Handler.java:99)
07-11 10:27:21.000 W/System.err( 1063): 	at android.os.Looper.loop(Looper.java:137)
07-11 10:27:21.000 W/System.err( 1063): 	at android.os.HandlerThread.run(HandlerThread.java:61)
07-11 10:27:21.000 W/System.err( 1063): Caused by: libcore.io.ErrnoException: open failed: ENOENT (No such file or directory)
07-11 10:27:21.000 W/System.err( 1063): 	at libcore.io.Posix.open(Native Method)
07-11 10:27:21.000 W/System.err( 1063): 	at libcore.io.BlockGuardOs.open(BlockGuardOs.java:110)
07-11 10:27:21.000 W/System.err( 1063): 	at libcore.io.IoBridge.open(IoBridge.java:393)
07-11 10:27:21.000 W/System.err( 1063): 	... 9 more
07-11 10:27:27.195 D/MdmService( 3259): [null:-1]->receiver action :com.pekall.mdm.action.MDM_ALARM
07-11 10:27:27.203 D/MdmService( 3259): [null:-1]->keepAliveWithPushServer client is opened:true
07-11 10:27:27.203 D/MDM :   ( 3259): [null:-1]->ping!!!!!!!!!
07-11 10:27:27.203 D/MdmService( 3259): [null:-1]->pushUrl : ws://192.168.10.91:9070/websocket
07-11 10:27:27.211 D/MDM :   ( 3259): [null:-1]->mMdmPushClient is :not null
07-11 10:27:27.211 D/MDM :   ( 3259): [null:-1]->mMdmPushClient opened : opened
07-11 10:27:27.211 D/MDM :   ( 3259): [null:-1]->MSG_WEBSOCKET_PONG
07-11 10:27:30.875 W/System.err( 1063): java.io.FileNotFoundException: /data/data/com.mgyapp.android/files/.cfp.i: open failed: ENOENT (No such file or directory)
07-11 10:27:30.875 W/System.err( 1063): 	at libcore.io.IoBridge.open(IoBridge.java:409)
07-11 10:27:30.875 W/System.err( 1063): 	at java.io.FileInputStream.<init>(FileInputStream.java:78)
07-11 10:27:30.875 W/System.err( 1063): 	at android.app.ContextImpl.openFileInput(ContextImpl.java:702)
07-11 10:27:30.875 W/System.err( 1063): 	at android.content.ContextWrapper.openFileInput(ContextWrapper.java:173)
07-11 10:27:30.875 W/System.err( 1063): 	at com.mgyun.shua.jc.c.b(Unknown Source)
07-11 10:27:30.875 W/System.err( 1063): 	at com.mgyun.shua.jc.d.a(Unknown Source)
07-11 10:27:30.875 W/System.err( 1063): 	at com.mgyun.shua.jc.service.CpWorkServer.onHandleIntent(Unknown Source)
07-11 10:27:30.875 W/System.err( 1063): 	at android.app.IntentService$ServiceHandler.handleMessage(IntentService.java:65)
07-11 10:27:30.875 W/System.err( 1063): 	at android.os.Handler.dispatchMessage(Handler.java:99)
07-11 10:27:30.875 W/System.err( 1063): 	at android.os.Looper.loop(Looper.java:137)
07-11 10:27:30.875 W/System.err( 1063): 	at android.os.HandlerThread.run(HandlerThread.java:61)
07-11 10:27:30.875 W/System.err( 1063): Caused by: libcore.io.ErrnoException: open failed: ENOENT (No such file or directory)
07-11 10:27:30.890 W/System.err( 1063): 	at libcore.io.Posix.open(Native Method)
07-11 10:27:30.890 W/System.err( 1063): 	at libcore.io.BlockGuardOs.open(BlockGuardOs.java:110)
07-11 10:27:30.890 W/System.err( 1063): 	at libcore.io.IoBridge.open(IoBridge.java:393)
07-11 10:27:30.890 W/System.err( 1063): 	... 10 more
07-11 10:27:30.906 D/dalvikvm( 1063): GC_CONCURRENT freed 516K, 15% free 9227K/10796K, paused 3ms+3ms, total 30ms
07-11 10:27:41.101 D/PushService( 3555): [null:-1]->receiver action :com.pekall.mdm.action.PUSH_ALARM
07-11 10:27:41.101 D/PushService( 3555): [null:-1]->keepAliveWithPushServer client is opened:true
07-11 10:27:41.101 D/PushLib : ( 3555): [null:-1]->ping!!!!!!!!!
07-11 10:27:41.109 D/PushLib : ( 3555): [null:-1]->pushClient is :not null
07-11 10:27:41.109 D/PushLib : ( 3555): [null:-1]->pushClient opened : opened
07-11 10:27:47.039 D/PushLib : ( 3555): [null:-1]->MSG_WEBSOCKET_PONG
07-11 10:27:50.281 I/dalvikvm( 1736): Jit: resizing JitTable from 4096 to 8192
07-11 10:27:50.312 W/MountService(  374): getVolumeState(/storage/emulated/0/external_sd): Unknown volume
07-11 10:27:50.312 W/MountService(  374): getVolumeState(/mnt/sdcard-ext): Unknown volume
07-11 10:27:50.312 W/MountService(  374): getVolumeState(/mnt/ext_sdcard): Unknown volume
07-11 10:27:50.312 W/MountService(  374): getVolumeState(/mnt/sdcard2): Unknown volume
07-11 10:27:50.312 W/MountService(  374): getVolumeState(/mnt/emmc): Unknown volume
07-11 10:27:50.312 W/MountService(  374): getVolumeState(/mnt/extSdCard): Unknown volume
07-11 10:27:50.312 W/MountService(  374): getVolumeState(/mnt/sdcard/SD_CARD): Unknown volume
07-11 10:27:50.312 W/MountService(  374): getVolumeState(/mnt/sdcard/extra_sd): Unknown volume
07-11 10:27:50.312 W/MountService(  374): getVolumeState(/mnt/extrasd_bind): Unknown volume
07-11 10:27:50.312 W/MountService(  374): getVolumeState(/mnt/sdcard/ext_sd): Unknown volume
07-11 10:27:50.320 W/MountService(  374): getVolumeState(/storage/extSdCard): Unknown volume
07-11 10:27:50.320 W/MountService(  374): getVolumeState(/storage/sdcard1): Unknown volume
07-11 10:27:50.320 W/MountService(  374): getVolumeState(/mnt/sdcard/external_SD): Unknown volume
07-11 10:27:50.328 W/MountService(  374): getVolumeState(/mnt/sdcard/external_sd): Unknown volume
07-11 10:27:50.336 D/dalvikvm( 1736): GC_CONCURRENT freed 520K, 21% free 9532K/12000K, paused 3ms+3ms, total 31ms
07-11 10:27:50.531 W/MountService(  374): getVolumeState(/storage/emulated/0/external_sd): Unknown volume
07-11 10:27:50.531 W/MountService(  374): getVolumeState(/mnt/sdcard-ext): Unknown volume
07-11 10:27:50.531 W/MountService(  374): getVolumeState(/mnt/ext_sdcard): Unknown volume
07-11 10:27:50.539 W/MountService(  374): getVolumeState(/mnt/sdcard2): Unknown volume
07-11 10:27:50.539 W/MountService(  374): getVolumeState(/mnt/emmc): Unknown volume
07-11 10:27:50.539 W/MountService(  374): getVolumeState(/mnt/extSdCard): Unknown volume
07-11 10:27:50.547 D/dalvikvm( 1736): GC_CONCURRENT freed 513K, 21% free 9531K/12000K, paused 3ms+3ms, total 41ms
07-11 10:27:50.547 D/dalvikvm( 1736): WAIT_FOR_CONCURRENT_GC blocked 7ms
07-11 10:27:50.547 D/dalvikvm( 1736): WAIT_FOR_CONCURRENT_GC blocked 14ms
07-11 10:27:50.547 W/MountService(  374): getVolumeState(/mnt/sdcard/SD_CARD): Unknown volume
07-11 10:27:50.547 W/MountService(  374): getVolumeState(/mnt/sdcard/extra_sd): Unknown volume
07-11 10:27:50.547 W/MountService(  374): getVolumeState(/mnt/extrasd_bind): Unknown volume
07-11 10:27:50.547 W/MountService(  374): getVolumeState(/mnt/sdcard/ext_sd): Unknown volume
07-11 10:27:50.547 W/MountService(  374): getVolumeState(/storage/extSdCard): Unknown volume
07-11 10:27:50.547 W/MountService(  374): getVolumeState(/storage/sdcard1): Unknown volume
07-11 10:27:50.547 W/MountService(  374): getVolumeState(/mnt/sdcard/external_SD): Unknown volume
07-11 10:27:50.554 W/MountService(  374): getVolumeState(/mnt/sdcard/external_sd): Unknown volume
07-11 10:27:56.226 D/dalvikvm(30779): GC_FOR_ALLOC freed 357K, 7% free 9754K/10400K, paused 28ms, total 28ms
07-11 10:28:37.008 D/dalvikvm( 1736): GC_CONCURRENT freed 439K, 22% free 9476K/12000K, paused 6ms+3ms, total 34ms
07-11 10:28:46.836 D/JOBS    ( 3555): Thread-2584: load factor check. true = (0 < 1)|| (0 * 3 < 0 + 0). consumer thread: true
07-11 10:28:46.836 D/JOBS    ( 3555): didn't allow me to die, re-running Thread-2584
07-11 10:28:46.836 D/JOBS    ( 3555): re-running consumer Thread-2584
07-11 10:28:47.633 D/dalvikvm( 1204): GC_CONCURRENT freed 340K, 7% free 9104K/9720K, paused 4ms+3ms, total 32ms
07-11 10:28:50.406 W/MountService(  374): getVolumeState(/storage/emulated/0/external_sd): Unknown volume
07-11 10:28:50.406 W/MountService(  374): getVolumeState(/mnt/sdcard-ext): Unknown volume
07-11 10:28:50.406 W/MountService(  374): getVolumeState(/mnt/ext_sdcard): Unknown volume
07-11 10:28:50.406 W/MountService(  374): getVolumeState(/mnt/sdcard2): Unknown volume
07-11 10:28:50.406 W/MountService(  374): getVolumeState(/mnt/emmc): Unknown volume
07-11 10:28:50.414 W/MountService(  374): getVolumeState(/mnt/extSdCard): Unknown volume
07-11 10:28:50.414 W/MountService(  374): getVolumeState(/mnt/sdcard/SD_CARD): Unknown volume
07-11 10:28:50.414 W/MountService(  374): getVolumeState(/mnt/sdcard/extra_sd): Unknown volume
07-11 10:28:50.414 W/MountService(  374): getVolumeState(/mnt/extrasd_bind): Unknown volume
07-11 10:28:50.414 W/MountService(  374): getVolumeState(/mnt/sdcard/ext_sd): Unknown volume
07-11 10:28:50.414 W/MountService(  374): getVolumeState(/storage/extSdCard): Unknown volume
07-11 10:28:50.414 W/MountService(  374): getVolumeState(/storage/sdcard1): Unknown volume
07-11 10:28:50.414 W/MountService(  374): getVolumeState(/mnt/sdcard/external_SD): Unknown volume
07-11 10:28:50.414 W/MountService(  374): getVolumeState(/mnt/sdcard/external_sd): Unknown volume
07-11 10:28:50.508 D/dalvikvm( 1736): GC_CONCURRENT freed 286K, 20% free 9647K/12000K, paused 3ms+3ms, total 29ms
07-11 10:28:50.633 W/MountService(  374): getVolumeState(/storage/emulated/0/external_sd): Unknown volume
07-11 10:28:50.633 W/MountService(  374): getVolumeState(/mnt/sdcard-ext): Unknown volume
07-11 10:28:50.633 W/MountService(  374): getVolumeState(/mnt/ext_sdcard): Unknown volume
07-11 10:28:50.633 W/MountService(  374): getVolumeState(/mnt/sdcard2): Unknown volume
07-11 10:28:50.633 W/MountService(  374): getVolumeState(/mnt/emmc): Unknown volume
07-11 10:28:50.640 W/MountService(  374): getVolumeState(/mnt/extSdCard): Unknown volume
07-11 10:28:50.640 W/MountService(  374): getVolumeState(/mnt/sdcard/SD_CARD): Unknown volume
07-11 10:28:50.640 W/MountService(  374): getVolumeState(/mnt/sdcard/extra_sd): Unknown volume
07-11 10:28:50.640 W/MountService(  374): getVolumeState(/mnt/extrasd_bind): Unknown volume
07-11 10:28:50.640 W/MountService(  374): getVolumeState(/mnt/sdcard/ext_sd): Unknown volume
07-11 10:28:50.640 W/MountService(  374): getVolumeState(/storage/extSdCard): Unknown volume
07-11 10:28:50.640 W/MountService(  374): getVolumeState(/storage/sdcard1): Unknown volume
07-11 10:28:50.640 W/MountService(  374): getVolumeState(/mnt/sdcard/external_SD): Unknown volume
07-11 10:28:50.640 W/MountService(  374): getVolumeState(/mnt/sdcard/external_sd): Unknown volume
07-11 10:28:50.679 D/dalvikvm( 1736): GC_CONCURRENT freed 578K, 21% free 9524K/12000K, paused 3ms+4ms, total 30ms
07-11 10:29:11.031 I/PowerManagerService(  374): Waking up from sleep...
07-11 10:29:11.070 I/WindowManager(  374): Lock screen displayed!
07-11 10:29:11.383 D/PowerManagerService-JNI(  374): Excessive delay in autosuspend_disable() while turning screen on: 350ms
07-11 10:29:11.390 D/dalvikvm(  833): GC_CONCURRENT freed 1380K, 18% free 12848K/15584K, paused 3ms+6ms, total 96ms
07-11 10:29:11.390 D/dalvikvm(  833): WAIT_FOR_CONCURRENT_GC blocked 68ms
07-11 10:29:11.406 D/SurfaceFlinger(  124): Screen acquired, type=0 flinger=0x400b4008
07-11 10:29:11.539 V/DigitalWidgetViewsFactory( 4289): DigitalWidget sets next alarm string to null
07-11 10:29:11.734 D/LightsService(  374): Excessive delay setting light: 159ms
07-11 10:29:11.758 D/AndroidRuntime( 4559): 
07-11 10:29:11.758 D/AndroidRuntime( 4559): >>>>>> AndroidRuntime START com.android.internal.os.RuntimeInit <<<<<<
07-11 10:29:11.758 D/AndroidRuntime( 4559): CheckJNI is OFF
07-11 10:29:11.773 D/dalvikvm( 4559): Trying to load lib libjavacore.so 0x0
07-11 10:29:11.773 D/dalvikvm( 4559): Added shared lib libjavacore.so 0x0
07-11 10:29:11.789 D/dalvikvm( 4559): Trying to load lib libnativehelper.so 0x0
07-11 10:29:11.789 D/dalvikvm( 4559): Added shared lib libnativehelper.so 0x0
07-11 10:29:11.945 D/AndroidRuntime( 4559): Calling main entry com.qihoo360.powerctl.root.app.App
07-11 10:29:11.953 D/AndroidRuntime( 4559): Shutting down VM
07-11 10:29:11.953 I/AndroidRuntime( 4559): NOTE: attach of thread 'Binder_1' failed
07-11 10:29:11.953 D/dalvikvm( 4559): GC_CONCURRENT freed 114K, 22% free 467K/592K, paused 0ms+0ms, total 3ms
07-11 10:29:13.359 W/GlowPadView(  374): The number of target drawables must be equal to the number of direction descriptions.
07-11 10:29:13.594 D/MdmApplication( 3259): [null:-1]->onActivityStarted market.activity.AppListActivity , mActivityCount = 0
07-11 10:29:13.594 E/Mdm     ( 3259): Call Mdm service's setLastExitTime function
07-11 10:29:13.594 D/MDM :   ( 3259): [null:-1]->query
07-11 10:29:13.594 D/MDM :   ( 3259): [null:-1]->QUERY_SETTING_PIN_TIMEOUT
07-11 10:29:13.594 D/MDM :   ( 3259): [null:-1]->query
07-11 10:29:13.594 D/MDM :   ( 3259): [null:-1]->QUERY_SETTING_PIN_CODE
07-11 10:29:13.594 D/MDM :   ( 3259): [null:-1]->query
07-11 10:29:13.594 D/MDM :   ( 3259): [null:-1]->QUERY_PINCODE_CHECK_RESULT
07-11 10:29:13.601 D/mdm_log ( 3259): [null:-1]->has installed com.moji.mjweather
07-11 10:29:13.609 D/PhoneStatusBar(  450): disable: < expand icons alerts ticker system_info BACK HOME recent* CLOCK search >
07-11 10:29:13.711 D/NfcService(  592): NFC-C ON
07-11 10:29:13.711 D/PhoneStatusBar(  450): disable: < expand icons alerts ticker system_info back* home* recent clock* search >
07-11 10:29:13.719 W/InputMethodManagerService(  374): Window already focused, ignoring focus gain of: com.android.internal.view.IInputMethodClient$Stub$Proxy@4256e468 attribute=null, token = android.os.BinderProxy@42cdb438
07-11 10:29:13.773 W/System.err( 3259): javax.net.ssl.SSLHandshakeException: java.security.cert.CertPathValidatorException: Trust anchor for certification path not found.
07-11 10:29:13.773 W/System.err( 3259): 	at org.apache.harmony.xnet.provider.jsse.OpenSSLSocketImpl.startHandshake(OpenSSLSocketImpl.java:401)
07-11 10:29:13.773 W/System.err( 3259): 	at libcore.net.http.HttpConnection.setupSecureSocket(HttpConnection.java:209)
07-11 10:29:13.773 W/System.err( 3259): 	at libcore.net.http.HttpsURLConnectionImpl$HttpsEngine.makeSslConnection(HttpsURLConnectionImpl.java:478)
07-11 10:29:13.773 W/System.err( 3259): 	at libcore.net.http.HttpsURLConnectionImpl$HttpsEngine.connect(HttpsURLConnectionImpl.java:433)
07-11 10:29:13.773 W/System.err( 3259): 	at libcore.net.http.HttpEngine.sendSocketRequest(HttpEngine.java:290)
07-11 10:29:13.773 W/System.err( 3259): 	at libcore.net.http.HttpEngine.sendRequest(HttpEngine.java:240)
07-11 10:29:13.773 W/System.err( 3259): 	at libcore.net.http.HttpURLConnectionImpl.connect(HttpURLConnectionImpl.java:81)
07-11 10:29:13.773 W/System.err( 3259): 	at java.net.URLConnection.getContent(URLConnection.java:190)
07-11 10:29:13.773 W/System.err( 3259): 	at libcore.net.http.HttpsURLConnectionImpl.getContent(HttpsURLConnectionImpl.java:175)
07-11 10:29:13.773 W/System.err( 3259): 	at java.net.URL.getContent(URL.java:447)
07-11 10:29:13.773 W/System.err( 3259): 	at com.pekall.emdm.market.a.a.a(Unknown Source)
07-11 10:29:13.773 W/System.err( 3259): 	at com.pekall.emdm.market.a.c.run(Unknown Source)
07-11 10:29:13.773 W/System.err( 3259): Caused by: java.security.cert.CertificateException: java.security.cert.CertPathValidatorException: Trust anchor for certification path not found.
07-11 10:29:13.781 W/System.err( 3259): 	at org.apache.harmony.xnet.provider.jsse.TrustManagerImpl.checkTrusted(TrustManagerImpl.java:282)
07-11 10:29:13.781 W/System.err( 3259): 	at org.apache.harmony.xnet.provider.jsse.TrustManagerImpl.checkServerTrusted(TrustManagerImpl.java:202)
07-11 10:29:13.781 W/System.err( 3259): 	at org.apache.harmony.xnet.provider.jsse.OpenSSLSocketImpl.verifyCertificateChain(OpenSSLSocketImpl.java:595)
07-11 10:29:13.781 W/System.err( 3259): 	at org.apache.harmony.xnet.provider.jsse.NativeCrypto.SSL_do_handshake(Native Method)
07-11 10:29:13.781 W/System.err( 3259): 	at org.apache.harmony.xnet.provider.jsse.OpenSSLSocketImpl.startHandshake(OpenSSLSocketImpl.java:398)
07-11 10:29:13.781 W/System.err( 3259): 	... 11 more
07-11 10:29:13.781 W/System.err( 3259): Caused by: java.security.cert.CertPathValidatorException: Trust anchor for certification path not found.
07-11 10:29:13.781 W/System.err( 3259): 	... 16 more
07-11 10:29:13.828 W/System.err( 3259): javax.net.ssl.SSLHandshakeException: java.security.cert.CertPathValidatorException: Trust anchor for certification path not found.
07-11 10:29:13.828 W/System.err( 3259): 	at org.apache.harmony.xnet.provider.jsse.OpenSSLSocketImpl.startHandshake(OpenSSLSocketImpl.java:401)
07-11 10:29:13.828 W/System.err( 3259): 	at libcore.net.http.HttpConnection.setupSecureSocket(HttpConnection.java:209)
07-11 10:29:13.828 W/System.err( 3259): 	at libcore.net.http.HttpsURLConnectionImpl$HttpsEngine.makeSslConnection(HttpsURLConnectionImpl.java:478)
07-11 10:29:13.828 W/System.err( 3259): 	at libcore.net.http.HttpsURLConnectionImpl$HttpsEngine.connect(HttpsURLConnectionImpl.java:433)
07-11 10:29:13.828 W/System.err( 3259): 	at libcore.net.http.HttpEngine.sendSocketRequest(HttpEngine.java:290)
07-11 10:29:13.828 W/System.err( 3259): 	at libcore.net.http.HttpEngine.sendRequest(HttpEngine.java:240)
07-11 10:29:13.828 W/System.err( 3259): 	at libcore.net.http.HttpURLConnectionImpl.connect(HttpURLConnectionImpl.java:81)
07-11 10:29:13.828 W/System.err( 3259): 	at java.net.URLConnection.getContent(URLConnection.java:190)
07-11 10:29:13.828 W/System.err( 3259): 	at libcore.net.http.HttpsURLConnectionImpl.getContent(HttpsURLConnectionImpl.java:175)
07-11 10:29:13.828 W/System.err( 3259): 	at java.net.URL.getContent(URL.java:447)
07-11 10:29:13.828 W/System.err( 3259): 	at com.pekall.emdm.market.a.a.a(Unknown Source)
07-11 10:29:13.828 W/System.err( 3259): 	at com.pekall.emdm.market.a.c.run(Unknown Source)
07-11 10:29:13.828 W/System.err( 3259): Caused by: java.security.cert.CertificateException: java.security.cert.CertPathValidatorException: Trust anchor for certification path not found.
07-11 10:29:13.828 W/System.err( 3259): 	at org.apache.harmony.xnet.provider.jsse.TrustManagerImpl.checkTrusted(TrustManagerImpl.java:282)
07-11 10:29:13.828 W/System.err( 3259): 	at org.apache.harmony.xnet.provider.jsse.TrustManagerImpl.checkServerTrusted(TrustManagerImpl.java:202)
07-11 10:29:13.828 W/System.err( 3259): 	at org.apache.harmony.xnet.provider.jsse.OpenSSLSocketImpl.verifyCertificateChain(OpenSSLSocketImpl.java:595)
07-11 10:29:13.828 W/System.err( 3259): 	at org.apache.harmony.xnet.provider.jsse.NativeCrypto.SSL_do_handshake(Native Method)
07-11 10:29:13.828 W/System.err( 3259): 	at org.apache.harmony.xnet.provider.jsse.OpenSSLSocketImpl.startHandshake(OpenSSLSocketImpl.java:398)
07-11 10:29:13.828 W/System.err( 3259): 	... 11 more
07-11 10:29:13.828 W/System.err( 3259): Caused by: java.security.cert.CertPathValidatorException: Trust anchor for certification path not found.
07-11 10:29:13.828 W/System.err( 3259): 	... 16 more
07-11 10:29:14.023 I/RootJni ( 4582): su: permission denied
07-11 10:29:14.125 V/TAG     (  374): bug 7643792: fitSystemWindows([0,50][0,0])
07-11 10:29:14.140 D/dalvikvm(30972): GC_CONCURRENT freed 243K, 7% free 9786K/10424K, paused 12ms+63ms, total 115ms
07-11 10:29:14.273 D/AndroidRuntime( 4581): 
07-11 10:29:14.273 D/AndroidRuntime( 4581): >>>>>> AndroidRuntime START com.android.internal.os.RuntimeInit <<<<<<
07-11 10:29:14.273 D/AndroidRuntime( 4581): CheckJNI is OFF
07-11 10:29:14.289 D/dalvikvm( 4581): Trying to load lib libjavacore.so 0x0
07-11 10:29:14.297 D/dalvikvm( 4581): Added shared lib libjavacore.so 0x0
07-11 10:29:14.312 D/dalvikvm( 4581): Trying to load lib libnativehelper.so 0x0
07-11 10:29:14.312 D/dalvikvm( 4581): Added shared lib libnativehelper.so 0x0
07-11 10:29:14.562 D/AndroidRuntime( 4581): Calling main entry com.qihoo360.powerctl.root.app.App
07-11 10:29:14.570 D/AndroidRuntime( 4581): Shutting down VM
07-11 10:29:14.570 D/dalvikvm( 4581): GC_CONCURRENT freed 115K, 22% free 467K/592K, paused 0ms+0ms, total 4ms
07-11 10:29:37.695 D/LightsService(  374): Excessive delay setting light: 66ms
07-11 10:29:43.570 I/PowerManagerService(  374): Going to sleep due to screen timeout...
07-11 10:29:44.328 D/SurfaceFlinger(  124): Screen released, type=0 flinger=0x400b4008
07-11 10:29:44.328 D/MdmApplication( 3259): [null:-1]->onActivityPaused market.activity.AppListActivity , mActivityCount = 1
07-11 10:29:44.328 D/MDM :   ( 3259): [null:-1]->query
07-11 10:29:44.336 D/MDM :   ( 3259): [null:-1]->QUERY_PINCODE_CHECK_RESULT
07-11 10:29:44.336 E/Mdm     ( 3259): Call Mdm service's setLastExitTime function
07-11 10:29:44.414 D/NfcService(  592): NFC-C OFF, disconnect
07-11 10:29:44.562 D/dalvikvm(30972): GC_CONCURRENT freed 538K, 8% free 9644K/10424K, paused 2ms+2ms, total 43ms
07-11 10:29:44.578 D/MDM :   ( 3259): [null:-1]->query
07-11 10:29:44.578 D/MDM :   ( 3259): [null:-1]->QUERY_SETTING_PIN_ONOFF
07-11 10:29:49.492 V/KeyguardHostView(  374): hide transport, gen:77
07-11 10:29:49.492 V/KeyguardHostView(  374): music state changed: 0
07-11 10:29:49.508 D/PhoneStatusBar(  450): disable: < expand icons alerts ticker system_info back home RECENT* clock search >
07-11 10:29:49.531 V/TAG     (  374): bug 7643792: fitSystemWindows([0,50][0,0])
07-11 10:29:49.601 D/PhoneStatusBar(  450): disable: < expand icons alerts ticker system_info BACK* HOME* RECENT CLOCK* search >
07-11 10:29:49.734 D/dalvikvm(  374): GC_CONCURRENT freed 2352K, 23% free 23703K/30452K, paused 5ms+14ms, total 146ms
07-11 10:29:50.578 W/MountService(  374): getVolumeState(/storage/emulated/0/external_sd): Unknown volume
07-11 10:29:50.578 W/MountService(  374): getVolumeState(/mnt/sdcard-ext): Unknown volume
07-11 10:29:50.578 W/MountService(  374): getVolumeState(/mnt/ext_sdcard): Unknown volume
07-11 10:29:50.578 W/MountService(  374): getVolumeState(/mnt/sdcard2): Unknown volume
07-11 10:29:50.578 W/MountService(  374): getVolumeState(/mnt/emmc): Unknown volume
07-11 10:29:50.578 W/MountService(  374): getVolumeState(/mnt/extSdCard): Unknown volume
07-11 10:29:50.578 W/MountService(  374): getVolumeState(/mnt/sdcard/SD_CARD): Unknown volume
07-11 10:29:50.578 W/MountService(  374): getVolumeState(/mnt/sdcard/extra_sd): Unknown volume
07-11 10:29:50.578 W/MountService(  374): getVolumeState(/mnt/extrasd_bind): Unknown volume
07-11 10:29:50.578 W/MountService(  374): getVolumeState(/mnt/sdcard/ext_sd): Unknown volume
07-11 10:29:50.578 W/MountService(  374): getVolumeState(/storage/extSdCard): Unknown volume
07-11 10:29:50.578 W/MountService(  374): getVolumeState(/storage/sdcard1): Unknown volume
07-11 10:29:50.578 W/MountService(  374): getVolumeState(/mnt/sdcard/external_SD): Unknown volume
07-11 10:29:50.594 D/dalvikvm( 1736): GC_CONCURRENT freed 507K, 21% free 9503K/12000K, paused 6ms+3ms, total 36ms
07-11 10:29:50.594 W/MountService(  374): getVolumeState(/mnt/sdcard/external_sd): Unknown volume
07-11 10:29:50.742 D/dalvikvm( 1818): GC_EXPLICIT freed 227K, 3% free 9196K/9460K, paused 2ms+5ms, total 30ms
07-11 10:29:50.812 D/dalvikvm( 1736): GC_CONCURRENT freed 455K, 21% free 9557K/12000K, paused 4ms+8ms, total 47ms
07-11 10:29:50.836 W/MountService(  374): getVolumeState(/storage/emulated/0/external_sd): Unknown volume
07-11 10:29:50.836 W/MountService(  374): getVolumeState(/mnt/sdcard-ext): Unknown volume
07-11 10:29:50.836 W/MountService(  374): getVolumeState(/mnt/ext_sdcard): Unknown volume
07-11 10:29:50.836 W/MountService(  374): getVolumeState(/mnt/sdcard2): Unknown volume
07-11 10:29:50.836 W/MountService(  374): getVolumeState(/mnt/emmc): Unknown volume
07-11 10:29:50.836 W/MountService(  374): getVolumeState(/mnt/extSdCard): Unknown volume
07-11 10:29:50.836 W/MountService(  374): getVolumeState(/mnt/sdcard/SD_CARD): Unknown volume
07-11 10:29:50.836 W/MountService(  374): getVolumeState(/mnt/sdcard/extra_sd): Unknown volume
07-11 10:29:50.836 W/MountService(  374): getVolumeState(/mnt/extrasd_bind): Unknown volume
07-11 10:29:50.844 W/MountService(  374): getVolumeState(/mnt/sdcard/ext_sd): Unknown volume
07-11 10:29:50.844 W/MountService(  374): getVolumeState(/storage/extSdCard): Unknown volume
07-11 10:29:50.844 W/MountService(  374): getVolumeState(/storage/sdcard1): Unknown volume
07-11 10:29:50.844 W/MountService(  374): getVolumeState(/mnt/sdcard/external_SD): Unknown volume
07-11 10:29:50.844 W/MountService(  374): getVolumeState(/mnt/sdcard/external_sd): Unknown volume
07-11 10:29:50.937 D/dalvikvm( 1736): GC_CONCURRENT freed 494K, 21% free 9527K/12000K, paused 3ms+6ms, total 36ms
07-11 10:29:58.781 D/GCM     (  647): Ignoring attempt to send heartbeat on dead connection.
07-11 10:30:01.375 V/DigitalWidgetViewsFactory( 4289): DigitalWidget sets next alarm string to null
07-11 10:30:26.054 D/dalvikvm(  577): GC_EXPLICIT freed 259K, 7% free 11551K/12344K, paused 5ms+5ms, total 54ms
07-11 10:30:27.195 D/MdmService( 3259): [null:-1]->receiver action :com.pekall.mdm.action.MDM_ALARM
07-11 10:30:32.094 D/dalvikvm(30923): GC_CONCURRENT freed 437K, 16% free 9535K/11256K, paused 3ms+2ms, total 31ms
07-11 10:30:46.844 D/JOBS    ( 3555): Thread-2584: load factor check. true = (0 < 1)|| (0 * 3 < 0 + 0). consumer thread: true
07-11 10:30:46.844 D/JOBS    ( 3555): didn't allow me to die, re-running Thread-2584
07-11 10:30:46.844 D/JOBS    ( 3555): re-running consumer Thread-2584
07-11 10:30:49.554 D/dalvikvm( 1852): GC_CONCURRENT freed 382K, 5% free 9956K/10400K, paused 5ms+2ms, total 38ms
07-11 10:30:50.672 W/MountService(  374): getVolumeState(/storage/emulated/0/external_sd): Unknown volume
07-11 10:30:50.679 W/MountService(  374): getVolumeState(/mnt/sdcard-ext): Unknown volume
07-11 10:30:50.679 W/MountService(  374): getVolumeState(/mnt/ext_sdcard): Unknown volume
07-11 10:30:50.679 W/MountService(  374): getVolumeState(/mnt/sdcard2): Unknown volume
07-11 10:30:50.679 W/MountService(  374): getVolumeState(/mnt/emmc): Unknown volume
07-11 10:30:50.679 W/MountService(  374): getVolumeState(/mnt/extSdCard): Unknown volume
07-11 10:30:50.679 W/MountService(  374): getVolumeState(/mnt/sdcard/SD_CARD): Unknown volume
07-11 10:30:50.679 W/MountService(  374): getVolumeState(/mnt/sdcard/extra_sd): Unknown volume
07-11 10:30:50.679 W/MountService(  374): getVolumeState(/mnt/extrasd_bind): Unknown volume
07-11 10:30:50.679 W/MountService(  374): getVolumeState(/mnt/sdcard/ext_sd): Unknown volume
07-11 10:30:50.679 W/MountService(  374): getVolumeState(/storage/extSdCard): Unknown volume
07-11 10:30:50.679 W/MountService(  374): getVolumeState(/storage/sdcard1): Unknown volume
07-11 10:30:50.687 W/MountService(  374): getVolumeState(/mnt/sdcard/external_SD): Unknown volume
07-11 10:30:50.687 W/MountService(  374): getVolumeState(/mnt/sdcard/external_sd): Unknown volume
07-11 10:30:50.773 D/dalvikvm( 1736): GC_CONCURRENT freed 335K, 20% free 9648K/12000K, paused 4ms+4ms, total 35ms
07-11 10:30:50.906 W/MountService(  374): getVolumeState(/storage/emulated/0/external_sd): Unknown volume
07-11 10:30:50.906 W/MountService(  374): getVolumeState(/mnt/sdcard-ext): Unknown volume
07-11 10:30:50.906 W/MountService(  374): getVolumeState(/mnt/ext_sdcard): Unknown volume
07-11 10:30:50.906 W/MountService(  374): getVolumeState(/mnt/sdcard2): Unknown volume
07-11 10:30:50.906 W/MountService(  374): getVolumeState(/mnt/emmc): Unknown volume
07-11 10:30:50.906 W/MountService(  374): getVolumeState(/mnt/extSdCard): Unknown volume
07-11 10:30:50.906 W/MountService(  374): getVolumeState(/mnt/sdcard/SD_CARD): Unknown volume
07-11 10:30:50.906 W/MountService(  374): getVolumeState(/mnt/sdcard/extra_sd): Unknown volume
07-11 10:30:50.906 W/MountService(  374): getVolumeState(/mnt/extrasd_bind): Unknown volume
07-11 10:30:50.906 W/MountService(  374): getVolumeState(/mnt/sdcard/ext_sd): Unknown volume
07-11 10:30:50.914 W/MountService(  374): getVolumeState(/storage/extSdCard): Unknown volume
07-11 10:30:50.914 W/MountService(  374): getVolumeState(/storage/sdcard1): Unknown volume
07-11 10:30:50.914 W/MountService(  374): getVolumeState(/mnt/sdcard/external_SD): Unknown volume
07-11 10:30:50.914 W/MountService(  374): getVolumeState(/mnt/sdcard/external_sd): Unknown volume
07-11 10:30:50.945 D/dalvikvm( 1736): GC_CONCURRENT freed 605K, 21% free 9519K/12000K, paused 4ms+3ms, total 28ms
07-11 10:31:50.875 W/MountService(  374): getVolumeState(/storage/emulated/0/external_sd): Unknown volume
07-11 10:31:50.875 W/MountService(  374): getVolumeState(/mnt/sdcard-ext): Unknown volume
07-11 10:31:50.883 W/MountService(  374): getVolumeState(/mnt/ext_sdcard): Unknown volume
07-11 10:31:50.883 W/MountService(  374): getVolumeState(/mnt/sdcard2): Unknown volume
07-11 10:31:50.883 W/MountService(  374): getVolumeState(/mnt/emmc): Unknown volume
07-11 10:31:50.883 W/MountService(  374): getVolumeState(/mnt/extSdCard): Unknown volume
07-11 10:31:50.883 W/MountService(  374): getVolumeState(/mnt/sdcard/SD_CARD): Unknown volume
07-11 10:31:50.890 W/MountService(  374): getVolumeState(/mnt/sdcard/extra_sd): Unknown volume
07-11 10:31:50.890 W/MountService(  374): getVolumeState(/mnt/extrasd_bind): Unknown volume
07-11 10:31:50.890 W/MountService(  374): getVolumeState(/mnt/sdcard/ext_sd): Unknown volume
07-11 10:31:50.890 W/MountService(  374): getVolumeState(/storage/extSdCard): Unknown volume
07-11 10:31:50.890 W/MountService(  374): getVolumeState(/storage/sdcard1): Unknown volume
07-11 10:31:50.890 W/MountService(  374): getVolumeState(/mnt/sdcard/external_SD): Unknown volume
07-11 10:31:50.890 W/MountService(  374): getVolumeState(/mnt/sdcard/external_sd): Unknown volume
07-11 10:31:50.945 D/dalvikvm( 1736): GC_CONCURRENT freed 525K, 21% free 9514K/12000K, paused 3ms+3ms, total 59ms
07-11 10:31:50.945 D/dalvikvm( 1736): WAIT_FOR_CONCURRENT_GC blocked 42ms
07-11 10:31:51.117 D/dalvikvm( 1736): GC_CONCURRENT freed 456K, 21% free 9543K/12000K, paused 4ms+4ms, total 33ms
07-11 10:31:51.125 W/MountService(  374): getVolumeState(/storage/emulated/0/external_sd): Unknown volume
07-11 10:31:51.125 W/MountService(  374): getVolumeState(/mnt/sdcard-ext): Unknown volume
07-11 10:31:51.125 W/MountService(  374): getVolumeState(/mnt/ext_sdcard): Unknown volume
07-11 10:31:51.125 W/MountService(  374): getVolumeState(/mnt/sdcard2): Unknown volume
07-11 10:31:51.125 W/MountService(  374): getVolumeState(/mnt/emmc): Unknown volume
07-11 10:31:51.125 W/MountService(  374): getVolumeState(/mnt/extSdCard): Unknown volume
07-11 10:31:51.125 W/MountService(  374): getVolumeState(/mnt/sdcard/SD_CARD): Unknown volume
07-11 10:31:51.133 W/MountService(  374): getVolumeState(/mnt/sdcard/extra_sd): Unknown volume
07-11 10:31:51.133 W/MountService(  374): getVolumeState(/mnt/extrasd_bind): Unknown volume
07-11 10:31:51.133 W/MountService(  374): getVolumeState(/mnt/sdcard/ext_sd): Unknown volume
07-11 10:31:51.133 W/MountService(  374): getVolumeState(/storage/extSdCard): Unknown volume
07-11 10:31:51.133 W/MountService(  374): getVolumeState(/storage/sdcard1): Unknown volume
07-11 10:31:51.133 W/MountService(  374): getVolumeState(/mnt/sdcard/external_SD): Unknown volume
07-11 10:31:51.133 W/MountService(  374): getVolumeState(/mnt/sdcard/external_sd): Unknown volume
07-11 10:32:20.875 W/System.err( 1063): java.io.FileNotFoundException: /data/data/com.mgyapp.android/files/.cfpaps.i: open failed: ENOENT (No such file or directory)
07-11 10:32:20.875 W/System.err( 1063): 	at libcore.io.IoBridge.open(IoBridge.java:409)
07-11 10:32:20.875 W/System.err( 1063): 	at java.io.FileInputStream.<init>(FileInputStream.java:78)
07-11 10:32:20.875 W/System.err( 1063): 	at android.app.ContextImpl.openFileInput(ContextImpl.java:702)
07-11 10:32:20.875 W/System.err( 1063): 	at android.content.ContextWrapper.openFileInput(ContextWrapper.java:173)
07-11 10:32:20.875 W/System.err( 1063): 	at com.mgyun.shua.jc.service.f.run(Unknown Source)
07-11 10:32:20.875 W/System.err( 1063): 	at com.mgyun.shua.jc.service.CpWorkServer.onHandleIntent(Unknown Source)
07-11 10:32:20.875 W/System.err( 1063): 	at android.app.IntentService$ServiceHandler.handleMessage(IntentService.java:65)
07-11 10:32:20.875 W/System.err( 1063): 	at android.os.Handler.dispatchMessage(Handler.java:99)
07-11 10:32:20.875 W/System.err( 1063): 	at android.os.Looper.loop(Looper.java:137)
07-11 10:32:20.875 W/System.err( 1063): 	at android.os.HandlerThread.run(HandlerThread.java:61)
07-11 10:32:20.875 W/System.err( 1063): Caused by: libcore.io.ErrnoException: open failed: ENOENT (No such file or directory)
07-11 10:32:20.875 W/System.err( 1063): 	at libcore.io.Posix.open(Native Method)
07-11 10:32:20.883 W/System.err( 1063): 	at libcore.io.BlockGuardOs.open(BlockGuardOs.java:110)
07-11 10:32:20.883 W/System.err( 1063): 	at libcore.io.IoBridge.open(IoBridge.java:393)
07-11 10:32:20.883 W/System.err( 1063): 	... 9 more
07-11 10:32:30.875 W/System.err( 1063): java.io.FileNotFoundException: /data/data/com.mgyapp.android/files/.cfp.i: open failed: ENOENT (No such file or directory)
07-11 10:32:30.875 W/System.err( 1063): 	at libcore.io.IoBridge.open(IoBridge.java:409)
07-11 10:32:30.875 W/System.err( 1063): 	at java.io.FileInputStream.<init>(FileInputStream.java:78)
07-11 10:32:30.875 W/System.err( 1063): 	at android.app.ContextImpl.openFileInput(ContextImpl.java:702)
07-11 10:32:30.875 W/System.err( 1063): 	at android.content.ContextWrapper.openFileInput(ContextWrapper.java:173)
07-11 10:32:30.875 W/System.err( 1063): 	at com.mgyun.shua.jc.c.b(Unknown Source)
07-11 10:32:30.875 W/System.err( 1063): 	at com.mgyun.shua.jc.d.a(Unknown Source)
07-11 10:32:30.875 W/System.err( 1063): 	at com.mgyun.shua.jc.service.CpWorkServer.onHandleIntent(Unknown Source)
07-11 10:32:30.875 W/System.err( 1063): 	at android.app.IntentService$ServiceHandler.handleMessage(IntentService.java:65)
07-11 10:32:30.875 W/System.err( 1063): 	at android.os.Handler.dispatchMessage(Handler.java:99)
07-11 10:32:30.875 W/System.err( 1063): 	at android.os.Looper.loop(Looper.java:137)
07-11 10:32:30.875 W/System.err( 1063): 	at android.os.HandlerThread.run(HandlerThread.java:61)
07-11 10:32:30.875 W/System.err( 1063): Caused by: libcore.io.ErrnoException: open failed: ENOENT (No such file or directory)
07-11 10:32:30.875 W/System.err( 1063): 	at libcore.io.Posix.open(Native Method)
07-11 10:32:30.875 W/System.err( 1063): 	at libcore.io.BlockGuardOs.open(BlockGuardOs.java:110)
07-11 10:32:30.883 W/System.err( 1063): 	at libcore.io.IoBridge.open(IoBridge.java:393)
07-11 10:32:30.883 W/System.err( 1063): 	... 10 more
07-11 10:32:41.101 D/PushService( 3555): [null:-1]->receiver action :com.pekall.mdm.action.PUSH_ALARM
07-11 10:32:41.109 D/PushService( 3555): [null:-1]->keepAliveWithPushServer client is opened:true
07-11 10:32:41.109 D/PushLib : ( 3555): [null:-1]->ping!!!!!!!!!
07-11 10:32:41.109 D/PushLib : ( 3555): [null:-1]->pushClient is :not null
07-11 10:32:41.109 D/PushLib : ( 3555): [null:-1]->pushClient opened : opened
07-11 10:32:46.844 D/JOBS    ( 3555): Thread-2584: load factor check. true = (0 < 1)|| (0 * 3 < 0 + 0). consumer thread: true
07-11 10:32:46.844 D/JOBS    ( 3555): didn't allow me to die, re-running Thread-2584
07-11 10:32:46.844 D/JOBS    ( 3555): re-running consumer Thread-2584
07-11 10:32:46.976 D/PushLib : ( 3555): [null:-1]->MSG_WEBSOCKET_PONG
07-11 10:32:51.148 W/MountService(  374): getVolumeState(/storage/emulated/0/external_sd): Unknown volume
07-11 10:32:51.148 W/MountService(  374): getVolumeState(/mnt/sdcard-ext): Unknown volume
07-11 10:32:51.148 W/MountService(  374): getVolumeState(/mnt/ext_sdcard): Unknown volume
07-11 10:32:51.148 W/MountService(  374): getVolumeState(/mnt/sdcard2): Unknown volume
07-11 10:32:51.148 W/MountService(  374): getVolumeState(/mnt/emmc): Unknown volume
07-11 10:32:51.148 W/MountService(  374): getVolumeState(/mnt/extSdCard): Unknown volume
07-11 10:32:51.148 W/MountService(  374): getVolumeState(/mnt/sdcard/SD_CARD): Unknown volume
07-11 10:32:51.148 W/MountService(  374): getVolumeState(/mnt/sdcard/extra_sd): Unknown volume
07-11 10:32:51.156 W/MountService(  374): getVolumeState(/mnt/extrasd_bind): Unknown volume
07-11 10:32:51.156 W/MountService(  374): getVolumeState(/mnt/sdcard/ext_sd): Unknown volume
07-11 10:32:51.156 W/MountService(  374): getVolumeState(/storage/extSdCard): Unknown volume
07-11 10:32:51.156 W/MountService(  374): getVolumeState(/storage/sdcard1): Unknown volume
07-11 10:32:51.156 W/MountService(  374): getVolumeState(/mnt/sdcard/external_SD): Unknown volume
07-11 10:32:51.156 W/MountService(  374): getVolumeState(/mnt/sdcard/external_sd): Unknown volume
07-11 10:32:51.172 D/dalvikvm( 1736): GC_CONCURRENT freed 529K, 21% free 9526K/12000K, paused 5ms+4ms, total 40ms
07-11 10:32:51.172 D/dalvikvm( 1736): WAIT_FOR_CONCURRENT_GC blocked 8ms
07-11 10:32:51.344 D/dalvikvm( 1736): GC_CONCURRENT freed 394K, 21% free 9521K/12000K, paused 3ms+3ms, total 27ms
07-11 10:32:51.445 D/dalvikvm(  374): GC_EXPLICIT freed 2318K, 27% free 22446K/30452K, paused 4ms+11ms, total 120ms
07-11 10:32:51.484 W/MountService(  374): getVolumeState(/storage/emulated/0/external_sd): Unknown volume
07-11 10:32:51.492 W/MountService(  374): getVolumeState(/mnt/sdcard-ext): Unknown volume
07-11 10:32:51.492 W/MountService(  374): getVolumeState(/mnt/ext_sdcard): Unknown volume
07-11 10:32:51.492 W/MountService(  374): getVolumeState(/mnt/sdcard2): Unknown volume
07-11 10:32:51.492 W/MountService(  374): getVolumeState(/mnt/emmc): Unknown volume
07-11 10:32:51.492 W/MountService(  374): getVolumeState(/mnt/extSdCard): Unknown volume
07-11 10:32:51.492 W/MountService(  374): getVolumeState(/mnt/sdcard/SD_CARD): Unknown volume
07-11 10:32:51.492 W/MountService(  374): getVolumeState(/mnt/sdcard/extra_sd): Unknown volume
07-11 10:32:51.492 W/MountService(  374): getVolumeState(/mnt/extrasd_bind): Unknown volume
07-11 10:32:51.492 W/MountService(  374): getVolumeState(/mnt/sdcard/ext_sd): Unknown volume
07-11 10:32:51.492 W/MountService(  374): getVolumeState(/storage/extSdCard): Unknown volume
07-11 10:32:51.492 W/MountService(  374): getVolumeState(/storage/sdcard1): Unknown volume
07-11 10:32:51.492 W/MountService(  374): getVolumeState(/mnt/sdcard/external_SD): Unknown volume
07-11 10:32:51.492 W/MountService(  374): getVolumeState(/mnt/sdcard/external_sd): Unknown volume
07-11 10:32:51.570 D/dalvikvm( 1736): GC_CONCURRENT freed 439K, 21% free 9509K/12000K, paused 3ms+3ms, total 28ms
07-11 10:33:27.195 D/MdmService( 3259): [null:-1]->receiver action :com.pekall.mdm.action.MDM_ALARM
07-11 10:33:27.195 D/MdmService( 3259): [null:-1]->keepAliveWithPushServer client is opened:true
07-11 10:33:27.195 D/MDM :   ( 3259): [null:-1]->ping!!!!!!!!!
07-11 10:33:27.211 D/MdmService( 3259): [null:-1]->pushUrl : ws://192.168.10.91:9070/websocket
07-11 10:33:27.211 D/MDM :   ( 3259): [null:-1]->mMdmPushClient is :not null
07-11 10:33:27.211 D/MDM :   ( 3259): [null:-1]->mMdmPushClient opened : opened
07-11 10:33:27.219 D/MDM :   ( 3259): [null:-1]->MSG_WEBSOCKET_PONG
07-11 10:33:51.469 W/MountService(  374): getVolumeState(/storage/emulated/0/external_sd): Unknown volume
07-11 10:33:51.469 W/MountService(  374): getVolumeState(/mnt/sdcard-ext): Unknown volume
07-11 10:33:51.469 W/MountService(  374): getVolumeState(/mnt/ext_sdcard): Unknown volume
07-11 10:33:51.469 W/MountService(  374): getVolumeState(/mnt/sdcard2): Unknown volume
07-11 10:33:51.469 W/MountService(  374): getVolumeState(/mnt/emmc): Unknown volume
07-11 10:33:51.469 W/MountService(  374): getVolumeState(/mnt/extSdCard): Unknown volume
07-11 10:33:51.469 W/MountService(  374): getVolumeState(/mnt/sdcard/SD_CARD): Unknown volume
07-11 10:33:51.469 W/MountService(  374): getVolumeState(/mnt/sdcard/extra_sd): Unknown volume
07-11 10:33:51.469 W/MountService(  374): getVolumeState(/mnt/extrasd_bind): Unknown volume
07-11 10:33:51.469 W/MountService(  374): getVolumeState(/mnt/sdcard/ext_sd): Unknown volume
07-11 10:33:51.476 W/MountService(  374): getVolumeState(/storage/extSdCard): Unknown volume
07-11 10:33:51.476 W/MountService(  374): getVolumeState(/storage/sdcard1): Unknown volume
07-11 10:33:51.476 W/MountService(  374): getVolumeState(/mnt/sdcard/external_SD): Unknown volume
07-11 10:33:51.476 W/MountService(  374): getVolumeState(/mnt/sdcard/external_sd): Unknown volume
07-11 10:33:51.523 D/dalvikvm( 1736): GC_CONCURRENT freed 468K, 21% free 9543K/12000K, paused 4ms+3ms, total 43ms
07-11 10:33:51.679 W/MountService(  374): getVolumeState(/storage/emulated/0/external_sd): Unknown volume
07-11 10:33:51.679 W/MountService(  374): getVolumeState(/mnt/sdcard-ext): Unknown volume
07-11 10:33:51.679 W/MountService(  374): getVolumeState(/mnt/ext_sdcard): Unknown volume
07-11 10:33:51.679 W/MountService(  374): getVolumeState(/mnt/sdcard2): Unknown volume
07-11 10:33:51.679 W/MountService(  374): getVolumeState(/mnt/emmc): Unknown volume
07-11 10:33:51.679 W/MountService(  374): getVolumeState(/mnt/extSdCard): Unknown volume
07-11 10:33:51.687 W/MountService(  374): getVolumeState(/mnt/sdcard/SD_CARD): Unknown volume
07-11 10:33:51.687 W/MountService(  374): getVolumeState(/mnt/sdcard/extra_sd): Unknown volume
07-11 10:33:51.687 W/MountService(  374): getVolumeState(/mnt/extrasd_bind): Unknown volume
07-11 10:33:51.687 W/MountService(  374): getVolumeState(/mnt/sdcard/ext_sd): Unknown volume
07-11 10:33:51.687 W/MountService(  374): getVolumeState(/storage/extSdCard): Unknown volume
07-11 10:33:51.687 W/MountService(  374): getVolumeState(/storage/sdcard1): Unknown volume
07-11 10:33:51.695 D/dalvikvm( 1736): GC_CONCURRENT freed 519K, 21% free 9523K/12000K, paused 7ms+3ms, total 32ms
07-11 10:33:51.695 D/dalvikvm( 1736): WAIT_FOR_CONCURRENT_GC blocked 9ms
07-11 10:33:51.695 W/MountService(  374): getVolumeState(/mnt/sdcard/external_SD): Unknown volume
07-11 10:33:51.695 W/MountService(  374): getVolumeState(/mnt/sdcard/external_sd): Unknown volume
07-11 10:34:04.758 D/dalvikvm( 1204): GC_CONCURRENT freed 383K, 7% free 9113K/9720K, paused 5ms+3ms, total 38ms
07-11 10:34:44.531 D/dalvikvm(30779): GC_FOR_ALLOC freed 352K, 7% free 9754K/10400K, paused 28ms, total 28ms
07-11 10:34:46.851 D/JOBS    ( 3555): Thread-2584: load factor check. true = (0 < 1)|| (0 * 3 < 0 + 0). consumer thread: true
07-11 10:34:46.851 D/JOBS    ( 3555): didn't allow me to die, re-running Thread-2584
07-11 10:34:46.851 D/JOBS    ( 3555): re-running consumer Thread-2584
07-11 10:34:51.609 W/MountService(  374): getVolumeState(/storage/emulated/0/external_sd): Unknown volume
07-11 10:34:51.609 W/MountService(  374): getVolumeState(/mnt/sdcard-ext): Unknown volume
07-11 10:34:51.609 W/MountService(  374): getVolumeState(/mnt/ext_sdcard): Unknown volume
07-11 10:34:51.609 W/MountService(  374): getVolumeState(/mnt/sdcard2): Unknown volume
07-11 10:34:51.609 W/MountService(  374): getVolumeState(/mnt/emmc): Unknown volume
07-11 10:34:51.609 W/MountService(  374): getVolumeState(/mnt/extSdCard): Unknown volume
07-11 10:34:51.609 W/MountService(  374): getVolumeState(/mnt/sdcard/SD_CARD): Unknown volume
07-11 10:34:51.617 W/MountService(  374): getVolumeState(/mnt/sdcard/extra_sd): Unknown volume
07-11 10:34:51.617 W/MountService(  374): getVolumeState(/mnt/extrasd_bind): Unknown volume
07-11 10:34:51.617 W/MountService(  374): getVolumeState(/mnt/sdcard/ext_sd): Unknown volume
07-11 10:34:51.617 W/MountService(  374): getVolumeState(/storage/extSdCard): Unknown volume
07-11 10:34:51.617 W/MountService(  374): getVolumeState(/storage/sdcard1): Unknown volume
07-11 10:34:51.617 W/MountService(  374): getVolumeState(/mnt/sdcard/external_SD): Unknown volume
07-11 10:34:51.617 W/MountService(  374): getVolumeState(/mnt/sdcard/external_sd): Unknown volume
07-11 10:34:51.633 D/dalvikvm( 1736): GC_CONCURRENT freed 496K, 21% free 9526K/12000K, paused 13ms+3ms, total 50ms
07-11 10:34:51.633 D/dalvikvm( 1736): WAIT_FOR_CONCURRENT_GC blocked 13ms
07-11 10:34:51.648 D/dalvikvm( 1736): WAIT_FOR_CONCURRENT_GC blocked 20ms
07-11 10:34:51.844 D/dalvikvm( 1736): GC_CONCURRENT freed 469K, 21% free 9560K/12000K, paused 4ms+4ms, total 41ms
07-11 10:34:51.851 W/MountService(  374): getVolumeState(/storage/emulated/0/external_sd): Unknown volume
07-11 10:34:51.851 W/MountService(  374): getVolumeState(/mnt/sdcard-ext): Unknown volume
07-11 10:34:51.851 W/MountService(  374): getVolumeState(/mnt/ext_sdcard): Unknown volume
07-11 10:34:51.851 W/MountService(  374): getVolumeState(/mnt/sdcard2): Unknown volume
07-11 10:34:51.851 W/MountService(  374): getVolumeState(/mnt/emmc): Unknown volume
07-11 10:34:51.851 W/MountService(  374): getVolumeState(/mnt/extSdCard): Unknown volume
07-11 10:34:51.851 W/MountService(  374): getVolumeState(/mnt/sdcard/SD_CARD): Unknown volume
07-11 10:34:51.851 W/MountService(  374): getVolumeState(/mnt/sdcard/extra_sd): Unknown volume
07-11 10:34:51.859 W/MountService(  374): getVolumeState(/mnt/extrasd_bind): Unknown volume
07-11 10:34:51.859 W/MountService(  374): getVolumeState(/mnt/sdcard/ext_sd): Unknown volume
07-11 10:34:51.859 W/MountService(  374): getVolumeState(/storage/extSdCard): Unknown volume
07-11 10:34:51.859 W/MountService(  374): getVolumeState(/storage/sdcard1): Unknown volume
07-11 10:34:51.859 W/MountService(  374): getVolumeState(/mnt/sdcard/external_SD): Unknown volume
07-11 10:34:51.859 W/MountService(  374): getVolumeState(/mnt/sdcard/external_sd): Unknown volume
07-11 10:34:51.953 D/dalvikvm( 1736): GC_CONCURRENT freed 487K, 21% free 9507K/12000K, paused 4ms+3ms, total 27ms
07-11 10:35:51.828 W/MountService(  374): getVolumeState(/storage/emulated/0/external_sd): Unknown volume
07-11 10:35:51.836 W/MountService(  374): getVolumeState(/mnt/sdcard-ext): Unknown volume
07-11 10:35:51.836 W/MountService(  374): getVolumeState(/mnt/ext_sdcard): Unknown volume
07-11 10:35:51.836 W/MountService(  374): getVolumeState(/mnt/sdcard2): Unknown volume
07-11 10:35:51.836 W/MountService(  374): getVolumeState(/mnt/emmc): Unknown volume
07-11 10:35:51.836 W/MountService(  374): getVolumeState(/mnt/extSdCard): Unknown volume
07-11 10:35:51.836 W/MountService(  374): getVolumeState(/mnt/sdcard/SD_CARD): Unknown volume
07-11 10:35:51.836 W/MountService(  374): getVolumeState(/mnt/sdcard/extra_sd): Unknown volume
07-11 10:35:51.836 W/MountService(  374): getVolumeState(/mnt/extrasd_bind): Unknown volume
07-11 10:35:51.836 W/MountService(  374): getVolumeState(/mnt/sdcard/ext_sd): Unknown volume
07-11 10:35:51.836 W/MountService(  374): getVolumeState(/storage/extSdCard): Unknown volume
07-11 10:35:51.836 W/MountService(  374): getVolumeState(/storage/sdcard1): Unknown volume
07-11 10:35:51.836 W/MountService(  374): getVolumeState(/mnt/sdcard/external_SD): Unknown volume
07-11 10:35:51.844 W/MountService(  374): getVolumeState(/mnt/sdcard/external_sd): Unknown volume
07-11 10:35:51.906 D/dalvikvm( 1736): GC_CONCURRENT freed 382K, 21% free 9579K/12000K, paused 3ms+4ms, total 30ms
07-11 10:35:52.070 W/MountService(  374): getVolumeState(/storage/emulated/0/external_sd): Unknown volume
07-11 10:35:52.070 W/MountService(  374): getVolumeState(/mnt/sdcard-ext): Unknown volume
07-11 10:35:52.070 W/MountService(  374): getVolumeState(/mnt/ext_sdcard): Unknown volume
07-11 10:35:52.070 W/MountService(  374): getVolumeState(/mnt/sdcard2): Unknown volume
07-11 10:35:52.070 W/MountService(  374): getVolumeState(/mnt/emmc): Unknown volume
07-11 10:35:52.078 W/MountService(  374): getVolumeState(/mnt/extSdCard): Unknown volume
07-11 10:35:52.078 W/MountService(  374): getVolumeState(/mnt/sdcard/SD_CARD): Unknown volume
07-11 10:35:52.078 W/MountService(  374): getVolumeState(/mnt/sdcard/extra_sd): Unknown volume
07-11 10:35:52.078 W/MountService(  374): getVolumeState(/mnt/extrasd_bind): Unknown volume
07-11 10:35:52.078 W/MountService(  374): getVolumeState(/mnt/sdcard/ext_sd): Unknown volume
07-11 10:35:52.078 W/MountService(  374): getVolumeState(/storage/extSdCard): Unknown volume
07-11 10:35:52.078 W/MountService(  374): getVolumeState(/storage/sdcard1): Unknown volume
07-11 10:35:52.078 W/MountService(  374): getVolumeState(/mnt/sdcard/external_SD): Unknown volume
07-11 10:35:52.078 W/MountService(  374): getVolumeState(/mnt/sdcard/external_sd): Unknown volume
07-11 10:35:52.094 D/dalvikvm( 1736): GC_CONCURRENT freed 550K, 21% free 9557K/12000K, paused 3ms+3ms, total 33ms
07-11 10:35:52.094 D/dalvikvm( 1736): WAIT_FOR_CONCURRENT_GC blocked 13ms
07-11 10:36:27.203 D/MdmService( 3259): [null:-1]->receiver action :com.pekall.mdm.action.MDM_ALARM
07-11 10:36:27.211 D/MdmStatusManager( 3259): [null:-1]->change status to : Busy
07-11 10:36:27.211 D/DB      ( 3259): query: SQLiteQuery: SELECT content, command_status, status FROM command WHERE status!=2
07-11 10:36:27.211 D/DB      ( 3259): factory null
07-11 10:36:27.211 D/DB      ( 3259): fillWindow: 0
07-11 10:36:27.211 D/DB      ( 3259): cursor 0
07-11 10:36:27.211 D/DB      ( 3259): moveToPos: 0
07-11 10:36:27.219 I/TransInfo( 3259): TransInfo created, id: 3, class: class com.pekall.emdm.transaction.b.c
07-11 10:36:27.219 D/NetworkThread( 3259): [null:-1]->----isRunning-----true
07-11 10:36:27.219 D/NetworkThread( 3259): [null:-1]->----isRunning-----true
07-11 10:36:27.219 D/NetworkThread( 3259): [null:-1]->thread wakeup
07-11 10:36:27.219 D/HttpClient( 3259): enable apache.http debug
07-11 10:36:27.226 V/DEBUG   ( 3259): HTTP 0
07-11 10:36:27.508 V/DEBUG   ( 3259): HTTP 1
07-11 10:36:27.515 D/NetworkThread( 3259): [null:-1]->queue is empty, thread wait...
07-11 10:36:27.617 D/MdmService( 3259): [null:-1]->handleCheckInResult
07-11 10:36:27.617 D/MdmService( 3259): [null:-1]->handleCheckInResult result keyIndex: 3
