07-11 14:10:50.039 D/HttpClient( 3259): enable apache.http debug
07-11 14:10:50.047 V/DEBUG   ( 3259): HTTP 0
07-11 14:10:50.281 V/DEBUG   ( 3259): HTTP 1
07-11 14:10:50.281 D/MdmDatabaseHelper( 3259): [null:-1]->update command 8a8088bf471a79ec0147240bc3e84659 to status executed
07-11 14:10:50.312 D/NetworkThread( 3259): [null:-1]->queue is empty, thread wait...
07-11 14:10:50.383 D/MdmService( 3259): [null:-1]->handleCheckInResult
07-11 14:10:50.383 D/MdmService( 3259): [null:-1]->handleCheckInResult result keyIndex: 3
07-11 14:10:50.383 D/HandleCommandTask( 3259): [null:-1]->execute command msg but beanBase is null
07-11 14:10:50.383 D/MdmStatusManager( 3259): [null:-1]->change status to : Idle
07-11 14:10:51.750 I/PowerManagerService(  374): Waking up from sleep...
07-11 14:10:51.859 I/WindowManager(  374): Lock screen displayed!
07-11 14:10:52.117 V/DigitalWidgetViewsFactory(28000): DigitalWidget sets next alarm string to null
07-11 14:10:52.179 D/PowerManagerService-JNI(  374): Excessive delay in autosuspend_disable() while turning screen on: 412ms
07-11 14:10:52.187 D/SurfaceFlinger(  124): Screen acquired, type=0 flinger=0x400b4008
07-11 14:10:52.265 D/LightsService(  374): Excessive delay setting light: 58ms
07-11 14:10:52.547 D/AndroidRuntime(32188): 
07-11 14:10:52.547 D/AndroidRuntime(32188): >>>>>> AndroidRuntime START com.android.internal.os.RuntimeInit <<<<<<
07-11 14:10:52.547 D/AndroidRuntime(32188): CheckJNI is OFF
07-11 14:10:52.562 D/dalvikvm(32188): Trying to load lib libjavacore.so 0x0
07-11 14:10:52.570 D/dalvikvm(32188): Added shared lib libjavacore.so 0x0
07-11 14:10:52.586 D/dalvikvm(32188): Trying to load lib libnativehelper.so 0x0
07-11 14:10:52.586 D/dalvikvm(32188): Added shared lib libnativehelper.so 0x0
07-11 14:10:52.609 D/dalvikvm(28798): GC_CONCURRENT freed 210K, 3% free 9096K/9344K, paused 65ms+144ms, total 513ms
07-11 14:10:52.773 D/AndroidRuntime(32188): Calling main entry com.qihoo360.powerctl.root.app.App
07-11 14:10:52.781 D/AndroidRuntime(32188): Shutting down VM
07-11 14:10:52.781 D/dalvikvm(32188): Debugger has detached; object registry had 1 entries
07-11 14:10:53.562 D/MdmApplication( 3259): [null:-1]->onActivityStarted market.activity.AppListActivity , mActivityCount = 3
07-11 14:10:53.562 D/MDM :   ( 3259): [null:-1]->query
07-11 14:10:53.562 D/MDM :   ( 3259): [null:-1]->QUERY_PINCODE_CHECK_RESULT
07-11 14:10:53.586 D/PhoneStatusBar(  450): disable: < expand icons alerts ticker system_info BACK HOME recent* CLOCK search >
07-11 14:10:53.601 D/NfcService(  592): NFC-C ON
07-11 14:10:53.617 D/mdm_log ( 3259): [null:-1]->has installed by.game.binumbers
07-11 14:10:53.648 D/PhoneStatusBar(  450): disable: < expand icons alerts ticker system_info back* home* recent clock* search >
07-11 14:10:53.672 W/InputMethodManagerService(  374): Window already focused, ignoring focus gain of: com.android.internal.view.IInputMethodClient$Stub$Proxy@42842690 attribute=android.view.inputmethod.EditorInfo@42c44398, token = android.os.BinderProxy@42c86710
07-11 14:10:53.914 D/dalvikvm(20727): GC_CONCURRENT freed 379K, 7% free 10168K/10920K, paused 4ms+7ms, total 88ms
07-11 14:10:54.109 V/TAG     (  374): bug 7643792: fitSystemWindows([0,50][0,0])
07-11 14:10:54.133 I/RootJni (32221): su: permission denied
07-11 14:10:54.156 D/AndroidRuntime(32220): 
07-11 14:10:54.156 D/AndroidRuntime(32220): >>>>>> AndroidRuntime START com.android.internal.os.RuntimeInit <<<<<<
07-11 14:10:54.156 D/AndroidRuntime(32220): CheckJNI is OFF
07-11 14:10:54.172 D/dalvikvm(32220): Trying to load lib libjavacore.so 0x0
07-11 14:10:54.172 D/dalvikvm(32220): Added shared lib libjavacore.so 0x0
07-11 14:10:54.187 D/dalvikvm(32220): Trying to load lib libnativehelper.so 0x0
07-11 14:10:54.187 D/dalvikvm(32220): Added shared lib libnativehelper.so 0x0
07-11 14:10:54.429 D/AndroidRuntime(32220): Calling main entry com.qihoo360.powerctl.root.app.App
07-11 14:10:54.429 D/AndroidRuntime(32220): Shutting down VM
07-11 14:10:54.437 D/jdwp    (32220): Got wake-up signal, bailing out of select
07-11 14:10:54.437 D/dalvikvm(32220): Debugger has detached; object registry had 1 entries
07-11 14:10:54.859 D/dalvikvm( 1165): GC_CONCURRENT freed 467K, 7% free 9206K/9804K, paused 18ms+2ms, total 42ms
07-11 14:10:56.406 E/dashclock_WeatherExten( 1165): Showing a weather extension error
07-11 14:10:56.406 E/dashclock_WeatherExten( 1165): com.google.android.apps.dashclock.weather.a
07-11 14:10:56.406 E/dashclock_WeatherExten( 1165): 	at com.google.android.apps.dashclock.weather.j.a(ProGuard:84)
07-11 14:10:56.406 E/dashclock_WeatherExten( 1165): 	at com.google.android.apps.dashclock.weather.WeatherExtension.a(ProGuard:265)
07-11 14:10:56.406 E/dashclock_WeatherExten( 1165): 	at com.google.android.apps.dashclock.weather.WeatherExtension.b(ProGuard:254)
07-11 14:10:56.406 E/dashclock_WeatherExten( 1165): 	at com.google.android.apps.dashclock.weather.WeatherExtension.a(ProGuard:206)
07-11 14:10:56.406 E/dashclock_WeatherExten( 1165): 	at com.google.android.apps.dashclock.api.b.run(ProGuard:313)
07-11 14:10:56.406 E/dashclock_WeatherExten( 1165): 	at android.os.Handler.handleCallback(Handler.java:730)
07-11 14:10:56.406 E/dashclock_WeatherExten( 1165): 	at android.os.Handler.dispatchMessage(Handler.java:92)
07-11 14:10:56.406 E/dashclock_WeatherExten( 1165): 	at android.os.Looper.loop(Looper.java:137)
07-11 14:10:56.406 E/dashclock_WeatherExten( 1165): 	at android.os.HandlerThread.run(HandlerThread.java:61)
07-11 14:10:57.000 D/dalvikvm( 1165): GC_CONCURRENT freed 394K, 6% free 9273K/9804K, paused 3ms+2ms, total 37ms
07-11 14:11:00.148 D/dalvikvm(  374): GC_CONCURRENT freed 3101K, 28% free 22774K/31548K, paused 10ms+14ms, total 142ms
07-11 14:11:08.219 D/dalvikvm(32040): GC_FOR_ALLOC freed 331K, 4% free 9102K/9468K, paused 30ms, total 31ms
07-11 14:11:08.554 D/dalvikvm(20727): GC_CONCURRENT freed 436K, 8% free 10117K/10920K, paused 4ms+2ms, total 38ms
07-11 14:11:17.687 D/LightsService(  374): Excessive delay setting light: 66ms
07-11 14:11:23.539 I/PowerManagerService(  374): Going to sleep due to screen timeout...
07-11 14:11:24.320 D/SurfaceFlinger(  124): Screen released, type=0 flinger=0x400b4008
07-11 14:11:24.328 D/MdmApplication( 3259): [null:-1]->onActivityPaused market.activity.AppListActivity , mActivityCount = 4
07-11 14:11:24.328 D/MDM :   ( 3259): [null:-1]->query
07-11 14:11:24.328 D/MDM :   ( 3259): [null:-1]->QUERY_PINCODE_CHECK_RESULT
07-11 14:11:24.328 E/Mdm     ( 3259): Call Mdm service's setLastExitTime function
07-11 14:11:24.422 D/NfcService(  592): NFC-C OFF, disconnect
07-11 14:11:24.484 D/MDM :   ( 3259): [null:-1]->query
07-11 14:11:24.484 D/MDM :   ( 3259): [null:-1]->QUERY_SETTING_PIN_ONOFF
07-11 14:11:28.695 D/JOBS    (28570): Thread-3142: load factor check. true = (0 < 1)|| (0 * 3 < 0 + 0). consumer thread: true
07-11 14:11:28.695 D/JOBS    (28570): didn't allow me to die, re-running Thread-3142
07-11 14:11:28.695 D/JOBS    (28570): re-running consumer Thread-3142
07-11 14:11:29.500 V/KeyguardHostView(  374): hide transport, gen:93
07-11 14:11:29.500 V/KeyguardHostView(  374): music state changed: 0
07-11 14:11:29.523 D/PhoneStatusBar(  450): disable: < expand icons alerts ticker system_info back home RECENT* clock search >
07-11 14:11:29.562 V/TAG     (  374): bug 7643792: fitSystemWindows([0,50][0,0])
07-11 14:11:29.633 D/dalvikvm( 1165): GC_FOR_ALLOC freed 283K, 7% free 9205K/9800K, paused 17ms, total 17ms
07-11 14:11:29.679 D/PhoneStatusBar(  450): disable: < expand icons alerts ticker system_info BACK* HOME* RECENT CLOCK* search >
07-11 14:11:29.883 W/MountService(  374): getVolumeState(/storage/emulated/0/external_sd): Unknown volume
07-11 14:11:29.883 W/MountService(  374): getVolumeState(/mnt/sdcard-ext): Unknown volume
07-11 14:11:29.883 W/MountService(  374): getVolumeState(/mnt/ext_sdcard): Unknown volume
07-11 14:11:29.883 W/MountService(  374): getVolumeState(/mnt/sdcard2): Unknown volume
07-11 14:11:29.883 W/MountService(  374): getVolumeState(/mnt/emmc): Unknown volume
07-11 14:11:29.883 W/MountService(  374): getVolumeState(/mnt/extSdCard): Unknown volume
07-11 14:11:29.883 W/MountService(  374): getVolumeState(/mnt/sdcard/SD_CARD): Unknown volume
07-11 14:11:29.883 W/MountService(  374): getVolumeState(/mnt/sdcard/extra_sd): Unknown volume
07-11 14:11:29.890 W/MountService(  374): getVolumeState(/mnt/extrasd_bind): Unknown volume
07-11 14:11:29.890 W/MountService(  374): getVolumeState(/mnt/sdcard/ext_sd): Unknown volume
07-11 14:11:29.890 W/MountService(  374): getVolumeState(/storage/extSdCard): Unknown volume
07-11 14:11:29.890 W/MountService(  374): getVolumeState(/storage/sdcard1): Unknown volume
07-11 14:11:29.890 W/MountService(  374): getVolumeState(/mnt/sdcard/external_SD): Unknown volume
07-11 14:11:29.890 W/MountService(  374): getVolumeState(/mnt/sdcard/external_sd): Unknown volume
07-11 14:11:29.914 D/dalvikvm(27881): GC_FOR_ALLOC freed 428K, 7% free 9365K/10052K, paused 20ms, total 20ms
07-11 14:11:30.094 D/dalvikvm(27881): GC_CONCURRENT freed 446K, 7% free 9374K/10052K, paused 3ms+3ms, total 33ms
07-11 14:11:30.156 W/MountService(  374): getVolumeState(/storage/emulated/0/external_sd): Unknown volume
07-11 14:11:30.156 W/MountService(  374): getVolumeState(/mnt/sdcard-ext): Unknown volume
07-11 14:11:30.156 W/MountService(  374): getVolumeState(/mnt/ext_sdcard): Unknown volume
07-11 14:11:30.156 W/MountService(  374): getVolumeState(/mnt/sdcard2): Unknown volume
07-11 14:11:30.156 W/MountService(  374): getVolumeState(/mnt/emmc): Unknown volume
07-11 14:11:30.156 W/MountService(  374): getVolumeState(/mnt/extSdCard): Unknown volume
07-11 14:11:30.156 W/MountService(  374): getVolumeState(/mnt/sdcard/SD_CARD): Unknown volume
07-11 14:11:30.164 W/MountService(  374): getVolumeState(/mnt/sdcard/extra_sd): Unknown volume
07-11 14:11:30.164 W/MountService(  374): getVolumeState(/mnt/extrasd_bind): Unknown volume
07-11 14:11:30.164 W/MountService(  374): getVolumeState(/mnt/sdcard/ext_sd): Unknown volume
07-11 14:11:30.164 W/MountService(  374): getVolumeState(/storage/extSdCard): Unknown volume
07-11 14:11:30.164 W/MountService(  374): getVolumeState(/storage/sdcard1): Unknown volume
07-11 14:11:30.164 W/MountService(  374): getVolumeState(/mnt/sdcard/external_SD): Unknown volume
07-11 14:11:30.164 W/MountService(  374): getVolumeState(/mnt/sdcard/external_sd): Unknown volume
07-11 14:11:30.203 D/dalvikvm(27881): GC_CONCURRENT freed 445K, 7% free 9366K/10052K, paused 4ms+3ms, total 28ms
07-11 14:11:31.320 D/dalvikvm(25474): GC_CONCURRENT freed 470K, 16% free 9531K/11232K, paused 4ms+2ms, total 31ms
07-11 14:11:43.406 D/MDM :   ( 3259): [null:-1]->MSG_WEBSOCKET_MESSAGE : {"id":337705687,"type":0,"command":0,"result":0,"reason":0,"params":{"msgId":"fc451a56-4d16-4421-b3ee-bf98f14f18c8,fc451a564d164421b3eebf98f14f18c8","device":"ffffffffc539bb10fffffffff7aea961","message":"{\"cmd\":\"10119\"}"}}
07-11 14:11:43.422 D/MdmService( 3259): [null:-1]->push message type :0
07-11 14:11:43.422 D/MdmService( 3259): [null:-1]->cmdMessage : {"cmd":"10119"}
07-11 14:11:43.422 D/MdmService( 3259): [null:-1]->command : PushCommandMsg{cmd='10119', msg='null'}
07-11 14:11:43.422 D/MDM :   ( 3259): [null:-1]->PUSH CMD: 10119
07-11 14:11:43.429 D/MdmStatusManager( 3259): [null:-1]->change status to : Busy
07-11 14:11:43.429 D/DB      ( 3259): query: SQLiteQuery: SELECT content, command_status, status FROM command WHERE status!=2
07-11 14:11:43.429 D/DB      ( 3259): factory null
07-11 14:11:43.429 D/DB      ( 3259): fillWindow: 0
07-11 14:11:43.437 D/DB      ( 3259): cursor 0
07-11 14:11:43.437 D/DB      ( 3259): moveToPos: 0
07-11 14:11:43.437 I/TransInfo( 3259): TransInfo created, id: 3, class: class com.pekall.emdm.transaction.b.c
07-11 14:11:43.437 D/NetworkThread( 3259): [null:-1]->----isRunning-----true
07-11 14:11:43.437 D/NetworkThread( 3259): [null:-1]->----isRunning-----true
07-11 14:11:43.437 D/NetworkThread( 3259): [null:-1]->thread wakeup
07-11 14:11:43.437 D/HttpClient( 3259): enable apache.http debug
07-11 14:11:43.445 V/DEBUG   ( 3259): HTTP 0
07-11 14:11:43.679 V/DEBUG   ( 3259): HTTP 1
07-11 14:11:43.703 D/MDM :   ( 3259): [null:-1]->read network input stream
07-11 14:11:43.703 D/MDM :   ( 3259): [null:-1]->read network input stream
07-11 14:11:43.719 D/CheckInTransInfo( 3259): [null:-1]->CommandMsg : CommandMsg{CommandUUID='8a8088bf471a79ec0147240c96744667', Command=CommandObject{RequestType='InstallApplication'}}
07-11 14:11:43.719 D/DB      ( 3259): query: SQLiteQuery: SELECT * FROM command WHERE cmd_uuid='8a8088bf471a79ec0147240c96744667'
07-11 14:11:43.719 D/DB      ( 3259): factory null
07-11 14:11:43.719 D/DB      ( 3259): fillWindow: 0
07-11 14:11:43.719 D/DB      ( 3259): cursor 0
07-11 14:11:43.758 D/NetworkThread( 3259): [null:-1]->queue is empty, thread wait...
07-11 14:11:43.859 D/MdmService( 3259): [null:-1]->handleCheckInResult
07-11 14:11:43.859 D/MdmService( 3259): [null:-1]->handleCheckInResult result keyIndex: 3
07-11 14:11:43.859 D/CommandManager( 3259): [null:-1]->execute command: CommandMsg{CommandUUID='8a8088bf471a79ec0147240c96744667', Command=CommandObject{RequestType='InstallApplication'}}
07-11 14:11:43.859 D/TEST_ALL( 3259): [null:-1]->REQ_TYPE_INST_APP
07-11 14:11:43.867 E/DB      ( 3259): bind, index: 1, value: com.moji.mjweather
07-11 14:11:43.867 D/DB      ( 3259): query: SQLiteQuery: SELECT * FROM app WHERE package=?
07-11 14:11:43.867 D/DB      ( 3259): factory null
07-11 14:11:43.867 D/DB      ( 3259): fillWindow: 0
07-11 14:11:43.867 D/DB      ( 3259): cursor 0
07-11 14:11:43.867 D/DB      ( 3259): moveToPos: 0
07-11 14:11:43.914 D/DB      ( 3259): query: SQLiteQuery: SELECT * FROM app WHERE type = 51107
07-11 14:11:43.922 D/DB      ( 3259): factory null
07-11 14:11:43.922 D/DB      ( 3259): fillWindow: 0
07-11 14:11:43.922 D/DB      ( 3259): cursor 2
07-11 14:11:43.922 D/DB      ( 3259): query: SQLiteQuery: SELECT * FROM app WHERE readStatus =0
07-11 14:11:43.922 D/DB      ( 3259): factory null
07-11 14:11:43.922 D/DB      ( 3259): fillWindow: 0
07-11 14:11:43.922 D/DB      ( 3259): cursor 1
07-11 14:11:43.922 E/Mdm     ( 3259): Call Mdm service's recordIconCount function
07-11 14:11:43.945 D/DB      ( 3259): query: SQLiteQuery: SELECT * FROM app WHERE readStatus =0
07-11 14:11:43.945 D/DB      ( 3259): factory null
07-11 14:11:43.945 D/DB      ( 3259): fillWindow: 0
07-11 14:11:43.945 D/DB      ( 3259): cursor 1
07-11 14:11:43.961 D/DB      ( 3259): moveToPos: 0
07-11 14:11:43.961 D/DB      ( 3259): onMove: 0
07-11 14:11:43.961 D/DB      ( 3259): moveToPos: 1
07-11 14:11:43.961 D/DB      ( 3259): onMove: 1
07-11 14:11:43.961 D/DB      ( 3259): moveToPos: 2
07-11 14:11:44.008 I/AudioService(  374):  AudioFocus  requestAudioFocus() from android.media.AudioManager@426bcdb0
07-11 14:11:44.008 V/KeyguardHostView(  374): hide transport, gen:94
07-11 14:11:44.031 I/TransInfo( 3259): TransInfo created, id: 3, class: class com.pekall.emdm.transaction.b.c
07-11 14:11:44.031 D/NetworkThread( 3259): [null:-1]->----isRunning-----true
07-11 14:11:44.031 D/NetworkThread( 3259): [null:-1]->----isRunning-----true
07-11 14:11:44.031 D/NetworkThread( 3259): [null:-1]->thread wakeup
07-11 14:11:44.031 D/HttpClient( 3259): enable apache.http debug
07-11 14:11:44.039 V/DEBUG   ( 3259): HTTP 0
07-11 14:11:44.265 V/DEBUG   ( 3259): HTTP 1
07-11 14:11:44.273 D/MdmDatabaseHelper( 3259): [null:-1]->update command 8a8088bf471a79ec0147240c96744667 to status executed
07-11 14:11:44.312 D/NetworkThread( 3259): [null:-1]->queue is empty, thread wait...
07-11 14:11:44.375 D/MdmService( 3259): [null:-1]->handleCheckInResult
07-11 14:11:44.375 D/MdmService( 3259): [null:-1]->handleCheckInResult result keyIndex: 3
07-11 14:11:44.375 D/HandleCommandTask( 3259): [null:-1]->execute command msg but beanBase is null
07-11 14:11:44.375 D/MdmStatusManager( 3259): [null:-1]->change status to : Idle
07-11 14:11:45.164 I/AudioService(  374):  AudioFocus  abandonAudioFocus() from android.media.AudioManager@426bcdb0
07-11 14:11:45.172 V/KeyguardHostView(  374): hide transport, gen:95
07-11 14:11:54.859 D/AndroidRuntime(32379): 
07-11 14:11:54.859 D/AndroidRuntime(32379): >>>>>> AndroidRuntime START com.android.internal.os.RuntimeInit <<<<<<
07-11 14:11:54.859 D/AndroidRuntime(32379): CheckJNI is OFF
07-11 14:11:54.875 D/dalvikvm(32379): Trying to load lib libjavacore.so 0x0
07-11 14:11:54.883 D/dalvikvm(32379): Added shared lib libjavacore.so 0x0
07-11 14:11:54.898 D/dalvikvm(32379): Trying to load lib libnativehelper.so 0x0
07-11 14:11:54.898 D/dalvikvm(32379): Added shared lib libnativehelper.so 0x0
07-11 14:11:54.922 I/dalvikvm(32379): DexOpt: source file mod time mismatch (44eb6e7b vs 44eb714f)
07-11 14:11:54.922 D/dalvikvm(32379): ODEX file is stale or bad; removing and retrying (/data/local/tmp/dalvik-cache/data@local@tmp@MDMMobileTest.jar@classes.dex)
07-11 14:11:54.922 D/dalvikvm(32379): DexOpt: --- BEGIN 'MDMMobileTest.jar' (bootstrap=0) ---
07-11 14:11:54.976 D/dalvikvm(32380): DexOpt: load 8ms, verify+opt 4ms, 124100 bytes
07-11 14:11:55.000 D/dalvikvm(32379): DexOpt: --- END 'MDMMobileTest.jar' (success) ---
07-11 14:11:55.000 D/dalvikvm(32379): DEX prep '/data/local/tmp/MDMMobileTest.jar': unzip in 2ms, rewrite 79ms
07-11 14:11:55.203 D/AndroidRuntime(32379): Calling main entry com.android.commands.uiautomator.Launcher
07-11 14:11:55.234 E/UiDevice(32379): Exceuting watcher: ANRWatcher
07-11 14:11:55.234 E/UiDevice(32379): java.lang.RuntimeException: UiDevice not initialized
07-11 14:11:55.234 E/UiDevice(32379): 	at com.android.uiautomator.core.UiDevice.getAutomatorBridge(UiDevice.java:87)
07-11 14:11:55.234 E/UiDevice(32379): 	at com.android.uiautomator.core.UiDevice.wakeUp(UiDevice.java:719)
07-11 14:11:55.234 E/UiDevice(32379): 	at com.pekall.test.mdmui.util.UiANRWatcher.checkForCondition(UiANRWatcher.java:23)
07-11 14:11:55.234 E/UiDevice(32379): 	at com.android.uiautomator.core.UiDevice.runWatchers(UiDevice.java:554)
07-11 14:11:55.234 E/UiDevice(32379): 	at com.pekall.test.mdmui.util.UiANRWatcher.run(UiANRWatcher.java:41)
07-11 14:11:55.234 E/UiDevice(32379): 	at com.pekall.test.mdmui.App.<clinit>(App.java:24)
07-11 14:11:55.234 E/UiDevice(32379): 	at java.lang.Class.newInstanceImpl(Native Method)
07-11 14:11:55.234 E/UiDevice(32379): 	at java.lang.Class.newInstance(Class.java:1130)
07-11 14:11:55.234 E/UiDevice(32379): 	at com.android.uiautomator.testrunner.TestCaseCollector.addSingleTestMethod(TestCaseCollector.java:110)
07-11 14:11:55.234 E/UiDevice(32379): 	at com.android.uiautomator.testrunner.TestCaseCollector.addTestClass(TestCaseCollector.java:86)
07-11 14:11:55.234 E/UiDevice(32379): 	at com.android.uiautomator.testrunner.TestCaseCollector.addTestClass(TestCaseCollector.java:72)
07-11 14:11:55.234 E/UiDevice(32379): 	at com.android.uiautomator.testrunner.TestCaseCollector.addTestClasses(TestCaseCollector.java:53)
07-11 14:11:55.234 E/UiDevice(32379): 	at com.android.uiautomator.testrunner.UiAutomatorTestRunner.start(UiAutomatorTestRunner.java:106)
07-11 14:11:55.234 E/UiDevice(32379): 	at com.android.uiautomator.testrunner.UiAutomatorTestRunner.run(UiAutomatorTestRunner.java:96)
07-11 14:11:55.234 E/UiDevice(32379): 	at com.android.commands.uiautomator.RunTestCommand.run(RunTestCommand.java:91)
07-11 14:11:55.234 E/UiDevice(32379): 	at com.android.commands.uiautomator.Launcher.main(Launcher.java:83)
07-11 14:11:55.234 E/UiDevice(32379): 	at com.android.internal.os.RuntimeInit.nativeFinishInit(Native Method)
07-11 14:11:55.234 E/UiDevice(32379): 	at com.android.internal.os.RuntimeInit.main(RuntimeInit.java:235)
07-11 14:11:55.234 E/UiDevice(32379): 	at dalvik.system.NativeStart.main(Native Method)
07-11 14:11:55.258 D/dalvikvm(32379): Note: class Landroid/app/ActivityManagerNative; has 163 unimplemented (abstract) methods
07-11 14:11:55.312 I/PowerManagerService(  374): Waking up from sleep...
07-11 14:11:55.359 I/WindowManager(  374): Lock screen displayed!
07-11 14:11:55.656 D/dalvikvm(  833): GC_CONCURRENT freed 1347K, 18% free 12847K/15584K, paused 5ms+7ms, total 103ms
07-11 14:11:55.656 D/dalvikvm(  833): WAIT_FOR_CONCURRENT_GC blocked 68ms
07-11 14:11:55.672 D/PowerManagerService-JNI(  374): Excessive delay in autosuspend_disable() while turning screen on: 349ms
07-11 14:11:55.672 D/SurfaceFlinger(  124): Screen acquired, type=0 flinger=0x400b4008
07-11 14:11:55.734 V/DigitalWidgetViewsFactory(28000): DigitalWidget sets next alarm string to null
07-11 14:11:55.765 D/LightsService(  374): Excessive delay setting light: 98ms
07-11 14:11:55.976 D/AndroidRuntime(32399): 
07-11 14:11:55.976 D/AndroidRuntime(32399): >>>>>> AndroidRuntime START com.android.internal.os.RuntimeInit <<<<<<
07-11 14:11:55.976 D/AndroidRuntime(32399): CheckJNI is OFF
07-11 14:11:55.984 D/dalvikvm(32399): Trying to load lib libjavacore.so 0x0
07-11 14:11:55.992 D/dalvikvm(32399): Added shared lib libjavacore.so 0x0
07-11 14:11:56.000 D/dalvikvm(32399): Trying to load lib libnativehelper.so 0x0
07-11 14:11:56.000 D/dalvikvm(32399): Added shared lib libnativehelper.so 0x0
07-11 14:11:56.164 D/AndroidRuntime(32399): Calling main entry com.qihoo360.powerctl.root.app.App
07-11 14:11:56.172 D/AndroidRuntime(32399): Shutting down VM
07-11 14:11:56.172 D/dalvikvm(32399): Debugger has detached; object registry had 1 entries
07-11 14:11:56.172 I/AndroidRuntime(32399): NOTE: attach of thread 'Binder_1' failed
07-11 14:11:57.304 I/QueryController(32379): Matched selector: UiSelector[DESCRIPTION=] <<==>> [android.view.accessibility.AccessibilityNodeInfo@2b86e4; boundsInParent: Rect(0, 0 - 720, 756); boundsInScreen: Rect(0, 547 - 720, 1303); packageName: android; className: android.view.View; text: null; contentDescription: ; viewIdResName: android:id/glow_pad_view; checkable: false; checked: false; focusable: false; focused: false; selected: false; clickable: false; longClickable: false; enabled: true; password: false; scrollable: false; [ACTION_SELECT, ACTION_CLEAR_SELECTION, ACTION_ACCESSIBILITY_FOCUS, ACTION_NEXT_AT_MOVEMENT_GRANULARITY, ACTION_PREVIOUS_AT_MOVEMENT_GRANULARITY, ACTION_SET_SELECTION]]
07-11 14:11:57.312 W/GlowPadView(  374): The number of target drawables must be equal to the number of direction descriptions.
07-11 14:11:57.679 D/MdmApplication( 3259): [null:-1]->onActivityStarted market.activity.AppListActivity , mActivityCount = 3
07-11 14:11:57.679 D/MDM :   ( 3259): [null:-1]->query
07-11 14:11:57.679 D/MDM :   ( 3259): [null:-1]->QUERY_PINCODE_CHECK_RESULT
07-11 14:11:57.695 D/PhoneStatusBar(  450): disable: < expand icons alerts ticker system_info BACK HOME recent* CLOCK search >
07-11 14:11:57.711 D/NfcService(  592): NFC-C ON
07-11 14:11:57.765 D/PhoneStatusBar(  450): disable: < expand icons alerts ticker system_info back* home* recent clock* search >
07-11 14:11:57.797 D/mdm_log ( 3259): [null:-1]->has installed by.game.binumbers
07-11 14:11:57.851 W/InputMethodManagerService(  374): Window already focused, ignoring focus gain of: com.android.internal.view.IInputMethodClient$Stub$Proxy@42572890 attribute=android.view.inputmethod.EditorInfo@42683678, token = android.os.BinderProxy@42c86710
07-11 14:11:58.148 D/dalvikvm(  374): GC_CONCURRENT freed 2152K, 23% free 24048K/31224K, paused 6ms+24ms, total 355ms
07-11 14:11:58.226 V/TAG     (  374): bug 7643792: fitSystemWindows([0,50][0,0])
07-11 14:11:58.344 D/dalvikvm(20727): GC_CONCURRENT freed 355K, 8% free 10148K/10920K, paused 5ms+8ms, total 54ms
07-11 14:11:58.453 D/AndroidRuntime(32429): 
07-11 14:11:58.453 D/AndroidRuntime(32429): >>>>>> AndroidRuntime START com.android.internal.os.RuntimeInit <<<<<<
07-11 14:11:58.453 D/AndroidRuntime(32429): CheckJNI is OFF
07-11 14:11:58.469 D/dalvikvm(32429): Trying to load lib libjavacore.so 0x0
07-11 14:11:58.476 D/dalvikvm(32429): Added shared lib libjavacore.so 0x0
07-11 14:11:58.500 D/dalvikvm(32429): Trying to load lib libnativehelper.so 0x0
07-11 14:11:58.500 D/dalvikvm(32429): Added shared lib libnativehelper.so 0x0
07-11 14:11:58.554 I/RootJni (32435): su: permission denied
07-11 14:11:58.625 V/PanelView(  450): animationTick called with dtms=0; nothing to do (h=0.0 v=4000.0)
07-11 14:11:58.719 I/QueryController(32379): Matched selector: UiSelector[CONTAINS_TEXT=] <<==>> [android.view.accessibility.AccessibilityNodeInfo@409a5; boundsInParent: Rect(0, 0 - 434, 43); boundsInScreen: Rect(136, 423 - 570, 466); packageName: com.pekall.emdm; className: android.widget.TextView; text: ; contentDescription: null; viewIdResName: com.pekall.emdm:id/market_item_name; checkable: false; checked: false; focusable: false; focused: false; selected: false; clickable: false; longClickable: false; enabled: true; password: false; scrollable: false; [ACTION_SELECT, ACTION_CLEAR_SELECTION, ACTION_ACCESSIBILITY_FOCUS, ACTION_NEXT_AT_MOVEMENT_GRANULARITY, ACTION_PREVIOUS_AT_MOVEMENT_GRANULARITY, ACTION_SET_SELECTION]]
07-11 14:11:58.773 D/AndroidRuntime(32429): Calling main entry com.qihoo360.powerctl.root.app.App
07-11 14:11:58.773 D/AndroidRuntime(32429): Shutting down VM
07-11 14:11:58.773 I/AndroidRuntime(32429): NOTE: attach of thread 'Binder_1' failed
07-11 14:11:58.773 D/jdwp    (32429): Got wake-up signal, bailing out of select
07-11 14:11:58.773 D/dalvikvm(32429): Debugger has detached; object registry had 1 entries
07-11 14:11:58.836 D/SizeAdaptiveLayout(  450): com.android.internal.widget.SizeAdaptiveLayout{42389f18 V.E..... ......ID 0,0-720,128 #7f070058 app:id/adaptive}child view android.widget.LinearLayout{4221a9e8 V.E..... ......ID 0,0-720,124} measured out of bounds at 124px clamped to 128px
07-11 14:11:59.109 D/SizeAdaptiveLayout(  450): com.android.internal.widget.SizeAdaptiveLayout{42389f18 V.E..... ......ID 0,0-720,128 #7f070058 app:id/adaptive}child view android.widget.LinearLayout{4221a9e8 V.E..... ......ID 0,0-720,124} measured out of bounds at 124px clamped to 128px
07-11 14:11:59.164 W/QueryController(32379): AccessibilityNodeInfo returned a null child (0 of 2)
07-11 14:11:59.164 W/QueryController(32379): parent = android.view.accessibility.AccessibilityNodeInfo@3a089; boundsInParent: Rect(0, 0 - 720, 96); boundsInScreen: Rect(0, 146 - 720, 242); packageName: com.pekall.emdm; className: android.widget.TabWidget; text: null; contentDescription: null; viewIdResName: android:id/tabs; checkable: false; checked: false; focusable: true; focused: false; selected: false; clickable: false; longClickable: false; enabled: true; password: false; scrollable: false; [ACTION_FOCUS, ACTION_SELECT, ACTION_CLEAR_SELECTION, ACTION_ACCESSIBILITY_FOCUS]
07-11 14:11:59.164 W/QueryController(32379): AccessibilityNodeInfo returned a null child (1 of 2)
07-11 14:11:59.172 I/QueryController(32379): Matched selector: UiSelector[CONTAINS_TEXT=] <<==>> [android.view.accessibility.AccessibilityNodeInfo@409a5; boundsInParent: Rect(0, 0 - 434, 43); boundsInScreen: Rect(136, 423 - 570, 466); packageName: com.pekall.emdm; className: android.widget.TextView; text: ; contentDescription: null; viewIdResName: com.pekall.emdm:id/market_item_name; checkable: false; checked: false; focusable: false; focused: false; selected: false; clickable: false; longClickable: false; enabled: true; password: false; scrollable: false; [ACTION_SELECT, ACTION_CLEAR_SELECTION, ACTION_ACCESSIBILITY_FOCUS, ACTION_NEXT_AT_MOVEMENT_GRANULARITY, ACTION_PREVIOUS_AT_MOVEMENT_GRANULARITY, ACTION_SET_SELECTION]]
07-11 14:11:59.179 D/InteractionController(32379): clickAndWaitForNewWindow(353, 444)
07-11 14:11:59.390 D/MdmApplication( 3259): [null:-1]->onActivityPaused market.activity.AppListActivity , mActivityCount = 4
07-11 14:11:59.390 D/MDM :   ( 3259): [null:-1]->query
07-11 14:11:59.390 I/ActivityManager(  374): START u0 {act=android.intent.action.VIEW dat=http://play.google.com/store/apps/details?id=com.betterapps.dashclock.prokey flg=0x10000000 cmp=android/com.android.internal.app.ResolverActivity bnds=[0,382][720,510]} from pid -1
07-11 14:11:59.398 D/MDM :   ( 3259): [null:-1]->QUERY_PINCODE_CHECK_RESULT
07-11 14:11:59.398 E/Mdm     ( 3259): Call Mdm service's setLastExitTime function
07-11 14:11:59.398 W/KeyguardViewMediator(  374): verifyUnlock called when not externally disabled
07-11 14:11:59.398 V/PanelView(  450): animationTick called with dtms=0; nothing to do (h=1184.0 v=-4000.0)
07-11 14:11:59.429 I/ActivityManager(  374): Start proc system:ui for activity android/com.android.internal.app.ResolverActivity: pid=32444 uid=1000 gids={41000, 1015, 1028, 3002, 3001, 3003, 3007}
07-11 14:11:59.539 D/dalvikvm(  450): GC_CONCURRENT freed 2176K, 16% free 14891K/17536K, paused 4ms+28ms, total 96ms
07-11 14:11:59.890 I/ActivityManager(  374): Displayed android/com.android.internal.app.ResolverActivity: +481ms
07-11 14:12:00.609 D/dalvikvm(32444): GC_CONCURRENT freed 108K, 2% free 9208K/9352K, paused 4ms+5ms, total 37ms
07-11 14:12:02.234 D/dalvikvm(32444): GC_CONCURRENT freed 406K, 5% free 9201K/9640K, paused 3ms+9ms, total 43ms
07-11 14:12:03.250 D/dalvikvm(32444): GC_CONCURRENT freed 397K, 5% free 9197K/9640K, paused 3ms+3ms, total 30ms
07-11 14:12:04.062 D/dalvikvm(32379): GC_FOR_ALLOC freed 7582K, 93% free 608K/8192K, paused 36ms, total 36ms
07-11 14:12:04.203 D/dalvikvm(32444): GC_CONCURRENT freed 392K, 5% free 9196K/9640K, paused 3ms+2ms, total 36ms
07-11 14:12:04.289 D/dalvikvm(32379): GC_FOR_ALLOC freed 513K, 93% free 607K/8192K, paused 6ms, total 6ms
07-11 14:12:04.601 D/dalvikvm(  374): GC_FOR_ALLOC freed 2397K, 29% free 22394K/31216K, paused 107ms, total 107ms
07-11 14:12:04.711 D/dalvikvm(  374): GC_FOR_ALLOC freed 34K, 28% free 22732K/31216K, paused 97ms, total 97ms
07-11 14:12:04.711 I/dalvikvm-heap(  374): Grow heap (frag case) to 22.601MB for 380496-byte allocation
07-11 14:12:04.820 D/dalvikvm(  374): GC_FOR_ALLOC freed <1K, 27% free 23103K/31588K, paused 106ms, total 106ms
07-11 14:12:04.922 D/dalvikvm(  374): GC_FOR_ALLOC freed 743K, 30% free 22360K/31588K, paused 100ms, total 100ms
07-11 14:12:04.953 D/mdm_log ( 3259): [null:-1]->has installed by.game.binumbers
07-11 14:12:04.976 W/InputMethodManagerService(  374): Window already focused, ignoring focus gain of: com.android.internal.view.IInputMethodClient$Stub$Proxy@427d8fe8 attribute=null, token = android.os.BinderProxy@42c86710
07-11 14:12:05.062 I/ActivityManager(  374): No longer want com.android.keychain (pid 26486): empty #17
07-11 14:12:05.070 W/ActivityManager(  374): Duplicate finish request for ActivityRecord{42092048 u0 android/com.android.internal.app.ResolverActivity}
07-11 14:12:05.711 D/dalvikvm(32379): GC_FOR_ALLOC freed 480K, 65% free 638K/1792K, paused 10ms, total 10ms
07-11 14:12:05.828 I/QueryController(32379): Matched selector: UiSelector[TEXT=] <<==>> [android.view.accessibility.AccessibilityNodeInfo@409a5; boundsInParent: Rect(0, 0 - 434, 43); boundsInScreen: Rect(136, 423 - 570, 466); packageName: com.pekall.emdm; className: android.widget.TextView; text: ; contentDescription: null; viewIdResName: com.pekall.emdm:id/market_item_name; checkable: false; checked: false; focusable: false; focused: false; selected: false; clickable: false; longClickable: false; enabled: true; password: false; scrollable: false; [ACTION_SELECT, ACTION_CLEAR_SELECTION, ACTION_ACCESSIBILITY_FOCUS, ACTION_NEXT_AT_MOVEMENT_GRANULARITY, ACTION_PREVIOUS_AT_MOVEMENT_GRANULARITY, ACTION_SET_SELECTION]]
07-11 14:12:05.844 I/AndroidRuntime(32379): VM exiting with result code 0.
07-11 14:12:07.945 D/AndroidRuntime(32475): 
07-11 14:12:07.945 D/AndroidRuntime(32475): >>>>>> AndroidRuntime START com.android.internal.os.RuntimeInit <<<<<<
07-11 14:12:07.945 D/AndroidRuntime(32475): CheckJNI is OFF
07-11 14:12:07.961 D/dalvikvm(32475): Trying to load lib libjavacore.so 0x0
07-11 14:12:07.969 D/dalvikvm(32475): Added shared lib libjavacore.so 0x0
07-11 14:12:07.984 D/dalvikvm(32475): Trying to load lib libnativehelper.so 0x0
07-11 14:12:07.984 D/dalvikvm(32475): Added shared lib libnativehelper.so 0x0
07-11 14:12:08.211 D/AndroidRuntime(32475): Calling main entry com.android.commands.uiautomator.Launcher
07-11 14:12:08.242 E/UiDevice(32475): Exceuting watcher: ANRWatcher
07-11 14:12:08.242 E/UiDevice(32475): java.lang.RuntimeException: UiDevice not initialized
07-11 14:12:08.242 E/UiDevice(32475): 	at com.android.uiautomator.core.UiDevice.getAutomatorBridge(UiDevice.java:87)
07-11 14:12:08.242 E/UiDevice(32475): 	at com.android.uiautomator.core.UiDevice.wakeUp(UiDevice.java:719)
07-11 14:12:08.242 E/UiDevice(32475): 	at com.pekall.test.mdmui.util.UiANRWatcher.checkForCondition(UiANRWatcher.java:23)
07-11 14:12:08.242 E/UiDevice(32475): 	at com.android.uiautomator.core.UiDevice.runWatchers(UiDevice.java:554)
07-11 14:12:08.242 E/UiDevice(32475): 	at com.pekall.test.mdmui.util.UiANRWatcher.run(UiANRWatcher.java:41)
07-11 14:12:08.242 E/UiDevice(32475): 	at com.pekall.test.mdmui.App.<clinit>(App.java:24)
07-11 14:12:08.242 E/UiDevice(32475): 	at java.lang.Class.newInstanceImpl(Native Method)
07-11 14:12:08.242 E/UiDevice(32475): 	at java.lang.Class.newInstance(Class.java:1130)
07-11 14:12:08.242 E/UiDevice(32475): 	at com.android.uiautomator.testrunner.TestCaseCollector.addSingleTestMethod(TestCaseCollector.java:110)
07-11 14:12:08.242 E/UiDevice(32475): 	at com.android.uiautomator.testrunner.TestCaseCollector.addTestClass(TestCaseCollector.java:86)
07-11 14:12:08.242 E/UiDevice(32475): 	at com.android.uiautomator.testrunner.TestCaseCollector.addTestClass(TestCaseCollector.java:72)
07-11 14:12:08.242 E/UiDevice(32475): 	at com.android.uiautomator.testrunner.TestCaseCollector.addTestClasses(TestCaseCollector.java:53)
07-11 14:12:08.242 E/UiDevice(32475): 	at com.android.uiautomator.testrunner.UiAutomatorTestRunner.start(UiAutomatorTestRunner.java:106)
07-11 14:12:08.242 E/UiDevice(32475): 	at com.android.uiautomator.testrunner.UiAutomatorTestRunner.run(UiAutomatorTestRunner.java:96)
07-11 14:12:08.242 E/UiDevice(32475): 	at com.android.commands.uiautomator.RunTestCommand.run(RunTestCommand.java:91)
07-11 14:12:08.242 E/UiDevice(32475): 	at com.android.commands.uiautomator.Launcher.main(Launcher.java:83)
07-11 14:12:08.242 E/UiDevice(32475): 	at com.android.internal.os.RuntimeInit.nativeFinishInit(Native Method)
07-11 14:12:08.242 E/UiDevice(32475): 	at com.android.internal.os.RuntimeInit.main(RuntimeInit.java:235)
07-11 14:12:08.242 E/UiDevice(32475): 	at dalvik.system.NativeStart.main(Native Method)
07-11 14:12:08.258 D/dalvikvm(32475): Note: class Landroid/app/ActivityManagerNative; has 163 unimplemented (abstract) methods
07-11 14:12:08.867 I/QueryController(32475): Matched selector: UiSelector[TEXT=, CLASS=android.widget.TextView] <<==>> [android.view.accessibility.AccessibilityNodeInfo@409a5; boundsInParent: Rect(0, 0 - 434, 43); boundsInScreen: Rect(136, 423 - 570, 466); packageName: com.pekall.emdm; className: android.widget.TextView; text: ; contentDescription: null; viewIdResName: com.pekall.emdm:id/market_item_name; checkable: false; checked: false; focusable: false; focused: false; selected: false; clickable: false; longClickable: false; enabled: true; password: false; scrollable: false; [ACTION_SELECT, ACTION_CLEAR_SELECTION, ACTION_ACCESSIBILITY_FOCUS, ACTION_NEXT_AT_MOVEMENT_GRANULARITY, ACTION_PREVIOUS_AT_MOVEMENT_GRANULARITY, ACTION_SET_SELECTION]]
07-11 14:12:08.867 D/InteractionController(32475): clickAndWaitForNewWindow(353, 444)
07-11 14:12:09.047 D/mdm_market( 3259): [null:-1]->appinfo : AppInfo{appName='', pkgName='com.moji.mjweather', appVersionCode=33002, appVersionName='3.30.02', appIcon='https://192.168.10.91/resources/api/v1/download/guest?uuid=754d276aeb8d43b4d38614e83b87', appImages='https://192.168.10.91/resources/api/v1/download/guest?uuid=ff8db40b13d1480690f15fe838b1', appSize='10418000', appTag='', appUUID='8a8088bf471a79ec01471a8b5d4c00de', downloadStatus='0', readStatus='0', type='51107', url='https://192.168.10.91/resources/api/v1/download/guest?uuid=b8990980c21a451625892eb7a93a', description='', instantInstall='', time='1405059103877', enforceAppPolicy=''}
07-11 14:12:09.047 I/ActivityManager(  374): START u0 {cmp=com.pekall.emdm/.market.activity.AppDetailActivity (has extras)} from pid 3259
07-11 14:12:09.195 D/dalvikvm(  374): GC_FOR_ALLOC freed 52K, 27% free 23106K/31588K, paused 93ms, total 95ms
07-11 14:12:09.195 I/dalvikvm-heap(  374): Grow heap (frag case) to 22.966MB for 380496-byte allocation
07-11 14:12:09.297 D/dalvikvm(  374): GC_FOR_ALLOC freed 11K, 27% free 23467K/31960K, paused 100ms, total 100ms
07-11 14:12:09.390 D/dalvikvm(  374): GC_FOR_ALLOC freed 745K, 29% free 22721K/31960K, paused 92ms, total 92ms
07-11 14:12:09.398 D/MdmApplication( 3259): [null:-1]->onActivityPaused market.activity.AppListActivity , mActivityCount = 3
07-11 14:12:09.398 D/MDM :   ( 3259): [null:-1]->query
07-11 14:12:09.398 D/MDM :   ( 3259): [null:-1]->QUERY_PINCODE_CHECK_RESULT
07-11 14:12:09.398 E/Mdm     ( 3259): Call Mdm service's setLastExitTime function
07-11 14:12:09.562 D/dalvikvm( 3259): GC_FOR_ALLOC freed 8958K, 28% free 18581K/25600K, paused 80ms, total 80ms
07-11 14:12:09.570 D/MdmApplication( 3259): [null:-1]->onActivityStarted market.activity.AppDetailActivity , mActivityCount = 2
07-11 14:12:09.570 D/MDM :   ( 3259): [null:-1]->query
07-11 14:12:09.570 D/MDM :   ( 3259): [null:-1]->QUERY_PINCODE_CHECK_RESULT
07-11 14:12:09.570 W/System.err( 3259): android.content.pm.PackageManager$NameNotFoundException: com.moji.mjweather
07-11 14:12:09.578 W/System.err( 3259): 	at android.app.ApplicationPackageManager.getPackageInfo(ApplicationPackageManager.java:81)
07-11 14:12:09.578 W/System.err( 3259): 	at com.pekall.emdm.market.activity.AppDetailActivity.onResume(Unknown Source)
07-11 14:12:09.578 W/System.err( 3259): 	at android.app.Instrumentation.callActivityOnResume(Instrumentation.java:1192)
07-11 14:12:09.578 W/System.err( 3259): 	at android.app.Activity.performResume(Activity.java:5211)
07-11 14:12:09.578 W/System.err( 3259): 	at android.app.ActivityThread.performResumeActivity(ActivityThread.java:2780)
07-11 14:12:09.578 W/System.err( 3259): 	at android.app.ActivityThread.handleResumeActivity(ActivityThread.java:2819)
07-11 14:12:09.578 W/System.err( 3259): 	at android.app.ActivityThread.handleLaunchActivity(ActivityThread.java:2266)
07-11 14:12:09.578 W/System.err( 3259): 	at android.app.ActivityThread.access$600(ActivityThread.java:141)
07-11 14:12:09.578 W/System.err( 3259): 	at android.app.ActivityThread$H.handleMessage(ActivityThread.java:1256)
07-11 14:12:09.578 W/System.err( 3259): 	at android.os.Handler.dispatchMessage(Handler.java:99)
07-11 14:12:09.578 W/System.err( 3259): 	at android.os.Looper.loop(Looper.java:137)
07-11 14:12:09.578 W/System.err( 3259): 	at android.app.ActivityThread.main(ActivityThread.java:5103)
07-11 14:12:09.578 W/System.err( 3259): 	at java.lang.reflect.Method.invokeNative(Native Method)
07-11 14:12:09.578 W/System.err( 3259): 	at java.lang.reflect.Method.invoke(Method.java:525)
07-11 14:12:09.578 W/System.err( 3259): 	at com.android.internal.os.ZygoteInit$MethodAndArgsCaller.run(ZygoteInit.java:737)
07-11 14:12:09.578 W/System.err( 3259): 	at com.android.internal.os.ZygoteInit.main(ZygoteInit.java:553)
07-11 14:12:09.578 W/System.err( 3259): 	at dalvik.system.NativeStart.main(Native Method)
07-11 14:12:09.586 D/ypy     ( 3259): [null:-1]-> ================ checkDownLoadStatus status is 0
07-11 14:12:09.804 I/ActivityManager(  374): Displayed com.pekall.emdm/.market.activity.AppDetailActivity: +388ms
07-11 14:12:10.500 I/QueryController(32475): Matched selector: UiSelector[TEXT=, CLASS=android.widget.TextView] <<==>> [android.view.accessibility.AccessibilityNodeInfo@47a49; boundsInParent: Rect(0, 0 - 680, 38); boundsInScreen: Rect(20, 959 - 700, 997); packageName: com.pekall.emdm; className: android.widget.TextView; text: ; contentDescription: null; viewIdResName: com.pekall.emdm:id/market_app_introduce_content; checkable: false; checked: false; focusable: false; focused: false; selected: false; clickable: false; longClickable: false; enabled: true; password: false; scrollable: false; [ACTION_SELECT, ACTION_CLEAR_SELECTION, ACTION_ACCESSIBILITY_FOCUS, ACTION_NEXT_AT_MOVEMENT_GRANULARITY, ACTION_PREVIOUS_AT_MOVEMENT_GRANULARITY, ACTION_SET_SELECTION]]
07-11 14:12:10.554 I/QueryController(32475): Matched selector: UiSelector[TEXT=, CLASS=android.widget.TextView] <<==>> [android.view.accessibility.AccessibilityNodeInfo@490cf; boundsInParent: Rect(0, 0 - 298, 43); boundsInScreen: Rect(136, 173 - 434, 216); packageName: com.pekall.emdm; className: android.widget.TextView; text: ; contentDescription: null; viewIdResName: com.pekall.emdm:id/market_detail_name; checkable: false; checked: false; focusable: false; focused: false; selected: false; clickable: false; longClickable: false; enabled: true; password: false; scrollable: false; [ACTION_SELECT, ACTION_CLEAR_SELECTION, ACTION_ACCESSIBILITY_FOCUS, ACTION_NEXT_AT_MOVEMENT_GRANULARITY, ACTION_PREVIOUS_AT_MOVEMENT_GRANULARITY, ACTION_SET_SELECTION]]
07-11 14:12:10.562 D/InteractionController(32475): clickAndWaitForNewWindow(285, 194)
07-11 14:12:11.297 D/dalvikvm(  577): GC_EXPLICIT freed 336K, 7% free 11554K/12344K, paused 5ms+6ms, total 48ms
07-11 14:12:13.672 W/InteractionController(32475): runAndwaitForEvent timedout waiting for events
07-11 14:12:13.890 I/QueryController(32475): Matched selector: UiSelector[TEXT=] <<==>> [android.view.accessibility.AccessibilityNodeInfo@490cf; boundsInParent: Rect(0, 0 - 298, 43); boundsInScreen: Rect(136, 173 - 434, 216); packageName: com.pekall.emdm; className: android.widget.TextView; text: ; contentDescription: null; viewIdResName: com.pekall.emdm:id/market_detail_name; checkable: false; checked: false; focusable: false; focused: false; selected: false; clickable: false; longClickable: false; enabled: true; password: false; scrollable: false; [ACTION_SELECT, ACTION_CLEAR_SELECTION, ACTION_ACCESSIBILITY_FOCUS, ACTION_NEXT_AT_MOVEMENT_GRANULARITY, ACTION_PREVIOUS_AT_MOVEMENT_GRANULARITY, ACTION_SET_SELECTION]]
07-11 14:12:13.914 I/QueryController(32475): Matched selector: UiSelector[TEXT=, CLASS=android.widget.Button] <<==>> [android.view.accessibility.AccessibilityNodeInfo@463c3; boundsInParent: Rect(0, 0 - 640, 76); boundsInScreen: Rect(40, 1068 - 680, 1144); packageName: com.pekall.emdm; className: android.widget.Button; text: ; contentDescription: null; viewIdResName: com.pekall.emdm:id/market_app_detail_download_btn; checkable: false; checked: false; focusable: true; focused: false; selected: false; clickable: true; longClickable: false; enabled: true; password: false; scrollable: false; [ACTION_FOCUS, ACTION_SELECT, ACTION_CLEAR_SELECTION, ACTION_CLICK, ACTION_ACCESSIBILITY_FOCUS, ACTION_NEXT_AT_MOVEMENT_GRANULARITY, ACTION_PREVIOUS_AT_MOVEMENT_GRANULARITY, ACTION_SET_SELECTION]]
07-11 14:12:13.914 D/InteractionController(32475): clickAndSync(360, 1106)
07-11 14:12:14.031 D/MarketDatabaseHelper( 3259): [null:-1]->----------urlStr =com.moji.mjweather
07-11 14:12:14.031 E/DB      ( 3259): bind, index: 1, value: com.moji.mjweather
07-11 14:12:14.031 D/DB      ( 3259): query: SQLiteQuery: SELECT package, endPos, status, size, downloadUrl FROM app WHERE package=?
07-11 14:12:14.031 D/DB      ( 3259): factory null
07-11 14:12:14.031 D/DB      ( 3259): fillWindow: 0
07-11 14:12:14.031 D/DB      ( 3259): cursor 1
07-11 14:12:14.031 D/DB      ( 3259): moveToPos: 0
07-11 14:12:14.031 D/DB      ( 3259): onMove: 0
07-11 14:12:14.039 D/mdm_log ( 3259): [null:-1]->info.downLoadPos  : 0
07-11 14:12:14.039 D/mdm_log ( 3259): [null:-1]->file.length  : 0
07-11 14:12:14.047 D/ypy     ( 3259): [null:-1]-> ================ checkDownLoadStatus status is 1
07-11 14:12:14.258 D/DB      ( 3259): query: SQLiteQuery: SELECT * FROM app WHERE type = 51107
07-11 14:12:14.258 D/DB      ( 3259): factory null
07-11 14:12:14.258 D/DB      ( 3259): fillWindow: 0
07-11 14:12:14.258 D/DB      ( 3259): cursor 2
07-11 14:12:14.258 D/DB      ( 3259): query: SQLiteQuery: SELECT * FROM app WHERE readStatus =0
07-11 14:12:14.258 D/DB      ( 3259): factory null
07-11 14:12:14.258 D/DB      ( 3259): fillWindow: 0
07-11 14:12:14.265 D/DB      ( 3259): cursor 0
07-11 14:12:14.265 E/Mdm     ( 3259): Call Mdm service's recordIconCount function
07-11 14:12:14.281 D/mdm_log ( 3259): [null:-1]->lastModifiedDate : null
07-11 14:12:14.281 D/mdm_log ( 3259): [null:-1]->serverLastModifiedDate : null
07-11 14:12:14.289 D/DB      ( 3259): moveToPos: 0
07-11 14:12:14.289 D/DB      ( 3259): onMove: 0
07-11 14:12:14.297 D/DB      ( 3259): moveToPos: 1
07-11 14:12:14.297 D/DB      ( 3259): onMove: 1
07-11 14:12:14.297 D/DB      ( 3259): moveToPos: 2
07-11 14:12:15.687 D/dalvikvm(20727): GC_CONCURRENT freed 422K, 8% free 10115K/10920K, paused 3ms+2ms, total 47ms
07-11 14:12:19.359 D/dalvikvm(32475): GC_FOR_ALLOC freed 7573K, 93% free 617K/8192K, paused 49ms, total 49ms
07-11 14:12:19.664 D/dalvikvm( 3259): JIT code cache reset in 10 ms (1048372 bytes 2/0)
07-11 14:12:19.679 D/dalvikvm( 3259): GC_FOR_ALLOC freed 3094K, 27% free 18732K/25600K, paused 70ms, total 70ms
07-11 14:12:19.890 D/dalvikvm(32475): GC_FOR_ALLOC freed 493K, 93% free 636K/8192K, paused 6ms, total 7ms
07-11 14:12:20.289 D/dalvikvm(32475): GC_FOR_ALLOC freed 535K, 62% free 612K/1580K, paused 10ms, total 10ms
07-11 14:12:20.719 D/dalvikvm(32475): GC_FOR_ALLOC freed 507K, 61% free 616K/1580K, paused 14ms, total 14ms
07-11 14:12:21.031 D/dalvikvm(32475): GC_FOR_ALLOC freed 492K, 60% free 636K/1580K, paused 8ms, total 8ms
07-11 14:12:21.390 D/dalvikvm(32475): GC_FOR_ALLOC freed 535K, 62% free 612K/1580K, paused 8ms, total 8ms
07-11 14:12:21.773 D/dalvikvm(32475): GC_FOR_ALLOC freed 504K, 61% free 619K/1580K, paused 12ms, total 12ms
07-11 14:12:22.117 D/dalvikvm(32475): GC_FOR_ALLOC freed 497K, 60% free 634K/1580K, paused 8ms, total 8ms
07-11 14:12:22.461 D/dalvikvm(32475): GC_FOR_ALLOC freed 533K, 62% free 612K/1580K, paused 8ms, total 8ms
07-11 14:12:22.890 D/dalvikvm(32475): GC_FOR_ALLOC freed 503K, 61% free 620K/1580K, paused 10ms, total 10ms
07-11 14:12:23.234 D/dalvikvm(32475): GC_FOR_ALLOC freed 498K, 60% free 633K/1580K, paused 8ms, total 8ms
07-11 14:12:23.547 D/dalvikvm(32475): GC_FOR_ALLOC freed 517K, 61% free 628K/1580K, paused 8ms, total 8ms
07-11 14:12:23.898 D/dalvikvm(32475): GC_FOR_ALLOC freed 516K, 61% free 623K/1580K, paused 11ms, total 11ms
07-11 14:12:24.226 D/dalvikvm(32475): GC_FOR_ALLOC freed 504K, 61% free 631K/1580K, paused 8ms, total 9ms
07-11 14:12:24.547 D/dalvikvm(32475): GC_FOR_ALLOC freed 530K, 62% free 612K/1580K, paused 6ms, total 6ms
07-11 14:12:24.922 D/dalvikvm(32475): GC_FOR_ALLOC freed 500K, 61% free 624K/1580K, paused 12ms, total 12ms
07-11 14:12:25.242 D/dalvikvm(32475): GC_FOR_ALLOC freed 505K, 61% free 630K/1580K, paused 9ms, total 9ms
07-11 14:12:25.570 D/dalvikvm(32475): GC_FOR_ALLOC freed 515K, 61% free 627K/1580K, paused 10ms, total 10ms
07-11 14:12:25.976 D/dalvikvm(32475): GC_FOR_ALLOC freed 512K, 61% free 627K/1580K, paused 7ms, total 7ms
07-11 14:12:26.297 D/dalvikvm(32475): GC_FOR_ALLOC freed 510K, 61% free 628K/1580K, paused 11ms, total 11ms
07-11 14:12:26.625 D/dalvikvm(32475): GC_FOR_ALLOC freed 530K, 62% free 609K/1580K, paused 6ms, total 6ms
07-11 14:12:27.000 D/dalvikvm(32475): GC_FOR_ALLOC freed 493K, 61% free 628K/1580K, paused 8ms, total 8ms
07-11 14:12:27.226 D/MdmService( 3259): [null:-1]->receiver action :com.pekall.mdm.action.MDM_ALARM
07-11 14:12:27.258 D/MdmService( 3259): [null:-1]->keepAliveWithPushServer client is opened:true
07-11 14:12:27.258 D/MDM :   ( 3259): [null:-1]->ping!!!!!!!!!
07-11 14:12:27.273 D/MdmService( 3259): [null:-1]->pushUrl : ws://192.168.10.91:9070/websocket
07-11 14:12:27.281 D/MDM :   ( 3259): [null:-1]->mMdmPushClient is :not null
07-11 14:12:27.281 D/MDM :   ( 3259): [null:-1]->mMdmPushClient opened : opened
07-11 14:12:27.281 D/MDM :   ( 3259): [null:-1]->MSG_WEBSOCKET_PONG
07-11 14:12:27.375 D/dalvikvm(32475): GC_FOR_ALLOC freed 512K, 61% free 627K/1580K, paused 8ms, total 8ms
07-11 14:12:27.797 D/dalvikvm(32475): GC_FOR_ALLOC freed 530K, 62% free 609K/1580K, paused 6ms, total 6ms
07-11 14:12:28.140 D/dalvikvm(32475): GC_FOR_ALLOC freed 490K, 61% free 630K/1580K, paused 9ms, total 9ms
07-11 14:12:28.476 D/dalvikvm(32475): GC_FOR_ALLOC freed 516K, 61% free 626K/1580K, paused 7ms, total 7ms
07-11 14:12:28.851 D/dalvikvm(32475): GC_FOR_ALLOC freed 527K, 62% free 610K/1580K, paused 9ms, total 9ms
07-11 14:12:29.234 D/dalvikvm( 3259): GC_FOR_ALLOC freed 3341K, 28% free 18686K/25600K, paused 75ms, total 75ms
07-11 14:12:29.344 D/dalvikvm(32475): GC_FOR_ALLOC freed 491K, 61% free 631K/1580K, paused 7ms, total 7ms
07-11 14:12:29.640 D/dalvikvm(32475): GC_FOR_ALLOC freed 533K, 62% free 610K/1580K, paused 8ms, total 8ms
07-11 14:12:29.984 D/dalvikvm(32475): GC_FOR_ALLOC freed 509K, 62% free 612K/1580K, paused 6ms, total 7ms
07-11 14:12:30.101 W/MountService(  374): getVolumeState(/storage/emulated/0/external_sd): Unknown volume
07-11 14:12:30.133 W/MountService(  374): getVolumeState(/mnt/sdcard-ext): Unknown volume
07-11 14:12:30.133 W/MountService(  374): getVolumeState(/mnt/ext_sdcard): Unknown volume
07-11 14:12:30.133 W/MountService(  374): getVolumeState(/mnt/sdcard2): Unknown volume
07-11 14:12:30.140 W/MountService(  374): getVolumeState(/mnt/emmc): Unknown volume
07-11 14:12:30.156 D/dalvikvm(27881): GC_CONCURRENT freed 387K, 7% free 9391K/10044K, paused 5ms+10ms, total 55ms
07-11 14:12:30.156 D/dalvikvm(27881): WAIT_FOR_CONCURRENT_GC blocked 37ms
07-11 14:12:30.164 W/MountService(  374): getVolumeState(/mnt/extSdCard): Unknown volume
07-11 14:12:30.164 W/MountService(  374): getVolumeState(/mnt/sdcard/SD_CARD): Unknown volume
07-11 14:12:30.172 W/MountService(  374): getVolumeState(/mnt/sdcard/extra_sd): Unknown volume
07-11 14:12:30.172 W/MountService(  374): getVolumeState(/mnt/extrasd_bind): Unknown volume
07-11 14:12:30.172 W/MountService(  374): getVolumeState(/mnt/sdcard/ext_sd): Unknown volume
