07-11 13:53:40.312 I/QueryController(29757): Matched selector: UiSelector[TEXT=, CLASS=android.widget.TextView] <<==>> [android.view.accessibility.AccessibilityNodeInfo@33764; boundsInParent: Rect(0, 0 - 298, 43); boundsInScreen: Rect(136, 173 - 434, 216); packageName: com.pekall.emdm; className: android.widget.TextView; text: ; contentDescription: null; viewIdResName: com.pekall.emdm:id/market_detail_name; checkable: false; checked: false; focusable: false; focused: false; selected: false; clickable: false; longClickable: false; enabled: true; password: false; scrollable: false; [ACTION_SELECT, ACTION_CLEAR_SELECTION, ACTION_ACCESSIBILITY_FOCUS, ACTION_NEXT_AT_MOVEMENT_GRANULARITY, ACTION_PREVIOUS_AT_MOVEMENT_GRANULARITY, ACTION_SET_SELECTION]]
07-11 13:53:40.312 D/InteractionController(29757): clickAndWaitForNewWindow(285, 194)
07-11 13:53:43.422 W/InteractionController(29757): runAndwaitForEvent timedout waiting for events
07-11 13:53:43.633 I/QueryController(29757): Matched selector: UiSelector[TEXT=] <<==>> [android.view.accessibility.AccessibilityNodeInfo@33764; boundsInParent: Rect(0, 0 - 298, 43); boundsInScreen: Rect(136, 173 - 434, 216); packageName: com.pekall.emdm; className: android.widget.TextView; text: ; contentDescription: null; viewIdResName: com.pekall.emdm:id/market_detail_name; checkable: false; checked: false; focusable: false; focused: false; selected: false; clickable: false; longClickable: false; enabled: true; password: false; scrollable: false; [ACTION_SELECT, ACTION_CLEAR_SELECTION, ACTION_ACCESSIBILITY_FOCUS, ACTION_NEXT_AT_MOVEMENT_GRANULARITY, ACTION_PREVIOUS_AT_MOVEMENT_GRANULARITY, ACTION_SET_SELECTION]]
07-11 13:53:43.656 I/QueryController(29757): Matched selector: UiSelector[TEXT=, CLASS=android.widget.Button] <<==>> [android.view.accessibility.AccessibilityNodeInfo@30a58; boundsInParent: Rect(0, 0 - 640, 76); boundsInScreen: Rect(40, 1068 - 680, 1144); packageName: com.pekall.emdm; className: android.widget.Button; text: ; contentDescription: null; viewIdResName: com.pekall.emdm:id/market_app_detail_download_btn; checkable: false; checked: false; focusable: true; focused: false; selected: false; clickable: true; longClickable: false; enabled: true; password: false; scrollable: false; [ACTION_FOCUS, ACTION_SELECT, ACTION_CLEAR_SELECTION, ACTION_CLICK, ACTION_ACCESSIBILITY_FOCUS, ACTION_NEXT_AT_MOVEMENT_GRANULARITY, ACTION_PREVIOUS_AT_MOVEMENT_GRANULARITY, ACTION_SET_SELECTION]]
07-11 13:53:43.656 D/InteractionController(29757): clickAndSync(360, 1106)
07-11 13:53:43.773 D/mdm_log ( 3259): [null:-1]->info.downLoadPos  : 0
07-11 13:53:43.773 D/mdm_log ( 3259): [null:-1]->file.length  : 0
07-11 13:53:43.773 D/ypy     ( 3259): [null:-1]-> ================ checkDownLoadStatus status is 1
07-11 13:53:44.015 D/DB      ( 3259): query: SQLiteQuery: SELECT * FROM app WHERE readStatus =0
07-11 13:53:44.015 D/DB      ( 3259): factory null
07-11 13:53:44.015 D/DB      ( 3259): fillWindow: 0
07-11 13:53:44.015 D/DB      ( 3259): cursor 1
07-11 13:53:44.023 D/DB      ( 3259): query: SQLiteQuery: SELECT * FROM app WHERE type = 51107
07-11 13:53:44.023 D/DB      ( 3259): factory null
07-11 13:53:44.023 D/DB      ( 3259): fillWindow: 0
07-11 13:53:44.023 D/DB      ( 3259): cursor 2
07-11 13:53:44.023 E/Mdm     ( 3259): Call Mdm service's recordIconCount function
07-11 13:53:44.023 D/mdm_log ( 3259): [null:-1]->lastModifiedDate : null
07-11 13:53:44.023 D/mdm_log ( 3259): [null:-1]->serverLastModifiedDate : null
07-11 13:53:44.039 D/DB      ( 3259): moveToPos: 0
07-11 13:53:44.039 D/DB      ( 3259): onMove: 0
07-11 13:53:44.039 D/DB      ( 3259): moveToPos: 1
07-11 13:53:44.039 D/DB      ( 3259): onMove: 1
07-11 13:53:44.039 D/DB      ( 3259): moveToPos: 2
07-11 13:53:44.765 W/Settings(25429): Setting airplane_mode_on has moved from android.provider.Settings.System to android.provider.Settings.Global, returning read-only value.
07-11 13:53:44.765 W/Settings(25429): Setting mobile_data has moved from android.provider.Settings.Secure to android.provider.Settings.Global.
07-11 13:53:44.765 D/BluetoothAdapter(25429): 1108510848: getState() :  mService = null. Returning STATE_OFF
07-11 13:53:44.773 W/Settings(25429): Setting airplane_mode_on has moved from android.provider.Settings.System to android.provider.Settings.Global, returning read-only value.
07-11 13:53:44.789 W/Settings(25429): Setting airplane_mode_on has moved from android.provider.Settings.System to android.provider.Settings.Global, returning read-only value.
07-11 13:53:44.797 W/Settings(25429): Setting mobile_data has moved from android.provider.Settings.Secure to android.provider.Settings.Global.
07-11 13:53:44.797 D/BluetoothAdapter(25429): 1108510848: getState() :  mService = null. Returning STATE_OFF
07-11 13:53:44.797 W/Settings(25429): Setting airplane_mode_on has moved from android.provider.Settings.System to android.provider.Settings.Global, returning read-only value.
07-11 13:53:44.820 W/Settings(25429): Setting airplane_mode_on has moved from android.provider.Settings.System to android.provider.Settings.Global, returning read-only value.
07-11 13:53:44.820 W/Settings(25429): Setting mobile_data has moved from android.provider.Settings.Secure to android.provider.Settings.Global.
07-11 13:53:44.820 D/BluetoothAdapter(25429): 1108510848: getState() :  mService = null. Returning STATE_OFF
07-11 13:53:44.820 W/Settings(25429): Setting airplane_mode_on has moved from android.provider.Settings.System to android.provider.Settings.Global, returning read-only value.
07-11 13:53:48.812 D/dalvikvm(29757): GC_FOR_ALLOC freed 7551K, 93% free 639K/8192K, paused 39ms, total 39ms
07-11 13:53:49.195 D/dalvikvm(29757): GC_FOR_ALLOC freed 526K, 93% free 625K/8192K, paused 6ms, total 7ms
07-11 13:53:49.367 D/dalvikvm( 3259): GC_FOR_ALLOC freed 2814K, 29% free 18311K/25748K, paused 82ms, total 87ms
07-11 13:53:49.633 D/dalvikvm(29757): GC_FOR_ALLOC freed 494K, 70% free 642K/2088K, paused 12ms, total 12ms
07-11 13:53:49.945 D/dalvikvm(29757): GC_FOR_ALLOC freed 535K, 71% free 619K/2088K, paused 10ms, total 10ms
07-11 13:53:50.289 D/dalvikvm(29757): GC_FOR_ALLOC freed 504K, 70% free 626K/2088K, paused 8ms, total 8ms
07-11 13:53:50.570 D/dalvikvm(29757): GC_FOR_ALLOC freed 497K, 70% free 641K/2088K, paused 10ms, total 10ms
07-11 13:53:50.867 D/dalvikvm(29757): GC_FOR_ALLOC freed 532K, 71% free 620K/2088K, paused 7ms, total 7ms
07-11 13:53:51.219 D/dalvikvm(29757): GC_FOR_ALLOC freed 503K, 70% free 628K/2088K, paused 8ms, total 8ms
07-11 13:53:51.484 D/dalvikvm(29757): GC_FOR_ALLOC freed 500K, 70% free 640K/2088K, paused 9ms, total 9ms
07-11 13:53:51.797 D/dalvikvm(29757): GC_FOR_ALLOC freed 532K, 71% free 620K/2088K, paused 9ms, total 9ms
07-11 13:53:52.117 D/dalvikvm(29757): GC_FOR_ALLOC freed 502K, 70% free 630K/2088K, paused 12ms, total 13ms
07-11 13:53:52.414 D/dalvikvm(29757): GC_FOR_ALLOC freed 502K, 70% free 639K/2088K, paused 8ms, total 8ms
07-11 13:53:52.726 D/dalvikvm(29757): GC_FOR_ALLOC freed 531K, 71% free 620K/2088K, paused 9ms, total 9ms
07-11 13:53:53.031 D/dalvikvm(29757): GC_FOR_ALLOC freed 499K, 70% free 632K/2088K, paused 9ms, total 9ms
07-11 13:53:53.312 D/dalvikvm(29757): GC_FOR_ALLOC freed 505K, 70% free 638K/2088K, paused 6ms, total 7ms
07-11 13:53:53.633 D/dalvikvm(29757): GC_FOR_ALLOC freed 531K, 71% free 619K/2088K, paused 7ms, total 7ms
07-11 13:53:53.976 D/dalvikvm(29757): GC_FOR_ALLOC freed 498K, 70% free 633K/2088K, paused 8ms, total 8ms
07-11 13:53:54.265 D/dalvikvm(29757): GC_FOR_ALLOC freed 507K, 70% free 637K/2088K, paused 8ms, total 8ms
07-11 13:53:54.586 D/dalvikvm(29757): GC_FOR_ALLOC freed 514K, 70% free 635K/2088K, paused 9ms, total 9ms
07-11 13:53:54.937 D/dalvikvm(29757): GC_FOR_ALLOC freed 511K, 70% free 635K/2088K, paused 8ms, total 8ms
07-11 13:53:55.211 D/dalvikvm(29757): GC_FOR_ALLOC freed 510K, 70% free 636K/2088K, paused 7ms, total 8ms
07-11 13:53:55.492 D/dalvikvm(29757): GC_FOR_ALLOC freed 530K, 71% free 617K/2088K, paused 6ms, total 7ms
07-11 13:53:55.789 D/dalvikvm(29757): GC_FOR_ALLOC freed 493K, 70% free 636K/2088K, paused 7ms, total 7ms
07-11 13:53:56.086 D/dalvikvm(29757): GC_FOR_ALLOC freed 512K, 70% free 635K/2088K, paused 8ms, total 9ms
07-11 13:53:56.398 D/dalvikvm(29757): GC_FOR_ALLOC freed 529K, 71% free 617K/2088K, paused 9ms, total 9ms
07-11 13:53:56.679 D/dalvikvm(29757): GC_FOR_ALLOC freed 491K, 70% free 638K/2088K, paused 7ms, total 7ms
07-11 13:53:56.945 D/dalvikvm(29757): GC_FOR_ALLOC freed 515K, 70% free 634K/2088K, paused 8ms, total 9ms
07-11 13:53:57.328 D/dalvikvm(29757): GC_FOR_ALLOC freed 527K, 71% free 618K/2088K, paused 10ms, total 10ms
07-11 13:53:57.461 D/dalvikvm( 3259): GC_FOR_ALLOC freed 3317K, 30% free 18149K/25748K, paused 84ms, total 84ms
07-11 13:53:57.687 D/dalvikvm(29757): GC_FOR_ALLOC freed 491K, 70% free 639K/2088K, paused 7ms, total 7ms
07-11 13:53:57.945 D/dalvikvm(29757): GC_FOR_ALLOC freed 517K, 70% free 633K/2088K, paused 8ms, total 8ms
07-11 13:53:58.289 D/dalvikvm(29757): GC_FOR_ALLOC freed 524K, 71% free 620K/2088K, paused 8ms, total 8ms
07-11 13:53:58.578 D/dalvikvm(29757): GC_FOR_ALLOC freed 491K, 70% free 641K/2088K, paused 7ms, total 7ms
07-11 13:53:58.890 D/dalvikvm(29757): GC_FOR_ALLOC freed 519K, 70% free 634K/2088K, paused 9ms, total 9ms
07-11 13:53:59.211 D/dalvikvm(29757): GC_FOR_ALLOC freed 524K, 71% free 621K/2088K, paused 13ms, total 13ms
07-11 13:53:59.523 D/dalvikvm(29757): GC_FOR_ALLOC freed 490K, 70% free 642K/2088K, paused 16ms, total 17ms
07-11 13:53:59.828 D/dalvikvm(29757): GC_FOR_ALLOC freed 519K, 70% free 635K/2088K, paused 8ms, total 8ms
07-11 13:54:00.179 D/dalvikvm(29757): GC_FOR_ALLOC freed 523K, 71% free 624K/2088K, paused 8ms, total 8ms
07-11 13:54:00.453 W/System.err(27801): java.io.FileNotFoundException: /data/data/com.mgyapp.android/files/.cfpaps.i: open failed: ENOENT (No such file or directory)
07-11 13:54:00.461 W/System.err(27801): 	at libcore.io.IoBridge.open(IoBridge.java:409)
07-11 13:54:00.461 W/System.err(27801): 	at java.io.FileInputStream.<init>(FileInputStream.java:78)
07-11 13:54:00.461 W/System.err(27801): 	at android.app.ContextImpl.openFileInput(ContextImpl.java:702)
07-11 13:54:00.461 W/System.err(27801): 	at android.content.ContextWrapper.openFileInput(ContextWrapper.java:173)
07-11 13:54:00.461 W/System.err(27801): 	at com.mgyun.shua.jc.service.f.run(Unknown Source)
07-11 13:54:00.461 W/System.err(27801): 	at com.mgyun.shua.jc.service.CpWorkServer.onHandleIntent(Unknown Source)
07-11 13:54:00.461 W/System.err(27801): 	at android.app.IntentService$ServiceHandler.handleMessage(IntentService.java:65)
07-11 13:54:00.461 W/System.err(27801): 	at android.os.Handler.dispatchMessage(Handler.java:99)
07-11 13:54:00.469 W/System.err(27801): 	at android.os.Looper.loop(Looper.java:137)
07-11 13:54:00.469 W/System.err(27801): 	at android.os.HandlerThread.run(HandlerThread.java:61)
07-11 13:54:00.469 W/System.err(27801): Caused by: libcore.io.ErrnoException: open failed: ENOENT (No such file or directory)
07-11 13:54:00.469 W/System.err(27801): 	at libcore.io.Posix.open(Native Method)
07-11 13:54:00.469 W/System.err(27801): 	at libcore.io.BlockGuardOs.open(BlockGuardOs.java:110)
07-11 13:54:00.469 W/System.err(27801): 	at libcore.io.IoBridge.open(IoBridge.java:393)
07-11 13:54:00.469 W/System.err(27801): 	... 9 more
07-11 13:54:00.492 D/dalvikvm(29757): GC_FOR_ALLOC freed 492K, 70% free 643K/2088K, paused 8ms, total 8ms
07-11 13:54:00.742 D/dalvikvm(29757): GC_FOR_ALLOC freed 520K, 70% free 634K/2088K, paused 8ms, total 8ms
07-11 13:54:01.078 D/dalvikvm(29757): GC_FOR_ALLOC freed 521K, 71% free 625K/2088K, paused 9ms, total 9ms
07-11 13:54:01.383 D/dalvikvm(29757): GC_FOR_ALLOC freed 494K, 70% free 642K/2088K, paused 7ms, total 7ms
07-11 13:54:01.679 D/dalvikvm(29757): GC_FOR_ALLOC freed 534K, 71% free 620K/2088K, paused 9ms, total 9ms
07-11 13:54:01.984 D/dalvikvm(29757): GC_FOR_ALLOC freed 504K, 70% free 627K/2088K, paused 7ms, total 7ms
07-11 13:54:02.289 D/dalvikvm(29757): GC_FOR_ALLOC freed 497K, 70% free 641K/2088K, paused 7ms, total 7ms
07-11 13:54:02.570 D/dalvikvm(29757): GC_FOR_ALLOC freed 533K, 71% free 620K/2088K, paused 10ms, total 13ms
07-11 13:54:02.867 D/dalvikvm(29757): GC_FOR_ALLOC freed 503K, 70% free 628K/2088K, paused 7ms, total 8ms
07-11 13:54:03.148 D/dalvikvm(29757): GC_FOR_ALLOC freed 499K, 70% free 640K/2088K, paused 8ms, total 8ms
07-11 13:54:03.461 D/dalvikvm(29757): GC_FOR_ALLOC freed 532K, 71% free 620K/2088K, paused 8ms, total 8ms
07-11 13:54:03.789 D/dalvikvm(29757): GC_FOR_ALLOC freed 501K, 70% free 630K/2088K, paused 7ms, total 7ms
07-11 13:54:04.086 D/dalvikvm(29757): GC_FOR_ALLOC freed 502K, 70% free 639K/2088K, paused 8ms, total 8ms
07-11 13:54:04.359 D/dalvikvm(29757): GC_FOR_ALLOC freed 516K, 70% free 635K/2088K, paused 8ms, total 8ms
07-11 13:54:04.742 D/dalvikvm(29757): GC_FOR_ALLOC freed 515K, 70% free 631K/2088K, paused 8ms, total 8ms
07-11 13:54:05.062 D/dalvikvm(29757): GC_FOR_ALLOC freed 504K, 70% free 639K/2088K, paused 7ms, total 7ms
07-11 13:54:05.359 W/Settings(25429): Setting airplane_mode_on has moved from android.provider.Settings.System to android.provider.Settings.Global, returning read-only value.
07-11 13:54:05.359 W/Settings(25429): Setting mobile_data has moved from android.provider.Settings.Secure to android.provider.Settings.Global.
07-11 13:54:05.359 D/BluetoothAdapter(25429): 1108510848: getState() :  mService = null. Returning STATE_OFF
07-11 13:54:05.359 W/Settings(25429): Setting airplane_mode_on has moved from android.provider.Settings.System to android.provider.Settings.Global, returning read-only value.
07-11 13:54:05.390 W/Settings(25429): Setting airplane_mode_on has moved from android.provider.Settings.System to android.provider.Settings.Global, returning read-only value.
07-11 13:54:05.390 W/Settings(25429): Setting mobile_data has moved from android.provider.Settings.Secure to android.provider.Settings.Global.
07-11 13:54:05.390 D/BluetoothAdapter(25429): 1108510848: getState() :  mService = null. Returning STATE_OFF
07-11 13:54:05.390 W/Settings(25429): Setting airplane_mode_on has moved from android.provider.Settings.System to android.provider.Settings.Global, returning read-only value.
07-11 13:54:05.414 D/dalvikvm( 3259): GC_FOR_ALLOC freed 3112K, 30% free 18138K/25748K, paused 74ms, total 75ms
07-11 13:54:05.914 D/dalvikvm(29757): GC_FOR_ALLOC freed 529K, 71% free 621K/2088K, paused 8ms, total 8ms
07-11 13:54:06.226 D/dalvikvm(29757): GC_FOR_ALLOC freed 504K, 70% free 628K/2088K, paused 7ms, total 7ms
07-11 13:54:06.437 D/dalvikvm(20727): GC_CONCURRENT freed 540K, 8% free 10115K/10932K, paused 4ms+10ms, total 66ms
07-11 13:54:06.531 D/dalvikvm(29757): GC_FOR_ALLOC freed 499K, 70% free 640K/2088K, paused 11ms, total 12ms
07-11 13:54:06.804 D/dalvikvm(29757): GC_FOR_ALLOC freed 532K, 71% free 620K/2088K, paused 7ms, total 7ms
07-11 13:54:07.117 D/dalvikvm(29757): GC_FOR_ALLOC freed 502K, 70% free 629K/2088K, paused 9ms, total 9ms
07-11 13:54:07.414 D/dalvikvm(29757): GC_FOR_ALLOC freed 501K, 70% free 640K/2088K, paused 7ms, total 7ms
07-11 13:54:07.726 D/dalvikvm(29757): GC_FOR_ALLOC freed 532K, 71% free 619K/2088K, paused 8ms, total 8ms
07-11 13:54:08.070 D/dalvikvm(29757): GC_FOR_ALLOC freed 499K, 70% free 631K/2088K, paused 8ms, total 9ms
07-11 13:54:08.367 D/dalvikvm(29757): GC_FOR_ALLOC freed 505K, 70% free 638K/2088K, paused 8ms, total 8ms
07-11 13:54:08.398 D/dalvikvm(  833): GC_CONCURRENT freed 1129K, 18% free 12854K/15584K, paused 4ms+10ms, total 111ms
07-11 13:54:08.656 D/dalvikvm(29757): GC_FOR_ALLOC freed 530K, 71% free 619K/2088K, paused 7ms, total 9ms
07-11 13:54:08.937 D/dalvikvm(29757): GC_FOR_ALLOC freed 498K, 70% free 632K/2088K, paused 9ms, total 9ms
07-11 13:54:09.226 D/dalvikvm(29757): GC_FOR_ALLOC freed 505K, 70% free 638K/2088K, paused 7ms, total 7ms
07-11 13:54:09.578 D/dalvikvm(29757): GC_FOR_ALLOC freed 531K, 71% free 619K/2088K, paused 8ms, total 8ms
07-11 13:54:09.883 D/dalvikvm(29757): GC_FOR_ALLOC freed 496K, 70% free 634K/2088K, paused 7ms, total 7ms
07-11 13:54:10.140 D/dalvikvm(29757): GC_FOR_ALLOC freed 509K, 70% free 637K/2088K, paused 7ms, total 7ms
07-11 13:54:10.422 D/dalvikvm(29757): GC_FOR_ALLOC freed 532K, 71% free 616K/2088K, paused 10ms, total 10ms
07-11 13:54:10.461 W/System.err(27801): java.io.FileNotFoundException: /data/data/com.mgyapp.android/files/.cfp.i: open failed: ENOENT (No such file or directory)
07-11 13:54:10.461 W/System.err(27801): 	at libcore.io.IoBridge.open(IoBridge.java:409)
07-11 13:54:10.461 W/System.err(27801): 	at java.io.FileInputStream.<init>(FileInputStream.java:78)
07-11 13:54:10.461 W/System.err(27801): 	at android.app.ContextImpl.openFileInput(ContextImpl.java:702)
07-11 13:54:10.461 W/System.err(27801): 	at android.content.ContextWrapper.openFileInput(ContextWrapper.java:173)
07-11 13:54:10.461 W/System.err(27801): 	at com.mgyun.shua.jc.c.b(Unknown Source)
07-11 13:54:10.461 W/System.err(27801): 	at com.mgyun.shua.jc.d.a(Unknown Source)
07-11 13:54:10.461 W/System.err(27801): 	at com.mgyun.shua.jc.service.CpWorkServer.onHandleIntent(Unknown Source)
07-11 13:54:10.461 W/System.err(27801): 	at android.app.IntentService$ServiceHandler.handleMessage(IntentService.java:65)
07-11 13:54:10.461 W/System.err(27801): 	at android.os.Handler.dispatchMessage(Handler.java:99)
07-11 13:54:10.461 W/System.err(27801): 	at android.os.Looper.loop(Looper.java:137)
07-11 13:54:10.461 W/System.err(27801): 	at android.os.HandlerThread.run(HandlerThread.java:61)
07-11 13:54:10.461 W/System.err(27801): Caused by: libcore.io.ErrnoException: open failed: ENOENT (No such file or directory)
07-11 13:54:10.469 W/System.err(27801): 	at libcore.io.Posix.open(Native Method)
07-11 13:54:10.469 W/System.err(27801): 	at libcore.io.BlockGuardOs.open(BlockGuardOs.java:110)
07-11 13:54:10.469 W/System.err(27801): 	at libcore.io.IoBridge.open(IoBridge.java:393)
07-11 13:54:10.469 W/System.err(27801): 	... 10 more
07-11 13:54:10.539 D/LightsService(  374): Excessive delay setting light: 60ms
07-11 13:54:10.750 D/dalvikvm(29757): GC_FOR_ALLOC freed 493K, 70% free 635K/2088K, paused 6ms, total 7ms
07-11 13:54:11.031 D/dalvikvm(29757): GC_FOR_ALLOC freed 511K, 70% free 636K/2088K, paused 8ms, total 8ms
07-11 13:54:11.320 D/dalvikvm(29757): GC_FOR_ALLOC freed 531K, 71% free 616K/2088K, paused 7ms, total 7ms
07-11 13:54:11.664 D/dalvikvm(29757): GC_FOR_ALLOC freed 490K, 70% free 637K/2088K, paused 7ms, total 8ms
07-11 13:54:11.992 D/dalvikvm(29757): GC_FOR_ALLOC freed 515K, 70% free 634K/2088K, paused 8ms, total 8ms
07-11 13:54:12.297 D/dalvikvm(29757): GC_FOR_ALLOC freed 528K, 71% free 617K/2088K, paused 8ms, total 8ms
07-11 13:54:12.570 D/dalvikvm(29757): GC_FOR_ALLOC freed 491K, 70% free 638K/2088K, paused 8ms, total 8ms
07-11 13:54:12.875 D/dalvikvm(29757): GC_FOR_ALLOC freed 517K, 70% free 633K/2088K, paused 8ms, total 8ms
07-11 13:54:13.250 D/dalvikvm(29757): GC_FOR_ALLOC freed 526K, 71% free 619K/2088K, paused 13ms, total 13ms
07-11 13:54:13.609 D/dalvikvm( 3259): GC_FOR_ALLOC freed 3095K, 30% free 18141K/25748K, paused 70ms, total 71ms
07-11 13:54:13.672 D/dalvikvm(29757): GC_FOR_ALLOC freed 490K, 70% free 640K/2088K, paused 13ms, total 13ms
07-11 13:54:13.953 D/dalvikvm(29757): GC_FOR_ALLOC freed 534K, 71% free 618K/2088K, paused 8ms, total 10ms
07-11 13:54:14.461 D/LightsService(  374): Excessive delay setting light: 87ms
07-11 13:54:14.515 D/LightsService(  374): Excessive delay setting light: 58ms
07-11 13:54:14.594 D/LightsService(  374): Excessive delay setting light: 75ms
07-11 13:54:15.476 I/AndroidRuntime(29757): VM exiting with result code 0.
07-11 13:54:26.929 W/MountService(  374): getVolumeState(/storage/emulated/0/external_sd): Unknown volume
07-11 13:54:26.929 W/MountService(  374): getVolumeState(/mnt/sdcard-ext): Unknown volume
07-11 13:54:26.929 W/MountService(  374): getVolumeState(/mnt/ext_sdcard): Unknown volume
07-11 13:54:26.929 W/MountService(  374): getVolumeState(/mnt/sdcard2): Unknown volume
07-11 13:54:26.937 W/MountService(  374): getVolumeState(/mnt/emmc): Unknown volume
07-11 13:54:26.937 W/MountService(  374): getVolumeState(/mnt/extSdCard): Unknown volume
07-11 13:54:26.937 W/MountService(  374): getVolumeState(/mnt/sdcard/SD_CARD): Unknown volume
07-11 13:54:26.937 W/MountService(  374): getVolumeState(/mnt/sdcard/extra_sd): Unknown volume
07-11 13:54:26.945 W/MountService(  374): getVolumeState(/mnt/extrasd_bind): Unknown volume
07-11 13:54:26.945 W/MountService(  374): getVolumeState(/mnt/sdcard/ext_sd): Unknown volume
07-11 13:54:26.945 W/MountService(  374): getVolumeState(/storage/extSdCard): Unknown volume
07-11 13:54:26.945 W/MountService(  374): getVolumeState(/storage/sdcard1): Unknown volume
07-11 13:54:26.945 W/MountService(  374): getVolumeState(/mnt/sdcard/external_SD): Unknown volume
07-11 13:54:26.953 W/MountService(  374): getVolumeState(/mnt/sdcard/external_sd): Unknown volume
07-11 13:54:27.000 D/dalvikvm(27881): GC_CONCURRENT freed 391K, 7% free 9361K/9992K, paused 4ms+3ms, total 40ms
07-11 13:54:27.000 D/dalvikvm(27881): WAIT_FOR_CONCURRENT_GC blocked 25ms
07-11 13:54:27.008 D/dalvikvm(27881): WAIT_FOR_CONCURRENT_GC blocked 24ms
07-11 13:54:27.219 D/MdmService( 3259): [null:-1]->receiver action :com.pekall.mdm.action.MDM_ALARM
07-11 13:54:27.242 D/MdmService( 3259): [null:-1]->keepAliveWithPushServer client is opened:true
07-11 13:54:27.242 D/MDM :   ( 3259): [null:-1]->ping!!!!!!!!!
07-11 13:54:27.242 D/MdmService( 3259): [null:-1]->pushUrl : ws://192.168.10.91:9070/websocket
07-11 13:54:27.242 D/MDM :   ( 3259): [null:-1]->mMdmPushClient is :not null
07-11 13:54:27.250 D/MDM :   ( 3259): [null:-1]->mMdmPushClient opened : opened
07-11 13:54:27.258 D/MDM :   ( 3259): [null:-1]->MSG_WEBSOCKET_PONG
07-11 13:54:27.328 D/dalvikvm(27881): GC_CONCURRENT freed 434K, 6% free 9394K/9992K, paused 5ms+8ms, total 51ms
07-11 13:54:27.336 W/MountService(  374): getVolumeState(/storage/emulated/0/external_sd): Unknown volume
07-11 13:54:27.336 W/MountService(  374): getVolumeState(/mnt/sdcard-ext): Unknown volume
07-11 13:54:27.336 W/MountService(  374): getVolumeState(/mnt/ext_sdcard): Unknown volume
07-11 13:54:27.344 W/MountService(  374): getVolumeState(/mnt/sdcard2): Unknown volume
07-11 13:54:27.344 W/MountService(  374): getVolumeState(/mnt/emmc): Unknown volume
07-11 13:54:27.344 W/MountService(  374): getVolumeState(/mnt/extSdCard): Unknown volume
07-11 13:54:27.344 W/MountService(  374): getVolumeState(/mnt/sdcard/SD_CARD): Unknown volume
07-11 13:54:27.344 W/MountService(  374): getVolumeState(/mnt/sdcard/extra_sd): Unknown volume
07-11 13:54:27.344 W/MountService(  374): getVolumeState(/mnt/extrasd_bind): Unknown volume
07-11 13:54:27.344 W/MountService(  374): getVolumeState(/mnt/sdcard/ext_sd): Unknown volume
07-11 13:54:27.351 W/MountService(  374): getVolumeState(/storage/extSdCard): Unknown volume
07-11 13:54:27.351 W/MountService(  374): getVolumeState(/storage/sdcard1): Unknown volume
07-11 13:54:27.351 W/MountService(  374): getVolumeState(/mnt/sdcard/external_SD): Unknown volume
07-11 13:54:27.351 W/MountService(  374): getVolumeState(/mnt/sdcard/external_sd): Unknown volume
07-11 13:54:27.492 D/dalvikvm(27881): GC_FOR_ALLOC freed 408K, 7% free 9326K/9992K, paused 26ms, total 27ms
07-11 13:54:33.890 D/dalvikvm( 3259): GC_FOR_ALLOC freed 2990K, 30% free 18249K/25748K, paused 71ms, total 72ms
07-11 13:54:34.703 W/Settings(25429): Setting airplane_mode_on has moved from android.provider.Settings.System to android.provider.Settings.Global, returning read-only value.
07-11 13:54:34.703 W/Settings(25429): Setting mobile_data has moved from android.provider.Settings.Secure to android.provider.Settings.Global.
07-11 13:54:34.703 D/BluetoothAdapter(25429): 1108510848: getState() :  mService = null. Returning STATE_OFF
07-11 13:54:34.703 W/Settings(25429): Setting airplane_mode_on has moved from android.provider.Settings.System to android.provider.Settings.Global, returning read-only value.
07-11 13:54:34.719 W/Settings(25429): Setting airplane_mode_on has moved from android.provider.Settings.System to android.provider.Settings.Global, returning read-only value.
07-11 13:54:34.719 W/Settings(25429): Setting mobile_data has moved from android.provider.Settings.Secure to android.provider.Settings.Global.
07-11 13:54:34.719 D/BluetoothAdapter(25429): 1108510848: getState() :  mService = null. Returning STATE_OFF
07-11 13:54:34.719 W/Settings(25429): Setting airplane_mode_on has moved from android.provider.Settings.System to android.provider.Settings.Global, returning read-only value.
07-11 13:54:34.742 W/Settings(25429): Setting airplane_mode_on has moved from android.provider.Settings.System to android.provider.Settings.Global, returning read-only value.
07-11 13:54:34.742 W/Settings(25429): Setting mobile_data has moved from android.provider.Settings.Secure to android.provider.Settings.Global.
07-11 13:54:34.742 D/BluetoothAdapter(25429): 1108510848: getState() :  mService = null. Returning STATE_OFF
07-11 13:54:34.742 W/Settings(25429): Setting airplane_mode_on has moved from android.provider.Settings.System to android.provider.Settings.Global, returning read-only value.
07-11 13:54:38.461 D/LightsService(  374): Excessive delay setting light: 65ms
07-11 13:54:40.336 D/dalvikvm(26313): GC_FOR_ALLOC freed 464K, 7% free 9085K/9708K, paused 33ms, total 33ms
07-11 13:54:40.570 D/dalvikvm(20727): GC_CONCURRENT freed 392K, 8% free 10109K/10920K, paused 4ms+5ms, total 36ms
07-11 13:54:44.351 I/PowerManagerService(  374): Going to sleep due to screen timeout...
07-11 13:54:45.211 D/SurfaceFlinger(  124): Screen released, type=0 flinger=0x400b4008
07-11 13:54:45.336 D/dalvikvm(  374): GC_FOR_ALLOC freed 3285K, 31% free 22314K/31932K, paused 114ms, total 114ms
07-11 13:54:45.336 D/MdmApplication( 3259): [null:-1]->onActivityPaused market.activity.AppDetailActivity , mActivityCount = 4
07-11 13:54:45.344 D/MDM :   ( 3259): [null:-1]->query
07-11 13:54:45.351 D/MDM :   ( 3259): [null:-1]->QUERY_PINCODE_CHECK_RESULT
07-11 13:54:45.351 E/Mdm     ( 3259): Call Mdm service's setLastExitTime function
07-11 13:54:45.414 W/Settings(25429): Setting airplane_mode_on has moved from android.provider.Settings.System to android.provider.Settings.Global, returning read-only value.
07-11 13:54:45.414 W/Settings(25429): Setting mobile_data has moved from android.provider.Settings.Secure to android.provider.Settings.Global.
07-11 13:54:45.414 D/BluetoothAdapter(25429): 1108510848: getState() :  mService = null. Returning STATE_OFF
07-11 13:54:45.414 W/Settings(25429): Setting airplane_mode_on has moved from android.provider.Settings.System to android.provider.Settings.Global, returning read-only value.
07-11 13:54:45.445 D/NfcService(  592): NFC-C OFF, disconnect
07-11 13:54:45.461 W/Settings(25429): Setting airplane_mode_on has moved from android.provider.Settings.System to android.provider.Settings.Global, returning read-only value.
07-11 13:54:45.461 W/Settings(25429): Setting mobile_data has moved from android.provider.Settings.Secure to android.provider.Settings.Global.
07-11 13:54:45.461 D/BluetoothAdapter(25429): 1108510848: getState() :  mService = null. Returning STATE_OFF
07-11 13:54:45.461 W/Settings(25429): Setting airplane_mode_on has moved from android.provider.Settings.System to android.provider.Settings.Global, returning read-only value.
07-11 13:54:45.523 D/MDM :   ( 3259): [null:-1]->query
07-11 13:54:45.523 D/MDM :   ( 3259): [null:-1]->QUERY_SETTING_PIN_ONOFF
07-11 13:54:45.617 D/dalvikvm(25429): GC_CONCURRENT freed 422K, 6% free 9745K/10284K, paused 3ms+3ms, total 25ms
07-11 13:54:50.336 V/KeyguardHostView(  374): hide transport, gen:93
07-11 13:54:50.336 V/KeyguardHostView(  374): music state changed: 0
07-11 13:54:50.367 D/PhoneStatusBar(  450): disable: < expand icons alerts ticker system_info back home RECENT* clock search >
07-11 13:54:50.398 V/TAG     (  374): bug 7643792: fitSystemWindows([0,50][0,0])
07-11 13:54:50.531 D/PhoneStatusBar(  450): disable: < expand icons alerts ticker system_info BACK* HOME* RECENT CLOCK* search >
07-11 13:54:57.469 D/mdm_log ( 3259): [null:-1]->read buffer is -1 , download done
07-11 13:54:57.547 D/mdm_log ( 3259): [null:-1]->file download complete! url is/storage/emulated/0/MDM/download/commojimjweather.apk
07-11 13:54:57.578 D/ypy     ( 3259): [null:-1]-> ================ checkDownLoadStatus status is 1
07-11 13:54:57.578 D/ypy     ( 3259): [null:-1]-> ================ checkDownLoadStatus status is 3
07-11 13:54:57.594 D/ypy     ( 3259): [null:-1]-> ================ checkDownLoadStatus status is 3
07-11 13:55:10.320 I/PowerManagerService(  374): Waking up from sleep...
07-11 13:55:10.375 I/WindowManager(  374): Lock screen displayed!
07-11 13:55:10.679 D/PowerManagerService-JNI(  374): Excessive delay in autosuspend_disable() while turning screen on: 351ms
07-11 13:55:10.687 D/SurfaceFlinger(  124): Screen acquired, type=0 flinger=0x400b4008
07-11 13:55:10.726 V/DigitalWidgetViewsFactory(28000): DigitalWidget sets next alarm string to null
07-11 13:55:10.828 D/SurfaceControl(  374): Excessive delay in unblankDisplay() while turning screen on: 146ms
07-11 13:55:10.883 D/LightsService(  374): Excessive delay setting light: 53ms
07-11 13:55:10.984 D/AndroidRuntime(29981): 
07-11 13:55:10.984 D/AndroidRuntime(29981): >>>>>> AndroidRuntime START com.android.internal.os.RuntimeInit <<<<<<
07-11 13:55:10.984 D/AndroidRuntime(29981): CheckJNI is OFF
07-11 13:55:10.992 D/dalvikvm(29981): Trying to load lib libjavacore.so 0x0
07-11 13:55:11.000 D/dalvikvm(29981): Added shared lib libjavacore.so 0x0
07-11 13:55:11.008 D/dalvikvm(29981): Trying to load lib libnativehelper.so 0x0
07-11 13:55:11.008 D/dalvikvm(29981): Added shared lib libnativehelper.so 0x0
07-11 13:55:11.164 D/AndroidRuntime(29981): Calling main entry com.qihoo360.powerctl.root.app.App
07-11 13:55:11.164 D/AndroidRuntime(29981): Shutting down VM
07-11 13:55:11.179 D/dalvikvm(29981): Debugger has detached; object registry had 1 entries
07-11 13:55:11.648 W/GlowPadView(  374): The number of target drawables must be equal to the number of direction descriptions.
07-11 13:55:11.812 D/MdmApplication( 3259): [null:-1]->onActivityStarted market.activity.AppDetailActivity , mActivityCount = 3
07-11 13:55:11.812 D/MDM :   ( 3259): [null:-1]->query
07-11 13:55:11.820 D/MDM :   ( 3259): [null:-1]->QUERY_PINCODE_CHECK_RESULT
07-11 13:55:11.828 D/PhoneStatusBar(  450): disable: < expand icons alerts ticker system_info BACK HOME recent* CLOCK search >
07-11 13:55:11.867 D/NfcService(  592): NFC-C ON
07-11 13:55:11.898 W/System.err( 3259): android.content.pm.PackageManager$NameNotFoundException: com.moji.mjweather
07-11 13:55:11.906 W/System.err( 3259): 	at android.app.ApplicationPackageManager.getPackageInfo(ApplicationPackageManager.java:81)
07-11 13:55:11.906 W/System.err( 3259): 	at com.pekall.emdm.market.activity.AppDetailActivity.onResume(Unknown Source)
07-11 13:55:11.906 W/System.err( 3259): 	at android.app.Instrumentation.callActivityOnResume(Instrumentation.java:1192)
07-11 13:55:11.906 W/System.err( 3259): 	at android.app.Activity.performResume(Activity.java:5211)
07-11 13:55:11.906 W/System.err( 3259): 	at android.app.ActivityThread.performResumeActivity(ActivityThread.java:2780)
07-11 13:55:11.906 W/System.err( 3259): 	at android.app.ActivityThread.handleResumeActivity(ActivityThread.java:2819)
07-11 13:55:11.906 W/System.err( 3259): 	at android.app.ActivityThread$H.handleMessage(ActivityThread.java:1298)
07-11 13:55:11.906 W/System.err( 3259): 	at android.os.Handler.dispatchMessage(Handler.java:99)
07-11 13:55:11.906 W/System.err( 3259): 	at android.os.Looper.loop(Looper.java:137)
07-11 13:55:11.906 W/System.err( 3259): 	at android.app.ActivityThread.main(ActivityThread.java:5103)
07-11 13:55:11.906 W/System.err( 3259): 	at java.lang.reflect.Method.invokeNative(Native Method)
07-11 13:55:11.906 W/System.err( 3259): 	at java.lang.reflect.Method.invoke(Method.java:525)
07-11 13:55:11.906 W/System.err( 3259): 	at com.android.internal.os.ZygoteInit$MethodAndArgsCaller.run(ZygoteInit.java:737)
07-11 13:55:11.906 W/System.err( 3259): 	at com.android.internal.os.ZygoteInit.main(ZygoteInit.java:553)
07-11 13:55:11.906 W/System.err( 3259): 	at dalvik.system.NativeStart.main(Native Method)
07-11 13:55:11.906 D/ypy     ( 3259): [null:-1]-> ================ checkDownLoadStatus status is 3
07-11 13:55:11.922 D/PhoneStatusBar(  450): disable: < expand icons alerts ticker system_info back* home* recent clock* search >
07-11 13:55:11.929 W/InputMethodManagerService(  374): Window already focused, ignoring focus gain of: com.android.internal.view.IInputMethodClient$Stub$Proxy@4259cd10 attribute=android.view.inputmethod.EditorInfo@4275ed30, token = android.os.BinderProxy@42c679d0
07-11 13:55:12.219 D/dalvikvm(20727): GC_CONCURRENT freed 260K, 7% free 10244K/10920K, paused 10ms+4ms, total 84ms
07-11 13:55:12.265 I/RootJni (30003): su: permission denied
07-11 13:55:12.336 V/TAG     (  374): bug 7643792: fitSystemWindows([0,50][0,0])
07-11 13:55:12.469 D/AndroidRuntime(30002): 
07-11 13:55:12.469 D/AndroidRuntime(30002): >>>>>> AndroidRuntime START com.android.internal.os.RuntimeInit <<<<<<
07-11 13:55:12.469 D/AndroidRuntime(30002): CheckJNI is OFF
07-11 13:55:12.484 D/dalvikvm(30002): Trying to load lib libjavacore.so 0x0
07-11 13:55:12.492 D/dalvikvm(30002): Added shared lib libjavacore.so 0x0
07-11 13:55:12.508 D/dalvikvm(30002): Trying to load lib libnativehelper.so 0x0
07-11 13:55:12.508 D/dalvikvm(30002): Added shared lib libnativehelper.so 0x0
07-11 13:55:12.758 D/AndroidRuntime(30002): Calling main entry com.qihoo360.powerctl.root.app.App
07-11 13:55:12.758 D/AndroidRuntime(30002): Shutting down VM
07-11 13:55:12.758 D/jdwp    (30002): Got wake-up signal, bailing out of select
07-11 13:55:12.758 D/dalvikvm(30002): Debugger has detached; object registry had 1 entries
07-11 13:55:15.750 D/SizeAdaptiveLayout(  450): com.android.internal.widget.SizeAdaptiveLayout{42389f18 V.E..... ......ID 0,0-720,128 #7f070058 app:id/adaptive}child view android.widget.LinearLayout{4221a9e8 V.E..... ......ID 0,0-720,124} measured out of bounds at 124px clamped to 128px
07-11 13:55:15.851 D/SizeAdaptiveLayout(  450): com.android.internal.widget.SizeAdaptiveLayout{42389f18 V.E..... ......ID 0,0-720,128 #7f070058 app:id/adaptive}child view android.widget.LinearLayout{4221a9e8 V.E..... ......ID 0,0-720,124} measured out of bounds at 124px clamped to 128px
07-11 13:55:15.914 V/PanelView(  450): animationTick called with dtms=0; nothing to do (h=990.0 v=3444.184)
07-11 13:55:15.914 V/PanelView(  450): animationTick called with dtms=-15; nothing to do (h=990.0 v=3444.184)
07-11 13:55:18.312 V/PanelView(  450): animationTick called with dtms=0; nothing to do (h=1184.0 v=-4000.0)
07-11 13:55:18.312 V/PanelView(  450): animationTick called with dtms=-3; nothing to do (h=1184.0 v=-4000.0)
07-11 13:55:18.672 W/InputMethodManagerService(  374): Window already focused, ignoring focus gain of: com.android.internal.view.IInputMethodClient$Stub$Proxy@42986578 attribute=null, token = android.os.BinderProxy@42c679d0
07-11 13:55:19.359 V/PanelView(  450): animationTick called with dtms=0; nothing to do (h=1137.0 v=1036.59)
07-11 13:55:19.359 V/PanelView(  450): animationTick called with dtms=-3; nothing to do (h=1137.0 v=1036.59)
07-11 13:55:27.117 W/MountService(  374): getVolumeState(/storage/emulated/0/external_sd): Unknown volume
07-11 13:55:27.117 W/MountService(  374): getVolumeState(/mnt/sdcard-ext): Unknown volume
07-11 13:55:27.125 W/MountService(  374): getVolumeState(/mnt/ext_sdcard): Unknown volume
07-11 13:55:27.133 W/MountService(  374): getVolumeState(/mnt/sdcard2): Unknown volume
07-11 13:55:27.133 W/MountService(  374): getVolumeState(/mnt/emmc): Unknown volume
07-11 13:55:27.133 W/MountService(  374): getVolumeState(/mnt/extSdCard): Unknown volume
07-11 13:55:27.133 W/MountService(  374): getVolumeState(/mnt/sdcard/SD_CARD): Unknown volume
07-11 13:55:27.133 W/MountService(  374): getVolumeState(/mnt/sdcard/extra_sd): Unknown volume
07-11 13:55:27.133 W/MountService(  374): getVolumeState(/mnt/extrasd_bind): Unknown volume
07-11 13:55:27.133 W/MountService(  374): getVolumeState(/mnt/sdcard/ext_sd): Unknown volume
07-11 13:55:27.133 W/MountService(  374): getVolumeState(/storage/extSdCard): Unknown volume
07-11 13:55:27.140 W/MountService(  374): getVolumeState(/storage/sdcard1): Unknown volume
07-11 13:55:27.140 W/MountService(  374): getVolumeState(/mnt/sdcard/external_SD): Unknown volume
07-11 13:55:27.140 W/MountService(  374): getVolumeState(/mnt/sdcard/external_sd): Unknown volume
07-11 13:55:27.226 D/dalvikvm(27881): GC_CONCURRENT freed 382K, 6% free 9456K/9960K, paused 3ms+5ms, total 45ms
07-11 13:55:27.226 D/dalvikvm(27881): WAIT_FOR_CONCURRENT_GC blocked 13ms
07-11 13:55:27.414 W/MountService(  374): getVolumeState(/storage/emulated/0/external_sd): Unknown volume
07-11 13:55:27.414 W/MountService(  374): getVolumeState(/mnt/sdcard-ext): Unknown volume
07-11 13:55:27.414 W/MountService(  374): getVolumeState(/mnt/ext_sdcard): Unknown volume
07-11 13:55:27.422 W/MountService(  374): getVolumeState(/mnt/sdcard2): Unknown volume
07-11 13:55:27.422 W/MountService(  374): getVolumeState(/mnt/emmc): Unknown volume
07-11 13:55:27.422 W/MountService(  374): getVolumeState(/mnt/extSdCard): Unknown volume
07-11 13:55:27.422 W/MountService(  374): getVolumeState(/mnt/sdcard/SD_CARD): Unknown volume
07-11 13:55:27.422 W/MountService(  374): getVolumeState(/mnt/sdcard/extra_sd): Unknown volume
07-11 13:55:27.429 W/MountService(  374): getVolumeState(/mnt/extrasd_bind): Unknown volume
07-11 13:55:27.429 W/MountService(  374): getVolumeState(/mnt/sdcard/ext_sd): Unknown volume
07-11 13:55:27.429 W/MountService(  374): getVolumeState(/storage/extSdCard): Unknown volume
07-11 13:55:27.437 W/MountService(  374): getVolumeState(/storage/sdcard1): Unknown volume
07-11 13:55:27.445 W/MountService(  374): getVolumeState(/mnt/sdcard/external_SD): Unknown volume
07-11 13:55:27.445 W/MountService(  374): getVolumeState(/mnt/sdcard/external_sd): Unknown volume
07-11 13:55:27.476 D/dalvikvm(27881): GC_CONCURRENT freed 560K, 6% free 9398K/9996K, paused 2ms+4ms, total 39ms
07-11 13:55:27.476 D/dalvikvm(27881): WAIT_FOR_CONCURRENT_GC blocked 15ms
07-11 13:55:28.656 D/JOBS    (28570): Thread-3142: load factor check. true = (0 < 1)|| (0 * 3 < 0 + 0). consumer thread: true
07-11 13:55:28.656 D/JOBS    (28570): didn't allow me to die, re-running Thread-3142
07-11 13:55:28.656 D/JOBS    (28570): re-running consumer Thread-3142
07-11 13:55:41.484 D/dalvikvm(20727): GC_CONCURRENT freed 518K, 8% free 10114K/10920K, paused 3ms+2ms, total 33ms
07-11 13:55:52.008 W/Settings(25429): Setting airplane_mode_on has moved from android.provider.Settings.System to android.provider.Settings.Global, returning read-only value.
07-11 13:55:52.008 W/Settings(25429): Setting mobile_data has moved from android.provider.Settings.Secure to android.provider.Settings.Global.
07-11 13:55:52.008 D/BluetoothAdapter(25429): 1108510848: getState() :  mService = null. Returning STATE_OFF
07-11 13:55:52.008 W/Settings(25429): Setting airplane_mode_on has moved from android.provider.Settings.System to android.provider.Settings.Global, returning read-only value.
07-11 13:55:52.023 W/Settings(25429): Setting airplane_mode_on has moved from android.provider.Settings.System to android.provider.Settings.Global, returning read-only value.
07-11 13:55:52.023 W/Settings(25429): Setting mobile_data has moved from android.provider.Settings.Secure to android.provider.Settings.Global.
07-11 13:55:52.023 D/BluetoothAdapter(25429): 1108510848: getState() :  mService = null. Returning STATE_OFF
07-11 13:55:52.023 W/Settings(25429): Setting airplane_mode_on has moved from android.provider.Settings.System to android.provider.Settings.Global, returning read-only value.
07-11 13:55:52.047 D/SizeAdaptiveLayout(  450): com.android.internal.widget.SizeAdaptiveLayout{42389f18 V.E..... ......ID 0,0-720,128 #7f070058 app:id/adaptive}child view android.widget.LinearLayout{4221a9e8 V.E..... ......ID 0,0-720,124} measured out of bounds at 124px clamped to 128px
07-11 13:56:06.086 D/LightsService(  374): Excessive delay setting light: 68ms
07-11 13:56:11.976 I/PowerManagerService(  374): Going to sleep due to screen timeout...
07-11 13:56:12.773 D/SurfaceFlinger(  124): Screen released, type=0 flinger=0x400b4008
07-11 13:56:12.890 D/dalvikvm(  374): GC_FOR_ALLOC freed 2665K, 29% free 22706K/31932K, paused 120ms, total 121ms
07-11 13:56:12.898 D/MdmApplication( 3259): [null:-1]->onActivityPaused market.activity.AppDetailActivity , mActivityCount = 4
07-11 13:56:12.898 D/MDM :   ( 3259): [null:-1]->query
07-11 13:56:12.898 D/MDM :   ( 3259): [null:-1]->QUERY_PINCODE_CHECK_RESULT
07-11 13:56:12.898 E/Mdm     ( 3259): Call Mdm service's setLastExitTime function
07-11 13:56:13.000 D/NfcService(  592): NFC-C OFF, disconnect
07-11 13:56:13.023 W/InputMethodManagerService(  374): Window already focused, ignoring focus gain of: com.android.internal.view.IInputMethodClient$Stub$Proxy@42090ba0 attribute=android.view.inputmethod.EditorInfo@4307da20, token = android.os.BinderProxy@42c679d0
07-11 13:56:13.078 D/MDM :   ( 3259): [null:-1]->query
07-11 13:56:13.078 D/MDM :   ( 3259): [null:-1]->QUERY_SETTING_PIN_ONOFF
07-11 13:56:13.125 D/dalvikvm(  833): GC_CONCURRENT freed 1322K, 18% free 12859K/15584K, paused 9ms+7ms, total 108ms
07-11 13:56:13.125 D/dalvikvm(  833): WAIT_FOR_CONCURRENT_GC blocked 76ms
07-11 13:56:13.219 D/dalvikvm(27881): GC_FOR_ALLOC freed 397K, 7% free 9330K/9996K, paused 23ms, total 23ms
07-11 13:56:17.961 V/KeyguardHostView(  374): hide transport, gen:93
07-11 13:56:17.961 V/KeyguardHostView(  374): music state changed: 0
07-11 13:56:17.992 D/PhoneStatusBar(  450): disable: < expand icons alerts ticker system_info back home RECENT* clock search >
07-11 13:56:18.015 V/TAG     (  374): bug 7643792: fitSystemWindows([0,50][0,0])
07-11 13:56:18.125 D/PhoneStatusBar(  450): disable: < expand icons alerts ticker system_info BACK* HOME* RECENT CLOCK* search >
07-11 13:56:25.328 D/dalvikvm(20727): GC_CONCURRENT freed 386K, 8% free 10114K/10920K, paused 8ms+3ms, total 43ms
07-11 13:56:27.234 W/MountService(  374): getVolumeState(/storage/emulated/0/external_sd): Unknown volume
07-11 13:56:27.234 W/MountService(  374): getVolumeState(/mnt/sdcard-ext): Unknown volume
07-11 13:56:27.234 W/MountService(  374): getVolumeState(/mnt/ext_sdcard): Unknown volume
07-11 13:56:27.242 W/MountService(  374): getVolumeState(/mnt/sdcard2): Unknown volume
07-11 13:56:27.242 W/MountService(  374): getVolumeState(/mnt/emmc): Unknown volume
07-11 13:56:27.242 W/MountService(  374): getVolumeState(/mnt/extSdCard): Unknown volume
07-11 13:56:27.242 W/MountService(  374): getVolumeState(/mnt/sdcard/SD_CARD): Unknown volume
07-11 13:56:27.242 W/MountService(  374): getVolumeState(/mnt/sdcard/extra_sd): Unknown volume
07-11 13:56:27.242 W/MountService(  374): getVolumeState(/mnt/extrasd_bind): Unknown volume
07-11 13:56:27.242 W/MountService(  374): getVolumeState(/mnt/sdcard/ext_sd): Unknown volume
07-11 13:56:27.242 W/MountService(  374): getVolumeState(/storage/extSdCard): Unknown volume
07-11 13:56:27.242 W/MountService(  374): getVolumeState(/storage/sdcard1): Unknown volume
07-11 13:56:27.250 W/MountService(  374): getVolumeState(/mnt/sdcard/external_SD): Unknown volume
07-11 13:56:27.250 W/MountService(  374): getVolumeState(/mnt/sdcard/external_sd): Unknown volume
07-11 13:56:27.344 D/dalvikvm(27881): GC_CONCURRENT freed 310K, 5% free 9506K/9996K, paused 3ms+3ms, total 40ms
07-11 13:56:27.484 W/MountService(  374): getVolumeState(/storage/emulated/0/external_sd): Unknown volume
07-11 13:56:27.484 W/MountService(  374): getVolumeState(/mnt/sdcard-ext): Unknown volume
07-11 13:56:27.484 W/MountService(  374): getVolumeState(/mnt/ext_sdcard): Unknown volume
07-11 13:56:27.492 W/MountService(  374): getVolumeState(/mnt/sdcard2): Unknown volume
07-11 13:56:27.492 W/MountService(  374): getVolumeState(/mnt/emmc): Unknown volume
07-11 13:56:27.492 W/MountService(  374): getVolumeState(/mnt/extSdCard): Unknown volume
07-11 13:56:27.492 W/MountService(  374): getVolumeState(/mnt/sdcard/SD_CARD): Unknown volume
07-11 13:56:27.492 W/MountService(  374): getVolumeState(/mnt/sdcard/extra_sd): Unknown volume
07-11 13:56:27.492 W/MountService(  374): getVolumeState(/mnt/extrasd_bind): Unknown volume
07-11 13:56:27.492 W/MountService(  374): getVolumeState(/mnt/sdcard/ext_sd): Unknown volume
07-11 13:56:27.500 W/MountService(  374): getVolumeState(/storage/extSdCard): Unknown volume
07-11 13:56:27.500 W/MountService(  374): getVolumeState(/storage/sdcard1): Unknown volume
07-11 13:56:27.500 W/MountService(  374): getVolumeState(/mnt/sdcard/external_SD): Unknown volume
07-11 13:56:27.500 W/MountService(  374): getVolumeState(/mnt/sdcard/external_sd): Unknown volume
07-11 13:56:27.531 D/dalvikvm(27881): GC_CONCURRENT freed 633K, 7% free 9374K/10048K, paused 5ms+4ms, total 30ms
07-11 13:57:27.195 I/ActivityManager(  374): No longer want com.google.android.music:main (pid 24475): empty for 1803s
07-11 13:57:27.203 D/MdmService( 3259): [null:-1]->receiver action :com.pekall.mdm.action.MDM_ALARM
07-11 13:57:27.219 W/ActivityManager(  374): Scheduling restart of crashed service com.google.android.music/.playback.MusicPlaybackService in 5000ms
07-11 13:57:27.422 W/MountService(  374): getVolumeState(/storage/emulated/0/external_sd): Unknown volume
07-11 13:57:27.429 W/MountService(  374): getVolumeState(/mnt/sdcard-ext): Unknown volume
07-11 13:57:27.429 W/MountService(  374): getVolumeState(/mnt/ext_sdcard): Unknown volume
07-11 13:57:27.429 W/MountService(  374): getVolumeState(/mnt/sdcard2): Unknown volume
07-11 13:57:27.429 W/MountService(  374): getVolumeState(/mnt/emmc): Unknown volume
07-11 13:57:27.429 W/MountService(  374): getVolumeState(/mnt/extSdCard): Unknown volume
07-11 13:57:27.437 W/MountService(  374): getVolumeState(/mnt/sdcard/SD_CARD): Unknown volume
07-11 13:57:27.437 W/MountService(  374): getVolumeState(/mnt/sdcard/extra_sd): Unknown volume
07-11 13:57:27.437 W/MountService(  374): getVolumeState(/mnt/extrasd_bind): Unknown volume
07-11 13:57:27.437 W/MountService(  374): getVolumeState(/mnt/sdcard/ext_sd): Unknown volume
07-11 13:57:27.437 W/MountService(  374): getVolumeState(/storage/extSdCard): Unknown volume
07-11 13:57:27.445 W/MountService(  374): getVolumeState(/storage/sdcard1): Unknown volume
07-11 13:57:27.445 W/MountService(  374): getVolumeState(/mnt/sdcard/external_SD): Unknown volume
07-11 13:57:27.445 W/MountService(  374): getVolumeState(/mnt/sdcard/external_sd): Unknown volume
07-11 13:57:27.508 D/dalvikvm(27881): GC_CONCURRENT freed 451K, 7% free 9435K/10044K, paused 2ms+3ms, total 27ms
07-11 13:57:27.508 D/dalvikvm(27881): WAIT_FOR_CONCURRENT_GC blocked 10ms
07-11 13:57:27.664 W/MountService(  374): getVolumeState(/storage/emulated/0/external_sd): Unknown volume
07-11 13:57:27.664 W/MountService(  374): getVolumeState(/mnt/sdcard-ext): Unknown volume
07-11 13:57:27.664 W/MountService(  374): getVolumeState(/mnt/ext_sdcard): Unknown volume
07-11 13:57:27.672 W/MountService(  374): getVolumeState(/mnt/sdcard2): Unknown volume
07-11 13:57:27.672 W/MountService(  374): getVolumeState(/mnt/emmc): Unknown volume
07-11 13:57:27.672 W/MountService(  374): getVolumeState(/mnt/extSdCard): Unknown volume
07-11 13:57:27.672 W/MountService(  374): getVolumeState(/mnt/sdcard/SD_CARD): Unknown volume
07-11 13:57:27.672 W/MountService(  374): getVolumeState(/mnt/sdcard/extra_sd): Unknown volume
07-11 13:57:27.672 W/MountService(  374): getVolumeState(/mnt/extrasd_bind): Unknown volume
07-11 13:57:27.679 W/MountService(  374): getVolumeState(/mnt/sdcard/ext_sd): Unknown volume
07-11 13:57:27.679 W/MountService(  374): getVolumeState(/storage/extSdCard): Unknown volume
07-11 13:57:27.679 W/MountService(  374): getVolumeState(/storage/sdcard1): Unknown volume
07-11 13:57:27.679 W/MountService(  374): getVolumeState(/mnt/sdcard/external_SD): Unknown volume
07-11 13:57:27.679 W/MountService(  374): getVolumeState(/mnt/sdcard/external_sd): Unknown volume
07-11 13:57:27.703 D/dalvikvm(27881): GC_CONCURRENT freed 557K, 7% free 9385K/10044K, paused 3ms+4ms, total 42ms
07-11 13:57:27.703 D/dalvikvm(27881): WAIT_FOR_CONCURRENT_GC blocked 13ms
07-11 13:57:28.656 D/JOBS    (28570): Thread-3142: load factor check. true = (0 < 1)|| (0 * 3 < 0 + 0). consumer thread: true
07-11 13:57:28.656 D/JOBS    (28570): didn't allow me to die, re-running Thread-3142
07-11 13:57:28.664 D/JOBS    (28570): re-running consumer Thread-3142
07-11 13:57:31.265 D/dalvikvm(25474): GC_CONCURRENT freed 436K, 16% free 9536K/11232K, paused 3ms+3ms, total 43ms
07-11 13:57:32.234 I/ActivityManager(  374): Start proc com.google.android.music:main for service com.google.android.music/.playback.MusicPlaybackService: pid=30307 uid=10041 gids={50041, 3003, 1015, 1028}
07-11 13:57:32.461 I/MusicStore(30307): Database version: 69
07-11 13:57:32.531 D/dalvikvm(30307): GC_CONCURRENT freed 266K, 4% free 9144K/9444K, paused 6ms+3ms, total 30ms
07-11 13:57:32.640 D/dalvikvm(  647): GC_EXPLICIT freed 209K, 7% free 9711K/10372K, paused 5ms+5ms, total 45ms
07-11 13:57:32.687 D/SystemUtils(30307): getSystemProperty: lpa.decode=null
07-11 13:57:32.711 D/CacheService(30307): onCreate
07-11 13:57:32.719 D/CacheService(30307): onBind
07-11 13:57:32.734 I/LocalDevicePlayback(30307): Streaming client created.
07-11 13:57:33.789 D/dalvikvm(30307): GC_CONCURRENT freed 264K, 4% free 9366K/9664K, paused 8ms+2ms, total 31ms
