07-11 13:51:46.109 W/PackageManager(  374): Not granting permission android.permission.INTERACT_ACROSS_USERS_FULL to package com.pekall.emdm (protectionLevel=2 flags=0x88be46)
07-11 13:51:46.109 W/PackageManager(  374): Unknown permission android.permission.sec.MDM_CALLING in package com.pekall.emdm
07-11 13:51:46.109 W/PackageManager(  374): Unknown permission android.permission.sec.MDM_EMAIL in package com.pekall.emdm
07-11 13:51:46.109 W/PackageManager(  374): Unknown permission android.permission.sec.MDM_VPN in package com.pekall.emdm
07-11 13:51:46.109 W/PackageManager(  374): Unknown permission android.permission.sec.MDM_APN in package com.pekall.emdm
07-11 13:51:46.117 W/PackageManager(  374): Unknown permission android.permission.sec.MDM_PHONE_RESTRICTION in package com.pekall.emdm
07-11 13:51:46.117 W/PackageManager(  374): Unknown permission android.permission.sec.MDM_BROWSER_SETTINGS in package com.pekall.emdm
07-11 13:51:46.117 W/PackageManager(  374): Unknown permission android.permission.sec.MDM_DATE_TIME in package com.pekall.emdm
07-11 13:51:46.117 W/PackageManager(  374): Unknown permission android.permission.sec.MDM_ENTERPRISE_VPN in package com.pekall.emdm
07-11 13:51:46.117 W/PackageManager(  374): Unknown permission android.permission.sec.MDM_FIREWALL in package com.pekall.emdm
07-11 13:51:46.117 W/PackageManager(  374): Unknown permission android.permission.sec.MDM_APP_PERMISSION_MGMT in package com.pekall.emdm
07-11 13:51:46.117 W/PackageManager(  374): Unknown permission android.permission.sec.MDM_KIOSK_MODE in package com.pekall.emdm
07-11 13:51:46.117 W/PackageManager(  374): Not granting permission android.permission.ACCESS_DOWNLOAD_MANAGER to package com.pekall.emdm (protectionLevel=18 flags=0x88be46)
07-11 13:51:46.125 W/PackageManager(  374): Not granting permission android.permission.SEND_DOWNLOAD_COMPLETED_INTENTS to package com.pekall.emdm (protectionLevel=2 flags=0x88be46)
07-11 13:51:46.125 W/PackageManager(  374): Unknown permission com.pekall.emdm.browser.permission.READ_HISTORY_BOOKMARKS in package com.pekall.emdm
07-11 13:51:46.125 W/PackageManager(  374): Unknown permission com.pekall.emdm.browser.permission.WRITE_HISTORY_BOOKMARKS in package com.pekall.emdm
07-11 13:51:46.125 W/PackageManager(  374): Unknown permission com.pekall.semail.permission.READ_ATTACHMENT in package com.pekall.emdm
07-11 13:51:46.125 W/PackageManager(  374): Unknown permission com.pekall.semail.permission.ACCESS_PROVIDER in package com.pekall.emdm
07-11 13:51:46.133 W/PackageManager(  374): Not granting permission android.permission.WRITE_APN_SETTINGS to package com.dragon.android.pandaspace (protectionLevel=18 flags=0x80be44)
07-11 13:51:46.133 W/PackageManager(  374): Not granting permission android.permission.INSTALL_PACKAGES to package com.dragon.android.pandaspace (protectionLevel=18 flags=0x80be44)
07-11 13:51:46.133 W/PackageManager(  374): Not granting permission android.permission.CHANGE_CONFIGURATION to package com.dragon.android.pandaspace (protectionLevel=50 flags=0x80be44)
07-11 13:51:46.133 W/PackageManager(  374): Not granting permission android.permission.READ_LOGS to package com.dragon.android.pandaspace (protectionLevel=50 flags=0x80be44)
07-11 13:51:46.133 W/PackageManager(  374): Not granting permission android.permission.PACKAGE_USAGE_STATS to package com.dragon.android.pandaspace (protectionLevel=18 flags=0x80be44)
07-11 13:51:46.140 W/PackageManager(  374): Not granting permission android.permission.MOUNT_UNMOUNT_FILESYSTEMS to package com.dragon.android.pandaspace (protectionLevel=18 flags=0x80be44)
07-11 13:51:46.140 W/PackageManager(  374): Not granting permission android.permission.SET_ACTIVITY_WATCHER to package com.dragon.android.pandaspace (protectionLevel=2 flags=0x80be44)
07-11 13:51:46.140 W/PackageManager(  374): Not granting permission android.permission.DELETE_PACKAGES to package com.dragon.android.pandaspace (protectionLevel=18 flags=0x80be44)
07-11 13:51:46.140 W/PackageManager(  374): Not granting permission android.permission.CHANGE_COMPONENT_ENABLED_STATE to package com.dragon.android.pandaspace (protectionLevel=18 flags=0x80be44)
07-11 13:51:46.140 W/PackageManager(  374): Not granting permission android.permission.SEND_DOWNLOAD_COMPLETED_INTENTS to package com.android.vending (protectionLevel=2 flags=0x8abe45)
07-11 13:51:46.140 W/PackageManager(  374): Unknown permission android.permission.SEND_SMS_NO_CONFIRMATION in package com.android.vending
07-11 13:51:46.140 W/PackageManager(  374): Unknown permission android.permission.ACCESS_SUPERUSER in package com.speedsoftware.rootexplorer
07-11 13:51:46.148 W/PackageManager(  374): Not granting permission android.permission.WRITE_SECURE_SETTINGS to package com.pekall.nmefc (protectionLevel=50 flags=0x88be44)
07-11 13:51:46.148 W/PackageManager(  374): Unknown permission android.permission.ACCESS_GPS in package com.pekall.nmefc
07-11 13:51:46.148 W/PackageManager(  374): Unknown permission android.permission.BAIDU_LOCATION_SERVICE in package com.pekall.nmefc
07-11 13:51:46.148 W/PackageManager(  374): Not granting permission android.permission.MOUNT_UNMOUNT_FILESYSTEMS to package com.pekall.nmefc (protectionLevel=18 flags=0x88be44)
07-11 13:51:46.156 W/PackageManager(  374): Not granting permission android.permission.READ_DREAM_STATE to package com.google.android.gsf (protectionLevel=2 flags=0x883e45)
07-11 13:51:46.367 I/ActivityManager(  374): Force stopping package com.moji.mjweather appid=10082 user=0
07-11 13:51:47.047 W/BackupManagerService(  374): dataChanged but no participant pkg='com.android.providers.settings' uid=10079
07-11 13:51:47.086 W/MountService(  374): getVolumeState(/storage/emulated/0/external_sd): Unknown volume
07-11 13:51:47.094 W/MountService(  374): getVolumeState(/mnt/sdcard-ext): Unknown volume
07-11 13:51:47.094 W/MountService(  374): getVolumeState(/mnt/ext_sdcard): Unknown volume
07-11 13:51:47.211 W/BackupManagerService(  374): dataChanged but no participant pkg='com.android.providers.settings' uid=10079
07-11 13:51:47.250 W/ContextImpl(26486): Calling a method in the system process without a qualified user: android.app.ContextImpl.startService:1385 android.content.ContextWrapper.startService:473 android.content.ContextWrapper.startService:473 com.android.keychain.KeyChainBroadcastReceiver.onReceive:12 android.app.ActivityThread.handleReceiver:2424 
07-11 13:51:47.351 W/MountService(  374): getVolumeState(/mnt/sdcard2): Unknown volume
07-11 13:51:47.359 W/MountService(  374): getVolumeState(/mnt/emmc): Unknown volume
07-11 13:51:47.367 W/MountService(  374): getVolumeState(/mnt/extSdCard): Unknown volume
07-11 13:51:47.375 W/MountService(  374): getVolumeState(/mnt/sdcard/SD_CARD): Unknown volume
07-11 13:51:47.383 W/MountService(  374): getVolumeState(/mnt/sdcard/extra_sd): Unknown volume
07-11 13:51:47.383 W/MountService(  374): getVolumeState(/mnt/extrasd_bind): Unknown volume
07-11 13:51:47.383 W/MountService(  374): getVolumeState(/mnt/sdcard/ext_sd): Unknown volume
07-11 13:51:47.383 W/MountService(  374): getVolumeState(/storage/extSdCard): Unknown volume
07-11 13:51:47.390 W/MountService(  374): getVolumeState(/storage/sdcard1): Unknown volume
07-11 13:51:47.390 W/MountService(  374): getVolumeState(/mnt/sdcard/external_SD): Unknown volume
07-11 13:51:47.398 W/MountService(  374): getVolumeState(/mnt/sdcard/external_sd): Unknown volume
07-11 13:51:47.492 I/ActivityManager(  374): Start proc com.google.android.apps.plus for broadcast com.google.android.apps.plus/.service.PackagesMediaMonitor: pid=29152 uid=10048 gids={50048, 3003, 3002, 1015, 1006, 1028}
07-11 13:51:47.812 D/BackupManagerService(  374): Received broadcast Intent { act=android.intent.action.PACKAGE_REMOVED dat=package:com.moji.mjweather flg=0x8000010 (has extras) }
07-11 13:51:47.812 V/BackupManagerService(  374): removePackageParticipantsLocked: uid=10082 #1
07-11 13:51:48.656 W/MountService(  374): getVolumeState(/storage/emulated/0/external_sd): Unknown volume
07-11 13:51:48.672 W/MountService(  374): getVolumeState(/mnt/sdcard-ext): Unknown volume
07-11 13:51:48.695 W/MountService(  374): getVolumeState(/mnt/ext_sdcard): Unknown volume
07-11 13:51:48.703 W/MountService(  374): getVolumeState(/mnt/sdcard2): Unknown volume
07-11 13:51:48.703 W/MountService(  374): getVolumeState(/mnt/emmc): Unknown volume
07-11 13:51:48.703 W/MountService(  374): getVolumeState(/mnt/extSdCard): Unknown volume
07-11 13:51:48.703 W/MountService(  374): getVolumeState(/mnt/sdcard/SD_CARD): Unknown volume
07-11 13:51:48.703 W/MountService(  374): getVolumeState(/mnt/sdcard/extra_sd): Unknown volume
07-11 13:51:48.703 W/MountService(  374): getVolumeState(/mnt/extrasd_bind): Unknown volume
07-11 13:51:48.703 W/MountService(  374): getVolumeState(/mnt/sdcard/ext_sd): Unknown volume
07-11 13:51:48.711 W/MountService(  374): getVolumeState(/storage/extSdCard): Unknown volume
07-11 13:51:48.711 W/MountService(  374): getVolumeState(/storage/sdcard1): Unknown volume
07-11 13:51:48.719 W/MountService(  374): getVolumeState(/mnt/sdcard/external_SD): Unknown volume
07-11 13:51:48.719 W/MountService(  374): getVolumeState(/mnt/sdcard/external_sd): Unknown volume
07-11 13:51:50.148 I/ActivityManager(  374): Process com.google.android.gms (pid 26590) has died.
07-11 13:51:50.320 I/ActivityManager(  374): Start proc com.google.android.gms for broadcast com.google.android.gms/.games.receiver.GamesSystemBroadcastReceiver: pid=29184 uid=10009 gids={50009, 3003, 1007, 1028, 1015, 1006, 2001, 3006}
07-11 13:51:50.781 I/ActivityManager(  374): Process com.google.android.apps.maps:LocationFriendService (pid 27659) has died.
07-11 13:51:51.070 I/ActivityManager(  374): Start proc com.google.android.gsf.login for service com.google.android.gms/.recovery.AccountRecoveryBackgroundService: pid=29269 uid=10009 gids={50009, 3003, 1007, 1028, 1015, 1006, 2001, 3006}
07-11 13:51:51.172 I/ActivityManager(  374): Process android.process.acore (pid 27492) has died.
07-11 13:51:52.422 I/ActivityManager(  374): No longer want com.google.android.partnersetup (pid 26667): empty #17
07-11 13:52:26.047 I/PowerManagerService(  374): Going to sleep due to screen timeout...
07-11 13:52:26.562 W/MountService(  374): getVolumeState(/storage/emulated/0/external_sd): Unknown volume
07-11 13:52:26.562 W/MountService(  374): getVolumeState(/mnt/sdcard-ext): Unknown volume
07-11 13:52:26.570 W/MountService(  374): getVolumeState(/mnt/ext_sdcard): Unknown volume
07-11 13:52:26.570 W/MountService(  374): getVolumeState(/mnt/sdcard2): Unknown volume
07-11 13:52:26.570 W/MountService(  374): getVolumeState(/mnt/emmc): Unknown volume
07-11 13:52:26.570 W/MountService(  374): getVolumeState(/mnt/extSdCard): Unknown volume
07-11 13:52:26.570 W/MountService(  374): getVolumeState(/mnt/sdcard/SD_CARD): Unknown volume
07-11 13:52:26.570 W/MountService(  374): getVolumeState(/mnt/sdcard/extra_sd): Unknown volume
07-11 13:52:26.570 W/MountService(  374): getVolumeState(/mnt/extrasd_bind): Unknown volume
07-11 13:52:26.578 W/MountService(  374): getVolumeState(/mnt/sdcard/ext_sd): Unknown volume
07-11 13:52:26.586 W/MountService(  374): getVolumeState(/storage/extSdCard): Unknown volume
07-11 13:52:26.586 W/MountService(  374): getVolumeState(/storage/sdcard1): Unknown volume
07-11 13:52:26.594 W/MountService(  374): getVolumeState(/mnt/sdcard/external_SD): Unknown volume
07-11 13:52:26.594 W/MountService(  374): getVolumeState(/mnt/sdcard/external_sd): Unknown volume
07-11 13:52:26.687 I/ActivityManager(  374): Start proc android.process.acore for content provider com.android.providers.contacts/.ContactsProvider2: pid=29476 uid=10000 gids={50000, 3003, 1015, 1028}
07-11 13:52:26.719 I/ActivityManager(  374): No longer want com.google.android.apps.maps:FriendService (pid 27635): empty #17
07-11 13:52:27.742 W/MountService(  374): getVolumeState(/storage/emulated/0/external_sd): Unknown volume
07-11 13:52:27.742 W/MountService(  374): getVolumeState(/mnt/sdcard-ext): Unknown volume
07-11 13:52:27.742 W/MountService(  374): getVolumeState(/mnt/ext_sdcard): Unknown volume
07-11 13:52:27.742 W/MountService(  374): getVolumeState(/mnt/sdcard2): Unknown volume
07-11 13:52:27.742 W/MountService(  374): getVolumeState(/mnt/emmc): Unknown volume
07-11 13:52:27.742 W/MountService(  374): getVolumeState(/mnt/extSdCard): Unknown volume
07-11 13:52:27.750 W/MountService(  374): getVolumeState(/mnt/sdcard/SD_CARD): Unknown volume
07-11 13:52:27.750 W/MountService(  374): getVolumeState(/mnt/sdcard/extra_sd): Unknown volume
07-11 13:52:27.750 W/MountService(  374): getVolumeState(/mnt/extrasd_bind): Unknown volume
07-11 13:52:27.750 W/MountService(  374): getVolumeState(/mnt/sdcard/ext_sd): Unknown volume
07-11 13:52:27.750 W/MountService(  374): getVolumeState(/storage/extSdCard): Unknown volume
07-11 13:52:27.750 W/MountService(  374): getVolumeState(/storage/sdcard1): Unknown volume
07-11 13:52:27.750 W/MountService(  374): getVolumeState(/mnt/sdcard/external_SD): Unknown volume
07-11 13:52:27.750 W/MountService(  374): getVolumeState(/mnt/sdcard/external_sd): Unknown volume
07-11 13:52:28.820 I/PowerManagerService(  374): Waking up from sleep...
07-11 13:52:28.820 I/WindowManager(  374): No lock screen!
07-11 13:52:35.492 I/ActivityManager(  374): No longer want com.google.android.calendar (pid 28838): empty #17
--------- beginning of /dev/log/main
07-11 13:52:54.484 W/Settings(25429): Setting mobile_data has moved from android.provider.Settings.Secure to android.provider.Settings.Global.
07-11 13:52:54.484 D/BluetoothAdapter(25429): 1108510848: getState() :  mService = null. Returning STATE_OFF
07-11 13:52:54.484 W/Settings(25429): Setting airplane_mode_on has moved from android.provider.Settings.System to android.provider.Settings.Global, returning read-only value.
07-11 13:52:54.500 W/Settings(25429): Setting airplane_mode_on has moved from android.provider.Settings.System to android.provider.Settings.Global, returning read-only value.
07-11 13:52:54.500 W/Settings(25429): Setting mobile_data has moved from android.provider.Settings.Secure to android.provider.Settings.Global.
07-11 13:52:54.500 D/BluetoothAdapter(25429): 1108510848: getState() :  mService = null. Returning STATE_OFF
07-11 13:52:54.500 W/Settings(25429): Setting airplane_mode_on has moved from android.provider.Settings.System to android.provider.Settings.Global, returning read-only value.
07-11 13:52:58.383 D/LightsService(  374): Excessive delay setting light: 66ms
07-11 13:53:04.242 I/PowerManagerService(  374): Going to sleep due to screen timeout...
07-11 13:53:05.047 D/SurfaceFlinger(  124): Screen released, type=0 flinger=0x400b4008
07-11 13:53:05.148 D/dalvikvm(  374): GC_FOR_ALLOC freed 677K, 29% free 22909K/31936K, paused 97ms, total 97ms
07-11 13:53:05.250 D/dalvikvm(  374): GC_FOR_ALLOC freed 762K, 30% free 22519K/31936K, paused 100ms, total 101ms
07-11 13:53:05.320 D/NfcService(  592): NFC-C OFF, disconnect
07-11 13:53:05.390 D/MDM :   ( 3259): [null:-1]->query
07-11 13:53:05.390 D/MDM :   ( 3259): [null:-1]->QUERY_SETTING_PIN_ONOFF
07-11 13:53:10.226 V/KeyguardHostView(  374): hide transport, gen:91
07-11 13:53:10.226 V/KeyguardHostView(  374): music state changed: 0
07-11 13:53:10.250 D/PhoneStatusBar(  450): disable: < expand icons alerts ticker system_info back home RECENT* clock search >
07-11 13:53:10.297 V/TAG     (  374): bug 7643792: fitSystemWindows([0,50][0,0])
07-11 13:53:10.390 D/dalvikvm( 1165): GC_FOR_ALLOC freed 485K, 8% free 9205K/9956K, paused 25ms, total 26ms
07-11 13:53:10.445 D/PhoneStatusBar(  450): disable: < expand icons alerts ticker system_info BACK* HOME* RECENT CLOCK* search >
07-11 13:53:10.523 D/MDM :   ( 3259): [null:-1]->MSG_WEBSOCKET_MESSAGE : {"id":-3101138,"type":0,"command":0,"result":0,"reason":0,"params":{"msgId":"48544047-1833-41d8-aab0-9e8cd2bab750,48544047183341d8aab09e8cd2bab750","device":"ffffffffc539bb10fffffffff7aea961","message":"{\"cmd\":\"10119\"}"}}
07-11 13:53:10.531 D/MdmService( 3259): [null:-1]->push message type :0
07-11 13:53:10.531 D/MdmService( 3259): [null:-1]->cmdMessage : {"cmd":"10119"}
07-11 13:53:10.531 D/MdmService( 3259): [null:-1]->command : PushCommandMsg{cmd='10119', msg='null'}
07-11 13:53:10.531 D/MDM :   ( 3259): [null:-1]->PUSH CMD: 10119
07-11 13:53:10.539 D/MdmStatusManager( 3259): [null:-1]->change status to : Busy
07-11 13:53:10.539 D/DB      ( 3259): query: SQLiteQuery: SELECT content, command_status, status FROM command WHERE status!=2
07-11 13:53:10.539 D/DB      ( 3259): factory null
07-11 13:53:10.539 D/DB      ( 3259): fillWindow: 0
07-11 13:53:10.539 D/DB      ( 3259): cursor 0
07-11 13:53:10.539 D/DB      ( 3259): moveToPos: 0
07-11 13:53:10.539 I/TransInfo( 3259): TransInfo created, id: 3, class: class com.pekall.emdm.transaction.b.c
07-11 13:53:10.539 D/NetworkThread( 3259): [null:-1]->----isRunning-----true
07-11 13:53:10.539 D/NetworkThread( 3259): [null:-1]->----isRunning-----true
07-11 13:53:10.539 D/NetworkThread( 3259): [null:-1]->thread wakeup
07-11 13:53:10.547 D/HttpClient( 3259): enable apache.http debug
07-11 13:53:10.554 V/DEBUG   ( 3259): HTTP 0
07-11 13:53:10.773 V/DEBUG   ( 3259): HTTP 1
07-11 13:53:10.789 D/dalvikvm(26136): GC_CONCURRENT freed 385K, 5% free 9840K/10284K, paused 6ms+2ms, total 42ms
07-11 13:53:10.797 D/MDM :   ( 3259): [null:-1]->read network input stream
07-11 13:53:10.797 D/MDM :   ( 3259): [null:-1]->read network input stream
07-11 13:53:10.812 D/CheckInTransInfo( 3259): [null:-1]->CommandMsg : CommandMsg{CommandUUID='8a8088bf471a79ec014723fb9bd0464e', Command=CommandObject{RequestType='InstallApplication'}}
07-11 13:53:10.812 D/DB      ( 3259): query: SQLiteQuery: SELECT * FROM command WHERE cmd_uuid='8a8088bf471a79ec014723fb9bd0464e'
07-11 13:53:10.812 D/DB      ( 3259): factory null
07-11 13:53:10.820 D/DB      ( 3259): fillWindow: 0
07-11 13:53:10.820 D/DB      ( 3259): cursor 0
07-11 13:53:10.859 D/NetworkThread( 3259): [null:-1]->queue is empty, thread wait...
07-11 13:53:10.961 D/MdmService( 3259): [null:-1]->handleCheckInResult
07-11 13:53:10.961 D/MdmService( 3259): [null:-1]->handleCheckInResult result keyIndex: 3
07-11 13:53:10.961 D/CommandManager( 3259): [null:-1]->execute command: CommandMsg{CommandUUID='8a8088bf471a79ec014723fb9bd0464e', Command=CommandObject{RequestType='InstallApplication'}}
07-11 13:53:10.961 D/TEST_ALL( 3259): [null:-1]->REQ_TYPE_INST_APP
07-11 13:53:10.976 E/DB      ( 3259): bind, index: 1, value: com.moji.mjweather
07-11 13:53:10.976 D/DB      ( 3259): query: SQLiteQuery: SELECT * FROM app WHERE package=?
07-11 13:53:10.976 D/DB      ( 3259): factory null
07-11 13:53:10.976 D/DB      ( 3259): fillWindow: 0
07-11 13:53:10.976 D/DB      ( 3259): cursor 0
07-11 13:53:10.976 D/DB      ( 3259): moveToPos: 0
07-11 13:53:11.023 D/DB      ( 3259): query: SQLiteQuery: SELECT * FROM app WHERE readStatus =0
07-11 13:53:11.023 D/DB      ( 3259): factory null
07-11 13:53:11.031 D/DB      ( 3259): fillWindow: 0
07-11 13:53:11.031 D/DB      ( 3259): cursor 1
07-11 13:53:11.031 E/Mdm     ( 3259): Call Mdm service's recordIconCount function
07-11 13:53:11.047 D/DB      ( 3259): query: SQLiteQuery: SELECT * FROM app WHERE readStatus =0
07-11 13:53:11.047 D/DB      ( 3259): factory null
07-11 13:53:11.047 D/DB      ( 3259): fillWindow: 0
07-11 13:53:11.054 D/DB      ( 3259): cursor 1
07-11 13:53:11.101 I/TransInfo( 3259): TransInfo created, id: 3, class: class com.pekall.emdm.transaction.b.c
07-11 13:53:11.101 D/NetworkThread( 3259): [null:-1]->----isRunning-----true
07-11 13:53:11.101 D/NetworkThread( 3259): [null:-1]->----isRunning-----true
07-11 13:53:11.109 D/NetworkThread( 3259): [null:-1]->thread wakeup
07-11 13:53:11.109 D/HttpClient( 3259): enable apache.http debug
07-11 13:53:11.117 V/DEBUG   ( 3259): HTTP 0
07-11 13:53:11.195 D/dalvikvm(  450): GC_CONCURRENT freed 1908K, 13% free 15257K/17536K, paused 36ms+9ms, total 105ms
07-11 13:53:11.226 I/AudioService(  374):  AudioFocus  requestAudioFocus() from android.media.AudioManager@42661e10
07-11 13:53:11.226 V/KeyguardHostView(  374): hide transport, gen:92
07-11 13:53:11.344 D/dalvikvm( 3259): GC_FOR_ALLOC freed 3287K, 30% free 18055K/25748K, paused 58ms, total 58ms
07-11 13:53:12.015 I/ActivityManager(  374): Process com.android.packageinstaller (pid 27842) has died.
07-11 13:53:12.172 V/DEBUG   ( 3259): HTTP 1
07-11 13:53:12.172 D/MdmDatabaseHelper( 3259): [null:-1]->update command 8a8088bf471a79ec014723fb9bd0464e to status executed
07-11 13:53:12.203 D/NetworkThread( 3259): [null:-1]->queue is empty, thread wait...
07-11 13:53:12.273 D/MdmService( 3259): [null:-1]->handleCheckInResult
07-11 13:53:12.273 D/MdmService( 3259): [null:-1]->handleCheckInResult result keyIndex: 3
07-11 13:53:12.273 D/HandleCommandTask( 3259): [null:-1]->execute command msg but beanBase is null
07-11 13:53:12.273 D/MdmStatusManager( 3259): [null:-1]->change status to : Idle
07-11 13:53:12.383 I/AudioService(  374):  AudioFocus  abandonAudioFocus() from android.media.AudioManager@42661e10
07-11 13:53:12.383 V/KeyguardHostView(  374): hide transport, gen:93
07-11 13:53:18.820 D/PushService(28570): [null:-1]->receiver action :com.pekall.mdm.action.PUSH_ALARM
07-11 13:53:18.844 D/PushService(28570): [null:-1]->keepAliveWithPushServer  client is null 
07-11 13:53:18.844 D/PushLib : (28570): [null:-1]->pushClient is :null
07-11 13:53:18.844 D/PushLib : (28570): [null:-1]->pushClient opened :not opened
07-11 13:53:18.875 D/PushLib : (28570): [null:-1]->pushClient connect:ws://192.168.10.35:9090/websocket
07-11 13:53:22.226 D/AndroidRuntime(29660): 
07-11 13:53:22.226 D/AndroidRuntime(29660): >>>>>> AndroidRuntime START com.android.internal.os.RuntimeInit <<<<<<
07-11 13:53:22.226 D/AndroidRuntime(29660): CheckJNI is OFF
07-11 13:53:22.242 D/dalvikvm(29660): Trying to load lib libjavacore.so 0x0
07-11 13:53:22.250 D/dalvikvm(29660): Added shared lib libjavacore.so 0x0
07-11 13:53:22.265 D/dalvikvm(29660): Trying to load lib libnativehelper.so 0x0
07-11 13:53:22.265 D/dalvikvm(29660): Added shared lib libnativehelper.so 0x0
07-11 13:53:22.297 I/dalvikvm(29660): DexOpt: source file mod time mismatch (44eb5c34 vs 44eb6e7b)
07-11 13:53:22.297 D/dalvikvm(29660): ODEX file is stale or bad; removing and retrying (/data/local/tmp/dalvik-cache/data@local@tmp@MDMMobileTest.jar@classes.dex)
07-11 13:53:22.304 D/dalvikvm(29660): DexOpt: --- BEGIN 'MDMMobileTest.jar' (bootstrap=0) ---
07-11 13:53:22.359 D/dalvikvm(29661): DexOpt: load 8ms, verify+opt 4ms, 124100 bytes
07-11 13:53:22.383 D/dalvikvm(29660): DexOpt: --- END 'MDMMobileTest.jar' (success) ---
07-11 13:53:22.383 D/dalvikvm(29660): DEX prep '/data/local/tmp/MDMMobileTest.jar': unzip in 2ms, rewrite 78ms
07-11 13:53:22.594 D/AndroidRuntime(29660): Calling main entry com.android.commands.uiautomator.Launcher
07-11 13:53:22.640 E/UiDevice(29660): Exceuting watcher: ANRWatcher
07-11 13:53:22.640 E/UiDevice(29660): java.lang.RuntimeException: UiDevice not initialized
07-11 13:53:22.640 E/UiDevice(29660): 	at com.android.uiautomator.core.UiDevice.getAutomatorBridge(UiDevice.java:87)
07-11 13:53:22.640 E/UiDevice(29660): 	at com.android.uiautomator.core.UiDevice.wakeUp(UiDevice.java:719)
07-11 13:53:22.640 E/UiDevice(29660): 	at com.pekall.test.mdmui.util.UiANRWatcher.checkForCondition(UiANRWatcher.java:23)
07-11 13:53:22.640 E/UiDevice(29660): 	at com.android.uiautomator.core.UiDevice.runWatchers(UiDevice.java:554)
07-11 13:53:22.640 E/UiDevice(29660): 	at com.pekall.test.mdmui.util.UiANRWatcher.run(UiANRWatcher.java:41)
07-11 13:53:22.640 E/UiDevice(29660): 	at com.pekall.test.mdmui.App.<clinit>(App.java:23)
07-11 13:53:22.640 E/UiDevice(29660): 	at java.lang.Class.newInstanceImpl(Native Method)
07-11 13:53:22.640 E/UiDevice(29660): 	at java.lang.Class.newInstance(Class.java:1130)
07-11 13:53:22.640 E/UiDevice(29660): 	at com.android.uiautomator.testrunner.TestCaseCollector.addSingleTestMethod(TestCaseCollector.java:110)
07-11 13:53:22.640 E/UiDevice(29660): 	at com.android.uiautomator.testrunner.TestCaseCollector.addTestClass(TestCaseCollector.java:86)
07-11 13:53:22.640 E/UiDevice(29660): 	at com.android.uiautomator.testrunner.TestCaseCollector.addTestClass(TestCaseCollector.java:72)
07-11 13:53:22.640 E/UiDevice(29660): 	at com.android.uiautomator.testrunner.TestCaseCollector.addTestClasses(TestCaseCollector.java:53)
07-11 13:53:22.640 E/UiDevice(29660): 	at com.android.uiautomator.testrunner.UiAutomatorTestRunner.start(UiAutomatorTestRunner.java:106)
07-11 13:53:22.640 E/UiDevice(29660): 	at com.android.uiautomator.testrunner.UiAutomatorTestRunner.run(UiAutomatorTestRunner.java:96)
07-11 13:53:22.640 E/UiDevice(29660): 	at com.android.commands.uiautomator.RunTestCommand.run(RunTestCommand.java:91)
07-11 13:53:22.640 E/UiDevice(29660): 	at com.android.commands.uiautomator.Launcher.main(Launcher.java:83)
07-11 13:53:22.640 E/UiDevice(29660): 	at com.android.internal.os.RuntimeInit.nativeFinishInit(Native Method)
07-11 13:53:22.640 E/UiDevice(29660): 	at com.android.internal.os.RuntimeInit.main(RuntimeInit.java:235)
07-11 13:53:22.640 E/UiDevice(29660): 	at dalvik.system.NativeStart.main(Native Method)
07-11 13:53:22.679 D/dalvikvm(29660): Note: class Landroid/app/ActivityManagerNative; has 163 unimplemented (abstract) methods
07-11 13:53:22.773 I/PowerManagerService(  374): Waking up from sleep...
07-11 13:53:22.804 I/WindowManager(  374): Lock screen displayed!
07-11 13:53:23.086 D/dalvikvm(  565): GC_CONCURRENT freed 398K, 7% free 10383K/11148K, paused 2ms+4ms, total 128ms
07-11 13:53:23.133 D/PowerManagerService-JNI(  374): Excessive delay in autosuspend_disable() while turning screen on: 353ms
07-11 13:53:23.133 D/SurfaceFlinger(  124): Screen acquired, type=0 flinger=0x400b4008
07-11 13:53:23.219 V/DigitalWidgetViewsFactory(28000): DigitalWidget sets next alarm string to null
07-11 13:53:23.273 D/LightsService(  374): Excessive delay setting light: 138ms
07-11 13:53:23.281 D/dalvikvm(25429): GC_CONCURRENT freed 447K, 6% free 9730K/10292K, paused 12ms+4ms, total 127ms
07-11 13:53:23.453 D/AndroidRuntime(29681): 
07-11 13:53:23.453 D/AndroidRuntime(29681): >>>>>> AndroidRuntime START com.android.internal.os.RuntimeInit <<<<<<
07-11 13:53:23.453 D/AndroidRuntime(29681): CheckJNI is OFF
07-11 13:53:23.469 D/dalvikvm(29681): Trying to load lib libjavacore.so 0x0
07-11 13:53:23.476 D/dalvikvm(29681): Added shared lib libjavacore.so 0x0
07-11 13:53:23.492 D/dalvikvm(29681): Trying to load lib libnativehelper.so 0x0
07-11 13:53:23.492 D/dalvikvm(29681): Added shared lib libnativehelper.so 0x0
07-11 13:53:23.656 D/AndroidRuntime(29681): Calling main entry com.qihoo360.powerctl.root.app.App
07-11 13:53:23.656 D/AndroidRuntime(29681): Shutting down VM
07-11 13:53:23.664 D/dalvikvm(29681): Debugger has detached; object registry had 1 entries
07-11 13:53:23.664 I/AndroidRuntime(29681): NOTE: attach of thread 'Binder_1' failed
07-11 13:53:23.703 I/ActivityManager(  374): Process com.google.android.apps.plus (pid 29152) has died.
07-11 13:53:24.812 I/QueryController(29660): Matched selector: UiSelector[DESCRIPTION=] <<==>> [android.view.accessibility.AccessibilityNodeInfo@2b28fb; boundsInParent: Rect(0, 0 - 720, 756); boundsInScreen: Rect(0, 547 - 720, 1303); packageName: android; className: android.view.View; text: null; contentDescription: ; viewIdResName: android:id/glow_pad_view; checkable: false; checked: false; focusable: false; focused: false; selected: false; clickable: false; longClickable: false; enabled: true; password: false; scrollable: false; [ACTION_SELECT, ACTION_CLEAR_SELECTION, ACTION_ACCESSIBILITY_FOCUS, ACTION_NEXT_AT_MOVEMENT_GRANULARITY, ACTION_PREVIOUS_AT_MOVEMENT_GRANULARITY, ACTION_SET_SELECTION]]
07-11 13:53:24.828 W/GlowPadView(  374): The number of target drawables must be equal to the number of direction descriptions.
07-11 13:53:25.195 D/PhoneStatusBar(  450): disable: < expand icons alerts ticker system_info BACK HOME recent* CLOCK search >
07-11 13:53:25.219 D/NfcService(  592): NFC-C ON
07-11 13:53:25.289 D/PhoneStatusBar(  450): disable: < expand icons alerts ticker system_info back* home* recent clock* search >
07-11 13:53:25.304 W/InputMethodManagerService(  374): Window already focused, ignoring focus gain of: com.android.internal.view.IInputMethodClient$Stub$Proxy@42bbbfb8 attribute=android.view.inputmethod.EditorInfo@42634760, token = android.os.BinderProxy@425fcae0
07-11 13:53:25.547 D/dalvikvm(20727): GC_FOR_ALLOC freed 200K, 6% free 9937K/10532K, paused 84ms, total 86ms
07-11 13:53:25.547 I/dalvikvm-heap(20727): Grow heap (frag case) to 9.833MB for 36880-byte allocation
07-11 13:53:25.617 D/dalvikvm(20727): GC_FOR_ALLOC freed 2K, 6% free 9970K/10572K, paused 68ms, total 68ms
07-11 13:53:25.726 V/TAG     (  374): bug 7643792: fitSystemWindows([0,50][0,0])
07-11 13:53:25.765 D/AndroidRuntime(29712): 
07-11 13:53:25.765 D/AndroidRuntime(29712): >>>>>> AndroidRuntime START com.android.internal.os.RuntimeInit <<<<<<
07-11 13:53:25.765 D/AndroidRuntime(29712): CheckJNI is OFF
07-11 13:53:25.781 D/dalvikvm(29712): Trying to load lib libjavacore.so 0x0
07-11 13:53:25.789 D/dalvikvm(20727): GC_FOR_ALLOC freed 55K, 6% free 9985K/10572K, paused 119ms, total 119ms
07-11 13:53:25.789 D/dalvikvm(29712): Added shared lib libjavacore.so 0x0
07-11 13:53:25.804 D/dalvikvm(29712): Trying to load lib libnativehelper.so 0x0
07-11 13:53:25.804 D/dalvikvm(29712): Added shared lib libnativehelper.so 0x0
07-11 13:53:25.851 W/ResourceType(  605): No known package when getting name for resource number 0x9b000000
07-11 13:53:25.851 W/ResourceType(  605): No known package when getting name for resource number 0x9b010100
07-11 13:53:25.859 W/ResourceType(  605): No known package when getting name for resource number 0x9b030300
07-11 13:53:25.859 W/ResourceType(  605): No known package when getting name for resource number 0x9b040400
07-11 13:53:25.875 W/ResourceType(  605): No known package when getting name for resource number 0x9c010003
07-11 13:53:25.969 W/ResourceType(  605): No known package when getting name for resource number 0x9c020000
07-11 13:53:25.969 W/ResourceType(  605): No known package when getting name for resource number 0x9c020002
07-11 13:53:26.078 W/ResourceType(  605): No known package when getting name for resource number 0x9b000000
07-11 13:53:26.078 W/ResourceType(  605): No known package when getting name for resource number 0x9b010100
07-11 13:53:26.086 W/ResourceType(  605): No known package when getting name for resource number 0x9b030300
07-11 13:53:26.086 W/ResourceType(  605): No known package when getting name for resource number 0x9b040400
07-11 13:53:26.094 W/ResourceType(  605): No known package when getting name for resource number 0x9c010003
07-11 13:53:26.094 D/AndroidRuntime(29712): Calling main entry com.qihoo360.powerctl.root.app.App
07-11 13:53:26.101 D/AndroidRuntime(29712): Shutting down VM
07-11 13:53:26.101 D/dalvikvm(29712): Debugger has detached; object registry had 1 entries
07-11 13:53:26.101 I/AndroidRuntime(29712): NOTE: attach of thread 'Binder_1' failed
07-11 13:53:26.140 V/PanelView(  450): animationTick called with dtms=0; nothing to do (h=0.0 v=4000.0)
07-11 13:53:26.172 W/ResourceType(  605): No known package when getting name for resource number 0x9b000000
07-11 13:53:26.172 W/ResourceType(  605): No known package when getting name for resource number 0x9b010100
07-11 13:53:26.172 W/ResourceType(  605): No known package when getting name for resource number 0x9b030300
07-11 13:53:26.179 W/ResourceType(  605): No known package when getting name for resource number 0x9b040400
07-11 13:53:26.179 W/ResourceType(  605): No known package when getting name for resource number 0x9c010003
07-11 13:53:26.203 W/ResourceType(  605): No known package when getting name for resource number 0x9c020000
07-11 13:53:26.203 W/ResourceType(  605): No known package when getting name for resource number 0x9c020002
07-11 13:53:26.289 I/RootJni (29722): su: permission denied
07-11 13:53:26.344 D/SizeAdaptiveLayout(  450): com.android.internal.widget.SizeAdaptiveLayout{42389f18 V.E..... ......ID 0,0-720,128 #7f070058 app:id/adaptive}child view android.widget.LinearLayout{4221a9e8 V.E..... ......ID 0,0-720,124} measured out of bounds at 124px clamped to 128px
07-11 13:53:26.453 D/SizeAdaptiveLayout(  450): com.android.internal.widget.SizeAdaptiveLayout{42389f18 V.E..... ......ID 0,0-720,128 #7f070058 app:id/adaptive}child view android.widget.LinearLayout{4221a9e8 V.E..... ......ID 0,0-720,124} measured out of bounds at 124px clamped to 128px
07-11 13:53:26.773 W/MountService(  374): getVolumeState(/storage/emulated/0/external_sd): Unknown volume
07-11 13:53:26.773 W/MountService(  374): getVolumeState(/mnt/sdcard-ext): Unknown volume
07-11 13:53:26.773 W/MountService(  374): getVolumeState(/mnt/ext_sdcard): Unknown volume
07-11 13:53:26.773 W/MountService(  374): getVolumeState(/mnt/sdcard2): Unknown volume
07-11 13:53:26.773 W/MountService(  374): getVolumeState(/mnt/emmc): Unknown volume
07-11 13:53:26.773 W/MountService(  374): getVolumeState(/mnt/extSdCard): Unknown volume
07-11 13:53:26.781 W/MountService(  374): getVolumeState(/mnt/sdcard/SD_CARD): Unknown volume
07-11 13:53:26.781 W/MountService(  374): getVolumeState(/mnt/sdcard/extra_sd): Unknown volume
07-11 13:53:26.781 W/MountService(  374): getVolumeState(/mnt/extrasd_bind): Unknown volume
07-11 13:53:26.781 W/MountService(  374): getVolumeState(/mnt/sdcard/ext_sd): Unknown volume
07-11 13:53:26.781 W/MountService(  374): getVolumeState(/storage/extSdCard): Unknown volume
07-11 13:53:26.781 W/MountService(  374): getVolumeState(/storage/sdcard1): Unknown volume
07-11 13:53:26.781 W/MountService(  374): getVolumeState(/mnt/sdcard/external_SD): Unknown volume
07-11 13:53:26.789 W/MountService(  374): getVolumeState(/mnt/sdcard/external_sd): Unknown volume
07-11 13:53:26.859 D/dalvikvm(27881): GC_CONCURRENT freed 361K, 7% free 9366K/9996K, paused 4ms+3ms, total 31ms
07-11 13:53:26.992 D/dalvikvm(  374): GC_CONCURRENT freed 2159K, 26% free 23675K/31936K, paused 9ms+14ms, total 157ms
07-11 13:53:27.094 W/MountService(  374): getVolumeState(/storage/emulated/0/external_sd): Unknown volume
07-11 13:53:27.094 W/MountService(  374): getVolumeState(/mnt/sdcard-ext): Unknown volume
07-11 13:53:27.094 W/MountService(  374): getVolumeState(/mnt/ext_sdcard): Unknown volume
07-11 13:53:27.101 W/MountService(  374): getVolumeState(/mnt/sdcard2): Unknown volume
07-11 13:53:27.101 W/MountService(  374): getVolumeState(/mnt/emmc): Unknown volume
07-11 13:53:27.101 W/MountService(  374): getVolumeState(/mnt/extSdCard): Unknown volume
07-11 13:53:27.101 W/MountService(  374): getVolumeState(/mnt/sdcard/SD_CARD): Unknown volume
07-11 13:53:27.109 D/dalvikvm(27881): GC_CONCURRENT freed 439K, 6% free 9424K/9996K, paused 4ms+5ms, total 37ms
07-11 13:53:27.117 W/MountService(  374): getVolumeState(/mnt/sdcard/extra_sd): Unknown volume
07-11 13:53:27.117 W/MountService(  374): getVolumeState(/mnt/extrasd_bind): Unknown volume
07-11 13:53:27.125 W/MountService(  374): getVolumeState(/mnt/sdcard/ext_sd): Unknown volume
07-11 13:53:27.125 W/MountService(  374): getVolumeState(/storage/extSdCard): Unknown volume
07-11 13:53:27.125 W/MountService(  374): getVolumeState(/storage/sdcard1): Unknown volume
07-11 13:53:27.125 W/MountService(  374): getVolumeState(/mnt/sdcard/external_SD): Unknown volume
07-11 13:53:27.125 W/MountService(  374): getVolumeState(/mnt/sdcard/external_sd): Unknown volume
07-11 13:53:27.984 D/PushLib : (28570): [null:-1]->MSG_WEBSOCKET_OPEN
07-11 13:53:28.023 D/dalvikvm(28570): GC_CONCURRENT freed 611K, 7% free 9197K/9832K, paused 6ms+4ms, total 54ms
07-11 13:53:28.117 D/JOBS    (28570): added job id: -2147483647 class: PushMessageJob priority: 0 delay: 0 group : fetch-push persistent: false requires network: true
07-11 13:53:28.125 D/JOBS    (28570): main: load factor check. true = (0 < 1)|| (0 * 3 < 1 + 0). consumer thread: false
07-11 13:53:28.125 D/JOBS    (28570): adding another consumer
07-11 13:53:28.125 D/JOBS    (28570): starting consumer Thread-3142
07-11 13:53:28.133 D/JOBS    (28570): running job PushMessageJob
07-11 13:53:28.133 D/JOBS    (28570): pool-4-thread-1: load factor check. false = (1 < 1)|| (1 * 3 < 0 + 1). consumer thread: false
07-11 13:53:28.547 D/dalvikvm(28570): GC_CONCURRENT freed 373K, 6% free 9242K/9832K, paused 3ms+4ms, total 27ms
07-11 13:53:28.586 D/PushLib : (28570): [null:-1]->MSG_WEBSOCKET_MESSAGE : {"id":2,"type":1,"command":0,"result":0,"reason":0}
07-11 13:53:28.601 D/PushService(28570): [null:-1]->push message type :1
07-11 13:53:28.648 D/JOBS    (28570): finished job PushMessageJob
07-11 13:53:31.734 I/QueryController(29660): Matched selector: UiSelector[TEXT=, CLASS=android.widget.TextView] <<==>> [android.view.accessibility.AccessibilityNodeInfo@62da3; boundsInParent: Rect(0, 0 - 434, 43); boundsInScreen: Rect(147, 251 - 581, 294); packageName: com.pekall.emdm; className: android.widget.TextView; text: ; contentDescription: null; viewIdResName: com.pekall.emdm:id/market_notify_app_name; checkable: false; checked: false; focusable: false; focused: false; selected: false; clickable: false; longClickable: false; enabled: true; password: false; scrollable: false; [ACTION_SELECT, ACTION_CLEAR_SELECTION, ACTION_ACCESSIBILITY_FOCUS, ACTION_NEXT_AT_MOVEMENT_GRANULARITY, ACTION_PREVIOUS_AT_MOVEMENT_GRANULARITY, ACTION_SET_SELECTION]]
07-11 13:53:31.734 D/InteractionController(29660): clickAndWaitForNewWindow(364, 272)
07-11 13:53:31.906 I/ActivityManager(  374): START u0 {cmp=com.pekall.emdm/.market.activity.AppListActivity bnds=[0,242][720,370] (has extras)} from pid -1
07-11 13:53:31.906 W/ActivityManager(  374): startActivity called from non-Activity context; forcing Intent.FLAG_ACTIVITY_NEW_TASK for: Intent { cmp=com.pekall.emdm/.market.activity.AppListActivity bnds=[0,242][720,370] (has extras) }
07-11 13:53:31.922 W/KeyguardViewMediator(  374): verifyUnlock called when not externally disabled
07-11 13:53:31.961 V/PanelView(  450): animationTick called with dtms=0; nothing to do (h=1184.0 v=-4000.0)
07-11 13:53:31.969 V/PanelView(  450): animationTick called with dtms=0; nothing to do (h=1184.0 v=-4000.0)
07-11 13:53:32.062 D/MdmApplication( 3259): [null:-1]->onActivityStarted market.activity.AppListActivity , mActivityCount = 3
07-11 13:53:32.070 D/MDM :   ( 3259): [null:-1]->query
07-11 13:53:32.078 D/MDM :   ( 3259): [null:-1]->QUERY_PINCODE_CHECK_RESULT
07-11 13:53:32.156 D/DB      ( 3259): query: SQLiteQuery: SELECT * FROM app WHERE type = 51107
07-11 13:53:32.156 D/DB      ( 3259): factory null
07-11 13:53:32.156 D/DB      ( 3259): fillWindow: 0
07-11 13:53:32.172 D/DB      ( 3259): cursor 2
07-11 13:53:32.179 D/mdm_log ( 3259): [null:-1]->has installed by.game.binumbers
07-11 13:53:32.211 D/DB      ( 3259): query: SQLiteQuery: SELECT * FROM app WHERE type = 51106
07-11 13:53:32.219 D/DB      ( 3259): factory null
07-11 13:53:32.219 D/DB      ( 3259): fillWindow: 0
07-11 13:53:32.219 D/DB      ( 3259): cursor 0
07-11 13:53:32.258 D/dalvikvm(20727): GC_FOR_ALLOC freed 360K, 7% free 9940K/10596K, paused 57ms, total 61ms
07-11 13:53:32.258 I/dalvikvm-heap(20727): Grow heap (frag case) to 9.917MB for 122560-byte allocation
07-11 13:53:32.312 D/dalvikvm(20727): GC_FOR_ALLOC freed <1K, 7% free 10059K/10716K, paused 52ms, total 52ms
07-11 13:53:32.359 D/dalvikvm(27881): GC_FOR_ALLOC freed 399K, 7% free 9323K/9992K, paused 33ms, total 47ms
07-11 13:53:32.390 D/dalvikvm(20727): GC_FOR_ALLOC freed 2K, 7% free 10057K/10716K, paused 37ms, total 38ms
07-11 13:53:32.406 I/dalvikvm-heap(20727): Grow heap (frag case) to 10.123MB for 217504-byte allocation
07-11 13:53:32.484 D/DB      ( 3259): moveToPos: 0
07-11 13:53:32.484 D/DB      ( 3259): onMove: 0
07-11 13:53:32.492 D/DB      ( 3259): moveToPos: 1
07-11 13:53:32.492 D/DB      ( 3259): onMove: 1
07-11 13:53:32.492 D/DB      ( 3259): moveToPos: 2
07-11 13:53:32.500 I/ActivityManager(  374): Displayed com.pekall.emdm/.market.activity.AppListActivity: +575ms
07-11 13:53:32.515 D/dalvikvm(20727): GC_FOR_ALLOC freed 0K, 7% free 10270K/10932K, paused 97ms, total 97ms
07-11 13:53:33.039 I/EventLogService(  647): Aggregate from 1405056212932 (log), 1405056212932 (data)
07-11 13:53:33.101 I/ServiceDumpSys(  647): dumping service [account]
07-11 13:53:34.047 I/QueryController(29660): Matched selector: UiSelector[TEXT=] <<==>> [android.view.accessibility.AccessibilityNodeInfo@29237; boundsInParent: Rect(0, 0 - 434, 43); boundsInScreen: Rect(136, 423 - 570, 466); packageName: com.pekall.emdm; className: android.widget.TextView; text: ; contentDescription: null; viewIdResName: com.pekall.emdm:id/market_item_name; checkable: false; checked: false; focusable: false; focused: false; selected: false; clickable: false; longClickable: false; enabled: true; password: false; scrollable: false; [ACTION_SELECT, ACTION_CLEAR_SELECTION, ACTION_ACCESSIBILITY_FOCUS, ACTION_NEXT_AT_MOVEMENT_GRANULARITY, ACTION_PREVIOUS_AT_MOVEMENT_GRANULARITY, ACTION_SET_SELECTION]]
07-11 13:53:34.062 I/AndroidRuntime(29660): VM exiting with result code 0.
07-11 13:53:37.976 D/AndroidRuntime(29757): 
07-11 13:53:37.976 D/AndroidRuntime(29757): >>>>>> AndroidRuntime START com.android.internal.os.RuntimeInit <<<<<<
07-11 13:53:37.976 D/AndroidRuntime(29757): CheckJNI is OFF
07-11 13:53:37.992 D/dalvikvm(29757): Trying to load lib libjavacore.so 0x0
07-11 13:53:38.000 D/dalvikvm(29757): Added shared lib libjavacore.so 0x0
07-11 13:53:38.015 D/dalvikvm(29757): Trying to load lib libnativehelper.so 0x0
07-11 13:53:38.015 D/dalvikvm(29757): Added shared lib libnativehelper.so 0x0
07-11 13:53:38.242 D/AndroidRuntime(29757): Calling main entry com.android.commands.uiautomator.Launcher
07-11 13:53:38.273 E/UiDevice(29757): Exceuting watcher: ANRWatcher
07-11 13:53:38.273 E/UiDevice(29757): java.lang.RuntimeException: UiDevice not initialized
07-11 13:53:38.273 E/UiDevice(29757): 	at com.android.uiautomator.core.UiDevice.getAutomatorBridge(UiDevice.java:87)
07-11 13:53:38.273 E/UiDevice(29757): 	at com.android.uiautomator.core.UiDevice.wakeUp(UiDevice.java:719)
07-11 13:53:38.273 E/UiDevice(29757): 	at com.pekall.test.mdmui.util.UiANRWatcher.checkForCondition(UiANRWatcher.java:23)
07-11 13:53:38.273 E/UiDevice(29757): 	at com.android.uiautomator.core.UiDevice.runWatchers(UiDevice.java:554)
07-11 13:53:38.273 E/UiDevice(29757): 	at com.pekall.test.mdmui.util.UiANRWatcher.run(UiANRWatcher.java:41)
07-11 13:53:38.273 E/UiDevice(29757): 	at com.pekall.test.mdmui.App.<clinit>(App.java:23)
07-11 13:53:38.273 E/UiDevice(29757): 	at java.lang.Class.newInstanceImpl(Native Method)
07-11 13:53:38.273 E/UiDevice(29757): 	at java.lang.Class.newInstance(Class.java:1130)
07-11 13:53:38.273 E/UiDevice(29757): 	at com.android.uiautomator.testrunner.TestCaseCollector.addSingleTestMethod(TestCaseCollector.java:110)
07-11 13:53:38.273 E/UiDevice(29757): 	at com.android.uiautomator.testrunner.TestCaseCollector.addTestClass(TestCaseCollector.java:86)
07-11 13:53:38.273 E/UiDevice(29757): 	at com.android.uiautomator.testrunner.TestCaseCollector.addTestClass(TestCaseCollector.java:72)
07-11 13:53:38.273 E/UiDevice(29757): 	at com.android.uiautomator.testrunner.TestCaseCollector.addTestClasses(TestCaseCollector.java:53)
07-11 13:53:38.273 E/UiDevice(29757): 	at com.android.uiautomator.testrunner.UiAutomatorTestRunner.start(UiAutomatorTestRunner.java:106)
07-11 13:53:38.273 E/UiDevice(29757): 	at com.android.uiautomator.testrunner.UiAutomatorTestRunner.run(UiAutomatorTestRunner.java:96)
07-11 13:53:38.273 E/UiDevice(29757): 	at com.android.commands.uiautomator.RunTestCommand.run(RunTestCommand.java:91)
07-11 13:53:38.273 E/UiDevice(29757): 	at com.android.commands.uiautomator.Launcher.main(Launcher.java:83)
07-11 13:53:38.273 E/UiDevice(29757): 	at com.android.internal.os.RuntimeInit.nativeFinishInit(Native Method)
07-11 13:53:38.273 E/UiDevice(29757): 	at com.android.internal.os.RuntimeInit.main(RuntimeInit.java:235)
07-11 13:53:38.273 E/UiDevice(29757): 	at dalvik.system.NativeStart.main(Native Method)
07-11 13:53:38.289 D/dalvikvm(29757): Note: class Landroid/app/ActivityManagerNative; has 163 unimplemented (abstract) methods
07-11 13:53:38.906 I/QueryController(29757): Matched selector: UiSelector[TEXT=, CLASS=android.widget.TextView] <<==>> [android.view.accessibility.AccessibilityNodeInfo@29237; boundsInParent: Rect(0, 0 - 434, 43); boundsInScreen: Rect(136, 423 - 570, 466); packageName: com.pekall.emdm; className: android.widget.TextView; text: ; contentDescription: null; viewIdResName: com.pekall.emdm:id/market_item_name; checkable: false; checked: false; focusable: false; focused: false; selected: false; clickable: false; longClickable: false; enabled: true; password: false; scrollable: false; [ACTION_SELECT, ACTION_CLEAR_SELECTION, ACTION_ACCESSIBILITY_FOCUS, ACTION_NEXT_AT_MOVEMENT_GRANULARITY, ACTION_PREVIOUS_AT_MOVEMENT_GRANULARITY, ACTION_SET_SELECTION]]
07-11 13:53:38.906 D/InteractionController(29757): clickAndWaitForNewWindow(353, 444)
07-11 13:53:39.094 D/mdm_market( 3259): [null:-1]->appinfo : AppInfo{appName='', pkgName='com.moji.mjweather', appVersionCode=33002, appVersionName='3.30.02', appIcon='https://192.168.10.91/resources/api/v1/download/guest?uuid=754d276aeb8d43b4d38614e83b87', appImages='https://192.168.10.91/resources/api/v1/download/guest?uuid=ff8db40b13d1480690f15fe838b1', appSize='10418000', appTag='', appUUID='8a8088bf471a79ec01471a8b5d4c00de', downloadStatus='0', readStatus='0', type='51107', url='https://192.168.10.91/resources/api/v1/download/guest?uuid=b8990980c21a451625892eb7a93a', description='', instantInstall='', time='1405057990988', enforceAppPolicy=''}
07-11 13:53:39.094 I/ActivityManager(  374): START u0 {cmp=com.pekall.emdm/.market.activity.AppDetailActivity (has extras)} from pid 3259
07-11 13:53:39.242 D/dalvikvm(  374): GC_FOR_ALLOC freed 2350K, 30% free 22387K/31932K, paused 95ms, total 95ms
07-11 13:53:39.258 D/MdmApplication( 3259): [null:-1]->onActivityPaused market.activity.AppListActivity , mActivityCount = 4
07-11 13:53:39.258 D/MDM :   ( 3259): [null:-1]->query
07-11 13:53:39.258 D/MDM :   ( 3259): [null:-1]->QUERY_PINCODE_CHECK_RESULT
07-11 13:53:39.258 E/Mdm     ( 3259): Call Mdm service's setLastExitTime function
07-11 13:53:39.344 D/MdmApplication( 3259): [null:-1]->onActivityStarted market.activity.AppDetailActivity , mActivityCount = 3
07-11 13:53:39.344 D/MDM :   ( 3259): [null:-1]->query
07-11 13:53:39.344 D/MDM :   ( 3259): [null:-1]->QUERY_PINCODE_CHECK_RESULT
07-11 13:53:39.351 W/System.err( 3259): android.content.pm.PackageManager$NameNotFoundException: com.moji.mjweather
07-11 13:53:39.351 W/System.err( 3259): 	at android.app.ApplicationPackageManager.getPackageInfo(ApplicationPackageManager.java:81)
07-11 13:53:39.351 W/System.err( 3259): 	at com.pekall.emdm.market.activity.AppDetailActivity.onResume(Unknown Source)
07-11 13:53:39.351 W/System.err( 3259): 	at android.app.Instrumentation.callActivityOnResume(Instrumentation.java:1192)
07-11 13:53:39.351 W/System.err( 3259): 	at android.app.Activity.performResume(Activity.java:5211)
07-11 13:53:39.351 W/System.err( 3259): 	at android.app.ActivityThread.performResumeActivity(ActivityThread.java:2780)
07-11 13:53:39.351 W/System.err( 3259): 	at android.app.ActivityThread.handleResumeActivity(ActivityThread.java:2819)
07-11 13:53:39.351 W/System.err( 3259): 	at android.app.ActivityThread.handleLaunchActivity(ActivityThread.java:2266)
07-11 13:53:39.351 W/System.err( 3259): 	at android.app.ActivityThread.access$600(ActivityThread.java:141)
07-11 13:53:39.351 W/System.err( 3259): 	at android.app.ActivityThread$H.handleMessage(ActivityThread.java:1256)
07-11 13:53:39.351 W/System.err( 3259): 	at android.os.Handler.dispatchMessage(Handler.java:99)
07-11 13:53:39.351 W/System.err( 3259): 	at android.os.Looper.loop(Looper.java:137)
07-11 13:53:39.351 W/System.err( 3259): 	at android.app.ActivityThread.main(ActivityThread.java:5103)
07-11 13:53:39.351 W/System.err( 3259): 	at java.lang.reflect.Method.invokeNative(Native Method)
07-11 13:53:39.359 W/System.err( 3259): 	at java.lang.reflect.Method.invoke(Method.java:525)
07-11 13:53:39.359 W/System.err( 3259): 	at com.android.internal.os.ZygoteInit$MethodAndArgsCaller.run(ZygoteInit.java:737)
07-11 13:53:39.359 W/System.err( 3259): 	at com.android.internal.os.ZygoteInit.main(ZygoteInit.java:553)
07-11 13:53:39.359 W/System.err( 3259): 	at dalvik.system.NativeStart.main(Native Method)
07-11 13:53:39.359 D/ypy     ( 3259): [null:-1]-> ================ checkDownLoadStatus status is 0
07-11 13:53:39.633 I/ActivityManager(  374): Displayed com.pekall.emdm/.market.activity.AppDetailActivity: +357ms
07-11 13:53:40.211 I/QueryController(29757): Matched selector: UiSelector[TEXT=, CLASS=android.widget.TextView] <<==>> [android.view.accessibility.AccessibilityNodeInfo@320de; boundsInParent: Rect(0, 0 - 680, 38); boundsInScreen: Rect(20, 959 - 700, 997); packageName: com.pekall.emdm; className: android.widget.TextView; text: ; contentDescription: null; viewIdResName: com.pekall.emdm:id/market_app_introduce_content; checkable: false; checked: false; focusable: false; focused: false; selected: false; clickable: false; longClickable: false; enabled: true; password: false; scrollable: false; [ACTION_SELECT, ACTION_CLEAR_SELECTION, ACTION_ACCESSIBILITY_FOCUS, ACTION_NEXT_AT_MOVEMENT_GRANULARITY, ACTION_PREVIOUS_AT_MOVEMENT_GRANULARITY, ACTION_SET_SELECTION]]
