07-11 14:12:30.179 W/MountService(  374): getVolumeState(/storage/extSdCard): Unknown volume
07-11 14:12:30.179 W/MountService(  374): getVolumeState(/storage/sdcard1): Unknown volume
07-11 14:12:30.179 W/MountService(  374): getVolumeState(/mnt/sdcard/external_SD): Unknown volume
07-11 14:12:30.179 W/MountService(  374): getVolumeState(/mnt/sdcard/external_sd): Unknown volume
07-11 14:12:30.398 D/dalvikvm(32475): GC_FOR_ALLOC freed 490K, 60% free 634K/1580K, paused 8ms, total 9ms
07-11 14:12:30.453 D/dalvikvm(27881): GC_CONCURRENT freed 406K, 7% free 9377K/10044K, paused 7ms+26ms, total 73ms
07-11 14:12:30.578 W/MountService(  374): getVolumeState(/storage/emulated/0/external_sd): Unknown volume
07-11 14:12:30.578 W/MountService(  374): getVolumeState(/mnt/sdcard-ext): Unknown volume
07-11 14:12:30.586 W/MountService(  374): getVolumeState(/mnt/ext_sdcard): Unknown volume
07-11 14:12:30.586 W/MountService(  374): getVolumeState(/mnt/sdcard2): Unknown volume
07-11 14:12:30.594 W/MountService(  374): getVolumeState(/mnt/emmc): Unknown volume
07-11 14:12:30.594 W/MountService(  374): getVolumeState(/mnt/extSdCard): Unknown volume
07-11 14:12:30.594 W/MountService(  374): getVolumeState(/mnt/sdcard/SD_CARD): Unknown volume
07-11 14:12:30.601 W/MountService(  374): getVolumeState(/mnt/sdcard/extra_sd): Unknown volume
07-11 14:12:30.601 W/MountService(  374): getVolumeState(/mnt/extrasd_bind): Unknown volume
07-11 14:12:30.601 W/MountService(  374): getVolumeState(/mnt/sdcard/ext_sd): Unknown volume
07-11 14:12:30.609 W/MountService(  374): getVolumeState(/storage/extSdCard): Unknown volume
07-11 14:12:30.617 W/MountService(  374): getVolumeState(/storage/sdcard1): Unknown volume
07-11 14:12:30.617 W/MountService(  374): getVolumeState(/mnt/sdcard/external_SD): Unknown volume
07-11 14:12:30.617 W/MountService(  374): getVolumeState(/mnt/sdcard/external_sd): Unknown volume
07-11 14:12:30.726 D/dalvikvm(27881): GC_CONCURRENT freed 446K, 7% free 9385K/10044K, paused 5ms+3ms, total 62ms
07-11 14:12:30.734 D/dalvikvm(32475): GC_FOR_ALLOC freed 519K, 61% free 626K/1580K, paused 9ms, total 9ms
07-11 14:12:31.117 D/dalvikvm(32475): GC_FOR_ALLOC freed 524K, 62% free 614K/1580K, paused 8ms, total 8ms
07-11 14:12:31.429 D/dalvikvm(32475): GC_FOR_ALLOC freed 491K, 60% free 635K/1580K, paused 9ms, total 9ms
07-11 14:12:31.734 D/dalvikvm(32475): GC_FOR_ALLOC freed 534K, 62% free 612K/1580K, paused 6ms, total 7ms
07-11 14:12:32.125 D/dalvikvm(32475): GC_FOR_ALLOC freed 508K, 62% free 615K/1580K, paused 10ms, total 10ms
07-11 14:12:32.492 D/dalvikvm(32475): GC_FOR_ALLOC freed 492K, 60% free 635K/1580K, paused 9ms, total 9ms
07-11 14:12:32.851 D/dalvikvm(32475): GC_FOR_ALLOC freed 521K, 61% free 625K/1580K, paused 10ms, total 10ms
07-11 14:12:33.203 D/dalvikvm(32475): GC_FOR_ALLOC freed 520K, 61% free 617K/1580K, paused 9ms, total 9ms
07-11 14:12:33.484 D/dalvikvm(32475): GC_FOR_ALLOC freed 493K, 60% free 635K/1580K, paused 8ms, total 10ms
07-11 14:12:33.781 D/dalvikvm(32475): GC_FOR_ALLOC freed 520K, 61% free 627K/1580K, paused 9ms, total 9ms
07-11 14:12:34.117 D/dalvikvm(32475): GC_FOR_ALLOC freed 519K, 61% free 619K/1580K, paused 7ms, total 7ms
07-11 14:12:34.414 D/dalvikvm(32475): GC_FOR_ALLOC freed 498K, 60% free 633K/1580K, paused 7ms, total 8ms
07-11 14:12:34.719 D/dalvikvm(32475): GC_FOR_ALLOC freed 516K, 61% free 628K/1580K, paused 7ms, total 7ms
07-11 14:12:35.039 D/dalvikvm(32475): GC_FOR_ALLOC freed 519K, 61% free 621K/1580K, paused 9ms, total 9ms
07-11 14:12:35.344 D/dalvikvm(32475): GC_FOR_ALLOC freed 499K, 60% free 633K/1580K, paused 9ms, total 9ms
07-11 14:12:35.648 D/dalvikvm(32475): GC_FOR_ALLOC freed 516K, 61% free 628K/1580K, paused 8ms, total 8ms
07-11 14:12:35.961 D/dalvikvm(32475): GC_FOR_ALLOC freed 517K, 61% free 623K/1580K, paused 6ms, total 7ms
07-11 14:12:36.273 D/dalvikvm(32475): GC_FOR_ALLOC freed 504K, 61% free 630K/1580K, paused 7ms, total 7ms
07-11 14:12:36.586 D/dalvikvm(32475): GC_FOR_ALLOC freed 530K, 62% free 612K/1580K, paused 9ms, total 9ms
07-11 14:12:36.937 D/dalvikvm(32475): GC_FOR_ALLOC freed 498K, 61% free 625K/1580K, paused 6ms, total 6ms
07-11 14:12:37.258 D/dalvikvm(32475): GC_FOR_ALLOC freed 505K, 61% free 631K/1580K, paused 8ms, total 8ms
07-11 14:12:37.578 D/dalvikvm(32475): GC_FOR_ALLOC freed 516K, 61% free 627K/1580K, paused 8ms, total 8ms
07-11 14:12:37.937 W/Settings(25429): Setting airplane_mode_on has moved from android.provider.Settings.System to android.provider.Settings.Global, returning read-only value.
07-11 14:12:37.937 W/Settings(25429): Setting mobile_data has moved from android.provider.Settings.Secure to android.provider.Settings.Global.
07-11 14:12:37.937 D/BluetoothAdapter(25429): 1108510848: getState() :  mService = null. Returning STATE_OFF
07-11 14:12:37.937 W/Settings(25429): Setting airplane_mode_on has moved from android.provider.Settings.System to android.provider.Settings.Global, returning read-only value.
07-11 14:12:37.969 D/dalvikvm(32475): GC_FOR_ALLOC freed 512K, 61% free 626K/1580K, paused 19ms, total 19ms
07-11 14:12:37.984 W/Settings(25429): Setting airplane_mode_on has moved from android.provider.Settings.System to android.provider.Settings.Global, returning read-only value.
07-11 14:12:37.984 W/Settings(25429): Setting mobile_data has moved from android.provider.Settings.Secure to android.provider.Settings.Global.
07-11 14:12:37.992 D/BluetoothAdapter(25429): 1108510848: getState() :  mService = null. Returning STATE_OFF
07-11 14:12:37.992 W/Settings(25429): Setting airplane_mode_on has moved from android.provider.Settings.System to android.provider.Settings.Global, returning read-only value.
07-11 14:12:38.023 D/dalvikvm(25429): GC_CONCURRENT freed 407K, 5% free 9721K/10228K, paused 3ms+3ms, total 27ms
07-11 14:12:38.523 D/dalvikvm( 3259): GC_FOR_ALLOC freed 3279K, 28% free 18687K/25600K, paused 69ms, total 69ms
07-11 14:12:38.820 D/dalvikvm(32475): GC_FOR_ALLOC freed 494K, 60% free 644K/1580K, paused 7ms, total 7ms
07-11 14:12:39.101 D/dalvikvm(32475): GC_FOR_ALLOC freed 535K, 61% free 620K/1580K, paused 7ms, total 7ms
07-11 14:12:39.429 D/dalvikvm(32475): GC_FOR_ALLOC freed 508K, 61% free 623K/1580K, paused 9ms, total 9ms
07-11 14:12:39.765 D/dalvikvm(32475): GC_FOR_ALLOC freed 491K, 60% free 644K/1580K, paused 9ms, total 9ms
07-11 14:12:40.062 D/dalvikvm(32475): GC_FOR_ALLOC freed 535K, 61% free 620K/1580K, paused 7ms, total 7ms
07-11 14:12:40.406 D/dalvikvm(32475): GC_FOR_ALLOC freed 507K, 61% free 625K/1580K, paused 8ms, total 8ms
07-11 14:12:40.719 D/dalvikvm(32475): GC_FOR_ALLOC freed 494K, 60% free 642K/1580K, paused 6ms, total 7ms
07-11 14:12:40.789 D/LightsService(  374): Excessive delay setting light: 60ms
07-11 14:12:41.023 D/dalvikvm(32475): GC_FOR_ALLOC freed 519K, 60% free 635K/1580K, paused 9ms, total 9ms
07-11 14:12:41.351 D/dalvikvm(32475): GC_FOR_ALLOC freed 520K, 61% free 627K/1580K, paused 10ms, total 11ms
07-11 14:12:41.672 D/dalvikvm(32475): GC_FOR_ALLOC freed 496K, 60% free 643K/1580K, paused 7ms, total 9ms
07-11 14:12:41.984 D/dalvikvm(32475): GC_FOR_ALLOC freed 534K, 61% free 621K/1580K, paused 7ms, total 7ms
07-11 14:12:42.328 D/dalvikvm(32475): GC_FOR_ALLOC freed 503K, 61% free 629K/1580K, paused 9ms, total 10ms
07-11 14:12:42.617 D/dalvikvm(32475): GC_FOR_ALLOC freed 501K, 60% free 639K/1580K, paused 9ms, total 10ms
07-11 14:12:42.945 D/dalvikvm(32475): GC_FOR_ALLOC freed 515K, 60% free 636K/1580K, paused 8ms, total 8ms
07-11 14:12:43.273 D/dalvikvm(32475): GC_FOR_ALLOC freed 517K, 61% free 631K/1580K, paused 8ms, total 8ms
07-11 14:12:43.289 D/LightsService(  374): Excessive delay setting light: 74ms
07-11 14:12:43.586 D/dalvikvm(32475): GC_FOR_ALLOC freed 503K, 60% free 640K/1580K, paused 7ms, total 7ms
07-11 14:12:43.890 D/dalvikvm(32475): GC_FOR_ALLOC freed 530K, 61% free 621K/1580K, paused 8ms, total 8ms
07-11 14:12:44.226 D/dalvikvm(32475): GC_FOR_ALLOC freed 499K, 60% free 633K/1580K, paused 7ms, total 7ms
07-11 14:12:44.508 D/dalvikvm(32475): GC_FOR_ALLOC freed 508K, 60% free 636K/1580K, paused 7ms, total 8ms
07-11 14:12:46.054 I/AndroidRuntime(32475): VM exiting with result code 0.
07-11 14:12:50.429 D/dalvikvm(20727): GC_CONCURRENT freed 389K, 8% free 10112K/10920K, paused 13ms+5ms, total 65ms
07-11 14:12:51.375 D/dalvikvm( 3259): GC_FOR_ALLOC freed 3244K, 27% free 18724K/25600K, paused 75ms, total 76ms
07-11 14:12:55.086 W/Settings(25429): Setting airplane_mode_on has moved from android.provider.Settings.System to android.provider.Settings.Global, returning read-only value.
07-11 14:12:55.086 W/Settings(25429): Setting mobile_data has moved from android.provider.Settings.Secure to android.provider.Settings.Global.
07-11 14:12:55.086 D/BluetoothAdapter(25429): 1108510848: getState() :  mService = null. Returning STATE_OFF
07-11 14:12:55.094 W/Settings(25429): Setting airplane_mode_on has moved from android.provider.Settings.System to android.provider.Settings.Global, returning read-only value.
07-11 14:12:55.101 W/Settings(25429): Setting airplane_mode_on has moved from android.provider.Settings.System to android.provider.Settings.Global, returning read-only value.
07-11 14:12:55.101 W/Settings(25429): Setting mobile_data has moved from android.provider.Settings.Secure to android.provider.Settings.Global.
07-11 14:12:55.109 D/BluetoothAdapter(25429): 1108510848: getState() :  mService = null. Returning STATE_OFF
07-11 14:12:55.109 W/Settings(25429): Setting airplane_mode_on has moved from android.provider.Settings.System to android.provider.Settings.Global, returning read-only value.
07-11 14:12:55.140 W/Settings(25429): Setting airplane_mode_on has moved from android.provider.Settings.System to android.provider.Settings.Global, returning read-only value.
07-11 14:12:55.140 W/Settings(25429): Setting mobile_data has moved from android.provider.Settings.Secure to android.provider.Settings.Global.
07-11 14:12:55.140 D/BluetoothAdapter(25429): 1108510848: getState() :  mService = null. Returning STATE_OFF
07-11 14:12:55.148 W/Settings(25429): Setting airplane_mode_on has moved from android.provider.Settings.System to android.provider.Settings.Global, returning read-only value.
07-11 14:13:07.219 D/LightsService(  374): Excessive delay setting light: 66ms
07-11 14:13:13.062 I/PowerManagerService(  374): Going to sleep due to screen timeout...
07-11 14:13:13.844 D/dalvikvm( 3259): GC_FOR_ALLOC freed 3205K, 27% free 18813K/25600K, paused 77ms, total 78ms
07-11 14:13:13.945 D/SurfaceFlinger(  124): Screen released, type=0 flinger=0x400b4008
07-11 14:13:14.062 D/dalvikvm(  374): GC_FOR_ALLOC freed 2122K, 28% free 23128K/31960K, paused 114ms, total 116ms
07-11 14:13:14.179 D/dalvikvm(  374): GC_FOR_ALLOC freed 771K, 29% free 22728K/31960K, paused 99ms, total 99ms
07-11 14:13:14.179 D/MdmApplication( 3259): [null:-1]->onActivityPaused market.activity.AppDetailActivity , mActivityCount = 3
07-11 14:13:14.179 D/MDM :   ( 3259): [null:-1]->query
07-11 14:13:14.179 D/MDM :   ( 3259): [null:-1]->QUERY_PINCODE_CHECK_RESULT
07-11 14:13:14.187 E/Mdm     ( 3259): Call Mdm service's setLastExitTime function
07-11 14:13:14.289 D/NfcService(  592): NFC-C OFF, disconnect
07-11 14:13:14.367 D/MDM :   ( 3259): [null:-1]->query
07-11 14:13:14.367 D/MDM :   ( 3259): [null:-1]->QUERY_SETTING_PIN_ONOFF
07-11 14:13:18.820 D/PushService(28570): [null:-1]->receiver action :com.pekall.mdm.action.PUSH_ALARM
07-11 14:13:18.820 D/PushService(28570): [null:-1]->keepAliveWithPushServer client is opened:true
07-11 14:13:18.828 D/PushLib : (28570): [null:-1]->ping!!!!!!!!!
07-11 14:13:18.836 D/PushLib : (28570): [null:-1]->pushClient is :not null
07-11 14:13:18.836 D/PushLib : (28570): [null:-1]->pushClient opened : opened
07-11 14:13:19.054 V/KeyguardHostView(  374): hide transport, gen:95
07-11 14:13:19.054 V/KeyguardHostView(  374): music state changed: 0
07-11 14:13:19.086 D/PhoneStatusBar(  450): disable: < expand icons alerts ticker system_info back home RECENT* clock search >
07-11 14:13:19.117 V/TAG     (  374): bug 7643792: fitSystemWindows([0,50][0,0])
07-11 14:13:19.265 D/PhoneStatusBar(  450): disable: < expand icons alerts ticker system_info BACK* HOME* RECENT CLOCK* search >
07-11 14:13:23.851 D/PushLib : (28570): [null:-1]->MSG_WEBSOCKET_PONG
07-11 14:13:23.961 I/ActivityManager(  374): No longer want com.google.android.apps.maps:GoogleLocationService (pid 22832): empty for 3507s
07-11 14:13:23.984 W/ActivityManager(  374): Scheduling restart of crashed service com.google.android.apps.maps/com.google.android.location.internal.server.GoogleLocationService in 5000ms
07-11 14:13:28.304 D/mdm_log ( 3259): [null:-1]->read buffer is -1 , download done
07-11 14:13:28.406 D/mdm_log ( 3259): [null:-1]->file download complete! url is/storage/emulated/0/MDM/download/commojimjweather.apk
07-11 14:13:28.429 D/ypy     ( 3259): [null:-1]-> ================ checkDownLoadStatus status is 3
07-11 14:13:28.429 D/ypy     ( 3259): [null:-1]-> ================ checkDownLoadStatus status is 3
07-11 14:13:28.437 D/ypy     ( 3259): [null:-1]-> ================ checkDownLoadStatus status is 3
07-11 14:13:28.703 D/JOBS    (28570): Thread-3142: load factor check. true = (0 < 1)|| (0 * 3 < 0 + 0). consumer thread: true
07-11 14:13:28.703 D/JOBS    (28570): didn't allow me to die, re-running Thread-3142
07-11 14:13:28.703 D/JOBS    (28570): re-running consumer Thread-3142
07-11 14:13:29.008 I/ActivityManager(  374): Start proc com.google.android.apps.maps:GoogleLocationService for service com.google.android.apps.maps/com.google.android.location.internal.server.GoogleLocationService: pid=32672 uid=10038 gids={50038, 3003, 1015, 1028}
07-11 14:13:29.039 I/ActivityManager(  374): No longer want com.google.android.gallery3d (pid 27516): empty #17
07-11 14:13:29.539 D/dalvikvm(32672): GC_CONCURRENT freed 228K, 3% free 9111K/9376K, paused 4ms+2ms, total 36ms
07-11 14:13:29.625 D/dalvikvm(32672): GC_CONCURRENT freed 183K, 4% free 9351K/9652K, paused 3ms+2ms, total 21ms
07-11 14:13:29.625 D/dalvikvm(32672): WAIT_FOR_CONCURRENT_GC blocked 17ms
07-11 14:13:29.726 D/dalvikvm(32672): GC_CONCURRENT freed 451K, 5% free 9412K/9900K, paused 2ms+4ms, total 52ms
07-11 14:13:29.726 D/dalvikvm(32672): WAIT_FOR_CONCURRENT_GC blocked 6ms
07-11 14:13:29.836 D/dalvikvm(32672): GC_CONCURRENT freed 145K, 2% free 9787K/9948K, paused 10ms+3ms, total 34ms
07-11 14:13:29.961 I/ActivityManager(  374): Start proc com.google.android.apps.maps:FriendService for broadcast com.google.android.apps.maps/com.google.googlenav.friend.android.ServiceReceiver: pid=32693 uid=10038 gids={50038, 3003, 1015, 1028}
07-11 14:13:30.000 W/Settings(32672): Setting airplane_mode_on has moved from android.provider.Settings.System to android.provider.Settings.Global, returning read-only value.
07-11 14:13:30.094 W/ActivityManager(  374): Permission denied: checkComponentPermission() owningUid=10009
07-11 14:13:30.094 W/BroadcastQueue(  374): Permission Denial: broadcasting Intent { act=com.google.android.location.internal.server.ACTION_RESTARTED flg=0x10 } from com.google.android.apps.maps (pid=32672, uid=10038) is not exported from uid 10009 due to receiver com.google.android.gms/com.google.android.location.reporting.service.ExternalChangeReceiver
07-11 14:13:30.094 I/ActivityManager(  374): No longer want com.android.musicfx (pid 26513): empty #17
07-11 14:13:30.109 I/ActivityManager(  374): Start proc com.google.android.apps.maps:LocationFriendService for broadcast com.google.android.apps.maps/com.google.googlenav.friend.reporting.LocationReportingIntentReceiver: pid=32705 uid=10038 gids={50038, 3003, 1015, 1028}
07-11 14:13:30.281 I/ActivityManager(  374): No longer want com.noshufou.android.su (pid 26714): empty #17
07-11 14:13:30.414 W/MountService(  374): getVolumeState(/storage/emulated/0/external_sd): Unknown volume
07-11 14:13:30.414 W/MountService(  374): getVolumeState(/mnt/sdcard-ext): Unknown volume
07-11 14:13:30.422 W/MountService(  374): getVolumeState(/mnt/ext_sdcard): Unknown volume
07-11 14:13:30.422 W/MountService(  374): getVolumeState(/mnt/sdcard2): Unknown volume
07-11 14:13:30.422 W/MountService(  374): getVolumeState(/mnt/emmc): Unknown volume
07-11 14:13:30.422 W/MountService(  374): getVolumeState(/mnt/extSdCard): Unknown volume
07-11 14:13:30.422 W/MountService(  374): getVolumeState(/mnt/sdcard/SD_CARD): Unknown volume
07-11 14:13:30.429 W/MountService(  374): getVolumeState(/mnt/sdcard/extra_sd): Unknown volume
07-11 14:13:30.429 W/MountService(  374): getVolumeState(/mnt/extrasd_bind): Unknown volume
07-11 14:13:30.429 W/MountService(  374): getVolumeState(/mnt/sdcard/ext_sd): Unknown volume
07-11 14:13:30.429 W/MountService(  374): getVolumeState(/storage/extSdCard): Unknown volume
07-11 14:13:30.429 W/MountService(  374): getVolumeState(/storage/sdcard1): Unknown volume
07-11 14:13:30.429 W/MountService(  374): getVolumeState(/mnt/sdcard/external_SD): Unknown volume
07-11 14:13:30.429 W/MountService(  374): getVolumeState(/mnt/sdcard/external_sd): Unknown volume
07-11 14:13:30.476 D/dalvikvm(27881): GC_CONCURRENT freed 410K, 7% free 9401K/10036K, paused 3ms+3ms, total 38ms
07-11 14:13:30.476 D/dalvikvm(27881): WAIT_FOR_CONCURRENT_GC blocked 18ms
07-11 14:13:30.656 D/dalvikvm(27881): GC_CONCURRENT freed 488K, 7% free 9425K/10036K, paused 7ms+4ms, total 38ms
07-11 14:13:30.656 D/dalvikvm(27881): WAIT_FOR_CONCURRENT_GC blocked 13ms
07-11 14:13:30.656 D/dalvikvm(27881): WAIT_FOR_CONCURRENT_GC blocked 15ms
07-11 14:13:30.656 D/dalvikvm(27881): WAIT_FOR_CONCURRENT_GC blocked 15ms
07-11 14:13:30.664 W/MountService(  374): getVolumeState(/storage/emulated/0/external_sd): Unknown volume
07-11 14:13:30.664 W/MountService(  374): getVolumeState(/mnt/sdcard-ext): Unknown volume
07-11 14:13:30.664 W/MountService(  374): getVolumeState(/mnt/ext_sdcard): Unknown volume
07-11 14:13:30.664 W/MountService(  374): getVolumeState(/mnt/sdcard2): Unknown volume
07-11 14:13:30.664 W/MountService(  374): getVolumeState(/mnt/emmc): Unknown volume
07-11 14:13:30.664 W/MountService(  374): getVolumeState(/mnt/extSdCard): Unknown volume
07-11 14:13:30.664 W/MountService(  374): getVolumeState(/mnt/sdcard/SD_CARD): Unknown volume
07-11 14:13:30.664 W/MountService(  374): getVolumeState(/mnt/sdcard/extra_sd): Unknown volume
07-11 14:13:30.672 W/MountService(  374): getVolumeState(/mnt/extrasd_bind): Unknown volume
07-11 14:13:30.672 W/MountService(  374): getVolumeState(/mnt/sdcard/ext_sd): Unknown volume
07-11 14:13:30.672 W/MountService(  374): getVolumeState(/storage/extSdCard): Unknown volume
07-11 14:13:30.672 W/MountService(  374): getVolumeState(/storage/sdcard1): Unknown volume
07-11 14:13:30.672 W/MountService(  374): getVolumeState(/mnt/sdcard/external_SD): Unknown volume
07-11 14:13:30.672 W/MountService(  374): getVolumeState(/mnt/sdcard/external_sd): Unknown volume
07-11 14:13:31.390 D/dalvikvm(32672): GC_CONCURRENT freed 772K, 8% free 9426K/10232K, paused 4ms+4ms, total 32ms
07-11 14:13:45.289 W/Settings(25429): Setting airplane_mode_on has moved from android.provider.Settings.System to android.provider.Settings.Global, returning read-only value.
07-11 14:13:45.289 W/Settings(25429): Setting mobile_data has moved from android.provider.Settings.Secure to android.provider.Settings.Global.
07-11 14:13:45.289 D/BluetoothAdapter(25429): 1108510848: getState() :  mService = null. Returning STATE_OFF
07-11 14:13:45.289 W/Settings(25429): Setting airplane_mode_on has moved from android.provider.Settings.System to android.provider.Settings.Global, returning read-only value.
07-11 14:13:45.304 W/Settings(25429): Setting airplane_mode_on has moved from android.provider.Settings.System to android.provider.Settings.Global, returning read-only value.
07-11 14:13:45.304 W/Settings(25429): Setting mobile_data has moved from android.provider.Settings.Secure to android.provider.Settings.Global.
07-11 14:13:45.304 D/BluetoothAdapter(25429): 1108510848: getState() :  mService = null. Returning STATE_OFF
07-11 14:13:45.304 W/Settings(25429): Setting airplane_mode_on has moved from android.provider.Settings.System to android.provider.Settings.Global, returning read-only value.
07-11 14:13:45.304 W/Settings(25429): Setting airplane_mode_on has moved from android.provider.Settings.System to android.provider.Settings.Global, returning read-only value.
07-11 14:13:45.304 W/Settings(25429): Setting mobile_data has moved from android.provider.Settings.Secure to android.provider.Settings.Global.
07-11 14:13:45.304 D/BluetoothAdapter(25429): 1108510848: getState() :  mService = null. Returning STATE_OFF
07-11 14:13:45.312 W/Settings(25429): Setting airplane_mode_on has moved from android.provider.Settings.System to android.provider.Settings.Global, returning read-only value.
07-11 14:13:50.828 D/dalvikvm(27881): GC_CONCURRENT freed 473K, 7% free 9348K/10024K, paused 4ms+2ms, total 38ms
07-11 14:13:50.828 D/dalvikvm(27881): WAIT_FOR_CONCURRENT_GC blocked 30ms
07-11 14:14:00.461 W/System.err(27801): java.io.FileNotFoundException: /data/data/com.mgyapp.android/files/.cfpaps.i: open failed: ENOENT (No such file or directory)
07-11 14:14:00.461 W/System.err(27801): 	at libcore.io.IoBridge.open(IoBridge.java:409)
07-11 14:14:00.461 W/System.err(27801): 	at java.io.FileInputStream.<init>(FileInputStream.java:78)
07-11 14:14:00.461 W/System.err(27801): 	at android.app.ContextImpl.openFileInput(ContextImpl.java:702)
07-11 14:14:00.461 W/System.err(27801): 	at android.content.ContextWrapper.openFileInput(ContextWrapper.java:173)
07-11 14:14:00.469 W/System.err(27801): 	at com.mgyun.shua.jc.service.f.run(Unknown Source)
07-11 14:14:00.469 W/System.err(27801): 	at com.mgyun.shua.jc.service.CpWorkServer.onHandleIntent(Unknown Source)
07-11 14:14:00.469 W/System.err(27801): 	at android.app.IntentService$ServiceHandler.handleMessage(IntentService.java:65)
07-11 14:14:00.469 W/System.err(27801): 	at android.os.Handler.dispatchMessage(Handler.java:99)
07-11 14:14:00.469 W/System.err(27801): 	at android.os.Looper.loop(Looper.java:137)
07-11 14:14:00.469 W/System.err(27801): 	at android.os.HandlerThread.run(HandlerThread.java:61)
07-11 14:14:00.476 W/System.err(27801): Caused by: libcore.io.ErrnoException: open failed: ENOENT (No such file or directory)
07-11 14:14:00.476 W/System.err(27801): 	at libcore.io.Posix.open(Native Method)
07-11 14:14:00.476 W/System.err(27801): 	at libcore.io.BlockGuardOs.open(BlockGuardOs.java:110)
07-11 14:14:00.476 W/System.err(27801): 	at libcore.io.IoBridge.open(IoBridge.java:393)
07-11 14:14:00.476 W/System.err(27801): 	... 9 more
07-11 14:14:10.461 W/System.err(27801): java.io.FileNotFoundException: /data/data/com.mgyapp.android/files/.cfp.i: open failed: ENOENT (No such file or directory)
07-11 14:14:10.461 W/System.err(27801): 	at libcore.io.IoBridge.open(IoBridge.java:409)
07-11 14:14:10.461 W/System.err(27801): 	at java.io.FileInputStream.<init>(FileInputStream.java:78)
07-11 14:14:10.461 W/System.err(27801): 	at android.app.ContextImpl.openFileInput(ContextImpl.java:702)
07-11 14:14:10.461 W/System.err(27801): 	at android.content.ContextWrapper.openFileInput(ContextWrapper.java:173)
07-11 14:14:10.461 W/System.err(27801): 	at com.mgyun.shua.jc.c.b(Unknown Source)
07-11 14:14:10.461 W/System.err(27801): 	at com.mgyun.shua.jc.d.a(Unknown Source)
07-11 14:14:10.469 W/System.err(27801): 	at com.mgyun.shua.jc.service.CpWorkServer.onHandleIntent(Unknown Source)
07-11 14:14:10.469 W/System.err(27801): 	at android.app.IntentService$ServiceHandler.handleMessage(IntentService.java:65)
07-11 14:14:10.469 W/System.err(27801): 	at android.os.Handler.dispatchMessage(Handler.java:99)
07-11 14:14:10.469 W/System.err(27801): 	at android.os.Looper.loop(Looper.java:137)
07-11 14:14:10.469 W/System.err(27801): 	at android.os.HandlerThread.run(HandlerThread.java:61)
07-11 14:14:10.469 W/System.err(27801): Caused by: libcore.io.ErrnoException: open failed: ENOENT (No such file or directory)
07-11 14:14:10.469 W/System.err(27801): 	at libcore.io.Posix.open(Native Method)
07-11 14:14:10.469 W/System.err(27801): 	at libcore.io.BlockGuardOs.open(BlockGuardOs.java:110)
07-11 14:14:10.469 W/System.err(27801): 	at libcore.io.IoBridge.open(IoBridge.java:393)
07-11 14:14:10.469 W/System.err(27801): 	... 10 more
07-11 14:14:25.250 D/GCM     (  647): Ignoring attempt to send heartbeat on dead connection.
07-11 14:14:30.578 W/MountService(  374): getVolumeState(/storage/emulated/0/external_sd): Unknown volume
07-11 14:14:30.586 W/MountService(  374): getVolumeState(/mnt/sdcard-ext): Unknown volume
07-11 14:14:30.586 W/MountService(  374): getVolumeState(/mnt/ext_sdcard): Unknown volume
07-11 14:14:30.586 W/MountService(  374): getVolumeState(/mnt/sdcard2): Unknown volume
07-11 14:14:30.586 W/MountService(  374): getVolumeState(/mnt/emmc): Unknown volume
07-11 14:14:30.586 W/MountService(  374): getVolumeState(/mnt/extSdCard): Unknown volume
07-11 14:14:30.586 W/MountService(  374): getVolumeState(/mnt/sdcard/SD_CARD): Unknown volume
07-11 14:14:30.586 W/MountService(  374): getVolumeState(/mnt/sdcard/extra_sd): Unknown volume
07-11 14:14:30.594 W/MountService(  374): getVolumeState(/mnt/extrasd_bind): Unknown volume
07-11 14:14:30.594 W/MountService(  374): getVolumeState(/mnt/sdcard/ext_sd): Unknown volume
07-11 14:14:30.594 W/MountService(  374): getVolumeState(/storage/extSdCard): Unknown volume
07-11 14:14:30.594 W/MountService(  374): getVolumeState(/storage/sdcard1): Unknown volume
07-11 14:14:30.594 W/MountService(  374): getVolumeState(/mnt/sdcard/external_SD): Unknown volume
07-11 14:14:30.594 W/MountService(  374): getVolumeState(/mnt/sdcard/external_sd): Unknown volume
07-11 14:14:30.664 D/dalvikvm(27881): GC_CONCURRENT freed 360K, 6% free 9500K/10024K, paused 3ms+4ms, total 24ms
07-11 14:14:30.664 D/dalvikvm(27881): WAIT_FOR_CONCURRENT_GC blocked 12ms
07-11 14:14:30.664 D/dalvikvm(27881): WAIT_FOR_CONCURRENT_GC blocked 13ms
07-11 14:14:30.797 D/dalvikvm(29476): GC_CONCURRENT freed 386K, 5% free 9402K/9824K, paused 2ms+4ms, total 31ms
07-11 14:14:30.820 W/MountService(  374): getVolumeState(/storage/emulated/0/external_sd): Unknown volume
07-11 14:14:30.828 W/MountService(  374): getVolumeState(/mnt/sdcard-ext): Unknown volume
07-11 14:14:30.828 W/MountService(  374): getVolumeState(/mnt/ext_sdcard): Unknown volume
07-11 14:14:30.828 W/MountService(  374): getVolumeState(/mnt/sdcard2): Unknown volume
07-11 14:14:30.828 W/MountService(  374): getVolumeState(/mnt/emmc): Unknown volume
07-11 14:14:30.828 W/MountService(  374): getVolumeState(/mnt/extSdCard): Unknown volume
07-11 14:14:30.828 W/MountService(  374): getVolumeState(/mnt/sdcard/SD_CARD): Unknown volume
07-11 14:14:30.828 W/MountService(  374): getVolumeState(/mnt/sdcard/extra_sd): Unknown volume
07-11 14:14:30.828 W/MountService(  374): getVolumeState(/mnt/extrasd_bind): Unknown volume
07-11 14:14:30.828 W/MountService(  374): getVolumeState(/mnt/sdcard/ext_sd): Unknown volume
07-11 14:14:30.836 W/MountService(  374): getVolumeState(/storage/extSdCard): Unknown volume
07-11 14:14:30.836 W/MountService(  374): getVolumeState(/storage/sdcard1): Unknown volume
07-11 14:14:30.836 W/MountService(  374): getVolumeState(/mnt/sdcard/external_SD): Unknown volume
07-11 14:14:30.844 W/MountService(  374): getVolumeState(/mnt/sdcard/external_sd): Unknown volume
07-11 14:14:30.867 D/dalvikvm(27881): GC_CONCURRENT freed 576K, 7% free 9416K/10028K, paused 4ms+4ms, total 32ms
07-11 14:14:41.711 D/dalvikvm(  374): GC_EXPLICIT freed 1717K, 28% free 23262K/31960K, paused 8ms+14ms, total 129ms
07-11 14:15:00.398 D/dalvikvm( 1165): GC_CONCURRENT freed 394K, 7% free 9205K/9800K, paused 4ms+2ms, total 31ms
07-11 14:15:01.765 V/DigitalWidgetViewsFactory(28000): DigitalWidget sets next alarm string to null
07-11 14:15:01.804 D/dalvikvm(28000): GC_CONCURRENT freed 271K, 4% free 9038K/9344K, paused 4ms+4ms, total 36ms
07-11 14:15:04.594 E/dashclock_WeatherExten( 1165): Showing a weather extension error
07-11 14:15:04.594 E/dashclock_WeatherExten( 1165): com.google.android.apps.dashclock.weather.a
07-11 14:15:04.594 E/dashclock_WeatherExten( 1165): 	at com.google.android.apps.dashclock.weather.j.a(ProGuard:84)
07-11 14:15:04.594 E/dashclock_WeatherExten( 1165): 	at com.google.android.apps.dashclock.weather.WeatherExtension.a(ProGuard:265)
07-11 14:15:04.594 E/dashclock_WeatherExten( 1165): 	at com.google.android.apps.dashclock.weather.WeatherExtension.b(ProGuard:254)
07-11 14:15:04.594 E/dashclock_WeatherExten( 1165): 	at com.google.android.apps.dashclock.weather.WeatherExtension.a(ProGuard:206)
07-11 14:15:04.594 E/dashclock_WeatherExten( 1165): 	at com.google.android.apps.dashclock.api.b.run(ProGuard:313)
07-11 14:15:04.594 E/dashclock_WeatherExten( 1165): 	at android.os.Handler.handleCallback(Handler.java:730)
07-11 14:15:04.594 E/dashclock_WeatherExten( 1165): 	at android.os.Handler.dispatchMessage(Handler.java:92)
07-11 14:15:04.594 E/dashclock_WeatherExten( 1165): 	at android.os.Looper.loop(Looper.java:137)
07-11 14:15:04.594 E/dashclock_WeatherExten( 1165): 	at android.os.HandlerThread.run(HandlerThread.java:61)
07-11 14:15:05.187 D/dalvikvm( 1165): GC_CONCURRENT freed 406K, 7% free 9207K/9800K, paused 1ms+2ms, total 22ms
07-11 14:15:05.187 D/dalvikvm( 1165): WAIT_FOR_CONCURRENT_GC blocked 20ms
07-11 14:15:27.203 D/MdmService( 3259): [null:-1]->receiver action :com.pekall.mdm.action.MDM_ALARM
07-11 14:15:28.703 D/JOBS    (28570): Thread-3142: load factor check. true = (0 < 1)|| (0 * 3 < 0 + 0). consumer thread: true
07-11 14:15:28.711 D/JOBS    (28570): didn't allow me to die, re-running Thread-3142
07-11 14:15:28.711 D/JOBS    (28570): re-running consumer Thread-3142
07-11 14:15:30.812 W/MountService(  374): getVolumeState(/storage/emulated/0/external_sd): Unknown volume
07-11 14:15:30.812 W/MountService(  374): getVolumeState(/mnt/sdcard-ext): Unknown volume
07-11 14:15:30.812 W/MountService(  374): getVolumeState(/mnt/ext_sdcard): Unknown volume
07-11 14:15:30.812 W/MountService(  374): getVolumeState(/mnt/sdcard2): Unknown volume
07-11 14:15:30.812 W/MountService(  374): getVolumeState(/mnt/emmc): Unknown volume
07-11 14:15:30.812 W/MountService(  374): getVolumeState(/mnt/extSdCard): Unknown volume
07-11 14:15:30.812 W/MountService(  374): getVolumeState(/mnt/sdcard/SD_CARD): Unknown volume
07-11 14:15:30.812 W/MountService(  374): getVolumeState(/mnt/sdcard/extra_sd): Unknown volume
07-11 14:15:30.820 W/MountService(  374): getVolumeState(/mnt/extrasd_bind): Unknown volume
07-11 14:15:30.820 W/MountService(  374): getVolumeState(/mnt/sdcard/ext_sd): Unknown volume
07-11 14:15:30.820 W/MountService(  374): getVolumeState(/storage/extSdCard): Unknown volume
07-11 14:15:30.820 W/MountService(  374): getVolumeState(/storage/sdcard1): Unknown volume
07-11 14:15:30.820 W/MountService(  374): getVolumeState(/mnt/sdcard/external_SD): Unknown volume
07-11 14:15:30.820 W/MountService(  374): getVolumeState(/mnt/sdcard/external_sd): Unknown volume
07-11 14:15:30.859 D/dalvikvm(27881): GC_CONCURRENT freed 415K, 7% free 9388K/10028K, paused 3ms+3ms, total 32ms
07-11 14:15:30.859 D/dalvikvm(27881): WAIT_FOR_CONCURRENT_GC blocked 28ms
07-11 14:15:30.953 D/dalvikvm(24931): GC_EXPLICIT freed 243K, 3% free 9195K/9476K, paused 2ms+5ms, total 29ms
07-11 14:15:31.062 D/dalvikvm(27881): GC_CONCURRENT freed 511K, 7% free 9392K/10028K, paused 3ms+3ms, total 36ms
07-11 14:15:31.070 W/MountService(  374): getVolumeState(/storage/emulated/0/external_sd): Unknown volume
07-11 14:15:31.070 W/MountService(  374): getVolumeState(/mnt/sdcard-ext): Unknown volume
07-11 14:15:31.070 W/MountService(  374): getVolumeState(/mnt/ext_sdcard): Unknown volume
07-11 14:15:31.070 W/MountService(  374): getVolumeState(/mnt/sdcard2): Unknown volume
07-11 14:15:31.078 W/MountService(  374): getVolumeState(/mnt/emmc): Unknown volume
07-11 14:15:31.078 W/MountService(  374): getVolumeState(/mnt/extSdCard): Unknown volume
07-11 14:15:31.078 W/MountService(  374): getVolumeState(/mnt/sdcard/SD_CARD): Unknown volume
07-11 14:15:31.078 W/MountService(  374): getVolumeState(/mnt/sdcard/extra_sd): Unknown volume
07-11 14:15:31.078 W/MountService(  374): getVolumeState(/mnt/extrasd_bind): Unknown volume
07-11 14:15:31.078 W/MountService(  374): getVolumeState(/mnt/sdcard/ext_sd): Unknown volume
07-11 14:15:31.078 W/MountService(  374): getVolumeState(/storage/extSdCard): Unknown volume
07-11 14:15:31.078 W/MountService(  374): getVolumeState(/storage/sdcard1): Unknown volume
07-11 14:15:31.078 W/MountService(  374): getVolumeState(/mnt/sdcard/external_SD): Unknown volume
07-11 14:15:31.086 W/MountService(  374): getVolumeState(/mnt/sdcard/external_sd): Unknown volume
07-11 14:15:44.562 D/dalvikvm(26136): GC_CONCURRENT freed 386K, 5% free 9840K/10280K, paused 5ms+2ms, total 36ms
07-11 14:15:51.234 D/dalvikvm(27881): GC_CONCURRENT freed 460K, 7% free 9338K/10028K, paused 7ms+3ms, total 42ms
07-11 14:15:51.234 D/dalvikvm(27881): WAIT_FOR_CONCURRENT_GC blocked 26ms
07-11 14:16:11.476 D/dalvikvm(25474): GC_CONCURRENT freed 457K, 16% free 9527K/11232K, paused 2ms+3ms, total 36ms
07-11 14:16:31.047 W/MountService(  374): getVolumeState(/storage/emulated/0/external_sd): Unknown volume
07-11 14:16:31.047 W/MountService(  374): getVolumeState(/mnt/sdcard-ext): Unknown volume
07-11 14:16:31.047 W/MountService(  374): getVolumeState(/mnt/ext_sdcard): Unknown volume
07-11 14:16:31.047 W/MountService(  374): getVolumeState(/mnt/sdcard2): Unknown volume
07-11 14:16:31.047 W/MountService(  374): getVolumeState(/mnt/emmc): Unknown volume
07-11 14:16:31.047 W/MountService(  374): getVolumeState(/mnt/extSdCard): Unknown volume
07-11 14:16:31.047 W/MountService(  374): getVolumeState(/mnt/sdcard/SD_CARD): Unknown volume
07-11 14:16:31.054 W/MountService(  374): getVolumeState(/mnt/sdcard/extra_sd): Unknown volume
07-11 14:16:31.054 W/MountService(  374): getVolumeState(/mnt/extrasd_bind): Unknown volume
07-11 14:16:31.054 W/MountService(  374): getVolumeState(/mnt/sdcard/ext_sd): Unknown volume
07-11 14:16:31.054 W/MountService(  374): getVolumeState(/storage/extSdCard): Unknown volume
07-11 14:16:31.054 W/MountService(  374): getVolumeState(/storage/sdcard1): Unknown volume
07-11 14:16:31.054 W/MountService(  374): getVolumeState(/mnt/sdcard/external_SD): Unknown volume
07-11 14:16:31.054 W/MountService(  374): getVolumeState(/mnt/sdcard/external_sd): Unknown volume
07-11 14:16:31.125 D/dalvikvm(27881): GC_CONCURRENT freed 361K, 6% free 9489K/10028K, paused 3ms+3ms, total 25ms
07-11 14:16:31.125 D/dalvikvm(27881): WAIT_FOR_CONCURRENT_GC blocked 12ms
07-11 14:16:31.125 D/dalvikvm(27881): WAIT_FOR_CONCURRENT_GC blocked 12ms
07-11 14:16:31.273 W/MountService(  374): getVolumeState(/storage/emulated/0/external_sd): Unknown volume
07-11 14:16:31.273 W/MountService(  374): getVolumeState(/mnt/sdcard-ext): Unknown volume
07-11 14:16:31.281 W/MountService(  374): getVolumeState(/mnt/ext_sdcard): Unknown volume
07-11 14:16:31.281 W/MountService(  374): getVolumeState(/mnt/sdcard2): Unknown volume
07-11 14:16:31.281 W/MountService(  374): getVolumeState(/mnt/emmc): Unknown volume
07-11 14:16:31.289 W/MountService(  374): getVolumeState(/mnt/extSdCard): Unknown volume
07-11 14:16:31.289 W/MountService(  374): getVolumeState(/mnt/sdcard/SD_CARD): Unknown volume
07-11 14:16:31.289 W/MountService(  374): getVolumeState(/mnt/sdcard/extra_sd): Unknown volume
07-11 14:16:31.297 W/MountService(  374): getVolumeState(/mnt/extrasd_bind): Unknown volume
07-11 14:16:31.297 W/MountService(  374): getVolumeState(/mnt/sdcard/ext_sd): Unknown volume
07-11 14:16:31.297 W/MountService(  374): getVolumeState(/storage/extSdCard): Unknown volume
07-11 14:16:31.297 W/MountService(  374): getVolumeState(/storage/sdcard1): Unknown volume
07-11 14:16:31.297 W/MountService(  374): getVolumeState(/mnt/sdcard/external_SD): Unknown volume
07-11 14:16:31.297 W/MountService(  374): getVolumeState(/mnt/sdcard/external_sd): Unknown volume
07-11 14:16:31.312 D/dalvikvm(27881): GC_CONCURRENT freed 604K, 7% free 9397K/10036K, paused 2ms+3ms, total 32ms
07-11 14:16:31.312 D/dalvikvm(27881): WAIT_FOR_CONCURRENT_GC blocked 11ms
07-11 14:16:31.312 D/dalvikvm(27881): WAIT_FOR_CONCURRENT_GC blocked 10ms
07-11 14:16:45.953 I/PowerManagerService(  374): Waking up from sleep...
07-11 14:16:45.992 I/WindowManager(  374): Lock screen displayed!
07-11 14:16:46.359 V/DigitalWidgetViewsFactory(28000): DigitalWidget sets next alarm string to null
07-11 14:16:46.375 D/dalvikvm(  833): GC_CONCURRENT freed 1323K, 18% free 12856K/15584K, paused 5ms+12ms, total 140ms
07-11 14:16:46.375 D/dalvikvm(  833): WAIT_FOR_CONCURRENT_GC blocked 56ms
07-11 14:16:46.390 D/PowerManagerService-JNI(  374): Excessive delay in autosuspend_disable() while turning screen on: 427ms
07-11 14:16:46.390 D/SurfaceFlinger(  124): Screen acquired, type=0 flinger=0x400b4008
07-11 14:16:46.406 D/dalvikvm(25429): GC_CONCURRENT freed 448K, 6% free 9700K/10268K, paused 2ms+70ms, total 129ms
07-11 14:16:46.570 D/LightsService(  374): Excessive delay setting light: 169ms
07-11 14:16:46.695 D/AndroidRuntime(  914): 
07-11 14:16:46.695 D/AndroidRuntime(  914): >>>>>> AndroidRuntime START com.android.internal.os.RuntimeInit <<<<<<
07-11 14:16:46.695 D/AndroidRuntime(  914): CheckJNI is OFF
07-11 14:16:46.711 D/dalvikvm(  914): Trying to load lib libjavacore.so 0x0
07-11 14:16:46.711 D/dalvikvm(  914): Added shared lib libjavacore.so 0x0
07-11 14:16:46.719 D/dalvikvm(  914): Trying to load lib libnativehelper.so 0x0
07-11 14:16:46.726 D/dalvikvm(  914): Added shared lib libnativehelper.so 0x0
07-11 14:16:46.789 W/GlowPadView(  374): The number of target drawables must be equal to the number of direction descriptions.
07-11 14:16:46.883 D/AndroidRuntime(  914): Calling main entry com.qihoo360.powerctl.root.app.App
07-11 14:16:46.883 D/AndroidRuntime(  914): Shutting down VM
07-11 14:16:46.890 D/jdwp    (  914): Got wake-up signal, bailing out of select
07-11 14:16:46.890 D/dalvikvm(  914): Debugger has detached; object registry had 1 entries
07-11 14:16:46.890 I/AndroidRuntime(  914): NOTE: attach of thread 'Binder_2' failed
07-11 14:16:47.094 D/MdmApplication( 3259): [null:-1]->onActivityStarted market.activity.AppDetailActivity , mActivityCount = 2
07-11 14:16:47.094 D/MDM :   ( 3259): [null:-1]->query
07-11 14:16:47.094 D/MDM :   ( 3259): [null:-1]->QUERY_PINCODE_CHECK_RESULT
07-11 14:16:47.109 D/PhoneStatusBar(  450): disable: < expand icons alerts ticker system_info BACK HOME recent* CLOCK search >
07-11 14:16:47.164 D/NfcService(  592): NFC-C ON
07-11 14:16:47.203 W/System.err( 3259): android.content.pm.PackageManager$NameNotFoundException: com.moji.mjweather
07-11 14:16:47.203 W/System.err( 3259): 	at android.app.ApplicationPackageManager.getPackageInfo(ApplicationPackageManager.java:81)
07-11 14:16:47.211 W/System.err( 3259): 	at com.pekall.emdm.market.activity.AppDetailActivity.onResume(Unknown Source)
07-11 14:16:47.211 W/System.err( 3259): 	at android.app.Instrumentation.callActivityOnResume(Instrumentation.java:1192)
07-11 14:16:47.211 W/System.err( 3259): 	at android.app.Activity.performResume(Activity.java:5211)
07-11 14:16:47.211 W/System.err( 3259): 	at android.app.ActivityThread.performResumeActivity(ActivityThread.java:2780)
07-11 14:16:47.211 W/System.err( 3259): 	at android.app.ActivityThread.handleResumeActivity(ActivityThread.java:2819)
07-11 14:16:47.211 W/System.err( 3259): 	at android.app.ActivityThread$H.handleMessage(ActivityThread.java:1298)
07-11 14:16:47.211 W/System.err( 3259): 	at android.os.Handler.dispatchMessage(Handler.java:99)
07-11 14:16:47.219 W/System.err( 3259): 	at android.os.Looper.loop(Looper.java:137)
07-11 14:16:47.219 W/System.err( 3259): 	at android.app.ActivityThread.main(ActivityThread.java:5103)
07-11 14:16:47.219 W/System.err( 3259): 	at java.lang.reflect.Method.invokeNative(Native Method)
07-11 14:16:47.219 W/System.err( 3259): 	at java.lang.reflect.Method.invoke(Method.java:525)
07-11 14:16:47.219 W/System.err( 3259): 	at com.android.internal.os.ZygoteInit$MethodAndArgsCaller.run(ZygoteInit.java:737)
07-11 14:16:47.219 W/System.err( 3259): 	at com.android.internal.os.ZygoteInit.main(ZygoteInit.java:553)
07-11 14:16:47.219 W/System.err( 3259): 	at dalvik.system.NativeStart.main(Native Method)
07-11 14:16:47.226 D/ypy     ( 3259): [null:-1]-> ================ checkDownLoadStatus status is 3
07-11 14:16:47.234 D/PhoneStatusBar(  450): disable: < expand icons alerts ticker system_info back* home* recent clock* search >
07-11 14:16:47.258 W/InputMethodManagerService(  374): Window already focused, ignoring focus gain of: com.android.internal.view.IInputMethodClient$Stub$Proxy@42427db8 attribute=android.view.inputmethod.EditorInfo@428cf6d0, token = android.os.BinderProxy@42cb9b18
07-11 14:16:47.422 D/dalvikvm(20727): GC_CONCURRENT freed 410K, 8% free 10127K/10920K, paused 27ms+3ms, total 157ms
07-11 14:16:47.625 V/TAG     (  374): bug 7643792: fitSystemWindows([0,50][0,0])
07-11 14:16:47.633 I/RootJni (  942): su: permission denied
07-11 14:16:47.719 D/AndroidRuntime(  941): 
07-11 14:16:47.719 D/AndroidRuntime(  941): >>>>>> AndroidRuntime START com.android.internal.os.RuntimeInit <<<<<<
07-11 14:16:47.719 D/AndroidRuntime(  941): CheckJNI is OFF
07-11 14:16:47.734 D/dalvikvm(  941): Trying to load lib libjavacore.so 0x0
07-11 14:16:47.742 D/dalvikvm(  941): Added shared lib libjavacore.so 0x0
07-11 14:16:47.758 D/dalvikvm(  941): Trying to load lib libnativehelper.so 0x0
07-11 14:16:47.758 D/dalvikvm(  941): Added shared lib libnativehelper.so 0x0
07-11 14:16:48.008 D/AndroidRuntime(  941): Calling main entry com.qihoo360.powerctl.root.app.App
07-11 14:16:48.008 D/AndroidRuntime(  941): Shutting down VM
07-11 14:16:48.015 D/jdwp    (  941): Got wake-up signal, bailing out of select
07-11 14:16:48.015 D/dalvikvm(  941): Debugger has detached; object registry had 1 entries
07-11 14:16:57.531 D/dalvikvm(20727): GC_CONCURRENT freed 395K, 8% free 10119K/10920K, paused 4ms+3ms, total 40ms
07-11 14:17:13.203 D/LightsService(  374): Excessive delay setting light: 67ms
07-11 14:17:19.015 I/PowerManagerService(  374): Going to sleep due to screen timeout...
07-11 14:17:19.797 D/SurfaceFlinger(  124): Screen released, type=0 flinger=0x400b4008
07-11 14:17:19.804 D/MdmApplication( 3259): [null:-1]->onActivityPaused market.activity.AppDetailActivity , mActivityCount = 3
07-11 14:17:19.804 D/MDM :   ( 3259): [null:-1]->query
07-11 14:17:19.812 D/MDM :   ( 3259): [null:-1]->QUERY_PINCODE_CHECK_RESULT
07-11 14:17:19.812 E/Mdm     ( 3259): Call Mdm service's setLastExitTime function
07-11 14:17:19.898 D/NfcService(  592): NFC-C OFF, disconnect
07-11 14:17:19.945 D/MDM :   ( 3259): [null:-1]->query
07-11 14:17:19.945 D/MDM :   ( 3259): [null:-1]->QUERY_SETTING_PIN_ONOFF
07-11 14:17:25.031 D/dalvikvm(  374): GC_CONCURRENT freed 2748K, 25% free 24000K/31960K, paused 3ms+11ms, total 114ms
07-11 14:17:25.031 D/dalvikvm(  374): WAIT_FOR_CONCURRENT_GC blocked 104ms
07-11 14:17:25.086 V/KeyguardHostView(  374): hide transport, gen:95
07-11 14:17:25.086 V/KeyguardHostView(  374): music state changed: 0
07-11 14:17:25.109 D/PhoneStatusBar(  450): disable: < expand icons alerts ticker system_info back home RECENT* clock search >
07-11 14:17:25.133 V/TAG     (  374): bug 7643792: fitSystemWindows([0,50][0,0])
07-11 14:17:25.242 D/PhoneStatusBar(  450): disable: < expand icons alerts ticker system_info BACK* HOME* RECENT CLOCK* search >
07-11 14:17:28.711 D/JOBS    (28570): Thread-3142: load factor check. true = (0 < 1)|| (0 * 3 < 0 + 0). consumer thread: true
07-11 14:17:28.711 D/JOBS    (28570): didn't allow me to die, re-running Thread-3142
07-11 14:17:28.711 D/JOBS    (28570): re-running consumer Thread-3142
07-11 14:17:31.195 W/MountService(  374): getVolumeState(/storage/emulated/0/external_sd): Unknown volume
07-11 14:17:31.195 W/MountService(  374): getVolumeState(/mnt/sdcard-ext): Unknown volume
07-11 14:17:31.203 W/MountService(  374): getVolumeState(/mnt/ext_sdcard): Unknown volume
07-11 14:17:31.203 W/MountService(  374): getVolumeState(/mnt/sdcard2): Unknown volume
07-11 14:17:31.203 W/MountService(  374): getVolumeState(/mnt/emmc): Unknown volume
07-11 14:17:31.203 W/MountService(  374): getVolumeState(/mnt/extSdCard): Unknown volume
07-11 14:17:31.203 W/MountService(  374): getVolumeState(/mnt/sdcard/SD_CARD): Unknown volume
07-11 14:17:31.203 W/MountService(  374): getVolumeState(/mnt/sdcard/extra_sd): Unknown volume
07-11 14:17:31.203 W/MountService(  374): getVolumeState(/mnt/extrasd_bind): Unknown volume
07-11 14:17:31.211 W/MountService(  374): getVolumeState(/mnt/sdcard/ext_sd): Unknown volume
07-11 14:17:31.211 W/MountService(  374): getVolumeState(/storage/extSdCard): Unknown volume
07-11 14:17:31.211 W/MountService(  374): getVolumeState(/storage/sdcard1): Unknown volume
07-11 14:17:31.211 W/MountService(  374): getVolumeState(/mnt/sdcard/external_SD): Unknown volume
07-11 14:17:31.211 W/MountService(  374): getVolumeState(/mnt/sdcard/external_sd): Unknown volume
07-11 14:17:31.242 D/dalvikvm(27881): GC_CONCURRENT freed 415K, 7% free 9368K/10036K, paused 3ms+2ms, total 23ms
07-11 14:17:31.242 D/dalvikvm(27881): WAIT_FOR_CONCURRENT_GC blocked 19ms
07-11 14:17:31.242 D/dalvikvm(27881): WAIT_FOR_CONCURRENT_GC blocked 21ms
07-11 14:17:31.437 D/dalvikvm(27881): GC_CONCURRENT freed 463K, 7% free 9417K/10036K, paused 6ms+4ms, total 39ms
07-11 14:17:31.437 D/dalvikvm(27881): WAIT_FOR_CONCURRENT_GC blocked 1ms
07-11 14:17:31.437 D/dalvikvm(27881): WAIT_FOR_CONCURRENT_GC blocked 4ms
07-11 14:17:31.437 D/dalvikvm(27881): WAIT_FOR_CONCURRENT_GC blocked 5ms
07-11 14:17:31.445 W/MountService(  374): getVolumeState(/storage/emulated/0/external_sd): Unknown volume
07-11 14:17:31.445 W/MountService(  374): getVolumeState(/mnt/sdcard-ext): Unknown volume
07-11 14:17:31.445 W/MountService(  374): getVolumeState(/mnt/ext_sdcard): Unknown volume
07-11 14:17:31.445 W/MountService(  374): getVolumeState(/mnt/sdcard2): Unknown volume
07-11 14:17:31.445 W/MountService(  374): getVolumeState(/mnt/emmc): Unknown volume
07-11 14:17:31.445 W/MountService(  374): getVolumeState(/mnt/extSdCard): Unknown volume
07-11 14:17:31.445 W/MountService(  374): getVolumeState(/mnt/sdcard/SD_CARD): Unknown volume
07-11 14:17:31.445 W/MountService(  374): getVolumeState(/mnt/sdcard/extra_sd): Unknown volume
07-11 14:17:31.445 W/MountService(  374): getVolumeState(/mnt/extrasd_bind): Unknown volume
07-11 14:17:31.445 W/MountService(  374): getVolumeState(/mnt/sdcard/ext_sd): Unknown volume
07-11 14:17:31.445 W/MountService(  374): getVolumeState(/storage/extSdCard): Unknown volume
07-11 14:17:31.445 W/MountService(  374): getVolumeState(/storage/sdcard1): Unknown volume
07-11 14:17:31.453 W/MountService(  374): getVolumeState(/mnt/sdcard/external_SD): Unknown volume
07-11 14:17:31.453 W/MountService(  374): getVolumeState(/mnt/sdcard/external_sd): Unknown volume
07-11 14:17:31.539 D/dalvikvm(27881): GC_FOR_ALLOC freed 441K, 7% free 9340K/10036K, paused 20ms, total 20ms
07-11 14:17:44.617 D/dalvikvm(32040): GC_FOR_ALLOC freed 429K, 5% free 9178K/9644K, paused 30ms, total 31ms
07-11 14:18:18.812 D/PushService(28570): [null:-1]->receiver action :com.pekall.mdm.action.PUSH_ALARM
07-11 14:18:18.812 D/PushService(28570): [null:-1]->keepAliveWithPushServer client is opened:true
07-11 14:18:18.812 I/ActivityManager(  374): No longer want com.pekall.nmefc (pid 28570): empty for 1800s
07-11 14:18:18.836 W/ActivityManager(  374): Scheduling restart of crashed service com.pekall.nmefc/com.pekall.lib.push.PushService in 5000ms
07-11 14:18:23.851 I/ActivityManager(  374): Start proc com.pekall.nmefc for service com.pekall.nmefc/com.pekall.lib.push.PushService: pid=1190 uid=10068 gids={50068, 1015, 1028, 3003}
07-11 14:18:23.898 D/dalvikvm(  125): GC_EXPLICIT freed 41K, 1% free 8921K/9000K, paused 2ms+3ms, total 44ms
07-11 14:18:23.922 D/dalvikvm(  125): GC_EXPLICIT freed <1K, 1% free 8921K/9000K, paused 2ms+4ms, total 29ms
07-11 14:18:23.929 D/dalvikvm( 1190): Trying to load lib /data/app-lib/com.pekall.nmefc-1/libBaiduMapSDK_v2_4_0.so 0x42084cc8
07-11 14:18:23.929 D/dalvikvm( 1190): Added shared lib /data/app-lib/com.pekall.nmefc-1/libBaiduMapSDK_v2_4_0.so 0x42084cc8
07-11 14:18:23.953 D/dalvikvm(  125): GC_EXPLICIT freed <1K, 1% free 8921K/9000K, paused 2ms+3ms, total 28ms
07-11 14:18:23.969 D/AppCommonMemCache( 1190): commonmemcache addr: 1074033956
07-11 14:18:24.023 I/auth info( 1190): ak:  ryMGcVcAAGEj0xnPp0vbh8Q4
07-11 14:18:24.023 I/auth info( 1190): mcode:  62:30:B6:24:E3:55:96:DC:05:ED:3E:6E:44:83:87:D5:AF:E7:B3:B9;com.pekall.nmefc
07-11 14:18:24.054 D/dalvikvm( 1190): GC_CONCURRENT freed 282K, 4% free 9137K/9456K, paused 4ms+3ms, total 29ms
07-11 14:18:24.054 D/dalvikvm( 1190): WAIT_FOR_CONCURRENT_GC blocked 24ms
07-11 14:18:24.164 D/PushService( 1190): [null:-1]->receiver action :android.net.conn.CONNECTIVITY_CHANGE
07-11 14:18:24.351 D/dalvikvm( 1190): GC_CONCURRENT freed 396K, 6% free 9141K/9684K, paused 8ms+2ms, total 32ms
07-11 14:18:24.453 E/baidumapsdk( 1190): Authentication Error,status: 102 message: IP/SN/SCODE/REFERER Illegal:
07-11 14:18:27.195 D/MdmService( 3259): [null:-1]->receiver action :com.pekall.mdm.action.MDM_ALARM
07-11 14:18:27.203 D/MdmService( 3259): [null:-1]->keepAliveWithPushServer client is opened:true
07-11 14:18:27.203 D/MDM :   ( 3259): [null:-1]->ping!!!!!!!!!
07-11 14:18:27.219 D/MdmService( 3259): [null:-1]->pushUrl : ws://192.168.10.91:9070/websocket
07-11 14:18:27.219 D/MDM :   ( 3259): [null:-1]->mMdmPushClient is :not null
07-11 14:18:27.219 D/MDM :   ( 3259): [null:-1]->mMdmPushClient opened : opened
07-11 14:18:27.226 D/MDM :   ( 3259): [null:-1]->MSG_WEBSOCKET_PONG
07-11 14:18:31.359 W/MountService(  374): getVolumeState(/storage/emulated/0/external_sd): Unknown volume
07-11 14:18:31.359 W/MountService(  374): getVolumeState(/mnt/sdcard-ext): Unknown volume
